Archive member included because of file (symbol)

.\CortexM3\ARM_GCC_493\Debug\freesoc.a(cyfitter_cfg.o)
                              .\CortexM3\ARM_GCC_493\Debug\infrared.o (Front_AMuxSeq_DisconnectAll)
.\CortexM3\ARM_GCC_493\Debug\freesoc.a(Left_HB25_Enable_Pin.o)
                              .\CortexM3\ARM_GCC_493\Debug\motor.o (Left_HB25_Enable_Pin_Write)
.\CortexM3\ARM_GCC_493\Debug\freesoc.a(Left_HB25_PWM.o)
                              .\CortexM3\ARM_GCC_493\Debug\motor.o (Left_HB25_PWM_Stop)
.\CortexM3\ARM_GCC_493\Debug\freesoc.a(Right_HB25_Enable_Pin.o)
                              .\CortexM3\ARM_GCC_493\Debug\motor.o (Right_HB25_Enable_Pin_Write)
.\CortexM3\ARM_GCC_493\Debug\freesoc.a(Right_HB25_PWM.o)
                              .\CortexM3\ARM_GCC_493\Debug\motor.o (Right_HB25_PWM_Stop)
.\CortexM3\ARM_GCC_493\Debug\freesoc.a(CyBootAsmGnu.o)
                              .\CortexM3\ARM_GCC_493\Debug\freesoc.a(cyfitter_cfg.o) (CyDelayCycles)
.\CortexM3\ARM_GCC_493\Debug\freesoc.a(CyLib.o)
                              .\CortexM3\ARM_GCC_493\Debug\Cm3Start.o (CyHalt)
.\CortexM3\ARM_GCC_493\Debug\freesoc.a(cyPm.o)
                              .\CortexM3\ARM_GCC_493\Debug\freesoc.a(CyLib.o) (CyPmReadStatus)
.\CortexM3\ARM_GCC_493\Debug\freesoc.a(EZI2C_Slave.o)
                              .\CortexM3\ARM_GCC_493\Debug\i2c.o (EZI2C_Slave_Start)
.\CortexM3\ARM_GCC_493\Debug\freesoc.a(EZI2C_Slave_PM.o)
                              .\CortexM3\ARM_GCC_493\Debug\freesoc.a(EZI2C_Slave.o) (EZI2C_Slave_backup)
.\CortexM3\ARM_GCC_493\Debug\freesoc.a(EZI2C_Slave_INT.o)
                              .\CortexM3\ARM_GCC_493\Debug\freesoc.a(EZI2C_Slave.o) (EZI2C_Slave_ISR)
.\CortexM3\ARM_GCC_493\Debug\freesoc.a(Front_Echo_Intr.o)
                              .\CortexM3\ARM_GCC_493\Debug\ultrasonic.o (Front_Echo_Intr_StartEx)
.\CortexM3\ARM_GCC_493\Debug\freesoc.a(Front_Trigger_Reg.o)
                              .\CortexM3\ARM_GCC_493\Debug\ultrasonic.o (Front_Trigger_Reg_Write)
.\CortexM3\ARM_GCC_493\Debug\freesoc.a(Front_Trigger_Select_Reg.o)
                              .\CortexM3\ARM_GCC_493\Debug\ultrasonic.o (Front_Trigger_Select_Reg_Write)
.\CortexM3\ARM_GCC_493\Debug\freesoc.a(Front_Echo_Timer.o)
                              .\CortexM3\ARM_GCC_493\Debug\ultrasonic.o (Front_Echo_Timer_ReadCounter)
.\CortexM3\ARM_GCC_493\Debug\freesoc.a(Rear_Trigger_Reg.o)
                              .\CortexM3\ARM_GCC_493\Debug\ultrasonic.o (Rear_Trigger_Reg_Write)
.\CortexM3\ARM_GCC_493\Debug\freesoc.a(Rear_Trigger_Select_Reg.o)
                              .\CortexM3\ARM_GCC_493\Debug\ultrasonic.o (Rear_Trigger_Select_Reg_Write)
.\CortexM3\ARM_GCC_493\Debug\freesoc.a(Rear_Echo_Intr.o)
                              .\CortexM3\ARM_GCC_493\Debug\ultrasonic.o (Rear_Echo_Intr_StartEx)
.\CortexM3\ARM_GCC_493\Debug\freesoc.a(Rear_Echo_Timer.o)
                              .\CortexM3\ARM_GCC_493\Debug\ultrasonic.o (Rear_Echo_Timer_ReadCounter)
.\CortexM3\ARM_GCC_493\Debug\freesoc.a(Front_ADC_SAR.o)
                              .\CortexM3\ARM_GCC_493\Debug\infrared.o (Front_ADC_SAR_Start)
.\CortexM3\ARM_GCC_493\Debug\freesoc.a(Front_ADC_SAR_INT.o)
                              .\CortexM3\ARM_GCC_493\Debug\freesoc.a(Front_ADC_SAR.o) (Front_ADC_SAR_ISR)
.\CortexM3\ARM_GCC_493\Debug\freesoc.a(Front_AMuxSeq.o)
                              .\CortexM3\ARM_GCC_493\Debug\infrared.o (Front_AMuxSeq_Start)
.\CortexM3\ARM_GCC_493\Debug\freesoc.a(Rear_ADC_SAR.o)
                              .\CortexM3\ARM_GCC_493\Debug\infrared.o (Rear_ADC_SAR_Start)
.\CortexM3\ARM_GCC_493\Debug\freesoc.a(Rear_ADC_SAR_INT.o)
                              .\CortexM3\ARM_GCC_493\Debug\freesoc.a(Rear_ADC_SAR.o) (Rear_ADC_SAR_ISR)
.\CortexM3\ARM_GCC_493\Debug\freesoc.a(Rear_AMuxSeq.o)
                              .\CortexM3\ARM_GCC_493\Debug\infrared.o (Rear_AMuxSeq_Start)
.\CortexM3\ARM_GCC_493\Debug\freesoc.a(Front_ADC_SAR_IRQ.o)
                              .\CortexM3\ARM_GCC_493\Debug\infrared.o (Front_ADC_SAR_IRQ_StartEx)
.\CortexM3\ARM_GCC_493\Debug\freesoc.a(Front_ADC_SAR_theACLK.o)
                              .\CortexM3\ARM_GCC_493\Debug\freesoc.a(Front_ADC_SAR.o) (Front_ADC_SAR_theACLK_SetModeRegister)
.\CortexM3\ARM_GCC_493\Debug\freesoc.a(Rear_ADC_SAR_IRQ.o)
                              .\CortexM3\ARM_GCC_493\Debug\infrared.o (Rear_ADC_SAR_IRQ_StartEx)
.\CortexM3\ARM_GCC_493\Debug\freesoc.a(Rear_ADC_SAR_theACLK.o)
                              .\CortexM3\ARM_GCC_493\Debug\freesoc.a(Rear_ADC_SAR.o) (Rear_ADC_SAR_theACLK_SetModeRegister)
.\CortexM3\ARM_GCC_493\Debug\freesoc.a(Rear_EOS_Intr.o)
                              .\CortexM3\ARM_GCC_493\Debug\infrared.o (Rear_EOS_Intr_StartEx)
.\CortexM3\ARM_GCC_493\Debug\freesoc.a(Front_EOS_Intr.o)
                              .\CortexM3\ARM_GCC_493\Debug\infrared.o (Front_EOS_Intr_StartEx)
[...]
Memory Configuration

Name             Origin             Length             Attributes
rom              0x00000000         0x00040000         xr
ram              0x1fff8000         0x00010000         xrw
*default*        0x00000000         0xffffffff

Linker script and memory map

LOAD c:/program files (x86)/cypress/psoc creator/3.3/psoc creator/import/gnu/arm/4.9.3/bin/../lib/gcc/arm-none-eabi/4.9.3/armv7-m/crti.o
LOAD c:/program files (x86)/cypress/psoc creator/3.3/psoc creator/import/gnu/arm/4.9.3/bin/../lib/gcc/arm-none-eabi/4.9.3/armv7-m/crtbegin.o
LOAD c:/program files (x86)/cypress/psoc creator/3.3/psoc creator/import/gnu/arm/4.9.3/bin/../lib/gcc/arm-none-eabi/4.9.3/../../../../arm-none-eabi/lib/armv7-m/crt0.o
START GROUP
LOAD .\CortexM3\ARM_GCC_493\Debug\main.o
LOAD .\CortexM3\ARM_GCC_493\Debug\cal.o
LOAD .\CortexM3\ARM_GCC_493\Debug\control.o
LOAD .\CortexM3\ARM_GCC_493\Debug\debug.o
LOAD .\CortexM3\ARM_GCC_493\Debug\diag.o
LOAD .\CortexM3\ARM_GCC_493\Debug\encoder.o
LOAD .\CortexM3\ARM_GCC_493\Debug\i2c.o
LOAD .\CortexM3\ARM_GCC_493\Debug\motor.o
LOAD .\CortexM3\ARM_GCC_493\Debug\odom.o
LOAD .\CortexM3\ARM_GCC_493\Debug\pid.o
LOAD .\CortexM3\ARM_GCC_493\Debug\time.o
LOAD .\CortexM3\ARM_GCC_493\Debug\ultrasonic.o
LOAD .\CortexM3\ARM_GCC_493\Debug\utils.o
LOAD .\CortexM3\ARM_GCC_493\Debug\infrared.o
LOAD .\CortexM3\ARM_GCC_493\Debug\pid_controller.o
LOAD .\CortexM3\ARM_GCC_493\Debug\serial.o
LOAD .\CortexM3\ARM_GCC_493\Debug\nvstore.o
LOAD .\CortexM3\ARM_GCC_493\Debug\calpid.o
LOAD .\CortexM3\ARM_GCC_493\Debug\calang.o
LOAD .\CortexM3\ARM_GCC_493\Debug\callin.o
LOAD .\CortexM3\ARM_GCC_493\Debug\calmotor.o
LOAD .\CortexM3\ARM_GCC_493\Debug\cymetadata.o
LOAD .\CortexM3\ARM_GCC_493\Debug\Cm3Start.o
LOAD .\CortexM3\ARM_GCC_493\Debug\freesoc.a
LOAD C:\Program Files (x86)\Cypress\PSoC Creator\3.3\PSoC Creator\psoc\content\cycomponentlibrary\CyComponentLibrary.cylib\CortexM3\ARM_GCC_493\Debug\CyComponentLibrary.a
LOAD c:/program files (x86)/cypress/psoc creator/3.3/psoc creator/import/gnu/arm/4.9.3/bin/../lib/gcc/arm-none-eabi/4.9.3/../../../../arm-none-eabi/lib/armv7-m\libm.a
END GROUP
START GROUP
LOAD c:/program files (x86)/cypress/psoc creator/3.3/psoc creator/import/gnu/arm/4.9.3/bin/../lib/gcc/arm-none-eabi/4.9.3/armv7-m\libgcc.a
LOAD c:/program files (x86)/cypress/psoc creator/3.3/psoc creator/import/gnu/arm/4.9.3/bin/../lib/gcc/arm-none-eabi/4.9.3/../../../../arm-none-eabi/lib/armv7-m\libg_nano.a
LOAD c:/program files (x86)/cypress/psoc creator/3.3/psoc creator/import/gnu/arm/4.9.3/bin/../lib/gcc/arm-none-eabi/4.9.3/../../../../arm-none-eabi/lib/armv7-m\libc_nano.a
END GROUP
START GROUP
LOAD c:/program files (x86)/cypress/psoc creator/3.3/psoc creator/import/gnu/arm/4.9.3/bin/../lib/gcc/arm-none-eabi/4.9.3/armv7-m\libgcc.a
LOAD c:/program files (x86)/cypress/psoc creator/3.3/psoc creator/import/gnu/arm/4.9.3/bin/../lib/gcc/arm-none-eabi/4.9.3/../../../../arm-none-eabi/lib/armv7-m\libc_nano.a
END GROUP
LOAD c:/program files (x86)/cypress/psoc creator/3.3/psoc creator/import/gnu/arm/4.9.3/bin/../lib/gcc/arm-none-eabi/4.9.3/armv7-m/crtend.o
LOAD c:/program files (x86)/cypress/psoc creator/3.3/psoc creator/import/gnu/arm/4.9.3/bin/../lib/gcc/arm-none-eabi/4.9.3/armv7-m/crtn.o
START GROUP
LOAD c:/program files (x86)/cypress/psoc creator/3.3/psoc creator/import/gnu/arm/4.9.3/bin/../lib/gcc/arm-none-eabi/4.9.3/armv7-m\libgcc.a
LOAD c:/program files (x86)/cypress/psoc creator/3.3/psoc creator/import/gnu/arm/4.9.3/bin/../lib/gcc/arm-none-eabi/4.9.3/../../../../arm-none-eabi/lib/armv7-m\libc.a
LOAD c:/program files (x86)/cypress/psoc creator/3.3/psoc creator/import/gnu/arm/4.9.3/bin/../lib/gcc/arm-none-eabi/4.9.3/../../../../arm-none-eabi/lib/armv7-m\libnosys.a
END GROUP
                0x00000000                CY_APPL_ORIGIN = 0x0
                0x00000100                CY_FLASH_ROW_SIZE = 0x100
                0x00000020                CY_ECC_ROW_SIZE = 0x20
                0x00000000                CY_EE_IN_BTLDR = 0x0
                0x00000000                CY_APPL_LOADABLE = 0x0
                0x00000800                CY_EE_SIZE = 0x800
                0x00000001                CY_APPL_NUM = 0x1
                0x00000001                CY_APPL_MAX = 0x1
                0x00000040                CY_METADATA_SIZE = 0x40
                0x00000000                CY_APPL_LOADABLE = 0x0
                0x00000000                CY_CHECKSUM_EXCLUDE_SIZE = ALIGN (0x0, CY_FLASH_ROW_SIZE)
                0x1fff8ad0                PROVIDE (__cy_heap_start, _end)
                0x00000001                PROVIDE (__cy_region_num, ((__cy_regions_end - __cy_regions) / 0x10))
                0x20008000                PROVIDE (__cy_stack, (ORIGIN (ram) + 0x10000))
                0x20007800                PROVIDE (__cy_heap_end, (__cy_stack - 0x800))

.cybootloader   0x00000000        0x0
 *(.cybootloader)
                0x00000000                appl1_start = CY_APPL_ORIGIN?CY_APPL_ORIGIN:ALIGN (CY_FLASH_ROW_SIZE)
                0x0001ff00                appl2_start = (appl1_start + ALIGN ((((0x40000 - appl1_start) - (0x2 * CY_FLASH_ROW_SIZE)) / 0x2), CY_FLASH_ROW_SIZE))
                0x00000000                appl_start = (CY_APPL_NUM == 0x1)?appl1_start:appl2_start
                0x00000000                ecc_offset = ((appl_start / CY_FLASH_ROW_SIZE) * CY_ECC_ROW_SIZE)
                0x00000000                ee_offset = (CY_APPL_LOADABLE && ! (CY_EE_IN_BTLDR))?((CY_EE_SIZE / CY_APPL_MAX) * (CY_APPL_NUM - 0x1)):0x0
                0x00000800                ee_size = (CY_APPL_LOADABLE && ! (CY_EE_IN_BTLDR))?(CY_EE_SIZE / CY_APPL_MAX):CY_EE_SIZE
                0x00000000                PROVIDE (CY_ECC_OFFSET, ecc_offset)

.text           0x00000000     0xcb14
 CREATE_OBJECT_SYMBOLS
                0x00000000                PROVIDE (__cy_interrupt_vector, RomVectors)
 *(.romvectors)
 .romvectors    0x00000000       0x10 .\CortexM3\ARM_GCC_493\Debug\Cm3Start.o
                0x00000000                RomVectors
                0x00000001                ASSERT ((. != __cy_interrupt_vector), No interrupt vector)
                0x00000001                ASSERT (CY_APPL_ORIGIN?(SIZEOF (.cybootloader) <= CY_APPL_ORIGIN):0x1, Wrong image location)
                0x00000010                PROVIDE (__cy_reset, Reset)
 *(.text.Reset)
 .text.Reset    0x00000010       0x18 .\CortexM3\ARM_GCC_493\Debug\Cm3Start.o
                0x00000010                Reset
                0x00000001                ASSERT ((. != __cy_reset), No reset code)
 *(.dma_init)
                0x00000001                ASSERT ((((appl_start + .) <= 0x10000) || 0x1), DMA Init must be within the first 64k of flash)
 *(.text .text.* .gnu.linkonce.t.*)
 .text          0x00000028       0x5c c:/program files (x86)/cypress/psoc creator/3.3/psoc creator/import/gnu/arm/4.9.3/bin/../lib/gcc/arm-none-eabi/4.9.3/armv7-m/crtbegin.o
 .text.main     0x00000084      0x11c .\CortexM3\ARM_GCC_493\Debug\main.o
                0x00000084                main
 .text.GetCommand
                0x000001a0       0xcc .\CortexM3\ARM_GCC_493\Debug\cal.o
 .text.DisplayMenu
                0x0000026c       0xb0 .\CortexM3\ARM_GCC_493\Debug\cal.o
 .text.SetCalibrationStatusBit
                0x0000031c       0x24 .\CortexM3\ARM_GCC_493\Debug\cal.o
 .text.ClearCalibrationStatusBit
                0x00000340       0x2c .\CortexM3\ARM_GCC_493\Debug\cal.o
 .text.Cal_Init
                0x0000036c       0x10 .\CortexM3\ARM_GCC_493\Debug\cal.o
                0x0000036c                Cal_Init
 .text.Cal_Start
                0x0000037c       0x14 .\CortexM3\ARM_GCC_493\Debug\cal.o
                0x0000037c                Cal_Start
 .text.Cal_ReadResponse
                0x00000390       0x48 .\CortexM3\ARM_GCC_493\Debug\cal.o
                0x00000390                Cal_ReadResponse
 .text.Cal_DisplayBias
                0x000003d8       0x2c .\CortexM3\ARM_GCC_493\Debug\cal.o
                0x000003d8                Cal_DisplayBias
 .text.Cal_CheckRequest
                0x00000404      0x130 .\CortexM3\ARM_GCC_493\Debug\cal.o
                0x00000404                Cal_CheckRequest
 .text.Cal_LeftGetMotorCalData
                0x00000534       0x18 .\CortexM3\ARM_GCC_493\Debug\cal.o
                0x00000534                Cal_LeftGetMotorCalData
 .text.Cal_RightGetMotorCalData
                0x0000054c       0x18 .\CortexM3\ARM_GCC_493\Debug\cal.o
                0x0000054c                Cal_RightGetMotorCalData
 .text.CalculateLeftRightSpeed
                0x00000564       0x24 .\CortexM3\ARM_GCC_493\Debug\control.o
 .text.Control_Init
                0x00000588        0x4 .\CortexM3\ARM_GCC_493\Debug\control.o
                0x00000588                Control_Init
 .text.Control_Start
                0x0000058c        0x4 .\CortexM3\ARM_GCC_493\Debug\control.o
                0x0000058c                Control_Start
 .text.Control_Update
                0x00000590       0x2c .\CortexM3\ARM_GCC_493\Debug\control.o
                0x00000590                Control_Update
 .text.Control_LeftGetCmdVelocity
                0x000005bc        0xc .\CortexM3\ARM_GCC_493\Debug\control.o
                0x000005bc                Control_LeftGetCmdVelocity
 .text.Control_RightGetCmdVelocity
                0x000005c8        0xc .\CortexM3\ARM_GCC_493\Debug\control.o
                0x000005c8                Control_RightGetCmdVelocity
 .text.Debug_Init
                0x000005d4       0x24 .\CortexM3\ARM_GCC_493\Debug\debug.o
                0x000005d4                Debug_Init
 .text.Debug_Start
                0x000005f8        0x4 .\CortexM3\ARM_GCC_493\Debug\debug.o
                0x000005f8                Debug_Start
 .text.Diag_Init
                0x000005fc       0x18 .\CortexM3\ARM_GCC_493\Debug\diag.o
                0x000005fc                Diag_Init
 .text.Diag_Start
                0x00000614        0x4 .\CortexM3\ARM_GCC_493\Debug\diag.o
                0x00000614                Diag_Start
 .text.Diag_Update
                0x00000618       0x38 .\CortexM3\ARM_GCC_493\Debug\diag.o
                0x00000618                Diag_Update
 .text.Encoder_Sample
                0x00000650       0x70 .\CortexM3\ARM_GCC_493\Debug\encoder.o
 .text.DumpEncoder
                0x000006c0       0x6c .\CortexM3\ARM_GCC_493\Debug\encoder.o
 .text.Encoder_Init
                0x0000072c       0x48 .\CortexM3\ARM_GCC_493\Debug\encoder.o
                0x0000072c                Encoder_Init
 .text.Encoder_Start
                0x00000774       0x20 .\CortexM3\ARM_GCC_493\Debug\encoder.o
                0x00000774                Encoder_Start
 .text.Encoder_Update
                0x00000794       0x84 .\CortexM3\ARM_GCC_493\Debug\encoder.o
                0x00000794                Encoder_Update
 .text.Encoder_LeftGetCntsPerSec
                0x00000818        0xc .\CortexM3\ARM_GCC_493\Debug\encoder.o
                0x00000818                Encoder_LeftGetCntsPerSec
 .text.Encoder_RightGetCntsPerSec
                0x00000824        0xc .\CortexM3\ARM_GCC_493\Debug\encoder.o
                0x00000824                Encoder_RightGetCntsPerSec
 .text.Encoder_LeftGetMeterPerSec
                0x00000830        0xc .\CortexM3\ARM_GCC_493\Debug\encoder.o
                0x00000830                Encoder_LeftGetMeterPerSec
 .text.Encoder_RightGetMeterPerSec
                0x0000083c        0xc .\CortexM3\ARM_GCC_493\Debug\encoder.o
                0x0000083c                Encoder_RightGetMeterPerSec
 .text.Encoder_Reset
                0x00000848       0x64 .\CortexM3\ARM_GCC_493\Debug\encoder.o
                0x00000848                Encoder_Reset
 .text.I2c_Init
                0x000008ac       0x24 .\CortexM3\ARM_GCC_493\Debug\i2c.o
                0x000008ac                I2c_Init
 .text.I2c_Start
                0x000008d0       0x24 .\CortexM3\ARM_GCC_493\Debug\i2c.o
                0x000008d0                I2c_Start
 .text.I2c_ReadDeviceControl
                0x000008f4       0x2c .\CortexM3\ARM_GCC_493\Debug\i2c.o
                0x000008f4                I2c_ReadDeviceControl
 .text.I2c_ReadDebugControl
                0x00000920       0x94 .\CortexM3\ARM_GCC_493\Debug\i2c.o
                0x00000920                I2c_ReadDebugControl
 *fill*         0x000009b4        0x4 
 .text.I2c_ReadCmdVelocity
                0x000009b8      0x130 .\CortexM3\ARM_GCC_493\Debug\i2c.o
                0x000009b8                I2c_ReadCmdVelocity
 .text.I2c_SetCalibrationStatusBit
                0x00000ae8       0x38 .\CortexM3\ARM_GCC_493\Debug\i2c.o
                0x00000ae8                I2c_SetCalibrationStatusBit
 .text.I2c_ClearCalibrationStatusBit
                0x00000b20       0x3c .\CortexM3\ARM_GCC_493\Debug\i2c.o
                0x00000b20                I2c_ClearCalibrationStatusBit
 .text.I2c_WriteOdom
                0x00000b5c       0x94 .\CortexM3\ARM_GCC_493\Debug\i2c.o
                0x00000b5c                I2c_WriteOdom
 .text.I2c_UpdateHeartbeat
                0x00000bf0       0x2c .\CortexM3\ARM_GCC_493\Debug\i2c.o
                0x00000bf0                I2c_UpdateHeartbeat
 .text.Interpolate
                0x00000c1c       0x3c .\CortexM3\ARM_GCC_493\Debug\motor.o
 .text.calculate_pwm
                0x00000c58       0x74 .\CortexM3\ARM_GCC_493\Debug\motor.o
 .text.DumpMotor
                0x00000ccc       0x48 .\CortexM3\ARM_GCC_493\Debug\motor.o
 .text.calc_motor_output_from_cps
                0x00000d14       0xac .\CortexM3\ARM_GCC_493\Debug\motor.o
 .text.RampSpeed
                0x00000dc0       0x44 .\CortexM3\ARM_GCC_493\Debug\motor.o
 .text.CollectCpsPwmSamples
                0x00000e04       0x58 .\CortexM3\ARM_GCC_493\Debug\motor.o
 .text.Motor_Init
                0x00000e5c       0x18 .\CortexM3\ARM_GCC_493\Debug\motor.o
                0x00000e5c                Motor_Init
 .text.Motor_Start
                0x00000e74       0x48 .\CortexM3\ARM_GCC_493\Debug\motor.o
                0x00000e74                Motor_Start
 .text.Motor_LeftSetCntsPerSec
                0x00000ebc       0x18 .\CortexM3\ARM_GCC_493\Debug\motor.o
                0x00000ebc                Motor_LeftSetCntsPerSec
 .text.Motor_RightSetCntsPerSec
                0x00000ed4       0x18 .\CortexM3\ARM_GCC_493\Debug\motor.o
                0x00000ed4                Motor_RightSetCntsPerSec
 *fill*         0x00000eec        0x4 
 .text.Motor_LeftSetMeterPerSec
                0x00000ef0       0x28 .\CortexM3\ARM_GCC_493\Debug\motor.o
                0x00000ef0                Motor_LeftSetMeterPerSec
 .text.Motor_RightSetMeterPerSec
                0x00000f18       0x28 .\CortexM3\ARM_GCC_493\Debug\motor.o
                0x00000f18                Motor_RightSetMeterPerSec
 .text.Motor_LeftGetPwm
                0x00000f40        0xc .\CortexM3\ARM_GCC_493\Debug\motor.o
                0x00000f40                Motor_LeftGetPwm
 .text.Motor_RightGetPwm
                0x00000f4c        0xc .\CortexM3\ARM_GCC_493\Debug\motor.o
                0x00000f4c                Motor_RightGetPwm
 .text.Motor_Stop
                0x00000f58       0x20 .\CortexM3\ARM_GCC_493\Debug\motor.o
                0x00000f58                Motor_Stop
 .text.Motor_CollectPwmCpsSamples
                0x00000f78       0xb4 .\CortexM3\ARM_GCC_493\Debug\motor.o
                0x00000f78                Motor_CollectPwmCpsSamples
 .text.Motor_LeftSetCalibration
                0x0000102c        0xc .\CortexM3\ARM_GCC_493\Debug\motor.o
                0x0000102c                Motor_LeftSetCalibration
 .text.Motor_RightSetCalibration
                0x00001038        0xc .\CortexM3\ARM_GCC_493\Debug\motor.o
                0x00001038                Motor_RightSetCalibration
 .text.DumpOdom
                0x00001044       0x80 .\CortexM3\ARM_GCC_493\Debug\odom.o
 .text.Odom_Init
                0x000010c4       0x14 .\CortexM3\ARM_GCC_493\Debug\odom.o
                0x000010c4                Odom_Init
 .text.Odom_Start
                0x000010d8        0x4 .\CortexM3\ARM_GCC_493\Debug\odom.o
                0x000010d8                Odom_Start
 *fill*         0x000010dc        0x4 
 .text.calc_odom
                0x000010e0      0x298 .\CortexM3\ARM_GCC_493\Debug\odom.o
                0x000010e0                calc_odom
 .text.Odom_Update
                0x00001378       0x60 .\CortexM3\ARM_GCC_493\Debug\odom.o
                0x00001378                Odom_Update
 .text.Odom_Reset
                0x000013d8       0x28 .\CortexM3\ARM_GCC_493\Debug\odom.o
                0x000013d8                Odom_Reset
 .text.Odom_GetPosition
                0x00001400       0x10 .\CortexM3\ARM_GCC_493\Debug\odom.o
                0x00001400                Odom_GetPosition
 .text.Odom_GetHeading
                0x00001410        0xc .\CortexM3\ARM_GCC_493\Debug\odom.o
                0x00001410                Odom_GetHeading
 *fill*         0x0000141c        0x4 
 .text.ProcessPid
                0x00001420       0xb0 .\CortexM3\ARM_GCC_493\Debug\pid.o
 .text.DumpPid  0x000014d0       0x98 .\CortexM3\ARM_GCC_493\Debug\pid.o
 .text.Pid_Init
                0x00001568       0x68 .\CortexM3\ARM_GCC_493\Debug\pid.o
                0x00001568                Pid_Init
 .text.Pid_Start
                0x000015d0       0x3c .\CortexM3\ARM_GCC_493\Debug\pid.o
                0x000015d0                Pid_Start
 .text.Pid_Update
                0x0000160c       0x7c .\CortexM3\ARM_GCC_493\Debug\pid.o
                0x0000160c                Pid_Update
 .text.Pid_SetLeftRightTarget
                0x00001688       0x10 .\CortexM3\ARM_GCC_493\Debug\pid.o
                0x00001688                Pid_SetLeftRightTarget
 .text.Pid_LeftSetGains
                0x00001698       0x18 .\CortexM3\ARM_GCC_493\Debug\pid.o
                0x00001698                Pid_LeftSetGains
 .text.Pid_RightSetGains
                0x000016b0       0x18 .\CortexM3\ARM_GCC_493\Debug\pid.o
                0x000016b0                Pid_RightSetGains
 .text.SysTickIsrHandler
                0x000016c8       0x10 .\CortexM3\ARM_GCC_493\Debug\time.o
 .text.Time_Init
                0x000016d8        0xc .\CortexM3\ARM_GCC_493\Debug\time.o
                0x000016d8                Time_Init
 .text.Time_Start
                0x000016e4       0x2c .\CortexM3\ARM_GCC_493\Debug\time.o
                0x000016e4                Time_Start
 .text.millis   0x00001710        0xc .\CortexM3\ARM_GCC_493\Debug\time.o
                0x00001710                millis
 .text.Ultrasonic_Init
                0x0000171c        0x4 .\CortexM3\ARM_GCC_493\Debug\ultrasonic.o
                0x0000171c                Ultrasonic_Init
 .text.insert_zeros
                0x00001720       0x30 .\CortexM3\ARM_GCC_493\Debug\utils.o
 .text.MovingAverageFloat
                0x00001750       0x2c .\CortexM3\ARM_GCC_493\Debug\utils.o
                0x00001750                MovingAverageFloat
 .text.Uint16ToTwoBytes
                0x0000177c        0x8 .\CortexM3\ARM_GCC_493\Debug\utils.o
                0x0000177c                Uint16ToTwoBytes
 .text.FloatToFourBytes
                0x00001784       0x20 .\CortexM3\ARM_GCC_493\Debug\utils.o
                0x00001784                FloatToFourBytes
 .text.ftoa     0x000017a4       0xa4 .\CortexM3\ARM_GCC_493\Debug\utils.o
                0x000017a4                ftoa
 .text.BinaryRangeSearch
                0x00001848       0x50 .\CortexM3\ARM_GCC_493\Debug\utils.o
                0x00001848                BinaryRangeSearch
 .text.ConvertLinearAngularToDifferential
                0x00001898       0x70 .\CortexM3\ARM_GCC_493\Debug\utils.o
                0x00001898                ConvertLinearAngularToDifferential
 .text.initializeQueue
                0x00001908       0x10 .\CortexM3\ARM_GCC_493\Debug\infrared.o
                0x00001908                initializeQueue
 .text.Infrared_Init
                0x00001918       0x30 .\CortexM3\ARM_GCC_493\Debug\infrared.o
                0x00001918                Infrared_Init
 .text.PIDCompute
                0x00001948       0xa4 .\CortexM3\ARM_GCC_493\Debug\pid_controller.o
                0x00001948                PIDCompute
 .text.PIDOutputLimitsSet
                0x000019ec       0x5c .\CortexM3\ARM_GCC_493\Debug\pid_controller.o
                0x000019ec                PIDOutputLimitsSet
 .text.PIDTuningsSet
                0x00001a48       0x6c .\CortexM3\ARM_GCC_493\Debug\pid_controller.o
                0x00001a48                PIDTuningsSet
 .text.PIDInit  0x00001ab4       0x54 .\CortexM3\ARM_GCC_493\Debug\pid_controller.o
                0x00001ab4                PIDInit
 .text.PIDSetpointSet
                0x00001b08        0x4 .\CortexM3\ARM_GCC_493\Debug\pid_controller.o
                0x00001b08                PIDSetpointSet
 .text.PIDInputSet
                0x00001b0c        0x4 .\CortexM3\ARM_GCC_493\Debug\pid_controller.o
                0x00001b0c                PIDInputSet
 .text.Ser_Init
                0x00001b10        0x4 .\CortexM3\ARM_GCC_493\Debug\serial.o
                0x00001b10                Ser_Init
 .text.Ser_Start
                0x00001b14       0x2c .\CortexM3\ARM_GCC_493\Debug\serial.o
                0x00001b14                Ser_Start
 .text.Ser_Update
                0x00001b40       0x14 .\CortexM3\ARM_GCC_493\Debug\serial.o
                0x00001b40                Ser_Update
 .text.Ser_PutString
                0x00001b54       0x20 .\CortexM3\ARM_GCC_493\Debug\serial.o
                0x00001b54                Ser_PutString
 .text.Ser_ReadByte
                0x00001b74       0x1c .\CortexM3\ARM_GCC_493\Debug\serial.o
                0x00001b74                Ser_ReadByte
 .text.Ser_WriteByte
                0x00001b90       0x1c .\CortexM3\ARM_GCC_493\Debug\serial.o
                0x00001b90                Ser_WriteByte
 .text.Nvstore_Init
                0x00001bac        0x4 .\CortexM3\ARM_GCC_493\Debug\nvstore.o
                0x00001bac                Nvstore_Init
 .text.Nvstore_Start
                0x00001bb0        0x8 .\CortexM3\ARM_GCC_493\Debug\nvstore.o
                0x00001bb0                Nvstore_Start
 .text.Nvstore_WriteBytes
                0x00001bb8       0xc8 .\CortexM3\ARM_GCC_493\Debug\nvstore.o
                0x00001bb8                Nvstore_WriteBytes
 .text.Nvstore_WriteUint16
                0x00001c80       0x28 .\CortexM3\ARM_GCC_493\Debug\nvstore.o
                0x00001c80                Nvstore_WriteUint16
 .text.Nvstore_WriteFloat
                0x00001ca8       0x2c .\CortexM3\ARM_GCC_493\Debug\nvstore.o
                0x00001ca8                Nvstore_WriteFloat
 .text.LeftTarget
                0x00001cd4        0xc .\CortexM3\ARM_GCC_493\Debug\calpid.o
 .text.RightTarget
                0x00001ce0        0xc .\CortexM3\ARM_GCC_493\Debug\calpid.o
 .text.DoManual
                0x00001cec       0x10 .\CortexM3\ARM_GCC_493\Debug\calpid.o
 .text.DoLeftManual
                0x00001cfc       0x3c .\CortexM3\ARM_GCC_493\Debug\calpid.o
 .text.DoRightManual
                0x00001d38       0x3c .\CortexM3\ARM_GCC_493\Debug\calpid.o
 .text.OutputGains
                0x00001d74       0x48 .\CortexM3\ARM_GCC_493\Debug\calpid.o
 .text.StepImpulse
                0x00001dbc       0x78 .\CortexM3\ARM_GCC_493\Debug\calpid.o
 .text.LeftStepInput
                0x00001e34       0x34 .\CortexM3\ARM_GCC_493\Debug\calpid.o
 .text.StoreLeftGains
                0x00001e68       0x3c .\CortexM3\ARM_GCC_493\Debug\calpid.o
 .text.StoreRightGains
                0x00001ea4       0x3c .\CortexM3\ARM_GCC_493\Debug\calpid.o
 .text.RightStepInput
                0x00001ee0       0x34 .\CortexM3\ARM_GCC_493\Debug\calpid.o
 .text.CalibrateLeftPid
                0x00001f14       0x60 .\CortexM3\ARM_GCC_493\Debug\calpid.o
                0x00001f14                CalibrateLeftPid
 .text.CalibrateRightPid
                0x00001f74       0x60 .\CortexM3\ARM_GCC_493\Debug\calpid.o
                0x00001f74                CalibrateRightPid
 .text.ValidatePid
                0x00001fd4       0xdc .\CortexM3\ARM_GCC_493\Debug\calpid.o
                0x00001fd4                ValidatePid
 .text.DoAngularBiasMotion
                0x000020b0      0x100 .\CortexM3\ARM_GCC_493\Debug\calang.o
                0x000020b0                DoAngularBiasMotion
 .text.CalibrateAngularBias
                0x000021b0       0x6c .\CortexM3\ARM_GCC_493\Debug\calang.o
                0x000021b0                CalibrateAngularBias
 .text.ValidateAngularBias
                0x0000221c       0x1c .\CortexM3\ARM_GCC_493\Debug\calang.o
                0x0000221c                ValidateAngularBias
 .text.DoLinearBiasMotion
                0x00002238       0xe0 .\CortexM3\ARM_GCC_493\Debug\callin.o
                0x00002238                DoLinearBiasMotion
 .text.CalibrateLinearBias
                0x00002318       0x6c .\CortexM3\ARM_GCC_493\Debug\callin.o
                0x00002318                CalibrateLinearBias
 .text.ValidateLinearBias
                0x00002384       0x1c .\CortexM3\ARM_GCC_493\Debug\callin.o
                0x00002384                ValidateLinearBias
 .text.Init     0x000023a0       0x28 .\CortexM3\ARM_GCC_493\Debug\calmotor.o
 .text.CalculatePwmSamples
                0x000023c8       0x64 .\CortexM3\ARM_GCC_493\Debug\calmotor.o
 .text.AddSamplesToSum
                0x0000242c       0x24 .\CortexM3\ARM_GCC_493\Debug\calmotor.o
 .text.CalculateAvgCpsSamples
                0x00002450       0x20 .\CortexM3\ARM_GCC_493\Debug\calmotor.o
 .text.CalculateMinMaxCpsSample
                0x00002470       0x38 .\CortexM3\ARM_GCC_493\Debug\calmotor.o
 .text.CalibrateWheelSpeed
                0x000024a8       0x5c .\CortexM3\ARM_GCC_493\Debug\calmotor.o
 .text.StoreWheelSpeedSamples
                0x00002504       0x5c .\CortexM3\ARM_GCC_493\Debug\calmotor.o
 .text.OutputSamples
                0x00002560       0x64 .\CortexM3\ARM_GCC_493\Debug\calmotor.o
 .text.OutputVelocities
                0x000025c4       0x40 .\CortexM3\ARM_GCC_493\Debug\calmotor.o
 .text.DoVelocityValidation
                0x00002604       0x68 .\CortexM3\ARM_GCC_493\Debug\calmotor.o
 .text.CalibrateMotorVelocity
                0x0000266c      0x134 .\CortexM3\ARM_GCC_493\Debug\calmotor.o
                0x0000266c                CalibrateMotorVelocity
 .text.ValidateMotorVelocity
                0x000027a0       0xd0 .\CortexM3\ARM_GCC_493\Debug\calmotor.o
                0x000027a0                ValidateMotorVelocity
 .text.IntDefaultHandler
                0x00002870        0x4 .\CortexM3\ARM_GCC_493\Debug\Cm3Start.o
                0x00002870                IntDefaultHandler
 .text._exit    0x00002874        0xc .\CortexM3\ARM_GCC_493\Debug\Cm3Start.o
                0x00002874                _exit
 .text._sbrk    0x00002880       0x30 .\CortexM3\ARM_GCC_493\Debug\Cm3Start.o
                0x00002880                _sbrk
 .text.Start_c  0x000028b0       0x4c .\CortexM3\ARM_GCC_493\Debug\Cm3Start.o
                0x000028b0                Start_c
 .text.initialize_psoc
                0x000028fc       0x74 .\CortexM3\ARM_GCC_493\Debug\Cm3Start.o
                0x000028fc                initialize_psoc
 .text.cfg_write_bytes32
                0x00002970       0x34 .\CortexM3\ARM_GCC_493\Debug\freesoc.a(cyfitter_cfg.o)
 .text.CYMEMZERO
                0x000029a4        0xc .\CortexM3\ARM_GCC_493\Debug\freesoc.a(cyfitter_cfg.o)
 .text.ClockSetup
                0x000029b0       0xe4 .\CortexM3\ARM_GCC_493\Debug\freesoc.a(cyfitter_cfg.o)
 .text.AnalogSetDefault
                0x00002a94       0x80 .\CortexM3\ARM_GCC_493\Debug\freesoc.a(cyfitter_cfg.o)
 .text.CYCONFIGCPY
                0x00002b14        0x8 .\CortexM3\ARM_GCC_493\Debug\freesoc.a(cyfitter_cfg.o)
 .text.Front_AMuxSeq_DisconnectAll
                0x00002b1c       0x18 .\CortexM3\ARM_GCC_493\Debug\freesoc.a(cyfitter_cfg.o)
                0x00002b1c                Front_AMuxSeq_DisconnectAll
 .text.Rear_AMuxSeq_DisconnectAll
                0x00002b34       0x18 .\CortexM3\ARM_GCC_493\Debug\freesoc.a(cyfitter_cfg.o)
                0x00002b34                Rear_AMuxSeq_DisconnectAll
 .text.cyfitter_cfg
                0x00002b4c      0x188 .\CortexM3\ARM_GCC_493\Debug\freesoc.a(cyfitter_cfg.o)
                0x00002b4c                cyfitter_cfg
 .text.Left_HB25_Enable_Pin_Write
                0x00002cd4       0x18 .\CortexM3\ARM_GCC_493\Debug\freesoc.a(Left_HB25_Enable_Pin.o)
                0x00002cd4                Left_HB25_Enable_Pin_Write
 .text.Left_HB25_PWM_Stop
                0x00002cec        0x4 .\CortexM3\ARM_GCC_493\Debug\freesoc.a(Left_HB25_PWM.o)
                0x00002cec                Left_HB25_PWM_Stop
 .text.Left_HB25_PWM_WriteCounter
                0x00002cf0        0xc .\CortexM3\ARM_GCC_493\Debug\freesoc.a(Left_HB25_PWM.o)
                0x00002cf0                Left_HB25_PWM_WriteCounter
 .text.Left_HB25_PWM_WritePeriod
                0x00002cfc        0xc .\CortexM3\ARM_GCC_493\Debug\freesoc.a(Left_HB25_PWM.o)
                0x00002cfc                Left_HB25_PWM_WritePeriod
 .text.Left_HB25_PWM_WriteCompare
                0x00002d08        0xc .\CortexM3\ARM_GCC_493\Debug\freesoc.a(Left_HB25_PWM.o)
                0x00002d08                Left_HB25_PWM_WriteCompare
 .text.Left_HB25_PWM_Init
                0x00002d14       0x34 .\CortexM3\ARM_GCC_493\Debug\freesoc.a(Left_HB25_PWM.o)
                0x00002d14                Left_HB25_PWM_Init
 .text.Left_HB25_PWM_Start
                0x00002d48       0x18 .\CortexM3\ARM_GCC_493\Debug\freesoc.a(Left_HB25_PWM.o)
                0x00002d48                Left_HB25_PWM_Start
 .text.Right_HB25_Enable_Pin_Write
                0x00002d60       0x18 .\CortexM3\ARM_GCC_493\Debug\freesoc.a(Right_HB25_Enable_Pin.o)
                0x00002d60                Right_HB25_Enable_Pin_Write
 .text.Right_HB25_PWM_Stop
                0x00002d78        0x4 .\CortexM3\ARM_GCC_493\Debug\freesoc.a(Right_HB25_PWM.o)
                0x00002d78                Right_HB25_PWM_Stop
 .text.Right_HB25_PWM_WriteCounter
                0x00002d7c        0xc .\CortexM3\ARM_GCC_493\Debug\freesoc.a(Right_HB25_PWM.o)
                0x00002d7c                Right_HB25_PWM_WriteCounter
 .text.Right_HB25_PWM_WritePeriod
                0x00002d88        0xc .\CortexM3\ARM_GCC_493\Debug\freesoc.a(Right_HB25_PWM.o)
                0x00002d88                Right_HB25_PWM_WritePeriod
 .text.Right_HB25_PWM_WriteCompare
                0x00002d94        0xc .\CortexM3\ARM_GCC_493\Debug\freesoc.a(Right_HB25_PWM.o)
                0x00002d94                Right_HB25_PWM_WriteCompare
 .text.Right_HB25_PWM_Init
                0x00002da0       0x34 .\CortexM3\ARM_GCC_493\Debug\freesoc.a(Right_HB25_PWM.o)
                0x00002da0                Right_HB25_PWM_Init
 .text.Right_HB25_PWM_Start
                0x00002dd4       0x18 .\CortexM3\ARM_GCC_493\Debug\freesoc.a(Right_HB25_PWM.o)
                0x00002dd4                Right_HB25_PWM_Start
 *fill*         0x00002dec        0x4 
 .text          0x00002df0       0x20 .\CortexM3\ARM_GCC_493\Debug\freesoc.a(CyBootAsmGnu.o)
                0x00002df0                CyDelayCycles
                0x00002e00                CyEnterCriticalSection
                0x00002e08                CyExitCriticalSection
 .text.CyHalt   0x00002e10        0x4 .\CortexM3\ARM_GCC_493\Debug\freesoc.a(CyLib.o)
                0x00002e10                CyHalt
 .text.CyDelay  0x00002e14       0x2c .\CortexM3\ARM_GCC_493\Debug\freesoc.a(CyLib.o)
                0x00002e14                CyDelay
 .text.CyDelayUs
                0x00002e40       0x14 .\CortexM3\ARM_GCC_493\Debug\freesoc.a(CyLib.o)
                0x00002e40                CyDelayUs
 .text.CyIntSetSysVector
                0x00002e54       0x28 .\CortexM3\ARM_GCC_493\Debug\freesoc.a(CyLib.o)
                0x00002e54                CyIntSetSysVector
 .text.CyIntSetVector
                0x00002e7c       0x28 .\CortexM3\ARM_GCC_493\Debug\freesoc.a(CyLib.o)
                0x00002e7c                CyIntSetVector
 .text.CyIntSetPriority
                0x00002ea4       0x30 .\CortexM3\ARM_GCC_493\Debug\freesoc.a(CyLib.o)
                0x00002ea4                CyIntSetPriority
 .text.CySysTickEnableInterrupt
                0x00002ed4       0x10 .\CortexM3\ARM_GCC_493\Debug\freesoc.a(CyLib.o)
                0x00002ed4                CySysTickEnableInterrupt
 .text.CySysTickEnable
                0x00002ee4       0x18 .\CortexM3\ARM_GCC_493\Debug\freesoc.a(CyLib.o)
                0x00002ee4                CySysTickEnable
 .text.CySysTickSetReload
                0x00002efc       0x10 .\CortexM3\ARM_GCC_493\Debug\freesoc.a(CyLib.o)
                0x00002efc                CySysTickSetReload
 .text.CySysTickSetClockSource
                0x00002f0c       0x20 .\CortexM3\ARM_GCC_493\Debug\freesoc.a(CyLib.o)
                0x00002f0c                CySysTickSetClockSource
 .text.CySysTickGetCountFlag
                0x00002f2c       0x10 .\CortexM3\ARM_GCC_493\Debug\freesoc.a(CyLib.o)
                0x00002f2c                CySysTickGetCountFlag
 .text.CySysTickServiceCallbacks
                0x00002f3c       0x28 .\CortexM3\ARM_GCC_493\Debug\freesoc.a(CyLib.o)
 .text.CySysTickClear
                0x00002f64        0xc .\CortexM3\ARM_GCC_493\Debug\freesoc.a(CyLib.o)
                0x00002f64                CySysTickClear
 .text.CySysTickInit
                0x00002f70       0x58 .\CortexM3\ARM_GCC_493\Debug\freesoc.a(CyLib.o)
                0x00002f70                CySysTickInit
 .text.CySysTickStart
                0x00002fc8       0x1c .\CortexM3\ARM_GCC_493\Debug\freesoc.a(CyLib.o)
                0x00002fc8                CySysTickStart
 .text.CySysTickSetCallback
                0x00002fe4       0x10 .\CortexM3\ARM_GCC_493\Debug\freesoc.a(CyLib.o)
                0x00002fe4                CySysTickSetCallback
 .text.CySysTickGetCallback
                0x00002ff4       0x10 .\CortexM3\ARM_GCC_493\Debug\freesoc.a(CyLib.o)
                0x00002ff4                CySysTickGetCallback
 .text.CyGetUniqueId
                0x00003004       0x70 .\CortexM3\ARM_GCC_493\Debug\freesoc.a(CyLib.o)
                0x00003004                CyGetUniqueId
 .text.EZI2C_Slave_Init
                0x00003074       0x70 .\CortexM3\ARM_GCC_493\Debug\freesoc.a(EZI2C_Slave.o)
                0x00003074                EZI2C_Slave_Init
 .text.EZI2C_Slave_Enable
                0x000030e4       0x30 .\CortexM3\ARM_GCC_493\Debug\freesoc.a(EZI2C_Slave.o)
                0x000030e4                EZI2C_Slave_Enable
 .text.EZI2C_Slave_Start
                0x00003114       0x1c .\CortexM3\ARM_GCC_493\Debug\freesoc.a(EZI2C_Slave.o)
                0x00003114                EZI2C_Slave_Start
 .text.EZI2C_Slave_GetActivity
                0x00003130       0x28 .\CortexM3\ARM_GCC_493\Debug\freesoc.a(EZI2C_Slave.o)
                0x00003130                EZI2C_Slave_GetActivity
 .text.EZI2C_Slave_SetBuffer1
                0x00003158       0x50 .\CortexM3\ARM_GCC_493\Debug\freesoc.a(EZI2C_Slave.o)
                0x00003158                EZI2C_Slave_SetBuffer1
 .text.EZI2C_Slave_ISR
                0x000031a8      0x1c4 .\CortexM3\ARM_GCC_493\Debug\freesoc.a(EZI2C_Slave_INT.o)
                0x000031a8                EZI2C_Slave_ISR
 .text.Mainloop_Pin_Write
                0x0000336c       0x18 .\CortexM3\ARM_GCC_493\Debug\freesoc.a(Mainloop_Pin.o)
                0x0000336c                Mainloop_Pin_Write
 .text.EEPROM_Enable
                0x00003384        0xc .\CortexM3\ARM_GCC_493\Debug\freesoc.a(EEPROM.o)
                0x00003384                EEPROM_Enable
 .text.EEPROM_Start
                0x00003390        0x8 .\CortexM3\ARM_GCC_493\Debug\freesoc.a(EEPROM.o)
                0x00003390                EEPROM_Start
 .text.EEPROM_WriteByte
                0x00003398       0xd4 .\CortexM3\ARM_GCC_493\Debug\freesoc.a(EEPROM.o)
                0x00003398                EEPROM_WriteByte
 .text.EEPROM_Write
                0x0000346c       0xb4 .\CortexM3\ARM_GCC_493\Debug\freesoc.a(EEPROM.o)
                0x0000346c                EEPROM_Write
 .text.Right_QuadDec_Init
                0x00003520       0x24 .\CortexM3\ARM_GCC_493\Debug\freesoc.a(Right_QuadDec.o)
                0x00003520                Right_QuadDec_Init
 .text.Right_QuadDec_GetCounter
                0x00003544       0x2c .\CortexM3\ARM_GCC_493\Debug\freesoc.a(Right_QuadDec.o)
                0x00003544                Right_QuadDec_GetCounter
 .text.Right_QuadDec_SetCounter
                0x00003570       0x28 .\CortexM3\ARM_GCC_493\Debug\freesoc.a(Right_QuadDec.o)
                0x00003570                Right_QuadDec_SetCounter
 .text.Right_QuadDec_GetEvents
                0x00003598       0x10 .\CortexM3\ARM_GCC_493\Debug\freesoc.a(Right_QuadDec.o)
                0x00003598                Right_QuadDec_GetEvents
 .text.Right_QuadDec_SetInterruptMask
                0x000035a8       0x10 .\CortexM3\ARM_GCC_493\Debug\freesoc.a(Right_QuadDec.o)
                0x000035a8                Right_QuadDec_SetInterruptMask
 .text.Right_QuadDec_Enable
                0x000035b8       0x30 .\CortexM3\ARM_GCC_493\Debug\freesoc.a(Right_QuadDec.o)
                0x000035b8                Right_QuadDec_Enable
 .text.Right_QuadDec_Start
                0x000035e8       0x34 .\CortexM3\ARM_GCC_493\Debug\freesoc.a(Right_QuadDec.o)
                0x000035e8                Right_QuadDec_Start
 .text.Right_QuadDec_ISR
                0x0000361c       0x40 .\CortexM3\ARM_GCC_493\Debug\freesoc.a(Right_QuadDec_INT.o)
                0x0000361c                Right_QuadDec_ISR
 .text.Right_QuadDec_Cnt16_Enable
                0x0000365c       0x10 .\CortexM3\ARM_GCC_493\Debug\freesoc.a(Right_QuadDec_Cnt16.o)
                0x0000365c                Right_QuadDec_Cnt16_Enable
 .text.Right_QuadDec_Cnt16_SetInterruptMode
                0x0000366c        0xc .\CortexM3\ARM_GCC_493\Debug\freesoc.a(Right_QuadDec_Cnt16.o)
                0x0000366c                Right_QuadDec_Cnt16_SetInterruptMode
 .text.Right_QuadDec_Cnt16_ReadStatusRegister
                0x00003678        0xc .\CortexM3\ARM_GCC_493\Debug\freesoc.a(Right_QuadDec_Cnt16.o)
                0x00003678                Right_QuadDec_Cnt16_ReadStatusRegister
 .text.Right_QuadDec_Cnt16_WriteCounter
                0x00003684        0xc .\CortexM3\ARM_GCC_493\Debug\freesoc.a(Right_QuadDec_Cnt16.o)
                0x00003684                Right_QuadDec_Cnt16_WriteCounter
 .text.Right_QuadDec_Cnt16_ReadCounter
                0x00003690       0x14 .\CortexM3\ARM_GCC_493\Debug\freesoc.a(Right_QuadDec_Cnt16.o)
                0x00003690                Right_QuadDec_Cnt16_ReadCounter
 .text.Right_QuadDec_Cnt16_ReadCapture
                0x000036a4        0xc .\CortexM3\ARM_GCC_493\Debug\freesoc.a(Right_QuadDec_Cnt16.o)
                0x000036a4                Right_QuadDec_Cnt16_ReadCapture
 .text.Right_QuadDec_Cnt16_WritePeriod
                0x000036b0        0xc .\CortexM3\ARM_GCC_493\Debug\freesoc.a(Right_QuadDec_Cnt16.o)
                0x000036b0                Right_QuadDec_Cnt16_WritePeriod
 .text.Right_QuadDec_Cnt16_WriteCompare
                0x000036bc        0xc .\CortexM3\ARM_GCC_493\Debug\freesoc.a(Right_QuadDec_Cnt16.o)
                0x000036bc                Right_QuadDec_Cnt16_WriteCompare
 .text.Right_QuadDec_Cnt16_ClearFIFO
                0x000036c8       0x14 .\CortexM3\ARM_GCC_493\Debug\freesoc.a(Right_QuadDec_Cnt16.o)
                0x000036c8                Right_QuadDec_Cnt16_ClearFIFO
 .text.Right_QuadDec_Cnt16_Init
                0x000036dc       0x58 .\CortexM3\ARM_GCC_493\Debug\freesoc.a(Right_QuadDec_Cnt16.o)
                0x000036dc                Right_QuadDec_Cnt16_Init
 .text.Right_QuadDec_Cnt16_Start
                0x00003734       0x1c .\CortexM3\ARM_GCC_493\Debug\freesoc.a(Right_QuadDec_Cnt16.o)
                0x00003734                Right_QuadDec_Cnt16_Start
 .text.Left_QuadDec_Init
                0x00003750       0x24 .\CortexM3\ARM_GCC_493\Debug\freesoc.a(Left_QuadDec.o)
                0x00003750                Left_QuadDec_Init
 .text.Left_QuadDec_GetCounter
                0x00003774       0x2c .\CortexM3\ARM_GCC_493\Debug\freesoc.a(Left_QuadDec.o)
                0x00003774                Left_QuadDec_GetCounter
 .text.Left_QuadDec_SetCounter
                0x000037a0       0x28 .\CortexM3\ARM_GCC_493\Debug\freesoc.a(Left_QuadDec.o)
                0x000037a0                Left_QuadDec_SetCounter
 .text.Left_QuadDec_GetEvents
                0x000037c8       0x10 .\CortexM3\ARM_GCC_493\Debug\freesoc.a(Left_QuadDec.o)
                0x000037c8                Left_QuadDec_GetEvents
 .text.Left_QuadDec_SetInterruptMask
                0x000037d8       0x10 .\CortexM3\ARM_GCC_493\Debug\freesoc.a(Left_QuadDec.o)
                0x000037d8                Left_QuadDec_SetInterruptMask
 .text.Left_QuadDec_Enable
                0x000037e8       0x30 .\CortexM3\ARM_GCC_493\Debug\freesoc.a(Left_QuadDec.o)
                0x000037e8                Left_QuadDec_Enable
 .text.Left_QuadDec_Start
                0x00003818       0x34 .\CortexM3\ARM_GCC_493\Debug\freesoc.a(Left_QuadDec.o)
                0x00003818                Left_QuadDec_Start
 .text.Left_QuadDec_ISR
                0x0000384c       0x40 .\CortexM3\ARM_GCC_493\Debug\freesoc.a(Left_QuadDec_INT.o)
                0x0000384c                Left_QuadDec_ISR
 .text.Left_QuadDec_Cnt16_Enable
                0x0000388c       0x10 .\CortexM3\ARM_GCC_493\Debug\freesoc.a(Left_QuadDec_Cnt16.o)
                0x0000388c                Left_QuadDec_Cnt16_Enable
 .text.Left_QuadDec_Cnt16_SetInterruptMode
                0x0000389c        0xc .\CortexM3\ARM_GCC_493\Debug\freesoc.a(Left_QuadDec_Cnt16.o)
                0x0000389c                Left_QuadDec_Cnt16_SetInterruptMode
 .text.Left_QuadDec_Cnt16_ReadStatusRegister
                0x000038a8        0xc .\CortexM3\ARM_GCC_493\Debug\freesoc.a(Left_QuadDec_Cnt16.o)
                0x000038a8                Left_QuadDec_Cnt16_ReadStatusRegister
 .text.Left_QuadDec_Cnt16_WriteCounter
                0x000038b4        0xc .\CortexM3\ARM_GCC_493\Debug\freesoc.a(Left_QuadDec_Cnt16.o)
                0x000038b4                Left_QuadDec_Cnt16_WriteCounter
 .text.Left_QuadDec_Cnt16_ReadCounter
                0x000038c0       0x14 .\CortexM3\ARM_GCC_493\Debug\freesoc.a(Left_QuadDec_Cnt16.o)
                0x000038c0                Left_QuadDec_Cnt16_ReadCounter
 .text.Left_QuadDec_Cnt16_ReadCapture
                0x000038d4        0xc .\CortexM3\ARM_GCC_493\Debug\freesoc.a(Left_QuadDec_Cnt16.o)
                0x000038d4                Left_QuadDec_Cnt16_ReadCapture
 .text.Left_QuadDec_Cnt16_WritePeriod
                0x000038e0        0xc .\CortexM3\ARM_GCC_493\Debug\freesoc.a(Left_QuadDec_Cnt16.o)
                0x000038e0                Left_QuadDec_Cnt16_WritePeriod
 .text.Left_QuadDec_Cnt16_WriteCompare
                0x000038ec        0xc .\CortexM3\ARM_GCC_493\Debug\freesoc.a(Left_QuadDec_Cnt16.o)
                0x000038ec                Left_QuadDec_Cnt16_WriteCompare
 .text.Left_QuadDec_Cnt16_ClearFIFO
                0x000038f8       0x14 .\CortexM3\ARM_GCC_493\Debug\freesoc.a(Left_QuadDec_Cnt16.o)
                0x000038f8                Left_QuadDec_Cnt16_ClearFIFO
 .text.Left_QuadDec_Cnt16_Init
                0x0000390c       0x58 .\CortexM3\ARM_GCC_493\Debug\freesoc.a(Left_QuadDec_Cnt16.o)
                0x0000390c                Left_QuadDec_Cnt16_Init
 .text.Left_QuadDec_Cnt16_Start
                0x00003964       0x1c .\CortexM3\ARM_GCC_493\Debug\freesoc.a(Left_QuadDec_Cnt16.o)
                0x00003964                Left_QuadDec_Cnt16_Start
 .text.USBUART_Init
                0x00003980      0x140 .\CortexM3\ARM_GCC_493\Debug\freesoc.a(USBUART.o)
                0x00003980                USBUART_Init
 .text.USBUART_InitComponent
                0x00003ac0       0xd4 .\CortexM3\ARM_GCC_493\Debug\freesoc.a(USBUART.o)
                0x00003ac0                USBUART_InitComponent
 .text.USBUART_Start
                0x00003b94       0x24 .\CortexM3\ARM_GCC_493\Debug\freesoc.a(USBUART.o)
                0x00003b94                USBUART_Start
 .text.USBUART_ReInitComponent
                0x00003bb8       0x64 .\CortexM3\ARM_GCC_493\Debug\freesoc.a(USBUART.o)
                0x00003bb8                USBUART_ReInitComponent
 .text.USBUART_GetConfiguration
                0x00003c1c        0xc .\CortexM3\ARM_GCC_493\Debug\freesoc.a(USBUART.o)
                0x00003c1c                USBUART_GetConfiguration
 .text.USBUART_IsConfigurationChanged
                0x00003c28       0x20 .\CortexM3\ARM_GCC_493\Debug\freesoc.a(USBUART.o)
                0x00003c28                USBUART_IsConfigurationChanged
 .text.USBUART_GetEPState
                0x00003c48       0x14 .\CortexM3\ARM_GCC_493\Debug\freesoc.a(USBUART.o)
                0x00003c48                USBUART_GetEPState
 .text.USBUART_GetEPCount
                0x00003c5c       0x28 .\CortexM3\ARM_GCC_493\Debug\freesoc.a(USBUART.o)
                0x00003c5c                USBUART_GetEPCount
 .text.USBUART_LoadInEP
                0x00003c84       0x94 .\CortexM3\ARM_GCC_493\Debug\freesoc.a(USBUART.o)
                0x00003c84                USBUART_LoadInEP
 .text.USBUART_EnableOutEP
                0x00003d18       0x2c .\CortexM3\ARM_GCC_493\Debug\freesoc.a(USBUART.o)
                0x00003d18                USBUART_EnableOutEP
 .text.USBUART_ReadOutEP
                0x00003d44       0x50 .\CortexM3\ARM_GCC_493\Debug\freesoc.a(USBUART.o)
                0x00003d44                USBUART_ReadOutEP
 .text.USBUART_StrLen
                0x00003d94       0x14 .\CortexM3\ARM_GCC_493\Debug\freesoc.a(USBUART_cdc.o)
 .text.USBUART_GetInterfaceComPort
                0x00003da8       0x3c .\CortexM3\ARM_GCC_493\Debug\freesoc.a(USBUART_cdc.o)
                0x00003da8                USBUART_GetInterfaceComPort
 .text.USBUART_DispatchCDCClassRqst
                0x00003de4       0x98 .\CortexM3\ARM_GCC_493\Debug\freesoc.a(USBUART_cdc.o)
                0x00003de4                USBUART_DispatchCDCClassRqst
 .text.USBUART_CDC_Init
                0x00003e7c       0x98 .\CortexM3\ARM_GCC_493\Debug\freesoc.a(USBUART_cdc.o)
                0x00003e7c                USBUART_CDC_Init
 .text.USBUART_PutString
                0x00003f14       0x9c .\CortexM3\ARM_GCC_493\Debug\freesoc.a(USBUART_cdc.o)
                0x00003f14                USBUART_PutString
 .text.USBUART_PutChar
                0x00003fb0       0x28 .\CortexM3\ARM_GCC_493\Debug\freesoc.a(USBUART_cdc.o)
                0x00003fb0                USBUART_PutChar
 .text.USBUART_DataIsReady
                0x00003fd8       0x18 .\CortexM3\ARM_GCC_493\Debug\freesoc.a(USBUART_cdc.o)
                0x00003fd8                USBUART_DataIsReady
 .text.USBUART_CDCIsReady
                0x00003ff0       0x18 .\CortexM3\ARM_GCC_493\Debug\freesoc.a(USBUART_cdc.o)
                0x00003ff0                USBUART_CDCIsReady
 .text.USBUART_GetChar
                0x00004008       0x28 .\CortexM3\ARM_GCC_493\Debug\freesoc.a(USBUART_cdc.o)
                0x00004008                USBUART_GetChar
 .text.USBUART_Cdc_EpInit
                0x00004030       0x50 .\CortexM3\ARM_GCC_493\Debug\freesoc.a(USBUART_cdc.o)
                0x00004030                USBUART_Cdc_EpInit
 .text.USBUART_LoadEP0
                0x00004080       0x94 .\CortexM3\ARM_GCC_493\Debug\freesoc.a(USBUART_drv.o)
                0x00004080                USBUART_LoadEP0
 .text.USBUART_InitZeroLengthControlTransfer
                0x00004114       0x34 .\CortexM3\ARM_GCC_493\Debug\freesoc.a(USBUART_drv.o)
                0x00004114                USBUART_InitZeroLengthControlTransfer
 .text.USBUART_ControlReadDataStage
                0x00004148        0x8 .\CortexM3\ARM_GCC_493\Debug\freesoc.a(USBUART_drv.o)
                0x00004148                USBUART_ControlReadDataStage
 .text.USBUART_ControlWriteDataStage
                0x00004150       0x80 .\CortexM3\ARM_GCC_493\Debug\freesoc.a(USBUART_drv.o)
                0x00004150                USBUART_ControlWriteDataStage
 .text.USBUART_InitNoDataControlTransfer
                0x000041d0       0x2c .\CortexM3\ARM_GCC_493\Debug\freesoc.a(USBUART_drv.o)
                0x000041d0                USBUART_InitNoDataControlTransfer
 .text.USBUART_UpdateStatusBlock
                0x000041fc       0x24 .\CortexM3\ARM_GCC_493\Debug\freesoc.a(USBUART_drv.o)
                0x000041fc                USBUART_UpdateStatusBlock
 .text.USBUART_HandleSetup
                0x00004220       0x5c .\CortexM3\ARM_GCC_493\Debug\freesoc.a(USBUART_drv.o)
                0x00004220                USBUART_HandleSetup
 .text.USBUART_ControlReadStatusStage
                0x0000427c       0x34 .\CortexM3\ARM_GCC_493\Debug\freesoc.a(USBUART_drv.o)
                0x0000427c                USBUART_ControlReadStatusStage
 .text.USBUART_HandleOUT
                0x000042b0       0x38 .\CortexM3\ARM_GCC_493\Debug\freesoc.a(USBUART_drv.o)
                0x000042b0                USBUART_HandleOUT
 .text.USBUART_ControlWriteStatusStage
                0x000042e8       0x20 .\CortexM3\ARM_GCC_493\Debug\freesoc.a(USBUART_drv.o)
                0x000042e8                USBUART_ControlWriteStatusStage
 .text.USBUART_NoDataControlStatusStage
                0x00004308       0x40 .\CortexM3\ARM_GCC_493\Debug\freesoc.a(USBUART_drv.o)
                0x00004308                USBUART_NoDataControlStatusStage
 .text.USBUART_HandleIN
                0x00004348       0x2c .\CortexM3\ARM_GCC_493\Debug\freesoc.a(USBUART_drv.o)
                0x00004348                USBUART_HandleIN
 .text.USBUART_EP_0_ISR
                0x00004374       0xb8 .\CortexM3\ARM_GCC_493\Debug\freesoc.a(USBUART_drv.o)
                0x00004374                USBUART_EP_0_ISR
 .text.USBUART_InitializeStatusBlock
                0x0000442c       0x24 .\CortexM3\ARM_GCC_493\Debug\freesoc.a(USBUART_drv.o)
                0x0000442c                USBUART_InitializeStatusBlock
 .text.USBUART_InitControlRead
                0x00004450       0x50 .\CortexM3\ARM_GCC_493\Debug\freesoc.a(USBUART_drv.o)
                0x00004450                USBUART_InitControlRead
 .text.USBUART_InitControlWrite
                0x000044a0       0x48 .\CortexM3\ARM_GCC_493\Debug\freesoc.a(USBUART_drv.o)
                0x000044a0                USBUART_InitControlWrite
 .text.USBUART_EP_1_ISR
                0x000044e8       0x38 .\CortexM3\ARM_GCC_493\Debug\freesoc.a(USBUART_episr.o)
                0x000044e8                USBUART_EP_1_ISR
 .text.USBUART_EP_2_ISR
                0x00004520       0x3c .\CortexM3\ARM_GCC_493\Debug\freesoc.a(USBUART_episr.o)
                0x00004520                USBUART_EP_2_ISR
 .text.USBUART_EP_3_ISR
                0x0000455c       0x44 .\CortexM3\ARM_GCC_493\Debug\freesoc.a(USBUART_episr.o)
                0x0000455c                USBUART_EP_3_ISR
 .text.USBUART_SOF_ISR
                0x000045a0        0x4 .\CortexM3\ARM_GCC_493\Debug\freesoc.a(USBUART_episr.o)
                0x000045a0                USBUART_SOF_ISR
 .text.USBUART_BUS_RESET_ISR
                0x000045a4        0x8 .\CortexM3\ARM_GCC_493\Debug\freesoc.a(USBUART_episr.o)
                0x000045a4                USBUART_BUS_RESET_ISR
 .text.USBUART_FindHidClassDecriptor
                0x000045ac       0x40 .\CortexM3\ARM_GCC_493\Debug\freesoc.a(USBUART_hid.o)
                0x000045ac                USBUART_FindHidClassDecriptor
 .text.USBUART_FindReportDescriptor
                0x000045ec       0x48 .\CortexM3\ARM_GCC_493\Debug\freesoc.a(USBUART_hid.o)
                0x000045ec                USBUART_FindReportDescriptor
 .text.USBUART_FindReport
                0x00004634       0x7c .\CortexM3\ARM_GCC_493\Debug\freesoc.a(USBUART_hid.o)
                0x00004634                USBUART_FindReport
 .text.USBUART_DispatchHIDClassRqst
                0x000046b0      0x184 .\CortexM3\ARM_GCC_493\Debug\freesoc.a(USBUART_hid.o)
                0x000046b0                USBUART_DispatchHIDClassRqst
 .text.USBUART_DP_ISR
                0x00004834        0x8 .\CortexM3\ARM_GCC_493\Debug\freesoc.a(USBUART_pm.o)
                0x00004834                USBUART_DP_ISR
 .text.USBUART_ReadDieID
                0x0000483c       0x6c .\CortexM3\ARM_GCC_493\Debug\freesoc.a(USBUART_std.o)
                0x0000483c                USBUART_ReadDieID
 .text.USBUART_ConfigReg
                0x000048a8       0xa4 .\CortexM3\ARM_GCC_493\Debug\freesoc.a(USBUART_std.o)
                0x000048a8                USBUART_ConfigReg
 .text.USBUART_GetConfigTablePtr
                0x0000494c       0x28 .\CortexM3\ARM_GCC_493\Debug\freesoc.a(USBUART_std.o)
                0x0000494c                USBUART_GetConfigTablePtr
 .text.USBUART_ConfigAltChanged
                0x00004974      0x11c .\CortexM3\ARM_GCC_493\Debug\freesoc.a(USBUART_std.o)
                0x00004974                USBUART_ConfigAltChanged
 .text.USBUART_GetDeviceTablePtr
                0x00004a90       0x18 .\CortexM3\ARM_GCC_493\Debug\freesoc.a(USBUART_std.o)
                0x00004a90                USBUART_GetDeviceTablePtr
 .text.USBUART_GetInterfaceClassTablePtr
                0x00004aa8       0x24 .\CortexM3\ARM_GCC_493\Debug\freesoc.a(USBUART_std.o)
                0x00004aa8                USBUART_GetInterfaceClassTablePtr
 .text.USBUART_Config
                0x00004acc      0x1dc .\CortexM3\ARM_GCC_493\Debug\freesoc.a(USBUART_std.o)
                0x00004acc                USBUART_Config
 .text.USBUART_SetEndpointHalt
                0x00004ca8       0x64 .\CortexM3\ARM_GCC_493\Debug\freesoc.a(USBUART_std.o)
                0x00004ca8                USBUART_SetEndpointHalt
 .text.USBUART_ClearEndpointHalt
                0x00004d0c       0xa8 .\CortexM3\ARM_GCC_493\Debug\freesoc.a(USBUART_std.o)
                0x00004d0c                USBUART_ClearEndpointHalt
 .text.USBUART_ValidateAlternateSetting
                0x00004db4       0x4c .\CortexM3\ARM_GCC_493\Debug\freesoc.a(USBUART_std.o)
                0x00004db4                USBUART_ValidateAlternateSetting
 .text.USBUART_HandleStandardRqst
                0x00004e00      0x35c .\CortexM3\ARM_GCC_493\Debug\freesoc.a(USBUART_std.o)
                0x00004e00                USBUART_HandleStandardRqst
 .text.USBUART_HandleVendorRqst
                0x0000515c       0x3c .\CortexM3\ARM_GCC_493\Debug\freesoc.a(USBUART_vnd.o)
                0x0000515c                USBUART_HandleVendorRqst
 .text.USBUART_Dp_ClearInterrupt
                0x00005198       0x10 .\CortexM3\ARM_GCC_493\Debug\freesoc.a(USBUART_Dp.o)
                0x00005198                USBUART_Dp_ClearInterrupt
 .text.CyFlashGetSpcAlgorithm
                0x000051a8       0x4c .\CortexM3\ARM_GCC_493\Debug\freesoc.a(CyFlash.o)
 .text.CySetTempInt
                0x000051f4       0x60 .\CortexM3\ARM_GCC_493\Debug\freesoc.a(CyFlash.o)
 .text.CySetTemp
                0x00005254       0x14 .\CortexM3\ARM_GCC_493\Debug\freesoc.a(CyFlash.o)
                0x00005254                CySetTemp
 .text.CyEEPROM_Start
                0x00005268       0x54 .\CortexM3\ARM_GCC_493\Debug\freesoc.a(CyFlash.o)
                0x00005268                CyEEPROM_Start
 .text.CySpcStart
                0x000052bc       0x24 .\CortexM3\ARM_GCC_493\Debug\freesoc.a(CySpc.o)
                0x000052bc                CySpcStart
 .text.CySpcReadData
                0x000052e0       0x34 .\CortexM3\ARM_GCC_493\Debug\freesoc.a(CySpc.o)
                0x000052e0                CySpcReadData
 .text.CySpcLoadMultiByte
                0x00005314       0x78 .\CortexM3\ARM_GCC_493\Debug\freesoc.a(CySpc.o)
                0x00005314                CySpcLoadMultiByte
 .text.CySpcLoadRow
                0x0000538c       0x54 .\CortexM3\ARM_GCC_493\Debug\freesoc.a(CySpc.o)
                0x0000538c                CySpcLoadRow
 .text.CySpcWriteRow
                0x000053e0       0x4c .\CortexM3\ARM_GCC_493\Debug\freesoc.a(CySpc.o)
                0x000053e0                CySpcWriteRow
 .text.CySpcGetTemp
                0x0000542c       0x3c .\CortexM3\ARM_GCC_493\Debug\freesoc.a(CySpc.o)
                0x0000542c                CySpcGetTemp
 .text.CySpcLock
                0x00005468       0x4c .\CortexM3\ARM_GCC_493\Debug\freesoc.a(CySpc.o)
                0x00005468                CySpcLock
 .text.CySpcUnlock
                0x000054b4       0x38 .\CortexM3\ARM_GCC_493\Debug\freesoc.a(CySpc.o)
                0x000054b4                CySpcUnlock
 .text.CySpcGetAlgorithm
                0x000054ec       0x28 .\CortexM3\ARM_GCC_493\Debug\freesoc.a(CySpc.o)
                0x000054ec                CySpcGetAlgorithm
 .text.USBUART_DispatchClassRqst
                0x00005514       0x60 .\CortexM3\ARM_GCC_493\Debug\freesoc.a(USBUART_cls.o)
                0x00005514                USBUART_DispatchClassRqst
 .text.cos      0x00005574       0x90 c:/program files (x86)/cypress/psoc creator/3.3/psoc creator/import/gnu/arm/4.9.3/bin/../lib/gcc/arm-none-eabi/4.9.3/../../../../arm-none-eabi/lib/armv7-m\libm.a(lib_a-s_cos.o)
                0x00005574                cos
 .text.sin      0x00005604       0x94 c:/program files (x86)/cypress/psoc creator/3.3/psoc creator/import/gnu/arm/4.9.3/bin/../lib/gcc/arm-none-eabi/4.9.3/../../../../arm-none-eabi/lib/armv7-m\libm.a(lib_a-s_sin.o)
                0x00005604                sin
 .text.pow      0x00005698      0x2f0 c:/program files (x86)/cypress/psoc creator/3.3/psoc creator/import/gnu/arm/4.9.3/bin/../lib/gcc/arm-none-eabi/4.9.3/../../../../arm-none-eabi/lib/armv7-m\libm.a(lib_a-w_pow.o)
                0x00005698                pow
 .text.sqrt     0x00005988       0xac c:/program files (x86)/cypress/psoc creator/3.3/psoc creator/import/gnu/arm/4.9.3/bin/../lib/gcc/arm-none-eabi/4.9.3/../../../../arm-none-eabi/lib/armv7-m\libm.a(lib_a-w_sqrt.o)
                0x00005988                sqrt
 *fill*         0x00005a34        0x4 
 .text.__ieee754_pow
                0x00005a38      0xaa0 c:/program files (x86)/cypress/psoc creator/3.3/psoc creator/import/gnu/arm/4.9.3/bin/../lib/gcc/arm-none-eabi/4.9.3/../../../../arm-none-eabi/lib/armv7-m\libm.a(lib_a-e_pow.o)
                0x00005a38                __ieee754_pow
 .text.__ieee754_rem_pio2
                0x000064d8      0x428 c:/program files (x86)/cypress/psoc creator/3.3/psoc creator/import/gnu/arm/4.9.3/bin/../lib/gcc/arm-none-eabi/4.9.3/../../../../arm-none-eabi/lib/armv7-m\libm.a(lib_a-e_rem_pio2.o)
                0x000064d8                __ieee754_rem_pio2
 .text.__ieee754_sqrt
                0x00006900      0x18c c:/program files (x86)/cypress/psoc creator/3.3/psoc creator/import/gnu/arm/4.9.3/bin/../lib/gcc/arm-none-eabi/4.9.3/../../../../arm-none-eabi/lib/armv7-m\libm.a(lib_a-e_sqrt.o)
                0x00006900                __ieee754_sqrt
 *fill*         0x00006a8c        0x4 
 .text.__kernel_cos
                0x00006a90      0x248 c:/program files (x86)/cypress/psoc creator/3.3/psoc creator/import/gnu/arm/4.9.3/bin/../lib/gcc/arm-none-eabi/4.9.3/../../../../arm-none-eabi/lib/armv7-m\libm.a(lib_a-k_cos.o)
                0x00006a90                __kernel_cos
 .text.__kernel_rem_pio2
                0x00006cd8      0x808 c:/program files (x86)/cypress/psoc creator/3.3/psoc creator/import/gnu/arm/4.9.3/bin/../lib/gcc/arm-none-eabi/4.9.3/../../../../arm-none-eabi/lib/armv7-m\libm.a(lib_a-k_rem_pio2.o)
                0x00006cd8                __kernel_rem_pio2
 .text.__kernel_sin
                0x000074e0      0x170 c:/program files (x86)/cypress/psoc creator/3.3/psoc creator/import/gnu/arm/4.9.3/bin/../lib/gcc/arm-none-eabi/4.9.3/../../../../arm-none-eabi/lib/armv7-m\libm.a(lib_a-k_sin.o)
                0x000074e0                __kernel_sin
 .text.fabs     0x00007650        0x8 c:/program files (x86)/cypress/psoc creator/3.3/psoc creator/import/gnu/arm/4.9.3/bin/../lib/gcc/arm-none-eabi/4.9.3/../../../../arm-none-eabi/lib/armv7-m\libm.a(lib_a-s_fabs.o)
                0x00007650                fabs
 .text.finite   0x00007658        0xc c:/program files (x86)/cypress/psoc creator/3.3/psoc creator/import/gnu/arm/4.9.3/bin/../lib/gcc/arm-none-eabi/4.9.3/../../../../arm-none-eabi/lib/armv7-m\libm.a(lib_a-s_finite.o)
                0x00007658                finite
 *fill*         0x00007664        0x4 
 .text.floor    0x00007668      0x118 c:/program files (x86)/cypress/psoc creator/3.3/psoc creator/import/gnu/arm/4.9.3/bin/../lib/gcc/arm-none-eabi/4.9.3/../../../../arm-none-eabi/lib/armv7-m\libm.a(lib_a-s_floor.o)
                0x00007668                floor
 .text.__fpclassifyd
                0x00007780       0x58 c:/program files (x86)/cypress/psoc creator/3.3/psoc creator/import/gnu/arm/4.9.3/bin/../lib/gcc/arm-none-eabi/4.9.3/../../../../arm-none-eabi/lib/armv7-m\libm.a(lib_a-s_fpclassify.o)
                0x00007780                __fpclassifyd
 .text.matherr  0x000077d8        0x4 c:/program files (x86)/cypress/psoc creator/3.3/psoc creator/import/gnu/arm/4.9.3/bin/../lib/gcc/arm-none-eabi/4.9.3/../../../../arm-none-eabi/lib/armv7-m\libm.a(lib_a-s_matherr.o)
                0x000077d8                matherr
 .text.nan      0x000077dc        0xc c:/program files (x86)/cypress/psoc creator/3.3/psoc creator/import/gnu/arm/4.9.3/bin/../lib/gcc/arm-none-eabi/4.9.3/../../../../arm-none-eabi/lib/armv7-m\libm.a(lib_a-s_nan.o)
                0x000077dc                nan
 .text.rint     0x000077e8      0x11c c:/program files (x86)/cypress/psoc creator/3.3/psoc creator/import/gnu/arm/4.9.3/bin/../lib/gcc/arm-none-eabi/4.9.3/../../../../arm-none-eabi/lib/armv7-m\libm.a(lib_a-s_rint.o)
                0x000077e8                rint
 *fill*         0x00007904        0x4 
 .text.scalbn   0x00007908       0xf0 c:/program files (x86)/cypress/psoc creator/3.3/psoc creator/import/gnu/arm/4.9.3/bin/../lib/gcc/arm-none-eabi/4.9.3/../../../../arm-none-eabi/lib/armv7-m\libm.a(lib_a-s_scalbn.o)
                0x00007908                scalbn
 .text.copysign
                0x000079f8       0x10 c:/program files (x86)/cypress/psoc creator/3.3/psoc creator/import/gnu/arm/4.9.3/bin/../lib/gcc/arm-none-eabi/4.9.3/../../../../arm-none-eabi/lib/armv7-m\libm.a(lib_a-s_copysign.o)
                0x000079f8                copysign
 .text          0x00007a08      0x370 c:/program files (x86)/cypress/psoc creator/3.3/psoc creator/import/gnu/arm/4.9.3/bin/../lib/gcc/arm-none-eabi/4.9.3/armv7-m\libgcc.a(_arm_addsubdf3.o)
                0x00007a08                __aeabi_drsub
                0x00007a10                __aeabi_dsub
                0x00007a10                __subdf3
                0x00007a14                __aeabi_dadd
                0x00007a14                __adddf3
                0x00007c8c                __floatunsidf
                0x00007c8c                __aeabi_ui2d
                0x00007cac                __floatsidf
                0x00007cac                __aeabi_i2d
                0x00007cd0                __aeabi_f2d
                0x00007cd0                __extendsfdf2
                0x00007d0c                __floatundidf
                0x00007d0c                __aeabi_ul2d
                0x00007d1c                __floatdidf
                0x00007d1c                __aeabi_l2d
 .text          0x00007d78      0x424 c:/program files (x86)/cypress/psoc creator/3.3/psoc creator/import/gnu/arm/4.9.3/bin/../lib/gcc/arm-none-eabi/4.9.3/armv7-m\libgcc.a(_arm_muldivdf3.o)
                0x00007d78                __aeabi_dmul
                0x00007d78                __muldf3
                0x00007fcc                __divdf3
                0x00007fcc                __aeabi_ddiv
 .text          0x0000819c      0x110 c:/program files (x86)/cypress/psoc creator/3.3/psoc creator/import/gnu/arm/4.9.3/bin/../lib/gcc/arm-none-eabi/4.9.3/armv7-m\libgcc.a(_arm_cmpdf2.o)
                0x0000819c                __gtdf2
                0x0000819c                __gedf2
                0x000081a4                __ltdf2
                0x000081a4                __ledf2
                0x000081ac                __nedf2
                0x000081ac                __eqdf2
                0x000081ac                __cmpdf2
                0x00008228                __aeabi_cdrcmple
                0x00008238                __aeabi_cdcmpeq
                0x00008238                __aeabi_cdcmple
                0x00008248                __aeabi_dcmpeq
                0x0000825c                __aeabi_dcmplt
                0x00008270                __aeabi_dcmple
                0x00008284                __aeabi_dcmpge
                0x00008298                __aeabi_dcmpgt
 .text          0x000082ac       0x50 c:/program files (x86)/cypress/psoc creator/3.3/psoc creator/import/gnu/arm/4.9.3/bin/../lib/gcc/arm-none-eabi/4.9.3/armv7-m\libgcc.a(_arm_fixdfsi.o)
                0x000082ac                __aeabi_d2iz
                0x000082ac                __fixdfsi
 .text          0x000082fc       0x40 c:/program files (x86)/cypress/psoc creator/3.3/psoc creator/import/gnu/arm/4.9.3/bin/../lib/gcc/arm-none-eabi/4.9.3/armv7-m\libgcc.a(_arm_fixunsdfsi.o)
                0x000082fc                __aeabi_d2uiz
                0x000082fc                __fixunsdfsi
 .text          0x0000833c       0xa0 c:/program files (x86)/cypress/psoc creator/3.3/psoc creator/import/gnu/arm/4.9.3/bin/../lib/gcc/arm-none-eabi/4.9.3/armv7-m\libgcc.a(_arm_truncdfsf2.o)
                0x0000833c                __truncdfsf2
                0x0000833c                __aeabi_d2f
 .text          0x000083dc      0x21c c:/program files (x86)/cypress/psoc creator/3.3/psoc creator/import/gnu/arm/4.9.3/bin/../lib/gcc/arm-none-eabi/4.9.3/armv7-m\libgcc.a(_arm_addsubsf3.o)
                0x000083dc                __aeabi_frsub
                0x000083e4                __subsf3
                0x000083e4                __aeabi_fsub
                0x000083e8                __aeabi_fadd
                0x000083e8                __addsf3
                0x00008548                __aeabi_ui2f
                0x00008548                __floatunsisf
                0x00008550                __aeabi_i2f
                0x00008550                __floatsisf
                0x0000856c                __aeabi_ul2f
                0x0000856c                __floatundisf
                0x0000857c                __aeabi_l2f
                0x0000857c                __floatdisf
 .text          0x000085f8      0x2a0 c:/program files (x86)/cypress/psoc creator/3.3/psoc creator/import/gnu/arm/4.9.3/bin/../lib/gcc/arm-none-eabi/4.9.3/armv7-m\libgcc.a(_arm_muldivsf3.o)
                0x000085f8                __mulsf3
                0x000085f8                __aeabi_fmul
                0x00008760                __aeabi_fdiv
                0x00008760                __divsf3
 .text          0x00008898       0xec c:/program files (x86)/cypress/psoc creator/3.3/psoc creator/import/gnu/arm/4.9.3/bin/../lib/gcc/arm-none-eabi/4.9.3/armv7-m\libgcc.a(_arm_cmpsf2.o)
                0x00008898                __gesf2
                0x00008898                __gtsf2
                0x000088a0                __lesf2
                0x000088a0                __ltsf2
                0x000088a8                __nesf2
                0x000088a8                __eqsf2
                0x000088a8                __cmpsf2
                0x00008908                __aeabi_cfrcmple
                0x00008910                __aeabi_cfcmpeq
                0x00008910                __aeabi_cfcmple
                0x00008920                __aeabi_fcmpeq
                0x00008934                __aeabi_fcmplt
                0x00008948                __aeabi_fcmple
                0x0000895c                __aeabi_fcmpge
                0x00008970                __aeabi_fcmpgt
 .text          0x00008984       0x4c c:/program files (x86)/cypress/psoc creator/3.3/psoc creator/import/gnu/arm/4.9.3/bin/../lib/gcc/arm-none-eabi/4.9.3/armv7-m\libgcc.a(_arm_fixsfsi.o)
                0x00008984                __aeabi_f2iz
                0x00008984                __fixsfsi
 .text.__assert_func
                0x000089d0       0x38 c:/program files (x86)/cypress/psoc creator/3.3/psoc creator/import/gnu/arm/4.9.3/bin/../lib/gcc/arm-none-eabi/4.9.3/../../../../arm-none-eabi/lib/armv7-m\libg_nano.a(lib_a-assert.o)
                0x000089d0                __assert_func
 .text.atof     0x00008a08        0x6 c:/program files (x86)/cypress/psoc creator/3.3/psoc creator/import/gnu/arm/4.9.3/bin/../lib/gcc/arm-none-eabi/4.9.3/../../../../arm-none-eabi/lib/armv7-m\libg_nano.a(lib_a-atof.o)
                0x00008a08                atof
 *fill*         0x00008a0e        0x2 
 .text.__errno  0x00008a10        0xc c:/program files (x86)/cypress/psoc creator/3.3/psoc creator/import/gnu/arm/4.9.3/bin/../lib/gcc/arm-none-eabi/4.9.3/../../../../arm-none-eabi/lib/armv7-m\libg_nano.a(lib_a-errno.o)
                0x00008a10                __errno
 .text.fprintf  0x00008a1c       0x24 c:/program files (x86)/cypress/psoc creator/3.3/psoc creator/import/gnu/arm/4.9.3/bin/../lib/gcc/arm-none-eabi/4.9.3/../../../../arm-none-eabi/lib/armv7-m\libg_nano.a(lib_a-fprintf.o)
                0x00008a1c                fiprintf
                0x00008a1c                fprintf
 .text.__libc_init_array
                0x00008a40       0x4c c:/program files (x86)/cypress/psoc creator/3.3/psoc creator/import/gnu/arm/4.9.3/bin/../lib/gcc/arm-none-eabi/4.9.3/../../../../arm-none-eabi/lib/armv7-m\libg_nano.a(lib_a-init.o)
                0x00008a40                __libc_init_array
 .text.__itoa   0x00008a8c       0x2e c:/program files (x86)/cypress/psoc creator/3.3/psoc creator/import/gnu/arm/4.9.3/bin/../lib/gcc/arm-none-eabi/4.9.3/../../../../arm-none-eabi/lib/armv7-m\libg_nano.a(lib_a-itoa.o)
                0x00008a8c                __itoa
 .text.itoa     0x00008aba        0x4 c:/program files (x86)/cypress/psoc creator/3.3/psoc creator/import/gnu/arm/4.9.3/bin/../lib/gcc/arm-none-eabi/4.9.3/../../../../arm-none-eabi/lib/armv7-m\libg_nano.a(lib_a-itoa.o)
                0x00008aba                itoa
 .text.memcpy   0x00008abe       0x16 c:/program files (x86)/cypress/psoc creator/3.3/psoc creator/import/gnu/arm/4.9.3/bin/../lib/gcc/arm-none-eabi/4.9.3/../../../../arm-none-eabi/lib/armv7-m\libg_nano.a(lib_a-memcpy.o)
                0x00008abe                memcpy
 .text.memset   0x00008ad4       0x10 c:/program files (x86)/cypress/psoc creator/3.3/psoc creator/import/gnu/arm/4.9.3/bin/../lib/gcc/arm-none-eabi/4.9.3/../../../../arm-none-eabi/lib/armv7-m\libg_nano.a(lib_a-memset.o)
                0x00008ad4                memset
 .text.__sfputc_r
                0x00008ae4       0x2c c:/program files (x86)/cypress/psoc creator/3.3/psoc creator/import/gnu/arm/4.9.3/bin/../lib/gcc/arm-none-eabi/4.9.3/../../../../arm-none-eabi/lib/armv7-m\libg_nano.a(lib_a-nano-vfprintf.o)
 .text.__sfputs_r
                0x00008b10       0x24 c:/program files (x86)/cypress/psoc creator/3.3/psoc creator/import/gnu/arm/4.9.3/bin/../lib/gcc/arm-none-eabi/4.9.3/../../../../arm-none-eabi/lib/armv7-m\libg_nano.a(lib_a-nano-vfprintf.o)
                0x00008b10                __sfputs_r
 .text._vfprintf_r
                0x00008b34      0x210 c:/program files (x86)/cypress/psoc creator/3.3/psoc creator/import/gnu/arm/4.9.3/bin/../lib/gcc/arm-none-eabi/4.9.3/../../../../arm-none-eabi/lib/armv7-m\libg_nano.a(lib_a-nano-vfprintf.o)
                0x00008b34                _vfprintf_r
                0x00008b34                _vfiprintf_r
 .text.__cvt    0x00008d44       0xbc c:/program files (x86)/cypress/psoc creator/3.3/psoc creator/import/gnu/arm/4.9.3/bin/../lib/gcc/arm-none-eabi/4.9.3/../../../../arm-none-eabi/lib/armv7-m\libg_nano.a(lib_a-nano-vfprintf_float.o)
                0x00008d44                __cvt
 .text.__exponent
                0x00008e00       0x62 c:/program files (x86)/cypress/psoc creator/3.3/psoc creator/import/gnu/arm/4.9.3/bin/../lib/gcc/arm-none-eabi/4.9.3/../../../../arm-none-eabi/lib/armv7-m\libg_nano.a(lib_a-nano-vfprintf_float.o)
                0x00008e00                __exponent
 *fill*         0x00008e62        0x2 
 .text._printf_float
                0x00008e64      0x48c c:/program files (x86)/cypress/psoc creator/3.3/psoc creator/import/gnu/arm/4.9.3/bin/../lib/gcc/arm-none-eabi/4.9.3/../../../../arm-none-eabi/lib/armv7-m\libg_nano.a(lib_a-nano-vfprintf_float.o)
                0x00008e64                _printf_float
 .text._printf_common
                0x000092f0       0xea c:/program files (x86)/cypress/psoc creator/3.3/psoc creator/import/gnu/arm/4.9.3/bin/../lib/gcc/arm-none-eabi/4.9.3/../../../../arm-none-eabi/lib/armv7-m\libg_nano.a(lib_a-nano-vfprintf_i.o)
                0x000092f0                _printf_common
 *fill*         0x000093da        0x2 
 .text._printf_i
                0x000093dc      0x240 c:/program files (x86)/cypress/psoc creator/3.3/psoc creator/import/gnu/arm/4.9.3/bin/../lib/gcc/arm-none-eabi/4.9.3/../../../../arm-none-eabi/lib/armv7-m\libg_nano.a(lib_a-nano-vfprintf_i.o)
                0x000093dc                _printf_i
 .text.snprintf
                0x0000961c       0x64 c:/program files (x86)/cypress/psoc creator/3.3/psoc creator/import/gnu/arm/4.9.3/bin/../lib/gcc/arm-none-eabi/4.9.3/../../../../arm-none-eabi/lib/armv7-m\libg_nano.a(lib_a-snprintf.o)
                0x0000961c                sniprintf
                0x0000961c                snprintf
 .text.sprintf  0x00009680       0x48 c:/program files (x86)/cypress/psoc creator/3.3/psoc creator/import/gnu/arm/4.9.3/bin/../lib/gcc/arm-none-eabi/4.9.3/../../../../arm-none-eabi/lib/armv7-m\libg_nano.a(lib_a-sprintf.o)
                0x00009680                siprintf
                0x00009680                sprintf
 .text.strlen   0x000096c8       0x10 c:/program files (x86)/cypress/psoc creator/3.3/psoc creator/import/gnu/arm/4.9.3/bin/../lib/gcc/arm-none-eabi/4.9.3/../../../../arm-none-eabi/lib/armv7-m\libg_nano.a(lib_a-strlen.o)
                0x000096c8                strlen
 .text.match    0x000096d8       0x26 c:/program files (x86)/cypress/psoc creator/3.3/psoc creator/import/gnu/arm/4.9.3/bin/../lib/gcc/arm-none-eabi/4.9.3/../../../../arm-none-eabi/lib/armv7-m\libg_nano.a(lib_a-strtod.o)
 .text.sulp     0x000096fe       0x42 c:/program files (x86)/cypress/psoc creator/3.3/psoc creator/import/gnu/arm/4.9.3/bin/../lib/gcc/arm-none-eabi/4.9.3/../../../../arm-none-eabi/lib/armv7-m\libg_nano.a(lib_a-strtod.o)
 .text._strtod_r
                0x00009740      0xc40 c:/program files (x86)/cypress/psoc creator/3.3/psoc creator/import/gnu/arm/4.9.3/bin/../lib/gcc/arm-none-eabi/4.9.3/../../../../arm-none-eabi/lib/armv7-m\libg_nano.a(lib_a-strtod.o)
                0x00009740                _strtod_r
 .text.strtod   0x0000a380       0x14 c:/program files (x86)/cypress/psoc creator/3.3/psoc creator/import/gnu/arm/4.9.3/bin/../lib/gcc/arm-none-eabi/4.9.3/../../../../arm-none-eabi/lib/armv7-m\libg_nano.a(lib_a-strtod.o)
                0x0000a380                strtod
 .text.__utoa   0x0000a394       0x78 c:/program files (x86)/cypress/psoc creator/3.3/psoc creator/import/gnu/arm/4.9.3/bin/../lib/gcc/arm-none-eabi/4.9.3/../../../../arm-none-eabi/lib/armv7-m\libg_nano.a(lib_a-utoa.o)
                0x0000a394                __utoa
 .text.__swbuf_r
                0x0000a40c       0xa8 c:/program files (x86)/cypress/psoc creator/3.3/psoc creator/import/gnu/arm/4.9.3/bin/../lib/gcc/arm-none-eabi/4.9.3/../../../../arm-none-eabi/lib/armv7-m\libg_nano.a(lib_a-wbuf.o)
                0x0000a40c                __swbuf_r
 .text.__swsetup_r
                0x0000a4b4       0xd8 c:/program files (x86)/cypress/psoc creator/3.3/psoc creator/import/gnu/arm/4.9.3/bin/../lib/gcc/arm-none-eabi/4.9.3/../../../../arm-none-eabi/lib/armv7-m\libg_nano.a(lib_a-wsetup.o)
                0x0000a4b4                __swsetup_r
 .text.abort    0x0000a58c        0xe c:/program files (x86)/cypress/psoc creator/3.3/psoc creator/import/gnu/arm/4.9.3/bin/../lib/gcc/arm-none-eabi/4.9.3/../../../../arm-none-eabi/lib/armv7-m\libg_nano.a(lib_a-abort.o)
                0x0000a58c                abort
 .text.quorem   0x0000a59a      0x114 c:/program files (x86)/cypress/psoc creator/3.3/psoc creator/import/gnu/arm/4.9.3/bin/../lib/gcc/arm-none-eabi/4.9.3/../../../../arm-none-eabi/lib/armv7-m\libg_nano.a(lib_a-dtoa.o)
 *fill*         0x0000a6ae        0x2 
 .text._dtoa_r  0x0000a6b0      0xb78 c:/program files (x86)/cypress/psoc creator/3.3/psoc creator/import/gnu/arm/4.9.3/bin/../lib/gcc/arm-none-eabi/4.9.3/../../../../arm-none-eabi/lib/armv7-m\libg_nano.a(lib_a-dtoa.o)
                0x0000a6b0                _dtoa_r
 .text.__sflush_r
                0x0000b228      0x106 c:/program files (x86)/cypress/psoc creator/3.3/psoc creator/import/gnu/arm/4.9.3/bin/../lib/gcc/arm-none-eabi/4.9.3/../../../../arm-none-eabi/lib/armv7-m\libg_nano.a(lib_a-fflush.o)
                0x0000b228                __sflush_r
 *fill*         0x0000b32e        0x2 
 .text._fflush_r
                0x0000b330       0x54 c:/program files (x86)/cypress/psoc creator/3.3/psoc creator/import/gnu/arm/4.9.3/bin/../lib/gcc/arm-none-eabi/4.9.3/../../../../arm-none-eabi/lib/armv7-m\libg_nano.a(lib_a-fflush.o)
                0x0000b330                _fflush_r
 .text._cleanup_r
                0x0000b384        0xc c:/program files (x86)/cypress/psoc creator/3.3/psoc creator/import/gnu/arm/4.9.3/bin/../lib/gcc/arm-none-eabi/4.9.3/../../../../arm-none-eabi/lib/armv7-m\libg_nano.a(lib_a-findfp.o)
                0x0000b384                _cleanup_r
 .text.std.isra.0
                0x0000b390       0x48 c:/program files (x86)/cypress/psoc creator/3.3/psoc creator/import/gnu/arm/4.9.3/bin/../lib/gcc/arm-none-eabi/4.9.3/../../../../arm-none-eabi/lib/armv7-m\libg_nano.a(lib_a-findfp.o)
 .text.__sfmoreglue
                0x0000b3d8       0x2c c:/program files (x86)/cypress/psoc creator/3.3/psoc creator/import/gnu/arm/4.9.3/bin/../lib/gcc/arm-none-eabi/4.9.3/../../../../arm-none-eabi/lib/armv7-m\libg_nano.a(lib_a-findfp.o)
                0x0000b3d8                __sfmoreglue
 .text.__sinit  0x0000b404       0x60 c:/program files (x86)/cypress/psoc creator/3.3/psoc creator/import/gnu/arm/4.9.3/bin/../lib/gcc/arm-none-eabi/4.9.3/../../../../arm-none-eabi/lib/armv7-m\libg_nano.a(lib_a-findfp.o)
                0x0000b404                __sinit
 .text.__sfp    0x0000b464       0x74 c:/program files (x86)/cypress/psoc creator/3.3/psoc creator/import/gnu/arm/4.9.3/bin/../lib/gcc/arm-none-eabi/4.9.3/../../../../arm-none-eabi/lib/armv7-m\libg_nano.a(lib_a-findfp.o)
                0x0000b464                __sfp
 .text._fwalk_reent
                0x0000b4d8       0x3c c:/program files (x86)/cypress/psoc creator/3.3/psoc creator/import/gnu/arm/4.9.3/bin/../lib/gcc/arm-none-eabi/4.9.3/../../../../arm-none-eabi/lib/armv7-m\libg_nano.a(lib_a-fwalk.o)
                0x0000b4d8                _fwalk_reent
 .text.rshift   0x0000b514       0x6c c:/program files (x86)/cypress/psoc creator/3.3/psoc creator/import/gnu/arm/4.9.3/bin/../lib/gcc/arm-none-eabi/4.9.3/../../../../arm-none-eabi/lib/armv7-m\libg_nano.a(lib_a-gdtoa-gethex.o)
 .text.__hexdig_fun
                0x0000b580       0x2a c:/program files (x86)/cypress/psoc creator/3.3/psoc creator/import/gnu/arm/4.9.3/bin/../lib/gcc/arm-none-eabi/4.9.3/../../../../arm-none-eabi/lib/armv7-m\libg_nano.a(lib_a-gdtoa-gethex.o)
                0x0000b580                __hexdig_fun
 .text.__gethex
                0x0000b5aa      0x44a c:/program files (x86)/cypress/psoc creator/3.3/psoc creator/import/gnu/arm/4.9.3/bin/../lib/gcc/arm-none-eabi/4.9.3/../../../../arm-none-eabi/lib/armv7-m\libg_nano.a(lib_a-gdtoa-gethex.o)
                0x0000b5aa                __gethex
 .text.L_shift  0x0000b9f4       0x24 c:/program files (x86)/cypress/psoc creator/3.3/psoc creator/import/gnu/arm/4.9.3/bin/../lib/gcc/arm-none-eabi/4.9.3/../../../../arm-none-eabi/lib/armv7-m\libg_nano.a(lib_a-gdtoa-hexnan.o)
 .text.__hexnan
                0x0000ba18      0x114 c:/program files (x86)/cypress/psoc creator/3.3/psoc creator/import/gnu/arm/4.9.3/bin/../lib/gcc/arm-none-eabi/4.9.3/../../../../arm-none-eabi/lib/armv7-m\libg_nano.a(lib_a-gdtoa-hexnan.o)
                0x0000ba18                __hexnan
 .text._localeconv_r
                0x0000bb2c        0x8 c:/program files (x86)/cypress/psoc creator/3.3/psoc creator/import/gnu/arm/4.9.3/bin/../lib/gcc/arm-none-eabi/4.9.3/../../../../arm-none-eabi/lib/armv7-m\libg_nano.a(lib_a-locale.o)
                0x0000bb2c                _localeconv_r
 .text.__smakebuf_r
                0x0000bb34       0x98 c:/program files (x86)/cypress/psoc creator/3.3/psoc creator/import/gnu/arm/4.9.3/bin/../lib/gcc/arm-none-eabi/4.9.3/../../../../arm-none-eabi/lib/armv7-m\libg_nano.a(lib_a-makebuf.o)
                0x0000bb34                __smakebuf_r
 .text.malloc   0x0000bbcc       0x10 c:/program files (x86)/cypress/psoc creator/3.3/psoc creator/import/gnu/arm/4.9.3/bin/../lib/gcc/arm-none-eabi/4.9.3/../../../../arm-none-eabi/lib/armv7-m\libg_nano.a(lib_a-malloc.o)
                0x0000bbcc                malloc
 .text.memchr   0x0000bbdc       0x1c c:/program files (x86)/cypress/psoc creator/3.3/psoc creator/import/gnu/arm/4.9.3/bin/../lib/gcc/arm-none-eabi/4.9.3/../../../../arm-none-eabi/lib/armv7-m\libg_nano.a(lib_a-memchr.o)
                0x0000bbdc                memchr
 .text.memmove  0x0000bbf8       0x36 c:/program files (x86)/cypress/psoc creator/3.3/psoc creator/import/gnu/arm/4.9.3/bin/../lib/gcc/arm-none-eabi/4.9.3/../../../../arm-none-eabi/lib/armv7-m\libg_nano.a(lib_a-memmove.o)
                0x0000bbf8                memmove
 .text._Balloc  0x0000bc2e       0x6a c:/program files (x86)/cypress/psoc creator/3.3/psoc creator/import/gnu/arm/4.9.3/bin/../lib/gcc/arm-none-eabi/4.9.3/../../../../arm-none-eabi/lib/armv7-m\libg_nano.a(lib_a-mprec.o)
                0x0000bc2e                _Balloc
 .text._Bfree   0x0000bc98       0x2e c:/program files (x86)/cypress/psoc creator/3.3/psoc creator/import/gnu/arm/4.9.3/bin/../lib/gcc/arm-none-eabi/4.9.3/../../../../arm-none-eabi/lib/armv7-m\libg_nano.a(lib_a-mprec.o)
                0x0000bc98                _Bfree
 .text.__multadd
                0x0000bcc6       0x7c c:/program files (x86)/cypress/psoc creator/3.3/psoc creator/import/gnu/arm/4.9.3/bin/../lib/gcc/arm-none-eabi/4.9.3/../../../../arm-none-eabi/lib/armv7-m\libg_nano.a(lib_a-mprec.o)
                0x0000bcc6                __multadd
 .text.__s2b    0x0000bd42       0x80 c:/program files (x86)/cypress/psoc creator/3.3/psoc creator/import/gnu/arm/4.9.3/bin/../lib/gcc/arm-none-eabi/4.9.3/../../../../arm-none-eabi/lib/armv7-m\libg_nano.a(lib_a-mprec.o)
                0x0000bd42                __s2b
 .text.__hi0bits
                0x0000bdc2       0x40 c:/program files (x86)/cypress/psoc creator/3.3/psoc creator/import/gnu/arm/4.9.3/bin/../lib/gcc/arm-none-eabi/4.9.3/../../../../arm-none-eabi/lib/armv7-m\libg_nano.a(lib_a-mprec.o)
                0x0000bdc2                __hi0bits
 .text.__lo0bits
                0x0000be02       0x5a c:/program files (x86)/cypress/psoc creator/3.3/psoc creator/import/gnu/arm/4.9.3/bin/../lib/gcc/arm-none-eabi/4.9.3/../../../../arm-none-eabi/lib/armv7-m\libg_nano.a(lib_a-mprec.o)
                0x0000be02                __lo0bits
 .text.__i2b    0x0000be5c       0x12 c:/program files (x86)/cypress/psoc creator/3.3/psoc creator/import/gnu/arm/4.9.3/bin/../lib/gcc/arm-none-eabi/4.9.3/../../../../arm-none-eabi/lib/armv7-m\libg_nano.a(lib_a-mprec.o)
                0x0000be5c                __i2b
 .text.__multiply
                0x0000be6e      0x120 c:/program files (x86)/cypress/psoc creator/3.3/psoc creator/import/gnu/arm/4.9.3/bin/../lib/gcc/arm-none-eabi/4.9.3/../../../../arm-none-eabi/lib/armv7-m\libg_nano.a(lib_a-mprec.o)
                0x0000be6e                __multiply
 *fill*         0x0000bf8e        0x2 
 .text.__pow5mult
                0x0000bf90       0x9c c:/program files (x86)/cypress/psoc creator/3.3/psoc creator/import/gnu/arm/4.9.3/bin/../lib/gcc/arm-none-eabi/4.9.3/../../../../arm-none-eabi/lib/armv7-m\libg_nano.a(lib_a-mprec.o)
                0x0000bf90                __pow5mult
 .text.__lshift
                0x0000c02c       0xa6 c:/program files (x86)/cypress/psoc creator/3.3/psoc creator/import/gnu/arm/4.9.3/bin/../lib/gcc/arm-none-eabi/4.9.3/../../../../arm-none-eabi/lib/armv7-m\libg_nano.a(lib_a-mprec.o)
                0x0000c02c                __lshift
 .text.__mcmp   0x0000c0d2       0x38 c:/program files (x86)/cypress/psoc creator/3.3/psoc creator/import/gnu/arm/4.9.3/bin/../lib/gcc/arm-none-eabi/4.9.3/../../../../arm-none-eabi/lib/armv7-m\libg_nano.a(lib_a-mprec.o)
                0x0000c0d2                __mcmp
 .text.__mdiff  0x0000c10a       0xbe c:/program files (x86)/cypress/psoc creator/3.3/psoc creator/import/gnu/arm/4.9.3/bin/../lib/gcc/arm-none-eabi/4.9.3/../../../../arm-none-eabi/lib/armv7-m\libg_nano.a(lib_a-mprec.o)
                0x0000c10a                __mdiff
 .text.__ulp    0x0000c1c8       0x48 c:/program files (x86)/cypress/psoc creator/3.3/psoc creator/import/gnu/arm/4.9.3/bin/../lib/gcc/arm-none-eabi/4.9.3/../../../../arm-none-eabi/lib/armv7-m\libg_nano.a(lib_a-mprec.o)
                0x0000c1c8                __ulp
 .text.__b2d    0x0000c210       0x9e c:/program files (x86)/cypress/psoc creator/3.3/psoc creator/import/gnu/arm/4.9.3/bin/../lib/gcc/arm-none-eabi/4.9.3/../../../../arm-none-eabi/lib/armv7-m\libg_nano.a(lib_a-mprec.o)
                0x0000c210                __b2d
 .text.__d2b    0x0000c2ae       0xa4 c:/program files (x86)/cypress/psoc creator/3.3/psoc creator/import/gnu/arm/4.9.3/bin/../lib/gcc/arm-none-eabi/4.9.3/../../../../arm-none-eabi/lib/armv7-m\libg_nano.a(lib_a-mprec.o)
                0x0000c2ae                __d2b
 .text.__ratio  0x0000c352       0x50 c:/program files (x86)/cypress/psoc creator/3.3/psoc creator/import/gnu/arm/4.9.3/bin/../lib/gcc/arm-none-eabi/4.9.3/../../../../arm-none-eabi/lib/armv7-m\libg_nano.a(lib_a-mprec.o)
                0x0000c352                __ratio
 .text.__copybits
                0x0000c3a2       0x34 c:/program files (x86)/cypress/psoc creator/3.3/psoc creator/import/gnu/arm/4.9.3/bin/../lib/gcc/arm-none-eabi/4.9.3/../../../../arm-none-eabi/lib/armv7-m\libg_nano.a(lib_a-mprec.o)
                0x0000c3a2                __copybits
 .text.__any_on
                0x0000c3d6       0x44 c:/program files (x86)/cypress/psoc creator/3.3/psoc creator/import/gnu/arm/4.9.3/bin/../lib/gcc/arm-none-eabi/4.9.3/../../../../arm-none-eabi/lib/armv7-m\libg_nano.a(lib_a-mprec.o)
                0x0000c3d6                __any_on
 .text._calloc_r
                0x0000c41a       0x1c c:/program files (x86)/cypress/psoc creator/3.3/psoc creator/import/gnu/arm/4.9.3/bin/../lib/gcc/arm-none-eabi/4.9.3/../../../../arm-none-eabi/lib/armv7-m\libg_nano.a(lib_a-nano-callocr.o)
                0x0000c41a                _calloc_r
 *fill*         0x0000c436        0x2 
 .text._free_r  0x0000c438       0x88 c:/program files (x86)/cypress/psoc creator/3.3/psoc creator/import/gnu/arm/4.9.3/bin/../lib/gcc/arm-none-eabi/4.9.3/../../../../arm-none-eabi/lib/armv7-m\libg_nano.a(lib_a-nano-freer.o)
                0x0000c438                _free_r
 .text._malloc_r
                0x0000c4c0       0xac c:/program files (x86)/cypress/psoc creator/3.3/psoc creator/import/gnu/arm/4.9.3/bin/../lib/gcc/arm-none-eabi/4.9.3/../../../../arm-none-eabi/lib/armv7-m\libg_nano.a(lib_a-nano-mallocr.o)
                0x0000c4c0                _malloc_r
 .text._realloc_r
                0x0000c56c       0x4c c:/program files (x86)/cypress/psoc creator/3.3/psoc creator/import/gnu/arm/4.9.3/bin/../lib/gcc/arm-none-eabi/4.9.3/../../../../arm-none-eabi/lib/armv7-m\libg_nano.a(lib_a-nano-reallocr.o)
                0x0000c56c                _realloc_r
 .text.__ssputs_r
                0x0000c5b8       0xb2 c:/program files (x86)/cypress/psoc creator/3.3/psoc creator/import/gnu/arm/4.9.3/bin/../lib/gcc/arm-none-eabi/4.9.3/../../../../arm-none-eabi/lib/armv7-m\libg_nano.a(lib_a-nano-svfprintf.o)
                0x0000c5b8                __ssputs_r
 *fill*         0x0000c66a        0x2 
 .text._svfprintf_r
                0x0000c66c      0x1e4 c:/program files (x86)/cypress/psoc creator/3.3/psoc creator/import/gnu/arm/4.9.3/bin/../lib/gcc/arm-none-eabi/4.9.3/../../../../arm-none-eabi/lib/armv7-m\libg_nano.a(lib_a-nano-svfprintf.o)
                0x0000c66c                _svfiprintf_r
                0x0000c66c                _svfprintf_r
 .text._sbrk_r  0x0000c850       0x20 c:/program files (x86)/cypress/psoc creator/3.3/psoc creator/import/gnu/arm/4.9.3/bin/../lib/gcc/arm-none-eabi/4.9.3/../../../../arm-none-eabi/lib/armv7-m\libg_nano.a(lib_a-sbrkr.o)
                0x0000c850                _sbrk_r
 .text._raise_r
                0x0000c870       0x50 c:/program files (x86)/cypress/psoc creator/3.3/psoc creator/import/gnu/arm/4.9.3/bin/../lib/gcc/arm-none-eabi/4.9.3/../../../../arm-none-eabi/lib/armv7-m\libg_nano.a(lib_a-signal.o)
                0x0000c870                _raise_r
 .text.raise    0x0000c8c0       0x10 c:/program files (x86)/cypress/psoc creator/3.3/psoc creator/import/gnu/arm/4.9.3/bin/../lib/gcc/arm-none-eabi/4.9.3/../../../../arm-none-eabi/lib/armv7-m\libg_nano.a(lib_a-signal.o)
                0x0000c8c0                raise
 .text._kill_r  0x0000c8d0       0x24 c:/program files (x86)/cypress/psoc creator/3.3/psoc creator/import/gnu/arm/4.9.3/bin/../lib/gcc/arm-none-eabi/4.9.3/../../../../arm-none-eabi/lib/armv7-m\libg_nano.a(lib_a-signalr.o)
                0x0000c8d0                _kill_r
 .text._getpid_r
                0x0000c8f4        0x4 c:/program files (x86)/cypress/psoc creator/3.3/psoc creator/import/gnu/arm/4.9.3/bin/../lib/gcc/arm-none-eabi/4.9.3/../../../../arm-none-eabi/lib/armv7-m\libg_nano.a(lib_a-signalr.o)
                0x0000c8f4                _getpid_r
 .text.__sread  0x0000c8f8       0x22 c:/program files (x86)/cypress/psoc creator/3.3/psoc creator/import/gnu/arm/4.9.3/bin/../lib/gcc/arm-none-eabi/4.9.3/../../../../arm-none-eabi/lib/armv7-m\libg_nano.a(lib_a-stdio.o)
                0x0000c8f8                __sread
 .text.__swrite
                0x0000c91a       0x38 c:/program files (x86)/cypress/psoc creator/3.3/psoc creator/import/gnu/arm/4.9.3/bin/../lib/gcc/arm-none-eabi/4.9.3/../../../../arm-none-eabi/lib/armv7-m\libg_nano.a(lib_a-stdio.o)
                0x0000c91a                __swrite
 .text.__sseek  0x0000c952       0x24 c:/program files (x86)/cypress/psoc creator/3.3/psoc creator/import/gnu/arm/4.9.3/bin/../lib/gcc/arm-none-eabi/4.9.3/../../../../arm-none-eabi/lib/armv7-m\libg_nano.a(lib_a-stdio.o)
                0x0000c952                __sseek
 .text.__sclose
                0x0000c976        0x8 c:/program files (x86)/cypress/psoc creator/3.3/psoc creator/import/gnu/arm/4.9.3/bin/../lib/gcc/arm-none-eabi/4.9.3/../../../../arm-none-eabi/lib/armv7-m\libg_nano.a(lib_a-stdio.o)
                0x0000c976                __sclose
 .text.strncmp  0x0000c97e       0x32 c:/program files (x86)/cypress/psoc creator/3.3/psoc creator/import/gnu/arm/4.9.3/bin/../lib/gcc/arm-none-eabi/4.9.3/../../../../arm-none-eabi/lib/armv7-m\libg_nano.a(lib_a-strncmp.o)
                0x0000c97e                strncmp
 .text._write_r
                0x0000c9b0       0x24 c:/program files (x86)/cypress/psoc creator/3.3/psoc creator/import/gnu/arm/4.9.3/bin/../lib/gcc/arm-none-eabi/4.9.3/../../../../arm-none-eabi/lib/armv7-m\libg_nano.a(lib_a-writer.o)
                0x0000c9b0                _write_r
 .text._close_r
                0x0000c9d4       0x20 c:/program files (x86)/cypress/psoc creator/3.3/psoc creator/import/gnu/arm/4.9.3/bin/../lib/gcc/arm-none-eabi/4.9.3/../../../../arm-none-eabi/lib/armv7-m\libg_nano.a(lib_a-closer.o)
                0x0000c9d4                _close_r
 .text._fstat_r
                0x0000c9f4       0x24 c:/program files (x86)/cypress/psoc creator/3.3/psoc creator/import/gnu/arm/4.9.3/bin/../lib/gcc/arm-none-eabi/4.9.3/../../../../arm-none-eabi/lib/armv7-m\libg_nano.a(lib_a-fstatr.o)
                0x0000c9f4                _fstat_r
 .text._isatty_r
                0x0000ca18       0x20 c:/program files (x86)/cypress/psoc creator/3.3/psoc creator/import/gnu/arm/4.9.3/bin/../lib/gcc/arm-none-eabi/4.9.3/../../../../arm-none-eabi/lib/armv7-m\libg_nano.a(lib_a-isattyr.o)
                0x0000ca18                _isatty_r
 .text._lseek_r
                0x0000ca38       0x24 c:/program files (x86)/cypress/psoc creator/3.3/psoc creator/import/gnu/arm/4.9.3/bin/../lib/gcc/arm-none-eabi/4.9.3/../../../../arm-none-eabi/lib/armv7-m\libg_nano.a(lib_a-lseekr.o)
                0x0000ca38                _lseek_r
 .text._malloc_usable_size_r