Archive member included because of file (symbol)

.\CortexM3\ARM_GCC_493\Debug\freesoc.a(cyfitter_cfg.o)
                              .\CortexM3\ARM_GCC_493\Debug\infrared.o (Front_AMuxSeq_DisconnectAll)
.\CortexM3\ARM_GCC_493\Debug\freesoc.a(Left_HB25_Enable_Pin.o)
                              .\CortexM3\ARM_GCC_493\Debug\motor.o (Left_HB25_Enable_Pin_Write)
.\CortexM3\ARM_GCC_493\Debug\freesoc.a(Left_HB25_PWM.o)
                              .\CortexM3\ARM_GCC_493\Debug\motor.o (Left_HB25_PWM_Stop)
.\CortexM3\ARM_GCC_493\Debug\freesoc.a(Right_HB25_Enable_Pin.o)
                              .\CortexM3\ARM_GCC_493\Debug\motor.o (Right_HB25_Enable_Pin_Write)
.\CortexM3\ARM_GCC_493\Debug\freesoc.a(Right_HB25_PWM.o)
                              .\CortexM3\ARM_GCC_493\Debug\motor.o (Right_HB25_PWM_Stop)
.\CortexM3\ARM_GCC_493\Debug\freesoc.a(CyBootAsmGnu.o)
                              .\CortexM3\ARM_GCC_493\Debug\freesoc.a(cyfitter_cfg.o) (CyDelayCycles)
.\CortexM3\ARM_GCC_493\Debug\freesoc.a(CyLib.o)
                              .\CortexM3\ARM_GCC_493\Debug\Cm3Start.o (CyHalt)
.\CortexM3\ARM_GCC_493\Debug\freesoc.a(cyPm.o)
                              .\CortexM3\ARM_GCC_493\Debug\freesoc.a(CyLib.o) (CyPmReadStatus)
.\CortexM3\ARM_GCC_493\Debug\freesoc.a(EZI2C_Slave.o)
                              .\CortexM3\ARM_GCC_493\Debug\i2c.o (EZI2C_Slave_Start)
.\CortexM3\ARM_GCC_493\Debug\freesoc.a(EZI2C_Slave_PM.o)
                              .\CortexM3\ARM_GCC_493\Debug\freesoc.a(EZI2C_Slave.o) (EZI2C_Slave_backup)
.\CortexM3\ARM_GCC_493\Debug\freesoc.a(EZI2C_Slave_INT.o)
                              .\CortexM3\ARM_GCC_493\Debug\freesoc.a(EZI2C_Slave.o) (EZI2C_Slave_ISR)
.\CortexM3\ARM_GCC_493\Debug\freesoc.a(Front_Echo_Intr.o)
                              .\CortexM3\ARM_GCC_493\Debug\ultrasonic.o (Front_Echo_Intr_StartEx)
.\CortexM3\ARM_GCC_493\Debug\freesoc.a(Front_Trigger_Reg.o)
                              .\CortexM3\ARM_GCC_493\Debug\ultrasonic.o (Front_Trigger_Reg_Write)
.\CortexM3\ARM_GCC_493\Debug\freesoc.a(Front_Trigger_Select_Reg.o)
                              .\CortexM3\ARM_GCC_493\Debug\ultrasonic.o (Front_Trigger_Select_Reg_Write)
.\CortexM3\ARM_GCC_493\Debug\freesoc.a(Front_Echo_Timer.o)
                              .\CortexM3\ARM_GCC_493\Debug\ultrasonic.o (Front_Echo_Timer_ReadCounter)
.\CortexM3\ARM_GCC_493\Debug\freesoc.a(Rear_Trigger_Reg.o)
                              .\CortexM3\ARM_GCC_493\Debug\ultrasonic.o (Rear_Trigger_Reg_Write)
.\CortexM3\ARM_GCC_493\Debug\freesoc.a(Rear_Trigger_Select_Reg.o)
                              .\CortexM3\ARM_GCC_493\Debug\ultrasonic.o (Rear_Trigger_Select_Reg_Write)
.\CortexM3\ARM_GCC_493\Debug\freesoc.a(Rear_Echo_Intr.o)
                              .\CortexM3\ARM_GCC_493\Debug\ultrasonic.o (Rear_Echo_Intr_StartEx)
.\CortexM3\ARM_GCC_493\Debug\freesoc.a(Rear_Echo_Timer.o)
                              .\CortexM3\ARM_GCC_493\Debug\ultrasonic.o (Rear_Echo_Timer_ReadCounter)
.\CortexM3\ARM_GCC_493\Debug\freesoc.a(Front_ADC_SAR.o)
                              .\CortexM3\ARM_GCC_493\Debug\infrared.o (Front_ADC_SAR_Start)
.\CortexM3\ARM_GCC_493\Debug\freesoc.a(Front_ADC_SAR_INT.o)
                              .\CortexM3\ARM_GCC_493\Debug\freesoc.a(Front_ADC_SAR.o) (Front_ADC_SAR_ISR)
.\CortexM3\ARM_GCC_493\Debug\freesoc.a(Front_AMuxSeq.o)
                              .\CortexM3\ARM_GCC_493\Debug\infrared.o (Front_AMuxSeq_Start)
.\CortexM3\ARM_GCC_493\Debug\freesoc.a(Rear_ADC_SAR.o)
                              .\CortexM3\ARM_GCC_493\Debug\infrared.o (Rear_ADC_SAR_Start)
.\CortexM3\ARM_GCC_493\Debug\freesoc.a(Rear_ADC_SAR_INT.o)
                              .\CortexM3\ARM_GCC_493\Debug\freesoc.a(Rear_ADC_SAR.o) (Rear_ADC_SAR_ISR)
.\CortexM3\ARM_GCC_493\Debug\freesoc.a(Rear_AMuxSeq.o)
                              .\CortexM3\ARM_GCC_493\Debug\infrared.o (Rear_AMuxSeq_Start)
.\CortexM3\ARM_GCC_493\Debug\freesoc.a(Front_ADC_SAR_IRQ.o)
                              .\CortexM3\ARM_GCC_493\Debug\infrared.o (Front_ADC_SAR_IRQ_StartEx)
.\CortexM3\ARM_GCC_493\Debug\freesoc.a(Front_ADC_SAR_theACLK.o)
                              .\CortexM3\ARM_GCC_493\Debug\freesoc.a(Front_ADC_SAR.o) (Front_ADC_SAR_theACLK_SetModeRegister)
.\CortexM3\ARM_GCC_493\Debug\freesoc.a(Rear_ADC_SAR_IRQ.o)
                              .\CortexM3\ARM_GCC_493\Debug\infrared.o (Rear_ADC_SAR_IRQ_StartEx)
.\CortexM3\ARM_GCC_493\Debug\freesoc.a(Rear_ADC_SAR_theACLK.o)
                              .\CortexM3\ARM_GCC_493\Debug\freesoc.a(Rear_ADC_SAR.o) (Rear_ADC_SAR_theACLK_SetModeRegister)
.\CortexM3\ARM_GCC_493\Debug\freesoc.a(Rear_EOS_Intr.o)
                              .\CortexM3\ARM_GCC_493\Debug\infrared.o (Rear_EOS_Intr_StartEx)
.\CortexM3\ARM_GCC_493\Debug\freesoc.a(Front_EOS_Intr.o)
                              .\CortexM3\ARM_GCC_493\Debug\infrared.o (Front_EOS_Intr_StartEx)
[...]
Memory Configuration

Name             Origin             Length             Attributes
rom              0x00000000         0x00040000         xr
ram              0x1fff8000         0x00010000         xrw
*default*        0x00000000         0xffffffff

Linker script and memory map

LOAD c:/program files (x86)/cypress/psoc creator/3.3/psoc creator/import/gnu/arm/4.9.3/bin/../lib/gcc/arm-none-eabi/4.9.3/armv7-m/crti.o
LOAD c:/program files (x86)/cypress/psoc creator/3.3/psoc creator/import/gnu/arm/4.9.3/bin/../lib/gcc/arm-none-eabi/4.9.3/armv7-m/crtbegin.o
LOAD c:/program files (x86)/cypress/psoc creator/3.3/psoc creator/import/gnu/arm/4.9.3/bin/../lib/gcc/arm-none-eabi/4.9.3/../../../../arm-none-eabi/lib/armv7-m/crt0.o
START GROUP
LOAD .\CortexM3\ARM_GCC_493\Debug\main.o
LOAD .\CortexM3\ARM_GCC_493\Debug\cal.o
LOAD .\CortexM3\ARM_GCC_493\Debug\control.o
LOAD .\CortexM3\ARM_GCC_493\Debug\debug.o
LOAD .\CortexM3\ARM_GCC_493\Debug\diag.o
LOAD .\CortexM3\ARM_GCC_493\Debug\encoder.o
LOAD .\CortexM3\ARM_GCC_493\Debug\i2c.o
LOAD .\CortexM3\ARM_GCC_493\Debug\motor.o
LOAD .\CortexM3\ARM_GCC_493\Debug\odom.o
LOAD .\CortexM3\ARM_GCC_493\Debug\pid.o
LOAD .\CortexM3\ARM_GCC_493\Debug\time.o
LOAD .\CortexM3\ARM_GCC_493\Debug\ultrasonic.o
LOAD .\CortexM3\ARM_GCC_493\Debug\utils.o
LOAD .\CortexM3\ARM_GCC_493\Debug\infrared.o
LOAD .\CortexM3\ARM_GCC_493\Debug\pid_controller.o
LOAD .\CortexM3\ARM_GCC_493\Debug\serial.o
LOAD .\CortexM3\ARM_GCC_493\Debug\cymetadata.o
LOAD .\CortexM3\ARM_GCC_493\Debug\Cm3Start.o
LOAD .\CortexM3\ARM_GCC_493\Debug\freesoc.a
LOAD C:\Program Files (x86)\Cypress\PSoC Creator\3.3\PSoC Creator\psoc\content\cycomponentlibrary\CyComponentLibrary.cylib\CortexM3\ARM_GCC_493\Debug\CyComponentLibrary.a
LOAD c:/program files (x86)/cypress/psoc creator/3.3/psoc creator/import/gnu/arm/4.9.3/bin/../lib/gcc/arm-none-eabi/4.9.3/../../../../arm-none-eabi/lib/armv7-m\libm.a
END GROUP
START GROUP
LOAD c:/program files (x86)/cypress/psoc creator/3.3/psoc creator/import/gnu/arm/4.9.3/bin/../lib/gcc/arm-none-eabi/4.9.3/armv7-m\libgcc.a
LOAD c:/program files (x86)/cypress/psoc creator/3.3/psoc creator/import/gnu/arm/4.9.3/bin/../lib/gcc/arm-none-eabi/4.9.3/../../../../arm-none-eabi/lib/armv7-m\libg_nano.a
LOAD c:/program files (x86)/cypress/psoc creator/3.3/psoc creator/import/gnu/arm/4.9.3/bin/../lib/gcc/arm-none-eabi/4.9.3/../../../../arm-none-eabi/lib/armv7-m\libc_nano.a
END GROUP
START GROUP
LOAD c:/program files (x86)/cypress/psoc creator/3.3/psoc creator/import/gnu/arm/4.9.3/bin/../lib/gcc/arm-none-eabi/4.9.3/armv7-m\libgcc.a
LOAD c:/program files (x86)/cypress/psoc creator/3.3/psoc creator/import/gnu/arm/4.9.3/bin/../lib/gcc/arm-none-eabi/4.9.3/../../../../arm-none-eabi/lib/armv7-m\libc_nano.a
END GROUP
LOAD c:/program files (x86)/cypress/psoc creator/3.3/psoc creator/import/gnu/arm/4.9.3/bin/../lib/gcc/arm-none-eabi/4.9.3/armv7-m/crtend.o
LOAD c:/program files (x86)/cypress/psoc creator/3.3/psoc creator/import/gnu/arm/4.9.3/bin/../lib/gcc/arm-none-eabi/4.9.3/armv7-m/crtn.o
START GROUP
LOAD c:/program files (x86)/cypress/psoc creator/3.3/psoc creator/import/gnu/arm/4.9.3/bin/../lib/gcc/arm-none-eabi/4.9.3/armv7-m\libgcc.a
LOAD c:/program files (x86)/cypress/psoc creator/3.3/psoc creator/import/gnu/arm/4.9.3/bin/../lib/gcc/arm-none-eabi/4.9.3/../../../../arm-none-eabi/lib/armv7-m\libc.a
LOAD c:/program files (x86)/cypress/psoc creator/3.3/psoc creator/import/gnu/arm/4.9.3/bin/../lib/gcc/arm-none-eabi/4.9.3/../../../../arm-none-eabi/lib/armv7-m\libnosys.a
END GROUP
                0x00000000                CY_APPL_ORIGIN = 0x0
                0x00000100                CY_FLASH_ROW_SIZE = 0x100
                0x00000020                CY_ECC_ROW_SIZE = 0x20
                0x00000000                CY_EE_IN_BTLDR = 0x0
                0x00000000                CY_APPL_LOADABLE = 0x0
                0x00000800                CY_EE_SIZE = 0x800
                0x00000001                CY_APPL_NUM = 0x1
                0x00000001                CY_APPL_MAX = 0x1
                0x00000040                CY_METADATA_SIZE = 0x40
                0x00000000                CY_APPL_LOADABLE = 0x0
                0x00000000                CY_CHECKSUM_EXCLUDE_SIZE = ALIGN (0x0, CY_FLASH_ROW_SIZE)
                0x1fff8db0                PROVIDE (__cy_heap_start, _end)
                0x00000001                PROVIDE (__cy_region_num, ((__cy_regions_end - __cy_regions) / 0x10))
                0x20008000                PROVIDE (__cy_stack, (ORIGIN (ram) + 0x10000))
                0x20007800                PROVIDE (__cy_heap_end, (__cy_stack - 0x800))

.cybootloader   0x00000000        0x0
 *(.cybootloader)
                0x00000000                appl1_start = CY_APPL_ORIGIN?CY_APPL_ORIGIN:ALIGN (CY_FLASH_ROW_SIZE)
                0x0001ff00                appl2_start = (appl1_start + ALIGN ((((0x40000 - appl1_start) - (0x2 * CY_FLASH_ROW_SIZE)) / 0x2), CY_FLASH_ROW_SIZE))
                0x00000000                appl_start = (CY_APPL_NUM == 0x1)?appl1_start:appl2_start
                0x00000000                ecc_offset = ((appl_start / CY_FLASH_ROW_SIZE) * CY_ECC_ROW_SIZE)
                0x00000000                ee_offset = (CY_APPL_LOADABLE && ! (CY_EE_IN_BTLDR))?((CY_EE_SIZE / CY_APPL_MAX) * (CY_APPL_NUM - 0x1)):0x0
                0x00000800                ee_size = (CY_APPL_LOADABLE && ! (CY_EE_IN_BTLDR))?(CY_EE_SIZE / CY_APPL_MAX):CY_EE_SIZE
                0x00000000                PROVIDE (CY_ECC_OFFSET, ecc_offset)

.text           0x00000000     0x8b96
 CREATE_OBJECT_SYMBOLS
                0x00000000                PROVIDE (__cy_interrupt_vector, RomVectors)
 *(.romvectors)
 .romvectors    0x00000000       0x10 .\CortexM3\ARM_GCC_493\Debug\Cm3Start.o
                0x00000000                RomVectors
                0x00000001                ASSERT ((. != __cy_interrupt_vector), No interrupt vector)
                0x00000001                ASSERT (CY_APPL_ORIGIN?(SIZEOF (.cybootloader) <= CY_APPL_ORIGIN):0x1, Wrong image location)
                0x00000010                PROVIDE (__cy_reset, Reset)
 *(.text.Reset)
 .text.Reset    0x00000010       0x18 .\CortexM3\ARM_GCC_493\Debug\Cm3Start.o
                0x00000010                Reset
                0x00000001                ASSERT ((. != __cy_reset), No reset code)
 *(.dma_init)
                0x00000001                ASSERT ((((appl_start + .) <= 0x10000) || 0x1), DMA Init must be within the first 64k of flash)
 *(.text .text.* .gnu.linkonce.t.*)
 .text          0x00000028       0x5c c:/program files (x86)/cypress/psoc creator/3.3/psoc creator/import/gnu/arm/4.9.3/bin/../lib/gcc/arm-none-eabi/4.9.3/armv7-m/crtbegin.o
 .text.main     0x00000084       0xb8 .\CortexM3\ARM_GCC_493\Debug\main.o
                0x00000084                main
 .text.CalculatePwmSamples
                0x0000013c       0x64 .\CortexM3\ARM_GCC_493\Debug\cal.o
 .text.AddSamplesToSum
                0x000001a0       0x24 .\CortexM3\ARM_GCC_493\Debug\cal.o
 .text.CalculateAvgCpsSamples
                0x000001c4       0x20 .\CortexM3\ARM_GCC_493\Debug\cal.o
 .text.CalculateMinMaxCpsSample
                0x000001e4       0x38 .\CortexM3\ARM_GCC_493\Debug\cal.o
 .text.StartCalibration
                0x0000021c       0x24 .\CortexM3\ARM_GCC_493\Debug\cal.o
 .text.EndCalibration
                0x00000240       0x30 .\CortexM3\ARM_GCC_493\Debug\cal.o
 .text.CalibrateWheelSpeed
                0x00000270       0x5c .\CortexM3\ARM_GCC_493\Debug\cal.o
 .text.StoreWheelSpeed
                0x000002cc       0xb4 .\CortexM3\ARM_GCC_493\Debug\cal.o
 .text.Cal_Init
                0x00000380       0x14 .\CortexM3\ARM_GCC_493\Debug\cal.o
                0x00000380                Cal_Init
 .text.Cal_Start
                0x00000394       0x2c .\CortexM3\ARM_GCC_493\Debug\cal.o
                0x00000394                Cal_Start
 .text.Cal_Update
                0x000003c0       0xa8 .\CortexM3\ARM_GCC_493\Debug\cal.o
                0x000003c0                Cal_Update
 .text.Cal_LeftGetCalData
                0x00000468       0x10 .\CortexM3\ARM_GCC_493\Debug\cal.o
                0x00000468                Cal_LeftGetCalData
 .text.Cal_RightGetCalData
                0x00000478       0x14 .\CortexM3\ARM_GCC_493\Debug\cal.o
                0x00000478                Cal_RightGetCalData
 .text.Cal_Validate
                0x0000048c        0x4 .\CortexM3\ARM_GCC_493\Debug\cal.o
                0x0000048c                Cal_Validate
 .text.CalculateLeftRightSpeed
                0x00000490       0x98 .\CortexM3\ARM_GCC_493\Debug\control.o
 .text.Control_Init
                0x00000528        0x4 .\CortexM3\ARM_GCC_493\Debug\control.o
                0x00000528                Control_Init
 .text.Control_Start
                0x0000052c        0x4 .\CortexM3\ARM_GCC_493\Debug\control.o
                0x0000052c                Control_Start
 .text.Control_Update
                0x00000530       0x40 .\CortexM3\ARM_GCC_493\Debug\control.o
                0x00000530                Control_Update
 .text.Control_LeftGetCmdVelocity
                0x00000570        0xc .\CortexM3\ARM_GCC_493\Debug\control.o
                0x00000570                Control_LeftGetCmdVelocity
 .text.Control_RightGetCmdVelocity
                0x0000057c        0xc .\CortexM3\ARM_GCC_493\Debug\control.o
                0x0000057c                Control_RightGetCmdVelocity
 .text.Debug_Init
                0x00000588       0x14 .\CortexM3\ARM_GCC_493\Debug\debug.o
                0x00000588                Debug_Init
 .text.Debug_Start
                0x0000059c        0x4 .\CortexM3\ARM_GCC_493\Debug\debug.o
                0x0000059c                Debug_Start
 .text.Diag_Init
                0x000005a0       0x18 .\CortexM3\ARM_GCC_493\Debug\diag.o
                0x000005a0                Diag_Init
 .text.Diag_Start
                0x000005b8        0x4 .\CortexM3\ARM_GCC_493\Debug\diag.o
                0x000005b8                Diag_Start
 .text.Diag_Update
                0x000005bc       0x34 .\CortexM3\ARM_GCC_493\Debug\diag.o
                0x000005bc                Diag_Update
 .text.Encoder_Sample
                0x000005f0       0x70 .\CortexM3\ARM_GCC_493\Debug\encoder.o
 .text.DumpEncoder
                0x00000660       0x28 .\CortexM3\ARM_GCC_493\Debug\encoder.o
 .text.Encoder_Init
                0x00000688       0x48 .\CortexM3\ARM_GCC_493\Debug\encoder.o
                0x00000688                Encoder_Init
 .text.Encoder_Start
                0x000006d0       0x20 .\CortexM3\ARM_GCC_493\Debug\encoder.o
                0x000006d0                Encoder_Start
 .text.Encoder_Update
                0x000006f0       0x80 .\CortexM3\ARM_GCC_493\Debug\encoder.o
                0x000006f0                Encoder_Update
 .text.Encoder_LeftGetCntsPerSec
                0x00000770        0xc .\CortexM3\ARM_GCC_493\Debug\encoder.o
                0x00000770                Encoder_LeftGetCntsPerSec
 .text.Encoder_RightGetCntsPerSec
                0x0000077c        0xc .\CortexM3\ARM_GCC_493\Debug\encoder.o
                0x0000077c                Encoder_RightGetCntsPerSec
 .text.Encoder_LeftGetMeterPerSec
                0x00000788        0xc .\CortexM3\ARM_GCC_493\Debug\encoder.o
                0x00000788                Encoder_LeftGetMeterPerSec
 .text.Encoder_RightGetMeterPerSec
                0x00000794        0xc .\CortexM3\ARM_GCC_493\Debug\encoder.o
                0x00000794                Encoder_RightGetMeterPerSec
 .text.Encoder_LeftGetCount
                0x000007a0       0x10 .\CortexM3\ARM_GCC_493\Debug\encoder.o
                0x000007a0                Encoder_LeftGetCount
 .text.Encoder_RightGetCount
                0x000007b0       0x10 .\CortexM3\ARM_GCC_493\Debug\encoder.o
                0x000007b0                Encoder_RightGetCount
 .text.Encoder_Reset
                0x000007c0       0x48 .\CortexM3\ARM_GCC_493\Debug\encoder.o
                0x000007c0                Encoder_Reset
 .text.I2c_Init
                0x00000808       0x1c .\CortexM3\ARM_GCC_493\Debug\i2c.o
                0x00000808                I2c_Init
 .text.I2c_Start
                0x00000824       0x18 .\CortexM3\ARM_GCC_493\Debug\i2c.o
                0x00000824                I2c_Start
 .text.I2c_ReadControl
                0x0000083c       0x10 .\CortexM3\ARM_GCC_493\Debug\i2c.o
                0x0000083c                I2c_ReadControl
 *fill*         0x0000084c        0x4 
 .text.I2c_ReadCmdVelocity
                0x00000850       0xe0 .\CortexM3\ARM_GCC_493\Debug\i2c.o
                0x00000850                I2c_ReadCmdVelocity
 .text.I2c_SetStatusBit
                0x00000930       0x14 .\CortexM3\ARM_GCC_493\Debug\i2c.o
                0x00000930                I2c_SetStatusBit
 .text.I2c_ClearStatusBit
                0x00000944       0x18 .\CortexM3\ARM_GCC_493\Debug\i2c.o
                0x00000944                I2c_ClearStatusBit
 .text.I2c_WriteOdom
                0x0000095c       0x60 .\CortexM3\ARM_GCC_493\Debug\i2c.o
                0x0000095c                I2c_WriteOdom
 .text.I2c_WriteFrontUltrasonicDistance
                0x000009bc       0x14 .\CortexM3\ARM_GCC_493\Debug\i2c.o
                0x000009bc                I2c_WriteFrontUltrasonicDistance
 .text.I2c_WriteRearUltrasonicDistance
                0x000009d0       0x14 .\CortexM3\ARM_GCC_493\Debug\i2c.o
                0x000009d0                I2c_WriteRearUltrasonicDistance
 .text.I2c_WriteFrontInfraredDistance
                0x000009e4       0x14 .\CortexM3\ARM_GCC_493\Debug\i2c.o
                0x000009e4                I2c_WriteFrontInfraredDistance
 .text.I2c_WriteRearInfraredDistance
                0x000009f8       0x14 .\CortexM3\ARM_GCC_493\Debug\i2c.o
                0x000009f8                I2c_WriteRearInfraredDistance
 .text.I2c_UpdateHeartbeat
                0x00000a0c       0x14 .\CortexM3\ARM_GCC_493\Debug\i2c.o
                0x00000a0c                I2c_UpdateHeartbeat
 .text.Interpolate
                0x00000a20       0x3c .\CortexM3\ARM_GCC_493\Debug\motor.o
 .text.calculate_pwm
                0x00000a5c       0x74 .\CortexM3\ARM_GCC_493\Debug\motor.o
 .text.DumpMotor
                0x00000ad0       0x14 .\CortexM3\ARM_GCC_493\Debug\motor.o
 .text.calc_motor_output_from_cps
                0x00000ae4       0xac .\CortexM3\ARM_GCC_493\Debug\motor.o
 .text.WriteTwoValues
                0x00000b90       0x14 .\CortexM3\ARM_GCC_493\Debug\motor.o
 .text.RampSpeed
                0x00000ba4       0x44 .\CortexM3\ARM_GCC_493\Debug\motor.o
 .text.CollectCpsPwmSamples
                0x00000be8       0x6c .\CortexM3\ARM_GCC_493\Debug\motor.o
 .text.PrintFormatDataInt32
                0x00000c54       0x8c .\CortexM3\ARM_GCC_493\Debug\motor.o
 .text.PrintFormatDataUint16
                0x00000ce0       0x8c .\CortexM3\ARM_GCC_493\Debug\motor.o
 .text.DumpMotorCal
                0x00000d6c       0x4c .\CortexM3\ARM_GCC_493\Debug\motor.o
 .text.Motor_Init
                0x00000db8       0x18 .\CortexM3\ARM_GCC_493\Debug\motor.o
                0x00000db8                Motor_Init
 .text.Motor_Start
                0x00000dd0       0x48 .\CortexM3\ARM_GCC_493\Debug\motor.o
                0x00000dd0                Motor_Start
 .text.Motor_LeftSetCntsPerSec
                0x00000e18       0x18 .\CortexM3\ARM_GCC_493\Debug\motor.o
                0x00000e18                Motor_LeftSetCntsPerSec
 .text.Motor_RightSetCntsPerSec
                0x00000e30       0x18 .\CortexM3\ARM_GCC_493\Debug\motor.o
                0x00000e30                Motor_RightSetCntsPerSec
 .text.Motor_LeftGetPwm
                0x00000e48        0xc .\CortexM3\ARM_GCC_493\Debug\motor.o
                0x00000e48                Motor_LeftGetPwm
 .text.Motor_RightGetPwm
                0x00000e54        0xc .\CortexM3\ARM_GCC_493\Debug\motor.o
                0x00000e54                Motor_RightGetPwm
 .text.Motor_Stop
                0x00000e60       0x20 .\CortexM3\ARM_GCC_493\Debug\motor.o
                0x00000e60                Motor_Stop
 .text.Motor_CollectPwmCpsSamples
                0x00000e80       0xb4 .\CortexM3\ARM_GCC_493\Debug\motor.o
                0x00000e80                Motor_CollectPwmCpsSamples
 .text.Motor_LeftSetCalibration
                0x00000f34       0x1c .\CortexM3\ARM_GCC_493\Debug\motor.o
                0x00000f34                Motor_LeftSetCalibration
 .text.Motor_RightSetCalibration
                0x00000f50       0x1c .\CortexM3\ARM_GCC_493\Debug\motor.o
                0x00000f50                Motor_RightSetCalibration
 .text.Odom_Init
                0x00000f6c       0x1c .\CortexM3\ARM_GCC_493\Debug\odom.o
                0x00000f6c                Odom_Init
 .text.Odom_Start
                0x00000f88        0x4 .\CortexM3\ARM_GCC_493\Debug\odom.o
                0x00000f88                Odom_Start
 *fill*         0x00000f8c        0x4 
 .text.calc_odom
                0x00000f90      0x110 .\CortexM3\ARM_GCC_493\Debug\odom.o
                0x00000f90                calc_odom
 .text.Odom_Update
                0x000010a0       0x78 .\CortexM3\ARM_GCC_493\Debug\odom.o
                0x000010a0                Odom_Update
 .text.Odom_Reset
                0x00001118       0x1c .\CortexM3\ARM_GCC_493\Debug\odom.o
                0x00001118                Odom_Reset
 *fill*         0x00001134        0x4 
 .text.ProcessPid
                0x00001138       0xb8 .\CortexM3\ARM_GCC_493\Debug\pid.o
 .text.DumpPid  0x000011f0       0x4c .\CortexM3\ARM_GCC_493\Debug\pid.o
 .text.Pid_Init
                0x0000123c       0x84 .\CortexM3\ARM_GCC_493\Debug\pid.o
                0x0000123c                Pid_Init
 .text.Pid_Start
                0x000012c0        0x4 .\CortexM3\ARM_GCC_493\Debug\pid.o
                0x000012c0                Pid_Start
 .text.Pid_Update
                0x000012c4       0x80 .\CortexM3\ARM_GCC_493\Debug\pid.o
                0x000012c4                Pid_Update
 .text.SysTickIsrHandler
                0x00001344       0x10 .\CortexM3\ARM_GCC_493\Debug\time.o
 .text.Time_Init
                0x00001354        0xc .\CortexM3\ARM_GCC_493\Debug\time.o
                0x00001354                Time_Init
 .text.Time_Start
                0x00001360       0x2c .\CortexM3\ARM_GCC_493\Debug\time.o
                0x00001360                Time_Start
 .text.millis   0x0000138c        0xc .\CortexM3\ARM_GCC_493\Debug\time.o
                0x0000138c                millis
 .text.Front_Trigger_Next
                0x00001398       0x34 .\CortexM3\ARM_GCC_493\Debug\ultrasonic.o
 .text.Front_Echo_Interrupt
                0x000013cc       0x4c .\CortexM3\ARM_GCC_493\Debug\ultrasonic.o
 .text.Rear_Trigger_Next
                0x00001418       0x34 .\CortexM3\ARM_GCC_493\Debug\ultrasonic.o
 .text.Rear_Echo_Interrupt
                0x0000144c       0x4c .\CortexM3\ARM_GCC_493\Debug\ultrasonic.o
 .text.Ultrasonic_Init
                0x00001498        0x4 .\CortexM3\ARM_GCC_493\Debug\ultrasonic.o
                0x00001498                Ultrasonic_Init
 .text.Ultrasonic_Start
                0x0000149c       0x28 .\CortexM3\ARM_GCC_493\Debug\ultrasonic.o
                0x0000149c                Ultrasonic_Start
 .text.insert_zeros
                0x000014c4       0x30 .\CortexM3\ARM_GCC_493\Debug\utils.o
 .text.MovingAverageFloat
                0x000014f4       0x2c .\CortexM3\ARM_GCC_493\Debug\utils.o
                0x000014f4                MovingAverageFloat
 .text.ftoa     0x00001520       0xa4 .\CortexM3\ARM_GCC_493\Debug\utils.o
                0x00001520                ftoa
 .text.BinaryRangeSearch
                0x000015c4       0x50 .\CortexM3\ARM_GCC_493\Debug\utils.o
                0x000015c4                BinaryRangeSearch
 .text.Rear_EOS_Interrupt
                0x00001614       0x1c .\CortexM3\ARM_GCC_493\Debug\infrared.o
 .text.Front_EOS_Interrupt
                0x00001630       0x1c .\CortexM3\ARM_GCC_493\Debug\infrared.o
 *fill*         0x0000164c        0x4 
 .text.Rear_EOC_Interrupt
                0x00001650       0x90 .\CortexM3\ARM_GCC_493\Debug\infrared.o
 .text.Front_EOC_Interrupt
                0x000016e0       0x90 .\CortexM3\ARM_GCC_493\Debug\infrared.o
 .text.Infrared_Init
                0x00001770        0xc .\CortexM3\ARM_GCC_493\Debug\infrared.o
                0x00001770                Infrared_Init
 .text.Infrared_Start
                0x0000177c       0x4c .\CortexM3\ARM_GCC_493\Debug\infrared.o
                0x0000177c                Infrared_Start
 .text.PIDCompute
                0x000017c8       0xa4 .\CortexM3\ARM_GCC_493\Debug\pid_controller.o
                0x000017c8                PIDCompute
 .text.PIDOutputLimitsSet
                0x0000186c       0x5c .\CortexM3\ARM_GCC_493\Debug\pid_controller.o
                0x0000186c                PIDOutputLimitsSet
 .text.PIDTuningsSet
                0x000018c8       0x6c .\CortexM3\ARM_GCC_493\Debug\pid_controller.o
                0x000018c8                PIDTuningsSet
 .text.PIDInit  0x00001934       0x54 .\CortexM3\ARM_GCC_493\Debug\pid_controller.o
                0x00001934                PIDInit
 .text.PIDSetpointSet
                0x00001988        0x4 .\CortexM3\ARM_GCC_493\Debug\pid_controller.o
                0x00001988                PIDSetpointSet
 .text.PIDInputSet
                0x0000198c        0x4 .\CortexM3\ARM_GCC_493\Debug\pid_controller.o
                0x0000198c                PIDInputSet
 .text.Ser_Init
                0x00001990        0x4 .\CortexM3\ARM_GCC_493\Debug\serial.o
                0x00001990                Ser_Init
 .text.Ser_Start
                0x00001994        0x4 .\CortexM3\ARM_GCC_493\Debug\serial.o
                0x00001994                Ser_Start
 .text.Ser_PutString
                0x00001998        0x4 .\CortexM3\ARM_GCC_493\Debug\serial.o
                0x00001998                Ser_PutString
 .text.IntDefaultHandler
                0x0000199c        0x4 .\CortexM3\ARM_GCC_493\Debug\Cm3Start.o
                0x0000199c                IntDefaultHandler
 .text._sbrk    0x000019a0       0x30 .\CortexM3\ARM_GCC_493\Debug\Cm3Start.o
                0x000019a0                _sbrk
 .text.Start_c  0x000019d0       0x4c .\CortexM3\ARM_GCC_493\Debug\Cm3Start.o
                0x000019d0                Start_c
 .text.initialize_psoc
                0x00001a1c       0x74 .\CortexM3\ARM_GCC_493\Debug\Cm3Start.o
                0x00001a1c                initialize_psoc
 .text.cfg_write_bytes32
                0x00001a90       0x34 .\CortexM3\ARM_GCC_493\Debug\freesoc.a(cyfitter_cfg.o)
 .text.AnalogSetDefault
                0x00001ac4       0x7c .\CortexM3\ARM_GCC_493\Debug\freesoc.a(cyfitter_cfg.o)
 .text.CYMEMZERO
                0x00001b40        0xc .\CortexM3\ARM_GCC_493\Debug\freesoc.a(cyfitter_cfg.o)
 .text.ClockSetup
                0x00001b4c       0xe4 .\CortexM3\ARM_GCC_493\Debug\freesoc.a(cyfitter_cfg.o)
 .text.CYCONFIGCPY
                0x00001c30        0x8 .\CortexM3\ARM_GCC_493\Debug\freesoc.a(cyfitter_cfg.o)
 .text.Front_AMuxSeq_DisconnectAll
                0x00001c38       0x18 .\CortexM3\ARM_GCC_493\Debug\freesoc.a(cyfitter_cfg.o)
                0x00001c38                Front_AMuxSeq_DisconnectAll
 .text.Front_AMuxSeq_Next
                0x00001c50       0x6c .\CortexM3\ARM_GCC_493\Debug\freesoc.a(cyfitter_cfg.o)
                0x00001c50                Front_AMuxSeq_Next
 .text.Rear_AMuxSeq_DisconnectAll
                0x00001cbc       0x18 .\CortexM3\ARM_GCC_493\Debug\freesoc.a(cyfitter_cfg.o)
                0x00001cbc                Rear_AMuxSeq_DisconnectAll
 .text.Rear_AMuxSeq_Next
                0x00001cd4       0x6c .\CortexM3\ARM_GCC_493\Debug\freesoc.a(cyfitter_cfg.o)
                0x00001cd4                Rear_AMuxSeq_Next
 .text.cyfitter_cfg
                0x00001d40      0x188 .\CortexM3\ARM_GCC_493\Debug\freesoc.a(cyfitter_cfg.o)
                0x00001d40                cyfitter_cfg
 .text.Left_HB25_Enable_Pin_Write
                0x00001ec8       0x18 .\CortexM3\ARM_GCC_493\Debug\freesoc.a(Left_HB25_Enable_Pin.o)
                0x00001ec8                Left_HB25_Enable_Pin_Write
 .text.Left_HB25_PWM_Stop
                0x00001ee0        0x4 .\CortexM3\ARM_GCC_493\Debug\freesoc.a(Left_HB25_PWM.o)
                0x00001ee0                Left_HB25_PWM_Stop
 .text.Left_HB25_PWM_WriteCounter
                0x00001ee4        0xc .\CortexM3\ARM_GCC_493\Debug\freesoc.a(Left_HB25_PWM.o)
                0x00001ee4                Left_HB25_PWM_WriteCounter
 .text.Left_HB25_PWM_WritePeriod
                0x00001ef0        0xc .\CortexM3\ARM_GCC_493\Debug\freesoc.a(Left_HB25_PWM.o)
                0x00001ef0                Left_HB25_PWM_WritePeriod
 .text.Left_HB25_PWM_WriteCompare
                0x00001efc        0xc .\CortexM3\ARM_GCC_493\Debug\freesoc.a(Left_HB25_PWM.o)
                0x00001efc                Left_HB25_PWM_WriteCompare
 .text.Left_HB25_PWM_Init
                0x00001f08       0x34 .\CortexM3\ARM_GCC_493\Debug\freesoc.a(Left_HB25_PWM.o)
                0x00001f08                Left_HB25_PWM_Init
 .text.Left_HB25_PWM_Start
                0x00001f3c       0x18 .\CortexM3\ARM_GCC_493\Debug\freesoc.a(Left_HB25_PWM.o)
                0x00001f3c                Left_HB25_PWM_Start
 .text.Right_HB25_Enable_Pin_Write
                0x00001f54       0x18 .\CortexM3\ARM_GCC_493\Debug\freesoc.a(Right_HB25_Enable_Pin.o)
                0x00001f54                Right_HB25_Enable_Pin_Write
 .text.Right_HB25_PWM_Stop
                0x00001f6c        0x4 .\CortexM3\ARM_GCC_493\Debug\freesoc.a(Right_HB25_PWM.o)
                0x00001f6c                Right_HB25_PWM_Stop
 .text.Right_HB25_PWM_WriteCounter
                0x00001f70        0xc .\CortexM3\ARM_GCC_493\Debug\freesoc.a(Right_HB25_PWM.o)
                0x00001f70                Right_HB25_PWM_WriteCounter
 .text.Right_HB25_PWM_WritePeriod
                0x00001f7c        0xc .\CortexM3\ARM_GCC_493\Debug\freesoc.a(Right_HB25_PWM.o)
                0x00001f7c                Right_HB25_PWM_WritePeriod
 .text.Right_HB25_PWM_WriteCompare
                0x00001f88        0xc .\CortexM3\ARM_GCC_493\Debug\freesoc.a(Right_HB25_PWM.o)
                0x00001f88                Right_HB25_PWM_WriteCompare
 .text.Right_HB25_PWM_Init
                0x00001f94       0x34 .\CortexM3\ARM_GCC_493\Debug\freesoc.a(Right_HB25_PWM.o)
                0x00001f94                Right_HB25_PWM_Init
 .text.Right_HB25_PWM_Start
                0x00001fc8       0x18 .\CortexM3\ARM_GCC_493\Debug\freesoc.a(Right_HB25_PWM.o)
                0x00001fc8                Right_HB25_PWM_Start
 .text          0x00001fe0       0x20 .\CortexM3\ARM_GCC_493\Debug\freesoc.a(CyBootAsmGnu.o)
                0x00001fe0                CyDelayCycles
                0x00001ff0                CyEnterCriticalSection
                0x00001ff8                CyExitCriticalSection
 .text.CyHalt   0x00002000        0x4 .\CortexM3\ARM_GCC_493\Debug\freesoc.a(CyLib.o)
                0x00002000                CyHalt
 .text.CyDelay  0x00002004       0x2c .\CortexM3\ARM_GCC_493\Debug\freesoc.a(CyLib.o)
                0x00002004                CyDelay
 .text.CyDelayUs
                0x00002030       0x14 .\CortexM3\ARM_GCC_493\Debug\freesoc.a(CyLib.o)
                0x00002030                CyDelayUs
 .text.CyIntSetSysVector
                0x00002044       0x28 .\CortexM3\ARM_GCC_493\Debug\freesoc.a(CyLib.o)
                0x00002044                CyIntSetSysVector
 .text.CyIntSetVector
                0x0000206c       0x28 .\CortexM3\ARM_GCC_493\Debug\freesoc.a(CyLib.o)
                0x0000206c                CyIntSetVector
 .text.CyIntSetPriority
                0x00002094       0x30 .\CortexM3\ARM_GCC_493\Debug\freesoc.a(CyLib.o)
                0x00002094                CyIntSetPriority
 .text.CySysTickEnableInterrupt
                0x000020c4       0x10 .\CortexM3\ARM_GCC_493\Debug\freesoc.a(CyLib.o)
                0x000020c4                CySysTickEnableInterrupt
 .text.CySysTickEnable
                0x000020d4       0x18 .\CortexM3\ARM_GCC_493\Debug\freesoc.a(CyLib.o)
                0x000020d4                CySysTickEnable
 .text.CySysTickSetReload
                0x000020ec       0x10 .\CortexM3\ARM_GCC_493\Debug\freesoc.a(CyLib.o)
                0x000020ec                CySysTickSetReload
 .text.CySysTickSetClockSource
                0x000020fc       0x20 .\CortexM3\ARM_GCC_493\Debug\freesoc.a(CyLib.o)
                0x000020fc                CySysTickSetClockSource
 .text.CySysTickGetCountFlag
                0x0000211c       0x10 .\CortexM3\ARM_GCC_493\Debug\freesoc.a(CyLib.o)
                0x0000211c                CySysTickGetCountFlag
 .text.CySysTickServiceCallbacks
                0x0000212c       0x28 .\CortexM3\ARM_GCC_493\Debug\freesoc.a(CyLib.o)
 .text.CySysTickClear
                0x00002154        0xc .\CortexM3\ARM_GCC_493\Debug\freesoc.a(CyLib.o)
                0x00002154                CySysTickClear
 .text.CySysTickInit
                0x00002160       0x58 .\CortexM3\ARM_GCC_493\Debug\freesoc.a(CyLib.o)
                0x00002160                CySysTickInit
 .text.CySysTickStart
                0x000021b8       0x1c .\CortexM3\ARM_GCC_493\Debug\freesoc.a(CyLib.o)
                0x000021b8                CySysTickStart
 .text.CySysTickSetCallback
                0x000021d4       0x10 .\CortexM3\ARM_GCC_493\Debug\freesoc.a(CyLib.o)
                0x000021d4                CySysTickSetCallback
 .text.CySysTickGetCallback
                0x000021e4       0x10 .\CortexM3\ARM_GCC_493\Debug\freesoc.a(CyLib.o)
                0x000021e4                CySysTickGetCallback
 .text.EZI2C_Slave_Init
                0x000021f4       0x70 .\CortexM3\ARM_GCC_493\Debug\freesoc.a(EZI2C_Slave.o)
                0x000021f4                EZI2C_Slave_Init
 .text.EZI2C_Slave_Enable
                0x00002264       0x30 .\CortexM3\ARM_GCC_493\Debug\freesoc.a(EZI2C_Slave.o)
                0x00002264                EZI2C_Slave_Enable
 .text.EZI2C_Slave_Start
                0x00002294       0x1c .\CortexM3\ARM_GCC_493\Debug\freesoc.a(EZI2C_Slave.o)
                0x00002294                EZI2C_Slave_Start
 .text.EZI2C_Slave_SetBuffer1
                0x000022b0       0x50 .\CortexM3\ARM_GCC_493\Debug\freesoc.a(EZI2C_Slave.o)
                0x000022b0                EZI2C_Slave_SetBuffer1
 .text.EZI2C_Slave_ISR
                0x00002300      0x1c4 .\CortexM3\ARM_GCC_493\Debug\freesoc.a(EZI2C_Slave_INT.o)
                0x00002300                EZI2C_Slave_ISR
 .text.Front_Echo_Intr_SetVector
                0x000024c4        0xc .\CortexM3\ARM_GCC_493\Debug\freesoc.a(Front_Echo_Intr.o)
                0x000024c4                Front_Echo_Intr_SetVector
 .text.Front_Echo_Intr_SetPriority
                0x000024d0       0x10 .\CortexM3\ARM_GCC_493\Debug\freesoc.a(Front_Echo_Intr.o)
                0x000024d0                Front_Echo_Intr_SetPriority
 .text.Front_Echo_Intr_Enable
                0x000024e0        0xc .\CortexM3\ARM_GCC_493\Debug\freesoc.a(Front_Echo_Intr.o)
                0x000024e0                Front_Echo_Intr_Enable
 .text.Front_Echo_Intr_Disable
                0x000024ec        0xc .\CortexM3\ARM_GCC_493\Debug\freesoc.a(Front_Echo_Intr.o)
                0x000024ec                Front_Echo_Intr_Disable
 .text.Front_Echo_Intr_StartEx
                0x000024f8       0x1c .\CortexM3\ARM_GCC_493\Debug\freesoc.a(Front_Echo_Intr.o)
                0x000024f8                Front_Echo_Intr_StartEx
 .text.Front_Echo_Intr_ClearPending
                0x00002514        0xc .\CortexM3\ARM_GCC_493\Debug\freesoc.a(Front_Echo_Intr.o)
                0x00002514                Front_Echo_Intr_ClearPending
 .text.Front_Trigger_Reg_Write
                0x00002520        0xc .\CortexM3\ARM_GCC_493\Debug\freesoc.a(Front_Trigger_Reg.o)
                0x00002520                Front_Trigger_Reg_Write
 .text.Front_Trigger_Select_Reg_Write
                0x0000252c        0xc .\CortexM3\ARM_GCC_493\Debug\freesoc.a(Front_Trigger_Select_Reg.o)
                0x0000252c                Front_Trigger_Select_Reg_Write
 .text.Front_Trigger_Select_Reg_Read
                0x00002538        0xc .\CortexM3\ARM_GCC_493\Debug\freesoc.a(Front_Trigger_Select_Reg.o)
                0x00002538                Front_Trigger_Select_Reg_Read
 .text.Front_Echo_Timer_SetInterruptMode
                0x00002544        0xc .\CortexM3\ARM_GCC_493\Debug\freesoc.a(Front_Echo_Timer.o)
                0x00002544                Front_Echo_Timer_SetInterruptMode
 .text.Front_Echo_Timer_ReadStatusRegister
                0x00002550        0xc .\CortexM3\ARM_GCC_493\Debug\freesoc.a(Front_Echo_Timer.o)
                0x00002550                Front_Echo_Timer_ReadStatusRegister
 .text.Front_Echo_Timer_WritePeriod
                0x0000255c        0xc .\CortexM3\ARM_GCC_493\Debug\freesoc.a(Front_Echo_Timer.o)
                0x0000255c                Front_Echo_Timer_WritePeriod
 .text.Front_Echo_Timer_ReadCapture
                0x00002568        0xc .\CortexM3\ARM_GCC_493\Debug\freesoc.a(Front_Echo_Timer.o)
                0x00002568                Front_Echo_Timer_ReadCapture
 .text.Front_Echo_Timer_WriteCounter
                0x00002574        0xc .\CortexM3\ARM_GCC_493\Debug\freesoc.a(Front_Echo_Timer.o)
                0x00002574                Front_Echo_Timer_WriteCounter
 .text.Front_Echo_Timer_ReadCounter
                0x00002580       0x14 .\CortexM3\ARM_GCC_493\Debug\freesoc.a(Front_Echo_Timer.o)
                0x00002580                Front_Echo_Timer_ReadCounter
 .text.Front_Echo_Timer_ClearFIFO
                0x00002594       0x14 .\CortexM3\ARM_GCC_493\Debug\freesoc.a(Front_Echo_Timer.o)
                0x00002594                Front_Echo_Timer_ClearFIFO
 .text.Front_Echo_Timer_Init
                0x000025a8       0x34 .\CortexM3\ARM_GCC_493\Debug\freesoc.a(Front_Echo_Timer.o)
                0x000025a8                Front_Echo_Timer_Init
 .text.Front_Echo_Timer_Start
                0x000025dc       0x18 .\CortexM3\ARM_GCC_493\Debug\freesoc.a(Front_Echo_Timer.o)
                0x000025dc                Front_Echo_Timer_Start
 .text.Rear_Trigger_Reg_Write
                0x000025f4        0xc .\CortexM3\ARM_GCC_493\Debug\freesoc.a(Rear_Trigger_Reg.o)
                0x000025f4                Rear_Trigger_Reg_Write
 .text.Rear_Trigger_Select_Reg_Write
                0x00002600        0xc .\CortexM3\ARM_GCC_493\Debug\freesoc.a(Rear_Trigger_Select_Reg.o)
                0x00002600                Rear_Trigger_Select_Reg_Write
 .text.Rear_Trigger_Select_Reg_Read
                0x0000260c        0xc .\CortexM3\ARM_GCC_493\Debug\freesoc.a(Rear_Trigger_Select_Reg.o)
                0x0000260c                Rear_Trigger_Select_Reg_Read
 .text.Rear_Echo_Intr_SetVector
                0x00002618        0xc .\CortexM3\ARM_GCC_493\Debug\freesoc.a(Rear_Echo_Intr.o)
                0x00002618                Rear_Echo_Intr_SetVector
 .text.Rear_Echo_Intr_SetPriority
                0x00002624       0x10 .\CortexM3\ARM_GCC_493\Debug\freesoc.a(Rear_Echo_Intr.o)
                0x00002624                Rear_Echo_Intr_SetPriority
 .text.Rear_Echo_Intr_Enable
                0x00002634        0xc .\CortexM3\ARM_GCC_493\Debug\freesoc.a(Rear_Echo_Intr.o)
                0x00002634                Rear_Echo_Intr_Enable
 .text.Rear_Echo_Intr_Disable
                0x00002640        0xc .\CortexM3\ARM_GCC_493\Debug\freesoc.a(Rear_Echo_Intr.o)
                0x00002640                Rear_Echo_Intr_Disable
 .text.Rear_Echo_Intr_StartEx
                0x0000264c       0x1c .\CortexM3\ARM_GCC_493\Debug\freesoc.a(Rear_Echo_Intr.o)
                0x0000264c                Rear_Echo_Intr_StartEx
 .text.Rear_Echo_Intr_ClearPending
                0x00002668        0xc .\CortexM3\ARM_GCC_493\Debug\freesoc.a(Rear_Echo_Intr.o)
                0x00002668                Rear_Echo_Intr_ClearPending
 .text.Rear_Echo_Timer_SetInterruptMode
                0x00002674        0xc .\CortexM3\ARM_GCC_493\Debug\freesoc.a(Rear_Echo_Timer.o)
                0x00002674                Rear_Echo_Timer_SetInterruptMode
 .text.Rear_Echo_Timer_ReadStatusRegister
                0x00002680        0xc .\CortexM3\ARM_GCC_493\Debug\freesoc.a(Rear_Echo_Timer.o)
                0x00002680                Rear_Echo_Timer_ReadStatusRegister
 .text.Rear_Echo_Timer_WritePeriod
                0x0000268c        0xc .\CortexM3\ARM_GCC_493\Debug\freesoc.a(Rear_Echo_Timer.o)
                0x0000268c                Rear_Echo_Timer_WritePeriod
 .text.Rear_Echo_Timer_ReadCapture
                0x00002698        0xc .\CortexM3\ARM_GCC_493\Debug\freesoc.a(Rear_Echo_Timer.o)
                0x00002698                Rear_Echo_Timer_ReadCapture
 .text.Rear_Echo_Timer_WriteCounter
                0x000026a4        0xc .\CortexM3\ARM_GCC_493\Debug\freesoc.a(Rear_Echo_Timer.o)
                0x000026a4                Rear_Echo_Timer_WriteCounter
 .text.Rear_Echo_Timer_ReadCounter
                0x000026b0       0x14 .\CortexM3\ARM_GCC_493\Debug\freesoc.a(Rear_Echo_Timer.o)
                0x000026b0                Rear_Echo_Timer_ReadCounter
 .text.Rear_Echo_Timer_ClearFIFO
                0x000026c4       0x14 .\CortexM3\ARM_GCC_493\Debug\freesoc.a(Rear_Echo_Timer.o)
                0x000026c4                Rear_Echo_Timer_ClearFIFO
 .text.Rear_Echo_Timer_Init
                0x000026d8       0x34 .\CortexM3\ARM_GCC_493\Debug\freesoc.a(Rear_Echo_Timer.o)
                0x000026d8                Rear_Echo_Timer_Init
 .text.Rear_Echo_Timer_Start
                0x0000270c       0x18 .\CortexM3\ARM_GCC_493\Debug\freesoc.a(Rear_Echo_Timer.o)
                0x0000270c                Rear_Echo_Timer_Start
 .text.Front_ADC_SAR_CalcGain
                0x00002724       0x5c .\CortexM3\ARM_GCC_493\Debug\freesoc.a(Front_ADC_SAR.o)
 .text.Front_ADC_SAR_Enable
                0x00002780       0x94 .\CortexM3\ARM_GCC_493\Debug\freesoc.a(Front_ADC_SAR.o)
                0x00002780                Front_ADC_SAR_Enable
 .text.Front_ADC_SAR_SetResolution
                0x00002814       0x38 .\CortexM3\ARM_GCC_493\Debug\freesoc.a(Front_ADC_SAR.o)
                0x00002814                Front_ADC_SAR_SetResolution
 .text.Front_ADC_SAR_Init
                0x0000284c       0x3c .\CortexM3\ARM_GCC_493\Debug\freesoc.a(Front_ADC_SAR.o)
                0x0000284c                Front_ADC_SAR_Init
 .text.Front_ADC_SAR_Start
                0x00002888       0x1c .\CortexM3\ARM_GCC_493\Debug\freesoc.a(Front_ADC_SAR.o)
                0x00002888                Front_ADC_SAR_Start
 .text.Front_ADC_SAR_StartConvert
                0x000028a4       0x10 .\CortexM3\ARM_GCC_493\Debug\freesoc.a(Front_ADC_SAR.o)
                0x000028a4                Front_ADC_SAR_StartConvert
 .text.Front_ADC_SAR_GetResult16
                0x000028b4       0x18 .\CortexM3\ARM_GCC_493\Debug\freesoc.a(Front_ADC_SAR.o)
                0x000028b4                Front_ADC_SAR_GetResult16
 .text.Front_ADC_SAR_CountsTo_Volts
                0x000028cc       0x50 .\CortexM3\ARM_GCC_493\Debug\freesoc.a(Front_ADC_SAR.o)
                0x000028cc                Front_ADC_SAR_CountsTo_Volts
 .text.Front_ADC_SAR_ISR
                0x0000291c        0x4 .\CortexM3\ARM_GCC_493\Debug\freesoc.a(Front_ADC_SAR_INT.o)
                0x0000291c                Front_ADC_SAR_ISR
 .text.Front_AMuxSeq_Start
                0x00002920       0x14 .\CortexM3\ARM_GCC_493\Debug\freesoc.a(Front_AMuxSeq.o)
                0x00002920                Front_AMuxSeq_Start
 .text.Front_AMuxSeq_GetChannel
                0x00002934        0xc .\CortexM3\ARM_GCC_493\Debug\freesoc.a(Front_AMuxSeq.o)
                0x00002934                Front_AMuxSeq_GetChannel
 .text.Rear_ADC_SAR_CalcGain
                0x00002940       0x5c .\CortexM3\ARM_GCC_493\Debug\freesoc.a(Rear_ADC_SAR.o)
 .text.Rear_ADC_SAR_Enable
                0x0000299c       0x94 .\CortexM3\ARM_GCC_493\Debug\freesoc.a(Rear_ADC_SAR.o)
                0x0000299c                Rear_ADC_SAR_Enable
 .text.Rear_ADC_SAR_SetResolution
                0x00002a30       0x38 .\CortexM3\ARM_GCC_493\Debug\freesoc.a(Rear_ADC_SAR.o)
                0x00002a30                Rear_ADC_SAR_SetResolution
 .text.Rear_ADC_SAR_Init
                0x00002a68       0x3c .\CortexM3\ARM_GCC_493\Debug\freesoc.a(Rear_ADC_SAR.o)
                0x00002a68                Rear_ADC_SAR_Init
 .text.Rear_ADC_SAR_Start
                0x00002aa4       0x1c .\CortexM3\ARM_GCC_493\Debug\freesoc.a(Rear_ADC_SAR.o)
                0x00002aa4                Rear_ADC_SAR_Start
 .text.Rear_ADC_SAR_StartConvert
                0x00002ac0       0x10 .\CortexM3\ARM_GCC_493\Debug\freesoc.a(Rear_ADC_SAR.o)
                0x00002ac0                Rear_ADC_SAR_StartConvert
 .text.Rear_ADC_SAR_GetResult16
                0x00002ad0       0x18 .\CortexM3\ARM_GCC_493\Debug\freesoc.a(Rear_ADC_SAR.o)
                0x00002ad0                Rear_ADC_SAR_GetResult16
 .text.Rear_ADC_SAR_CountsTo_Volts
                0x00002ae8       0x50 .\CortexM3\ARM_GCC_493\Debug\freesoc.a(Rear_ADC_SAR.o)
                0x00002ae8                Rear_ADC_SAR_CountsTo_Volts
 .text.Rear_ADC_SAR_ISR
                0x00002b38        0x4 .\CortexM3\ARM_GCC_493\Debug\freesoc.a(Rear_ADC_SAR_INT.o)
                0x00002b38                Rear_ADC_SAR_ISR
 .text.Rear_AMuxSeq_Start
                0x00002b3c       0x14 .\CortexM3\ARM_GCC_493\Debug\freesoc.a(Rear_AMuxSeq.o)
                0x00002b3c                Rear_AMuxSeq_Start
 .text.Rear_AMuxSeq_GetChannel
                0x00002b50        0xc .\CortexM3\ARM_GCC_493\Debug\freesoc.a(Rear_AMuxSeq.o)
                0x00002b50                Rear_AMuxSeq_GetChannel
 .text.Front_ADC_SAR_IRQ_SetVector
                0x00002b5c        0xc .\CortexM3\ARM_GCC_493\Debug\freesoc.a(Front_ADC_SAR_IRQ.o)
                0x00002b5c                Front_ADC_SAR_IRQ_SetVector
 .text.Front_ADC_SAR_IRQ_SetPriority
                0x00002b68       0x10 .\CortexM3\ARM_GCC_493\Debug\freesoc.a(Front_ADC_SAR_IRQ.o)
                0x00002b68                Front_ADC_SAR_IRQ_SetPriority
 .text.Front_ADC_SAR_IRQ_Enable
                0x00002b78        0xc .\CortexM3\ARM_GCC_493\Debug\freesoc.a(Front_ADC_SAR_IRQ.o)
                0x00002b78                Front_ADC_SAR_IRQ_Enable
 .text.Front_ADC_SAR_IRQ_Disable
                0x00002b84        0xc .\CortexM3\ARM_GCC_493\Debug\freesoc.a(Front_ADC_SAR_IRQ.o)
                0x00002b84                Front_ADC_SAR_IRQ_Disable
 .text.Front_ADC_SAR_IRQ_StartEx
                0x00002b90       0x1c .\CortexM3\ARM_GCC_493\Debug\freesoc.a(Front_ADC_SAR_IRQ.o)
                0x00002b90                Front_ADC_SAR_IRQ_StartEx
 .text.Front_ADC_SAR_IRQ_ClearPending
                0x00002bac        0xc .\CortexM3\ARM_GCC_493\Debug\freesoc.a(Front_ADC_SAR_IRQ.o)
                0x00002bac                Front_ADC_SAR_IRQ_ClearPending
 .text.Front_ADC_SAR_theACLK_SetModeRegister
                0x00002bb8       0x14 .\CortexM3\ARM_GCC_493\Debug\freesoc.a(Front_ADC_SAR_theACLK.o)
                0x00002bb8                Front_ADC_SAR_theACLK_SetModeRegister
 .text.Rear_ADC_SAR_IRQ_SetVector
                0x00002bcc        0xc .\CortexM3\ARM_GCC_493\Debug\freesoc.a(Rear_ADC_SAR_IRQ.o)
                0x00002bcc                Rear_ADC_SAR_IRQ_SetVector
 .text.Rear_ADC_SAR_IRQ_SetPriority
                0x00002bd8       0x10 .\CortexM3\ARM_GCC_493\Debug\freesoc.a(Rear_ADC_SAR_IRQ.o)
                0x00002bd8                Rear_ADC_SAR_IRQ_SetPriority
 .text.Rear_ADC_SAR_IRQ_Enable
                0x00002be8        0xc .\CortexM3\ARM_GCC_493\Debug\freesoc.a(Rear_ADC_SAR_IRQ.o)
                0x00002be8                Rear_ADC_SAR_IRQ_Enable
 .text.Rear_ADC_SAR_IRQ_Disable
                0x00002bf4        0xc .\CortexM3\ARM_GCC_493\Debug\freesoc.a(Rear_ADC_SAR_IRQ.o)
                0x00002bf4                Rear_ADC_SAR_IRQ_Disable
 .text.Rear_ADC_SAR_IRQ_StartEx
                0x00002c00       0x1c .\CortexM3\ARM_GCC_493\Debug\freesoc.a(Rear_ADC_SAR_IRQ.o)
                0x00002c00                Rear_ADC_SAR_IRQ_StartEx
 .text.Rear_ADC_SAR_IRQ_ClearPending
                0x00002c1c        0xc .\CortexM3\ARM_GCC_493\Debug\freesoc.a(Rear_ADC_SAR_IRQ.o)
                0x00002c1c                Rear_ADC_SAR_IRQ_ClearPending
 .text.Rear_ADC_SAR_theACLK_SetModeRegister
                0x00002c28       0x14 .\CortexM3\ARM_GCC_493\Debug\freesoc.a(Rear_ADC_SAR_theACLK.o)
                0x00002c28                Rear_ADC_SAR_theACLK_SetModeRegister
 .text.Rear_EOS_Intr_SetVector
                0x00002c3c        0xc .\CortexM3\ARM_GCC_493\Debug\freesoc.a(Rear_EOS_Intr.o)
                0x00002c3c                Rear_EOS_Intr_SetVector
 .text.Rear_EOS_Intr_SetPriority
                0x00002c48       0x10 .\CortexM3\ARM_GCC_493\Debug\freesoc.a(Rear_EOS_Intr.o)
                0x00002c48                Rear_EOS_Intr_SetPriority
 .text.Rear_EOS_Intr_Enable
                0x00002c58        0xc .\CortexM3\ARM_GCC_493\Debug\freesoc.a(Rear_EOS_Intr.o)
                0x00002c58                Rear_EOS_Intr_Enable
 .text.Rear_EOS_Intr_Disable
                0x00002c64        0xc .\CortexM3\ARM_GCC_493\Debug\freesoc.a(Rear_EOS_Intr.o)
                0x00002c64                Rear_EOS_Intr_Disable
 .text.Rear_EOS_Intr_StartEx
                0x00002c70       0x1c .\CortexM3\ARM_GCC_493\Debug\freesoc.a(Rear_EOS_Intr.o)
                0x00002c70                Rear_EOS_Intr_StartEx
 .text.Rear_EOS_Intr_ClearPending
                0x00002c8c        0xc .\CortexM3\ARM_GCC_493\Debug\freesoc.a(Rear_EOS_Intr.o)
                0x00002c8c                Rear_EOS_Intr_ClearPending
 .text.Front_EOS_Intr_SetVector
                0x00002c98        0xc .\CortexM3\ARM_GCC_493\Debug\freesoc.a(Front_EOS_Intr.o)
                0x00002c98                Front_EOS_Intr_SetVector
 .text.Front_EOS_Intr_SetPriority
                0x00002ca4       0x10 .\CortexM3\ARM_GCC_493\Debug\freesoc.a(Front_EOS_Intr.o)
                0x00002ca4                Front_EOS_Intr_SetPriority
 .text.Front_EOS_Intr_Enable
                0x00002cb4        0xc .\CortexM3\ARM_GCC_493\Debug\freesoc.a(Front_EOS_Intr.o)
                0x00002cb4                Front_EOS_Intr_Enable
 .text.Front_EOS_Intr_Disable
                0x00002cc0        0xc .\CortexM3\ARM_GCC_493\Debug\freesoc.a(Front_EOS_Intr.o)
                0x00002cc0                Front_EOS_Intr_Disable
 .text.Front_EOS_Intr_StartEx
                0x00002ccc       0x1c .\CortexM3\ARM_GCC_493\Debug\freesoc.a(Front_EOS_Intr.o)
                0x00002ccc                Front_EOS_Intr_StartEx
 .text.Front_EOS_Intr_ClearPending
                0x00002ce8        0xc .\CortexM3\ARM_GCC_493\Debug\freesoc.a(Front_EOS_Intr.o)
                0x00002ce8                Front_EOS_Intr_ClearPending
 .text.Mainloop_Pin_Write
                0x00002cf4       0x18 .\CortexM3\ARM_GCC_493\Debug\freesoc.a(Mainloop_Pin.o)
                0x00002cf4                Mainloop_Pin_Write
 .text.EEPROM_Enable
                0x00002d0c        0xc .\CortexM3\ARM_GCC_493\Debug\freesoc.a(EEPROM.o)
                0x00002d0c                EEPROM_Enable
 .text.EEPROM_Start
                0x00002d18        0x8 .\CortexM3\ARM_GCC_493\Debug\freesoc.a(EEPROM.o)
                0x00002d18                EEPROM_Start
 .text.EEPROM_WriteByte
                0x00002d20       0xd4 .\CortexM3\ARM_GCC_493\Debug\freesoc.a(EEPROM.o)
                0x00002d20                EEPROM_WriteByte
 .text.EEPROM_Write
                0x00002df4       0xb4 .\CortexM3\ARM_GCC_493\Debug\freesoc.a(EEPROM.o)
                0x00002df4                EEPROM_Write
 .text.Right_QuadDec_Init
                0x00002ea8       0x24 .\CortexM3\ARM_GCC_493\Debug\freesoc.a(Right_QuadDec.o)
                0x00002ea8                Right_QuadDec_Init
 .text.Right_QuadDec_GetCounter
                0x00002ecc       0x2c .\CortexM3\ARM_GCC_493\Debug\freesoc.a(Right_QuadDec.o)
                0x00002ecc                Right_QuadDec_GetCounter
 .text.Right_QuadDec_SetCounter
                0x00002ef8       0x28 .\CortexM3\ARM_GCC_493\Debug\freesoc.a(Right_QuadDec.o)
                0x00002ef8                Right_QuadDec_SetCounter
 .text.Right_QuadDec_GetEvents
                0x00002f20       0x10 .\CortexM3\ARM_GCC_493\Debug\freesoc.a(Right_QuadDec.o)
                0x00002f20                Right_QuadDec_GetEvents
 .text.Right_QuadDec_SetInterruptMask
                0x00002f30       0x10 .\CortexM3\ARM_GCC_493\Debug\freesoc.a(Right_QuadDec.o)
                0x00002f30                Right_QuadDec_SetInterruptMask
 .text.Right_QuadDec_Enable
                0x00002f40       0x30 .\CortexM3\ARM_GCC_493\Debug\freesoc.a(Right_QuadDec.o)
                0x00002f40                Right_QuadDec_Enable
 .text.Right_QuadDec_Start
                0x00002f70       0x34 .\CortexM3\ARM_GCC_493\Debug\freesoc.a(Right_QuadDec.o)
                0x00002f70                Right_QuadDec_Start
 .text.Right_QuadDec_ISR
                0x00002fa4       0x40 .\CortexM3\ARM_GCC_493\Debug\freesoc.a(Right_QuadDec_INT.o)
                0x00002fa4                Right_QuadDec_ISR
 .text.Right_QuadDec_Cnt16_Enable
                0x00002fe4       0x10 .\CortexM3\ARM_GCC_493\Debug\freesoc.a(Right_QuadDec_Cnt16.o)
                0x00002fe4                Right_QuadDec_Cnt16_Enable
 .text.Right_QuadDec_Cnt16_SetInterruptMode
                0x00002ff4        0xc .\CortexM3\ARM_GCC_493\Debug\freesoc.a(Right_QuadDec_Cnt16.o)
                0x00002ff4                Right_QuadDec_Cnt16_SetInterruptMode
 .text.Right_QuadDec_Cnt16_ReadStatusRegister
                0x00003000        0xc .\CortexM3\ARM_GCC_493\Debug\freesoc.a(Right_QuadDec_Cnt16.o)
                0x00003000                Right_QuadDec_Cnt16_ReadStatusRegister
 .text.Right_QuadDec_Cnt16_WriteCounter
                0x0000300c        0xc .\CortexM3\ARM_GCC_493\Debug\freesoc.a(Right_QuadDec_Cnt16.o)
                0x0000300c                Right_QuadDec_Cnt16_WriteCounter
 .text.Right_QuadDec_Cnt16_ReadCounter
                0x00003018       0x14 .\CortexM3\ARM_GCC_493\Debug\freesoc.a(Right_QuadDec_Cnt16.o)
                0x00003018                Right_QuadDec_Cnt16_ReadCounter
 .text.Right_QuadDec_Cnt16_ReadCapture
                0x0000302c        0xc .\CortexM3\ARM_GCC_493\Debug\freesoc.a(Right_QuadDec_Cnt16.o)
                0x0000302c                Right_QuadDec_Cnt16_ReadCapture
 .text.Right_QuadDec_Cnt16_WritePeriod
                0x00003038        0xc .\CortexM3\ARM_GCC_493\Debug\freesoc.a(Right_QuadDec_Cnt16.o)
                0x00003038                Right_QuadDec_Cnt16_WritePeriod
 .text.Right_QuadDec_Cnt16_WriteCompare
                0x00003044        0xc .\CortexM3\ARM_GCC_493\Debug\freesoc.a(Right_QuadDec_Cnt16.o)
                0x00003044                Right_QuadDec_Cnt16_WriteCompare
 .text.Right_QuadDec_Cnt16_ClearFIFO
                0x00003050       0x14 .\CortexM3\ARM_GCC_493\Debug\freesoc.a(Right_QuadDec_Cnt16.o)
                0x00003050                Right_QuadDec_Cnt16_ClearFIFO
 .text.Right_QuadDec_Cnt16_Init
                0x00003064       0x58 .\CortexM3\ARM_GCC_493\Debug\freesoc.a(Right_QuadDec_Cnt16.o)
                0x00003064                Right_QuadDec_Cnt16_Init
 .text.Right_QuadDec_Cnt16_Start
                0x000030bc       0x1c .\CortexM3\ARM_GCC_493\Debug\freesoc.a(Right_QuadDec_Cnt16.o)
                0x000030bc                Right_QuadDec_Cnt16_Start
 .text.Left_QuadDec_Init
                0x000030d8       0x24 .\CortexM3\ARM_GCC_493\Debug\freesoc.a(Left_QuadDec.o)
                0x000030d8                Left_QuadDec_Init
 .text.Left_QuadDec_GetCounter
                0x000030fc       0x2c .\CortexM3\ARM_GCC_493\Debug\freesoc.a(Left_QuadDec.o)
                0x000030fc                Left_QuadDec_GetCounter
 .text.Left_QuadDec_SetCounter
                0x00003128       0x28 .\CortexM3\ARM_GCC_493\Debug\freesoc.a(Left_QuadDec.o)
                0x00003128                Left_QuadDec_SetCounter
 .text.Left_QuadDec_GetEvents
                0x00003150       0x10 .\CortexM3\ARM_GCC_493\Debug\freesoc.a(Left_QuadDec.o)
                0x00003150                Left_QuadDec_GetEvents
 .text.Left_QuadDec_SetInterruptMask
                0x00003160       0x10 .\CortexM3\ARM_GCC_493\Debug\freesoc.a(Left_QuadDec.o)
                0x00003160                Left_QuadDec_SetInterruptMask
 .text.Left_QuadDec_Enable
                0x00003170       0x30 .\CortexM3\ARM_GCC_493\Debug\freesoc.a(Left_QuadDec.o)
                0x00003170                Left_QuadDec_Enable
 .text.Left_QuadDec_Start
                0x000031a0       0x34 .\CortexM3\ARM_GCC_493\Debug\freesoc.a(Left_QuadDec.o)
                0x000031a0                Left_QuadDec_Start
 .text.Left_QuadDec_ISR
                0x000031d4       0x40 .\CortexM3\ARM_GCC_493\Debug\freesoc.a(Left_QuadDec_INT.o)
                0x000031d4                Left_QuadDec_ISR
 .text.Left_QuadDec_Cnt16_Enable
                0x00003214       0x10 .\CortexM3\ARM_GCC_493\Debug\freesoc.a(Left_QuadDec_Cnt16.o)
                0x00003214                Left_QuadDec_Cnt16_Enable
 .text.Left_QuadDec_Cnt16_SetInterruptMode
                0x00003224        0xc .\CortexM3\ARM_GCC_493\Debug\freesoc.a(Left_QuadDec_Cnt16.o)
                0x00003224                Left_QuadDec_Cnt16_SetInterruptMode
 .text.Left_QuadDec_Cnt16_ReadStatusRegister
                0x00003230        0xc .\CortexM3\ARM_GCC_493\Debug\freesoc.a(Left_QuadDec_Cnt16.o)
                0x00003230                Left_QuadDec_Cnt16_ReadStatusRegister
 .text.Left_QuadDec_Cnt16_WriteCounter
                0x0000323c        0xc .\CortexM3\ARM_GCC_493\Debug\freesoc.a(Left_QuadDec_Cnt16.o)
                0x0000323c                Left_QuadDec_Cnt16_WriteCounter
 .text.Left_QuadDec_Cnt16_ReadCounter
                0x00003248       0x14 .\CortexM3\ARM_GCC_493\Debug\freesoc.a(Left_QuadDec_Cnt16.o)
                0x00003248                Left_QuadDec_Cnt16_ReadCounter
 .text.Left_QuadDec_Cnt16_ReadCapture
                0x0000325c        0xc .\CortexM3\ARM_GCC_493\Debug\freesoc.a(Left_QuadDec_Cnt16.o)
                0x0000325c                Left_QuadDec_Cnt16_ReadCapture
 .text.Left_QuadDec_Cnt16_WritePeriod
                0x00003268        0xc .\CortexM3\ARM_GCC_493\Debug\freesoc.a(Left_QuadDec_Cnt16.o)
                0x00003268                Left_QuadDec_Cnt16_WritePeriod
 .text.Left_QuadDec_Cnt16_WriteCompare
                0x00003274        0xc .\CortexM3\ARM_GCC_493\Debug\freesoc.a(Left_QuadDec_Cnt16.o)
                0x00003274                Left_QuadDec_Cnt16_WriteCompare
 .text.Left_QuadDec_Cnt16_ClearFIFO
                0x00003280       0x14 .\CortexM3\ARM_GCC_493\Debug\freesoc.a(Left_QuadDec_Cnt16.o)
                0x00003280                Left_QuadDec_Cnt16_ClearFIFO
 .text.Left_QuadDec_Cnt16_Init
                0x00003294       0x58 .\CortexM3\ARM_GCC_493\Debug\freesoc.a(Left_QuadDec_Cnt16.o)
                0x00003294                Left_QuadDec_Cnt16_Init
 .text.Left_QuadDec_Cnt16_Start
                0x000032ec       0x1c .\CortexM3\ARM_GCC_493\Debug\freesoc.a(Left_QuadDec_Cnt16.o)
                0x000032ec                Left_QuadDec_Cnt16_Start
 .text.CyFlashGetSpcAlgorithm
                0x00003308       0x4c .\CortexM3\ARM_GCC_493\Debug\freesoc.a(CyFlash.o)
 .text.CySetTempInt
                0x00003354       0x60 .\CortexM3\ARM_GCC_493\Debug\freesoc.a(CyFlash.o)
 .text.CySetTemp
                0x000033b4       0x14 .\CortexM3\ARM_GCC_493\Debug\freesoc.a(CyFlash.o)
                0x000033b4                CySetTemp
 .text.CyEEPROM_Start
                0x000033c8       0x54 .\CortexM3\ARM_GCC_493\Debug\freesoc.a(CyFlash.o)
                0x000033c8                CyEEPROM_Start
 .text.CySpcStart
                0x0000341c       0x24 .\CortexM3\ARM_GCC_493\Debug\freesoc.a(CySpc.o)
                0x0000341c                CySpcStart
 .text.CySpcReadData
                0x00003440       0x34 .\CortexM3\ARM_GCC_493\Debug\freesoc.a(CySpc.o)
                0x00003440                CySpcReadData
 .text.CySpcLoadMultiByte
                0x00003474       0x78 .\CortexM3\ARM_GCC_493\Debug\freesoc.a(CySpc.o)
                0x00003474                CySpcLoadMultiByte
 .text.CySpcLoadRow
                0x000034ec       0x54 .\CortexM3\ARM_GCC_493\Debug\freesoc.a(CySpc.o)
                0x000034ec                CySpcLoadRow
 .text.CySpcWriteRow
                0x00003540       0x4c .\CortexM3\ARM_GCC_493\Debug\freesoc.a(CySpc.o)
                0x00003540                CySpcWriteRow
 .text.CySpcGetTemp
                0x0000358c       0x3c .\CortexM3\ARM_GCC_493\Debug\freesoc.a(CySpc.o)
                0x0000358c                CySpcGetTemp
 .text.CySpcLock
                0x000035c8       0x4c .\CortexM3\ARM_GCC_493\Debug\freesoc.a(CySpc.o)
                0x000035c8                CySpcLock
 .text.CySpcUnlock
                0x00003614       0x38 .\CortexM3\ARM_GCC_493\Debug\freesoc.a(CySpc.o)
                0x00003614                CySpcUnlock
 .text.CySpcGetAlgorithm
                0x0000364c       0x28 .\CortexM3\ARM_GCC_493\Debug\freesoc.a(CySpc.o)
                0x0000364c                CySpcGetAlgorithm
 .text.cos      0x00003674       0x90 c:/program files (x86)/cypress/psoc creator/3.3/psoc creator/import/gnu/arm/4.9.3/bin/../lib/gcc/arm-none-eabi/4.9.3/../../../../arm-none-eabi/lib/armv7-m\libm.a(lib_a-s_cos.o)
                0x00003674                cos
 .text.sin      0x00003704       0x94 c:/program files (x86)/cypress/psoc creator/3.3/psoc creator/import/gnu/arm/4.9.3/bin/../lib/gcc/arm-none-eabi/4.9.3/../../../../arm-none-eabi/lib/armv7-m\libm.a(lib_a-s_sin.o)
                0x00003704                sin
 .text.pow      0x00003798      0x2f0 c:/program files (x86)/cypress/psoc creator/3.3/psoc creator/import/gnu/arm/4.9.3/bin/../lib/gcc/arm-none-eabi/4.9.3/../../../../arm-none-eabi/lib/armv7-m\libm.a(lib_a-w_pow.o)
                0x00003798                pow
 .text.__ieee754_pow
                0x00003a88      0xaa0 c:/program files (x86)/cypress/psoc creator/3.3/psoc creator/import/gnu/arm/4.9.3/bin/../lib/gcc/arm-none-eabi/4.9.3/../../../../arm-none-eabi/lib/armv7-m\libm.a(lib_a-e_pow.o)
                0x00003a88                __ieee754_pow
 .text.__ieee754_rem_pio2
                0x00004528      0x428 c:/program files (x86)/cypress/psoc creator/3.3/psoc creator/import/gnu/arm/4.9.3/bin/../lib/gcc/arm-none-eabi/4.9.3/../../../../arm-none-eabi/lib/armv7-m\libm.a(lib_a-e_rem_pio2.o)
                0x00004528                __ieee754_rem_pio2
 .text.__ieee754_sqrt
                0x00004950      0x18c c:/program files (x86)/cypress/psoc creator/3.3/psoc creator/import/gnu/arm/4.9.3/bin/../lib/gcc/arm-none-eabi/4.9.3/../../../../arm-none-eabi/lib/armv7-m\libm.a(lib_a-e_sqrt.o)
                0x00004950                __ieee754_sqrt
 *fill*         0x00004adc        0x4 
 .text.__kernel_cos
                0x00004ae0      0x248 c:/program files (x86)/cypress/psoc creator/3.3/psoc creator/import/gnu/arm/4.9.3/bin/../lib/gcc/arm-none-eabi/4.9.3/../../../../arm-none-eabi/lib/armv7-m\libm.a(lib_a-k_cos.o)
                0x00004ae0                __kernel_cos
 .text.__kernel_rem_pio2
                0x00004d28      0x808 c:/program files (x86)/cypress/psoc creator/3.3/psoc creator/import/gnu/arm/4.9.3/bin/../lib/gcc/arm-none-eabi/4.9.3/../../../../arm-none-eabi/lib/armv7-m\libm.a(lib_a-k_rem_pio2.o)
                0x00004d28                __kernel_rem_pio2
 .text.__kernel_sin
                0x00005530      0x170 c:/program files (x86)/cypress/psoc creator/3.3/psoc creator/import/gnu/arm/4.9.3/bin/../lib/gcc/arm-none-eabi/4.9.3/../../../../arm-none-eabi/lib/armv7-m\libm.a(lib_a-k_sin.o)
                0x00005530                __kernel_sin
 .text.fabs     0x000056a0        0x8 c:/program files (x86)/cypress/psoc creator/3.3/psoc creator/import/gnu/arm/4.9.3/bin/../lib/gcc/arm-none-eabi/4.9.3/../../../../arm-none-eabi/lib/armv7-m\libm.a(lib_a-s_fabs.o)
                0x000056a0                fabs
 .text.finite   0x000056a8        0xc c:/program files (x86)/cypress/psoc creator/3.3/psoc creator/import/gnu/arm/4.9.3/bin/../lib/gcc/arm-none-eabi/4.9.3/../../../../arm-none-eabi/lib/armv7-m\libm.a(lib_a-s_finite.o)
                0x000056a8                finite
 *fill*         0x000056b4        0x4 
 .text.floor    0x000056b8      0x118 c:/program files (x86)/cypress/psoc creator/3.3/psoc creator/import/gnu/arm/4.9.3/bin/../lib/gcc/arm-none-eabi/4.9.3/../../../../arm-none-eabi/lib/armv7-m\libm.a(lib_a-s_floor.o)
                0x000056b8                floor
 .text.__fpclassifyd
                0x000057d0       0x58 c:/program files (x86)/cypress/psoc creator/3.3/psoc creator/import/gnu/arm/4.9.3/bin/../lib/gcc/arm-none-eabi/4.9.3/../../../../arm-none-eabi/lib/armv7-m\libm.a(lib_a-s_fpclassify.o)
                0x000057d0                __fpclassifyd
 .text.matherr  0x00005828        0x4 c:/program files (x86)/cypress/psoc creator/3.3/psoc creator/import/gnu/arm/4.9.3/bin/../lib/gcc/arm-none-eabi/4.9.3/../../../../arm-none-eabi/lib/armv7-m\libm.a(lib_a-s_matherr.o)
                0x00005828                matherr
 .text.nan      0x0000582c        0xc c:/program files (x86)/cypress/psoc creator/3.3/psoc creator/import/gnu/arm/4.9.3/bin/../lib/gcc/arm-none-eabi/4.9.3/../../../../arm-none-eabi/lib/armv7-m\libm.a(lib_a-s_nan.o)
                0x0000582c                nan
 .text.rint     0x00005838      0x11c c:/program files (x86)/cypress/psoc creator/3.3/psoc creator/import/gnu/arm/4.9.3/bin/../lib/gcc/arm-none-eabi/4.9.3/../../../../arm-none-eabi/lib/armv7-m\libm.a(lib_a-s_rint.o)
                0x00005838                rint
 *fill*         0x00005954        0x4 
 .text.scalbn   0x00005958       0xf0 c:/program files (x86)/cypress/psoc creator/3.3/psoc creator/import/gnu/arm/4.9.3/bin/../lib/gcc/arm-none-eabi/4.9.3/../../../../arm-none-eabi/lib/armv7-m\libm.a(lib_a-s_scalbn.o)
                0x00005958                scalbn
 .text.copysign
                0x00005a48       0x10 c:/program files (x86)/cypress/psoc creator/3.3/psoc creator/import/gnu/arm/4.9.3/bin/../lib/gcc/arm-none-eabi/4.9.3/../../../../arm-none-eabi/lib/armv7-m\libm.a(lib_a-s_copysign.o)
                0x00005a48                copysign
 .text          0x00005a58      0x370 c:/program files (x86)/cypress/psoc creator/3.3/psoc creator/import/gnu/arm/4.9.3/bin/../lib/gcc/arm-none-eabi/4.9.3/armv7-m\libgcc.a(_arm_addsubdf3.o)
                0x00005a58                __aeabi_drsub
                0x00005a60                __aeabi_dsub
                0x00005a60                __subdf3
                0x00005a64                __aeabi_dadd
                0x00005a64                __adddf3
                0x00005cdc                __floatunsidf
                0x00005cdc                __aeabi_ui2d
                0x00005cfc                __floatsidf
                0x00005cfc                __aeabi_i2d
                0x00005d20                __aeabi_f2d
                0x00005d20                __extendsfdf2
                0x00005d5c                __floatundidf
                0x00005d5c                __aeabi_ul2d
                0x00005d6c                __floatdidf
                0x00005d6c                __aeabi_l2d
 .text          0x00005dc8      0x424 c:/program files (x86)/cypress/psoc creator/3.3/psoc creator/import/gnu/arm/4.9.3/bin/../lib/gcc/arm-none-eabi/4.9.3/armv7-m\libgcc.a(_arm_muldivdf3.o)
                0x00005dc8                __aeabi_dmul
                0x00005dc8                __muldf3
                0x0000601c                __divdf3
                0x0000601c                __aeabi_ddiv
 .text          0x000061ec      0x110 c:/program files (x86)/cypress/psoc creator/3.3/psoc creator/import/gnu/arm/4.9.3/bin/../lib/gcc/arm-none-eabi/4.9.3/armv7-m\libgcc.a(_arm_cmpdf2.o)
                0x000061ec                __gtdf2
                0x000061ec                __gedf2
                0x000061f4                __ltdf2
                0x000061f4                __ledf2
                0x000061fc                __nedf2
                0x000061fc                __eqdf2
                0x000061fc                __cmpdf2
                0x00006278                __aeabi_cdrcmple
                0x00006288                __aeabi_cdcmpeq
                0x00006288                __aeabi_cdcmple
                0x00006298                __aeabi_dcmpeq
                0x000062ac                __aeabi_dcmplt
                0x000062c0                __aeabi_dcmple
                0x000062d4                __aeabi_dcmpge
                0x000062e8                __aeabi_dcmpgt
 .text          0x000062fc       0x50 c:/program files (x86)/cypress/psoc creator/3.3/psoc creator/import/gnu/arm/4.9.3/bin/../lib/gcc/arm-none-eabi/4.9.3/armv7-m\libgcc.a(_arm_fixdfsi.o)
                0x000062fc                __aeabi_d2iz
                0x000062fc                __fixdfsi
 .text          0x0000634c       0x40 c:/program files (x86)/cypress/psoc creator/3.3/psoc creator/import/gnu/arm/4.9.3/bin/../lib/gcc/arm-none-eabi/4.9.3/armv7-m\libgcc.a(_arm_fixunsdfsi.o)
                0x0000634c                __aeabi_d2uiz
                0x0000634c                __fixunsdfsi
 .text          0x0000638c       0xa0 c:/program files (x86)/cypress/psoc creator/3.3/psoc creator/import/gnu/arm/4.9.3/bin/../lib/gcc/arm-none-eabi/4.9.3/armv7-m\libgcc.a(_arm_truncdfsf2.o)
                0x0000638c                __truncdfsf2
                0x0000638c                __aeabi_d2f
 .text          0x0000642c      0x21c c:/program files (x86)/cypress/psoc creator/3.3/psoc creator/import/gnu/arm/4.9.3/bin/../lib/gcc/arm-none-eabi/4.9.3/armv7-m\libgcc.a(_arm_addsubsf3.o)
                0x0000642c                __aeabi_frsub
                0x00006434                __subsf3
                0x00006434                __aeabi_fsub
                0x00006438                __aeabi_fadd
                0x00006438                __addsf3
                0x00006598                __aeabi_ui2f
                0x00006598                __floatunsisf
                0x000065a0                __aeabi_i2f
                0x000065a0                __floatsisf
                0x000065bc                __aeabi_ul2f
                0x000065bc                __floatundisf
                0x000065cc                __aeabi_l2f
                0x000065cc                __floatdisf
 .text          0x00006648      0x2a0 c:/program files (x86)/cypress/psoc creator/3.3/psoc creator/import/gnu/arm/4.9.3/bin/../lib/gcc/arm-none-eabi/4.9.3/armv7-m\libgcc.a(_arm_muldivsf3.o)
                0x00006648                __mulsf3
                0x00006648                __aeabi_fmul
                0x000067b0                __aeabi_fdiv
                0x000067b0                __divsf3
 .text          0x000068e8       0xec c:/program files (x86)/cypress/psoc creator/3.3/psoc creator/import/gnu/arm/4.9.3/bin/../lib/gcc/arm-none-eabi/4.9.3/armv7-m\libgcc.a(_arm_cmpsf2.o)
                0x000068e8                __gesf2
                0x000068e8                __gtsf2
                0x000068f0                __lesf2
                0x000068f0                __ltsf2
                0x000068f8                __nesf2
                0x000068f8                __eqsf2
                0x000068f8                __cmpsf2
                0x00006958                __aeabi_cfrcmple
                0x00006960                __aeabi_cfcmpeq
                0x00006960                __aeabi_cfcmple
                0x00006970                __aeabi_fcmpeq
                0x00006984                __aeabi_fcmplt
                0x00006998                __aeabi_fcmple
                0x000069ac                __aeabi_fcmpge
                0x000069c0                __aeabi_fcmpgt
 .text          0x000069d4       0x4c c:/program files (x86)/cypress/psoc creator/3.3/psoc creator/import/gnu/arm/4.9.3/bin/../lib/gcc/arm-none-eabi/4.9.3/armv7-m\libgcc.a(_arm_fixsfsi.o)
                0x000069d4                __aeabi_f2iz
                0x000069d4                __fixsfsi
 .text.__errno  0x00006a20        0xc c:/program files (x86)/cypress/psoc creator/3.3/psoc creator/import/gnu/arm/4.9.3/bin/../lib/gcc/arm-none-eabi/4.9.3/../../../../arm-none-eabi/lib/armv7-m\libg_nano.a(lib_a-errno.o)
                0x00006a20                __errno
 .text.__libc_init_array
                0x00006a2c       0x4c c:/program files (x86)/cypress/psoc creator/3.3/psoc creator/import/gnu/arm/4.9.3/bin/../lib/gcc/arm-none-eabi/4.9.3/../../../../arm-none-eabi/lib/armv7-m\libg_nano.a(lib_a-init.o)
                0x00006a2c                __libc_init_array
 .text.__itoa   0x00006a78       0x2e c:/program files (x86)/cypress/psoc creator/3.3/psoc creator/import/gnu/arm/4.9.3/bin/../lib/gcc/arm-none-eabi/4.9.3/../../../../arm-none-eabi/lib/armv7-m\libg_nano.a(lib_a-itoa.o)
                0x00006a78                __itoa
 .text.itoa     0x00006aa6        0x4 c:/program files (x86)/cypress/psoc creator/3.3/psoc creator/import/gnu/arm/4.9.3/bin/../lib/gcc/arm-none-eabi/4.9.3/../../../../arm-none-eabi/lib/armv7-m\libg_nano.a(lib_a-itoa.o)
                0x00006aa6                itoa
 .text.memcpy   0x00006aaa       0x16 c:/program files (x86)/cypress/psoc creator/3.3/psoc creator/import/gnu/arm/4.9.3/bin/../lib/gcc/arm-none-eabi/4.9.3/../../../../arm-none-eabi/lib/armv7-m\libg_nano.a(lib_a-memcpy.o)
                0x00006aaa                memcpy
 .text.memset   0x00006ac0       0x10 c:/program files (x86)/cypress/psoc creator/3.3/psoc creator/import/gnu/arm/4.9.3/bin/../lib/gcc/arm-none-eabi/4.9.3/../../../../arm-none-eabi/lib/armv7-m\libg_nano.a(lib_a-memset.o)
                0x00006ac0                memset
 .text.__cvt    0x00006ad0       0xbc c:/program files (x86)/cypress/psoc creator/3.3/psoc creator/import/gnu/arm/4.9.3/bin/../lib/gcc/arm-none-eabi/4.9.3/../../../../arm-none-eabi/lib/armv7-m\libg_nano.a(lib_a-nano-vfprintf_float.o)
                0x00006ad0                __cvt
 .text.__exponent
                0x00006b8c       0x62 c:/program files (x86)/cypress/psoc creator/3.3/psoc creator/import/gnu/arm/4.9.3/bin/../lib/gcc/arm-none-eabi/4.9.3/../../../../arm-none-eabi/lib/armv7-m\libg_nano.a(lib_a-nano-vfprintf_float.o)
                0x00006b8c                __exponent
 *fill*         0x00006bee        0x2 
 .text._printf_float
                0x00006bf0      0x48c c:/program files (x86)/cypress/psoc creator/3.3/psoc creator/import/gnu/arm/4.9.3/bin/../lib/gcc/arm-none-eabi/4.9.3/../../../../arm-none-eabi/lib/armv7-m\libg_nano.a(lib_a-nano-vfprintf_float.o)
                0x00006bf0                _printf_float
 .text._printf_common
                0x0000707c       0xea c:/program files (x86)/cypress/psoc creator/3.3/psoc creator/import/gnu/arm/4.9.3/bin/../lib/gcc/arm-none-eabi/4.9.3/../../../../arm-none-eabi/lib/armv7-m\libg_nano.a(lib_a-nano-vfprintf_i.o)
                0x0000707c                _printf_common
 *fill*         0x00007166        0x2 
 .text._printf_i
                0x00007168      0x240 c:/program files (x86)/cypress/psoc creator/3.3/psoc creator/import/gnu/arm/4.9.3/bin/../lib/gcc/arm-none-eabi/4.9.3/../../../../arm-none-eabi/lib/armv7-m\libg_nano.a(lib_a-nano-vfprintf_i.o)
                0x00007168                _printf_i
 .text.sprintf  0x000073a8       0x48 c:/program files (x86)/cypress/psoc creator/3.3/psoc creator/import/gnu/arm/4.9.3/bin/../lib/gcc/arm-none-eabi/4.9.3/../../../../arm-none-eabi/lib/armv7-m\libg_nano.a(lib_a-sprintf.o)
                0x000073a8                siprintf
                0x000073a8                sprintf
 .text.strlen   0x000073f0       0x10 c:/program files (x86)/cypress/psoc creator/3.3/psoc creator/import/gnu/arm/4.9.3/bin/../lib/gcc/arm-none-eabi/4.9.3/../../../../arm-none-eabi/lib/armv7-m\libg_nano.a(lib_a-strlen.o)
                0x000073f0                strlen
 .text.__utoa   0x00007400       0x78 c:/program files (x86)/cypress/psoc creator/3.3/psoc creator/import/gnu/arm/4.9.3/bin/../lib/gcc/arm-none-eabi/4.9.3/../../../../arm-none-eabi/lib/armv7-m\libg_nano.a(lib_a-utoa.o)
                0x00007400                __utoa
 .text.quorem   0x00007478      0x114 c:/program files (x86)/cypress/psoc creator/3.3/psoc creator/import/gnu/arm/4.9.3/bin/../lib/gcc/arm-none-eabi/4.9.3/../../../../arm-none-eabi/lib/armv7-m\libg_nano.a(lib_a-dtoa.o)
 *fill*         0x0000758c        0x4 
 .text._dtoa_r  0x00007590      0xb78 c:/program files (x86)/cypress/psoc creator/3.3/psoc creator/import/gnu/arm/4.9.3/bin/../lib/gcc/arm-none-eabi/4.9.3/../../../../arm-none-eabi/lib/armv7-m\libg_nano.a(lib_a-dtoa.o)
                0x00007590                _dtoa_r
 .text._localeconv_r
                0x00008108        0x8 c:/program files (x86)/cypress/psoc creator/3.3/psoc creator/import/gnu/arm/4.9.3/bin/../lib/gcc/arm-none-eabi/4.9.3/../../../../arm-none-eabi/lib/armv7-m\libg_nano.a(lib_a-locale.o)
                0x00008108                _localeconv_r
 .text.malloc   0x00008110       0x10 c:/program files (x86)/cypress/psoc creator/3.3/psoc creator/import/gnu/arm/4.9.3/bin/../lib/gcc/arm-none-eabi/4.9.3/../../../../arm-none-eabi/lib/armv7-m\libg_nano.a(lib_a-malloc.o)
                0x00008110                malloc
 .text.memchr   0x00008120       0x1c c:/program files (x86)/cypress/psoc creator/3.3/psoc creator/import/gnu/arm/4.9.3/bin/../lib/gcc/arm-none-eabi/4.9.3/../../../../arm-none-eabi/lib/armv7-m\libg_nano.a(lib_a-memchr.o)
                0x00008120                memchr
 .text._Balloc  0x0000813c       0x6a c:/program files (x86)/cypress/psoc creator/3.3/psoc creator/import/gnu/arm/4.9.3/bin/../lib/gcc/arm-none-eabi/4.9.3/../../../../arm-none-eabi/lib/armv7-m\libg_nano.a(lib_a-mprec.o)
                0x0000813c                _Balloc
 .text._Bfree   0x000081a6       0x2e c:/program files (x86)/cypress/psoc creator/3.3/psoc creator/import/gnu/arm/4.9.3/bin/../lib/gcc/arm-none-eabi/4.9.3/../../../../arm-none-eabi/lib/armv7-m\libg_nano.a(lib_a-mprec.o)
                0x000081a6                _Bfree
 .text.__multadd
                0x000081d4       0x7c c:/program files (x86)/cypress/psoc creator/3.3/psoc creator/import/gnu/arm/4.9.3/bin/../lib/gcc/arm-none-eabi/4.9.3/../../../../arm-none-eabi/lib/armv7-m\libg_nano.a(lib_a-mprec.o)
                0x000081d4                __multadd
 .text.__hi0bits
                0x00008250       0x40 c:/program files (x86)/cypress/psoc creator/3.3/psoc creator/import/gnu/arm/4.9.3/bin/../lib/gcc/arm-none-eabi/4.9.3/../../../../arm-none-eabi/lib/armv7-m\libg_nano.a(lib_a-mprec.o)
                0x00008250                __hi0bits
 .text.__lo0bits
                0x00008290       0x5a c:/program files (x86)/cypress/psoc creator/3.3/psoc creator/import/gnu/arm/4.9.3/bin/../lib/gcc/arm-none-eabi/4.9.3/../../../../arm-none-eabi/lib/armv7-m\libg_nano.a(lib_a-mprec.o)
                0x00008290                __lo0bits
 .text.__i2b    0x000082ea       0x12 c:/program files (x86)/cypress/psoc creator/3.3/psoc creator/import/gnu/arm/4.9.3/bin/../lib/gcc/arm-none-eabi/4.9.3/../../../../arm-none-eabi/lib/armv7-m\libg_nano.a(lib_a-mprec.o)
                0x000082ea                __i2b
 .text.__multiply
                0x000082fc      0x120 c:/program files (x86)/cypress/psoc creator/3.3/psoc creator/import/gnu/arm/4.9.3/bin/../lib/gcc/arm-none-eabi/4.9.3/../../../../arm-none-eabi/lib/armv7-m\libg_nano.a(lib_a-mprec.o)
                0x000082fc                __multiply
 .text.__pow5mult
                0x0000841c       0x9c c:/program files (x86)/cypress/psoc creator/3.3/psoc creator/import/gnu/arm/4.9.3/bin/../lib/gcc/arm-none-eabi/4.9.3/../../../../arm-none-eabi/lib/armv7-m\libg_nano.a(lib_a-mprec.o)
                0x0000841c                __pow5mult
 .text.__lshift
                0x000084b8       0xa6 c:/program files (x86)/cypress/psoc creator/3.3/psoc creator/import/gnu/arm/4.9.3/bin/../lib/gcc/arm-none-eabi/4.9.3/../../../../arm-none-eabi/lib/armv7-m\libg_nano.a(lib_a-mprec.o)
                0x000084b8                __lshift
 .text.__mcmp   0x0000855e       0x38 c:/program files (x86)/cypress/psoc creator/3.3/psoc creator/import/gnu/arm/4.9.3/bin/../lib/gcc/arm-none-eabi/4.9.3/../../../../arm-none-eabi/lib/armv7-m\libg_nano.a(lib_a-mprec.o)
                0x0000855e                __mcmp
 .text.__mdiff  0x00008596       0xbe c:/program files (x86)/cypress/psoc creator/3.3/psoc creator/import/gnu/arm/4.9.3/bin/../lib/gcc/arm-none-eabi/4.9.3/../../../../arm-none-eabi/lib/armv7-m\libg_nano.a(lib_a-mprec.o)
                0x00008596                __mdiff
 .text.__d2b    0x00008654       0xa4 c:/program files (x86)/cypress/psoc creator/3.3/psoc creator/import/gnu/arm/4.9.3/bin/../lib/gcc/arm-none-eabi/4.9.3/../../../../arm-none-eabi/lib/armv7-m\libg_nano.a(lib_a-mprec.o)
                0x00008654                __d2b
 .text._calloc_r
                0x000086f8       0x1c c:/program files (x86)/cypress/psoc creator/3.3/psoc creator/import/gnu/arm/4.9.3/bin/../lib/gcc/arm-none-eabi/4.9.3/../../../../arm-none-eabi/lib/armv7-m\libg_nano.a(lib_a-nano-callocr.o)
                0x000086f8                _calloc_r
 .text._free_r  0x00008714       0x88 c:/program files (x86)/cypress/psoc creator/3.3/psoc creator/import/gnu/arm/4.9.3/bin/../lib/gcc/arm-none-eabi/4.9.3/../../../../arm-none-eabi/lib/armv7-m\libg_nano.a(lib_a-nano-freer.o)
                0x00008714                _free_r
 .text._malloc_r
                0x0000879c       0xac c:/program files (x86)/cypress/psoc creator/3.3/psoc creator/import/gnu/arm/4.9.3/bin/../lib/gcc/arm-none-eabi/4.9.3/../../../../arm-none-eabi/lib/armv7-m\libg_nano.a(lib_a-nano-mallocr.o)
                0x0000879c                _malloc_r
 .text.__ssputs_r
                0x00008848       0xb2 c:/program files (x86)/cypress/psoc creator/3.3/psoc creator/import/gnu/arm/4.9.3/bin/../lib/gcc/arm-none-eabi/4.9.3/../../../../arm-none-eabi/lib/armv7-m\libg_nano.a(lib_a-nano-svfprintf.o)
                0x00008848                __ssputs_r
 *fill*         0x000088fa        0x2 
 .text._svfprintf_r
                0x000088fc      0x1e4 c:/program files (x86)/cypress/psoc creator/3.3/psoc creator/import/gnu/arm/4.9.3/bin/../lib/gcc/arm-none-eabi/4.9.3/../../../../arm-none-eabi/lib/armv7-m\libg_nano.a(lib_a-nano-svfprintf.o)
                0x000088fc                _svfiprintf_r
                0x000088fc                _svfprintf_r
 .text._sbrk_r  0x00008ae0       0x20 c:/program files (x86)/cypress/psoc creator/3.3/psoc creator/import/gnu/arm/4.9.3/bin/../lib/gcc/arm-none-eabi/4.9.3/../../../../arm-none-eabi/lib/armv7-m\libg_nano.a(lib_a-sbrkr.o)
                0x00008ae0                _sbrk_r
 .text.memmove  0x00008b00       0x36 c:/program files (x86)/cypress/psoc creator/3.3/psoc creator/import/gnu/arm/4.9.3/bin/../lib/gcc/arm-none-eabi/4.9.3/../../../../arm-none-eabi/lib/armv7-m\libg_nano.a(lib_a-memmove.o)
                0x00008b00                memmove
 .text._realloc_r
                0x00008b36       0x4c c:/program files (x86)/cypress/psoc creator/3.3/psoc creator/import/gnu/arm/4.9.3/bin/../lib/gcc/arm-none-eabi/4.9.3/../../../../arm-none-eabi/lib/armv7-m\libg_nano.a(lib_a-nano-reallocr.o)
                0x00008b36                _realloc_r
 .text._malloc_usable_size_r
                0x00008b82       0x14 c:/program files (x86)/cypress/psoc creator/3.3/psoc creator/import/gnu/arm/4.9.3/bin/../lib/gcc/arm-none-eabi/4.9.3/../../../../arm-none-eabi/lib/armv7-m\libg_nano.a(lib_a-nano-msizer.o)
                0x00008b82                _malloc_usable_size_r
 *(.plt)
 *(.gnu.warning)
 *(.glue_7t)
 .glue_7t       0x00000000        0x0 linker stubs
 *(.glue_7)
 .glue_7        0x00000000        0x0 linker stubs
 *(.vfp11_veneer)
 .vfp11_veneer  0x00000000        0x0 linker stubs
 *(.bootloader)
 *(.ARM.extab* .gnu.linkonce.armextab.*)
 *(.gcc_except_table)

.v4_bx          0x00008b98        0x0
 .v4_bx         0x00000000        0x0 linker stubs

.iplt           0x00008b98        0x0
 .iplt          0x00000000        0x0 c:/program files (x86)/cypress/psoc creator/3.3/psoc creator/import/gnu/arm/4.9.3/bin/../lib/gcc/arm-none-eabi/4.9.3/armv7-m/crtbegin.o

.eh_frame_hdr
 *(.eh_frame_hdr)

.eh_frame       0x00008b98        0x4
 *(.eh_frame)
 .eh_frame      0x00008b98        0x0 c:/program files (x86)/cypress/psoc creator/3.3/psoc creator/import/gnu/arm/4.9.3/bin/../lib/gcc/arm-none-eabi/4.9.3/armv7-m/crtbegin.o
 .eh_frame      0x00008b98        0x0 c:/program files (x86)/cypress/psoc creator/3.3/psoc creator/import/gnu/arm/4.9.3/bin/../lib/gcc/arm-none-eabi/4.9.3/../../../../arm-none-eabi/lib/armv7-m\libg_nano.a(lib_a-strcmp.o)
                                 0x28 (size before relaxing)
 .eh_frame      0x00008b98        0x4 c:/program files (x86)/cypress/psoc creator/3.3/psoc creator/import/gnu/arm/4.9.3/bin/../lib/gcc/arm-none-eabi/4.9.3/armv7-m/crtend.o
                0x00008b9c                PROVIDE (__exidx_start, .)

.ARM.exidx
 *(.ARM.exidx* .gnu.linkonce.armexidx.*)
                0x00008b9c                __exidx_end = .

.rodata         0x00008ba0      0x570
 *(.rodata .rodata.* .gnu.linkonce.r.*)
 .rodata.str1.4
                0x00008ba0       0x69 .\CortexM3\ARM_GCC_493\Debug\main.o
                                 0x6c (size before relaxing)
 *fill*         0x00008c09        0x3 
 .rodata        0x00008c0c        0x8 .\CortexM3\ARM_GCC_493\Debug\cal.o
 .rodata.str1.4
                0x00008c14       0x4d .\CortexM3\ARM_GCC_493\Debug\cal.o
                                 0x50 (size before relaxing)
 *fill*         0x00008c61        0x3 
 .rodata.str1.4
                0x00008c64       0x10 .\CortexM3\ARM_GCC_493\Debug\encoder.o
 .rodata.str1.4
                0x00008c74       0x80 .\CortexM3\ARM_GCC_493\Debug\motor.o
 .rodata.str1.4
                0x00008cf4        0x5 .\CortexM3\ARM_GCC_493\Debug\odom.o
                                 0x14 (size before relaxing)
 *fill*         0x00008cf9        0x3 
 .rodata.str1.4
                0x00008cfc        0x4 .\CortexM3\ARM_GCC_493\Debug\pid.o
                                 0x10 (size before relaxing)
 .rodata        0x00008d00       0x38 .\CortexM3\ARM_GCC_493\Debug\freesoc.a(cyfitter_cfg.o)
 .rodata.str1.4
                0x00008d38        0x4 c:/program files (x86)/cypress/psoc creator/3.3/psoc creator/import/gnu/arm/4.9.3/bin/../lib/gcc/arm-none-eabi/4.9.3/../../../../arm-none-eabi/lib/armv7-m\libm.a(lib_a-w_pow.o)
 *fill*         0x00008d3c        0x4 
 .rodata.dp_h   0x00008d40       0x10 c:/program files (x86)/cypress/psoc creator/3.3/psoc creator/import/gnu/arm/4.9.3/bin/../lib/gcc/arm-none-eabi/4.9.3/../../../../arm-none-eabi/lib/armv7-m\libm.a(lib_a-e_pow.o)
 .rodata.dp_l   0x00008d50       0x10 c:/program files (x86)/cypress/psoc creator/3.3/psoc creator/import/gnu/arm/4.9.3/bin/../lib/gcc/arm-none-eabi/4.9.3/../../../../arm-none-eabi/lib/armv7-m\libm.a(lib_a-e_pow.o)
 .rodata.bp     0x00008d60       0x10 c:/program files (x86)/cypress/psoc creator/3.3/psoc creator/import/gnu/arm/4.9.3/bin/../lib/gcc/arm-none-eabi/4.9.3/../../../../arm-none-eabi/lib/armv7-m\libm.a(lib_a-e_pow.o)
 .rodata.str1.4
                0x00000000        0x4 c:/program files (x86)/cypress/psoc creator/3.3/psoc creator/import/gnu/arm/4.9.3/bin/../lib/gcc/arm-none-eabi/4.9.3/../../../../arm-none-eabi/lib/armv7-m\libm.a(lib_a-e_pow.o)
 .rodata.npio2_hw
                0x00008d70       0x80 c:/program files (x86)/cypress/psoc creator/3.3/psoc creator/import/gnu/arm/4.9.3/bin/../lib/gcc/arm-none-eabi/4.9.3/../../../../arm-none-eabi/lib/armv7-m\libm.a(lib_a-e_rem_pio2.o)
 .rodata.two_over_pi
                0x00008df0      0x108 c:/program files (x86)/cypress/psoc creator/3.3/psoc creator/import/gnu/arm/4.9.3/bin/../lib/gcc/arm-none-eabi/4.9.3/../../../../arm-none-eabi/lib/armv7-m\libm.a(lib_a-e_rem_pio2.o)
 .rodata.init_jk
                0x00008ef8       0x10 c:/program files (x86)/cypress/psoc creator/3.3/psoc creator/import/gnu/arm/4.9.3/bin/../lib/gcc/arm-none-eabi/4.9.3/../../../../arm-none-eabi/lib/armv7-m\libm.a(lib_a-k_rem_pio2.o)
 .rodata.PIo2   0x00008f08       0x40 c:/program files (x86)/cypress/psoc creator/3.3/psoc creator/import/gnu/arm/4.9.3/bin/../lib/gcc/arm-none-eabi/4.9.3/../../../../arm-none-eabi/lib/armv7-m\libm.a(lib_a-k_rem_pio2.o)
 .rodata.TWO52  0x00008f48       0x10 c:/program files (x86)/cypress/psoc creator/3.3/psoc creator/import/gnu/arm/4.9.3/bin/../lib/gcc/arm-none-eabi/4.9.3/../../../../arm-none-eabi/lib/armv7-m\libm.a(lib_a-s_rint.o)
 .rodata.str1.1
                0x00008f58        0x2 c:/program files (x86)/cypress/psoc creator/3.3/psoc creator/import/gnu/arm/4.9.3/bin/../lib/gcc/arm-none-eabi/4.9.3/../../../../arm-none-eabi/lib/armv7-m\libg_nano.a(lib_a-impure.o)
 .rodata.str1.1
                0x00008f5a       0x12 c:/program files (x86)/cypress/psoc creator/3.3/psoc creator/import/gnu/arm/4.9.3/bin/../lib/gcc/arm-none-eabi/4.9.3/../../../../arm-none-eabi/lib/armv7-m\libg_nano.a(lib_a-nano-vfprintf_float.o)
 .rodata.str1.1
                0x00008f6c       0x22 c:/program files (x86)/cypress/psoc creator/3.3/psoc creator/import/gnu/arm/4.9.3/bin/../lib/gcc/arm-none-eabi/4.9.3/../../../../arm-none-eabi/lib/armv7-m\libg_nano.a(lib_a-nano-vfprintf_i.o)
 .rodata.str1.1
                0x00008f8e       0x25 c:/program files (x86)/cypress/psoc creator/3.3/psoc creator/import/gnu/arm/4.9.3/bin/../lib/gcc/arm-none-eabi/4.9.3/../../../../arm-none-eabi/lib/armv7-m\libg_nano.a(lib_a-utoa.o)
 .rodata.str1.1
                0x00008fb3        0xd c:/program files (x86)/cypress/psoc creator/3.3/psoc creator/import/gnu/arm/4.9.3/bin/../lib/gcc/arm-none-eabi/4.9.3/../../../../arm-none-eabi/lib/armv7-m\libg_nano.a(lib_a-dtoa.o)
                                  0xf (size before relaxing)
 .rodata.str1.1
                0x00008fc0        0x8 c:/program files (x86)/cypress/psoc creator/3.3/psoc creator/import/gnu/arm/4.9.3/bin/../lib/gcc/arm-none-eabi/4.9.3/../../../../arm-none-eabi/lib/armv7-m\libg_nano.a(lib_a-locale.o)
                                  0xb (size before relaxing)
 .rodata.__mprec_tens
                0x00008fc8       0xc8 c:/program files (x86)/cypress/psoc creator/3.3/psoc creator/import/gnu/arm/4.9.3/bin/../lib/gcc/arm-none-eabi/4.9.3/../../../../arm-none-eabi/lib/armv7-m\libg_nano.a(lib_a-mprec.o)
                0x00008fc8                __mprec_tens
 .rodata.__mprec_bigtens
                0x00009090       0x28 c:/program files (x86)/cypress/psoc creator/3.3/psoc creator/import/gnu/arm/4.9.3/bin/../lib/gcc/arm-none-eabi/4.9.3/../../../../arm-none-eabi/lib/armv7-m\libg_nano.a(lib_a-mprec.o)
                0x00009090                __mprec_bigtens
 .rodata.p05.5308
                0x000090b8        0xc c:/program files (x86)/cypress/psoc creator/3.3/psoc creator/import/gnu/arm/4.9.3/bin/../lib/gcc/arm-none-eabi/4.9.3/../../../../arm-none-eabi/lib/armv7-m\libg_nano.a(lib_a-mprec.o)
 .rodata.str1.1
                0x000090c4       0x11 c:/program files (x86)/cypress/psoc creator/3.3/psoc creator/import/gnu/arm/4.9.3/bin/../lib/gcc/arm-none-eabi/4.9.3/../../../../arm-none-eabi/lib/armv7-m\libg_nano.a(lib_a-nano-svfprintf.o)
                0x000090d8                . = ALIGN (0x4)
 *fill*         0x000090d5        0x3 
 *(.init)
 .init          0x000090d8        0x4 c:/program files (x86)/cypress/psoc creator/3.3/psoc creator/import/gnu/arm/4.9.3/bin/../lib/gcc/arm-none-eabi/4.9.3/armv7-m/crti.o
                0x000090d8                _init
 .init          0x000090dc        0x8 c:/program files (x86)/cypress/psoc creator/3.3/psoc creator/import/gnu/arm/4.9.3/bin/../lib/gcc/arm-none-eabi/4.9.3/armv7-m/crtn.o
                0x000090e4                . = ALIGN (0x4)
                0x000090e4                __preinit_array_start = .
 *(.preinit_array)
                0x000090e4                __preinit_array_end = .
                0x000090e4                . = ALIGN (0x4)
                0x000090e4                __init_array_start = .
 *(SORT(.init_array.*))
 *(.init_array)
 .init_array    0x000090e4        0x4 c:/program files (x86)/cypress/psoc creator/3.3/psoc creator/import/gnu/arm/4.9.3/bin/../lib/gcc/arm-none-eabi/4.9.3/armv7-m/crtbegin.o
 .init_array    0x000090e8        0x4 .\CortexM3\ARM_GCC_493\Debug\Cm3Start.o
                0x000090ec                __init_array_end = .
                0x000090ec                . = ALIGN (0x4)
 *(.fini)
 .fini          0x000090ec        0x4 c:/program files (x86)/cypress/psoc creator/3.3/psoc creator/import/gnu/arm/4.9.3/bin/../lib/gcc/arm-none-eabi/4.9.3/armv7-m/crti.o
                0x000090ec                _fini
 .fini          0x000090f0        0x8 c:/program files (x86)/cypress/psoc creator/3.3/psoc creator/import/gnu/arm/4.9.3/bin/../lib/gcc/arm-none-eabi/4.9.3/armv7-m/crtn.o
                0x000090f8                . = ALIGN (0x4)
                0x000090f8                __fini_array_start = .
 *(.fini_array)
 .fini_array    0x000090f8        0x4 c:/program files (x86)/cypress/psoc creator/3.3/psoc creator/import/gnu/arm/4.9.3/bin/../lib/gcc/arm-none-eabi/4.9.3/armv7-m/crtbegin.o
 *(SORT(.fini_array.*))
                0x000090fc                __fini_array_end = .
                0x000090fc                . = ALIGN (0x4)
 *crtbegin.o(.ctors)
 *(EXCLUDE_FILE(*crtend.o) .ctors)
 *(SORT(.ctors.*))
 *crtend.o(.ctors)
                0x000090fc                . = ALIGN (0x4)
 *crtbegin.o(.dtors)
 *(EXCLUDE_FILE(*crtend.o) .dtors)
 *(SORT(.dtors.*))
 *crtend.o(.dtors)
                0x000090fc                . = ALIGN (0x4)
                0x000090fc                __cy_regions = .
                0x000090fc        0x4 LONG 0x9110 __cy_region_init_ram
                0x00009100        0x4 LONG 0x1fff8108 __cy_region_start_data
                0x00009104        0x4 LONG 0x718 __cy_region_init_size_ram
                0x00009108        0x4 LONG 0x590 __cy_region_zero_size_ram
                0x0000910c                __cy_regions_end = .
                0x00009110                . = ALIGN (0x8)
 *fill*         0x0000910c        0x4 
                0x00009110                _etext = .

.cy_checksum_exclude
                0x00009110        0x0
 *(.cy_checksum_exclude)

.ramvectors     0x1fff8000      0x100
                0x1fff8000                __cy_region_start_ram = .
 *(.ramvectors)
 .ramvectors    0x1fff8000      0x100 .\CortexM3\ARM_GCC_493\Debug\Cm3Start.o
                0x1fff8000                CyRamVectors

.noinit         0x1fff8100        0x5
 *(.noinit)
 .noinit        0x1fff8100        0x4 .\CortexM3\ARM_GCC_493\Debug\Cm3Start.o
 .noinit        0x1fff8104        0x1 .\CortexM3\ARM_GCC_493\Debug\freesoc.a(CyLib.o)
                0x1fff8104                CyResetStatus

.data           0x1fff8108      0x718 load address 0x00009110
                0x1fff8108                __cy_region_start_data = .
 *(.jcr)
 .jcr           0x1fff8108        0x0 c:/program files (x86)/cypress/psoc creator/3.3/psoc creator/import/gnu/arm/4.9.3/bin/../lib/gcc/arm-none-eabi/4.9.3/armv7-m/crtbegin.o
 .jcr           0x1fff8108        0x4 c:/program files (x86)/cypress/psoc creator/3.3/psoc creator/import/gnu/arm/4.9.3/bin/../lib/gcc/arm-none-eabi/4.9.3/armv7-m/crtend.o
 *(.got.plt)
 *(.got)
 *(.shdata)
 *(.data .data.* .gnu.linkonce.d.*)
 .data          0x1fff810c      0x500 .\CortexM3\ARM_GCC_493\Debug\cal.o
 .data          0x1fff860c       0x70 .\CortexM3\ARM_GCC_493\Debug\encoder.o
 .data          0x1fff867c       0x40 .\CortexM3\ARM_GCC_493\Debug\motor.o
 .data          0x1fff86bc       0xa8 .\CortexM3\ARM_GCC_493\Debug\pid.o
 .data          0x1fff8764        0x4 .\CortexM3\ARM_GCC_493\Debug\Cm3Start.o
 .data          0x1fff8768        0x2 .\CortexM3\ARM_GCC_493\Debug\freesoc.a(cyfitter_cfg.o)
                0x1fff8768                Front_AMuxSeq_curChannel
                0x1fff8769                Rear_AMuxSeq_curChannel
 *fill*         0x1fff876a        0x2 
 .data          0x1fff876c       0x10 .\CortexM3\ARM_GCC_493\Debug\freesoc.a(CyLib.o)
                0x1fff876c                cydelay_32k_ms
                0x1fff8770                cydelay_freq_khz
                0x1fff8774                cydelay_freq_mhz
                0x1fff8778                cydelay_freq_hz
 .data.__fdlib_version
                0x1fff877c        0x1 c:/program files (x86)/cypress/psoc creator/3.3/psoc creator/import/gnu/arm/4.9.3/bin/../lib/gcc/arm-none-eabi/4.9.3/../../../../arm-none-eabi/lib/armv7-m\libm.a(lib_a-s_lib_ver.o)
                0x1fff877c                __fdlib_version
 *fill*         0x1fff877d        0x3 
 .data.impure_data
                0x1fff8780       0x60 c:/program files (x86)/cypress/psoc creator/3.3/psoc creator/import/gnu/arm/4.9.3/bin/../lib/gcc/arm-none-eabi/4.9.3/../../../../arm-none-eabi/lib/armv7-m\libg_nano.a(lib_a-impure.o)
 .data._impure_ptr