Archive member included because of file (symbol)

.\CortexM3\ARM_GCC_493\Debug\freesoc.a(cyfitter_cfg.o)
                              .\CortexM3\ARM_GCC_493\Debug\Cm3Start.o (cyfitter_cfg)
.\CortexM3\ARM_GCC_493\Debug\freesoc.a(Left_HB25_Enable_Pin.o)
                              .\CortexM3\ARM_GCC_493\Debug\motor.o (Left_HB25_Enable_Pin_Write)
.\CortexM3\ARM_GCC_493\Debug\freesoc.a(Left_HB25_PWM.o)
                              .\CortexM3\ARM_GCC_493\Debug\motor.o (Left_HB25_PWM_Stop)
.\CortexM3\ARM_GCC_493\Debug\freesoc.a(Right_HB25_Enable_Pin.o)
                              .\CortexM3\ARM_GCC_493\Debug\motor.o (Right_HB25_Enable_Pin_Write)
.\CortexM3\ARM_GCC_493\Debug\freesoc.a(Right_HB25_PWM.o)
                              .\CortexM3\ARM_GCC_493\Debug\motor.o (Right_HB25_PWM_Stop)
.\CortexM3\ARM_GCC_493\Debug\freesoc.a(CyBootAsmGnu.o)
                              .\CortexM3\ARM_GCC_493\Debug\freesoc.a(cyfitter_cfg.o) (CyDelayCycles)
.\CortexM3\ARM_GCC_493\Debug\freesoc.a(CyLib.o)
                              .\CortexM3\ARM_GCC_493\Debug\Cm3Start.o (CyHalt)
.\CortexM3\ARM_GCC_493\Debug\freesoc.a(cyPm.o)
                              .\CortexM3\ARM_GCC_493\Debug\freesoc.a(CyLib.o) (CyPmReadStatus)
.\CortexM3\ARM_GCC_493\Debug\freesoc.a(EZI2C_Slave.o)
                              .\CortexM3\ARM_GCC_493\Debug\i2c.o (EZI2C_Slave_Start)
.\CortexM3\ARM_GCC_493\Debug\freesoc.a(EZI2C_Slave_PM.o)
                              .\CortexM3\ARM_GCC_493\Debug\freesoc.a(EZI2C_Slave.o) (EZI2C_Slave_backup)
.\CortexM3\ARM_GCC_493\Debug\freesoc.a(EZI2C_Slave_INT.o)
                              .\CortexM3\ARM_GCC_493\Debug\freesoc.a(EZI2C_Slave.o) (EZI2C_Slave_ISR)
.\CortexM3\ARM_GCC_493\Debug\freesoc.a(Mainloop_Pin.o)
                              .\CortexM3\ARM_GCC_493\Debug\main.o (Mainloop_Pin_Write)
.\CortexM3\ARM_GCC_493\Debug\freesoc.a(EEPROM.o)
                              .\CortexM3\ARM_GCC_493\Debug\nvstore.o (EEPROM_Start)
.\CortexM3\ARM_GCC_493\Debug\freesoc.a(Right_QuadDec.o)
                              .\CortexM3\ARM_GCC_493\Debug\encoder.o (Right_QuadDec_GetCounter)
.\CortexM3\ARM_GCC_493\Debug\freesoc.a(Right_QuadDec_INT.o)
                              .\CortexM3\ARM_GCC_493\Debug\freesoc.a(Right_QuadDec.o) (Right_QuadDec_ISR)
.\CortexM3\ARM_GCC_493\Debug\freesoc.a(Right_QuadDec_Cnt16.o)
                              .\CortexM3\ARM_GCC_493\Debug\freesoc.a(Right_QuadDec.o) (Right_QuadDec_Cnt16_Stop)
.\CortexM3\ARM_GCC_493\Debug\freesoc.a(Left_QuadDec.o)
                              .\CortexM3\ARM_GCC_493\Debug\encoder.o (Left_QuadDec_GetCounter)
.\CortexM3\ARM_GCC_493\Debug\freesoc.a(Left_QuadDec_INT.o)
                              .\CortexM3\ARM_GCC_493\Debug\freesoc.a(Left_QuadDec.o) (Left_QuadDec_ISR)
.\CortexM3\ARM_GCC_493\Debug\freesoc.a(Left_QuadDec_Cnt16.o)
                              .\CortexM3\ARM_GCC_493\Debug\freesoc.a(Left_QuadDec.o) (Left_QuadDec_Cnt16_Stop)
.\CortexM3\ARM_GCC_493\Debug\freesoc.a(USBUART.o)
                              .\CortexM3\ARM_GCC_493\Debug\serial.o (USBUART_Start)
.\CortexM3\ARM_GCC_493\Debug\freesoc.a(USBUART_cdc.o)
                              .\CortexM3\ARM_GCC_493\Debug\serial.o (USBUART_CDC_Init)
.\CortexM3\ARM_GCC_493\Debug\freesoc.a(USBUART_drv.o)
                              .\CortexM3\ARM_GCC_493\Debug\freesoc.a(USBUART.o) (USBUART_lastPacketSize)
.\CortexM3\ARM_GCC_493\Debug\freesoc.a(USBUART_episr.o)
                              .\CortexM3\ARM_GCC_493\Debug\freesoc.a(USBUART.o) (USBUART_EP_1_ISR)
.\CortexM3\ARM_GCC_493\Debug\freesoc.a(USBUART_hid.o)
                              .\CortexM3\ARM_GCC_493\Debug\freesoc.a(USBUART.o) (USBUART_hidProtocol)
.\CortexM3\ARM_GCC_493\Debug\freesoc.a(USBUART_pm.o)
                              .\CortexM3\ARM_GCC_493\Debug\freesoc.a(USBUART.o) (USBUART_DP_ISR)
.\CortexM3\ARM_GCC_493\Debug\freesoc.a(USBUART_std.o)
                              .\CortexM3\ARM_GCC_493\Debug\freesoc.a(USBUART_pm.o) (USBUART_ConfigReg)
.\CortexM3\ARM_GCC_493\Debug\freesoc.a(USBUART_vnd.o)
                              .\CortexM3\ARM_GCC_493\Debug\freesoc.a(USBUART_drv.o) (USBUART_HandleVendorRqst)
.\CortexM3\ARM_GCC_493\Debug\freesoc.a(USBUART_Dp.o)
                              .\CortexM3\ARM_GCC_493\Debug\freesoc.a(USBUART_pm.o) (USBUART_Dp_ClearInterrupt)
.\CortexM3\ARM_GCC_493\Debug\freesoc.a(SPIM.o)
                              .\CortexM3\ARM_GCC_493\Debug\spi.o (SPIM_ReadRxData)
.\CortexM3\ARM_GCC_493\Debug\freesoc.a(SPIM_INT.o)
                              .\CortexM3\ARM_GCC_493\Debug\freesoc.a(SPIM.o) (SPIM_RX_ISR)
.\CortexM3\ARM_GCC_493\Debug\freesoc.a(Slave_Select.o)
                              .\CortexM3\ARM_GCC_493\Debug\spi.o (Slave_Select_Write)
.\CortexM3\ARM_GCC_493\Debug\freesoc.a(CyFlash.o)
                              .\CortexM3\ARM_GCC_493\Debug\freesoc.a(EEPROM.o) (dieTemperature)
.\CortexM3\ARM_GCC_493\Debug\freesoc.a(CySpc.o)
[...]
Memory Configuration

Name             Origin             Length             Attributes
rom              0x00000000         0x00040000         xr
ram              0x1fff8000         0x00010000         xrw
*default*        0x00000000         0xffffffff

Linker script and memory map

LOAD c:/program files (x86)/cypress/psoc creator/3.3/psoc creator/import/gnu/arm/4.9.3/bin/../lib/gcc/arm-none-eabi/4.9.3/armv7-m/crti.o
LOAD c:/program files (x86)/cypress/psoc creator/3.3/psoc creator/import/gnu/arm/4.9.3/bin/../lib/gcc/arm-none-eabi/4.9.3/armv7-m/crtbegin.o
LOAD c:/program files (x86)/cypress/psoc creator/3.3/psoc creator/import/gnu/arm/4.9.3/bin/../lib/gcc/arm-none-eabi/4.9.3/../../../../arm-none-eabi/lib/armv7-m/crt0.o
START GROUP
LOAD .\CortexM3\ARM_GCC_493\Debug\main.o
LOAD .\CortexM3\ARM_GCC_493\Debug\cal.o
LOAD .\CortexM3\ARM_GCC_493\Debug\control.o
LOAD .\CortexM3\ARM_GCC_493\Debug\debug.o
LOAD .\CortexM3\ARM_GCC_493\Debug\diag.o
LOAD .\CortexM3\ARM_GCC_493\Debug\encoder.o
LOAD .\CortexM3\ARM_GCC_493\Debug\i2c.o
LOAD .\CortexM3\ARM_GCC_493\Debug\motor.o
LOAD .\CortexM3\ARM_GCC_493\Debug\odom.o
LOAD .\CortexM3\ARM_GCC_493\Debug\pid.o
LOAD .\CortexM3\ARM_GCC_493\Debug\time.o
LOAD .\CortexM3\ARM_GCC_493\Debug\utils.o
LOAD .\CortexM3\ARM_GCC_493\Debug\pid_controller.o
LOAD .\CortexM3\ARM_GCC_493\Debug\serial.o
LOAD .\CortexM3\ARM_GCC_493\Debug\nvstore.o
LOAD .\CortexM3\ARM_GCC_493\Debug\calpid.o
LOAD .\CortexM3\ARM_GCC_493\Debug\calmotor.o
LOAD .\CortexM3\ARM_GCC_493\Debug\pidutil.o
LOAD .\CortexM3\ARM_GCC_493\Debug\spi.o
LOAD .\CortexM3\ARM_GCC_493\Debug\callin.o
LOAD .\CortexM3\ARM_GCC_493\Debug\sensor.o
LOAD .\CortexM3\ARM_GCC_493\Debug\cymetadata.o
LOAD .\CortexM3\ARM_GCC_493\Debug\Cm3Start.o
LOAD .\CortexM3\ARM_GCC_493\Debug\freesoc.a
LOAD C:\Program Files (x86)\Cypress\PSoC Creator\3.3\PSoC Creator\psoc\content\cycomponentlibrary\CyComponentLibrary.cylib\CortexM3\ARM_GCC_493\Debug\CyComponentLibrary.a
LOAD c:/program files (x86)/cypress/psoc creator/3.3/psoc creator/import/gnu/arm/4.9.3/bin/../lib/gcc/arm-none-eabi/4.9.3/../../../../arm-none-eabi/lib/armv7-m\libm.a
END GROUP
START GROUP
LOAD c:/program files (x86)/cypress/psoc creator/3.3/psoc creator/import/gnu/arm/4.9.3/bin/../lib/gcc/arm-none-eabi/4.9.3/armv7-m\libgcc.a
LOAD c:/program files (x86)/cypress/psoc creator/3.3/psoc creator/import/gnu/arm/4.9.3/bin/../lib/gcc/arm-none-eabi/4.9.3/../../../../arm-none-eabi/lib/armv7-m\libg_nano.a
LOAD c:/program files (x86)/cypress/psoc creator/3.3/psoc creator/import/gnu/arm/4.9.3/bin/../lib/gcc/arm-none-eabi/4.9.3/../../../../arm-none-eabi/lib/armv7-m\libc_nano.a
END GROUP
START GROUP
LOAD c:/program files (x86)/cypress/psoc creator/3.3/psoc creator/import/gnu/arm/4.9.3/bin/../lib/gcc/arm-none-eabi/4.9.3/armv7-m\libgcc.a
LOAD c:/program files (x86)/cypress/psoc creator/3.3/psoc creator/import/gnu/arm/4.9.3/bin/../lib/gcc/arm-none-eabi/4.9.3/../../../../arm-none-eabi/lib/armv7-m\libc_nano.a
END GROUP
LOAD c:/program files (x86)/cypress/psoc creator/3.3/psoc creator/import/gnu/arm/4.9.3/bin/../lib/gcc/arm-none-eabi/4.9.3/armv7-m/crtend.o
LOAD c:/program files (x86)/cypress/psoc creator/3.3/psoc creator/import/gnu/arm/4.9.3/bin/../lib/gcc/arm-none-eabi/4.9.3/armv7-m/crtn.o
START GROUP
LOAD c:/program files (x86)/cypress/psoc creator/3.3/psoc creator/import/gnu/arm/4.9.3/bin/../lib/gcc/arm-none-eabi/4.9.3/armv7-m\libgcc.a
LOAD c:/program files (x86)/cypress/psoc creator/3.3/psoc creator/import/gnu/arm/4.9.3/bin/../lib/gcc/arm-none-eabi/4.9.3/../../../../arm-none-eabi/lib/armv7-m\libc.a
LOAD c:/program files (x86)/cypress/psoc creator/3.3/psoc creator/import/gnu/arm/4.9.3/bin/../lib/gcc/arm-none-eabi/4.9.3/../../../../arm-none-eabi/lib/armv7-m\libnosys.a
END GROUP
                0x00000000                CY_APPL_ORIGIN = 0x0
                0x00000100                CY_FLASH_ROW_SIZE = 0x100
                0x00000020                CY_ECC_ROW_SIZE = 0x20
                0x00000000                CY_EE_IN_BTLDR = 0x0
                0x00000000                CY_APPL_LOADABLE = 0x0
                0x00000800                CY_EE_SIZE = 0x800
                0x00000001                CY_APPL_NUM = 0x1
                0x00000001                CY_APPL_MAX = 0x1
                0x00000040                CY_METADATA_SIZE = 0x40
                0x00000000                CY_APPL_LOADABLE = 0x0
                0x00000000                CY_CHECKSUM_EXCLUDE_SIZE = ALIGN (0x0, CY_FLASH_ROW_SIZE)
                0x1fff8d10                PROVIDE (__cy_heap_start, _end)
                0x00000001                PROVIDE (__cy_region_num, ((__cy_regions_end - __cy_regions) / 0x10))
                0x20008000                PROVIDE (__cy_stack, (ORIGIN (ram) + 0x10000))
                0x20007800                PROVIDE (__cy_heap_end, (__cy_stack - 0x800))

.cybootloader   0x00000000        0x0
 *(.cybootloader)
                0x00000000                appl1_start = CY_APPL_ORIGIN?CY_APPL_ORIGIN:ALIGN (CY_FLASH_ROW_SIZE)
                0x0001ff00                appl2_start = (appl1_start + ALIGN ((((0x40000 - appl1_start) - (0x2 * CY_FLASH_ROW_SIZE)) / 0x2), CY_FLASH_ROW_SIZE))
                0x00000000                appl_start = (CY_APPL_NUM == 0x1)?appl1_start:appl2_start
                0x00000000                ecc_offset = ((appl_start / CY_FLASH_ROW_SIZE) * CY_ECC_ROW_SIZE)
                0x00000000                ee_offset = (CY_APPL_LOADABLE && ! (CY_EE_IN_BTLDR))?((CY_EE_SIZE / CY_APPL_MAX) * (CY_APPL_NUM - 0x1)):0x0
                0x00000800                ee_size = (CY_APPL_LOADABLE && ! (CY_EE_IN_BTLDR))?(CY_EE_SIZE / CY_APPL_MAX):CY_EE_SIZE
                0x00000000                PROVIDE (CY_ECC_OFFSET, ecc_offset)

.text           0x00000000     0xc484
 CREATE_OBJECT_SYMBOLS
                0x00000000                PROVIDE (__cy_interrupt_vector, RomVectors)
 *(.romvectors)
 .romvectors    0x00000000       0x10 .\CortexM3\ARM_GCC_493\Debug\Cm3Start.o
                0x00000000                RomVectors
                0x00000001                ASSERT ((. != __cy_interrupt_vector), No interrupt vector)
                0x00000001                ASSERT (CY_APPL_ORIGIN?(SIZEOF (.cybootloader) <= CY_APPL_ORIGIN):0x1, Wrong image location)
                0x00000010                PROVIDE (__cy_reset, Reset)
 *(.text.Reset)
 .text.Reset    0x00000010       0x18 .\CortexM3\ARM_GCC_493\Debug\Cm3Start.o
                0x00000010                Reset
                0x00000001                ASSERT ((. != __cy_reset), No reset code)
 *(.dma_init)
                0x00000001                ASSERT ((((appl_start + .) <= 0x10000) || 0x1), DMA Init must be within the first 64k of flash)
 *(.text .text.* .gnu.linkonce.t.*)
 .text          0x00000028       0x5c c:/program files (x86)/cypress/psoc creator/3.3/psoc creator/import/gnu/arm/4.9.3/bin/../lib/gcc/arm-none-eabi/4.9.3/armv7-m/crtbegin.o
 .text.main     0x00000084      0x158 .\CortexM3\ARM_GCC_493\Debug\main.o
                0x00000084                main
 .text.LeftTarget
                0x000001dc        0xc .\CortexM3\ARM_GCC_493\Debug\cal.o
 .text.RightTarget
                0x000001e8        0xc .\CortexM3\ARM_GCC_493\Debug\cal.o
 .text.DisplayCalMenu
                0x000001f4       0x5c .\CortexM3\ARM_GCC_493\Debug\cal.o
 .text.DisplayValMenu
                0x00000250       0x90 .\CortexM3\ARM_GCC_493\Debug\cal.o
 .text.DisplayMenu
                0x000002e0       0x20 .\CortexM3\ARM_GCC_493\Debug\cal.o
 .text.DisplaySettingsMenu
                0x00000300       0x68 .\CortexM3\ARM_GCC_493\Debug\cal.o
 .text.HandleError
                0x00000368       0x30 .\CortexM3\ARM_GCC_493\Debug\cal.o
 .text.Process  0x00000398       0xa4 .\CortexM3\ARM_GCC_493\Debug\cal.o
 .text.DisplayExit
                0x0000043c       0x18 .\CortexM3\ARM_GCC_493\Debug\cal.o
 .text.GetCommand
                0x00000454       0x58 .\CortexM3\ARM_GCC_493\Debug\cal.o
 .text.GetCalibration
                0x000004ac       0x50 .\CortexM3\ARM_GCC_493\Debug\cal.o
 .text.GetValidation
                0x000004fc      0x148 .\CortexM3\ARM_GCC_493\Debug\cal.o
 .text.CpsToPwm
                0x00000644       0x74 .\CortexM3\ARM_GCC_493\Debug\cal.o
 .text.ClearCalibrationStatusBit
                0x000006b8       0x2c .\CortexM3\ARM_GCC_493\Debug\cal.o
                0x000006b8                ClearCalibrationStatusBit
 .text.SetCalibrationStatusBit
                0x000006e4       0x24 .\CortexM3\ARM_GCC_493\Debug\cal.o
                0x000006e4                SetCalibrationStatusBit
 .text.Cal_PrintSamples
                0x00000708       0x64 .\CortexM3\ARM_GCC_493\Debug\cal.o
                0x00000708                Cal_PrintSamples
 .text.Cal_PrintGains
                0x0000076c       0x48 .\CortexM3\ARM_GCC_493\Debug\cal.o
                0x0000076c                Cal_PrintGains
 .text.ProcessSettingsCmd
                0x000007b4      0x104 .\CortexM3\ARM_GCC_493\Debug\cal.o
 .text.Cal_Init
                0x000008b8       0x3c .\CortexM3\ARM_GCC_493\Debug\cal.o
                0x000008b8                Cal_Init
 .text.Cal_Start
                0x000008f4       0x14 .\CortexM3\ARM_GCC_493\Debug\cal.o
                0x000008f4                Cal_Start
 .text.Cal_Update
                0x00000908       0xd4 .\CortexM3\ARM_GCC_493\Debug\cal.o
                0x00000908                Cal_Update
 .text.Cal_ReadResponse
                0x000009dc       0x48 .\CortexM3\ARM_GCC_493\Debug\cal.o
                0x000009dc                Cal_ReadResponse
 .text.Cal_LeftGetPidGains
                0x00000a24        0xc .\CortexM3\ARM_GCC_493\Debug\cal.o
                0x00000a24                Cal_LeftGetPidGains
 .text.Cal_RightGetPidGains
                0x00000a30        0xc .\CortexM3\ARM_GCC_493\Debug\cal.o
                0x00000a30                Cal_RightGetPidGains
 .text.Cal_SetLeftRightVelocity
                0x00000a3c        0xc .\CortexM3\ARM_GCC_493\Debug\cal.o
                0x00000a3c                Cal_SetLeftRightVelocity
 .text.Cal_CpsToPwm
                0x00000a48       0x9c .\CortexM3\ARM_GCC_493\Debug\cal.o
                0x00000a48                Cal_CpsToPwm
 .text.Cal_Clear
                0x00000ae4       0x10 .\CortexM3\ARM_GCC_493\Debug\cal.o
                0x00000ae4                Cal_Clear
 .text.Cal_CalcTriangularProfile
                0x00000af4      0x154 .\CortexM3\ARM_GCC_493\Debug\cal.o
                0x00000af4                Cal_CalcTriangularProfile
 .text.Control_Init
                0x00000c48       0x10 .\CortexM3\ARM_GCC_493\Debug\control.o
                0x00000c48                Control_Init
 .text.Control_Start
                0x00000c58        0x4 .\CortexM3\ARM_GCC_493\Debug\control.o
                0x00000c58                Control_Start
 *fill*         0x00000c5c        0x4 
 .text.Control_Update
                0x00000c60      0x188 .\CortexM3\ARM_GCC_493\Debug\control.o
                0x00000c60                Control_Update
 .text.Control_LeftGetCmdVelocity
                0x00000de8        0xc .\CortexM3\ARM_GCC_493\Debug\control.o
                0x00000de8                Control_LeftGetCmdVelocity
 .text.Control_RightGetCmdVelocity
                0x00000df4        0xc .\CortexM3\ARM_GCC_493\Debug\control.o
                0x00000df4                Control_RightGetCmdVelocity
 .text.Control_OverrideDebug
                0x00000e00        0xc .\CortexM3\ARM_GCC_493\Debug\control.o
                0x00000e00                Control_OverrideDebug
 .text.Debug_Init
                0x00000e0c       0x28 .\CortexM3\ARM_GCC_493\Debug\debug.o
                0x00000e0c                Debug_Init
 .text.Debug_Start
                0x00000e34        0x4 .\CortexM3\ARM_GCC_493\Debug\debug.o
                0x00000e34                Debug_Start
 .text.Diag_Init
                0x00000e38       0x18 .\CortexM3\ARM_GCC_493\Debug\diag.o
                0x00000e38                Diag_Init
 .text.Diag_Start
                0x00000e50        0x4 .\CortexM3\ARM_GCC_493\Debug\diag.o
                0x00000e50                Diag_Start
 .text.Diag_Update
                0x00000e54       0x34 .\CortexM3\ARM_GCC_493\Debug\diag.o
                0x00000e54                Diag_Update
 .text.Encoder_Sample
                0x00000e88       0xa8 .\CortexM3\ARM_GCC_493\Debug\encoder.o
 .text.DumpEncoder
                0x00000f30       0x74 .\CortexM3\ARM_GCC_493\Debug\encoder.o
 .text.Encoder_Init
                0x00000fa4       0x4c .\CortexM3\ARM_GCC_493\Debug\encoder.o
                0x00000fa4                Encoder_Init
 .text.Encoder_Start
                0x00000ff0       0x20 .\CortexM3\ARM_GCC_493\Debug\encoder.o
                0x00000ff0                Encoder_Start
 .text.Encoder_Update
                0x00001010       0xb0 .\CortexM3\ARM_GCC_493\Debug\encoder.o
                0x00001010                Encoder_Update
 .text.Encoder_LeftGetCntsPerSec
                0x000010c0        0xc .\CortexM3\ARM_GCC_493\Debug\encoder.o
                0x000010c0                Encoder_LeftGetCntsPerSec
 .text.Encoder_RightGetCntsPerSec
                0x000010cc        0xc .\CortexM3\ARM_GCC_493\Debug\encoder.o
                0x000010cc                Encoder_RightGetCntsPerSec
 .text.Encoder_LeftGetMeterPerSec
                0x000010d8        0xc .\CortexM3\ARM_GCC_493\Debug\encoder.o
                0x000010d8                Encoder_LeftGetMeterPerSec
 .text.Encoder_RightGetMeterPerSec
                0x000010e4        0xc .\CortexM3\ARM_GCC_493\Debug\encoder.o
                0x000010e4                Encoder_RightGetMeterPerSec
 .text.Encoder_LeftGetDist
                0x000010f0        0xc .\CortexM3\ARM_GCC_493\Debug\encoder.o
                0x000010f0                Encoder_LeftGetDist
 .text.Encoder_RightGetDist
                0x000010fc        0xc .\CortexM3\ARM_GCC_493\Debug\encoder.o
                0x000010fc                Encoder_RightGetDist
 .text.Encoder_Reset
                0x00001108       0x68 .\CortexM3\ARM_GCC_493\Debug\encoder.o
                0x00001108                Encoder_Reset
 .text.I2c_Init
                0x00001170       0x24 .\CortexM3\ARM_GCC_493\Debug\i2c.o
                0x00001170                I2c_Init
 .text.I2c_Start
                0x00001194       0x18 .\CortexM3\ARM_GCC_493\Debug\i2c.o
                0x00001194                I2c_Start
 .text.I2c_ReadDeviceControl
                0x000011ac       0x10 .\CortexM3\ARM_GCC_493\Debug\i2c.o
                0x000011ac                I2c_ReadDeviceControl
 .text.I2c_ReadDebugControl
                0x000011bc       0x6c .\CortexM3\ARM_GCC_493\Debug\i2c.o
                0x000011bc                I2c_ReadDebugControl
 .text.I2c_ReadCmdVelocity
                0x00001228       0x50 .\CortexM3\ARM_GCC_493\Debug\i2c.o
                0x00001228                I2c_ReadCmdVelocity
 .text.I2c_SetDeviceStatusBit
                0x00001278       0x14 .\CortexM3\ARM_GCC_493\Debug\i2c.o
                0x00001278                I2c_SetDeviceStatusBit
 .text.I2c_ClearDeviceStatusBit
                0x0000128c       0x18 .\CortexM3\ARM_GCC_493\Debug\i2c.o
                0x0000128c                I2c_ClearDeviceStatusBit
 .text.I2c_SetCalibrationStatusBit
                0x000012a4       0x14 .\CortexM3\ARM_GCC_493\Debug\i2c.o
                0x000012a4                I2c_SetCalibrationStatusBit
 .text.I2c_ClearCalibrationStatusBit
                0x000012b8       0x18 .\CortexM3\ARM_GCC_493\Debug\i2c.o
                0x000012b8                I2c_ClearCalibrationStatusBit
 .text.I2c_SetCalibrationStatus
                0x000012d0       0x10 .\CortexM3\ARM_GCC_493\Debug\i2c.o
                0x000012d0                I2c_SetCalibrationStatus
 .text.I2c_WriteOdom
                0x000012e0       0x1c .\CortexM3\ARM_GCC_493\Debug\i2c.o
                0x000012e0                I2c_WriteOdom
 .text.I2c_WriteUltrasonicFrontDistances
                0x000012fc       0x28 .\CortexM3\ARM_GCC_493\Debug\i2c.o
                0x000012fc                I2c_WriteUltrasonicFrontDistances
 .text.I2c_WriteUltrasonicRearDistances
                0x00001324       0x28 .\CortexM3\ARM_GCC_493\Debug\i2c.o
                0x00001324                I2c_WriteUltrasonicRearDistances
 .text.I2c_WriteInfraredFrontDistances
                0x0000134c       0x28 .\CortexM3\ARM_GCC_493\Debug\i2c.o
                0x0000134c                I2c_WriteInfraredFrontDistances
 .text.I2c_WriteInfraredRearDistances
                0x00001374       0x28 .\CortexM3\ARM_GCC_493\Debug\i2c.o
                0x00001374                I2c_WriteInfraredRearDistances
 .text.I2c_UpdateHeartbeat
                0x0000139c       0x14 .\CortexM3\ARM_GCC_493\Debug\i2c.o
                0x0000139c                I2c_UpdateHeartbeat
 .text.DumpMotor
                0x000013b0       0x40 .\CortexM3\ARM_GCC_493\Debug\motor.o
 .text.RampDown
                0x000013f0       0x78 .\CortexM3\ARM_GCC_493\Debug\motor.o
 .text.Motor_Init
                0x00001468       0x18 .\CortexM3\ARM_GCC_493\Debug\motor.o
                0x00001468                Motor_Init
 .text.Motor_Start
                0x00001480       0x34 .\CortexM3\ARM_GCC_493\Debug\motor.o
                0x00001480                Motor_Start
 .text.Motor_LeftSetPwm
                0x000014b4       0x34 .\CortexM3\ARM_GCC_493\Debug\motor.o
                0x000014b4                Motor_LeftSetPwm
 .text.Motor_RightSetPwm
                0x000014e8       0x34 .\CortexM3\ARM_GCC_493\Debug\motor.o
                0x000014e8                Motor_RightSetPwm
 .text.Motor_SetPwm
                0x0000151c       0x10 .\CortexM3\ARM_GCC_493\Debug\motor.o
                0x0000151c                Motor_SetPwm
 .text.Motor_LeftGetPwm
                0x0000152c       0x10 .\CortexM3\ARM_GCC_493\Debug\motor.o
                0x0000152c                Motor_LeftGetPwm
 .text.Motor_RightGetPwm
                0x0000153c       0x10 .\CortexM3\ARM_GCC_493\Debug\motor.o
                0x0000153c                Motor_RightGetPwm
 .text.Motor_Stop
                0x0000154c       0x34 .\CortexM3\ARM_GCC_493\Debug\motor.o
                0x0000154c                Motor_Stop
 .text.Motor_LeftRampDown
                0x00001580       0x10 .\CortexM3\ARM_GCC_493\Debug\motor.o
                0x00001580                Motor_LeftRampDown
 .text.Motor_RightRampDown
                0x00001590       0x10 .\CortexM3\ARM_GCC_493\Debug\motor.o
                0x00001590                Motor_RightRampDown
 .text.CalculateOdometry
                0x000015a0       0x68 .\CortexM3\ARM_GCC_493\Debug\odom.o
 .text.DumpOdom
                0x00001608       0x80 .\CortexM3\ARM_GCC_493\Debug\odom.o
 .text.Odom_Init
                0x00001688       0x14 .\CortexM3\ARM_GCC_493\Debug\odom.o
                0x00001688                Odom_Init
 .text.Odom_Start
                0x0000169c        0x4 .\CortexM3\ARM_GCC_493\Debug\odom.o
                0x0000169c                Odom_Start
 .text.Odom_Update
                0x000016a0       0x8c .\CortexM3\ARM_GCC_493\Debug\odom.o
                0x000016a0                Odom_Update
 .text.Odom_Reset
                0x0000172c       0x28 .\CortexM3\ARM_GCC_493\Debug\odom.o
                0x0000172c                Odom_Reset
 *fill*         0x00001754        0x4 
 .text.ProcessPid
                0x00001758       0xb8 .\CortexM3\ARM_GCC_493\Debug\pid.o
 .text.Pid_Init
                0x00001810       0x7c .\CortexM3\ARM_GCC_493\Debug\pid.o
                0x00001810                Pid_Init
 .text.Pid_Start
                0x0000188c       0x30 .\CortexM3\ARM_GCC_493\Debug\pid.o
                0x0000188c                Pid_Start
 *fill*         0x000018bc        0x4 
 .text.Pid_Update
                0x000018c0       0xd0 .\CortexM3\ARM_GCC_493\Debug\pid.o
                0x000018c0                Pid_Update
 .text.Pid_SetLeftRightTarget
                0x00001990       0x10 .\CortexM3\ARM_GCC_493\Debug\pid.o
                0x00001990                Pid_SetLeftRightTarget
 .text.Pid_RestoreLeftRightTarget
                0x000019a0       0x1c .\CortexM3\ARM_GCC_493\Debug\pid.o
                0x000019a0                Pid_RestoreLeftRightTarget
 .text.Pid_Reset
                0x000019bc       0x24 .\CortexM3\ARM_GCC_493\Debug\pid.o
                0x000019bc                Pid_Reset
 .text.Pid_Enable
                0x000019e0       0x28 .\CortexM3\ARM_GCC_493\Debug\pid.o
                0x000019e0                Pid_Enable
 .text.Pid_LeftSetGains
                0x00001a08       0x18 .\CortexM3\ARM_GCC_493\Debug\pid.o
                0x00001a08                Pid_LeftSetGains
 .text.Pid_RightSetGains
                0x00001a20       0x18 .\CortexM3\ARM_GCC_493\Debug\pid.o
                0x00001a20                Pid_RightSetGains
 .text.Pid_LeftGetGains
                0x00001a38       0x1c .\CortexM3\ARM_GCC_493\Debug\pid.o
                0x00001a38                Pid_LeftGetGains
 .text.Pid_RightGetGains
                0x00001a54       0x1c .\CortexM3\ARM_GCC_493\Debug\pid.o
                0x00001a54                Pid_RightGetGains
 .text.SysTickIsrHandler
                0x00001a70       0x10 .\CortexM3\ARM_GCC_493\Debug\time.o
 .text.Time_Init
                0x00001a80        0xc .\CortexM3\ARM_GCC_493\Debug\time.o
                0x00001a80                Time_Init
 .text.Time_Start
                0x00001a8c       0x2c .\CortexM3\ARM_GCC_493\Debug\time.o
                0x00001a8c                Time_Start
 .text.millis   0x00001ab8        0xc .\CortexM3\ARM_GCC_493\Debug\time.o
                0x00001ab8                millis
 .text.insert_zeros
                0x00001ac4       0x30 .\CortexM3\ARM_GCC_493\Debug\utils.o
 .text.MovingAverageFloat
                0x00001af4       0x2c .\CortexM3\ARM_GCC_493\Debug\utils.o
                0x00001af4                MovingAverageFloat
 .text.Uint16ToTwoBytes
                0x00001b20        0xc .\CortexM3\ARM_GCC_493\Debug\utils.o
                0x00001b20                Uint16ToTwoBytes
 .text.FloatToFourBytes
                0x00001b2c       0x20 .\CortexM3\ARM_GCC_493\Debug\utils.o
                0x00001b2c                FloatToFourBytes
 .text.ftoa     0x00001b4c       0xa4 .\CortexM3\ARM_GCC_493\Debug\utils.o
                0x00001b4c                ftoa
 .text.BinaryRangeSearch
                0x00001bf0       0x50 .\CortexM3\ARM_GCC_493\Debug\utils.o
                0x00001bf0                BinaryRangeSearch
 .text.Interpolate
                0x00001c40       0x3c .\CortexM3\ARM_GCC_493\Debug\utils.o
                0x00001c40                Interpolate
 .text.PIDCompute
                0x00001c7c       0xa4 .\CortexM3\ARM_GCC_493\Debug\pid_controller.o
                0x00001c7c                PIDCompute
 .text.PIDModeSet
                0x00001d20       0x40 .\CortexM3\ARM_GCC_493\Debug\pid_controller.o
                0x00001d20                PIDModeSet
 .text.PIDOutputLimitsSet
                0x00001d60       0x5c .\CortexM3\ARM_GCC_493\Debug\pid_controller.o
                0x00001d60                PIDOutputLimitsSet
 .text.PIDTuningsSet
                0x00001dbc       0x6c .\CortexM3\ARM_GCC_493\Debug\pid_controller.o
                0x00001dbc                PIDTuningsSet
 .text.PIDInit  0x00001e28       0x54 .\CortexM3\ARM_GCC_493\Debug\pid_controller.o
                0x00001e28                PIDInit
 .text.PIDSetpointSet
                0x00001e7c        0x4 .\CortexM3\ARM_GCC_493\Debug\pid_controller.o
                0x00001e7c                PIDSetpointSet
 .text.PIDInputSet
                0x00001e80        0x4 .\CortexM3\ARM_GCC_493\Debug\pid_controller.o
                0x00001e80                PIDInputSet
 .text.Ser_Init
                0x00001e84        0x4 .\CortexM3\ARM_GCC_493\Debug\serial.o
                0x00001e84                Ser_Init
 .text.Ser_Start
                0x00001e88       0x2c .\CortexM3\ARM_GCC_493\Debug\serial.o
                0x00001e88                Ser_Start
 .text.Ser_Update
                0x00001eb4       0x14 .\CortexM3\ARM_GCC_493\Debug\serial.o
                0x00001eb4                Ser_Update
 .text.Ser_PutString
                0x00001ec8       0x20 .\CortexM3\ARM_GCC_493\Debug\serial.o
                0x00001ec8                Ser_PutString
 .text.Ser_ReadByte
                0x00001ee8       0x1c .\CortexM3\ARM_GCC_493\Debug\serial.o
                0x00001ee8                Ser_ReadByte
 .text.Ser_WriteByte
                0x00001f04       0x1c .\CortexM3\ARM_GCC_493\Debug\serial.o
                0x00001f04                Ser_WriteByte
 .text.Nvstore_Init
                0x00001f20        0x4 .\CortexM3\ARM_GCC_493\Debug\nvstore.o
                0x00001f20                Nvstore_Init
 .text.Nvstore_Start
                0x00001f24        0x8 .\CortexM3\ARM_GCC_493\Debug\nvstore.o
                0x00001f24                Nvstore_Start
 .text.Nvstore_WriteBytes
                0x00001f2c       0xc8 .\CortexM3\ARM_GCC_493\Debug\nvstore.o
                0x00001f2c                Nvstore_WriteBytes
 .text.Nvstore_WriteUint16
                0x00001ff4       0x2c .\CortexM3\ARM_GCC_493\Debug\nvstore.o
                0x00001ff4                Nvstore_WriteUint16
 .text.Nvstore_WriteFloat
                0x00002020       0x2c .\CortexM3\ARM_GCC_493\Debug\nvstore.o
                0x00002020                Nvstore_WriteFloat
 *fill*         0x0000204c        0x4 
 .text.GetStepVelocity
                0x00002050      0x118 .\CortexM3\ARM_GCC_493\Debug\calpid.o
 .text.ResetPidValidationVelocity
                0x00002168       0x10 .\CortexM3\ARM_GCC_493\Debug\calpid.o
 .text.GetNextValidationVelocity
                0x00002178       0x58 .\CortexM3\ARM_GCC_493\Debug\calpid.o
 .text.Results  0x000021d0       0x64 .\CortexM3\ARM_GCC_493\Debug\calpid.o
 .text.StoreLeftGains
                0x00002234       0x3c .\CortexM3\ARM_GCC_493\Debug\calpid.o
 .text.StoreRightGains
                0x00002270       0x3c .\CortexM3\ARM_GCC_493\Debug\calpid.o
 .text.Stop     0x000022ac       0x90 .\CortexM3\ARM_GCC_493\Debug\calpid.o
 .text.SetNextValidationVelocity
                0x0000233c       0x5c .\CortexM3\ARM_GCC_493\Debug\calpid.o
 .text.Update   0x00002398       0x58 .\CortexM3\ARM_GCC_493\Debug\calpid.o
 .text.Start    0x000023f0       0xe4 .\CortexM3\ARM_GCC_493\Debug\calpid.o
 .text.Init     0x000024d4       0xe0 .\CortexM3\ARM_GCC_493\Debug\calpid.o
 .text.CalPid_Init
                0x000025b4       0x2c .\CortexM3\ARM_GCC_493\Debug\calpid.o
                0x000025b4                CalPid_Init
 .text.CalculatePwmSamples
                0x000025e0       0x38 .\CortexM3\ARM_GCC_493\Debug\calmotor.o
 .text.AddSamplesToSum
                0x00002618       0x24 .\CortexM3\ARM_GCC_493\Debug\calmotor.o
 .text.CalculateAvgCpsSamples
                0x0000263c       0x20 .\CortexM3\ARM_GCC_493\Debug\calmotor.o
 .text.CalculateMinMaxCpsSample
                0x0000265c       0x38 .\CortexM3\ARM_GCC_493\Debug\calmotor.o
 .text.GetNextCps
                0x00002694       0x48 .\CortexM3\ARM_GCC_493\Debug\calmotor.o
 .text.PrintAllMotorParams
                0x000026dc       0x64 .\CortexM3\ARM_GCC_493\Debug\calmotor.o
 .text.Results  0x00002740       0x28 .\CortexM3\ARM_GCC_493\Debug\calmotor.o
 .text.SetNextVelocity
                0x00002768       0x40 .\CortexM3\ARM_GCC_493\Debug\calmotor.o
 .text.Start    0x000027a8       0x2c .\CortexM3\ARM_GCC_493\Debug\calmotor.o
 .text.Stop     0x000027d4       0x38 .\CortexM3\ARM_GCC_493\Debug\calmotor.o
 .text.CalcCpsAvgAtPwm
                0x0000280c       0x58 .\CortexM3\ARM_GCC_493\Debug\calmotor.o
 .text.CollectCpsSamples
                0x00002864       0x5c .\CortexM3\ARM_GCC_493\Debug\calmotor.o
 .text.StoreWheelSpeedCalibration
                0x000028c0       0x50 .\CortexM3\ARM_GCC_493\Debug\calmotor.o
 .text.CalibrateWheelSpeed
                0x00002910       0x98 .\CortexM3\ARM_GCC_493\Debug\calmotor.o
 .text.PrintWheelVelocity
                0x000029a8       0x90 .\CortexM3\ARM_GCC_493\Debug\calmotor.o
 .text.ValidateMotorCalibration
                0x00002a38       0xc8 .\CortexM3\ARM_GCC_493\Debug\calmotor.o
 .text.Update   0x00002b00       0xc0 .\CortexM3\ARM_GCC_493\Debug\calmotor.o
 .text.Init     0x00002bc0       0x6c .\CortexM3\ARM_GCC_493\Debug\calmotor.o
 .text.CalMotor_Init
                0x00002c2c       0x40 .\CortexM3\ARM_GCC_493\Debug\calmotor.o
                0x00002c2c                CalMotor_Init
 .text.DumpPid  0x00002c6c      0x104 .\CortexM3\ARM_GCC_493\Debug\pidutil.o
                0x00002c6c                DumpPid
 .text.IsValidMessage
                0x00002d70       0x1c .\CortexM3\ARM_GCC_493\Debug\spi.o
 .text.RecvMessage
                0x00002d8c       0xc0 .\CortexM3\ARM_GCC_493\Debug\spi.o
                0x00002d8c                RecvMessage
 .text.Spi_Init
                0x00002e4c        0x4 .\CortexM3\ARM_GCC_493\Debug\spi.o
                0x00002e4c                Spi_Init
 .text.Spi_Start
                0x00002e50       0x10 .\CortexM3\ARM_GCC_493\Debug\spi.o
                0x00002e50                Spi_Start
 .text.Spi_ReadNode
                0x00002e60       0x44 .\CortexM3\ARM_GCC_493\Debug\spi.o
                0x00002e60                Spi_ReadNode
 .text.Results  0x00002ea4       0x18 .\CortexM3\ARM_GCC_493\Debug\callin.o
 *fill*         0x00002ebc        0x4 
 .text.Stop     0x00002ec0       0xe0 .\CortexM3\ARM_GCC_493\Debug\callin.o
 .text.Update   0x00002fa0       0x94 .\CortexM3\ARM_GCC_493\Debug\callin.o
 .text.Start    0x00003034       0x60 .\CortexM3\ARM_GCC_493\Debug\callin.o
 .text.Init     0x00003094       0x68 .\CortexM3\ARM_GCC_493\Debug\callin.o
 .text.CalLin_Init
                0x000030fc       0x10 .\CortexM3\ARM_GCC_493\Debug\callin.o
                0x000030fc                CalLin_Init
 .text.ReadInfraredRear
                0x0000310c       0x18 .\CortexM3\ARM_GCC_493\Debug\sensor.o
 .text.ReadUltratronicRear
                0x00003124       0x18 .\CortexM3\ARM_GCC_493\Debug\sensor.o
 .text.ReadReadDistanceSensors
                0x0000313c        0xc .\CortexM3\ARM_GCC_493\Debug\sensor.o
 .text.ReadInfraredFront
                0x00003148       0x18 .\CortexM3\ARM_GCC_493\Debug\sensor.o
 .text.ReadUltrasonicFront
                0x00003160       0x18 .\CortexM3\ARM_GCC_493\Debug\sensor.o
 .text.ReadFrontDistanceSensors
                0x00003178        0xc .\CortexM3\ARM_GCC_493\Debug\sensor.o
 .text.Sensor_Init
                0x00003184       0x20 .\CortexM3\ARM_GCC_493\Debug\sensor.o
                0x00003184                Sensor_Init
 .text.Sensor_Start
                0x000031a4        0x8 .\CortexM3\ARM_GCC_493\Debug\sensor.o
                0x000031a4                Sensor_Start
 .text.Sensor_Update
                0x000031ac       0x64 .\CortexM3\ARM_GCC_493\Debug\sensor.o
                0x000031ac                Sensor_Update
 .text.IntDefaultHandler
                0x00003210        0x4 .\CortexM3\ARM_GCC_493\Debug\Cm3Start.o
                0x00003210                IntDefaultHandler
 .text._exit    0x00003214        0xc .\CortexM3\ARM_GCC_493\Debug\Cm3Start.o
                0x00003214                _exit
 .text._sbrk    0x00003220       0x30 .\CortexM3\ARM_GCC_493\Debug\Cm3Start.o
                0x00003220                _sbrk
 .text.Start_c  0x00003250       0x4c .\CortexM3\ARM_GCC_493\Debug\Cm3Start.o
                0x00003250                Start_c
 .text.initialize_psoc
                0x0000329c       0x74 .\CortexM3\ARM_GCC_493\Debug\Cm3Start.o
                0x0000329c                initialize_psoc
 .text.cfg_write_bytes32
                0x00003310       0x34 .\CortexM3\ARM_GCC_493\Debug\freesoc.a(cyfitter_cfg.o)
 .text.AnalogSetDefault
                0x00003344       0x28 .\CortexM3\ARM_GCC_493\Debug\freesoc.a(cyfitter_cfg.o)
 .text.CYMEMZERO
                0x0000336c        0xc .\CortexM3\ARM_GCC_493\Debug\freesoc.a(cyfitter_cfg.o)
 .text.ClockSetup
                0x00003378       0xd8 .\CortexM3\ARM_GCC_493\Debug\freesoc.a(cyfitter_cfg.o)
 .text.CYCONFIGCPY
                0x00003450        0x8 .\CortexM3\ARM_GCC_493\Debug\freesoc.a(cyfitter_cfg.o)
 .text.cyfitter_cfg
                0x00003458      0x144 .\CortexM3\ARM_GCC_493\Debug\freesoc.a(cyfitter_cfg.o)
                0x00003458                cyfitter_cfg
 .text.Left_HB25_Enable_Pin_Write
                0x0000359c       0x18 .\CortexM3\ARM_GCC_493\Debug\freesoc.a(Left_HB25_Enable_Pin.o)
                0x0000359c                Left_HB25_Enable_Pin_Write
 .text.Left_HB25_PWM_Stop
                0x000035b4        0x4 .\CortexM3\ARM_GCC_493\Debug\freesoc.a(Left_HB25_PWM.o)
                0x000035b4                Left_HB25_PWM_Stop
 .text.Left_HB25_PWM_WriteCounter
                0x000035b8        0xc .\CortexM3\ARM_GCC_493\Debug\freesoc.a(Left_HB25_PWM.o)
                0x000035b8                Left_HB25_PWM_WriteCounter
 .text.Left_HB25_PWM_WritePeriod
                0x000035c4        0xc .\CortexM3\ARM_GCC_493\Debug\freesoc.a(Left_HB25_PWM.o)
                0x000035c4                Left_HB25_PWM_WritePeriod
 .text.Left_HB25_PWM_WriteCompare
                0x000035d0        0xc .\CortexM3\ARM_GCC_493\Debug\freesoc.a(Left_HB25_PWM.o)
                0x000035d0                Left_HB25_PWM_WriteCompare
 .text.Left_HB25_PWM_Init
                0x000035dc       0x34 .\CortexM3\ARM_GCC_493\Debug\freesoc.a(Left_HB25_PWM.o)
                0x000035dc                Left_HB25_PWM_Init
 .text.Left_HB25_PWM_Start
                0x00003610       0x18 .\CortexM3\ARM_GCC_493\Debug\freesoc.a(Left_HB25_PWM.o)
                0x00003610                Left_HB25_PWM_Start
 .text.Left_HB25_PWM_ReadCompare
                0x00003628        0xc .\CortexM3\ARM_GCC_493\Debug\freesoc.a(Left_HB25_PWM.o)
                0x00003628                Left_HB25_PWM_ReadCompare
 .text.Right_HB25_Enable_Pin_Write
                0x00003634       0x18 .\CortexM3\ARM_GCC_493\Debug\freesoc.a(Right_HB25_Enable_Pin.o)
                0x00003634                Right_HB25_Enable_Pin_Write
 .text.Right_HB25_PWM_Stop
                0x0000364c        0x4 .\CortexM3\ARM_GCC_493\Debug\freesoc.a(Right_HB25_PWM.o)
                0x0000364c                Right_HB25_PWM_Stop
 .text.Right_HB25_PWM_WriteCounter
                0x00003650        0xc .\CortexM3\ARM_GCC_493\Debug\freesoc.a(Right_HB25_PWM.o)
                0x00003650                Right_HB25_PWM_WriteCounter
 .text.Right_HB25_PWM_WritePeriod
                0x0000365c        0xc .\CortexM3\ARM_GCC_493\Debug\freesoc.a(Right_HB25_PWM.o)
                0x0000365c                Right_HB25_PWM_WritePeriod
 .text.Right_HB25_PWM_WriteCompare
                0x00003668        0xc .\CortexM3\ARM_GCC_493\Debug\freesoc.a(Right_HB25_PWM.o)
                0x00003668                Right_HB25_PWM_WriteCompare
 .text.Right_HB25_PWM_Init
                0x00003674       0x34 .\CortexM3\ARM_GCC_493\Debug\freesoc.a(Right_HB25_PWM.o)
                0x00003674                Right_HB25_PWM_Init
 .text.Right_HB25_PWM_Start
                0x000036a8       0x18 .\CortexM3\ARM_GCC_493\Debug\freesoc.a(Right_HB25_PWM.o)
                0x000036a8                Right_HB25_PWM_Start
 .text.Right_HB25_PWM_ReadCompare
                0x000036c0        0xc .\CortexM3\ARM_GCC_493\Debug\freesoc.a(Right_HB25_PWM.o)
                0x000036c0                Right_HB25_PWM_ReadCompare
 *fill*         0x000036cc        0x4 
 .text          0x000036d0       0x20 .\CortexM3\ARM_GCC_493\Debug\freesoc.a(CyBootAsmGnu.o)
                0x000036d0                CyDelayCycles
                0x000036e0                CyEnterCriticalSection
                0x000036e8                CyExitCriticalSection
 .text.CyHalt   0x000036f0        0x4 .\CortexM3\ARM_GCC_493\Debug\freesoc.a(CyLib.o)
                0x000036f0                CyHalt
 .text.CyDelay  0x000036f4       0x2c .\CortexM3\ARM_GCC_493\Debug\freesoc.a(CyLib.o)
                0x000036f4                CyDelay
 .text.CyDelayUs
                0x00003720       0x14 .\CortexM3\ARM_GCC_493\Debug\freesoc.a(CyLib.o)
                0x00003720                CyDelayUs
 .text.CyIntSetSysVector
                0x00003734       0x28 .\CortexM3\ARM_GCC_493\Debug\freesoc.a(CyLib.o)
                0x00003734                CyIntSetSysVector
 .text.CyIntSetVector
                0x0000375c       0x28 .\CortexM3\ARM_GCC_493\Debug\freesoc.a(CyLib.o)
                0x0000375c                CyIntSetVector
 .text.CyIntSetPriority
                0x00003784       0x30 .\CortexM3\ARM_GCC_493\Debug\freesoc.a(CyLib.o)
                0x00003784                CyIntSetPriority
 .text.CySysTickEnableInterrupt
                0x000037b4       0x10 .\CortexM3\ARM_GCC_493\Debug\freesoc.a(CyLib.o)
                0x000037b4                CySysTickEnableInterrupt
 .text.CySysTickEnable
                0x000037c4       0x18 .\CortexM3\ARM_GCC_493\Debug\freesoc.a(CyLib.o)
                0x000037c4                CySysTickEnable
 .text.CySysTickSetReload
                0x000037dc       0x10 .\CortexM3\ARM_GCC_493\Debug\freesoc.a(CyLib.o)
                0x000037dc                CySysTickSetReload
 .text.CySysTickSetClockSource
                0x000037ec       0x20 .\CortexM3\ARM_GCC_493\Debug\freesoc.a(CyLib.o)
                0x000037ec                CySysTickSetClockSource
 .text.CySysTickGetCountFlag
                0x0000380c       0x10 .\CortexM3\ARM_GCC_493\Debug\freesoc.a(CyLib.o)
                0x0000380c                CySysTickGetCountFlag
 .text.CySysTickServiceCallbacks
                0x0000381c       0x28 .\CortexM3\ARM_GCC_493\Debug\freesoc.a(CyLib.o)
 .text.CySysTickClear
                0x00003844        0xc .\CortexM3\ARM_GCC_493\Debug\freesoc.a(CyLib.o)
                0x00003844                CySysTickClear
 .text.CySysTickInit
                0x00003850       0x58 .\CortexM3\ARM_GCC_493\Debug\freesoc.a(CyLib.o)
                0x00003850                CySysTickInit
 .text.CySysTickStart
                0x000038a8       0x1c .\CortexM3\ARM_GCC_493\Debug\freesoc.a(CyLib.o)
                0x000038a8                CySysTickStart
 .text.CySysTickSetCallback
                0x000038c4       0x10 .\CortexM3\ARM_GCC_493\Debug\freesoc.a(CyLib.o)
                0x000038c4                CySysTickSetCallback
 .text.CySysTickGetCallback
                0x000038d4       0x10 .\CortexM3\ARM_GCC_493\Debug\freesoc.a(CyLib.o)
                0x000038d4                CySysTickGetCallback
 .text.CyGetUniqueId
                0x000038e4       0x70 .\CortexM3\ARM_GCC_493\Debug\freesoc.a(CyLib.o)
                0x000038e4                CyGetUniqueId
 .text.EZI2C_Slave_Init
                0x00003954       0x70 .\CortexM3\ARM_GCC_493\Debug\freesoc.a(EZI2C_Slave.o)
                0x00003954                EZI2C_Slave_Init
 .text.EZI2C_Slave_Enable
                0x000039c4       0x30 .\CortexM3\ARM_GCC_493\Debug\freesoc.a(EZI2C_Slave.o)
                0x000039c4                EZI2C_Slave_Enable
 .text.EZI2C_Slave_Start
                0x000039f4       0x1c .\CortexM3\ARM_GCC_493\Debug\freesoc.a(EZI2C_Slave.o)
                0x000039f4                EZI2C_Slave_Start
 .text.EZI2C_Slave_GetActivity
                0x00003a10       0x28 .\CortexM3\ARM_GCC_493\Debug\freesoc.a(EZI2C_Slave.o)
                0x00003a10                EZI2C_Slave_GetActivity
 .text.EZI2C_Slave_SetBuffer1
                0x00003a38       0x50 .\CortexM3\ARM_GCC_493\Debug\freesoc.a(EZI2C_Slave.o)
                0x00003a38                EZI2C_Slave_SetBuffer1
 .text.EZI2C_Slave_ISR
                0x00003a88      0x1c4 .\CortexM3\ARM_GCC_493\Debug\freesoc.a(EZI2C_Slave_INT.o)
                0x00003a88                EZI2C_Slave_ISR
 .text.Mainloop_Pin_Write
                0x00003c4c       0x18 .\CortexM3\ARM_GCC_493\Debug\freesoc.a(Mainloop_Pin.o)
                0x00003c4c                Mainloop_Pin_Write
 .text.EEPROM_Enable
                0x00003c64        0xc .\CortexM3\ARM_GCC_493\Debug\freesoc.a(EEPROM.o)
                0x00003c64                EEPROM_Enable
 .text.EEPROM_Start
                0x00003c70        0x8 .\CortexM3\ARM_GCC_493\Debug\freesoc.a(EEPROM.o)
                0x00003c70                EEPROM_Start
 .text.EEPROM_WriteByte
                0x00003c78       0xd4 .\CortexM3\ARM_GCC_493\Debug\freesoc.a(EEPROM.o)
                0x00003c78                EEPROM_WriteByte
 .text.EEPROM_Write
                0x00003d4c       0xb4 .\CortexM3\ARM_GCC_493\Debug\freesoc.a(EEPROM.o)
                0x00003d4c                EEPROM_Write
 .text.Right_QuadDec_Init
                0x00003e00       0x24 .\CortexM3\ARM_GCC_493\Debug\freesoc.a(Right_QuadDec.o)
                0x00003e00                Right_QuadDec_Init
 .text.Right_QuadDec_GetCounter
                0x00003e24       0x2c .\CortexM3\ARM_GCC_493\Debug\freesoc.a(Right_QuadDec.o)
                0x00003e24                Right_QuadDec_GetCounter
 .text.Right_QuadDec_SetCounter
                0x00003e50       0x28 .\CortexM3\ARM_GCC_493\Debug\freesoc.a(Right_QuadDec.o)
                0x00003e50                Right_QuadDec_SetCounter
 .text.Right_QuadDec_GetEvents
                0x00003e78       0x10 .\CortexM3\ARM_GCC_493\Debug\freesoc.a(Right_QuadDec.o)
                0x00003e78                Right_QuadDec_GetEvents
 .text.Right_QuadDec_SetInterruptMask
                0x00003e88       0x10 .\CortexM3\ARM_GCC_493\Debug\freesoc.a(Right_QuadDec.o)
                0x00003e88                Right_QuadDec_SetInterruptMask
 .text.Right_QuadDec_Enable
                0x00003e98       0x30 .\CortexM3\ARM_GCC_493\Debug\freesoc.a(Right_QuadDec.o)
                0x00003e98                Right_QuadDec_Enable
 .text.Right_QuadDec_Start
                0x00003ec8       0x34 .\CortexM3\ARM_GCC_493\Debug\freesoc.a(Right_QuadDec.o)
                0x00003ec8                Right_QuadDec_Start
 .text.Right_QuadDec_ISR
                0x00003efc       0x40 .\CortexM3\ARM_GCC_493\Debug\freesoc.a(Right_QuadDec_INT.o)
                0x00003efc                Right_QuadDec_ISR
 .text.Right_QuadDec_Cnt16_Enable
                0x00003f3c       0x10 .\CortexM3\ARM_GCC_493\Debug\freesoc.a(Right_QuadDec_Cnt16.o)
                0x00003f3c                Right_QuadDec_Cnt16_Enable
 .text.Right_QuadDec_Cnt16_SetInterruptMode
                0x00003f4c        0xc .\CortexM3\ARM_GCC_493\Debug\freesoc.a(Right_QuadDec_Cnt16.o)
                0x00003f4c                Right_QuadDec_Cnt16_SetInterruptMode
 .text.Right_QuadDec_Cnt16_ReadStatusRegister
                0x00003f58        0xc .\CortexM3\ARM_GCC_493\Debug\freesoc.a(Right_QuadDec_Cnt16.o)
                0x00003f58                Right_QuadDec_Cnt16_ReadStatusRegister
 .text.Right_QuadDec_Cnt16_WriteCounter
                0x00003f64        0xc .\CortexM3\ARM_GCC_493\Debug\freesoc.a(Right_QuadDec_Cnt16.o)
                0x00003f64                Right_QuadDec_Cnt16_WriteCounter
 .text.Right_QuadDec_Cnt16_ReadCounter
                0x00003f70       0x14 .\CortexM3\ARM_GCC_493\Debug\freesoc.a(Right_QuadDec_Cnt16.o)
                0x00003f70                Right_QuadDec_Cnt16_ReadCounter
 .text.Right_QuadDec_Cnt16_ReadCapture
                0x00003f84        0xc .\CortexM3\ARM_GCC_493\Debug\freesoc.a(Right_QuadDec_Cnt16.o)
                0x00003f84                Right_QuadDec_Cnt16_ReadCapture
 .text.Right_QuadDec_Cnt16_WritePeriod
                0x00003f90        0xc .\CortexM3\ARM_GCC_493\Debug\freesoc.a(Right_QuadDec_Cnt16.o)
                0x00003f90                Right_QuadDec_Cnt16_WritePeriod
 .text.Right_QuadDec_Cnt16_WriteCompare
                0x00003f9c        0xc .\CortexM3\ARM_GCC_493\Debug\freesoc.a(Right_QuadDec_Cnt16.o)
                0x00003f9c                Right_QuadDec_Cnt16_WriteCompare
 .text.Right_QuadDec_Cnt16_ClearFIFO
                0x00003fa8       0x14 .\CortexM3\ARM_GCC_493\Debug\freesoc.a(Right_QuadDec_Cnt16.o)
                0x00003fa8                Right_QuadDec_Cnt16_ClearFIFO
 .text.Right_QuadDec_Cnt16_Init
                0x00003fbc       0x58 .\CortexM3\ARM_GCC_493\Debug\freesoc.a(Right_QuadDec_Cnt16.o)
                0x00003fbc                Right_QuadDec_Cnt16_Init
 .text.Right_QuadDec_Cnt16_Start
                0x00004014       0x1c .\CortexM3\ARM_GCC_493\Debug\freesoc.a(Right_QuadDec_Cnt16.o)
                0x00004014                Right_QuadDec_Cnt16_Start
 .text.Left_QuadDec_Init
                0x00004030       0x24 .\CortexM3\ARM_GCC_493\Debug\freesoc.a(Left_QuadDec.o)
                0x00004030                Left_QuadDec_Init
 .text.Left_QuadDec_GetCounter
                0x00004054       0x2c .\CortexM3\ARM_GCC_493\Debug\freesoc.a(Left_QuadDec.o)
                0x00004054                Left_QuadDec_GetCounter
 .text.Left_QuadDec_SetCounter
                0x00004080       0x28 .\CortexM3\ARM_GCC_493\Debug\freesoc.a(Left_QuadDec.o)
                0x00004080                Left_QuadDec_SetCounter
 .text.Left_QuadDec_GetEvents
                0x000040a8       0x10 .\CortexM3\ARM_GCC_493\Debug\freesoc.a(Left_QuadDec.o)
                0x000040a8                Left_QuadDec_GetEvents
 .text.Left_QuadDec_SetInterruptMask
                0x000040b8       0x10 .\CortexM3\ARM_GCC_493\Debug\freesoc.a(Left_QuadDec.o)
                0x000040b8                Left_QuadDec_SetInterruptMask
 .text.Left_QuadDec_Enable
                0x000040c8       0x30 .\CortexM3\ARM_GCC_493\Debug\freesoc.a(Left_QuadDec.o)
                0x000040c8                Left_QuadDec_Enable
 .text.Left_QuadDec_Start
                0x000040f8       0x34 .\CortexM3\ARM_GCC_493\Debug\freesoc.a(Left_QuadDec.o)
                0x000040f8                Left_QuadDec_Start
 .text.Left_QuadDec_ISR
                0x0000412c       0x40 .\CortexM3\ARM_GCC_493\Debug\freesoc.a(Left_QuadDec_INT.o)
                0x0000412c                Left_QuadDec_ISR
 .text.Left_QuadDec_Cnt16_Enable
                0x0000416c       0x10 .\CortexM3\ARM_GCC_493\Debug\freesoc.a(Left_QuadDec_Cnt16.o)
                0x0000416c                Left_QuadDec_Cnt16_Enable
 .text.Left_QuadDec_Cnt16_SetInterruptMode
                0x0000417c        0xc .\CortexM3\ARM_GCC_493\Debug\freesoc.a(Left_QuadDec_Cnt16.o)
                0x0000417c                Left_QuadDec_Cnt16_SetInterruptMode
 .text.Left_QuadDec_Cnt16_ReadStatusRegister
                0x00004188        0xc .\CortexM3\ARM_GCC_493\Debug\freesoc.a(Left_QuadDec_Cnt16.o)
                0x00004188                Left_QuadDec_Cnt16_ReadStatusRegister
 .text.Left_QuadDec_Cnt16_WriteCounter
                0x00004194        0xc .\CortexM3\ARM_GCC_493\Debug\freesoc.a(Left_QuadDec_Cnt16.o)
                0x00004194                Left_QuadDec_Cnt16_WriteCounter
 .text.Left_QuadDec_Cnt16_ReadCounter
                0x000041a0       0x14 .\CortexM3\ARM_GCC_493\Debug\freesoc.a(Left_QuadDec_Cnt16.o)
                0x000041a0                Left_QuadDec_Cnt16_ReadCounter
 .text.Left_QuadDec_Cnt16_ReadCapture
                0x000041b4        0xc .\CortexM3\ARM_GCC_493\Debug\freesoc.a(Left_QuadDec_Cnt16.o)
                0x000041b4                Left_QuadDec_Cnt16_ReadCapture
 .text.Left_QuadDec_Cnt16_WritePeriod
                0x000041c0        0xc .\CortexM3\ARM_GCC_493\Debug\freesoc.a(Left_QuadDec_Cnt16.o)
                0x000041c0                Left_QuadDec_Cnt16_WritePeriod
 .text.Left_QuadDec_Cnt16_WriteCompare
                0x000041cc        0xc .\CortexM3\ARM_GCC_493\Debug\freesoc.a(Left_QuadDec_Cnt16.o)
                0x000041cc                Left_QuadDec_Cnt16_WriteCompare
 .text.Left_QuadDec_Cnt16_ClearFIFO
                0x000041d8       0x14 .\CortexM3\ARM_GCC_493\Debug\freesoc.a(Left_QuadDec_Cnt16.o)
                0x000041d8                Left_QuadDec_Cnt16_ClearFIFO
 .text.Left_QuadDec_Cnt16_Init
                0x000041ec       0x58 .\CortexM3\ARM_GCC_493\Debug\freesoc.a(Left_QuadDec_Cnt16.o)
                0x000041ec                Left_QuadDec_Cnt16_Init
 .text.Left_QuadDec_Cnt16_Start
                0x00004244       0x1c .\CortexM3\ARM_GCC_493\Debug\freesoc.a(Left_QuadDec_Cnt16.o)
                0x00004244                Left_QuadDec_Cnt16_Start
 .text.USBUART_Init
                0x00004260      0x140 .\CortexM3\ARM_GCC_493\Debug\freesoc.a(USBUART.o)
                0x00004260                USBUART_Init
 .text.USBUART_InitComponent
                0x000043a0       0xd0 .\CortexM3\ARM_GCC_493\Debug\freesoc.a(USBUART.o)
                0x000043a0                USBUART_InitComponent
 .text.USBUART_Start
                0x00004470       0x24 .\CortexM3\ARM_GCC_493\Debug\freesoc.a(USBUART.o)
                0x00004470                USBUART_Start
 .text.USBUART_ReInitComponent
                0x00004494       0x64 .\CortexM3\ARM_GCC_493\Debug\freesoc.a(USBUART.o)
                0x00004494                USBUART_ReInitComponent
 .text.USBUART_GetConfiguration
                0x000044f8        0xc .\CortexM3\ARM_GCC_493\Debug\freesoc.a(USBUART.o)
                0x000044f8                USBUART_GetConfiguration
 .text.USBUART_IsConfigurationChanged
                0x00004504       0x20 .\CortexM3\ARM_GCC_493\Debug\freesoc.a(USBUART.o)
                0x00004504                USBUART_IsConfigurationChanged
 .text.USBUART_GetEPState
                0x00004524       0x14 .\CortexM3\ARM_GCC_493\Debug\freesoc.a(USBUART.o)
                0x00004524                USBUART_GetEPState
 .text.USBUART_GetEPCount
                0x00004538       0x28 .\CortexM3\ARM_GCC_493\Debug\freesoc.a(USBUART.o)
                0x00004538                USBUART_GetEPCount
 .text.USBUART_LoadInEP
                0x00004560       0x94 .\CortexM3\ARM_GCC_493\Debug\freesoc.a(USBUART.o)
                0x00004560                USBUART_LoadInEP
 .text.USBUART_EnableOutEP
                0x000045f4       0x2c .\CortexM3\ARM_GCC_493\Debug\freesoc.a(USBUART.o)
                0x000045f4                USBUART_EnableOutEP
 .text.USBUART_ReadOutEP
                0x00004620       0x50 .\CortexM3\ARM_GCC_493\Debug\freesoc.a(USBUART.o)
                0x00004620                USBUART_ReadOutEP
 .text.USBUART_StrLen
                0x00004670       0x14 .\CortexM3\ARM_GCC_493\Debug\freesoc.a(USBUART_cdc.o)
 .text.USBUART_GetInterfaceComPort
                0x00004684       0x3c .\CortexM3\ARM_GCC_493\Debug\freesoc.a(USBUART_cdc.o)
                0x00004684                USBUART_GetInterfaceComPort
 .text.USBUART_DispatchCDCClassRqst
                0x000046c0       0x98 .\CortexM3\ARM_GCC_493\Debug\freesoc.a(USBUART_cdc.o)
                0x000046c0                USBUART_DispatchCDCClassRqst
 .text.USBUART_CDC_Init
                0x00004758       0x98 .\CortexM3\ARM_GCC_493\Debug\freesoc.a(USBUART_cdc.o)
                0x00004758                USBUART_CDC_Init
 .text.USBUART_PutString
                0x000047f0       0x9c .\CortexM3\ARM_GCC_493\Debug\freesoc.a(USBUART_cdc.o)
                0x000047f0                USBUART_PutString
 .text.USBUART_PutChar
                0x0000488c       0x28 .\CortexM3\ARM_GCC_493\Debug\freesoc.a(USBUART_cdc.o)
                0x0000488c                USBUART_PutChar
 .text.USBUART_DataIsReady
                0x000048b4       0x18 .\CortexM3\ARM_GCC_493\Debug\freesoc.a(USBUART_cdc.o)
                0x000048b4                USBUART_DataIsReady
 .text.USBUART_CDCIsReady
                0x000048cc       0x18 .\CortexM3\ARM_GCC_493\Debug\freesoc.a(USBUART_cdc.o)
                0x000048cc                USBUART_CDCIsReady
 .text.USBUART_GetChar
                0x000048e4       0x28 .\CortexM3\ARM_GCC_493\Debug\freesoc.a(USBUART_cdc.o)
                0x000048e4                USBUART_GetChar
 .text.USBUART_Cdc_EpInit
                0x0000490c       0x50 .\CortexM3\ARM_GCC_493\Debug\freesoc.a(USBUART_cdc.o)
                0x0000490c                USBUART_Cdc_EpInit
 .text.USBUART_LoadEP0
                0x0000495c       0x94 .\CortexM3\ARM_GCC_493\Debug\freesoc.a(USBUART_drv.o)
                0x0000495c                USBUART_LoadEP0
 .text.USBUART_InitZeroLengthControlTransfer
                0x000049f0       0x34 .\CortexM3\ARM_GCC_493\Debug\freesoc.a(USBUART_drv.o)
                0x000049f0                USBUART_InitZeroLengthControlTransfer
 .text.USBUART_ControlReadDataStage
                0x00004a24        0x8 .\CortexM3\ARM_GCC_493\Debug\freesoc.a(USBUART_drv.o)
                0x00004a24                USBUART_ControlReadDataStage
 .text.USBUART_ControlWriteDataStage
                0x00004a2c       0x80 .\CortexM3\ARM_GCC_493\Debug\freesoc.a(USBUART_drv.o)
                0x00004a2c                USBUART_ControlWriteDataStage
 .text.USBUART_InitNoDataControlTransfer
                0x00004aac       0x2c .\CortexM3\ARM_GCC_493\Debug\freesoc.a(USBUART_drv.o)
                0x00004aac                USBUART_InitNoDataControlTransfer
 .text.USBUART_UpdateStatusBlock
                0x00004ad8       0x24 .\CortexM3\ARM_GCC_493\Debug\freesoc.a(USBUART_drv.o)
                0x00004ad8                USBUART_UpdateStatusBlock
 .text.USBUART_HandleSetup
                0x00004afc       0x5c .\CortexM3\ARM_GCC_493\Debug\freesoc.a(USBUART_drv.o)
                0x00004afc                USBUART_HandleSetup
 .text.USBUART_ControlReadStatusStage
                0x00004b58       0x34 .\CortexM3\ARM_GCC_493\Debug\freesoc.a(USBUART_drv.o)
                0x00004b58                USBUART_ControlReadStatusStage
 .text.USBUART_HandleOUT
                0x00004b8c       0x38 .\CortexM3\ARM_GCC_493\Debug\freesoc.a(USBUART_drv.o)
                0x00004b8c                USBUART_HandleOUT
 .text.USBUART_ControlWriteStatusStage
                0x00004bc4       0x20 .\CortexM3\ARM_GCC_493\Debug\freesoc.a(USBUART_drv.o)
                0x00004bc4                USBUART_ControlWriteStatusStage
 .text.USBUART_NoDataControlStatusStage
                0x00004be4       0x40 .\CortexM3\ARM_GCC_493\Debug\freesoc.a(USBUART_drv.o)
                0x00004be4                USBUART_NoDataControlStatusStage
 .text.USBUART_HandleIN
                0x00004c24       0x2c .\CortexM3\ARM_GCC_493\Debug\freesoc.a(USBUART_drv.o)
                0x00004c24                USBUART_HandleIN
 .text.USBUART_EP_0_ISR
                0x00004c50       0xb8 .\CortexM3\ARM_GCC_493\Debug\freesoc.a(USBUART_drv.o)
                0x00004c50                USBUART_EP_0_ISR
 .text.USBUART_InitializeStatusBlock
                0x00004d08       0x24 .\CortexM3\ARM_GCC_493\Debug\freesoc.a(USBUART_drv.o)
                0x00004d08                USBUART_InitializeStatusBlock
 .text.USBUART_InitControlRead
                0x00004d2c       0x50 .\CortexM3\ARM_GCC_493\Debug\freesoc.a(USBUART_drv.o)
                0x00004d2c                USBUART_InitControlRead
 .text.USBUART_InitControlWrite
                0x00004d7c       0x48 .\CortexM3\ARM_GCC_493\Debug\freesoc.a(USBUART_drv.o)
                0x00004d7c                USBUART_InitControlWrite
 .text.USBUART_EP_1_ISR
                0x00004dc4       0x38 .\CortexM3\ARM_GCC_493\Debug\freesoc.a(USBUART_episr.o)
                0x00004dc4                USBUART_EP_1_ISR
 .text.USBUART_EP_2_ISR
                0x00004dfc       0x3c .\CortexM3\ARM_GCC_493\Debug\freesoc.a(USBUART_episr.o)
                0x00004dfc                USBUART_EP_2_ISR
 .text.USBUART_EP_3_ISR
                0x00004e38       0x44 .\CortexM3\ARM_GCC_493\Debug\freesoc.a(USBUART_episr.o)
                0x00004e38                USBUART_EP_3_ISR
 .text.USBUART_SOF_ISR
                0x00004e7c        0x4 .\CortexM3\ARM_GCC_493\Debug\freesoc.a(USBUART_episr.o)
                0x00004e7c                USBUART_SOF_ISR
 .text.USBUART_BUS_RESET_ISR
                0x00004e80        0x8 .\CortexM3\ARM_GCC_493\Debug\freesoc.a(USBUART_episr.o)
                0x00004e80                USBUART_BUS_RESET_ISR
 .text.USBUART_FindHidClassDecriptor
                0x00004e88       0x40 .\CortexM3\ARM_GCC_493\Debug\freesoc.a(USBUART_hid.o)
                0x00004e88                USBUART_FindHidClassDecriptor
 .text.USBUART_FindReportDescriptor
                0x00004ec8       0x48 .\CortexM3\ARM_GCC_493\Debug\freesoc.a(USBUART_hid.o)
                0x00004ec8                USBUART_FindReportDescriptor
 .text.USBUART_FindReport
                0x00004f10       0x7c .\CortexM3\ARM_GCC_493\Debug\freesoc.a(USBUART_hid.o)
                0x00004f10                USBUART_FindReport
 .text.USBUART_DispatchHIDClassRqst
                0x00004f8c      0x184 .\CortexM3\ARM_GCC_493\Debug\freesoc.a(USBUART_hid.o)
                0x00004f8c                USBUART_DispatchHIDClassRqst
 .text.USBUART_DP_ISR
                0x00005110        0x8 .\CortexM3\ARM_GCC_493\Debug\freesoc.a(USBUART_pm.o)
                0x00005110                USBUART_DP_ISR
 .text.USBUART_ReadDieID
                0x00005118       0x6c .\CortexM3\ARM_GCC_493\Debug\freesoc.a(USBUART_std.o)
                0x00005118                USBUART_ReadDieID
 .text.USBUART_ConfigReg
                0x00005184       0xa4 .\CortexM3\ARM_GCC_493\Debug\freesoc.a(USBUART_std.o)
                0x00005184                USBUART_ConfigReg
 .text.USBUART_GetConfigTablePtr
                0x00005228       0x28 .\CortexM3\ARM_GCC_493\Debug\freesoc.a(USBUART_std.o)
                0x00005228                USBUART_GetConfigTablePtr
 .text.USBUART_ConfigAltChanged
                0x00005250      0x11c .\CortexM3\ARM_GCC_493\Debug\freesoc.a(USBUART_std.o)
                0x00005250                USBUART_ConfigAltChanged
 .text.USBUART_GetDeviceTablePtr
                0x0000536c       0x18 .\CortexM3\ARM_GCC_493\Debug\freesoc.a(USBUART_std.o)
                0x0000536c                USBUART_GetDeviceTablePtr
 .text.USBUART_GetInterfaceClassTablePtr
                0x00005384       0x24 .\CortexM3\ARM_GCC_493\Debug\freesoc.a(USBUART_std.o)
                0x00005384                USBUART_GetInterfaceClassTablePtr
 .text.USBUART_Config
                0x000053a8      0x1dc .\CortexM3\ARM_GCC_493\Debug\freesoc.a(USBUART_std.o)
                0x000053a8                USBUART_Config
 .text.USBUART_SetEndpointHalt
                0x00005584       0x64 .\CortexM3\ARM_GCC_493\Debug\freesoc.a(USBUART_std.o)
                0x00005584                USBUART_SetEndpointHalt
 .text.USBUART_ClearEndpointHalt
                0x000055e8       0xa8 .\CortexM3\ARM_GCC_493\Debug\freesoc.a(USBUART_std.o)
                0x000055e8                USBUART_ClearEndpointHalt
 .text.USBUART_ValidateAlternateSetting
                0x00005690       0x4c .\CortexM3\ARM_GCC_493\Debug\freesoc.a(USBUART_std.o)
                0x00005690                USBUART_ValidateAlternateSetting
 .text.USBUART_HandleStandardRqst
                0x000056dc      0x35c .\CortexM3\ARM_GCC_493\Debug\freesoc.a(USBUART_std.o)
                0x000056dc                USBUART_HandleStandardRqst
 .text.USBUART_HandleVendorRqst
                0x00005a38       0x3c .\CortexM3\ARM_GCC_493\Debug\freesoc.a(USBUART_vnd.o)
                0x00005a38                USBUART_HandleVendorRqst
 .text.USBUART_Dp_ClearInterrupt
                0x00005a74       0x10 .\CortexM3\ARM_GCC_493\Debug\freesoc.a(USBUART_Dp.o)
                0x00005a74                USBUART_Dp_ClearInterrupt
 .text.SPIM_EnableRxInt
                0x00005a84        0xc .\CortexM3\ARM_GCC_493\Debug\freesoc.a(SPIM.o)
                0x00005a84                SPIM_EnableRxInt
 .text.SPIM_Enable
                0x00005a90       0x34 .\CortexM3\ARM_GCC_493\Debug\freesoc.a(SPIM.o)
                0x00005a90                SPIM_Enable
 .text.SPIM_DisableRxInt
                0x00005ac4        0xc .\CortexM3\ARM_GCC_493\Debug\freesoc.a(SPIM.o)
                0x00005ac4                SPIM_DisableRxInt
 .text.SPIM_ReadTxStatus
                0x00005ad0        0xc .\CortexM3\ARM_GCC_493\Debug\freesoc.a(SPIM.o)
                0x00005ad0                SPIM_ReadTxStatus
 .text.SPIM_ReadRxStatus
                0x00005adc       0x28 .\CortexM3\ARM_GCC_493\Debug\freesoc.a(SPIM.o)
                0x00005adc                SPIM_ReadRxStatus
 .text.SPIM_WriteTxData
                0x00005b04       0x18 .\CortexM3\ARM_GCC_493\Debug\freesoc.a(SPIM.o)
                0x00005b04                SPIM_WriteTxData
 .text.SPIM_ReadRxData
                0x00005b1c       0x64 .\CortexM3\ARM_GCC_493\Debug\freesoc.a(SPIM.o)
                0x00005b1c                SPIM_ReadRxData
 .text.SPIM_GetRxBufferSize
                0x00005b80       0x54 .\CortexM3\ARM_GCC_493\Debug\freesoc.a(SPIM.o)
                0x00005b80                SPIM_GetRxBufferSize
 .text.SPIM_ClearRxBuffer
                0x00005bd4       0x40 .\CortexM3\ARM_GCC_493\Debug\freesoc.a(SPIM.o)
                0x00005bd4                SPIM_ClearRxBuffer
 .text.SPIM_ClearTxBuffer
                0x00005c14       0x24 .\CortexM3\ARM_GCC_493\Debug\freesoc.a(SPIM.o)
                0x00005c14                SPIM_ClearTxBuffer
 .text.SPIM_PutArray
                0x00005c38       0x20 .\CortexM3\ARM_GCC_493\Debug\freesoc.a(SPIM.o)
                0x00005c38                SPIM_PutArray
 .text.SPIM_ClearFIFO
                0x00005c58       0x3c .\CortexM3\ARM_GCC_493\Debug\freesoc.a(SPIM.o)
                0x00005c58                SPIM_ClearFIFO
 .text.SPIM_Init
                0x00005c94       0x64 .\CortexM3\ARM_GCC_493\Debug\freesoc.a(SPIM.o)
                0x00005c94                SPIM_Init
 .text.SPIM_Start
                0x00005cf8       0x1c .\CortexM3\ARM_GCC_493\Debug\freesoc.a(SPIM.o)
                0x00005cf8                SPIM_Start
 .text.SPIM_RX_ISR
                0x00005d14       0xa0 .\CortexM3\ARM_GCC_493\Debug\freesoc.a(SPIM_INT.o)
                0x00005d14                SPIM_RX_ISR
 .text.Slave_Select_Write
                0x00005db4        0xc .\CortexM3\ARM_GCC_493\Debug\freesoc.a(Slave_Select.o)
                0x00005db4                Slave_Select_Write
 .text.CyFlashGetSpcAlgorithm
                0x00005dc0       0x4c .\CortexM3\ARM_GCC_493\Debug\freesoc.a(CyFlash.o)
 .text.CySetTempInt
                0x00005e0c       0x60 .\CortexM3\ARM_GCC_493\Debug\freesoc.a(CyFlash.o)
 .text.CySetTemp
                0x00005e6c       0x14 .\CortexM3\ARM_GCC_493\Debug\freesoc.a(CyFlash.o)
                0x00005e6c                CySetTemp
 .text.CyEEPROM_Start
                0x00005e80       0x54 .\CortexM3\ARM_GCC_493\Debug\freesoc.a(CyFlash.o)
                0x00005e80                CyEEPROM_Start
 .text.CySpcStart
                0x00005ed4       0x24 .\CortexM3\ARM_GCC_493\Debug\freesoc.a(CySpc.o)
                0x00005ed4                CySpcStart
 .text.CySpcReadData
                0x00005ef8       0x34 .\CortexM3\ARM_GCC_493\Debug\freesoc.a(CySpc.o)
                0x00005ef8                CySpcReadData
 .text.CySpcLoadMultiByte
                0x00005f2c       0x78 .\CortexM3\ARM_GCC_493\Debug\freesoc.a(CySpc.o)
                0x00005f2c                CySpcLoadMultiByte
 .text.CySpcLoadRow
                0x00005fa4       0x54 .\CortexM3\ARM_GCC_493\Debug\freesoc.a(CySpc.o)
                0x00005fa4                CySpcLoadRow
 .text.CySpcWriteRow
                0x00005ff8       0x4c .\CortexM3\ARM_GCC_493\Debug\freesoc.a(CySpc.o)
                0x00005ff8                CySpcWriteRow
 .text.CySpcGetTemp
                0x00006044       0x3c .\CortexM3\ARM_GCC_493\Debug\freesoc.a(CySpc.o)
                0x00006044                CySpcGetTemp
 .text.CySpcLock
                0x00006080       0x4c .\CortexM3\ARM_GCC_493\Debug\freesoc.a(CySpc.o)
                0x00006080                CySpcLock
 .text.CySpcUnlock
                0x000060cc       0x38 .\CortexM3\ARM_GCC_493\Debug\freesoc.a(CySpc.o)
                0x000060cc                CySpcUnlock
 .text.CySpcGetAlgorithm
                0x00006104       0x28 .\CortexM3\ARM_GCC_493\Debug\freesoc.a(CySpc.o)
                0x00006104                CySpcGetAlgorithm
 .text.USBUART_DispatchClassRqst
                0x0000612c       0x60 .\CortexM3\ARM_GCC_493\Debug\freesoc.a(USBUART_cls.o)
                0x0000612c                USBUART_DispatchClassRqst
 .text.__fpclassifyf
                0x0000618c       0x34 c:/program files (x86)/cypress/psoc creator/3.3/psoc creator/import/gnu/arm/4.9.3/bin/../lib/gcc/arm-none-eabi/4.9.3/../../../../arm-none-eabi/lib/armv7-m\libm.a(lib_a-sf_fpclassify.o)
                0x0000618c                __fpclassifyf
 .text.pow      0x000061c0      0x2f0 c:/program files (x86)/cypress/psoc creator/3.3/psoc creator/import/gnu/arm/4.9.3/bin/../lib/gcc/arm-none-eabi/4.9.3/../../../../arm-none-eabi/lib/armv7-m\libm.a(lib_a-w_pow.o)
                0x000061c0                pow
 .text.__ieee754_pow
                0x000064b0      0xaa0 c:/program files (x86)/cypress/psoc creator/3.3/psoc creator/import/gnu/arm/4.9.3/bin/../lib/gcc/arm-none-eabi/4.9.3/../../../../arm-none-eabi/lib/armv7-m\libm.a(lib_a-e_pow.o)
                0x000064b0                __ieee754_pow
 .text.__ieee754_sqrt
                0x00006f50      0x18c c:/program files (x86)/cypress/psoc creator/3.3/psoc creator/import/gnu/arm/4.9.3/bin/../lib/gcc/arm-none-eabi/4.9.3/../../../../arm-none-eabi/lib/armv7-m\libm.a(lib_a-e_sqrt.o)
                0x00006f50                __ieee754_sqrt
 .text.fabs     0x000070dc        0x8 c:/program files (x86)/cypress/psoc creator/3.3/psoc creator/import/gnu/arm/4.9.3/bin/../lib/gcc/arm-none-eabi/4.9.3/../../../../arm-none-eabi/lib/armv7-m\libm.a(lib_a-s_fabs.o)
                0x000070dc                fabs
 .text.finite   0x000070e4        0xc c:/program files (x86)/cypress/psoc creator/3.3/psoc creator/import/gnu/arm/4.9.3/bin/../lib/gcc/arm-none-eabi/4.9.3/../../../../arm-none-eabi/lib/armv7-m\libm.a(lib_a-s_finite.o)
                0x000070e4                finite
 .text.__fpclassifyd
                0x000070f0       0x58 c:/program files (x86)/cypress/psoc creator/3.3/psoc creator/import/gnu/arm/4.9.3/bin/../lib/gcc/arm-none-eabi/4.9.3/../../../../arm-none-eabi/lib/armv7-m\libm.a(lib_a-s_fpclassify.o)
                0x000070f0                __fpclassifyd
 .text.matherr  0x00007148        0x4 c:/program files (x86)/cypress/psoc creator/3.3/psoc creator/import/gnu/arm/4.9.3/bin/../lib/gcc/arm-none-eabi/4.9.3/../../../../arm-none-eabi/lib/armv7-m\libm.a(lib_a-s_matherr.o)
                0x00007148                matherr
 .text.nan      0x0000714c        0xc c:/program files (x86)/cypress/psoc creator/3.3/psoc creator/import/gnu/arm/4.9.3/bin/../lib/gcc/arm-none-eabi/4.9.3/../../../../arm-none-eabi/lib/armv7-m\libm.a(lib_a-s_nan.o)
                0x0000714c                nan
 .text.rint     0x00007158      0x11c c:/program files (x86)/cypress/psoc creator/3.3/psoc creator/import/gnu/arm/4.9.3/bin/../lib/gcc/arm-none-eabi/4.9.3/../../../../arm-none-eabi/lib/armv7-m\libm.a(lib_a-s_rint.o)
                0x00007158                rint
 *fill*         0x00007274        0x4 
 .text.scalbn   0x00007278       0xf0 c:/program files (x86)/cypress/psoc creator/3.3/psoc creator/import/gnu/arm/4.9.3/bin/../lib/gcc/arm-none-eabi/4.9.3/../../../../arm-none-eabi/lib/armv7-m\libm.a(lib_a-s_scalbn.o)
                0x00007278                scalbn
 .text.copysign
                0x00007368       0x10 c:/program files (x86)/cypress/psoc creator/3.3/psoc creator/import/gnu/arm/4.9.3/bin/../lib/gcc/arm-none-eabi/4.9.3/../../../../arm-none-eabi/lib/armv7-m\libm.a(lib_a-s_copysign.o)
                0x00007368                copysign
 .text          0x00007378      0x370 c:/program files (x86)/cypress/psoc creator/3.3/psoc creator/import/gnu/arm/4.9.3/bin/../lib/gcc/arm-none-eabi/4.9.3/armv7-m\libgcc.a(_arm_addsubdf3.o)
                0x00007378                __aeabi_drsub
                0x00007380                __aeabi_dsub
                0x00007380                __subdf3
                0x00007384                __aeabi_dadd
                0x00007384                __adddf3
                0x000075fc                __floatunsidf
                0x000075fc                __aeabi_ui2d
                0x0000761c                __floatsidf
                0x0000761c                __aeabi_i2d
                0x00007640                __aeabi_f2d
                0x00007640                __extendsfdf2
                0x0000767c                __floatundidf
                0x0000767c                __aeabi_ul2d
                0x0000768c                __floatdidf
                0x0000768c                __aeabi_l2d
 .text          0x000076e8      0x424 c:/program files (x86)/cypress/psoc creator/3.3/psoc creator/import/gnu/arm/4.9.3/bin/../lib/gcc/arm-none-eabi/4.9.3/armv7-m\libgcc.a(_arm_muldivdf3.o)
                0x000076e8                __aeabi_dmul
                0x000076e8                __muldf3
                0x0000793c                __divdf3
                0x0000793c                __aeabi_ddiv
 .text          0x00007b0c      0x110 c:/program files (x86)/cypress/psoc creator/3.3/psoc creator/import/gnu/arm/4.9.3/bin/../lib/gcc/arm-none-eabi/4.9.3/armv7-m\libgcc.a(_arm_cmpdf2.o)
                0x00007b0c                __gtdf2
                0x00007b0c                __gedf2
                0x00007b14                __ltdf2
                0x00007b14                __ledf2
                0x00007b1c                __nedf2
                0x00007b1c                __eqdf2
                0x00007b1c                __cmpdf2
                0x00007b98                __aeabi_cdrcmple
                0x00007ba8                __aeabi_cdcmpeq
                0x00007ba8                __aeabi_cdcmple
                0x00007bb8                __aeabi_dcmpeq
                0x00007bcc                __aeabi_dcmplt
                0x00007be0                __aeabi_dcmple
                0x00007bf4                __aeabi_dcmpge
                0x00007c08                __aeabi_dcmpgt
 .text          0x00007c1c       0x50 c:/program files (x86)/cypress/psoc creator/3.3/psoc creator/import/gnu/arm/4.9.3/bin/../lib/gcc/arm-none-eabi/4.9.3/armv7-m\libgcc.a(_arm_fixdfsi.o)
                0x00007c1c                __aeabi_d2iz
                0x00007c1c                __fixdfsi
 .text          0x00007c6c       0xa0 c:/program files (x86)/cypress/psoc creator/3.3/psoc creator/import/gnu/arm/4.9.3/bin/../lib/gcc/arm-none-eabi/4.9.3/armv7-m\libgcc.a(_arm_truncdfsf2.o)
                0x00007c6c                __truncdfsf2
                0x00007c6c                __aeabi_d2f
 .text          0x00007d0c      0x21c c:/program files (x86)/cypress/psoc creator/3.3/psoc creator/import/gnu/arm/4.9.3/bin/../lib/gcc/arm-none-eabi/4.9.3/armv7-m\libgcc.a(_arm_addsubsf3.o)
                0x00007d0c                __aeabi_frsub
                0x00007d14                __subsf3
                0x00007d14                __aeabi_fsub
                0x00007d18                __aeabi_fadd
                0x00007d18                __addsf3
                0x00007e78                __aeabi_ui2f
                0x00007e78                __floatunsisf
                0x00007e80                __aeabi_i2f
                0x00007e80                __floatsisf
                0x00007e9c                __aeabi_ul2f
                0x00007e9c                __floatundisf
                0x00007eac                __aeabi_l2f
                0x00007eac                __floatdisf
 .text          0x00007f28      0x2a0 c:/program files (x86)/cypress/psoc creator/3.3/psoc creator/import/gnu/arm/4.9.3/bin/../lib/gcc/arm-none-eabi/4.9.3/armv7-m\libgcc.a(_arm_muldivsf3.o)
                0x00007f28                __mulsf3
                0x00007f28                __aeabi_fmul
                0x00008090                __aeabi_fdiv
                0x00008090                __divsf3
 .text          0x000081c8       0xec c:/program files (x86)/cypress/psoc creator/3.3/psoc creator/import/gnu/arm/4.9.3/bin/../lib/gcc/arm-none-eabi/4.9.3/armv7-m\libgcc.a(_arm_cmpsf2.o)
                0x000081c8                __gesf2
                0x000081c8                __gtsf2
                0x000081d0                __lesf2
                0x000081d0                __ltsf2
                0x000081d8                __nesf2
                0x000081d8                __eqsf2
                0x000081d8                __cmpsf2
                0x00008238                __aeabi_cfrcmple
                0x00008240                __aeabi_cfcmpeq
                0x00008240                __aeabi_cfcmple
                0x00008250                __aeabi_fcmpeq
                0x00008264                __aeabi_fcmplt
                0x00008278                __aeabi_fcmple
                0x0000828c                __aeabi_fcmpge
                0x000082a0                __aeabi_fcmpgt
 .text          0x000082b4       0x4c c:/program files (x86)/cypress/psoc creator/3.3/psoc creator/import/gnu/arm/4.9.3/bin/../lib/gcc/arm-none-eabi/4.9.3/armv7-m\libgcc.a(_arm_fixsfsi.o)
                0x000082b4                __aeabi_f2iz
                0x000082b4                __fixsfsi
 .text.__assert_func
                0x00008300       0x38 c:/program files (x86)/cypress/psoc creator/3.3/psoc creator/import/gnu/arm/4.9.3/bin/../lib/gcc/arm-none-eabi/4.9.3/../../../../arm-none-eabi/lib/armv7-m\libg_nano.a(lib_a-assert.o)
                0x00008300                __assert_func
 .text.atof     0x00008338        0x6 c:/program files (x86)/cypress/psoc creator/3.3/psoc creator/import/gnu/arm/4.9.3/bin/../lib/gcc/arm-none-eabi/4.9.3/../../../../arm-none-eabi/lib/armv7-m\libg_nano.a(lib_a-atof.o)
                0x00008338                atof
 *fill*         0x0000833e        0x2 
 .text.__errno  0x00008340        0xc c:/program files (x86)/cypress/psoc creator/3.3/psoc creator/import/gnu/arm/4.9.3/bin/../lib/gcc/arm-none-eabi/4.9.3/../../../../arm-none-eabi/lib/armv7-m\libg_nano.a(lib_a-errno.o)
                0x00008340                __errno
 .text.fprintf  0x0000834c       0x24 c:/program files (x86)/cypress/psoc creator/3.3/psoc creator/import/gnu/arm/4.9.3/bin/../lib/gcc/arm-none-eabi/4.9.3/../../../../arm-none-eabi/lib/armv7-m\libg_nano.a(lib_a-fprintf.o)
                0x0000834c                fiprintf
                0x0000834c                fprintf
 .text.__libc_init_array
                0x00008370       0x4c c:/program files (x86)/cypress/psoc creator/3.3/psoc creator/import/gnu/arm/4.9.3/bin/../lib/gcc/arm-none-eabi/4.9.3/../../../../arm-none-eabi/lib/armv7-m\libg_nano.a(lib_a-init.o)
                0x00008370                __libc_init_array
 .text.__itoa   0x000083bc       0x2e c:/program files (x86)/cypress/psoc creator/3.3/psoc creator/import/gnu/arm/4.9.3/bin/../lib/gcc/arm-none-eabi/4.9.3/../../../../arm-none-eabi/lib/armv7-m\libg_nano.a(lib_a-itoa.o)
                0x000083bc                __itoa
 .text.itoa     0x000083ea        0x4 c:/program files (x86)/cypress/psoc creator/3.3/psoc creator/import/gnu/arm/4.9.3/bin/../lib/gcc/arm-none-eabi/4.9.3/../../../../arm-none-eabi/lib/armv7-m\libg_nano.a(lib_a-itoa.o)
                0x000083ea                itoa
 .text.memcpy   0x000083ee       0x16 c:/program files (x86)/cypress/psoc creator/3.3/psoc creator/import/gnu/arm/4.9.3/bin/../lib/gcc/arm-none-eabi/4.9.3/../../../../arm-none-eabi/lib/armv7-m\libg_nano.a(lib_a-memcpy.o)
                0x000083ee                memcpy
 .text.memset   0x00008404       0x10 c:/program files (x86)/cypress/psoc creator/3.3/psoc creator/import/gnu/arm/4.9.3/bin/../lib/gcc/arm-none-eabi/4.9.3/../../../../arm-none-eabi/lib/armv7-m\libg_nano.a(lib_a-memset.o)
                0x00008404                memset
 .text.__sfputc_r
                0x00008414       0x2c c:/program files (x86)/cypress/psoc creator/3.3/psoc creator/import/gnu/arm/4.9.3/bin/../lib/gcc/arm-none-eabi/4.9.3/../../../../arm-none-eabi/lib/armv7-m\libg_nano.a(lib_a-nano-vfprintf.o)
 .text.__sfputs_r
                0x00008440       0x24 c:/program files (x86)/cypress/psoc creator/3.3/psoc creator/import/gnu/arm/4.9.3/bin/../lib/gcc/arm-none-eabi/4.9.3/../../../../arm-none-eabi/lib/armv7-m\libg_nano.a(lib_a-nano-vfprintf.o)
                0x00008440                __sfputs_r
 .text._vfprintf_r
                0x00008464      0x210 c:/program files (x86)/cypress/psoc creator/3.3/psoc creator/import/gnu/arm/4.9.3/bin/../lib/gcc/arm-none-eabi/4.9.3/../../../../arm-none-eabi/lib/armv7-m\libg_nano.a(lib_a-nano-vfprintf.o)
                0x00008464                _vfprintf_r
                0x00008464                _vfiprintf_r
 .text.__cvt    0x00008674       0xbc c:/program files (x86)/cypress/psoc creator/3.3/psoc creator/import/gnu/arm/4.9.3/bin/../lib/gcc/arm-none-eabi/4.9.3/../../../../arm-none-eabi/lib/armv7-m\libg_nano.a(lib_a-nano-vfprintf_float.o)
                0x00008674                __cvt
 .text.__exponent
                0x00008730       0x62 c:/program files (x86)/cypress/psoc creator/3.3/psoc creator/import/gnu/arm/4.9.3/bin/../lib/gcc/arm-none-eabi/4.9.3/../../../../arm-none-eabi/lib/armv7-m\libg_nano.a(lib_a-nano-vfprintf_float.o)
                0x00008730                __exponent
 *fill*         0x00008792        0x2 
 .text._printf_float
                0x00008794      0x48c c:/program files (x86)/cypress/psoc creator/3.3/psoc creator/import/gnu/arm/4.9.3/bin/../lib/gcc/arm-none-eabi/4.9.3/../../../../arm-none-eabi/lib/armv7-m\libg_nano.a(lib_a-nano-vfprintf_float.o)
                0x00008794                _printf_float
 .text._printf_common
                0x00008c20       0xea c:/program files (x86)/cypress/psoc creator/3.3/psoc creator/import/gnu/arm/4.9.3/bin/../lib/gcc/arm-none-eabi/4.9.3/../../../../arm-none-eabi/lib/armv7-m\libg_nano.a(lib_a-nano-vfprintf_i.o)
                0x00008c20                _printf_common
 *fill*         0x00008d0a        0x2 
 .text._printf_i
                0x00008d0c      0x240 c:/program files (x86)/cypress/psoc creator/3.3/psoc creator/import/gnu/arm/4.9.3/bin/../lib/gcc/arm-none-eabi/4.9.3/../../../../arm-none-eabi/lib/armv7-m\libg_nano.a(lib_a-nano-vfprintf_i.o)
                0x00008d0c                _printf_i
 .text.snprintf
                0x00008f4c       0x64 c:/program files (x86)/cypress/psoc creator/3.3/psoc creator/import/gnu/arm/4.9.3/bin/../lib/gcc/arm-none-eabi/4.9.3/../../../../arm-none-eabi/lib/armv7-m\libg_nano.a(lib_a-snprintf.o)
                0x00008f4c                sniprintf
                0x00008f4c                snprintf
 .text.sprintf  0x00008fb0       0x48 c:/program files (x86)/cypress/psoc creator/3.3/psoc creator/import/gnu/arm/4.9.3/bin/../lib/gcc/arm-none-eabi/4.9.3/../../../../arm-none-eabi/lib/armv7-m\libg_nano.a(lib_a-sprintf.o)
                0x00008fb0                siprintf
                0x00008fb0                sprintf
 .text.strlen   0x00008ff8       0x10 c:/program files (x86)/cypress/psoc creator/3.3/psoc creator/import/gnu/arm/4.9.3/bin/../lib/gcc/arm-none-eabi/4.9.3/../../../../arm-none-eabi/lib/armv7-m\libg_nano.a(lib_a-strlen.o)
                0x00008ff8                strlen
 .text.match    0x00009008       0x26 c:/program files (x86)/cypress/psoc creator/3.3/psoc creator/import/gnu/arm/4.9.3/bin/../lib/gcc/arm-none-eabi/4.9.3/../../../../arm-none-eabi/lib/armv7-m\libg_nano.a(lib_a-strtod.o)
 .text.sulp     0x0000902e       0x42 c:/program files (x86)/cypress/psoc creator/3.3/psoc creator/import/gnu/arm/4.9.3/bin/../lib/gcc/arm-none-eabi/4.9.3/../../../../arm-none-eabi/lib/armv7-m\libg_nano.a(lib_a-strtod.o)
 .text._strtod_r
                0x00009070      0xc40 c:/program files (x86)/cypress/psoc creator/3.3/psoc creator/import/gnu/arm/4.9.3/bin/../lib/gcc/arm-none-eabi/4.9.3/../../../../arm-none-eabi/lib/armv7-m\libg_nano.a(lib_a-strtod.o)
                0x00009070                _strtod_r
 .text.strtod   0x00009cb0       0x14 c:/program files (x86)/cypress/psoc creator/3.3/psoc creator/import/gnu/arm/4.9.3/bin/../lib/gcc/arm-none-eabi/4.9.3/../../../../arm-none-eabi/lib/armv7-m\libg_nano.a(lib_a-strtod.o)
                0x00009cb0                strtod
 .text.__utoa   0x00009cc4       0x78 c:/program files (x86)/cypress/psoc creator/3.3/psoc creator/import/gnu/arm/4.9.3/bin/../lib/gcc/arm-none-eabi/4.9.3/../../../../arm-none-eabi/lib/armv7-m\libg_nano.a(lib_a-utoa.o)
                0x00009cc4                __utoa
 .text.__swbuf_r
                0x00009d3c       0xa8 c:/program files (x86)/cypress/psoc creator/3.3/psoc creator/import/gnu/arm/4.9.3/bin/../lib/gcc/arm-none-eabi/4.9.3/../../../../arm-none-eabi/lib/armv7-m\libg_nano.a(lib_a-wbuf.o)
                0x00009d3c                __swbuf_r
 .text.__swsetup_r
                0x00009de4       0xd8 c:/program files (x86)/cypress/psoc creator/3.3/psoc creator/import/gnu/arm/4.9.3/bin/../lib/gcc/arm-none-eabi/4.9.3/../../../../arm-none-eabi/lib/armv7-m\libg_nano.a(lib_a-wsetup.o)
                0x00009de4                __swsetup_r
 .text.abort    0x00009ebc        0xe c:/program files (x86)/cypress/psoc creator/3.3/psoc creator/import/gnu/arm/4.9.3/bin/../lib/gcc/arm-none-eabi/4.9.3/../../../../arm-none-eabi/lib/armv7-m\libg_nano.a(lib_a-abort.o)
                0x00009ebc                abort
 .text.quorem   0x00009eca      0x114 c:/program files (x86)/cypress/psoc creator/3.3/psoc creator/import/gnu/arm/4.9.3/bin/../lib/gcc/arm-none-eabi/4.9.3/../../../../arm-none-eabi/lib/armv7-m\libg_nano.a(lib_a-dtoa.o)
 *fill*         0x00009fde        0x2 
 .text._dtoa_r  0x00009fe0      0xb78 c:/program files (x86)/cypress/psoc creator/3.3/psoc creator/import/gnu/arm/4.9.3/bin/../lib/gcc/arm-none-eabi/4.9.3/../../../../arm-none-eabi/lib/armv7-m\libg_nano.a(lib_a-dtoa.o)
                0x00009fe0                _dtoa_r
 .text.__sflush_r
                0x0000ab58      0x106 c:/program files (x86)/cypress/psoc creator/3.3/psoc creator/import/gnu/arm/4.9.3/bin/../lib/gcc/arm-none-eabi/4.9.3/../../../../arm-none-eabi/lib/armv7-m\libg_nano.a(lib_a-fflush.o)
                0x0000ab58                __sflush_r
 *fill*         0x0000ac5e        0x2 
 .text._fflush_r
                0x0000ac60       0x54 c:/program files (x86)/cypress/psoc creator/3.3/psoc creator/import/gnu/arm/4.9.3/bin/../lib/gcc/arm-none-eabi/4.9.3/../../../../arm-none-eabi/lib/armv7-m\libg_nano.a(lib_a-fflush.o)
                0x0000ac60                _fflush_r
 .text._cleanup_r
                0x0000acb4        0xc c:/program files (x86)/cypress/psoc creator/3.3/psoc creator/import/gnu/arm/4.9.3/bin/../lib/gcc/arm-none-eabi/4.9.3/../../../../arm-none-eabi/lib/armv7-m\libg_nano.a(lib_a-findfp.o)
                0x0000acb4                _cleanup_r
 .text.std.isra.0
                0x0000acc0       0x48 c:/program files (x86)/cypress/psoc creator/3.3/psoc creator/import/gnu/arm/4.9.3/bin/../lib/gcc/arm-none-eabi/4.9.3/../../../../arm-none-eabi/lib/armv7-m\libg_nano.a(lib_a-findfp.o)
 .text.__sfmoreglue
                0x0000ad08       0x2c c:/program files (x86)/cypress/psoc creator/3.3/psoc creator/import/gnu/arm/4.9.3/bin/../lib/gcc/arm-none-eabi/4.9.3/../../../../arm-none-eabi/lib/armv7-m\libg_nano.a(lib_a-findfp.o)
                0x0000ad08                __sfmoreglue
 .text.__sinit  0x0000ad34       0x60 c:/program files (x86)/cypress/psoc creator/3.3/psoc creator/import/gnu/arm/4.9.3/bin/../lib/gcc/arm-none-eabi/4.9.3/../../../../arm-none-eabi/lib/armv7-m\libg_nano.a(lib_a-findfp.o)
                0x0000ad34                __sinit
 .text.__sfp    0x0000ad94       0x74 c:/program files (x86)/cypress/psoc creator/3.3/psoc creator/import/gnu/arm/4.9.3/bin/../lib/gcc/arm-none-eabi/4.9.3/../../../../arm-none-eabi/lib/armv7-m\libg_nano.a(lib_a-findfp.o)
                0x0000ad94                __sfp
 .text._fwalk_reent
                0x0000ae08       0x3c c:/program files (x86)/cypress/psoc creator/3.3/psoc creator/import/gnu/arm/4.9.3/bin/../lib/gcc/arm-none-eabi/4.9.3/../../../../arm-none-eabi/lib/armv7-m\libg_nano.a(lib_a-fwalk.o)
                0x0000ae08                _fwalk_reent
 .text.rshift   0x0000ae44       0x6c c:/program files (x86)/cypress/psoc creator/3.3/psoc creator/import/gnu/arm/4.9.3/bin/../lib/gcc/arm-none-eabi/4.9.3/../../../../arm-none-eabi/lib/armv7-m\libg_nano.a(lib_a-gdtoa-gethex.o)
 .text.__hexdig_fun
                0x0000aeb0       0x2a c:/program files (x86)/cypress/psoc creator/3.3/psoc creator/import/gnu/arm/4.9.3/bin/../lib/gcc/arm-none-eabi/4.9.3/../../../../arm-none-eabi/lib/armv7-m\libg_nano.a(lib_a-gdtoa-gethex.o)
                0x0000aeb0                __hexdig_fun
 .text.__gethex
                0x0000aeda      0x44a c:/program files (x86)/cypress/psoc creator/3.3/psoc creator/import/gnu/arm/4.9.3/bin/../lib/gcc/arm-none-eabi/4.9.3/../../../../arm-none-eabi/lib/armv7-m\libg_nano.a(lib_a-gdtoa-gethex.o)
                0x0000aeda                __gethex
 .text.L_shift  0x0000b324       0x24 c:/program files (x86)/cypress/psoc creator/3.3/psoc creator/import/gnu/arm/4.9.3/bin/../lib/gcc/arm-none-eabi/4.9.3/../../../../arm-none-eabi/lib/armv7-m\libg_nano.a(lib_a-gdtoa-hexnan.o)
 .text.__hexnan
                0x0000b348      0x114 c:/program files (x86)/cypress/psoc creator/3.3/psoc creator/import/gnu/arm/4.9.3/bin/../lib/gcc/arm-none-eabi/4.9.3/../../../../arm-none-eabi/lib/armv7-m\libg_nano.a(lib_a-gdtoa-hexnan.o)
                0x0000b348                __hexnan
 .text._localeconv_r
                0x0000b45c        0x8 c:/program files (x86)/cypress/psoc creator/3.3/psoc creator/import/gnu/arm/4.9.3/bin/../lib/gcc/arm-none-eabi/4.9.3/../../../../arm-none-eabi/lib/armv7-m\libg_nano.a(lib_a-locale.o)
                0x0000b45c                _localeconv_r
 .text.__smakebuf_r
                0x0000b464       0x98 c:/program files (x86)/cypress/psoc creator/3.3/psoc creator/import/gnu/arm/4.9.3/bin/../lib/gcc/arm-none-eabi/4.9.3/../../../../arm-none-eabi/lib/armv7-m\libg_nano.a(lib_a-makebuf.o)
                0x0000b464                __smakebuf_r
 .text.malloc   0x0000b4fc       0x10 c:/program files (x86)/cypress/psoc creator/3.3/psoc creator/import/gnu/arm/4.9.3/bin/../lib/gcc/arm-none-eabi/4.9.3/../../../../arm-none-eabi/lib/armv7-m\libg_nano.a(lib_a-malloc.o)
                0x0000b4fc                malloc
 .text.memchr   0x0000b50c       0x1c c:/program files (x86)/cypress/psoc creator/3.3/psoc creator/import/gnu/arm/4.9.3/bin/../lib/gcc/arm-none-eabi/4.9.3/../../../../arm-none-eabi/lib/armv7-m\libg_nano.a(lib_a-memchr.o)
                0x0000b50c                memchr
 .text.memmove  0x0000b528       0x36 c:/program files (x86)/cypress/psoc creator/3.3/psoc creator/import/gnu/arm/4.9.3/bin/../lib/gcc/arm-none-eabi/4.9.3/../../../../arm-none-eabi/lib/armv7-m\libg_nano.a(lib_a-memmove.o)
                0x0000b528                memmove
 .text._Balloc  0x0000b55e       0x6a c:/program files (x86)/cypress/psoc creator/3.3/psoc creator/import/gnu/arm/4.9.3/bin/../lib/gcc/arm-none-eabi/4.9.3/../../../../arm-none-eabi/lib/armv7-m\libg_nano.a(lib_a-mprec.o)
                0x0000b55e                _Balloc
 .text._Bfree   0x0000b5c8       0x2e c:/program files (x86)/cypress/psoc creator/3.3/psoc creator/import/gnu/arm/4.9.3/bin/../lib/gcc/arm-none-eabi/4.9.3/../../../../arm-none-eabi/lib/armv7-m\libg_nano.a(lib_a-mprec.o)
                0x0000b5c8                _Bfree
 .text.__multadd
                0x0000b5f6       0x7c c:/program files (x86)/cypress/psoc creator/3.3/psoc creator/import/gnu/arm/4.9.3/bin/../lib/gcc/arm-none-eabi/4.9.3/../../../../arm-none-eabi/lib/armv7-m\libg_nano.a(lib_a-mprec.o)
                0x0000b5f6                __multadd
 .text.__s2b    0x0000b672       0x80 c:/program files (x86)/cypress/psoc creator/3.3/psoc creator/import/gnu/arm/4.9.3/bin/../lib/gcc/arm-none-eabi/4.9.3/../../../../arm-none-eabi/lib/armv7-m\libg_nano.a(lib_a-mprec.o)
                0x0000b672                __s2b
 .text.__hi0bits
                0x0000b6f2       0x40 c:/program files (x86)/cypress/psoc creator/3.3/psoc creator/import/gnu/arm/4.9.3/bin/../lib/gcc/arm-none-eabi/4.9.3/../../../../arm-none-eabi/lib/armv7-m\libg_nano.a(lib_a-mprec.o)
                0x0000b6f2                __hi0bits
 .text.__lo0bits
                0x0000b732       0x5a c:/program files (x86)/cypress/psoc creator/3.3/psoc creator/import/gnu/arm/4.9.3/bin/../lib/gcc/arm-none-eabi/4.9.3/../../../../arm-none-eabi/lib/armv7-m\libg_nano.a(lib_a-mprec.o)
                0x0000b732                __lo0bits
 .text.__i2b    0x0000b78c       0x12 c:/program files (x86)/cypress/psoc creator/3.3/psoc creator/import/gnu/arm/4.9.3/bin/../lib/gcc/arm-none-eabi/4.9.3/../../../../arm-none-eabi/lib/armv7-m\libg_nano.a(lib_a-mprec.o)
                0x0000b78c                __i2b
 .text.__multiply
                0x0000b79e      0x120 c:/program files (x86)/cypress/psoc creator/3.3/psoc creator/import/gnu/arm/4.9.3/bin/../lib/gcc/arm-none-eabi/4.9.3/../../../../arm-none-eabi/lib/armv7-m\libg_nano.a(lib_a-mprec.o)
                0x0000b79e                __multiply
 *fill*         0x0000b8be        0x2 
 .text.__pow5mult
                0x0000b8c0       0x9c c:/program files (x86)/cypress/psoc creator/3.3/psoc creator/import/gnu/arm/4.9.3/bin/../lib/gcc/arm-none-eabi/4.9.3/../../../../arm-none-eabi/lib/armv7-m\libg_nano.a(lib_a-mprec.o)
                0x0000b8c0                __pow5mult
 .text.__lshift
                0x0000b95c       0xa6 c:/program files (x86)/cypress/psoc creator/3.3/psoc creator/import/gnu/arm/4.9.3/bin/../lib/gcc/arm-none-eabi/4.9.3/../../../../arm-none-eabi/lib/armv7-m\libg_nano.a(lib_a-mprec.o)
                0x0000b95c                __lshift
 .text.__mcmp   0x0000ba02       0x38 c:/program files (x86)/cypress/psoc creator/3.3/psoc creator/import/gnu/arm/4.9.3/bin/../lib/gcc/arm-none-eabi/4.9.3/../../../../arm-none-eabi/lib/armv7-m\libg_nano.a(lib_a-mprec.o)
                0x0000ba02                __mcmp
 .text.__mdiff  0x0000ba3a       0xbe c:/program files (x86)/cypress/psoc creator/3.3/psoc creator/import/gnu/arm/4.9.3/bin/../lib/gcc/arm-none-eabi/4.9.3/../../../../arm-none-eabi/lib/armv7-m\libg_nano.a(lib_a-mprec.o)
                0x0000ba3a                __mdiff
 .text.__ulp    0x0000baf8       0x48 c:/program files (x86)/cypress/psoc creator/3.3/psoc creator/import/gnu/arm/4.9.3/bin/../lib/gcc/arm-none-eabi/4.9.3/../../../../arm-none-eabi/lib/armv7-m\libg_nano.a(lib_a-mprec.o)
                0x0000baf8                __ulp
 .text.__b2d    0x0000bb40       0x9e c:/program files (x86)/cypress/psoc creator/3.3/psoc creator/import/gnu/arm/4.9.3/bin/../lib/gcc/arm-none-eabi/4.9.3/../../../../arm-none-eabi/lib/armv7-m\libg_nano.a(lib_a-mprec.o)
                0x0000bb40                __b2d
 .text.__d2b    0x0000bbde       0xa4 c:/program files (x86)/cypress/psoc creator/3.3/psoc creator/import/gnu/arm/4.9.3/bin/../lib/gcc/arm-none-eabi/4.9.3/../../../../arm-none-eabi/lib/armv7-m\libg_nano.a(lib_a-mprec.o)
                0x0000bbde                __d2b
 .text.__ratio  0x0000bc82       0x50 c:/program files (x86)/cypress/psoc creator/3.3/psoc creator/import/gnu/arm/4.9.3/bin/../lib/gcc/arm-none-eabi/4.9.3/../../../../arm-none-eabi/lib/armv7-m\libg_nano.a(lib_a-mprec.o)
                0x0000bc82                __ratio
 .text.__copybits
                0x0000bcd2       0x34 c:/program files (x86)/cypress/psoc creator/3.3/psoc creator/import/gnu/arm/4.9.3/bin/../lib/gcc/arm-none-eabi/4.9.3/../../../../arm-none-eabi/lib/armv7-m\libg_nano.a(lib_a-mprec.o)
                0x0000bcd2                __copybits
 .text.__any_on
                0x0000bd06       0x44 c:/program files (x86)/cypress/psoc creator/3.3/psoc creator/import/gnu/arm/4.9.3/bin/../lib/gcc/arm-none-eabi/4.9.3/../../../../arm-none-eabi/lib/armv7-m\libg_nano.a(lib_a-mprec.o)
                0x0000bd06                __any_on
 .text._calloc_r
                0x0000bd4a       0x1c c:/program files (x86)/cypress/psoc creator/3.3/psoc creator/import/gnu/arm/4.9.3/bin/../lib/gcc/arm-none-eabi/4.9.3/../../../../arm-none-eabi/lib/armv7-m\libg_nano.a(lib_a-nano-callocr.o)
                0x0000bd4a                _calloc_r
 *fill*         0x0000bd66        0x2 
 .text._free_r  0x0000bd68       0x88 c:/program files (x86)/cypress/psoc creator/3.3/psoc creator/import/gnu/arm/4.9.3/bin/../lib/gcc/arm-none-eabi/4.9.3/../../../../arm-none-eabi/lib/armv7-m\libg_nano.a(lib_a-nano-freer.o)
                0x0000bd68                _free_r
 .text._malloc_r
                0x0000bdf0       0xac c:/program files (x86)/cypress/psoc creator/3.3/psoc creator/import/gnu/arm/4.9.3/bin/../lib/gcc/arm-none-eabi/4.9.3/../../../../arm-none-eabi/lib/armv7-m\libg_nano.a(lib_a-nano-mallocr.o)
                0x0000bdf0                _malloc_r
 .text._realloc_r
                0x0000be9c       0x4c c:/program files (x86)/cypress/psoc creator/3.3/psoc creator/import/gnu/arm/4.9.3/bin/../lib/gcc/arm-none-eabi/4.9.3/../../../../arm-none-eabi/lib/armv7-m\libg_nano.a(lib_a-nano-reallocr.o)
                0x0000be9c                _realloc_r
 .text.__ssputs_r
                0x0000bee8       0xb2 c:/program files (x86)/cypress/psoc creator/3.3/psoc creator/import/gnu/arm/4.9.3/bin/../lib/gcc/arm-none-eabi/4.9.3/../../../../arm-none-eabi/lib/armv7-m\libg_nano.a(lib_a-nano-svfprintf.o)
                0x0000bee8                __ssputs_r
 *fill*         0x0000bf9a        0x2 