Archive member included because of file (symbol)

.\CortexM3\ARM_GCC_493\Debug\freesoc.a(cyfitter_cfg.o)
                              .\CortexM3\ARM_GCC_493\Debug\Cm3Start.o (cyfitter_cfg)
.\CortexM3\ARM_GCC_493\Debug\freesoc.a(Left_HB25_Enable_Pin.o)
                              .\CortexM3\ARM_GCC_493\Debug\motor.o (Left_HB25_Enable_Pin_Write)
.\CortexM3\ARM_GCC_493\Debug\freesoc.a(Left_HB25_PWM.o)
                              .\CortexM3\ARM_GCC_493\Debug\motor.o (Left_HB25_PWM_Stop)
.\CortexM3\ARM_GCC_493\Debug\freesoc.a(Right_HB25_Enable_Pin.o)
                              .\CortexM3\ARM_GCC_493\Debug\motor.o (Right_HB25_Enable_Pin_Write)
.\CortexM3\ARM_GCC_493\Debug\freesoc.a(Right_HB25_PWM.o)
                              .\CortexM3\ARM_GCC_493\Debug\motor.o (Right_HB25_PWM_Stop)
.\CortexM3\ARM_GCC_493\Debug\freesoc.a(CyBootAsmGnu.o)
                              .\CortexM3\ARM_GCC_493\Debug\freesoc.a(cyfitter_cfg.o) (CyDelayCycles)
.\CortexM3\ARM_GCC_493\Debug\freesoc.a(CyLib.o)
                              .\CortexM3\ARM_GCC_493\Debug\Cm3Start.o (CyHalt)
.\CortexM3\ARM_GCC_493\Debug\freesoc.a(cyPm.o)
                              .\CortexM3\ARM_GCC_493\Debug\freesoc.a(CyLib.o) (CyPmReadStatus)
.\CortexM3\ARM_GCC_493\Debug\freesoc.a(EZI2C_Slave.o)
                              .\CortexM3\ARM_GCC_493\Debug\i2c.o (EZI2C_Slave_Start)
.\CortexM3\ARM_GCC_493\Debug\freesoc.a(EZI2C_Slave_PM.o)
                              .\CortexM3\ARM_GCC_493\Debug\freesoc.a(EZI2C_Slave.o) (EZI2C_Slave_backup)
.\CortexM3\ARM_GCC_493\Debug\freesoc.a(EZI2C_Slave_INT.o)
                              .\CortexM3\ARM_GCC_493\Debug\freesoc.a(EZI2C_Slave.o) (EZI2C_Slave_ISR)
.\CortexM3\ARM_GCC_493\Debug\freesoc.a(Mainloop_Pin.o)
                              .\CortexM3\ARM_GCC_493\Debug\main.o (Mainloop_Pin_Write)
.\CortexM3\ARM_GCC_493\Debug\freesoc.a(EEPROM.o)
                              .\CortexM3\ARM_GCC_493\Debug\nvstore.o (EEPROM_Start)
.\CortexM3\ARM_GCC_493\Debug\freesoc.a(Right_QuadDec.o)
                              .\CortexM3\ARM_GCC_493\Debug\encoder.o (Right_QuadDec_GetCounter)
.\CortexM3\ARM_GCC_493\Debug\freesoc.a(Right_QuadDec_INT.o)
                              .\CortexM3\ARM_GCC_493\Debug\freesoc.a(Right_QuadDec.o) (Right_QuadDec_ISR)
.\CortexM3\ARM_GCC_493\Debug\freesoc.a(Right_QuadDec_Cnt16.o)
                              .\CortexM3\ARM_GCC_493\Debug\freesoc.a(Right_QuadDec.o) (Right_QuadDec_Cnt16_Stop)
.\CortexM3\ARM_GCC_493\Debug\freesoc.a(Left_QuadDec.o)
                              .\CortexM3\ARM_GCC_493\Debug\encoder.o (Left_QuadDec_GetCounter)
.\CortexM3\ARM_GCC_493\Debug\freesoc.a(Left_QuadDec_INT.o)
                              .\CortexM3\ARM_GCC_493\Debug\freesoc.a(Left_QuadDec.o) (Left_QuadDec_ISR)
.\CortexM3\ARM_GCC_493\Debug\freesoc.a(Left_QuadDec_Cnt16.o)
                              .\CortexM3\ARM_GCC_493\Debug\freesoc.a(Left_QuadDec.o) (Left_QuadDec_Cnt16_Stop)
.\CortexM3\ARM_GCC_493\Debug\freesoc.a(USBUART.o)
                              .\CortexM3\ARM_GCC_493\Debug\serial.o (USBUART_Start)
.\CortexM3\ARM_GCC_493\Debug\freesoc.a(USBUART_cdc.o)
                              .\CortexM3\ARM_GCC_493\Debug\serial.o (USBUART_CDC_Init)
.\CortexM3\ARM_GCC_493\Debug\freesoc.a(USBUART_drv.o)
                              .\CortexM3\ARM_GCC_493\Debug\freesoc.a(USBUART.o) (USBUART_lastPacketSize)
.\CortexM3\ARM_GCC_493\Debug\freesoc.a(USBUART_episr.o)
                              .\CortexM3\ARM_GCC_493\Debug\freesoc.a(USBUART.o) (USBUART_EP_1_ISR)
.\CortexM3\ARM_GCC_493\Debug\freesoc.a(USBUART_hid.o)
                              .\CortexM3\ARM_GCC_493\Debug\freesoc.a(USBUART.o) (USBUART_hidProtocol)
.\CortexM3\ARM_GCC_493\Debug\freesoc.a(USBUART_pm.o)
                              .\CortexM3\ARM_GCC_493\Debug\freesoc.a(USBUART.o) (USBUART_DP_ISR)
.\CortexM3\ARM_GCC_493\Debug\freesoc.a(USBUART_std.o)
                              .\CortexM3\ARM_GCC_493\Debug\freesoc.a(USBUART_pm.o) (USBUART_ConfigReg)
.\CortexM3\ARM_GCC_493\Debug\freesoc.a(USBUART_vnd.o)
                              .\CortexM3\ARM_GCC_493\Debug\freesoc.a(USBUART_drv.o) (USBUART_HandleVendorRqst)
.\CortexM3\ARM_GCC_493\Debug\freesoc.a(USBUART_Dp.o)
                              .\CortexM3\ARM_GCC_493\Debug\freesoc.a(USBUART_pm.o) (USBUART_Dp_ClearInterrupt)
.\CortexM3\ARM_GCC_493\Debug\freesoc.a(SPIM.o)
                              .\CortexM3\ARM_GCC_493\Debug\spi.o (SPIM_ReadRxData)
.\CortexM3\ARM_GCC_493\Debug\freesoc.a(SPIM_INT.o)
                              .\CortexM3\ARM_GCC_493\Debug\freesoc.a(SPIM.o) (SPIM_RX_ISR)
.\CortexM3\ARM_GCC_493\Debug\freesoc.a(Slave_Select.o)
                              .\CortexM3\ARM_GCC_493\Debug\spi.o (Slave_Select_Write)
.\CortexM3\ARM_GCC_493\Debug\freesoc.a(CyFlash.o)
                              .\CortexM3\ARM_GCC_493\Debug\freesoc.a(EEPROM.o) (dieTemperature)
.\CortexM3\ARM_GCC_493\Debug\freesoc.a(CySpc.o)
[...]
Memory Configuration

Name             Origin             Length             Attributes
rom              0x00000000         0x00040000         xr
ram              0x1fff8000         0x00010000         xrw
*default*        0x00000000         0xffffffff

Linker script and memory map

LOAD c:/program files (x86)/cypress/psoc creator/3.3/psoc creator/import/gnu/arm/4.9.3/bin/../lib/gcc/arm-none-eabi/4.9.3/armv7-m/crti.o
LOAD c:/program files (x86)/cypress/psoc creator/3.3/psoc creator/import/gnu/arm/4.9.3/bin/../lib/gcc/arm-none-eabi/4.9.3/armv7-m/crtbegin.o
LOAD c:/program files (x86)/cypress/psoc creator/3.3/psoc creator/import/gnu/arm/4.9.3/bin/../lib/gcc/arm-none-eabi/4.9.3/../../../../arm-none-eabi/lib/armv7-m/crt0.o
START GROUP
LOAD .\CortexM3\ARM_GCC_493\Debug\main.o
LOAD .\CortexM3\ARM_GCC_493\Debug\cal.o
LOAD .\CortexM3\ARM_GCC_493\Debug\control.o
LOAD .\CortexM3\ARM_GCC_493\Debug\debug.o
LOAD .\CortexM3\ARM_GCC_493\Debug\diag.o
LOAD .\CortexM3\ARM_GCC_493\Debug\encoder.o
LOAD .\CortexM3\ARM_GCC_493\Debug\i2c.o
LOAD .\CortexM3\ARM_GCC_493\Debug\motor.o
LOAD .\CortexM3\ARM_GCC_493\Debug\odom.o
LOAD .\CortexM3\ARM_GCC_493\Debug\pid.o
LOAD .\CortexM3\ARM_GCC_493\Debug\time.o
LOAD .\CortexM3\ARM_GCC_493\Debug\utils.o
LOAD .\CortexM3\ARM_GCC_493\Debug\pid_controller.o
LOAD .\CortexM3\ARM_GCC_493\Debug\serial.o
LOAD .\CortexM3\ARM_GCC_493\Debug\nvstore.o
LOAD .\CortexM3\ARM_GCC_493\Debug\calpid.o
LOAD .\CortexM3\ARM_GCC_493\Debug\calmotor.o
LOAD .\CortexM3\ARM_GCC_493\Debug\pidutil.o
LOAD .\CortexM3\ARM_GCC_493\Debug\spi.o
LOAD .\CortexM3\ARM_GCC_493\Debug\callin.o
LOAD .\CortexM3\ARM_GCC_493\Debug\sensor.o
LOAD .\CortexM3\ARM_GCC_493\Debug\cymetadata.o
LOAD .\CortexM3\ARM_GCC_493\Debug\Cm3Start.o
LOAD .\CortexM3\ARM_GCC_493\Debug\freesoc.a
LOAD C:\Program Files (x86)\Cypress\PSoC Creator\3.3\PSoC Creator\psoc\content\cycomponentlibrary\CyComponentLibrary.cylib\CortexM3\ARM_GCC_493\Debug\CyComponentLibrary.a
LOAD c:/program files (x86)/cypress/psoc creator/3.3/psoc creator/import/gnu/arm/4.9.3/bin/../lib/gcc/arm-none-eabi/4.9.3/../../../../arm-none-eabi/lib/armv7-m\libm.a
END GROUP
START GROUP
LOAD c:/program files (x86)/cypress/psoc creator/3.3/psoc creator/import/gnu/arm/4.9.3/bin/../lib/gcc/arm-none-eabi/4.9.3/armv7-m\libgcc.a
LOAD c:/program files (x86)/cypress/psoc creator/3.3/psoc creator/import/gnu/arm/4.9.3/bin/../lib/gcc/arm-none-eabi/4.9.3/../../../../arm-none-eabi/lib/armv7-m\libg_nano.a
LOAD c:/program files (x86)/cypress/psoc creator/3.3/psoc creator/import/gnu/arm/4.9.3/bin/../lib/gcc/arm-none-eabi/4.9.3/../../../../arm-none-eabi/lib/armv7-m\libc_nano.a
END GROUP
START GROUP
LOAD c:/program files (x86)/cypress/psoc creator/3.3/psoc creator/import/gnu/arm/4.9.3/bin/../lib/gcc/arm-none-eabi/4.9.3/armv7-m\libgcc.a
LOAD c:/program files (x86)/cypress/psoc creator/3.3/psoc creator/import/gnu/arm/4.9.3/bin/../lib/gcc/arm-none-eabi/4.9.3/../../../../arm-none-eabi/lib/armv7-m\libc_nano.a
END GROUP
LOAD c:/program files (x86)/cypress/psoc creator/3.3/psoc creator/import/gnu/arm/4.9.3/bin/../lib/gcc/arm-none-eabi/4.9.3/armv7-m/crtend.o
LOAD c:/program files (x86)/cypress/psoc creator/3.3/psoc creator/import/gnu/arm/4.9.3/bin/../lib/gcc/arm-none-eabi/4.9.3/armv7-m/crtn.o
START GROUP
LOAD c:/program files (x86)/cypress/psoc creator/3.3/psoc creator/import/gnu/arm/4.9.3/bin/../lib/gcc/arm-none-eabi/4.9.3/armv7-m\libgcc.a
LOAD c:/program files (x86)/cypress/psoc creator/3.3/psoc creator/import/gnu/arm/4.9.3/bin/../lib/gcc/arm-none-eabi/4.9.3/../../../../arm-none-eabi/lib/armv7-m\libc.a
LOAD c:/program files (x86)/cypress/psoc creator/3.3/psoc creator/import/gnu/arm/4.9.3/bin/../lib/gcc/arm-none-eabi/4.9.3/../../../../arm-none-eabi/lib/armv7-m\libnosys.a
END GROUP
                0x00000000                CY_APPL_ORIGIN = 0x0
                0x00000100                CY_FLASH_ROW_SIZE = 0x100
                0x00000020                CY_ECC_ROW_SIZE = 0x20
                0x00000000                CY_EE_IN_BTLDR = 0x0
                0x00000000                CY_APPL_LOADABLE = 0x0
                0x00000800                CY_EE_SIZE = 0x800
                0x00000001                CY_APPL_NUM = 0x1
                0x00000001                CY_APPL_MAX = 0x1
                0x00000040                CY_METADATA_SIZE = 0x40
                0x00000000                CY_APPL_LOADABLE = 0x0
                0x00000000                CY_CHECKSUM_EXCLUDE_SIZE = ALIGN (0x0, CY_FLASH_ROW_SIZE)
                0x1fff8d00                PROVIDE (__cy_heap_start, _end)
                0x00000001                PROVIDE (__cy_region_num, ((__cy_regions_end - __cy_regions) / 0x10))
                0x20008000                PROVIDE (__cy_stack, (ORIGIN (ram) + 0x10000))
                0x20007800                PROVIDE (__cy_heap_end, (__cy_stack - 0x800))

.cybootloader   0x00000000        0x0
 *(.cybootloader)
                0x00000000                appl1_start = CY_APPL_ORIGIN?CY_APPL_ORIGIN:ALIGN (CY_FLASH_ROW_SIZE)
                0x0001ff00                appl2_start = (appl1_start + ALIGN ((((0x40000 - appl1_start) - (0x2 * CY_FLASH_ROW_SIZE)) / 0x2), CY_FLASH_ROW_SIZE))
                0x00000000                appl_start = (CY_APPL_NUM == 0x1)?appl1_start:appl2_start
                0x00000000                ecc_offset = ((appl_start / CY_FLASH_ROW_SIZE) * CY_ECC_ROW_SIZE)
                0x00000000                ee_offset = (CY_APPL_LOADABLE && ! (CY_EE_IN_BTLDR))?((CY_EE_SIZE / CY_APPL_MAX) * (CY_APPL_NUM - 0x1)):0x0
                0x00000800                ee_size = (CY_APPL_LOADABLE && ! (CY_EE_IN_BTLDR))?(CY_EE_SIZE / CY_APPL_MAX):CY_EE_SIZE
                0x00000000                PROVIDE (CY_ECC_OFFSET, ecc_offset)

.text           0x00000000     0xc464
 CREATE_OBJECT_SYMBOLS
                0x00000000                PROVIDE (__cy_interrupt_vector, RomVectors)
 *(.romvectors)
 .romvectors    0x00000000       0x10 .\CortexM3\ARM_GCC_493\Debug\Cm3Start.o
                0x00000000                RomVectors
                0x00000001                ASSERT ((. != __cy_interrupt_vector), No interrupt vector)
                0x00000001                ASSERT (CY_APPL_ORIGIN?(SIZEOF (.cybootloader) <= CY_APPL_ORIGIN):0x1, Wrong image location)
                0x00000010                PROVIDE (__cy_reset, Reset)
 *(.text.Reset)
 .text.Reset    0x00000010       0x18 .\CortexM3\ARM_GCC_493\Debug\Cm3Start.o
                0x00000010                Reset
                0x00000001                ASSERT ((. != __cy_reset), No reset code)
 *(.dma_init)
                0x00000001                ASSERT ((((appl_start + .) <= 0x10000) || 0x1), DMA Init must be within the first 64k of flash)
 *(.text .text.* .gnu.linkonce.t.*)
 .text          0x00000028       0x5c c:/program files (x86)/cypress/psoc creator/3.3/psoc creator/import/gnu/arm/4.9.3/bin/../lib/gcc/arm-none-eabi/4.9.3/armv7-m/crtbegin.o
 .text.main     0x00000084      0x118 .\CortexM3\ARM_GCC_493\Debug\main.o
                0x00000084                main
 .text.LeftTarget
                0x0000019c        0xc .\CortexM3\ARM_GCC_493\Debug\cal.o
 .text.RightTarget
                0x000001a8        0xc .\CortexM3\ARM_GCC_493\Debug\cal.o
 .text.DisplayCalMenu
                0x000001b4       0x5c .\CortexM3\ARM_GCC_493\Debug\cal.o
 .text.DisplayValMenu
                0x00000210       0x90 .\CortexM3\ARM_GCC_493\Debug\cal.o
 .text.DisplayMenu
                0x000002a0       0x20 .\CortexM3\ARM_GCC_493\Debug\cal.o
 .text.DisplaySettingsMenu
                0x000002c0       0x68 .\CortexM3\ARM_GCC_493\Debug\cal.o
 .text.HandleError
                0x00000328       0x30 .\CortexM3\ARM_GCC_493\Debug\cal.o
 .text.Process  0x00000358       0xa4 .\CortexM3\ARM_GCC_493\Debug\cal.o
 .text.DisplayExit
                0x000003fc       0x18 .\CortexM3\ARM_GCC_493\Debug\cal.o
 .text.GetCommand
                0x00000414       0x58 .\CortexM3\ARM_GCC_493\Debug\cal.o
 .text.GetCalibration
                0x0000046c       0x50 .\CortexM3\ARM_GCC_493\Debug\cal.o
 .text.GetValidation
                0x000004bc      0x148 .\CortexM3\ARM_GCC_493\Debug\cal.o
 .text.CpsToPwm
                0x00000604       0x74 .\CortexM3\ARM_GCC_493\Debug\cal.o
 .text.ClearCalibrationStatusBit
                0x00000678       0x2c .\CortexM3\ARM_GCC_493\Debug\cal.o
                0x00000678                ClearCalibrationStatusBit
 .text.SetCalibrationStatusBit
                0x000006a4       0x24 .\CortexM3\ARM_GCC_493\Debug\cal.o
                0x000006a4                SetCalibrationStatusBit
 .text.Cal_PrintSamples
                0x000006c8       0x64 .\CortexM3\ARM_GCC_493\Debug\cal.o
                0x000006c8                Cal_PrintSamples
 .text.Cal_PrintGains
                0x0000072c       0x48 .\CortexM3\ARM_GCC_493\Debug\cal.o
                0x0000072c                Cal_PrintGains
 .text.ProcessSettingsCmd
                0x00000774      0x104 .\CortexM3\ARM_GCC_493\Debug\cal.o
 .text.Cal_Init
                0x00000878       0x3c .\CortexM3\ARM_GCC_493\Debug\cal.o
                0x00000878                Cal_Init
 .text.Cal_Start
                0x000008b4       0x14 .\CortexM3\ARM_GCC_493\Debug\cal.o
                0x000008b4                Cal_Start
 .text.Cal_Update
                0x000008c8       0xd4 .\CortexM3\ARM_GCC_493\Debug\cal.o
                0x000008c8                Cal_Update
 .text.Cal_ReadResponse
                0x0000099c       0x48 .\CortexM3\ARM_GCC_493\Debug\cal.o
                0x0000099c                Cal_ReadResponse
 .text.Cal_LeftGetPidGains
                0x000009e4        0xc .\CortexM3\ARM_GCC_493\Debug\cal.o
                0x000009e4                Cal_LeftGetPidGains
 .text.Cal_RightGetPidGains
                0x000009f0        0xc .\CortexM3\ARM_GCC_493\Debug\cal.o
                0x000009f0                Cal_RightGetPidGains
 .text.Cal_SetLeftRightVelocity
                0x000009fc        0xc .\CortexM3\ARM_GCC_493\Debug\cal.o
                0x000009fc                Cal_SetLeftRightVelocity
 .text.Cal_CpsToPwm
                0x00000a08       0x9c .\CortexM3\ARM_GCC_493\Debug\cal.o
                0x00000a08                Cal_CpsToPwm
 .text.Cal_Clear
                0x00000aa4       0x10 .\CortexM3\ARM_GCC_493\Debug\cal.o
                0x00000aa4                Cal_Clear
 .text.Cal_CalcTriangularProfile
                0x00000ab4      0x154 .\CortexM3\ARM_GCC_493\Debug\cal.o
                0x00000ab4                Cal_CalcTriangularProfile
 .text.Control_Init
                0x00000c08       0x10 .\CortexM3\ARM_GCC_493\Debug\control.o
                0x00000c08                Control_Init
 .text.Control_Start
                0x00000c18        0x4 .\CortexM3\ARM_GCC_493\Debug\control.o
                0x00000c18                Control_Start
 *fill*         0x00000c1c        0x4 
 .text.Control_Update
                0x00000c20      0x188 .\CortexM3\ARM_GCC_493\Debug\control.o
                0x00000c20                Control_Update
 .text.Control_LeftGetCmdVelocity
                0x00000da8        0xc .\CortexM3\ARM_GCC_493\Debug\control.o
                0x00000da8                Control_LeftGetCmdVelocity
 .text.Control_RightGetCmdVelocity
                0x00000db4        0xc .\CortexM3\ARM_GCC_493\Debug\control.o
                0x00000db4                Control_RightGetCmdVelocity
 .text.Control_OverrideDebug
                0x00000dc0        0xc .\CortexM3\ARM_GCC_493\Debug\control.o
                0x00000dc0                Control_OverrideDebug
 .text.Debug_Init
                0x00000dcc       0x24 .\CortexM3\ARM_GCC_493\Debug\debug.o
                0x00000dcc                Debug_Init
 .text.Debug_Start
                0x00000df0        0x4 .\CortexM3\ARM_GCC_493\Debug\debug.o
                0x00000df0                Debug_Start
 .text.Diag_Init
                0x00000df4       0x18 .\CortexM3\ARM_GCC_493\Debug\diag.o
                0x00000df4                Diag_Init
 .text.Diag_Start
                0x00000e0c        0x4 .\CortexM3\ARM_GCC_493\Debug\diag.o
                0x00000e0c                Diag_Start
 .text.Diag_Update
                0x00000e10       0x38 .\CortexM3\ARM_GCC_493\Debug\diag.o
                0x00000e10                Diag_Update
 .text.Encoder_Sample
                0x00000e48       0xa8 .\CortexM3\ARM_GCC_493\Debug\encoder.o
 .text.DumpEncoder
                0x00000ef0       0x74 .\CortexM3\ARM_GCC_493\Debug\encoder.o
 .text.Encoder_Init
                0x00000f64       0x4c .\CortexM3\ARM_GCC_493\Debug\encoder.o
                0x00000f64                Encoder_Init
 .text.Encoder_Start
                0x00000fb0       0x20 .\CortexM3\ARM_GCC_493\Debug\encoder.o
                0x00000fb0                Encoder_Start
 .text.Encoder_Update
                0x00000fd0       0x84 .\CortexM3\ARM_GCC_493\Debug\encoder.o
                0x00000fd0                Encoder_Update
 .text.Encoder_LeftGetCntsPerSec
                0x00001054        0xc .\CortexM3\ARM_GCC_493\Debug\encoder.o
                0x00001054                Encoder_LeftGetCntsPerSec
 .text.Encoder_RightGetCntsPerSec
                0x00001060        0xc .\CortexM3\ARM_GCC_493\Debug\encoder.o
                0x00001060                Encoder_RightGetCntsPerSec
 .text.Encoder_LeftGetMeterPerSec
                0x0000106c        0xc .\CortexM3\ARM_GCC_493\Debug\encoder.o
                0x0000106c                Encoder_LeftGetMeterPerSec
 .text.Encoder_RightGetMeterPerSec
                0x00001078        0xc .\CortexM3\ARM_GCC_493\Debug\encoder.o
                0x00001078                Encoder_RightGetMeterPerSec
 .text.Encoder_LeftGetDist
                0x00001084        0xc .\CortexM3\ARM_GCC_493\Debug\encoder.o
                0x00001084                Encoder_LeftGetDist
 .text.Encoder_RightGetDist
                0x00001090        0xc .\CortexM3\ARM_GCC_493\Debug\encoder.o
                0x00001090                Encoder_RightGetDist
 .text.Encoder_Reset
                0x0000109c       0x68 .\CortexM3\ARM_GCC_493\Debug\encoder.o
                0x0000109c                Encoder_Reset
 .text.I2c_Init
                0x00001104       0x24 .\CortexM3\ARM_GCC_493\Debug\i2c.o
                0x00001104                I2c_Init
 .text.I2c_Start
                0x00001128       0x18 .\CortexM3\ARM_GCC_493\Debug\i2c.o
                0x00001128                I2c_Start
 .text.I2c_ReadDeviceControl
                0x00001140       0x2c .\CortexM3\ARM_GCC_493\Debug\i2c.o
                0x00001140                I2c_ReadDeviceControl
 .text.I2c_ReadDebugControl
                0x0000116c       0x94 .\CortexM3\ARM_GCC_493\Debug\i2c.o
                0x0000116c                I2c_ReadDebugControl
 .text.I2c_ReadCmdVelocity
                0x00001200       0x9c .\CortexM3\ARM_GCC_493\Debug\i2c.o
                0x00001200                I2c_ReadCmdVelocity
 .text.I2c_SetCalibrationStatusBit
                0x0000129c       0x38 .\CortexM3\ARM_GCC_493\Debug\i2c.o
                0x0000129c                I2c_SetCalibrationStatusBit
 .text.I2c_ClearCalibrationStatusBit
                0x000012d4       0x3c .\CortexM3\ARM_GCC_493\Debug\i2c.o
                0x000012d4                I2c_ClearCalibrationStatusBit
 .text.I2c_SetCalibrationStatus
                0x00001310       0x34 .\CortexM3\ARM_GCC_493\Debug\i2c.o
                0x00001310                I2c_SetCalibrationStatus
 .text.I2c_WriteOdom
                0x00001344       0x94 .\CortexM3\ARM_GCC_493\Debug\i2c.o
                0x00001344                I2c_WriteOdom
 .text.I2c_WriteUltrasonicFrontDistances
                0x000013d8       0x3c .\CortexM3\ARM_GCC_493\Debug\i2c.o
                0x000013d8                I2c_WriteUltrasonicFrontDistances
 .text.I2c_WriteUltrasonicRearDistances
                0x00001414       0x3c .\CortexM3\ARM_GCC_493\Debug\i2c.o
                0x00001414                I2c_WriteUltrasonicRearDistances
 .text.I2c_WriteInfraredFrontDistances
                0x00001450       0x3c .\CortexM3\ARM_GCC_493\Debug\i2c.o
                0x00001450                I2c_WriteInfraredFrontDistances
 .text.I2c_WriteInfraredRearDistances
                0x0000148c       0x3c .\CortexM3\ARM_GCC_493\Debug\i2c.o
                0x0000148c                I2c_WriteInfraredRearDistances
 .text.I2c_UpdateHeartbeat
                0x000014c8       0x2c .\CortexM3\ARM_GCC_493\Debug\i2c.o
                0x000014c8                I2c_UpdateHeartbeat
 .text.RampDown
                0x000014f4       0x78 .\CortexM3\ARM_GCC_493\Debug\motor.o
 .text.Motor_Init
                0x0000156c       0x18 .\CortexM3\ARM_GCC_493\Debug\motor.o
                0x0000156c                Motor_Init
 .text.Motor_Start
                0x00001584       0x30 .\CortexM3\ARM_GCC_493\Debug\motor.o
                0x00001584                Motor_Start
 .text.Motor_LeftSetPwm
                0x000015b4       0x2c .\CortexM3\ARM_GCC_493\Debug\motor.o
                0x000015b4                Motor_LeftSetPwm
 .text.Motor_RightSetPwm
                0x000015e0       0x2c .\CortexM3\ARM_GCC_493\Debug\motor.o
                0x000015e0                Motor_RightSetPwm
 .text.Motor_SetPwm
                0x0000160c       0x10 .\CortexM3\ARM_GCC_493\Debug\motor.o
                0x0000160c                Motor_SetPwm
 .text.Motor_LeftGetPwm
                0x0000161c       0x10 .\CortexM3\ARM_GCC_493\Debug\motor.o
                0x0000161c                Motor_LeftGetPwm
 .text.Motor_RightGetPwm
                0x0000162c       0x10 .\CortexM3\ARM_GCC_493\Debug\motor.o
                0x0000162c                Motor_RightGetPwm
 .text.Motor_Stop
                0x0000163c       0x30 .\CortexM3\ARM_GCC_493\Debug\motor.o
                0x0000163c                Motor_Stop
 .text.Motor_LeftRampDown
                0x0000166c       0x10 .\CortexM3\ARM_GCC_493\Debug\motor.o
                0x0000166c                Motor_LeftRampDown
 .text.Motor_RightRampDown
                0x0000167c       0x10 .\CortexM3\ARM_GCC_493\Debug\motor.o
                0x0000167c                Motor_RightRampDown
 *fill*         0x0000168c        0x4 
 .text.CalculateOdometry
                0x00001690       0x68 .\CortexM3\ARM_GCC_493\Debug\odom.o
 .text.DumpOdom
                0x000016f8       0x80 .\CortexM3\ARM_GCC_493\Debug\odom.o
 .text.Odom_Init
                0x00001778       0x14 .\CortexM3\ARM_GCC_493\Debug\odom.o
                0x00001778                Odom_Init
 .text.Odom_Start
                0x0000178c        0x4 .\CortexM3\ARM_GCC_493\Debug\odom.o
                0x0000178c                Odom_Start
 .text.Odom_Update
                0x00001790       0x64 .\CortexM3\ARM_GCC_493\Debug\odom.o
                0x00001790                Odom_Update
 .text.Odom_Reset
                0x000017f4       0x28 .\CortexM3\ARM_GCC_493\Debug\odom.o
                0x000017f4                Odom_Reset
 *fill*         0x0000181c        0x4 
 .text.ProcessPid
                0x00001820       0xb8 .\CortexM3\ARM_GCC_493\Debug\pid.o
 .text.Pid_Init
                0x000018d8       0x7c .\CortexM3\ARM_GCC_493\Debug\pid.o
                0x000018d8                Pid_Init
 .text.Pid_Start
                0x00001954       0x30 .\CortexM3\ARM_GCC_493\Debug\pid.o
                0x00001954                Pid_Start
 *fill*         0x00001984        0x4 
 .text.Pid_Update
                0x00001988       0xa0 .\CortexM3\ARM_GCC_493\Debug\pid.o
                0x00001988                Pid_Update
 .text.Pid_SetLeftRightTarget
                0x00001a28       0x10 .\CortexM3\ARM_GCC_493\Debug\pid.o
                0x00001a28                Pid_SetLeftRightTarget
 .text.Pid_RestoreLeftRightTarget
                0x00001a38       0x1c .\CortexM3\ARM_GCC_493\Debug\pid.o
                0x00001a38                Pid_RestoreLeftRightTarget
 .text.Pid_Reset
                0x00001a54       0x24 .\CortexM3\ARM_GCC_493\Debug\pid.o
                0x00001a54                Pid_Reset
 .text.Pid_Enable
                0x00001a78       0x28 .\CortexM3\ARM_GCC_493\Debug\pid.o
                0x00001a78                Pid_Enable
 .text.Pid_LeftSetGains
                0x00001aa0       0x18 .\CortexM3\ARM_GCC_493\Debug\pid.o
                0x00001aa0                Pid_LeftSetGains
 .text.Pid_RightSetGains
                0x00001ab8       0x18 .\CortexM3\ARM_GCC_493\Debug\pid.o
                0x00001ab8                Pid_RightSetGains
 .text.Pid_LeftGetGains
                0x00001ad0       0x1c .\CortexM3\ARM_GCC_493\Debug\pid.o
                0x00001ad0                Pid_LeftGetGains
 .text.Pid_RightGetGains
                0x00001aec       0x1c .\CortexM3\ARM_GCC_493\Debug\pid.o
                0x00001aec                Pid_RightGetGains
 .text.SysTickIsrHandler
                0x00001b08       0x10 .\CortexM3\ARM_GCC_493\Debug\time.o
 .text.Time_Init
                0x00001b18        0xc .\CortexM3\ARM_GCC_493\Debug\time.o
                0x00001b18                Time_Init
 .text.Time_Start
                0x00001b24       0x2c .\CortexM3\ARM_GCC_493\Debug\time.o
                0x00001b24                Time_Start
 .text.millis   0x00001b50        0xc .\CortexM3\ARM_GCC_493\Debug\time.o
                0x00001b50                millis
 .text.insert_zeros
                0x00001b5c       0x30 .\CortexM3\ARM_GCC_493\Debug\utils.o
 .text.MovingAverageFloat
                0x00001b8c       0x2c .\CortexM3\ARM_GCC_493\Debug\utils.o
                0x00001b8c                MovingAverageFloat
 .text.Uint16ToTwoBytes
                0x00001bb8        0x8 .\CortexM3\ARM_GCC_493\Debug\utils.o
                0x00001bb8                Uint16ToTwoBytes
 .text.FloatToFourBytes
                0x00001bc0       0x20 .\CortexM3\ARM_GCC_493\Debug\utils.o
                0x00001bc0                FloatToFourBytes
 .text.ftoa     0x00001be0       0xa4 .\CortexM3\ARM_GCC_493\Debug\utils.o
                0x00001be0                ftoa
 .text.BinaryRangeSearch
                0x00001c84       0x50 .\CortexM3\ARM_GCC_493\Debug\utils.o
                0x00001c84                BinaryRangeSearch
 .text.Interpolate
                0x00001cd4       0x3c .\CortexM3\ARM_GCC_493\Debug\utils.o
                0x00001cd4                Interpolate
 .text.PIDCompute
                0x00001d10       0xa4 .\CortexM3\ARM_GCC_493\Debug\pid_controller.o
                0x00001d10                PIDCompute
 .text.PIDModeSet
                0x00001db4       0x40 .\CortexM3\ARM_GCC_493\Debug\pid_controller.o
                0x00001db4                PIDModeSet
 .text.PIDOutputLimitsSet
                0x00001df4       0x5c .\CortexM3\ARM_GCC_493\Debug\pid_controller.o
                0x00001df4                PIDOutputLimitsSet
 .text.PIDTuningsSet
                0x00001e50       0x6c .\CortexM3\ARM_GCC_493\Debug\pid_controller.o
                0x00001e50                PIDTuningsSet
 .text.PIDInit  0x00001ebc       0x54 .\CortexM3\ARM_GCC_493\Debug\pid_controller.o
                0x00001ebc                PIDInit
 .text.PIDSetpointSet
                0x00001f10        0x4 .\CortexM3\ARM_GCC_493\Debug\pid_controller.o
                0x00001f10                PIDSetpointSet
 .text.PIDInputSet
                0x00001f14        0x4 .\CortexM3\ARM_GCC_493\Debug\pid_controller.o
                0x00001f14                PIDInputSet
 .text.Ser_Init
                0x00001f18        0x4 .\CortexM3\ARM_GCC_493\Debug\serial.o
                0x00001f18                Ser_Init
 .text.Ser_Start
                0x00001f1c       0x2c .\CortexM3\ARM_GCC_493\Debug\serial.o
                0x00001f1c                Ser_Start
 .text.Ser_Update
                0x00001f48       0x14 .\CortexM3\ARM_GCC_493\Debug\serial.o
                0x00001f48                Ser_Update
 .text.Ser_PutString
                0x00001f5c       0x20 .\CortexM3\ARM_GCC_493\Debug\serial.o
                0x00001f5c                Ser_PutString
 .text.Ser_ReadByte
                0x00001f7c       0x1c .\CortexM3\ARM_GCC_493\Debug\serial.o
                0x00001f7c                Ser_ReadByte
 .text.Ser_WriteByte
                0x00001f98       0x1c .\CortexM3\ARM_GCC_493\Debug\serial.o
                0x00001f98                Ser_WriteByte
 .text.Nvstore_Init
                0x00001fb4        0x4 .\CortexM3\ARM_GCC_493\Debug\nvstore.o
                0x00001fb4                Nvstore_Init
 .text.Nvstore_Start
                0x00001fb8        0x8 .\CortexM3\ARM_GCC_493\Debug\nvstore.o
                0x00001fb8                Nvstore_Start
 .text.Nvstore_WriteBytes
                0x00001fc0       0xc8 .\CortexM3\ARM_GCC_493\Debug\nvstore.o
                0x00001fc0                Nvstore_WriteBytes
 .text.Nvstore_WriteUint16
                0x00002088       0x28 .\CortexM3\ARM_GCC_493\Debug\nvstore.o
                0x00002088                Nvstore_WriteUint16
 .text.Nvstore_WriteFloat
                0x000020b0       0x2c .\CortexM3\ARM_GCC_493\Debug\nvstore.o
                0x000020b0                Nvstore_WriteFloat
 *fill*         0x000020dc        0x4 
 .text.GetStepVelocity
                0x000020e0      0x118 .\CortexM3\ARM_GCC_493\Debug\calpid.o
 .text.ResetPidValidationVelocity
                0x000021f8       0x10 .\CortexM3\ARM_GCC_493\Debug\calpid.o
 .text.GetNextValidationVelocity
                0x00002208       0x58 .\CortexM3\ARM_GCC_493\Debug\calpid.o
 .text.Results  0x00002260       0x64 .\CortexM3\ARM_GCC_493\Debug\calpid.o
 .text.StoreLeftGains
                0x000022c4       0x3c .\CortexM3\ARM_GCC_493\Debug\calpid.o
 .text.StoreRightGains
                0x00002300       0x3c .\CortexM3\ARM_GCC_493\Debug\calpid.o
 .text.Stop     0x0000233c       0x8c .\CortexM3\ARM_GCC_493\Debug\calpid.o
 .text.SetNextValidationVelocity
                0x000023c8       0x5c .\CortexM3\ARM_GCC_493\Debug\calpid.o
 .text.Update   0x00002424       0x58 .\CortexM3\ARM_GCC_493\Debug\calpid.o
 .text.Start    0x0000247c       0xe4 .\CortexM3\ARM_GCC_493\Debug\calpid.o
 .text.Init     0x00002560       0xd8 .\CortexM3\ARM_GCC_493\Debug\calpid.o
 .text.CalPid_Init
                0x00002638       0x2c .\CortexM3\ARM_GCC_493\Debug\calpid.o
                0x00002638                CalPid_Init
 .text.CalculatePwmSamples
                0x00002664       0x38 .\CortexM3\ARM_GCC_493\Debug\calmotor.o
 .text.AddSamplesToSum
                0x0000269c       0x24 .\CortexM3\ARM_GCC_493\Debug\calmotor.o
 .text.CalculateAvgCpsSamples
                0x000026c0       0x20 .\CortexM3\ARM_GCC_493\Debug\calmotor.o
 .text.CalculateMinMaxCpsSample
                0x000026e0       0x38 .\CortexM3\ARM_GCC_493\Debug\calmotor.o
 .text.GetNextCps
                0x00002718       0x48 .\CortexM3\ARM_GCC_493\Debug\calmotor.o
 .text.PrintAllMotorParams
                0x00002760       0x64 .\CortexM3\ARM_GCC_493\Debug\calmotor.o
 .text.Results  0x000027c4       0x28 .\CortexM3\ARM_GCC_493\Debug\calmotor.o
 *fill*         0x000027ec        0x4 
 .text.SetNextVelocity
                0x000027f0       0x40 .\CortexM3\ARM_GCC_493\Debug\calmotor.o
 .text.Start    0x00002830       0x2c .\CortexM3\ARM_GCC_493\Debug\calmotor.o
 .text.Stop     0x0000285c       0x38 .\CortexM3\ARM_GCC_493\Debug\calmotor.o
 .text.CalcCpsAvgAtPwm
                0x00002894       0x58 .\CortexM3\ARM_GCC_493\Debug\calmotor.o
 .text.CollectCpsSamples
                0x000028ec       0x5c .\CortexM3\ARM_GCC_493\Debug\calmotor.o
 .text.StoreWheelSpeedCalibration
                0x00002948       0x50 .\CortexM3\ARM_GCC_493\Debug\calmotor.o
 .text.CalibrateWheelSpeed
                0x00002998       0x98 .\CortexM3\ARM_GCC_493\Debug\calmotor.o
 .text.PrintWheelVelocity
                0x00002a30       0x90 .\CortexM3\ARM_GCC_493\Debug\calmotor.o
 .text.ValidateMotorCalibration
                0x00002ac0       0xc8 .\CortexM3\ARM_GCC_493\Debug\calmotor.o
 .text.Update   0x00002b88       0xd4 .\CortexM3\ARM_GCC_493\Debug\calmotor.o
 .text.Init     0x00002c5c       0x64 .\CortexM3\ARM_GCC_493\Debug\calmotor.o
 .text.CalMotor_Init
                0x00002cc0       0x40 .\CortexM3\ARM_GCC_493\Debug\calmotor.o
                0x00002cc0                CalMotor_Init
 .text.DumpPid  0x00002d00      0x104 .\CortexM3\ARM_GCC_493\Debug\pidutil.o
                0x00002d00                DumpPid
 .text.IsValidMessage
                0x00002e04       0x1c .\CortexM3\ARM_GCC_493\Debug\spi.o
 .text.RecvMessage
                0x00002e20       0x7c .\CortexM3\ARM_GCC_493\Debug\spi.o
                0x00002e20                RecvMessage
 .text.Spi_Init
                0x00002e9c        0x4 .\CortexM3\ARM_GCC_493\Debug\spi.o
                0x00002e9c                Spi_Init
 .text.Spi_Start
                0x00002ea0       0x10 .\CortexM3\ARM_GCC_493\Debug\spi.o
                0x00002ea0                Spi_Start
 .text.Spi_ReadNode
                0x00002eb0       0x44 .\CortexM3\ARM_GCC_493\Debug\spi.o
                0x00002eb0                Spi_ReadNode
 .text.Results  0x00002ef4       0x18 .\CortexM3\ARM_GCC_493\Debug\callin.o
 *fill*         0x00002f0c        0x4 
 .text.Stop     0x00002f10       0xe0 .\CortexM3\ARM_GCC_493\Debug\callin.o
 .text.Update   0x00002ff0       0x94 .\CortexM3\ARM_GCC_493\Debug\callin.o
 .text.Start    0x00003084       0x60 .\CortexM3\ARM_GCC_493\Debug\callin.o
 .text.Init     0x000030e4       0x68 .\CortexM3\ARM_GCC_493\Debug\callin.o
 .text.CalLin_Init
                0x0000314c       0x10 .\CortexM3\ARM_GCC_493\Debug\callin.o
                0x0000314c                CalLin_Init
 .text.ReadInfraredFront
                0x0000315c       0x18 .\CortexM3\ARM_GCC_493\Debug\sensor.o
 .text.ReadUltrasonicFront
                0x00003174       0x18 .\CortexM3\ARM_GCC_493\Debug\sensor.o
 .text.ReadFrontDistanceSensors
                0x0000318c        0xc .\CortexM3\ARM_GCC_493\Debug\sensor.o
 .text.ReadInfraredRear
                0x00003198       0x18 .\CortexM3\ARM_GCC_493\Debug\sensor.o
 .text.ReadUltratronicRear
                0x000031b0       0x18 .\CortexM3\ARM_GCC_493\Debug\sensor.o
 .text.ReadReadDistanceSensors
                0x000031c8        0xc .\CortexM3\ARM_GCC_493\Debug\sensor.o
 .text.Sensor_Init
                0x000031d4        0x8 .\CortexM3\ARM_GCC_493\Debug\sensor.o
                0x000031d4                Sensor_Init
 .text.Sensor_Start
                0x000031dc        0x8 .\CortexM3\ARM_GCC_493\Debug\sensor.o
                0x000031dc                Sensor_Start
 .text.Sensor_Update
                0x000031e4       0x24 .\CortexM3\ARM_GCC_493\Debug\sensor.o
                0x000031e4                Sensor_Update
 .text.IntDefaultHandler
                0x00003208        0x4 .\CortexM3\ARM_GCC_493\Debug\Cm3Start.o
                0x00003208                IntDefaultHandler
 .text._exit    0x0000320c        0xc .\CortexM3\ARM_GCC_493\Debug\Cm3Start.o
                0x0000320c                _exit
 .text._sbrk    0x00003218       0x30 .\CortexM3\ARM_GCC_493\Debug\Cm3Start.o
                0x00003218                _sbrk
 .text.Start_c  0x00003248       0x4c .\CortexM3\ARM_GCC_493\Debug\Cm3Start.o
                0x00003248                Start_c
 .text.initialize_psoc
                0x00003294       0x74 .\CortexM3\ARM_GCC_493\Debug\Cm3Start.o
                0x00003294                initialize_psoc
 .text.cfg_write_bytes32
                0x00003308       0x34 .\CortexM3\ARM_GCC_493\Debug\freesoc.a(cyfitter_cfg.o)
 .text.AnalogSetDefault
                0x0000333c       0x28 .\CortexM3\ARM_GCC_493\Debug\freesoc.a(cyfitter_cfg.o)
 .text.CYMEMZERO
                0x00003364        0xc .\CortexM3\ARM_GCC_493\Debug\freesoc.a(cyfitter_cfg.o)
 .text.ClockSetup
                0x00003370       0xd0 .\CortexM3\ARM_GCC_493\Debug\freesoc.a(cyfitter_cfg.o)
 .text.CYCONFIGCPY
                0x00003440        0x8 .\CortexM3\ARM_GCC_493\Debug\freesoc.a(cyfitter_cfg.o)
 .text.cyfitter_cfg
                0x00003448      0x130 .\CortexM3\ARM_GCC_493\Debug\freesoc.a(cyfitter_cfg.o)
                0x00003448                cyfitter_cfg
 .text.Left_HB25_Enable_Pin_Write
                0x00003578       0x18 .\CortexM3\ARM_GCC_493\Debug\freesoc.a(Left_HB25_Enable_Pin.o)
                0x00003578                Left_HB25_Enable_Pin_Write
 .text.Left_HB25_PWM_Stop
                0x00003590        0x4 .\CortexM3\ARM_GCC_493\Debug\freesoc.a(Left_HB25_PWM.o)
                0x00003590                Left_HB25_PWM_Stop
 .text.Left_HB25_PWM_WriteCounter
                0x00003594        0xc .\CortexM3\ARM_GCC_493\Debug\freesoc.a(Left_HB25_PWM.o)
                0x00003594                Left_HB25_PWM_WriteCounter
 .text.Left_HB25_PWM_WritePeriod
                0x000035a0        0xc .\CortexM3\ARM_GCC_493\Debug\freesoc.a(Left_HB25_PWM.o)
                0x000035a0                Left_HB25_PWM_WritePeriod
 .text.Left_HB25_PWM_WriteCompare
                0x000035ac        0xc .\CortexM3\ARM_GCC_493\Debug\freesoc.a(Left_HB25_PWM.o)
                0x000035ac                Left_HB25_PWM_WriteCompare
 .text.Left_HB25_PWM_Init
                0x000035b8       0x34 .\CortexM3\ARM_GCC_493\Debug\freesoc.a(Left_HB25_PWM.o)
                0x000035b8                Left_HB25_PWM_Init
 .text.Left_HB25_PWM_Start
                0x000035ec       0x18 .\CortexM3\ARM_GCC_493\Debug\freesoc.a(Left_HB25_PWM.o)
                0x000035ec                Left_HB25_PWM_Start
 .text.Left_HB25_PWM_ReadCompare
                0x00003604        0xc .\CortexM3\ARM_GCC_493\Debug\freesoc.a(Left_HB25_PWM.o)
                0x00003604                Left_HB25_PWM_ReadCompare
 .text.Right_HB25_Enable_Pin_Write
                0x00003610       0x18 .\CortexM3\ARM_GCC_493\Debug\freesoc.a(Right_HB25_Enable_Pin.o)
                0x00003610                Right_HB25_Enable_Pin_Write
 .text.Right_HB25_PWM_Stop
                0x00003628        0x4 .\CortexM3\ARM_GCC_493\Debug\freesoc.a(Right_HB25_PWM.o)
                0x00003628                Right_HB25_PWM_Stop
 .text.Right_HB25_PWM_WriteCounter
                0x0000362c        0xc .\CortexM3\ARM_GCC_493\Debug\freesoc.a(Right_HB25_PWM.o)
                0x0000362c                Right_HB25_PWM_WriteCounter
 .text.Right_HB25_PWM_WritePeriod
                0x00003638        0xc .\CortexM3\ARM_GCC_493\Debug\freesoc.a(Right_HB25_PWM.o)
                0x00003638                Right_HB25_PWM_WritePeriod
 .text.Right_HB25_PWM_WriteCompare
                0x00003644        0xc .\CortexM3\ARM_GCC_493\Debug\freesoc.a(Right_HB25_PWM.o)
                0x00003644                Right_HB25_PWM_WriteCompare
 .text.Right_HB25_PWM_Init
                0x00003650       0x34 .\CortexM3\ARM_GCC_493\Debug\freesoc.a(Right_HB25_PWM.o)
                0x00003650                Right_HB25_PWM_Init
 .text.Right_HB25_PWM_Start
                0x00003684       0x18 .\CortexM3\ARM_GCC_493\Debug\freesoc.a(Right_HB25_PWM.o)
                0x00003684                Right_HB25_PWM_Start
 .text.Right_HB25_PWM_ReadCompare
                0x0000369c        0xc .\CortexM3\ARM_GCC_493\Debug\freesoc.a(Right_HB25_PWM.o)
                0x0000369c                Right_HB25_PWM_ReadCompare
 .text          0x000036a8       0x20 .\CortexM3\ARM_GCC_493\Debug\freesoc.a(CyBootAsmGnu.o)
                0x000036a8                CyDelayCycles
                0x000036b8                CyEnterCriticalSection
                0x000036c0                CyExitCriticalSection
 .text.CyHalt   0x000036c8        0x4 .\CortexM3\ARM_GCC_493\Debug\freesoc.a(CyLib.o)
                0x000036c8                CyHalt
 .text.CyDelay  0x000036cc       0x2c .\CortexM3\ARM_GCC_493\Debug\freesoc.a(CyLib.o)
                0x000036cc                CyDelay
 .text.CyDelayUs
                0x000036f8       0x14 .\CortexM3\ARM_GCC_493\Debug\freesoc.a(CyLib.o)
                0x000036f8                CyDelayUs
 .text.CyIntSetSysVector
                0x0000370c       0x28 .\CortexM3\ARM_GCC_493\Debug\freesoc.a(CyLib.o)
                0x0000370c                CyIntSetSysVector
 .text.CyIntSetVector
                0x00003734       0x28 .\CortexM3\ARM_GCC_493\Debug\freesoc.a(CyLib.o)
                0x00003734                CyIntSetVector
 .text.CyIntSetPriority
                0x0000375c       0x30 .\CortexM3\ARM_GCC_493\Debug\freesoc.a(CyLib.o)
                0x0000375c                CyIntSetPriority
 .text.CySysTickEnableInterrupt
                0x0000378c       0x10 .\CortexM3\ARM_GCC_493\Debug\freesoc.a(CyLib.o)
                0x0000378c                CySysTickEnableInterrupt
 .text.CySysTickEnable
                0x0000379c       0x18 .\CortexM3\ARM_GCC_493\Debug\freesoc.a(CyLib.o)
                0x0000379c                CySysTickEnable
 .text.CySysTickSetReload
                0x000037b4       0x10 .\CortexM3\ARM_GCC_493\Debug\freesoc.a(CyLib.o)
                0x000037b4                CySysTickSetReload
 .text.CySysTickSetClockSource
                0x000037c4       0x20 .\CortexM3\ARM_GCC_493\Debug\freesoc.a(CyLib.o)
                0x000037c4                CySysTickSetClockSource
 .text.CySysTickGetCountFlag
                0x000037e4       0x10 .\CortexM3\ARM_GCC_493\Debug\freesoc.a(CyLib.o)
                0x000037e4                CySysTickGetCountFlag
 .text.CySysTickServiceCallbacks
                0x000037f4       0x28 .\CortexM3\ARM_GCC_493\Debug\freesoc.a(CyLib.o)
 .text.CySysTickClear
                0x0000381c        0xc .\CortexM3\ARM_GCC_493\Debug\freesoc.a(CyLib.o)
                0x0000381c                CySysTickClear
 .text.CySysTickInit
                0x00003828       0x58 .\CortexM3\ARM_GCC_493\Debug\freesoc.a(CyLib.o)
                0x00003828                CySysTickInit
 .text.CySysTickStart
                0x00003880       0x1c .\CortexM3\ARM_GCC_493\Debug\freesoc.a(CyLib.o)
                0x00003880                CySysTickStart
 .text.CySysTickSetCallback
                0x0000389c       0x10 .\CortexM3\ARM_GCC_493\Debug\freesoc.a(CyLib.o)
                0x0000389c                CySysTickSetCallback
 .text.CySysTickGetCallback
                0x000038ac       0x10 .\CortexM3\ARM_GCC_493\Debug\freesoc.a(CyLib.o)
                0x000038ac                CySysTickGetCallback
 .text.CyGetUniqueId
                0x000038bc       0x70 .\CortexM3\ARM_GCC_493\Debug\freesoc.a(CyLib.o)
                0x000038bc                CyGetUniqueId
 .text.EZI2C_Slave_Init
                0x0000392c       0x70 .\CortexM3\ARM_GCC_493\Debug\freesoc.a(EZI2C_Slave.o)
                0x0000392c                EZI2C_Slave_Init
 .text.EZI2C_Slave_Enable
                0x0000399c       0x30 .\CortexM3\ARM_GCC_493\Debug\freesoc.a(EZI2C_Slave.o)
                0x0000399c                EZI2C_Slave_Enable
 .text.EZI2C_Slave_Start
                0x000039cc       0x1c .\CortexM3\ARM_GCC_493\Debug\freesoc.a(EZI2C_Slave.o)
                0x000039cc                EZI2C_Slave_Start
 .text.EZI2C_Slave_GetActivity
                0x000039e8       0x28 .\CortexM3\ARM_GCC_493\Debug\freesoc.a(EZI2C_Slave.o)
                0x000039e8                EZI2C_Slave_GetActivity
 .text.EZI2C_Slave_SetBuffer1
                0x00003a10       0x50 .\CortexM3\ARM_GCC_493\Debug\freesoc.a(EZI2C_Slave.o)
                0x00003a10                EZI2C_Slave_SetBuffer1
 .text.EZI2C_Slave_ISR
                0x00003a60      0x1c4 .\CortexM3\ARM_GCC_493\Debug\freesoc.a(EZI2C_Slave_INT.o)
                0x00003a60                EZI2C_Slave_ISR
 .text.Mainloop_Pin_Write
                0x00003c24       0x18 .\CortexM3\ARM_GCC_493\Debug\freesoc.a(Mainloop_Pin.o)
                0x00003c24                Mainloop_Pin_Write
 .text.EEPROM_Enable
                0x00003c3c        0xc .\CortexM3\ARM_GCC_493\Debug\freesoc.a(EEPROM.o)
                0x00003c3c                EEPROM_Enable
 .text.EEPROM_Start
                0x00003c48        0x8 .\CortexM3\ARM_GCC_493\Debug\freesoc.a(EEPROM.o)
                0x00003c48                EEPROM_Start
 .text.EEPROM_WriteByte
                0x00003c50       0xd4 .\CortexM3\ARM_GCC_493\Debug\freesoc.a(EEPROM.o)
                0x00003c50                EEPROM_WriteByte
 .text.EEPROM_Write
                0x00003d24       0xb4 .\CortexM3\ARM_GCC_493\Debug\freesoc.a(EEPROM.o)
                0x00003d24                EEPROM_Write
 .text.Right_QuadDec_Init
                0x00003dd8       0x24 .\CortexM3\ARM_GCC_493\Debug\freesoc.a(Right_QuadDec.o)
                0x00003dd8                Right_QuadDec_Init
 .text.Right_QuadDec_GetCounter
                0x00003dfc       0x2c .\CortexM3\ARM_GCC_493\Debug\freesoc.a(Right_QuadDec.o)
                0x00003dfc                Right_QuadDec_GetCounter
 .text.Right_QuadDec_SetCounter
                0x00003e28       0x28 .\CortexM3\ARM_GCC_493\Debug\freesoc.a(Right_QuadDec.o)
                0x00003e28                Right_QuadDec_SetCounter
 .text.Right_QuadDec_GetEvents
                0x00003e50       0x10 .\CortexM3\ARM_GCC_493\Debug\freesoc.a(Right_QuadDec.o)
                0x00003e50                Right_QuadDec_GetEvents
 .text.Right_QuadDec_SetInterruptMask
                0x00003e60       0x10 .\CortexM3\ARM_GCC_493\Debug\freesoc.a(Right_QuadDec.o)
                0x00003e60                Right_QuadDec_SetInterruptMask
 .text.Right_QuadDec_Enable
                0x00003e70       0x30 .\CortexM3\ARM_GCC_493\Debug\freesoc.a(Right_QuadDec.o)
                0x00003e70                Right_QuadDec_Enable
 .text.Right_QuadDec_Start
                0x00003ea0       0x34 .\CortexM3\ARM_GCC_493\Debug\freesoc.a(Right_QuadDec.o)
                0x00003ea0                Right_QuadDec_Start
 .text.Right_QuadDec_ISR
                0x00003ed4       0x40 .\CortexM3\ARM_GCC_493\Debug\freesoc.a(Right_QuadDec_INT.o)
                0x00003ed4                Right_QuadDec_ISR
 .text.Right_QuadDec_Cnt16_Enable
                0x00003f14       0x10 .\CortexM3\ARM_GCC_493\Debug\freesoc.a(Right_QuadDec_Cnt16.o)
                0x00003f14                Right_QuadDec_Cnt16_Enable
 .text.Right_QuadDec_Cnt16_SetInterruptMode
                0x00003f24        0xc .\CortexM3\ARM_GCC_493\Debug\freesoc.a(Right_QuadDec_Cnt16.o)
                0x00003f24                Right_QuadDec_Cnt16_SetInterruptMode
 .text.Right_QuadDec_Cnt16_ReadStatusRegister
                0x00003f30        0xc .\CortexM3\ARM_GCC_493\Debug\freesoc.a(Right_QuadDec_Cnt16.o)
                0x00003f30                Right_QuadDec_Cnt16_ReadStatusRegister
 .text.Right_QuadDec_Cnt16_WriteCounter
                0x00003f3c        0xc .\CortexM3\ARM_GCC_493\Debug\freesoc.a(Right_QuadDec_Cnt16.o)
                0x00003f3c                Right_QuadDec_Cnt16_WriteCounter
 .text.Right_QuadDec_Cnt16_ReadCounter
                0x00003f48       0x14 .\CortexM3\ARM_GCC_493\Debug\freesoc.a(Right_QuadDec_Cnt16.o)
                0x00003f48                Right_QuadDec_Cnt16_ReadCounter
 .text.Right_QuadDec_Cnt16_ReadCapture
                0x00003f5c        0xc .\CortexM3\ARM_GCC_493\Debug\freesoc.a(Right_QuadDec_Cnt16.o)
                0x00003f5c                Right_QuadDec_Cnt16_ReadCapture
 .text.Right_QuadDec_Cnt16_WritePeriod
                0x00003f68        0xc .\CortexM3\ARM_GCC_493\Debug\freesoc.a(Right_QuadDec_Cnt16.o)
                0x00003f68                Right_QuadDec_Cnt16_WritePeriod
 .text.Right_QuadDec_Cnt16_WriteCompare
                0x00003f74        0xc .\CortexM3\ARM_GCC_493\Debug\freesoc.a(Right_QuadDec_Cnt16.o)
                0x00003f74                Right_QuadDec_Cnt16_WriteCompare
 .text.Right_QuadDec_Cnt16_ClearFIFO
                0x00003f80       0x14 .\CortexM3\ARM_GCC_493\Debug\freesoc.a(Right_QuadDec_Cnt16.o)
                0x00003f80                Right_QuadDec_Cnt16_ClearFIFO
 .text.Right_QuadDec_Cnt16_Init
                0x00003f94       0x58 .\CortexM3\ARM_GCC_493\Debug\freesoc.a(Right_QuadDec_Cnt16.o)
                0x00003f94                Right_QuadDec_Cnt16_Init
 .text.Right_QuadDec_Cnt16_Start
                0x00003fec       0x1c .\CortexM3\ARM_GCC_493\Debug\freesoc.a(Right_QuadDec_Cnt16.o)
                0x00003fec                Right_QuadDec_Cnt16_Start
 .text.Left_QuadDec_Init
                0x00004008       0x24 .\CortexM3\ARM_GCC_493\Debug\freesoc.a(Left_QuadDec.o)
                0x00004008                Left_QuadDec_Init
 .text.Left_QuadDec_GetCounter
                0x0000402c       0x2c .\CortexM3\ARM_GCC_493\Debug\freesoc.a(Left_QuadDec.o)
                0x0000402c                Left_QuadDec_GetCounter
 .text.Left_QuadDec_SetCounter
                0x00004058       0x28 .\CortexM3\ARM_GCC_493\Debug\freesoc.a(Left_QuadDec.o)
                0x00004058                Left_QuadDec_SetCounter
 .text.Left_QuadDec_GetEvents
                0x00004080       0x10 .\CortexM3\ARM_GCC_493\Debug\freesoc.a(Left_QuadDec.o)
                0x00004080                Left_QuadDec_GetEvents
 .text.Left_QuadDec_SetInterruptMask
                0x00004090       0x10 .\CortexM3\ARM_GCC_493\Debug\freesoc.a(Left_QuadDec.o)
                0x00004090                Left_QuadDec_SetInterruptMask
 .text.Left_QuadDec_Enable
                0x000040a0       0x30 .\CortexM3\ARM_GCC_493\Debug\freesoc.a(Left_QuadDec.o)
                0x000040a0                Left_QuadDec_Enable
 .text.Left_QuadDec_Start
                0x000040d0       0x34 .\CortexM3\ARM_GCC_493\Debug\freesoc.a(Left_QuadDec.o)
                0x000040d0                Left_QuadDec_Start
 .text.Left_QuadDec_ISR
                0x00004104       0x40 .\CortexM3\ARM_GCC_493\Debug\freesoc.a(Left_QuadDec_INT.o)
                0x00004104                Left_QuadDec_ISR
 .text.Left_QuadDec_Cnt16_Enable
                0x00004144       0x10 .\CortexM3\ARM_GCC_493\Debug\freesoc.a(Left_QuadDec_Cnt16.o)
                0x00004144                Left_QuadDec_Cnt16_Enable
 .text.Left_QuadDec_Cnt16_SetInterruptMode
                0x00004154        0xc .\CortexM3\ARM_GCC_493\Debug\freesoc.a(Left_QuadDec_Cnt16.o)
                0x00004154                Left_QuadDec_Cnt16_SetInterruptMode
 .text.Left_QuadDec_Cnt16_ReadStatusRegister
                0x00004160        0xc .\CortexM3\ARM_GCC_493\Debug\freesoc.a(Left_QuadDec_Cnt16.o)
                0x00004160                Left_QuadDec_Cnt16_ReadStatusRegister
 .text.Left_QuadDec_Cnt16_WriteCounter
                0x0000416c        0xc .\CortexM3\ARM_GCC_493\Debug\freesoc.a(Left_QuadDec_Cnt16.o)
                0x0000416c                Left_QuadDec_Cnt16_WriteCounter
 .text.Left_QuadDec_Cnt16_ReadCounter
                0x00004178       0x14 .\CortexM3\ARM_GCC_493\Debug\freesoc.a(Left_QuadDec_Cnt16.o)
                0x00004178                Left_QuadDec_Cnt16_ReadCounter
 .text.Left_QuadDec_Cnt16_ReadCapture
                0x0000418c        0xc .\CortexM3\ARM_GCC_493\Debug\freesoc.a(Left_QuadDec_Cnt16.o)
                0x0000418c                Left_QuadDec_Cnt16_ReadCapture
 .text.Left_QuadDec_Cnt16_WritePeriod
                0x00004198        0xc .\CortexM3\ARM_GCC_493\Debug\freesoc.a(Left_QuadDec_Cnt16.o)
                0x00004198                Left_QuadDec_Cnt16_WritePeriod
 .text.Left_QuadDec_Cnt16_WriteCompare
                0x000041a4        0xc .\CortexM3\ARM_GCC_493\Debug\freesoc.a(Left_QuadDec_Cnt16.o)
                0x000041a4                Left_QuadDec_Cnt16_WriteCompare
 .text.Left_QuadDec_Cnt16_ClearFIFO
                0x000041b0       0x14 .\CortexM3\ARM_GCC_493\Debug\freesoc.a(Left_QuadDec_Cnt16.o)
                0x000041b0                Left_QuadDec_Cnt16_ClearFIFO
 .text.Left_QuadDec_Cnt16_Init
                0x000041c4       0x58 .\CortexM3\ARM_GCC_493\Debug\freesoc.a(Left_QuadDec_Cnt16.o)
                0x000041c4                Left_QuadDec_Cnt16_Init
 .text.Left_QuadDec_Cnt16_Start
                0x0000421c       0x1c .\CortexM3\ARM_GCC_493\Debug\freesoc.a(Left_QuadDec_Cnt16.o)
                0x0000421c                Left_QuadDec_Cnt16_Start
 .text.USBUART_Init
                0x00004238      0x140 .\CortexM3\ARM_GCC_493\Debug\freesoc.a(USBUART.o)
                0x00004238                USBUART_Init
 .text.USBUART_InitComponent
                0x00004378       0xd0 .\CortexM3\ARM_GCC_493\Debug\freesoc.a(USBUART.o)
                0x00004378                USBUART_InitComponent
 .text.USBUART_Start
                0x00004448       0x24 .\CortexM3\ARM_GCC_493\Debug\freesoc.a(USBUART.o)
                0x00004448                USBUART_Start
 .text.USBUART_ReInitComponent
                0x0000446c       0x64 .\CortexM3\ARM_GCC_493\Debug\freesoc.a(USBUART.o)
                0x0000446c                USBUART_ReInitComponent
 .text.USBUART_GetConfiguration
                0x000044d0        0xc .\CortexM3\ARM_GCC_493\Debug\freesoc.a(USBUART.o)
                0x000044d0                USBUART_GetConfiguration
 .text.USBUART_IsConfigurationChanged
                0x000044dc       0x20 .\CortexM3\ARM_GCC_493\Debug\freesoc.a(USBUART.o)
                0x000044dc                USBUART_IsConfigurationChanged
 .text.USBUART_GetEPState
                0x000044fc       0x14 .\CortexM3\ARM_GCC_493\Debug\freesoc.a(USBUART.o)
                0x000044fc                USBUART_GetEPState
 .text.USBUART_GetEPCount
                0x00004510       0x28 .\CortexM3\ARM_GCC_493\Debug\freesoc.a(USBUART.o)
                0x00004510                USBUART_GetEPCount
 .text.USBUART_LoadInEP
                0x00004538       0x94 .\CortexM3\ARM_GCC_493\Debug\freesoc.a(USBUART.o)
                0x00004538                USBUART_LoadInEP
 .text.USBUART_EnableOutEP
                0x000045cc       0x2c .\CortexM3\ARM_GCC_493\Debug\freesoc.a(USBUART.o)
                0x000045cc                USBUART_EnableOutEP
 .text.USBUART_ReadOutEP
                0x000045f8       0x50 .\CortexM3\ARM_GCC_493\Debug\freesoc.a(USBUART.o)
                0x000045f8                USBUART_ReadOutEP
 .text.USBUART_StrLen
                0x00004648       0x14 .\CortexM3\ARM_GCC_493\Debug\freesoc.a(USBUART_cdc.o)
 .text.USBUART_GetInterfaceComPort
                0x0000465c       0x3c .\CortexM3\ARM_GCC_493\Debug\freesoc.a(USBUART_cdc.o)
                0x0000465c                USBUART_GetInterfaceComPort
 .text.USBUART_DispatchCDCClassRqst
                0x00004698       0x98 .\CortexM3\ARM_GCC_493\Debug\freesoc.a(USBUART_cdc.o)
                0x00004698                USBUART_DispatchCDCClassRqst
 .text.USBUART_CDC_Init
                0x00004730       0x98 .\CortexM3\ARM_GCC_493\Debug\freesoc.a(USBUART_cdc.o)
                0x00004730                USBUART_CDC_Init
 .text.USBUART_PutString
                0x000047c8       0x9c .\CortexM3\ARM_GCC_493\Debug\freesoc.a(USBUART_cdc.o)
                0x000047c8                USBUART_PutString
 .text.USBUART_PutChar
                0x00004864       0x28 .\CortexM3\ARM_GCC_493\Debug\freesoc.a(USBUART_cdc.o)
                0x00004864                USBUART_PutChar
 .text.USBUART_DataIsReady
                0x0000488c       0x18 .\CortexM3\ARM_GCC_493\Debug\freesoc.a(USBUART_cdc.o)
                0x0000488c                USBUART_DataIsReady
 .text.USBUART_CDCIsReady
                0x000048a4       0x18 .\CortexM3\ARM_GCC_493\Debug\freesoc.a(USBUART_cdc.o)
                0x000048a4                USBUART_CDCIsReady
 .text.USBUART_GetChar
                0x000048bc       0x28 .\CortexM3\ARM_GCC_493\Debug\freesoc.a(USBUART_cdc.o)
                0x000048bc                USBUART_GetChar
 .text.USBUART_Cdc_EpInit
                0x000048e4       0x50 .\CortexM3\ARM_GCC_493\Debug\freesoc.a(USBUART_cdc.o)
                0x000048e4                USBUART_Cdc_EpInit
 .text.USBUART_LoadEP0
                0x00004934       0x94 .\CortexM3\ARM_GCC_493\Debug\freesoc.a(USBUART_drv.o)
                0x00004934                USBUART_LoadEP0
 .text.USBUART_InitZeroLengthControlTransfer
                0x000049c8       0x34 .\CortexM3\ARM_GCC_493\Debug\freesoc.a(USBUART_drv.o)
                0x000049c8                USBUART_InitZeroLengthControlTransfer
 .text.USBUART_ControlReadDataStage
                0x000049fc        0x8 .\CortexM3\ARM_GCC_493\Debug\freesoc.a(USBUART_drv.o)
                0x000049fc                USBUART_ControlReadDataStage
 .text.USBUART_ControlWriteDataStage
                0x00004a04       0x80 .\CortexM3\ARM_GCC_493\Debug\freesoc.a(USBUART_drv.o)
                0x00004a04                USBUART_ControlWriteDataStage
 .text.USBUART_InitNoDataControlTransfer
                0x00004a84       0x2c .\CortexM3\ARM_GCC_493\Debug\freesoc.a(USBUART_drv.o)
                0x00004a84                USBUART_InitNoDataControlTransfer
 .text.USBUART_UpdateStatusBlock
                0x00004ab0       0x24 .\CortexM3\ARM_GCC_493\Debug\freesoc.a(USBUART_drv.o)
                0x00004ab0                USBUART_UpdateStatusBlock
 .text.USBUART_HandleSetup
                0x00004ad4       0x5c .\CortexM3\ARM_GCC_493\Debug\freesoc.a(USBUART_drv.o)
                0x00004ad4                USBUART_HandleSetup
 .text.USBUART_ControlReadStatusStage
                0x00004b30       0x34 .\CortexM3\ARM_GCC_493\Debug\freesoc.a(USBUART_drv.o)
                0x00004b30                USBUART_ControlReadStatusStage
 .text.USBUART_HandleOUT
                0x00004b64       0x38 .\CortexM3\ARM_GCC_493\Debug\freesoc.a(USBUART_drv.o)
                0x00004b64                USBUART_HandleOUT
 .text.USBUART_ControlWriteStatusStage
                0x00004b9c       0x20 .\CortexM3\ARM_GCC_493\Debug\freesoc.a(USBUART_drv.o)
                0x00004b9c                USBUART_ControlWriteStatusStage
 .text.USBUART_NoDataControlStatusStage
                0x00004bbc       0x40 .\CortexM3\ARM_GCC_493\Debug\freesoc.a(USBUART_drv.o)
                0x00004bbc                USBUART_NoDataControlStatusStage
 .text.USBUART_HandleIN
                0x00004bfc       0x2c .\CortexM3\ARM_GCC_493\Debug\freesoc.a(USBUART_drv.o)
                0x00004bfc                USBUART_HandleIN
 .text.USBUART_EP_0_ISR
                0x00004c28       0xb8 .\CortexM3\ARM_GCC_493\Debug\freesoc.a(USBUART_drv.o)
                0x00004c28                USBUART_EP_0_ISR
 .text.USBUART_InitializeStatusBlock
                0x00004ce0       0x24 .\CortexM3\ARM_GCC_493\Debug\freesoc.a(USBUART_drv.o)
                0x00004ce0                USBUART_InitializeStatusBlock
 .text.USBUART_InitControlRead
                0x00004d04       0x50 .\CortexM3\ARM_GCC_493\Debug\freesoc.a(USBUART_drv.o)
                0x00004d04                USBUART_InitControlRead
 .text.USBUART_InitControlWrite
                0x00004d54       0x48 .\CortexM3\ARM_GCC_493\Debug\freesoc.a(USBUART_drv.o)
                0x00004d54                USBUART_InitControlWrite
 .text.USBUART_EP_1_ISR
                0x00004d9c       0x38 .\CortexM3\ARM_GCC_493\Debug\freesoc.a(USBUART_episr.o)
                0x00004d9c                USBUART_EP_1_ISR
 .text.USBUART_EP_2_ISR
                0x00004dd4       0x3c .\CortexM3\ARM_GCC_493\Debug\freesoc.a(USBUART_episr.o)
                0x00004dd4                USBUART_EP_2_ISR
 .text.USBUART_EP_3_ISR
                0x00004e10       0x44 .\CortexM3\ARM_GCC_493\Debug\freesoc.a(USBUART_episr.o)
                0x00004e10                USBUART_EP_3_ISR
 .text.USBUART_SOF_ISR
                0x00004e54        0x4 .\CortexM3\ARM_GCC_493\Debug\freesoc.a(USBUART_episr.o)
                0x00004e54                USBUART_SOF_ISR
 .text.USBUART_BUS_RESET_ISR
                0x00004e58        0x8 .\CortexM3\ARM_GCC_493\Debug\freesoc.a(USBUART_episr.o)
                0x00004e58                USBUART_BUS_RESET_ISR
 .text.USBUART_FindHidClassDecriptor
                0x00004e60       0x40 .\CortexM3\ARM_GCC_493\Debug\freesoc.a(USBUART_hid.o)
                0x00004e60                USBUART_FindHidClassDecriptor
 .text.USBUART_FindReportDescriptor
                0x00004ea0       0x48 .\CortexM3\ARM_GCC_493\Debug\freesoc.a(USBUART_hid.o)
                0x00004ea0                USBUART_FindReportDescriptor
 .text.USBUART_FindReport
                0x00004ee8       0x7c .\CortexM3\ARM_GCC_493\Debug\freesoc.a(USBUART_hid.o)
                0x00004ee8                USBUART_FindReport
 .text.USBUART_DispatchHIDClassRqst
                0x00004f64      0x184 .\CortexM3\ARM_GCC_493\Debug\freesoc.a(USBUART_hid.o)
                0x00004f64                USBUART_DispatchHIDClassRqst
 .text.USBUART_DP_ISR
                0x000050e8        0x8 .\CortexM3\ARM_GCC_493\Debug\freesoc.a(USBUART_pm.o)
                0x000050e8                USBUART_DP_ISR
 .text.USBUART_ReadDieID
                0x000050f0       0x6c .\CortexM3\ARM_GCC_493\Debug\freesoc.a(USBUART_std.o)
                0x000050f0                USBUART_ReadDieID
 .text.USBUART_ConfigReg
                0x0000515c       0xa4 .\CortexM3\ARM_GCC_493\Debug\freesoc.a(USBUART_std.o)
                0x0000515c                USBUART_ConfigReg
 .text.USBUART_GetConfigTablePtr
                0x00005200       0x28 .\CortexM3\ARM_GCC_493\Debug\freesoc.a(USBUART_std.o)
                0x00005200                USBUART_GetConfigTablePtr
 .text.USBUART_ConfigAltChanged
                0x00005228      0x11c .\CortexM3\ARM_GCC_493\Debug\freesoc.a(USBUART_std.o)
                0x00005228                USBUART_ConfigAltChanged
 .text.USBUART_GetDeviceTablePtr
                0x00005344       0x18 .\CortexM3\ARM_GCC_493\Debug\freesoc.a(USBUART_std.o)
                0x00005344                USBUART_GetDeviceTablePtr
 .text.USBUART_GetInterfaceClassTablePtr
                0x0000535c       0x24 .\CortexM3\ARM_GCC_493\Debug\freesoc.a(USBUART_std.o)
                0x0000535c                USBUART_GetInterfaceClassTablePtr
 .text.USBUART_Config
                0x00005380      0x1dc .\CortexM3\ARM_GCC_493\Debug\freesoc.a(USBUART_std.o)
                0x00005380                USBUART_Config
 .text.USBUART_SetEndpointHalt
                0x0000555c       0x64 .\CortexM3\ARM_GCC_493\Debug\freesoc.a(USBUART_std.o)
                0x0000555c                USBUART_SetEndpointHalt
 .text.USBUART_ClearEndpointHalt
                0x000055c0       0xa8 .\CortexM3\ARM_GCC_493\Debug\freesoc.a(USBUART_std.o)
                0x000055c0                USBUART_ClearEndpointHalt
 .text.USBUART_ValidateAlternateSetting
                0x00005668       0x4c .\CortexM3\ARM_GCC_493\Debug\freesoc.a(USBUART_std.o)
                0x00005668                USBUART_ValidateAlternateSetting
 .text.USBUART_HandleStandardRqst
                0x000056b4      0x35c .\CortexM3\ARM_GCC_493\Debug\freesoc.a(USBUART_std.o)
                0x000056b4                USBUART_HandleStandardRqst
 .text.USBUART_HandleVendorRqst
                0x00005a10       0x3c .\CortexM3\ARM_GCC_493\Debug\freesoc.a(USBUART_vnd.o)
                0x00005a10                USBUART_HandleVendorRqst
 .text.USBUART_Dp_ClearInterrupt
                0x00005a4c       0x10 .\CortexM3\ARM_GCC_493\Debug\freesoc.a(USBUART_Dp.o)
                0x00005a4c                USBUART_Dp_ClearInterrupt
 .text.SPIM_EnableRxInt
                0x00005a5c        0xc .\CortexM3\ARM_GCC_493\Debug\freesoc.a(SPIM.o)
                0x00005a5c                SPIM_EnableRxInt
 .text.SPIM_Enable
                0x00005a68       0x38 .\CortexM3\ARM_GCC_493\Debug\freesoc.a(SPIM.o)
                0x00005a68                SPIM_Enable
 .text.SPIM_DisableRxInt
                0x00005aa0        0xc .\CortexM3\ARM_GCC_493\Debug\freesoc.a(SPIM.o)
                0x00005aa0                SPIM_DisableRxInt
 .text.SPIM_ReadTxStatus
                0x00005aac        0xc .\CortexM3\ARM_GCC_493\Debug\freesoc.a(SPIM.o)
                0x00005aac                SPIM_ReadTxStatus
 .text.SPIM_ReadRxStatus
                0x00005ab8       0x28 .\CortexM3\ARM_GCC_493\Debug\freesoc.a(SPIM.o)
                0x00005ab8                SPIM_ReadRxStatus
 .text.SPIM_WriteTxData
                0x00005ae0       0x18 .\CortexM3\ARM_GCC_493\Debug\freesoc.a(SPIM.o)
                0x00005ae0                SPIM_WriteTxData
 .text.SPIM_ReadRxData
                0x00005af8       0x64 .\CortexM3\ARM_GCC_493\Debug\freesoc.a(SPIM.o)
                0x00005af8                SPIM_ReadRxData
 .text.SPIM_GetRxBufferSize
                0x00005b5c       0x54 .\CortexM3\ARM_GCC_493\Debug\freesoc.a(SPIM.o)
                0x00005b5c                SPIM_GetRxBufferSize
 .text.SPIM_ClearRxBuffer
                0x00005bb0       0x40 .\CortexM3\ARM_GCC_493\Debug\freesoc.a(SPIM.o)
                0x00005bb0                SPIM_ClearRxBuffer
 .text.SPIM_ClearTxBuffer
                0x00005bf0       0x24 .\CortexM3\ARM_GCC_493\Debug\freesoc.a(SPIM.o)
                0x00005bf0                SPIM_ClearTxBuffer
 .text.SPIM_PutArray
                0x00005c14       0x20 .\CortexM3\ARM_GCC_493\Debug\freesoc.a(SPIM.o)
                0x00005c14                SPIM_PutArray
 .text.SPIM_ClearFIFO
                0x00005c34       0x3c .\CortexM3\ARM_GCC_493\Debug\freesoc.a(SPIM.o)
                0x00005c34                SPIM_ClearFIFO
 .text.SPIM_Init
                0x00005c70       0x64 .\CortexM3\ARM_GCC_493\Debug\freesoc.a(SPIM.o)
                0x00005c70                SPIM_Init
 .text.SPIM_Start
                0x00005cd4       0x1c .\CortexM3\ARM_GCC_493\Debug\freesoc.a(SPIM.o)
                0x00005cd4                SPIM_Start
 .text.SPIM_RX_ISR
                0x00005cf0       0xa0 .\CortexM3\ARM_GCC_493\Debug\freesoc.a(SPIM_INT.o)
                0x00005cf0                SPIM_RX_ISR
 .text.Slave_Select_Write
                0x00005d90        0xc .\CortexM3\ARM_GCC_493\Debug\freesoc.a(Slave_Select.o)
                0x00005d90                Slave_Select_Write
 .text.CyFlashGetSpcAlgorithm
                0x00005d9c       0x4c .\CortexM3\ARM_GCC_493\Debug\freesoc.a(CyFlash.o)
 .text.CySetTempInt
                0x00005de8       0x60 .\CortexM3\ARM_GCC_493\Debug\freesoc.a(CyFlash.o)
 .text.CySetTemp
                0x00005e48       0x14 .\CortexM3\ARM_GCC_493\Debug\freesoc.a(CyFlash.o)
                0x00005e48                CySetTemp
 .text.CyEEPROM_Start
                0x00005e5c       0x54 .\CortexM3\ARM_GCC_493\Debug\freesoc.a(CyFlash.o)
                0x00005e5c                CyEEPROM_Start
 .text.CySpcStart
                0x00005eb0       0x24 .\CortexM3\ARM_GCC_493\Debug\freesoc.a(CySpc.o)
                0x00005eb0                CySpcStart
 .text.CySpcReadData
                0x00005ed4       0x34 .\CortexM3\ARM_GCC_493\Debug\freesoc.a(CySpc.o)
                0x00005ed4                CySpcReadData
 .text.CySpcLoadMultiByte
                0x00005f08       0x78 .\CortexM3\ARM_GCC_493\Debug\freesoc.a(CySpc.o)
                0x00005f08                CySpcLoadMultiByte
 .text.CySpcLoadRow
                0x00005f80       0x54 .\CortexM3\ARM_GCC_493\Debug\freesoc.a(CySpc.o)
                0x00005f80                CySpcLoadRow
 .text.CySpcWriteRow
                0x00005fd4       0x4c .\CortexM3\ARM_GCC_493\Debug\freesoc.a(CySpc.o)
                0x00005fd4                CySpcWriteRow
 .text.CySpcGetTemp
                0x00006020       0x3c .\CortexM3\ARM_GCC_493\Debug\freesoc.a(CySpc.o)
                0x00006020                CySpcGetTemp
 .text.CySpcLock
                0x0000605c       0x4c .\CortexM3\ARM_GCC_493\Debug\freesoc.a(CySpc.o)
                0x0000605c                CySpcLock
 .text.CySpcUnlock
                0x000060a8       0x38 .\CortexM3\ARM_GCC_493\Debug\freesoc.a(CySpc.o)
                0x000060a8                CySpcUnlock
 .text.CySpcGetAlgorithm
                0x000060e0       0x28 .\CortexM3\ARM_GCC_493\Debug\freesoc.a(CySpc.o)
                0x000060e0                CySpcGetAlgorithm
 .text.USBUART_DispatchClassRqst
                0x00006108       0x60 .\CortexM3\ARM_GCC_493\Debug\freesoc.a(USBUART_cls.o)
                0x00006108                USBUART_DispatchClassRqst
 .text.__fpclassifyf
                0x00006168       0x34 c:/program files (x86)/cypress/psoc creator/3.3/psoc creator/import/gnu/arm/4.9.3/bin/../lib/gcc/arm-none-eabi/4.9.3/../../../../arm-none-eabi/lib/armv7-m\libm.a(lib_a-sf_fpclassify.o)
                0x00006168                __fpclassifyf
 .text.pow      0x0000619c      0x2f0 c:/program files (x86)/cypress/psoc creator/3.3/psoc creator/import/gnu/arm/4.9.3/bin/../lib/gcc/arm-none-eabi/4.9.3/../../../../arm-none-eabi/lib/armv7-m\libm.a(lib_a-w_pow.o)
                0x0000619c                pow
 *fill*         0x0000648c        0x4 
 .text.__ieee754_pow
                0x00006490      0xaa0 c:/program files (x86)/cypress/psoc creator/3.3/psoc creator/import/gnu/arm/4.9.3/bin/../lib/gcc/arm-none-eabi/4.9.3/../../../../arm-none-eabi/lib/armv7-m\libm.a(lib_a-e_pow.o)
                0x00006490                __ieee754_pow
 .text.__ieee754_sqrt
                0x00006f30      0x18c c:/program files (x86)/cypress/psoc creator/3.3/psoc creator/import/gnu/arm/4.9.3/bin/../lib/gcc/arm-none-eabi/4.9.3/../../../../arm-none-eabi/lib/armv7-m\libm.a(lib_a-e_sqrt.o)
                0x00006f30                __ieee754_sqrt
 .text.fabs     0x000070bc        0x8 c:/program files (x86)/cypress/psoc creator/3.3/psoc creator/import/gnu/arm/4.9.3/bin/../lib/gcc/arm-none-eabi/4.9.3/../../../../arm-none-eabi/lib/armv7-m\libm.a(lib_a-s_fabs.o)
                0x000070bc                fabs
 .text.finite   0x000070c4        0xc c:/program files (x86)/cypress/psoc creator/3.3/psoc creator/import/gnu/arm/4.9.3/bin/../lib/gcc/arm-none-eabi/4.9.3/../../../../arm-none-eabi/lib/armv7-m\libm.a(lib_a-s_finite.o)
                0x000070c4                finite
 .text.__fpclassifyd
                0x000070d0       0x58 c:/program files (x86)/cypress/psoc creator/3.3/psoc creator/import/gnu/arm/4.9.3/bin/../lib/gcc/arm-none-eabi/4.9.3/../../../../arm-none-eabi/lib/armv7-m\libm.a(lib_a-s_fpclassify.o)
                0x000070d0                __fpclassifyd
 .text.matherr  0x00007128        0x4 c:/program files (x86)/cypress/psoc creator/3.3/psoc creator/import/gnu/arm/4.9.3/bin/../lib/gcc/arm-none-eabi/4.9.3/../../../../arm-none-eabi/lib/armv7-m\libm.a(lib_a-s_matherr.o)
                0x00007128                matherr
 .text.nan      0x0000712c        0xc c:/program files (x86)/cypress/psoc creator/3.3/psoc creator/import/gnu/arm/4.9.3/bin/../lib/gcc/arm-none-eabi/4.9.3/../../../../arm-none-eabi/lib/armv7-m\libm.a(lib_a-s_nan.o)
                0x0000712c                nan
 .text.rint     0x00007138      0x11c c:/program files (x86)/cypress/psoc creator/3.3/psoc creator/import/gnu/arm/4.9.3/bin/../lib/gcc/arm-none-eabi/4.9.3/../../../../arm-none-eabi/lib/armv7-m\libm.a(lib_a-s_rint.o)
                0x00007138                rint
 *fill*         0x00007254        0x4 
 .text.scalbn   0x00007258       0xf0 c:/program files (x86)/cypress/psoc creator/3.3/psoc creator/import/gnu/arm/4.9.3/bin/../lib/gcc/arm-none-eabi/4.9.3/../../../../arm-none-eabi/lib/armv7-m\libm.a(lib_a-s_scalbn.o)
                0x00007258                scalbn
 .text.copysign
                0x00007348       0x10 c:/program files (x86)/cypress/psoc creator/3.3/psoc creator/import/gnu/arm/4.9.3/bin/../lib/gcc/arm-none-eabi/4.9.3/../../../../arm-none-eabi/lib/armv7-m\libm.a(lib_a-s_copysign.o)
                0x00007348                copysign
 .text          0x00007358      0x370 c:/program files (x86)/cypress/psoc creator/3.3/psoc creator/import/gnu/arm/4.9.3/bin/../lib/gcc/arm-none-eabi/4.9.3/armv7-m\libgcc.a(_arm_addsubdf3.o)
                0x00007358                __aeabi_drsub
                0x00007360                __aeabi_dsub
                0x00007360                __subdf3
                0x00007364                __aeabi_dadd
                0x00007364                __adddf3
                0x000075dc                __floatunsidf
                0x000075dc                __aeabi_ui2d
                0x000075fc                __floatsidf
                0x000075fc                __aeabi_i2d
                0x00007620                __aeabi_f2d
                0x00007620                __extendsfdf2
                0x0000765c                __floatundidf
                0x0000765c                __aeabi_ul2d
                0x0000766c                __floatdidf
                0x0000766c                __aeabi_l2d
 .text          0x000076c8      0x424 c:/program files (x86)/cypress/psoc creator/3.3/psoc creator/import/gnu/arm/4.9.3/bin/../lib/gcc/arm-none-eabi/4.9.3/armv7-m\libgcc.a(_arm_muldivdf3.o)
                0x000076c8                __aeabi_dmul
                0x000076c8                __muldf3
                0x0000791c                __divdf3
                0x0000791c                __aeabi_ddiv
 .text          0x00007aec      0x110 c:/program files (x86)/cypress/psoc creator/3.3/psoc creator/import/gnu/arm/4.9.3/bin/../lib/gcc/arm-none-eabi/4.9.3/armv7-m\libgcc.a(_arm_cmpdf2.o)
                0x00007aec                __gtdf2
                0x00007aec                __gedf2
                0x00007af4                __ltdf2
                0x00007af4                __ledf2
                0x00007afc                __nedf2
                0x00007afc                __eqdf2
                0x00007afc                __cmpdf2
                0x00007b78                __aeabi_cdrcmple
                0x00007b88                __aeabi_cdcmpeq
                0x00007b88                __aeabi_cdcmple
                0x00007b98                __aeabi_dcmpeq
                0x00007bac                __aeabi_dcmplt
                0x00007bc0                __aeabi_dcmple
                0x00007bd4                __aeabi_dcmpge
                0x00007be8                __aeabi_dcmpgt
 .text          0x00007bfc       0x50 c:/program files (x86)/cypress/psoc creator/3.3/psoc creator/import/gnu/arm/4.9.3/bin/../lib/gcc/arm-none-eabi/4.9.3/armv7-m\libgcc.a(_arm_fixdfsi.o)
                0x00007bfc                __aeabi_d2iz
                0x00007bfc                __fixdfsi
 .text          0x00007c4c       0xa0 c:/program files (x86)/cypress/psoc creator/3.3/psoc creator/import/gnu/arm/4.9.3/bin/../lib/gcc/arm-none-eabi/4.9.3/armv7-m\libgcc.a(_arm_truncdfsf2.o)
                0x00007c4c                __truncdfsf2
                0x00007c4c                __aeabi_d2f
 .text          0x00007cec      0x21c c:/program files (x86)/cypress/psoc creator/3.3/psoc creator/import/gnu/arm/4.9.3/bin/../lib/gcc/arm-none-eabi/4.9.3/armv7-m\libgcc.a(_arm_addsubsf3.o)
                0x00007cec                __aeabi_frsub
                0x00007cf4                __subsf3
                0x00007cf4                __aeabi_fsub
                0x00007cf8                __aeabi_fadd
                0x00007cf8                __addsf3
                0x00007e58                __aeabi_ui2f
                0x00007e58                __floatunsisf
                0x00007e60                __aeabi_i2f
                0x00007e60                __floatsisf
                0x00007e7c                __aeabi_ul2f
                0x00007e7c                __floatundisf
                0x00007e8c                __aeabi_l2f
                0x00007e8c                __floatdisf
 .text          0x00007f08      0x2a0 c:/program files (x86)/cypress/psoc creator/3.3/psoc creator/import/gnu/arm/4.9.3/bin/../lib/gcc/arm-none-eabi/4.9.3/armv7-m\libgcc.a(_arm_muldivsf3.o)
                0x00007f08                __mulsf3
                0x00007f08                __aeabi_fmul
                0x00008070                __aeabi_fdiv
                0x00008070                __divsf3
 .text          0x000081a8       0xec c:/program files (x86)/cypress/psoc creator/3.3/psoc creator/import/gnu/arm/4.9.3/bin/../lib/gcc/arm-none-eabi/4.9.3/armv7-m\libgcc.a(_arm_cmpsf2.o)
                0x000081a8                __gesf2
                0x000081a8                __gtsf2
                0x000081b0                __lesf2
                0x000081b0                __ltsf2
                0x000081b8                __nesf2
                0x000081b8                __eqsf2
                0x000081b8                __cmpsf2
                0x00008218                __aeabi_cfrcmple
                0x00008220                __aeabi_cfcmpeq
                0x00008220                __aeabi_cfcmple
                0x00008230                __aeabi_fcmpeq
                0x00008244                __aeabi_fcmplt
                0x00008258                __aeabi_fcmple
                0x0000826c                __aeabi_fcmpge
                0x00008280                __aeabi_fcmpgt
 .text          0x00008294       0x4c c:/program files (x86)/cypress/psoc creator/3.3/psoc creator/import/gnu/arm/4.9.3/bin/../lib/gcc/arm-none-eabi/4.9.3/armv7-m\libgcc.a(_arm_fixsfsi.o)
                0x00008294                __aeabi_f2iz
                0x00008294                __fixsfsi
 .text.__assert_func
                0x000082e0       0x38 c:/program files (x86)/cypress/psoc creator/3.3/psoc creator/import/gnu/arm/4.9.3/bin/../lib/gcc/arm-none-eabi/4.9.3/../../../../arm-none-eabi/lib/armv7-m\libg_nano.a(lib_a-assert.o)
                0x000082e0                __assert_func
 .text.atof     0x00008318        0x6 c:/program files (x86)/cypress/psoc creator/3.3/psoc creator/import/gnu/arm/4.9.3/bin/../lib/gcc/arm-none-eabi/4.9.3/../../../../arm-none-eabi/lib/armv7-m\libg_nano.a(lib_a-atof.o)
                0x00008318                atof
 *fill*         0x0000831e        0x2 
 .text.__errno  0x00008320        0xc c:/program files (x86)/cypress/psoc creator/3.3/psoc creator/import/gnu/arm/4.9.3/bin/../lib/gcc/arm-none-eabi/4.9.3/../../../../arm-none-eabi/lib/armv7-m\libg_nano.a(lib_a-errno.o)
                0x00008320                __errno
 .text.fprintf  0x0000832c       0x24 c:/program files (x86)/cypress/psoc creator/3.3/psoc creator/import/gnu/arm/4.9.3/bin/../lib/gcc/arm-none-eabi/4.9.3/../../../../arm-none-eabi/lib/armv7-m\libg_nano.a(lib_a-fprintf.o)
                0x0000832c                fiprintf
                0x0000832c                fprintf
 .text.__libc_init_array
                0x00008350       0x4c c:/program files (x86)/cypress/psoc creator/3.3/psoc creator/import/gnu/arm/4.9.3/bin/../lib/gcc/arm-none-eabi/4.9.3/../../../../arm-none-eabi/lib/armv7-m\libg_nano.a(lib_a-init.o)
                0x00008350                __libc_init_array
 .text.__itoa   0x0000839c       0x2e c:/program files (x86)/cypress/psoc creator/3.3/psoc creator/import/gnu/arm/4.9.3/bin/../lib/gcc/arm-none-eabi/4.9.3/../../../../arm-none-eabi/lib/armv7-m\libg_nano.a(lib_a-itoa.o)
                0x0000839c                __itoa
 .text.itoa     0x000083ca        0x4 c:/program files (x86)/cypress/psoc creator/3.3/psoc creator/import/gnu/arm/4.9.3/bin/../lib/gcc/arm-none-eabi/4.9.3/../../../../arm-none-eabi/lib/armv7-m\libg_nano.a(lib_a-itoa.o)
                0x000083ca                itoa
 .text.memcpy   0x000083ce       0x16 c:/program files (x86)/cypress/psoc creator/3.3/psoc creator/import/gnu/arm/4.9.3/bin/../lib/gcc/arm-none-eabi/4.9.3/../../../../arm-none-eabi/lib/armv7-m\libg_nano.a(lib_a-memcpy.o)
                0x000083ce                memcpy
 .text.memset   0x000083e4       0x10 c:/program files (x86)/cypress/psoc creator/3.3/psoc creator/import/gnu/arm/4.9.3/bin/../lib/gcc/arm-none-eabi/4.9.3/../../../../arm-none-eabi/lib/armv7-m\libg_nano.a(lib_a-memset.o)
                0x000083e4                memset
 .text.__sfputc_r
                0x000083f4       0x2c c:/program files (x86)/cypress/psoc creator/3.3/psoc creator/import/gnu/arm/4.9.3/bin/../lib/gcc/arm-none-eabi/4.9.3/../../../../arm-none-eabi/lib/armv7-m\libg_nano.a(lib_a-nano-vfprintf.o)
 .text.__sfputs_r
                0x00008420       0x24 c:/program files (x86)/cypress/psoc creator/3.3/psoc creator/import/gnu/arm/4.9.3/bin/../lib/gcc/arm-none-eabi/4.9.3/../../../../arm-none-eabi/lib/armv7-m\libg_nano.a(lib_a-nano-vfprintf.o)
                0x00008420                __sfputs_r
 .text._vfprintf_r
                0x00008444      0x210 c:/program files (x86)/cypress/psoc creator/3.3/psoc creator/import/gnu/arm/4.9.3/bin/../lib/gcc/arm-none-eabi/4.9.3/../../../../arm-none-eabi/lib/armv7-m\libg_nano.a(lib_a-nano-vfprintf.o)
                0x00008444                _vfprintf_r
                0x00008444                _vfiprintf_r
 .text.__cvt    0x00008654       0xbc c:/program files (x86)/cypress/psoc creator/3.3/psoc creator/import/gnu/arm/4.9.3/bin/../lib/gcc/arm-none-eabi/4.9.3/../../../../arm-none-eabi/lib/armv7-m\libg_nano.a(lib_a-nano-vfprintf_float.o)
                0x00008654                __cvt
 .text.__exponent
                0x00008710       0x62 c:/program files (x86)/cypress/psoc creator/3.3/psoc creator/import/gnu/arm/4.9.3/bin/../lib/gcc/arm-none-eabi/4.9.3/../../../../arm-none-eabi/lib/armv7-m\libg_nano.a(lib_a-nano-vfprintf_float.o)
                0x00008710                __exponent
 *fill*         0x00008772        0x2 
 .text._printf_float
                0x00008774      0x48c c:/program files (x86)/cypress/psoc creator/3.3/psoc creator/import/gnu/arm/4.9.3/bin/../lib/gcc/arm-none-eabi/4.9.3/../../../../arm-none-eabi/lib/armv7-m\libg_nano.a(lib_a-nano-vfprintf_float.o)
                0x00008774                _printf_float
 .text._printf_common
                0x00008c00       0xea c:/program files (x86)/cypress/psoc creator/3.3/psoc creator/import/gnu/arm/4.9.3/bin/../lib/gcc/arm-none-eabi/4.9.3/../../../../arm-none-eabi/lib/armv7-m\libg_nano.a(lib_a-nano-vfprintf_i.o)
                0x00008c00                _printf_common
 *fill*         0x00008cea        0x2 
 .text._printf_i
                0x00008cec      0x240 c:/program files (x86)/cypress/psoc creator/3.3/psoc creator/import/gnu/arm/4.9.3/bin/../lib/gcc/arm-none-eabi/4.9.3/../../../../arm-none-eabi/lib/armv7-m\libg_nano.a(lib_a-nano-vfprintf_i.o)
                0x00008cec                _printf_i
 .text.snprintf
                0x00008f2c       0x64 c:/program files (x86)/cypress/psoc creator/3.3/psoc creator/import/gnu/arm/4.9.3/bin/../lib/gcc/arm-none-eabi/4.9.3/../../../../arm-none-eabi/lib/armv7-m\libg_nano.a(lib_a-snprintf.o)
                0x00008f2c                sniprintf
                0x00008f2c                snprintf
 .text.sprintf  0x00008f90       0x48 c:/program files (x86)/cypress/psoc creator/3.3/psoc creator/import/gnu/arm/4.9.3/bin/../lib/gcc/arm-none-eabi/4.9.3/../../../../arm-none-eabi/lib/armv7-m\libg_nano.a(lib_a-sprintf.o)
                0x00008f90                siprintf
                0x00008f90                sprintf
 .text.strlen   0x00008fd8       0x10 c:/program files (x86)/cypress/psoc creator/3.3/psoc creator/import/gnu/arm/4.9.3/bin/../lib/gcc/arm-none-eabi/4.9.3/../../../../arm-none-eabi/lib/armv7-m\libg_nano.a(lib_a-strlen.o)
                0x00008fd8                strlen
 .text.match    0x00008fe8       0x26 c:/program files (x86)/cypress/psoc creator/3.3/psoc creator/import/gnu/arm/4.9.3/bin/../lib/gcc/arm-none-eabi/4.9.3/../../../../arm-none-eabi/lib/armv7-m\libg_nano.a(lib_a-strtod.o)
 .text.sulp     0x0000900e       0x42 c:/program files (x86)/cypress/psoc creator/3.3/psoc creator/import/gnu/arm/4.9.3/bin/../lib/gcc/arm-none-eabi/4.9.3/../../../../arm-none-eabi/lib/armv7-m\libg_nano.a(lib_a-strtod.o)
 .text._strtod_r
                0x00009050      0xc40 c:/program files (x86)/cypress/psoc creator/3.3/psoc creator/import/gnu/arm/4.9.3/bin/../lib/gcc/arm-none-eabi/4.9.3/../../../../arm-none-eabi/lib/armv7-m\libg_nano.a(lib_a-strtod.o)
                0x00009050                _strtod_r
 .text.strtod   0x00009c90       0x14 c:/program files (x86)/cypress/psoc creator/3.3/psoc creator/import/gnu/arm/4.9.3/bin/../lib/gcc/arm-none-eabi/4.9.3/../../../../arm-none-eabi/lib/armv7-m\libg_nano.a(lib_a-strtod.o)
                0x00009c90                strtod
 .text.__utoa   0x00009ca4       0x78 c:/program files (x86)/cypress/psoc creator/3.3/psoc creator/import/gnu/arm/4.9.3/bin/../lib/gcc/arm-none-eabi/4.9.3/../../../../arm-none-eabi/lib/armv7-m\libg_nano.a(lib_a-utoa.o)
                0x00009ca4                __utoa
 .text.__swbuf_r
                0x00009d1c       0xa8 c:/program files (x86)/cypress/psoc creator/3.3/psoc creator/import/gnu/arm/4.9.3/bin/../lib/gcc/arm-none-eabi/4.9.3/../../../../arm-none-eabi/lib/armv7-m\libg_nano.a(lib_a-wbuf.o)
                0x00009d1c                __swbuf_r
 .text.__swsetup_r
                0x00009dc4       0xd8 c:/program files (x86)/cypress/psoc creator/3.3/psoc creator/import/gnu/arm/4.9.3/bin/../lib/gcc/arm-none-eabi/4.9.3/../../../../arm-none-eabi/lib/armv7-m\libg_nano.a(lib_a-wsetup.o)
                0x00009dc4                __swsetup_r
 .text.abort    0x00009e9c        0xe c:/program files (x86)/cypress/psoc creator/3.3/psoc creator/import/gnu/arm/4.9.3/bin/../lib/gcc/arm-none-eabi/4.9.3/../../../../arm-none-eabi/lib/armv7-m\libg_nano.a(lib_a-abort.o)
                0x00009e9c                abort
 .text.quorem   0x00009eaa      0x114 c:/program files (x86)/cypress/psoc creator/3.3/psoc creator/import/gnu/arm/4.9.3/bin/../lib/gcc/arm-none-eabi/4.9.3/../../../../arm-none-eabi/lib/armv7-m\libg_nano.a(lib_a-dtoa.o)
 *fill*         0x00009fbe        0x2 
 .text._dtoa_r  0x00009fc0      0xb78 c:/program files (x86)/cypress/psoc creator/3.3/psoc creator/import/gnu/arm/4.9.3/bin/../lib/gcc/arm-none-eabi/4.9.3/../../../../arm-none-eabi/lib/armv7-m\libg_nano.a(lib_a-dtoa.o)
                0x00009fc0                _dtoa_r
 .text.__sflush_r
                0x0000ab38      0x106 c:/program files (x86)/cypress/psoc creator/3.3/psoc creator/import/gnu/arm/4.9.3/bin/../lib/gcc/arm-none-eabi/4.9.3/../../../../arm-none-eabi/lib/armv7-m\libg_nano.a(lib_a-fflush.o)
                0x0000ab38                __sflush_r
 *fill*         0x0000ac3e        0x2 
 .text._fflush_r
                0x0000ac40       0x54 c:/program files (x86)/cypress/psoc creator/3.3/psoc creator/import/gnu/arm/4.9.3/bin/../lib/gcc/arm-none-eabi/4.9.3/../../../../arm-none-eabi/lib/armv7-m\libg_nano.a(lib_a-fflush.o)
                0x0000ac40                _fflush_r
 .text._cleanup_r
                0x0000ac94        0xc c:/program files (x86)/cypress/psoc creator/3.3/psoc creator/import/gnu/arm/4.9.3/bin/../lib/gcc/arm-none-eabi/4.9.3/../../../../arm-none-eabi/lib/armv7-m\libg_nano.a(lib_a-findfp.o)
                0x0000ac94                _cleanup_r
 .text.std.isra.0
                0x0000aca0       0x48 c:/program files (x86)/cypress/psoc creator/3.3/psoc creator/import/gnu/arm/4.9.3/bin/../lib/gcc/arm-none-eabi/4.9.3/../../../../arm-none-eabi/lib/armv7-m\libg_nano.a(lib_a-findfp.o)
 .text.__sfmoreglue
                0x0000ace8       0x2c c:/program files (x86)/cypress/psoc creator/3.3/psoc creator/import/gnu/arm/4.9.3/bin/../lib/gcc/arm-none-eabi/4.9.3/../../../../arm-none-eabi/lib/armv7-m\libg_nano.a(lib_a-findfp.o)
                0x0000ace8                __sfmoreglue
 .text.__sinit  0x0000ad14       0x60 c:/program files (x86)/cypress/psoc creator/3.3/psoc creator/import/gnu/arm/4.9.3/bin/../lib/gcc/arm-none-eabi/4.9.3/../../../../arm-none-eabi/lib/armv7-m\libg_nano.a(lib_a-findfp.o)
                0x0000ad14                __sinit
 .text.__sfp    0x0000ad74       0x74 c:/program files (x86)/cypress/psoc creator/3.3/psoc creator/import/gnu/arm/4.9.3/bin/../lib/gcc/arm-none-eabi/4.9.3/../../../../arm-none-eabi/lib/armv7-m\libg_nano.a(lib_a-findfp.o)
                0x0000ad74                __sfp
 .text._fwalk_reent
                0x0000ade8       0x3c c:/program files (x86)/cypress/psoc creator/3.3/psoc creator/import/gnu/arm/4.9.3/bin/../lib/gcc/arm-none-eabi/4.9.3/../../../../arm-none-eabi/lib/armv7-m\libg_nano.a(lib_a-fwalk.o)
                0x0000ade8                _fwalk_reent
 .text.rshift   0x0000ae24       0x6c c:/program files (x86)/cypress/psoc creator/3.3/psoc creator/import/gnu/arm/4.9.3/bin/../lib/gcc/arm-none-eabi/4.9.3/../../../../arm-none-eabi/lib/armv7-m\libg_nano.a(lib_a-gdtoa-gethex.o)
 .text.__hexdig_fun
                0x0000ae90       0x2a c:/program files (x86)/cypress/psoc creator/3.3/psoc creator/import/gnu/arm/4.9.3/bin/../lib/gcc/arm-none-eabi/4.9.3/../../../../arm-none-eabi/lib/armv7-m\libg_nano.a(lib_a-gdtoa-gethex.o)
                0x0000ae90                __hexdig_fun
 .text.__gethex
                0x0000aeba      0x44a c:/program files (x86)/cypress/psoc creator/3.3/psoc creator/import/gnu/arm/4.9.3/bin/../lib/gcc/arm-none-eabi/4.9.3/../../../../arm-none-eabi/lib/armv7-m\libg_nano.a(lib_a-gdtoa-gethex.o)
                0x0000aeba                __gethex
 .text.L_shift  0x0000b304       0x24 c:/program files (x86)/cypress/psoc creator/3.3/psoc creator/import/gnu/arm/4.9.3/bin/../lib/gcc/arm-none-eabi/4.9.3/../../../../arm-none-eabi/lib/armv7-m\libg_nano.a(lib_a-gdtoa-hexnan.o)
 .text.__hexnan
                0x0000b328      0x114 c:/program files (x86)/cypress/psoc creator/3.3/psoc creator/import/gnu/arm/4.9.3/bin/../lib/gcc/arm-none-eabi/4.9.3/../../../../arm-none-eabi/lib/armv7-m\libg_nano.a(lib_a-gdtoa-hexnan.o)
                0x0000b328                __hexnan
 .text._localeconv_r
                0x0000b43c        0x8 c:/program files (x86)/cypress/psoc creator/3.3/psoc creator/import/gnu/arm/4.9.3/bin/../lib/gcc/arm-none-eabi/4.9.3/../../../../arm-none-eabi/lib/armv7-m\libg_nano.a(lib_a-locale.o)
                0x0000b43c                _localeconv_r
 .text.__smakebuf_r
                0x0000b444       0x98 c:/program files (x86)/cypress/psoc creator/3.3/psoc creator/import/gnu/arm/4.9.3/bin/../lib/gcc/arm-none-eabi/4.9.3/../../../../arm-none-eabi/lib/armv7-m\libg_nano.a(lib_a-makebuf.o)
                0x0000b444                __smakebuf_r
 .text.malloc   0x0000b4dc       0x10 c:/program files (x86)/cypress/psoc creator/3.3/psoc creator/import/gnu/arm/4.9.3/bin/../lib/gcc/arm-none-eabi/4.9.3/../../../../arm-none-eabi/lib/armv7-m\libg_nano.a(lib_a-malloc.o)
                0x0000b4dc                malloc
 .text.memchr   0x0000b4ec       0x1c c:/program files (x86)/cypress/psoc creator/3.3/psoc creator/import/gnu/arm/4.9.3/bin/../lib/gcc/arm-none-eabi/4.9.3/../../../../arm-none-eabi/lib/armv7-m\libg_nano.a(lib_a-memchr.o)
                0x0000b4ec                memchr
 .text.memmove  0x0000b508       0x36 c:/program files (x86)/cypress/psoc creator/3.3/psoc creator/import/gnu/arm/4.9.3/bin/../lib/gcc/arm-none-eabi/4.9.3/../../../../arm-none-eabi/lib/armv7-m\libg_nano.a(lib_a-memmove.o)
                0x0000b508                memmove
 .text._Balloc  0x0000b53e       0x6a c:/program files (x86)/cypress/psoc creator/3.3/psoc creator/import/gnu/arm/4.9.3/bin/../lib/gcc/arm-none-eabi/4.9.3/../../../../arm-none-eabi/lib/armv7-m\libg_nano.a(lib_a-mprec.o)
                0x0000b53e                _Balloc
 .text._Bfree   0x0000b5a8       0x2e c:/program files (x86)/cypress/psoc creator/3.3/psoc creator/import/gnu/arm/4.9.3/bin/../lib/gcc/arm-none-eabi/4.9.3/../../../../arm-none-eabi/lib/armv7-m\libg_nano.a(lib_a-mprec.o)
                0x0000b5a8                _Bfree
 .text.__multadd
                0x0000b5d6       0x7c c:/program files (x86)/cypress/psoc creator/3.3/psoc creator/import/gnu/arm/4.9.3/bin/../lib/gcc/arm-none-eabi/4.9.3/../../../../arm-none-eabi/lib/armv7-m\libg_nano.a(lib_a-mprec.o)
                0x0000b5d6                __multadd
 .text.__s2b    0x0000b652       0x80 c:/program files (x86)/cypress/psoc creator/3.3/psoc creator/import/gnu/arm/4.9.3/bin/../lib/gcc/arm-none-eabi/4.9.3/../../../../arm-none-eabi/lib/armv7-m\libg_nano.a(lib_a-mprec.o)
                0x0000b652                __s2b
 .text.__hi0bits
                0x0000b6d2       0x40 c:/program files (x86)/cypress/psoc creator/3.3/psoc creator/import/gnu/arm/4.9.3/bin/../lib/gcc/arm-none-eabi/4.9.3/../../../../arm-none-eabi/lib/armv7-m\libg_nano.a(lib_a-mprec.o)
                0x0000b6d2                __hi0bits
 .text.__lo0bits
                0x0000b712       0x5a c:/program files (x86)/cypress/psoc creator/3.3/psoc creator/import/gnu/arm/4.9.3/bin/../lib/gcc/arm-none-eabi/4.9.3/../../../../arm-none-eabi/lib/armv7-m\libg_nano.a(lib_a-mprec.o)
                0x0000b712                __lo0bits
 .text.__i2b    0x0000b76c       0x12 c:/program files (x86)/cypress/psoc creator/3.3/psoc creator/import/gnu/arm/4.9.3/bin/../lib/gcc/arm-none-eabi/4.9.3/../../../../arm-none-eabi/lib/armv7-m\libg_nano.a(lib_a-mprec.o)
                0x0000b76c                __i2b
 .text.__multiply
                0x0000b77e      0x120 c:/program files (x86)/cypress/psoc creator/3.3/psoc creator/import/gnu/arm/4.9.3/bin/../lib/gcc/arm-none-eabi/4.9.3/../../../../arm-none-eabi/lib/armv7-m\libg_nano.a(lib_a-mprec.o)
                0x0000b77e                __multiply
 *fill*         0x0000b89e        0x2 
 .text.__pow5mult
                0x0000b8a0       0x9c c:/program files (x86)/cypress/psoc creator/3.3/psoc creator/import/gnu/arm/4.9.3/bin/../lib/gcc/arm-none-eabi/4.9.3/../../../../arm-none-eabi/lib/armv7-m\libg_nano.a(lib_a-mprec.o)
                0x0000b8a0                __pow5mult
 .text.__lshift
                0x0000b93c       0xa6 c:/program files (x86)/cypress/psoc creator/3.3/psoc creator/import/gnu/arm/4.9.3/bin/../lib/gcc/arm-none-eabi/4.9.3/../../../../arm-none-eabi/lib/armv7-m\libg_nano.a(lib_a-mprec.o)
                0x0000b93c                __lshift
 .text.__mcmp   0x0000b9e2       0x38 c:/program files (x86)/cypress/psoc creator/3.3/psoc creator/import/gnu/arm/4.9.3/bin/../lib/gcc/arm-none-eabi/4.9.3/../../../../arm-none-eabi/lib/armv7-m\libg_nano.a(lib_a-mprec.o)
                0x0000b9e2                __mcmp
 .text.__mdiff  0x0000ba1a       0xbe c:/program files (x86)/cypress/psoc creator/3.3/psoc creator/import/gnu/arm/4.9.3/bin/../lib/gcc/arm-none-eabi/4.9.3/../../../../arm-none-eabi/lib/armv7-m\libg_nano.a(lib_a-mprec.o)
                0x0000ba1a                __mdiff
 .text.__ulp    0x0000bad8       0x48 c:/program files (x86)/cypress/psoc creator/3.3/psoc creator/import/gnu/arm/4.9.3/bin/../lib/gcc/arm-none-eabi/4.9.3/../../../../arm-none-eabi/lib/armv7-m\libg_nano.a(lib_a-mprec.o)
                0x0000bad8                __ulp
 .text.__b2d    0x0000bb20       0x9e c:/program files (x86)/cypress/psoc creator/3.3/psoc creator/import/gnu/arm/4.9.3/bin/../lib/gcc/arm-none-eabi/4.9.3/../../../../arm-none-eabi/lib/armv7-m\libg_nano.a(lib_a-mprec.o)
                0x0000bb20                __b2d
 .text.__d2b    0x0000bbbe       0xa4 c:/program files (x86)/cypress/psoc creator/3.3/psoc creator/import/gnu/arm/4.9.3/bin/../lib/gcc/arm-none-eabi/4.9.3/../../../../arm-none-eabi/lib/armv7-m\libg_nano.a(lib_a-mprec.o)
                0x0000bbbe                __d2b
 .text.__ratio  0x0000bc62       0x50 c:/program files (x86)/cypress/psoc creator/3.3/psoc creator/import/gnu/arm/4.9.3/bin/../lib/gcc/arm-none-eabi/4.9.3/../../../../arm-none-eabi/lib/armv7-m\libg_nano.a(lib_a-mprec.o)
                0x0000bc62                __ratio
 .text.__copybits
                0x0000bcb2       0x34 c:/program files (x86)/cypress/psoc creator/3.3/psoc creator/import/gnu/arm/4.9.3/bin/../lib/gcc/arm-none-eabi/4.9.3/../../../../arm-none-eabi/lib/armv7-m\libg_nano.a(lib_a-mprec.o)
                0x0000bcb2                __copybits
 .text.__any_on
                0x0000bce6       0x44 c:/program files (x86)/cypress/psoc creator/3.3/psoc creator/import/gnu/arm/4.9.3/bin/../lib/gcc/arm-none-eabi/4.9.3/../../../../arm-none-eabi/lib/armv7-m\libg_nano.a(lib_a-mprec.o)
                0x0000bce6                __any_on
 .text._calloc_r
                0x0000bd2a       0x1c c:/program files (x86)/cypress/psoc creator/3.3/psoc creator/import/gnu/arm/4.9.3/bin/../lib/gcc/arm-none-eabi/4.9.3/../../../../arm-none-eabi/lib/armv7-m\libg_nano.a(lib_a-nano-callocr.o)
                0x0000bd2a                _calloc_r
 *fill*         0x0000bd46        0x2 
 .text._free_r  0x0000bd48       0x88 c:/program files (x86)/cypress/psoc creator/3.3/psoc creator/import/gnu/arm/4.9.3/bin/../lib/gcc/arm-none-eabi/4.9.3/../../../../arm-none-eabi/lib/armv7-m\libg_nano.a(lib_a-nano-freer.o)
                0x0000bd48                _free_r
 .text._malloc_r
                0x0000bdd0       0xac c:/program files (x86)/cypress/psoc creator/3.3/psoc creator/import/gnu/arm/4.9.3/bin/../lib/gcc/arm-none-eabi/4.9.3/../../../../arm-none-eabi/lib/armv7-m\libg_nano.a(lib_a-nano-mallocr.o)
                0x0000bdd0                _malloc_r
 .text._realloc_r
                0x0000be7c       0x4c c:/program files (x86)/cypress/psoc creator/3.3/psoc creator/import/gnu/arm/4.9.3/bin/../lib/gcc/arm-none-eabi/4.9.3/../../../../arm-none-eabi/lib/armv7-m\libg_nano.a(lib_a-nano-reallocr.o)
                0x0000be7c                _realloc_r
 .text.__ssputs_r
                0x0000bec8       0xb2 c:/program files (x86)/cypress/psoc creator/3.3/psoc creator/import/gnu/arm/4.9.3/bin/../lib/gcc/arm-none-eabi/4.9.3/../../../../arm-none-eabi/lib/armv7-m\libg_nano.a(lib_a-nano-svfprintf.o)
                0x0000bec8                __ssputs_r
 *fill*         0x0000bf7a        0x2 
 .text._svfprintf_r
                0x0000bf7c      0x1e4 c:/program files (x86)/cypress/psoc creator/3.3/psoc creator/import/gnu/arm/4.9.3/bin/../lib/gcc/arm-none-eabi/4.9.3/../../../../arm-none-eabi/lib/armv7-m\libg_nano.a(lib_a-nano-svfprintf.o)
                0x0000bf7c                _svfiprintf_r
                0x0000bf7c                _svfprintf_r