Archive member included because of file (symbol)

.\CortexM3\ARM_GCC_493\Debug\freesoc.a(cyfitter_cfg.o)
                              .\CortexM3\ARM_GCC_493\Debug\infrared.o (Front_AMuxSeq_DisconnectAll)
.\CortexM3\ARM_GCC_493\Debug\freesoc.a(Left_HB25_Enable_Pin.o)
                              .\CortexM3\ARM_GCC_493\Debug\motor.o (Left_HB25_Enable_Pin_Write)
.\CortexM3\ARM_GCC_493\Debug\freesoc.a(Left_HB25_PWM.o)
                              .\CortexM3\ARM_GCC_493\Debug\motor.o (Left_HB25_PWM_Stop)
.\CortexM3\ARM_GCC_493\Debug\freesoc.a(Right_HB25_Enable_Pin.o)
                              .\CortexM3\ARM_GCC_493\Debug\motor.o (Right_HB25_Enable_Pin_Write)
.\CortexM3\ARM_GCC_493\Debug\freesoc.a(Right_HB25_PWM.o)
                              .\CortexM3\ARM_GCC_493\Debug\motor.o (Right_HB25_PWM_Stop)
.\CortexM3\ARM_GCC_493\Debug\freesoc.a(CyBootAsmGnu.o)
                              .\CortexM3\ARM_GCC_493\Debug\freesoc.a(cyfitter_cfg.o) (CyDelayCycles)
.\CortexM3\ARM_GCC_493\Debug\freesoc.a(CyLib.o)
                              .\CortexM3\ARM_GCC_493\Debug\Cm3Start.o (CyHalt)
.\CortexM3\ARM_GCC_493\Debug\freesoc.a(cyPm.o)
                              .\CortexM3\ARM_GCC_493\Debug\freesoc.a(CyLib.o) (CyPmReadStatus)
.\CortexM3\ARM_GCC_493\Debug\freesoc.a(EZI2C_Slave.o)
                              .\CortexM3\ARM_GCC_493\Debug\i2c.o (EZI2C_Slave_Start)
.\CortexM3\ARM_GCC_493\Debug\freesoc.a(EZI2C_Slave_PM.o)
                              .\CortexM3\ARM_GCC_493\Debug\freesoc.a(EZI2C_Slave.o) (EZI2C_Slave_backup)
.\CortexM3\ARM_GCC_493\Debug\freesoc.a(EZI2C_Slave_INT.o)
                              .\CortexM3\ARM_GCC_493\Debug\freesoc.a(EZI2C_Slave.o) (EZI2C_Slave_ISR)
.\CortexM3\ARM_GCC_493\Debug\freesoc.a(Front_Echo_Intr.o)
                              .\CortexM3\ARM_GCC_493\Debug\ultrasonic.o (Front_Echo_Intr_StartEx)
.\CortexM3\ARM_GCC_493\Debug\freesoc.a(Front_Trigger_Reg.o)
                              .\CortexM3\ARM_GCC_493\Debug\ultrasonic.o (Front_Trigger_Reg_Write)
.\CortexM3\ARM_GCC_493\Debug\freesoc.a(Front_Trigger_Select_Reg.o)
                              .\CortexM3\ARM_GCC_493\Debug\ultrasonic.o (Front_Trigger_Select_Reg_Write)
.\CortexM3\ARM_GCC_493\Debug\freesoc.a(Front_Echo_Timer.o)
                              .\CortexM3\ARM_GCC_493\Debug\ultrasonic.o (Front_Echo_Timer_ReadCounter)
.\CortexM3\ARM_GCC_493\Debug\freesoc.a(Rear_Trigger_Reg.o)
                              .\CortexM3\ARM_GCC_493\Debug\ultrasonic.o (Rear_Trigger_Reg_Write)
.\CortexM3\ARM_GCC_493\Debug\freesoc.a(Rear_Trigger_Select_Reg.o)
                              .\CortexM3\ARM_GCC_493\Debug\ultrasonic.o (Rear_Trigger_Select_Reg_Write)
.\CortexM3\ARM_GCC_493\Debug\freesoc.a(Rear_Echo_Intr.o)
                              .\CortexM3\ARM_GCC_493\Debug\ultrasonic.o (Rear_Echo_Intr_StartEx)
.\CortexM3\ARM_GCC_493\Debug\freesoc.a(Rear_Echo_Timer.o)
                              .\CortexM3\ARM_GCC_493\Debug\ultrasonic.o (Rear_Echo_Timer_ReadCounter)
.\CortexM3\ARM_GCC_493\Debug\freesoc.a(Front_ADC_SAR.o)
                              .\CortexM3\ARM_GCC_493\Debug\infrared.o (Front_ADC_SAR_Start)
.\CortexM3\ARM_GCC_493\Debug\freesoc.a(Front_ADC_SAR_INT.o)
                              .\CortexM3\ARM_GCC_493\Debug\freesoc.a(Front_ADC_SAR.o) (Front_ADC_SAR_ISR)
.\CortexM3\ARM_GCC_493\Debug\freesoc.a(Front_AMuxSeq.o)
                              .\CortexM3\ARM_GCC_493\Debug\infrared.o (Front_AMuxSeq_Start)
.\CortexM3\ARM_GCC_493\Debug\freesoc.a(Rear_ADC_SAR.o)
                              .\CortexM3\ARM_GCC_493\Debug\infrared.o (Rear_ADC_SAR_Start)
.\CortexM3\ARM_GCC_493\Debug\freesoc.a(Rear_ADC_SAR_INT.o)
                              .\CortexM3\ARM_GCC_493\Debug\freesoc.a(Rear_ADC_SAR.o) (Rear_ADC_SAR_ISR)
.\CortexM3\ARM_GCC_493\Debug\freesoc.a(Rear_AMuxSeq.o)
                              .\CortexM3\ARM_GCC_493\Debug\infrared.o (Rear_AMuxSeq_Start)
.\CortexM3\ARM_GCC_493\Debug\freesoc.a(Front_ADC_SAR_IRQ.o)
                              .\CortexM3\ARM_GCC_493\Debug\infrared.o (Front_ADC_SAR_IRQ_StartEx)
.\CortexM3\ARM_GCC_493\Debug\freesoc.a(Front_ADC_SAR_theACLK.o)
                              .\CortexM3\ARM_GCC_493\Debug\freesoc.a(Front_ADC_SAR.o) (Front_ADC_SAR_theACLK_SetModeRegister)
.\CortexM3\ARM_GCC_493\Debug\freesoc.a(Rear_ADC_SAR_IRQ.o)
                              .\CortexM3\ARM_GCC_493\Debug\infrared.o (Rear_ADC_SAR_IRQ_StartEx)
.\CortexM3\ARM_GCC_493\Debug\freesoc.a(Rear_ADC_SAR_theACLK.o)
                              .\CortexM3\ARM_GCC_493\Debug\freesoc.a(Rear_ADC_SAR.o) (Rear_ADC_SAR_theACLK_SetModeRegister)
.\CortexM3\ARM_GCC_493\Debug\freesoc.a(Rear_EOS_Intr.o)
                              .\CortexM3\ARM_GCC_493\Debug\infrared.o (Rear_EOS_Intr_StartEx)
.\CortexM3\ARM_GCC_493\Debug\freesoc.a(Front_EOS_Intr.o)
                              .\CortexM3\ARM_GCC_493\Debug\infrared.o (Front_EOS_Intr_StartEx)
[...]
Memory Configuration

Name             Origin             Length             Attributes
rom              0x00000000         0x00040000         xr
ram              0x1fff8000         0x00010000         xrw
*default*        0x00000000         0xffffffff

Linker script and memory map

LOAD c:/program files (x86)/cypress/psoc creator/3.3/psoc creator/import/gnu/arm/4.9.3/bin/../lib/gcc/arm-none-eabi/4.9.3/armv7-m/crti.o
LOAD c:/program files (x86)/cypress/psoc creator/3.3/psoc creator/import/gnu/arm/4.9.3/bin/../lib/gcc/arm-none-eabi/4.9.3/armv7-m/crtbegin.o
LOAD c:/program files (x86)/cypress/psoc creator/3.3/psoc creator/import/gnu/arm/4.9.3/bin/../lib/gcc/arm-none-eabi/4.9.3/../../../../arm-none-eabi/lib/armv7-m/crt0.o
START GROUP
LOAD .\CortexM3\ARM_GCC_493\Debug\main.o
LOAD .\CortexM3\ARM_GCC_493\Debug\cal.o
LOAD .\CortexM3\ARM_GCC_493\Debug\control.o
LOAD .\CortexM3\ARM_GCC_493\Debug\debug.o
LOAD .\CortexM3\ARM_GCC_493\Debug\diag.o
LOAD .\CortexM3\ARM_GCC_493\Debug\encoder.o
LOAD .\CortexM3\ARM_GCC_493\Debug\i2c.o
LOAD .\CortexM3\ARM_GCC_493\Debug\motor.o
LOAD .\CortexM3\ARM_GCC_493\Debug\odom.o
LOAD .\CortexM3\ARM_GCC_493\Debug\pid.o
LOAD .\CortexM3\ARM_GCC_493\Debug\time.o
LOAD .\CortexM3\ARM_GCC_493\Debug\ultrasonic.o
LOAD .\CortexM3\ARM_GCC_493\Debug\utils.o
LOAD .\CortexM3\ARM_GCC_493\Debug\infrared.o
LOAD .\CortexM3\ARM_GCC_493\Debug\pid_controller.o
LOAD .\CortexM3\ARM_GCC_493\Debug\serial.o
LOAD .\CortexM3\ARM_GCC_493\Debug\cymetadata.o
LOAD .\CortexM3\ARM_GCC_493\Debug\Cm3Start.o
LOAD .\CortexM3\ARM_GCC_493\Debug\freesoc.a
LOAD C:\Program Files (x86)\Cypress\PSoC Creator\3.3\PSoC Creator\psoc\content\cycomponentlibrary\CyComponentLibrary.cylib\CortexM3\ARM_GCC_493\Debug\CyComponentLibrary.a
LOAD c:/program files (x86)/cypress/psoc creator/3.3/psoc creator/import/gnu/arm/4.9.3/bin/../lib/gcc/arm-none-eabi/4.9.3/../../../../arm-none-eabi/lib/armv7-m\libm.a
END GROUP
START GROUP
LOAD c:/program files (x86)/cypress/psoc creator/3.3/psoc creator/import/gnu/arm/4.9.3/bin/../lib/gcc/arm-none-eabi/4.9.3/armv7-m\libgcc.a
LOAD c:/program files (x86)/cypress/psoc creator/3.3/psoc creator/import/gnu/arm/4.9.3/bin/../lib/gcc/arm-none-eabi/4.9.3/../../../../arm-none-eabi/lib/armv7-m\libg_nano.a
LOAD c:/program files (x86)/cypress/psoc creator/3.3/psoc creator/import/gnu/arm/4.9.3/bin/../lib/gcc/arm-none-eabi/4.9.3/../../../../arm-none-eabi/lib/armv7-m\libc_nano.a
END GROUP
START GROUP
LOAD c:/program files (x86)/cypress/psoc creator/3.3/psoc creator/import/gnu/arm/4.9.3/bin/../lib/gcc/arm-none-eabi/4.9.3/armv7-m\libgcc.a
LOAD c:/program files (x86)/cypress/psoc creator/3.3/psoc creator/import/gnu/arm/4.9.3/bin/../lib/gcc/arm-none-eabi/4.9.3/../../../../arm-none-eabi/lib/armv7-m\libc_nano.a
END GROUP
LOAD c:/program files (x86)/cypress/psoc creator/3.3/psoc creator/import/gnu/arm/4.9.3/bin/../lib/gcc/arm-none-eabi/4.9.3/armv7-m/crtend.o
LOAD c:/program files (x86)/cypress/psoc creator/3.3/psoc creator/import/gnu/arm/4.9.3/bin/../lib/gcc/arm-none-eabi/4.9.3/armv7-m/crtn.o
START GROUP
LOAD c:/program files (x86)/cypress/psoc creator/3.3/psoc creator/import/gnu/arm/4.9.3/bin/../lib/gcc/arm-none-eabi/4.9.3/armv7-m\libgcc.a
LOAD c:/program files (x86)/cypress/psoc creator/3.3/psoc creator/import/gnu/arm/4.9.3/bin/../lib/gcc/arm-none-eabi/4.9.3/../../../../arm-none-eabi/lib/armv7-m\libc.a
LOAD c:/program files (x86)/cypress/psoc creator/3.3/psoc creator/import/gnu/arm/4.9.3/bin/../lib/gcc/arm-none-eabi/4.9.3/../../../../arm-none-eabi/lib/armv7-m\libnosys.a
END GROUP
                0x00000000                CY_APPL_ORIGIN = 0x0
                0x00000100                CY_FLASH_ROW_SIZE = 0x100
                0x00000020                CY_ECC_ROW_SIZE = 0x20
                0x00000000                CY_EE_IN_BTLDR = 0x0
                0x00000000                CY_APPL_LOADABLE = 0x0
                0x00000800                CY_EE_SIZE = 0x800
                0x00000001                CY_APPL_NUM = 0x1
                0x00000001                CY_APPL_MAX = 0x1
                0x00000040                CY_METADATA_SIZE = 0x40
                0x00000000                CY_APPL_LOADABLE = 0x0
                0x00000000                CY_CHECKSUM_EXCLUDE_SIZE = ALIGN (0x0, CY_FLASH_ROW_SIZE)
                0x1fff89b8                PROVIDE (__cy_heap_start, _end)
                0x00000001                PROVIDE (__cy_region_num, ((__cy_regions_end - __cy_regions) / 0x10))
                0x20008000                PROVIDE (__cy_stack, (ORIGIN (ram) + 0x10000))
                0x20007800                PROVIDE (__cy_heap_end, (__cy_stack - 0x800))

.cybootloader   0x00000000        0x0
 *(.cybootloader)
                0x00000000                appl1_start = CY_APPL_ORIGIN?CY_APPL_ORIGIN:ALIGN (CY_FLASH_ROW_SIZE)
                0x0001ff00                appl2_start = (appl1_start + ALIGN ((((0x40000 - appl1_start) - (0x2 * CY_FLASH_ROW_SIZE)) / 0x2), CY_FLASH_ROW_SIZE))
                0x00000000                appl_start = (CY_APPL_NUM == 0x1)?appl1_start:appl2_start
                0x00000000                ecc_offset = ((appl_start / CY_FLASH_ROW_SIZE) * CY_ECC_ROW_SIZE)
                0x00000000                ee_offset = (CY_APPL_LOADABLE && ! (CY_EE_IN_BTLDR))?((CY_EE_SIZE / CY_APPL_MAX) * (CY_APPL_NUM - 0x1)):0x0
                0x00000800                ee_size = (CY_APPL_LOADABLE && ! (CY_EE_IN_BTLDR))?(CY_EE_SIZE / CY_APPL_MAX):CY_EE_SIZE
                0x00000000                PROVIDE (CY_ECC_OFFSET, ecc_offset)

.text           0x00000000     0xa3b6
 CREATE_OBJECT_SYMBOLS
                0x00000000                PROVIDE (__cy_interrupt_vector, RomVectors)
 *(.romvectors)
 .romvectors    0x00000000       0x10 .\CortexM3\ARM_GCC_493\Debug\Cm3Start.o
                0x00000000                RomVectors
                0x00000001                ASSERT ((. != __cy_interrupt_vector), No interrupt vector)
                0x00000001                ASSERT (CY_APPL_ORIGIN?(SIZEOF (.cybootloader) <= CY_APPL_ORIGIN):0x1, Wrong image location)
                0x00000010                PROVIDE (__cy_reset, Reset)
 *(.text.Reset)
 .text.Reset    0x00000010       0x18 .\CortexM3\ARM_GCC_493\Debug\Cm3Start.o
                0x00000010                Reset
                0x00000001                ASSERT ((. != __cy_reset), No reset code)
 *(.dma_init)
                0x00000001                ASSERT ((((appl_start + .) <= 0x10000) || 0x1), DMA Init must be within the first 64k of flash)
 *(.text .text.* .gnu.linkonce.t.*)
 .text          0x00000028       0x5c c:/program files (x86)/cypress/psoc creator/3.3/psoc creator/import/gnu/arm/4.9.3/bin/../lib/gcc/arm-none-eabi/4.9.3/armv7-m/crtbegin.o
 .text.main     0x00000084       0xc4 .\CortexM3\ARM_GCC_493\Debug\main.o
                0x00000084                main
 .text.CalculatePwmSamples
                0x00000148       0x64 .\CortexM3\ARM_GCC_493\Debug\cal.o
 .text.AddSamplesToSum
                0x000001ac       0x24 .\CortexM3\ARM_GCC_493\Debug\cal.o
 .text.CalculateAvgCpsSamples
                0x000001d0       0x20 .\CortexM3\ARM_GCC_493\Debug\cal.o
 .text.CalculateMinMaxCpsSample
                0x000001f0       0x38 .\CortexM3\ARM_GCC_493\Debug\cal.o
 .text.StartCalibration
                0x00000228       0x28 .\CortexM3\ARM_GCC_493\Debug\cal.o
 .text.EndCalibration
                0x00000250       0x38 .\CortexM3\ARM_GCC_493\Debug\cal.o
 .text.CalibrateWheelSpeed
                0x00000288       0x5c .\CortexM3\ARM_GCC_493\Debug\cal.o
 .text.StoreWheelSpeed
                0x000002e4       0xb4 .\CortexM3\ARM_GCC_493\Debug\cal.o
 .text.Cal_Init
                0x00000398       0x10 .\CortexM3\ARM_GCC_493\Debug\cal.o
                0x00000398                Cal_Init
 .text.Cal_Start
                0x000003a8       0x28 .\CortexM3\ARM_GCC_493\Debug\cal.o
                0x000003a8                Cal_Start
 .text.Cal_Update
                0x000003d0       0xa4 .\CortexM3\ARM_GCC_493\Debug\cal.o
                0x000003d0                Cal_Update
 .text.Cal_LeftGetCalData
                0x00000474        0x4 .\CortexM3\ARM_GCC_493\Debug\cal.o
                0x00000474                Cal_LeftGetCalData
 .text.Cal_RightGetCalData
                0x00000478        0x4 .\CortexM3\ARM_GCC_493\Debug\cal.o
                0x00000478                Cal_RightGetCalData
 .text.Cal_Validate
                0x0000047c        0x4 .\CortexM3\ARM_GCC_493\Debug\cal.o
                0x0000047c                Cal_Validate
 .text.Control_Init
                0x00000480        0x4 .\CortexM3\ARM_GCC_493\Debug\control.o
                0x00000480                Control_Init
 .text.Control_Start
                0x00000484        0x4 .\CortexM3\ARM_GCC_493\Debug\control.o
                0x00000484                Control_Start
 .text.Control_Update
                0x00000488       0x30 .\CortexM3\ARM_GCC_493\Debug\control.o
                0x00000488                Control_Update
 .text.Debug_Init
                0x000004b8       0x14 .\CortexM3\ARM_GCC_493\Debug\debug.o
                0x000004b8                Debug_Init
 .text.Debug_Start
                0x000004cc        0x4 .\CortexM3\ARM_GCC_493\Debug\debug.o
                0x000004cc                Debug_Start
 .text.Diag_Init
                0x000004d0       0x18 .\CortexM3\ARM_GCC_493\Debug\diag.o
                0x000004d0                Diag_Init
 .text.Diag_Start
                0x000004e8        0x4 .\CortexM3\ARM_GCC_493\Debug\diag.o
                0x000004e8                Diag_Start
 .text.Diag_Update
                0x000004ec       0x34 .\CortexM3\ARM_GCC_493\Debug\diag.o
                0x000004ec                Diag_Update
 .text.Encoder_Sample
                0x00000520       0x80 .\CortexM3\ARM_GCC_493\Debug\encoder.o
 .text.DumpEncoder
                0x000005a0       0x78 .\CortexM3\ARM_GCC_493\Debug\encoder.o
 .text.Encoder_Init
                0x00000618       0x48 .\CortexM3\ARM_GCC_493\Debug\encoder.o
                0x00000618                Encoder_Init
 .text.Encoder_Start
                0x00000660       0x20 .\CortexM3\ARM_GCC_493\Debug\encoder.o
                0x00000660                Encoder_Start
 .text.Encoder_Update
                0x00000680       0x80 .\CortexM3\ARM_GCC_493\Debug\encoder.o
                0x00000680                Encoder_Update
 .text.Encoder_LeftGetCntsPerSec
                0x00000700        0xc .\CortexM3\ARM_GCC_493\Debug\encoder.o
                0x00000700                Encoder_LeftGetCntsPerSec
 .text.Encoder_RightGetCntsPerSec
                0x0000070c        0xc .\CortexM3\ARM_GCC_493\Debug\encoder.o
                0x0000070c                Encoder_RightGetCntsPerSec
 .text.Encoder_LeftGetMmPerSec
                0x00000718        0xc .\CortexM3\ARM_GCC_493\Debug\encoder.o
                0x00000718                Encoder_LeftGetMmPerSec
 .text.Encoder_RightGetMmPerSec
                0x00000724        0xc .\CortexM3\ARM_GCC_493\Debug\encoder.o
                0x00000724                Encoder_RightGetMmPerSec
 .text.Encoder_LeftGetCount
                0x00000730       0x10 .\CortexM3\ARM_GCC_493\Debug\encoder.o
                0x00000730                Encoder_LeftGetCount
 .text.Encoder_RightGetCount
                0x00000740       0x10 .\CortexM3\ARM_GCC_493\Debug\encoder.o
                0x00000740                Encoder_RightGetCount
 .text.Encoder_Reset
                0x00000750       0x48 .\CortexM3\ARM_GCC_493\Debug\encoder.o
                0x00000750                Encoder_Reset
 .text.I2c_Init
                0x00000798       0x1c .\CortexM3\ARM_GCC_493\Debug\i2c.o
                0x00000798                I2c_Init
 .text.I2c_Start
                0x000007b4       0x18 .\CortexM3\ARM_GCC_493\Debug\i2c.o
                0x000007b4                I2c_Start
 .text.I2c_ReadControl
                0x000007cc        0xc .\CortexM3\ARM_GCC_493\Debug\i2c.o
                0x000007cc                I2c_ReadControl
 .text.I2c_LeftReadCmdVelocity
                0x000007d8        0xc .\CortexM3\ARM_GCC_493\Debug\i2c.o
                0x000007d8                I2c_LeftReadCmdVelocity
 .text.I2c_RightReadCmdVelocity
                0x000007e4        0xc .\CortexM3\ARM_GCC_493\Debug\i2c.o
                0x000007e4                I2c_RightReadCmdVelocity
 .text.I2c_SetStatusBit
                0x000007f0       0x14 .\CortexM3\ARM_GCC_493\Debug\i2c.o
                0x000007f0                I2c_SetStatusBit
 .text.I2c_ClearStatusBit
                0x00000804       0x18 .\CortexM3\ARM_GCC_493\Debug\i2c.o
                0x00000804                I2c_ClearStatusBit
 .text.I2c_LeftWriteOutput
                0x0000081c       0x40 .\CortexM3\ARM_GCC_493\Debug\i2c.o
                0x0000081c                I2c_LeftWriteOutput
 .text.I2c_RightWriteOutput
                0x0000085c       0x40 .\CortexM3\ARM_GCC_493\Debug\i2c.o
                0x0000085c                I2c_RightWriteOutput
 .text.I2c_WriteOdom
                0x0000089c       0x24 .\CortexM3\ARM_GCC_493\Debug\i2c.o
                0x0000089c                I2c_WriteOdom
 .text.I2c_WriteFrontUltrasonicDistance
                0x000008c0       0x14 .\CortexM3\ARM_GCC_493\Debug\i2c.o
                0x000008c0                I2c_WriteFrontUltrasonicDistance
 .text.I2c_WriteRearUltrasonicDistance
                0x000008d4       0x14 .\CortexM3\ARM_GCC_493\Debug\i2c.o
                0x000008d4                I2c_WriteRearUltrasonicDistance
 .text.I2c_WriteFrontInfraredDistance
                0x000008e8       0x14 .\CortexM3\ARM_GCC_493\Debug\i2c.o
                0x000008e8                I2c_WriteFrontInfraredDistance
 .text.I2c_WriteRearInfraredDistance
                0x000008fc       0x14 .\CortexM3\ARM_GCC_493\Debug\i2c.o
                0x000008fc                I2c_WriteRearInfraredDistance
 .text.I2c_UpdateHeartbeat
                0x00000910       0x14 .\CortexM3\ARM_GCC_493\Debug\i2c.o
                0x00000910                I2c_UpdateHeartbeat
 .text.Interpolate
                0x00000924       0x3c .\CortexM3\ARM_GCC_493\Debug\motor.o
 .text.calculate_pwm
                0x00000960       0x74 .\CortexM3\ARM_GCC_493\Debug\motor.o
 .text.DumpMotor
                0x000009d4       0x4c .\CortexM3\ARM_GCC_493\Debug\motor.o
 .text.calc_motor_output_from_cps
                0x00000a20       0xac .\CortexM3\ARM_GCC_493\Debug\motor.o
 .text.WriteTwoValues
                0x00000acc       0x4c .\CortexM3\ARM_GCC_493\Debug\motor.o
 .text.RampSpeed
                0x00000b18       0x44 .\CortexM3\ARM_GCC_493\Debug\motor.o
 .text.CollectCpsPwmSamples
                0x00000b5c       0x6c .\CortexM3\ARM_GCC_493\Debug\motor.o
 .text.PrintFormatDataInt32
                0x00000bc8       0x8c .\CortexM3\ARM_GCC_493\Debug\motor.o
 .text.PrintFormatDataUint16
                0x00000c54       0x8c .\CortexM3\ARM_GCC_493\Debug\motor.o
 .text.DumpMotorCal
                0x00000ce0       0x4c .\CortexM3\ARM_GCC_493\Debug\motor.o
 .text.Motor_Init
                0x00000d2c       0x18 .\CortexM3\ARM_GCC_493\Debug\motor.o
                0x00000d2c                Motor_Init
 .text.Motor_Start
                0x00000d44       0x40 .\CortexM3\ARM_GCC_493\Debug\motor.o
                0x00000d44                Motor_Start
 .text.Motor_LeftSetCntsPerSec
                0x00000d84       0x18 .\CortexM3\ARM_GCC_493\Debug\motor.o
                0x00000d84                Motor_LeftSetCntsPerSec
 .text.Motor_RightSetCntsPerSec
                0x00000d9c       0x18 .\CortexM3\ARM_GCC_493\Debug\motor.o
                0x00000d9c                Motor_RightSetCntsPerSec
 .text.Motor_LeftGetPwm
                0x00000db4        0xc .\CortexM3\ARM_GCC_493\Debug\motor.o
                0x00000db4                Motor_LeftGetPwm
 .text.Motor_RightGetPwm
                0x00000dc0        0xc .\CortexM3\ARM_GCC_493\Debug\motor.o
                0x00000dc0                Motor_RightGetPwm
 .text.Motor_CollectPwmCpsSamples
                0x00000dcc       0xb4 .\CortexM3\ARM_GCC_493\Debug\motor.o
                0x00000dcc                Motor_CollectPwmCpsSamples
 .text.Motor_LeftSetCalibration
                0x00000e80       0x1c .\CortexM3\ARM_GCC_493\Debug\motor.o
                0x00000e80                Motor_LeftSetCalibration
 .text.Motor_RightSetCalibration
                0x00000e9c       0x1c .\CortexM3\ARM_GCC_493\Debug\motor.o
                0x00000e9c                Motor_RightSetCalibration
 .text.Odom_Init
                0x00000eb8       0x20 .\CortexM3\ARM_GCC_493\Debug\odom.o
                0x00000eb8                Odom_Init
 .text.Odom_Start
                0x00000ed8        0x4 .\CortexM3\ARM_GCC_493\Debug\odom.o
                0x00000ed8                Odom_Start
 *fill*         0x00000edc        0x4 
 .text.calc_odom
                0x00000ee0      0x100 .\CortexM3\ARM_GCC_493\Debug\odom.o
                0x00000ee0                calc_odom
 .text.Odom_Update
                0x00000fe0       0x78 .\CortexM3\ARM_GCC_493\Debug\odom.o
                0x00000fe0                Odom_Update
 .text.ProcessPid
                0x00001058       0xb0 .\CortexM3\ARM_GCC_493\Debug\pid.o
 .text.DumpPid  0x00001108       0xb0 .\CortexM3\ARM_GCC_493\Debug\pid.o
 .text.Pid_Init
                0x000011b8       0x84 .\CortexM3\ARM_GCC_493\Debug\pid.o
                0x000011b8                Pid_Init
 .text.Pid_Start
                0x0000123c        0x4 .\CortexM3\ARM_GCC_493\Debug\pid.o
                0x0000123c                Pid_Start
 .text.Pid_Update
                0x00001240       0x80 .\CortexM3\ARM_GCC_493\Debug\pid.o
                0x00001240                Pid_Update
 .text.SysTickIsrHandler
                0x000012c0       0x10 .\CortexM3\ARM_GCC_493\Debug\time.o
 .text.Time_Init
                0x000012d0        0xc .\CortexM3\ARM_GCC_493\Debug\time.o
                0x000012d0                Time_Init
 .text.Time_Start
                0x000012dc       0x2c .\CortexM3\ARM_GCC_493\Debug\time.o
                0x000012dc                Time_Start
 .text.millis   0x00001308        0xc .\CortexM3\ARM_GCC_493\Debug\time.o
                0x00001308                millis
 .text.Front_Trigger_Next
                0x00001314       0x34 .\CortexM3\ARM_GCC_493\Debug\ultrasonic.o
 .text.Front_Echo_Interrupt
                0x00001348       0x4c .\CortexM3\ARM_GCC_493\Debug\ultrasonic.o
 .text.Rear_Trigger_Next
                0x00001394       0x34 .\CortexM3\ARM_GCC_493\Debug\ultrasonic.o
 .text.Rear_Echo_Interrupt
                0x000013c8       0x4c .\CortexM3\ARM_GCC_493\Debug\ultrasonic.o
 .text.Ultrasonic_Init
                0x00001414        0x4 .\CortexM3\ARM_GCC_493\Debug\ultrasonic.o
                0x00001414                Ultrasonic_Init
 .text.Ultrasonic_Start
                0x00001418       0x28 .\CortexM3\ARM_GCC_493\Debug\ultrasonic.o
                0x00001418                Ultrasonic_Start
 .text.insert_zeros
                0x00001440       0x30 .\CortexM3\ARM_GCC_493\Debug\utils.o
 .text.MovingAverageFloat
                0x00001470       0x2c .\CortexM3\ARM_GCC_493\Debug\utils.o
                0x00001470                MovingAverageFloat
 .text.ftoa     0x0000149c       0xa4 .\CortexM3\ARM_GCC_493\Debug\utils.o
                0x0000149c                ftoa
 .text.BinaryRangeSearch
                0x00001540       0x50 .\CortexM3\ARM_GCC_493\Debug\utils.o
                0x00001540                BinaryRangeSearch
 .text.Rear_EOS_Interrupt
                0x00001590       0x1c .\CortexM3\ARM_GCC_493\Debug\infrared.o
 .text.Front_EOS_Interrupt
                0x000015ac       0x1c .\CortexM3\ARM_GCC_493\Debug\infrared.o
 .text.Rear_EOC_Interrupt
                0x000015c8       0x90 .\CortexM3\ARM_GCC_493\Debug\infrared.o
 .text.Front_EOC_Interrupt
                0x00001658       0x90 .\CortexM3\ARM_GCC_493\Debug\infrared.o
 .text.Infrared_Init
                0x000016e8        0xc .\CortexM3\ARM_GCC_493\Debug\infrared.o
                0x000016e8                Infrared_Init
 .text.Infrared_Start
                0x000016f4       0x4c .\CortexM3\ARM_GCC_493\Debug\infrared.o
                0x000016f4                Infrared_Start
 .text.PIDCompute
                0x00001740       0xa4 .\CortexM3\ARM_GCC_493\Debug\pid_controller.o
                0x00001740                PIDCompute
 .text.PIDOutputLimitsSet
                0x000017e4       0x5c .\CortexM3\ARM_GCC_493\Debug\pid_controller.o
                0x000017e4                PIDOutputLimitsSet
 .text.PIDTuningsSet
                0x00001840       0x6c .\CortexM3\ARM_GCC_493\Debug\pid_controller.o
                0x00001840                PIDTuningsSet
 .text.PIDInit  0x000018ac       0x54 .\CortexM3\ARM_GCC_493\Debug\pid_controller.o
                0x000018ac                PIDInit
 .text.PIDSetpointSet
                0x00001900        0x4 .\CortexM3\ARM_GCC_493\Debug\pid_controller.o
                0x00001900                PIDSetpointSet
 .text.PIDInputSet
                0x00001904        0x4 .\CortexM3\ARM_GCC_493\Debug\pid_controller.o
                0x00001904                PIDInputSet
 .text.Ser_Init
                0x00001908        0x4 .\CortexM3\ARM_GCC_493\Debug\serial.o
                0x00001908                Ser_Init
 .text.Ser_Start
                0x0000190c       0x2c .\CortexM3\ARM_GCC_493\Debug\serial.o
                0x0000190c                Ser_Start
 .text.Ser_PutString
                0x00001938       0x14 .\CortexM3\ARM_GCC_493\Debug\serial.o
                0x00001938                Ser_PutString
 .text.IntDefaultHandler
                0x0000194c        0x4 .\CortexM3\ARM_GCC_493\Debug\Cm3Start.o
                0x0000194c                IntDefaultHandler
 .text._sbrk    0x00001950       0x30 .\CortexM3\ARM_GCC_493\Debug\Cm3Start.o
                0x00001950                _sbrk
 .text.Start_c  0x00001980       0x4c .\CortexM3\ARM_GCC_493\Debug\Cm3Start.o
                0x00001980                Start_c
 .text.initialize_psoc
                0x000019cc       0x74 .\CortexM3\ARM_GCC_493\Debug\Cm3Start.o
                0x000019cc                initialize_psoc
 .text.cfg_write_bytes32
                0x00001a40       0x34 .\CortexM3\ARM_GCC_493\Debug\freesoc.a(cyfitter_cfg.o)
 .text.AnalogSetDefault
                0x00001a74       0x7c .\CortexM3\ARM_GCC_493\Debug\freesoc.a(cyfitter_cfg.o)
 .text.CYMEMZERO
                0x00001af0        0xc .\CortexM3\ARM_GCC_493\Debug\freesoc.a(cyfitter_cfg.o)
 .text.ClockSetup
                0x00001afc       0xcc .\CortexM3\ARM_GCC_493\Debug\freesoc.a(cyfitter_cfg.o)
 .text.CYCONFIGCPY
                0x00001bc8        0x8 .\CortexM3\ARM_GCC_493\Debug\freesoc.a(cyfitter_cfg.o)
 .text.Front_AMuxSeq_DisconnectAll
                0x00001bd0       0x18 .\CortexM3\ARM_GCC_493\Debug\freesoc.a(cyfitter_cfg.o)
                0x00001bd0                Front_AMuxSeq_DisconnectAll
 .text.Front_AMuxSeq_Next
                0x00001be8       0x6c .\CortexM3\ARM_GCC_493\Debug\freesoc.a(cyfitter_cfg.o)
                0x00001be8                Front_AMuxSeq_Next
 .text.Rear_AMuxSeq_DisconnectAll
                0x00001c54       0x18 .\CortexM3\ARM_GCC_493\Debug\freesoc.a(cyfitter_cfg.o)
                0x00001c54                Rear_AMuxSeq_DisconnectAll
 .text.Rear_AMuxSeq_Next
                0x00001c6c       0x6c .\CortexM3\ARM_GCC_493\Debug\freesoc.a(cyfitter_cfg.o)
                0x00001c6c                Rear_AMuxSeq_Next
 .text.cyfitter_cfg
                0x00001cd8      0x194 .\CortexM3\ARM_GCC_493\Debug\freesoc.a(cyfitter_cfg.o)
                0x00001cd8                cyfitter_cfg
 .text.Left_HB25_Enable_Pin_Write
                0x00001e6c       0x18 .\CortexM3\ARM_GCC_493\Debug\freesoc.a(Left_HB25_Enable_Pin.o)
                0x00001e6c                Left_HB25_Enable_Pin_Write
 .text.Left_HB25_PWM_Stop
                0x00001e84        0x4 .\CortexM3\ARM_GCC_493\Debug\freesoc.a(Left_HB25_PWM.o)
                0x00001e84                Left_HB25_PWM_Stop
 .text.Left_HB25_PWM_WriteCounter
                0x00001e88        0xc .\CortexM3\ARM_GCC_493\Debug\freesoc.a(Left_HB25_PWM.o)
                0x00001e88                Left_HB25_PWM_WriteCounter
 .text.Left_HB25_PWM_WritePeriod
                0x00001e94        0xc .\CortexM3\ARM_GCC_493\Debug\freesoc.a(Left_HB25_PWM.o)
                0x00001e94                Left_HB25_PWM_WritePeriod
 .text.Left_HB25_PWM_WriteCompare
                0x00001ea0        0xc .\CortexM3\ARM_GCC_493\Debug\freesoc.a(Left_HB25_PWM.o)
                0x00001ea0                Left_HB25_PWM_WriteCompare
 .text.Left_HB25_PWM_Init
                0x00001eac       0x34 .\CortexM3\ARM_GCC_493\Debug\freesoc.a(Left_HB25_PWM.o)
                0x00001eac                Left_HB25_PWM_Init
 .text.Left_HB25_PWM_Start
                0x00001ee0       0x18 .\CortexM3\ARM_GCC_493\Debug\freesoc.a(Left_HB25_PWM.o)
                0x00001ee0                Left_HB25_PWM_Start
 .text.Right_HB25_Enable_Pin_Write
                0x00001ef8       0x18 .\CortexM3\ARM_GCC_493\Debug\freesoc.a(Right_HB25_Enable_Pin.o)
                0x00001ef8                Right_HB25_Enable_Pin_Write
 .text.Right_HB25_PWM_Stop
                0x00001f10        0x4 .\CortexM3\ARM_GCC_493\Debug\freesoc.a(Right_HB25_PWM.o)
                0x00001f10                Right_HB25_PWM_Stop
 .text.Right_HB25_PWM_WriteCounter
                0x00001f14        0xc .\CortexM3\ARM_GCC_493\Debug\freesoc.a(Right_HB25_PWM.o)
                0x00001f14                Right_HB25_PWM_WriteCounter
 .text.Right_HB25_PWM_WritePeriod
                0x00001f20        0xc .\CortexM3\ARM_GCC_493\Debug\freesoc.a(Right_HB25_PWM.o)
                0x00001f20                Right_HB25_PWM_WritePeriod
 .text.Right_HB25_PWM_WriteCompare
                0x00001f2c        0xc .\CortexM3\ARM_GCC_493\Debug\freesoc.a(Right_HB25_PWM.o)
                0x00001f2c                Right_HB25_PWM_WriteCompare
 .text.Right_HB25_PWM_Init
                0x00001f38       0x34 .\CortexM3\ARM_GCC_493\Debug\freesoc.a(Right_HB25_PWM.o)
                0x00001f38                Right_HB25_PWM_Init
 .text.Right_HB25_PWM_Start
                0x00001f6c       0x18 .\CortexM3\ARM_GCC_493\Debug\freesoc.a(Right_HB25_PWM.o)
                0x00001f6c                Right_HB25_PWM_Start
 *fill*         0x00001f84        0x4 
 .text          0x00001f88       0x20 .\CortexM3\ARM_GCC_493\Debug\freesoc.a(CyBootAsmGnu.o)
                0x00001f88                CyDelayCycles
                0x00001f98                CyEnterCriticalSection
                0x00001fa0                CyExitCriticalSection
 .text.CyHalt   0x00001fa8        0x4 .\CortexM3\ARM_GCC_493\Debug\freesoc.a(CyLib.o)
                0x00001fa8                CyHalt
 .text.CyDelay  0x00001fac       0x2c .\CortexM3\ARM_GCC_493\Debug\freesoc.a(CyLib.o)
                0x00001fac                CyDelay
 .text.CyDelayUs
                0x00001fd8       0x14 .\CortexM3\ARM_GCC_493\Debug\freesoc.a(CyLib.o)
                0x00001fd8                CyDelayUs
 .text.CyIntSetSysVector
                0x00001fec       0x28 .\CortexM3\ARM_GCC_493\Debug\freesoc.a(CyLib.o)
                0x00001fec                CyIntSetSysVector
 .text.CyIntSetVector
                0x00002014       0x28 .\CortexM3\ARM_GCC_493\Debug\freesoc.a(CyLib.o)
                0x00002014                CyIntSetVector
 .text.CyIntSetPriority
                0x0000203c       0x30 .\CortexM3\ARM_GCC_493\Debug\freesoc.a(CyLib.o)
                0x0000203c                CyIntSetPriority
 .text.CySysTickEnableInterrupt
                0x0000206c       0x10 .\CortexM3\ARM_GCC_493\Debug\freesoc.a(CyLib.o)
                0x0000206c                CySysTickEnableInterrupt
 .text.CySysTickEnable
                0x0000207c       0x18 .\CortexM3\ARM_GCC_493\Debug\freesoc.a(CyLib.o)
                0x0000207c                CySysTickEnable
 .text.CySysTickSetReload
                0x00002094       0x10 .\CortexM3\ARM_GCC_493\Debug\freesoc.a(CyLib.o)
                0x00002094                CySysTickSetReload
 .text.CySysTickSetClockSource
                0x000020a4       0x20 .\CortexM3\ARM_GCC_493\Debug\freesoc.a(CyLib.o)
                0x000020a4                CySysTickSetClockSource
 .text.CySysTickGetCountFlag
                0x000020c4       0x10 .\CortexM3\ARM_GCC_493\Debug\freesoc.a(CyLib.o)
                0x000020c4                CySysTickGetCountFlag
 .text.CySysTickServiceCallbacks
                0x000020d4       0x28 .\CortexM3\ARM_GCC_493\Debug\freesoc.a(CyLib.o)
 .text.CySysTickClear
                0x000020fc        0xc .\CortexM3\ARM_GCC_493\Debug\freesoc.a(CyLib.o)
                0x000020fc                CySysTickClear
 .text.CySysTickInit
                0x00002108       0x58 .\CortexM3\ARM_GCC_493\Debug\freesoc.a(CyLib.o)
                0x00002108                CySysTickInit
 .text.CySysTickStart
                0x00002160       0x1c .\CortexM3\ARM_GCC_493\Debug\freesoc.a(CyLib.o)
                0x00002160                CySysTickStart
 .text.CySysTickSetCallback
                0x0000217c       0x10 .\CortexM3\ARM_GCC_493\Debug\freesoc.a(CyLib.o)
                0x0000217c                CySysTickSetCallback
 .text.CySysTickGetCallback
                0x0000218c       0x10 .\CortexM3\ARM_GCC_493\Debug\freesoc.a(CyLib.o)
                0x0000218c                CySysTickGetCallback
 .text.CyGetUniqueId
                0x0000219c       0x70 .\CortexM3\ARM_GCC_493\Debug\freesoc.a(CyLib.o)
                0x0000219c                CyGetUniqueId
 .text.EZI2C_Slave_Init
                0x0000220c       0x70 .\CortexM3\ARM_GCC_493\Debug\freesoc.a(EZI2C_Slave.o)
                0x0000220c                EZI2C_Slave_Init
 .text.EZI2C_Slave_Enable
                0x0000227c       0x30 .\CortexM3\ARM_GCC_493\Debug\freesoc.a(EZI2C_Slave.o)
                0x0000227c                EZI2C_Slave_Enable
 .text.EZI2C_Slave_Start
                0x000022ac       0x1c .\CortexM3\ARM_GCC_493\Debug\freesoc.a(EZI2C_Slave.o)
                0x000022ac                EZI2C_Slave_Start
 .text.EZI2C_Slave_SetBuffer1
                0x000022c8       0x50 .\CortexM3\ARM_GCC_493\Debug\freesoc.a(EZI2C_Slave.o)
                0x000022c8                EZI2C_Slave_SetBuffer1
 .text.EZI2C_Slave_ISR
                0x00002318      0x1c4 .\CortexM3\ARM_GCC_493\Debug\freesoc.a(EZI2C_Slave_INT.o)
                0x00002318                EZI2C_Slave_ISR
 .text.Front_Echo_Intr_SetVector
                0x000024dc        0xc .\CortexM3\ARM_GCC_493\Debug\freesoc.a(Front_Echo_Intr.o)
                0x000024dc                Front_Echo_Intr_SetVector
 .text.Front_Echo_Intr_SetPriority
                0x000024e8       0x10 .\CortexM3\ARM_GCC_493\Debug\freesoc.a(Front_Echo_Intr.o)
                0x000024e8                Front_Echo_Intr_SetPriority
 .text.Front_Echo_Intr_Enable
                0x000024f8        0xc .\CortexM3\ARM_GCC_493\Debug\freesoc.a(Front_Echo_Intr.o)
                0x000024f8                Front_Echo_Intr_Enable
 .text.Front_Echo_Intr_Disable
                0x00002504        0xc .\CortexM3\ARM_GCC_493\Debug\freesoc.a(Front_Echo_Intr.o)
                0x00002504                Front_Echo_Intr_Disable
 .text.Front_Echo_Intr_StartEx
                0x00002510       0x1c .\CortexM3\ARM_GCC_493\Debug\freesoc.a(Front_Echo_Intr.o)
                0x00002510                Front_Echo_Intr_StartEx
 .text.Front_Echo_Intr_ClearPending
                0x0000252c        0xc .\CortexM3\ARM_GCC_493\Debug\freesoc.a(Front_Echo_Intr.o)
                0x0000252c                Front_Echo_Intr_ClearPending
 .text.Front_Trigger_Reg_Write
                0x00002538        0xc .\CortexM3\ARM_GCC_493\Debug\freesoc.a(Front_Trigger_Reg.o)
                0x00002538                Front_Trigger_Reg_Write
 .text.Front_Trigger_Select_Reg_Write
                0x00002544        0xc .\CortexM3\ARM_GCC_493\Debug\freesoc.a(Front_Trigger_Select_Reg.o)
                0x00002544                Front_Trigger_Select_Reg_Write
 .text.Front_Trigger_Select_Reg_Read
                0x00002550        0xc .\CortexM3\ARM_GCC_493\Debug\freesoc.a(Front_Trigger_Select_Reg.o)
                0x00002550                Front_Trigger_Select_Reg_Read
 .text.Front_Echo_Timer_SetInterruptMode
                0x0000255c        0xc .\CortexM3\ARM_GCC_493\Debug\freesoc.a(Front_Echo_Timer.o)
                0x0000255c                Front_Echo_Timer_SetInterruptMode
 .text.Front_Echo_Timer_ReadStatusRegister
                0x00002568        0xc .\CortexM3\ARM_GCC_493\Debug\freesoc.a(Front_Echo_Timer.o)
                0x00002568                Front_Echo_Timer_ReadStatusRegister
 .text.Front_Echo_Timer_WritePeriod
                0x00002574        0xc .\CortexM3\ARM_GCC_493\Debug\freesoc.a(Front_Echo_Timer.o)
                0x00002574                Front_Echo_Timer_WritePeriod
 .text.Front_Echo_Timer_ReadCapture
                0x00002580        0xc .\CortexM3\ARM_GCC_493\Debug\freesoc.a(Front_Echo_Timer.o)
                0x00002580                Front_Echo_Timer_ReadCapture
 .text.Front_Echo_Timer_WriteCounter
                0x0000258c        0xc .\CortexM3\ARM_GCC_493\Debug\freesoc.a(Front_Echo_Timer.o)
                0x0000258c                Front_Echo_Timer_WriteCounter
 .text.Front_Echo_Timer_ReadCounter
                0x00002598       0x14 .\CortexM3\ARM_GCC_493\Debug\freesoc.a(Front_Echo_Timer.o)
                0x00002598                Front_Echo_Timer_ReadCounter
 .text.Front_Echo_Timer_ClearFIFO
                0x000025ac       0x14 .\CortexM3\ARM_GCC_493\Debug\freesoc.a(Front_Echo_Timer.o)
                0x000025ac                Front_Echo_Timer_ClearFIFO
 .text.Front_Echo_Timer_Init
                0x000025c0       0x34 .\CortexM3\ARM_GCC_493\Debug\freesoc.a(Front_Echo_Timer.o)
                0x000025c0                Front_Echo_Timer_Init
 .text.Front_Echo_Timer_Start
                0x000025f4       0x18 .\CortexM3\ARM_GCC_493\Debug\freesoc.a(Front_Echo_Timer.o)
                0x000025f4                Front_Echo_Timer_Start
 .text.Rear_Trigger_Reg_Write
                0x0000260c        0xc .\CortexM3\ARM_GCC_493\Debug\freesoc.a(Rear_Trigger_Reg.o)
                0x0000260c                Rear_Trigger_Reg_Write
 .text.Rear_Trigger_Select_Reg_Write
                0x00002618        0xc .\CortexM3\ARM_GCC_493\Debug\freesoc.a(Rear_Trigger_Select_Reg.o)
                0x00002618                Rear_Trigger_Select_Reg_Write
 .text.Rear_Trigger_Select_Reg_Read
                0x00002624        0xc .\CortexM3\ARM_GCC_493\Debug\freesoc.a(Rear_Trigger_Select_Reg.o)
                0x00002624                Rear_Trigger_Select_Reg_Read
 .text.Rear_Echo_Intr_SetVector
                0x00002630        0xc .\CortexM3\ARM_GCC_493\Debug\freesoc.a(Rear_Echo_Intr.o)
                0x00002630                Rear_Echo_Intr_SetVector
 .text.Rear_Echo_Intr_SetPriority
                0x0000263c       0x10 .\CortexM3\ARM_GCC_493\Debug\freesoc.a(Rear_Echo_Intr.o)
                0x0000263c                Rear_Echo_Intr_SetPriority
 .text.Rear_Echo_Intr_Enable
                0x0000264c        0xc .\CortexM3\ARM_GCC_493\Debug\freesoc.a(Rear_Echo_Intr.o)
                0x0000264c                Rear_Echo_Intr_Enable
 .text.Rear_Echo_Intr_Disable
                0x00002658        0xc .\CortexM3\ARM_GCC_493\Debug\freesoc.a(Rear_Echo_Intr.o)
                0x00002658                Rear_Echo_Intr_Disable
 .text.Rear_Echo_Intr_StartEx
                0x00002664       0x1c .\CortexM3\ARM_GCC_493\Debug\freesoc.a(Rear_Echo_Intr.o)
                0x00002664                Rear_Echo_Intr_StartEx
 .text.Rear_Echo_Intr_ClearPending
                0x00002680        0xc .\CortexM3\ARM_GCC_493\Debug\freesoc.a(Rear_Echo_Intr.o)
                0x00002680                Rear_Echo_Intr_ClearPending
 .text.Rear_Echo_Timer_SetInterruptMode
                0x0000268c        0xc .\CortexM3\ARM_GCC_493\Debug\freesoc.a(Rear_Echo_Timer.o)
                0x0000268c                Rear_Echo_Timer_SetInterruptMode
 .text.Rear_Echo_Timer_ReadStatusRegister
                0x00002698        0xc .\CortexM3\ARM_GCC_493\Debug\freesoc.a(Rear_Echo_Timer.o)
                0x00002698                Rear_Echo_Timer_ReadStatusRegister
 .text.Rear_Echo_Timer_WritePeriod
                0x000026a4        0xc .\CortexM3\ARM_GCC_493\Debug\freesoc.a(Rear_Echo_Timer.o)
                0x000026a4                Rear_Echo_Timer_WritePeriod
 .text.Rear_Echo_Timer_ReadCapture
                0x000026b0        0xc .\CortexM3\ARM_GCC_493\Debug\freesoc.a(Rear_Echo_Timer.o)
                0x000026b0                Rear_Echo_Timer_ReadCapture
 .text.Rear_Echo_Timer_WriteCounter
                0x000026bc        0xc .\CortexM3\ARM_GCC_493\Debug\freesoc.a(Rear_Echo_Timer.o)
                0x000026bc                Rear_Echo_Timer_WriteCounter
 .text.Rear_Echo_Timer_ReadCounter
                0x000026c8       0x14 .\CortexM3\ARM_GCC_493\Debug\freesoc.a(Rear_Echo_Timer.o)
                0x000026c8                Rear_Echo_Timer_ReadCounter
 .text.Rear_Echo_Timer_ClearFIFO
                0x000026dc       0x14 .\CortexM3\ARM_GCC_493\Debug\freesoc.a(Rear_Echo_Timer.o)
                0x000026dc                Rear_Echo_Timer_ClearFIFO
 .text.Rear_Echo_Timer_Init
                0x000026f0       0x34 .\CortexM3\ARM_GCC_493\Debug\freesoc.a(Rear_Echo_Timer.o)
                0x000026f0                Rear_Echo_Timer_Init
 .text.Rear_Echo_Timer_Start
                0x00002724       0x18 .\CortexM3\ARM_GCC_493\Debug\freesoc.a(Rear_Echo_Timer.o)
                0x00002724                Rear_Echo_Timer_Start
 .text.Front_ADC_SAR_CalcGain
                0x0000273c       0x5c .\CortexM3\ARM_GCC_493\Debug\freesoc.a(Front_ADC_SAR.o)
 .text.Front_ADC_SAR_Enable
                0x00002798       0x94 .\CortexM3\ARM_GCC_493\Debug\freesoc.a(Front_ADC_SAR.o)
                0x00002798                Front_ADC_SAR_Enable
 .text.Front_ADC_SAR_SetResolution
                0x0000282c       0x38 .\CortexM3\ARM_GCC_493\Debug\freesoc.a(Front_ADC_SAR.o)
                0x0000282c                Front_ADC_SAR_SetResolution
 .text.Front_ADC_SAR_Init
                0x00002864       0x3c .\CortexM3\ARM_GCC_493\Debug\freesoc.a(Front_ADC_SAR.o)
                0x00002864                Front_ADC_SAR_Init
 .text.Front_ADC_SAR_Start
                0x000028a0       0x1c .\CortexM3\ARM_GCC_493\Debug\freesoc.a(Front_ADC_SAR.o)
                0x000028a0                Front_ADC_SAR_Start
 .text.Front_ADC_SAR_StartConvert
                0x000028bc       0x10 .\CortexM3\ARM_GCC_493\Debug\freesoc.a(Front_ADC_SAR.o)
                0x000028bc                Front_ADC_SAR_StartConvert
 .text.Front_ADC_SAR_GetResult16
                0x000028cc       0x18 .\CortexM3\ARM_GCC_493\Debug\freesoc.a(Front_ADC_SAR.o)
                0x000028cc                Front_ADC_SAR_GetResult16
 .text.Front_ADC_SAR_CountsTo_Volts
                0x000028e4       0x50 .\CortexM3\ARM_GCC_493\Debug\freesoc.a(Front_ADC_SAR.o)
                0x000028e4                Front_ADC_SAR_CountsTo_Volts
 .text.Front_ADC_SAR_ISR
                0x00002934        0x4 .\CortexM3\ARM_GCC_493\Debug\freesoc.a(Front_ADC_SAR_INT.o)
                0x00002934                Front_ADC_SAR_ISR
 .text.Front_AMuxSeq_Start
                0x00002938       0x14 .\CortexM3\ARM_GCC_493\Debug\freesoc.a(Front_AMuxSeq.o)
                0x00002938                Front_AMuxSeq_Start
 .text.Front_AMuxSeq_GetChannel
                0x0000294c        0xc .\CortexM3\ARM_GCC_493\Debug\freesoc.a(Front_AMuxSeq.o)
                0x0000294c                Front_AMuxSeq_GetChannel
 .text.Rear_ADC_SAR_CalcGain
                0x00002958       0x5c .\CortexM3\ARM_GCC_493\Debug\freesoc.a(Rear_ADC_SAR.o)
 .text.Rear_ADC_SAR_Enable
                0x000029b4       0x94 .\CortexM3\ARM_GCC_493\Debug\freesoc.a(Rear_ADC_SAR.o)
                0x000029b4                Rear_ADC_SAR_Enable
 .text.Rear_ADC_SAR_SetResolution
                0x00002a48       0x38 .\CortexM3\ARM_GCC_493\Debug\freesoc.a(Rear_ADC_SAR.o)
                0x00002a48                Rear_ADC_SAR_SetResolution
 .text.Rear_ADC_SAR_Init
                0x00002a80       0x3c .\CortexM3\ARM_GCC_493\Debug\freesoc.a(Rear_ADC_SAR.o)
                0x00002a80                Rear_ADC_SAR_Init
 .text.Rear_ADC_SAR_Start
                0x00002abc       0x1c .\CortexM3\ARM_GCC_493\Debug\freesoc.a(Rear_ADC_SAR.o)
                0x00002abc                Rear_ADC_SAR_Start
 .text.Rear_ADC_SAR_StartConvert
                0x00002ad8       0x10 .\CortexM3\ARM_GCC_493\Debug\freesoc.a(Rear_ADC_SAR.o)
                0x00002ad8                Rear_ADC_SAR_StartConvert
 .text.Rear_ADC_SAR_GetResult16
                0x00002ae8       0x18 .\CortexM3\ARM_GCC_493\Debug\freesoc.a(Rear_ADC_SAR.o)
                0x00002ae8                Rear_ADC_SAR_GetResult16
 .text.Rear_ADC_SAR_CountsTo_Volts
                0x00002b00       0x50 .\CortexM3\ARM_GCC_493\Debug\freesoc.a(Rear_ADC_SAR.o)
                0x00002b00                Rear_ADC_SAR_CountsTo_Volts
 .text.Rear_ADC_SAR_ISR
                0x00002b50        0x4 .\CortexM3\ARM_GCC_493\Debug\freesoc.a(Rear_ADC_SAR_INT.o)
                0x00002b50                Rear_ADC_SAR_ISR
 .text.Rear_AMuxSeq_Start
                0x00002b54       0x14 .\CortexM3\ARM_GCC_493\Debug\freesoc.a(Rear_AMuxSeq.o)
                0x00002b54                Rear_AMuxSeq_Start
 .text.Rear_AMuxSeq_GetChannel
                0x00002b68        0xc .\CortexM3\ARM_GCC_493\Debug\freesoc.a(Rear_AMuxSeq.o)
                0x00002b68                Rear_AMuxSeq_GetChannel
 .text.Front_ADC_SAR_IRQ_SetVector
                0x00002b74        0xc .\CortexM3\ARM_GCC_493\Debug\freesoc.a(Front_ADC_SAR_IRQ.o)
                0x00002b74                Front_ADC_SAR_IRQ_SetVector
 .text.Front_ADC_SAR_IRQ_SetPriority
                0x00002b80       0x10 .\CortexM3\ARM_GCC_493\Debug\freesoc.a(Front_ADC_SAR_IRQ.o)
                0x00002b80                Front_ADC_SAR_IRQ_SetPriority
 .text.Front_ADC_SAR_IRQ_Enable
                0x00002b90        0xc .\CortexM3\ARM_GCC_493\Debug\freesoc.a(Front_ADC_SAR_IRQ.o)
                0x00002b90                Front_ADC_SAR_IRQ_Enable
 .text.Front_ADC_SAR_IRQ_Disable
                0x00002b9c        0xc .\CortexM3\ARM_GCC_493\Debug\freesoc.a(Front_ADC_SAR_IRQ.o)
                0x00002b9c                Front_ADC_SAR_IRQ_Disable
 .text.Front_ADC_SAR_IRQ_StartEx
                0x00002ba8       0x1c .\CortexM3\ARM_GCC_493\Debug\freesoc.a(Front_ADC_SAR_IRQ.o)
                0x00002ba8                Front_ADC_SAR_IRQ_StartEx
 .text.Front_ADC_SAR_IRQ_ClearPending
                0x00002bc4        0xc .\CortexM3\ARM_GCC_493\Debug\freesoc.a(Front_ADC_SAR_IRQ.o)
                0x00002bc4                Front_ADC_SAR_IRQ_ClearPending
 .text.Front_ADC_SAR_theACLK_SetModeRegister
                0x00002bd0       0x14 .\CortexM3\ARM_GCC_493\Debug\freesoc.a(Front_ADC_SAR_theACLK.o)
                0x00002bd0                Front_ADC_SAR_theACLK_SetModeRegister
 .text.Rear_ADC_SAR_IRQ_SetVector
                0x00002be4        0xc .\CortexM3\ARM_GCC_493\Debug\freesoc.a(Rear_ADC_SAR_IRQ.o)
                0x00002be4                Rear_ADC_SAR_IRQ_SetVector
 .text.Rear_ADC_SAR_IRQ_SetPriority
                0x00002bf0       0x10 .\CortexM3\ARM_GCC_493\Debug\freesoc.a(Rear_ADC_SAR_IRQ.o)
                0x00002bf0                Rear_ADC_SAR_IRQ_SetPriority
 .text.Rear_ADC_SAR_IRQ_Enable
                0x00002c00        0xc .\CortexM3\ARM_GCC_493\Debug\freesoc.a(Rear_ADC_SAR_IRQ.o)
                0x00002c00                Rear_ADC_SAR_IRQ_Enable
 .text.Rear_ADC_SAR_IRQ_Disable
                0x00002c0c        0xc .\CortexM3\ARM_GCC_493\Debug\freesoc.a(Rear_ADC_SAR_IRQ.o)
                0x00002c0c                Rear_ADC_SAR_IRQ_Disable
 .text.Rear_ADC_SAR_IRQ_StartEx
                0x00002c18       0x1c .\CortexM3\ARM_GCC_493\Debug\freesoc.a(Rear_ADC_SAR_IRQ.o)
                0x00002c18                Rear_ADC_SAR_IRQ_StartEx
 .text.Rear_ADC_SAR_IRQ_ClearPending
                0x00002c34        0xc .\CortexM3\ARM_GCC_493\Debug\freesoc.a(Rear_ADC_SAR_IRQ.o)
                0x00002c34                Rear_ADC_SAR_IRQ_ClearPending
 .text.Rear_ADC_SAR_theACLK_SetModeRegister
                0x00002c40       0x14 .\CortexM3\ARM_GCC_493\Debug\freesoc.a(Rear_ADC_SAR_theACLK.o)
                0x00002c40                Rear_ADC_SAR_theACLK_SetModeRegister
 .text.Rear_EOS_Intr_SetVector
                0x00002c54        0xc .\CortexM3\ARM_GCC_493\Debug\freesoc.a(Rear_EOS_Intr.o)
                0x00002c54                Rear_EOS_Intr_SetVector
 .text.Rear_EOS_Intr_SetPriority
                0x00002c60       0x10 .\CortexM3\ARM_GCC_493\Debug\freesoc.a(Rear_EOS_Intr.o)
                0x00002c60                Rear_EOS_Intr_SetPriority
 .text.Rear_EOS_Intr_Enable
                0x00002c70        0xc .\CortexM3\ARM_GCC_493\Debug\freesoc.a(Rear_EOS_Intr.o)
                0x00002c70                Rear_EOS_Intr_Enable
 .text.Rear_EOS_Intr_Disable
                0x00002c7c        0xc .\CortexM3\ARM_GCC_493\Debug\freesoc.a(Rear_EOS_Intr.o)
                0x00002c7c                Rear_EOS_Intr_Disable
 .text.Rear_EOS_Intr_StartEx
                0x00002c88       0x1c .\CortexM3\ARM_GCC_493\Debug\freesoc.a(Rear_EOS_Intr.o)
                0x00002c88                Rear_EOS_Intr_StartEx
 .text.Rear_EOS_Intr_ClearPending
                0x00002ca4        0xc .\CortexM3\ARM_GCC_493\Debug\freesoc.a(Rear_EOS_Intr.o)
                0x00002ca4                Rear_EOS_Intr_ClearPending
 .text.Front_EOS_Intr_SetVector
                0x00002cb0        0xc .\CortexM3\ARM_GCC_493\Debug\freesoc.a(Front_EOS_Intr.o)
                0x00002cb0                Front_EOS_Intr_SetVector
 .text.Front_EOS_Intr_SetPriority
                0x00002cbc       0x10 .\CortexM3\ARM_GCC_493\Debug\freesoc.a(Front_EOS_Intr.o)
                0x00002cbc                Front_EOS_Intr_SetPriority
 .text.Front_EOS_Intr_Enable
                0x00002ccc        0xc .\CortexM3\ARM_GCC_493\Debug\freesoc.a(Front_EOS_Intr.o)
                0x00002ccc                Front_EOS_Intr_Enable
 .text.Front_EOS_Intr_Disable
                0x00002cd8        0xc .\CortexM3\ARM_GCC_493\Debug\freesoc.a(Front_EOS_Intr.o)
                0x00002cd8                Front_EOS_Intr_Disable
 .text.Front_EOS_Intr_StartEx
                0x00002ce4       0x1c .\CortexM3\ARM_GCC_493\Debug\freesoc.a(Front_EOS_Intr.o)
                0x00002ce4                Front_EOS_Intr_StartEx
 .text.Front_EOS_Intr_ClearPending
                0x00002d00        0xc .\CortexM3\ARM_GCC_493\Debug\freesoc.a(Front_EOS_Intr.o)
                0x00002d00                Front_EOS_Intr_ClearPending
 .text.Mainloop_Pin_Write
                0x00002d0c       0x18 .\CortexM3\ARM_GCC_493\Debug\freesoc.a(Mainloop_Pin.o)
                0x00002d0c                Mainloop_Pin_Write
 .text.EEPROM_Enable
                0x00002d24        0xc .\CortexM3\ARM_GCC_493\Debug\freesoc.a(EEPROM.o)
                0x00002d24                EEPROM_Enable
 .text.EEPROM_Start
                0x00002d30        0x8 .\CortexM3\ARM_GCC_493\Debug\freesoc.a(EEPROM.o)
                0x00002d30                EEPROM_Start
 .text.EEPROM_WriteByte
                0x00002d38       0xd4 .\CortexM3\ARM_GCC_493\Debug\freesoc.a(EEPROM.o)
                0x00002d38                EEPROM_WriteByte
 .text.EEPROM_Write
                0x00002e0c       0xb4 .\CortexM3\ARM_GCC_493\Debug\freesoc.a(EEPROM.o)
                0x00002e0c                EEPROM_Write
 .text.Right_QuadDec_Init
                0x00002ec0       0x24 .\CortexM3\ARM_GCC_493\Debug\freesoc.a(Right_QuadDec.o)
                0x00002ec0                Right_QuadDec_Init
 .text.Right_QuadDec_GetCounter
                0x00002ee4       0x2c .\CortexM3\ARM_GCC_493\Debug\freesoc.a(Right_QuadDec.o)
                0x00002ee4                Right_QuadDec_GetCounter
 .text.Right_QuadDec_SetCounter
                0x00002f10       0x28 .\CortexM3\ARM_GCC_493\Debug\freesoc.a(Right_QuadDec.o)
                0x00002f10                Right_QuadDec_SetCounter
 .text.Right_QuadDec_GetEvents
                0x00002f38       0x10 .\CortexM3\ARM_GCC_493\Debug\freesoc.a(Right_QuadDec.o)
                0x00002f38                Right_QuadDec_GetEvents
 .text.Right_QuadDec_SetInterruptMask
                0x00002f48       0x10 .\CortexM3\ARM_GCC_493\Debug\freesoc.a(Right_QuadDec.o)
                0x00002f48                Right_QuadDec_SetInterruptMask
 .text.Right_QuadDec_Enable
                0x00002f58       0x30 .\CortexM3\ARM_GCC_493\Debug\freesoc.a(Right_QuadDec.o)
                0x00002f58                Right_QuadDec_Enable
 .text.Right_QuadDec_Start
                0x00002f88       0x34 .\CortexM3\ARM_GCC_493\Debug\freesoc.a(Right_QuadDec.o)
                0x00002f88                Right_QuadDec_Start
 .text.Right_QuadDec_ISR
                0x00002fbc       0x40 .\CortexM3\ARM_GCC_493\Debug\freesoc.a(Right_QuadDec_INT.o)
                0x00002fbc                Right_QuadDec_ISR
 .text.Right_QuadDec_Cnt16_Enable
                0x00002ffc       0x10 .\CortexM3\ARM_GCC_493\Debug\freesoc.a(Right_QuadDec_Cnt16.o)
                0x00002ffc                Right_QuadDec_Cnt16_Enable
 .text.Right_QuadDec_Cnt16_SetInterruptMode
                0x0000300c        0xc .\CortexM3\ARM_GCC_493\Debug\freesoc.a(Right_QuadDec_Cnt16.o)
                0x0000300c                Right_QuadDec_Cnt16_SetInterruptMode
 .text.Right_QuadDec_Cnt16_ReadStatusRegister
                0x00003018        0xc .\CortexM3\ARM_GCC_493\Debug\freesoc.a(Right_QuadDec_Cnt16.o)
                0x00003018                Right_QuadDec_Cnt16_ReadStatusRegister
 .text.Right_QuadDec_Cnt16_WriteCounter
                0x00003024        0xc .\CortexM3\ARM_GCC_493\Debug\freesoc.a(Right_QuadDec_Cnt16.o)
                0x00003024                Right_QuadDec_Cnt16_WriteCounter
 .text.Right_QuadDec_Cnt16_ReadCounter
                0x00003030       0x14 .\CortexM3\ARM_GCC_493\Debug\freesoc.a(Right_QuadDec_Cnt16.o)
                0x00003030                Right_QuadDec_Cnt16_ReadCounter
 .text.Right_QuadDec_Cnt16_ReadCapture
                0x00003044        0xc .\CortexM3\ARM_GCC_493\Debug\freesoc.a(Right_QuadDec_Cnt16.o)
                0x00003044                Right_QuadDec_Cnt16_ReadCapture
 .text.Right_QuadDec_Cnt16_WritePeriod
                0x00003050        0xc .\CortexM3\ARM_GCC_493\Debug\freesoc.a(Right_QuadDec_Cnt16.o)
                0x00003050                Right_QuadDec_Cnt16_WritePeriod
 .text.Right_QuadDec_Cnt16_WriteCompare
                0x0000305c        0xc .\CortexM3\ARM_GCC_493\Debug\freesoc.a(Right_QuadDec_Cnt16.o)
                0x0000305c                Right_QuadDec_Cnt16_WriteCompare
 .text.Right_QuadDec_Cnt16_ClearFIFO
                0x00003068       0x14 .\CortexM3\ARM_GCC_493\Debug\freesoc.a(Right_QuadDec_Cnt16.o)
                0x00003068                Right_QuadDec_Cnt16_ClearFIFO
 .text.Right_QuadDec_Cnt16_Init
                0x0000307c       0x58 .\CortexM3\ARM_GCC_493\Debug\freesoc.a(Right_QuadDec_Cnt16.o)
                0x0000307c                Right_QuadDec_Cnt16_Init
 .text.Right_QuadDec_Cnt16_Start
                0x000030d4       0x1c .\CortexM3\ARM_GCC_493\Debug\freesoc.a(Right_QuadDec_Cnt16.o)
                0x000030d4                Right_QuadDec_Cnt16_Start
 .text.Left_QuadDec_Init
                0x000030f0       0x24 .\CortexM3\ARM_GCC_493\Debug\freesoc.a(Left_QuadDec.o)
                0x000030f0                Left_QuadDec_Init
 .text.Left_QuadDec_GetCounter
                0x00003114       0x2c .\CortexM3\ARM_GCC_493\Debug\freesoc.a(Left_QuadDec.o)
                0x00003114                Left_QuadDec_GetCounter
 .text.Left_QuadDec_SetCounter
                0x00003140       0x28 .\CortexM3\ARM_GCC_493\Debug\freesoc.a(Left_QuadDec.o)
                0x00003140                Left_QuadDec_SetCounter
 .text.Left_QuadDec_GetEvents
                0x00003168       0x10 .\CortexM3\ARM_GCC_493\Debug\freesoc.a(Left_QuadDec.o)
                0x00003168                Left_QuadDec_GetEvents
 .text.Left_QuadDec_SetInterruptMask
                0x00003178       0x10 .\CortexM3\ARM_GCC_493\Debug\freesoc.a(Left_QuadDec.o)
                0x00003178                Left_QuadDec_SetInterruptMask
 .text.Left_QuadDec_Enable
                0x00003188       0x30 .\CortexM3\ARM_GCC_493\Debug\freesoc.a(Left_QuadDec.o)
                0x00003188                Left_QuadDec_Enable
 .text.Left_QuadDec_Start
                0x000031b8       0x34 .\CortexM3\ARM_GCC_493\Debug\freesoc.a(Left_QuadDec.o)
                0x000031b8                Left_QuadDec_Start
 .text.Left_QuadDec_ISR
                0x000031ec       0x40 .\CortexM3\ARM_GCC_493\Debug\freesoc.a(Left_QuadDec_INT.o)
                0x000031ec                Left_QuadDec_ISR
 .text.Left_QuadDec_Cnt16_Enable
                0x0000322c       0x10 .\CortexM3\ARM_GCC_493\Debug\freesoc.a(Left_QuadDec_Cnt16.o)
                0x0000322c                Left_QuadDec_Cnt16_Enable
 .text.Left_QuadDec_Cnt16_SetInterruptMode
                0x0000323c        0xc .\CortexM3\ARM_GCC_493\Debug\freesoc.a(Left_QuadDec_Cnt16.o)
                0x0000323c                Left_QuadDec_Cnt16_SetInterruptMode
 .text.Left_QuadDec_Cnt16_ReadStatusRegister
                0x00003248        0xc .\CortexM3\ARM_GCC_493\Debug\freesoc.a(Left_QuadDec_Cnt16.o)
                0x00003248                Left_QuadDec_Cnt16_ReadStatusRegister
 .text.Left_QuadDec_Cnt16_WriteCounter
                0x00003254        0xc .\CortexM3\ARM_GCC_493\Debug\freesoc.a(Left_QuadDec_Cnt16.o)
                0x00003254                Left_QuadDec_Cnt16_WriteCounter
 .text.Left_QuadDec_Cnt16_ReadCounter
                0x00003260       0x14 .\CortexM3\ARM_GCC_493\Debug\freesoc.a(Left_QuadDec_Cnt16.o)
                0x00003260                Left_QuadDec_Cnt16_ReadCounter
 .text.Left_QuadDec_Cnt16_ReadCapture
                0x00003274        0xc .\CortexM3\ARM_GCC_493\Debug\freesoc.a(Left_QuadDec_Cnt16.o)
                0x00003274                Left_QuadDec_Cnt16_ReadCapture
 .text.Left_QuadDec_Cnt16_WritePeriod
                0x00003280        0xc .\CortexM3\ARM_GCC_493\Debug\freesoc.a(Left_QuadDec_Cnt16.o)
                0x00003280                Left_QuadDec_Cnt16_WritePeriod
 .text.Left_QuadDec_Cnt16_WriteCompare
                0x0000328c        0xc .\CortexM3\ARM_GCC_493\Debug\freesoc.a(Left_QuadDec_Cnt16.o)
                0x0000328c                Left_QuadDec_Cnt16_WriteCompare
 .text.Left_QuadDec_Cnt16_ClearFIFO
                0x00003298       0x14 .\CortexM3\ARM_GCC_493\Debug\freesoc.a(Left_QuadDec_Cnt16.o)
                0x00003298                Left_QuadDec_Cnt16_ClearFIFO
 .text.Left_QuadDec_Cnt16_Init
                0x000032ac       0x58 .\CortexM3\ARM_GCC_493\Debug\freesoc.a(Left_QuadDec_Cnt16.o)
                0x000032ac                Left_QuadDec_Cnt16_Init
 .text.Left_QuadDec_Cnt16_Start
                0x00003304       0x1c .\CortexM3\ARM_GCC_493\Debug\freesoc.a(Left_QuadDec_Cnt16.o)
                0x00003304                Left_QuadDec_Cnt16_Start
 .text.USBUART_Init
                0x00003320      0x140 .\CortexM3\ARM_GCC_493\Debug\freesoc.a(USBUART.o)
                0x00003320                USBUART_Init
 .text.USBUART_InitComponent
                0x00003460       0xd4 .\CortexM3\ARM_GCC_493\Debug\freesoc.a(USBUART.o)
                0x00003460                USBUART_InitComponent
 .text.USBUART_Start
                0x00003534       0x24 .\CortexM3\ARM_GCC_493\Debug\freesoc.a(USBUART.o)
                0x00003534                USBUART_Start
 .text.USBUART_ReInitComponent
                0x00003558       0x64 .\CortexM3\ARM_GCC_493\Debug\freesoc.a(USBUART.o)
                0x00003558                USBUART_ReInitComponent
 .text.USBUART_GetConfiguration
                0x000035bc        0xc .\CortexM3\ARM_GCC_493\Debug\freesoc.a(USBUART.o)
                0x000035bc                USBUART_GetConfiguration
 .text.USBUART_IsConfigurationChanged
                0x000035c8       0x20 .\CortexM3\ARM_GCC_493\Debug\freesoc.a(USBUART.o)
                0x000035c8                USBUART_IsConfigurationChanged
 .text.USBUART_GetEPState
                0x000035e8       0x14 .\CortexM3\ARM_GCC_493\Debug\freesoc.a(USBUART.o)
                0x000035e8                USBUART_GetEPState
 .text.USBUART_LoadInEP
                0x000035fc       0x94 .\CortexM3\ARM_GCC_493\Debug\freesoc.a(USBUART.o)
                0x000035fc                USBUART_LoadInEP
 .text.USBUART_EnableOutEP
                0x00003690       0x2c .\CortexM3\ARM_GCC_493\Debug\freesoc.a(USBUART.o)
                0x00003690                USBUART_EnableOutEP
 .text.USBUART_StrLen
                0x000036bc       0x14 .\CortexM3\ARM_GCC_493\Debug\freesoc.a(USBUART_cdc.o)
 .text.USBUART_GetInterfaceComPort
                0x000036d0       0x3c .\CortexM3\ARM_GCC_493\Debug\freesoc.a(USBUART_cdc.o)
                0x000036d0                USBUART_GetInterfaceComPort
 .text.USBUART_DispatchCDCClassRqst
                0x0000370c       0x98 .\CortexM3\ARM_GCC_493\Debug\freesoc.a(USBUART_cdc.o)
                0x0000370c                USBUART_DispatchCDCClassRqst
 .text.USBUART_CDC_Init
                0x000037a4       0x98 .\CortexM3\ARM_GCC_493\Debug\freesoc.a(USBUART_cdc.o)
                0x000037a4                USBUART_CDC_Init
 .text.USBUART_PutString
                0x0000383c       0x9c .\CortexM3\ARM_GCC_493\Debug\freesoc.a(USBUART_cdc.o)
                0x0000383c                USBUART_PutString
 .text.USBUART_CDCIsReady
                0x000038d8       0x18 .\CortexM3\ARM_GCC_493\Debug\freesoc.a(USBUART_cdc.o)
                0x000038d8                USBUART_CDCIsReady
 .text.USBUART_Cdc_EpInit
                0x000038f0       0x50 .\CortexM3\ARM_GCC_493\Debug\freesoc.a(USBUART_cdc.o)
                0x000038f0                USBUART_Cdc_EpInit
 .text.USBUART_LoadEP0
                0x00003940       0x94 .\CortexM3\ARM_GCC_493\Debug\freesoc.a(USBUART_drv.o)
                0x00003940                USBUART_LoadEP0
 .text.USBUART_InitZeroLengthControlTransfer
                0x000039d4       0x34 .\CortexM3\ARM_GCC_493\Debug\freesoc.a(USBUART_drv.o)
                0x000039d4                USBUART_InitZeroLengthControlTransfer
 .text.USBUART_ControlReadDataStage
                0x00003a08        0x8 .\CortexM3\ARM_GCC_493\Debug\freesoc.a(USBUART_drv.o)
                0x00003a08                USBUART_ControlReadDataStage
 .text.USBUART_ControlWriteDataStage
                0x00003a10       0x80 .\CortexM3\ARM_GCC_493\Debug\freesoc.a(USBUART_drv.o)
                0x00003a10                USBUART_ControlWriteDataStage
 .text.USBUART_InitNoDataControlTransfer
                0x00003a90       0x2c .\CortexM3\ARM_GCC_493\Debug\freesoc.a(USBUART_drv.o)
                0x00003a90                USBUART_InitNoDataControlTransfer
 .text.USBUART_UpdateStatusBlock
                0x00003abc       0x24 .\CortexM3\ARM_GCC_493\Debug\freesoc.a(USBUART_drv.o)
                0x00003abc                USBUART_UpdateStatusBlock
 .text.USBUART_HandleSetup
                0x00003ae0       0x5c .\CortexM3\ARM_GCC_493\Debug\freesoc.a(USBUART_drv.o)
                0x00003ae0                USBUART_HandleSetup
 .text.USBUART_ControlReadStatusStage
                0x00003b3c       0x34 .\CortexM3\ARM_GCC_493\Debug\freesoc.a(USBUART_drv.o)
                0x00003b3c                USBUART_ControlReadStatusStage
 .text.USBUART_HandleOUT
                0x00003b70       0x38 .\CortexM3\ARM_GCC_493\Debug\freesoc.a(USBUART_drv.o)
                0x00003b70                USBUART_HandleOUT
 .text.USBUART_ControlWriteStatusStage
                0x00003ba8       0x20 .\CortexM3\ARM_GCC_493\Debug\freesoc.a(USBUART_drv.o)
                0x00003ba8                USBUART_ControlWriteStatusStage
 .text.USBUART_NoDataControlStatusStage
                0x00003bc8       0x40 .\CortexM3\ARM_GCC_493\Debug\freesoc.a(USBUART_drv.o)
                0x00003bc8                USBUART_NoDataControlStatusStage
 .text.USBUART_HandleIN
                0x00003c08       0x2c .\CortexM3\ARM_GCC_493\Debug\freesoc.a(USBUART_drv.o)
                0x00003c08                USBUART_HandleIN
 .text.USBUART_EP_0_ISR
                0x00003c34       0xb8 .\CortexM3\ARM_GCC_493\Debug\freesoc.a(USBUART_drv.o)
                0x00003c34                USBUART_EP_0_ISR
 .text.USBUART_InitializeStatusBlock
                0x00003cec       0x24 .\CortexM3\ARM_GCC_493\Debug\freesoc.a(USBUART_drv.o)
                0x00003cec                USBUART_InitializeStatusBlock
 .text.USBUART_InitControlRead
                0x00003d10       0x50 .\CortexM3\ARM_GCC_493\Debug\freesoc.a(USBUART_drv.o)
                0x00003d10                USBUART_InitControlRead
 .text.USBUART_InitControlWrite
                0x00003d60       0x48 .\CortexM3\ARM_GCC_493\Debug\freesoc.a(USBUART_drv.o)
                0x00003d60                USBUART_InitControlWrite
 .text.USBUART_EP_1_ISR
                0x00003da8       0x38 .\CortexM3\ARM_GCC_493\Debug\freesoc.a(USBUART_episr.o)
                0x00003da8                USBUART_EP_1_ISR
 .text.USBUART_EP_2_ISR
                0x00003de0       0x3c .\CortexM3\ARM_GCC_493\Debug\freesoc.a(USBUART_episr.o)
                0x00003de0                USBUART_EP_2_ISR
 .text.USBUART_EP_3_ISR
                0x00003e1c       0x44 .\CortexM3\ARM_GCC_493\Debug\freesoc.a(USBUART_episr.o)
                0x00003e1c                USBUART_EP_3_ISR
 .text.USBUART_SOF_ISR
                0x00003e60        0x4 .\CortexM3\ARM_GCC_493\Debug\freesoc.a(USBUART_episr.o)
                0x00003e60                USBUART_SOF_ISR
 .text.USBUART_BUS_RESET_ISR
                0x00003e64        0x8 .\CortexM3\ARM_GCC_493\Debug\freesoc.a(USBUART_episr.o)
                0x00003e64                USBUART_BUS_RESET_ISR
 .text.USBUART_FindHidClassDecriptor
                0x00003e6c       0x40 .\CortexM3\ARM_GCC_493\Debug\freesoc.a(USBUART_hid.o)
                0x00003e6c                USBUART_FindHidClassDecriptor
 .text.USBUART_FindReportDescriptor
                0x00003eac       0x48 .\CortexM3\ARM_GCC_493\Debug\freesoc.a(USBUART_hid.o)
                0x00003eac                USBUART_FindReportDescriptor
 .text.USBUART_FindReport
                0x00003ef4       0x7c .\CortexM3\ARM_GCC_493\Debug\freesoc.a(USBUART_hid.o)
                0x00003ef4                USBUART_FindReport
 .text.USBUART_DispatchHIDClassRqst
                0x00003f70      0x184 .\CortexM3\ARM_GCC_493\Debug\freesoc.a(USBUART_hid.o)
                0x00003f70                USBUART_DispatchHIDClassRqst
 .text.USBUART_DP_ISR
                0x000040f4        0x8 .\CortexM3\ARM_GCC_493\Debug\freesoc.a(USBUART_pm.o)
                0x000040f4                USBUART_DP_ISR
 .text.USBUART_ReadDieID
                0x000040fc       0x6c .\CortexM3\ARM_GCC_493\Debug\freesoc.a(USBUART_std.o)
                0x000040fc                USBUART_ReadDieID
 .text.USBUART_ConfigReg
                0x00004168       0xa4 .\CortexM3\ARM_GCC_493\Debug\freesoc.a(USBUART_std.o)
                0x00004168                USBUART_ConfigReg
 .text.USBUART_GetConfigTablePtr
                0x0000420c       0x28 .\CortexM3\ARM_GCC_493\Debug\freesoc.a(USBUART_std.o)
                0x0000420c                USBUART_GetConfigTablePtr
 .text.USBUART_ConfigAltChanged
                0x00004234      0x11c .\CortexM3\ARM_GCC_493\Debug\freesoc.a(USBUART_std.o)
                0x00004234                USBUART_ConfigAltChanged
 .text.USBUART_GetDeviceTablePtr
                0x00004350       0x18 .\CortexM3\ARM_GCC_493\Debug\freesoc.a(USBUART_std.o)
                0x00004350                USBUART_GetDeviceTablePtr
 .text.USBUART_GetInterfaceClassTablePtr
                0x00004368       0x24 .\CortexM3\ARM_GCC_493\Debug\freesoc.a(USBUART_std.o)
                0x00004368                USBUART_GetInterfaceClassTablePtr
 .text.USBUART_Config
                0x0000438c      0x1dc .\CortexM3\ARM_GCC_493\Debug\freesoc.a(USBUART_std.o)
                0x0000438c                USBUART_Config
 .text.USBUART_SetEndpointHalt
                0x00004568       0x64 .\CortexM3\ARM_GCC_493\Debug\freesoc.a(USBUART_std.o)
                0x00004568                USBUART_SetEndpointHalt
 .text.USBUART_ClearEndpointHalt
                0x000045cc       0xa8 .\CortexM3\ARM_GCC_493\Debug\freesoc.a(USBUART_std.o)
                0x000045cc                USBUART_ClearEndpointHalt
 .text.USBUART_ValidateAlternateSetting
                0x00004674       0x4c .\CortexM3\ARM_GCC_493\Debug\freesoc.a(USBUART_std.o)
                0x00004674                USBUART_ValidateAlternateSetting
 .text.USBUART_HandleStandardRqst
                0x000046c0      0x35c .\CortexM3\ARM_GCC_493\Debug\freesoc.a(USBUART_std.o)
                0x000046c0                USBUART_HandleStandardRqst
 .text.USBUART_HandleVendorRqst
                0x00004a1c       0x3c .\CortexM3\ARM_GCC_493\Debug\freesoc.a(USBUART_vnd.o)
                0x00004a1c                USBUART_HandleVendorRqst
 .text.USBUART_Dp_ClearInterrupt
                0x00004a58       0x10 .\CortexM3\ARM_GCC_493\Debug\freesoc.a(USBUART_Dp.o)
                0x00004a58                USBUART_Dp_ClearInterrupt
 .text.CyFlashGetSpcAlgorithm
                0x00004a68       0x4c .\CortexM3\ARM_GCC_493\Debug\freesoc.a(CyFlash.o)
 .text.CySetTempInt
                0x00004ab4       0x60 .\CortexM3\ARM_GCC_493\Debug\freesoc.a(CyFlash.o)
 .text.CySetTemp
                0x00004b14       0x14 .\CortexM3\ARM_GCC_493\Debug\freesoc.a(CyFlash.o)
                0x00004b14                CySetTemp
 .text.CyEEPROM_Start
                0x00004b28       0x54 .\CortexM3\ARM_GCC_493\Debug\freesoc.a(CyFlash.o)
                0x00004b28                CyEEPROM_Start
 .text.CySpcStart
                0x00004b7c       0x24 .\CortexM3\ARM_GCC_493\Debug\freesoc.a(CySpc.o)
                0x00004b7c                CySpcStart
 .text.CySpcReadData
                0x00004ba0       0x34 .\CortexM3\ARM_GCC_493\Debug\freesoc.a(CySpc.o)
                0x00004ba0                CySpcReadData
 .text.CySpcLoadMultiByte
                0x00004bd4       0x78 .\CortexM3\ARM_GCC_493\Debug\freesoc.a(CySpc.o)
                0x00004bd4                CySpcLoadMultiByte
 .text.CySpcLoadRow
                0x00004c4c       0x54 .\CortexM3\ARM_GCC_493\Debug\freesoc.a(CySpc.o)
                0x00004c4c                CySpcLoadRow
 .text.CySpcWriteRow
                0x00004ca0       0x4c .\CortexM3\ARM_GCC_493\Debug\freesoc.a(CySpc.o)
                0x00004ca0                CySpcWriteRow
 .text.CySpcGetTemp
                0x00004cec       0x3c .\CortexM3\ARM_GCC_493\Debug\freesoc.a(CySpc.o)
                0x00004cec                CySpcGetTemp
 .text.CySpcLock
                0x00004d28       0x4c .\CortexM3\ARM_GCC_493\Debug\freesoc.a(CySpc.o)
                0x00004d28                CySpcLock
 .text.CySpcUnlock
                0x00004d74       0x38 .\CortexM3\ARM_GCC_493\Debug\freesoc.a(CySpc.o)
                0x00004d74                CySpcUnlock
 .text.CySpcGetAlgorithm
                0x00004dac       0x28 .\CortexM3\ARM_GCC_493\Debug\freesoc.a(CySpc.o)
                0x00004dac                CySpcGetAlgorithm
 .text.USBUART_DispatchClassRqst
                0x00004dd4       0x60 .\CortexM3\ARM_GCC_493\Debug\freesoc.a(USBUART_cls.o)
                0x00004dd4                USBUART_DispatchClassRqst
 .text.cos      0x00004e34       0x90 c:/program files (x86)/cypress/psoc creator/3.3/psoc creator/import/gnu/arm/4.9.3/bin/../lib/gcc/arm-none-eabi/4.9.3/../../../../arm-none-eabi/lib/armv7-m\libm.a(lib_a-s_cos.o)
                0x00004e34                cos
 .text.sin      0x00004ec4       0x94 c:/program files (x86)/cypress/psoc creator/3.3/psoc creator/import/gnu/arm/4.9.3/bin/../lib/gcc/arm-none-eabi/4.9.3/../../../../arm-none-eabi/lib/armv7-m\libm.a(lib_a-s_sin.o)
                0x00004ec4                sin
 .text.pow      0x00004f58      0x2f0 c:/program files (x86)/cypress/psoc creator/3.3/psoc creator/import/gnu/arm/4.9.3/bin/../lib/gcc/arm-none-eabi/4.9.3/../../../../arm-none-eabi/lib/armv7-m\libm.a(lib_a-w_pow.o)
                0x00004f58                pow
 .text.__ieee754_pow
                0x00005248      0xaa0 c:/program files (x86)/cypress/psoc creator/3.3/psoc creator/import/gnu/arm/4.9.3/bin/../lib/gcc/arm-none-eabi/4.9.3/../../../../arm-none-eabi/lib/armv7-m\libm.a(lib_a-e_pow.o)
                0x00005248                __ieee754_pow
 .text.__ieee754_rem_pio2
                0x00005ce8      0x428 c:/program files (x86)/cypress/psoc creator/3.3/psoc creator/import/gnu/arm/4.9.3/bin/../lib/gcc/arm-none-eabi/4.9.3/../../../../arm-none-eabi/lib/armv7-m\libm.a(lib_a-e_rem_pio2.o)
                0x00005ce8                __ieee754_rem_pio2
 .text.__ieee754_sqrt
                0x00006110      0x18c c:/program files (x86)/cypress/psoc creator/3.3/psoc creator/import/gnu/arm/4.9.3/bin/../lib/gcc/arm-none-eabi/4.9.3/../../../../arm-none-eabi/lib/armv7-m\libm.a(lib_a-e_sqrt.o)
                0x00006110                __ieee754_sqrt
 *fill*         0x0000629c        0x4 
 .text.__kernel_cos
                0x000062a0      0x248 c:/program files (x86)/cypress/psoc creator/3.3/psoc creator/import/gnu/arm/4.9.3/bin/../lib/gcc/arm-none-eabi/4.9.3/../../../../arm-none-eabi/lib/armv7-m\libm.a(lib_a-k_cos.o)
                0x000062a0                __kernel_cos
 .text.__kernel_rem_pio2
                0x000064e8      0x808 c:/program files (x86)/cypress/psoc creator/3.3/psoc creator/import/gnu/arm/4.9.3/bin/../lib/gcc/arm-none-eabi/4.9.3/../../../../arm-none-eabi/lib/armv7-m\libm.a(lib_a-k_rem_pio2.o)
                0x000064e8                __kernel_rem_pio2
 .text.__kernel_sin
                0x00006cf0      0x170 c:/program files (x86)/cypress/psoc creator/3.3/psoc creator/import/gnu/arm/4.9.3/bin/../lib/gcc/arm-none-eabi/4.9.3/../../../../arm-none-eabi/lib/armv7-m\libm.a(lib_a-k_sin.o)
                0x00006cf0                __kernel_sin
 .text.fabs     0x00006e60        0x8 c:/program files (x86)/cypress/psoc creator/3.3/psoc creator/import/gnu/arm/4.9.3/bin/../lib/gcc/arm-none-eabi/4.9.3/../../../../arm-none-eabi/lib/armv7-m\libm.a(lib_a-s_fabs.o)
                0x00006e60                fabs
 .text.finite   0x00006e68        0xc c:/program files (x86)/cypress/psoc creator/3.3/psoc creator/import/gnu/arm/4.9.3/bin/../lib/gcc/arm-none-eabi/4.9.3/../../../../arm-none-eabi/lib/armv7-m\libm.a(lib_a-s_finite.o)
                0x00006e68                finite
 *fill*         0x00006e74        0x4 
 .text.floor    0x00006e78      0x118 c:/program files (x86)/cypress/psoc creator/3.3/psoc creator/import/gnu/arm/4.9.3/bin/../lib/gcc/arm-none-eabi/4.9.3/../../../../arm-none-eabi/lib/armv7-m\libm.a(lib_a-s_floor.o)
                0x00006e78                floor
 .text.__fpclassifyd
                0x00006f90       0x58 c:/program files (x86)/cypress/psoc creator/3.3/psoc creator/import/gnu/arm/4.9.3/bin/../lib/gcc/arm-none-eabi/4.9.3/../../../../arm-none-eabi/lib/armv7-m\libm.a(lib_a-s_fpclassify.o)
                0x00006f90                __fpclassifyd
 .text.matherr  0x00006fe8        0x4 c:/program files (x86)/cypress/psoc creator/3.3/psoc creator/import/gnu/arm/4.9.3/bin/../lib/gcc/arm-none-eabi/4.9.3/../../../../arm-none-eabi/lib/armv7-m\libm.a(lib_a-s_matherr.o)
                0x00006fe8                matherr
 .text.nan      0x00006fec        0xc c:/program files (x86)/cypress/psoc creator/3.3/psoc creator/import/gnu/arm/4.9.3/bin/../lib/gcc/arm-none-eabi/4.9.3/../../../../arm-none-eabi/lib/armv7-m\libm.a(lib_a-s_nan.o)
                0x00006fec                nan
 .text.rint     0x00006ff8      0x11c c:/program files (x86)/cypress/psoc creator/3.3/psoc creator/import/gnu/arm/4.9.3/bin/../lib/gcc/arm-none-eabi/4.9.3/../../../../arm-none-eabi/lib/armv7-m\libm.a(lib_a-s_rint.o)
                0x00006ff8                rint
 *fill*         0x00007114        0x4 
 .text.scalbn   0x00007118       0xf0 c:/program files (x86)/cypress/psoc creator/3.3/psoc creator/import/gnu/arm/4.9.3/bin/../lib/gcc/arm-none-eabi/4.9.3/../../../../arm-none-eabi/lib/armv7-m\libm.a(lib_a-s_scalbn.o)
                0x00007118                scalbn
 .text.copysign
                0x00007208       0x10 c:/program files (x86)/cypress/psoc creator/3.3/psoc creator/import/gnu/arm/4.9.3/bin/../lib/gcc/arm-none-eabi/4.9.3/../../../../arm-none-eabi/lib/armv7-m\libm.a(lib_a-s_copysign.o)
                0x00007208                copysign
 .text          0x00007218      0x370 c:/program files (x86)/cypress/psoc creator/3.3/psoc creator/import/gnu/arm/4.9.3/bin/../lib/gcc/arm-none-eabi/4.9.3/armv7-m\libgcc.a(_arm_addsubdf3.o)
                0x00007218                __aeabi_drsub
                0x00007220                __aeabi_dsub
                0x00007220                __subdf3
                0x00007224                __aeabi_dadd
                0x00007224                __adddf3
                0x0000749c                __floatunsidf
                0x0000749c                __aeabi_ui2d
                0x000074bc                __floatsidf
                0x000074bc                __aeabi_i2d
                0x000074e0                __aeabi_f2d
                0x000074e0                __extendsfdf2
                0x0000751c                __floatundidf
                0x0000751c                __aeabi_ul2d
                0x0000752c                __floatdidf
                0x0000752c                __aeabi_l2d
 .text          0x00007588      0x424 c:/program files (x86)/cypress/psoc creator/3.3/psoc creator/import/gnu/arm/4.9.3/bin/../lib/gcc/arm-none-eabi/4.9.3/armv7-m\libgcc.a(_arm_muldivdf3.o)
                0x00007588                __aeabi_dmul
                0x00007588                __muldf3
                0x000077dc                __divdf3
                0x000077dc                __aeabi_ddiv
 .text          0x000079ac      0x110 c:/program files (x86)/cypress/psoc creator/3.3/psoc creator/import/gnu/arm/4.9.3/bin/../lib/gcc/arm-none-eabi/4.9.3/armv7-m\libgcc.a(_arm_cmpdf2.o)
                0x000079ac                __gtdf2
                0x000079ac                __gedf2
                0x000079b4                __ltdf2
                0x000079b4                __ledf2
                0x000079bc                __nedf2
                0x000079bc                __eqdf2
                0x000079bc                __cmpdf2
                0x00007a38                __aeabi_cdrcmple
                0x00007a48                __aeabi_cdcmpeq
                0x00007a48                __aeabi_cdcmple
                0x00007a58                __aeabi_dcmpeq
                0x00007a6c                __aeabi_dcmplt
                0x00007a80                __aeabi_dcmple
                0x00007a94                __aeabi_dcmpge
                0x00007aa8                __aeabi_dcmpgt
 .text          0x00007abc       0x50 c:/program files (x86)/cypress/psoc creator/3.3/psoc creator/import/gnu/arm/4.9.3/bin/../lib/gcc/arm-none-eabi/4.9.3/armv7-m\libgcc.a(_arm_fixdfsi.o)
                0x00007abc                __aeabi_d2iz
                0x00007abc                __fixdfsi
 .text          0x00007b0c       0x40 c:/program files (x86)/cypress/psoc creator/3.3/psoc creator/import/gnu/arm/4.9.3/bin/../lib/gcc/arm-none-eabi/4.9.3/armv7-m\libgcc.a(_arm_fixunsdfsi.o)
                0x00007b0c                __aeabi_d2uiz
                0x00007b0c                __fixunsdfsi
 .text          0x00007b4c       0xa0 c:/program files (x86)/cypress/psoc creator/3.3/psoc creator/import/gnu/arm/4.9.3/bin/../lib/gcc/arm-none-eabi/4.9.3/armv7-m\libgcc.a(_arm_truncdfsf2.o)
                0x00007b4c                __truncdfsf2
                0x00007b4c                __aeabi_d2f
 .text          0x00007bec      0x21c c:/program files (x86)/cypress/psoc creator/3.3/psoc creator/import/gnu/arm/4.9.3/bin/../lib/gcc/arm-none-eabi/4.9.3/armv7-m\libgcc.a(_arm_addsubsf3.o)
                0x00007bec                __aeabi_frsub
                0x00007bf4                __subsf3
                0x00007bf4                __aeabi_fsub
                0x00007bf8                __aeabi_fadd
                0x00007bf8                __addsf3
                0x00007d58                __aeabi_ui2f
                0x00007d58                __floatunsisf
                0x00007d60                __aeabi_i2f
                0x00007d60                __floatsisf
                0x00007d7c                __aeabi_ul2f
                0x00007d7c                __floatundisf
                0x00007d8c                __aeabi_l2f
                0x00007d8c                __floatdisf
 .text          0x00007e08      0x2a0 c:/program files (x86)/cypress/psoc creator/3.3/psoc creator/import/gnu/arm/4.9.3/bin/../lib/gcc/arm-none-eabi/4.9.3/armv7-m\libgcc.a(_arm_muldivsf3.o)
                0x00007e08                __mulsf3
                0x00007e08                __aeabi_fmul
                0x00007f70                __aeabi_fdiv
                0x00007f70                __divsf3
 .text          0x000080a8       0xec c:/program files (x86)/cypress/psoc creator/3.3/psoc creator/import/gnu/arm/4.9.3/bin/../lib/gcc/arm-none-eabi/4.9.3/armv7-m\libgcc.a(_arm_cmpsf2.o)
                0x000080a8                __gesf2
                0x000080a8                __gtsf2
                0x000080b0                __lesf2
                0x000080b0                __ltsf2
                0x000080b8                __nesf2
                0x000080b8                __eqsf2
                0x000080b8                __cmpsf2
                0x00008118                __aeabi_cfrcmple
                0x00008120                __aeabi_cfcmpeq
                0x00008120                __aeabi_cfcmple
                0x00008130                __aeabi_fcmpeq
                0x00008144                __aeabi_fcmplt
                0x00008158                __aeabi_fcmple
                0x0000816c                __aeabi_fcmpge
                0x00008180                __aeabi_fcmpgt
 .text          0x00008194       0x4c c:/program files (x86)/cypress/psoc creator/3.3/psoc creator/import/gnu/arm/4.9.3/bin/../lib/gcc/arm-none-eabi/4.9.3/armv7-m\libgcc.a(_arm_fixsfsi.o)
                0x00008194                __aeabi_f2iz
                0x00008194                __fixsfsi
 .text.__errno  0x000081e0        0xc c:/program files (x86)/cypress/psoc creator/3.3/psoc creator/import/gnu/arm/4.9.3/bin/../lib/gcc/arm-none-eabi/4.9.3/../../../../arm-none-eabi/lib/armv7-m\libg_nano.a(lib_a-errno.o)
                0x000081e0                __errno
 .text.__libc_init_array
                0x000081ec       0x4c c:/program files (x86)/cypress/psoc creator/3.3/psoc creator/import/gnu/arm/4.9.3/bin/../lib/gcc/arm-none-eabi/4.9.3/../../../../arm-none-eabi/lib/armv7-m\libg_nano.a(lib_a-init.o)
                0x000081ec                __libc_init_array
 .text.__itoa   0x00008238       0x2e c:/program files (x86)/cypress/psoc creator/3.3/psoc creator/import/gnu/arm/4.9.3/bin/../lib/gcc/arm-none-eabi/4.9.3/../../../../arm-none-eabi/lib/armv7-m\libg_nano.a(lib_a-itoa.o)
                0x00008238                __itoa
 .text.itoa     0x00008266        0x4 c:/program files (x86)/cypress/psoc creator/3.3/psoc creator/import/gnu/arm/4.9.3/bin/../lib/gcc/arm-none-eabi/4.9.3/../../../../arm-none-eabi/lib/armv7-m\libg_nano.a(lib_a-itoa.o)
                0x00008266                itoa
 .text.memcpy   0x0000826a       0x16 c:/program files (x86)/cypress/psoc creator/3.3/psoc creator/import/gnu/arm/4.9.3/bin/../lib/gcc/arm-none-eabi/4.9.3/../../../../arm-none-eabi/lib/armv7-m\libg_nano.a(lib_a-memcpy.o)
                0x0000826a                memcpy
 .text.memset   0x00008280       0x10 c:/program files (x86)/cypress/psoc creator/3.3/psoc creator/import/gnu/arm/4.9.3/bin/../lib/gcc/arm-none-eabi/4.9.3/../../../../arm-none-eabi/lib/armv7-m\libg_nano.a(lib_a-memset.o)
                0x00008280                memset
 .text.__cvt    0x00008290       0xbc c:/program files (x86)/cypress/psoc creator/3.3/psoc creator/import/gnu/arm/4.9.3/bin/../lib/gcc/arm-none-eabi/4.9.3/../../../../arm-none-eabi/lib/armv7-m\libg_nano.a(lib_a-nano-vfprintf_float.o)
                0x00008290                __cvt
 .text.__exponent
                0x0000834c       0x62 c:/program files (x86)/cypress/psoc creator/3.3/psoc creator/import/gnu/arm/4.9.3/bin/../lib/gcc/arm-none-eabi/4.9.3/../../../../arm-none-eabi/lib/armv7-m\libg_nano.a(lib_a-nano-vfprintf_float.o)
                0x0000834c                __exponent
 *fill*         0x000083ae        0x2 
 .text._printf_float
                0x000083b0      0x48c c:/program files (x86)/cypress/psoc creator/3.3/psoc creator/import/gnu/arm/4.9.3/bin/../lib/gcc/arm-none-eabi/4.9.3/../../../../arm-none-eabi/lib/armv7-m\libg_nano.a(lib_a-nano-vfprintf_float.o)
                0x000083b0                _printf_float
 .text._printf_common
                0x0000883c       0xea c:/program files (x86)/cypress/psoc creator/3.3/psoc creator/import/gnu/arm/4.9.3/bin/../lib/gcc/arm-none-eabi/4.9.3/../../../../arm-none-eabi/lib/armv7-m\libg_nano.a(lib_a-nano-vfprintf_i.o)
                0x0000883c                _printf_common
 *fill*         0x00008926        0x2 
 .text._printf_i
                0x00008928      0x240 c:/program files (x86)/cypress/psoc creator/3.3/psoc creator/import/gnu/arm/4.9.3/bin/../lib/gcc/arm-none-eabi/4.9.3/../../../../arm-none-eabi/lib/armv7-m\libg_nano.a(lib_a-nano-vfprintf_i.o)
                0x00008928                _printf_i
 .text.snprintf
                0x00008b68       0x64 c:/program files (x86)/cypress/psoc creator/3.3/psoc creator/import/gnu/arm/4.9.3/bin/../lib/gcc/arm-none-eabi/4.9.3/../../../../arm-none-eabi/lib/armv7-m\libg_nano.a(lib_a-snprintf.o)
                0x00008b68                sniprintf
                0x00008b68                snprintf
 .text.sprintf  0x00008bcc       0x48 c:/program files (x86)/cypress/psoc creator/3.3/psoc creator/import/gnu/arm/4.9.3/bin/../lib/gcc/arm-none-eabi/4.9.3/../../../../arm-none-eabi/lib/armv7-m\libg_nano.a(lib_a-sprintf.o)
                0x00008bcc                siprintf
                0x00008bcc                sprintf
 .text.strlen   0x00008c14       0x10 c:/program files (x86)/cypress/psoc creator/3.3/psoc creator/import/gnu/arm/4.9.3/bin/../lib/gcc/arm-none-eabi/4.9.3/../../../../arm-none-eabi/lib/armv7-m\libg_nano.a(lib_a-strlen.o)
                0x00008c14                strlen
 .text.__utoa   0x00008c24       0x78 c:/program files (x86)/cypress/psoc creator/3.3/psoc creator/import/gnu/arm/4.9.3/bin/../lib/gcc/arm-none-eabi/4.9.3/../../../../arm-none-eabi/lib/armv7-m\libg_nano.a(lib_a-utoa.o)
                0x00008c24                __utoa
 .text.quorem   0x00008c9c      0x114 c:/program files (x86)/cypress/psoc creator/3.3/psoc creator/import/gnu/arm/4.9.3/bin/../lib/gcc/arm-none-eabi/4.9.3/../../../../arm-none-eabi/lib/armv7-m\libg_nano.a(lib_a-dtoa.o)
 .text._dtoa_r  0x00008db0      0xb78 c:/program files (x86)/cypress/psoc creator/3.3/psoc creator/import/gnu/arm/4.9.3/bin/../lib/gcc/arm-none-eabi/4.9.3/../../../../arm-none-eabi/lib/armv7-m\libg_nano.a(lib_a-dtoa.o)
                0x00008db0                _dtoa_r
 .text._localeconv_r
                0x00009928        0x8 c:/program files (x86)/cypress/psoc creator/3.3/psoc creator/import/gnu/arm/4.9.3/bin/../lib/gcc/arm-none-eabi/4.9.3/../../../../arm-none-eabi/lib/armv7-m\libg_nano.a(lib_a-locale.o)
                0x00009928                _localeconv_r
 .text.malloc   0x00009930       0x10 c:/program files (x86)/cypress/psoc creator/3.3/psoc creator/import/gnu/arm/4.9.3/bin/../lib/gcc/arm-none-eabi/4.9.3/../../../../arm-none-eabi/lib/armv7-m\libg_nano.a(lib_a-malloc.o)
                0x00009930                malloc
 .text.memchr   0x00009940       0x1c c:/program files (x86)/cypress/psoc creator/3.3/psoc creator/import/gnu/arm/4.9.3/bin/../lib/gcc/arm-none-eabi/4.9.3/../../../../arm-none-eabi/lib/armv7-m\libg_nano.a(lib_a-memchr.o)
                0x00009940                memchr
 .text._Balloc  0x0000995c       0x6a c:/program files (x86)/cypress/psoc creator/3.3/psoc creator/import/gnu/arm/4.9.3/bin/../lib/gcc/arm-none-eabi/4.9.3/../../../../arm-none-eabi/lib/armv7-m\libg_nano.a(lib_a-mprec.o)
                0x0000995c                _Balloc
 .text._Bfree   0x000099c6       0x2e c:/program files (x86)/cypress/psoc creator/3.3/psoc creator/import/gnu/arm/4.9.3/bin/../lib/gcc/arm-none-eabi/4.9.3/../../../../arm-none-eabi/lib/armv7-m\libg_nano.a(lib_a-mprec.o)
                0x000099c6                _Bfree
 .text.__multadd
                0x000099f4       0x7c c:/program files (x86)/cypress/psoc creator/3.3/psoc creator/import/gnu/arm/4.9.3/bin/../lib/gcc/arm-none-eabi/4.9.3/../../../../arm-none-eabi/lib/armv7-m\libg_nano.a(lib_a-mprec.o)
                0x000099f4                __multadd
 .text.__hi0bits
                0x00009a70       0x40 c:/program files (x86)/cypress/psoc creator/3.3/psoc creator/import/gnu/arm/4.9.3/bin/../lib/gcc/arm-none-eabi/4.9.3/../../../../arm-none-eabi/lib/armv7-m\libg_nano.a(lib_a-mprec.o)
                0x00009a70                __hi0bits
 .text.__lo0bits
                0x00009ab0       0x5a c:/program files (x86)/cypress/psoc creator/3.3/psoc creator/import/gnu/arm/4.9.3/bin/../lib/gcc/arm-none-eabi/4.9.3/../../../../arm-none-eabi/lib/armv7-m\libg_nano.a(lib_a-mprec.o)
                0x00009ab0                __lo0bits
 .text.__i2b    0x00009b0a       0x12 c:/program files (x86)/cypress/psoc creator/3.3/psoc creator/import/gnu/arm/4.9.3/bin/../lib/gcc/arm-none-eabi/4.9.3/../../../../arm-none-eabi/lib/armv7-m\libg_nano.a(lib_a-mprec.o)
                0x00009b0a                __i2b
 .text.__multiply
                0x00009b1c      0x120 c:/program files (x86)/cypress/psoc creator/3.3/psoc creator/import/gnu/arm/4.9.3/bin/../lib/gcc/arm-none-eabi/4.9.3/../../../../arm-none-eabi/lib/armv7-m\libg_nano.a(lib_a-mprec.o)
                0x00009b1c                __multiply
 .text.__pow5mult
                0x00009c3c       0x9c c:/program files (x86)/cypress/psoc creator/3.3/psoc creator/import/gnu/arm/4.9.3/bin/../lib/gcc/arm-none-eabi/4.9.3/../../../../arm-none-eabi/lib/armv7-m\libg_nano.a(lib_a-mprec.o)
                0x00009c3c                __pow5mult
 .text.__lshift
                0x00009cd8       0xa6 c:/program files (x86)/cypress/psoc creator/3.3/psoc creator/import/gnu/arm/4.9.3/bin/../lib/gcc/arm-none-eabi/4.9.3/../../../../arm-none-eabi/lib/armv7-m\libg_nano.a(lib_a-mprec.o)
                0x00009cd8                __lshift
 .text.__mcmp   0x00009d7e       0x38 c:/program files (x86)/cypress/psoc creator/3.3/psoc creator/import/gnu/arm/4.9.3/bin/../lib/gcc/arm-none-eabi/4.9.3/../../../../arm-none-eabi/lib/armv7-m\libg_nano.a(lib_a-mprec.o)
                0x00009d7e                __mcmp
 .text.__mdiff  0x00009db6       0xbe c:/program files (x86)/cypress/psoc creator/3.3/psoc creator/import/gnu/arm/4.9.3/bin/../lib/gcc/arm-none-eabi/4.9.3/../../../../arm-none-eabi/lib/armv7-m\libg_nano.a(lib_a-mprec.o)
                0x00009db6                __mdiff
 .text.__d2b    0x00009e74       0xa4 c:/program files (x86)/cypress/psoc creator/3.3/psoc creator/import/gnu/arm/4.9.3/bin/../lib/gcc/arm-none-eabi/4.9.3/../../../../arm-none-eabi/lib/armv7-m\libg_nano.a(lib_a-mprec.o)
                0x00009e74                __d2b
 .text._calloc_r
                0x00009f18       0x1c c:/program files (x86)/cypress/psoc creator/3.3/psoc creator/import/gnu/arm/4.9.3/bin/../lib/gcc/arm-none-eabi/4.9.3/../../../../arm-none-eabi/lib/armv7-m\libg_nano.a(lib_a-nano-callocr.o)
                0x00009f18                _calloc_r
 .text._free_r  0x00009f34       0x88 c:/program files (x86)/cypress/psoc creator/3.3/psoc creator/import/gnu/arm/4.9.3/bin/../lib/gcc/arm-none-eabi/4.9.3/../../../../arm-none-eabi/lib/armv7-m\libg_nano.a(lib_a-nano-freer.o)
                0x00009f34                _free_r
 .text._malloc_r
                0x00009fbc       0xac c:/program files (x86)/cypress/psoc creator/3.3/psoc creator/import/gnu/arm/4.9.3/bin/../lib/gcc/arm-none-eabi/4.9.3/../../../../arm-none-eabi/lib/armv7-m\libg_nano.a(lib_a-nano-mallocr.o)
                0x00009fbc                _malloc_r
 .text.__ssputs_r
                0x0000a068       0xb2 c:/program files (x86)/cypress/psoc creator/3.3/psoc creator/import/gnu/arm/4.9.3/bin/../lib/gcc/arm-none-eabi/4.9.3/../../../../arm-none-eabi/lib/armv7-m\libg_nano.a(lib_a-nano-svfprintf.o)
                0x0000a068                __ssputs_r
 *fill*         0x0000a11a        0x2 
 .text._svfprintf_r
                0x0000a11c      0x1e4 c:/program files (x86)/cypress/psoc creator/3.3/psoc creator/import/gnu/arm/4.9.3/bin/../lib/gcc/arm-none-eabi/4.9.3/../../../../arm-none-eabi/lib/armv7-m\libg_nano.a(lib_a-nano-svfprintf.o)
                0x0000a11c                _svfiprintf_r
                0x0000a11c                _svfprintf_r
 .text._sbrk_r  0x0000a300       0x20 c:/program files (x86)/cypress/psoc creator/3.3/psoc creator/import/gnu/arm/4.9.3/bin/../lib/gcc/arm-none-eabi/4.9.3/../../../../arm-none-eabi/lib/armv7-m\libg_nano.a(lib_a-sbrkr.o)
                0x0000a300                _sbrk_r
 .text.memmove  0x0000a320       0x36 c:/program files (x86)/cypress/psoc creator/3.3/psoc creator/import/gnu/arm/4.9.3/bin/../lib/gcc/arm-none-eabi/4.9.3/../../../../arm-none-eabi/lib/armv7-m\libg_nano.a(lib_a-memmove.o)
                0x0000a320                memmove
 .text._realloc_r
                0x0000a356       0x4c c:/program files (x86)/cypress/psoc creator/3.3/psoc creator/import/gnu/arm/4.9.3/bin/../lib/gcc/arm-none-eabi/4.9.3/../../../../arm-none-eabi/lib/armv7-m\libg_nano.a(lib_a-nano-reallocr.o)
                0x0000a356                _realloc_r
 .text._malloc_usable_size_r
                0x0000a3a2       0x14 c:/program files (x86)/cypress/psoc creator/3.3/psoc creator/import/gnu/arm/4.9.3/bin/../lib/gcc/arm-none-eabi/4.9.3/../../../../arm-none-eabi/lib/armv7-m\libg_nano.a(lib_a-nano-msizer.o)
                0x0000a3a2                _malloc_usable_size_r
 *(.plt)
 *(.gnu.warning)
 *(.glue_7t)
 .glue_7t       0x00000000        0x0 linker stubs
 *(.glue_7)
 .glue_7        0x00000000        0x0 linker stubs
 *(.vfp11_veneer)
 .vfp11_veneer  0x00000000        0x0 linker stubs
 *(.bootloader)
 *(.ARM.extab* .gnu.linkonce.armextab.*)
 *(.gcc_except_table)

.v4_bx          0x0000a3b8        0x0
 .v4_bx         0x00000000        0x0 linker stubs

.iplt           0x0000a3b8        0x0
 .iplt          0x00000000        0x0 c:/program files (x86)/cypress/psoc creator/3.3/psoc creator/import/gnu/arm/4.9.3/bin/../lib/gcc/arm-none-eabi/4.9.3/armv7-m/crtbegin.o

.eh_frame_hdr
 *(.eh_frame_hdr)

.eh_frame       0x0000a3b8        0x4
 *(.eh_frame)
 .eh_frame      0x0000a3b8        0x0 c:/program files (x86)/cypress/psoc creator/3.3/psoc creator/import/gnu/arm/4.9.3/bin/../lib/gcc/arm-none-eabi/4.9.3/armv7-m/crtbegin.o
 .eh_frame      0x0000a3b8        0x0 c:/program files (x86)/cypress/psoc creator/3.3/psoc creator/import/gnu/arm/4.9.3/bin/../lib/gcc/arm-none-eabi/4.9.3/../../../../arm-none-eabi/lib/armv7-m\libg_nano.a(lib_a-strcmp.o)
                                 0x28 (size before relaxing)
 .eh_frame      0x0000a3b8        0x4 c:/program files (x86)/cypress/psoc creator/3.3/psoc creator/import/gnu/arm/4.9.3/bin/../lib/gcc/arm-none-eabi/4.9.3/armv7-m/crtend.o
                0x0000a3bc                PROVIDE (__exidx_start, .)

.ARM.exidx
 *(.ARM.exidx* .gnu.linkonce.armexidx.*)
                0x0000a3bc                __exidx_end = .

.rodata         0x0000a3c0      0x9a8
 *(.rodata .rodata.* .gnu.linkonce.r.*)
 .rodata.str1.4
                0x0000a3c0       0xb1 .\CortexM3\ARM_GCC_493\Debug\main.o
                                 0xb4 (size before relaxing)
 *fill*         0x0000a471        0x3 
 .rodata        0x0000a474        0x8 .\CortexM3\ARM_GCC_493\Debug\cal.o
 .rodata.str1.4
                0x0000a47c       0x4d .\CortexM3\ARM_GCC_493\Debug\cal.o
                                 0x50 (size before relaxing)
 *fill*         0x0000a4c9        0x3 
 .rodata        0x0000a4cc        0xc .\CortexM3\ARM_GCC_493\Debug\encoder.o
 .rodata.str1.4
                0x0000a4d8       0x68 .\CortexM3\ARM_GCC_493\Debug\encoder.o
 .rodata        0x0000a540       0x2c .\CortexM3\ARM_GCC_493\Debug\i2c.o
 .rodata.str1.4
                0x0000a56c       0x77 .\CortexM3\ARM_GCC_493\Debug\i2c.o
                                 0x78 (size before relaxing)
 *fill*         0x0000a5e3        0x1 
 .rodata        0x0000a5e4       0x1c .\CortexM3\ARM_GCC_493\Debug\motor.o
 .rodata.str1.4
                0x0000a600       0xec .\CortexM3\ARM_GCC_493\Debug\motor.o
 .rodata.str1.4
                0x0000a6ec        0x5 .\CortexM3\ARM_GCC_493\Debug\odom.o
                                 0x14 (size before relaxing)
 *fill*         0x0000a6f1        0x3 