Archive member included because of file (symbol)

.\CortexM3\ARM_GCC_493\Debug\freesoc.a(cyfitter_cfg.o)
                              .\CortexM3\ARM_GCC_493\Debug\Cm3Start.o (cyfitter_cfg)
.\CortexM3\ARM_GCC_493\Debug\freesoc.a(Left_HB25_Enable_Pin.o)
                              .\CortexM3\ARM_GCC_493\Debug\motor.o (Left_HB25_Enable_Pin_Write)
.\CortexM3\ARM_GCC_493\Debug\freesoc.a(Left_HB25_PWM.o)
                              .\CortexM3\ARM_GCC_493\Debug\motor.o (Left_HB25_PWM_Stop)
.\CortexM3\ARM_GCC_493\Debug\freesoc.a(Right_HB25_Enable_Pin.o)
                              .\CortexM3\ARM_GCC_493\Debug\motor.o (Right_HB25_Enable_Pin_Write)
.\CortexM3\ARM_GCC_493\Debug\freesoc.a(Right_HB25_PWM.o)
                              .\CortexM3\ARM_GCC_493\Debug\motor.o (Right_HB25_PWM_Stop)
.\CortexM3\ARM_GCC_493\Debug\freesoc.a(CyBootAsmGnu.o)
                              .\CortexM3\ARM_GCC_493\Debug\freesoc.a(cyfitter_cfg.o) (CyDelayCycles)
.\CortexM3\ARM_GCC_493\Debug\freesoc.a(CyLib.o)
                              .\CortexM3\ARM_GCC_493\Debug\Cm3Start.o (CyHalt)
.\CortexM3\ARM_GCC_493\Debug\freesoc.a(cyPm.o)
                              .\CortexM3\ARM_GCC_493\Debug\freesoc.a(CyLib.o) (CyPmReadStatus)
.\CortexM3\ARM_GCC_493\Debug\freesoc.a(EZI2C_Slave.o)
                              .\CortexM3\ARM_GCC_493\Debug\i2c.o (EZI2C_Slave_Start)
.\CortexM3\ARM_GCC_493\Debug\freesoc.a(EZI2C_Slave_PM.o)
                              .\CortexM3\ARM_GCC_493\Debug\freesoc.a(EZI2C_Slave.o) (EZI2C_Slave_backup)
.\CortexM3\ARM_GCC_493\Debug\freesoc.a(EZI2C_Slave_INT.o)
                              .\CortexM3\ARM_GCC_493\Debug\freesoc.a(EZI2C_Slave.o) (EZI2C_Slave_ISR)
.\CortexM3\ARM_GCC_493\Debug\freesoc.a(Mainloop_Pin.o)
                              .\CortexM3\ARM_GCC_493\Debug\main.o (Mainloop_Pin_Write)
.\CortexM3\ARM_GCC_493\Debug\freesoc.a(EEPROM.o)
                              .\CortexM3\ARM_GCC_493\Debug\nvstore.o (EEPROM_Start)
.\CortexM3\ARM_GCC_493\Debug\freesoc.a(Right_QuadDec.o)
                              .\CortexM3\ARM_GCC_493\Debug\encoder.o (Right_QuadDec_GetCounter)
.\CortexM3\ARM_GCC_493\Debug\freesoc.a(Right_QuadDec_INT.o)
                              .\CortexM3\ARM_GCC_493\Debug\freesoc.a(Right_QuadDec.o) (Right_QuadDec_ISR)
.\CortexM3\ARM_GCC_493\Debug\freesoc.a(Right_QuadDec_Cnt16.o)
                              .\CortexM3\ARM_GCC_493\Debug\freesoc.a(Right_QuadDec.o) (Right_QuadDec_Cnt16_Stop)
.\CortexM3\ARM_GCC_493\Debug\freesoc.a(Left_QuadDec.o)
                              .\CortexM3\ARM_GCC_493\Debug\encoder.o (Left_QuadDec_GetCounter)
.\CortexM3\ARM_GCC_493\Debug\freesoc.a(Left_QuadDec_INT.o)
                              .\CortexM3\ARM_GCC_493\Debug\freesoc.a(Left_QuadDec.o) (Left_QuadDec_ISR)
.\CortexM3\ARM_GCC_493\Debug\freesoc.a(Left_QuadDec_Cnt16.o)
                              .\CortexM3\ARM_GCC_493\Debug\freesoc.a(Left_QuadDec.o) (Left_QuadDec_Cnt16_Stop)
.\CortexM3\ARM_GCC_493\Debug\freesoc.a(USBUART.o)
                              .\CortexM3\ARM_GCC_493\Debug\serial.o (USBUART_Start)
.\CortexM3\ARM_GCC_493\Debug\freesoc.a(USBUART_cdc.o)
                              .\CortexM3\ARM_GCC_493\Debug\serial.o (USBUART_CDC_Init)
.\CortexM3\ARM_GCC_493\Debug\freesoc.a(USBUART_drv.o)
                              .\CortexM3\ARM_GCC_493\Debug\freesoc.a(USBUART.o) (USBUART_lastPacketSize)
.\CortexM3\ARM_GCC_493\Debug\freesoc.a(USBUART_episr.o)
                              .\CortexM3\ARM_GCC_493\Debug\freesoc.a(USBUART.o) (USBUART_EP_1_ISR)
.\CortexM3\ARM_GCC_493\Debug\freesoc.a(USBUART_hid.o)
                              .\CortexM3\ARM_GCC_493\Debug\freesoc.a(USBUART.o) (USBUART_hidProtocol)
.\CortexM3\ARM_GCC_493\Debug\freesoc.a(USBUART_pm.o)
                              .\CortexM3\ARM_GCC_493\Debug\freesoc.a(USBUART.o) (USBUART_DP_ISR)
.\CortexM3\ARM_GCC_493\Debug\freesoc.a(USBUART_std.o)
                              .\CortexM3\ARM_GCC_493\Debug\freesoc.a(USBUART_pm.o) (USBUART_ConfigReg)
.\CortexM3\ARM_GCC_493\Debug\freesoc.a(USBUART_vnd.o)
                              .\CortexM3\ARM_GCC_493\Debug\freesoc.a(USBUART_drv.o) (USBUART_HandleVendorRqst)
.\CortexM3\ARM_GCC_493\Debug\freesoc.a(USBUART_Dp.o)
                              .\CortexM3\ARM_GCC_493\Debug\freesoc.a(USBUART_pm.o) (USBUART_Dp_ClearInterrupt)
.\CortexM3\ARM_GCC_493\Debug\freesoc.a(SPIM.o)
                              .\CortexM3\ARM_GCC_493\Debug\spi.o (SPIM_WriteTxData)
.\CortexM3\ARM_GCC_493\Debug\freesoc.a(SPIM_INT.o)
                              .\CortexM3\ARM_GCC_493\Debug\freesoc.a(SPIM.o) (SPIM_RX_ISR)
.\CortexM3\ARM_GCC_493\Debug\freesoc.a(Slave_Select.o)
                              .\CortexM3\ARM_GCC_493\Debug\spi.o (Slave_Select_Write)
.\CortexM3\ARM_GCC_493\Debug\freesoc.a(CyFlash.o)
                              .\CortexM3\ARM_GCC_493\Debug\freesoc.a(EEPROM.o) (dieTemperature)
.\CortexM3\ARM_GCC_493\Debug\freesoc.a(CySpc.o)
[...]
Memory Configuration

Name             Origin             Length             Attributes
rom              0x00000000         0x00040000         xr
ram              0x1fff8000         0x00010000         xrw
*default*        0x00000000         0xffffffff

Linker script and memory map

LOAD c:/program files (x86)/cypress/psoc creator/3.3/psoc creator/import/gnu/arm/4.9.3/bin/../lib/gcc/arm-none-eabi/4.9.3/armv7-m/crti.o
LOAD c:/program files (x86)/cypress/psoc creator/3.3/psoc creator/import/gnu/arm/4.9.3/bin/../lib/gcc/arm-none-eabi/4.9.3/armv7-m/crtbegin.o
LOAD c:/program files (x86)/cypress/psoc creator/3.3/psoc creator/import/gnu/arm/4.9.3/bin/../lib/gcc/arm-none-eabi/4.9.3/../../../../arm-none-eabi/lib/armv7-m/crt0.o
START GROUP
LOAD .\CortexM3\ARM_GCC_493\Debug\main.o
LOAD .\CortexM3\ARM_GCC_493\Debug\cal.o
LOAD .\CortexM3\ARM_GCC_493\Debug\control.o
LOAD .\CortexM3\ARM_GCC_493\Debug\debug.o
LOAD .\CortexM3\ARM_GCC_493\Debug\diag.o
LOAD .\CortexM3\ARM_GCC_493\Debug\encoder.o
LOAD .\CortexM3\ARM_GCC_493\Debug\i2c.o
LOAD .\CortexM3\ARM_GCC_493\Debug\motor.o
LOAD .\CortexM3\ARM_GCC_493\Debug\odom.o
LOAD .\CortexM3\ARM_GCC_493\Debug\pid.o
LOAD .\CortexM3\ARM_GCC_493\Debug\time.o
LOAD .\CortexM3\ARM_GCC_493\Debug\utils.o
LOAD .\CortexM3\ARM_GCC_493\Debug\pid_controller.o
LOAD .\CortexM3\ARM_GCC_493\Debug\serial.o
LOAD .\CortexM3\ARM_GCC_493\Debug\nvstore.o
LOAD .\CortexM3\ARM_GCC_493\Debug\calpid.o
LOAD .\CortexM3\ARM_GCC_493\Debug\calmotor.o
LOAD .\CortexM3\ARM_GCC_493\Debug\pidutil.o
LOAD .\CortexM3\ARM_GCC_493\Debug\spi.o
LOAD .\CortexM3\ARM_GCC_493\Debug\callin.o
LOAD .\CortexM3\ARM_GCC_493\Debug\cymetadata.o
LOAD .\CortexM3\ARM_GCC_493\Debug\Cm3Start.o
LOAD .\CortexM3\ARM_GCC_493\Debug\freesoc.a
LOAD C:\Program Files (x86)\Cypress\PSoC Creator\3.3\PSoC Creator\psoc\content\cycomponentlibrary\CyComponentLibrary.cylib\CortexM3\ARM_GCC_493\Debug\CyComponentLibrary.a
LOAD c:/program files (x86)/cypress/psoc creator/3.3/psoc creator/import/gnu/arm/4.9.3/bin/../lib/gcc/arm-none-eabi/4.9.3/../../../../arm-none-eabi/lib/armv7-m\libm.a
END GROUP
START GROUP
LOAD c:/program files (x86)/cypress/psoc creator/3.3/psoc creator/import/gnu/arm/4.9.3/bin/../lib/gcc/arm-none-eabi/4.9.3/armv7-m\libgcc.a
LOAD c:/program files (x86)/cypress/psoc creator/3.3/psoc creator/import/gnu/arm/4.9.3/bin/../lib/gcc/arm-none-eabi/4.9.3/../../../../arm-none-eabi/lib/armv7-m\libg_nano.a
LOAD c:/program files (x86)/cypress/psoc creator/3.3/psoc creator/import/gnu/arm/4.9.3/bin/../lib/gcc/arm-none-eabi/4.9.3/../../../../arm-none-eabi/lib/armv7-m\libc_nano.a
END GROUP
START GROUP
LOAD c:/program files (x86)/cypress/psoc creator/3.3/psoc creator/import/gnu/arm/4.9.3/bin/../lib/gcc/arm-none-eabi/4.9.3/armv7-m\libgcc.a
LOAD c:/program files (x86)/cypress/psoc creator/3.3/psoc creator/import/gnu/arm/4.9.3/bin/../lib/gcc/arm-none-eabi/4.9.3/../../../../arm-none-eabi/lib/armv7-m\libc_nano.a
END GROUP
LOAD c:/program files (x86)/cypress/psoc creator/3.3/psoc creator/import/gnu/arm/4.9.3/bin/../lib/gcc/arm-none-eabi/4.9.3/armv7-m/crtend.o
LOAD c:/program files (x86)/cypress/psoc creator/3.3/psoc creator/import/gnu/arm/4.9.3/bin/../lib/gcc/arm-none-eabi/4.9.3/armv7-m/crtn.o
START GROUP
LOAD c:/program files (x86)/cypress/psoc creator/3.3/psoc creator/import/gnu/arm/4.9.3/bin/../lib/gcc/arm-none-eabi/4.9.3/armv7-m\libgcc.a
LOAD c:/program files (x86)/cypress/psoc creator/3.3/psoc creator/import/gnu/arm/4.9.3/bin/../lib/gcc/arm-none-eabi/4.9.3/../../../../arm-none-eabi/lib/armv7-m\libc.a
LOAD c:/program files (x86)/cypress/psoc creator/3.3/psoc creator/import/gnu/arm/4.9.3/bin/../lib/gcc/arm-none-eabi/4.9.3/../../../../arm-none-eabi/lib/armv7-m\libnosys.a
END GROUP
                0x00000000                CY_APPL_ORIGIN = 0x0
                0x00000100                CY_FLASH_ROW_SIZE = 0x100
                0x00000020                CY_ECC_ROW_SIZE = 0x20
                0x00000000                CY_EE_IN_BTLDR = 0x0
                0x00000000                CY_APPL_LOADABLE = 0x0
                0x00000800                CY_EE_SIZE = 0x800
                0x00000001                CY_APPL_NUM = 0x1
                0x00000001                CY_APPL_MAX = 0x1
                0x00000040                CY_METADATA_SIZE = 0x40
                0x00000000                CY_APPL_LOADABLE = 0x0
                0x00000000                CY_CHECKSUM_EXCLUDE_SIZE = ALIGN (0x0, CY_FLASH_ROW_SIZE)
                0x1fff8ce8                PROVIDE (__cy_heap_start, _end)
                0x00000001                PROVIDE (__cy_region_num, ((__cy_regions_end - __cy_regions) / 0x10))
                0x20008000                PROVIDE (__cy_stack, (ORIGIN (ram) + 0x10000))
                0x20007800                PROVIDE (__cy_heap_end, (__cy_stack - 0x800))

.cybootloader   0x00000000        0x0
 *(.cybootloader)
                0x00000000                appl1_start = CY_APPL_ORIGIN?CY_APPL_ORIGIN:ALIGN (CY_FLASH_ROW_SIZE)
                0x0001ff00                appl2_start = (appl1_start + ALIGN ((((0x40000 - appl1_start) - (0x2 * CY_FLASH_ROW_SIZE)) / 0x2), CY_FLASH_ROW_SIZE))
                0x00000000                appl_start = (CY_APPL_NUM == 0x1)?appl1_start:appl2_start
                0x00000000                ecc_offset = ((appl_start / CY_FLASH_ROW_SIZE) * CY_ECC_ROW_SIZE)
                0x00000000                ee_offset = (CY_APPL_LOADABLE && ! (CY_EE_IN_BTLDR))?((CY_EE_SIZE / CY_APPL_MAX) * (CY_APPL_NUM - 0x1)):0x0
                0x00000800                ee_size = (CY_APPL_LOADABLE && ! (CY_EE_IN_BTLDR))?(CY_EE_SIZE / CY_APPL_MAX):CY_EE_SIZE
                0x00000000                PROVIDE (CY_ECC_OFFSET, ecc_offset)

.text           0x00000000     0xc24c
 CREATE_OBJECT_SYMBOLS
                0x00000000                PROVIDE (__cy_interrupt_vector, RomVectors)
 *(.romvectors)
 .romvectors    0x00000000       0x10 .\CortexM3\ARM_GCC_493\Debug\Cm3Start.o
                0x00000000                RomVectors
                0x00000001                ASSERT ((. != __cy_interrupt_vector), No interrupt vector)
                0x00000001                ASSERT (CY_APPL_ORIGIN?(SIZEOF (.cybootloader) <= CY_APPL_ORIGIN):0x1, Wrong image location)
                0x00000010                PROVIDE (__cy_reset, Reset)
 *(.text.Reset)
 .text.Reset    0x00000010       0x18 .\CortexM3\ARM_GCC_493\Debug\Cm3Start.o
                0x00000010                Reset
                0x00000001                ASSERT ((. != __cy_reset), No reset code)
 *(.dma_init)
                0x00000001                ASSERT ((((appl_start + .) <= 0x10000) || 0x1), DMA Init must be within the first 64k of flash)
 *(.text .text.* .gnu.linkonce.t.*)
 .text          0x00000028       0x5c c:/program files (x86)/cypress/psoc creator/3.3/psoc creator/import/gnu/arm/4.9.3/bin/../lib/gcc/arm-none-eabi/4.9.3/armv7-m/crtbegin.o
 .text.main     0x00000084      0x118 .\CortexM3\ARM_GCC_493\Debug\main.o
                0x00000084                main
 .text.LeftTarget
                0x0000019c        0xc .\CortexM3\ARM_GCC_493\Debug\cal.o
 .text.RightTarget
                0x000001a8        0xc .\CortexM3\ARM_GCC_493\Debug\cal.o
 .text.DisplayCalMenu
                0x000001b4       0x5c .\CortexM3\ARM_GCC_493\Debug\cal.o
 .text.DisplayValMenu
                0x00000210       0x90 .\CortexM3\ARM_GCC_493\Debug\cal.o
 .text.DisplayMenu
                0x000002a0       0x20 .\CortexM3\ARM_GCC_493\Debug\cal.o
 .text.DisplaySettingsMenu
                0x000002c0       0x68 .\CortexM3\ARM_GCC_493\Debug\cal.o
 .text.HandleError
                0x00000328       0x30 .\CortexM3\ARM_GCC_493\Debug\cal.o
 .text.Process  0x00000358       0xa4 .\CortexM3\ARM_GCC_493\Debug\cal.o
 .text.DisplayExit
                0x000003fc       0x18 .\CortexM3\ARM_GCC_493\Debug\cal.o
 .text.GetCommand
                0x00000414       0x80 .\CortexM3\ARM_GCC_493\Debug\cal.o
 .text.GetCalibration
                0x00000494       0x50 .\CortexM3\ARM_GCC_493\Debug\cal.o
 .text.GetValidation
                0x000004e4      0x148 .\CortexM3\ARM_GCC_493\Debug\cal.o
 .text.CpsToPwm
                0x0000062c       0x74 .\CortexM3\ARM_GCC_493\Debug\cal.o
 .text.ClearCalibrationStatusBit
                0x000006a0       0x2c .\CortexM3\ARM_GCC_493\Debug\cal.o
                0x000006a0                ClearCalibrationStatusBit
 .text.SetCalibrationStatusBit
                0x000006cc       0x24 .\CortexM3\ARM_GCC_493\Debug\cal.o
                0x000006cc                SetCalibrationStatusBit
 .text.Cal_PrintSamples
                0x000006f0       0x64 .\CortexM3\ARM_GCC_493\Debug\cal.o
                0x000006f0                Cal_PrintSamples
 .text.Cal_PrintGains
                0x00000754       0x48 .\CortexM3\ARM_GCC_493\Debug\cal.o
                0x00000754                Cal_PrintGains
 .text.ProcessSettingsCmd
                0x0000079c      0x104 .\CortexM3\ARM_GCC_493\Debug\cal.o
 .text.Cal_Init
                0x000008a0       0x3c .\CortexM3\ARM_GCC_493\Debug\cal.o
                0x000008a0                Cal_Init
 .text.Cal_Start
                0x000008dc       0x14 .\CortexM3\ARM_GCC_493\Debug\cal.o
                0x000008dc                Cal_Start
 .text.Cal_Update
                0x000008f0       0xd4 .\CortexM3\ARM_GCC_493\Debug\cal.o
                0x000008f0                Cal_Update
 .text.Cal_ReadResponse
                0x000009c4       0x48 .\CortexM3\ARM_GCC_493\Debug\cal.o
                0x000009c4                Cal_ReadResponse
 .text.Cal_LeftGetPidGains
                0x00000a0c        0xc .\CortexM3\ARM_GCC_493\Debug\cal.o
                0x00000a0c                Cal_LeftGetPidGains
 .text.Cal_RightGetPidGains
                0x00000a18        0xc .\CortexM3\ARM_GCC_493\Debug\cal.o
                0x00000a18                Cal_RightGetPidGains
 .text.Cal_SetLeftRightVelocity
                0x00000a24        0xc .\CortexM3\ARM_GCC_493\Debug\cal.o
                0x00000a24                Cal_SetLeftRightVelocity
 .text.Cal_CpsToPwm
                0x00000a30       0x9c .\CortexM3\ARM_GCC_493\Debug\cal.o
                0x00000a30                Cal_CpsToPwm
 .text.Cal_Clear
                0x00000acc       0x10 .\CortexM3\ARM_GCC_493\Debug\cal.o
                0x00000acc                Cal_Clear
 .text.Cal_CalcTriangularProfile
                0x00000adc      0x15c .\CortexM3\ARM_GCC_493\Debug\cal.o
                0x00000adc                Cal_CalcTriangularProfile
 .text.Control_Init
                0x00000c38       0x10 .\CortexM3\ARM_GCC_493\Debug\control.o
                0x00000c38                Control_Init
 .text.Control_Start
                0x00000c48        0x4 .\CortexM3\ARM_GCC_493\Debug\control.o
                0x00000c48                Control_Start
 *fill*         0x00000c4c        0x4 
 .text.Control_Update
                0x00000c50      0x188 .\CortexM3\ARM_GCC_493\Debug\control.o
                0x00000c50                Control_Update
 .text.Control_LeftGetCmdVelocity
                0x00000dd8        0xc .\CortexM3\ARM_GCC_493\Debug\control.o
                0x00000dd8                Control_LeftGetCmdVelocity
 .text.Control_RightGetCmdVelocity
                0x00000de4        0xc .\CortexM3\ARM_GCC_493\Debug\control.o
                0x00000de4                Control_RightGetCmdVelocity
 .text.Control_OverrideDebug
                0x00000df0        0xc .\CortexM3\ARM_GCC_493\Debug\control.o
                0x00000df0                Control_OverrideDebug
 .text.Debug_Init
                0x00000dfc       0x24 .\CortexM3\ARM_GCC_493\Debug\debug.o
                0x00000dfc                Debug_Init
 .text.Debug_Start
                0x00000e20        0x4 .\CortexM3\ARM_GCC_493\Debug\debug.o
                0x00000e20                Debug_Start
 .text.Diag_Init
                0x00000e24       0x18 .\CortexM3\ARM_GCC_493\Debug\diag.o
                0x00000e24                Diag_Init
 .text.Diag_Start
                0x00000e3c        0x4 .\CortexM3\ARM_GCC_493\Debug\diag.o
                0x00000e3c                Diag_Start
 .text.Diag_Update
                0x00000e40       0x38 .\CortexM3\ARM_GCC_493\Debug\diag.o
                0x00000e40                Diag_Update
 .text.Encoder_Sample
                0x00000e78       0xa8 .\CortexM3\ARM_GCC_493\Debug\encoder.o
 .text.DumpEncoder
                0x00000f20       0x74 .\CortexM3\ARM_GCC_493\Debug\encoder.o
 .text.Encoder_Init
                0x00000f94       0x4c .\CortexM3\ARM_GCC_493\Debug\encoder.o
                0x00000f94                Encoder_Init
 .text.Encoder_Start
                0x00000fe0       0x20 .\CortexM3\ARM_GCC_493\Debug\encoder.o
                0x00000fe0                Encoder_Start
 .text.Encoder_Update
                0x00001000       0x84 .\CortexM3\ARM_GCC_493\Debug\encoder.o
                0x00001000                Encoder_Update
 .text.Encoder_LeftGetCntsPerSec
                0x00001084        0xc .\CortexM3\ARM_GCC_493\Debug\encoder.o
                0x00001084                Encoder_LeftGetCntsPerSec
 .text.Encoder_RightGetCntsPerSec
                0x00001090        0xc .\CortexM3\ARM_GCC_493\Debug\encoder.o
                0x00001090                Encoder_RightGetCntsPerSec
 .text.Encoder_LeftGetMeterPerSec
                0x0000109c        0xc .\CortexM3\ARM_GCC_493\Debug\encoder.o
                0x0000109c                Encoder_LeftGetMeterPerSec
 .text.Encoder_RightGetMeterPerSec
                0x000010a8        0xc .\CortexM3\ARM_GCC_493\Debug\encoder.o
                0x000010a8                Encoder_RightGetMeterPerSec
 .text.Encoder_LeftGetDist
                0x000010b4        0xc .\CortexM3\ARM_GCC_493\Debug\encoder.o
                0x000010b4                Encoder_LeftGetDist
 .text.Encoder_RightGetDist
                0x000010c0        0xc .\CortexM3\ARM_GCC_493\Debug\encoder.o
                0x000010c0                Encoder_RightGetDist
 .text.Encoder_Reset
                0x000010cc       0x68 .\CortexM3\ARM_GCC_493\Debug\encoder.o
                0x000010cc                Encoder_Reset
 .text.I2c_Init
                0x00001134       0x24 .\CortexM3\ARM_GCC_493\Debug\i2c.o
                0x00001134                I2c_Init
 .text.I2c_Start
                0x00001158       0x18 .\CortexM3\ARM_GCC_493\Debug\i2c.o
                0x00001158                I2c_Start
 .text.I2c_ReadDeviceControl
                0x00001170       0x2c .\CortexM3\ARM_GCC_493\Debug\i2c.o
                0x00001170                I2c_ReadDeviceControl
 .text.I2c_ReadDebugControl
                0x0000119c       0x94 .\CortexM3\ARM_GCC_493\Debug\i2c.o
                0x0000119c                I2c_ReadDebugControl
 .text.I2c_ReadCmdVelocity
                0x00001230       0x9c .\CortexM3\ARM_GCC_493\Debug\i2c.o
                0x00001230                I2c_ReadCmdVelocity
 .text.I2c_SetCalibrationStatusBit
                0x000012cc       0x38 .\CortexM3\ARM_GCC_493\Debug\i2c.o
                0x000012cc                I2c_SetCalibrationStatusBit
 .text.I2c_ClearCalibrationStatusBit
                0x00001304       0x3c .\CortexM3\ARM_GCC_493\Debug\i2c.o
                0x00001304                I2c_ClearCalibrationStatusBit
 .text.I2c_SetCalibrationStatus
                0x00001340       0x34 .\CortexM3\ARM_GCC_493\Debug\i2c.o
                0x00001340                I2c_SetCalibrationStatus
 .text.I2c_WriteOdom
                0x00001374       0x94 .\CortexM3\ARM_GCC_493\Debug\i2c.o
                0x00001374                I2c_WriteOdom
 .text.I2c_WriteInfraredDistances
                0x00001408       0x3c .\CortexM3\ARM_GCC_493\Debug\i2c.o
                0x00001408                I2c_WriteInfraredDistances
 .text.I2c_WriteUltrasonicDistances
                0x00001444       0x3c .\CortexM3\ARM_GCC_493\Debug\i2c.o
                0x00001444                I2c_WriteUltrasonicDistances
 .text.I2c_UpdateHeartbeat
                0x00001480       0x2c .\CortexM3\ARM_GCC_493\Debug\i2c.o
                0x00001480                I2c_UpdateHeartbeat
 .text.RampDown
                0x000014ac       0x78 .\CortexM3\ARM_GCC_493\Debug\motor.o
 .text.Motor_Init
                0x00001524       0x18 .\CortexM3\ARM_GCC_493\Debug\motor.o
                0x00001524                Motor_Init
 .text.Motor_Start
                0x0000153c       0x30 .\CortexM3\ARM_GCC_493\Debug\motor.o
                0x0000153c                Motor_Start
 .text.Motor_LeftSetPwm
                0x0000156c       0x2c .\CortexM3\ARM_GCC_493\Debug\motor.o
                0x0000156c                Motor_LeftSetPwm
 .text.Motor_RightSetPwm
                0x00001598       0x2c .\CortexM3\ARM_GCC_493\Debug\motor.o
                0x00001598                Motor_RightSetPwm
 .text.Motor_SetPwm
                0x000015c4       0x10 .\CortexM3\ARM_GCC_493\Debug\motor.o
                0x000015c4                Motor_SetPwm
 .text.Motor_LeftGetPwm
                0x000015d4       0x10 .\CortexM3\ARM_GCC_493\Debug\motor.o
                0x000015d4                Motor_LeftGetPwm
 .text.Motor_RightGetPwm
                0x000015e4       0x10 .\CortexM3\ARM_GCC_493\Debug\motor.o
                0x000015e4                Motor_RightGetPwm
 .text.Motor_Stop
                0x000015f4       0x30 .\CortexM3\ARM_GCC_493\Debug\motor.o
                0x000015f4                Motor_Stop
 .text.Motor_LeftRampDown
                0x00001624       0x10 .\CortexM3\ARM_GCC_493\Debug\motor.o
                0x00001624                Motor_LeftRampDown
 .text.Motor_RightRampDown
                0x00001634       0x10 .\CortexM3\ARM_GCC_493\Debug\motor.o
                0x00001634                Motor_RightRampDown
 *fill*         0x00001644        0x4 
 .text.CalculateOdometry
                0x00001648       0x68 .\CortexM3\ARM_GCC_493\Debug\odom.o
 .text.DumpOdom
                0x000016b0       0x80 .\CortexM3\ARM_GCC_493\Debug\odom.o
 .text.Odom_Init
                0x00001730       0x14 .\CortexM3\ARM_GCC_493\Debug\odom.o
                0x00001730                Odom_Init
 .text.Odom_Start
                0x00001744        0x4 .\CortexM3\ARM_GCC_493\Debug\odom.o
                0x00001744                Odom_Start
 .text.Odom_Update
                0x00001748       0x64 .\CortexM3\ARM_GCC_493\Debug\odom.o
                0x00001748                Odom_Update
 .text.Odom_Reset
                0x000017ac       0x28 .\CortexM3\ARM_GCC_493\Debug\odom.o
                0x000017ac                Odom_Reset
 *fill*         0x000017d4        0x4 
 .text.ProcessPid
                0x000017d8       0xb8 .\CortexM3\ARM_GCC_493\Debug\pid.o
 .text.Pid_Init
                0x00001890       0x7c .\CortexM3\ARM_GCC_493\Debug\pid.o
                0x00001890                Pid_Init
 .text.Pid_Start
                0x0000190c       0x30 .\CortexM3\ARM_GCC_493\Debug\pid.o
                0x0000190c                Pid_Start
 *fill*         0x0000193c        0x4 
 .text.Pid_Update
                0x00001940       0xa0 .\CortexM3\ARM_GCC_493\Debug\pid.o
                0x00001940                Pid_Update
 .text.Pid_SetLeftRightTarget
                0x000019e0       0x10 .\CortexM3\ARM_GCC_493\Debug\pid.o
                0x000019e0                Pid_SetLeftRightTarget
 .text.Pid_RestoreLeftRightTarget
                0x000019f0       0x1c .\CortexM3\ARM_GCC_493\Debug\pid.o
                0x000019f0                Pid_RestoreLeftRightTarget
 .text.Pid_Reset
                0x00001a0c       0x24 .\CortexM3\ARM_GCC_493\Debug\pid.o
                0x00001a0c                Pid_Reset
 .text.Pid_Enable
                0x00001a30       0x28 .\CortexM3\ARM_GCC_493\Debug\pid.o
                0x00001a30                Pid_Enable
 .text.Pid_LeftSetGains
                0x00001a58       0x18 .\CortexM3\ARM_GCC_493\Debug\pid.o
                0x00001a58                Pid_LeftSetGains
 .text.Pid_RightSetGains
                0x00001a70       0x18 .\CortexM3\ARM_GCC_493\Debug\pid.o
                0x00001a70                Pid_RightSetGains
 .text.Pid_LeftGetGains
                0x00001a88       0x1c .\CortexM3\ARM_GCC_493\Debug\pid.o
                0x00001a88                Pid_LeftGetGains
 .text.Pid_RightGetGains
                0x00001aa4       0x1c .\CortexM3\ARM_GCC_493\Debug\pid.o
                0x00001aa4                Pid_RightGetGains
 .text.SysTickIsrHandler
                0x00001ac0       0x10 .\CortexM3\ARM_GCC_493\Debug\time.o
 .text.Time_Init
                0x00001ad0        0xc .\CortexM3\ARM_GCC_493\Debug\time.o
                0x00001ad0                Time_Init
 .text.Time_Start
                0x00001adc       0x2c .\CortexM3\ARM_GCC_493\Debug\time.o
                0x00001adc                Time_Start
 .text.millis   0x00001b08        0xc .\CortexM3\ARM_GCC_493\Debug\time.o
                0x00001b08                millis
 .text.insert_zeros
                0x00001b14       0x30 .\CortexM3\ARM_GCC_493\Debug\utils.o
 .text.MovingAverageFloat
                0x00001b44       0x2c .\CortexM3\ARM_GCC_493\Debug\utils.o
                0x00001b44                MovingAverageFloat
 .text.Uint16ToTwoBytes
                0x00001b70        0x8 .\CortexM3\ARM_GCC_493\Debug\utils.o
                0x00001b70                Uint16ToTwoBytes
 .text.FloatToFourBytes
                0x00001b78       0x20 .\CortexM3\ARM_GCC_493\Debug\utils.o
                0x00001b78                FloatToFourBytes
 .text.ftoa     0x00001b98       0xa4 .\CortexM3\ARM_GCC_493\Debug\utils.o
                0x00001b98                ftoa
 .text.BinaryRangeSearch
                0x00001c3c       0x50 .\CortexM3\ARM_GCC_493\Debug\utils.o
                0x00001c3c                BinaryRangeSearch
 .text.Interpolate
                0x00001c8c       0x3c .\CortexM3\ARM_GCC_493\Debug\utils.o
                0x00001c8c                Interpolate
 .text.PIDCompute
                0x00001cc8       0xa4 .\CortexM3\ARM_GCC_493\Debug\pid_controller.o
                0x00001cc8                PIDCompute
 .text.PIDModeSet
                0x00001d6c       0x40 .\CortexM3\ARM_GCC_493\Debug\pid_controller.o
                0x00001d6c                PIDModeSet
 .text.PIDOutputLimitsSet
                0x00001dac       0x5c .\CortexM3\ARM_GCC_493\Debug\pid_controller.o
                0x00001dac                PIDOutputLimitsSet
 .text.PIDTuningsSet
                0x00001e08       0x6c .\CortexM3\ARM_GCC_493\Debug\pid_controller.o
                0x00001e08                PIDTuningsSet
 .text.PIDInit  0x00001e74       0x54 .\CortexM3\ARM_GCC_493\Debug\pid_controller.o
                0x00001e74                PIDInit
 .text.PIDSetpointSet
                0x00001ec8        0x4 .\CortexM3\ARM_GCC_493\Debug\pid_controller.o
                0x00001ec8                PIDSetpointSet
 .text.PIDInputSet
                0x00001ecc        0x4 .\CortexM3\ARM_GCC_493\Debug\pid_controller.o
                0x00001ecc                PIDInputSet
 .text.Ser_Init
                0x00001ed0        0x4 .\CortexM3\ARM_GCC_493\Debug\serial.o
                0x00001ed0                Ser_Init
 .text.Ser_Start
                0x00001ed4       0x2c .\CortexM3\ARM_GCC_493\Debug\serial.o
                0x00001ed4                Ser_Start
 .text.Ser_Update
                0x00001f00       0x14 .\CortexM3\ARM_GCC_493\Debug\serial.o
                0x00001f00                Ser_Update
 .text.Ser_PutString
                0x00001f14       0x20 .\CortexM3\ARM_GCC_493\Debug\serial.o
                0x00001f14                Ser_PutString
 .text.Ser_ReadByte
                0x00001f34       0x1c .\CortexM3\ARM_GCC_493\Debug\serial.o
                0x00001f34                Ser_ReadByte
 .text.Ser_WriteByte
                0x00001f50       0x1c .\CortexM3\ARM_GCC_493\Debug\serial.o
                0x00001f50                Ser_WriteByte
 .text.Nvstore_Init
                0x00001f6c        0x4 .\CortexM3\ARM_GCC_493\Debug\nvstore.o
                0x00001f6c                Nvstore_Init
 .text.Nvstore_Start
                0x00001f70        0x8 .\CortexM3\ARM_GCC_493\Debug\nvstore.o
                0x00001f70                Nvstore_Start
 .text.Nvstore_WriteBytes
                0x00001f78       0xc8 .\CortexM3\ARM_GCC_493\Debug\nvstore.o
                0x00001f78                Nvstore_WriteBytes
 .text.Nvstore_WriteUint16
                0x00002040       0x28 .\CortexM3\ARM_GCC_493\Debug\nvstore.o
                0x00002040                Nvstore_WriteUint16
 .text.Nvstore_WriteFloat
                0x00002068       0x2c .\CortexM3\ARM_GCC_493\Debug\nvstore.o
                0x00002068                Nvstore_WriteFloat
 *fill*         0x00002094        0x4 
 .text.GetStepVelocity
                0x00002098      0x118 .\CortexM3\ARM_GCC_493\Debug\calpid.o
 .text.ResetPidValidationVelocity
                0x000021b0       0x10 .\CortexM3\ARM_GCC_493\Debug\calpid.o
 .text.GetNextValidationVelocity
                0x000021c0       0x38 .\CortexM3\ARM_GCC_493\Debug\calpid.o
 .text.Results  0x000021f8       0x64 .\CortexM3\ARM_GCC_493\Debug\calpid.o
 .text.StoreLeftGains
                0x0000225c       0x3c .\CortexM3\ARM_GCC_493\Debug\calpid.o
 .text.StoreRightGains
                0x00002298       0x3c .\CortexM3\ARM_GCC_493\Debug\calpid.o
 .text.Stop     0x000022d4       0x8c .\CortexM3\ARM_GCC_493\Debug\calpid.o
 .text.SetNextValidationVelocity
                0x00002360       0x5c .\CortexM3\ARM_GCC_493\Debug\calpid.o
 .text.Update   0x000023bc       0x58 .\CortexM3\ARM_GCC_493\Debug\calpid.o
 .text.Start    0x00002414       0xe4 .\CortexM3\ARM_GCC_493\Debug\calpid.o
 .text.Init     0x000024f8       0xd8 .\CortexM3\ARM_GCC_493\Debug\calpid.o
 .text.CalPid_Init
                0x000025d0       0x2c .\CortexM3\ARM_GCC_493\Debug\calpid.o
                0x000025d0                CalPid_Init
 .text.CalculatePwmSamples
                0x000025fc       0x44 .\CortexM3\ARM_GCC_493\Debug\calmotor.o
 .text.AddSamplesToSum
                0x00002640       0x24 .\CortexM3\ARM_GCC_493\Debug\calmotor.o
 .text.CalculateAvgCpsSamples
                0x00002664       0x20 .\CortexM3\ARM_GCC_493\Debug\calmotor.o
 .text.CalculateMinMaxCpsSample
                0x00002684       0x38 .\CortexM3\ARM_GCC_493\Debug\calmotor.o
 .text.GetNextCps
                0x000026bc       0x24 .\CortexM3\ARM_GCC_493\Debug\calmotor.o
 .text.Start    0x000026e0       0x24 .\CortexM3\ARM_GCC_493\Debug\calmotor.o
 .text.PrintAllMotorParams
                0x00002704       0x64 .\CortexM3\ARM_GCC_493\Debug\calmotor.o
 .text.Results  0x00002768       0x28 .\CortexM3\ARM_GCC_493\Debug\calmotor.o
 .text.Stop     0x00002790       0x2c .\CortexM3\ARM_GCC_493\Debug\calmotor.o
 .text.CalcCpsAvgAtPwm
                0x000027bc       0x58 .\CortexM3\ARM_GCC_493\Debug\calmotor.o
 .text.CollectCpsSamples
                0x00002814       0x60 .\CortexM3\ARM_GCC_493\Debug\calmotor.o
 .text.StoreWheelSpeedCalibration
                0x00002874       0x50 .\CortexM3\ARM_GCC_493\Debug\calmotor.o
 .text.CalibrateWheelSpeed
                0x000028c4       0xb8 .\CortexM3\ARM_GCC_493\Debug\calmotor.o
 .text.PrintWheelVelocity
                0x0000297c       0x40 .\CortexM3\ARM_GCC_493\Debug\calmotor.o
 .text.ValidateMotorCalibration
                0x000029bc       0xb0 .\CortexM3\ARM_GCC_493\Debug\calmotor.o
 .text.Update   0x00002a6c       0xc4 .\CortexM3\ARM_GCC_493\Debug\calmotor.o
 .text.Init     0x00002b30       0x50 .\CortexM3\ARM_GCC_493\Debug\calmotor.o
 .text.CalMotor_Init
                0x00002b80       0x40 .\CortexM3\ARM_GCC_493\Debug\calmotor.o
                0x00002b80                CalMotor_Init
 .text.DumpPid  0x00002bc0      0x104 .\CortexM3\ARM_GCC_493\Debug\pidutil.o
                0x00002bc0                DumpPid
 .text.SendRequest
                0x00002cc4       0x24 .\CortexM3\ARM_GCC_493\Debug\spi.o
 .text.ProcessResponse
                0x00002ce8       0x38 .\CortexM3\ARM_GCC_493\Debug\spi.o
 .text.RecvResponse
                0x00002d20       0x50 .\CortexM3\ARM_GCC_493\Debug\spi.o
 .text.Spi_Init
                0x00002d70        0x4 .\CortexM3\ARM_GCC_493\Debug\spi.o
                0x00002d70                Spi_Init
 .text.Spi_Start
                0x00002d74       0x14 .\CortexM3\ARM_GCC_493\Debug\spi.o
                0x00002d74                Spi_Start
 .text.Spi_Update
                0x00002d88       0x30 .\CortexM3\ARM_GCC_493\Debug\spi.o
                0x00002d88                Spi_Update
 .text.Results  0x00002db8       0x18 .\CortexM3\ARM_GCC_493\Debug\callin.o
 .text.Stop     0x00002dd0       0xe0 .\CortexM3\ARM_GCC_493\Debug\callin.o
 .text.Update   0x00002eb0       0x94 .\CortexM3\ARM_GCC_493\Debug\callin.o
 .text.Start    0x00002f44       0x60 .\CortexM3\ARM_GCC_493\Debug\callin.o
 .text.Init     0x00002fa4       0x68 .\CortexM3\ARM_GCC_493\Debug\callin.o
 .text.CalLin_Init
                0x0000300c       0x10 .\CortexM3\ARM_GCC_493\Debug\callin.o
                0x0000300c                CalLin_Init
 .text.IntDefaultHandler
                0x0000301c        0x4 .\CortexM3\ARM_GCC_493\Debug\Cm3Start.o
                0x0000301c                IntDefaultHandler
 .text._exit    0x00003020        0xc .\CortexM3\ARM_GCC_493\Debug\Cm3Start.o
                0x00003020                _exit
 .text._sbrk    0x0000302c       0x30 .\CortexM3\ARM_GCC_493\Debug\Cm3Start.o
                0x0000302c                _sbrk
 .text.Start_c  0x0000305c       0x4c .\CortexM3\ARM_GCC_493\Debug\Cm3Start.o
                0x0000305c                Start_c
 .text.initialize_psoc
                0x000030a8       0x74 .\CortexM3\ARM_GCC_493\Debug\Cm3Start.o
                0x000030a8                initialize_psoc
 .text.cfg_write_bytes32
                0x0000311c       0x34 .\CortexM3\ARM_GCC_493\Debug\freesoc.a(cyfitter_cfg.o)
 .text.AnalogSetDefault
                0x00003150       0x28 .\CortexM3\ARM_GCC_493\Debug\freesoc.a(cyfitter_cfg.o)
 .text.CYMEMZERO
                0x00003178        0xc .\CortexM3\ARM_GCC_493\Debug\freesoc.a(cyfitter_cfg.o)
 .text.ClockSetup
                0x00003184       0xd0 .\CortexM3\ARM_GCC_493\Debug\freesoc.a(cyfitter_cfg.o)
 .text.CYCONFIGCPY
                0x00003254        0x8 .\CortexM3\ARM_GCC_493\Debug\freesoc.a(cyfitter_cfg.o)
 .text.cyfitter_cfg
                0x0000325c      0x130 .\CortexM3\ARM_GCC_493\Debug\freesoc.a(cyfitter_cfg.o)
                0x0000325c                cyfitter_cfg
 .text.Left_HB25_Enable_Pin_Write
                0x0000338c       0x18 .\CortexM3\ARM_GCC_493\Debug\freesoc.a(Left_HB25_Enable_Pin.o)
                0x0000338c                Left_HB25_Enable_Pin_Write
 .text.Left_HB25_PWM_Stop
                0x000033a4        0x4 .\CortexM3\ARM_GCC_493\Debug\freesoc.a(Left_HB25_PWM.o)
                0x000033a4                Left_HB25_PWM_Stop
 .text.Left_HB25_PWM_WriteCounter
                0x000033a8        0xc .\CortexM3\ARM_GCC_493\Debug\freesoc.a(Left_HB25_PWM.o)
                0x000033a8                Left_HB25_PWM_WriteCounter
 .text.Left_HB25_PWM_WritePeriod
                0x000033b4        0xc .\CortexM3\ARM_GCC_493\Debug\freesoc.a(Left_HB25_PWM.o)
                0x000033b4                Left_HB25_PWM_WritePeriod
 .text.Left_HB25_PWM_WriteCompare
                0x000033c0        0xc .\CortexM3\ARM_GCC_493\Debug\freesoc.a(Left_HB25_PWM.o)
                0x000033c0                Left_HB25_PWM_WriteCompare
 .text.Left_HB25_PWM_Init
                0x000033cc       0x34 .\CortexM3\ARM_GCC_493\Debug\freesoc.a(Left_HB25_PWM.o)
                0x000033cc                Left_HB25_PWM_Init
 .text.Left_HB25_PWM_Start
                0x00003400       0x18 .\CortexM3\ARM_GCC_493\Debug\freesoc.a(Left_HB25_PWM.o)
                0x00003400                Left_HB25_PWM_Start
 .text.Left_HB25_PWM_ReadCompare
                0x00003418        0xc .\CortexM3\ARM_GCC_493\Debug\freesoc.a(Left_HB25_PWM.o)
                0x00003418                Left_HB25_PWM_ReadCompare
 .text.Right_HB25_Enable_Pin_Write
                0x00003424       0x18 .\CortexM3\ARM_GCC_493\Debug\freesoc.a(Right_HB25_Enable_Pin.o)
                0x00003424                Right_HB25_Enable_Pin_Write
 .text.Right_HB25_PWM_Stop
                0x0000343c        0x4 .\CortexM3\ARM_GCC_493\Debug\freesoc.a(Right_HB25_PWM.o)
                0x0000343c                Right_HB25_PWM_Stop
 .text.Right_HB25_PWM_WriteCounter
                0x00003440        0xc .\CortexM3\ARM_GCC_493\Debug\freesoc.a(Right_HB25_PWM.o)
                0x00003440                Right_HB25_PWM_WriteCounter
 .text.Right_HB25_PWM_WritePeriod
                0x0000344c        0xc .\CortexM3\ARM_GCC_493\Debug\freesoc.a(Right_HB25_PWM.o)
                0x0000344c                Right_HB25_PWM_WritePeriod
 .text.Right_HB25_PWM_WriteCompare
                0x00003458        0xc .\CortexM3\ARM_GCC_493\Debug\freesoc.a(Right_HB25_PWM.o)
                0x00003458                Right_HB25_PWM_WriteCompare
 .text.Right_HB25_PWM_Init
                0x00003464       0x34 .\CortexM3\ARM_GCC_493\Debug\freesoc.a(Right_HB25_PWM.o)
                0x00003464                Right_HB25_PWM_Init
 .text.Right_HB25_PWM_Start
                0x00003498       0x18 .\CortexM3\ARM_GCC_493\Debug\freesoc.a(Right_HB25_PWM.o)
                0x00003498                Right_HB25_PWM_Start
 .text.Right_HB25_PWM_ReadCompare
                0x000034b0        0xc .\CortexM3\ARM_GCC_493\Debug\freesoc.a(Right_HB25_PWM.o)
                0x000034b0                Right_HB25_PWM_ReadCompare
 *fill*         0x000034bc        0x4 
 .text          0x000034c0       0x20 .\CortexM3\ARM_GCC_493\Debug\freesoc.a(CyBootAsmGnu.o)
                0x000034c0                CyDelayCycles
                0x000034d0                CyEnterCriticalSection
                0x000034d8                CyExitCriticalSection
 .text.CyHalt   0x000034e0        0x4 .\CortexM3\ARM_GCC_493\Debug\freesoc.a(CyLib.o)
                0x000034e0                CyHalt
 .text.CyDelay  0x000034e4       0x2c .\CortexM3\ARM_GCC_493\Debug\freesoc.a(CyLib.o)
                0x000034e4                CyDelay
 .text.CyDelayUs
                0x00003510       0x14 .\CortexM3\ARM_GCC_493\Debug\freesoc.a(CyLib.o)
                0x00003510                CyDelayUs
 .text.CyIntSetSysVector
                0x00003524       0x28 .\CortexM3\ARM_GCC_493\Debug\freesoc.a(CyLib.o)
                0x00003524                CyIntSetSysVector
 .text.CyIntSetVector
                0x0000354c       0x28 .\CortexM3\ARM_GCC_493\Debug\freesoc.a(CyLib.o)
                0x0000354c                CyIntSetVector
 .text.CyIntSetPriority
                0x00003574       0x30 .\CortexM3\ARM_GCC_493\Debug\freesoc.a(CyLib.o)
                0x00003574                CyIntSetPriority
 .text.CySysTickEnableInterrupt
                0x000035a4       0x10 .\CortexM3\ARM_GCC_493\Debug\freesoc.a(CyLib.o)
                0x000035a4                CySysTickEnableInterrupt
 .text.CySysTickEnable
                0x000035b4       0x18 .\CortexM3\ARM_GCC_493\Debug\freesoc.a(CyLib.o)
                0x000035b4                CySysTickEnable
 .text.CySysTickSetReload
                0x000035cc       0x10 .\CortexM3\ARM_GCC_493\Debug\freesoc.a(CyLib.o)
                0x000035cc                CySysTickSetReload
 .text.CySysTickSetClockSource
                0x000035dc       0x20 .\CortexM3\ARM_GCC_493\Debug\freesoc.a(CyLib.o)
                0x000035dc                CySysTickSetClockSource
 .text.CySysTickGetCountFlag
                0x000035fc       0x10 .\CortexM3\ARM_GCC_493\Debug\freesoc.a(CyLib.o)
                0x000035fc                CySysTickGetCountFlag
 .text.CySysTickServiceCallbacks
                0x0000360c       0x28 .\CortexM3\ARM_GCC_493\Debug\freesoc.a(CyLib.o)
 .text.CySysTickClear
                0x00003634        0xc .\CortexM3\ARM_GCC_493\Debug\freesoc.a(CyLib.o)
                0x00003634                CySysTickClear
 .text.CySysTickInit
                0x00003640       0x58 .\CortexM3\ARM_GCC_493\Debug\freesoc.a(CyLib.o)
                0x00003640                CySysTickInit
 .text.CySysTickStart
                0x00003698       0x1c .\CortexM3\ARM_GCC_493\Debug\freesoc.a(CyLib.o)
                0x00003698                CySysTickStart
 .text.CySysTickSetCallback
                0x000036b4       0x10 .\CortexM3\ARM_GCC_493\Debug\freesoc.a(CyLib.o)
                0x000036b4                CySysTickSetCallback
 .text.CySysTickGetCallback
                0x000036c4       0x10 .\CortexM3\ARM_GCC_493\Debug\freesoc.a(CyLib.o)
                0x000036c4                CySysTickGetCallback
 .text.CyGetUniqueId
                0x000036d4       0x70 .\CortexM3\ARM_GCC_493\Debug\freesoc.a(CyLib.o)
                0x000036d4                CyGetUniqueId
 .text.EZI2C_Slave_Init
                0x00003744       0x70 .\CortexM3\ARM_GCC_493\Debug\freesoc.a(EZI2C_Slave.o)
                0x00003744                EZI2C_Slave_Init
 .text.EZI2C_Slave_Enable
                0x000037b4       0x30 .\CortexM3\ARM_GCC_493\Debug\freesoc.a(EZI2C_Slave.o)
                0x000037b4                EZI2C_Slave_Enable
 .text.EZI2C_Slave_Start
                0x000037e4       0x1c .\CortexM3\ARM_GCC_493\Debug\freesoc.a(EZI2C_Slave.o)
                0x000037e4                EZI2C_Slave_Start
 .text.EZI2C_Slave_GetActivity
                0x00003800       0x28 .\CortexM3\ARM_GCC_493\Debug\freesoc.a(EZI2C_Slave.o)
                0x00003800                EZI2C_Slave_GetActivity
 .text.EZI2C_Slave_SetBuffer1
                0x00003828       0x50 .\CortexM3\ARM_GCC_493\Debug\freesoc.a(EZI2C_Slave.o)
                0x00003828                EZI2C_Slave_SetBuffer1
 .text.EZI2C_Slave_ISR
                0x00003878      0x1c4 .\CortexM3\ARM_GCC_493\Debug\freesoc.a(EZI2C_Slave_INT.o)
                0x00003878                EZI2C_Slave_ISR
 .text.Mainloop_Pin_Write
                0x00003a3c       0x18 .\CortexM3\ARM_GCC_493\Debug\freesoc.a(Mainloop_Pin.o)
                0x00003a3c                Mainloop_Pin_Write
 .text.EEPROM_Enable
                0x00003a54        0xc .\CortexM3\ARM_GCC_493\Debug\freesoc.a(EEPROM.o)
                0x00003a54                EEPROM_Enable
 .text.EEPROM_Start
                0x00003a60        0x8 .\CortexM3\ARM_GCC_493\Debug\freesoc.a(EEPROM.o)
                0x00003a60                EEPROM_Start
 .text.EEPROM_WriteByte
                0x00003a68       0xd4 .\CortexM3\ARM_GCC_493\Debug\freesoc.a(EEPROM.o)
                0x00003a68                EEPROM_WriteByte
 .text.EEPROM_Write
                0x00003b3c       0xb4 .\CortexM3\ARM_GCC_493\Debug\freesoc.a(EEPROM.o)
                0x00003b3c                EEPROM_Write
 .text.Right_QuadDec_Init
                0x00003bf0       0x24 .\CortexM3\ARM_GCC_493\Debug\freesoc.a(Right_QuadDec.o)
                0x00003bf0                Right_QuadDec_Init
 .text.Right_QuadDec_GetCounter
                0x00003c14       0x2c .\CortexM3\ARM_GCC_493\Debug\freesoc.a(Right_QuadDec.o)
                0x00003c14                Right_QuadDec_GetCounter
 .text.Right_QuadDec_SetCounter
                0x00003c40       0x28 .\CortexM3\ARM_GCC_493\Debug\freesoc.a(Right_QuadDec.o)
                0x00003c40                Right_QuadDec_SetCounter
 .text.Right_QuadDec_GetEvents
                0x00003c68       0x10 .\CortexM3\ARM_GCC_493\Debug\freesoc.a(Right_QuadDec.o)
                0x00003c68                Right_QuadDec_GetEvents
 .text.Right_QuadDec_SetInterruptMask
                0x00003c78       0x10 .\CortexM3\ARM_GCC_493\Debug\freesoc.a(Right_QuadDec.o)
                0x00003c78                Right_QuadDec_SetInterruptMask
 .text.Right_QuadDec_Enable
                0x00003c88       0x30 .\CortexM3\ARM_GCC_493\Debug\freesoc.a(Right_QuadDec.o)
                0x00003c88                Right_QuadDec_Enable
 .text.Right_QuadDec_Start
                0x00003cb8       0x34 .\CortexM3\ARM_GCC_493\Debug\freesoc.a(Right_QuadDec.o)
                0x00003cb8                Right_QuadDec_Start
 .text.Right_QuadDec_ISR
                0x00003cec       0x40 .\CortexM3\ARM_GCC_493\Debug\freesoc.a(Right_QuadDec_INT.o)
                0x00003cec                Right_QuadDec_ISR
 .text.Right_QuadDec_Cnt16_Enable
                0x00003d2c       0x10 .\CortexM3\ARM_GCC_493\Debug\freesoc.a(Right_QuadDec_Cnt16.o)
                0x00003d2c                Right_QuadDec_Cnt16_Enable
 .text.Right_QuadDec_Cnt16_SetInterruptMode
                0x00003d3c        0xc .\CortexM3\ARM_GCC_493\Debug\freesoc.a(Right_QuadDec_Cnt16.o)
                0x00003d3c                Right_QuadDec_Cnt16_SetInterruptMode
 .text.Right_QuadDec_Cnt16_ReadStatusRegister
                0x00003d48        0xc .\CortexM3\ARM_GCC_493\Debug\freesoc.a(Right_QuadDec_Cnt16.o)
                0x00003d48                Right_QuadDec_Cnt16_ReadStatusRegister
 .text.Right_QuadDec_Cnt16_WriteCounter
                0x00003d54        0xc .\CortexM3\ARM_GCC_493\Debug\freesoc.a(Right_QuadDec_Cnt16.o)
                0x00003d54                Right_QuadDec_Cnt16_WriteCounter
 .text.Right_QuadDec_Cnt16_ReadCounter
                0x00003d60       0x14 .\CortexM3\ARM_GCC_493\Debug\freesoc.a(Right_QuadDec_Cnt16.o)
                0x00003d60                Right_QuadDec_Cnt16_ReadCounter
 .text.Right_QuadDec_Cnt16_ReadCapture
                0x00003d74        0xc .\CortexM3\ARM_GCC_493\Debug\freesoc.a(Right_QuadDec_Cnt16.o)
                0x00003d74                Right_QuadDec_Cnt16_ReadCapture
 .text.Right_QuadDec_Cnt16_WritePeriod
                0x00003d80        0xc .\CortexM3\ARM_GCC_493\Debug\freesoc.a(Right_QuadDec_Cnt16.o)
                0x00003d80                Right_QuadDec_Cnt16_WritePeriod
 .text.Right_QuadDec_Cnt16_WriteCompare
                0x00003d8c        0xc .\CortexM3\ARM_GCC_493\Debug\freesoc.a(Right_QuadDec_Cnt16.o)
                0x00003d8c                Right_QuadDec_Cnt16_WriteCompare
 .text.Right_QuadDec_Cnt16_ClearFIFO
                0x00003d98       0x14 .\CortexM3\ARM_GCC_493\Debug\freesoc.a(Right_QuadDec_Cnt16.o)
                0x00003d98                Right_QuadDec_Cnt16_ClearFIFO
 .text.Right_QuadDec_Cnt16_Init
                0x00003dac       0x58 .\CortexM3\ARM_GCC_493\Debug\freesoc.a(Right_QuadDec_Cnt16.o)
                0x00003dac                Right_QuadDec_Cnt16_Init
 .text.Right_QuadDec_Cnt16_Start
                0x00003e04       0x1c .\CortexM3\ARM_GCC_493\Debug\freesoc.a(Right_QuadDec_Cnt16.o)
                0x00003e04                Right_QuadDec_Cnt16_Start
 .text.Left_QuadDec_Init
                0x00003e20       0x24 .\CortexM3\ARM_GCC_493\Debug\freesoc.a(Left_QuadDec.o)
                0x00003e20                Left_QuadDec_Init
 .text.Left_QuadDec_GetCounter
                0x00003e44       0x2c .\CortexM3\ARM_GCC_493\Debug\freesoc.a(Left_QuadDec.o)
                0x00003e44                Left_QuadDec_GetCounter
 .text.Left_QuadDec_SetCounter
                0x00003e70       0x28 .\CortexM3\ARM_GCC_493\Debug\freesoc.a(Left_QuadDec.o)
                0x00003e70                Left_QuadDec_SetCounter
 .text.Left_QuadDec_GetEvents
                0x00003e98       0x10 .\CortexM3\ARM_GCC_493\Debug\freesoc.a(Left_QuadDec.o)
                0x00003e98                Left_QuadDec_GetEvents
 .text.Left_QuadDec_SetInterruptMask
                0x00003ea8       0x10 .\CortexM3\ARM_GCC_493\Debug\freesoc.a(Left_QuadDec.o)
                0x00003ea8                Left_QuadDec_SetInterruptMask
 .text.Left_QuadDec_Enable
                0x00003eb8       0x30 .\CortexM3\ARM_GCC_493\Debug\freesoc.a(Left_QuadDec.o)
                0x00003eb8                Left_QuadDec_Enable
 .text.Left_QuadDec_Start
                0x00003ee8       0x34 .\CortexM3\ARM_GCC_493\Debug\freesoc.a(Left_QuadDec.o)
                0x00003ee8                Left_QuadDec_Start
 .text.Left_QuadDec_ISR
                0x00003f1c       0x40 .\CortexM3\ARM_GCC_493\Debug\freesoc.a(Left_QuadDec_INT.o)
                0x00003f1c                Left_QuadDec_ISR
 .text.Left_QuadDec_Cnt16_Enable
                0x00003f5c       0x10 .\CortexM3\ARM_GCC_493\Debug\freesoc.a(Left_QuadDec_Cnt16.o)
                0x00003f5c                Left_QuadDec_Cnt16_Enable
 .text.Left_QuadDec_Cnt16_SetInterruptMode
                0x00003f6c        0xc .\CortexM3\ARM_GCC_493\Debug\freesoc.a(Left_QuadDec_Cnt16.o)
                0x00003f6c                Left_QuadDec_Cnt16_SetInterruptMode
 .text.Left_QuadDec_Cnt16_ReadStatusRegister
                0x00003f78        0xc .\CortexM3\ARM_GCC_493\Debug\freesoc.a(Left_QuadDec_Cnt16.o)
                0x00003f78                Left_QuadDec_Cnt16_ReadStatusRegister
 .text.Left_QuadDec_Cnt16_WriteCounter
                0x00003f84        0xc .\CortexM3\ARM_GCC_493\Debug\freesoc.a(Left_QuadDec_Cnt16.o)
                0x00003f84                Left_QuadDec_Cnt16_WriteCounter
 .text.Left_QuadDec_Cnt16_ReadCounter
                0x00003f90       0x14 .\CortexM3\ARM_GCC_493\Debug\freesoc.a(Left_QuadDec_Cnt16.o)
                0x00003f90                Left_QuadDec_Cnt16_ReadCounter
 .text.Left_QuadDec_Cnt16_ReadCapture
                0x00003fa4        0xc .\CortexM3\ARM_GCC_493\Debug\freesoc.a(Left_QuadDec_Cnt16.o)
                0x00003fa4                Left_QuadDec_Cnt16_ReadCapture
 .text.Left_QuadDec_Cnt16_WritePeriod
                0x00003fb0        0xc .\CortexM3\ARM_GCC_493\Debug\freesoc.a(Left_QuadDec_Cnt16.o)
                0x00003fb0                Left_QuadDec_Cnt16_WritePeriod
 .text.Left_QuadDec_Cnt16_WriteCompare
                0x00003fbc        0xc .\CortexM3\ARM_GCC_493\Debug\freesoc.a(Left_QuadDec_Cnt16.o)
                0x00003fbc                Left_QuadDec_Cnt16_WriteCompare
 .text.Left_QuadDec_Cnt16_ClearFIFO
                0x00003fc8       0x14 .\CortexM3\ARM_GCC_493\Debug\freesoc.a(Left_QuadDec_Cnt16.o)
                0x00003fc8                Left_QuadDec_Cnt16_ClearFIFO
 .text.Left_QuadDec_Cnt16_Init
                0x00003fdc       0x58 .\CortexM3\ARM_GCC_493\Debug\freesoc.a(Left_QuadDec_Cnt16.o)
                0x00003fdc                Left_QuadDec_Cnt16_Init
 .text.Left_QuadDec_Cnt16_Start
                0x00004034       0x1c .\CortexM3\ARM_GCC_493\Debug\freesoc.a(Left_QuadDec_Cnt16.o)
                0x00004034                Left_QuadDec_Cnt16_Start
 .text.USBUART_Init
                0x00004050      0x140 .\CortexM3\ARM_GCC_493\Debug\freesoc.a(USBUART.o)
                0x00004050                USBUART_Init
 .text.USBUART_InitComponent
                0x00004190       0xd0 .\CortexM3\ARM_GCC_493\Debug\freesoc.a(USBUART.o)
                0x00004190                USBUART_InitComponent
 .text.USBUART_Start
                0x00004260       0x24 .\CortexM3\ARM_GCC_493\Debug\freesoc.a(USBUART.o)
                0x00004260                USBUART_Start
 .text.USBUART_ReInitComponent
                0x00004284       0x64 .\CortexM3\ARM_GCC_493\Debug\freesoc.a(USBUART.o)
                0x00004284                USBUART_ReInitComponent
 .text.USBUART_GetConfiguration
                0x000042e8        0xc .\CortexM3\ARM_GCC_493\Debug\freesoc.a(USBUART.o)
                0x000042e8                USBUART_GetConfiguration
 .text.USBUART_IsConfigurationChanged
                0x000042f4       0x20 .\CortexM3\ARM_GCC_493\Debug\freesoc.a(USBUART.o)
                0x000042f4                USBUART_IsConfigurationChanged
 .text.USBUART_GetEPState
                0x00004314       0x14 .\CortexM3\ARM_GCC_493\Debug\freesoc.a(USBUART.o)
                0x00004314                USBUART_GetEPState
 .text.USBUART_GetEPCount
                0x00004328       0x28 .\CortexM3\ARM_GCC_493\Debug\freesoc.a(USBUART.o)
                0x00004328                USBUART_GetEPCount
 .text.USBUART_LoadInEP
                0x00004350       0x94 .\CortexM3\ARM_GCC_493\Debug\freesoc.a(USBUART.o)
                0x00004350                USBUART_LoadInEP
 .text.USBUART_EnableOutEP
                0x000043e4       0x2c .\CortexM3\ARM_GCC_493\Debug\freesoc.a(USBUART.o)
                0x000043e4                USBUART_EnableOutEP
 .text.USBUART_ReadOutEP
                0x00004410       0x50 .\CortexM3\ARM_GCC_493\Debug\freesoc.a(USBUART.o)
                0x00004410                USBUART_ReadOutEP
 .text.USBUART_StrLen
                0x00004460       0x14 .\CortexM3\ARM_GCC_493\Debug\freesoc.a(USBUART_cdc.o)
 .text.USBUART_GetInterfaceComPort
                0x00004474       0x3c .\CortexM3\ARM_GCC_493\Debug\freesoc.a(USBUART_cdc.o)
                0x00004474                USBUART_GetInterfaceComPort
 .text.USBUART_DispatchCDCClassRqst
                0x000044b0       0x98 .\CortexM3\ARM_GCC_493\Debug\freesoc.a(USBUART_cdc.o)
                0x000044b0                USBUART_DispatchCDCClassRqst
 .text.USBUART_CDC_Init
                0x00004548       0x98 .\CortexM3\ARM_GCC_493\Debug\freesoc.a(USBUART_cdc.o)
                0x00004548                USBUART_CDC_Init
 .text.USBUART_PutString
                0x000045e0       0x9c .\CortexM3\ARM_GCC_493\Debug\freesoc.a(USBUART_cdc.o)
                0x000045e0                USBUART_PutString
 .text.USBUART_PutChar
                0x0000467c       0x28 .\CortexM3\ARM_GCC_493\Debug\freesoc.a(USBUART_cdc.o)
                0x0000467c                USBUART_PutChar
 .text.USBUART_DataIsReady
                0x000046a4       0x18 .\CortexM3\ARM_GCC_493\Debug\freesoc.a(USBUART_cdc.o)
                0x000046a4                USBUART_DataIsReady
 .text.USBUART_CDCIsReady
                0x000046bc       0x18 .\CortexM3\ARM_GCC_493\Debug\freesoc.a(USBUART_cdc.o)
                0x000046bc                USBUART_CDCIsReady
 .text.USBUART_GetChar
                0x000046d4       0x28 .\CortexM3\ARM_GCC_493\Debug\freesoc.a(USBUART_cdc.o)
                0x000046d4                USBUART_GetChar
 .text.USBUART_Cdc_EpInit
                0x000046fc       0x50 .\CortexM3\ARM_GCC_493\Debug\freesoc.a(USBUART_cdc.o)
                0x000046fc                USBUART_Cdc_EpInit
 .text.USBUART_LoadEP0
                0x0000474c       0x94 .\CortexM3\ARM_GCC_493\Debug\freesoc.a(USBUART_drv.o)
                0x0000474c                USBUART_LoadEP0
 .text.USBUART_InitZeroLengthControlTransfer
                0x000047e0       0x34 .\CortexM3\ARM_GCC_493\Debug\freesoc.a(USBUART_drv.o)
                0x000047e0                USBUART_InitZeroLengthControlTransfer
 .text.USBUART_ControlReadDataStage
                0x00004814        0x8 .\CortexM3\ARM_GCC_493\Debug\freesoc.a(USBUART_drv.o)
                0x00004814                USBUART_ControlReadDataStage
 .text.USBUART_ControlWriteDataStage
                0x0000481c       0x80 .\CortexM3\ARM_GCC_493\Debug\freesoc.a(USBUART_drv.o)
                0x0000481c                USBUART_ControlWriteDataStage
 .text.USBUART_InitNoDataControlTransfer
                0x0000489c       0x2c .\CortexM3\ARM_GCC_493\Debug\freesoc.a(USBUART_drv.o)
                0x0000489c                USBUART_InitNoDataControlTransfer
 .text.USBUART_UpdateStatusBlock
                0x000048c8       0x24 .\CortexM3\ARM_GCC_493\Debug\freesoc.a(USBUART_drv.o)
                0x000048c8                USBUART_UpdateStatusBlock
 .text.USBUART_HandleSetup
                0x000048ec       0x5c .\CortexM3\ARM_GCC_493\Debug\freesoc.a(USBUART_drv.o)
                0x000048ec                USBUART_HandleSetup
 .text.USBUART_ControlReadStatusStage
                0x00004948       0x34 .\CortexM3\ARM_GCC_493\Debug\freesoc.a(USBUART_drv.o)
                0x00004948                USBUART_ControlReadStatusStage
 .text.USBUART_HandleOUT
                0x0000497c       0x38 .\CortexM3\ARM_GCC_493\Debug\freesoc.a(USBUART_drv.o)
                0x0000497c                USBUART_HandleOUT
 .text.USBUART_ControlWriteStatusStage
                0x000049b4       0x20 .\CortexM3\ARM_GCC_493\Debug\freesoc.a(USBUART_drv.o)
                0x000049b4                USBUART_ControlWriteStatusStage
 .text.USBUART_NoDataControlStatusStage
                0x000049d4       0x40 .\CortexM3\ARM_GCC_493\Debug\freesoc.a(USBUART_drv.o)
                0x000049d4                USBUART_NoDataControlStatusStage
 .text.USBUART_HandleIN
                0x00004a14       0x2c .\CortexM3\ARM_GCC_493\Debug\freesoc.a(USBUART_drv.o)
                0x00004a14                USBUART_HandleIN
 .text.USBUART_EP_0_ISR
                0x00004a40       0xb8 .\CortexM3\ARM_GCC_493\Debug\freesoc.a(USBUART_drv.o)
                0x00004a40                USBUART_EP_0_ISR
 .text.USBUART_InitializeStatusBlock
                0x00004af8       0x24 .\CortexM3\ARM_GCC_493\Debug\freesoc.a(USBUART_drv.o)
                0x00004af8                USBUART_InitializeStatusBlock
 .text.USBUART_InitControlRead
                0x00004b1c       0x50 .\CortexM3\ARM_GCC_493\Debug\freesoc.a(USBUART_drv.o)
                0x00004b1c                USBUART_InitControlRead
 .text.USBUART_InitControlWrite
                0x00004b6c       0x48 .\CortexM3\ARM_GCC_493\Debug\freesoc.a(USBUART_drv.o)
                0x00004b6c                USBUART_InitControlWrite
 .text.USBUART_EP_1_ISR
                0x00004bb4       0x38 .\CortexM3\ARM_GCC_493\Debug\freesoc.a(USBUART_episr.o)
                0x00004bb4                USBUART_EP_1_ISR
 .text.USBUART_EP_2_ISR
                0x00004bec       0x3c .\CortexM3\ARM_GCC_493\Debug\freesoc.a(USBUART_episr.o)
                0x00004bec                USBUART_EP_2_ISR
 .text.USBUART_EP_3_ISR
                0x00004c28       0x44 .\CortexM3\ARM_GCC_493\Debug\freesoc.a(USBUART_episr.o)
                0x00004c28                USBUART_EP_3_ISR
 .text.USBUART_SOF_ISR
                0x00004c6c        0x4 .\CortexM3\ARM_GCC_493\Debug\freesoc.a(USBUART_episr.o)
                0x00004c6c                USBUART_SOF_ISR
 .text.USBUART_BUS_RESET_ISR
                0x00004c70        0x8 .\CortexM3\ARM_GCC_493\Debug\freesoc.a(USBUART_episr.o)
                0x00004c70                USBUART_BUS_RESET_ISR
 .text.USBUART_FindHidClassDecriptor
                0x00004c78       0x40 .\CortexM3\ARM_GCC_493\Debug\freesoc.a(USBUART_hid.o)
                0x00004c78                USBUART_FindHidClassDecriptor
 .text.USBUART_FindReportDescriptor
                0x00004cb8       0x48 .\CortexM3\ARM_GCC_493\Debug\freesoc.a(USBUART_hid.o)
                0x00004cb8                USBUART_FindReportDescriptor
 .text.USBUART_FindReport
                0x00004d00       0x7c .\CortexM3\ARM_GCC_493\Debug\freesoc.a(USBUART_hid.o)
                0x00004d00                USBUART_FindReport
 .text.USBUART_DispatchHIDClassRqst
                0x00004d7c      0x184 .\CortexM3\ARM_GCC_493\Debug\freesoc.a(USBUART_hid.o)
                0x00004d7c                USBUART_DispatchHIDClassRqst
 .text.USBUART_DP_ISR
                0x00004f00        0x8 .\CortexM3\ARM_GCC_493\Debug\freesoc.a(USBUART_pm.o)
                0x00004f00                USBUART_DP_ISR
 .text.USBUART_ReadDieID
                0x00004f08       0x6c .\CortexM3\ARM_GCC_493\Debug\freesoc.a(USBUART_std.o)
                0x00004f08                USBUART_ReadDieID
 .text.USBUART_ConfigReg
                0x00004f74       0xa4 .\CortexM3\ARM_GCC_493\Debug\freesoc.a(USBUART_std.o)
                0x00004f74                USBUART_ConfigReg
 .text.USBUART_GetConfigTablePtr
                0x00005018       0x28 .\CortexM3\ARM_GCC_493\Debug\freesoc.a(USBUART_std.o)
                0x00005018                USBUART_GetConfigTablePtr
 .text.USBUART_ConfigAltChanged
                0x00005040      0x11c .\CortexM3\ARM_GCC_493\Debug\freesoc.a(USBUART_std.o)
                0x00005040                USBUART_ConfigAltChanged
 .text.USBUART_GetDeviceTablePtr
                0x0000515c       0x18 .\CortexM3\ARM_GCC_493\Debug\freesoc.a(USBUART_std.o)
                0x0000515c                USBUART_GetDeviceTablePtr
 .text.USBUART_GetInterfaceClassTablePtr
                0x00005174       0x24 .\CortexM3\ARM_GCC_493\Debug\freesoc.a(USBUART_std.o)
                0x00005174                USBUART_GetInterfaceClassTablePtr
 .text.USBUART_Config
                0x00005198      0x1dc .\CortexM3\ARM_GCC_493\Debug\freesoc.a(USBUART_std.o)
                0x00005198                USBUART_Config
 .text.USBUART_SetEndpointHalt
                0x00005374       0x64 .\CortexM3\ARM_GCC_493\Debug\freesoc.a(USBUART_std.o)
                0x00005374                USBUART_SetEndpointHalt
 .text.USBUART_ClearEndpointHalt
                0x000053d8       0xa8 .\CortexM3\ARM_GCC_493\Debug\freesoc.a(USBUART_std.o)
                0x000053d8                USBUART_ClearEndpointHalt
 .text.USBUART_ValidateAlternateSetting
                0x00005480       0x4c .\CortexM3\ARM_GCC_493\Debug\freesoc.a(USBUART_std.o)
                0x00005480                USBUART_ValidateAlternateSetting
 .text.USBUART_HandleStandardRqst
                0x000054cc      0x35c .\CortexM3\ARM_GCC_493\Debug\freesoc.a(USBUART_std.o)
                0x000054cc                USBUART_HandleStandardRqst
 .text.USBUART_HandleVendorRqst
                0x00005828       0x3c .\CortexM3\ARM_GCC_493\Debug\freesoc.a(USBUART_vnd.o)
                0x00005828                USBUART_HandleVendorRqst
 .text.USBUART_Dp_ClearInterrupt
                0x00005864       0x10 .\CortexM3\ARM_GCC_493\Debug\freesoc.a(USBUART_Dp.o)
                0x00005864                USBUART_Dp_ClearInterrupt
 .text.SPIM_EnableRxInt
                0x00005874        0xc .\CortexM3\ARM_GCC_493\Debug\freesoc.a(SPIM.o)
                0x00005874                SPIM_EnableRxInt
 .text.SPIM_Enable
                0x00005880       0x38 .\CortexM3\ARM_GCC_493\Debug\freesoc.a(SPIM.o)
                0x00005880                SPIM_Enable
 .text.SPIM_DisableRxInt
                0x000058b8        0xc .\CortexM3\ARM_GCC_493\Debug\freesoc.a(SPIM.o)
                0x000058b8                SPIM_DisableRxInt
 .text.SPIM_ReadTxStatus
                0x000058c4        0xc .\CortexM3\ARM_GCC_493\Debug\freesoc.a(SPIM.o)
                0x000058c4                SPIM_ReadTxStatus
 .text.SPIM_ReadRxStatus
                0x000058d0       0x28 .\CortexM3\ARM_GCC_493\Debug\freesoc.a(SPIM.o)
                0x000058d0                SPIM_ReadRxStatus
 .text.SPIM_WriteTxData
                0x000058f8       0x18 .\CortexM3\ARM_GCC_493\Debug\freesoc.a(SPIM.o)
                0x000058f8                SPIM_WriteTxData
 .text.SPIM_ReadRxData
                0x00005910       0x64 .\CortexM3\ARM_GCC_493\Debug\freesoc.a(SPIM.o)
                0x00005910                SPIM_ReadRxData
 .text.SPIM_GetTxBufferSize
                0x00005974       0x24 .\CortexM3\ARM_GCC_493\Debug\freesoc.a(SPIM.o)
                0x00005974                SPIM_GetTxBufferSize
 .text.SPIM_ClearRxBuffer
                0x00005998       0x40 .\CortexM3\ARM_GCC_493\Debug\freesoc.a(SPIM.o)
                0x00005998                SPIM_ClearRxBuffer
 .text.SPIM_ClearTxBuffer
                0x000059d8       0x24 .\CortexM3\ARM_GCC_493\Debug\freesoc.a(SPIM.o)
                0x000059d8                SPIM_ClearTxBuffer
 .text.SPIM_PutArray
                0x000059fc       0x20 .\CortexM3\ARM_GCC_493\Debug\freesoc.a(SPIM.o)
                0x000059fc                SPIM_PutArray
 .text.SPIM_ClearFIFO
                0x00005a1c       0x3c .\CortexM3\ARM_GCC_493\Debug\freesoc.a(SPIM.o)
                0x00005a1c                SPIM_ClearFIFO
 .text.SPIM_Init
                0x00005a58       0x64 .\CortexM3\ARM_GCC_493\Debug\freesoc.a(SPIM.o)
                0x00005a58                SPIM_Init
 .text.SPIM_Start
                0x00005abc       0x1c .\CortexM3\ARM_GCC_493\Debug\freesoc.a(SPIM.o)
                0x00005abc                SPIM_Start
 .text.SPIM_RX_ISR
                0x00005ad8       0xa0 .\CortexM3\ARM_GCC_493\Debug\freesoc.a(SPIM_INT.o)
                0x00005ad8                SPIM_RX_ISR
 .text.Slave_Select_Write
                0x00005b78        0xc .\CortexM3\ARM_GCC_493\Debug\freesoc.a(Slave_Select.o)
                0x00005b78                Slave_Select_Write
 .text.CyFlashGetSpcAlgorithm
                0x00005b84       0x4c .\CortexM3\ARM_GCC_493\Debug\freesoc.a(CyFlash.o)
 .text.CySetTempInt
                0x00005bd0       0x60 .\CortexM3\ARM_GCC_493\Debug\freesoc.a(CyFlash.o)
 .text.CySetTemp
                0x00005c30       0x14 .\CortexM3\ARM_GCC_493\Debug\freesoc.a(CyFlash.o)
                0x00005c30                CySetTemp
 .text.CyEEPROM_Start
                0x00005c44       0x54 .\CortexM3\ARM_GCC_493\Debug\freesoc.a(CyFlash.o)
                0x00005c44                CyEEPROM_Start
 .text.CySpcStart
                0x00005c98       0x24 .\CortexM3\ARM_GCC_493\Debug\freesoc.a(CySpc.o)
                0x00005c98                CySpcStart
 .text.CySpcReadData
                0x00005cbc       0x34 .\CortexM3\ARM_GCC_493\Debug\freesoc.a(CySpc.o)
                0x00005cbc                CySpcReadData
 .text.CySpcLoadMultiByte
                0x00005cf0       0x78 .\CortexM3\ARM_GCC_493\Debug\freesoc.a(CySpc.o)
                0x00005cf0                CySpcLoadMultiByte
 .text.CySpcLoadRow
                0x00005d68       0x54 .\CortexM3\ARM_GCC_493\Debug\freesoc.a(CySpc.o)
                0x00005d68                CySpcLoadRow
 .text.CySpcWriteRow
                0x00005dbc       0x4c .\CortexM3\ARM_GCC_493\Debug\freesoc.a(CySpc.o)
                0x00005dbc                CySpcWriteRow
 .text.CySpcGetTemp
                0x00005e08       0x3c .\CortexM3\ARM_GCC_493\Debug\freesoc.a(CySpc.o)
                0x00005e08                CySpcGetTemp
 .text.CySpcLock
                0x00005e44       0x4c .\CortexM3\ARM_GCC_493\Debug\freesoc.a(CySpc.o)
                0x00005e44                CySpcLock
 .text.CySpcUnlock
                0x00005e90       0x38 .\CortexM3\ARM_GCC_493\Debug\freesoc.a(CySpc.o)
                0x00005e90                CySpcUnlock
 .text.CySpcGetAlgorithm
                0x00005ec8       0x28 .\CortexM3\ARM_GCC_493\Debug\freesoc.a(CySpc.o)
                0x00005ec8                CySpcGetAlgorithm
 .text.USBUART_DispatchClassRqst
                0x00005ef0       0x60 .\CortexM3\ARM_GCC_493\Debug\freesoc.a(USBUART_cls.o)
                0x00005ef0                USBUART_DispatchClassRqst
 .text.__fpclassifyf
                0x00005f50       0x34 c:/program files (x86)/cypress/psoc creator/3.3/psoc creator/import/gnu/arm/4.9.3/bin/../lib/gcc/arm-none-eabi/4.9.3/../../../../arm-none-eabi/lib/armv7-m\libm.a(lib_a-sf_fpclassify.o)
                0x00005f50                __fpclassifyf
 .text.pow      0x00005f84      0x2f0 c:/program files (x86)/cypress/psoc creator/3.3/psoc creator/import/gnu/arm/4.9.3/bin/../lib/gcc/arm-none-eabi/4.9.3/../../../../arm-none-eabi/lib/armv7-m\libm.a(lib_a-w_pow.o)
                0x00005f84                pow
 *fill*         0x00006274        0x4 
 .text.__ieee754_pow
                0x00006278      0xaa0 c:/program files (x86)/cypress/psoc creator/3.3/psoc creator/import/gnu/arm/4.9.3/bin/../lib/gcc/arm-none-eabi/4.9.3/../../../../arm-none-eabi/lib/armv7-m\libm.a(lib_a-e_pow.o)
                0x00006278                __ieee754_pow
 .text.__ieee754_sqrt
                0x00006d18      0x18c c:/program files (x86)/cypress/psoc creator/3.3/psoc creator/import/gnu/arm/4.9.3/bin/../lib/gcc/arm-none-eabi/4.9.3/../../../../arm-none-eabi/lib/armv7-m\libm.a(lib_a-e_sqrt.o)
                0x00006d18                __ieee754_sqrt
 .text.fabs     0x00006ea4        0x8 c:/program files (x86)/cypress/psoc creator/3.3/psoc creator/import/gnu/arm/4.9.3/bin/../lib/gcc/arm-none-eabi/4.9.3/../../../../arm-none-eabi/lib/armv7-m\libm.a(lib_a-s_fabs.o)
                0x00006ea4                fabs
 .text.finite   0x00006eac        0xc c:/program files (x86)/cypress/psoc creator/3.3/psoc creator/import/gnu/arm/4.9.3/bin/../lib/gcc/arm-none-eabi/4.9.3/../../../../arm-none-eabi/lib/armv7-m\libm.a(lib_a-s_finite.o)
                0x00006eac                finite
 .text.__fpclassifyd
                0x00006eb8       0x58 c:/program files (x86)/cypress/psoc creator/3.3/psoc creator/import/gnu/arm/4.9.3/bin/../lib/gcc/arm-none-eabi/4.9.3/../../../../arm-none-eabi/lib/armv7-m\libm.a(lib_a-s_fpclassify.o)
                0x00006eb8                __fpclassifyd
 .text.matherr  0x00006f10        0x4 c:/program files (x86)/cypress/psoc creator/3.3/psoc creator/import/gnu/arm/4.9.3/bin/../lib/gcc/arm-none-eabi/4.9.3/../../../../arm-none-eabi/lib/armv7-m\libm.a(lib_a-s_matherr.o)
                0x00006f10                matherr
 .text.nan      0x00006f14        0xc c:/program files (x86)/cypress/psoc creator/3.3/psoc creator/import/gnu/arm/4.9.3/bin/../lib/gcc/arm-none-eabi/4.9.3/../../../../arm-none-eabi/lib/armv7-m\libm.a(lib_a-s_nan.o)
                0x00006f14                nan
 .text.rint     0x00006f20      0x11c c:/program files (x86)/cypress/psoc creator/3.3/psoc creator/import/gnu/arm/4.9.3/bin/../lib/gcc/arm-none-eabi/4.9.3/../../../../arm-none-eabi/lib/armv7-m\libm.a(lib_a-s_rint.o)
                0x00006f20                rint
 *fill*         0x0000703c        0x4 
 .text.scalbn   0x00007040       0xf0 c:/program files (x86)/cypress/psoc creator/3.3/psoc creator/import/gnu/arm/4.9.3/bin/../lib/gcc/arm-none-eabi/4.9.3/../../../../arm-none-eabi/lib/armv7-m\libm.a(lib_a-s_scalbn.o)
                0x00007040                scalbn
 .text.copysign
                0x00007130       0x10 c:/program files (x86)/cypress/psoc creator/3.3/psoc creator/import/gnu/arm/4.9.3/bin/../lib/gcc/arm-none-eabi/4.9.3/../../../../arm-none-eabi/lib/armv7-m\libm.a(lib_a-s_copysign.o)
                0x00007130                copysign
 .text          0x00007140      0x370 c:/program files (x86)/cypress/psoc creator/3.3/psoc creator/import/gnu/arm/4.9.3/bin/../lib/gcc/arm-none-eabi/4.9.3/armv7-m\libgcc.a(_arm_addsubdf3.o)
                0x00007140                __aeabi_drsub
                0x00007148                __aeabi_dsub
                0x00007148                __subdf3
                0x0000714c                __aeabi_dadd
                0x0000714c                __adddf3
                0x000073c4                __floatunsidf
                0x000073c4                __aeabi_ui2d
                0x000073e4                __floatsidf
                0x000073e4                __aeabi_i2d
                0x00007408                __aeabi_f2d
                0x00007408                __extendsfdf2
                0x00007444                __floatundidf
                0x00007444                __aeabi_ul2d
                0x00007454                __floatdidf
                0x00007454                __aeabi_l2d
 .text          0x000074b0      0x424 c:/program files (x86)/cypress/psoc creator/3.3/psoc creator/import/gnu/arm/4.9.3/bin/../lib/gcc/arm-none-eabi/4.9.3/armv7-m\libgcc.a(_arm_muldivdf3.o)
                0x000074b0                __aeabi_dmul
                0x000074b0                __muldf3
                0x00007704                __divdf3
                0x00007704                __aeabi_ddiv
 .text          0x000078d4      0x110 c:/program files (x86)/cypress/psoc creator/3.3/psoc creator/import/gnu/arm/4.9.3/bin/../lib/gcc/arm-none-eabi/4.9.3/armv7-m\libgcc.a(_arm_cmpdf2.o)
                0x000078d4                __gtdf2
                0x000078d4                __gedf2
                0x000078dc                __ltdf2
                0x000078dc                __ledf2
                0x000078e4                __nedf2
                0x000078e4                __eqdf2
                0x000078e4                __cmpdf2
                0x00007960                __aeabi_cdrcmple
                0x00007970                __aeabi_cdcmpeq
                0x00007970                __aeabi_cdcmple
                0x00007980                __aeabi_dcmpeq
                0x00007994                __aeabi_dcmplt
                0x000079a8                __aeabi_dcmple
                0x000079bc                __aeabi_dcmpge
                0x000079d0                __aeabi_dcmpgt
 .text          0x000079e4       0x50 c:/program files (x86)/cypress/psoc creator/3.3/psoc creator/import/gnu/arm/4.9.3/bin/../lib/gcc/arm-none-eabi/4.9.3/armv7-m\libgcc.a(_arm_fixdfsi.o)
                0x000079e4                __aeabi_d2iz
                0x000079e4                __fixdfsi
 .text          0x00007a34       0xa0 c:/program files (x86)/cypress/psoc creator/3.3/psoc creator/import/gnu/arm/4.9.3/bin/../lib/gcc/arm-none-eabi/4.9.3/armv7-m\libgcc.a(_arm_truncdfsf2.o)
                0x00007a34                __truncdfsf2
                0x00007a34                __aeabi_d2f
 .text          0x00007ad4      0x21c c:/program files (x86)/cypress/psoc creator/3.3/psoc creator/import/gnu/arm/4.9.3/bin/../lib/gcc/arm-none-eabi/4.9.3/armv7-m\libgcc.a(_arm_addsubsf3.o)
                0x00007ad4                __aeabi_frsub
                0x00007adc                __subsf3
                0x00007adc                __aeabi_fsub
                0x00007ae0                __aeabi_fadd
                0x00007ae0                __addsf3
                0x00007c40                __aeabi_ui2f
                0x00007c40                __floatunsisf
                0x00007c48                __aeabi_i2f
                0x00007c48                __floatsisf
                0x00007c64                __aeabi_ul2f
                0x00007c64                __floatundisf
                0x00007c74                __aeabi_l2f
                0x00007c74                __floatdisf
 .text          0x00007cf0      0x2a0 c:/program files (x86)/cypress/psoc creator/3.3/psoc creator/import/gnu/arm/4.9.3/bin/../lib/gcc/arm-none-eabi/4.9.3/armv7-m\libgcc.a(_arm_muldivsf3.o)
                0x00007cf0                __mulsf3
                0x00007cf0                __aeabi_fmul
                0x00007e58                __aeabi_fdiv
                0x00007e58                __divsf3
 .text          0x00007f90       0xec c:/program files (x86)/cypress/psoc creator/3.3/psoc creator/import/gnu/arm/4.9.3/bin/../lib/gcc/arm-none-eabi/4.9.3/armv7-m\libgcc.a(_arm_cmpsf2.o)
                0x00007f90                __gesf2
                0x00007f90                __gtsf2
                0x00007f98                __lesf2
                0x00007f98                __ltsf2
                0x00007fa0                __nesf2
                0x00007fa0                __eqsf2
                0x00007fa0                __cmpsf2
                0x00008000                __aeabi_cfrcmple
                0x00008008                __aeabi_cfcmpeq
                0x00008008                __aeabi_cfcmple
                0x00008018                __aeabi_fcmpeq
                0x0000802c                __aeabi_fcmplt
                0x00008040                __aeabi_fcmple
                0x00008054                __aeabi_fcmpge
                0x00008068                __aeabi_fcmpgt
 .text          0x0000807c       0x4c c:/program files (x86)/cypress/psoc creator/3.3/psoc creator/import/gnu/arm/4.9.3/bin/../lib/gcc/arm-none-eabi/4.9.3/armv7-m\libgcc.a(_arm_fixsfsi.o)
                0x0000807c                __aeabi_f2iz
                0x0000807c                __fixsfsi
 .text.__assert_func
                0x000080c8       0x38 c:/program files (x86)/cypress/psoc creator/3.3/psoc creator/import/gnu/arm/4.9.3/bin/../lib/gcc/arm-none-eabi/4.9.3/../../../../arm-none-eabi/lib/armv7-m\libg_nano.a(lib_a-assert.o)
                0x000080c8                __assert_func
 .text.atof     0x00008100        0x6 c:/program files (x86)/cypress/psoc creator/3.3/psoc creator/import/gnu/arm/4.9.3/bin/../lib/gcc/arm-none-eabi/4.9.3/../../../../arm-none-eabi/lib/armv7-m\libg_nano.a(lib_a-atof.o)
                0x00008100                atof
 *fill*         0x00008106        0x2 
 .text.__errno  0x00008108        0xc c:/program files (x86)/cypress/psoc creator/3.3/psoc creator/import/gnu/arm/4.9.3/bin/../lib/gcc/arm-none-eabi/4.9.3/../../../../arm-none-eabi/lib/armv7-m\libg_nano.a(lib_a-errno.o)
                0x00008108                __errno
 .text.fprintf  0x00008114       0x24 c:/program files (x86)/cypress/psoc creator/3.3/psoc creator/import/gnu/arm/4.9.3/bin/../lib/gcc/arm-none-eabi/4.9.3/../../../../arm-none-eabi/lib/armv7-m\libg_nano.a(lib_a-fprintf.o)
                0x00008114                fiprintf
                0x00008114                fprintf
 .text.__libc_init_array
                0x00008138       0x4c c:/program files (x86)/cypress/psoc creator/3.3/psoc creator/import/gnu/arm/4.9.3/bin/../lib/gcc/arm-none-eabi/4.9.3/../../../../arm-none-eabi/lib/armv7-m\libg_nano.a(lib_a-init.o)
                0x00008138                __libc_init_array
 .text.__itoa   0x00008184       0x2e c:/program files (x86)/cypress/psoc creator/3.3/psoc creator/import/gnu/arm/4.9.3/bin/../lib/gcc/arm-none-eabi/4.9.3/../../../../arm-none-eabi/lib/armv7-m\libg_nano.a(lib_a-itoa.o)
                0x00008184                __itoa
 .text.itoa     0x000081b2        0x4 c:/program files (x86)/cypress/psoc creator/3.3/psoc creator/import/gnu/arm/4.9.3/bin/../lib/gcc/arm-none-eabi/4.9.3/../../../../arm-none-eabi/lib/armv7-m\libg_nano.a(lib_a-itoa.o)
                0x000081b2                itoa
 .text.memcpy   0x000081b6       0x16 c:/program files (x86)/cypress/psoc creator/3.3/psoc creator/import/gnu/arm/4.9.3/bin/../lib/gcc/arm-none-eabi/4.9.3/../../../../arm-none-eabi/lib/armv7-m\libg_nano.a(lib_a-memcpy.o)
                0x000081b6                memcpy
 .text.memset   0x000081cc       0x10 c:/program files (x86)/cypress/psoc creator/3.3/psoc creator/import/gnu/arm/4.9.3/bin/../lib/gcc/arm-none-eabi/4.9.3/../../../../arm-none-eabi/lib/armv7-m\libg_nano.a(lib_a-memset.o)
                0x000081cc                memset
 .text.__sfputc_r
                0x000081dc       0x2c c:/program files (x86)/cypress/psoc creator/3.3/psoc creator/import/gnu/arm/4.9.3/bin/../lib/gcc/arm-none-eabi/4.9.3/../../../../arm-none-eabi/lib/armv7-m\libg_nano.a(lib_a-nano-vfprintf.o)
 .text.__sfputs_r
                0x00008208       0x24 c:/program files (x86)/cypress/psoc creator/3.3/psoc creator/import/gnu/arm/4.9.3/bin/../lib/gcc/arm-none-eabi/4.9.3/../../../../arm-none-eabi/lib/armv7-m\libg_nano.a(lib_a-nano-vfprintf.o)
                0x00008208                __sfputs_r
 .text._vfprintf_r
                0x0000822c      0x210 c:/program files (x86)/cypress/psoc creator/3.3/psoc creator/import/gnu/arm/4.9.3/bin/../lib/gcc/arm-none-eabi/4.9.3/../../../../arm-none-eabi/lib/armv7-m\libg_nano.a(lib_a-nano-vfprintf.o)
                0x0000822c                _vfprintf_r
                0x0000822c                _vfiprintf_r
 .text.__cvt    0x0000843c       0xbc c:/program files (x86)/cypress/psoc creator/3.3/psoc creator/import/gnu/arm/4.9.3/bin/../lib/gcc/arm-none-eabi/4.9.3/../../../../arm-none-eabi/lib/armv7-m\libg_nano.a(lib_a-nano-vfprintf_float.o)
                0x0000843c                __cvt
 .text.__exponent
                0x000084f8       0x62 c:/program files (x86)/cypress/psoc creator/3.3/psoc creator/import/gnu/arm/4.9.3/bin/../lib/gcc/arm-none-eabi/4.9.3/../../../../arm-none-eabi/lib/armv7-m\libg_nano.a(lib_a-nano-vfprintf_float.o)
                0x000084f8                __exponent
 *fill*         0x0000855a        0x2 
 .text._printf_float
                0x0000855c      0x48c c:/program files (x86)/cypress/psoc creator/3.3/psoc creator/import/gnu/arm/4.9.3/bin/../lib/gcc/arm-none-eabi/4.9.3/../../../../arm-none-eabi/lib/armv7-m\libg_nano.a(lib_a-nano-vfprintf_float.o)
                0x0000855c                _printf_float
 .text._printf_common
                0x000089e8       0xea c:/program files (x86)/cypress/psoc creator/3.3/psoc creator/import/gnu/arm/4.9.3/bin/../lib/gcc/arm-none-eabi/4.9.3/../../../../arm-none-eabi/lib/armv7-m\libg_nano.a(lib_a-nano-vfprintf_i.o)
                0x000089e8                _printf_common
 *fill*         0x00008ad2        0x2 
 .text._printf_i
                0x00008ad4      0x240 c:/program files (x86)/cypress/psoc creator/3.3/psoc creator/import/gnu/arm/4.9.3/bin/../lib/gcc/arm-none-eabi/4.9.3/../../../../arm-none-eabi/lib/armv7-m\libg_nano.a(lib_a-nano-vfprintf_i.o)
                0x00008ad4                _printf_i
 .text.snprintf
                0x00008d14       0x64 c:/program files (x86)/cypress/psoc creator/3.3/psoc creator/import/gnu/arm/4.9.3/bin/../lib/gcc/arm-none-eabi/4.9.3/../../../../arm-none-eabi/lib/armv7-m\libg_nano.a(lib_a-snprintf.o)
                0x00008d14                sniprintf
                0x00008d14                snprintf
 .text.sprintf  0x00008d78       0x48 c:/program files (x86)/cypress/psoc creator/3.3/psoc creator/import/gnu/arm/4.9.3/bin/../lib/gcc/arm-none-eabi/4.9.3/../../../../arm-none-eabi/lib/armv7-m\libg_nano.a(lib_a-sprintf.o)
                0x00008d78                siprintf
                0x00008d78                sprintf
 .text.strlen   0x00008dc0       0x10 c:/program files (x86)/cypress/psoc creator/3.3/psoc creator/import/gnu/arm/4.9.3/bin/../lib/gcc/arm-none-eabi/4.9.3/../../../../arm-none-eabi/lib/armv7-m\libg_nano.a(lib_a-strlen.o)
                0x00008dc0                strlen
 .text.match    0x00008dd0       0x26 c:/program files (x86)/cypress/psoc creator/3.3/psoc creator/import/gnu/arm/4.9.3/bin/../lib/gcc/arm-none-eabi/4.9.3/../../../../arm-none-eabi/lib/armv7-m\libg_nano.a(lib_a-strtod.o)
 .text.sulp     0x00008df6       0x42 c:/program files (x86)/cypress/psoc creator/3.3/psoc creator/import/gnu/arm/4.9.3/bin/../lib/gcc/arm-none-eabi/4.9.3/../../../../arm-none-eabi/lib/armv7-m\libg_nano.a(lib_a-strtod.o)
 .text._strtod_r
                0x00008e38      0xc40 c:/program files (x86)/cypress/psoc creator/3.3/psoc creator/import/gnu/arm/4.9.3/bin/../lib/gcc/arm-none-eabi/4.9.3/../../../../arm-none-eabi/lib/armv7-m\libg_nano.a(lib_a-strtod.o)
                0x00008e38                _strtod_r
 .text.strtod   0x00009a78       0x14 c:/program files (x86)/cypress/psoc creator/3.3/psoc creator/import/gnu/arm/4.9.3/bin/../lib/gcc/arm-none-eabi/4.9.3/../../../../arm-none-eabi/lib/armv7-m\libg_nano.a(lib_a-strtod.o)
                0x00009a78                strtod
 .text.__utoa   0x00009a8c       0x78 c:/program files (x86)/cypress/psoc creator/3.3/psoc creator/import/gnu/arm/4.9.3/bin/../lib/gcc/arm-none-eabi/4.9.3/../../../../arm-none-eabi/lib/armv7-m\libg_nano.a(lib_a-utoa.o)
                0x00009a8c                __utoa
 .text.__swbuf_r
                0x00009b04       0xa8 c:/program files (x86)/cypress/psoc creator/3.3/psoc creator/import/gnu/arm/4.9.3/bin/../lib/gcc/arm-none-eabi/4.9.3/../../../../arm-none-eabi/lib/armv7-m\libg_nano.a(lib_a-wbuf.o)
                0x00009b04                __swbuf_r
 .text.__swsetup_r
                0x00009bac       0xd8 c:/program files (x86)/cypress/psoc creator/3.3/psoc creator/import/gnu/arm/4.9.3/bin/../lib/gcc/arm-none-eabi/4.9.3/../../../../arm-none-eabi/lib/armv7-m\libg_nano.a(lib_a-wsetup.o)
                0x00009bac                __swsetup_r
 .text.abort    0x00009c84        0xe c:/program files (x86)/cypress/psoc creator/3.3/psoc creator/import/gnu/arm/4.9.3/bin/../lib/gcc/arm-none-eabi/4.9.3/../../../../arm-none-eabi/lib/armv7-m\libg_nano.a(lib_a-abort.o)
                0x00009c84                abort
 .text.quorem   0x00009c92      0x114 c:/program files (x86)/cypress/psoc creator/3.3/psoc creator/import/gnu/arm/4.9.3/bin/../lib/gcc/arm-none-eabi/4.9.3/../../../../arm-none-eabi/lib/armv7-m\libg_nano.a(lib_a-dtoa.o)
 *fill*         0x00009da6        0x2 
 .text._dtoa_r  0x00009da8      0xb78 c:/program files (x86)/cypress/psoc creator/3.3/psoc creator/import/gnu/arm/4.9.3/bin/../lib/gcc/arm-none-eabi/4.9.3/../../../../arm-none-eabi/lib/armv7-m\libg_nano.a(lib_a-dtoa.o)
                0x00009da8                _dtoa_r
 .text.__sflush_r
                0x0000a920      0x106 c:/program files (x86)/cypress/psoc creator/3.3/psoc creator/import/gnu/arm/4.9.3/bin/../lib/gcc/arm-none-eabi/4.9.3/../../../../arm-none-eabi/lib/armv7-m\libg_nano.a(lib_a-fflush.o)
                0x0000a920                __sflush_r
 *fill*         0x0000aa26        0x2 
 .text._fflush_r
                0x0000aa28       0x54 c:/program files (x86)/cypress/psoc creator/3.3/psoc creator/import/gnu/arm/4.9.3/bin/../lib/gcc/arm-none-eabi/4.9.3/../../../../arm-none-eabi/lib/armv7-m\libg_nano.a(lib_a-fflush.o)
                0x0000aa28                _fflush_r
 .text._cleanup_r
                0x0000aa7c        0xc c:/program files (x86)/cypress/psoc creator/3.3/psoc creator/import/gnu/arm/4.9.3/bin/../lib/gcc/arm-none-eabi/4.9.3/../../../../arm-none-eabi/lib/armv7-m\libg_nano.a(lib_a-findfp.o)
                0x0000aa7c                _cleanup_r
 .text.std.isra.0
                0x0000aa88       0x48 c:/program files (x86)/cypress/psoc creator/3.3/psoc creator/import/gnu/arm/4.9.3/bin/../lib/gcc/arm-none-eabi/4.9.3/../../../../arm-none-eabi/lib/armv7-m\libg_nano.a(lib_a-findfp.o)
 .text.__sfmoreglue
                0x0000aad0       0x2c c:/program files (x86)/cypress/psoc creator/3.3/psoc creator/import/gnu/arm/4.9.3/bin/../lib/gcc/arm-none-eabi/4.9.3/../../../../arm-none-eabi/lib/armv7-m\libg_nano.a(lib_a-findfp.o)
                0x0000aad0                __sfmoreglue
 .text.__sinit  0x0000aafc       0x60 c:/program files (x86)/cypress/psoc creator/3.3/psoc creator/import/gnu/arm/4.9.3/bin/../lib/gcc/arm-none-eabi/4.9.3/../../../../arm-none-eabi/lib/armv7-m\libg_nano.a(lib_a-findfp.o)
                0x0000aafc                __sinit
 .text.__sfp    0x0000ab5c       0x74 c:/program files (x86)/cypress/psoc creator/3.3/psoc creator/import/gnu/arm/4.9.3/bin/../lib/gcc/arm-none-eabi/4.9.3/../../../../arm-none-eabi/lib/armv7-m\libg_nano.a(lib_a-findfp.o)
                0x0000ab5c                __sfp
 .text._fwalk_reent
                0x0000abd0       0x3c c:/program files (x86)/cypress/psoc creator/3.3/psoc creator/import/gnu/arm/4.9.3/bin/../lib/gcc/arm-none-eabi/4.9.3/../../../../arm-none-eabi/lib/armv7-m\libg_nano.a(lib_a-fwalk.o)
                0x0000abd0                _fwalk_reent
 .text.rshift   0x0000ac0c       0x6c c:/program files (x86)/cypress/psoc creator/3.3/psoc creator/import/gnu/arm/4.9.3/bin/../lib/gcc/arm-none-eabi/4.9.3/../../../../arm-none-eabi/lib/armv7-m\libg_nano.a(lib_a-gdtoa-gethex.o)
 .text.__hexdig_fun
                0x0000ac78       0x2a c:/program files (x86)/cypress/psoc creator/3.3/psoc creator/import/gnu/arm/4.9.3/bin/../lib/gcc/arm-none-eabi/4.9.3/../../../../arm-none-eabi/lib/armv7-m\libg_nano.a(lib_a-gdtoa-gethex.o)
                0x0000ac78                __hexdig_fun
 .text.__gethex
                0x0000aca2      0x44a c:/program files (x86)/cypress/psoc creator/3.3/psoc creator/import/gnu/arm/4.9.3/bin/../lib/gcc/arm-none-eabi/4.9.3/../../../../arm-none-eabi/lib/armv7-m\libg_nano.a(lib_a-gdtoa-gethex.o)
                0x0000aca2                __gethex
 .text.L_shift  0x0000b0ec       0x24 c:/program files (x86)/cypress/psoc creator/3.3/psoc creator/import/gnu/arm/4.9.3/bin/../lib/gcc/arm-none-eabi/4.9.3/../../../../arm-none-eabi/lib/armv7-m\libg_nano.a(lib_a-gdtoa-hexnan.o)
 .text.__hexnan
                0x0000b110      0x114 c:/program files (x86)/cypress/psoc creator/3.3/psoc creator/import/gnu/arm/4.9.3/bin/../lib/gcc/arm-none-eabi/4.9.3/../../../../arm-none-eabi/lib/armv7-m\libg_nano.a(lib_a-gdtoa-hexnan.o)
                0x0000b110                __hexnan
 .text._localeconv_r
                0x0000b224        0x8 c:/program files (x86)/cypress/psoc creator/3.3/psoc creator/import/gnu/arm/4.9.3/bin/../lib/gcc/arm-none-eabi/4.9.3/../../../../arm-none-eabi/lib/armv7-m\libg_nano.a(lib_a-locale.o)
                0x0000b224                _localeconv_r
 .text.__smakebuf_r
                0x0000b22c       0x98 c:/program files (x86)/cypress/psoc creator/3.3/psoc creator/import/gnu/arm/4.9.3/bin/../lib/gcc/arm-none-eabi/4.9.3/../../../../arm-none-eabi/lib/armv7-m\libg_nano.a(lib_a-makebuf.o)
                0x0000b22c                __smakebuf_r
 .text.malloc   0x0000b2c4       0x10 c:/program files (x86)/cypress/psoc creator/3.3/psoc creator/import/gnu/arm/4.9.3/bin/../lib/gcc/arm-none-eabi/4.9.3/../../../../arm-none-eabi/lib/armv7-m\libg_nano.a(lib_a-malloc.o)
                0x0000b2c4                malloc
 .text.memchr   0x0000b2d4       0x1c c:/program files (x86)/cypress/psoc creator/3.3/psoc creator/import/gnu/arm/4.9.3/bin/../lib/gcc/arm-none-eabi/4.9.3/../../../../arm-none-eabi/lib/armv7-m\libg_nano.a(lib_a-memchr.o)
                0x0000b2d4                memchr
 .text.memmove  0x0000b2f0       0x36 c:/program files (x86)/cypress/psoc creator/3.3/psoc creator/import/gnu/arm/4.9.3/bin/../lib/gcc/arm-none-eabi/4.9.3/../../../../arm-none-eabi/lib/armv7-m\libg_nano.a(lib_a-memmove.o)
                0x0000b2f0                memmove
 .text._Balloc  0x0000b326       0x6a c:/program files (x86)/cypress/psoc creator/3.3/psoc creator/import/gnu/arm/4.9.3/bin/../lib/gcc/arm-none-eabi/4.9.3/../../../../arm-none-eabi/lib/armv7-m\libg_nano.a(lib_a-mprec.o)
                0x0000b326                _Balloc
 .text._Bfree   0x0000b390       0x2e c:/program files (x86)/cypress/psoc creator/3.3/psoc creator/import/gnu/arm/4.9.3/bin/../lib/gcc/arm-none-eabi/4.9.3/../../../../arm-none-eabi/lib/armv7-m\libg_nano.a(lib_a-mprec.o)
                0x0000b390                _Bfree
 .text.__multadd
                0x0000b3be       0x7c c:/program files (x86)/cypress/psoc creator/3.3/psoc creator/import/gnu/arm/4.9.3/bin/../lib/gcc/arm-none-eabi/4.9.3/../../../../arm-none-eabi/lib/armv7-m\libg_nano.a(lib_a-mprec.o)
                0x0000b3be                __multadd
 .text.__s2b    0x0000b43a       0x80 c:/program files (x86)/cypress/psoc creator/3.3/psoc creator/import/gnu/arm/4.9.3/bin/../lib/gcc/arm-none-eabi/4.9.3/../../../../arm-none-eabi/lib/armv7-m\libg_nano.a(lib_a-mprec.o)
                0x0000b43a                __s2b
 .text.__hi0bits
                0x0000b4ba       0x40 c:/program files (x86)/cypress/psoc creator/3.3/psoc creator/import/gnu/arm/4.9.3/bin/../lib/gcc/arm-none-eabi/4.9.3/../../../../arm-none-eabi/lib/armv7-m\libg_nano.a(lib_a-mprec.o)
                0x0000b4ba                __hi0bits
 .text.__lo0bits
                0x0000b4fa       0x5a c:/program files (x86)/cypress/psoc creator/3.3/psoc creator/import/gnu/arm/4.9.3/bin/../lib/gcc/arm-none-eabi/4.9.3/../../../../arm-none-eabi/lib/armv7-m\libg_nano.a(lib_a-mprec.o)
                0x0000b4fa                __lo0bits
 .text.__i2b    0x0000b554       0x12 c:/program files (x86)/cypress/psoc creator/3.3/psoc creator/import/gnu/arm/4.9.3/bin/../lib/gcc/arm-none-eabi/4.9.3/../../../../arm-none-eabi/lib/armv7-m\libg_nano.a(lib_a-mprec.o)
                0x0000b554                __i2b
 .text.__multiply
                0x0000b566      0x120 c:/program files (x86)/cypress/psoc creator/3.3/psoc creator/import/gnu/arm/4.9.3/bin/../lib/gcc/arm-none-eabi/4.9.3/../../../../arm-none-eabi/lib/armv7-m\libg_nano.a(lib_a-mprec.o)
                0x0000b566                __multiply
 *fill*         0x0000b686        0x2 
 .text.__pow5mult
                0x0000b688       0x9c c:/program files (x86)/cypress/psoc creator/3.3/psoc creator/import/gnu/arm/4.9.3/bin/../lib/gcc/arm-none-eabi/4.9.3/../../../../arm-none-eabi/lib/armv7-m\libg_nano.a(lib_a-mprec.o)
                0x0000b688                __pow5mult
 .text.__lshift
                0x0000b724       0xa6 c:/program files (x86)/cypress/psoc creator/3.3/psoc creator/import/gnu/arm/4.9.3/bin/../lib/gcc/arm-none-eabi/4.9.3/../../../../arm-none-eabi/lib/armv7-m\libg_nano.a(lib_a-mprec.o)
                0x0000b724                __lshift
 .text.__mcmp   0x0000b7ca       0x38 c:/program files (x86)/cypress/psoc creator/3.3/psoc creator/import/gnu/arm/4.9.3/bin/../lib/gcc/arm-none-eabi/4.9.3/../../../../arm-none-eabi/lib/armv7-m\libg_nano.a(lib_a-mprec.o)
                0x0000b7ca                __mcmp
 .text.__mdiff  0x0000b802       0xbe c:/program files (x86)/cypress/psoc creator/3.3/psoc creator/import/gnu/arm/4.9.3/bin/../lib/gcc/arm-none-eabi/4.9.3/../../../../arm-none-eabi/lib/armv7-m\libg_nano.a(lib_a-mprec.o)
                0x0000b802                __mdiff
 .text.__ulp    0x0000b8c0       0x48 c:/program files (x86)/cypress/psoc creator/3.3/psoc creator/import/gnu/arm/4.9.3/bin/../lib/gcc/arm-none-eabi/4.9.3/../../../../arm-none-eabi/lib/armv7-m\libg_nano.a(lib_a-mprec.o)
                0x0000b8c0                __ulp
 .text.__b2d    0x0000b908       0x9e c:/program files (x86)/cypress/psoc creator/3.3/psoc creator/import/gnu/arm/4.9.3/bin/../lib/gcc/arm-none-eabi/4.9.3/../../../../arm-none-eabi/lib/armv7-m\libg_nano.a(lib_a-mprec.o)
                0x0000b908                __b2d
 .text.__d2b    0x0000b9a6       0xa4 c:/program files (x86)/cypress/psoc creator/3.3/psoc creator/import/gnu/arm/4.9.3/bin/../lib/gcc/arm-none-eabi/4.9.3/../../../../arm-none-eabi/lib/armv7-m\libg_nano.a(lib_a-mprec.o)
                0x0000b9a6                __d2b
 .text.__ratio  0x0000ba4a       0x50 c:/program files (x86)/cypress/psoc creator/3.3/psoc creator/import/gnu/arm/4.9.3/bin/../lib/gcc/arm-none-eabi/4.9.3/../../../../arm-none-eabi/lib/armv7-m\libg_nano.a(lib_a-mprec.o)
                0x0000ba4a                __ratio
 .text.__copybits
                0x0000ba9a       0x34 c:/program files (x86)/cypress/psoc creator/3.3/psoc creator/import/gnu/arm/4.9.3/bin/../lib/gcc/arm-none-eabi/4.9.3/../../../../arm-none-eabi/lib/armv7-m\libg_nano.a(lib_a-mprec.o)
                0x0000ba9a                __copybits
 .text.__any_on
                0x0000bace       0x44 c:/program files (x86)/cypress/psoc creator/3.3/psoc creator/import/gnu/arm/4.9.3/bin/../lib/gcc/arm-none-eabi/4.9.3/../../../../arm-none-eabi/lib/armv7-m\libg_nano.a(lib_a-mprec.o)
                0x0000bace                __any_on
 .text._calloc_r
                0x0000bb12       0x1c c:/program files (x86)/cypress/psoc creator/3.3/psoc creator/import/gnu/arm/4.9.3/bin/../lib/gcc/arm-none-eabi/4.9.3/../../../../arm-none-eabi/lib/armv7-m\libg_nano.a(lib_a-nano-callocr.o)
                0x0000bb12                _calloc_r
 *fill*         0x0000bb2e        0x2 
 .text._free_r  0x0000bb30       0x88 c:/program files (x86)/cypress/psoc creator/3.3/psoc creator/import/gnu/arm/4.9.3/bin/../lib/gcc/arm-none-eabi/4.9.3/../../../../arm-none-eabi/lib/armv7-m\libg_nano.a(lib_a-nano-freer.o)
                0x0000bb30                _free_r
 .text._malloc_r
                0x0000bbb8       0xac c:/program files (x86)/cypress/psoc creator/3.3/psoc creator/import/gnu/arm/4.9.3/bin/../lib/gcc/arm-none-eabi/4.9.3/../../../../arm-none-eabi/lib/armv7-m\libg_nano.a(lib_a-nano-mallocr.o)
                0x0000bbb8                _malloc_r
 .text._realloc_r
                0x0000bc64       0x4c c:/program files (x86)/cypress/psoc creator/3.3/psoc creator/import/gnu/arm/4.9.3/bin/../lib/gcc/arm-none-eabi/4.9.3/../../../../arm-none-eabi/lib/armv7-m\libg_nano.a(lib_a-nano-reallocr.o)
                0x0000bc64                _realloc_r
 .text.__ssputs_r
                0x0000bcb0       0xb2 c:/program files (x86)/cypress/psoc creator/3.3/psoc creator/import/gnu/arm/4.9.3/bin/../lib/gcc/arm-none-eabi/4.9.3/../../../../arm-none-eabi/lib/armv7-m\libg_nano.a(lib_a-nano-svfprintf.o)
                0x0000bcb0                __ssputs_r
 *fill*         0x0000bd62        0x2 
 .text._svfprintf_r
                0x0000bd64      0x1e4 c:/program files (x86)/cypress/psoc creator/3.3/psoc creator/import/gnu/arm/4.9.3/bin/../lib/gcc/arm-none-eabi/4.9.3/../../../../arm-none-eabi/lib/armv7-m\libg_nano.a(lib_a-nano-svfprintf.o)
                0x0000bd64                _svfiprintf_r
                0x0000bd64                _svfprintf_r
 .text._sbrk_r  0x0000bf48       0x20 c:/program files (x86)/cypress/psoc creator/3.3/psoc creator/import/gnu/arm/4.9.3/bin/../lib/gcc/arm-none-eabi/4.9.3/../../../../arm-none-eabi/lib/armv7-m\libg_nano.a(lib_a-sbrkr.o)
                0x0000bf48                _sbrk_r
 .text._raise_r
                0x0000bf68       0x50 c:/program files (x86)/cypress/psoc creator/3.3/psoc creator/import/gnu/arm/4.9.3/bin/../lib/gcc/arm-none-eabi/4.9.3/../../../../arm-none-eabi/lib/armv7-m\libg_nano.a(lib_a-signal.o)
                0x0000bf68                _raise_r
 .text.raise    0x0000bfb8       0x10 c:/program files (x86)/cypress/psoc creator/3.3/psoc creator/import/gnu/arm/4.9.3/bin/../lib/gcc/arm-none-eabi/4.9.3/../../../../arm-none-eabi/lib/armv7-m\libg_nano.a(lib_a-signal.o)
                0x0000bfb8                raise
 .text._kill_r  0x0000bfc8       0x24 c:/program files (x86)/cypress/psoc creator/3.3/psoc creator/import/gnu/arm/4.9.3/bin/../lib/gcc/arm-none-eabi/4.9.3/../../../../arm-none-eabi/lib/armv7-m\libg_nano.a(lib_a-signalr.o)
                0x0000bfc8                _kill_r
 .text._getpid_r
                0x0000bfec        0x4 c:/program files (x86)/cypress/psoc creator/3.3/psoc creator/import/gnu/arm/4.9.3/bin/../lib/gcc/arm-none-eabi/4.9.3/../../../../arm-none-eabi/lib/armv7-m\libg_nano.a(lib_a-signalr.o)
                0x0000bfec                _getpid_r
 .text.__sread  0x0000bff0       0x22 c:/program files (x86)/cypress/psoc creator/3.3/psoc creator/import/gnu/arm/4.9.3/bin/../lib/gcc/arm-none-eabi/4.9.3/../../../../arm-none-eabi/lib/armv7-m\libg_nano.a(lib_a-stdio.o)