Archive member included because of file (symbol)

.\CortexM3\ARM_GCC_493\Debug\freesoc.a(cyfitter_cfg.o)
                              .\CortexM3\ARM_GCC_493\Debug\infrared.o (Front_AMuxSeq_DisconnectAll)
.\CortexM3\ARM_GCC_493\Debug\freesoc.a(Left_HB25_Enable_Pin.o)
                              .\CortexM3\ARM_GCC_493\Debug\motor.o (Left_HB25_Enable_Pin_Write)
.\CortexM3\ARM_GCC_493\Debug\freesoc.a(Left_HB25_PWM.o)
                              .\CortexM3\ARM_GCC_493\Debug\motor.o (Left_HB25_PWM_Stop)
.\CortexM3\ARM_GCC_493\Debug\freesoc.a(Right_HB25_Enable_Pin.o)
                              .\CortexM3\ARM_GCC_493\Debug\motor.o (Right_HB25_Enable_Pin_Write)
.\CortexM3\ARM_GCC_493\Debug\freesoc.a(Right_HB25_PWM.o)
                              .\CortexM3\ARM_GCC_493\Debug\motor.o (Right_HB25_PWM_Stop)
.\CortexM3\ARM_GCC_493\Debug\freesoc.a(CyBootAsmGnu.o)
                              .\CortexM3\ARM_GCC_493\Debug\freesoc.a(cyfitter_cfg.o) (CyDelayCycles)
.\CortexM3\ARM_GCC_493\Debug\freesoc.a(CyLib.o)
                              .\CortexM3\ARM_GCC_493\Debug\Cm3Start.o (CyHalt)
.\CortexM3\ARM_GCC_493\Debug\freesoc.a(cyPm.o)
                              .\CortexM3\ARM_GCC_493\Debug\freesoc.a(CyLib.o) (CyPmReadStatus)
.\CortexM3\ARM_GCC_493\Debug\freesoc.a(EZI2C_Slave.o)
                              .\CortexM3\ARM_GCC_493\Debug\i2c.o (EZI2C_Slave_Start)
.\CortexM3\ARM_GCC_493\Debug\freesoc.a(EZI2C_Slave_PM.o)
                              .\CortexM3\ARM_GCC_493\Debug\freesoc.a(EZI2C_Slave.o) (EZI2C_Slave_backup)
.\CortexM3\ARM_GCC_493\Debug\freesoc.a(EZI2C_Slave_INT.o)
                              .\CortexM3\ARM_GCC_493\Debug\freesoc.a(EZI2C_Slave.o) (EZI2C_Slave_ISR)
.\CortexM3\ARM_GCC_493\Debug\freesoc.a(Front_Echo_Intr.o)
                              .\CortexM3\ARM_GCC_493\Debug\ultrasonic.o (Front_Echo_Intr_StartEx)
.\CortexM3\ARM_GCC_493\Debug\freesoc.a(Front_Trigger_Reg.o)
                              .\CortexM3\ARM_GCC_493\Debug\ultrasonic.o (Front_Trigger_Reg_Write)
.\CortexM3\ARM_GCC_493\Debug\freesoc.a(Front_Trigger_Select_Reg.o)
                              .\CortexM3\ARM_GCC_493\Debug\ultrasonic.o (Front_Trigger_Select_Reg_Write)
.\CortexM3\ARM_GCC_493\Debug\freesoc.a(Front_Echo_Timer.o)
                              .\CortexM3\ARM_GCC_493\Debug\ultrasonic.o (Front_Echo_Timer_ReadCounter)
.\CortexM3\ARM_GCC_493\Debug\freesoc.a(Rear_Trigger_Reg.o)
                              .\CortexM3\ARM_GCC_493\Debug\ultrasonic.o (Rear_Trigger_Reg_Write)
.\CortexM3\ARM_GCC_493\Debug\freesoc.a(Rear_Trigger_Select_Reg.o)
                              .\CortexM3\ARM_GCC_493\Debug\ultrasonic.o (Rear_Trigger_Select_Reg_Write)
.\CortexM3\ARM_GCC_493\Debug\freesoc.a(Rear_Echo_Intr.o)
                              .\CortexM3\ARM_GCC_493\Debug\ultrasonic.o (Rear_Echo_Intr_StartEx)
.\CortexM3\ARM_GCC_493\Debug\freesoc.a(Rear_Echo_Timer.o)
                              .\CortexM3\ARM_GCC_493\Debug\ultrasonic.o (Rear_Echo_Timer_ReadCounter)
.\CortexM3\ARM_GCC_493\Debug\freesoc.a(Front_ADC_SAR.o)
                              .\CortexM3\ARM_GCC_493\Debug\infrared.o (Front_ADC_SAR_Start)
.\CortexM3\ARM_GCC_493\Debug\freesoc.a(Front_ADC_SAR_INT.o)
                              .\CortexM3\ARM_GCC_493\Debug\freesoc.a(Front_ADC_SAR.o) (Front_ADC_SAR_ISR)
.\CortexM3\ARM_GCC_493\Debug\freesoc.a(Front_AMuxSeq.o)
                              .\CortexM3\ARM_GCC_493\Debug\infrared.o (Front_AMuxSeq_Start)
.\CortexM3\ARM_GCC_493\Debug\freesoc.a(Rear_ADC_SAR.o)
                              .\CortexM3\ARM_GCC_493\Debug\infrared.o (Rear_ADC_SAR_Start)
.\CortexM3\ARM_GCC_493\Debug\freesoc.a(Rear_ADC_SAR_INT.o)
                              .\CortexM3\ARM_GCC_493\Debug\freesoc.a(Rear_ADC_SAR.o) (Rear_ADC_SAR_ISR)
.\CortexM3\ARM_GCC_493\Debug\freesoc.a(Rear_AMuxSeq.o)
                              .\CortexM3\ARM_GCC_493\Debug\infrared.o (Rear_AMuxSeq_Start)
.\CortexM3\ARM_GCC_493\Debug\freesoc.a(Front_ADC_SAR_IRQ.o)
                              .\CortexM3\ARM_GCC_493\Debug\infrared.o (Front_ADC_SAR_IRQ_StartEx)
.\CortexM3\ARM_GCC_493\Debug\freesoc.a(Front_ADC_SAR_theACLK.o)
                              .\CortexM3\ARM_GCC_493\Debug\freesoc.a(Front_ADC_SAR.o) (Front_ADC_SAR_theACLK_SetModeRegister)
.\CortexM3\ARM_GCC_493\Debug\freesoc.a(Rear_ADC_SAR_IRQ.o)
                              .\CortexM3\ARM_GCC_493\Debug\infrared.o (Rear_ADC_SAR_IRQ_StartEx)
.\CortexM3\ARM_GCC_493\Debug\freesoc.a(Rear_ADC_SAR_theACLK.o)
                              .\CortexM3\ARM_GCC_493\Debug\freesoc.a(Rear_ADC_SAR.o) (Rear_ADC_SAR_theACLK_SetModeRegister)
.\CortexM3\ARM_GCC_493\Debug\freesoc.a(Rear_EOS_Intr.o)
                              .\CortexM3\ARM_GCC_493\Debug\infrared.o (Rear_EOS_Intr_StartEx)
.\CortexM3\ARM_GCC_493\Debug\freesoc.a(Front_EOS_Intr.o)
                              .\CortexM3\ARM_GCC_493\Debug\infrared.o (Front_EOS_Intr_StartEx)
[...]
Memory Configuration

Name             Origin             Length             Attributes
rom              0x00000000         0x00040000         xr
ram              0x1fff8000         0x00010000         xrw
*default*        0x00000000         0xffffffff

Linker script and memory map

LOAD c:/program files (x86)/cypress/psoc creator/3.3/psoc creator/import/gnu/arm/4.9.3/bin/../lib/gcc/arm-none-eabi/4.9.3/armv7-m/crti.o
LOAD c:/program files (x86)/cypress/psoc creator/3.3/psoc creator/import/gnu/arm/4.9.3/bin/../lib/gcc/arm-none-eabi/4.9.3/armv7-m/crtbegin.o
LOAD c:/program files (x86)/cypress/psoc creator/3.3/psoc creator/import/gnu/arm/4.9.3/bin/../lib/gcc/arm-none-eabi/4.9.3/../../../../arm-none-eabi/lib/armv7-m/crt0.o
START GROUP
LOAD .\CortexM3\ARM_GCC_493\Debug\main.o
LOAD .\CortexM3\ARM_GCC_493\Debug\cal.o
LOAD .\CortexM3\ARM_GCC_493\Debug\control.o
LOAD .\CortexM3\ARM_GCC_493\Debug\debug.o
LOAD .\CortexM3\ARM_GCC_493\Debug\diag.o
LOAD .\CortexM3\ARM_GCC_493\Debug\encoder.o
LOAD .\CortexM3\ARM_GCC_493\Debug\i2c.o
LOAD .\CortexM3\ARM_GCC_493\Debug\motor.o
LOAD .\CortexM3\ARM_GCC_493\Debug\odom.o
LOAD .\CortexM3\ARM_GCC_493\Debug\pid.o
LOAD .\CortexM3\ARM_GCC_493\Debug\time.o
LOAD .\CortexM3\ARM_GCC_493\Debug\ultrasonic.o
LOAD .\CortexM3\ARM_GCC_493\Debug\utils.o
LOAD .\CortexM3\ARM_GCC_493\Debug\infrared.o
LOAD .\CortexM3\ARM_GCC_493\Debug\pid_controller.o
LOAD .\CortexM3\ARM_GCC_493\Debug\serial.o
LOAD .\CortexM3\ARM_GCC_493\Debug\nvstore.o
LOAD .\CortexM3\ARM_GCC_493\Debug\calcps2pwm.o
LOAD .\CortexM3\ARM_GCC_493\Debug\calpid.o
LOAD .\CortexM3\ARM_GCC_493\Debug\calang.o
LOAD .\CortexM3\ARM_GCC_493\Debug\callin.o
LOAD .\CortexM3\ARM_GCC_493\Debug\cymetadata.o
LOAD .\CortexM3\ARM_GCC_493\Debug\Cm3Start.o
LOAD .\CortexM3\ARM_GCC_493\Debug\freesoc.a
LOAD C:\Program Files (x86)\Cypress\PSoC Creator\3.3\PSoC Creator\psoc\content\cycomponentlibrary\CyComponentLibrary.cylib\CortexM3\ARM_GCC_493\Debug\CyComponentLibrary.a
LOAD c:/program files (x86)/cypress/psoc creator/3.3/psoc creator/import/gnu/arm/4.9.3/bin/../lib/gcc/arm-none-eabi/4.9.3/../../../../arm-none-eabi/lib/armv7-m\libm.a
END GROUP
START GROUP
LOAD c:/program files (x86)/cypress/psoc creator/3.3/psoc creator/import/gnu/arm/4.9.3/bin/../lib/gcc/arm-none-eabi/4.9.3/armv7-m\libgcc.a
LOAD c:/program files (x86)/cypress/psoc creator/3.3/psoc creator/import/gnu/arm/4.9.3/bin/../lib/gcc/arm-none-eabi/4.9.3/../../../../arm-none-eabi/lib/armv7-m\libg_nano.a
LOAD c:/program files (x86)/cypress/psoc creator/3.3/psoc creator/import/gnu/arm/4.9.3/bin/../lib/gcc/arm-none-eabi/4.9.3/../../../../arm-none-eabi/lib/armv7-m\libc_nano.a
END GROUP
START GROUP
LOAD c:/program files (x86)/cypress/psoc creator/3.3/psoc creator/import/gnu/arm/4.9.3/bin/../lib/gcc/arm-none-eabi/4.9.3/armv7-m\libgcc.a
LOAD c:/program files (x86)/cypress/psoc creator/3.3/psoc creator/import/gnu/arm/4.9.3/bin/../lib/gcc/arm-none-eabi/4.9.3/../../../../arm-none-eabi/lib/armv7-m\libc_nano.a
END GROUP
LOAD c:/program files (x86)/cypress/psoc creator/3.3/psoc creator/import/gnu/arm/4.9.3/bin/../lib/gcc/arm-none-eabi/4.9.3/armv7-m/crtend.o
LOAD c:/program files (x86)/cypress/psoc creator/3.3/psoc creator/import/gnu/arm/4.9.3/bin/../lib/gcc/arm-none-eabi/4.9.3/armv7-m/crtn.o
START GROUP
LOAD c:/program files (x86)/cypress/psoc creator/3.3/psoc creator/import/gnu/arm/4.9.3/bin/../lib/gcc/arm-none-eabi/4.9.3/armv7-m\libgcc.a
LOAD c:/program files (x86)/cypress/psoc creator/3.3/psoc creator/import/gnu/arm/4.9.3/bin/../lib/gcc/arm-none-eabi/4.9.3/../../../../arm-none-eabi/lib/armv7-m\libc.a
LOAD c:/program files (x86)/cypress/psoc creator/3.3/psoc creator/import/gnu/arm/4.9.3/bin/../lib/gcc/arm-none-eabi/4.9.3/../../../../arm-none-eabi/lib/armv7-m\libnosys.a
END GROUP
                0x00000000                CY_APPL_ORIGIN = 0x0
                0x00000100                CY_FLASH_ROW_SIZE = 0x100
                0x00000020                CY_ECC_ROW_SIZE = 0x20
                0x00000000                CY_EE_IN_BTLDR = 0x0
                0x00000000                CY_APPL_LOADABLE = 0x0
                0x00000800                CY_EE_SIZE = 0x800
                0x00000001                CY_APPL_NUM = 0x1
                0x00000001                CY_APPL_MAX = 0x1
                0x00000040                CY_METADATA_SIZE = 0x40
                0x00000000                CY_APPL_LOADABLE = 0x0
                0x00000000                CY_CHECKSUM_EXCLUDE_SIZE = ALIGN (0x0, CY_FLASH_ROW_SIZE)
                0x1ffff260                PROVIDE (__cy_heap_start, _end)
                0x00000001                PROVIDE (__cy_region_num, ((__cy_regions_end - __cy_regions) / 0x10))
                0x20008000                PROVIDE (__cy_stack, (ORIGIN (ram) + 0x10000))
                0x20007800                PROVIDE (__cy_heap_end, (__cy_stack - 0x800))

.cybootloader   0x00000000        0x0
 *(.cybootloader)
                0x00000000                appl1_start = CY_APPL_ORIGIN?CY_APPL_ORIGIN:ALIGN (CY_FLASH_ROW_SIZE)
                0x0001ff00                appl2_start = (appl1_start + ALIGN ((((0x40000 - appl1_start) - (0x2 * CY_FLASH_ROW_SIZE)) / 0x2), CY_FLASH_ROW_SIZE))
                0x00000000                appl_start = (CY_APPL_NUM == 0x1)?appl1_start:appl2_start
                0x00000000                ecc_offset = ((appl_start / CY_FLASH_ROW_SIZE) * CY_ECC_ROW_SIZE)
                0x00000000                ee_offset = (CY_APPL_LOADABLE && ! (CY_EE_IN_BTLDR))?((CY_EE_SIZE / CY_APPL_MAX) * (CY_APPL_NUM - 0x1)):0x0
                0x00000800                ee_size = (CY_APPL_LOADABLE && ! (CY_EE_IN_BTLDR))?(CY_EE_SIZE / CY_APPL_MAX):CY_EE_SIZE
                0x00000000                PROVIDE (CY_ECC_OFFSET, ecc_offset)

.text           0x00000000     0x91a4
 CREATE_OBJECT_SYMBOLS
                0x00000000                PROVIDE (__cy_interrupt_vector, RomVectors)
 *(.romvectors)
 .romvectors    0x00000000       0x10 .\CortexM3\ARM_GCC_493\Debug\Cm3Start.o
                0x00000000                RomVectors
                0x00000001                ASSERT ((. != __cy_interrupt_vector), No interrupt vector)
                0x00000001                ASSERT (CY_APPL_ORIGIN?(SIZEOF (.cybootloader) <= CY_APPL_ORIGIN):0x1, Wrong image location)
                0x00000010                PROVIDE (__cy_reset, Reset)
 *(.text.Reset)
 .text.Reset    0x00000010       0x18 .\CortexM3\ARM_GCC_493\Debug\Cm3Start.o
                0x00000010                Reset
                0x00000001                ASSERT ((. != __cy_reset), No reset code)
 *(.dma_init)
                0x00000001                ASSERT ((((appl_start + .) <= 0x10000) || 0x1), DMA Init must be within the first 64k of flash)
 *(.text .text.* .gnu.linkonce.t.*)
 .text          0x00000028       0x5c c:/program files (x86)/cypress/psoc creator/3.3/psoc creator/import/gnu/arm/4.9.3/bin/../lib/gcc/arm-none-eabi/4.9.3/armv7-m/crtbegin.o
 .text.main     0x00000084       0x9c .\CortexM3\ARM_GCC_493\Debug\main.o
                0x00000084                main
 .text.SetCalibrationStatusBit
                0x00000120       0x24 .\CortexM3\ARM_GCC_493\Debug\cal.o
 .text.ClearCalibrationStatusBit
                0x00000144       0x2c .\CortexM3\ARM_GCC_493\Debug\cal.o
 .text.Cal_Init
                0x00000170       0x1c .\CortexM3\ARM_GCC_493\Debug\cal.o
                0x00000170                Cal_Init
 .text.Cal_Start
                0x0000018c       0x1c .\CortexM3\ARM_GCC_493\Debug\cal.o
                0x0000018c                Cal_Start
 .text.Cal_Update
                0x000001a8       0x8c .\CortexM3\ARM_GCC_493\Debug\cal.o
                0x000001a8                Cal_Update
 .text.Cal_LeftGetMotorCalData
                0x00000234       0x10 .\CortexM3\ARM_GCC_493\Debug\cal.o
                0x00000234                Cal_LeftGetMotorCalData
 .text.Cal_RightGetMotorCalData
                0x00000244       0x14 .\CortexM3\ARM_GCC_493\Debug\cal.o
                0x00000244                Cal_RightGetMotorCalData
 .text.Cal_LeftGetPidGains
                0x00000258        0xc .\CortexM3\ARM_GCC_493\Debug\cal.o
                0x00000258                Cal_LeftGetPidGains
 .text.Cal_RightGetPidGains
                0x00000264        0xc .\CortexM3\ARM_GCC_493\Debug\cal.o
                0x00000264                Cal_RightGetPidGains
 .text.CalculateLeftRightSpeed
                0x00000270       0x70 .\CortexM3\ARM_GCC_493\Debug\control.o
 .text.Control_Init
                0x000002e0        0x4 .\CortexM3\ARM_GCC_493\Debug\control.o
                0x000002e0                Control_Init
 .text.Control_Start
                0x000002e4        0x4 .\CortexM3\ARM_GCC_493\Debug\control.o
                0x000002e4                Control_Start
 .text.Control_Update
                0x000002e8       0x34 .\CortexM3\ARM_GCC_493\Debug\control.o
                0x000002e8                Control_Update
 .text.Control_LeftGetCmdVelocity
                0x0000031c        0xc .\CortexM3\ARM_GCC_493\Debug\control.o
                0x0000031c                Control_LeftGetCmdVelocity
 .text.Control_RightGetCmdVelocity
                0x00000328        0xc .\CortexM3\ARM_GCC_493\Debug\control.o
                0x00000328                Control_RightGetCmdVelocity
 .text.Debug_Init
                0x00000334        0x4 .\CortexM3\ARM_GCC_493\Debug\debug.o
                0x00000334                Debug_Init
 .text.Debug_Start
                0x00000338        0x4 .\CortexM3\ARM_GCC_493\Debug\debug.o
                0x00000338                Debug_Start
 .text.Diag_Init
                0x0000033c       0x18 .\CortexM3\ARM_GCC_493\Debug\diag.o
                0x0000033c                Diag_Init
 .text.Diag_Start
                0x00000354        0x4 .\CortexM3\ARM_GCC_493\Debug\diag.o
                0x00000354                Diag_Start
 .text.Diag_Update
                0x00000358       0x38 .\CortexM3\ARM_GCC_493\Debug\diag.o
                0x00000358                Diag_Update
 .text.Encoder_Sample
                0x00000390       0x70 .\CortexM3\ARM_GCC_493\Debug\encoder.o
 .text.Encoder_Init
                0x00000400       0x48 .\CortexM3\ARM_GCC_493\Debug\encoder.o
                0x00000400                Encoder_Init
 .text.Encoder_Start
                0x00000448       0x20 .\CortexM3\ARM_GCC_493\Debug\encoder.o
                0x00000448                Encoder_Start
 .text.Encoder_Update
                0x00000468       0x58 .\CortexM3\ARM_GCC_493\Debug\encoder.o
                0x00000468                Encoder_Update
 .text.Encoder_LeftGetCntsPerSec
                0x000004c0        0xc .\CortexM3\ARM_GCC_493\Debug\encoder.o
                0x000004c0                Encoder_LeftGetCntsPerSec
 .text.Encoder_RightGetCntsPerSec
                0x000004cc        0xc .\CortexM3\ARM_GCC_493\Debug\encoder.o
                0x000004cc                Encoder_RightGetCntsPerSec
 .text.Encoder_LeftGetMeterPerSec
                0x000004d8        0xc .\CortexM3\ARM_GCC_493\Debug\encoder.o
                0x000004d8                Encoder_LeftGetMeterPerSec
 .text.Encoder_RightGetMeterPerSec
                0x000004e4        0xc .\CortexM3\ARM_GCC_493\Debug\encoder.o
                0x000004e4                Encoder_RightGetMeterPerSec
 .text.Encoder_Reset
                0x000004f0       0x3c .\CortexM3\ARM_GCC_493\Debug\encoder.o
                0x000004f0                Encoder_Reset
 .text.I2c_Init
                0x0000052c       0x20 .\CortexM3\ARM_GCC_493\Debug\i2c.o
                0x0000052c                I2c_Init
 .text.I2c_Start
                0x0000054c       0x28 .\CortexM3\ARM_GCC_493\Debug\i2c.o
                0x0000054c                I2c_Start
 .text.I2c_ReadDeviceControl
                0x00000574       0x2c .\CortexM3\ARM_GCC_493\Debug\i2c.o
                0x00000574                I2c_ReadDeviceControl
 .text.I2c_ReadCalibrationControl
                0x000005a0       0x2c .\CortexM3\ARM_GCC_493\Debug\i2c.o
                0x000005a0                I2c_ReadCalibrationControl
 *fill*         0x000005cc        0x4 
 .text.I2c_ReadCmdVelocity
                0x000005d0      0x130 .\CortexM3\ARM_GCC_493\Debug\i2c.o
                0x000005d0                I2c_ReadCmdVelocity
 .text.I2c_SetCalibrationStatusBit
                0x00000700       0x38 .\CortexM3\ARM_GCC_493\Debug\i2c.o
                0x00000700                I2c_SetCalibrationStatusBit
 .text.I2c_ClearCalibrationStatusBit
                0x00000738       0x3c .\CortexM3\ARM_GCC_493\Debug\i2c.o
                0x00000738                I2c_ClearCalibrationStatusBit
 .text.I2c_WriteOdom
                0x00000774       0x9c .\CortexM3\ARM_GCC_493\Debug\i2c.o
                0x00000774                I2c_WriteOdom
 .text.I2c_UpdateHeartbeat
                0x00000810       0x2c .\CortexM3\ARM_GCC_493\Debug\i2c.o
                0x00000810                I2c_UpdateHeartbeat
 .text.Interpolate
                0x0000083c       0x3c .\CortexM3\ARM_GCC_493\Debug\motor.o
 .text.calculate_pwm
                0x00000878       0x74 .\CortexM3\ARM_GCC_493\Debug\motor.o
 .text.calc_motor_output_from_cps
                0x000008ec       0xa8 .\CortexM3\ARM_GCC_493\Debug\motor.o
 .text.RampSpeed
                0x00000994       0x44 .\CortexM3\ARM_GCC_493\Debug\motor.o
 .text.CollectCpsPwmSamples
                0x000009d8       0x58 .\CortexM3\ARM_GCC_493\Debug\motor.o
 .text.Motor_Init
                0x00000a30       0x18 .\CortexM3\ARM_GCC_493\Debug\motor.o
                0x00000a30                Motor_Init
 .text.Motor_Start
                0x00000a48       0x48 .\CortexM3\ARM_GCC_493\Debug\motor.o
                0x00000a48                Motor_Start
 .text.Motor_LeftSetCntsPerSec
                0x00000a90       0x18 .\CortexM3\ARM_GCC_493\Debug\motor.o
                0x00000a90                Motor_LeftSetCntsPerSec
 .text.Motor_RightSetCntsPerSec
                0x00000aa8       0x18 .\CortexM3\ARM_GCC_493\Debug\motor.o
                0x00000aa8                Motor_RightSetCntsPerSec
 .text.Motor_LeftSetMeterPerSec
                0x00000ac0       0x28 .\CortexM3\ARM_GCC_493\Debug\motor.o
                0x00000ac0                Motor_LeftSetMeterPerSec
 .text.Motor_RightSetMeterPerSec
                0x00000ae8       0x28 .\CortexM3\ARM_GCC_493\Debug\motor.o
                0x00000ae8                Motor_RightSetMeterPerSec
 .text.Motor_LeftGetPwm
                0x00000b10        0xc .\CortexM3\ARM_GCC_493\Debug\motor.o
                0x00000b10                Motor_LeftGetPwm
 .text.Motor_RightGetPwm
                0x00000b1c        0xc .\CortexM3\ARM_GCC_493\Debug\motor.o
                0x00000b1c                Motor_RightGetPwm
 .text.Motor_Stop
                0x00000b28       0x20 .\CortexM3\ARM_GCC_493\Debug\motor.o
                0x00000b28                Motor_Stop
 .text.Motor_CollectPwmCpsSamples
                0x00000b48       0xb4 .\CortexM3\ARM_GCC_493\Debug\motor.o
                0x00000b48                Motor_CollectPwmCpsSamples
 .text.Motor_LeftSetCalibration
                0x00000bfc        0xc .\CortexM3\ARM_GCC_493\Debug\motor.o
                0x00000bfc                Motor_LeftSetCalibration
 .text.Motor_RightSetCalibration
                0x00000c08        0xc .\CortexM3\ARM_GCC_493\Debug\motor.o
                0x00000c08                Motor_RightSetCalibration
 .text.Odom_Init
                0x00000c14       0x14 .\CortexM3\ARM_GCC_493\Debug\odom.o
                0x00000c14                Odom_Init
 .text.Odom_Start
                0x00000c28        0x4 .\CortexM3\ARM_GCC_493\Debug\odom.o
                0x00000c28                Odom_Start
 *fill*         0x00000c2c        0x4 
 .text.calc_odom
                0x00000c30      0x278 .\CortexM3\ARM_GCC_493\Debug\odom.o
                0x00000c30                calc_odom
 .text.Odom_Update
                0x00000ea8       0x5c .\CortexM3\ARM_GCC_493\Debug\odom.o
                0x00000ea8                Odom_Update
 .text.Odom_Reset
                0x00000f04       0x28 .\CortexM3\ARM_GCC_493\Debug\odom.o
                0x00000f04                Odom_Reset
 .text.Odom_GetPosition
                0x00000f2c       0x10 .\CortexM3\ARM_GCC_493\Debug\odom.o
                0x00000f2c                Odom_GetPosition
 *fill*         0x00000f3c        0x4 
 .text.ProcessPid
                0x00000f40       0xb0 .\CortexM3\ARM_GCC_493\Debug\pid.o
 .text.Pid_Init
                0x00000ff0       0x68 .\CortexM3\ARM_GCC_493\Debug\pid.o
                0x00000ff0                Pid_Init
 .text.Pid_Start
                0x00001058       0x30 .\CortexM3\ARM_GCC_493\Debug\pid.o
                0x00001058                Pid_Start
 .text.Pid_Update
                0x00001088       0x50 .\CortexM3\ARM_GCC_493\Debug\pid.o
                0x00001088                Pid_Update
 .text.StepImpulse
                0x000010d8       0x80 .\CortexM3\ARM_GCC_493\Debug\pid.o
 .text.Pid_LeftStepInput
                0x00001158       0x28 .\CortexM3\ARM_GCC_493\Debug\pid.o
                0x00001158                Pid_LeftStepInput
 .text.Pid_RightStepInput
                0x00001180       0x28 .\CortexM3\ARM_GCC_493\Debug\pid.o
                0x00001180                Pid_RightStepInput
 .text.SysTickIsrHandler
                0x000011a8       0x10 .\CortexM3\ARM_GCC_493\Debug\time.o
 .text.Time_Init
                0x000011b8        0xc .\CortexM3\ARM_GCC_493\Debug\time.o
                0x000011b8                Time_Init
 .text.Time_Start
                0x000011c4       0x2c .\CortexM3\ARM_GCC_493\Debug\time.o
                0x000011c4                Time_Start
 .text.millis   0x000011f0        0xc .\CortexM3\ARM_GCC_493\Debug\time.o
                0x000011f0                millis
 .text.Ultrasonic_Init
                0x000011fc        0x4 .\CortexM3\ARM_GCC_493\Debug\ultrasonic.o
                0x000011fc                Ultrasonic_Init
 .text.MovingAverageFloat
                0x00001200       0x2c .\CortexM3\ARM_GCC_493\Debug\utils.o
                0x00001200                MovingAverageFloat
 .text.Uint16ToTwoBytes
                0x0000122c        0x8 .\CortexM3\ARM_GCC_493\Debug\utils.o
                0x0000122c                Uint16ToTwoBytes
 .text.FloatToFourBytes
                0x00001234       0x20 .\CortexM3\ARM_GCC_493\Debug\utils.o
                0x00001234                FloatToFourBytes
 .text.BinaryRangeSearch
                0x00001254       0x50 .\CortexM3\ARM_GCC_493\Debug\utils.o
                0x00001254                BinaryRangeSearch
 .text.initializeQueue
                0x000012a4       0x10 .\CortexM3\ARM_GCC_493\Debug\infrared.o
                0x000012a4                initializeQueue
 .text.Infrared_Init
                0x000012b4       0x30 .\CortexM3\ARM_GCC_493\Debug\infrared.o
                0x000012b4                Infrared_Init
 .text.PIDCompute
                0x000012e4       0xa4 .\CortexM3\ARM_GCC_493\Debug\pid_controller.o
                0x000012e4                PIDCompute
 .text.PIDOutputLimitsSet
                0x00001388       0x5c .\CortexM3\ARM_GCC_493\Debug\pid_controller.o
                0x00001388                PIDOutputLimitsSet
 .text.PIDTuningsSet
                0x000013e4       0x6c .\CortexM3\ARM_GCC_493\Debug\pid_controller.o
                0x000013e4                PIDTuningsSet
 .text.PIDInit  0x00001450       0x54 .\CortexM3\ARM_GCC_493\Debug\pid_controller.o
                0x00001450                PIDInit
 .text.PIDSetpointSet
                0x000014a4        0x4 .\CortexM3\ARM_GCC_493\Debug\pid_controller.o
                0x000014a4                PIDSetpointSet
 .text.PIDInputSet
                0x000014a8        0x4 .\CortexM3\ARM_GCC_493\Debug\pid_controller.o
                0x000014a8                PIDInputSet
 .text.Ser_Init
                0x000014ac       0x24 .\CortexM3\ARM_GCC_493\Debug\serial.o
                0x000014ac                Ser_Init
 .text.Ser_Start
                0x000014d0        0x4 .\CortexM3\ARM_GCC_493\Debug\serial.o
                0x000014d0                Ser_Start
 .text.Ser_PutString
                0x000014d4        0x4 .\CortexM3\ARM_GCC_493\Debug\serial.o
                0x000014d4                Ser_PutString
 .text.Ser_ReadFloat
                0x000014d8       0x40 .\CortexM3\ARM_GCC_493\Debug\serial.o
                0x000014d8                Ser_ReadFloat
 .text.Nvstore_Init
                0x00001518        0x4 .\CortexM3\ARM_GCC_493\Debug\nvstore.o
                0x00001518                Nvstore_Init
 .text.Nvstore_Start
                0x0000151c        0x8 .\CortexM3\ARM_GCC_493\Debug\nvstore.o
                0x0000151c                Nvstore_Start
 .text.Nvstore_WriteBytes
                0x00001524       0xc8 .\CortexM3\ARM_GCC_493\Debug\nvstore.o
                0x00001524                Nvstore_WriteBytes
 .text.Nvstore_WriteUint16
                0x000015ec       0x28 .\CortexM3\ARM_GCC_493\Debug\nvstore.o
                0x000015ec                Nvstore_WriteUint16
 .text.Nvstore_WriteFloat
                0x00001614       0x2c .\CortexM3\ARM_GCC_493\Debug\nvstore.o
                0x00001614                Nvstore_WriteFloat
 .text.CalculatePwmSamples
                0x00001640       0x64 .\CortexM3\ARM_GCC_493\Debug\calcps2pwm.o
 .text.AddSamplesToSum
                0x000016a4       0x24 .\CortexM3\ARM_GCC_493\Debug\calcps2pwm.o
 .text.CalculateAvgCpsSamples
                0x000016c8       0x20 .\CortexM3\ARM_GCC_493\Debug\calcps2pwm.o
 .text.CalculateMinMaxCpsSample
                0x000016e8       0x38 .\CortexM3\ARM_GCC_493\Debug\calcps2pwm.o
 .text.CalibrateWheelSpeed
                0x00001720       0x5c .\CortexM3\ARM_GCC_493\Debug\calcps2pwm.o
 .text.StoreWheelSpeedSamples
                0x0000177c       0x84 .\CortexM3\ARM_GCC_493\Debug\calcps2pwm.o
 .text.OutputSamples
                0x00001800       0x64 .\CortexM3\ARM_GCC_493\Debug\calcps2pwm.o
 .text.PerformCountPerSecToPwmCalibration
                0x00001864      0x118 .\CortexM3\ARM_GCC_493\Debug\calcps2pwm.o
                0x00001864                PerformCountPerSecToPwmCalibration
 *fill*         0x0000197c        0x4 
 .text.Twiddle  0x00001980      0x160 .\CortexM3\ARM_GCC_493\Debug\calpid.o
 .text.StoreLeftGains
                0x00001ae0       0x3c .\CortexM3\ARM_GCC_493\Debug\calpid.o
 .text.DoLeftTwiddle
                0x00001b1c       0x28 .\CortexM3\ARM_GCC_493\Debug\calpid.o
 .text.StoreRightGains
                0x00001b44       0x3c .\CortexM3\ARM_GCC_493\Debug\calpid.o
 .text.DoRightTwiddle
                0x00001b80       0x28 .\CortexM3\ARM_GCC_493\Debug\calpid.o
 .text.PerformPidCalibration
                0x00001ba8       0x28 .\CortexM3\ARM_GCC_493\Debug\calpid.o
                0x00001ba8                PerformPidCalibration
 .text.PerformAngularBiasCalibration
                0x00001bd0        0x4 .\CortexM3\ARM_GCC_493\Debug\calang.o
                0x00001bd0                PerformAngularBiasCalibration
 *fill*         0x00001bd4        0x4 
 .text.PerformLinearBiasCalibration
                0x00001bd8      0x130 .\CortexM3\ARM_GCC_493\Debug\callin.o
                0x00001bd8                PerformLinearBiasCalibration
 .text.IntDefaultHandler
                0x00001d08        0x4 .\CortexM3\ARM_GCC_493\Debug\Cm3Start.o
                0x00001d08                IntDefaultHandler
 .text._exit    0x00001d0c        0xc .\CortexM3\ARM_GCC_493\Debug\Cm3Start.o
                0x00001d0c                _exit
 .text._sbrk    0x00001d18       0x30 .\CortexM3\ARM_GCC_493\Debug\Cm3Start.o
                0x00001d18                _sbrk
 .text.Start_c  0x00001d48       0x4c .\CortexM3\ARM_GCC_493\Debug\Cm3Start.o
                0x00001d48                Start_c
 .text.initialize_psoc
                0x00001d94       0x74 .\CortexM3\ARM_GCC_493\Debug\Cm3Start.o
                0x00001d94                initialize_psoc
 .text.cfg_write_bytes32
                0x00001e08       0x34 .\CortexM3\ARM_GCC_493\Debug\freesoc.a(cyfitter_cfg.o)
 .text.CYMEMZERO
                0x00001e3c        0xc .\CortexM3\ARM_GCC_493\Debug\freesoc.a(cyfitter_cfg.o)
 .text.ClockSetup
                0x00001e48       0xe4 .\CortexM3\ARM_GCC_493\Debug\freesoc.a(cyfitter_cfg.o)
 .text.AnalogSetDefault
                0x00001f2c       0x98 .\CortexM3\ARM_GCC_493\Debug\freesoc.a(cyfitter_cfg.o)
 .text.CYCONFIGCPY
                0x00001fc4        0x8 .\CortexM3\ARM_GCC_493\Debug\freesoc.a(cyfitter_cfg.o)
 .text.Front_AMuxSeq_DisconnectAll
                0x00001fcc       0x18 .\CortexM3\ARM_GCC_493\Debug\freesoc.a(cyfitter_cfg.o)
                0x00001fcc                Front_AMuxSeq_DisconnectAll
 .text.Rear_AMuxSeq_DisconnectAll
                0x00001fe4       0x18 .\CortexM3\ARM_GCC_493\Debug\freesoc.a(cyfitter_cfg.o)
                0x00001fe4                Rear_AMuxSeq_DisconnectAll
 .text.cyfitter_cfg
                0x00001ffc      0x1a8 .\CortexM3\ARM_GCC_493\Debug\freesoc.a(cyfitter_cfg.o)
                0x00001ffc                cyfitter_cfg
 .text.Left_HB25_Enable_Pin_Write
                0x000021a4       0x18 .\CortexM3\ARM_GCC_493\Debug\freesoc.a(Left_HB25_Enable_Pin.o)
                0x000021a4                Left_HB25_Enable_Pin_Write
 .text.Left_HB25_PWM_Stop
                0x000021bc        0x4 .\CortexM3\ARM_GCC_493\Debug\freesoc.a(Left_HB25_PWM.o)
                0x000021bc                Left_HB25_PWM_Stop
 .text.Left_HB25_PWM_WriteCounter
                0x000021c0        0xc .\CortexM3\ARM_GCC_493\Debug\freesoc.a(Left_HB25_PWM.o)
                0x000021c0                Left_HB25_PWM_WriteCounter
 .text.Left_HB25_PWM_WritePeriod
                0x000021cc        0xc .\CortexM3\ARM_GCC_493\Debug\freesoc.a(Left_HB25_PWM.o)
                0x000021cc                Left_HB25_PWM_WritePeriod
 .text.Left_HB25_PWM_WriteCompare
                0x000021d8        0xc .\CortexM3\ARM_GCC_493\Debug\freesoc.a(Left_HB25_PWM.o)
                0x000021d8                Left_HB25_PWM_WriteCompare
 .text.Left_HB25_PWM_Init
                0x000021e4       0x34 .\CortexM3\ARM_GCC_493\Debug\freesoc.a(Left_HB25_PWM.o)
                0x000021e4                Left_HB25_PWM_Init
 .text.Left_HB25_PWM_Start
                0x00002218       0x18 .\CortexM3\ARM_GCC_493\Debug\freesoc.a(Left_HB25_PWM.o)
                0x00002218                Left_HB25_PWM_Start
 .text.Right_HB25_Enable_Pin_Write
                0x00002230       0x18 .\CortexM3\ARM_GCC_493\Debug\freesoc.a(Right_HB25_Enable_Pin.o)
                0x00002230                Right_HB25_Enable_Pin_Write
 .text.Right_HB25_PWM_Stop
                0x00002248        0x4 .\CortexM3\ARM_GCC_493\Debug\freesoc.a(Right_HB25_PWM.o)
                0x00002248                Right_HB25_PWM_Stop
 .text.Right_HB25_PWM_WriteCounter
                0x0000224c        0xc .\CortexM3\ARM_GCC_493\Debug\freesoc.a(Right_HB25_PWM.o)
                0x0000224c                Right_HB25_PWM_WriteCounter
 .text.Right_HB25_PWM_WritePeriod
                0x00002258        0xc .\CortexM3\ARM_GCC_493\Debug\freesoc.a(Right_HB25_PWM.o)
                0x00002258                Right_HB25_PWM_WritePeriod
 .text.Right_HB25_PWM_WriteCompare
                0x00002264        0xc .\CortexM3\ARM_GCC_493\Debug\freesoc.a(Right_HB25_PWM.o)
                0x00002264                Right_HB25_PWM_WriteCompare
 .text.Right_HB25_PWM_Init
                0x00002270       0x34 .\CortexM3\ARM_GCC_493\Debug\freesoc.a(Right_HB25_PWM.o)
                0x00002270                Right_HB25_PWM_Init
 .text.Right_HB25_PWM_Start
                0x000022a4       0x18 .\CortexM3\ARM_GCC_493\Debug\freesoc.a(Right_HB25_PWM.o)
                0x000022a4                Right_HB25_PWM_Start
 *fill*         0x000022bc        0x4 
 .text          0x000022c0       0x20 .\CortexM3\ARM_GCC_493\Debug\freesoc.a(CyBootAsmGnu.o)
                0x000022c0                CyDelayCycles
                0x000022d0                CyEnterCriticalSection
                0x000022d8                CyExitCriticalSection
 .text.CyHalt   0x000022e0        0x4 .\CortexM3\ARM_GCC_493\Debug\freesoc.a(CyLib.o)
                0x000022e0                CyHalt
 .text.CyDelay  0x000022e4       0x2c .\CortexM3\ARM_GCC_493\Debug\freesoc.a(CyLib.o)
                0x000022e4                CyDelay
 .text.CyDelayUs
                0x00002310       0x14 .\CortexM3\ARM_GCC_493\Debug\freesoc.a(CyLib.o)
                0x00002310                CyDelayUs
 .text.CyIntSetSysVector
                0x00002324       0x28 .\CortexM3\ARM_GCC_493\Debug\freesoc.a(CyLib.o)
                0x00002324                CyIntSetSysVector
 .text.CyIntSetVector
                0x0000234c       0x28 .\CortexM3\ARM_GCC_493\Debug\freesoc.a(CyLib.o)
                0x0000234c                CyIntSetVector
 .text.CyIntSetPriority
                0x00002374       0x30 .\CortexM3\ARM_GCC_493\Debug\freesoc.a(CyLib.o)
                0x00002374                CyIntSetPriority
 .text.CySysTickEnableInterrupt
                0x000023a4       0x10 .\CortexM3\ARM_GCC_493\Debug\freesoc.a(CyLib.o)
                0x000023a4                CySysTickEnableInterrupt
 .text.CySysTickEnable
                0x000023b4       0x18 .\CortexM3\ARM_GCC_493\Debug\freesoc.a(CyLib.o)
                0x000023b4                CySysTickEnable
 .text.CySysTickSetReload
                0x000023cc       0x10 .\CortexM3\ARM_GCC_493\Debug\freesoc.a(CyLib.o)
                0x000023cc                CySysTickSetReload
 .text.CySysTickSetClockSource
                0x000023dc       0x20 .\CortexM3\ARM_GCC_493\Debug\freesoc.a(CyLib.o)
                0x000023dc                CySysTickSetClockSource
 .text.CySysTickGetCountFlag
                0x000023fc       0x10 .\CortexM3\ARM_GCC_493\Debug\freesoc.a(CyLib.o)
                0x000023fc                CySysTickGetCountFlag
 .text.CySysTickServiceCallbacks
                0x0000240c       0x28 .\CortexM3\ARM_GCC_493\Debug\freesoc.a(CyLib.o)
 .text.CySysTickClear
                0x00002434        0xc .\CortexM3\ARM_GCC_493\Debug\freesoc.a(CyLib.o)
                0x00002434                CySysTickClear
 .text.CySysTickInit
                0x00002440       0x58 .\CortexM3\ARM_GCC_493\Debug\freesoc.a(CyLib.o)
                0x00002440                CySysTickInit
 .text.CySysTickStart
                0x00002498       0x1c .\CortexM3\ARM_GCC_493\Debug\freesoc.a(CyLib.o)
                0x00002498                CySysTickStart
 .text.CySysTickSetCallback
                0x000024b4       0x10 .\CortexM3\ARM_GCC_493\Debug\freesoc.a(CyLib.o)
                0x000024b4                CySysTickSetCallback
 .text.CySysTickGetCallback
                0x000024c4       0x10 .\CortexM3\ARM_GCC_493\Debug\freesoc.a(CyLib.o)
                0x000024c4                CySysTickGetCallback
 .text.EZI2C_Slave_Init
                0x000024d4       0x70 .\CortexM3\ARM_GCC_493\Debug\freesoc.a(EZI2C_Slave.o)
                0x000024d4                EZI2C_Slave_Init
 .text.EZI2C_Slave_Enable
                0x00002544       0x30 .\CortexM3\ARM_GCC_493\Debug\freesoc.a(EZI2C_Slave.o)
                0x00002544                EZI2C_Slave_Enable
 .text.EZI2C_Slave_Start
                0x00002574       0x1c .\CortexM3\ARM_GCC_493\Debug\freesoc.a(EZI2C_Slave.o)
                0x00002574                EZI2C_Slave_Start
 .text.EZI2C_Slave_GetActivity
                0x00002590       0x28 .\CortexM3\ARM_GCC_493\Debug\freesoc.a(EZI2C_Slave.o)
                0x00002590                EZI2C_Slave_GetActivity
 .text.EZI2C_Slave_SetBuffer1
                0x000025b8       0x50 .\CortexM3\ARM_GCC_493\Debug\freesoc.a(EZI2C_Slave.o)
                0x000025b8                EZI2C_Slave_SetBuffer1
 .text.EZI2C_Slave_ISR
                0x00002608      0x1c4 .\CortexM3\ARM_GCC_493\Debug\freesoc.a(EZI2C_Slave_INT.o)
                0x00002608                EZI2C_Slave_ISR
 .text.Mainloop_Pin_Write
                0x000027cc       0x18 .\CortexM3\ARM_GCC_493\Debug\freesoc.a(Mainloop_Pin.o)
                0x000027cc                Mainloop_Pin_Write
 .text.EEPROM_Enable
                0x000027e4        0xc .\CortexM3\ARM_GCC_493\Debug\freesoc.a(EEPROM.o)
                0x000027e4                EEPROM_Enable
 .text.EEPROM_Start
                0x000027f0        0x8 .\CortexM3\ARM_GCC_493\Debug\freesoc.a(EEPROM.o)
                0x000027f0                EEPROM_Start
 .text.EEPROM_WriteByte
                0x000027f8       0xd4 .\CortexM3\ARM_GCC_493\Debug\freesoc.a(EEPROM.o)
                0x000027f8                EEPROM_WriteByte
 .text.EEPROM_Write
                0x000028cc       0xb4 .\CortexM3\ARM_GCC_493\Debug\freesoc.a(EEPROM.o)
                0x000028cc                EEPROM_Write
 .text.Right_QuadDec_Init
                0x00002980       0x24 .\CortexM3\ARM_GCC_493\Debug\freesoc.a(Right_QuadDec.o)
                0x00002980                Right_QuadDec_Init
 .text.Right_QuadDec_GetCounter
                0x000029a4       0x2c .\CortexM3\ARM_GCC_493\Debug\freesoc.a(Right_QuadDec.o)
                0x000029a4                Right_QuadDec_GetCounter
 .text.Right_QuadDec_SetCounter
                0x000029d0       0x2c .\CortexM3\ARM_GCC_493\Debug\freesoc.a(Right_QuadDec.o)
                0x000029d0                Right_QuadDec_SetCounter
 .text.Right_QuadDec_GetEvents
                0x000029fc       0x10 .\CortexM3\ARM_GCC_493\Debug\freesoc.a(Right_QuadDec.o)
                0x000029fc                Right_QuadDec_GetEvents
 .text.Right_QuadDec_SetInterruptMask
                0x00002a0c       0x10 .\CortexM3\ARM_GCC_493\Debug\freesoc.a(Right_QuadDec.o)
                0x00002a0c                Right_QuadDec_SetInterruptMask
 .text.Right_QuadDec_Enable
                0x00002a1c       0x30 .\CortexM3\ARM_GCC_493\Debug\freesoc.a(Right_QuadDec.o)
                0x00002a1c                Right_QuadDec_Enable
 .text.Right_QuadDec_Start
                0x00002a4c       0x34 .\CortexM3\ARM_GCC_493\Debug\freesoc.a(Right_QuadDec.o)
                0x00002a4c                Right_QuadDec_Start
 .text.Right_QuadDec_ISR
                0x00002a80       0x40 .\CortexM3\ARM_GCC_493\Debug\freesoc.a(Right_QuadDec_INT.o)
                0x00002a80                Right_QuadDec_ISR
 .text.Right_QuadDec_Cnt16_Enable
                0x00002ac0       0x10 .\CortexM3\ARM_GCC_493\Debug\freesoc.a(Right_QuadDec_Cnt16.o)
                0x00002ac0                Right_QuadDec_Cnt16_Enable
 .text.Right_QuadDec_Cnt16_SetInterruptMode
                0x00002ad0        0xc .\CortexM3\ARM_GCC_493\Debug\freesoc.a(Right_QuadDec_Cnt16.o)
                0x00002ad0                Right_QuadDec_Cnt16_SetInterruptMode
 .text.Right_QuadDec_Cnt16_ReadStatusRegister
                0x00002adc        0xc .\CortexM3\ARM_GCC_493\Debug\freesoc.a(Right_QuadDec_Cnt16.o)
                0x00002adc                Right_QuadDec_Cnt16_ReadStatusRegister
 .text.Right_QuadDec_Cnt16_WriteCounter
                0x00002ae8        0xc .\CortexM3\ARM_GCC_493\Debug\freesoc.a(Right_QuadDec_Cnt16.o)
                0x00002ae8                Right_QuadDec_Cnt16_WriteCounter
 .text.Right_QuadDec_Cnt16_ReadCounter
                0x00002af4       0x14 .\CortexM3\ARM_GCC_493\Debug\freesoc.a(Right_QuadDec_Cnt16.o)
                0x00002af4                Right_QuadDec_Cnt16_ReadCounter
 .text.Right_QuadDec_Cnt16_ReadCapture
                0x00002b08        0xc .\CortexM3\ARM_GCC_493\Debug\freesoc.a(Right_QuadDec_Cnt16.o)
                0x00002b08                Right_QuadDec_Cnt16_ReadCapture
 .text.Right_QuadDec_Cnt16_WritePeriod
                0x00002b14        0xc .\CortexM3\ARM_GCC_493\Debug\freesoc.a(Right_QuadDec_Cnt16.o)
                0x00002b14                Right_QuadDec_Cnt16_WritePeriod
 .text.Right_QuadDec_Cnt16_WriteCompare
                0x00002b20        0xc .\CortexM3\ARM_GCC_493\Debug\freesoc.a(Right_QuadDec_Cnt16.o)
                0x00002b20                Right_QuadDec_Cnt16_WriteCompare
 .text.Right_QuadDec_Cnt16_ClearFIFO
                0x00002b2c       0x14 .\CortexM3\ARM_GCC_493\Debug\freesoc.a(Right_QuadDec_Cnt16.o)
                0x00002b2c                Right_QuadDec_Cnt16_ClearFIFO
 .text.Right_QuadDec_Cnt16_Init
                0x00002b40       0x58 .\CortexM3\ARM_GCC_493\Debug\freesoc.a(Right_QuadDec_Cnt16.o)
                0x00002b40                Right_QuadDec_Cnt16_Init
 .text.Right_QuadDec_Cnt16_Start
                0x00002b98       0x1c .\CortexM3\ARM_GCC_493\Debug\freesoc.a(Right_QuadDec_Cnt16.o)
                0x00002b98                Right_QuadDec_Cnt16_Start
 .text.Left_QuadDec_Init
                0x00002bb4       0x24 .\CortexM3\ARM_GCC_493\Debug\freesoc.a(Left_QuadDec.o)
                0x00002bb4                Left_QuadDec_Init
 .text.Left_QuadDec_GetCounter
                0x00002bd8       0x2c .\CortexM3\ARM_GCC_493\Debug\freesoc.a(Left_QuadDec.o)
                0x00002bd8                Left_QuadDec_GetCounter
 .text.Left_QuadDec_SetCounter
                0x00002c04       0x28 .\CortexM3\ARM_GCC_493\Debug\freesoc.a(Left_QuadDec.o)
                0x00002c04                Left_QuadDec_SetCounter
 .text.Left_QuadDec_GetEvents
                0x00002c2c       0x10 .\CortexM3\ARM_GCC_493\Debug\freesoc.a(Left_QuadDec.o)
                0x00002c2c                Left_QuadDec_GetEvents
 .text.Left_QuadDec_SetInterruptMask
                0x00002c3c       0x10 .\CortexM3\ARM_GCC_493\Debug\freesoc.a(Left_QuadDec.o)
                0x00002c3c                Left_QuadDec_SetInterruptMask
 .text.Left_QuadDec_Enable
                0x00002c4c       0x30 .\CortexM3\ARM_GCC_493\Debug\freesoc.a(Left_QuadDec.o)
                0x00002c4c                Left_QuadDec_Enable
 .text.Left_QuadDec_Start
                0x00002c7c       0x34 .\CortexM3\ARM_GCC_493\Debug\freesoc.a(Left_QuadDec.o)
                0x00002c7c                Left_QuadDec_Start
 .text.Left_QuadDec_ISR
                0x00002cb0       0x40 .\CortexM3\ARM_GCC_493\Debug\freesoc.a(Left_QuadDec_INT.o)
                0x00002cb0                Left_QuadDec_ISR
 .text.Left_QuadDec_Cnt16_Enable
                0x00002cf0       0x10 .\CortexM3\ARM_GCC_493\Debug\freesoc.a(Left_QuadDec_Cnt16.o)
                0x00002cf0                Left_QuadDec_Cnt16_Enable
 .text.Left_QuadDec_Cnt16_SetInterruptMode
                0x00002d00        0xc .\CortexM3\ARM_GCC_493\Debug\freesoc.a(Left_QuadDec_Cnt16.o)
                0x00002d00                Left_QuadDec_Cnt16_SetInterruptMode
 .text.Left_QuadDec_Cnt16_ReadStatusRegister
                0x00002d0c        0xc .\CortexM3\ARM_GCC_493\Debug\freesoc.a(Left_QuadDec_Cnt16.o)
                0x00002d0c                Left_QuadDec_Cnt16_ReadStatusRegister
 .text.Left_QuadDec_Cnt16_WriteCounter
                0x00002d18        0xc .\CortexM3\ARM_GCC_493\Debug\freesoc.a(Left_QuadDec_Cnt16.o)
                0x00002d18                Left_QuadDec_Cnt16_WriteCounter
 .text.Left_QuadDec_Cnt16_ReadCounter
                0x00002d24       0x14 .\CortexM3\ARM_GCC_493\Debug\freesoc.a(Left_QuadDec_Cnt16.o)
                0x00002d24                Left_QuadDec_Cnt16_ReadCounter
 .text.Left_QuadDec_Cnt16_ReadCapture
                0x00002d38        0xc .\CortexM3\ARM_GCC_493\Debug\freesoc.a(Left_QuadDec_Cnt16.o)
                0x00002d38                Left_QuadDec_Cnt16_ReadCapture
 .text.Left_QuadDec_Cnt16_WritePeriod
                0x00002d44        0xc .\CortexM3\ARM_GCC_493\Debug\freesoc.a(Left_QuadDec_Cnt16.o)
                0x00002d44                Left_QuadDec_Cnt16_WritePeriod
 .text.Left_QuadDec_Cnt16_WriteCompare
                0x00002d50        0xc .\CortexM3\ARM_GCC_493\Debug\freesoc.a(Left_QuadDec_Cnt16.o)
                0x00002d50                Left_QuadDec_Cnt16_WriteCompare
 .text.Left_QuadDec_Cnt16_ClearFIFO
                0x00002d5c       0x14 .\CortexM3\ARM_GCC_493\Debug\freesoc.a(Left_QuadDec_Cnt16.o)
                0x00002d5c                Left_QuadDec_Cnt16_ClearFIFO
 .text.Left_QuadDec_Cnt16_Init
                0x00002d70       0x58 .\CortexM3\ARM_GCC_493\Debug\freesoc.a(Left_QuadDec_Cnt16.o)
                0x00002d70                Left_QuadDec_Cnt16_Init
 .text.Left_QuadDec_Cnt16_Start
                0x00002dc8       0x1c .\CortexM3\ARM_GCC_493\Debug\freesoc.a(Left_QuadDec_Cnt16.o)
                0x00002dc8                Left_QuadDec_Cnt16_Start
 .text.USBUART_GetConfiguration
                0x00002de4        0xc .\CortexM3\ARM_GCC_493\Debug\freesoc.a(USBUART.o)
                0x00002de4                USBUART_GetConfiguration
 .text.USBUART_GetEPState
                0x00002df0       0x14 .\CortexM3\ARM_GCC_493\Debug\freesoc.a(USBUART.o)
                0x00002df0                USBUART_GetEPState
 .text.USBUART_GetEPCount
                0x00002e04       0x28 .\CortexM3\ARM_GCC_493\Debug\freesoc.a(USBUART.o)
                0x00002e04                USBUART_GetEPCount
 .text.USBUART_EnableOutEP
                0x00002e2c       0x2c .\CortexM3\ARM_GCC_493\Debug\freesoc.a(USBUART.o)
                0x00002e2c                USBUART_EnableOutEP
 .text.USBUART_ReadOutEP
                0x00002e58       0x50 .\CortexM3\ARM_GCC_493\Debug\freesoc.a(USBUART.o)
                0x00002e58                USBUART_ReadOutEP
 .text.USBUART_GetCount
                0x00002ea8       0x34 .\CortexM3\ARM_GCC_493\Debug\freesoc.a(USBUART_cdc.o)
                0x00002ea8                USBUART_GetCount
 .text.USBUART_CDCIsReady
                0x00002edc       0x18 .\CortexM3\ARM_GCC_493\Debug\freesoc.a(USBUART_cdc.o)
                0x00002edc                USBUART_CDCIsReady
 .text.USBUART_GetAll
                0x00002ef4       0x30 .\CortexM3\ARM_GCC_493\Debug\freesoc.a(USBUART_cdc.o)
                0x00002ef4                USBUART_GetAll
 .text.CyFlashGetSpcAlgorithm
                0x00002f24       0x4c .\CortexM3\ARM_GCC_493\Debug\freesoc.a(CyFlash.o)
 .text.CySetTempInt
                0x00002f70       0x60 .\CortexM3\ARM_GCC_493\Debug\freesoc.a(CyFlash.o)
 .text.CySetTemp
                0x00002fd0       0x14 .\CortexM3\ARM_GCC_493\Debug\freesoc.a(CyFlash.o)
                0x00002fd0                CySetTemp
 .text.CyEEPROM_Start
                0x00002fe4       0x54 .\CortexM3\ARM_GCC_493\Debug\freesoc.a(CyFlash.o)
                0x00002fe4                CyEEPROM_Start
 .text.CySpcStart
                0x00003038       0x24 .\CortexM3\ARM_GCC_493\Debug\freesoc.a(CySpc.o)
                0x00003038                CySpcStart
 .text.CySpcReadData
                0x0000305c       0x34 .\CortexM3\ARM_GCC_493\Debug\freesoc.a(CySpc.o)
                0x0000305c                CySpcReadData
 .text.CySpcLoadMultiByte
                0x00003090       0x78 .\CortexM3\ARM_GCC_493\Debug\freesoc.a(CySpc.o)
                0x00003090                CySpcLoadMultiByte
 .text.CySpcLoadRow
                0x00003108       0x54 .\CortexM3\ARM_GCC_493\Debug\freesoc.a(CySpc.o)
                0x00003108                CySpcLoadRow
 .text.CySpcWriteRow
                0x0000315c       0x4c .\CortexM3\ARM_GCC_493\Debug\freesoc.a(CySpc.o)
                0x0000315c                CySpcWriteRow
 .text.CySpcGetTemp
                0x000031a8       0x3c .\CortexM3\ARM_GCC_493\Debug\freesoc.a(CySpc.o)
                0x000031a8                CySpcGetTemp
 .text.CySpcLock
                0x000031e4       0x4c .\CortexM3\ARM_GCC_493\Debug\freesoc.a(CySpc.o)
                0x000031e4                CySpcLock
 .text.CySpcUnlock
                0x00003230       0x38 .\CortexM3\ARM_GCC_493\Debug\freesoc.a(CySpc.o)
                0x00003230                CySpcUnlock
 .text.CySpcGetAlgorithm
                0x00003268       0x28 .\CortexM3\ARM_GCC_493\Debug\freesoc.a(CySpc.o)
                0x00003268                CySpcGetAlgorithm
 .text.cos      0x00003290       0x90 c:/program files (x86)/cypress/psoc creator/3.3/psoc creator/import/gnu/arm/4.9.3/bin/../lib/gcc/arm-none-eabi/4.9.3/../../../../arm-none-eabi/lib/armv7-m\libm.a(lib_a-s_cos.o)
                0x00003290                cos
 .text.sin      0x00003320       0x94 c:/program files (x86)/cypress/psoc creator/3.3/psoc creator/import/gnu/arm/4.9.3/bin/../lib/gcc/arm-none-eabi/4.9.3/../../../../arm-none-eabi/lib/armv7-m\libm.a(lib_a-s_sin.o)
                0x00003320                sin
 .text.pow      0x000033b4      0x2f0 c:/program files (x86)/cypress/psoc creator/3.3/psoc creator/import/gnu/arm/4.9.3/bin/../lib/gcc/arm-none-eabi/4.9.3/../../../../arm-none-eabi/lib/armv7-m\libm.a(lib_a-w_pow.o)
                0x000033b4                pow
 .text.sqrt     0x000036a4       0xac c:/program files (x86)/cypress/psoc creator/3.3/psoc creator/import/gnu/arm/4.9.3/bin/../lib/gcc/arm-none-eabi/4.9.3/../../../../arm-none-eabi/lib/armv7-m\libm.a(lib_a-w_sqrt.o)
                0x000036a4                sqrt
 .text.__ieee754_pow
                0x00003750      0xaa0 c:/program files (x86)/cypress/psoc creator/3.3/psoc creator/import/gnu/arm/4.9.3/bin/../lib/gcc/arm-none-eabi/4.9.3/../../../../arm-none-eabi/lib/armv7-m\libm.a(lib_a-e_pow.o)
                0x00003750                __ieee754_pow
 .text.__ieee754_rem_pio2
                0x000041f0      0x428 c:/program files (x86)/cypress/psoc creator/3.3/psoc creator/import/gnu/arm/4.9.3/bin/../lib/gcc/arm-none-eabi/4.9.3/../../../../arm-none-eabi/lib/armv7-m\libm.a(lib_a-e_rem_pio2.o)
                0x000041f0                __ieee754_rem_pio2
 .text.__ieee754_sqrt
                0x00004618      0x18c c:/program files (x86)/cypress/psoc creator/3.3/psoc creator/import/gnu/arm/4.9.3/bin/../lib/gcc/arm-none-eabi/4.9.3/../../../../arm-none-eabi/lib/armv7-m\libm.a(lib_a-e_sqrt.o)
                0x00004618                __ieee754_sqrt
 *fill*         0x000047a4        0x4 
 .text.__kernel_cos
                0x000047a8      0x248 c:/program files (x86)/cypress/psoc creator/3.3/psoc creator/import/gnu/arm/4.9.3/bin/../lib/gcc/arm-none-eabi/4.9.3/../../../../arm-none-eabi/lib/armv7-m\libm.a(lib_a-k_cos.o)
                0x000047a8                __kernel_cos
 .text.__kernel_rem_pio2
                0x000049f0      0x808 c:/program files (x86)/cypress/psoc creator/3.3/psoc creator/import/gnu/arm/4.9.3/bin/../lib/gcc/arm-none-eabi/4.9.3/../../../../arm-none-eabi/lib/armv7-m\libm.a(lib_a-k_rem_pio2.o)
                0x000049f0                __kernel_rem_pio2
 .text.__kernel_sin
                0x000051f8      0x170 c:/program files (x86)/cypress/psoc creator/3.3/psoc creator/import/gnu/arm/4.9.3/bin/../lib/gcc/arm-none-eabi/4.9.3/../../../../arm-none-eabi/lib/armv7-m\libm.a(lib_a-k_sin.o)
                0x000051f8                __kernel_sin
 .text.fabs     0x00005368        0x8 c:/program files (x86)/cypress/psoc creator/3.3/psoc creator/import/gnu/arm/4.9.3/bin/../lib/gcc/arm-none-eabi/4.9.3/../../../../arm-none-eabi/lib/armv7-m\libm.a(lib_a-s_fabs.o)
                0x00005368                fabs
 .text.finite   0x00005370        0xc c:/program files (x86)/cypress/psoc creator/3.3/psoc creator/import/gnu/arm/4.9.3/bin/../lib/gcc/arm-none-eabi/4.9.3/../../../../arm-none-eabi/lib/armv7-m\libm.a(lib_a-s_finite.o)
                0x00005370                finite
 *fill*         0x0000537c        0x4 
 .text.floor    0x00005380      0x118 c:/program files (x86)/cypress/psoc creator/3.3/psoc creator/import/gnu/arm/4.9.3/bin/../lib/gcc/arm-none-eabi/4.9.3/../../../../arm-none-eabi/lib/armv7-m\libm.a(lib_a-s_floor.o)
                0x00005380                floor
 .text.__fpclassifyd
                0x00005498       0x58 c:/program files (x86)/cypress/psoc creator/3.3/psoc creator/import/gnu/arm/4.9.3/bin/../lib/gcc/arm-none-eabi/4.9.3/../../../../arm-none-eabi/lib/armv7-m\libm.a(lib_a-s_fpclassify.o)
                0x00005498                __fpclassifyd
 .text.matherr  0x000054f0        0x4 c:/program files (x86)/cypress/psoc creator/3.3/psoc creator/import/gnu/arm/4.9.3/bin/../lib/gcc/arm-none-eabi/4.9.3/../../../../arm-none-eabi/lib/armv7-m\libm.a(lib_a-s_matherr.o)
                0x000054f0                matherr
 .text.nan      0x000054f4        0xc c:/program files (x86)/cypress/psoc creator/3.3/psoc creator/import/gnu/arm/4.9.3/bin/../lib/gcc/arm-none-eabi/4.9.3/../../../../arm-none-eabi/lib/armv7-m\libm.a(lib_a-s_nan.o)
                0x000054f4                nan
 .text.rint     0x00005500      0x11c c:/program files (x86)/cypress/psoc creator/3.3/psoc creator/import/gnu/arm/4.9.3/bin/../lib/gcc/arm-none-eabi/4.9.3/../../../../arm-none-eabi/lib/armv7-m\libm.a(lib_a-s_rint.o)
                0x00005500                rint
 *fill*         0x0000561c        0x4 
 .text.scalbn   0x00005620       0xf0 c:/program files (x86)/cypress/psoc creator/3.3/psoc creator/import/gnu/arm/4.9.3/bin/../lib/gcc/arm-none-eabi/4.9.3/../../../../arm-none-eabi/lib/armv7-m\libm.a(lib_a-s_scalbn.o)
                0x00005620                scalbn
 .text.copysign
                0x00005710       0x10 c:/program files (x86)/cypress/psoc creator/3.3/psoc creator/import/gnu/arm/4.9.3/bin/../lib/gcc/arm-none-eabi/4.9.3/../../../../arm-none-eabi/lib/armv7-m\libm.a(lib_a-s_copysign.o)
                0x00005710                copysign
 .text          0x00005720      0x370 c:/program files (x86)/cypress/psoc creator/3.3/psoc creator/import/gnu/arm/4.9.3/bin/../lib/gcc/arm-none-eabi/4.9.3/armv7-m\libgcc.a(_arm_addsubdf3.o)
                0x00005720                __aeabi_drsub
                0x00005728                __aeabi_dsub
                0x00005728                __subdf3
                0x0000572c                __aeabi_dadd
                0x0000572c                __adddf3
                0x000059a4                __floatunsidf
                0x000059a4                __aeabi_ui2d
                0x000059c4                __floatsidf
                0x000059c4                __aeabi_i2d
                0x000059e8                __aeabi_f2d
                0x000059e8                __extendsfdf2
                0x00005a24                __floatundidf
                0x00005a24                __aeabi_ul2d
                0x00005a34                __floatdidf
                0x00005a34                __aeabi_l2d
 .text          0x00005a90      0x424 c:/program files (x86)/cypress/psoc creator/3.3/psoc creator/import/gnu/arm/4.9.3/bin/../lib/gcc/arm-none-eabi/4.9.3/armv7-m\libgcc.a(_arm_muldivdf3.o)
                0x00005a90                __aeabi_dmul
                0x00005a90                __muldf3
                0x00005ce4                __divdf3
                0x00005ce4                __aeabi_ddiv
 .text          0x00005eb4      0x110 c:/program files (x86)/cypress/psoc creator/3.3/psoc creator/import/gnu/arm/4.9.3/bin/../lib/gcc/arm-none-eabi/4.9.3/armv7-m\libgcc.a(_arm_cmpdf2.o)
                0x00005eb4                __gtdf2
                0x00005eb4                __gedf2
                0x00005ebc                __ltdf2
                0x00005ebc                __ledf2
                0x00005ec4                __nedf2
                0x00005ec4                __eqdf2
                0x00005ec4                __cmpdf2
                0x00005f40                __aeabi_cdrcmple
                0x00005f50                __aeabi_cdcmpeq
                0x00005f50                __aeabi_cdcmple
                0x00005f60                __aeabi_dcmpeq
                0x00005f74                __aeabi_dcmplt
                0x00005f88                __aeabi_dcmple
                0x00005f9c                __aeabi_dcmpge
                0x00005fb0                __aeabi_dcmpgt
 .text          0x00005fc4       0x50 c:/program files (x86)/cypress/psoc creator/3.3/psoc creator/import/gnu/arm/4.9.3/bin/../lib/gcc/arm-none-eabi/4.9.3/armv7-m\libgcc.a(_arm_fixdfsi.o)
                0x00005fc4                __aeabi_d2iz
                0x00005fc4                __fixdfsi
 .text          0x00006014       0xa0 c:/program files (x86)/cypress/psoc creator/3.3/psoc creator/import/gnu/arm/4.9.3/bin/../lib/gcc/arm-none-eabi/4.9.3/armv7-m\libgcc.a(_arm_truncdfsf2.o)
                0x00006014                __truncdfsf2
                0x00006014                __aeabi_d2f
 .text          0x000060b4      0x21c c:/program files (x86)/cypress/psoc creator/3.3/psoc creator/import/gnu/arm/4.9.3/bin/../lib/gcc/arm-none-eabi/4.9.3/armv7-m\libgcc.a(_arm_addsubsf3.o)
                0x000060b4                __aeabi_frsub
                0x000060bc                __subsf3
                0x000060bc                __aeabi_fsub
                0x000060c0                __aeabi_fadd
                0x000060c0                __addsf3
                0x00006220                __aeabi_ui2f
                0x00006220                __floatunsisf
                0x00006228                __aeabi_i2f
                0x00006228                __floatsisf
                0x00006244                __aeabi_ul2f
                0x00006244                __floatundisf
                0x00006254                __aeabi_l2f
                0x00006254                __floatdisf
 .text          0x000062d0      0x2a0 c:/program files (x86)/cypress/psoc creator/3.3/psoc creator/import/gnu/arm/4.9.3/bin/../lib/gcc/arm-none-eabi/4.9.3/armv7-m\libgcc.a(_arm_muldivsf3.o)
                0x000062d0                __mulsf3
                0x000062d0                __aeabi_fmul
                0x00006438                __aeabi_fdiv
                0x00006438                __divsf3
 .text          0x00006570       0xec c:/program files (x86)/cypress/psoc creator/3.3/psoc creator/import/gnu/arm/4.9.3/bin/../lib/gcc/arm-none-eabi/4.9.3/armv7-m\libgcc.a(_arm_cmpsf2.o)
                0x00006570                __gesf2
                0x00006570                __gtsf2
                0x00006578                __lesf2
                0x00006578                __ltsf2
                0x00006580                __nesf2
                0x00006580                __eqsf2
                0x00006580                __cmpsf2
                0x000065e0                __aeabi_cfrcmple
                0x000065e8                __aeabi_cfcmpeq
                0x000065e8                __aeabi_cfcmple
                0x000065f8                __aeabi_fcmpeq
                0x0000660c                __aeabi_fcmplt
                0x00006620                __aeabi_fcmple
                0x00006634                __aeabi_fcmpge
                0x00006648                __aeabi_fcmpgt
 .text          0x0000665c       0x4c c:/program files (x86)/cypress/psoc creator/3.3/psoc creator/import/gnu/arm/4.9.3/bin/../lib/gcc/arm-none-eabi/4.9.3/armv7-m\libgcc.a(_arm_fixsfsi.o)
                0x0000665c                __aeabi_f2iz
                0x0000665c                __fixsfsi
 .text.__assert_func
                0x000066a8       0x38 c:/program files (x86)/cypress/psoc creator/3.3/psoc creator/import/gnu/arm/4.9.3/bin/../lib/gcc/arm-none-eabi/4.9.3/../../../../arm-none-eabi/lib/armv7-m\libg_nano.a(lib_a-assert.o)
                0x000066a8                __assert_func
 .text.__errno  0x000066e0        0xc c:/program files (x86)/cypress/psoc creator/3.3/psoc creator/import/gnu/arm/4.9.3/bin/../lib/gcc/arm-none-eabi/4.9.3/../../../../arm-none-eabi/lib/armv7-m\libg_nano.a(lib_a-errno.o)
                0x000066e0                __errno
 .text.fprintf  0x000066ec       0x24 c:/program files (x86)/cypress/psoc creator/3.3/psoc creator/import/gnu/arm/4.9.3/bin/../lib/gcc/arm-none-eabi/4.9.3/../../../../arm-none-eabi/lib/armv7-m\libg_nano.a(lib_a-fprintf.o)
                0x000066ec                fiprintf
                0x000066ec                fprintf
 .text.__libc_init_array
                0x00006710       0x4c c:/program files (x86)/cypress/psoc creator/3.3/psoc creator/import/gnu/arm/4.9.3/bin/../lib/gcc/arm-none-eabi/4.9.3/../../../../arm-none-eabi/lib/armv7-m\libg_nano.a(lib_a-init.o)
                0x00006710                __libc_init_array
 .text.memcpy   0x0000675c       0x16 c:/program files (x86)/cypress/psoc creator/3.3/psoc creator/import/gnu/arm/4.9.3/bin/../lib/gcc/arm-none-eabi/4.9.3/../../../../arm-none-eabi/lib/armv7-m\libg_nano.a(lib_a-memcpy.o)
                0x0000675c                memcpy
 .text.memset   0x00006772       0x10 c:/program files (x86)/cypress/psoc creator/3.3/psoc creator/import/gnu/arm/4.9.3/bin/../lib/gcc/arm-none-eabi/4.9.3/../../../../arm-none-eabi/lib/armv7-m\libg_nano.a(lib_a-memset.o)
                0x00006772                memset
 .text.__sfputc_r
                0x00006782       0x2c c:/program files (x86)/cypress/psoc creator/3.3/psoc creator/import/gnu/arm/4.9.3/bin/../lib/gcc/arm-none-eabi/4.9.3/../../../../arm-none-eabi/lib/armv7-m\libg_nano.a(lib_a-nano-vfprintf.o)
 .text.__sfputs_r
                0x000067ae       0x24 c:/program files (x86)/cypress/psoc creator/3.3/psoc creator/import/gnu/arm/4.9.3/bin/../lib/gcc/arm-none-eabi/4.9.3/../../../../arm-none-eabi/lib/armv7-m\libg_nano.a(lib_a-nano-vfprintf.o)
                0x000067ae                __sfputs_r
 *fill*         0x000067d2        0x2 
 .text._vfprintf_r
                0x000067d4      0x210 c:/program files (x86)/cypress/psoc creator/3.3/psoc creator/import/gnu/arm/4.9.3/bin/../lib/gcc/arm-none-eabi/4.9.3/../../../../arm-none-eabi/lib/armv7-m\libg_nano.a(lib_a-nano-vfprintf.o)
                0x000067d4                _vfprintf_r
                0x000067d4                _vfiprintf_r
 .text.__cvt    0x000069e4       0xbc c:/program files (x86)/cypress/psoc creator/3.3/psoc creator/import/gnu/arm/4.9.3/bin/../lib/gcc/arm-none-eabi/4.9.3/../../../../arm-none-eabi/lib/armv7-m\libg_nano.a(lib_a-nano-vfprintf_float.o)
                0x000069e4                __cvt
 .text.__exponent
                0x00006aa0       0x62 c:/program files (x86)/cypress/psoc creator/3.3/psoc creator/import/gnu/arm/4.9.3/bin/../lib/gcc/arm-none-eabi/4.9.3/../../../../arm-none-eabi/lib/armv7-m\libg_nano.a(lib_a-nano-vfprintf_float.o)
                0x00006aa0                __exponent
 *fill*         0x00006b02        0x2 
 .text._printf_float
                0x00006b04      0x48c c:/program files (x86)/cypress/psoc creator/3.3/psoc creator/import/gnu/arm/4.9.3/bin/../lib/gcc/arm-none-eabi/4.9.3/../../../../arm-none-eabi/lib/armv7-m\libg_nano.a(lib_a-nano-vfprintf_float.o)
                0x00006b04                _printf_float
 .text._printf_common
                0x00006f90       0xea c:/program files (x86)/cypress/psoc creator/3.3/psoc creator/import/gnu/arm/4.9.3/bin/../lib/gcc/arm-none-eabi/4.9.3/../../../../arm-none-eabi/lib/armv7-m\libg_nano.a(lib_a-nano-vfprintf_i.o)
                0x00006f90                _printf_common
 *fill*         0x0000707a        0x2 
 .text._printf_i
                0x0000707c      0x240 c:/program files (x86)/cypress/psoc creator/3.3/psoc creator/import/gnu/arm/4.9.3/bin/../lib/gcc/arm-none-eabi/4.9.3/../../../../arm-none-eabi/lib/armv7-m\libg_nano.a(lib_a-nano-vfprintf_i.o)
                0x0000707c                _printf_i
 .text.sprintf  0x000072bc       0x48 c:/program files (x86)/cypress/psoc creator/3.3/psoc creator/import/gnu/arm/4.9.3/bin/../lib/gcc/arm-none-eabi/4.9.3/../../../../arm-none-eabi/lib/armv7-m\libg_nano.a(lib_a-sprintf.o)
                0x000072bc                siprintf
                0x000072bc                sprintf
 .text.strlen   0x00007304       0x10 c:/program files (x86)/cypress/psoc creator/3.3/psoc creator/import/gnu/arm/4.9.3/bin/../lib/gcc/arm-none-eabi/4.9.3/../../../../arm-none-eabi/lib/armv7-m\libg_nano.a(lib_a-strlen.o)
                0x00007304                strlen
 .text.__swbuf_r
                0x00007314       0xa8 c:/program files (x86)/cypress/psoc creator/3.3/psoc creator/import/gnu/arm/4.9.3/bin/../lib/gcc/arm-none-eabi/4.9.3/../../../../arm-none-eabi/lib/armv7-m\libg_nano.a(lib_a-wbuf.o)
                0x00007314                __swbuf_r
 .text.__swsetup_r
                0x000073bc       0xd8 c:/program files (x86)/cypress/psoc creator/3.3/psoc creator/import/gnu/arm/4.9.3/bin/../lib/gcc/arm-none-eabi/4.9.3/../../../../arm-none-eabi/lib/armv7-m\libg_nano.a(lib_a-wsetup.o)
                0x000073bc                __swsetup_r
 .text.abort    0x00007494        0xe c:/program files (x86)/cypress/psoc creator/3.3/psoc creator/import/gnu/arm/4.9.3/bin/../lib/gcc/arm-none-eabi/4.9.3/../../../../arm-none-eabi/lib/armv7-m\libg_nano.a(lib_a-abort.o)
                0x00007494                abort
 .text.quorem   0x000074a2      0x114 c:/program files (x86)/cypress/psoc creator/3.3/psoc creator/import/gnu/arm/4.9.3/bin/../lib/gcc/arm-none-eabi/4.9.3/../../../../arm-none-eabi/lib/armv7-m\libg_nano.a(lib_a-dtoa.o)
 *fill*         0x000075b6        0x2 
 .text._dtoa_r  0x000075b8      0xb78 c:/program files (x86)/cypress/psoc creator/3.3/psoc creator/import/gnu/arm/4.9.3/bin/../lib/gcc/arm-none-eabi/4.9.3/../../../../arm-none-eabi/lib/armv7-m\libg_nano.a(lib_a-dtoa.o)
                0x000075b8                _dtoa_r
 .text.__sflush_r
                0x00008130      0x106 c:/program files (x86)/cypress/psoc creator/3.3/psoc creator/import/gnu/arm/4.9.3/bin/../lib/gcc/arm-none-eabi/4.9.3/../../../../arm-none-eabi/lib/armv7-m\libg_nano.a(lib_a-fflush.o)
                0x00008130                __sflush_r
 *fill*         0x00008236        0x2 
 .text._fflush_r
                0x00008238       0x54 c:/program files (x86)/cypress/psoc creator/3.3/psoc creator/import/gnu/arm/4.9.3/bin/../lib/gcc/arm-none-eabi/4.9.3/../../../../arm-none-eabi/lib/armv7-m\libg_nano.a(lib_a-fflush.o)
                0x00008238                _fflush_r
 .text._cleanup_r
                0x0000828c        0xc c:/program files (x86)/cypress/psoc creator/3.3/psoc creator/import/gnu/arm/4.9.3/bin/../lib/gcc/arm-none-eabi/4.9.3/../../../../arm-none-eabi/lib/armv7-m\libg_nano.a(lib_a-findfp.o)
                0x0000828c                _cleanup_r
 .text.std.isra.0
                0x00008298       0x48 c:/program files (x86)/cypress/psoc creator/3.3/psoc creator/import/gnu/arm/4.9.3/bin/../lib/gcc/arm-none-eabi/4.9.3/../../../../arm-none-eabi/lib/armv7-m\libg_nano.a(lib_a-findfp.o)
 .text.__sfmoreglue
                0x000082e0       0x2c c:/program files (x86)/cypress/psoc creator/3.3/psoc creator/import/gnu/arm/4.9.3/bin/../lib/gcc/arm-none-eabi/4.9.3/../../../../arm-none-eabi/lib/armv7-m\libg_nano.a(lib_a-findfp.o)
                0x000082e0                __sfmoreglue
 .text.__sinit  0x0000830c       0x60 c:/program files (x86)/cypress/psoc creator/3.3/psoc creator/import/gnu/arm/4.9.3/bin/../lib/gcc/arm-none-eabi/4.9.3/../../../../arm-none-eabi/lib/armv7-m\libg_nano.a(lib_a-findfp.o)
                0x0000830c                __sinit
 .text.__sfp    0x0000836c       0x74 c:/program files (x86)/cypress/psoc creator/3.3/psoc creator/import/gnu/arm/4.9.3/bin/../lib/gcc/arm-none-eabi/4.9.3/../../../../arm-none-eabi/lib/armv7-m\libg_nano.a(lib_a-findfp.o)
                0x0000836c                __sfp
 .text._fwalk_reent
                0x000083e0       0x3c c:/program files (x86)/cypress/psoc creator/3.3/psoc creator/import/gnu/arm/4.9.3/bin/../lib/gcc/arm-none-eabi/4.9.3/../../../../arm-none-eabi/lib/armv7-m\libg_nano.a(lib_a-fwalk.o)
                0x000083e0                _fwalk_reent
 .text._localeconv_r
                0x0000841c        0x8 c:/program files (x86)/cypress/psoc creator/3.3/psoc creator/import/gnu/arm/4.9.3/bin/../lib/gcc/arm-none-eabi/4.9.3/../../../../arm-none-eabi/lib/armv7-m\libg_nano.a(lib_a-locale.o)
                0x0000841c                _localeconv_r
 .text.__smakebuf_r
                0x00008424       0x98 c:/program files (x86)/cypress/psoc creator/3.3/psoc creator/import/gnu/arm/4.9.3/bin/../lib/gcc/arm-none-eabi/4.9.3/../../../../arm-none-eabi/lib/armv7-m\libg_nano.a(lib_a-makebuf.o)
                0x00008424                __smakebuf_r
 .text.malloc   0x000084bc       0x10 c:/program files (x86)/cypress/psoc creator/3.3/psoc creator/import/gnu/arm/4.9.3/bin/../lib/gcc/arm-none-eabi/4.9.3/../../../../arm-none-eabi/lib/armv7-m\libg_nano.a(lib_a-malloc.o)
                0x000084bc                malloc
 .text.memchr   0x000084cc       0x1c c:/program files (x86)/cypress/psoc creator/3.3/psoc creator/import/gnu/arm/4.9.3/bin/../lib/gcc/arm-none-eabi/4.9.3/../../../../arm-none-eabi/lib/armv7-m\libg_nano.a(lib_a-memchr.o)
                0x000084cc                memchr
 .text.memmove  0x000084e8       0x36 c:/program files (x86)/cypress/psoc creator/3.3/psoc creator/import/gnu/arm/4.9.3/bin/../lib/gcc/arm-none-eabi/4.9.3/../../../../arm-none-eabi/lib/armv7-m\libg_nano.a(lib_a-memmove.o)
                0x000084e8                memmove
 .text._Balloc  0x0000851e       0x6a c:/program files (x86)/cypress/psoc creator/3.3/psoc creator/import/gnu/arm/4.9.3/bin/../lib/gcc/arm-none-eabi/4.9.3/../../../../arm-none-eabi/lib/armv7-m\libg_nano.a(lib_a-mprec.o)
                0x0000851e                _Balloc
 .text._Bfree   0x00008588       0x2e c:/program files (x86)/cypress/psoc creator/3.3/psoc creator/import/gnu/arm/4.9.3/bin/../lib/gcc/arm-none-eabi/4.9.3/../../../../arm-none-eabi/lib/armv7-m\libg_nano.a(lib_a-mprec.o)
                0x00008588                _Bfree
 .text.__multadd
                0x000085b6       0x7c c:/program files (x86)/cypress/psoc creator/3.3/psoc creator/import/gnu/arm/4.9.3/bin/../lib/gcc/arm-none-eabi/4.9.3/../../../../arm-none-eabi/lib/armv7-m\libg_nano.a(lib_a-mprec.o)
                0x000085b6                __multadd
 .text.__hi0bits
                0x00008632       0x40 c:/program files (x86)/cypress/psoc creator/3.3/psoc creator/import/gnu/arm/4.9.3/bin/../lib/gcc/arm-none-eabi/4.9.3/../../../../arm-none-eabi/lib/armv7-m\libg_nano.a(lib_a-mprec.o)
                0x00008632                __hi0bits
 .text.__lo0bits
                0x00008672       0x5a c:/program files (x86)/cypress/psoc creator/3.3/psoc creator/import/gnu/arm/4.9.3/bin/../lib/gcc/arm-none-eabi/4.9.3/../../../../arm-none-eabi/lib/armv7-m\libg_nano.a(lib_a-mprec.o)
                0x00008672                __lo0bits
 .text.__i2b    0x000086cc       0x12 c:/program files (x86)/cypress/psoc creator/3.3/psoc creator/import/gnu/arm/4.9.3/bin/../lib/gcc/arm-none-eabi/4.9.3/../../../../arm-none-eabi/lib/armv7-m\libg_nano.a(lib_a-mprec.o)
                0x000086cc                __i2b
 .text.__multiply
                0x000086de      0x120 c:/program files (x86)/cypress/psoc creator/3.3/psoc creator/import/gnu/arm/4.9.3/bin/../lib/gcc/arm-none-eabi/4.9.3/../../../../arm-none-eabi/lib/armv7-m\libg_nano.a(lib_a-mprec.o)
                0x000086de                __multiply
 *fill*         0x000087fe        0x2 
 .text.__pow5mult
                0x00008800       0x9c c:/program files (x86)/cypress/psoc creator/3.3/psoc creator/import/gnu/arm/4.9.3/bin/../lib/gcc/arm-none-eabi/4.9.3/../../../../arm-none-eabi/lib/armv7-m\libg_nano.a(lib_a-mprec.o)
                0x00008800                __pow5mult
 .text.__lshift
                0x0000889c       0xa6 c:/program files (x86)/cypress/psoc creator/3.3/psoc creator/import/gnu/arm/4.9.3/bin/../lib/gcc/arm-none-eabi/4.9.3/../../../../arm-none-eabi/lib/armv7-m\libg_nano.a(lib_a-mprec.o)
                0x0000889c                __lshift
 .text.__mcmp   0x00008942       0x38 c:/program files (x86)/cypress/psoc creator/3.3/psoc creator/import/gnu/arm/4.9.3/bin/../lib/gcc/arm-none-eabi/4.9.3/../../../../arm-none-eabi/lib/armv7-m\libg_nano.a(lib_a-mprec.o)
                0x00008942                __mcmp
 .text.__mdiff  0x0000897a       0xbe c:/program files (x86)/cypress/psoc creator/3.3/psoc creator/import/gnu/arm/4.9.3/bin/../lib/gcc/arm-none-eabi/4.9.3/../../../../arm-none-eabi/lib/armv7-m\libg_nano.a(lib_a-mprec.o)
                0x0000897a                __mdiff
 .text.__d2b    0x00008a38       0xa4 c:/program files (x86)/cypress/psoc creator/3.3/psoc creator/import/gnu/arm/4.9.3/bin/../lib/gcc/arm-none-eabi/4.9.3/../../../../arm-none-eabi/lib/armv7-m\libg_nano.a(lib_a-mprec.o)
                0x00008a38                __d2b
 .text._calloc_r
                0x00008adc       0x1c c:/program files (x86)/cypress/psoc creator/3.3/psoc creator/import/gnu/arm/4.9.3/bin/../lib/gcc/arm-none-eabi/4.9.3/../../../../arm-none-eabi/lib/armv7-m\libg_nano.a(lib_a-nano-callocr.o)
                0x00008adc                _calloc_r
 .text._free_r  0x00008af8       0x88 c:/program files (x86)/cypress/psoc creator/3.3/psoc creator/import/gnu/arm/4.9.3/bin/../lib/gcc/arm-none-eabi/4.9.3/../../../../arm-none-eabi/lib/armv7-m\libg_nano.a(lib_a-nano-freer.o)
                0x00008af8                _free_r
 .text._malloc_r
                0x00008b80       0xac c:/program files (x86)/cypress/psoc creator/3.3/psoc creator/import/gnu/arm/4.9.3/bin/../lib/gcc/arm-none-eabi/4.9.3/../../../../arm-none-eabi/lib/armv7-m\libg_nano.a(lib_a-nano-mallocr.o)
                0x00008b80                _malloc_r
 .text._realloc_r
                0x00008c2c       0x4c c:/program files (x86)/cypress/psoc creator/3.3/psoc creator/import/gnu/arm/4.9.3/bin/../lib/gcc/arm-none-eabi/4.9.3/../../../../arm-none-eabi/lib/armv7-m\libg_nano.a(lib_a-nano-reallocr.o)
                0x00008c2c                _realloc_r
 .text.__ssputs_r
                0x00008c78       0xb2 c:/program files (x86)/cypress/psoc creator/3.3/psoc creator/import/gnu/arm/4.9.3/bin/../lib/gcc/arm-none-eabi/4.9.3/../../../../arm-none-eabi/lib/armv7-m\libg_nano.a(lib_a-nano-svfprintf.o)
                0x00008c78                __ssputs_r
 *fill*         0x00008d2a        0x2 
 .text._svfprintf_r
                0x00008d2c      0x1e4 c:/program files (x86)/cypress/psoc creator/3.3/psoc creator/import/gnu/arm/4.9.3/bin/../lib/gcc/arm-none-eabi/4.9.3/../../../../arm-none-eabi/lib/armv7-m\libg_nano.a(lib_a-nano-svfprintf.o)
                0x00008d2c                _svfiprintf_r
                0x00008d2c                _svfprintf_r
 .text._sbrk_r  0x00008f10       0x20 c:/program files (x86)/cypress/psoc creator/3.3/psoc creator/import/gnu/arm/4.9.3/bin/../lib/gcc/arm-none-eabi/4.9.3/../../../../arm-none-eabi/lib/armv7-m\libg_nano.a(lib_a-sbrkr.o)
                0x00008f10                _sbrk_r
 .text._raise_r
                0x00008f30       0x50 c:/program files (x86)/cypress/psoc creator/3.3/psoc creator/import/gnu/arm/4.9.3/bin/../lib/gcc/arm-none-eabi/4.9.3/../../../../arm-none-eabi/lib/armv7-m\libg_nano.a(lib_a-signal.o)
                0x00008f30                _raise_r
 .text.raise    0x00008f80       0x10 c:/program files (x86)/cypress/psoc creator/3.3/psoc creator/import/gnu/arm/4.9.3/bin/../lib/gcc/arm-none-eabi/4.9.3/../../../../arm-none-eabi/lib/armv7-m\libg_nano.a(lib_a-signal.o)
                0x00008f80                raise
 .text._kill_r  0x00008f90       0x24 c:/program files (x86)/cypress/psoc creator/3.3/psoc creator/import/gnu/arm/4.9.3/bin/../lib/gcc/arm-none-eabi/4.9.3/../../../../arm-none-eabi/lib/armv7-m\libg_nano.a(lib_a-signalr.o)
                0x00008f90                _kill_r
 .text._getpid_r
                0x00008fb4        0x4 c:/program files (x86)/cypress/psoc creator/3.3/psoc creator/import/gnu/arm/4.9.3/bin/../lib/gcc/arm-none-eabi/4.9.3/../../../../arm-none-eabi/lib/armv7-m\libg_nano.a(lib_a-signalr.o)
                0x00008fb4                _getpid_r
 .text.__sread  0x00008fb8       0x22 c:/program files (x86)/cypress/psoc creator/3.3/psoc creator/import/gnu/arm/4.9.3/bin/../lib/gcc/arm-none-eabi/4.9.3/../../../../arm-none-eabi/lib/armv7-m\libg_nano.a(lib_a-stdio.o)
                0x00008fb8                __sread
 .text.__swrite
                0x00008fda       0x38 c:/program files (x86)/cypress/psoc creator/3.3/psoc creator/import/gnu/arm/4.9.3/bin/../lib/gcc/arm-none-eabi/4.9.3/../../../../arm-none-eabi/lib/armv7-m\libg_nano.a(lib_a-stdio.o)
                0x00008fda                __swrite
 .text.__sseek  0x00009012       0x24 c:/program files (x86)/cypress/psoc creator/3.3/psoc creator/import/gnu/arm/4.9.3/bin/../lib/gcc/arm-none-eabi/4.9.3/../../../../arm-none-eabi/lib/armv7-m\libg_nano.a(lib_a-stdio.o)
                0x00009012                __sseek
 .text.__sclose
                0x00009036        0x8 c:/program files (x86)/cypress/psoc creator/3.3/psoc creator/import/gnu/arm/4.9.3/bin/../lib/gcc/arm-none-eabi/4.9.3/../../../../arm-none-eabi/lib/armv7-m\libg_nano.a(lib_a-stdio.o)
                0x00009036                __sclose
 *fill*         0x0000903e        0x2 
 .text._write_r
                0x00009040       0x24 c:/program files (x86)/cypress/psoc creator/3.3/psoc creator/import/gnu/arm/4.9.3/bin/../lib/gcc/arm-none-eabi/4.9.3/../../../../arm-none-eabi/lib/armv7-m\libg_nano.a(lib_a-writer.o)
                0x00009040                _write_r
 .text._close_r
                0x00009064       0x20 c:/program files (x86)/cypress/psoc creator/3.3/psoc creator/import/gnu/arm/4.9.3/bin/../lib/gcc/arm-none-eabi/4.9.3/../../../../arm-none-eabi/lib/armv7-m\libg_nano.a(lib_a-closer.o)
                0x00009064                _close_r
 .text._fstat_r
                0x00009084       0x24 c:/program files (x86)/cypress/psoc creator/3.3/psoc creator/import/gnu/arm/4.9.3/bin/../lib/gcc/arm-none-eabi/4.9.3/../../../../arm-none-eabi/lib/armv7-m\libg_nano.a(lib_a-fstatr.o)
                0x00009084                _fstat_r
 .text._isatty_r
                0x000090a8       0x20 c:/program files (x86)/cypress/psoc creator/3.3/psoc creator/import/gnu/arm/4.9.3/bin/../lib/gcc/arm-none-eabi/4.9.3/../../../../arm-none-eabi/lib/armv7-m\libg_nano.a(lib_a-isattyr.o)
                0x000090a8                _isatty_r
 .text._lseek_r
                0x000090c8       0x24 c:/program files (x86)/cypress/psoc creator/3.3/psoc creator/import/gnu/arm/4.9.3/bin/../lib/gcc/arm-none-eabi/4.9.3/../../../../arm-none-eabi/lib/armv7-m\libg_nano.a(lib_a-lseekr.o)
                0x000090c8                _lseek_r
 .text._malloc_usable_size_r
                0x000090ec       0x14 c:/program files (x86)/cypress/psoc creator/3.3/psoc creator/import/gnu/arm/4.9.3/bin/../lib/gcc/arm-none-eabi/4.9.3/../../../../arm-none-eabi/lib/armv7-m\libg_nano.a(lib_a-nano-msizer.o)
                0x000090ec                _malloc_usable_size_r
 .text._read_r  0x00009100       0x24 c:/program files (x86)/cypress/psoc creator/3.3/psoc creator/import/gnu/arm/4.9.3/bin/../lib/gcc/arm-none-eabi/4.9.3/../../../../arm-none-eabi/lib/armv7-m\libg_nano.a(lib_a-readr.o)
                0x00009100                _read_r
 .text._close   0x00009124       0x10 c:/program files (x86)/cypress/psoc creator/3.3/psoc creator/import/gnu/arm/4.9.3/bin/../lib/gcc/arm-none-eabi/4.9.3/../../../../arm-none-eabi/lib/armv7-m\libnosys.a(close.o)
                0x00009124                _close
 .text._fstat   0x00009134       0x10 c:/program files (x86)/cypress/psoc creator/3.3/psoc creator/import/gnu/arm/4.9.3/bin/../lib/gcc/arm-none-eabi/4.9.3/../../../../arm-none-eabi/lib/armv7-m\libnosys.a(fstat.o)
                0x00009134                _fstat
 .text._getpid  0x00009144       0x10 c:/program files (x86)/cypress/psoc creator/3.3/psoc creator/import/gnu/arm/4.9.3/bin/../lib/gcc/arm-none-eabi/4.9.3/../../../../arm-none-eabi/lib/armv7-m\libnosys.a(getpid.o)
                0x00009144                _getpid
 .text._isatty  0x00009154       0x10 c:/program files (x86)/cypress/psoc creator/3.3/psoc creator/import/gnu/arm/4.9.3/bin/../lib/gcc/arm-none-eabi/4.9.3/../../../../arm-none-eabi/lib/armv7-m\libnosys.a(isatty.o)
                0x00009154                _isatty
 .text._kill    0x00009164       0x10 c:/program files (x86)/cypress/psoc creator/3.3/psoc creator/import/gnu/arm/4.9.3/bin/../lib/gcc/arm-none-eabi/4.9.3/../../../../arm-none-eabi/lib/armv7-m\libnosys.a(kill.o)
                0x00009164                _kill
 .text._lseek   0x00009174       0x10 c:/program files (x86)/cypress/psoc creator/3.3/psoc creator/import/gnu/arm/4.9.3/bin/../lib/gcc/arm-none-eabi/4.9.3/../../../../arm-none-eabi/lib/armv7-m\libnosys.a(lseek.o)
                0x00009174                _lseek
 .text._read    0x00009184       0x10 c:/program files (x86)/cypress/psoc creator/3.3/psoc creator/import/gnu/arm/4.9.3/bin/../lib/gcc/arm-none-eabi/4.9.3/../../../../arm-none-eabi/lib/armv7-m\libnosys.a(read.o)
                0x00009184                _read
 .text._write   0x00009194       0x10 c:/program files (x86)/cypress/psoc creator/3.3/psoc creator/import/gnu/arm/4.9.3/bin/../lib/gcc/arm-none-eabi/4.9.3/../../../../arm-none-eabi/lib/armv7-m\libnosys.a(write.o)
                0x00009194                _write
 *(.plt)
 *(.gnu.warning)
 *(.glue_7t)
 .glue_7t       0x00000000        0x0 linker stubs
 *(.glue_7)
 .glue_7        0x00000000        0x0 linker stubs
 *(.vfp11_veneer)
 .vfp11_veneer  0x00000000        0x0 linker stubs
 *(.bootloader)
 *(.ARM.extab* .gnu.linkonce.armextab.*)
 *(.gcc_except_table)

.v4_bx          0x000091a4        0x0
 .v4_bx         0x00000000        0x0 linker stubs

.iplt           0x000091a4        0x0
 .iplt          0x00000000        0x0 c:/program files (x86)/cypress/psoc creator/3.3/psoc creator/import/gnu/arm/4.9.3/bin/../lib/gcc/arm-none-eabi/4.9.3/armv7-m/crtbegin.o

.eh_frame_hdr
 *(.eh_frame_hdr)

.eh_frame       0x000091a4        0x4
 *(.eh_frame)
 .eh_frame      0x000091a4        0x0 c:/program files (x86)/cypress/psoc creator/3.3/psoc creator/import/gnu/arm/4.9.3/bin/../lib/gcc/arm-none-eabi/4.9.3/armv7-m/crtbegin.o
 .eh_frame      0x000091a4        0x0 c:/program files (x86)/cypress/psoc creator/3.3/psoc creator/import/gnu/arm/4.9.3/bin/../lib/gcc/arm-none-eabi/4.9.3/../../../../arm-none-eabi/lib/armv7-m\libg_nano.a(lib_a-strcmp.o)
                                 0x28 (size before relaxing)
 .eh_frame      0x000091a4        0x4 c:/program files (x86)/cypress/psoc creator/3.3/psoc creator/import/gnu/arm/4.9.3/bin/../lib/gcc/arm-none-eabi/4.9.3/armv7-m/crtend.o
                0x000091a8                PROVIDE (__exidx_start, .)

.ARM.exidx
 *(.ARM.exidx* .gnu.linkonce.armexidx.*)
                0x000091a8                __exidx_end = .

.rodata         0x000091a8      0x610
 *(.rodata .rodata.* .gnu.linkonce.r.*)
 .rodata        0x000091a8       0x14 .\CortexM3\ARM_GCC_493\Debug\nvstore.o
 .rodata.str1.4
                0x000091bc       0x23 .\CortexM3\ARM_GCC_493\Debug\nvstore.o
                                 0x24 (size before relaxing)
 *fill*         0x000091df        0x1 
 .rodata.str1.4
                0x000091e0       0xb9 .\CortexM3\ARM_GCC_493\Debug\calcps2pwm.o
                                 0xbc (size before relaxing)
 *fill*         0x00009299        0x3 
 .rodata        0x0000929c        0xc .\CortexM3\ARM_GCC_493\Debug\calpid.o
 .rodata.str1.4
                0x000092a8       0x3c .\CortexM3\ARM_GCC_493\Debug\calpid.o
 .rodata        0x000092e4       0x80 .\CortexM3\ARM_GCC_493\Debug\freesoc.a(cyfitter_cfg.o)
                0x000092e4                Front_CliffMux__addrTable
                0x000092f4                Front_CliffMux__maskTable
                0x000092f8                Rear_CliffMux__addrTable
                0x00009308                Rear_CliffMux__maskTable
 .rodata.str1.4
                0x00009364        0x4 c:/program files (x86)/cypress/psoc creator/3.3/psoc creator/import/gnu/arm/4.9.3/bin/../lib/gcc/arm-none-eabi/4.9.3/../../../../arm-none-eabi/lib/armv7-m\libm.a(lib_a-w_pow.o)
 .rodata.str1.4
                0x00009368        0x5 c:/program files (x86)/cypress/psoc creator/3.3/psoc creator/import/gnu/arm/4.9.3/bin/../lib/gcc/arm-none-eabi/4.9.3/../../../../arm-none-eabi/lib/armv7-m\libm.a(lib_a-w_sqrt.o)
                                  0x8 (size before relaxing)
 *fill*         0x0000936d        0x3 
 .rodata.dp_h   0x00009370       0x10 c:/program files (x86)/cypress/psoc creator/3.3/psoc creator/import/gnu/arm/4.9.3/bin/../lib/gcc/arm-none-eabi/4.9.3/../../../../arm-none-eabi/lib/armv7-m\libm.a(lib_a-e_pow.o)
 .rodata.dp_l   0x00009380       0x10 c:/program files (x86)/cypress/psoc creator/3.3/psoc creator/import/gnu/arm/4.9.3/bin/../lib/gcc/arm-none-eabi/4.9.3/../../../../arm-none-eabi/lib/armv7-m\libm.a(lib_a-e_pow.o)
 .rodata.bp     0x00009390       0x10 c:/program files (x86)/cypress/psoc creator/3.3/psoc creator/import/gnu/arm/4.9.3/bin/../lib/gcc/arm-none-eabi/4.9.3/../../../../arm-none-eabi/lib/armv7-m\libm.a(lib_a-e_pow.o)
 .rodata.str1.4
                0x00000000        0x8 c:/program files (x86)/cypress/psoc creator/3.3/psoc creator/import/gnu/arm/4.9.3/bin/../lib/gcc/arm-none-eabi/4.9.3/../../../../arm-none-eabi/lib/armv7-m\libm.a(lib_a-e_pow.o)
                                  0x4 (size before relaxing)
 .rodata.npio2_hw
                0x000093a0       0x80 c:/program files (x86)/cypress/psoc creator/3.3/psoc creator/import/gnu/arm/4.9.3/bin/../lib/gcc/arm-none-eabi/4.9.3/../../../../arm-none-eabi/lib/armv7-m\libm.a(lib_a-e_rem_pio2.o)
 .rodata.two_over_pi
                0x00009420      0x108 c:/program files (x86)/cypress/psoc creator/3.3/psoc creator/import/gnu/arm/4.9.3/bin/../lib/gcc/arm-none-eabi/4.9.3/../../../../arm-none-eabi/lib/armv7-m\libm.a(lib_a-e_rem_pio2.o)
 .rodata.init_jk
                0x00009528       0x10 c:/program files (x86)/cypress/psoc creator/3.3/psoc creator/import/gnu/arm/4.9.3/bin/../lib/gcc/arm-none-eabi/4.9.3/../../../../arm-none-eabi/lib/armv7-m\libm.a(lib_a-k_rem_pio2.o)
 .rodata.PIo2   0x00009538       0x40 c:/program files (x86)/cypress/psoc creator/3.3/psoc creator/import/gnu/arm/4.9.3/bin/../lib/gcc/arm-none-eabi/4.9.3/../../../../arm-none-eabi/lib/armv7-m\libm.a(lib_a-k_rem_pio2.o)
 .rodata.TWO52  0x00009578       0x10 c:/program files (x86)/cypress/psoc creator/3.3/psoc creator/import/gnu/arm/4.9.3/bin/../lib/gcc/arm-none-eabi/4.9.3/../../../../arm-none-eabi/lib/armv7-m\libm.a(lib_a-s_rint.o)
 .rodata.str1.1
                0x00009588       0x3c c:/program files (x86)/cypress/psoc creator/3.3/psoc creator/import/gnu/arm/4.9.3/bin/../lib/gcc/arm-none-eabi/4.9.3/../../../../arm-none-eabi/lib/armv7-m\libg_nano.a(lib_a-assert.o)
                                 0x3d (size before relaxing)
 .rodata.str1.1
                0x000095c4        0x2 c:/program files (x86)/cypress/psoc creator/3.3/psoc creator/import/gnu/arm/4.9.3/bin/../lib/gcc/arm-none-eabi/4.9.3/../../../../arm-none-eabi/lib/armv7-m\libg_nano.a(lib_a-impure.o)
 *fill*         0x000095c6        0x2 
 .rodata._global_impure_ptr
                0x000095c8        0x4 c:/program files (x86)/cypress/psoc creator/3.3/psoc creator/import/gnu/arm/4.9.3/bin/../lib/gcc/arm-none-eabi/4.9.3/../../../../arm-none-eabi/lib/armv7-m\libg_nano.a(lib_a-impure.o)
                0x000095c8                _global_impure_ptr
 .rodata.str1.1
                0x000095cc       0x11 c:/program files (x86)/cypress/psoc creator/3.3/psoc creator/import/gnu/arm/4.9.3/bin/../lib/gcc/arm-none-eabi/4.9.3/../../../../arm-none-eabi/lib/armv7-m\libg_nano.a(lib_a-nano-vfprintf.o)
 .rodata.str1.1
                0x000095dd       0x12 c:/program files (x86)/cypress/psoc creator/3.3/psoc creator/import/gnu/arm/4.9.3/bin/../lib/gcc/arm-none-eabi/4.9.3/../../../../arm-none-eabi/lib/armv7-m\libg_nano.a(lib_a-nano-vfprintf_float.o)
 .rodata.str1.1
                0x000095ef       0x22 c:/program files (x86)/cypress/psoc creator/3.3/psoc creator/import/gnu/arm/4.9.3/bin/../lib/gcc/arm-none-eabi/4.9.3/../../../../arm-none-eabi/lib/armv7-m\libg_nano.a(lib_a-nano-vfprintf_i.o)
 .rodata.str1.1
                0x00009611        0xd c:/program files (x86)/cypress/psoc creator/3.3/psoc creator/import/gnu/arm/4.9.3/bin/../lib/gcc/arm-none-eabi/4.9.3/../../../../arm-none-eabi/lib/armv7-m\libg_nano.a(lib_a-dtoa.o)
                                  0xf (size before relaxing)
 *fill*         0x0000961e        0x2 
 .rodata.__sf_fake_stdin
                0x00009620       0x20 c:/program files (x86)/cypress/psoc creator/3.3/psoc creator/import/gnu/arm/4.9.3/bin/../lib/gcc/arm-none-eabi/4.9.3/../../../../arm-none-eabi/lib/armv7-m\libg_nano.a(lib_a-findfp.o)
                0x00009620                __sf_fake_stdin
 .rodata.__sf_fake_stdout
                0x00009640       0x20 c:/program files (x86)/cypress/psoc creator/3.3/psoc creator/import/gnu/arm/4.9.3/bin/../lib/gcc/arm-none-eabi/4.9.3/../../../../arm-none-eabi/lib/armv7-m\libg_nano.a(lib_a-findfp.o)
                0x00009640                __sf_fake_stdout
 .rodata.__sf_fake_stderr
                0x00009660       0x20 c:/program files (x86)/cypress/psoc creator/3.3/psoc creator/import/gnu/arm/4.9.3/bin/../lib/gcc/arm-none-eabi/4.9.3/../../../../arm-none-eabi/lib/armv7-m\libg_nano.a(lib_a-findfp.o)
                0x00009660                __sf_fake_stderr
 .rodata.str1.1
                0x00009680        0x8 c:/program files (x86)/cypress/psoc creator/3.3/psoc creator/import/gnu/arm/4.9.3/bin/../lib/gcc/arm-none-eabi/4.9.3/../../../../arm-none-eabi/lib/armv7-m\libg_nano.a(lib_a-locale.o)
                                  0xb (size before relaxing)
 .rodata.__mprec_tens
                0x00009688       0xc8 c:/program files (x86)/cypress/psoc creator/3.3/psoc creator/import/gnu/arm/4.9.3/bin/../lib/gcc/arm-none-eabi/4.9.3/../../../../arm-none-eabi/lib/armv7-m\libg_nano.a(lib_a-mprec.o)
                0x00009688                __mprec_tens
 .rodata.__mprec_bigtens
                0x00009750       0x28 c:/program files (x86)/cypress/psoc creator/3.3/psoc creator/import/gnu/arm/4.9.3/bin/../lib/gcc/arm-none-eabi/4.9.3/../../../../arm-none-eabi/lib/armv7-m\libg_nano.a(lib_a-mprec.o)
                0x00009750                __mprec_bigtens
 .rodata.p05.5308
                0x00009778        0xc c:/program files (x86)/cypress/psoc creator/3.3/psoc creator/import/gnu/arm/4.9.3/bin/../lib/gcc/arm-none-eabi/4.9.3/../../../../arm-none-eabi/lib/armv7-m\libg_nano.a(lib_a-mprec.o)
 .rodata.str1.1
                0x00000000       0x11 c:/program files (x86)/cypress/psoc creator/3.3/psoc creator/import/gnu/arm/4.9.3/bin/../lib/gcc/arm-none-eabi/4.9.3/../../../../arm-none-eabi/lib/armv7-m\libg_nano.a(lib_a-nano-svfprintf.o)
                0x00009784                . = ALIGN (0x4)
 *(.init)
 .init          0x00009784        0x4 c:/program files (x86)/cypress/psoc creator/3.3/psoc creator/import/gnu/arm/4.9.3/bin/../lib/gcc/arm-none-eabi/4.9.3/armv7-m/crti.o
                0x00009784                _init
 .init          0x00009788        0x8 c:/program files (x86)/cypress/psoc creator/3.3/psoc creator/import/gnu/arm/4.9.3/bin/../lib/gcc/arm-none-eabi/4.9.3/armv7-m/crtn.o
                0x00009790                . = ALIGN (0x4)
                0x00009790                __preinit_array_start = .
 *(.preinit_array)
                0x00009790                __preinit_array_end = .
                0x00009790                . = ALIGN (0x4)
                0x00009790                __init_array_start = .
 *(SORT(.init_array.*))
 *(.init_array)
 .init_array    0x00009790        0x4 c:/program files (x86)/cypress/psoc creator/3.3/psoc creator/import/gnu/arm/4.9.3/bin/../lib/gcc/arm-none-eabi/4.9.3/armv7-m/crtbegin.o
 .init_array    0x00009794        0x4 .\CortexM3\ARM_GCC_493\Debug\Cm3Start.o
                0x00009798                __init_array_end = .
                0x00009798                . = ALIGN (0x4)
 *(.fini)
 .fini          0x00009798        0x4 c:/program files (x86)/cypress/psoc creator/3.3/psoc creator/import/gnu/arm/4.9.3/bin/../lib/gcc/arm-none-eabi/4.9.3/armv7-m/crti.o
                0x00009798                _fini
 .fini          0x0000979c        0x8 c:/program files (x86)/cypress/psoc creator/3.3/psoc creator/import/gnu/arm/4.9.3/bin/../lib/gcc/arm-none-eabi/4.9.3/armv7-m/crtn.o
                0x000097a4                . = ALIGN (0x4)
                0x000097a4                __fini_array_start = .
 *(.fini_array)
 .fini_array    0x000097a4        0x4 c:/program files (x86)/cypress/psoc creator/3.3/psoc creator/import/gnu/arm/4.9.3/bin/../lib/gcc/arm-none-eabi/4.9.3/armv7-m/crtbegin.o
 *(SORT(.fini_array.*))
                0x000097a8                __fini_array_end = .
                0x000097a8                . = ALIGN (0x4)
 *crtbegin.o(.ctors)
 *(EXCLUDE_FILE(*crtend.o) .ctors)
 *(SORT(.ctors.*))
 *crtend.o(.ctors)
                0x000097a8                . = ALIGN (0x4)
 *crtbegin.o(.dtors)
 *(EXCLUDE_FILE(*crtend.o) .dtors)
 *(SORT(.dtors.*))
 *crtend.o(.dtors)
                0x000097a8                . = ALIGN (0x4)
                0x000097a8                __cy_regions = .
                0x000097a8        0x4 LONG 0x97b8 __cy_region_init_ram
                0x000097ac        0x4 LONG 0x1fff8108 __cy_region_start_data
                0x000097b0        0x4 LONG 0x720 __cy_region_init_size_ram
                0x000097b4        0x4 LONG 0x6a38 __cy_region_zero_size_ram
                0x000097b8                __cy_regions_end = .
                0x000097b8                . = ALIGN (0x8)
                0x000097b8                _etext = .

.cy_checksum_exclude
                0x000097b8        0x0
 *(.cy_checksum_exclude)

.ramvectors     0x1fff8000      0x100
                0x1fff8000                __cy_region_start_ram = .
 *(.ramvectors)
 .ramvectors    0x1fff8000      0x100 .\CortexM3\ARM_GCC_493\Debug\Cm3Start.o
                0x1fff8000                CyRamVectors

.noinit         0x1fff8100        0x5
 *(.noinit)
 .noinit        0x1fff8100        0x4 .\CortexM3\ARM_GCC_493\Debug\Cm3Start.o
 .noinit        0x1fff8104        0x1 .\CortexM3\ARM_GCC_493\Debug\freesoc.a(CyLib.o)
                0x1fff8104                CyResetStatus

.data           0x1fff8108      0x720 load address 0x000097b8
                0x1fff8108                __cy_region_start_data = .
 *(.jcr)
 .jcr           0x1fff8108        0x0 c:/program files (x86)/cypress/psoc creator/3.3/psoc creator/import/gnu/arm/4.9.3/bin/../lib/gcc/arm-none-eabi/4.9.3/armv7-m/crtbegin.o
 .jcr           0x1fff8108        0x4 c:/program files (x86)/cypress/psoc creator/3.3/psoc creator/import/gnu/arm/4.9.3/bin/../lib/gcc/arm-none-eabi/4.9.3/armv7-m/crtend.o
 *(.got.plt)
 *(.got)
 *(.shdata)
 *(.data .data.* .gnu.linkonce.d.*)
 .data          0x1fff810c      0x500 .\CortexM3\ARM_GCC_493\Debug\cal.o
 .data          0x1fff860c       0x70 .\CortexM3\ARM_GCC_493\Debug\encoder.o
 .data          0x1fff867c       0x48 .\CortexM3\ARM_GCC_493\Debug\motor.o
 .data          0x1fff86c4       0xa8 .\CortexM3\ARM_GCC_493\Debug\pid.o
 .data          0x1fff876c        0x4 .\CortexM3\ARM_GCC_493\Debug\Cm3Start.o
 .data          0x1fff8770        0x2 .\CortexM3\ARM_GCC_493\Debug\freesoc.a(cyfitter_cfg.o)
                0x1fff8770                Front_AMuxSeq_curChannel
                0x1fff8771                Rear_AMuxSeq_curChannel
 *fill*         0x1fff8772        0x2 
 .data          0x1fff8774       0x10 .\CortexM3\ARM_GCC_493\Debug\freesoc.a(CyLib.o)
                0x1fff8774                cydelay_32k_ms
                0x1fff8778                cydelay_freq_khz
                0x1fff877c                cydelay_freq_mhz
                0x1fff8780                cydelay_freq_hz
 .data.__fdlib_version
                0x1fff8784        0x1 c:/program files (x86)/cypress/psoc creator/3.3/psoc creator/import/gnu/arm/4.9.3/bin/../lib/gcc/arm-none-eabi/4.9.3/../../../../arm-none-eabi/lib/armv7-m\libm.a(lib_a-s_lib_ver.o)
                0x1fff8784                __fdlib_version
 *fill*         0x1fff8785        0x3 
 .data.impure_data
                0x1fff8788       0x60 c:/program files (x86)/cypress/psoc creator/3.3/psoc creator/import/gnu/arm/4.9.3/bin/../lib/gcc/arm-none-eabi/4.9.3/../../../../arm-none-eabi/lib/armv7-m\libg_nano.a(lib_a-impure.o)
 .data._impure_ptr
                0x1fff87e8        0x4 c:/program files (x86)/cypress/psoc creator/3.3/psoc creator/import/gnu/arm/4.9.3/bin/../lib/gcc/arm-none-eabi/4.9.3/../../../../arm-none-eabi/lib/armv7-m\libg_nano.a(lib_a-impure.o)
                0x1fff87e8                _impure_ptr
 .data.lconv    0x1fff87ec       0x38 c:/program files (x86)/cypress/psoc creator/3.3/psoc creator/import/gnu/arm/4.9.3/bin/../lib/gcc/arm-none-eabi/4.9.3/../../../../arm-none-eabi/lib/armv7-m\libg_nano.a(lib_a-locale.o)
                0x1fff8828                . = ALIGN (0x8)
 *fill*         0x1fff8824        0x4 
 *(.ram)
                0x1fff8828                _edata = .

.igot.plt       0x1fff8828        0x0 load address 0x00009ed8
 .igot.plt      0x00000000        0x0 c:/program files (x86)/cypress/psoc creator/3.3/psoc creator/import/gnu/arm/4.9.3/bin/../lib/gcc/arm-none-eabi/4.9.3/armv7-m/crtbegin.o

.bss            0x1fff8828     0x6a38 load address 0x00009ed8
                0x1fff8828                PROVIDE (__bss_start__, .)
 *(.shbss)
 *(.bss .bss.* .gnu.linkonce.b.*)
 .bss           0x1fff8828       0x1c c:/program files (x86)/cypress/psoc creator/3.3/psoc creator/import/gnu/arm/4.9.3/bin/../lib/gcc/arm-none-eabi/4.9.3/armv7-m/crtbegin.o
 .bss           0x1fff8844        0x1 .\CortexM3\ARM_GCC_493\Debug\cal.o
 *fill*         0x1fff8845        0x3 
 .bss           0x1fff8848        0x8 .\CortexM3\ARM_GCC_493\Debug\control.o
 .bss           0x1fff8850        0xc .\CortexM3\ARM_GCC_493\Debug\diag.o
 .bss           0x1fff885c        0xc .\CortexM3\ARM_GCC_493\Debug\encoder.o
 .bss           0x1fff8868       0x68 .\CortexM3\ARM_GCC_493\Debug\i2c.o
 .bss           0x1fff88d0       0x1c .\CortexM3\ARM_GCC_493\Debug\odom.o
 .bss           0x1fff88ec        0x8 .\CortexM3\ARM_GCC_493\Debug\pid.o