Archive member included because of file (symbol)

.\CortexM3\ARM_GCC_493\Debug\freesoc.a(cyfitter_cfg.o)
                              .\CortexM3\ARM_GCC_493\Debug\infrared.o (Front_AMuxSeq_DisconnectAll)
.\CortexM3\ARM_GCC_493\Debug\freesoc.a(Left_HB25_Enable_Pin.o)
                              .\CortexM3\ARM_GCC_493\Debug\motor.o (Left_HB25_Enable_Pin_Write)
.\CortexM3\ARM_GCC_493\Debug\freesoc.a(Left_HB25_PWM.o)
                              .\CortexM3\ARM_GCC_493\Debug\motor.o (Left_HB25_PWM_Stop)
.\CortexM3\ARM_GCC_493\Debug\freesoc.a(Right_HB25_Enable_Pin.o)
                              .\CortexM3\ARM_GCC_493\Debug\motor.o (Right_HB25_Enable_Pin_Write)
.\CortexM3\ARM_GCC_493\Debug\freesoc.a(Right_HB25_PWM.o)
                              .\CortexM3\ARM_GCC_493\Debug\motor.o (Right_HB25_PWM_Stop)
.\CortexM3\ARM_GCC_493\Debug\freesoc.a(CyBootAsmGnu.o)
                              .\CortexM3\ARM_GCC_493\Debug\freesoc.a(cyfitter_cfg.o) (CyDelayCycles)
.\CortexM3\ARM_GCC_493\Debug\freesoc.a(CyLib.o)
                              .\CortexM3\ARM_GCC_493\Debug\Cm3Start.o (CyHalt)
.\CortexM3\ARM_GCC_493\Debug\freesoc.a(cyPm.o)
                              .\CortexM3\ARM_GCC_493\Debug\freesoc.a(CyLib.o) (CyPmReadStatus)
.\CortexM3\ARM_GCC_493\Debug\freesoc.a(EZI2C_Slave.o)
                              .\CortexM3\ARM_GCC_493\Debug\i2c.o (EZI2C_Slave_Start)
.\CortexM3\ARM_GCC_493\Debug\freesoc.a(EZI2C_Slave_PM.o)
                              .\CortexM3\ARM_GCC_493\Debug\freesoc.a(EZI2C_Slave.o) (EZI2C_Slave_backup)
.\CortexM3\ARM_GCC_493\Debug\freesoc.a(EZI2C_Slave_INT.o)
                              .\CortexM3\ARM_GCC_493\Debug\freesoc.a(EZI2C_Slave.o) (EZI2C_Slave_ISR)
.\CortexM3\ARM_GCC_493\Debug\freesoc.a(Front_Echo_Intr.o)
                              .\CortexM3\ARM_GCC_493\Debug\ultrasonic.o (Front_Echo_Intr_StartEx)
.\CortexM3\ARM_GCC_493\Debug\freesoc.a(Front_Trigger_Reg.o)
                              .\CortexM3\ARM_GCC_493\Debug\ultrasonic.o (Front_Trigger_Reg_Write)
.\CortexM3\ARM_GCC_493\Debug\freesoc.a(Front_Trigger_Select_Reg.o)
                              .\CortexM3\ARM_GCC_493\Debug\ultrasonic.o (Front_Trigger_Select_Reg_Write)
.\CortexM3\ARM_GCC_493\Debug\freesoc.a(Front_Echo_Timer.o)
                              .\CortexM3\ARM_GCC_493\Debug\ultrasonic.o (Front_Echo_Timer_ReadCounter)
.\CortexM3\ARM_GCC_493\Debug\freesoc.a(Rear_Trigger_Reg.o)
                              .\CortexM3\ARM_GCC_493\Debug\ultrasonic.o (Rear_Trigger_Reg_Write)
.\CortexM3\ARM_GCC_493\Debug\freesoc.a(Rear_Trigger_Select_Reg.o)
                              .\CortexM3\ARM_GCC_493\Debug\ultrasonic.o (Rear_Trigger_Select_Reg_Write)
.\CortexM3\ARM_GCC_493\Debug\freesoc.a(Rear_Echo_Intr.o)
                              .\CortexM3\ARM_GCC_493\Debug\ultrasonic.o (Rear_Echo_Intr_StartEx)
.\CortexM3\ARM_GCC_493\Debug\freesoc.a(Rear_Echo_Timer.o)
                              .\CortexM3\ARM_GCC_493\Debug\ultrasonic.o (Rear_Echo_Timer_ReadCounter)
.\CortexM3\ARM_GCC_493\Debug\freesoc.a(Front_ADC_SAR.o)
                              .\CortexM3\ARM_GCC_493\Debug\infrared.o (Front_ADC_SAR_Start)
.\CortexM3\ARM_GCC_493\Debug\freesoc.a(Front_ADC_SAR_INT.o)
                              .\CortexM3\ARM_GCC_493\Debug\freesoc.a(Front_ADC_SAR.o) (Front_ADC_SAR_ISR)
.\CortexM3\ARM_GCC_493\Debug\freesoc.a(Front_AMuxSeq.o)
                              .\CortexM3\ARM_GCC_493\Debug\infrared.o (Front_AMuxSeq_Start)
.\CortexM3\ARM_GCC_493\Debug\freesoc.a(Rear_ADC_SAR.o)
                              .\CortexM3\ARM_GCC_493\Debug\infrared.o (Rear_ADC_SAR_Start)
.\CortexM3\ARM_GCC_493\Debug\freesoc.a(Rear_ADC_SAR_INT.o)
                              .\CortexM3\ARM_GCC_493\Debug\freesoc.a(Rear_ADC_SAR.o) (Rear_ADC_SAR_ISR)
.\CortexM3\ARM_GCC_493\Debug\freesoc.a(Rear_AMuxSeq.o)
                              .\CortexM3\ARM_GCC_493\Debug\infrared.o (Rear_AMuxSeq_Start)
.\CortexM3\ARM_GCC_493\Debug\freesoc.a(Front_ADC_SAR_IRQ.o)
                              .\CortexM3\ARM_GCC_493\Debug\infrared.o (Front_ADC_SAR_IRQ_StartEx)
.\CortexM3\ARM_GCC_493\Debug\freesoc.a(Front_ADC_SAR_theACLK.o)
                              .\CortexM3\ARM_GCC_493\Debug\freesoc.a(Front_ADC_SAR.o) (Front_ADC_SAR_theACLK_SetModeRegister)
.\CortexM3\ARM_GCC_493\Debug\freesoc.a(Rear_ADC_SAR_IRQ.o)
                              .\CortexM3\ARM_GCC_493\Debug\infrared.o (Rear_ADC_SAR_IRQ_StartEx)
.\CortexM3\ARM_GCC_493\Debug\freesoc.a(Rear_ADC_SAR_theACLK.o)
                              .\CortexM3\ARM_GCC_493\Debug\freesoc.a(Rear_ADC_SAR.o) (Rear_ADC_SAR_theACLK_SetModeRegister)
.\CortexM3\ARM_GCC_493\Debug\freesoc.a(Rear_EOS_Intr.o)
                              .\CortexM3\ARM_GCC_493\Debug\infrared.o (Rear_EOS_Intr_StartEx)
.\CortexM3\ARM_GCC_493\Debug\freesoc.a(Front_EOS_Intr.o)
                              .\CortexM3\ARM_GCC_493\Debug\infrared.o (Front_EOS_Intr_StartEx)
[...]
Memory Configuration

Name             Origin             Length             Attributes
rom              0x00000000         0x00040000         xr
ram              0x1fff8000         0x00010000         xrw
*default*        0x00000000         0xffffffff

Linker script and memory map

LOAD c:/program files (x86)/cypress/psoc creator/3.3/psoc creator/import/gnu/arm/4.9.3/bin/../lib/gcc/arm-none-eabi/4.9.3/armv7-m/crti.o
LOAD c:/program files (x86)/cypress/psoc creator/3.3/psoc creator/import/gnu/arm/4.9.3/bin/../lib/gcc/arm-none-eabi/4.9.3/armv7-m/crtbegin.o
LOAD c:/program files (x86)/cypress/psoc creator/3.3/psoc creator/import/gnu/arm/4.9.3/bin/../lib/gcc/arm-none-eabi/4.9.3/../../../../arm-none-eabi/lib/armv7-m/crt0.o
START GROUP
LOAD .\CortexM3\ARM_GCC_493\Debug\main.o
LOAD .\CortexM3\ARM_GCC_493\Debug\cal.o
LOAD .\CortexM3\ARM_GCC_493\Debug\control.o
LOAD .\CortexM3\ARM_GCC_493\Debug\debug.o
LOAD .\CortexM3\ARM_GCC_493\Debug\diag.o
LOAD .\CortexM3\ARM_GCC_493\Debug\encoder.o
LOAD .\CortexM3\ARM_GCC_493\Debug\i2c.o
LOAD .\CortexM3\ARM_GCC_493\Debug\motor.o
LOAD .\CortexM3\ARM_GCC_493\Debug\odom.o
LOAD .\CortexM3\ARM_GCC_493\Debug\pid.o
LOAD .\CortexM3\ARM_GCC_493\Debug\time.o
LOAD .\CortexM3\ARM_GCC_493\Debug\ultrasonic.o
LOAD .\CortexM3\ARM_GCC_493\Debug\utils.o
LOAD .\CortexM3\ARM_GCC_493\Debug\infrared.o
LOAD .\CortexM3\ARM_GCC_493\Debug\pid_controller.o
LOAD .\CortexM3\ARM_GCC_493\Debug\serial.o
LOAD .\CortexM3\ARM_GCC_493\Debug\nvstore.o
LOAD .\CortexM3\ARM_GCC_493\Debug\calpid.o
LOAD .\CortexM3\ARM_GCC_493\Debug\calang.o
LOAD .\CortexM3\ARM_GCC_493\Debug\callin.o
LOAD .\CortexM3\ARM_GCC_493\Debug\calmotor.o
LOAD .\CortexM3\ARM_GCC_493\Debug\cymetadata.o
LOAD .\CortexM3\ARM_GCC_493\Debug\Cm3Start.o
LOAD .\CortexM3\ARM_GCC_493\Debug\freesoc.a
LOAD C:\Program Files (x86)\Cypress\PSoC Creator\3.3\PSoC Creator\psoc\content\cycomponentlibrary\CyComponentLibrary.cylib\CortexM3\ARM_GCC_493\Debug\CyComponentLibrary.a
LOAD c:/program files (x86)/cypress/psoc creator/3.3/psoc creator/import/gnu/arm/4.9.3/bin/../lib/gcc/arm-none-eabi/4.9.3/../../../../arm-none-eabi/lib/armv7-m\libm.a
END GROUP
START GROUP
LOAD c:/program files (x86)/cypress/psoc creator/3.3/psoc creator/import/gnu/arm/4.9.3/bin/../lib/gcc/arm-none-eabi/4.9.3/armv7-m\libgcc.a
LOAD c:/program files (x86)/cypress/psoc creator/3.3/psoc creator/import/gnu/arm/4.9.3/bin/../lib/gcc/arm-none-eabi/4.9.3/../../../../arm-none-eabi/lib/armv7-m\libg_nano.a
LOAD c:/program files (x86)/cypress/psoc creator/3.3/psoc creator/import/gnu/arm/4.9.3/bin/../lib/gcc/arm-none-eabi/4.9.3/../../../../arm-none-eabi/lib/armv7-m\libc_nano.a
END GROUP
START GROUP
LOAD c:/program files (x86)/cypress/psoc creator/3.3/psoc creator/import/gnu/arm/4.9.3/bin/../lib/gcc/arm-none-eabi/4.9.3/armv7-m\libgcc.a
LOAD c:/program files (x86)/cypress/psoc creator/3.3/psoc creator/import/gnu/arm/4.9.3/bin/../lib/gcc/arm-none-eabi/4.9.3/../../../../arm-none-eabi/lib/armv7-m\libc_nano.a
END GROUP
LOAD c:/program files (x86)/cypress/psoc creator/3.3/psoc creator/import/gnu/arm/4.9.3/bin/../lib/gcc/arm-none-eabi/4.9.3/armv7-m/crtend.o
LOAD c:/program files (x86)/cypress/psoc creator/3.3/psoc creator/import/gnu/arm/4.9.3/bin/../lib/gcc/arm-none-eabi/4.9.3/armv7-m/crtn.o
START GROUP
LOAD c:/program files (x86)/cypress/psoc creator/3.3/psoc creator/import/gnu/arm/4.9.3/bin/../lib/gcc/arm-none-eabi/4.9.3/armv7-m\libgcc.a
LOAD c:/program files (x86)/cypress/psoc creator/3.3/psoc creator/import/gnu/arm/4.9.3/bin/../lib/gcc/arm-none-eabi/4.9.3/../../../../arm-none-eabi/lib/armv7-m\libc.a
LOAD c:/program files (x86)/cypress/psoc creator/3.3/psoc creator/import/gnu/arm/4.9.3/bin/../lib/gcc/arm-none-eabi/4.9.3/../../../../arm-none-eabi/lib/armv7-m\libnosys.a
END GROUP
                0x00000000                CY_APPL_ORIGIN = 0x0
                0x00000100                CY_FLASH_ROW_SIZE = 0x100
                0x00000020                CY_ECC_ROW_SIZE = 0x20
                0x00000000                CY_EE_IN_BTLDR = 0x0
                0x00000000                CY_APPL_LOADABLE = 0x0
                0x00000800                CY_EE_SIZE = 0x800
                0x00000001                CY_APPL_NUM = 0x1
                0x00000001                CY_APPL_MAX = 0x1
                0x00000040                CY_METADATA_SIZE = 0x40
                0x00000000                CY_APPL_LOADABLE = 0x0
                0x00000000                CY_CHECKSUM_EXCLUDE_SIZE = ALIGN (0x0, CY_FLASH_ROW_SIZE)
                0x1fff8ad0                PROVIDE (__cy_heap_start, _end)
                0x00000001                PROVIDE (__cy_region_num, ((__cy_regions_end - __cy_regions) / 0x10))
                0x20008000                PROVIDE (__cy_stack, (ORIGIN (ram) + 0x10000))
                0x20007800                PROVIDE (__cy_heap_end, (__cy_stack - 0x800))

.cybootloader   0x00000000        0x0
 *(.cybootloader)
                0x00000000                appl1_start = CY_APPL_ORIGIN?CY_APPL_ORIGIN:ALIGN (CY_FLASH_ROW_SIZE)
                0x0001ff00                appl2_start = (appl1_start + ALIGN ((((0x40000 - appl1_start) - (0x2 * CY_FLASH_ROW_SIZE)) / 0x2), CY_FLASH_ROW_SIZE))
                0x00000000                appl_start = (CY_APPL_NUM == 0x1)?appl1_start:appl2_start
                0x00000000                ecc_offset = ((appl_start / CY_FLASH_ROW_SIZE) * CY_ECC_ROW_SIZE)
                0x00000000                ee_offset = (CY_APPL_LOADABLE && ! (CY_EE_IN_BTLDR))?((CY_EE_SIZE / CY_APPL_MAX) * (CY_APPL_NUM - 0x1)):0x0
                0x00000800                ee_size = (CY_APPL_LOADABLE && ! (CY_EE_IN_BTLDR))?(CY_EE_SIZE / CY_APPL_MAX):CY_EE_SIZE
                0x00000000                PROVIDE (CY_ECC_OFFSET, ecc_offset)

.text           0x00000000     0xca74
 CREATE_OBJECT_SYMBOLS
                0x00000000                PROVIDE (__cy_interrupt_vector, RomVectors)
 *(.romvectors)
 .romvectors    0x00000000       0x10 .\CortexM3\ARM_GCC_493\Debug\Cm3Start.o
                0x00000000                RomVectors
                0x00000001                ASSERT ((. != __cy_interrupt_vector), No interrupt vector)
                0x00000001                ASSERT (CY_APPL_ORIGIN?(SIZEOF (.cybootloader) <= CY_APPL_ORIGIN):0x1, Wrong image location)
                0x00000010                PROVIDE (__cy_reset, Reset)
 *(.text.Reset)
 .text.Reset    0x00000010       0x18 .\CortexM3\ARM_GCC_493\Debug\Cm3Start.o
                0x00000010                Reset
                0x00000001                ASSERT ((. != __cy_reset), No reset code)
 *(.dma_init)
                0x00000001                ASSERT ((((appl_start + .) <= 0x10000) || 0x1), DMA Init must be within the first 64k of flash)
 *(.text .text.* .gnu.linkonce.t.*)
 .text          0x00000028       0x5c c:/program files (x86)/cypress/psoc creator/3.3/psoc creator/import/gnu/arm/4.9.3/bin/../lib/gcc/arm-none-eabi/4.9.3/armv7-m/crtbegin.o
 .text.main     0x00000084      0x11c .\CortexM3\ARM_GCC_493\Debug\main.o
                0x00000084                main
 .text.GetCommand
                0x000001a0       0xc4 .\CortexM3\ARM_GCC_493\Debug\cal.o
 .text.DisplayMenu
                0x00000264       0xa4 .\CortexM3\ARM_GCC_493\Debug\cal.o
 .text.SetCalibrationStatusBit
                0x00000308       0x24 .\CortexM3\ARM_GCC_493\Debug\cal.o
 .text.ClearCalibrationStatusBit
                0x0000032c       0x2c .\CortexM3\ARM_GCC_493\Debug\cal.o
 .text.Cal_Init
                0x00000358       0x10 .\CortexM3\ARM_GCC_493\Debug\cal.o
                0x00000358                Cal_Init
 .text.Cal_Start
                0x00000368       0x14 .\CortexM3\ARM_GCC_493\Debug\cal.o
                0x00000368                Cal_Start
 .text.Cal_ReadResponse
                0x0000037c       0x48 .\CortexM3\ARM_GCC_493\Debug\cal.o
                0x0000037c                Cal_ReadResponse
 .text.Cal_DisplayBias
                0x000003c4       0x2c .\CortexM3\ARM_GCC_493\Debug\cal.o
                0x000003c4                Cal_DisplayBias
 .text.Cal_CheckRequest
                0x000003f0       0xbc .\CortexM3\ARM_GCC_493\Debug\cal.o
                0x000003f0                Cal_CheckRequest
 .text.Cal_LeftGetMotorCalData
                0x000004ac       0x18 .\CortexM3\ARM_GCC_493\Debug\cal.o
                0x000004ac                Cal_LeftGetMotorCalData
 .text.Cal_RightGetMotorCalData
                0x000004c4       0x18 .\CortexM3\ARM_GCC_493\Debug\cal.o
                0x000004c4                Cal_RightGetMotorCalData
 .text.Cal_LeftGetPidGains
                0x000004dc        0xc .\CortexM3\ARM_GCC_493\Debug\cal.o
                0x000004dc                Cal_LeftGetPidGains
 .text.Cal_RightGetPidGains
                0x000004e8        0xc .\CortexM3\ARM_GCC_493\Debug\cal.o
                0x000004e8                Cal_RightGetPidGains
 .text.CalculateLeftRightSpeed
                0x000004f4       0x24 .\CortexM3\ARM_GCC_493\Debug\control.o
 .text.Control_Init
                0x00000518        0x4 .\CortexM3\ARM_GCC_493\Debug\control.o
                0x00000518                Control_Init
 .text.Control_Start
                0x0000051c        0x4 .\CortexM3\ARM_GCC_493\Debug\control.o
                0x0000051c                Control_Start
 .text.Control_Update
                0x00000520       0x2c .\CortexM3\ARM_GCC_493\Debug\control.o
                0x00000520                Control_Update
 .text.Control_LeftGetCmdVelocity
                0x0000054c        0xc .\CortexM3\ARM_GCC_493\Debug\control.o
                0x0000054c                Control_LeftGetCmdVelocity
 .text.Control_RightGetCmdVelocity
                0x00000558        0xc .\CortexM3\ARM_GCC_493\Debug\control.o
                0x00000558                Control_RightGetCmdVelocity
 .text.Debug_Init
                0x00000564       0x24 .\CortexM3\ARM_GCC_493\Debug\debug.o
                0x00000564                Debug_Init
 .text.Debug_Start
                0x00000588        0x4 .\CortexM3\ARM_GCC_493\Debug\debug.o
                0x00000588                Debug_Start
 .text.Diag_Init
                0x0000058c       0x18 .\CortexM3\ARM_GCC_493\Debug\diag.o
                0x0000058c                Diag_Init
 .text.Diag_Start
                0x000005a4        0x4 .\CortexM3\ARM_GCC_493\Debug\diag.o
                0x000005a4                Diag_Start
 .text.Diag_Update
                0x000005a8       0x38 .\CortexM3\ARM_GCC_493\Debug\diag.o
                0x000005a8                Diag_Update
 .text.Encoder_Sample
                0x000005e0       0x70 .\CortexM3\ARM_GCC_493\Debug\encoder.o
 .text.DumpEncoder
                0x00000650       0x6c .\CortexM3\ARM_GCC_493\Debug\encoder.o
 .text.Encoder_Init
                0x000006bc       0x48 .\CortexM3\ARM_GCC_493\Debug\encoder.o
                0x000006bc                Encoder_Init
 .text.Encoder_Start
                0x00000704       0x20 .\CortexM3\ARM_GCC_493\Debug\encoder.o
                0x00000704                Encoder_Start
 .text.Encoder_Update
                0x00000724       0x84 .\CortexM3\ARM_GCC_493\Debug\encoder.o
                0x00000724                Encoder_Update
 .text.Encoder_LeftGetCntsPerSec
                0x000007a8        0xc .\CortexM3\ARM_GCC_493\Debug\encoder.o
                0x000007a8                Encoder_LeftGetCntsPerSec
 .text.Encoder_RightGetCntsPerSec
                0x000007b4        0xc .\CortexM3\ARM_GCC_493\Debug\encoder.o
                0x000007b4                Encoder_RightGetCntsPerSec
 .text.Encoder_LeftGetMeterPerSec
                0x000007c0        0xc .\CortexM3\ARM_GCC_493\Debug\encoder.o
                0x000007c0                Encoder_LeftGetMeterPerSec
 .text.Encoder_RightGetMeterPerSec
                0x000007cc        0xc .\CortexM3\ARM_GCC_493\Debug\encoder.o
                0x000007cc                Encoder_RightGetMeterPerSec
 .text.Encoder_Reset
                0x000007d8       0x64 .\CortexM3\ARM_GCC_493\Debug\encoder.o
                0x000007d8                Encoder_Reset
 .text.I2c_Init
                0x0000083c       0x24 .\CortexM3\ARM_GCC_493\Debug\i2c.o
                0x0000083c                I2c_Init
 .text.I2c_Start
                0x00000860       0x24 .\CortexM3\ARM_GCC_493\Debug\i2c.o
                0x00000860                I2c_Start
 .text.I2c_ReadDeviceControl
                0x00000884       0x2c .\CortexM3\ARM_GCC_493\Debug\i2c.o
                0x00000884                I2c_ReadDeviceControl
 .text.I2c_ReadDebugControl
                0x000008b0       0x94 .\CortexM3\ARM_GCC_493\Debug\i2c.o
                0x000008b0                I2c_ReadDebugControl
 *fill*         0x00000944        0x4 
 .text.I2c_ReadCmdVelocity
                0x00000948      0x130 .\CortexM3\ARM_GCC_493\Debug\i2c.o
                0x00000948                I2c_ReadCmdVelocity
 .text.I2c_SetCalibrationStatusBit
                0x00000a78       0x38 .\CortexM3\ARM_GCC_493\Debug\i2c.o
                0x00000a78                I2c_SetCalibrationStatusBit
 .text.I2c_ClearCalibrationStatusBit
                0x00000ab0       0x3c .\CortexM3\ARM_GCC_493\Debug\i2c.o
                0x00000ab0                I2c_ClearCalibrationStatusBit
 .text.I2c_WriteOdom
                0x00000aec       0x94 .\CortexM3\ARM_GCC_493\Debug\i2c.o
                0x00000aec                I2c_WriteOdom
 .text.I2c_UpdateHeartbeat
                0x00000b80       0x2c .\CortexM3\ARM_GCC_493\Debug\i2c.o
                0x00000b80                I2c_UpdateHeartbeat
 .text.Interpolate
                0x00000bac       0x3c .\CortexM3\ARM_GCC_493\Debug\motor.o
 .text.calculate_pwm
                0x00000be8       0x74 .\CortexM3\ARM_GCC_493\Debug\motor.o
 .text.DumpMotor
                0x00000c5c       0x48 .\CortexM3\ARM_GCC_493\Debug\motor.o
 .text.calc_motor_output_from_cps
                0x00000ca4       0xac .\CortexM3\ARM_GCC_493\Debug\motor.o
 .text.RampSpeed
                0x00000d50       0x44 .\CortexM3\ARM_GCC_493\Debug\motor.o
 .text.CollectCpsPwmSamples
                0x00000d94       0x58 .\CortexM3\ARM_GCC_493\Debug\motor.o
 .text.Motor_Init
                0x00000dec       0x18 .\CortexM3\ARM_GCC_493\Debug\motor.o
                0x00000dec                Motor_Init
 .text.Motor_Start
                0x00000e04       0x48 .\CortexM3\ARM_GCC_493\Debug\motor.o
                0x00000e04                Motor_Start
 .text.Motor_LeftSetCntsPerSec
                0x00000e4c       0x18 .\CortexM3\ARM_GCC_493\Debug\motor.o
                0x00000e4c                Motor_LeftSetCntsPerSec
 .text.Motor_RightSetCntsPerSec
                0x00000e64       0x18 .\CortexM3\ARM_GCC_493\Debug\motor.o
                0x00000e64                Motor_RightSetCntsPerSec
 *fill*         0x00000e7c        0x4 
 .text.Motor_LeftSetMeterPerSec
                0x00000e80       0x28 .\CortexM3\ARM_GCC_493\Debug\motor.o
                0x00000e80                Motor_LeftSetMeterPerSec
 .text.Motor_RightSetMeterPerSec
                0x00000ea8       0x28 .\CortexM3\ARM_GCC_493\Debug\motor.o
                0x00000ea8                Motor_RightSetMeterPerSec
 .text.Motor_LeftGetPwm
                0x00000ed0        0xc .\CortexM3\ARM_GCC_493\Debug\motor.o
                0x00000ed0                Motor_LeftGetPwm
 .text.Motor_RightGetPwm
                0x00000edc        0xc .\CortexM3\ARM_GCC_493\Debug\motor.o
                0x00000edc                Motor_RightGetPwm
 .text.Motor_Stop
                0x00000ee8       0x20 .\CortexM3\ARM_GCC_493\Debug\motor.o
                0x00000ee8                Motor_Stop
 .text.Motor_CollectPwmCpsSamples
                0x00000f08       0xb4 .\CortexM3\ARM_GCC_493\Debug\motor.o
                0x00000f08                Motor_CollectPwmCpsSamples
 .text.Motor_LeftSetCalibration
                0x00000fbc        0xc .\CortexM3\ARM_GCC_493\Debug\motor.o
                0x00000fbc                Motor_LeftSetCalibration
 .text.Motor_RightSetCalibration
                0x00000fc8        0xc .\CortexM3\ARM_GCC_493\Debug\motor.o
                0x00000fc8                Motor_RightSetCalibration
 .text.Odom_Init
                0x00000fd4       0x14 .\CortexM3\ARM_GCC_493\Debug\odom.o
                0x00000fd4                Odom_Init
 .text.Odom_Start
                0x00000fe8        0x4 .\CortexM3\ARM_GCC_493\Debug\odom.o
                0x00000fe8                Odom_Start
 *fill*         0x00000fec        0x4 
 .text.calc_odom
                0x00000ff0      0x298 .\CortexM3\ARM_GCC_493\Debug\odom.o
                0x00000ff0                calc_odom
 .text.Odom_Update
                0x00001288       0x5c .\CortexM3\ARM_GCC_493\Debug\odom.o
                0x00001288                Odom_Update
 .text.Odom_Reset
                0x000012e4       0x28 .\CortexM3\ARM_GCC_493\Debug\odom.o
                0x000012e4                Odom_Reset
 .text.Odom_GetPosition
                0x0000130c       0x10 .\CortexM3\ARM_GCC_493\Debug\odom.o
                0x0000130c                Odom_GetPosition
 .text.Odom_GetHeading
                0x0000131c        0xc .\CortexM3\ARM_GCC_493\Debug\odom.o
                0x0000131c                Odom_GetHeading
 .text.ProcessPid
                0x00001328       0xb0 .\CortexM3\ARM_GCC_493\Debug\pid.o
 .text.DumpPid  0x000013d8       0x98 .\CortexM3\ARM_GCC_493\Debug\pid.o
 .text.Pid_Init
                0x00001470       0x68 .\CortexM3\ARM_GCC_493\Debug\pid.o
                0x00001470                Pid_Init
 .text.Pid_Start
                0x000014d8       0x30 .\CortexM3\ARM_GCC_493\Debug\pid.o
                0x000014d8                Pid_Start
 .text.Pid_Update
                0x00001508       0x7c .\CortexM3\ARM_GCC_493\Debug\pid.o
                0x00001508                Pid_Update
 .text.StepImpulse
                0x00001584       0x80 .\CortexM3\ARM_GCC_493\Debug\pid.o
 .text.Pid_LeftStepInput
                0x00001604       0x28 .\CortexM3\ARM_GCC_493\Debug\pid.o
                0x00001604                Pid_LeftStepInput
 .text.Pid_RightStepInput
                0x0000162c       0x28 .\CortexM3\ARM_GCC_493\Debug\pid.o
                0x0000162c                Pid_RightStepInput
 .text.Pid_SetLeftRightTarget
                0x00001654       0x10 .\CortexM3\ARM_GCC_493\Debug\pid.o
                0x00001654                Pid_SetLeftRightTarget
 .text.SysTickIsrHandler
                0x00001664       0x10 .\CortexM3\ARM_GCC_493\Debug\time.o
 .text.Time_Init
                0x00001674        0xc .\CortexM3\ARM_GCC_493\Debug\time.o
                0x00001674                Time_Init
 .text.Time_Start
                0x00001680       0x2c .\CortexM3\ARM_GCC_493\Debug\time.o
                0x00001680                Time_Start
 .text.millis   0x000016ac        0xc .\CortexM3\ARM_GCC_493\Debug\time.o
                0x000016ac                millis
 .text.Ultrasonic_Init
                0x000016b8        0x4 .\CortexM3\ARM_GCC_493\Debug\ultrasonic.o
                0x000016b8                Ultrasonic_Init
 .text.insert_zeros
                0x000016bc       0x30 .\CortexM3\ARM_GCC_493\Debug\utils.o
 .text.MovingAverageFloat
                0x000016ec       0x2c .\CortexM3\ARM_GCC_493\Debug\utils.o
                0x000016ec                MovingAverageFloat
 .text.Uint16ToTwoBytes
                0x00001718        0x8 .\CortexM3\ARM_GCC_493\Debug\utils.o
                0x00001718                Uint16ToTwoBytes
 .text.FloatToFourBytes
                0x00001720       0x20 .\CortexM3\ARM_GCC_493\Debug\utils.o
                0x00001720                FloatToFourBytes
 .text.ftoa     0x00001740       0xa4 .\CortexM3\ARM_GCC_493\Debug\utils.o
                0x00001740                ftoa
 .text.BinaryRangeSearch
                0x000017e4       0x50 .\CortexM3\ARM_GCC_493\Debug\utils.o
                0x000017e4                BinaryRangeSearch
 *fill*         0x00001834        0x4 
 .text.ConvertLinearAngularToDifferential
                0x00001838       0x70 .\CortexM3\ARM_GCC_493\Debug\utils.o
                0x00001838                ConvertLinearAngularToDifferential
 .text.initializeQueue
                0x000018a8       0x10 .\CortexM3\ARM_GCC_493\Debug\infrared.o
                0x000018a8                initializeQueue
 .text.Infrared_Init
                0x000018b8       0x30 .\CortexM3\ARM_GCC_493\Debug\infrared.o
                0x000018b8                Infrared_Init
 .text.PIDCompute
                0x000018e8       0xa4 .\CortexM3\ARM_GCC_493\Debug\pid_controller.o
                0x000018e8                PIDCompute
 .text.PIDOutputLimitsSet
                0x0000198c       0x5c .\CortexM3\ARM_GCC_493\Debug\pid_controller.o
                0x0000198c                PIDOutputLimitsSet
 .text.PIDTuningsSet
                0x000019e8       0x6c .\CortexM3\ARM_GCC_493\Debug\pid_controller.o
                0x000019e8                PIDTuningsSet
 .text.PIDInit  0x00001a54       0x54 .\CortexM3\ARM_GCC_493\Debug\pid_controller.o
                0x00001a54                PIDInit
 .text.PIDSetpointSet
                0x00001aa8        0x4 .\CortexM3\ARM_GCC_493\Debug\pid_controller.o
                0x00001aa8                PIDSetpointSet
 .text.PIDInputSet
                0x00001aac        0x4 .\CortexM3\ARM_GCC_493\Debug\pid_controller.o
                0x00001aac                PIDInputSet
 .text.Ser_Init
                0x00001ab0        0x4 .\CortexM3\ARM_GCC_493\Debug\serial.o
                0x00001ab0                Ser_Init
 .text.Ser_Start
                0x00001ab4       0x2c .\CortexM3\ARM_GCC_493\Debug\serial.o
                0x00001ab4                Ser_Start
 .text.Ser_Update
                0x00001ae0       0x14 .\CortexM3\ARM_GCC_493\Debug\serial.o
                0x00001ae0                Ser_Update
 .text.Ser_PutString
                0x00001af4       0x20 .\CortexM3\ARM_GCC_493\Debug\serial.o
                0x00001af4                Ser_PutString
 .text.Ser_ReadByte
                0x00001b14       0x1c .\CortexM3\ARM_GCC_493\Debug\serial.o
                0x00001b14                Ser_ReadByte
 .text.Ser_WriteByte
                0x00001b30       0x1c .\CortexM3\ARM_GCC_493\Debug\serial.o
                0x00001b30                Ser_WriteByte
 .text.Nvstore_Init
                0x00001b4c        0x4 .\CortexM3\ARM_GCC_493\Debug\nvstore.o
                0x00001b4c                Nvstore_Init
 .text.Nvstore_Start
                0x00001b50        0x8 .\CortexM3\ARM_GCC_493\Debug\nvstore.o
                0x00001b50                Nvstore_Start
 .text.Nvstore_WriteBytes
                0x00001b58       0xc8 .\CortexM3\ARM_GCC_493\Debug\nvstore.o
                0x00001b58                Nvstore_WriteBytes
 .text.Nvstore_WriteUint16
                0x00001c20       0x28 .\CortexM3\ARM_GCC_493\Debug\nvstore.o
                0x00001c20                Nvstore_WriteUint16
 .text.Nvstore_WriteFloat
                0x00001c48       0x2c .\CortexM3\ARM_GCC_493\Debug\nvstore.o
                0x00001c48                Nvstore_WriteFloat
 *fill*         0x00001c74        0x4 
 .text.Twiddle  0x00001c78      0x160 .\CortexM3\ARM_GCC_493\Debug\calpid.o
 .text.LeftTarget
                0x00001dd8        0xc .\CortexM3\ARM_GCC_493\Debug\calpid.o
 .text.RightTarget
                0x00001de4        0xc .\CortexM3\ARM_GCC_493\Debug\calpid.o
 .text.StoreLeftGains
                0x00001df0       0x3c .\CortexM3\ARM_GCC_493\Debug\calpid.o
 .text.StoreRightGains
                0x00001e2c       0x3c .\CortexM3\ARM_GCC_493\Debug\calpid.o
 .text.OutputGains
                0x00001e68       0x48 .\CortexM3\ARM_GCC_493\Debug\calpid.o
 .text.DoLeftTwiddle
                0x00001eb0       0x34 .\CortexM3\ARM_GCC_493\Debug\calpid.o
 .text.DoRightTwiddle
                0x00001ee4       0x34 .\CortexM3\ARM_GCC_493\Debug\calpid.o
 .text.PerformPidCalibration
                0x00001f18       0x48 .\CortexM3\ARM_GCC_493\Debug\calpid.o
                0x00001f18                PerformPidCalibration
 .text.ValidatePid
                0x00001f60       0xac .\CortexM3\ARM_GCC_493\Debug\calpid.o
                0x00001f60                ValidatePid
 *fill*         0x0000200c        0x4 
 .text.DoAngularBiasMotion
                0x00002010      0x100 .\CortexM3\ARM_GCC_493\Debug\calang.o
                0x00002010                DoAngularBiasMotion
 .text.CalibrateAngularBias
                0x00002110       0x6c .\CortexM3\ARM_GCC_493\Debug\calang.o
                0x00002110                CalibrateAngularBias
 .text.ValidateAngularBias
                0x0000217c       0x1c .\CortexM3\ARM_GCC_493\Debug\calang.o
                0x0000217c                ValidateAngularBias
 .text.DoLinearBiasMotion
                0x00002198       0xe0 .\CortexM3\ARM_GCC_493\Debug\callin.o
                0x00002198                DoLinearBiasMotion
 .text.CalibrateLinearBias
                0x00002278       0x6c .\CortexM3\ARM_GCC_493\Debug\callin.o
                0x00002278                CalibrateLinearBias
 .text.ValidateLinearBias
                0x000022e4       0x1c .\CortexM3\ARM_GCC_493\Debug\callin.o
                0x000022e4                ValidateLinearBias
 .text.Init     0x00002300       0x28 .\CortexM3\ARM_GCC_493\Debug\calmotor.o
 .text.CalculatePwmSamples
                0x00002328       0x64 .\CortexM3\ARM_GCC_493\Debug\calmotor.o
 .text.AddSamplesToSum
                0x0000238c       0x24 .\CortexM3\ARM_GCC_493\Debug\calmotor.o
 .text.CalculateAvgCpsSamples
                0x000023b0       0x20 .\CortexM3\ARM_GCC_493\Debug\calmotor.o
 .text.CalculateMinMaxCpsSample
                0x000023d0       0x38 .\CortexM3\ARM_GCC_493\Debug\calmotor.o
 .text.CalibrateWheelSpeed
                0x00002408       0x5c .\CortexM3\ARM_GCC_493\Debug\calmotor.o
 .text.StoreWheelSpeedSamples
                0x00002464       0x5c .\CortexM3\ARM_GCC_493\Debug\calmotor.o
 .text.OutputSamples
                0x000024c0       0x64 .\CortexM3\ARM_GCC_493\Debug\calmotor.o
 .text.OutputVelocities
                0x00002524       0x40 .\CortexM3\ARM_GCC_493\Debug\calmotor.o
 .text.DoVelocityValidation
                0x00002564       0x68 .\CortexM3\ARM_GCC_493\Debug\calmotor.o
 .text.PerformMotorCalibration
                0x000025cc      0x134 .\CortexM3\ARM_GCC_493\Debug\calmotor.o
                0x000025cc                PerformMotorCalibration
 .text.ValidateMotorVelocity
                0x00002700       0xd0 .\CortexM3\ARM_GCC_493\Debug\calmotor.o
                0x00002700                ValidateMotorVelocity
 .text.IntDefaultHandler
                0x000027d0        0x4 .\CortexM3\ARM_GCC_493\Debug\Cm3Start.o
                0x000027d0                IntDefaultHandler
 .text._exit    0x000027d4        0xc .\CortexM3\ARM_GCC_493\Debug\Cm3Start.o
                0x000027d4                _exit
 .text._sbrk    0x000027e0       0x30 .\CortexM3\ARM_GCC_493\Debug\Cm3Start.o
                0x000027e0                _sbrk
 .text.Start_c  0x00002810       0x4c .\CortexM3\ARM_GCC_493\Debug\Cm3Start.o
                0x00002810                Start_c
 .text.initialize_psoc
                0x0000285c       0x74 .\CortexM3\ARM_GCC_493\Debug\Cm3Start.o
                0x0000285c                initialize_psoc
 .text.cfg_write_bytes32
                0x000028d0       0x34 .\CortexM3\ARM_GCC_493\Debug\freesoc.a(cyfitter_cfg.o)
 .text.CYMEMZERO
                0x00002904        0xc .\CortexM3\ARM_GCC_493\Debug\freesoc.a(cyfitter_cfg.o)
 .text.ClockSetup
                0x00002910       0xe4 .\CortexM3\ARM_GCC_493\Debug\freesoc.a(cyfitter_cfg.o)
 .text.AnalogSetDefault
                0x000029f4       0x80 .\CortexM3\ARM_GCC_493\Debug\freesoc.a(cyfitter_cfg.o)
 .text.CYCONFIGCPY
                0x00002a74        0x8 .\CortexM3\ARM_GCC_493\Debug\freesoc.a(cyfitter_cfg.o)
 .text.Front_AMuxSeq_DisconnectAll
                0x00002a7c       0x18 .\CortexM3\ARM_GCC_493\Debug\freesoc.a(cyfitter_cfg.o)
                0x00002a7c                Front_AMuxSeq_DisconnectAll
 .text.Rear_AMuxSeq_DisconnectAll
                0x00002a94       0x18 .\CortexM3\ARM_GCC_493\Debug\freesoc.a(cyfitter_cfg.o)
                0x00002a94                Rear_AMuxSeq_DisconnectAll
 .text.cyfitter_cfg
                0x00002aac      0x188 .\CortexM3\ARM_GCC_493\Debug\freesoc.a(cyfitter_cfg.o)
                0x00002aac                cyfitter_cfg
 .text.Left_HB25_Enable_Pin_Write
                0x00002c34       0x18 .\CortexM3\ARM_GCC_493\Debug\freesoc.a(Left_HB25_Enable_Pin.o)
                0x00002c34                Left_HB25_Enable_Pin_Write
 .text.Left_HB25_PWM_Stop
                0x00002c4c        0x4 .\CortexM3\ARM_GCC_493\Debug\freesoc.a(Left_HB25_PWM.o)
                0x00002c4c                Left_HB25_PWM_Stop
 .text.Left_HB25_PWM_WriteCounter
                0x00002c50        0xc .\CortexM3\ARM_GCC_493\Debug\freesoc.a(Left_HB25_PWM.o)
                0x00002c50                Left_HB25_PWM_WriteCounter
 .text.Left_HB25_PWM_WritePeriod
                0x00002c5c        0xc .\CortexM3\ARM_GCC_493\Debug\freesoc.a(Left_HB25_PWM.o)
                0x00002c5c                Left_HB25_PWM_WritePeriod
 .text.Left_HB25_PWM_WriteCompare
                0x00002c68        0xc .\CortexM3\ARM_GCC_493\Debug\freesoc.a(Left_HB25_PWM.o)
                0x00002c68                Left_HB25_PWM_WriteCompare
 .text.Left_HB25_PWM_Init
                0x00002c74       0x34 .\CortexM3\ARM_GCC_493\Debug\freesoc.a(Left_HB25_PWM.o)
                0x00002c74                Left_HB25_PWM_Init
 .text.Left_HB25_PWM_Start
                0x00002ca8       0x18 .\CortexM3\ARM_GCC_493\Debug\freesoc.a(Left_HB25_PWM.o)
                0x00002ca8                Left_HB25_PWM_Start
 .text.Right_HB25_Enable_Pin_Write
                0x00002cc0       0x18 .\CortexM3\ARM_GCC_493\Debug\freesoc.a(Right_HB25_Enable_Pin.o)
                0x00002cc0                Right_HB25_Enable_Pin_Write
 .text.Right_HB25_PWM_Stop
                0x00002cd8        0x4 .\CortexM3\ARM_GCC_493\Debug\freesoc.a(Right_HB25_PWM.o)
                0x00002cd8                Right_HB25_PWM_Stop
 .text.Right_HB25_PWM_WriteCounter
                0x00002cdc        0xc .\CortexM3\ARM_GCC_493\Debug\freesoc.a(Right_HB25_PWM.o)
                0x00002cdc                Right_HB25_PWM_WriteCounter
 .text.Right_HB25_PWM_WritePeriod
                0x00002ce8        0xc .\CortexM3\ARM_GCC_493\Debug\freesoc.a(Right_HB25_PWM.o)
                0x00002ce8                Right_HB25_PWM_WritePeriod
 .text.Right_HB25_PWM_WriteCompare
                0x00002cf4        0xc .\CortexM3\ARM_GCC_493\Debug\freesoc.a(Right_HB25_PWM.o)
                0x00002cf4                Right_HB25_PWM_WriteCompare
 .text.Right_HB25_PWM_Init
                0x00002d00       0x34 .\CortexM3\ARM_GCC_493\Debug\freesoc.a(Right_HB25_PWM.o)
                0x00002d00                Right_HB25_PWM_Init
 .text.Right_HB25_PWM_Start
                0x00002d34       0x18 .\CortexM3\ARM_GCC_493\Debug\freesoc.a(Right_HB25_PWM.o)
                0x00002d34                Right_HB25_PWM_Start
 *fill*         0x00002d4c        0x4 
 .text          0x00002d50       0x20 .\CortexM3\ARM_GCC_493\Debug\freesoc.a(CyBootAsmGnu.o)
                0x00002d50                CyDelayCycles
                0x00002d60                CyEnterCriticalSection
                0x00002d68                CyExitCriticalSection
 .text.CyHalt   0x00002d70        0x4 .\CortexM3\ARM_GCC_493\Debug\freesoc.a(CyLib.o)
                0x00002d70                CyHalt
 .text.CyDelay  0x00002d74       0x2c .\CortexM3\ARM_GCC_493\Debug\freesoc.a(CyLib.o)
                0x00002d74                CyDelay
 .text.CyDelayUs
                0x00002da0       0x14 .\CortexM3\ARM_GCC_493\Debug\freesoc.a(CyLib.o)
                0x00002da0                CyDelayUs
 .text.CyIntSetSysVector
                0x00002db4       0x28 .\CortexM3\ARM_GCC_493\Debug\freesoc.a(CyLib.o)
                0x00002db4                CyIntSetSysVector
 .text.CyIntSetVector
                0x00002ddc       0x28 .\CortexM3\ARM_GCC_493\Debug\freesoc.a(CyLib.o)
                0x00002ddc                CyIntSetVector
 .text.CyIntSetPriority
                0x00002e04       0x30 .\CortexM3\ARM_GCC_493\Debug\freesoc.a(CyLib.o)
                0x00002e04                CyIntSetPriority
 .text.CySysTickEnableInterrupt
                0x00002e34       0x10 .\CortexM3\ARM_GCC_493\Debug\freesoc.a(CyLib.o)
                0x00002e34                CySysTickEnableInterrupt
 .text.CySysTickEnable
                0x00002e44       0x18 .\CortexM3\ARM_GCC_493\Debug\freesoc.a(CyLib.o)
                0x00002e44                CySysTickEnable
 .text.CySysTickSetReload
                0x00002e5c       0x10 .\CortexM3\ARM_GCC_493\Debug\freesoc.a(CyLib.o)
                0x00002e5c                CySysTickSetReload
 .text.CySysTickSetClockSource
                0x00002e6c       0x20 .\CortexM3\ARM_GCC_493\Debug\freesoc.a(CyLib.o)
                0x00002e6c                CySysTickSetClockSource
 .text.CySysTickGetCountFlag
                0x00002e8c       0x10 .\CortexM3\ARM_GCC_493\Debug\freesoc.a(CyLib.o)
                0x00002e8c                CySysTickGetCountFlag
 .text.CySysTickServiceCallbacks
                0x00002e9c       0x28 .\CortexM3\ARM_GCC_493\Debug\freesoc.a(CyLib.o)
 .text.CySysTickClear
                0x00002ec4        0xc .\CortexM3\ARM_GCC_493\Debug\freesoc.a(CyLib.o)
                0x00002ec4                CySysTickClear
 .text.CySysTickInit
                0x00002ed0       0x58 .\CortexM3\ARM_GCC_493\Debug\freesoc.a(CyLib.o)
                0x00002ed0                CySysTickInit
 .text.CySysTickStart
                0x00002f28       0x1c .\CortexM3\ARM_GCC_493\Debug\freesoc.a(CyLib.o)
                0x00002f28                CySysTickStart
 .text.CySysTickSetCallback
                0x00002f44       0x10 .\CortexM3\ARM_GCC_493\Debug\freesoc.a(CyLib.o)
                0x00002f44                CySysTickSetCallback
 .text.CySysTickGetCallback
                0x00002f54       0x10 .\CortexM3\ARM_GCC_493\Debug\freesoc.a(CyLib.o)
                0x00002f54                CySysTickGetCallback
 .text.CyGetUniqueId
                0x00002f64       0x70 .\CortexM3\ARM_GCC_493\Debug\freesoc.a(CyLib.o)
                0x00002f64                CyGetUniqueId
 .text.EZI2C_Slave_Init
                0x00002fd4       0x70 .\CortexM3\ARM_GCC_493\Debug\freesoc.a(EZI2C_Slave.o)
                0x00002fd4                EZI2C_Slave_Init
 .text.EZI2C_Slave_Enable
                0x00003044       0x30 .\CortexM3\ARM_GCC_493\Debug\freesoc.a(EZI2C_Slave.o)
                0x00003044                EZI2C_Slave_Enable
 .text.EZI2C_Slave_Start
                0x00003074       0x1c .\CortexM3\ARM_GCC_493\Debug\freesoc.a(EZI2C_Slave.o)
                0x00003074                EZI2C_Slave_Start
 .text.EZI2C_Slave_GetActivity
                0x00003090       0x28 .\CortexM3\ARM_GCC_493\Debug\freesoc.a(EZI2C_Slave.o)
                0x00003090                EZI2C_Slave_GetActivity
 .text.EZI2C_Slave_SetBuffer1
                0x000030b8       0x50 .\CortexM3\ARM_GCC_493\Debug\freesoc.a(EZI2C_Slave.o)
                0x000030b8                EZI2C_Slave_SetBuffer1
 .text.EZI2C_Slave_ISR
                0x00003108      0x1c4 .\CortexM3\ARM_GCC_493\Debug\freesoc.a(EZI2C_Slave_INT.o)
                0x00003108                EZI2C_Slave_ISR
 .text.Mainloop_Pin_Write
                0x000032cc       0x18 .\CortexM3\ARM_GCC_493\Debug\freesoc.a(Mainloop_Pin.o)
                0x000032cc                Mainloop_Pin_Write
 .text.EEPROM_Enable
                0x000032e4        0xc .\CortexM3\ARM_GCC_493\Debug\freesoc.a(EEPROM.o)
                0x000032e4                EEPROM_Enable
 .text.EEPROM_Start
                0x000032f0        0x8 .\CortexM3\ARM_GCC_493\Debug\freesoc.a(EEPROM.o)
                0x000032f0                EEPROM_Start
 .text.EEPROM_WriteByte
                0x000032f8       0xd4 .\CortexM3\ARM_GCC_493\Debug\freesoc.a(EEPROM.o)
                0x000032f8                EEPROM_WriteByte
 .text.EEPROM_Write
                0x000033cc       0xb4 .\CortexM3\ARM_GCC_493\Debug\freesoc.a(EEPROM.o)
                0x000033cc                EEPROM_Write
 .text.Right_QuadDec_Init
                0x00003480       0x24 .\CortexM3\ARM_GCC_493\Debug\freesoc.a(Right_QuadDec.o)
                0x00003480                Right_QuadDec_Init
 .text.Right_QuadDec_GetCounter
                0x000034a4       0x2c .\CortexM3\ARM_GCC_493\Debug\freesoc.a(Right_QuadDec.o)
                0x000034a4                Right_QuadDec_GetCounter
 .text.Right_QuadDec_SetCounter
                0x000034d0       0x28 .\CortexM3\ARM_GCC_493\Debug\freesoc.a(Right_QuadDec.o)
                0x000034d0                Right_QuadDec_SetCounter
 .text.Right_QuadDec_GetEvents
                0x000034f8       0x10 .\CortexM3\ARM_GCC_493\Debug\freesoc.a(Right_QuadDec.o)
                0x000034f8                Right_QuadDec_GetEvents
 .text.Right_QuadDec_SetInterruptMask
                0x00003508       0x10 .\CortexM3\ARM_GCC_493\Debug\freesoc.a(Right_QuadDec.o)
                0x00003508                Right_QuadDec_SetInterruptMask
 .text.Right_QuadDec_Enable
                0x00003518       0x30 .\CortexM3\ARM_GCC_493\Debug\freesoc.a(Right_QuadDec.o)
                0x00003518                Right_QuadDec_Enable
 .text.Right_QuadDec_Start
                0x00003548       0x34 .\CortexM3\ARM_GCC_493\Debug\freesoc.a(Right_QuadDec.o)
                0x00003548                Right_QuadDec_Start
 .text.Right_QuadDec_ISR
                0x0000357c       0x40 .\CortexM3\ARM_GCC_493\Debug\freesoc.a(Right_QuadDec_INT.o)
                0x0000357c                Right_QuadDec_ISR
 .text.Right_QuadDec_Cnt16_Enable
                0x000035bc       0x10 .\CortexM3\ARM_GCC_493\Debug\freesoc.a(Right_QuadDec_Cnt16.o)
                0x000035bc                Right_QuadDec_Cnt16_Enable
 .text.Right_QuadDec_Cnt16_SetInterruptMode
                0x000035cc        0xc .\CortexM3\ARM_GCC_493\Debug\freesoc.a(Right_QuadDec_Cnt16.o)
                0x000035cc                Right_QuadDec_Cnt16_SetInterruptMode
 .text.Right_QuadDec_Cnt16_ReadStatusRegister
                0x000035d8        0xc .\CortexM3\ARM_GCC_493\Debug\freesoc.a(Right_QuadDec_Cnt16.o)
                0x000035d8                Right_QuadDec_Cnt16_ReadStatusRegister
 .text.Right_QuadDec_Cnt16_WriteCounter
                0x000035e4        0xc .\CortexM3\ARM_GCC_493\Debug\freesoc.a(Right_QuadDec_Cnt16.o)
                0x000035e4                Right_QuadDec_Cnt16_WriteCounter
 .text.Right_QuadDec_Cnt16_ReadCounter
                0x000035f0       0x14 .\CortexM3\ARM_GCC_493\Debug\freesoc.a(Right_QuadDec_Cnt16.o)
                0x000035f0                Right_QuadDec_Cnt16_ReadCounter
 .text.Right_QuadDec_Cnt16_ReadCapture
                0x00003604        0xc .\CortexM3\ARM_GCC_493\Debug\freesoc.a(Right_QuadDec_Cnt16.o)
                0x00003604                Right_QuadDec_Cnt16_ReadCapture
 .text.Right_QuadDec_Cnt16_WritePeriod
                0x00003610        0xc .\CortexM3\ARM_GCC_493\Debug\freesoc.a(Right_QuadDec_Cnt16.o)
                0x00003610                Right_QuadDec_Cnt16_WritePeriod
 .text.Right_QuadDec_Cnt16_WriteCompare
                0x0000361c        0xc .\CortexM3\ARM_GCC_493\Debug\freesoc.a(Right_QuadDec_Cnt16.o)
                0x0000361c                Right_QuadDec_Cnt16_WriteCompare
 .text.Right_QuadDec_Cnt16_ClearFIFO
                0x00003628       0x14 .\CortexM3\ARM_GCC_493\Debug\freesoc.a(Right_QuadDec_Cnt16.o)
                0x00003628                Right_QuadDec_Cnt16_ClearFIFO
 .text.Right_QuadDec_Cnt16_Init
                0x0000363c       0x58 .\CortexM3\ARM_GCC_493\Debug\freesoc.a(Right_QuadDec_Cnt16.o)
                0x0000363c                Right_QuadDec_Cnt16_Init
 .text.Right_QuadDec_Cnt16_Start
                0x00003694       0x1c .\CortexM3\ARM_GCC_493\Debug\freesoc.a(Right_QuadDec_Cnt16.o)
                0x00003694                Right_QuadDec_Cnt16_Start
 .text.Left_QuadDec_Init
                0x000036b0       0x24 .\CortexM3\ARM_GCC_493\Debug\freesoc.a(Left_QuadDec.o)
                0x000036b0                Left_QuadDec_Init
 .text.Left_QuadDec_GetCounter
                0x000036d4       0x2c .\CortexM3\ARM_GCC_493\Debug\freesoc.a(Left_QuadDec.o)
                0x000036d4                Left_QuadDec_GetCounter
 .text.Left_QuadDec_SetCounter
                0x00003700       0x28 .\CortexM3\ARM_GCC_493\Debug\freesoc.a(Left_QuadDec.o)
                0x00003700                Left_QuadDec_SetCounter
 .text.Left_QuadDec_GetEvents
                0x00003728       0x10 .\CortexM3\ARM_GCC_493\Debug\freesoc.a(Left_QuadDec.o)
                0x00003728                Left_QuadDec_GetEvents
 .text.Left_QuadDec_SetInterruptMask
                0x00003738       0x10 .\CortexM3\ARM_GCC_493\Debug\freesoc.a(Left_QuadDec.o)
                0x00003738                Left_QuadDec_SetInterruptMask
 .text.Left_QuadDec_Enable
                0x00003748       0x30 .\CortexM3\ARM_GCC_493\Debug\freesoc.a(Left_QuadDec.o)
                0x00003748                Left_QuadDec_Enable
 .text.Left_QuadDec_Start
                0x00003778       0x34 .\CortexM3\ARM_GCC_493\Debug\freesoc.a(Left_QuadDec.o)
                0x00003778                Left_QuadDec_Start
 .text.Left_QuadDec_ISR
                0x000037ac       0x40 .\CortexM3\ARM_GCC_493\Debug\freesoc.a(Left_QuadDec_INT.o)
                0x000037ac                Left_QuadDec_ISR
 .text.Left_QuadDec_Cnt16_Enable
                0x000037ec       0x10 .\CortexM3\ARM_GCC_493\Debug\freesoc.a(Left_QuadDec_Cnt16.o)
                0x000037ec                Left_QuadDec_Cnt16_Enable
 .text.Left_QuadDec_Cnt16_SetInterruptMode
                0x000037fc        0xc .\CortexM3\ARM_GCC_493\Debug\freesoc.a(Left_QuadDec_Cnt16.o)
                0x000037fc                Left_QuadDec_Cnt16_SetInterruptMode
 .text.Left_QuadDec_Cnt16_ReadStatusRegister
                0x00003808        0xc .\CortexM3\ARM_GCC_493\Debug\freesoc.a(Left_QuadDec_Cnt16.o)
                0x00003808                Left_QuadDec_Cnt16_ReadStatusRegister
 .text.Left_QuadDec_Cnt16_WriteCounter
                0x00003814        0xc .\CortexM3\ARM_GCC_493\Debug\freesoc.a(Left_QuadDec_Cnt16.o)
                0x00003814                Left_QuadDec_Cnt16_WriteCounter
 .text.Left_QuadDec_Cnt16_ReadCounter
                0x00003820       0x14 .\CortexM3\ARM_GCC_493\Debug\freesoc.a(Left_QuadDec_Cnt16.o)
                0x00003820                Left_QuadDec_Cnt16_ReadCounter
 .text.Left_QuadDec_Cnt16_ReadCapture
                0x00003834        0xc .\CortexM3\ARM_GCC_493\Debug\freesoc.a(Left_QuadDec_Cnt16.o)
                0x00003834                Left_QuadDec_Cnt16_ReadCapture
 .text.Left_QuadDec_Cnt16_WritePeriod
                0x00003840        0xc .\CortexM3\ARM_GCC_493\Debug\freesoc.a(Left_QuadDec_Cnt16.o)
                0x00003840                Left_QuadDec_Cnt16_WritePeriod
 .text.Left_QuadDec_Cnt16_WriteCompare
                0x0000384c        0xc .\CortexM3\ARM_GCC_493\Debug\freesoc.a(Left_QuadDec_Cnt16.o)
                0x0000384c                Left_QuadDec_Cnt16_WriteCompare
 .text.Left_QuadDec_Cnt16_ClearFIFO
                0x00003858       0x14 .\CortexM3\ARM_GCC_493\Debug\freesoc.a(Left_QuadDec_Cnt16.o)
                0x00003858                Left_QuadDec_Cnt16_ClearFIFO
 .text.Left_QuadDec_Cnt16_Init
                0x0000386c       0x58 .\CortexM3\ARM_GCC_493\Debug\freesoc.a(Left_QuadDec_Cnt16.o)
                0x0000386c                Left_QuadDec_Cnt16_Init
 .text.Left_QuadDec_Cnt16_Start
                0x000038c4       0x1c .\CortexM3\ARM_GCC_493\Debug\freesoc.a(Left_QuadDec_Cnt16.o)
                0x000038c4                Left_QuadDec_Cnt16_Start
 .text.USBUART_Init
                0x000038e0      0x140 .\CortexM3\ARM_GCC_493\Debug\freesoc.a(USBUART.o)
                0x000038e0                USBUART_Init
 .text.USBUART_InitComponent
                0x00003a20       0xd4 .\CortexM3\ARM_GCC_493\Debug\freesoc.a(USBUART.o)
                0x00003a20                USBUART_InitComponent
 .text.USBUART_Start
                0x00003af4       0x24 .\CortexM3\ARM_GCC_493\Debug\freesoc.a(USBUART.o)
                0x00003af4                USBUART_Start
 .text.USBUART_ReInitComponent
                0x00003b18       0x64 .\CortexM3\ARM_GCC_493\Debug\freesoc.a(USBUART.o)
                0x00003b18                USBUART_ReInitComponent
 .text.USBUART_GetConfiguration
                0x00003b7c        0xc .\CortexM3\ARM_GCC_493\Debug\freesoc.a(USBUART.o)
                0x00003b7c                USBUART_GetConfiguration
 .text.USBUART_IsConfigurationChanged
                0x00003b88       0x20 .\CortexM3\ARM_GCC_493\Debug\freesoc.a(USBUART.o)
                0x00003b88                USBUART_IsConfigurationChanged
 .text.USBUART_GetEPState
                0x00003ba8       0x14 .\CortexM3\ARM_GCC_493\Debug\freesoc.a(USBUART.o)
                0x00003ba8                USBUART_GetEPState
 .text.USBUART_GetEPCount
                0x00003bbc       0x28 .\CortexM3\ARM_GCC_493\Debug\freesoc.a(USBUART.o)
                0x00003bbc                USBUART_GetEPCount
 .text.USBUART_LoadInEP
                0x00003be4       0x94 .\CortexM3\ARM_GCC_493\Debug\freesoc.a(USBUART.o)
                0x00003be4                USBUART_LoadInEP
 .text.USBUART_EnableOutEP
                0x00003c78       0x2c .\CortexM3\ARM_GCC_493\Debug\freesoc.a(USBUART.o)
                0x00003c78                USBUART_EnableOutEP
 .text.USBUART_ReadOutEP
                0x00003ca4       0x50 .\CortexM3\ARM_GCC_493\Debug\freesoc.a(USBUART.o)
                0x00003ca4                USBUART_ReadOutEP
 .text.USBUART_StrLen
                0x00003cf4       0x14 .\CortexM3\ARM_GCC_493\Debug\freesoc.a(USBUART_cdc.o)
 .text.USBUART_GetInterfaceComPort
                0x00003d08       0x3c .\CortexM3\ARM_GCC_493\Debug\freesoc.a(USBUART_cdc.o)
                0x00003d08                USBUART_GetInterfaceComPort
 .text.USBUART_DispatchCDCClassRqst
                0x00003d44       0x98 .\CortexM3\ARM_GCC_493\Debug\freesoc.a(USBUART_cdc.o)
                0x00003d44                USBUART_DispatchCDCClassRqst
 .text.USBUART_CDC_Init
                0x00003ddc       0x98 .\CortexM3\ARM_GCC_493\Debug\freesoc.a(USBUART_cdc.o)
                0x00003ddc                USBUART_CDC_Init
 .text.USBUART_PutString
                0x00003e74       0x9c .\CortexM3\ARM_GCC_493\Debug\freesoc.a(USBUART_cdc.o)
                0x00003e74                USBUART_PutString
 .text.USBUART_PutChar
                0x00003f10       0x28 .\CortexM3\ARM_GCC_493\Debug\freesoc.a(USBUART_cdc.o)
                0x00003f10                USBUART_PutChar
 .text.USBUART_DataIsReady
                0x00003f38       0x18 .\CortexM3\ARM_GCC_493\Debug\freesoc.a(USBUART_cdc.o)
                0x00003f38                USBUART_DataIsReady
 .text.USBUART_CDCIsReady
                0x00003f50       0x18 .\CortexM3\ARM_GCC_493\Debug\freesoc.a(USBUART_cdc.o)
                0x00003f50                USBUART_CDCIsReady
 .text.USBUART_GetChar
                0x00003f68       0x28 .\CortexM3\ARM_GCC_493\Debug\freesoc.a(USBUART_cdc.o)
                0x00003f68                USBUART_GetChar
 .text.USBUART_Cdc_EpInit
                0x00003f90       0x50 .\CortexM3\ARM_GCC_493\Debug\freesoc.a(USBUART_cdc.o)
                0x00003f90                USBUART_Cdc_EpInit
 .text.USBUART_LoadEP0
                0x00003fe0       0x94 .\CortexM3\ARM_GCC_493\Debug\freesoc.a(USBUART_drv.o)
                0x00003fe0                USBUART_LoadEP0
 .text.USBUART_InitZeroLengthControlTransfer
                0x00004074       0x34 .\CortexM3\ARM_GCC_493\Debug\freesoc.a(USBUART_drv.o)
                0x00004074                USBUART_InitZeroLengthControlTransfer
 .text.USBUART_ControlReadDataStage
                0x000040a8        0x8 .\CortexM3\ARM_GCC_493\Debug\freesoc.a(USBUART_drv.o)
                0x000040a8                USBUART_ControlReadDataStage
 .text.USBUART_ControlWriteDataStage
                0x000040b0       0x80 .\CortexM3\ARM_GCC_493\Debug\freesoc.a(USBUART_drv.o)
                0x000040b0                USBUART_ControlWriteDataStage
 .text.USBUART_InitNoDataControlTransfer
                0x00004130       0x2c .\CortexM3\ARM_GCC_493\Debug\freesoc.a(USBUART_drv.o)
                0x00004130                USBUART_InitNoDataControlTransfer
 .text.USBUART_UpdateStatusBlock
                0x0000415c       0x24 .\CortexM3\ARM_GCC_493\Debug\freesoc.a(USBUART_drv.o)
                0x0000415c                USBUART_UpdateStatusBlock
 .text.USBUART_HandleSetup
                0x00004180       0x5c .\CortexM3\ARM_GCC_493\Debug\freesoc.a(USBUART_drv.o)
                0x00004180                USBUART_HandleSetup
 .text.USBUART_ControlReadStatusStage
                0x000041dc       0x34 .\CortexM3\ARM_GCC_493\Debug\freesoc.a(USBUART_drv.o)
                0x000041dc                USBUART_ControlReadStatusStage
 .text.USBUART_HandleOUT
                0x00004210       0x38 .\CortexM3\ARM_GCC_493\Debug\freesoc.a(USBUART_drv.o)
                0x00004210                USBUART_HandleOUT
 .text.USBUART_ControlWriteStatusStage
                0x00004248       0x20 .\CortexM3\ARM_GCC_493\Debug\freesoc.a(USBUART_drv.o)
                0x00004248                USBUART_ControlWriteStatusStage
 .text.USBUART_NoDataControlStatusStage
                0x00004268       0x40 .\CortexM3\ARM_GCC_493\Debug\freesoc.a(USBUART_drv.o)
                0x00004268                USBUART_NoDataControlStatusStage
 .text.USBUART_HandleIN
                0x000042a8       0x2c .\CortexM3\ARM_GCC_493\Debug\freesoc.a(USBUART_drv.o)
                0x000042a8                USBUART_HandleIN
 .text.USBUART_EP_0_ISR
                0x000042d4       0xb8 .\CortexM3\ARM_GCC_493\Debug\freesoc.a(USBUART_drv.o)
                0x000042d4                USBUART_EP_0_ISR
 .text.USBUART_InitializeStatusBlock
                0x0000438c       0x24 .\CortexM3\ARM_GCC_493\Debug\freesoc.a(USBUART_drv.o)
                0x0000438c                USBUART_InitializeStatusBlock
 .text.USBUART_InitControlRead
                0x000043b0       0x50 .\CortexM3\ARM_GCC_493\Debug\freesoc.a(USBUART_drv.o)
                0x000043b0                USBUART_InitControlRead
 .text.USBUART_InitControlWrite
                0x00004400       0x48 .\CortexM3\ARM_GCC_493\Debug\freesoc.a(USBUART_drv.o)
                0x00004400                USBUART_InitControlWrite
 .text.USBUART_EP_1_ISR
                0x00004448       0x38 .\CortexM3\ARM_GCC_493\Debug\freesoc.a(USBUART_episr.o)
                0x00004448                USBUART_EP_1_ISR
 .text.USBUART_EP_2_ISR
                0x00004480       0x3c .\CortexM3\ARM_GCC_493\Debug\freesoc.a(USBUART_episr.o)
                0x00004480                USBUART_EP_2_ISR
 .text.USBUART_EP_3_ISR
                0x000044bc       0x44 .\CortexM3\ARM_GCC_493\Debug\freesoc.a(USBUART_episr.o)
                0x000044bc                USBUART_EP_3_ISR
 .text.USBUART_SOF_ISR
                0x00004500        0x4 .\CortexM3\ARM_GCC_493\Debug\freesoc.a(USBUART_episr.o)
                0x00004500                USBUART_SOF_ISR
 .text.USBUART_BUS_RESET_ISR
                0x00004504        0x8 .\CortexM3\ARM_GCC_493\Debug\freesoc.a(USBUART_episr.o)
                0x00004504                USBUART_BUS_RESET_ISR
 .text.USBUART_FindHidClassDecriptor
                0x0000450c       0x40 .\CortexM3\ARM_GCC_493\Debug\freesoc.a(USBUART_hid.o)
                0x0000450c                USBUART_FindHidClassDecriptor
 .text.USBUART_FindReportDescriptor
                0x0000454c       0x48 .\CortexM3\ARM_GCC_493\Debug\freesoc.a(USBUART_hid.o)
                0x0000454c                USBUART_FindReportDescriptor
 .text.USBUART_FindReport
                0x00004594       0x7c .\CortexM3\ARM_GCC_493\Debug\freesoc.a(USBUART_hid.o)
                0x00004594                USBUART_FindReport
 .text.USBUART_DispatchHIDClassRqst
                0x00004610      0x184 .\CortexM3\ARM_GCC_493\Debug\freesoc.a(USBUART_hid.o)
                0x00004610                USBUART_DispatchHIDClassRqst
 .text.USBUART_DP_ISR
                0x00004794        0x8 .\CortexM3\ARM_GCC_493\Debug\freesoc.a(USBUART_pm.o)
                0x00004794                USBUART_DP_ISR
 .text.USBUART_ReadDieID
                0x0000479c       0x6c .\CortexM3\ARM_GCC_493\Debug\freesoc.a(USBUART_std.o)
                0x0000479c                USBUART_ReadDieID
 .text.USBUART_ConfigReg
                0x00004808       0xa4 .\CortexM3\ARM_GCC_493\Debug\freesoc.a(USBUART_std.o)
                0x00004808                USBUART_ConfigReg
 .text.USBUART_GetConfigTablePtr
                0x000048ac       0x28 .\CortexM3\ARM_GCC_493\Debug\freesoc.a(USBUART_std.o)
                0x000048ac                USBUART_GetConfigTablePtr
 .text.USBUART_ConfigAltChanged
                0x000048d4      0x11c .\CortexM3\ARM_GCC_493\Debug\freesoc.a(USBUART_std.o)
                0x000048d4                USBUART_ConfigAltChanged
 .text.USBUART_GetDeviceTablePtr
                0x000049f0       0x18 .\CortexM3\ARM_GCC_493\Debug\freesoc.a(USBUART_std.o)
                0x000049f0                USBUART_GetDeviceTablePtr
 .text.USBUART_GetInterfaceClassTablePtr
                0x00004a08       0x24 .\CortexM3\ARM_GCC_493\Debug\freesoc.a(USBUART_std.o)
                0x00004a08                USBUART_GetInterfaceClassTablePtr
 .text.USBUART_Config
                0x00004a2c      0x1dc .\CortexM3\ARM_GCC_493\Debug\freesoc.a(USBUART_std.o)
                0x00004a2c                USBUART_Config
 .text.USBUART_SetEndpointHalt
                0x00004c08       0x64 .\CortexM3\ARM_GCC_493\Debug\freesoc.a(USBUART_std.o)
                0x00004c08                USBUART_SetEndpointHalt
 .text.USBUART_ClearEndpointHalt
                0x00004c6c       0xa8 .\CortexM3\ARM_GCC_493\Debug\freesoc.a(USBUART_std.o)
                0x00004c6c                USBUART_ClearEndpointHalt
 .text.USBUART_ValidateAlternateSetting
                0x00004d14       0x4c .\CortexM3\ARM_GCC_493\Debug\freesoc.a(USBUART_std.o)
                0x00004d14                USBUART_ValidateAlternateSetting
 .text.USBUART_HandleStandardRqst
                0x00004d60      0x35c .\CortexM3\ARM_GCC_493\Debug\freesoc.a(USBUART_std.o)
                0x00004d60                USBUART_HandleStandardRqst
 .text.USBUART_HandleVendorRqst
                0x000050bc       0x3c .\CortexM3\ARM_GCC_493\Debug\freesoc.a(USBUART_vnd.o)
                0x000050bc                USBUART_HandleVendorRqst
 .text.USBUART_Dp_ClearInterrupt
                0x000050f8       0x10 .\CortexM3\ARM_GCC_493\Debug\freesoc.a(USBUART_Dp.o)
                0x000050f8                USBUART_Dp_ClearInterrupt
 .text.CyFlashGetSpcAlgorithm
                0x00005108       0x4c .\CortexM3\ARM_GCC_493\Debug\freesoc.a(CyFlash.o)
 .text.CySetTempInt
                0x00005154       0x60 .\CortexM3\ARM_GCC_493\Debug\freesoc.a(CyFlash.o)
 .text.CySetTemp
                0x000051b4       0x14 .\CortexM3\ARM_GCC_493\Debug\freesoc.a(CyFlash.o)
                0x000051b4                CySetTemp
 .text.CyEEPROM_Start
                0x000051c8       0x54 .\CortexM3\ARM_GCC_493\Debug\freesoc.a(CyFlash.o)
                0x000051c8                CyEEPROM_Start
 .text.CySpcStart
                0x0000521c       0x24 .\CortexM3\ARM_GCC_493\Debug\freesoc.a(CySpc.o)
                0x0000521c                CySpcStart
 .text.CySpcReadData
                0x00005240       0x34 .\CortexM3\ARM_GCC_493\Debug\freesoc.a(CySpc.o)
                0x00005240                CySpcReadData
 .text.CySpcLoadMultiByte
                0x00005274       0x78 .\CortexM3\ARM_GCC_493\Debug\freesoc.a(CySpc.o)
                0x00005274                CySpcLoadMultiByte
 .text.CySpcLoadRow
                0x000052ec       0x54 .\CortexM3\ARM_GCC_493\Debug\freesoc.a(CySpc.o)
                0x000052ec                CySpcLoadRow
 .text.CySpcWriteRow
                0x00005340       0x4c .\CortexM3\ARM_GCC_493\Debug\freesoc.a(CySpc.o)
                0x00005340                CySpcWriteRow
 .text.CySpcGetTemp
                0x0000538c       0x3c .\CortexM3\ARM_GCC_493\Debug\freesoc.a(CySpc.o)
                0x0000538c                CySpcGetTemp
 .text.CySpcLock
                0x000053c8       0x4c .\CortexM3\ARM_GCC_493\Debug\freesoc.a(CySpc.o)
                0x000053c8                CySpcLock
 .text.CySpcUnlock
                0x00005414       0x38 .\CortexM3\ARM_GCC_493\Debug\freesoc.a(CySpc.o)
                0x00005414                CySpcUnlock
 .text.CySpcGetAlgorithm
                0x0000544c       0x28 .\CortexM3\ARM_GCC_493\Debug\freesoc.a(CySpc.o)
                0x0000544c                CySpcGetAlgorithm
 .text.USBUART_DispatchClassRqst
                0x00005474       0x60 .\CortexM3\ARM_GCC_493\Debug\freesoc.a(USBUART_cls.o)
                0x00005474                USBUART_DispatchClassRqst
 .text.cos      0x000054d4       0x90 c:/program files (x86)/cypress/psoc creator/3.3/psoc creator/import/gnu/arm/4.9.3/bin/../lib/gcc/arm-none-eabi/4.9.3/../../../../arm-none-eabi/lib/armv7-m\libm.a(lib_a-s_cos.o)
                0x000054d4                cos
 .text.sin      0x00005564       0x94 c:/program files (x86)/cypress/psoc creator/3.3/psoc creator/import/gnu/arm/4.9.3/bin/../lib/gcc/arm-none-eabi/4.9.3/../../../../arm-none-eabi/lib/armv7-m\libm.a(lib_a-s_sin.o)
                0x00005564                sin
 .text.pow      0x000055f8      0x2f0 c:/program files (x86)/cypress/psoc creator/3.3/psoc creator/import/gnu/arm/4.9.3/bin/../lib/gcc/arm-none-eabi/4.9.3/../../../../arm-none-eabi/lib/armv7-m\libm.a(lib_a-w_pow.o)
                0x000055f8                pow
 .text.sqrt     0x000058e8       0xac c:/program files (x86)/cypress/psoc creator/3.3/psoc creator/import/gnu/arm/4.9.3/bin/../lib/gcc/arm-none-eabi/4.9.3/../../../../arm-none-eabi/lib/armv7-m\libm.a(lib_a-w_sqrt.o)
                0x000058e8                sqrt
 *fill*         0x00005994        0x4 
 .text.__ieee754_pow
                0x00005998      0xaa0 c:/program files (x86)/cypress/psoc creator/3.3/psoc creator/import/gnu/arm/4.9.3/bin/../lib/gcc/arm-none-eabi/4.9.3/../../../../arm-none-eabi/lib/armv7-m\libm.a(lib_a-e_pow.o)
                0x00005998                __ieee754_pow
 .text.__ieee754_rem_pio2
                0x00006438      0x428 c:/program files (x86)/cypress/psoc creator/3.3/psoc creator/import/gnu/arm/4.9.3/bin/../lib/gcc/arm-none-eabi/4.9.3/../../../../arm-none-eabi/lib/armv7-m\libm.a(lib_a-e_rem_pio2.o)
                0x00006438                __ieee754_rem_pio2
 .text.__ieee754_sqrt
                0x00006860      0x18c c:/program files (x86)/cypress/psoc creator/3.3/psoc creator/import/gnu/arm/4.9.3/bin/../lib/gcc/arm-none-eabi/4.9.3/../../../../arm-none-eabi/lib/armv7-m\libm.a(lib_a-e_sqrt.o)
                0x00006860                __ieee754_sqrt
 *fill*         0x000069ec        0x4 
 .text.__kernel_cos
                0x000069f0      0x248 c:/program files (x86)/cypress/psoc creator/3.3/psoc creator/import/gnu/arm/4.9.3/bin/../lib/gcc/arm-none-eabi/4.9.3/../../../../arm-none-eabi/lib/armv7-m\libm.a(lib_a-k_cos.o)
                0x000069f0                __kernel_cos
 .text.__kernel_rem_pio2
                0x00006c38      0x808 c:/program files (x86)/cypress/psoc creator/3.3/psoc creator/import/gnu/arm/4.9.3/bin/../lib/gcc/arm-none-eabi/4.9.3/../../../../arm-none-eabi/lib/armv7-m\libm.a(lib_a-k_rem_pio2.o)
                0x00006c38                __kernel_rem_pio2
 .text.__kernel_sin
                0x00007440      0x170 c:/program files (x86)/cypress/psoc creator/3.3/psoc creator/import/gnu/arm/4.9.3/bin/../lib/gcc/arm-none-eabi/4.9.3/../../../../arm-none-eabi/lib/armv7-m\libm.a(lib_a-k_sin.o)
                0x00007440                __kernel_sin
 .text.fabs     0x000075b0        0x8 c:/program files (x86)/cypress/psoc creator/3.3/psoc creator/import/gnu/arm/4.9.3/bin/../lib/gcc/arm-none-eabi/4.9.3/../../../../arm-none-eabi/lib/armv7-m\libm.a(lib_a-s_fabs.o)
                0x000075b0                fabs
 .text.finite   0x000075b8        0xc c:/program files (x86)/cypress/psoc creator/3.3/psoc creator/import/gnu/arm/4.9.3/bin/../lib/gcc/arm-none-eabi/4.9.3/../../../../arm-none-eabi/lib/armv7-m\libm.a(lib_a-s_finite.o)
                0x000075b8                finite
 *fill*         0x000075c4        0x4 
 .text.floor    0x000075c8      0x118 c:/program files (x86)/cypress/psoc creator/3.3/psoc creator/import/gnu/arm/4.9.3/bin/../lib/gcc/arm-none-eabi/4.9.3/../../../../arm-none-eabi/lib/armv7-m\libm.a(lib_a-s_floor.o)
                0x000075c8                floor
 .text.__fpclassifyd
                0x000076e0       0x58 c:/program files (x86)/cypress/psoc creator/3.3/psoc creator/import/gnu/arm/4.9.3/bin/../lib/gcc/arm-none-eabi/4.9.3/../../../../arm-none-eabi/lib/armv7-m\libm.a(lib_a-s_fpclassify.o)
                0x000076e0                __fpclassifyd
 .text.matherr  0x00007738        0x4 c:/program files (x86)/cypress/psoc creator/3.3/psoc creator/import/gnu/arm/4.9.3/bin/../lib/gcc/arm-none-eabi/4.9.3/../../../../arm-none-eabi/lib/armv7-m\libm.a(lib_a-s_matherr.o)
                0x00007738                matherr
 .text.nan      0x0000773c        0xc c:/program files (x86)/cypress/psoc creator/3.3/psoc creator/import/gnu/arm/4.9.3/bin/../lib/gcc/arm-none-eabi/4.9.3/../../../../arm-none-eabi/lib/armv7-m\libm.a(lib_a-s_nan.o)
                0x0000773c                nan
 .text.rint     0x00007748      0x11c c:/program files (x86)/cypress/psoc creator/3.3/psoc creator/import/gnu/arm/4.9.3/bin/../lib/gcc/arm-none-eabi/4.9.3/../../../../arm-none-eabi/lib/armv7-m\libm.a(lib_a-s_rint.o)
                0x00007748                rint
 *fill*         0x00007864        0x4 
 .text.scalbn   0x00007868       0xf0 c:/program files (x86)/cypress/psoc creator/3.3/psoc creator/import/gnu/arm/4.9.3/bin/../lib/gcc/arm-none-eabi/4.9.3/../../../../arm-none-eabi/lib/armv7-m\libm.a(lib_a-s_scalbn.o)
                0x00007868                scalbn
 .text.copysign
                0x00007958       0x10 c:/program files (x86)/cypress/psoc creator/3.3/psoc creator/import/gnu/arm/4.9.3/bin/../lib/gcc/arm-none-eabi/4.9.3/../../../../arm-none-eabi/lib/armv7-m\libm.a(lib_a-s_copysign.o)
                0x00007958                copysign
 .text          0x00007968      0x370 c:/program files (x86)/cypress/psoc creator/3.3/psoc creator/import/gnu/arm/4.9.3/bin/../lib/gcc/arm-none-eabi/4.9.3/armv7-m\libgcc.a(_arm_addsubdf3.o)
                0x00007968                __aeabi_drsub
                0x00007970                __aeabi_dsub
                0x00007970                __subdf3
                0x00007974                __aeabi_dadd
                0x00007974                __adddf3
                0x00007bec                __floatunsidf
                0x00007bec                __aeabi_ui2d
                0x00007c0c                __floatsidf
                0x00007c0c                __aeabi_i2d
                0x00007c30                __aeabi_f2d
                0x00007c30                __extendsfdf2
                0x00007c6c                __floatundidf
                0x00007c6c                __aeabi_ul2d
                0x00007c7c                __floatdidf
                0x00007c7c                __aeabi_l2d
 .text          0x00007cd8      0x424 c:/program files (x86)/cypress/psoc creator/3.3/psoc creator/import/gnu/arm/4.9.3/bin/../lib/gcc/arm-none-eabi/4.9.3/armv7-m\libgcc.a(_arm_muldivdf3.o)
                0x00007cd8                __aeabi_dmul
                0x00007cd8                __muldf3
                0x00007f2c                __divdf3
                0x00007f2c                __aeabi_ddiv
 .text          0x000080fc      0x110 c:/program files (x86)/cypress/psoc creator/3.3/psoc creator/import/gnu/arm/4.9.3/bin/../lib/gcc/arm-none-eabi/4.9.3/armv7-m\libgcc.a(_arm_cmpdf2.o)
                0x000080fc                __gtdf2
                0x000080fc                __gedf2
                0x00008104                __ltdf2
                0x00008104                __ledf2
                0x0000810c                __nedf2
                0x0000810c                __eqdf2
                0x0000810c                __cmpdf2
                0x00008188                __aeabi_cdrcmple
                0x00008198                __aeabi_cdcmpeq
                0x00008198                __aeabi_cdcmple
                0x000081a8                __aeabi_dcmpeq
                0x000081bc                __aeabi_dcmplt
                0x000081d0                __aeabi_dcmple
                0x000081e4                __aeabi_dcmpge
                0x000081f8                __aeabi_dcmpgt
 .text          0x0000820c       0x50 c:/program files (x86)/cypress/psoc creator/3.3/psoc creator/import/gnu/arm/4.9.3/bin/../lib/gcc/arm-none-eabi/4.9.3/armv7-m\libgcc.a(_arm_fixdfsi.o)
                0x0000820c                __aeabi_d2iz
                0x0000820c                __fixdfsi
 .text          0x0000825c       0x40 c:/program files (x86)/cypress/psoc creator/3.3/psoc creator/import/gnu/arm/4.9.3/bin/../lib/gcc/arm-none-eabi/4.9.3/armv7-m\libgcc.a(_arm_fixunsdfsi.o)
                0x0000825c                __aeabi_d2uiz
                0x0000825c                __fixunsdfsi
 .text          0x0000829c       0xa0 c:/program files (x86)/cypress/psoc creator/3.3/psoc creator/import/gnu/arm/4.9.3/bin/../lib/gcc/arm-none-eabi/4.9.3/armv7-m\libgcc.a(_arm_truncdfsf2.o)
                0x0000829c                __truncdfsf2
                0x0000829c                __aeabi_d2f
 .text          0x0000833c      0x21c c:/program files (x86)/cypress/psoc creator/3.3/psoc creator/import/gnu/arm/4.9.3/bin/../lib/gcc/arm-none-eabi/4.9.3/armv7-m\libgcc.a(_arm_addsubsf3.o)
                0x0000833c                __aeabi_frsub
                0x00008344                __subsf3
                0x00008344                __aeabi_fsub
                0x00008348                __aeabi_fadd
                0x00008348                __addsf3
                0x000084a8                __aeabi_ui2f
                0x000084a8                __floatunsisf
                0x000084b0                __aeabi_i2f
                0x000084b0                __floatsisf
                0x000084cc                __aeabi_ul2f
                0x000084cc                __floatundisf
                0x000084dc                __aeabi_l2f
                0x000084dc                __floatdisf
 .text          0x00008558      0x2a0 c:/program files (x86)/cypress/psoc creator/3.3/psoc creator/import/gnu/arm/4.9.3/bin/../lib/gcc/arm-none-eabi/4.9.3/armv7-m\libgcc.a(_arm_muldivsf3.o)
                0x00008558                __mulsf3
                0x00008558                __aeabi_fmul
                0x000086c0                __aeabi_fdiv
                0x000086c0                __divsf3
 .text          0x000087f8       0xec c:/program files (x86)/cypress/psoc creator/3.3/psoc creator/import/gnu/arm/4.9.3/bin/../lib/gcc/arm-none-eabi/4.9.3/armv7-m\libgcc.a(_arm_cmpsf2.o)
                0x000087f8                __gesf2
                0x000087f8                __gtsf2
                0x00008800                __lesf2
                0x00008800                __ltsf2
                0x00008808                __nesf2
                0x00008808                __eqsf2
                0x00008808                __cmpsf2
                0x00008868                __aeabi_cfrcmple
                0x00008870                __aeabi_cfcmpeq
                0x00008870                __aeabi_cfcmple
                0x00008880                __aeabi_fcmpeq
                0x00008894                __aeabi_fcmplt
                0x000088a8                __aeabi_fcmple
                0x000088bc                __aeabi_fcmpge
                0x000088d0                __aeabi_fcmpgt
 .text          0x000088e4       0x4c c:/program files (x86)/cypress/psoc creator/3.3/psoc creator/import/gnu/arm/4.9.3/bin/../lib/gcc/arm-none-eabi/4.9.3/armv7-m\libgcc.a(_arm_fixsfsi.o)
                0x000088e4                __aeabi_f2iz
                0x000088e4                __fixsfsi
 .text.__assert_func
                0x00008930       0x38 c:/program files (x86)/cypress/psoc creator/3.3/psoc creator/import/gnu/arm/4.9.3/bin/../lib/gcc/arm-none-eabi/4.9.3/../../../../arm-none-eabi/lib/armv7-m\libg_nano.a(lib_a-assert.o)
                0x00008930                __assert_func
 .text.atof     0x00008968        0x6 c:/program files (x86)/cypress/psoc creator/3.3/psoc creator/import/gnu/arm/4.9.3/bin/../lib/gcc/arm-none-eabi/4.9.3/../../../../arm-none-eabi/lib/armv7-m\libg_nano.a(lib_a-atof.o)
                0x00008968                atof
 *fill*         0x0000896e        0x2 
 .text.__errno  0x00008970        0xc c:/program files (x86)/cypress/psoc creator/3.3/psoc creator/import/gnu/arm/4.9.3/bin/../lib/gcc/arm-none-eabi/4.9.3/../../../../arm-none-eabi/lib/armv7-m\libg_nano.a(lib_a-errno.o)
                0x00008970                __errno
 .text.fprintf  0x0000897c       0x24 c:/program files (x86)/cypress/psoc creator/3.3/psoc creator/import/gnu/arm/4.9.3/bin/../lib/gcc/arm-none-eabi/4.9.3/../../../../arm-none-eabi/lib/armv7-m\libg_nano.a(lib_a-fprintf.o)
                0x0000897c                fiprintf
                0x0000897c                fprintf
 .text.__libc_init_array
                0x000089a0       0x4c c:/program files (x86)/cypress/psoc creator/3.3/psoc creator/import/gnu/arm/4.9.3/bin/../lib/gcc/arm-none-eabi/4.9.3/../../../../arm-none-eabi/lib/armv7-m\libg_nano.a(lib_a-init.o)
                0x000089a0                __libc_init_array
 .text.__itoa   0x000089ec       0x2e c:/program files (x86)/cypress/psoc creator/3.3/psoc creator/import/gnu/arm/4.9.3/bin/../lib/gcc/arm-none-eabi/4.9.3/../../../../arm-none-eabi/lib/armv7-m\libg_nano.a(lib_a-itoa.o)
                0x000089ec                __itoa
 .text.itoa     0x00008a1a        0x4 c:/program files (x86)/cypress/psoc creator/3.3/psoc creator/import/gnu/arm/4.9.3/bin/../lib/gcc/arm-none-eabi/4.9.3/../../../../arm-none-eabi/lib/armv7-m\libg_nano.a(lib_a-itoa.o)
                0x00008a1a                itoa
 .text.memcpy   0x00008a1e       0x16 c:/program files (x86)/cypress/psoc creator/3.3/psoc creator/import/gnu/arm/4.9.3/bin/../lib/gcc/arm-none-eabi/4.9.3/../../../../arm-none-eabi/lib/armv7-m\libg_nano.a(lib_a-memcpy.o)
                0x00008a1e                memcpy
 .text.memset   0x00008a34       0x10 c:/program files (x86)/cypress/psoc creator/3.3/psoc creator/import/gnu/arm/4.9.3/bin/../lib/gcc/arm-none-eabi/4.9.3/../../../../arm-none-eabi/lib/armv7-m\libg_nano.a(lib_a-memset.o)
                0x00008a34                memset
 .text.__sfputc_r
                0x00008a44       0x2c c:/program files (x86)/cypress/psoc creator/3.3/psoc creator/import/gnu/arm/4.9.3/bin/../lib/gcc/arm-none-eabi/4.9.3/../../../../arm-none-eabi/lib/armv7-m\libg_nano.a(lib_a-nano-vfprintf.o)
 .text.__sfputs_r
                0x00008a70       0x24 c:/program files (x86)/cypress/psoc creator/3.3/psoc creator/import/gnu/arm/4.9.3/bin/../lib/gcc/arm-none-eabi/4.9.3/../../../../arm-none-eabi/lib/armv7-m\libg_nano.a(lib_a-nano-vfprintf.o)
                0x00008a70                __sfputs_r
 .text._vfprintf_r
                0x00008a94      0x210 c:/program files (x86)/cypress/psoc creator/3.3/psoc creator/import/gnu/arm/4.9.3/bin/../lib/gcc/arm-none-eabi/4.9.3/../../../../arm-none-eabi/lib/armv7-m\libg_nano.a(lib_a-nano-vfprintf.o)
                0x00008a94                _vfprintf_r
                0x00008a94                _vfiprintf_r
 .text.__cvt    0x00008ca4       0xbc c:/program files (x86)/cypress/psoc creator/3.3/psoc creator/import/gnu/arm/4.9.3/bin/../lib/gcc/arm-none-eabi/4.9.3/../../../../arm-none-eabi/lib/armv7-m\libg_nano.a(lib_a-nano-vfprintf_float.o)
                0x00008ca4                __cvt
 .text.__exponent
                0x00008d60       0x62 c:/program files (x86)/cypress/psoc creator/3.3/psoc creator/import/gnu/arm/4.9.3/bin/../lib/gcc/arm-none-eabi/4.9.3/../../../../arm-none-eabi/lib/armv7-m\libg_nano.a(lib_a-nano-vfprintf_float.o)
                0x00008d60                __exponent
 *fill*         0x00008dc2        0x2 
 .text._printf_float
                0x00008dc4      0x48c c:/program files (x86)/cypress/psoc creator/3.3/psoc creator/import/gnu/arm/4.9.3/bin/../lib/gcc/arm-none-eabi/4.9.3/../../../../arm-none-eabi/lib/armv7-m\libg_nano.a(lib_a-nano-vfprintf_float.o)
                0x00008dc4                _printf_float
 .text._printf_common
                0x00009250       0xea c:/program files (x86)/cypress/psoc creator/3.3/psoc creator/import/gnu/arm/4.9.3/bin/../lib/gcc/arm-none-eabi/4.9.3/../../../../arm-none-eabi/lib/armv7-m\libg_nano.a(lib_a-nano-vfprintf_i.o)
                0x00009250                _printf_common
 *fill*         0x0000933a        0x2 
 .text._printf_i
                0x0000933c      0x240 c:/program files (x86)/cypress/psoc creator/3.3/psoc creator/import/gnu/arm/4.9.3/bin/../lib/gcc/arm-none-eabi/4.9.3/../../../../arm-none-eabi/lib/armv7-m\libg_nano.a(lib_a-nano-vfprintf_i.o)
                0x0000933c                _printf_i
 .text.snprintf
                0x0000957c       0x64 c:/program files (x86)/cypress/psoc creator/3.3/psoc creator/import/gnu/arm/4.9.3/bin/../lib/gcc/arm-none-eabi/4.9.3/../../../../arm-none-eabi/lib/armv7-m\libg_nano.a(lib_a-snprintf.o)
                0x0000957c                sniprintf
                0x0000957c                snprintf
 .text.sprintf  0x000095e0       0x48 c:/program files (x86)/cypress/psoc creator/3.3/psoc creator/import/gnu/arm/4.9.3/bin/../lib/gcc/arm-none-eabi/4.9.3/../../../../arm-none-eabi/lib/armv7-m\libg_nano.a(lib_a-sprintf.o)
                0x000095e0                siprintf
                0x000095e0                sprintf
 .text.strlen   0x00009628       0x10 c:/program files (x86)/cypress/psoc creator/3.3/psoc creator/import/gnu/arm/4.9.3/bin/../lib/gcc/arm-none-eabi/4.9.3/../../../../arm-none-eabi/lib/armv7-m\libg_nano.a(lib_a-strlen.o)
                0x00009628                strlen
 .text.match    0x00009638       0x26 c:/program files (x86)/cypress/psoc creator/3.3/psoc creator/import/gnu/arm/4.9.3/bin/../lib/gcc/arm-none-eabi/4.9.3/../../../../arm-none-eabi/lib/armv7-m\libg_nano.a(lib_a-strtod.o)
 .text.sulp     0x0000965e       0x42 c:/program files (x86)/cypress/psoc creator/3.3/psoc creator/import/gnu/arm/4.9.3/bin/../lib/gcc/arm-none-eabi/4.9.3/../../../../arm-none-eabi/lib/armv7-m\libg_nano.a(lib_a-strtod.o)
 .text._strtod_r
                0x000096a0      0xc40 c:/program files (x86)/cypress/psoc creator/3.3/psoc creator/import/gnu/arm/4.9.3/bin/../lib/gcc/arm-none-eabi/4.9.3/../../../../arm-none-eabi/lib/armv7-m\libg_nano.a(lib_a-strtod.o)
                0x000096a0                _strtod_r
 .text.strtod   0x0000a2e0       0x14 c:/program files (x86)/cypress/psoc creator/3.3/psoc creator/import/gnu/arm/4.9.3/bin/../lib/gcc/arm-none-eabi/4.9.3/../../../../arm-none-eabi/lib/armv7-m\libg_nano.a(lib_a-strtod.o)
                0x0000a2e0                strtod
 .text.__utoa   0x0000a2f4       0x78 c:/program files (x86)/cypress/psoc creator/3.3/psoc creator/import/gnu/arm/4.9.3/bin/../lib/gcc/arm-none-eabi/4.9.3/../../../../arm-none-eabi/lib/armv7-m\libg_nano.a(lib_a-utoa.o)
                0x0000a2f4                __utoa
 .text.__swbuf_r
                0x0000a36c       0xa8 c:/program files (x86)/cypress/psoc creator/3.3/psoc creator/import/gnu/arm/4.9.3/bin/../lib/gcc/arm-none-eabi/4.9.3/../../../../arm-none-eabi/lib/armv7-m\libg_nano.a(lib_a-wbuf.o)
                0x0000a36c                __swbuf_r
 .text.__swsetup_r
                0x0000a414       0xd8 c:/program files (x86)/cypress/psoc creator/3.3/psoc creator/import/gnu/arm/4.9.3/bin/../lib/gcc/arm-none-eabi/4.9.3/../../../../arm-none-eabi/lib/armv7-m\libg_nano.a(lib_a-wsetup.o)
                0x0000a414                __swsetup_r
 .text.abort    0x0000a4ec        0xe c:/program files (x86)/cypress/psoc creator/3.3/psoc creator/import/gnu/arm/4.9.3/bin/../lib/gcc/arm-none-eabi/4.9.3/../../../../arm-none-eabi/lib/armv7-m\libg_nano.a(lib_a-abort.o)
                0x0000a4ec                abort
 .text.quorem   0x0000a4fa      0x114 c:/program files (x86)/cypress/psoc creator/3.3/psoc creator/import/gnu/arm/4.9.3/bin/../lib/gcc/arm-none-eabi/4.9.3/../../../../arm-none-eabi/lib/armv7-m\libg_nano.a(lib_a-dtoa.o)
 *fill*         0x0000a60e        0x2 
 .text._dtoa_r  0x0000a610      0xb78 c:/program files (x86)/cypress/psoc creator/3.3/psoc creator/import/gnu/arm/4.9.3/bin/../lib/gcc/arm-none-eabi/4.9.3/../../../../arm-none-eabi/lib/armv7-m\libg_nano.a(lib_a-dtoa.o)
                0x0000a610                _dtoa_r
 .text.__sflush_r
                0x0000b188      0x106 c:/program files (x86)/cypress/psoc creator/3.3/psoc creator/import/gnu/arm/4.9.3/bin/../lib/gcc/arm-none-eabi/4.9.3/../../../../arm-none-eabi/lib/armv7-m\libg_nano.a(lib_a-fflush.o)
                0x0000b188                __sflush_r
 *fill*         0x0000b28e        0x2 
 .text._fflush_r
                0x0000b290       0x54 c:/program files (x86)/cypress/psoc creator/3.3/psoc creator/import/gnu/arm/4.9.3/bin/../lib/gcc/arm-none-eabi/4.9.3/../../../../arm-none-eabi/lib/armv7-m\libg_nano.a(lib_a-fflush.o)
                0x0000b290                _fflush_r
 .text._cleanup_r
                0x0000b2e4        0xc c:/program files (x86)/cypress/psoc creator/3.3/psoc creator/import/gnu/arm/4.9.3/bin/../lib/gcc/arm-none-eabi/4.9.3/../../../../arm-none-eabi/lib/armv7-m\libg_nano.a(lib_a-findfp.o)
                0x0000b2e4                _cleanup_r
 .text.std.isra.0
                0x0000b2f0       0x48 c:/program files (x86)/cypress/psoc creator/3.3/psoc creator/import/gnu/arm/4.9.3/bin/../lib/gcc/arm-none-eabi/4.9.3/../../../../arm-none-eabi/lib/armv7-m\libg_nano.a(lib_a-findfp.o)
 .text.__sfmoreglue
                0x0000b338       0x2c c:/program files (x86)/cypress/psoc creator/3.3/psoc creator/import/gnu/arm/4.9.3/bin/../lib/gcc/arm-none-eabi/4.9.3/../../../../arm-none-eabi/lib/armv7-m\libg_nano.a(lib_a-findfp.o)
                0x0000b338                __sfmoreglue
 .text.__sinit  0x0000b364       0x60 c:/program files (x86)/cypress/psoc creator/3.3/psoc creator/import/gnu/arm/4.9.3/bin/../lib/gcc/arm-none-eabi/4.9.3/../../../../arm-none-eabi/lib/armv7-m\libg_nano.a(lib_a-findfp.o)
                0x0000b364                __sinit
 .text.__sfp    0x0000b3c4       0x74 c:/program files (x86)/cypress/psoc creator/3.3/psoc creator/import/gnu/arm/4.9.3/bin/../lib/gcc/arm-none-eabi/4.9.3/../../../../arm-none-eabi/lib/armv7-m\libg_nano.a(lib_a-findfp.o)
                0x0000b3c4                __sfp
 .text._fwalk_reent
                0x0000b438       0x3c c:/program files (x86)/cypress/psoc creator/3.3/psoc creator/import/gnu/arm/4.9.3/bin/../lib/gcc/arm-none-eabi/4.9.3/../../../../arm-none-eabi/lib/armv7-m\libg_nano.a(lib_a-fwalk.o)
                0x0000b438                _fwalk_reent
 .text.rshift   0x0000b474       0x6c c:/program files (x86)/cypress/psoc creator/3.3/psoc creator/import/gnu/arm/4.9.3/bin/../lib/gcc/arm-none-eabi/4.9.3/../../../../arm-none-eabi/lib/armv7-m\libg_nano.a(lib_a-gdtoa-gethex.o)
 .text.__hexdig_fun
                0x0000b4e0       0x2a c:/program files (x86)/cypress/psoc creator/3.3/psoc creator/import/gnu/arm/4.9.3/bin/../lib/gcc/arm-none-eabi/4.9.3/../../../../arm-none-eabi/lib/armv7-m\libg_nano.a(lib_a-gdtoa-gethex.o)
                0x0000b4e0                __hexdig_fun
 .text.__gethex
                0x0000b50a      0x44a c:/program files (x86)/cypress/psoc creator/3.3/psoc creator/import/gnu/arm/4.9.3/bin/../lib/gcc/arm-none-eabi/4.9.3/../../../../arm-none-eabi/lib/armv7-m\libg_nano.a(lib_a-gdtoa-gethex.o)
                0x0000b50a                __gethex
 .text.L_shift  0x0000b954       0x24 c:/program files (x86)/cypress/psoc creator/3.3/psoc creator/import/gnu/arm/4.9.3/bin/../lib/gcc/arm-none-eabi/4.9.3/../../../../arm-none-eabi/lib/armv7-m\libg_nano.a(lib_a-gdtoa-hexnan.o)
 .text.__hexnan
                0x0000b978      0x114 c:/program files (x86)/cypress/psoc creator/3.3/psoc creator/import/gnu/arm/4.9.3/bin/../lib/gcc/arm-none-eabi/4.9.3/../../../../arm-none-eabi/lib/armv7-m\libg_nano.a(lib_a-gdtoa-hexnan.o)
                0x0000b978                __hexnan
 .text._localeconv_r
                0x0000ba8c        0x8 c:/program files (x86)/cypress/psoc creator/3.3/psoc creator/import/gnu/arm/4.9.3/bin/../lib/gcc/arm-none-eabi/4.9.3/../../../../arm-none-eabi/lib/armv7-m\libg_nano.a(lib_a-locale.o)
                0x0000ba8c                _localeconv_r
 .text.__smakebuf_r
                0x0000ba94       0x98 c:/program files (x86)/cypress/psoc creator/3.3/psoc creator/import/gnu/arm/4.9.3/bin/../lib/gcc/arm-none-eabi/4.9.3/../../../../arm-none-eabi/lib/armv7-m\libg_nano.a(lib_a-makebuf.o)
                0x0000ba94                __smakebuf_r
 .text.malloc   0x0000bb2c       0x10 c:/program files (x86)/cypress/psoc creator/3.3/psoc creator/import/gnu/arm/4.9.3/bin/../lib/gcc/arm-none-eabi/4.9.3/../../../../arm-none-eabi/lib/armv7-m\libg_nano.a(lib_a-malloc.o)
                0x0000bb2c                malloc
 .text.memchr   0x0000bb3c       0x1c c:/program files (x86)/cypress/psoc creator/3.3/psoc creator/import/gnu/arm/4.9.3/bin/../lib/gcc/arm-none-eabi/4.9.3/../../../../arm-none-eabi/lib/armv7-m\libg_nano.a(lib_a-memchr.o)
                0x0000bb3c                memchr
 .text.memmove  0x0000bb58       0x36 c:/program files (x86)/cypress/psoc creator/3.3/psoc creator/import/gnu/arm/4.9.3/bin/../lib/gcc/arm-none-eabi/4.9.3/../../../../arm-none-eabi/lib/armv7-m\libg_nano.a(lib_a-memmove.o)
                0x0000bb58                memmove
 .text._Balloc  0x0000bb8e       0x6a c:/program files (x86)/cypress/psoc creator/3.3/psoc creator/import/gnu/arm/4.9.3/bin/../lib/gcc/arm-none-eabi/4.9.3/../../../../arm-none-eabi/lib/armv7-m\libg_nano.a(lib_a-mprec.o)
                0x0000bb8e                _Balloc
 .text._Bfree   0x0000bbf8       0x2e c:/program files (x86)/cypress/psoc creator/3.3/psoc creator/import/gnu/arm/4.9.3/bin/../lib/gcc/arm-none-eabi/4.9.3/../../../../arm-none-eabi/lib/armv7-m\libg_nano.a(lib_a-mprec.o)
                0x0000bbf8                _Bfree
 .text.__multadd
                0x0000bc26       0x7c c:/program files (x86)/cypress/psoc creator/3.3/psoc creator/import/gnu/arm/4.9.3/bin/../lib/gcc/arm-none-eabi/4.9.3/../../../../arm-none-eabi/lib/armv7-m\libg_nano.a(lib_a-mprec.o)
                0x0000bc26                __multadd
 .text.__s2b    0x0000bca2       0x80 c:/program files (x86)/cypress/psoc creator/3.3/psoc creator/import/gnu/arm/4.9.3/bin/../lib/gcc/arm-none-eabi/4.9.3/../../../../arm-none-eabi/lib/armv7-m\libg_nano.a(lib_a-mprec.o)
                0x0000bca2                __s2b
 .text.__hi0bits
                0x0000bd22       0x40 c:/program files (x86)/cypress/psoc creator/3.3/psoc creator/import/gnu/arm/4.9.3/bin/../lib/gcc/arm-none-eabi/4.9.3/../../../../arm-none-eabi/lib/armv7-m\libg_nano.a(lib_a-mprec.o)
                0x0000bd22                __hi0bits
 .text.__lo0bits
                0x0000bd62       0x5a c:/program files (x86)/cypress/psoc creator/3.3/psoc creator/import/gnu/arm/4.9.3/bin/../lib/gcc/arm-none-eabi/4.9.3/../../../../arm-none-eabi/lib/armv7-m\libg_nano.a(lib_a-mprec.o)
                0x0000bd62                __lo0bits
 .text.__i2b    0x0000bdbc       0x12 c:/program files (x86)/cypress/psoc creator/3.3/psoc creator/import/gnu/arm/4.9.3/bin/../lib/gcc/arm-none-eabi/4.9.3/../../../../arm-none-eabi/lib/armv7-m\libg_nano.a(lib_a-mprec.o)
                0x0000bdbc                __i2b
 .text.__multiply
                0x0000bdce      0x120 c:/program files (x86)/cypress/psoc creator/3.3/psoc creator/import/gnu/arm/4.9.3/bin/../lib/gcc/arm-none-eabi/4.9.3/../../../../arm-none-eabi/lib/armv7-m\libg_nano.a(lib_a-mprec.o)
                0x0000bdce                __multiply
 *fill*         0x0000beee        0x2 
 .text.__pow5mult
                0x0000bef0       0x9c c:/program files (x86)/cypress/psoc creator/3.3/psoc creator/import/gnu/arm/4.9.3/bin/../lib/gcc/arm-none-eabi/4.9.3/../../../../arm-none-eabi/lib/armv7-m\libg_nano.a(lib_a-mprec.o)
                0x0000bef0                __pow5mult
 .text.__lshift
                0x0000bf8c       0xa6 c:/program files (x86)/cypress/psoc creator/3.3/psoc creator/import/gnu/arm/4.9.3/bin/../lib/gcc/arm-none-eabi/4.9.3/../../../../arm-none-eabi/lib/armv7-m\libg_nano.a(lib_a-mprec.o)
                0x0000bf8c                __lshift
 .text.__mcmp   0x0000c032       0x38 c:/program files (x86)/cypress/psoc creator/3.3/psoc creator/import/gnu/arm/4.9.3/bin/../lib/gcc/arm-none-eabi/4.9.3/../../../../arm-none-eabi/lib/armv7-m\libg_nano.a(lib_a-mprec.o)
                0x0000c032                __mcmp
 .text.__mdiff  0x0000c06a       0xbe c:/program files (x86)/cypress/psoc creator/3.3/psoc creator/import/gnu/arm/4.9.3/bin/../lib/gcc/arm-none-eabi/4.9.3/../../../../arm-none-eabi/lib/armv7-m\libg_nano.a(lib_a-mprec.o)
                0x0000c06a                __mdiff
 .text.__ulp    0x0000c128       0x48 c:/program files (x86)/cypress/psoc creator/3.3/psoc creator/import/gnu/arm/4.9.3/bin/../lib/gcc/arm-none-eabi/4.9.3/../../../../arm-none-eabi/lib/armv7-m\libg_nano.a(lib_a-mprec.o)
                0x0000c128                __ulp
 .text.__b2d    0x0000c170       0x9e c:/program files (x86)/cypress/psoc creator/3.3/psoc creator/import/gnu/arm/4.9.3/bin/../lib/gcc/arm-none-eabi/4.9.3/../../../../arm-none-eabi/lib/armv7-m\libg_nano.a(lib_a-mprec.o)
                0x0000c170                __b2d
 .text.__d2b    0x0000c20e       0xa4 c:/program files (x86)/cypress/psoc creator/3.3/psoc creator/import/gnu/arm/4.9.3/bin/../lib/gcc/arm-none-eabi/4.9.3/../../../../arm-none-eabi/lib/armv7-m\libg_nano.a(lib_a-mprec.o)
                0x0000c20e                __d2b
 .text.__ratio  0x0000c2b2       0x50 c:/program files (x86)/cypress/psoc creator/3.3/psoc creator/import/gnu/arm/4.9.3/bin/../lib/gcc/arm-none-eabi/4.9.3/../../../../arm-none-eabi/lib/armv7-m\libg_nano.a(lib_a-mprec.o)
                0x0000c2b2                __ratio
 .text.__copybits
                0x0000c302       0x34 c:/program files (x86)/cypress/psoc creator/3.3/psoc creator/import/gnu/arm/4.9.3/bin/../lib/gcc/arm-none-eabi/4.9.3/../../../../arm-none-eabi/lib/armv7-m\libg_nano.a(lib_a-mprec.o)
                0x0000c302                __copybits
 .text.__any_on
                0x0000c336       0x44 c:/program files (x86)/cypress/psoc creator/3.3/psoc creator/import/gnu/arm/4.9.3/bin/../lib/gcc/arm-none-eabi/4.9.3/../../../../arm-none-eabi/lib/armv7-m\libg_nano.a(lib_a-mprec.o)
                0x0000c336                __any_on
 .text._calloc_r
                0x0000c37a       0x1c c:/program files (x86)/cypress/psoc creator/3.3/psoc creator/import/gnu/arm/4.9.3/bin/../lib/gcc/arm-none-eabi/4.9.3/../../../../arm-none-eabi/lib/armv7-m\libg_nano.a(lib_a-nano-callocr.o)
                0x0000c37a                _calloc_r
 *fill*         0x0000c396        0x2 
 .text._free_r  0x0000c398       0x88 c:/program files (x86)/cypress/psoc creator/3.3/psoc creator/import/gnu/arm/4.9.3/bin/../lib/gcc/arm-none-eabi/4.9.3/../../../../arm-none-eabi/lib/armv7-m\libg_nano.a(lib_a-nano-freer.o)
                0x0000c398                _free_r
 .text._malloc_r
                0x0000c420       0xac c:/program files (x86)/cypress/psoc creator/3.3/psoc creator/import/gnu/arm/4.9.3/bin/../lib/gcc/arm-none-eabi/4.9.3/../../../../arm-none-eabi/lib/armv7-m\libg_nano.a(lib_a-nano-mallocr.o)
                0x0000c420                _malloc_r
 .text._realloc_r
                0x0000c4cc       0x4c c:/program files (x86)/cypress/psoc creator/3.3/psoc creator/import/gnu/arm/4.9.3/bin/../lib/gcc/arm-none-eabi/4.9.3/../../../../arm-none-eabi/lib/armv7-m\libg_nano.a(lib_a-nano-reallocr.o)
                0x0000c4cc                _realloc_r
 .text.__ssputs_r
                0x0000c518       0xb2 c:/program files (x86)/cypress/psoc creator/3.3/psoc creator/import/gnu/arm/4.9.3/bin/../lib/gcc/arm-none-eabi/4.9.3/../../../../arm-none-eabi/lib/armv7-m\libg_nano.a(lib_a-nano-svfprintf.o)
                0x0000c518                __ssputs_r
 *fill*         0x0000c5ca        0x2 
 .text._svfprintf_r
                0x0000c5cc      0x1e4 c:/program files (x86)/cypress/psoc creator/3.3/psoc creator/import/gnu/arm/4.9.3/bin/../lib/gcc/arm-none-eabi/4.9.3/../../../../arm-none-eabi/lib/armv7-m\libg_nano.a(lib_a-nano-svfprintf.o)
                0x0000c5cc                _svfiprintf_r
                0x0000c5cc                _svfprintf_r
 .text._sbrk_r  0x0000c7b0       0x20 c:/program files (x86)/cypress/psoc creator/3.3/psoc creator/import/gnu/arm/4.9.3/bin/../lib/gcc/arm-none-eabi/4.9.3/../../../../arm-none-eabi/lib/armv7-m\libg_nano.a(lib_a-sbrkr.o)
                0x0000c7b0                _sbrk_r
 .text._raise_r
                0x0000c7d0       0x50 c:/program files (x86)/cypress/psoc creator/3.3/psoc creator/import/gnu/arm/4.9.3/bin/../lib/gcc/arm-none-eabi/4.9.3/../../../../arm-none-eabi/lib/armv7-m\libg_nano.a(lib_a-signal.o)
                0x0000c7d0                _raise_r
 .text.raise    0x0000c820       0x10 c:/program files (x86)/cypress/psoc creator/3.3/psoc creator/import/gnu/arm/4.9.3/bin/../lib/gcc/arm-none-eabi/4.9.3/../../../../arm-none-eabi/lib/armv7-m\libg_nano.a(lib_a-signal.o)
                0x0000c820                raise
 .text._kill_r  0x0000c830       0x24 c:/program files (x86)/cypress/psoc creator/3.3/psoc creator/import/gnu/arm/4.9.3/bin/../lib/gcc/arm-none-eabi/4.9.3/../../../../arm-none-eabi/lib/armv7-m\libg_nano.a(lib_a-signalr.o)
                0x0000c830                _kill_r
 .text._getpid_r
                0x0000c854        0x4 c:/program files (x86)/cypress/psoc creator/3.3/psoc creator/import/gnu/arm/4.9.3/bin/../lib/gcc/arm-none-eabi/4.9.3/../../../../arm-none-eabi/lib/armv7-m\libg_nano.a(lib_a-signalr.o)
                0x0000c854                _getpid_r
 .text.__sread  0x0000c858       0x22 c:/program files (x86)/cypress/psoc creator/3.3/psoc creator/import/gnu/arm/4.9.3/bin/../lib/gcc/arm-none-eabi/4.9.3/../../../../arm-none-eabi/lib/armv7-m\libg_nano.a(lib_a-stdio.o)
                0x0000c858                __sread
 .text.__swrite
                0x0000c87a       0x38 c:/program files (x86)/cypress/psoc creator/3.3/psoc creator/import/gnu/arm/4.9.3/bin/../lib/gcc/arm-none-eabi/4.9.3/../../../../arm-none-eabi/lib/armv7-m\libg_nano.a(lib_a-stdio.o)
                0x0000c87a                __swrite
 .text.__sseek  0x0000c8b2       0x24 c:/program files (x86)/cypress/psoc creator/3.3/psoc creator/import/gnu/arm/4.9.3/bin/../lib/gcc/arm-none-eabi/4.9.3/../../../../arm-none-eabi/lib/armv7-m\libg_nano.a(lib_a-stdio.o)
                0x0000c8b2                __sseek
 .text.__sclose
                0x0000c8d6        0x8 c:/program files (x86)/cypress/psoc creator/3.3/psoc creator/import/gnu/arm/4.9.3/bin/../lib/gcc/arm-none-eabi/4.9.3/../../../../arm-none-eabi/lib/armv7-m\libg_nano.a(lib_a-stdio.o)
                0x0000c8d6                __sclose
 .text.strncmp  0x0000c8de       0x32 c:/program files (x86)/cypress/psoc creator/3.3/psoc creator/import/gnu/arm/4.9.3/bin/../lib/gcc/arm-none-eabi/4.9.3/../../../../arm-none-eabi/lib/armv7-m\libg_nano.a(lib_a-strncmp.o)
                0x0000c8de                strncmp
 .text._write_r
                0x0000c910       0x24 c:/program files (x86)/cypress/psoc creator/3.3/psoc creator/import/gnu/arm/4.9.3/bin/../lib/gcc/arm-none-eabi/4.9.3/../../../../arm-none-eabi/lib/armv7-m\libg_nano.a(lib_a-writer.o)
                0x0000c910                _write_r
 .text._close_r
                0x0000c934       0x20 c:/program files (x86)/cypress/psoc creator/3.3/psoc creator/import/gnu/arm/4.9.3/bin/../lib/gcc/arm-none-eabi/4.9.3/../../../../arm-none-eabi/lib/armv7-m\libg_nano.a(lib_a-closer.o)
                0x0000c934                _close_r
 .text._fstat_r
                0x0000c954       0x24 c:/program files (x86)/cypress/psoc creator/3.3/psoc creator/import/gnu/arm/4.9.3/bin/../lib/gcc/arm-none-eabi/4.9.3/../../../../arm-none-eabi/lib/armv7-m\libg_nano.a(lib_a-fstatr.o)
                0x0000c954                _fstat_r
 .text._isatty_r
                0x0000c978       0x20 c:/program files (x86)/cypress/psoc creator/3.3/psoc creator/import/gnu/arm/4.9.3/bin/../lib/gcc/arm-none-eabi/4.9.3/../../../../arm-none-eabi/lib/armv7-m\libg_nano.a(lib_a-isattyr.o)
                0x0000c978                _isatty_r
 .text._lseek_r
                0x0000c998       0x24 c:/program files (x86)/cypress/psoc creator/3.3/psoc creator/import/gnu/arm/4.9.3/bin/../lib/gcc/arm-none-eabi/4.9.3/../../../../arm-none-eabi/lib/armv7-m\libg_nano.a(lib_a-lseekr.o)
                0x0000c998                _lseek_r
 .text._malloc_usable_size_r
                0x0000c9bc       0x14 c:/program files (x86)/cypress/psoc creator/3.3/psoc creator/import/gnu/arm/4.9.3/bin/../lib/gcc/arm-none-eabi/4.9.3/../../../../arm-none-eabi/lib/armv7-m\libg_nano.a(lib_a-nano-msizer.o)