Archive member included because of file (symbol)

.\CortexM3\ARM_GCC_493\Debug\freesoc.a(cyfitter_cfg.o)
                              .\CortexM3\ARM_GCC_493\Debug\Cm3Start.o (cyfitter_cfg)
.\CortexM3\ARM_GCC_493\Debug\freesoc.a(Left_HB25_Enable_Pin.o)
                              .\CortexM3\ARM_GCC_493\Debug\motor.o (Left_HB25_Enable_Pin_Write)
.\CortexM3\ARM_GCC_493\Debug\freesoc.a(Left_HB25_PWM.o)
                              .\CortexM3\ARM_GCC_493\Debug\motor.o (Left_HB25_PWM_Stop)
.\CortexM3\ARM_GCC_493\Debug\freesoc.a(Right_HB25_Enable_Pin.o)
                              .\CortexM3\ARM_GCC_493\Debug\motor.o (Right_HB25_Enable_Pin_Write)
.\CortexM3\ARM_GCC_493\Debug\freesoc.a(Right_HB25_PWM.o)
                              .\CortexM3\ARM_GCC_493\Debug\motor.o (Right_HB25_PWM_Stop)
.\CortexM3\ARM_GCC_493\Debug\freesoc.a(CyBootAsmGnu.o)
                              .\CortexM3\ARM_GCC_493\Debug\freesoc.a(cyfitter_cfg.o) (CyDelayCycles)
.\CortexM3\ARM_GCC_493\Debug\freesoc.a(CyLib.o)
                              .\CortexM3\ARM_GCC_493\Debug\Cm3Start.o (CyHalt)
.\CortexM3\ARM_GCC_493\Debug\freesoc.a(cyPm.o)
                              .\CortexM3\ARM_GCC_493\Debug\freesoc.a(CyLib.o) (CyPmReadStatus)
.\CortexM3\ARM_GCC_493\Debug\freesoc.a(EZI2C_Slave.o)
                              .\CortexM3\ARM_GCC_493\Debug\i2c.o (EZI2C_Slave_Start)
.\CortexM3\ARM_GCC_493\Debug\freesoc.a(EZI2C_Slave_PM.o)
                              .\CortexM3\ARM_GCC_493\Debug\freesoc.a(EZI2C_Slave.o) (EZI2C_Slave_backup)
.\CortexM3\ARM_GCC_493\Debug\freesoc.a(EZI2C_Slave_INT.o)
                              .\CortexM3\ARM_GCC_493\Debug\freesoc.a(EZI2C_Slave.o) (EZI2C_Slave_ISR)
.\CortexM3\ARM_GCC_493\Debug\freesoc.a(Mainloop_Pin.o)
                              .\CortexM3\ARM_GCC_493\Debug\main.o (Mainloop_Pin_Write)
.\CortexM3\ARM_GCC_493\Debug\freesoc.a(EEPROM.o)
                              .\CortexM3\ARM_GCC_493\Debug\nvstore.o (EEPROM_Start)
.\CortexM3\ARM_GCC_493\Debug\freesoc.a(Right_QuadDec.o)
                              .\CortexM3\ARM_GCC_493\Debug\encoder.o (Right_QuadDec_GetCounter)
.\CortexM3\ARM_GCC_493\Debug\freesoc.a(Right_QuadDec_INT.o)
                              .\CortexM3\ARM_GCC_493\Debug\freesoc.a(Right_QuadDec.o) (Right_QuadDec_ISR)
.\CortexM3\ARM_GCC_493\Debug\freesoc.a(Right_QuadDec_Cnt16.o)
                              .\CortexM3\ARM_GCC_493\Debug\freesoc.a(Right_QuadDec.o) (Right_QuadDec_Cnt16_Stop)
.\CortexM3\ARM_GCC_493\Debug\freesoc.a(Left_QuadDec.o)
                              .\CortexM3\ARM_GCC_493\Debug\encoder.o (Left_QuadDec_GetCounter)
.\CortexM3\ARM_GCC_493\Debug\freesoc.a(Left_QuadDec_INT.o)
                              .\CortexM3\ARM_GCC_493\Debug\freesoc.a(Left_QuadDec.o) (Left_QuadDec_ISR)
.\CortexM3\ARM_GCC_493\Debug\freesoc.a(Left_QuadDec_Cnt16.o)
                              .\CortexM3\ARM_GCC_493\Debug\freesoc.a(Left_QuadDec.o) (Left_QuadDec_Cnt16_Stop)
.\CortexM3\ARM_GCC_493\Debug\freesoc.a(USBUART.o)
                              .\CortexM3\ARM_GCC_493\Debug\serial.o (USBUART_Start)
.\CortexM3\ARM_GCC_493\Debug\freesoc.a(USBUART_cdc.o)
                              .\CortexM3\ARM_GCC_493\Debug\serial.o (USBUART_CDC_Init)
.\CortexM3\ARM_GCC_493\Debug\freesoc.a(USBUART_drv.o)
                              .\CortexM3\ARM_GCC_493\Debug\freesoc.a(USBUART.o) (USBUART_lastPacketSize)
.\CortexM3\ARM_GCC_493\Debug\freesoc.a(USBUART_episr.o)
                              .\CortexM3\ARM_GCC_493\Debug\freesoc.a(USBUART.o) (USBUART_EP_1_ISR)
.\CortexM3\ARM_GCC_493\Debug\freesoc.a(USBUART_hid.o)
                              .\CortexM3\ARM_GCC_493\Debug\freesoc.a(USBUART.o) (USBUART_hidProtocol)
.\CortexM3\ARM_GCC_493\Debug\freesoc.a(USBUART_pm.o)
                              .\CortexM3\ARM_GCC_493\Debug\freesoc.a(USBUART.o) (USBUART_DP_ISR)
.\CortexM3\ARM_GCC_493\Debug\freesoc.a(USBUART_std.o)
                              .\CortexM3\ARM_GCC_493\Debug\freesoc.a(USBUART_pm.o) (USBUART_ConfigReg)
.\CortexM3\ARM_GCC_493\Debug\freesoc.a(USBUART_vnd.o)
                              .\CortexM3\ARM_GCC_493\Debug\freesoc.a(USBUART_drv.o) (USBUART_HandleVendorRqst)
.\CortexM3\ARM_GCC_493\Debug\freesoc.a(USBUART_Dp.o)
                              .\CortexM3\ARM_GCC_493\Debug\freesoc.a(USBUART_pm.o) (USBUART_Dp_ClearInterrupt)
.\CortexM3\ARM_GCC_493\Debug\freesoc.a(SPIM.o)
                              .\CortexM3\ARM_GCC_493\Debug\spi.o (SPIM_ReadRxData)
.\CortexM3\ARM_GCC_493\Debug\freesoc.a(SPIM_INT.o)
                              .\CortexM3\ARM_GCC_493\Debug\freesoc.a(SPIM.o) (SPIM_RX_ISR)
.\CortexM3\ARM_GCC_493\Debug\freesoc.a(Slave_Select.o)
                              .\CortexM3\ARM_GCC_493\Debug\spi.o (Slave_Select_Write)
.\CortexM3\ARM_GCC_493\Debug\freesoc.a(CyFlash.o)
                              .\CortexM3\ARM_GCC_493\Debug\freesoc.a(EEPROM.o) (dieTemperature)
.\CortexM3\ARM_GCC_493\Debug\freesoc.a(CySpc.o)
[...]
Memory Configuration

Name             Origin             Length             Attributes
rom              0x00000000         0x00040000         xr
ram              0x1fff8000         0x00010000         xrw
*default*        0x00000000         0xffffffff

Linker script and memory map

LOAD c:/program files (x86)/cypress/psoc creator/3.3/psoc creator/import/gnu/arm/4.9.3/bin/../lib/gcc/arm-none-eabi/4.9.3/armv7-m/crti.o
LOAD c:/program files (x86)/cypress/psoc creator/3.3/psoc creator/import/gnu/arm/4.9.3/bin/../lib/gcc/arm-none-eabi/4.9.3/armv7-m/crtbegin.o
LOAD c:/program files (x86)/cypress/psoc creator/3.3/psoc creator/import/gnu/arm/4.9.3/bin/../lib/gcc/arm-none-eabi/4.9.3/../../../../arm-none-eabi/lib/armv7-m/crt0.o
START GROUP
LOAD .\CortexM3\ARM_GCC_493\Debug\main.o
LOAD .\CortexM3\ARM_GCC_493\Debug\cal.o
LOAD .\CortexM3\ARM_GCC_493\Debug\control.o
LOAD .\CortexM3\ARM_GCC_493\Debug\debug.o
LOAD .\CortexM3\ARM_GCC_493\Debug\diag.o
LOAD .\CortexM3\ARM_GCC_493\Debug\encoder.o
LOAD .\CortexM3\ARM_GCC_493\Debug\i2c.o
LOAD .\CortexM3\ARM_GCC_493\Debug\motor.o
LOAD .\CortexM3\ARM_GCC_493\Debug\odom.o
LOAD .\CortexM3\ARM_GCC_493\Debug\pid.o
LOAD .\CortexM3\ARM_GCC_493\Debug\time.o
LOAD .\CortexM3\ARM_GCC_493\Debug\utils.o
LOAD .\CortexM3\ARM_GCC_493\Debug\pid_controller.o
LOAD .\CortexM3\ARM_GCC_493\Debug\serial.o
LOAD .\CortexM3\ARM_GCC_493\Debug\nvstore.o
LOAD .\CortexM3\ARM_GCC_493\Debug\calpid.o
LOAD .\CortexM3\ARM_GCC_493\Debug\calmotor.o
LOAD .\CortexM3\ARM_GCC_493\Debug\pidutil.o
LOAD .\CortexM3\ARM_GCC_493\Debug\spi.o
LOAD .\CortexM3\ARM_GCC_493\Debug\callin.o
LOAD .\CortexM3\ARM_GCC_493\Debug\sensor.o
LOAD .\CortexM3\ARM_GCC_493\Debug\cymetadata.o
LOAD .\CortexM3\ARM_GCC_493\Debug\Cm3Start.o
LOAD .\CortexM3\ARM_GCC_493\Debug\freesoc.a
LOAD C:\Program Files (x86)\Cypress\PSoC Creator\3.3\PSoC Creator\psoc\content\cycomponentlibrary\CyComponentLibrary.cylib\CortexM3\ARM_GCC_493\Debug\CyComponentLibrary.a
LOAD c:/program files (x86)/cypress/psoc creator/3.3/psoc creator/import/gnu/arm/4.9.3/bin/../lib/gcc/arm-none-eabi/4.9.3/../../../../arm-none-eabi/lib/armv7-m\libm.a
END GROUP
START GROUP
LOAD c:/program files (x86)/cypress/psoc creator/3.3/psoc creator/import/gnu/arm/4.9.3/bin/../lib/gcc/arm-none-eabi/4.9.3/armv7-m\libgcc.a
LOAD c:/program files (x86)/cypress/psoc creator/3.3/psoc creator/import/gnu/arm/4.9.3/bin/../lib/gcc/arm-none-eabi/4.9.3/../../../../arm-none-eabi/lib/armv7-m\libg_nano.a
LOAD c:/program files (x86)/cypress/psoc creator/3.3/psoc creator/import/gnu/arm/4.9.3/bin/../lib/gcc/arm-none-eabi/4.9.3/../../../../arm-none-eabi/lib/armv7-m\libc_nano.a
END GROUP
START GROUP
LOAD c:/program files (x86)/cypress/psoc creator/3.3/psoc creator/import/gnu/arm/4.9.3/bin/../lib/gcc/arm-none-eabi/4.9.3/armv7-m\libgcc.a
LOAD c:/program files (x86)/cypress/psoc creator/3.3/psoc creator/import/gnu/arm/4.9.3/bin/../lib/gcc/arm-none-eabi/4.9.3/../../../../arm-none-eabi/lib/armv7-m\libc_nano.a
END GROUP
LOAD c:/program files (x86)/cypress/psoc creator/3.3/psoc creator/import/gnu/arm/4.9.3/bin/../lib/gcc/arm-none-eabi/4.9.3/armv7-m/crtend.o
LOAD c:/program files (x86)/cypress/psoc creator/3.3/psoc creator/import/gnu/arm/4.9.3/bin/../lib/gcc/arm-none-eabi/4.9.3/armv7-m/crtn.o
START GROUP
LOAD c:/program files (x86)/cypress/psoc creator/3.3/psoc creator/import/gnu/arm/4.9.3/bin/../lib/gcc/arm-none-eabi/4.9.3/armv7-m\libgcc.a
LOAD c:/program files (x86)/cypress/psoc creator/3.3/psoc creator/import/gnu/arm/4.9.3/bin/../lib/gcc/arm-none-eabi/4.9.3/../../../../arm-none-eabi/lib/armv7-m\libc.a
LOAD c:/program files (x86)/cypress/psoc creator/3.3/psoc creator/import/gnu/arm/4.9.3/bin/../lib/gcc/arm-none-eabi/4.9.3/../../../../arm-none-eabi/lib/armv7-m\libnosys.a
END GROUP
                0x00000000                CY_APPL_ORIGIN = 0x0
                0x00000100                CY_FLASH_ROW_SIZE = 0x100
                0x00000020                CY_ECC_ROW_SIZE = 0x20
                0x00000000                CY_EE_IN_BTLDR = 0x0
                0x00000000                CY_APPL_LOADABLE = 0x0
                0x00000800                CY_EE_SIZE = 0x800
                0x00000001                CY_APPL_NUM = 0x1
                0x00000001                CY_APPL_MAX = 0x1
                0x00000040                CY_METADATA_SIZE = 0x40
                0x00000000                CY_APPL_LOADABLE = 0x0
                0x00000000                CY_CHECKSUM_EXCLUDE_SIZE = ALIGN (0x0, CY_FLASH_ROW_SIZE)
                0x1fff8d38                PROVIDE (__cy_heap_start, _end)
                0x00000001                PROVIDE (__cy_region_num, ((__cy_regions_end - __cy_regions) / 0x10))
                0x20008000                PROVIDE (__cy_stack, (ORIGIN (ram) + 0x10000))
                0x20007800                PROVIDE (__cy_heap_end, (__cy_stack - 0x800))

.cybootloader   0x00000000        0x0
 *(.cybootloader)
                0x00000000                appl1_start = CY_APPL_ORIGIN?CY_APPL_ORIGIN:ALIGN (CY_FLASH_ROW_SIZE)
                0x0001ff00                appl2_start = (appl1_start + ALIGN ((((0x40000 - appl1_start) - (0x2 * CY_FLASH_ROW_SIZE)) / 0x2), CY_FLASH_ROW_SIZE))
                0x00000000                appl_start = (CY_APPL_NUM == 0x1)?appl1_start:appl2_start
                0x00000000                ecc_offset = ((appl_start / CY_FLASH_ROW_SIZE) * CY_ECC_ROW_SIZE)
                0x00000000                ee_offset = (CY_APPL_LOADABLE && ! (CY_EE_IN_BTLDR))?((CY_EE_SIZE / CY_APPL_MAX) * (CY_APPL_NUM - 0x1)):0x0
                0x00000800                ee_size = (CY_APPL_LOADABLE && ! (CY_EE_IN_BTLDR))?(CY_EE_SIZE / CY_APPL_MAX):CY_EE_SIZE
                0x00000000                PROVIDE (CY_ECC_OFFSET, ecc_offset)

.text           0x00000000     0xdaac
 CREATE_OBJECT_SYMBOLS
                0x00000000                PROVIDE (__cy_interrupt_vector, RomVectors)
 *(.romvectors)
 .romvectors    0x00000000       0x10 .\CortexM3\ARM_GCC_493\Debug\Cm3Start.o
                0x00000000                RomVectors
                0x00000001                ASSERT ((. != __cy_interrupt_vector), No interrupt vector)
                0x00000001                ASSERT (CY_APPL_ORIGIN?(SIZEOF (.cybootloader) <= CY_APPL_ORIGIN):0x1, Wrong image location)
                0x00000010                PROVIDE (__cy_reset, Reset)
 *(.text.Reset)
 .text.Reset    0x00000010       0x18 .\CortexM3\ARM_GCC_493\Debug\Cm3Start.o
                0x00000010                Reset
                0x00000001                ASSERT ((. != __cy_reset), No reset code)
 *(.dma_init)
                0x00000001                ASSERT ((((appl_start + .) <= 0x10000) || 0x1), DMA Init must be within the first 64k of flash)
 *(.text .text.* .gnu.linkonce.t.*)
 .text          0x00000028       0x5c c:/program files (x86)/cypress/psoc creator/3.3/psoc creator/import/gnu/arm/4.9.3/bin/../lib/gcc/arm-none-eabi/4.9.3/armv7-m/crtbegin.o
 .text.main     0x00000084      0x118 .\CortexM3\ARM_GCC_493\Debug\main.o
                0x00000084                main
 .text.LeftTarget
                0x0000019c        0xc .\CortexM3\ARM_GCC_493\Debug\cal.o
 .text.RightTarget
                0x000001a8        0xc .\CortexM3\ARM_GCC_493\Debug\cal.o
 .text.DisplayCalMenu
                0x000001b4       0x5c .\CortexM3\ARM_GCC_493\Debug\cal.o
 .text.DisplayValMenu
                0x00000210       0x90 .\CortexM3\ARM_GCC_493\Debug\cal.o
 .text.DisplayMenu
                0x000002a0       0x20 .\CortexM3\ARM_GCC_493\Debug\cal.o
 .text.DisplaySettingsMenu
                0x000002c0       0x68 .\CortexM3\ARM_GCC_493\Debug\cal.o
 .text.HandleError
                0x00000328       0x30 .\CortexM3\ARM_GCC_493\Debug\cal.o
 .text.Process  0x00000358       0xa4 .\CortexM3\ARM_GCC_493\Debug\cal.o
 .text.DisplayExit
                0x000003fc       0x18 .\CortexM3\ARM_GCC_493\Debug\cal.o
 .text.GetCommand
                0x00000414       0x58 .\CortexM3\ARM_GCC_493\Debug\cal.o
 .text.GetCalibration
                0x0000046c       0x50 .\CortexM3\ARM_GCC_493\Debug\cal.o
 .text.GetValidation
                0x000004bc      0x148 .\CortexM3\ARM_GCC_493\Debug\cal.o
 .text.CpsToPwm
                0x00000604       0x74 .\CortexM3\ARM_GCC_493\Debug\cal.o
 .text.ClearCalibrationStatusBit
                0x00000678       0x2c .\CortexM3\ARM_GCC_493\Debug\cal.o
                0x00000678                ClearCalibrationStatusBit
 .text.SetCalibrationStatusBit
                0x000006a4       0x24 .\CortexM3\ARM_GCC_493\Debug\cal.o
                0x000006a4                SetCalibrationStatusBit
 .text.Cal_PrintSamples
                0x000006c8       0x64 .\CortexM3\ARM_GCC_493\Debug\cal.o
                0x000006c8                Cal_PrintSamples
 .text.Cal_PrintGains
                0x0000072c       0x48 .\CortexM3\ARM_GCC_493\Debug\cal.o
                0x0000072c                Cal_PrintGains
 .text.ProcessSettingsCmd
                0x00000774      0x104 .\CortexM3\ARM_GCC_493\Debug\cal.o
 .text.Cal_Init
                0x00000878       0x3c .\CortexM3\ARM_GCC_493\Debug\cal.o
                0x00000878                Cal_Init
 .text.Cal_Start
                0x000008b4       0x14 .\CortexM3\ARM_GCC_493\Debug\cal.o
                0x000008b4                Cal_Start
 .text.Cal_Update
                0x000008c8       0xd4 .\CortexM3\ARM_GCC_493\Debug\cal.o
                0x000008c8                Cal_Update
 .text.Cal_ReadResponse
                0x0000099c       0x48 .\CortexM3\ARM_GCC_493\Debug\cal.o
                0x0000099c                Cal_ReadResponse
 .text.Cal_LeftGetPidGains
                0x000009e4        0xc .\CortexM3\ARM_GCC_493\Debug\cal.o
                0x000009e4                Cal_LeftGetPidGains
 .text.Cal_RightGetPidGains
                0x000009f0        0xc .\CortexM3\ARM_GCC_493\Debug\cal.o
                0x000009f0                Cal_RightGetPidGains
 .text.Cal_SetLeftRightVelocity
                0x000009fc        0xc .\CortexM3\ARM_GCC_493\Debug\cal.o
                0x000009fc                Cal_SetLeftRightVelocity
 .text.Cal_CpsToPwm
                0x00000a08       0x9c .\CortexM3\ARM_GCC_493\Debug\cal.o
                0x00000a08                Cal_CpsToPwm
 .text.Cal_Clear
                0x00000aa4       0x10 .\CortexM3\ARM_GCC_493\Debug\cal.o
                0x00000aa4                Cal_Clear
 .text.Cal_CalcTriangularProfile
                0x00000ab4      0x154 .\CortexM3\ARM_GCC_493\Debug\cal.o
                0x00000ab4                Cal_CalcTriangularProfile
 .text.Control_Init
                0x00000c08       0x10 .\CortexM3\ARM_GCC_493\Debug\control.o
                0x00000c08                Control_Init
 .text.Control_Start
                0x00000c18        0x4 .\CortexM3\ARM_GCC_493\Debug\control.o
                0x00000c18                Control_Start
 *fill*         0x00000c1c        0x4 
 .text.Control_Update
                0x00000c20      0x188 .\CortexM3\ARM_GCC_493\Debug\control.o
                0x00000c20                Control_Update
 .text.Control_LeftGetCmdVelocity
                0x00000da8        0xc .\CortexM3\ARM_GCC_493\Debug\control.o
                0x00000da8                Control_LeftGetCmdVelocity
 .text.Control_RightGetCmdVelocity
                0x00000db4        0xc .\CortexM3\ARM_GCC_493\Debug\control.o
                0x00000db4                Control_RightGetCmdVelocity
 .text.Control_OverrideDebug
                0x00000dc0        0xc .\CortexM3\ARM_GCC_493\Debug\control.o
                0x00000dc0                Control_OverrideDebug
 .text.Debug_Init
                0x00000dcc       0x24 .\CortexM3\ARM_GCC_493\Debug\debug.o
                0x00000dcc                Debug_Init
 .text.Debug_Start
                0x00000df0        0x4 .\CortexM3\ARM_GCC_493\Debug\debug.o
                0x00000df0                Debug_Start
 .text.Diag_Init
                0x00000df4       0x18 .\CortexM3\ARM_GCC_493\Debug\diag.o
                0x00000df4                Diag_Init
 .text.Diag_Start
                0x00000e0c        0x4 .\CortexM3\ARM_GCC_493\Debug\diag.o
                0x00000e0c                Diag_Start
 .text.Diag_Update
                0x00000e10       0x34 .\CortexM3\ARM_GCC_493\Debug\diag.o
                0x00000e10                Diag_Update
 *fill*         0x00000e44        0x4 
 .text.Encoder_Sample
                0x00000e48       0xa8 .\CortexM3\ARM_GCC_493\Debug\encoder.o
 .text.DumpEncoder
                0x00000ef0       0x74 .\CortexM3\ARM_GCC_493\Debug\encoder.o
 .text.Encoder_Init
                0x00000f64       0x4c .\CortexM3\ARM_GCC_493\Debug\encoder.o
                0x00000f64                Encoder_Init
 .text.Encoder_Start
                0x00000fb0       0x20 .\CortexM3\ARM_GCC_493\Debug\encoder.o
                0x00000fb0                Encoder_Start
 .text.Encoder_Update
                0x00000fd0       0x84 .\CortexM3\ARM_GCC_493\Debug\encoder.o
                0x00000fd0                Encoder_Update
 .text.Encoder_LeftGetCntsPerSec
                0x00001054        0xc .\CortexM3\ARM_GCC_493\Debug\encoder.o
                0x00001054                Encoder_LeftGetCntsPerSec
 .text.Encoder_RightGetCntsPerSec
                0x00001060        0xc .\CortexM3\ARM_GCC_493\Debug\encoder.o
                0x00001060                Encoder_RightGetCntsPerSec
 .text.Encoder_LeftGetMeterPerSec
                0x0000106c        0xc .\CortexM3\ARM_GCC_493\Debug\encoder.o
                0x0000106c                Encoder_LeftGetMeterPerSec
 .text.Encoder_RightGetMeterPerSec
                0x00001078        0xc .\CortexM3\ARM_GCC_493\Debug\encoder.o
                0x00001078                Encoder_RightGetMeterPerSec
 .text.Encoder_LeftGetDist
                0x00001084        0xc .\CortexM3\ARM_GCC_493\Debug\encoder.o
                0x00001084                Encoder_LeftGetDist
 .text.Encoder_RightGetDist
                0x00001090        0xc .\CortexM3\ARM_GCC_493\Debug\encoder.o
                0x00001090                Encoder_RightGetDist
 .text.Encoder_Reset
                0x0000109c       0x68 .\CortexM3\ARM_GCC_493\Debug\encoder.o
                0x0000109c                Encoder_Reset
 .text.I2c_Init
                0x00001104       0x24 .\CortexM3\ARM_GCC_493\Debug\i2c.o
                0x00001104                I2c_Init
 .text.I2c_Start
                0x00001128       0x18 .\CortexM3\ARM_GCC_493\Debug\i2c.o
                0x00001128                I2c_Start
 .text.I2c_ReadDeviceControl
                0x00001140       0x10 .\CortexM3\ARM_GCC_493\Debug\i2c.o
                0x00001140                I2c_ReadDeviceControl
 .text.I2c_ReadDebugControl
                0x00001150       0x6c .\CortexM3\ARM_GCC_493\Debug\i2c.o
                0x00001150                I2c_ReadDebugControl
 .text.I2c_ReadCmdVelocity
                0x000011bc       0x50 .\CortexM3\ARM_GCC_493\Debug\i2c.o
                0x000011bc                I2c_ReadCmdVelocity
 .text.I2c_SetDeviceStatusBit
                0x0000120c       0x14 .\CortexM3\ARM_GCC_493\Debug\i2c.o
                0x0000120c                I2c_SetDeviceStatusBit
 .text.I2c_ClearDeviceStatusBit
                0x00001220       0x18 .\CortexM3\ARM_GCC_493\Debug\i2c.o
                0x00001220                I2c_ClearDeviceStatusBit
 .text.I2c_SetCalibrationStatusBit
                0x00001238       0x14 .\CortexM3\ARM_GCC_493\Debug\i2c.o
                0x00001238                I2c_SetCalibrationStatusBit
 .text.I2c_ClearCalibrationStatusBit
                0x0000124c       0x18 .\CortexM3\ARM_GCC_493\Debug\i2c.o
                0x0000124c                I2c_ClearCalibrationStatusBit
 .text.I2c_SetCalibrationStatus
                0x00001264       0x10 .\CortexM3\ARM_GCC_493\Debug\i2c.o
                0x00001264                I2c_SetCalibrationStatus
 .text.I2c_WriteOdom
                0x00001274       0x1c .\CortexM3\ARM_GCC_493\Debug\i2c.o
                0x00001274                I2c_WriteOdom
 .text.I2c_WriteUltrasonicFrontDistances
                0x00001290       0x28 .\CortexM3\ARM_GCC_493\Debug\i2c.o
                0x00001290                I2c_WriteUltrasonicFrontDistances
 .text.I2c_WriteUltrasonicRearDistances
                0x000012b8       0x28 .\CortexM3\ARM_GCC_493\Debug\i2c.o
                0x000012b8                I2c_WriteUltrasonicRearDistances
 .text.I2c_WriteInfraredFrontDistances
                0x000012e0       0x28 .\CortexM3\ARM_GCC_493\Debug\i2c.o
                0x000012e0                I2c_WriteInfraredFrontDistances
 .text.I2c_WriteInfraredRearDistances
                0x00001308       0x28 .\CortexM3\ARM_GCC_493\Debug\i2c.o
                0x00001308                I2c_WriteInfraredRearDistances
 .text.I2c_UpdateHeartbeat
                0x00001330       0x14 .\CortexM3\ARM_GCC_493\Debug\i2c.o
                0x00001330                I2c_UpdateHeartbeat
 .text.DumpMotor
                0x00001344       0x40 .\CortexM3\ARM_GCC_493\Debug\motor.o
 .text.RampDown
                0x00001384       0x78 .\CortexM3\ARM_GCC_493\Debug\motor.o
 .text.Motor_Init
                0x000013fc       0x18 .\CortexM3\ARM_GCC_493\Debug\motor.o
                0x000013fc                Motor_Init
 .text.Motor_Start
                0x00001414       0x34 .\CortexM3\ARM_GCC_493\Debug\motor.o
                0x00001414                Motor_Start
 .text.Motor_LeftSetPwm
                0x00001448       0x34 .\CortexM3\ARM_GCC_493\Debug\motor.o
                0x00001448                Motor_LeftSetPwm
 .text.Motor_RightSetPwm
                0x0000147c       0x34 .\CortexM3\ARM_GCC_493\Debug\motor.o
                0x0000147c                Motor_RightSetPwm
 .text.Motor_SetPwm
                0x000014b0       0x10 .\CortexM3\ARM_GCC_493\Debug\motor.o
                0x000014b0                Motor_SetPwm
 .text.Motor_LeftGetPwm
                0x000014c0       0x10 .\CortexM3\ARM_GCC_493\Debug\motor.o
                0x000014c0                Motor_LeftGetPwm
 .text.Motor_RightGetPwm
                0x000014d0       0x10 .\CortexM3\ARM_GCC_493\Debug\motor.o
                0x000014d0                Motor_RightGetPwm
 .text.Motor_Stop
                0x000014e0       0x34 .\CortexM3\ARM_GCC_493\Debug\motor.o
                0x000014e0                Motor_Stop
 .text.Motor_LeftRampDown
                0x00001514       0x10 .\CortexM3\ARM_GCC_493\Debug\motor.o
                0x00001514                Motor_LeftRampDown
 .text.Motor_RightRampDown
                0x00001524       0x10 .\CortexM3\ARM_GCC_493\Debug\motor.o
                0x00001524                Motor_RightRampDown
 .text.DumpOdom
                0x00001534       0xbc .\CortexM3\ARM_GCC_493\Debug\odom.o
 .text.Odom_Init
                0x000015f0       0x14 .\CortexM3\ARM_GCC_493\Debug\odom.o
                0x000015f0                Odom_Init
 .text.Odom_Start
                0x00001604        0x4 .\CortexM3\ARM_GCC_493\Debug\odom.o
                0x00001604                Odom_Start
 .text.Odom_Update
                0x00001608       0x90 .\CortexM3\ARM_GCC_493\Debug\odom.o
                0x00001608                Odom_Update
 .text.Odom_Reset
                0x00001698       0x28 .\CortexM3\ARM_GCC_493\Debug\odom.o
                0x00001698                Odom_Reset
 .text.ProcessPid
                0x000016c0       0xb8 .\CortexM3\ARM_GCC_493\Debug\pid.o
 .text.Pid_Init
                0x00001778       0x7c .\CortexM3\ARM_GCC_493\Debug\pid.o
                0x00001778                Pid_Init
 .text.Pid_Start
                0x000017f4       0x30 .\CortexM3\ARM_GCC_493\Debug\pid.o
                0x000017f4                Pid_Start
 *fill*         0x00001824        0x4 
 .text.Pid_Update
                0x00001828       0xa0 .\CortexM3\ARM_GCC_493\Debug\pid.o
                0x00001828                Pid_Update
 .text.Pid_SetLeftRightTarget
                0x000018c8       0x10 .\CortexM3\ARM_GCC_493\Debug\pid.o
                0x000018c8                Pid_SetLeftRightTarget
 .text.Pid_RestoreLeftRightTarget
                0x000018d8       0x1c .\CortexM3\ARM_GCC_493\Debug\pid.o
                0x000018d8                Pid_RestoreLeftRightTarget
 .text.Pid_Reset
                0x000018f4       0x24 .\CortexM3\ARM_GCC_493\Debug\pid.o
                0x000018f4                Pid_Reset
 .text.Pid_Enable
                0x00001918       0x28 .\CortexM3\ARM_GCC_493\Debug\pid.o
                0x00001918                Pid_Enable
 .text.Pid_LeftSetGains
                0x00001940       0x18 .\CortexM3\ARM_GCC_493\Debug\pid.o
                0x00001940                Pid_LeftSetGains
 .text.Pid_RightSetGains
                0x00001958       0x18 .\CortexM3\ARM_GCC_493\Debug\pid.o
                0x00001958                Pid_RightSetGains
 .text.Pid_LeftGetGains
                0x00001970       0x1c .\CortexM3\ARM_GCC_493\Debug\pid.o
                0x00001970                Pid_LeftGetGains
 .text.Pid_RightGetGains
                0x0000198c       0x1c .\CortexM3\ARM_GCC_493\Debug\pid.o
                0x0000198c                Pid_RightGetGains
 .text.SysTickIsrHandler
                0x000019a8       0x10 .\CortexM3\ARM_GCC_493\Debug\time.o
 .text.Time_Init
                0x000019b8        0xc .\CortexM3\ARM_GCC_493\Debug\time.o
                0x000019b8                Time_Init
 .text.Time_Start
                0x000019c4       0x2c .\CortexM3\ARM_GCC_493\Debug\time.o
                0x000019c4                Time_Start
 .text.millis   0x000019f0        0xc .\CortexM3\ARM_GCC_493\Debug\time.o
                0x000019f0                millis
 .text.insert_zeros
                0x000019fc       0x30 .\CortexM3\ARM_GCC_493\Debug\utils.o
 .text.MovingAverageFloat
                0x00001a2c       0x2c .\CortexM3\ARM_GCC_493\Debug\utils.o
                0x00001a2c                MovingAverageFloat
 .text.Uint16ToTwoBytes
                0x00001a58        0xc .\CortexM3\ARM_GCC_493\Debug\utils.o
                0x00001a58                Uint16ToTwoBytes
 .text.FloatToFourBytes
                0x00001a64       0x20 .\CortexM3\ARM_GCC_493\Debug\utils.o
                0x00001a64                FloatToFourBytes
 .text.ftoa     0x00001a84       0xa4 .\CortexM3\ARM_GCC_493\Debug\utils.o
                0x00001a84                ftoa
 .text.BinaryRangeSearch
                0x00001b28       0x50 .\CortexM3\ARM_GCC_493\Debug\utils.o
                0x00001b28                BinaryRangeSearch
 .text.Interpolate
                0x00001b78       0x3c .\CortexM3\ARM_GCC_493\Debug\utils.o
                0x00001b78                Interpolate
 .text.PIDCompute
                0x00001bb4       0xa4 .\CortexM3\ARM_GCC_493\Debug\pid_controller.o
                0x00001bb4                PIDCompute
 .text.PIDModeSet
                0x00001c58       0x40 .\CortexM3\ARM_GCC_493\Debug\pid_controller.o
                0x00001c58                PIDModeSet
 .text.PIDOutputLimitsSet
                0x00001c98       0x5c .\CortexM3\ARM_GCC_493\Debug\pid_controller.o
                0x00001c98                PIDOutputLimitsSet
 .text.PIDTuningsSet
                0x00001cf4       0x6c .\CortexM3\ARM_GCC_493\Debug\pid_controller.o
                0x00001cf4                PIDTuningsSet
 .text.PIDInit  0x00001d60       0x54 .\CortexM3\ARM_GCC_493\Debug\pid_controller.o
                0x00001d60                PIDInit
 .text.PIDSetpointSet
                0x00001db4        0x4 .\CortexM3\ARM_GCC_493\Debug\pid_controller.o
                0x00001db4                PIDSetpointSet
 .text.PIDInputSet
                0x00001db8        0x4 .\CortexM3\ARM_GCC_493\Debug\pid_controller.o
                0x00001db8                PIDInputSet
 .text.Ser_Init
                0x00001dbc        0x4 .\CortexM3\ARM_GCC_493\Debug\serial.o
                0x00001dbc                Ser_Init
 .text.Ser_Start
                0x00001dc0       0x2c .\CortexM3\ARM_GCC_493\Debug\serial.o
                0x00001dc0                Ser_Start
 .text.Ser_Update
                0x00001dec       0x14 .\CortexM3\ARM_GCC_493\Debug\serial.o
                0x00001dec                Ser_Update
 .text.Ser_PutString
                0x00001e00       0x20 .\CortexM3\ARM_GCC_493\Debug\serial.o
                0x00001e00                Ser_PutString
 .text.Ser_ReadByte
                0x00001e20       0x1c .\CortexM3\ARM_GCC_493\Debug\serial.o
                0x00001e20                Ser_ReadByte
 .text.Ser_WriteByte
                0x00001e3c       0x1c .\CortexM3\ARM_GCC_493\Debug\serial.o
                0x00001e3c                Ser_WriteByte
 .text.Nvstore_Init
                0x00001e58        0x4 .\CortexM3\ARM_GCC_493\Debug\nvstore.o
                0x00001e58                Nvstore_Init
 .text.Nvstore_Start
                0x00001e5c        0x8 .\CortexM3\ARM_GCC_493\Debug\nvstore.o
                0x00001e5c                Nvstore_Start
 .text.Nvstore_WriteBytes
                0x00001e64       0xc8 .\CortexM3\ARM_GCC_493\Debug\nvstore.o
                0x00001e64                Nvstore_WriteBytes
 .text.Nvstore_WriteUint16
                0x00001f2c       0x2c .\CortexM3\ARM_GCC_493\Debug\nvstore.o
                0x00001f2c                Nvstore_WriteUint16
 .text.Nvstore_WriteFloat
                0x00001f58       0x2c .\CortexM3\ARM_GCC_493\Debug\nvstore.o
                0x00001f58                Nvstore_WriteFloat
 *fill*         0x00001f84        0x4 
 .text.GetStepVelocity
                0x00001f88      0x118 .\CortexM3\ARM_GCC_493\Debug\calpid.o
 .text.ResetPidValidationVelocity
                0x000020a0       0x10 .\CortexM3\ARM_GCC_493\Debug\calpid.o
 .text.GetNextValidationVelocity
                0x000020b0       0x58 .\CortexM3\ARM_GCC_493\Debug\calpid.o
 .text.Results  0x00002108       0x64 .\CortexM3\ARM_GCC_493\Debug\calpid.o
 .text.StoreLeftGains
                0x0000216c       0x3c .\CortexM3\ARM_GCC_493\Debug\calpid.o
 .text.StoreRightGains
                0x000021a8       0x3c .\CortexM3\ARM_GCC_493\Debug\calpid.o
 .text.Stop     0x000021e4       0x90 .\CortexM3\ARM_GCC_493\Debug\calpid.o
 .text.SetNextValidationVelocity
                0x00002274       0x5c .\CortexM3\ARM_GCC_493\Debug\calpid.o
 .text.Update   0x000022d0       0x58 .\CortexM3\ARM_GCC_493\Debug\calpid.o
 .text.Start    0x00002328       0xe4 .\CortexM3\ARM_GCC_493\Debug\calpid.o
 .text.Init     0x0000240c       0xe0 .\CortexM3\ARM_GCC_493\Debug\calpid.o
 .text.CalPid_Init
                0x000024ec       0x2c .\CortexM3\ARM_GCC_493\Debug\calpid.o
                0x000024ec                CalPid_Init
 .text.CalculatePwmSamples
                0x00002518       0x38 .\CortexM3\ARM_GCC_493\Debug\calmotor.o
 .text.AddSamplesToSum
                0x00002550       0x24 .\CortexM3\ARM_GCC_493\Debug\calmotor.o
 .text.CalculateAvgCpsSamples
                0x00002574       0x20 .\CortexM3\ARM_GCC_493\Debug\calmotor.o
 .text.CalculateMinMaxCpsSample
                0x00002594       0x38 .\CortexM3\ARM_GCC_493\Debug\calmotor.o
 .text.GetNextCps
                0x000025cc       0x48 .\CortexM3\ARM_GCC_493\Debug\calmotor.o
 .text.PrintAllMotorParams
                0x00002614       0x64 .\CortexM3\ARM_GCC_493\Debug\calmotor.o
 .text.Results  0x00002678       0x28 .\CortexM3\ARM_GCC_493\Debug\calmotor.o
 .text.SetNextVelocity
                0x000026a0       0x40 .\CortexM3\ARM_GCC_493\Debug\calmotor.o
 .text.Start    0x000026e0       0x2c .\CortexM3\ARM_GCC_493\Debug\calmotor.o
 .text.Stop     0x0000270c       0x38 .\CortexM3\ARM_GCC_493\Debug\calmotor.o
 .text.CalcCpsAvgAtPwm
                0x00002744       0x58 .\CortexM3\ARM_GCC_493\Debug\calmotor.o
 .text.CollectCpsSamples
                0x0000279c       0x5c .\CortexM3\ARM_GCC_493\Debug\calmotor.o
 .text.StoreWheelSpeedCalibration
                0x000027f8       0x50 .\CortexM3\ARM_GCC_493\Debug\calmotor.o
 .text.CalibrateWheelSpeed
                0x00002848       0x98 .\CortexM3\ARM_GCC_493\Debug\calmotor.o
 .text.PrintWheelVelocity
                0x000028e0       0x90 .\CortexM3\ARM_GCC_493\Debug\calmotor.o
 .text.ValidateMotorCalibration
                0x00002970       0xc8 .\CortexM3\ARM_GCC_493\Debug\calmotor.o
 .text.Update   0x00002a38       0xc0 .\CortexM3\ARM_GCC_493\Debug\calmotor.o
 .text.Init     0x00002af8       0x6c .\CortexM3\ARM_GCC_493\Debug\calmotor.o
 .text.CalMotor_Init
                0x00002b64       0x40 .\CortexM3\ARM_GCC_493\Debug\calmotor.o
                0x00002b64                CalMotor_Init
 .text.DumpPid  0x00002ba4      0x104 .\CortexM3\ARM_GCC_493\Debug\pidutil.o
                0x00002ba4                DumpPid
 .text.IsValidMessage
                0x00002ca8       0x1c .\CortexM3\ARM_GCC_493\Debug\spi.o
 .text.RecvMessage
                0x00002cc4       0xc0 .\CortexM3\ARM_GCC_493\Debug\spi.o
                0x00002cc4                RecvMessage
 .text.Spi_Init
                0x00002d84        0x4 .\CortexM3\ARM_GCC_493\Debug\spi.o
                0x00002d84                Spi_Init
 .text.Spi_Start
                0x00002d88       0x10 .\CortexM3\ARM_GCC_493\Debug\spi.o
                0x00002d88                Spi_Start
 .text.Spi_ReadNode
                0x00002d98       0x44 .\CortexM3\ARM_GCC_493\Debug\spi.o
                0x00002d98                Spi_ReadNode
 .text.Results  0x00002ddc       0x18 .\CortexM3\ARM_GCC_493\Debug\callin.o
 *fill*         0x00002df4        0x4 
 .text.Stop     0x00002df8       0xe0 .\CortexM3\ARM_GCC_493\Debug\callin.o
 .text.Update   0x00002ed8       0x94 .\CortexM3\ARM_GCC_493\Debug\callin.o
 .text.Start    0x00002f6c       0x60 .\CortexM3\ARM_GCC_493\Debug\callin.o
 .text.Init     0x00002fcc       0x68 .\CortexM3\ARM_GCC_493\Debug\callin.o
 .text.CalLin_Init
                0x00003034       0x10 .\CortexM3\ARM_GCC_493\Debug\callin.o
                0x00003034                CalLin_Init
 .text.ReadInfraredRear
                0x00003044       0x18 .\CortexM3\ARM_GCC_493\Debug\sensor.o
 .text.ReadUltratronicRear
                0x0000305c       0x18 .\CortexM3\ARM_GCC_493\Debug\sensor.o
 .text.ReadReadDistanceSensors
                0x00003074        0xc .\CortexM3\ARM_GCC_493\Debug\sensor.o
 .text.ReadInfraredFront
                0x00003080       0x18 .\CortexM3\ARM_GCC_493\Debug\sensor.o
 .text.ReadUltrasonicFront
                0x00003098       0x18 .\CortexM3\ARM_GCC_493\Debug\sensor.o
 .text.ReadFrontDistanceSensors
                0x000030b0        0xc .\CortexM3\ARM_GCC_493\Debug\sensor.o
 .text.Sensor_Init
                0x000030bc       0x20 .\CortexM3\ARM_GCC_493\Debug\sensor.o
                0x000030bc                Sensor_Init
 .text.Sensor_Start
                0x000030dc        0x8 .\CortexM3\ARM_GCC_493\Debug\sensor.o
                0x000030dc                Sensor_Start
 .text.Sensor_Update
                0x000030e4       0x34 .\CortexM3\ARM_GCC_493\Debug\sensor.o
                0x000030e4                Sensor_Update
 .text.IntDefaultHandler
                0x00003118        0x4 .\CortexM3\ARM_GCC_493\Debug\Cm3Start.o
                0x00003118                IntDefaultHandler
 .text._exit    0x0000311c        0xc .\CortexM3\ARM_GCC_493\Debug\Cm3Start.o
                0x0000311c                _exit
 .text._sbrk    0x00003128       0x30 .\CortexM3\ARM_GCC_493\Debug\Cm3Start.o
                0x00003128                _sbrk
 .text.Start_c  0x00003158       0x4c .\CortexM3\ARM_GCC_493\Debug\Cm3Start.o
                0x00003158                Start_c
 .text.initialize_psoc
                0x000031a4       0x74 .\CortexM3\ARM_GCC_493\Debug\Cm3Start.o
                0x000031a4                initialize_psoc
 .text.cfg_write_bytes32
                0x00003218       0x34 .\CortexM3\ARM_GCC_493\Debug\freesoc.a(cyfitter_cfg.o)
 .text.AnalogSetDefault
                0x0000324c       0x28 .\CortexM3\ARM_GCC_493\Debug\freesoc.a(cyfitter_cfg.o)
 .text.CYMEMZERO
                0x00003274        0xc .\CortexM3\ARM_GCC_493\Debug\freesoc.a(cyfitter_cfg.o)
 .text.ClockSetup
                0x00003280       0xd8 .\CortexM3\ARM_GCC_493\Debug\freesoc.a(cyfitter_cfg.o)
 .text.CYCONFIGCPY
                0x00003358        0x8 .\CortexM3\ARM_GCC_493\Debug\freesoc.a(cyfitter_cfg.o)
 .text.cyfitter_cfg
                0x00003360      0x144 .\CortexM3\ARM_GCC_493\Debug\freesoc.a(cyfitter_cfg.o)
                0x00003360                cyfitter_cfg
 .text.Left_HB25_Enable_Pin_Write
                0x000034a4       0x18 .\CortexM3\ARM_GCC_493\Debug\freesoc.a(Left_HB25_Enable_Pin.o)
                0x000034a4                Left_HB25_Enable_Pin_Write
 .text.Left_HB25_PWM_Stop
                0x000034bc        0x4 .\CortexM3\ARM_GCC_493\Debug\freesoc.a(Left_HB25_PWM.o)
                0x000034bc                Left_HB25_PWM_Stop
 .text.Left_HB25_PWM_WriteCounter
                0x000034c0        0xc .\CortexM3\ARM_GCC_493\Debug\freesoc.a(Left_HB25_PWM.o)
                0x000034c0                Left_HB25_PWM_WriteCounter
 .text.Left_HB25_PWM_WritePeriod
                0x000034cc        0xc .\CortexM3\ARM_GCC_493\Debug\freesoc.a(Left_HB25_PWM.o)
                0x000034cc                Left_HB25_PWM_WritePeriod
 .text.Left_HB25_PWM_WriteCompare
                0x000034d8        0xc .\CortexM3\ARM_GCC_493\Debug\freesoc.a(Left_HB25_PWM.o)
                0x000034d8                Left_HB25_PWM_WriteCompare
 .text.Left_HB25_PWM_Init
                0x000034e4       0x34 .\CortexM3\ARM_GCC_493\Debug\freesoc.a(Left_HB25_PWM.o)
                0x000034e4                Left_HB25_PWM_Init
 .text.Left_HB25_PWM_Start
                0x00003518       0x18 .\CortexM3\ARM_GCC_493\Debug\freesoc.a(Left_HB25_PWM.o)
                0x00003518                Left_HB25_PWM_Start
 .text.Left_HB25_PWM_ReadCompare
                0x00003530        0xc .\CortexM3\ARM_GCC_493\Debug\freesoc.a(Left_HB25_PWM.o)
                0x00003530                Left_HB25_PWM_ReadCompare
 .text.Right_HB25_Enable_Pin_Write
                0x0000353c       0x18 .\CortexM3\ARM_GCC_493\Debug\freesoc.a(Right_HB25_Enable_Pin.o)
                0x0000353c                Right_HB25_Enable_Pin_Write
 .text.Right_HB25_PWM_Stop
                0x00003554        0x4 .\CortexM3\ARM_GCC_493\Debug\freesoc.a(Right_HB25_PWM.o)
                0x00003554                Right_HB25_PWM_Stop
 .text.Right_HB25_PWM_WriteCounter
                0x00003558        0xc .\CortexM3\ARM_GCC_493\Debug\freesoc.a(Right_HB25_PWM.o)
                0x00003558                Right_HB25_PWM_WriteCounter
 .text.Right_HB25_PWM_WritePeriod
                0x00003564        0xc .\CortexM3\ARM_GCC_493\Debug\freesoc.a(Right_HB25_PWM.o)
                0x00003564                Right_HB25_PWM_WritePeriod
 .text.Right_HB25_PWM_WriteCompare
                0x00003570        0xc .\CortexM3\ARM_GCC_493\Debug\freesoc.a(Right_HB25_PWM.o)
                0x00003570                Right_HB25_PWM_WriteCompare
 .text.Right_HB25_PWM_Init
                0x0000357c       0x34 .\CortexM3\ARM_GCC_493\Debug\freesoc.a(Right_HB25_PWM.o)
                0x0000357c                Right_HB25_PWM_Init
 .text.Right_HB25_PWM_Start
                0x000035b0       0x18 .\CortexM3\ARM_GCC_493\Debug\freesoc.a(Right_HB25_PWM.o)
                0x000035b0                Right_HB25_PWM_Start
 .text.Right_HB25_PWM_ReadCompare
                0x000035c8        0xc .\CortexM3\ARM_GCC_493\Debug\freesoc.a(Right_HB25_PWM.o)
                0x000035c8                Right_HB25_PWM_ReadCompare
 *fill*         0x000035d4        0x4 
 .text          0x000035d8       0x20 .\CortexM3\ARM_GCC_493\Debug\freesoc.a(CyBootAsmGnu.o)
                0x000035d8                CyDelayCycles
                0x000035e8                CyEnterCriticalSection
                0x000035f0                CyExitCriticalSection
 .text.CyHalt   0x000035f8        0x4 .\CortexM3\ARM_GCC_493\Debug\freesoc.a(CyLib.o)
                0x000035f8                CyHalt
 .text.CyDelay  0x000035fc       0x2c .\CortexM3\ARM_GCC_493\Debug\freesoc.a(CyLib.o)
                0x000035fc                CyDelay
 .text.CyDelayUs
                0x00003628       0x14 .\CortexM3\ARM_GCC_493\Debug\freesoc.a(CyLib.o)
                0x00003628                CyDelayUs
 .text.CyIntSetSysVector
                0x0000363c       0x28 .\CortexM3\ARM_GCC_493\Debug\freesoc.a(CyLib.o)
                0x0000363c                CyIntSetSysVector
 .text.CyIntSetVector
                0x00003664       0x28 .\CortexM3\ARM_GCC_493\Debug\freesoc.a(CyLib.o)
                0x00003664                CyIntSetVector
 .text.CyIntSetPriority
                0x0000368c       0x30 .\CortexM3\ARM_GCC_493\Debug\freesoc.a(CyLib.o)
                0x0000368c                CyIntSetPriority
 .text.CySysTickEnableInterrupt
                0x000036bc       0x10 .\CortexM3\ARM_GCC_493\Debug\freesoc.a(CyLib.o)
                0x000036bc                CySysTickEnableInterrupt
 .text.CySysTickEnable
                0x000036cc       0x18 .\CortexM3\ARM_GCC_493\Debug\freesoc.a(CyLib.o)
                0x000036cc                CySysTickEnable
 .text.CySysTickSetReload
                0x000036e4       0x10 .\CortexM3\ARM_GCC_493\Debug\freesoc.a(CyLib.o)
                0x000036e4                CySysTickSetReload
 .text.CySysTickSetClockSource
                0x000036f4       0x20 .\CortexM3\ARM_GCC_493\Debug\freesoc.a(CyLib.o)
                0x000036f4                CySysTickSetClockSource
 .text.CySysTickGetCountFlag
                0x00003714       0x10 .\CortexM3\ARM_GCC_493\Debug\freesoc.a(CyLib.o)
                0x00003714                CySysTickGetCountFlag
 .text.CySysTickServiceCallbacks
                0x00003724       0x28 .\CortexM3\ARM_GCC_493\Debug\freesoc.a(CyLib.o)
 .text.CySysTickClear
                0x0000374c        0xc .\CortexM3\ARM_GCC_493\Debug\freesoc.a(CyLib.o)
                0x0000374c                CySysTickClear
 .text.CySysTickInit
                0x00003758       0x58 .\CortexM3\ARM_GCC_493\Debug\freesoc.a(CyLib.o)
                0x00003758                CySysTickInit
 .text.CySysTickStart
                0x000037b0       0x1c .\CortexM3\ARM_GCC_493\Debug\freesoc.a(CyLib.o)
                0x000037b0                CySysTickStart
 .text.CySysTickSetCallback
                0x000037cc       0x10 .\CortexM3\ARM_GCC_493\Debug\freesoc.a(CyLib.o)
                0x000037cc                CySysTickSetCallback
 .text.CySysTickGetCallback
                0x000037dc       0x10 .\CortexM3\ARM_GCC_493\Debug\freesoc.a(CyLib.o)
                0x000037dc                CySysTickGetCallback
 .text.CyGetUniqueId
                0x000037ec       0x70 .\CortexM3\ARM_GCC_493\Debug\freesoc.a(CyLib.o)
                0x000037ec                CyGetUniqueId
 .text.EZI2C_Slave_Init
                0x0000385c       0x70 .\CortexM3\ARM_GCC_493\Debug\freesoc.a(EZI2C_Slave.o)
                0x0000385c                EZI2C_Slave_Init
 .text.EZI2C_Slave_Enable
                0x000038cc       0x30 .\CortexM3\ARM_GCC_493\Debug\freesoc.a(EZI2C_Slave.o)
                0x000038cc                EZI2C_Slave_Enable
 .text.EZI2C_Slave_Start
                0x000038fc       0x1c .\CortexM3\ARM_GCC_493\Debug\freesoc.a(EZI2C_Slave.o)
                0x000038fc                EZI2C_Slave_Start
 .text.EZI2C_Slave_GetActivity
                0x00003918       0x28 .\CortexM3\ARM_GCC_493\Debug\freesoc.a(EZI2C_Slave.o)
                0x00003918                EZI2C_Slave_GetActivity
 .text.EZI2C_Slave_SetBuffer1
                0x00003940       0x50 .\CortexM3\ARM_GCC_493\Debug\freesoc.a(EZI2C_Slave.o)
                0x00003940                EZI2C_Slave_SetBuffer1
 .text.EZI2C_Slave_ISR
                0x00003990      0x1c4 .\CortexM3\ARM_GCC_493\Debug\freesoc.a(EZI2C_Slave_INT.o)
                0x00003990                EZI2C_Slave_ISR
 .text.Mainloop_Pin_Write
                0x00003b54       0x18 .\CortexM3\ARM_GCC_493\Debug\freesoc.a(Mainloop_Pin.o)
                0x00003b54                Mainloop_Pin_Write
 .text.EEPROM_Enable
                0x00003b6c        0xc .\CortexM3\ARM_GCC_493\Debug\freesoc.a(EEPROM.o)
                0x00003b6c                EEPROM_Enable
 .text.EEPROM_Start
                0x00003b78        0x8 .\CortexM3\ARM_GCC_493\Debug\freesoc.a(EEPROM.o)
                0x00003b78                EEPROM_Start
 .text.EEPROM_WriteByte
                0x00003b80       0xd4 .\CortexM3\ARM_GCC_493\Debug\freesoc.a(EEPROM.o)
                0x00003b80                EEPROM_WriteByte
 .text.EEPROM_Write
                0x00003c54       0xb4 .\CortexM3\ARM_GCC_493\Debug\freesoc.a(EEPROM.o)
                0x00003c54                EEPROM_Write
 .text.Right_QuadDec_Init
                0x00003d08       0x24 .\CortexM3\ARM_GCC_493\Debug\freesoc.a(Right_QuadDec.o)
                0x00003d08                Right_QuadDec_Init
 .text.Right_QuadDec_GetCounter
                0x00003d2c       0x2c .\CortexM3\ARM_GCC_493\Debug\freesoc.a(Right_QuadDec.o)
                0x00003d2c                Right_QuadDec_GetCounter
 .text.Right_QuadDec_SetCounter
                0x00003d58       0x28 .\CortexM3\ARM_GCC_493\Debug\freesoc.a(Right_QuadDec.o)
                0x00003d58                Right_QuadDec_SetCounter
 .text.Right_QuadDec_GetEvents
                0x00003d80       0x10 .\CortexM3\ARM_GCC_493\Debug\freesoc.a(Right_QuadDec.o)
                0x00003d80                Right_QuadDec_GetEvents
 .text.Right_QuadDec_SetInterruptMask
                0x00003d90       0x10 .\CortexM3\ARM_GCC_493\Debug\freesoc.a(Right_QuadDec.o)
                0x00003d90                Right_QuadDec_SetInterruptMask
 .text.Right_QuadDec_Enable
                0x00003da0       0x30 .\CortexM3\ARM_GCC_493\Debug\freesoc.a(Right_QuadDec.o)
                0x00003da0                Right_QuadDec_Enable
 .text.Right_QuadDec_Start
                0x00003dd0       0x34 .\CortexM3\ARM_GCC_493\Debug\freesoc.a(Right_QuadDec.o)
                0x00003dd0                Right_QuadDec_Start
 .text.Right_QuadDec_ISR
                0x00003e04       0x40 .\CortexM3\ARM_GCC_493\Debug\freesoc.a(Right_QuadDec_INT.o)
                0x00003e04                Right_QuadDec_ISR
 .text.Right_QuadDec_Cnt16_Enable
                0x00003e44       0x10 .\CortexM3\ARM_GCC_493\Debug\freesoc.a(Right_QuadDec_Cnt16.o)
                0x00003e44                Right_QuadDec_Cnt16_Enable
 .text.Right_QuadDec_Cnt16_SetInterruptMode
                0x00003e54        0xc .\CortexM3\ARM_GCC_493\Debug\freesoc.a(Right_QuadDec_Cnt16.o)
                0x00003e54                Right_QuadDec_Cnt16_SetInterruptMode
 .text.Right_QuadDec_Cnt16_ReadStatusRegister
                0x00003e60        0xc .\CortexM3\ARM_GCC_493\Debug\freesoc.a(Right_QuadDec_Cnt16.o)
                0x00003e60                Right_QuadDec_Cnt16_ReadStatusRegister
 .text.Right_QuadDec_Cnt16_WriteCounter
                0x00003e6c        0xc .\CortexM3\ARM_GCC_493\Debug\freesoc.a(Right_QuadDec_Cnt16.o)
                0x00003e6c                Right_QuadDec_Cnt16_WriteCounter
 .text.Right_QuadDec_Cnt16_ReadCounter
                0x00003e78       0x14 .\CortexM3\ARM_GCC_493\Debug\freesoc.a(Right_QuadDec_Cnt16.o)
                0x00003e78                Right_QuadDec_Cnt16_ReadCounter
 .text.Right_QuadDec_Cnt16_ReadCapture
                0x00003e8c        0xc .\CortexM3\ARM_GCC_493\Debug\freesoc.a(Right_QuadDec_Cnt16.o)
                0x00003e8c                Right_QuadDec_Cnt16_ReadCapture
 .text.Right_QuadDec_Cnt16_WritePeriod
                0x00003e98        0xc .\CortexM3\ARM_GCC_493\Debug\freesoc.a(Right_QuadDec_Cnt16.o)
                0x00003e98                Right_QuadDec_Cnt16_WritePeriod
 .text.Right_QuadDec_Cnt16_WriteCompare
                0x00003ea4        0xc .\CortexM3\ARM_GCC_493\Debug\freesoc.a(Right_QuadDec_Cnt16.o)
                0x00003ea4                Right_QuadDec_Cnt16_WriteCompare
 .text.Right_QuadDec_Cnt16_ClearFIFO
                0x00003eb0       0x14 .\CortexM3\ARM_GCC_493\Debug\freesoc.a(Right_QuadDec_Cnt16.o)
                0x00003eb0                Right_QuadDec_Cnt16_ClearFIFO
 .text.Right_QuadDec_Cnt16_Init
                0x00003ec4       0x58 .\CortexM3\ARM_GCC_493\Debug\freesoc.a(Right_QuadDec_Cnt16.o)
                0x00003ec4                Right_QuadDec_Cnt16_Init
 .text.Right_QuadDec_Cnt16_Start
                0x00003f1c       0x1c .\CortexM3\ARM_GCC_493\Debug\freesoc.a(Right_QuadDec_Cnt16.o)
                0x00003f1c                Right_QuadDec_Cnt16_Start
 .text.Left_QuadDec_Init
                0x00003f38       0x24 .\CortexM3\ARM_GCC_493\Debug\freesoc.a(Left_QuadDec.o)
                0x00003f38                Left_QuadDec_Init
 .text.Left_QuadDec_GetCounter
                0x00003f5c       0x2c .\CortexM3\ARM_GCC_493\Debug\freesoc.a(Left_QuadDec.o)
                0x00003f5c                Left_QuadDec_GetCounter
 .text.Left_QuadDec_SetCounter
                0x00003f88       0x28 .\CortexM3\ARM_GCC_493\Debug\freesoc.a(Left_QuadDec.o)
                0x00003f88                Left_QuadDec_SetCounter
 .text.Left_QuadDec_GetEvents
                0x00003fb0       0x10 .\CortexM3\ARM_GCC_493\Debug\freesoc.a(Left_QuadDec.o)
                0x00003fb0                Left_QuadDec_GetEvents
 .text.Left_QuadDec_SetInterruptMask
                0x00003fc0       0x10 .\CortexM3\ARM_GCC_493\Debug\freesoc.a(Left_QuadDec.o)
                0x00003fc0                Left_QuadDec_SetInterruptMask
 .text.Left_QuadDec_Enable
                0x00003fd0       0x30 .\CortexM3\ARM_GCC_493\Debug\freesoc.a(Left_QuadDec.o)
                0x00003fd0                Left_QuadDec_Enable
 .text.Left_QuadDec_Start
                0x00004000       0x34 .\CortexM3\ARM_GCC_493\Debug\freesoc.a(Left_QuadDec.o)
                0x00004000                Left_QuadDec_Start
 .text.Left_QuadDec_ISR
                0x00004034       0x40 .\CortexM3\ARM_GCC_493\Debug\freesoc.a(Left_QuadDec_INT.o)
                0x00004034                Left_QuadDec_ISR
 .text.Left_QuadDec_Cnt16_Enable
                0x00004074       0x10 .\CortexM3\ARM_GCC_493\Debug\freesoc.a(Left_QuadDec_Cnt16.o)
                0x00004074                Left_QuadDec_Cnt16_Enable
 .text.Left_QuadDec_Cnt16_SetInterruptMode
                0x00004084        0xc .\CortexM3\ARM_GCC_493\Debug\freesoc.a(Left_QuadDec_Cnt16.o)
                0x00004084                Left_QuadDec_Cnt16_SetInterruptMode
 .text.Left_QuadDec_Cnt16_ReadStatusRegister
                0x00004090        0xc .\CortexM3\ARM_GCC_493\Debug\freesoc.a(Left_QuadDec_Cnt16.o)
                0x00004090                Left_QuadDec_Cnt16_ReadStatusRegister
 .text.Left_QuadDec_Cnt16_WriteCounter
                0x0000409c        0xc .\CortexM3\ARM_GCC_493\Debug\freesoc.a(Left_QuadDec_Cnt16.o)
                0x0000409c                Left_QuadDec_Cnt16_WriteCounter
 .text.Left_QuadDec_Cnt16_ReadCounter
                0x000040a8       0x14 .\CortexM3\ARM_GCC_493\Debug\freesoc.a(Left_QuadDec_Cnt16.o)
                0x000040a8                Left_QuadDec_Cnt16_ReadCounter
 .text.Left_QuadDec_Cnt16_ReadCapture
                0x000040bc        0xc .\CortexM3\ARM_GCC_493\Debug\freesoc.a(Left_QuadDec_Cnt16.o)
                0x000040bc                Left_QuadDec_Cnt16_ReadCapture
 .text.Left_QuadDec_Cnt16_WritePeriod
                0x000040c8        0xc .\CortexM3\ARM_GCC_493\Debug\freesoc.a(Left_QuadDec_Cnt16.o)
                0x000040c8                Left_QuadDec_Cnt16_WritePeriod
 .text.Left_QuadDec_Cnt16_WriteCompare
                0x000040d4        0xc .\CortexM3\ARM_GCC_493\Debug\freesoc.a(Left_QuadDec_Cnt16.o)
                0x000040d4                Left_QuadDec_Cnt16_WriteCompare
 .text.Left_QuadDec_Cnt16_ClearFIFO
                0x000040e0       0x14 .\CortexM3\ARM_GCC_493\Debug\freesoc.a(Left_QuadDec_Cnt16.o)
                0x000040e0                Left_QuadDec_Cnt16_ClearFIFO
 .text.Left_QuadDec_Cnt16_Init
                0x000040f4       0x58 .\CortexM3\ARM_GCC_493\Debug\freesoc.a(Left_QuadDec_Cnt16.o)
                0x000040f4                Left_QuadDec_Cnt16_Init
 .text.Left_QuadDec_Cnt16_Start
                0x0000414c       0x1c .\CortexM3\ARM_GCC_493\Debug\freesoc.a(Left_QuadDec_Cnt16.o)
                0x0000414c                Left_QuadDec_Cnt16_Start
 .text.USBUART_Init
                0x00004168      0x140 .\CortexM3\ARM_GCC_493\Debug\freesoc.a(USBUART.o)
                0x00004168                USBUART_Init
 .text.USBUART_InitComponent
                0x000042a8       0xd0 .\CortexM3\ARM_GCC_493\Debug\freesoc.a(USBUART.o)
                0x000042a8                USBUART_InitComponent
 .text.USBUART_Start
                0x00004378       0x24 .\CortexM3\ARM_GCC_493\Debug\freesoc.a(USBUART.o)
                0x00004378                USBUART_Start
 .text.USBUART_ReInitComponent
                0x0000439c       0x64 .\CortexM3\ARM_GCC_493\Debug\freesoc.a(USBUART.o)
                0x0000439c                USBUART_ReInitComponent
 .text.USBUART_GetConfiguration
                0x00004400        0xc .\CortexM3\ARM_GCC_493\Debug\freesoc.a(USBUART.o)
                0x00004400                USBUART_GetConfiguration
 .text.USBUART_IsConfigurationChanged
                0x0000440c       0x20 .\CortexM3\ARM_GCC_493\Debug\freesoc.a(USBUART.o)
                0x0000440c                USBUART_IsConfigurationChanged
 .text.USBUART_GetEPState
                0x0000442c       0x14 .\CortexM3\ARM_GCC_493\Debug\freesoc.a(USBUART.o)
                0x0000442c                USBUART_GetEPState
 .text.USBUART_GetEPCount
                0x00004440       0x28 .\CortexM3\ARM_GCC_493\Debug\freesoc.a(USBUART.o)
                0x00004440                USBUART_GetEPCount
 .text.USBUART_LoadInEP
                0x00004468       0x94 .\CortexM3\ARM_GCC_493\Debug\freesoc.a(USBUART.o)
                0x00004468                USBUART_LoadInEP
 .text.USBUART_EnableOutEP
                0x000044fc       0x2c .\CortexM3\ARM_GCC_493\Debug\freesoc.a(USBUART.o)
                0x000044fc                USBUART_EnableOutEP
 .text.USBUART_ReadOutEP
                0x00004528       0x50 .\CortexM3\ARM_GCC_493\Debug\freesoc.a(USBUART.o)
                0x00004528                USBUART_ReadOutEP
 .text.USBUART_StrLen
                0x00004578       0x14 .\CortexM3\ARM_GCC_493\Debug\freesoc.a(USBUART_cdc.o)
 .text.USBUART_GetInterfaceComPort
                0x0000458c       0x3c .\CortexM3\ARM_GCC_493\Debug\freesoc.a(USBUART_cdc.o)
                0x0000458c                USBUART_GetInterfaceComPort
 .text.USBUART_DispatchCDCClassRqst
                0x000045c8       0x98 .\CortexM3\ARM_GCC_493\Debug\freesoc.a(USBUART_cdc.o)
                0x000045c8                USBUART_DispatchCDCClassRqst
 .text.USBUART_CDC_Init
                0x00004660       0x98 .\CortexM3\ARM_GCC_493\Debug\freesoc.a(USBUART_cdc.o)
                0x00004660                USBUART_CDC_Init
 .text.USBUART_PutString
                0x000046f8       0x9c .\CortexM3\ARM_GCC_493\Debug\freesoc.a(USBUART_cdc.o)
                0x000046f8                USBUART_PutString
 .text.USBUART_PutChar
                0x00004794       0x28 .\CortexM3\ARM_GCC_493\Debug\freesoc.a(USBUART_cdc.o)
                0x00004794                USBUART_PutChar
 .text.USBUART_DataIsReady
                0x000047bc       0x18 .\CortexM3\ARM_GCC_493\Debug\freesoc.a(USBUART_cdc.o)
                0x000047bc                USBUART_DataIsReady
 .text.USBUART_CDCIsReady
                0x000047d4       0x18 .\CortexM3\ARM_GCC_493\Debug\freesoc.a(USBUART_cdc.o)
                0x000047d4                USBUART_CDCIsReady
 .text.USBUART_GetChar
                0x000047ec       0x28 .\CortexM3\ARM_GCC_493\Debug\freesoc.a(USBUART_cdc.o)
                0x000047ec                USBUART_GetChar
 .text.USBUART_Cdc_EpInit
                0x00004814       0x50 .\CortexM3\ARM_GCC_493\Debug\freesoc.a(USBUART_cdc.o)
                0x00004814                USBUART_Cdc_EpInit
 .text.USBUART_LoadEP0
                0x00004864       0x94 .\CortexM3\ARM_GCC_493\Debug\freesoc.a(USBUART_drv.o)
                0x00004864                USBUART_LoadEP0
 .text.USBUART_InitZeroLengthControlTransfer
                0x000048f8       0x34 .\CortexM3\ARM_GCC_493\Debug\freesoc.a(USBUART_drv.o)
                0x000048f8                USBUART_InitZeroLengthControlTransfer
 .text.USBUART_ControlReadDataStage
                0x0000492c        0x8 .\CortexM3\ARM_GCC_493\Debug\freesoc.a(USBUART_drv.o)
                0x0000492c                USBUART_ControlReadDataStage
 .text.USBUART_ControlWriteDataStage
                0x00004934       0x80 .\CortexM3\ARM_GCC_493\Debug\freesoc.a(USBUART_drv.o)
                0x00004934                USBUART_ControlWriteDataStage
 .text.USBUART_InitNoDataControlTransfer
                0x000049b4       0x2c .\CortexM3\ARM_GCC_493\Debug\freesoc.a(USBUART_drv.o)
                0x000049b4                USBUART_InitNoDataControlTransfer
 .text.USBUART_UpdateStatusBlock
                0x000049e0       0x24 .\CortexM3\ARM_GCC_493\Debug\freesoc.a(USBUART_drv.o)
                0x000049e0                USBUART_UpdateStatusBlock
 .text.USBUART_HandleSetup
                0x00004a04       0x5c .\CortexM3\ARM_GCC_493\Debug\freesoc.a(USBUART_drv.o)
                0x00004a04                USBUART_HandleSetup
 .text.USBUART_ControlReadStatusStage
                0x00004a60       0x34 .\CortexM3\ARM_GCC_493\Debug\freesoc.a(USBUART_drv.o)
                0x00004a60                USBUART_ControlReadStatusStage
 .text.USBUART_HandleOUT
                0x00004a94       0x38 .\CortexM3\ARM_GCC_493\Debug\freesoc.a(USBUART_drv.o)
                0x00004a94                USBUART_HandleOUT
 .text.USBUART_ControlWriteStatusStage
                0x00004acc       0x20 .\CortexM3\ARM_GCC_493\Debug\freesoc.a(USBUART_drv.o)
                0x00004acc                USBUART_ControlWriteStatusStage
 .text.USBUART_NoDataControlStatusStage
                0x00004aec       0x40 .\CortexM3\ARM_GCC_493\Debug\freesoc.a(USBUART_drv.o)
                0x00004aec                USBUART_NoDataControlStatusStage
 .text.USBUART_HandleIN
                0x00004b2c       0x2c .\CortexM3\ARM_GCC_493\Debug\freesoc.a(USBUART_drv.o)
                0x00004b2c                USBUART_HandleIN
 .text.USBUART_EP_0_ISR
                0x00004b58       0xb8 .\CortexM3\ARM_GCC_493\Debug\freesoc.a(USBUART_drv.o)
                0x00004b58                USBUART_EP_0_ISR
 .text.USBUART_InitializeStatusBlock
                0x00004c10       0x24 .\CortexM3\ARM_GCC_493\Debug\freesoc.a(USBUART_drv.o)
                0x00004c10                USBUART_InitializeStatusBlock
 .text.USBUART_InitControlRead
                0x00004c34       0x50 .\CortexM3\ARM_GCC_493\Debug\freesoc.a(USBUART_drv.o)
                0x00004c34                USBUART_InitControlRead
 .text.USBUART_InitControlWrite
                0x00004c84       0x48 .\CortexM3\ARM_GCC_493\Debug\freesoc.a(USBUART_drv.o)
                0x00004c84                USBUART_InitControlWrite
 .text.USBUART_EP_1_ISR
                0x00004ccc       0x38 .\CortexM3\ARM_GCC_493\Debug\freesoc.a(USBUART_episr.o)
                0x00004ccc                USBUART_EP_1_ISR
 .text.USBUART_EP_2_ISR
                0x00004d04       0x3c .\CortexM3\ARM_GCC_493\Debug\freesoc.a(USBUART_episr.o)
                0x00004d04                USBUART_EP_2_ISR
 .text.USBUART_EP_3_ISR
                0x00004d40       0x44 .\CortexM3\ARM_GCC_493\Debug\freesoc.a(USBUART_episr.o)
                0x00004d40                USBUART_EP_3_ISR
 .text.USBUART_SOF_ISR
                0x00004d84        0x4 .\CortexM3\ARM_GCC_493\Debug\freesoc.a(USBUART_episr.o)
                0x00004d84                USBUART_SOF_ISR
 .text.USBUART_BUS_RESET_ISR
                0x00004d88        0x8 .\CortexM3\ARM_GCC_493\Debug\freesoc.a(USBUART_episr.o)
                0x00004d88                USBUART_BUS_RESET_ISR
 .text.USBUART_FindHidClassDecriptor
                0x00004d90       0x40 .\CortexM3\ARM_GCC_493\Debug\freesoc.a(USBUART_hid.o)
                0x00004d90                USBUART_FindHidClassDecriptor
 .text.USBUART_FindReportDescriptor
                0x00004dd0       0x48 .\CortexM3\ARM_GCC_493\Debug\freesoc.a(USBUART_hid.o)
                0x00004dd0                USBUART_FindReportDescriptor
 .text.USBUART_FindReport
                0x00004e18       0x7c .\CortexM3\ARM_GCC_493\Debug\freesoc.a(USBUART_hid.o)
                0x00004e18                USBUART_FindReport
 .text.USBUART_DispatchHIDClassRqst
                0x00004e94      0x184 .\CortexM3\ARM_GCC_493\Debug\freesoc.a(USBUART_hid.o)
                0x00004e94                USBUART_DispatchHIDClassRqst
 .text.USBUART_DP_ISR
                0x00005018        0x8 .\CortexM3\ARM_GCC_493\Debug\freesoc.a(USBUART_pm.o)
                0x00005018                USBUART_DP_ISR
 .text.USBUART_ReadDieID
                0x00005020       0x6c .\CortexM3\ARM_GCC_493\Debug\freesoc.a(USBUART_std.o)
                0x00005020                USBUART_ReadDieID
 .text.USBUART_ConfigReg
                0x0000508c       0xa4 .\CortexM3\ARM_GCC_493\Debug\freesoc.a(USBUART_std.o)
                0x0000508c                USBUART_ConfigReg
 .text.USBUART_GetConfigTablePtr
                0x00005130       0x28 .\CortexM3\ARM_GCC_493\Debug\freesoc.a(USBUART_std.o)
                0x00005130                USBUART_GetConfigTablePtr
 .text.USBUART_ConfigAltChanged
                0x00005158      0x11c .\CortexM3\ARM_GCC_493\Debug\freesoc.a(USBUART_std.o)
                0x00005158                USBUART_ConfigAltChanged
 .text.USBUART_GetDeviceTablePtr
                0x00005274       0x18 .\CortexM3\ARM_GCC_493\Debug\freesoc.a(USBUART_std.o)
                0x00005274                USBUART_GetDeviceTablePtr
 .text.USBUART_GetInterfaceClassTablePtr
                0x0000528c       0x24 .\CortexM3\ARM_GCC_493\Debug\freesoc.a(USBUART_std.o)
                0x0000528c                USBUART_GetInterfaceClassTablePtr
 .text.USBUART_Config
                0x000052b0      0x1dc .\CortexM3\ARM_GCC_493\Debug\freesoc.a(USBUART_std.o)
                0x000052b0                USBUART_Config
 .text.USBUART_SetEndpointHalt
                0x0000548c       0x64 .\CortexM3\ARM_GCC_493\Debug\freesoc.a(USBUART_std.o)
                0x0000548c                USBUART_SetEndpointHalt
 .text.USBUART_ClearEndpointHalt
                0x000054f0       0xa8 .\CortexM3\ARM_GCC_493\Debug\freesoc.a(USBUART_std.o)
                0x000054f0                USBUART_ClearEndpointHalt
 .text.USBUART_ValidateAlternateSetting
                0x00005598       0x4c .\CortexM3\ARM_GCC_493\Debug\freesoc.a(USBUART_std.o)
                0x00005598                USBUART_ValidateAlternateSetting
 .text.USBUART_HandleStandardRqst
                0x000055e4      0x35c .\CortexM3\ARM_GCC_493\Debug\freesoc.a(USBUART_std.o)
                0x000055e4                USBUART_HandleStandardRqst
 .text.USBUART_HandleVendorRqst
                0x00005940       0x3c .\CortexM3\ARM_GCC_493\Debug\freesoc.a(USBUART_vnd.o)
                0x00005940                USBUART_HandleVendorRqst
 .text.USBUART_Dp_ClearInterrupt
                0x0000597c       0x10 .\CortexM3\ARM_GCC_493\Debug\freesoc.a(USBUART_Dp.o)
                0x0000597c                USBUART_Dp_ClearInterrupt
 .text.SPIM_EnableRxInt
                0x0000598c        0xc .\CortexM3\ARM_GCC_493\Debug\freesoc.a(SPIM.o)
                0x0000598c                SPIM_EnableRxInt
 .text.SPIM_Enable
                0x00005998       0x34 .\CortexM3\ARM_GCC_493\Debug\freesoc.a(SPIM.o)
                0x00005998                SPIM_Enable
 .text.SPIM_DisableRxInt
                0x000059cc        0xc .\CortexM3\ARM_GCC_493\Debug\freesoc.a(SPIM.o)
                0x000059cc                SPIM_DisableRxInt
 .text.SPIM_ReadTxStatus
                0x000059d8        0xc .\CortexM3\ARM_GCC_493\Debug\freesoc.a(SPIM.o)
                0x000059d8                SPIM_ReadTxStatus
 .text.SPIM_ReadRxStatus
                0x000059e4       0x28 .\CortexM3\ARM_GCC_493\Debug\freesoc.a(SPIM.o)
                0x000059e4                SPIM_ReadRxStatus
 .text.SPIM_WriteTxData
                0x00005a0c       0x18 .\CortexM3\ARM_GCC_493\Debug\freesoc.a(SPIM.o)
                0x00005a0c                SPIM_WriteTxData
 .text.SPIM_ReadRxData
                0x00005a24       0x64 .\CortexM3\ARM_GCC_493\Debug\freesoc.a(SPIM.o)
                0x00005a24                SPIM_ReadRxData
 .text.SPIM_GetRxBufferSize
                0x00005a88       0x54 .\CortexM3\ARM_GCC_493\Debug\freesoc.a(SPIM.o)
                0x00005a88                SPIM_GetRxBufferSize
 .text.SPIM_ClearRxBuffer
                0x00005adc       0x40 .\CortexM3\ARM_GCC_493\Debug\freesoc.a(SPIM.o)
                0x00005adc                SPIM_ClearRxBuffer
 .text.SPIM_ClearTxBuffer
                0x00005b1c       0x24 .\CortexM3\ARM_GCC_493\Debug\freesoc.a(SPIM.o)
                0x00005b1c                SPIM_ClearTxBuffer
 .text.SPIM_PutArray
                0x00005b40       0x20 .\CortexM3\ARM_GCC_493\Debug\freesoc.a(SPIM.o)
                0x00005b40                SPIM_PutArray
 .text.SPIM_ClearFIFO
                0x00005b60       0x3c .\CortexM3\ARM_GCC_493\Debug\freesoc.a(SPIM.o)
                0x00005b60                SPIM_ClearFIFO
 .text.SPIM_Init
                0x00005b9c       0x64 .\CortexM3\ARM_GCC_493\Debug\freesoc.a(SPIM.o)
                0x00005b9c                SPIM_Init
 .text.SPIM_Start
                0x00005c00       0x1c .\CortexM3\ARM_GCC_493\Debug\freesoc.a(SPIM.o)
                0x00005c00                SPIM_Start
 .text.SPIM_RX_ISR
                0x00005c1c       0xa0 .\CortexM3\ARM_GCC_493\Debug\freesoc.a(SPIM_INT.o)
                0x00005c1c                SPIM_RX_ISR
 .text.Slave_Select_Write
                0x00005cbc        0xc .\CortexM3\ARM_GCC_493\Debug\freesoc.a(Slave_Select.o)
                0x00005cbc                Slave_Select_Write
 .text.CyFlashGetSpcAlgorithm
                0x00005cc8       0x4c .\CortexM3\ARM_GCC_493\Debug\freesoc.a(CyFlash.o)
 .text.CySetTempInt
                0x00005d14       0x60 .\CortexM3\ARM_GCC_493\Debug\freesoc.a(CyFlash.o)
 .text.CySetTemp
                0x00005d74       0x14 .\CortexM3\ARM_GCC_493\Debug\freesoc.a(CyFlash.o)
                0x00005d74                CySetTemp
 .text.CyEEPROM_Start
                0x00005d88       0x54 .\CortexM3\ARM_GCC_493\Debug\freesoc.a(CyFlash.o)
                0x00005d88                CyEEPROM_Start
 .text.CySpcStart
                0x00005ddc       0x24 .\CortexM3\ARM_GCC_493\Debug\freesoc.a(CySpc.o)
                0x00005ddc                CySpcStart
 .text.CySpcReadData
                0x00005e00       0x34 .\CortexM3\ARM_GCC_493\Debug\freesoc.a(CySpc.o)
                0x00005e00                CySpcReadData
 .text.CySpcLoadMultiByte
                0x00005e34       0x78 .\CortexM3\ARM_GCC_493\Debug\freesoc.a(CySpc.o)
                0x00005e34                CySpcLoadMultiByte
 .text.CySpcLoadRow
                0x00005eac       0x54 .\CortexM3\ARM_GCC_493\Debug\freesoc.a(CySpc.o)
                0x00005eac                CySpcLoadRow
 .text.CySpcWriteRow
                0x00005f00       0x4c .\CortexM3\ARM_GCC_493\Debug\freesoc.a(CySpc.o)
                0x00005f00                CySpcWriteRow
 .text.CySpcGetTemp
                0x00005f4c       0x3c .\CortexM3\ARM_GCC_493\Debug\freesoc.a(CySpc.o)
                0x00005f4c                CySpcGetTemp
 .text.CySpcLock
                0x00005f88       0x4c .\CortexM3\ARM_GCC_493\Debug\freesoc.a(CySpc.o)
                0x00005f88                CySpcLock
 .text.CySpcUnlock
                0x00005fd4       0x38 .\CortexM3\ARM_GCC_493\Debug\freesoc.a(CySpc.o)
                0x00005fd4                CySpcUnlock
 .text.CySpcGetAlgorithm
                0x0000600c       0x28 .\CortexM3\ARM_GCC_493\Debug\freesoc.a(CySpc.o)
                0x0000600c                CySpcGetAlgorithm
 .text.USBUART_DispatchClassRqst
                0x00006034       0x60 .\CortexM3\ARM_GCC_493\Debug\freesoc.a(USBUART_cls.o)
                0x00006034                USBUART_DispatchClassRqst
 .text.cos      0x00006094       0x90 c:/program files (x86)/cypress/psoc creator/3.3/psoc creator/import/gnu/arm/4.9.3/bin/../lib/gcc/arm-none-eabi/4.9.3/../../../../arm-none-eabi/lib/armv7-m\libm.a(lib_a-s_cos.o)
                0x00006094                cos
 .text.sin      0x00006124       0x94 c:/program files (x86)/cypress/psoc creator/3.3/psoc creator/import/gnu/arm/4.9.3/bin/../lib/gcc/arm-none-eabi/4.9.3/../../../../arm-none-eabi/lib/armv7-m\libm.a(lib_a-s_sin.o)
                0x00006124                sin
 .text.__fpclassifyf
                0x000061b8       0x34 c:/program files (x86)/cypress/psoc creator/3.3/psoc creator/import/gnu/arm/4.9.3/bin/../lib/gcc/arm-none-eabi/4.9.3/../../../../arm-none-eabi/lib/armv7-m\libm.a(lib_a-sf_fpclassify.o)
                0x000061b8                __fpclassifyf
 .text.atan2    0x000061ec        0x4 c:/program files (x86)/cypress/psoc creator/3.3/psoc creator/import/gnu/arm/4.9.3/bin/../lib/gcc/arm-none-eabi/4.9.3/../../../../arm-none-eabi/lib/armv7-m\libm.a(lib_a-w_atan2.o)
                0x000061ec                atan2
 .text.pow      0x000061f0      0x2f0 c:/program files (x86)/cypress/psoc creator/3.3/psoc creator/import/gnu/arm/4.9.3/bin/../lib/gcc/arm-none-eabi/4.9.3/../../../../arm-none-eabi/lib/armv7-m\libm.a(lib_a-w_pow.o)
                0x000061f0                pow
 .text.__ieee754_atan2
                0x000064e0      0x1b8 c:/program files (x86)/cypress/psoc creator/3.3/psoc creator/import/gnu/arm/4.9.3/bin/../lib/gcc/arm-none-eabi/4.9.3/../../../../arm-none-eabi/lib/armv7-m\libm.a(lib_a-e_atan2.o)
                0x000064e0                __ieee754_atan2
 .text.__ieee754_pow
                0x00006698      0xaa0 c:/program files (x86)/cypress/psoc creator/3.3/psoc creator/import/gnu/arm/4.9.3/bin/../lib/gcc/arm-none-eabi/4.9.3/../../../../arm-none-eabi/lib/armv7-m\libm.a(lib_a-e_pow.o)
                0x00006698                __ieee754_pow
 .text.__ieee754_rem_pio2
                0x00007138      0x428 c:/program files (x86)/cypress/psoc creator/3.3/psoc creator/import/gnu/arm/4.9.3/bin/../lib/gcc/arm-none-eabi/4.9.3/../../../../arm-none-eabi/lib/armv7-m\libm.a(lib_a-e_rem_pio2.o)
                0x00007138                __ieee754_rem_pio2
 .text.__ieee754_sqrt
                0x00007560      0x18c c:/program files (x86)/cypress/psoc creator/3.3/psoc creator/import/gnu/arm/4.9.3/bin/../lib/gcc/arm-none-eabi/4.9.3/../../../../arm-none-eabi/lib/armv7-m\libm.a(lib_a-e_sqrt.o)
                0x00007560                __ieee754_sqrt
 *fill*         0x000076ec        0x4 
 .text.__kernel_cos
                0x000076f0      0x248 c:/program files (x86)/cypress/psoc creator/3.3/psoc creator/import/gnu/arm/4.9.3/bin/../lib/gcc/arm-none-eabi/4.9.3/../../../../arm-none-eabi/lib/armv7-m\libm.a(lib_a-k_cos.o)
                0x000076f0                __kernel_cos
 .text.__kernel_rem_pio2
                0x00007938      0x808 c:/program files (x86)/cypress/psoc creator/3.3/psoc creator/import/gnu/arm/4.9.3/bin/../lib/gcc/arm-none-eabi/4.9.3/../../../../arm-none-eabi/lib/armv7-m\libm.a(lib_a-k_rem_pio2.o)
                0x00007938                __kernel_rem_pio2
 .text.__kernel_sin
                0x00008140      0x170 c:/program files (x86)/cypress/psoc creator/3.3/psoc creator/import/gnu/arm/4.9.3/bin/../lib/gcc/arm-none-eabi/4.9.3/../../../../arm-none-eabi/lib/armv7-m\libm.a(lib_a-k_sin.o)
                0x00008140                __kernel_sin
 .text.atan     0x000082b0      0x338 c:/program files (x86)/cypress/psoc creator/3.3/psoc creator/import/gnu/arm/4.9.3/bin/../lib/gcc/arm-none-eabi/4.9.3/../../../../arm-none-eabi/lib/armv7-m\libm.a(lib_a-s_atan.o)
                0x000082b0                atan
 .text.fabs     0x000085e8        0x8 c:/program files (x86)/cypress/psoc creator/3.3/psoc creator/import/gnu/arm/4.9.3/bin/../lib/gcc/arm-none-eabi/4.9.3/../../../../arm-none-eabi/lib/armv7-m\libm.a(lib_a-s_fabs.o)
                0x000085e8                fabs
 .text.finite   0x000085f0        0xc c:/program files (x86)/cypress/psoc creator/3.3/psoc creator/import/gnu/arm/4.9.3/bin/../lib/gcc/arm-none-eabi/4.9.3/../../../../arm-none-eabi/lib/armv7-m\libm.a(lib_a-s_finite.o)
                0x000085f0                finite
 *fill*         0x000085fc        0x4 
 .text.floor    0x00008600      0x118 c:/program files (x86)/cypress/psoc creator/3.3/psoc creator/import/gnu/arm/4.9.3/bin/../lib/gcc/arm-none-eabi/4.9.3/../../../../arm-none-eabi/lib/armv7-m\libm.a(lib_a-s_floor.o)
                0x00008600                floor
 .text.__fpclassifyd
                0x00008718       0x58 c:/program files (x86)/cypress/psoc creator/3.3/psoc creator/import/gnu/arm/4.9.3/bin/../lib/gcc/arm-none-eabi/4.9.3/../../../../arm-none-eabi/lib/armv7-m\libm.a(lib_a-s_fpclassify.o)
                0x00008718                __fpclassifyd
 .text.matherr  0x00008770        0x4 c:/program files (x86)/cypress/psoc creator/3.3/psoc creator/import/gnu/arm/4.9.3/bin/../lib/gcc/arm-none-eabi/4.9.3/../../../../arm-none-eabi/lib/armv7-m\libm.a(lib_a-s_matherr.o)
                0x00008770                matherr
 .text.nan      0x00008774        0xc c:/program files (x86)/cypress/psoc creator/3.3/psoc creator/import/gnu/arm/4.9.3/bin/../lib/gcc/arm-none-eabi/4.9.3/../../../../arm-none-eabi/lib/armv7-m\libm.a(lib_a-s_nan.o)
                0x00008774                nan
 .text.rint     0x00008780      0x11c c:/program files (x86)/cypress/psoc creator/3.3/psoc creator/import/gnu/arm/4.9.3/bin/../lib/gcc/arm-none-eabi/4.9.3/../../../../arm-none-eabi/lib/armv7-m\libm.a(lib_a-s_rint.o)
                0x00008780                rint
 *fill*         0x0000889c        0x4 
 .text.scalbn   0x000088a0       0xf0 c:/program files (x86)/cypress/psoc creator/3.3/psoc creator/import/gnu/arm/4.9.3/bin/../lib/gcc/arm-none-eabi/4.9.3/../../../../arm-none-eabi/lib/armv7-m\libm.a(lib_a-s_scalbn.o)
                0x000088a0                scalbn
 .text.copysign
                0x00008990       0x10 c:/program files (x86)/cypress/psoc creator/3.3/psoc creator/import/gnu/arm/4.9.3/bin/../lib/gcc/arm-none-eabi/4.9.3/../../../../arm-none-eabi/lib/armv7-m\libm.a(lib_a-s_copysign.o)
                0x00008990                copysign
 .text          0x000089a0      0x370 c:/program files (x86)/cypress/psoc creator/3.3/psoc creator/import/gnu/arm/4.9.3/bin/../lib/gcc/arm-none-eabi/4.9.3/armv7-m\libgcc.a(_arm_addsubdf3.o)
                0x000089a0                __aeabi_drsub
                0x000089a8                __aeabi_dsub
                0x000089a8                __subdf3
                0x000089ac                __aeabi_dadd
                0x000089ac                __adddf3
                0x00008c24                __floatunsidf
                0x00008c24                __aeabi_ui2d
                0x00008c44                __floatsidf
                0x00008c44                __aeabi_i2d
                0x00008c68                __aeabi_f2d
                0x00008c68                __extendsfdf2
                0x00008ca4                __floatundidf
                0x00008ca4                __aeabi_ul2d
                0x00008cb4                __floatdidf
                0x00008cb4                __aeabi_l2d
 .text          0x00008d10      0x424 c:/program files (x86)/cypress/psoc creator/3.3/psoc creator/import/gnu/arm/4.9.3/bin/../lib/gcc/arm-none-eabi/4.9.3/armv7-m\libgcc.a(_arm_muldivdf3.o)
                0x00008d10                __aeabi_dmul
                0x00008d10                __muldf3
                0x00008f64                __divdf3
                0x00008f64                __aeabi_ddiv
 .text          0x00009134      0x110 c:/program files (x86)/cypress/psoc creator/3.3/psoc creator/import/gnu/arm/4.9.3/bin/../lib/gcc/arm-none-eabi/4.9.3/armv7-m\libgcc.a(_arm_cmpdf2.o)
                0x00009134                __gtdf2
                0x00009134                __gedf2
                0x0000913c                __ltdf2
                0x0000913c                __ledf2
                0x00009144                __nedf2
                0x00009144                __eqdf2
                0x00009144                __cmpdf2
                0x000091c0                __aeabi_cdrcmple
                0x000091d0                __aeabi_cdcmpeq
                0x000091d0                __aeabi_cdcmple
                0x000091e0                __aeabi_dcmpeq
                0x000091f4                __aeabi_dcmplt
                0x00009208                __aeabi_dcmple
                0x0000921c                __aeabi_dcmpge
                0x00009230                __aeabi_dcmpgt
 .text          0x00009244       0x50 c:/program files (x86)/cypress/psoc creator/3.3/psoc creator/import/gnu/arm/4.9.3/bin/../lib/gcc/arm-none-eabi/4.9.3/armv7-m\libgcc.a(_arm_fixdfsi.o)
                0x00009244                __aeabi_d2iz
                0x00009244                __fixdfsi
 .text          0x00009294       0xa0 c:/program files (x86)/cypress/psoc creator/3.3/psoc creator/import/gnu/arm/4.9.3/bin/../lib/gcc/arm-none-eabi/4.9.3/armv7-m\libgcc.a(_arm_truncdfsf2.o)
                0x00009294                __truncdfsf2
                0x00009294                __aeabi_d2f
 .text          0x00009334      0x21c c:/program files (x86)/cypress/psoc creator/3.3/psoc creator/import/gnu/arm/4.9.3/bin/../lib/gcc/arm-none-eabi/4.9.3/armv7-m\libgcc.a(_arm_addsubsf3.o)
                0x00009334                __aeabi_frsub
                0x0000933c                __subsf3
                0x0000933c                __aeabi_fsub
                0x00009340                __aeabi_fadd
                0x00009340                __addsf3
                0x000094a0                __aeabi_ui2f
                0x000094a0                __floatunsisf
                0x000094a8                __aeabi_i2f
                0x000094a8                __floatsisf
                0x000094c4                __aeabi_ul2f
                0x000094c4                __floatundisf
                0x000094d4                __aeabi_l2f
                0x000094d4                __floatdisf
 .text          0x00009550      0x2a0 c:/program files (x86)/cypress/psoc creator/3.3/psoc creator/import/gnu/arm/4.9.3/bin/../lib/gcc/arm-none-eabi/4.9.3/armv7-m\libgcc.a(_arm_muldivsf3.o)
                0x00009550                __mulsf3
                0x00009550                __aeabi_fmul
                0x000096b8                __aeabi_fdiv
                0x000096b8                __divsf3
 .text          0x000097f0       0xec c:/program files (x86)/cypress/psoc creator/3.3/psoc creator/import/gnu/arm/4.9.3/bin/../lib/gcc/arm-none-eabi/4.9.3/armv7-m\libgcc.a(_arm_cmpsf2.o)
                0x000097f0                __gesf2
                0x000097f0                __gtsf2
                0x000097f8                __lesf2
                0x000097f8                __ltsf2
                0x00009800                __nesf2
                0x00009800                __eqsf2
                0x00009800                __cmpsf2
                0x00009860                __aeabi_cfrcmple
                0x00009868                __aeabi_cfcmpeq
                0x00009868                __aeabi_cfcmple
                0x00009878                __aeabi_fcmpeq
                0x0000988c                __aeabi_fcmplt
                0x000098a0                __aeabi_fcmple
                0x000098b4                __aeabi_fcmpge
                0x000098c8                __aeabi_fcmpgt
 .text          0x000098dc       0x4c c:/program files (x86)/cypress/psoc creator/3.3/psoc creator/import/gnu/arm/4.9.3/bin/../lib/gcc/arm-none-eabi/4.9.3/armv7-m\libgcc.a(_arm_fixsfsi.o)
                0x000098dc                __aeabi_f2iz
                0x000098dc                __fixsfsi
 .text.__assert_func
                0x00009928       0x38 c:/program files (x86)/cypress/psoc creator/3.3/psoc creator/import/gnu/arm/4.9.3/bin/../lib/gcc/arm-none-eabi/4.9.3/../../../../arm-none-eabi/lib/armv7-m\libg_nano.a(lib_a-assert.o)
                0x00009928                __assert_func
 .text.atof     0x00009960        0x6 c:/program files (x86)/cypress/psoc creator/3.3/psoc creator/import/gnu/arm/4.9.3/bin/../lib/gcc/arm-none-eabi/4.9.3/../../../../arm-none-eabi/lib/armv7-m\libg_nano.a(lib_a-atof.o)
                0x00009960                atof
 *fill*         0x00009966        0x2 
 .text.__errno  0x00009968        0xc c:/program files (x86)/cypress/psoc creator/3.3/psoc creator/import/gnu/arm/4.9.3/bin/../lib/gcc/arm-none-eabi/4.9.3/../../../../arm-none-eabi/lib/armv7-m\libg_nano.a(lib_a-errno.o)
                0x00009968                __errno
 .text.fprintf  0x00009974       0x24 c:/program files (x86)/cypress/psoc creator/3.3/psoc creator/import/gnu/arm/4.9.3/bin/../lib/gcc/arm-none-eabi/4.9.3/../../../../arm-none-eabi/lib/armv7-m\libg_nano.a(lib_a-fprintf.o)
                0x00009974                fiprintf
                0x00009974                fprintf
 .text.__libc_init_array
                0x00009998       0x4c c:/program files (x86)/cypress/psoc creator/3.3/psoc creator/import/gnu/arm/4.9.3/bin/../lib/gcc/arm-none-eabi/4.9.3/../../../../arm-none-eabi/lib/armv7-m\libg_nano.a(lib_a-init.o)
                0x00009998                __libc_init_array
 .text.__itoa   0x000099e4       0x2e c:/program files (x86)/cypress/psoc creator/3.3/psoc creator/import/gnu/arm/4.9.3/bin/../lib/gcc/arm-none-eabi/4.9.3/../../../../arm-none-eabi/lib/armv7-m\libg_nano.a(lib_a-itoa.o)
                0x000099e4                __itoa
 .text.itoa     0x00009a12        0x4 c:/program files (x86)/cypress/psoc creator/3.3/psoc creator/import/gnu/arm/4.9.3/bin/../lib/gcc/arm-none-eabi/4.9.3/../../../../arm-none-eabi/lib/armv7-m\libg_nano.a(lib_a-itoa.o)
                0x00009a12                itoa
 .text.memcpy   0x00009a16       0x16 c:/program files (x86)/cypress/psoc creator/3.3/psoc creator/import/gnu/arm/4.9.3/bin/../lib/gcc/arm-none-eabi/4.9.3/../../../../arm-none-eabi/lib/armv7-m\libg_nano.a(lib_a-memcpy.o)
                0x00009a16                memcpy
 .text.memset   0x00009a2c       0x10 c:/program files (x86)/cypress/psoc creator/3.3/psoc creator/import/gnu/arm/4.9.3/bin/../lib/gcc/arm-none-eabi/4.9.3/../../../../arm-none-eabi/lib/armv7-m\libg_nano.a(lib_a-memset.o)
                0x00009a2c                memset
 .text.__sfputc_r
                0x00009a3c       0x2c c:/program files (x86)/cypress/psoc creator/3.3/psoc creator/import/gnu/arm/4.9.3/bin/../lib/gcc/arm-none-eabi/4.9.3/../../../../arm-none-eabi/lib/armv7-m\libg_nano.a(lib_a-nano-vfprintf.o)
 .text.__sfputs_r
                0x00009a68       0x24 c:/program files (x86)/cypress/psoc creator/3.3/psoc creator/import/gnu/arm/4.9.3/bin/../lib/gcc/arm-none-eabi/4.9.3/../../../../arm-none-eabi/lib/armv7-m\libg_nano.a(lib_a-nano-vfprintf.o)
                0x00009a68                __sfputs_r
 .text._vfprintf_r
                0x00009a8c      0x210 c:/program files (x86)/cypress/psoc creator/3.3/psoc creator/import/gnu/arm/4.9.3/bin/../lib/gcc/arm-none-eabi/4.9.3/../../../../arm-none-eabi/lib/armv7-m\libg_nano.a(lib_a-nano-vfprintf.o)
                0x00009a8c                _vfprintf_r
                0x00009a8c                _vfiprintf_r
 .text.__cvt    0x00009c9c       0xbc c:/program files (x86)/cypress/psoc creator/3.3/psoc creator/import/gnu/arm/4.9.3/bin/../lib/gcc/arm-none-eabi/4.9.3/../../../../arm-none-eabi/lib/armv7-m\libg_nano.a(lib_a-nano-vfprintf_float.o)
                0x00009c9c                __cvt
 .text.__exponent
                0x00009d58       0x62 c:/program files (x86)/cypress/psoc creator/3.3/psoc creator/import/gnu/arm/4.9.3/bin/../lib/gcc/arm-none-eabi/4.9.3/../../../../arm-none-eabi/lib/armv7-m\libg_nano.a(lib_a-nano-vfprintf_float.o)
                0x00009d58                __exponent
 *fill*         0x00009dba        0x2 
 .text._printf_float
                0x00009dbc      0x48c c:/program files (x86)/cypress/psoc creator/3.3/psoc creator/import/gnu/arm/4.9.3/bin/../lib/gcc/arm-none-eabi/4.9.3/../../../../arm-none-eabi/lib/armv7-m\libg_nano.a(lib_a-nano-vfprintf_float.o)
                0x00009dbc                _printf_float
 .text._printf_common
                0x0000a248       0xea c:/program files (x86)/cypress/psoc creator/3.3/psoc creator/import/gnu/arm/4.9.3/bin/../lib/gcc/arm-none-eabi/4.9.3/../../../../arm-none-eabi/lib/armv7-m\libg_nano.a(lib_a-nano-vfprintf_i.o)
                0x0000a248                _printf_common
 *fill*         0x0000a332        0x2 
 .text._printf_i
                0x0000a334      0x240 c:/program files (x86)/cypress/psoc creator/3.3/psoc creator/import/gnu/arm/4.9.3/bin/../lib/gcc/arm-none-eabi/4.9.3/../../../../arm-none-eabi/lib/armv7-m\libg_nano.a(lib_a-nano-vfprintf_i.o)
                0x0000a334                _printf_i
 .text.snprintf
                0x0000a574       0x64 c:/program files (x86)/cypress/psoc creator/3.3/psoc creator/import/gnu/arm/4.9.3/bin/../lib/gcc/arm-none-eabi/4.9.3/../../../../arm-none-eabi/lib/armv7-m\libg_nano.a(lib_a-snprintf.o)
                0x0000a574                sniprintf
                0x0000a574                snprintf
 .text.sprintf  0x0000a5d8       0x48 c:/program files (x86)/cypress/psoc creator/3.3/psoc creator/import/gnu/arm/4.9.3/bin/../lib/gcc/arm-none-eabi/4.9.3/../../../../arm-none-eabi/lib/armv7-m\libg_nano.a(lib_a-sprintf.o)
                0x0000a5d8                siprintf
                0x0000a5d8                sprintf
 .text.strlen   0x0000a620       0x10 c:/program files (x86)/cypress/psoc creator/3.3/psoc creator/import/gnu/arm/4.9.3/bin/../lib/gcc/arm-none-eabi/4.9.3/../../../../arm-none-eabi/lib/armv7-m\libg_nano.a(lib_a-strlen.o)
                0x0000a620                strlen
 .text.match    0x0000a630       0x26 c:/program files (x86)/cypress/psoc creator/3.3/psoc creator/import/gnu/arm/4.9.3/bin/../lib/gcc/arm-none-eabi/4.9.3/../../../../arm-none-eabi/lib/armv7-m\libg_nano.a(lib_a-strtod.o)
 .text.sulp     0x0000a656       0x42 c:/program files (x86)/cypress/psoc creator/3.3/psoc creator/import/gnu/arm/4.9.3/bin/../lib/gcc/arm-none-eabi/4.9.3/../../../../arm-none-eabi/lib/armv7-m\libg_nano.a(lib_a-strtod.o)
 .text._strtod_r
                0x0000a698      0xc40 c:/program files (x86)/cypress/psoc creator/3.3/psoc creator/import/gnu/arm/4.9.3/bin/../lib/gcc/arm-none-eabi/4.9.3/../../../../arm-none-eabi/lib/armv7-m\libg_nano.a(lib_a-strtod.o)
                0x0000a698                _strtod_r
 .text.strtod   0x0000b2d8       0x14 c:/program files (x86)/cypress/psoc creator/3.3/psoc creator/import/gnu/arm/4.9.3/bin/../lib/gcc/arm-none-eabi/4.9.3/../../../../arm-none-eabi/lib/armv7-m\libg_nano.a(lib_a-strtod.o)
                0x0000b2d8                strtod
 .text.__utoa   0x0000b2ec       0x78 c:/program files (x86)/cypress/psoc creator/3.3/psoc creator/import/gnu/arm/4.9.3/bin/../lib/gcc/arm-none-eabi/4.9.3/../../../../arm-none-eabi/lib/armv7-m\libg_nano.a(lib_a-utoa.o)
                0x0000b2ec                __utoa
 .text.__swbuf_r
                0x0000b364       0xa8 c:/program files (x86)/cypress/psoc creator/3.3/psoc creator/import/gnu/arm/4.9.3/bin/../lib/gcc/arm-none-eabi/4.9.3/../../../../arm-none-eabi/lib/armv7-m\libg_nano.a(lib_a-wbuf.o)
                0x0000b364                __swbuf_r
 .text.__swsetup_r
                0x0000b40c       0xd8 c:/program files (x86)/cypress/psoc creator/3.3/psoc creator/import/gnu/arm/4.9.3/bin/../lib/gcc/arm-none-eabi/4.9.3/../../../../arm-none-eabi/lib/armv7-m\libg_nano.a(lib_a-wsetup.o)
                0x0000b40c                __swsetup_r
 .text.abort    0x0000b4e4        0xe c:/program files (x86)/cypress/psoc creator/3.3/psoc creator/import/gnu/arm/4.9.3/bin/../lib/gcc/arm-none-eabi/4.9.3/../../../../arm-none-eabi/lib/armv7-m\libg_nano.a(lib_a-abort.o)
                0x0000b4e4                abort
 .text.quorem   0x0000b4f2      0x114 c:/program files (x86)/cypress/psoc creator/3.3/psoc creator/import/gnu/arm/4.9.3/bin/../lib/gcc/arm-none-eabi/4.9.3/../../../../arm-none-eabi/lib/armv7-m\libg_nano.a(lib_a-dtoa.o)
 *fill*         0x0000b606        0x2 
 .text._dtoa_r  0x0000b608      0xb78 c:/program files (x86)/cypress/psoc creator/3.3/psoc creator/import/gnu/arm/4.9.3/bin/../lib/gcc/arm-none-eabi/4.9.3/../../../../arm-none-eabi/lib/armv7-m\libg_nano.a(lib_a-dtoa.o)
                0x0000b608                _dtoa_r
 .text.__sflush_r
                0x0000c180      0x106 c:/program files (x86)/cypress/psoc creator/3.3/psoc creator/import/gnu/arm/4.9.3/bin/../lib/gcc/arm-none-eabi/4.9.3/../../../../arm-none-eabi/lib/armv7-m\libg_nano.a(lib_a-fflush.o)
                0x0000c180                __sflush_r
 *fill*         0x0000c286        0x2 
 .text._fflush_r
                0x0000c288       0x54 c:/program files (x86)/cypress/psoc creator/3.3/psoc creator/import/gnu/arm/4.9.3/bin/../lib/gcc/arm-none-eabi/4.9.3/../../../../arm-none-eabi/lib/armv7-m\libg_nano.a(lib_a-fflush.o)
                0x0000c288                _fflush_r
 .text._cleanup_r
                0x0000c2dc        0xc c:/program files (x86)/cypress/psoc creator/3.3/psoc creator/import/gnu/arm/4.9.3/bin/../lib/gcc/arm-none-eabi/4.9.3/../../../../arm-none-eabi/lib/armv7-m\libg_nano.a(lib_a-findfp.o)
                0x0000c2dc                _cleanup_r
 .text.std.isra.0
                0x0000c2e8       0x48 c:/program files (x86)/cypress/psoc creator/3.3/psoc creator/import/gnu/arm/4.9.3/bin/../lib/gcc/arm-none-eabi/4.9.3/../../../../arm-none-eabi/lib/armv7-m\libg_nano.a(lib_a-findfp.o)
 .text.__sfmoreglue
                0x0000c330       0x2c c:/program files (x86)/cypress/psoc creator/3.3/psoc creator/import/gnu/arm/4.9.3/bin/../lib/gcc/arm-none-eabi/4.9.3/../../../../arm-none-eabi/lib/armv7-m\libg_nano.a(lib_a-findfp.o)
                0x0000c330                __sfmoreglue
 .text.__sinit  0x0000c35c       0x60 c:/program files (x86)/cypress/psoc creator/3.3/psoc creator/import/gnu/arm/4.9.3/bin/../lib/gcc/arm-none-eabi/4.9.3/../../../../arm-none-eabi/lib/armv7-m\libg_nano.a(lib_a-findfp.o)
                0x0000c35c                __sinit
 .text.__sfp    0x0000c3bc       0x74 c:/program files (x86)/cypress/psoc creator/3.3/psoc creator/import/gnu/arm/4.9.3/bin/../lib/gcc/arm-none-eabi/4.9.3/../../../../arm-none-eabi/lib/armv7-m\libg_nano.a(lib_a-findfp.o)
                0x0000c3bc                __sfp
 .text._fwalk_reent
                0x0000c430       0x3c c:/program files (x86)/cypress/psoc creator/3.3/psoc creator/import/gnu/arm/4.9.3/bin/../lib/gcc/arm-none-eabi/4.9.3/../../../../arm-none-eabi/lib/armv7-m\libg_nano.a(lib_a-fwalk.o)
                0x0000c430                _fwalk_reent
 .text.rshift   0x0000c46c       0x6c c:/program files (x86)/cypress/psoc creator/3.3/psoc creator/import/gnu/arm/4.9.3/bin/../lib/gcc/arm-none-eabi/4.9.3/../../../../arm-none-eabi/lib/armv7-m\libg_nano.a(lib_a-gdtoa-gethex.o)
 .text.__hexdig_fun
                0x0000c4d8       0x2a c:/program files (x86)/cypress/psoc creator/3.3/psoc creator/import/gnu/arm/4.9.3/bin/../lib/gcc/arm-none-eabi/4.9.3/../../../../arm-none-eabi/lib/armv7-m\libg_nano.a(lib_a-gdtoa-gethex.o)
                0x0000c4d8                __hexdig_fun
 .text.__gethex
                0x0000c502      0x44a c:/program files (x86)/cypress/psoc creator/3.3/psoc creator/import/gnu/arm/4.9.3/bin/../lib/gcc/arm-none-eabi/4.9.3/../../../../arm-none-eabi/lib/armv7-m\libg_nano.a(lib_a-gdtoa-gethex.o)
                0x0000c502                __gethex
 .text.L_shift  0x0000c94c       0x24 c:/program files (x86)/cypress/psoc creator/3.3/psoc creator/import/gnu/arm/4.9.3/bin/../lib/gcc/arm-none-eabi/4.9.3/../../../../arm-none-eabi/lib/armv7-m\libg_nano.a(lib_a-gdtoa-hexnan.o)
 .text.__hexnan
                0x0000c970      0x114 c:/program files (x86)/cypress/psoc creator/3.3/psoc creator/import/gnu/arm/4.9.3/bin/../lib/gcc/arm-none-eabi/4.9.3/../../../../arm-none-eabi/lib/armv7-m\libg_nano.a(lib_a-gdtoa-hexnan.o)
                0x0000c970                __hexnan
 .text._localeconv_r
                0x0000ca84        0x8 c:/program files (x86)/cypress/psoc creator/3.3/psoc creator/import/gnu/arm/4.9.3/bin/../lib/gcc/arm-none-eabi/4.9.3/../../../../arm-none-eabi/lib/armv7-m\libg_nano.a(lib_a-locale.o)
                0x0000ca84                _localeconv_r
 .text.__smakebuf_r
                0x0000ca8c       0x98 c:/program files (x86)/cypress/psoc creator/3.3/psoc creator/import/gnu/arm/4.9.3/bin/../lib/gcc/arm-none-eabi/4.9.3/../../../../arm-none-eabi/lib/armv7-m\libg_nano.a(lib_a-makebuf.o)
                0x0000ca8c                __smakebuf_r
 .text.malloc   0x0000cb24       0x10 c:/program files (x86)/cypress/psoc creator/3.3/psoc creator/import/gnu/arm/4.9.3/bin/../lib/gcc/arm-none-eabi/4.9.3/../../../../arm-none-eabi/lib/armv7-m\libg_nano.a(lib_a-malloc.o)
                0x0000cb24                malloc
 .text.memchr   0x0000cb34       0x1c c:/program files (x86)/cypress/psoc creator/3.3/psoc creator/import/gnu/arm/4.9.3/bin/../lib/gcc/arm-none-eabi/4.9.3/../../../../arm-none-eabi/lib/armv7-m\libg_nano.a(lib_a-memchr.o)
                0x0000cb34                memchr
 .text.memmove  0x0000cb50       0x36 c:/program files (x86)/cypress/psoc creator/3.3/psoc creator/import/gnu/arm/4.9.3/bin/../lib/gcc/arm-none-eabi/4.9.3/../../../../arm-none-eabi/lib/armv7-m\libg_nano.a(lib_a-memmove.o)
                0x0000cb50                memmove
 .text._Balloc  0x0000cb86       0x6a c:/program files (x86)/cypress/psoc creator/3.3/psoc creator/import/gnu/arm/4.9.3/bin/../lib/gcc/arm-none-eabi/4.9.3/../../../../arm-none-eabi/lib/armv7-m\libg_nano.a(lib_a-mprec.o)
                0x0000cb86                _Balloc
 .text._Bfree   0x0000cbf0       0x2e c:/program files (x86)/cypress/psoc creator/3.3/psoc creator/import/gnu/arm/4.9.3/bin/../lib/gcc/arm-none-eabi/4.9.3/../../../../arm-none-eabi/lib/armv7-m\libg_nano.a(lib_a-mprec.o)
                0x0000cbf0                _Bfree
 .text.__multadd
                0x0000cc1e       0x7c c:/program files (x86)/cypress/psoc creator/3.3/psoc creator/import/gnu/arm/4.9.3/bin/../lib/gcc/arm-none-eabi/4.9.3/../../../../arm-none-eabi/lib/armv7-m\libg_nano.a(lib_a-mprec.o)
                0x0000cc1e                __multadd
 .text.__s2b    0x0000cc9a       0x80 c:/program files (x86)/cypress/psoc creator/3.3/psoc creator/import/gnu/arm/4.9.3/bin/../lib/gcc/arm-none-eabi/4.9.3/../../../../arm-none-eabi/lib/armv7-m\libg_nano.a(lib_a-mprec.o)
                0x0000cc9a                __s2b
 .text.__hi0bits
                0x0000cd1a       0x40 c:/program files (x86)/cypress/psoc creator/3.3/psoc creator/import/gnu/arm/4.9.3/bin/../lib/gcc/arm-none-eabi/4.9.3/../../../../arm-none-eabi/lib/armv7-m\libg_nano.a(lib_a-mprec.o)
                0x0000cd1a                __hi0bits
 .text.__lo0bits
                0x0000cd5a       0x5a c:/program files (x86)/cypress/psoc creator/3.3/psoc creator/import/gnu/arm/4.9.3/bin/../lib/gcc/arm-none-eabi/4.9.3/../../../../arm-none-eabi/lib/armv7-m\libg_nano.a(lib_a-mprec.o)
                0x0000cd5a                __lo0bits
 .text.__i2b    0x0000cdb4       0x12 c:/program files (x86)/cypress/psoc creator/3.3/psoc creator/import/gnu/arm/4.9.3/bin/../lib/gcc/arm-none-eabi/4.9.3/../../../../arm-none-eabi/lib/armv7-m\libg_nano.a(lib_a-mprec.o)
                0x0000cdb4                __i2b
 .text.__multiply
                0x0000cdc6      0x120 c:/program files (x86)/cypress/psoc creator/3.3/psoc creator/import/gnu/arm/4.9.3/bin/../lib/gcc/arm-none-eabi/4.9.3/../../../../arm-none-eabi/lib/armv7-m\libg_nano.a(lib_a-mprec.o)
                0x0000cdc6                __multiply
 *fill*         0x0000cee6        0x2 
 .text.__pow5mult
                0x0000cee8       0x9c c:/program files (x86)/cypress/psoc creator/3.3/psoc creator/import/gnu/arm/4.9.3/bin/../lib/gcc/arm-none-eabi/4.9.3/../../../../arm-none-eabi/lib/armv7-m\libg_nano.a(lib_a-mprec.o)
                0x0000cee8                __pow5mult
 .text.__lshift
                0x0000cf84       0xa6 c:/program files (x86)/cypress/psoc creator/3.3/psoc creator/import/gnu/arm/4.9.3/bin/../lib/gcc/arm-none-eabi/4.9.3/../../../../arm-none-eabi/lib/armv7-m\libg_nano.a(lib_a-mprec.o)
                0x0000cf84                __lshift
 .text.__mcmp   0x0000d02a       0x38 c:/program files (x86)/cypress/psoc creator/3.3/psoc creator/import/gnu/arm/4.9.3/bin/../lib/gcc/arm-none-eabi/4.9.3/../../../../arm-none-eabi/lib/armv7-m\libg_nano.a(lib_a-mprec.o)
                0x0000d02a                __mcmp
 .text.__mdiff  0x0000d062       0xbe c:/program files (x86)/cypress/psoc creator/3.3/psoc creator/import/gnu/arm/4.9.3/bin/../lib/gcc/arm-none-eabi/4.9.3/../../../../arm-none-eabi/lib/armv7-m\libg_nano.a(lib_a-mprec.o)
                0x0000d062                __mdiff
 .text.__ulp    0x0000d120       0x48 c:/program files (x86)/cypress/psoc creator/3.3/psoc creator/import/gnu/arm/4.9.3/bin/../lib/gcc/arm-none-eabi/4.9.3/../../../../arm-none-eabi/lib/armv7-m\libg_nano.a(lib_a-mprec.o)
                0x0000d120                __ulp