Archive member included because of file (symbol)

.\CortexM3\ARM_GCC_493\Debug\freesoc.a(cyfitter_cfg.o)
                              .\CortexM3\ARM_GCC_493\Debug\Cm3Start.o (cyfitter_cfg)
.\CortexM3\ARM_GCC_493\Debug\freesoc.a(Left_HB25_Enable_Pin.o)
                              .\CortexM3\ARM_GCC_493\Debug\motor.o (Left_HB25_Enable_Pin_Write)
.\CortexM3\ARM_GCC_493\Debug\freesoc.a(Left_HB25_PWM.o)
                              .\CortexM3\ARM_GCC_493\Debug\motor.o (Left_HB25_PWM_Stop)
.\CortexM3\ARM_GCC_493\Debug\freesoc.a(Right_HB25_Enable_Pin.o)
                              .\CortexM3\ARM_GCC_493\Debug\motor.o (Right_HB25_Enable_Pin_Write)
.\CortexM3\ARM_GCC_493\Debug\freesoc.a(Right_HB25_PWM.o)
                              .\CortexM3\ARM_GCC_493\Debug\motor.o (Right_HB25_PWM_Stop)
.\CortexM3\ARM_GCC_493\Debug\freesoc.a(CyBootAsmGnu.o)
                              .\CortexM3\ARM_GCC_493\Debug\freesoc.a(cyfitter_cfg.o) (CyDelayCycles)
.\CortexM3\ARM_GCC_493\Debug\freesoc.a(CyLib.o)
                              .\CortexM3\ARM_GCC_493\Debug\Cm3Start.o (CyHalt)
.\CortexM3\ARM_GCC_493\Debug\freesoc.a(cyPm.o)
                              .\CortexM3\ARM_GCC_493\Debug\freesoc.a(CyLib.o) (CyPmReadStatus)
.\CortexM3\ARM_GCC_493\Debug\freesoc.a(EZI2C_Slave.o)
                              .\CortexM3\ARM_GCC_493\Debug\i2c.o (EZI2C_Slave_Start)
.\CortexM3\ARM_GCC_493\Debug\freesoc.a(EZI2C_Slave_PM.o)
                              .\CortexM3\ARM_GCC_493\Debug\freesoc.a(EZI2C_Slave.o) (EZI2C_Slave_backup)
.\CortexM3\ARM_GCC_493\Debug\freesoc.a(EZI2C_Slave_INT.o)
                              .\CortexM3\ARM_GCC_493\Debug\freesoc.a(EZI2C_Slave.o) (EZI2C_Slave_ISR)
.\CortexM3\ARM_GCC_493\Debug\freesoc.a(Mainloop_Pin.o)
                              .\CortexM3\ARM_GCC_493\Debug\main.o (Mainloop_Pin_Write)
.\CortexM3\ARM_GCC_493\Debug\freesoc.a(EEPROM.o)
                              .\CortexM3\ARM_GCC_493\Debug\nvstore.o (EEPROM_Start)
.\CortexM3\ARM_GCC_493\Debug\freesoc.a(Right_QuadDec.o)
                              .\CortexM3\ARM_GCC_493\Debug\encoder.o (Right_QuadDec_GetCounter)
.\CortexM3\ARM_GCC_493\Debug\freesoc.a(Right_QuadDec_INT.o)
                              .\CortexM3\ARM_GCC_493\Debug\freesoc.a(Right_QuadDec.o) (Right_QuadDec_ISR)
.\CortexM3\ARM_GCC_493\Debug\freesoc.a(Right_QuadDec_Cnt16.o)
                              .\CortexM3\ARM_GCC_493\Debug\freesoc.a(Right_QuadDec.o) (Right_QuadDec_Cnt16_Stop)
.\CortexM3\ARM_GCC_493\Debug\freesoc.a(Left_QuadDec.o)
                              .\CortexM3\ARM_GCC_493\Debug\encoder.o (Left_QuadDec_GetCounter)
.\CortexM3\ARM_GCC_493\Debug\freesoc.a(Left_QuadDec_INT.o)
                              .\CortexM3\ARM_GCC_493\Debug\freesoc.a(Left_QuadDec.o) (Left_QuadDec_ISR)
.\CortexM3\ARM_GCC_493\Debug\freesoc.a(Left_QuadDec_Cnt16.o)
                              .\CortexM3\ARM_GCC_493\Debug\freesoc.a(Left_QuadDec.o) (Left_QuadDec_Cnt16_Stop)
.\CortexM3\ARM_GCC_493\Debug\freesoc.a(USBUART.o)
                              .\CortexM3\ARM_GCC_493\Debug\serial.o (USBUART_Start)
.\CortexM3\ARM_GCC_493\Debug\freesoc.a(USBUART_cdc.o)
                              .\CortexM3\ARM_GCC_493\Debug\serial.o (USBUART_CDC_Init)
.\CortexM3\ARM_GCC_493\Debug\freesoc.a(USBUART_drv.o)
                              .\CortexM3\ARM_GCC_493\Debug\freesoc.a(USBUART.o) (USBUART_lastPacketSize)
.\CortexM3\ARM_GCC_493\Debug\freesoc.a(USBUART_episr.o)
                              .\CortexM3\ARM_GCC_493\Debug\freesoc.a(USBUART.o) (USBUART_EP_1_ISR)
.\CortexM3\ARM_GCC_493\Debug\freesoc.a(USBUART_hid.o)
                              .\CortexM3\ARM_GCC_493\Debug\freesoc.a(USBUART.o) (USBUART_hidProtocol)
.\CortexM3\ARM_GCC_493\Debug\freesoc.a(USBUART_pm.o)
                              .\CortexM3\ARM_GCC_493\Debug\freesoc.a(USBUART.o) (USBUART_DP_ISR)
.\CortexM3\ARM_GCC_493\Debug\freesoc.a(USBUART_std.o)
                              .\CortexM3\ARM_GCC_493\Debug\freesoc.a(USBUART_pm.o) (USBUART_ConfigReg)
.\CortexM3\ARM_GCC_493\Debug\freesoc.a(USBUART_vnd.o)
                              .\CortexM3\ARM_GCC_493\Debug\freesoc.a(USBUART_drv.o) (USBUART_HandleVendorRqst)
.\CortexM3\ARM_GCC_493\Debug\freesoc.a(USBUART_Dp.o)
                              .\CortexM3\ARM_GCC_493\Debug\freesoc.a(USBUART_pm.o) (USBUART_Dp_ClearInterrupt)
.\CortexM3\ARM_GCC_493\Debug\freesoc.a(SPIM.o)
                              .\CortexM3\ARM_GCC_493\Debug\spi.o (SPIM_WriteTxData)
.\CortexM3\ARM_GCC_493\Debug\freesoc.a(SPIM_INT.o)
                              .\CortexM3\ARM_GCC_493\Debug\freesoc.a(SPIM.o) (SPIM_RX_ISR)
.\CortexM3\ARM_GCC_493\Debug\freesoc.a(Slave_Select.o)
                              .\CortexM3\ARM_GCC_493\Debug\spi.o (Slave_Select_Write)
.\CortexM3\ARM_GCC_493\Debug\freesoc.a(CyFlash.o)
                              .\CortexM3\ARM_GCC_493\Debug\freesoc.a(EEPROM.o) (dieTemperature)
.\CortexM3\ARM_GCC_493\Debug\freesoc.a(CySpc.o)
[...]
Memory Configuration

Name             Origin             Length             Attributes
rom              0x00000000         0x00040000         xr
ram              0x1fff8000         0x00010000         xrw
*default*        0x00000000         0xffffffff

Linker script and memory map

LOAD c:/program files (x86)/cypress/psoc creator/3.3/psoc creator/import/gnu/arm/4.9.3/bin/../lib/gcc/arm-none-eabi/4.9.3/armv7-m/crti.o
LOAD c:/program files (x86)/cypress/psoc creator/3.3/psoc creator/import/gnu/arm/4.9.3/bin/../lib/gcc/arm-none-eabi/4.9.3/armv7-m/crtbegin.o
LOAD c:/program files (x86)/cypress/psoc creator/3.3/psoc creator/import/gnu/arm/4.9.3/bin/../lib/gcc/arm-none-eabi/4.9.3/../../../../arm-none-eabi/lib/armv7-m/crt0.o
START GROUP
LOAD .\CortexM3\ARM_GCC_493\Debug\main.o
LOAD .\CortexM3\ARM_GCC_493\Debug\cal.o
LOAD .\CortexM3\ARM_GCC_493\Debug\control.o
LOAD .\CortexM3\ARM_GCC_493\Debug\debug.o
LOAD .\CortexM3\ARM_GCC_493\Debug\diag.o
LOAD .\CortexM3\ARM_GCC_493\Debug\encoder.o
LOAD .\CortexM3\ARM_GCC_493\Debug\i2c.o
LOAD .\CortexM3\ARM_GCC_493\Debug\motor.o
LOAD .\CortexM3\ARM_GCC_493\Debug\odom.o
LOAD .\CortexM3\ARM_GCC_493\Debug\pid.o
LOAD .\CortexM3\ARM_GCC_493\Debug\time.o
LOAD .\CortexM3\ARM_GCC_493\Debug\utils.o
LOAD .\CortexM3\ARM_GCC_493\Debug\pid_controller.o
LOAD .\CortexM3\ARM_GCC_493\Debug\serial.o
LOAD .\CortexM3\ARM_GCC_493\Debug\nvstore.o
LOAD .\CortexM3\ARM_GCC_493\Debug\calpid.o
LOAD .\CortexM3\ARM_GCC_493\Debug\calmotor.o
LOAD .\CortexM3\ARM_GCC_493\Debug\pidutil.o
LOAD .\CortexM3\ARM_GCC_493\Debug\spi.o
LOAD .\CortexM3\ARM_GCC_493\Debug\cymetadata.o
LOAD .\CortexM3\ARM_GCC_493\Debug\Cm3Start.o
LOAD .\CortexM3\ARM_GCC_493\Debug\freesoc.a
LOAD C:\Program Files (x86)\Cypress\PSoC Creator\3.3\PSoC Creator\psoc\content\cycomponentlibrary\CyComponentLibrary.cylib\CortexM3\ARM_GCC_493\Debug\CyComponentLibrary.a
LOAD c:/program files (x86)/cypress/psoc creator/3.3/psoc creator/import/gnu/arm/4.9.3/bin/../lib/gcc/arm-none-eabi/4.9.3/../../../../arm-none-eabi/lib/armv7-m\libm.a
END GROUP
START GROUP
LOAD c:/program files (x86)/cypress/psoc creator/3.3/psoc creator/import/gnu/arm/4.9.3/bin/../lib/gcc/arm-none-eabi/4.9.3/armv7-m\libgcc.a
LOAD c:/program files (x86)/cypress/psoc creator/3.3/psoc creator/import/gnu/arm/4.9.3/bin/../lib/gcc/arm-none-eabi/4.9.3/../../../../arm-none-eabi/lib/armv7-m\libg_nano.a
LOAD c:/program files (x86)/cypress/psoc creator/3.3/psoc creator/import/gnu/arm/4.9.3/bin/../lib/gcc/arm-none-eabi/4.9.3/../../../../arm-none-eabi/lib/armv7-m\libc_nano.a
END GROUP
START GROUP
LOAD c:/program files (x86)/cypress/psoc creator/3.3/psoc creator/import/gnu/arm/4.9.3/bin/../lib/gcc/arm-none-eabi/4.9.3/armv7-m\libgcc.a
LOAD c:/program files (x86)/cypress/psoc creator/3.3/psoc creator/import/gnu/arm/4.9.3/bin/../lib/gcc/arm-none-eabi/4.9.3/../../../../arm-none-eabi/lib/armv7-m\libc_nano.a
END GROUP
LOAD c:/program files (x86)/cypress/psoc creator/3.3/psoc creator/import/gnu/arm/4.9.3/bin/../lib/gcc/arm-none-eabi/4.9.3/armv7-m/crtend.o
LOAD c:/program files (x86)/cypress/psoc creator/3.3/psoc creator/import/gnu/arm/4.9.3/bin/../lib/gcc/arm-none-eabi/4.9.3/armv7-m/crtn.o
START GROUP
LOAD c:/program files (x86)/cypress/psoc creator/3.3/psoc creator/import/gnu/arm/4.9.3/bin/../lib/gcc/arm-none-eabi/4.9.3/armv7-m\libgcc.a
LOAD c:/program files (x86)/cypress/psoc creator/3.3/psoc creator/import/gnu/arm/4.9.3/bin/../lib/gcc/arm-none-eabi/4.9.3/../../../../arm-none-eabi/lib/armv7-m\libc.a
LOAD c:/program files (x86)/cypress/psoc creator/3.3/psoc creator/import/gnu/arm/4.9.3/bin/../lib/gcc/arm-none-eabi/4.9.3/../../../../arm-none-eabi/lib/armv7-m\libnosys.a
END GROUP
                0x00000000                CY_APPL_ORIGIN = 0x0
                0x00000100                CY_FLASH_ROW_SIZE = 0x100
                0x00000020                CY_ECC_ROW_SIZE = 0x20
                0x00000000                CY_EE_IN_BTLDR = 0x0
                0x00000000                CY_APPL_LOADABLE = 0x0
                0x00000800                CY_EE_SIZE = 0x800
                0x00000001                CY_APPL_NUM = 0x1
                0x00000001                CY_APPL_MAX = 0x1
                0x00000040                CY_METADATA_SIZE = 0x40
                0x00000000                CY_APPL_LOADABLE = 0x0
                0x00000000                CY_CHECKSUM_EXCLUDE_SIZE = ALIGN (0x0, CY_FLASH_ROW_SIZE)
                0x1fff8b80                PROVIDE (__cy_heap_start, _end)
                0x00000001                PROVIDE (__cy_region_num, ((__cy_regions_end - __cy_regions) / 0x10))
                0x20008000                PROVIDE (__cy_stack, (ORIGIN (ram) + 0x10000))
                0x20007800                PROVIDE (__cy_heap_end, (__cy_stack - 0x800))

.cybootloader   0x00000000        0x0
 *(.cybootloader)
                0x00000000                appl1_start = CY_APPL_ORIGIN?CY_APPL_ORIGIN:ALIGN (CY_FLASH_ROW_SIZE)
                0x0001ff00                appl2_start = (appl1_start + ALIGN ((((0x40000 - appl1_start) - (0x2 * CY_FLASH_ROW_SIZE)) / 0x2), CY_FLASH_ROW_SIZE))
                0x00000000                appl_start = (CY_APPL_NUM == 0x1)?appl1_start:appl2_start
                0x00000000                ecc_offset = ((appl_start / CY_FLASH_ROW_SIZE) * CY_ECC_ROW_SIZE)
                0x00000000                ee_offset = (CY_APPL_LOADABLE && ! (CY_EE_IN_BTLDR))?((CY_EE_SIZE / CY_APPL_MAX) * (CY_APPL_NUM - 0x1)):0x0
                0x00000800                ee_size = (CY_APPL_LOADABLE && ! (CY_EE_IN_BTLDR))?(CY_EE_SIZE / CY_APPL_MAX):CY_EE_SIZE
                0x00000000                PROVIDE (CY_ECC_OFFSET, ecc_offset)

.text           0x00000000     0xbd8c
 CREATE_OBJECT_SYMBOLS
                0x00000000                PROVIDE (__cy_interrupt_vector, RomVectors)
 *(.romvectors)
 .romvectors    0x00000000       0x10 .\CortexM3\ARM_GCC_493\Debug\Cm3Start.o
                0x00000000                RomVectors
                0x00000001                ASSERT ((. != __cy_interrupt_vector), No interrupt vector)
                0x00000001                ASSERT (CY_APPL_ORIGIN?(SIZEOF (.cybootloader) <= CY_APPL_ORIGIN):0x1, Wrong image location)
                0x00000010                PROVIDE (__cy_reset, Reset)
 *(.text.Reset)
 .text.Reset    0x00000010       0x18 .\CortexM3\ARM_GCC_493\Debug\Cm3Start.o
                0x00000010                Reset
                0x00000001                ASSERT ((. != __cy_reset), No reset code)
 *(.dma_init)
                0x00000001                ASSERT ((((appl_start + .) <= 0x10000) || 0x1), DMA Init must be within the first 64k of flash)
 *(.text .text.* .gnu.linkonce.t.*)
 .text          0x00000028       0x5c c:/program files (x86)/cypress/psoc creator/3.3/psoc creator/import/gnu/arm/4.9.3/bin/../lib/gcc/arm-none-eabi/4.9.3/armv7-m/crtbegin.o
 .text.main     0x00000084      0x118 .\CortexM3\ARM_GCC_493\Debug\main.o
                0x00000084                main
 .text.LeftTarget
                0x0000019c        0xc .\CortexM3\ARM_GCC_493\Debug\cal.o
 .text.RightTarget
                0x000001a8        0xc .\CortexM3\ARM_GCC_493\Debug\cal.o
 .text.DisplayCalMenu
                0x000001b4       0x5c .\CortexM3\ARM_GCC_493\Debug\cal.o
 .text.DisplayValMenu
                0x00000210       0x7c .\CortexM3\ARM_GCC_493\Debug\cal.o
 .text.DisplayMenu
                0x0000028c       0x20 .\CortexM3\ARM_GCC_493\Debug\cal.o
 .text.DisplaySettingsMenu
                0x000002ac       0x68 .\CortexM3\ARM_GCC_493\Debug\cal.o
 .text.HandleError
                0x00000314       0x30 .\CortexM3\ARM_GCC_493\Debug\cal.o
 .text.ProcessCalibration
                0x00000344       0xa8 .\CortexM3\ARM_GCC_493\Debug\cal.o
 .text.DisplayExit
                0x000003ec       0x18 .\CortexM3\ARM_GCC_493\Debug\cal.o
 .text.GetCommand
                0x00000404       0x58 .\CortexM3\ARM_GCC_493\Debug\cal.o
 .text.GetCalibration
                0x0000045c       0x50 .\CortexM3\ARM_GCC_493\Debug\cal.o
 .text.GetValidation
                0x000004ac       0x7c .\CortexM3\ARM_GCC_493\Debug\cal.o
 .text.CalcPwm  0x00000528       0x74 .\CortexM3\ARM_GCC_493\Debug\cal.o
 .text.ClearCalibrationStatusBit
                0x0000059c       0x2c .\CortexM3\ARM_GCC_493\Debug\cal.o
                0x0000059c                ClearCalibrationStatusBit
 .text.SetCalibrationStatusBit
                0x000005c8       0x24 .\CortexM3\ARM_GCC_493\Debug\cal.o
                0x000005c8                SetCalibrationStatusBit
 .text.Cal_PrintSamples
                0x000005ec       0x64 .\CortexM3\ARM_GCC_493\Debug\cal.o
                0x000005ec                Cal_PrintSamples
 .text.Cal_PrintGains
                0x00000650       0x48 .\CortexM3\ARM_GCC_493\Debug\cal.o
                0x00000650                Cal_PrintGains
 .text.ProcessSettings
                0x00000698      0x104 .\CortexM3\ARM_GCC_493\Debug\cal.o
 .text.Cal_Init
                0x0000079c       0x38 .\CortexM3\ARM_GCC_493\Debug\cal.o
                0x0000079c                Cal_Init
 .text.Cal_Start
                0x000007d4       0x14 .\CortexM3\ARM_GCC_493\Debug\cal.o
                0x000007d4                Cal_Start
 .text.Cal_Update
                0x000007e8       0xcc .\CortexM3\ARM_GCC_493\Debug\cal.o
                0x000007e8                Cal_Update
 .text.Cal_ReadResponse
                0x000008b4       0x48 .\CortexM3\ARM_GCC_493\Debug\cal.o
                0x000008b4                Cal_ReadResponse
 .text.Cal_LeftGetPidGains
                0x000008fc        0xc .\CortexM3\ARM_GCC_493\Debug\cal.o
                0x000008fc                Cal_LeftGetPidGains
 .text.Cal_RightGetPidGains
                0x00000908        0xc .\CortexM3\ARM_GCC_493\Debug\cal.o
                0x00000908                Cal_RightGetPidGains
 .text.Cal_SetLeftRightVelocity
                0x00000914        0xc .\CortexM3\ARM_GCC_493\Debug\cal.o
                0x00000914                Cal_SetLeftRightVelocity
 .text.Cal_CpsToPwm
                0x00000920       0x84 .\CortexM3\ARM_GCC_493\Debug\cal.o
                0x00000920                Cal_CpsToPwm
 .text.Cal_Clear
                0x000009a4       0x10 .\CortexM3\ARM_GCC_493\Debug\cal.o
                0x000009a4                Cal_Clear
 .text.Control_Init
                0x000009b4       0x10 .\CortexM3\ARM_GCC_493\Debug\control.o
                0x000009b4                Control_Init
 .text.Control_Start
                0x000009c4        0x4 .\CortexM3\ARM_GCC_493\Debug\control.o
                0x000009c4                Control_Start
 .text.Control_Update
                0x000009c8      0x100 .\CortexM3\ARM_GCC_493\Debug\control.o
                0x000009c8                Control_Update
 .text.Control_LeftGetCmdVelocity
                0x00000ac8        0xc .\CortexM3\ARM_GCC_493\Debug\control.o
                0x00000ac8                Control_LeftGetCmdVelocity
 .text.Control_RightGetCmdVelocity
                0x00000ad4        0xc .\CortexM3\ARM_GCC_493\Debug\control.o
                0x00000ad4                Control_RightGetCmdVelocity
 .text.Control_OverrideDebug
                0x00000ae0        0xc .\CortexM3\ARM_GCC_493\Debug\control.o
                0x00000ae0                Control_OverrideDebug
 .text.Debug_Init
                0x00000aec       0x24 .\CortexM3\ARM_GCC_493\Debug\debug.o
                0x00000aec                Debug_Init
 .text.Debug_Start
                0x00000b10        0x4 .\CortexM3\ARM_GCC_493\Debug\debug.o
                0x00000b10                Debug_Start
 .text.Diag_Init
                0x00000b14       0x18 .\CortexM3\ARM_GCC_493\Debug\diag.o
                0x00000b14                Diag_Init
 .text.Diag_Start
                0x00000b2c        0x4 .\CortexM3\ARM_GCC_493\Debug\diag.o
                0x00000b2c                Diag_Start
 .text.Diag_Update
                0x00000b30       0x38 .\CortexM3\ARM_GCC_493\Debug\diag.o
                0x00000b30                Diag_Update
 .text.Encoder_Sample
                0x00000b68       0xa8 .\CortexM3\ARM_GCC_493\Debug\encoder.o
 .text.DumpEncoder
                0x00000c10       0x74 .\CortexM3\ARM_GCC_493\Debug\encoder.o
 .text.Encoder_Init
                0x00000c84       0x4c .\CortexM3\ARM_GCC_493\Debug\encoder.o
                0x00000c84                Encoder_Init
 .text.Encoder_Start
                0x00000cd0       0x20 .\CortexM3\ARM_GCC_493\Debug\encoder.o
                0x00000cd0                Encoder_Start
 .text.Encoder_Update
                0x00000cf0       0x84 .\CortexM3\ARM_GCC_493\Debug\encoder.o
                0x00000cf0                Encoder_Update
 .text.Encoder_LeftGetCntsPerSec
                0x00000d74        0xc .\CortexM3\ARM_GCC_493\Debug\encoder.o
                0x00000d74                Encoder_LeftGetCntsPerSec
 .text.Encoder_RightGetCntsPerSec
                0x00000d80        0xc .\CortexM3\ARM_GCC_493\Debug\encoder.o
                0x00000d80                Encoder_RightGetCntsPerSec
 .text.Encoder_LeftGetMeterPerSec
                0x00000d8c        0xc .\CortexM3\ARM_GCC_493\Debug\encoder.o
                0x00000d8c                Encoder_LeftGetMeterPerSec
 .text.Encoder_RightGetMeterPerSec
                0x00000d98        0xc .\CortexM3\ARM_GCC_493\Debug\encoder.o
                0x00000d98                Encoder_RightGetMeterPerSec
 .text.Encoder_LeftGetDist
                0x00000da4        0xc .\CortexM3\ARM_GCC_493\Debug\encoder.o
                0x00000da4                Encoder_LeftGetDist
 .text.Encoder_RightGetDist
                0x00000db0        0xc .\CortexM3\ARM_GCC_493\Debug\encoder.o
                0x00000db0                Encoder_RightGetDist
 .text.Encoder_Reset
                0x00000dbc       0x64 .\CortexM3\ARM_GCC_493\Debug\encoder.o
                0x00000dbc                Encoder_Reset
 .text.I2c_Init
                0x00000e20       0x24 .\CortexM3\ARM_GCC_493\Debug\i2c.o
                0x00000e20                I2c_Init
 .text.I2c_Start
                0x00000e44       0x18 .\CortexM3\ARM_GCC_493\Debug\i2c.o
                0x00000e44                I2c_Start
 .text.I2c_ReadDeviceControl
                0x00000e5c       0x2c .\CortexM3\ARM_GCC_493\Debug\i2c.o
                0x00000e5c                I2c_ReadDeviceControl
 .text.I2c_ReadDebugControl
                0x00000e88       0x94 .\CortexM3\ARM_GCC_493\Debug\i2c.o
                0x00000e88                I2c_ReadDebugControl
 .text.I2c_ReadCmdVelocity
                0x00000f1c       0x6c .\CortexM3\ARM_GCC_493\Debug\i2c.o
                0x00000f1c                I2c_ReadCmdVelocity
 .text.I2c_SetCalibrationStatusBit
                0x00000f88       0x38 .\CortexM3\ARM_GCC_493\Debug\i2c.o
                0x00000f88                I2c_SetCalibrationStatusBit
 .text.I2c_ClearCalibrationStatusBit
                0x00000fc0       0x3c .\CortexM3\ARM_GCC_493\Debug\i2c.o
                0x00000fc0                I2c_ClearCalibrationStatusBit
 .text.I2c_SetCalibrationStatus
                0x00000ffc       0x34 .\CortexM3\ARM_GCC_493\Debug\i2c.o
                0x00000ffc                I2c_SetCalibrationStatus
 .text.I2c_WriteOdom
                0x00001030       0x78 .\CortexM3\ARM_GCC_493\Debug\i2c.o
                0x00001030                I2c_WriteOdom
 .text.I2c_WriteInfraredDistances
                0x000010a8       0x3c .\CortexM3\ARM_GCC_493\Debug\i2c.o
                0x000010a8                I2c_WriteInfraredDistances
 .text.I2c_WriteUltrasonicDistances
                0x000010e4       0x3c .\CortexM3\ARM_GCC_493\Debug\i2c.o
                0x000010e4                I2c_WriteUltrasonicDistances
 .text.I2c_UpdateHeartbeat
                0x00001120       0x2c .\CortexM3\ARM_GCC_493\Debug\i2c.o
                0x00001120                I2c_UpdateHeartbeat
 .text.RampDown
                0x0000114c       0x7c .\CortexM3\ARM_GCC_493\Debug\motor.o
 .text.Motor_Init
                0x000011c8       0x18 .\CortexM3\ARM_GCC_493\Debug\motor.o
                0x000011c8                Motor_Init
 .text.Motor_Start
                0x000011e0       0x30 .\CortexM3\ARM_GCC_493\Debug\motor.o
                0x000011e0                Motor_Start
 .text.Motor_LeftSetPwm
                0x00001210       0x2c .\CortexM3\ARM_GCC_493\Debug\motor.o
                0x00001210                Motor_LeftSetPwm
 .text.Motor_RightSetPwm
                0x0000123c       0x2c .\CortexM3\ARM_GCC_493\Debug\motor.o
                0x0000123c                Motor_RightSetPwm
 .text.Motor_LeftGetPwm
                0x00001268       0x10 .\CortexM3\ARM_GCC_493\Debug\motor.o
                0x00001268                Motor_LeftGetPwm
 .text.Motor_RightGetPwm
                0x00001278       0x10 .\CortexM3\ARM_GCC_493\Debug\motor.o
                0x00001278                Motor_RightGetPwm
 .text.Motor_Stop
                0x00001288       0x30 .\CortexM3\ARM_GCC_493\Debug\motor.o
                0x00001288                Motor_Stop
 .text.Motor_LeftRampDown
                0x000012b8       0x10 .\CortexM3\ARM_GCC_493\Debug\motor.o
                0x000012b8                Motor_LeftRampDown
 .text.Motor_RightRampDown
                0x000012c8       0x10 .\CortexM3\ARM_GCC_493\Debug\motor.o
                0x000012c8                Motor_RightRampDown
 .text.CalculateOdometry
                0x000012d8       0x3c .\CortexM3\ARM_GCC_493\Debug\odom.o
 .text.DumpOdom
                0x00001314       0x70 .\CortexM3\ARM_GCC_493\Debug\odom.o
 .text.Odom_Init
                0x00001384       0x14 .\CortexM3\ARM_GCC_493\Debug\odom.o
                0x00001384                Odom_Init
 .text.Odom_Start
                0x00001398        0x4 .\CortexM3\ARM_GCC_493\Debug\odom.o
                0x00001398                Odom_Start
 .text.Odom_Update
                0x0000139c       0x58 .\CortexM3\ARM_GCC_493\Debug\odom.o
                0x0000139c                Odom_Update
 .text.Odom_Reset
                0x000013f4       0x20 .\CortexM3\ARM_GCC_493\Debug\odom.o
                0x000013f4                Odom_Reset
 *fill*         0x00001414        0x4 
 .text.ProcessPid
                0x00001418       0xb8 .\CortexM3\ARM_GCC_493\Debug\pid.o
 .text.Pid_Init
                0x000014d0       0x7c .\CortexM3\ARM_GCC_493\Debug\pid.o
                0x000014d0                Pid_Init
 .text.Pid_Start
                0x0000154c       0x30 .\CortexM3\ARM_GCC_493\Debug\pid.o
                0x0000154c                Pid_Start
 *fill*         0x0000157c        0x4 
 .text.Pid_Update
                0x00001580       0xa0 .\CortexM3\ARM_GCC_493\Debug\pid.o
                0x00001580                Pid_Update
 .text.Pid_SetLeftRightTarget
                0x00001620       0x10 .\CortexM3\ARM_GCC_493\Debug\pid.o
                0x00001620                Pid_SetLeftRightTarget
 .text.Pid_RestoreLeftRightTarget
                0x00001630       0x1c .\CortexM3\ARM_GCC_493\Debug\pid.o
                0x00001630                Pid_RestoreLeftRightTarget
 .text.Pid_Reset
                0x0000164c       0x24 .\CortexM3\ARM_GCC_493\Debug\pid.o
                0x0000164c                Pid_Reset
 .text.Pid_Enable
                0x00001670       0x28 .\CortexM3\ARM_GCC_493\Debug\pid.o
                0x00001670                Pid_Enable
 .text.Pid_LeftSetGains
                0x00001698       0x18 .\CortexM3\ARM_GCC_493\Debug\pid.o
                0x00001698                Pid_LeftSetGains
 .text.Pid_RightSetGains
                0x000016b0       0x18 .\CortexM3\ARM_GCC_493\Debug\pid.o
                0x000016b0                Pid_RightSetGains
 .text.Pid_LeftGetGains
                0x000016c8       0x1c .\CortexM3\ARM_GCC_493\Debug\pid.o
                0x000016c8                Pid_LeftGetGains
 .text.Pid_RightGetGains
                0x000016e4       0x1c .\CortexM3\ARM_GCC_493\Debug\pid.o
                0x000016e4                Pid_RightGetGains
 .text.SysTickIsrHandler
                0x00001700       0x10 .\CortexM3\ARM_GCC_493\Debug\time.o
 .text.Time_Init
                0x00001710        0xc .\CortexM3\ARM_GCC_493\Debug\time.o
                0x00001710                Time_Init
 .text.Time_Start
                0x0000171c       0x2c .\CortexM3\ARM_GCC_493\Debug\time.o
                0x0000171c                Time_Start
 .text.millis   0x00001748        0xc .\CortexM3\ARM_GCC_493\Debug\time.o
                0x00001748                millis
 .text.insert_zeros
                0x00001754       0x30 .\CortexM3\ARM_GCC_493\Debug\utils.o
 .text.MovingAverageFloat
                0x00001784       0x2c .\CortexM3\ARM_GCC_493\Debug\utils.o
                0x00001784                MovingAverageFloat
 .text.Uint16ToTwoBytes
                0x000017b0        0x8 .\CortexM3\ARM_GCC_493\Debug\utils.o
                0x000017b0                Uint16ToTwoBytes
 .text.FloatToFourBytes
                0x000017b8       0x20 .\CortexM3\ARM_GCC_493\Debug\utils.o
                0x000017b8                FloatToFourBytes
 .text.ftoa     0x000017d8       0xa4 .\CortexM3\ARM_GCC_493\Debug\utils.o
                0x000017d8                ftoa
 .text.BinaryRangeSearch
                0x0000187c       0x50 .\CortexM3\ARM_GCC_493\Debug\utils.o
                0x0000187c                BinaryRangeSearch
 .text.Interpolate
                0x000018cc       0x3c .\CortexM3\ARM_GCC_493\Debug\utils.o
                0x000018cc                Interpolate
 .text.PIDCompute
                0x00001908       0xa4 .\CortexM3\ARM_GCC_493\Debug\pid_controller.o
                0x00001908                PIDCompute
 .text.PIDModeSet
                0x000019ac       0x40 .\CortexM3\ARM_GCC_493\Debug\pid_controller.o
                0x000019ac                PIDModeSet
 .text.PIDOutputLimitsSet
                0x000019ec       0x5c .\CortexM3\ARM_GCC_493\Debug\pid_controller.o
                0x000019ec                PIDOutputLimitsSet
 .text.PIDTuningsSet
                0x00001a48       0x6c .\CortexM3\ARM_GCC_493\Debug\pid_controller.o
                0x00001a48                PIDTuningsSet
 .text.PIDInit  0x00001ab4       0x54 .\CortexM3\ARM_GCC_493\Debug\pid_controller.o
                0x00001ab4                PIDInit
 .text.PIDSetpointSet
                0x00001b08        0x4 .\CortexM3\ARM_GCC_493\Debug\pid_controller.o
                0x00001b08                PIDSetpointSet
 .text.PIDInputSet
                0x00001b0c        0x4 .\CortexM3\ARM_GCC_493\Debug\pid_controller.o
                0x00001b0c                PIDInputSet
 .text.Ser_Init
                0x00001b10        0x4 .\CortexM3\ARM_GCC_493\Debug\serial.o
                0x00001b10                Ser_Init
 .text.Ser_Start
                0x00001b14       0x2c .\CortexM3\ARM_GCC_493\Debug\serial.o
                0x00001b14                Ser_Start
 .text.Ser_Update
                0x00001b40       0x14 .\CortexM3\ARM_GCC_493\Debug\serial.o
                0x00001b40                Ser_Update
 .text.Ser_PutString
                0x00001b54       0x20 .\CortexM3\ARM_GCC_493\Debug\serial.o
                0x00001b54                Ser_PutString
 .text.Ser_ReadByte
                0x00001b74       0x1c .\CortexM3\ARM_GCC_493\Debug\serial.o
                0x00001b74                Ser_ReadByte
 .text.Ser_WriteByte
                0x00001b90       0x1c .\CortexM3\ARM_GCC_493\Debug\serial.o
                0x00001b90                Ser_WriteByte
 .text.Nvstore_Init
                0x00001bac        0x4 .\CortexM3\ARM_GCC_493\Debug\nvstore.o
                0x00001bac                Nvstore_Init
 .text.Nvstore_Start
                0x00001bb0        0x8 .\CortexM3\ARM_GCC_493\Debug\nvstore.o
                0x00001bb0                Nvstore_Start
 .text.Nvstore_WriteBytes
                0x00001bb8       0xc8 .\CortexM3\ARM_GCC_493\Debug\nvstore.o
                0x00001bb8                Nvstore_WriteBytes
 .text.Nvstore_WriteUint16
                0x00001c80       0x28 .\CortexM3\ARM_GCC_493\Debug\nvstore.o
                0x00001c80                Nvstore_WriteUint16
 .text.Nvstore_WriteFloat
                0x00001ca8       0x2c .\CortexM3\ARM_GCC_493\Debug\nvstore.o
                0x00001ca8                Nvstore_WriteFloat
 *fill*         0x00001cd4        0x4 
 .text.GetStepVelocity
                0x00001cd8      0x118 .\CortexM3\ARM_GCC_493\Debug\calpid.o
 .text.ResetPidValidationVelocity
                0x00001df0       0x10 .\CortexM3\ARM_GCC_493\Debug\calpid.o
 .text.GetNextValidationVelocity
                0x00001e00       0x6c .\CortexM3\ARM_GCC_493\Debug\calpid.o
 .text.Results  0x00001e6c       0x50 .\CortexM3\ARM_GCC_493\Debug\calpid.o
 .text.SetNextValidationVelocity
                0x00001ebc       0x28 .\CortexM3\ARM_GCC_493\Debug\calpid.o
 .text.StoreLeftGains
                0x00001ee4       0x3c .\CortexM3\ARM_GCC_493\Debug\calpid.o
 .text.StoreRightGains
                0x00001f20       0x3c .\CortexM3\ARM_GCC_493\Debug\calpid.o
 .text.Stop     0x00001f5c       0x88 .\CortexM3\ARM_GCC_493\Debug\calpid.o
 .text.Update   0x00001fe4       0x4c .\CortexM3\ARM_GCC_493\Debug\calpid.o
 .text.Start    0x00002030       0xcc .\CortexM3\ARM_GCC_493\Debug\calpid.o
 .text.Init     0x000020fc       0xbc .\CortexM3\ARM_GCC_493\Debug\calpid.o
 .text.CalPid_Init
                0x000021b8       0x2c .\CortexM3\ARM_GCC_493\Debug\calpid.o
                0x000021b8                CalPid_Init
 *fill*         0x000021e4        0x4 
 .text.CalculateValidationValues
                0x000021e8      0x178 .\CortexM3\ARM_GCC_493\Debug\calmotor.o
 .text.CalculatePwmSamples
                0x00002360       0x64 .\CortexM3\ARM_GCC_493\Debug\calmotor.o
 .text.AddSamplesToSum
                0x000023c4       0x24 .\CortexM3\ARM_GCC_493\Debug\calmotor.o
 .text.CalculateAvgCpsSamples
                0x000023e8       0x20 .\CortexM3\ARM_GCC_493\Debug\calmotor.o
 .text.CalculateMinMaxCpsSample
                0x00002408       0x38 .\CortexM3\ARM_GCC_493\Debug\calmotor.o
 .text.Start    0x00002440       0x24 .\CortexM3\ARM_GCC_493\Debug\calmotor.o
 .text.PrintAllMotorParams
                0x00002464       0x64 .\CortexM3\ARM_GCC_493\Debug\calmotor.o
 .text.Results  0x000024c8       0x28 .\CortexM3\ARM_GCC_493\Debug\calmotor.o
 .text.Stop     0x000024f0       0x2c .\CortexM3\ARM_GCC_493\Debug\calmotor.o
 .text.CollectCpsPwmSamples
                0x0000251c       0x58 .\CortexM3\ARM_GCC_493\Debug\calmotor.o
 .text.CollectPwmCpsSamples
                0x00002574       0xb4 .\CortexM3\ARM_GCC_493\Debug\calmotor.o
 .text.CalibrateWheelSpeed
                0x00002628       0x5c .\CortexM3\ARM_GCC_493\Debug\calmotor.o
 .text.StoreWheelSpeedSamples
                0x00002684       0x64 .\CortexM3\ARM_GCC_493\Debug\calmotor.o
 .text.PrintVelocityParams
                0x000026e8       0x40 .\CortexM3\ARM_GCC_493\Debug\calmotor.o
 .text.DoVelocityValidation
                0x00002728       0xa8 .\CortexM3\ARM_GCC_493\Debug\calmotor.o
 .text.Update   0x000027d0      0x120 .\CortexM3\ARM_GCC_493\Debug\calmotor.o
 .text.Init     0x000028f0       0x34 .\CortexM3\ARM_GCC_493\Debug\calmotor.o
 .text.CalMotor_Init
                0x00002924       0x40 .\CortexM3\ARM_GCC_493\Debug\calmotor.o
                0x00002924                CalMotor_Init
 .text.DumpPid  0x00002964      0x104 .\CortexM3\ARM_GCC_493\Debug\pidutil.o
                0x00002964                DumpPid
 .text.SendRequest
                0x00002a68       0x24 .\CortexM3\ARM_GCC_493\Debug\spi.o
 .text.ProcessResponse
                0x00002a8c       0x38 .\CortexM3\ARM_GCC_493\Debug\spi.o
 .text.RecvResponse
                0x00002ac4       0x50 .\CortexM3\ARM_GCC_493\Debug\spi.o
 .text.Spi_Init
                0x00002b14        0x4 .\CortexM3\ARM_GCC_493\Debug\spi.o
                0x00002b14                Spi_Init
 .text.Spi_Start
                0x00002b18       0x14 .\CortexM3\ARM_GCC_493\Debug\spi.o
                0x00002b18                Spi_Start
 .text.Spi_Update
                0x00002b2c       0x30 .\CortexM3\ARM_GCC_493\Debug\spi.o
                0x00002b2c                Spi_Update
 .text.IntDefaultHandler
                0x00002b5c        0x4 .\CortexM3\ARM_GCC_493\Debug\Cm3Start.o
                0x00002b5c                IntDefaultHandler
 .text._exit    0x00002b60        0xc .\CortexM3\ARM_GCC_493\Debug\Cm3Start.o
                0x00002b60                _exit
 .text._sbrk    0x00002b6c       0x30 .\CortexM3\ARM_GCC_493\Debug\Cm3Start.o
                0x00002b6c                _sbrk
 .text.Start_c  0x00002b9c       0x4c .\CortexM3\ARM_GCC_493\Debug\Cm3Start.o
                0x00002b9c                Start_c
 .text.initialize_psoc
                0x00002be8       0x74 .\CortexM3\ARM_GCC_493\Debug\Cm3Start.o
                0x00002be8                initialize_psoc
 .text.cfg_write_bytes32
                0x00002c5c       0x34 .\CortexM3\ARM_GCC_493\Debug\freesoc.a(cyfitter_cfg.o)
 .text.AnalogSetDefault
                0x00002c90       0x28 .\CortexM3\ARM_GCC_493\Debug\freesoc.a(cyfitter_cfg.o)
 .text.CYMEMZERO
                0x00002cb8        0xc .\CortexM3\ARM_GCC_493\Debug\freesoc.a(cyfitter_cfg.o)
 .text.ClockSetup
                0x00002cc4       0xd0 .\CortexM3\ARM_GCC_493\Debug\freesoc.a(cyfitter_cfg.o)
 .text.CYCONFIGCPY
                0x00002d94        0x8 .\CortexM3\ARM_GCC_493\Debug\freesoc.a(cyfitter_cfg.o)
 .text.cyfitter_cfg
                0x00002d9c      0x130 .\CortexM3\ARM_GCC_493\Debug\freesoc.a(cyfitter_cfg.o)
                0x00002d9c                cyfitter_cfg
 .text.Left_HB25_Enable_Pin_Write
                0x00002ecc       0x18 .\CortexM3\ARM_GCC_493\Debug\freesoc.a(Left_HB25_Enable_Pin.o)
                0x00002ecc                Left_HB25_Enable_Pin_Write
 .text.Left_HB25_PWM_Stop
                0x00002ee4        0x4 .\CortexM3\ARM_GCC_493\Debug\freesoc.a(Left_HB25_PWM.o)
                0x00002ee4                Left_HB25_PWM_Stop
 .text.Left_HB25_PWM_WriteCounter
                0x00002ee8        0xc .\CortexM3\ARM_GCC_493\Debug\freesoc.a(Left_HB25_PWM.o)
                0x00002ee8                Left_HB25_PWM_WriteCounter
 .text.Left_HB25_PWM_WritePeriod
                0x00002ef4        0xc .\CortexM3\ARM_GCC_493\Debug\freesoc.a(Left_HB25_PWM.o)
                0x00002ef4                Left_HB25_PWM_WritePeriod
 .text.Left_HB25_PWM_WriteCompare
                0x00002f00        0xc .\CortexM3\ARM_GCC_493\Debug\freesoc.a(Left_HB25_PWM.o)
                0x00002f00                Left_HB25_PWM_WriteCompare
 .text.Left_HB25_PWM_Init
                0x00002f0c       0x34 .\CortexM3\ARM_GCC_493\Debug\freesoc.a(Left_HB25_PWM.o)
                0x00002f0c                Left_HB25_PWM_Init
 .text.Left_HB25_PWM_Start
                0x00002f40       0x18 .\CortexM3\ARM_GCC_493\Debug\freesoc.a(Left_HB25_PWM.o)
                0x00002f40                Left_HB25_PWM_Start
 .text.Left_HB25_PWM_ReadCompare
                0x00002f58        0xc .\CortexM3\ARM_GCC_493\Debug\freesoc.a(Left_HB25_PWM.o)
                0x00002f58                Left_HB25_PWM_ReadCompare
 .text.Right_HB25_Enable_Pin_Write
                0x00002f64       0x18 .\CortexM3\ARM_GCC_493\Debug\freesoc.a(Right_HB25_Enable_Pin.o)
                0x00002f64                Right_HB25_Enable_Pin_Write
 .text.Right_HB25_PWM_Stop
                0x00002f7c        0x4 .\CortexM3\ARM_GCC_493\Debug\freesoc.a(Right_HB25_PWM.o)
                0x00002f7c                Right_HB25_PWM_Stop
 .text.Right_HB25_PWM_WriteCounter
                0x00002f80        0xc .\CortexM3\ARM_GCC_493\Debug\freesoc.a(Right_HB25_PWM.o)
                0x00002f80                Right_HB25_PWM_WriteCounter
 .text.Right_HB25_PWM_WritePeriod
                0x00002f8c        0xc .\CortexM3\ARM_GCC_493\Debug\freesoc.a(Right_HB25_PWM.o)
                0x00002f8c                Right_HB25_PWM_WritePeriod
 .text.Right_HB25_PWM_WriteCompare
                0x00002f98        0xc .\CortexM3\ARM_GCC_493\Debug\freesoc.a(Right_HB25_PWM.o)
                0x00002f98                Right_HB25_PWM_WriteCompare
 .text.Right_HB25_PWM_Init
                0x00002fa4       0x34 .\CortexM3\ARM_GCC_493\Debug\freesoc.a(Right_HB25_PWM.o)
                0x00002fa4                Right_HB25_PWM_Init
 .text.Right_HB25_PWM_Start
                0x00002fd8       0x18 .\CortexM3\ARM_GCC_493\Debug\freesoc.a(Right_HB25_PWM.o)
                0x00002fd8                Right_HB25_PWM_Start
 .text.Right_HB25_PWM_ReadCompare
                0x00002ff0        0xc .\CortexM3\ARM_GCC_493\Debug\freesoc.a(Right_HB25_PWM.o)
                0x00002ff0                Right_HB25_PWM_ReadCompare
 *fill*         0x00002ffc        0x4 
 .text          0x00003000       0x20 .\CortexM3\ARM_GCC_493\Debug\freesoc.a(CyBootAsmGnu.o)
                0x00003000                CyDelayCycles
                0x00003010                CyEnterCriticalSection
                0x00003018                CyExitCriticalSection
 .text.CyHalt   0x00003020        0x4 .\CortexM3\ARM_GCC_493\Debug\freesoc.a(CyLib.o)
                0x00003020                CyHalt
 .text.CyDelay  0x00003024       0x2c .\CortexM3\ARM_GCC_493\Debug\freesoc.a(CyLib.o)
                0x00003024                CyDelay
 .text.CyDelayUs
                0x00003050       0x14 .\CortexM3\ARM_GCC_493\Debug\freesoc.a(CyLib.o)
                0x00003050                CyDelayUs
 .text.CyIntSetSysVector
                0x00003064       0x28 .\CortexM3\ARM_GCC_493\Debug\freesoc.a(CyLib.o)
                0x00003064                CyIntSetSysVector
 .text.CyIntSetVector
                0x0000308c       0x28 .\CortexM3\ARM_GCC_493\Debug\freesoc.a(CyLib.o)
                0x0000308c                CyIntSetVector
 .text.CyIntSetPriority
                0x000030b4       0x30 .\CortexM3\ARM_GCC_493\Debug\freesoc.a(CyLib.o)
                0x000030b4                CyIntSetPriority
 .text.CySysTickEnableInterrupt
                0x000030e4       0x10 .\CortexM3\ARM_GCC_493\Debug\freesoc.a(CyLib.o)
                0x000030e4                CySysTickEnableInterrupt
 .text.CySysTickEnable
                0x000030f4       0x18 .\CortexM3\ARM_GCC_493\Debug\freesoc.a(CyLib.o)
                0x000030f4                CySysTickEnable
 .text.CySysTickSetReload
                0x0000310c       0x10 .\CortexM3\ARM_GCC_493\Debug\freesoc.a(CyLib.o)
                0x0000310c                CySysTickSetReload
 .text.CySysTickSetClockSource
                0x0000311c       0x20 .\CortexM3\ARM_GCC_493\Debug\freesoc.a(CyLib.o)
                0x0000311c                CySysTickSetClockSource
 .text.CySysTickGetCountFlag
                0x0000313c       0x10 .\CortexM3\ARM_GCC_493\Debug\freesoc.a(CyLib.o)
                0x0000313c                CySysTickGetCountFlag
 .text.CySysTickServiceCallbacks
                0x0000314c       0x28 .\CortexM3\ARM_GCC_493\Debug\freesoc.a(CyLib.o)
 .text.CySysTickClear
                0x00003174        0xc .\CortexM3\ARM_GCC_493\Debug\freesoc.a(CyLib.o)
                0x00003174                CySysTickClear
 .text.CySysTickInit
                0x00003180       0x58 .\CortexM3\ARM_GCC_493\Debug\freesoc.a(CyLib.o)
                0x00003180                CySysTickInit
 .text.CySysTickStart
                0x000031d8       0x1c .\CortexM3\ARM_GCC_493\Debug\freesoc.a(CyLib.o)
                0x000031d8                CySysTickStart
 .text.CySysTickSetCallback
                0x000031f4       0x10 .\CortexM3\ARM_GCC_493\Debug\freesoc.a(CyLib.o)
                0x000031f4                CySysTickSetCallback
 .text.CySysTickGetCallback
                0x00003204       0x10 .\CortexM3\ARM_GCC_493\Debug\freesoc.a(CyLib.o)
                0x00003204                CySysTickGetCallback
 .text.CyGetUniqueId
                0x00003214       0x70 .\CortexM3\ARM_GCC_493\Debug\freesoc.a(CyLib.o)
                0x00003214                CyGetUniqueId
 .text.EZI2C_Slave_Init
                0x00003284       0x70 .\CortexM3\ARM_GCC_493\Debug\freesoc.a(EZI2C_Slave.o)
                0x00003284                EZI2C_Slave_Init
 .text.EZI2C_Slave_Enable
                0x000032f4       0x30 .\CortexM3\ARM_GCC_493\Debug\freesoc.a(EZI2C_Slave.o)
                0x000032f4                EZI2C_Slave_Enable
 .text.EZI2C_Slave_Start
                0x00003324       0x1c .\CortexM3\ARM_GCC_493\Debug\freesoc.a(EZI2C_Slave.o)
                0x00003324                EZI2C_Slave_Start
 .text.EZI2C_Slave_GetActivity
                0x00003340       0x28 .\CortexM3\ARM_GCC_493\Debug\freesoc.a(EZI2C_Slave.o)
                0x00003340                EZI2C_Slave_GetActivity
 .text.EZI2C_Slave_SetBuffer1
                0x00003368       0x50 .\CortexM3\ARM_GCC_493\Debug\freesoc.a(EZI2C_Slave.o)
                0x00003368                EZI2C_Slave_SetBuffer1
 .text.EZI2C_Slave_ISR
                0x000033b8      0x1c4 .\CortexM3\ARM_GCC_493\Debug\freesoc.a(EZI2C_Slave_INT.o)
                0x000033b8                EZI2C_Slave_ISR
 .text.Mainloop_Pin_Write
                0x0000357c       0x18 .\CortexM3\ARM_GCC_493\Debug\freesoc.a(Mainloop_Pin.o)
                0x0000357c                Mainloop_Pin_Write
 .text.EEPROM_Enable
                0x00003594        0xc .\CortexM3\ARM_GCC_493\Debug\freesoc.a(EEPROM.o)
                0x00003594                EEPROM_Enable
 .text.EEPROM_Start
                0x000035a0        0x8 .\CortexM3\ARM_GCC_493\Debug\freesoc.a(EEPROM.o)
                0x000035a0                EEPROM_Start
 .text.EEPROM_WriteByte
                0x000035a8       0xd4 .\CortexM3\ARM_GCC_493\Debug\freesoc.a(EEPROM.o)
                0x000035a8                EEPROM_WriteByte
 .text.EEPROM_Write
                0x0000367c       0xb4 .\CortexM3\ARM_GCC_493\Debug\freesoc.a(EEPROM.o)
                0x0000367c                EEPROM_Write
 .text.Right_QuadDec_Init
                0x00003730       0x24 .\CortexM3\ARM_GCC_493\Debug\freesoc.a(Right_QuadDec.o)
                0x00003730                Right_QuadDec_Init
 .text.Right_QuadDec_GetCounter
                0x00003754       0x2c .\CortexM3\ARM_GCC_493\Debug\freesoc.a(Right_QuadDec.o)
                0x00003754                Right_QuadDec_GetCounter
 .text.Right_QuadDec_SetCounter
                0x00003780       0x28 .\CortexM3\ARM_GCC_493\Debug\freesoc.a(Right_QuadDec.o)
                0x00003780                Right_QuadDec_SetCounter
 .text.Right_QuadDec_GetEvents
                0x000037a8       0x10 .\CortexM3\ARM_GCC_493\Debug\freesoc.a(Right_QuadDec.o)
                0x000037a8                Right_QuadDec_GetEvents
 .text.Right_QuadDec_SetInterruptMask
                0x000037b8       0x10 .\CortexM3\ARM_GCC_493\Debug\freesoc.a(Right_QuadDec.o)
                0x000037b8                Right_QuadDec_SetInterruptMask
 .text.Right_QuadDec_Enable
                0x000037c8       0x30 .\CortexM3\ARM_GCC_493\Debug\freesoc.a(Right_QuadDec.o)
                0x000037c8                Right_QuadDec_Enable
 .text.Right_QuadDec_Start
                0x000037f8       0x34 .\CortexM3\ARM_GCC_493\Debug\freesoc.a(Right_QuadDec.o)
                0x000037f8                Right_QuadDec_Start
 .text.Right_QuadDec_ISR
                0x0000382c       0x40 .\CortexM3\ARM_GCC_493\Debug\freesoc.a(Right_QuadDec_INT.o)
                0x0000382c                Right_QuadDec_ISR
 .text.Right_QuadDec_Cnt16_Enable
                0x0000386c       0x10 .\CortexM3\ARM_GCC_493\Debug\freesoc.a(Right_QuadDec_Cnt16.o)
                0x0000386c                Right_QuadDec_Cnt16_Enable
 .text.Right_QuadDec_Cnt16_SetInterruptMode
                0x0000387c        0xc .\CortexM3\ARM_GCC_493\Debug\freesoc.a(Right_QuadDec_Cnt16.o)
                0x0000387c                Right_QuadDec_Cnt16_SetInterruptMode
 .text.Right_QuadDec_Cnt16_ReadStatusRegister
                0x00003888        0xc .\CortexM3\ARM_GCC_493\Debug\freesoc.a(Right_QuadDec_Cnt16.o)
                0x00003888                Right_QuadDec_Cnt16_ReadStatusRegister
 .text.Right_QuadDec_Cnt16_WriteCounter
                0x00003894        0xc .\CortexM3\ARM_GCC_493\Debug\freesoc.a(Right_QuadDec_Cnt16.o)
                0x00003894                Right_QuadDec_Cnt16_WriteCounter
 .text.Right_QuadDec_Cnt16_ReadCounter
                0x000038a0       0x14 .\CortexM3\ARM_GCC_493\Debug\freesoc.a(Right_QuadDec_Cnt16.o)
                0x000038a0                Right_QuadDec_Cnt16_ReadCounter
 .text.Right_QuadDec_Cnt16_ReadCapture
                0x000038b4        0xc .\CortexM3\ARM_GCC_493\Debug\freesoc.a(Right_QuadDec_Cnt16.o)
                0x000038b4                Right_QuadDec_Cnt16_ReadCapture
 .text.Right_QuadDec_Cnt16_WritePeriod
                0x000038c0        0xc .\CortexM3\ARM_GCC_493\Debug\freesoc.a(Right_QuadDec_Cnt16.o)
                0x000038c0                Right_QuadDec_Cnt16_WritePeriod
 .text.Right_QuadDec_Cnt16_WriteCompare
                0x000038cc        0xc .\CortexM3\ARM_GCC_493\Debug\freesoc.a(Right_QuadDec_Cnt16.o)
                0x000038cc                Right_QuadDec_Cnt16_WriteCompare
 .text.Right_QuadDec_Cnt16_ClearFIFO
                0x000038d8       0x14 .\CortexM3\ARM_GCC_493\Debug\freesoc.a(Right_QuadDec_Cnt16.o)
                0x000038d8                Right_QuadDec_Cnt16_ClearFIFO
 .text.Right_QuadDec_Cnt16_Init
                0x000038ec       0x58 .\CortexM3\ARM_GCC_493\Debug\freesoc.a(Right_QuadDec_Cnt16.o)
                0x000038ec                Right_QuadDec_Cnt16_Init
 .text.Right_QuadDec_Cnt16_Start
                0x00003944       0x1c .\CortexM3\ARM_GCC_493\Debug\freesoc.a(Right_QuadDec_Cnt16.o)
                0x00003944                Right_QuadDec_Cnt16_Start
 .text.Left_QuadDec_Init
                0x00003960       0x24 .\CortexM3\ARM_GCC_493\Debug\freesoc.a(Left_QuadDec.o)
                0x00003960                Left_QuadDec_Init
 .text.Left_QuadDec_GetCounter
                0x00003984       0x2c .\CortexM3\ARM_GCC_493\Debug\freesoc.a(Left_QuadDec.o)
                0x00003984                Left_QuadDec_GetCounter
 .text.Left_QuadDec_SetCounter
                0x000039b0       0x28 .\CortexM3\ARM_GCC_493\Debug\freesoc.a(Left_QuadDec.o)
                0x000039b0                Left_QuadDec_SetCounter
 .text.Left_QuadDec_GetEvents
                0x000039d8       0x10 .\CortexM3\ARM_GCC_493\Debug\freesoc.a(Left_QuadDec.o)
                0x000039d8                Left_QuadDec_GetEvents
 .text.Left_QuadDec_SetInterruptMask
                0x000039e8       0x10 .\CortexM3\ARM_GCC_493\Debug\freesoc.a(Left_QuadDec.o)
                0x000039e8                Left_QuadDec_SetInterruptMask
 .text.Left_QuadDec_Enable
                0x000039f8       0x30 .\CortexM3\ARM_GCC_493\Debug\freesoc.a(Left_QuadDec.o)
                0x000039f8                Left_QuadDec_Enable
 .text.Left_QuadDec_Start
                0x00003a28       0x34 .\CortexM3\ARM_GCC_493\Debug\freesoc.a(Left_QuadDec.o)
                0x00003a28                Left_QuadDec_Start
 .text.Left_QuadDec_ISR
                0x00003a5c       0x40 .\CortexM3\ARM_GCC_493\Debug\freesoc.a(Left_QuadDec_INT.o)
                0x00003a5c                Left_QuadDec_ISR
 .text.Left_QuadDec_Cnt16_Enable
                0x00003a9c       0x10 .\CortexM3\ARM_GCC_493\Debug\freesoc.a(Left_QuadDec_Cnt16.o)
                0x00003a9c                Left_QuadDec_Cnt16_Enable
 .text.Left_QuadDec_Cnt16_SetInterruptMode
                0x00003aac        0xc .\CortexM3\ARM_GCC_493\Debug\freesoc.a(Left_QuadDec_Cnt16.o)
                0x00003aac                Left_QuadDec_Cnt16_SetInterruptMode
 .text.Left_QuadDec_Cnt16_ReadStatusRegister
                0x00003ab8        0xc .\CortexM3\ARM_GCC_493\Debug\freesoc.a(Left_QuadDec_Cnt16.o)
                0x00003ab8                Left_QuadDec_Cnt16_ReadStatusRegister
 .text.Left_QuadDec_Cnt16_WriteCounter
                0x00003ac4        0xc .\CortexM3\ARM_GCC_493\Debug\freesoc.a(Left_QuadDec_Cnt16.o)
                0x00003ac4                Left_QuadDec_Cnt16_WriteCounter
 .text.Left_QuadDec_Cnt16_ReadCounter
                0x00003ad0       0x14 .\CortexM3\ARM_GCC_493\Debug\freesoc.a(Left_QuadDec_Cnt16.o)
                0x00003ad0                Left_QuadDec_Cnt16_ReadCounter
 .text.Left_QuadDec_Cnt16_ReadCapture
                0x00003ae4        0xc .\CortexM3\ARM_GCC_493\Debug\freesoc.a(Left_QuadDec_Cnt16.o)
                0x00003ae4                Left_QuadDec_Cnt16_ReadCapture
 .text.Left_QuadDec_Cnt16_WritePeriod
                0x00003af0        0xc .\CortexM3\ARM_GCC_493\Debug\freesoc.a(Left_QuadDec_Cnt16.o)
                0x00003af0                Left_QuadDec_Cnt16_WritePeriod
 .text.Left_QuadDec_Cnt16_WriteCompare
                0x00003afc        0xc .\CortexM3\ARM_GCC_493\Debug\freesoc.a(Left_QuadDec_Cnt16.o)
                0x00003afc                Left_QuadDec_Cnt16_WriteCompare
 .text.Left_QuadDec_Cnt16_ClearFIFO
                0x00003b08       0x14 .\CortexM3\ARM_GCC_493\Debug\freesoc.a(Left_QuadDec_Cnt16.o)
                0x00003b08                Left_QuadDec_Cnt16_ClearFIFO
 .text.Left_QuadDec_Cnt16_Init
                0x00003b1c       0x58 .\CortexM3\ARM_GCC_493\Debug\freesoc.a(Left_QuadDec_Cnt16.o)
                0x00003b1c                Left_QuadDec_Cnt16_Init
 .text.Left_QuadDec_Cnt16_Start
                0x00003b74       0x1c .\CortexM3\ARM_GCC_493\Debug\freesoc.a(Left_QuadDec_Cnt16.o)
                0x00003b74                Left_QuadDec_Cnt16_Start
 .text.USBUART_Init
                0x00003b90      0x140 .\CortexM3\ARM_GCC_493\Debug\freesoc.a(USBUART.o)
                0x00003b90                USBUART_Init
 .text.USBUART_InitComponent
                0x00003cd0       0xd0 .\CortexM3\ARM_GCC_493\Debug\freesoc.a(USBUART.o)
                0x00003cd0                USBUART_InitComponent
 .text.USBUART_Start
                0x00003da0       0x24 .\CortexM3\ARM_GCC_493\Debug\freesoc.a(USBUART.o)
                0x00003da0                USBUART_Start
 .text.USBUART_ReInitComponent
                0x00003dc4       0x64 .\CortexM3\ARM_GCC_493\Debug\freesoc.a(USBUART.o)
                0x00003dc4                USBUART_ReInitComponent
 .text.USBUART_GetConfiguration
                0x00003e28        0xc .\CortexM3\ARM_GCC_493\Debug\freesoc.a(USBUART.o)
                0x00003e28                USBUART_GetConfiguration
 .text.USBUART_IsConfigurationChanged
                0x00003e34       0x20 .\CortexM3\ARM_GCC_493\Debug\freesoc.a(USBUART.o)
                0x00003e34                USBUART_IsConfigurationChanged
 .text.USBUART_GetEPState
                0x00003e54       0x14 .\CortexM3\ARM_GCC_493\Debug\freesoc.a(USBUART.o)
                0x00003e54                USBUART_GetEPState
 .text.USBUART_GetEPCount
                0x00003e68       0x28 .\CortexM3\ARM_GCC_493\Debug\freesoc.a(USBUART.o)
                0x00003e68                USBUART_GetEPCount
 .text.USBUART_LoadInEP
                0x00003e90       0x94 .\CortexM3\ARM_GCC_493\Debug\freesoc.a(USBUART.o)
                0x00003e90                USBUART_LoadInEP
 .text.USBUART_EnableOutEP
                0x00003f24       0x2c .\CortexM3\ARM_GCC_493\Debug\freesoc.a(USBUART.o)
                0x00003f24                USBUART_EnableOutEP
 .text.USBUART_ReadOutEP
                0x00003f50       0x50 .\CortexM3\ARM_GCC_493\Debug\freesoc.a(USBUART.o)
                0x00003f50                USBUART_ReadOutEP
 .text.USBUART_StrLen
                0x00003fa0       0x14 .\CortexM3\ARM_GCC_493\Debug\freesoc.a(USBUART_cdc.o)
 .text.USBUART_GetInterfaceComPort
                0x00003fb4       0x3c .\CortexM3\ARM_GCC_493\Debug\freesoc.a(USBUART_cdc.o)
                0x00003fb4                USBUART_GetInterfaceComPort
 .text.USBUART_DispatchCDCClassRqst
                0x00003ff0       0x98 .\CortexM3\ARM_GCC_493\Debug\freesoc.a(USBUART_cdc.o)
                0x00003ff0                USBUART_DispatchCDCClassRqst
 .text.USBUART_CDC_Init
                0x00004088       0x98 .\CortexM3\ARM_GCC_493\Debug\freesoc.a(USBUART_cdc.o)
                0x00004088                USBUART_CDC_Init
 .text.USBUART_PutString
                0x00004120       0x9c .\CortexM3\ARM_GCC_493\Debug\freesoc.a(USBUART_cdc.o)
                0x00004120                USBUART_PutString
 .text.USBUART_PutChar
                0x000041bc       0x28 .\CortexM3\ARM_GCC_493\Debug\freesoc.a(USBUART_cdc.o)
                0x000041bc                USBUART_PutChar
 .text.USBUART_DataIsReady
                0x000041e4       0x18 .\CortexM3\ARM_GCC_493\Debug\freesoc.a(USBUART_cdc.o)
                0x000041e4                USBUART_DataIsReady
 .text.USBUART_CDCIsReady
                0x000041fc       0x18 .\CortexM3\ARM_GCC_493\Debug\freesoc.a(USBUART_cdc.o)
                0x000041fc                USBUART_CDCIsReady
 .text.USBUART_GetChar
                0x00004214       0x28 .\CortexM3\ARM_GCC_493\Debug\freesoc.a(USBUART_cdc.o)
                0x00004214                USBUART_GetChar
 .text.USBUART_Cdc_EpInit
                0x0000423c       0x50 .\CortexM3\ARM_GCC_493\Debug\freesoc.a(USBUART_cdc.o)
                0x0000423c                USBUART_Cdc_EpInit
 .text.USBUART_LoadEP0
                0x0000428c       0x94 .\CortexM3\ARM_GCC_493\Debug\freesoc.a(USBUART_drv.o)
                0x0000428c                USBUART_LoadEP0
 .text.USBUART_InitZeroLengthControlTransfer
                0x00004320       0x34 .\CortexM3\ARM_GCC_493\Debug\freesoc.a(USBUART_drv.o)
                0x00004320                USBUART_InitZeroLengthControlTransfer
 .text.USBUART_ControlReadDataStage
                0x00004354        0x8 .\CortexM3\ARM_GCC_493\Debug\freesoc.a(USBUART_drv.o)
                0x00004354                USBUART_ControlReadDataStage
 .text.USBUART_ControlWriteDataStage
                0x0000435c       0x80 .\CortexM3\ARM_GCC_493\Debug\freesoc.a(USBUART_drv.o)
                0x0000435c                USBUART_ControlWriteDataStage
 .text.USBUART_InitNoDataControlTransfer
                0x000043dc       0x2c .\CortexM3\ARM_GCC_493\Debug\freesoc.a(USBUART_drv.o)
                0x000043dc                USBUART_InitNoDataControlTransfer
 .text.USBUART_UpdateStatusBlock
                0x00004408       0x24 .\CortexM3\ARM_GCC_493\Debug\freesoc.a(USBUART_drv.o)
                0x00004408                USBUART_UpdateStatusBlock
 .text.USBUART_HandleSetup
                0x0000442c       0x5c .\CortexM3\ARM_GCC_493\Debug\freesoc.a(USBUART_drv.o)
                0x0000442c                USBUART_HandleSetup
 .text.USBUART_ControlReadStatusStage
                0x00004488       0x34 .\CortexM3\ARM_GCC_493\Debug\freesoc.a(USBUART_drv.o)
                0x00004488                USBUART_ControlReadStatusStage
 .text.USBUART_HandleOUT
                0x000044bc       0x38 .\CortexM3\ARM_GCC_493\Debug\freesoc.a(USBUART_drv.o)
                0x000044bc                USBUART_HandleOUT
 .text.USBUART_ControlWriteStatusStage
                0x000044f4       0x20 .\CortexM3\ARM_GCC_493\Debug\freesoc.a(USBUART_drv.o)
                0x000044f4                USBUART_ControlWriteStatusStage
 .text.USBUART_NoDataControlStatusStage
                0x00004514       0x40 .\CortexM3\ARM_GCC_493\Debug\freesoc.a(USBUART_drv.o)
                0x00004514                USBUART_NoDataControlStatusStage
 .text.USBUART_HandleIN
                0x00004554       0x2c .\CortexM3\ARM_GCC_493\Debug\freesoc.a(USBUART_drv.o)
                0x00004554                USBUART_HandleIN
 .text.USBUART_EP_0_ISR
                0x00004580       0xb8 .\CortexM3\ARM_GCC_493\Debug\freesoc.a(USBUART_drv.o)
                0x00004580                USBUART_EP_0_ISR
 .text.USBUART_InitializeStatusBlock
                0x00004638       0x24 .\CortexM3\ARM_GCC_493\Debug\freesoc.a(USBUART_drv.o)
                0x00004638                USBUART_InitializeStatusBlock
 .text.USBUART_InitControlRead
                0x0000465c       0x50 .\CortexM3\ARM_GCC_493\Debug\freesoc.a(USBUART_drv.o)
                0x0000465c                USBUART_InitControlRead
 .text.USBUART_InitControlWrite
                0x000046ac       0x48 .\CortexM3\ARM_GCC_493\Debug\freesoc.a(USBUART_drv.o)
                0x000046ac                USBUART_InitControlWrite
 .text.USBUART_EP_1_ISR
                0x000046f4       0x38 .\CortexM3\ARM_GCC_493\Debug\freesoc.a(USBUART_episr.o)
                0x000046f4                USBUART_EP_1_ISR
 .text.USBUART_EP_2_ISR
                0x0000472c       0x3c .\CortexM3\ARM_GCC_493\Debug\freesoc.a(USBUART_episr.o)
                0x0000472c                USBUART_EP_2_ISR
 .text.USBUART_EP_3_ISR
                0x00004768       0x44 .\CortexM3\ARM_GCC_493\Debug\freesoc.a(USBUART_episr.o)
                0x00004768                USBUART_EP_3_ISR
 .text.USBUART_SOF_ISR
                0x000047ac        0x4 .\CortexM3\ARM_GCC_493\Debug\freesoc.a(USBUART_episr.o)
                0x000047ac                USBUART_SOF_ISR
 .text.USBUART_BUS_RESET_ISR
                0x000047b0        0x8 .\CortexM3\ARM_GCC_493\Debug\freesoc.a(USBUART_episr.o)
                0x000047b0                USBUART_BUS_RESET_ISR
 .text.USBUART_FindHidClassDecriptor
                0x000047b8       0x40 .\CortexM3\ARM_GCC_493\Debug\freesoc.a(USBUART_hid.o)
                0x000047b8                USBUART_FindHidClassDecriptor
 .text.USBUART_FindReportDescriptor
                0x000047f8       0x48 .\CortexM3\ARM_GCC_493\Debug\freesoc.a(USBUART_hid.o)
                0x000047f8                USBUART_FindReportDescriptor
 .text.USBUART_FindReport
                0x00004840       0x7c .\CortexM3\ARM_GCC_493\Debug\freesoc.a(USBUART_hid.o)
                0x00004840                USBUART_FindReport
 .text.USBUART_DispatchHIDClassRqst
                0x000048bc      0x184 .\CortexM3\ARM_GCC_493\Debug\freesoc.a(USBUART_hid.o)
                0x000048bc                USBUART_DispatchHIDClassRqst
 .text.USBUART_DP_ISR
                0x00004a40        0x8 .\CortexM3\ARM_GCC_493\Debug\freesoc.a(USBUART_pm.o)
                0x00004a40                USBUART_DP_ISR
 .text.USBUART_ReadDieID
                0x00004a48       0x6c .\CortexM3\ARM_GCC_493\Debug\freesoc.a(USBUART_std.o)
                0x00004a48                USBUART_ReadDieID
 .text.USBUART_ConfigReg
                0x00004ab4       0xa4 .\CortexM3\ARM_GCC_493\Debug\freesoc.a(USBUART_std.o)
                0x00004ab4                USBUART_ConfigReg
 .text.USBUART_GetConfigTablePtr
                0x00004b58       0x28 .\CortexM3\ARM_GCC_493\Debug\freesoc.a(USBUART_std.o)
                0x00004b58                USBUART_GetConfigTablePtr
 .text.USBUART_ConfigAltChanged
                0x00004b80      0x11c .\CortexM3\ARM_GCC_493\Debug\freesoc.a(USBUART_std.o)
                0x00004b80                USBUART_ConfigAltChanged
 .text.USBUART_GetDeviceTablePtr
                0x00004c9c       0x18 .\CortexM3\ARM_GCC_493\Debug\freesoc.a(USBUART_std.o)
                0x00004c9c                USBUART_GetDeviceTablePtr
 .text.USBUART_GetInterfaceClassTablePtr
                0x00004cb4       0x24 .\CortexM3\ARM_GCC_493\Debug\freesoc.a(USBUART_std.o)
                0x00004cb4                USBUART_GetInterfaceClassTablePtr
 .text.USBUART_Config
                0x00004cd8      0x1dc .\CortexM3\ARM_GCC_493\Debug\freesoc.a(USBUART_std.o)
                0x00004cd8                USBUART_Config
 .text.USBUART_SetEndpointHalt
                0x00004eb4       0x64 .\CortexM3\ARM_GCC_493\Debug\freesoc.a(USBUART_std.o)
                0x00004eb4                USBUART_SetEndpointHalt
 .text.USBUART_ClearEndpointHalt
                0x00004f18       0xa8 .\CortexM3\ARM_GCC_493\Debug\freesoc.a(USBUART_std.o)
                0x00004f18                USBUART_ClearEndpointHalt
 .text.USBUART_ValidateAlternateSetting
                0x00004fc0       0x4c .\CortexM3\ARM_GCC_493\Debug\freesoc.a(USBUART_std.o)
                0x00004fc0                USBUART_ValidateAlternateSetting
 .text.USBUART_HandleStandardRqst
                0x0000500c      0x35c .\CortexM3\ARM_GCC_493\Debug\freesoc.a(USBUART_std.o)
                0x0000500c                USBUART_HandleStandardRqst
 .text.USBUART_HandleVendorRqst
                0x00005368       0x3c .\CortexM3\ARM_GCC_493\Debug\freesoc.a(USBUART_vnd.o)
                0x00005368                USBUART_HandleVendorRqst
 .text.USBUART_Dp_ClearInterrupt
                0x000053a4       0x10 .\CortexM3\ARM_GCC_493\Debug\freesoc.a(USBUART_Dp.o)
                0x000053a4                USBUART_Dp_ClearInterrupt
 .text.SPIM_EnableRxInt
                0x000053b4        0xc .\CortexM3\ARM_GCC_493\Debug\freesoc.a(SPIM.o)
                0x000053b4                SPIM_EnableRxInt
 .text.SPIM_Enable
                0x000053c0       0x38 .\CortexM3\ARM_GCC_493\Debug\freesoc.a(SPIM.o)
                0x000053c0                SPIM_Enable
 .text.SPIM_DisableRxInt
                0x000053f8        0xc .\CortexM3\ARM_GCC_493\Debug\freesoc.a(SPIM.o)
                0x000053f8                SPIM_DisableRxInt
 .text.SPIM_ReadTxStatus
                0x00005404        0xc .\CortexM3\ARM_GCC_493\Debug\freesoc.a(SPIM.o)
                0x00005404                SPIM_ReadTxStatus
 .text.SPIM_ReadRxStatus
                0x00005410       0x28 .\CortexM3\ARM_GCC_493\Debug\freesoc.a(SPIM.o)
                0x00005410                SPIM_ReadRxStatus
 .text.SPIM_WriteTxData
                0x00005438       0x18 .\CortexM3\ARM_GCC_493\Debug\freesoc.a(SPIM.o)
                0x00005438                SPIM_WriteTxData
 .text.SPIM_ReadRxData
                0x00005450       0x64 .\CortexM3\ARM_GCC_493\Debug\freesoc.a(SPIM.o)
                0x00005450                SPIM_ReadRxData
 .text.SPIM_GetTxBufferSize
                0x000054b4       0x24 .\CortexM3\ARM_GCC_493\Debug\freesoc.a(SPIM.o)
                0x000054b4                SPIM_GetTxBufferSize
 .text.SPIM_ClearRxBuffer
                0x000054d8       0x40 .\CortexM3\ARM_GCC_493\Debug\freesoc.a(SPIM.o)
                0x000054d8                SPIM_ClearRxBuffer
 .text.SPIM_ClearTxBuffer
                0x00005518       0x24 .\CortexM3\ARM_GCC_493\Debug\freesoc.a(SPIM.o)
                0x00005518                SPIM_ClearTxBuffer
 .text.SPIM_PutArray
                0x0000553c       0x20 .\CortexM3\ARM_GCC_493\Debug\freesoc.a(SPIM.o)
                0x0000553c                SPIM_PutArray
 .text.SPIM_ClearFIFO
                0x0000555c       0x3c .\CortexM3\ARM_GCC_493\Debug\freesoc.a(SPIM.o)
                0x0000555c                SPIM_ClearFIFO
 .text.SPIM_Init
                0x00005598       0x64 .\CortexM3\ARM_GCC_493\Debug\freesoc.a(SPIM.o)
                0x00005598                SPIM_Init
 .text.SPIM_Start
                0x000055fc       0x1c .\CortexM3\ARM_GCC_493\Debug\freesoc.a(SPIM.o)
                0x000055fc                SPIM_Start
 .text.SPIM_RX_ISR
                0x00005618       0xa0 .\CortexM3\ARM_GCC_493\Debug\freesoc.a(SPIM_INT.o)
                0x00005618                SPIM_RX_ISR
 .text.Slave_Select_Write
                0x000056b8        0xc .\CortexM3\ARM_GCC_493\Debug\freesoc.a(Slave_Select.o)
                0x000056b8                Slave_Select_Write
 .text.CyFlashGetSpcAlgorithm
                0x000056c4       0x4c .\CortexM3\ARM_GCC_493\Debug\freesoc.a(CyFlash.o)
 .text.CySetTempInt
                0x00005710       0x60 .\CortexM3\ARM_GCC_493\Debug\freesoc.a(CyFlash.o)
 .text.CySetTemp
                0x00005770       0x14 .\CortexM3\ARM_GCC_493\Debug\freesoc.a(CyFlash.o)
                0x00005770                CySetTemp
 .text.CyEEPROM_Start
                0x00005784       0x54 .\CortexM3\ARM_GCC_493\Debug\freesoc.a(CyFlash.o)
                0x00005784                CyEEPROM_Start
 .text.CySpcStart
                0x000057d8       0x24 .\CortexM3\ARM_GCC_493\Debug\freesoc.a(CySpc.o)
                0x000057d8                CySpcStart
 .text.CySpcReadData
                0x000057fc       0x34 .\CortexM3\ARM_GCC_493\Debug\freesoc.a(CySpc.o)
                0x000057fc                CySpcReadData
 .text.CySpcLoadMultiByte
                0x00005830       0x78 .\CortexM3\ARM_GCC_493\Debug\freesoc.a(CySpc.o)
                0x00005830                CySpcLoadMultiByte
 .text.CySpcLoadRow
                0x000058a8       0x54 .\CortexM3\ARM_GCC_493\Debug\freesoc.a(CySpc.o)
                0x000058a8                CySpcLoadRow
 .text.CySpcWriteRow
                0x000058fc       0x4c .\CortexM3\ARM_GCC_493\Debug\freesoc.a(CySpc.o)
                0x000058fc                CySpcWriteRow
 .text.CySpcGetTemp
                0x00005948       0x3c .\CortexM3\ARM_GCC_493\Debug\freesoc.a(CySpc.o)
                0x00005948                CySpcGetTemp
 .text.CySpcLock
                0x00005984       0x4c .\CortexM3\ARM_GCC_493\Debug\freesoc.a(CySpc.o)
                0x00005984                CySpcLock
 .text.CySpcUnlock
                0x000059d0       0x38 .\CortexM3\ARM_GCC_493\Debug\freesoc.a(CySpc.o)
                0x000059d0                CySpcUnlock
 .text.CySpcGetAlgorithm
                0x00005a08       0x28 .\CortexM3\ARM_GCC_493\Debug\freesoc.a(CySpc.o)
                0x00005a08                CySpcGetAlgorithm
 .text.USBUART_DispatchClassRqst
                0x00005a30       0x60 .\CortexM3\ARM_GCC_493\Debug\freesoc.a(USBUART_cls.o)
                0x00005a30                USBUART_DispatchClassRqst
 .text.__fpclassifyf
                0x00005a90       0x34 c:/program files (x86)/cypress/psoc creator/3.3/psoc creator/import/gnu/arm/4.9.3/bin/../lib/gcc/arm-none-eabi/4.9.3/../../../../arm-none-eabi/lib/armv7-m\libm.a(lib_a-sf_fpclassify.o)
                0x00005a90                __fpclassifyf
 .text.pow      0x00005ac4      0x2f0 c:/program files (x86)/cypress/psoc creator/3.3/psoc creator/import/gnu/arm/4.9.3/bin/../lib/gcc/arm-none-eabi/4.9.3/../../../../arm-none-eabi/lib/armv7-m\libm.a(lib_a-w_pow.o)
                0x00005ac4                pow
 *fill*         0x00005db4        0x4 
 .text.__ieee754_pow
                0x00005db8      0xaa0 c:/program files (x86)/cypress/psoc creator/3.3/psoc creator/import/gnu/arm/4.9.3/bin/../lib/gcc/arm-none-eabi/4.9.3/../../../../arm-none-eabi/lib/armv7-m\libm.a(lib_a-e_pow.o)
                0x00005db8                __ieee754_pow
 .text.__ieee754_sqrt
                0x00006858      0x18c c:/program files (x86)/cypress/psoc creator/3.3/psoc creator/import/gnu/arm/4.9.3/bin/../lib/gcc/arm-none-eabi/4.9.3/../../../../arm-none-eabi/lib/armv7-m\libm.a(lib_a-e_sqrt.o)
                0x00006858                __ieee754_sqrt
 .text.fabs     0x000069e4        0x8 c:/program files (x86)/cypress/psoc creator/3.3/psoc creator/import/gnu/arm/4.9.3/bin/../lib/gcc/arm-none-eabi/4.9.3/../../../../arm-none-eabi/lib/armv7-m\libm.a(lib_a-s_fabs.o)
                0x000069e4                fabs
 .text.finite   0x000069ec        0xc c:/program files (x86)/cypress/psoc creator/3.3/psoc creator/import/gnu/arm/4.9.3/bin/../lib/gcc/arm-none-eabi/4.9.3/../../../../arm-none-eabi/lib/armv7-m\libm.a(lib_a-s_finite.o)
                0x000069ec                finite
 .text.__fpclassifyd
                0x000069f8       0x58 c:/program files (x86)/cypress/psoc creator/3.3/psoc creator/import/gnu/arm/4.9.3/bin/../lib/gcc/arm-none-eabi/4.9.3/../../../../arm-none-eabi/lib/armv7-m\libm.a(lib_a-s_fpclassify.o)
                0x000069f8                __fpclassifyd
 .text.matherr  0x00006a50        0x4 c:/program files (x86)/cypress/psoc creator/3.3/psoc creator/import/gnu/arm/4.9.3/bin/../lib/gcc/arm-none-eabi/4.9.3/../../../../arm-none-eabi/lib/armv7-m\libm.a(lib_a-s_matherr.o)
                0x00006a50                matherr
 .text.nan      0x00006a54        0xc c:/program files (x86)/cypress/psoc creator/3.3/psoc creator/import/gnu/arm/4.9.3/bin/../lib/gcc/arm-none-eabi/4.9.3/../../../../arm-none-eabi/lib/armv7-m\libm.a(lib_a-s_nan.o)
                0x00006a54                nan
 .text.rint     0x00006a60      0x11c c:/program files (x86)/cypress/psoc creator/3.3/psoc creator/import/gnu/arm/4.9.3/bin/../lib/gcc/arm-none-eabi/4.9.3/../../../../arm-none-eabi/lib/armv7-m\libm.a(lib_a-s_rint.o)
                0x00006a60                rint
 *fill*         0x00006b7c        0x4 
 .text.scalbn   0x00006b80       0xf0 c:/program files (x86)/cypress/psoc creator/3.3/psoc creator/import/gnu/arm/4.9.3/bin/../lib/gcc/arm-none-eabi/4.9.3/../../../../arm-none-eabi/lib/armv7-m\libm.a(lib_a-s_scalbn.o)
                0x00006b80                scalbn
 .text.copysign
                0x00006c70       0x10 c:/program files (x86)/cypress/psoc creator/3.3/psoc creator/import/gnu/arm/4.9.3/bin/../lib/gcc/arm-none-eabi/4.9.3/../../../../arm-none-eabi/lib/armv7-m\libm.a(lib_a-s_copysign.o)
                0x00006c70                copysign
 .text          0x00006c80      0x370 c:/program files (x86)/cypress/psoc creator/3.3/psoc creator/import/gnu/arm/4.9.3/bin/../lib/gcc/arm-none-eabi/4.9.3/armv7-m\libgcc.a(_arm_addsubdf3.o)
                0x00006c80                __aeabi_drsub
                0x00006c88                __aeabi_dsub
                0x00006c88                __subdf3
                0x00006c8c                __aeabi_dadd
                0x00006c8c                __adddf3
                0x00006f04                __floatunsidf
                0x00006f04                __aeabi_ui2d
                0x00006f24                __floatsidf
                0x00006f24                __aeabi_i2d
                0x00006f48                __aeabi_f2d
                0x00006f48                __extendsfdf2
                0x00006f84                __floatundidf
                0x00006f84                __aeabi_ul2d
                0x00006f94                __floatdidf
                0x00006f94                __aeabi_l2d
 .text          0x00006ff0      0x424 c:/program files (x86)/cypress/psoc creator/3.3/psoc creator/import/gnu/arm/4.9.3/bin/../lib/gcc/arm-none-eabi/4.9.3/armv7-m\libgcc.a(_arm_muldivdf3.o)
                0x00006ff0                __aeabi_dmul
                0x00006ff0                __muldf3
                0x00007244                __divdf3
                0x00007244                __aeabi_ddiv
 .text          0x00007414      0x110 c:/program files (x86)/cypress/psoc creator/3.3/psoc creator/import/gnu/arm/4.9.3/bin/../lib/gcc/arm-none-eabi/4.9.3/armv7-m\libgcc.a(_arm_cmpdf2.o)
                0x00007414                __gtdf2
                0x00007414                __gedf2
                0x0000741c                __ltdf2
                0x0000741c                __ledf2
                0x00007424                __nedf2
                0x00007424                __eqdf2
                0x00007424                __cmpdf2
                0x000074a0                __aeabi_cdrcmple
                0x000074b0                __aeabi_cdcmpeq
                0x000074b0                __aeabi_cdcmple
                0x000074c0                __aeabi_dcmpeq
                0x000074d4                __aeabi_dcmplt
                0x000074e8                __aeabi_dcmple
                0x000074fc                __aeabi_dcmpge
                0x00007510                __aeabi_dcmpgt
 .text          0x00007524       0x50 c:/program files (x86)/cypress/psoc creator/3.3/psoc creator/import/gnu/arm/4.9.3/bin/../lib/gcc/arm-none-eabi/4.9.3/armv7-m\libgcc.a(_arm_fixdfsi.o)
                0x00007524                __aeabi_d2iz
                0x00007524                __fixdfsi
 .text          0x00007574       0xa0 c:/program files (x86)/cypress/psoc creator/3.3/psoc creator/import/gnu/arm/4.9.3/bin/../lib/gcc/arm-none-eabi/4.9.3/armv7-m\libgcc.a(_arm_truncdfsf2.o)
                0x00007574                __truncdfsf2
                0x00007574                __aeabi_d2f
 .text          0x00007614      0x21c c:/program files (x86)/cypress/psoc creator/3.3/psoc creator/import/gnu/arm/4.9.3/bin/../lib/gcc/arm-none-eabi/4.9.3/armv7-m\libgcc.a(_arm_addsubsf3.o)
                0x00007614                __aeabi_frsub
                0x0000761c                __subsf3
                0x0000761c                __aeabi_fsub
                0x00007620                __aeabi_fadd
                0x00007620                __addsf3
                0x00007780                __aeabi_ui2f
                0x00007780                __floatunsisf
                0x00007788                __aeabi_i2f
                0x00007788                __floatsisf
                0x000077a4                __aeabi_ul2f
                0x000077a4                __floatundisf
                0x000077b4                __aeabi_l2f
                0x000077b4                __floatdisf
 .text          0x00007830      0x2a0 c:/program files (x86)/cypress/psoc creator/3.3/psoc creator/import/gnu/arm/4.9.3/bin/../lib/gcc/arm-none-eabi/4.9.3/armv7-m\libgcc.a(_arm_muldivsf3.o)
                0x00007830                __mulsf3
                0x00007830                __aeabi_fmul
                0x00007998                __aeabi_fdiv
                0x00007998                __divsf3
 .text          0x00007ad0       0xec c:/program files (x86)/cypress/psoc creator/3.3/psoc creator/import/gnu/arm/4.9.3/bin/../lib/gcc/arm-none-eabi/4.9.3/armv7-m\libgcc.a(_arm_cmpsf2.o)
                0x00007ad0                __gesf2
                0x00007ad0                __gtsf2
                0x00007ad8                __lesf2
                0x00007ad8                __ltsf2
                0x00007ae0                __nesf2
                0x00007ae0                __eqsf2
                0x00007ae0                __cmpsf2
                0x00007b40                __aeabi_cfrcmple
                0x00007b48                __aeabi_cfcmpeq
                0x00007b48                __aeabi_cfcmple
                0x00007b58                __aeabi_fcmpeq
                0x00007b6c                __aeabi_fcmplt
                0x00007b80                __aeabi_fcmple
                0x00007b94                __aeabi_fcmpge
                0x00007ba8                __aeabi_fcmpgt
 .text          0x00007bbc       0x4c c:/program files (x86)/cypress/psoc creator/3.3/psoc creator/import/gnu/arm/4.9.3/bin/../lib/gcc/arm-none-eabi/4.9.3/armv7-m\libgcc.a(_arm_fixsfsi.o)
                0x00007bbc                __aeabi_f2iz
                0x00007bbc                __fixsfsi
 .text.__assert_func
                0x00007c08       0x38 c:/program files (x86)/cypress/psoc creator/3.3/psoc creator/import/gnu/arm/4.9.3/bin/../lib/gcc/arm-none-eabi/4.9.3/../../../../arm-none-eabi/lib/armv7-m\libg_nano.a(lib_a-assert.o)
                0x00007c08                __assert_func
 .text.atof     0x00007c40        0x6 c:/program files (x86)/cypress/psoc creator/3.3/psoc creator/import/gnu/arm/4.9.3/bin/../lib/gcc/arm-none-eabi/4.9.3/../../../../arm-none-eabi/lib/armv7-m\libg_nano.a(lib_a-atof.o)
                0x00007c40                atof
 *fill*         0x00007c46        0x2 
 .text.__errno  0x00007c48        0xc c:/program files (x86)/cypress/psoc creator/3.3/psoc creator/import/gnu/arm/4.9.3/bin/../lib/gcc/arm-none-eabi/4.9.3/../../../../arm-none-eabi/lib/armv7-m\libg_nano.a(lib_a-errno.o)
                0x00007c48                __errno
 .text.fprintf  0x00007c54       0x24 c:/program files (x86)/cypress/psoc creator/3.3/psoc creator/import/gnu/arm/4.9.3/bin/../lib/gcc/arm-none-eabi/4.9.3/../../../../arm-none-eabi/lib/armv7-m\libg_nano.a(lib_a-fprintf.o)
                0x00007c54                fiprintf
                0x00007c54                fprintf
 .text.__libc_init_array
                0x00007c78       0x4c c:/program files (x86)/cypress/psoc creator/3.3/psoc creator/import/gnu/arm/4.9.3/bin/../lib/gcc/arm-none-eabi/4.9.3/../../../../arm-none-eabi/lib/armv7-m\libg_nano.a(lib_a-init.o)
                0x00007c78                __libc_init_array
 .text.__itoa   0x00007cc4       0x2e c:/program files (x86)/cypress/psoc creator/3.3/psoc creator/import/gnu/arm/4.9.3/bin/../lib/gcc/arm-none-eabi/4.9.3/../../../../arm-none-eabi/lib/armv7-m\libg_nano.a(lib_a-itoa.o)
                0x00007cc4                __itoa
 .text.itoa     0x00007cf2        0x4 c:/program files (x86)/cypress/psoc creator/3.3/psoc creator/import/gnu/arm/4.9.3/bin/../lib/gcc/arm-none-eabi/4.9.3/../../../../arm-none-eabi/lib/armv7-m\libg_nano.a(lib_a-itoa.o)
                0x00007cf2                itoa
 .text.memcpy   0x00007cf6       0x16 c:/program files (x86)/cypress/psoc creator/3.3/psoc creator/import/gnu/arm/4.9.3/bin/../lib/gcc/arm-none-eabi/4.9.3/../../../../arm-none-eabi/lib/armv7-m\libg_nano.a(lib_a-memcpy.o)
                0x00007cf6                memcpy
 .text.memset   0x00007d0c       0x10 c:/program files (x86)/cypress/psoc creator/3.3/psoc creator/import/gnu/arm/4.9.3/bin/../lib/gcc/arm-none-eabi/4.9.3/../../../../arm-none-eabi/lib/armv7-m\libg_nano.a(lib_a-memset.o)
                0x00007d0c                memset
 .text.__sfputc_r
                0x00007d1c       0x2c c:/program files (x86)/cypress/psoc creator/3.3/psoc creator/import/gnu/arm/4.9.3/bin/../lib/gcc/arm-none-eabi/4.9.3/../../../../arm-none-eabi/lib/armv7-m\libg_nano.a(lib_a-nano-vfprintf.o)
 .text.__sfputs_r
                0x00007d48       0x24 c:/program files (x86)/cypress/psoc creator/3.3/psoc creator/import/gnu/arm/4.9.3/bin/../lib/gcc/arm-none-eabi/4.9.3/../../../../arm-none-eabi/lib/armv7-m\libg_nano.a(lib_a-nano-vfprintf.o)
                0x00007d48                __sfputs_r
 .text._vfprintf_r
                0x00007d6c      0x210 c:/program files (x86)/cypress/psoc creator/3.3/psoc creator/import/gnu/arm/4.9.3/bin/../lib/gcc/arm-none-eabi/4.9.3/../../../../arm-none-eabi/lib/armv7-m\libg_nano.a(lib_a-nano-vfprintf.o)
                0x00007d6c                _vfprintf_r
                0x00007d6c                _vfiprintf_r
 .text.__cvt    0x00007f7c       0xbc c:/program files (x86)/cypress/psoc creator/3.3/psoc creator/import/gnu/arm/4.9.3/bin/../lib/gcc/arm-none-eabi/4.9.3/../../../../arm-none-eabi/lib/armv7-m\libg_nano.a(lib_a-nano-vfprintf_float.o)
                0x00007f7c                __cvt
 .text.__exponent
                0x00008038       0x62 c:/program files (x86)/cypress/psoc creator/3.3/psoc creator/import/gnu/arm/4.9.3/bin/../lib/gcc/arm-none-eabi/4.9.3/../../../../arm-none-eabi/lib/armv7-m\libg_nano.a(lib_a-nano-vfprintf_float.o)
                0x00008038                __exponent
 *fill*         0x0000809a        0x2 
 .text._printf_float
                0x0000809c      0x48c c:/program files (x86)/cypress/psoc creator/3.3/psoc creator/import/gnu/arm/4.9.3/bin/../lib/gcc/arm-none-eabi/4.9.3/../../../../arm-none-eabi/lib/armv7-m\libg_nano.a(lib_a-nano-vfprintf_float.o)
                0x0000809c                _printf_float
 .text._printf_common
                0x00008528       0xea c:/program files (x86)/cypress/psoc creator/3.3/psoc creator/import/gnu/arm/4.9.3/bin/../lib/gcc/arm-none-eabi/4.9.3/../../../../arm-none-eabi/lib/armv7-m\libg_nano.a(lib_a-nano-vfprintf_i.o)
                0x00008528                _printf_common
 *fill*         0x00008612        0x2 
 .text._printf_i
                0x00008614      0x240 c:/program files (x86)/cypress/psoc creator/3.3/psoc creator/import/gnu/arm/4.9.3/bin/../lib/gcc/arm-none-eabi/4.9.3/../../../../arm-none-eabi/lib/armv7-m\libg_nano.a(lib_a-nano-vfprintf_i.o)
                0x00008614                _printf_i
 .text.snprintf
                0x00008854       0x64 c:/program files (x86)/cypress/psoc creator/3.3/psoc creator/import/gnu/arm/4.9.3/bin/../lib/gcc/arm-none-eabi/4.9.3/../../../../arm-none-eabi/lib/armv7-m\libg_nano.a(lib_a-snprintf.o)
                0x00008854                sniprintf
                0x00008854                snprintf
 .text.sprintf  0x000088b8       0x48 c:/program files (x86)/cypress/psoc creator/3.3/psoc creator/import/gnu/arm/4.9.3/bin/../lib/gcc/arm-none-eabi/4.9.3/../../../../arm-none-eabi/lib/armv7-m\libg_nano.a(lib_a-sprintf.o)
                0x000088b8                siprintf
                0x000088b8                sprintf
 .text.strlen   0x00008900       0x10 c:/program files (x86)/cypress/psoc creator/3.3/psoc creator/import/gnu/arm/4.9.3/bin/../lib/gcc/arm-none-eabi/4.9.3/../../../../arm-none-eabi/lib/armv7-m\libg_nano.a(lib_a-strlen.o)
                0x00008900                strlen
 .text.match    0x00008910       0x26 c:/program files (x86)/cypress/psoc creator/3.3/psoc creator/import/gnu/arm/4.9.3/bin/../lib/gcc/arm-none-eabi/4.9.3/../../../../arm-none-eabi/lib/armv7-m\libg_nano.a(lib_a-strtod.o)
 .text.sulp     0x00008936       0x42 c:/program files (x86)/cypress/psoc creator/3.3/psoc creator/import/gnu/arm/4.9.3/bin/../lib/gcc/arm-none-eabi/4.9.3/../../../../arm-none-eabi/lib/armv7-m\libg_nano.a(lib_a-strtod.o)
 .text._strtod_r
                0x00008978      0xc40 c:/program files (x86)/cypress/psoc creator/3.3/psoc creator/import/gnu/arm/4.9.3/bin/../lib/gcc/arm-none-eabi/4.9.3/../../../../arm-none-eabi/lib/armv7-m\libg_nano.a(lib_a-strtod.o)
                0x00008978                _strtod_r
 .text.strtod   0x000095b8       0x14 c:/program files (x86)/cypress/psoc creator/3.3/psoc creator/import/gnu/arm/4.9.3/bin/../lib/gcc/arm-none-eabi/4.9.3/../../../../arm-none-eabi/lib/armv7-m\libg_nano.a(lib_a-strtod.o)
                0x000095b8                strtod
 .text.__utoa   0x000095cc       0x78 c:/program files (x86)/cypress/psoc creator/3.3/psoc creator/import/gnu/arm/4.9.3/bin/../lib/gcc/arm-none-eabi/4.9.3/../../../../arm-none-eabi/lib/armv7-m\libg_nano.a(lib_a-utoa.o)
                0x000095cc                __utoa
 .text.__swbuf_r
                0x00009644       0xa8 c:/program files (x86)/cypress/psoc creator/3.3/psoc creator/import/gnu/arm/4.9.3/bin/../lib/gcc/arm-none-eabi/4.9.3/../../../../arm-none-eabi/lib/armv7-m\libg_nano.a(lib_a-wbuf.o)
                0x00009644                __swbuf_r
 .text.__swsetup_r
                0x000096ec       0xd8 c:/program files (x86)/cypress/psoc creator/3.3/psoc creator/import/gnu/arm/4.9.3/bin/../lib/gcc/arm-none-eabi/4.9.3/../../../../arm-none-eabi/lib/armv7-m\libg_nano.a(lib_a-wsetup.o)
                0x000096ec                __swsetup_r
 .text.abort    0x000097c4        0xe c:/program files (x86)/cypress/psoc creator/3.3/psoc creator/import/gnu/arm/4.9.3/bin/../lib/gcc/arm-none-eabi/4.9.3/../../../../arm-none-eabi/lib/armv7-m\libg_nano.a(lib_a-abort.o)
                0x000097c4                abort
 .text.quorem   0x000097d2      0x114 c:/program files (x86)/cypress/psoc creator/3.3/psoc creator/import/gnu/arm/4.9.3/bin/../lib/gcc/arm-none-eabi/4.9.3/../../../../arm-none-eabi/lib/armv7-m\libg_nano.a(lib_a-dtoa.o)
 *fill*         0x000098e6        0x2 
 .text._dtoa_r  0x000098e8      0xb78 c:/program files (x86)/cypress/psoc creator/3.3/psoc creator/import/gnu/arm/4.9.3/bin/../lib/gcc/arm-none-eabi/4.9.3/../../../../arm-none-eabi/lib/armv7-m\libg_nano.a(lib_a-dtoa.o)
                0x000098e8                _dtoa_r
 .text.__sflush_r
                0x0000a460      0x106 c:/program files (x86)/cypress/psoc creator/3.3/psoc creator/import/gnu/arm/4.9.3/bin/../lib/gcc/arm-none-eabi/4.9.3/../../../../arm-none-eabi/lib/armv7-m\libg_nano.a(lib_a-fflush.o)
                0x0000a460                __sflush_r
 *fill*         0x0000a566        0x2 
 .text._fflush_r
                0x0000a568       0x54 c:/program files (x86)/cypress/psoc creator/3.3/psoc creator/import/gnu/arm/4.9.3/bin/../lib/gcc/arm-none-eabi/4.9.3/../../../../arm-none-eabi/lib/armv7-m\libg_nano.a(lib_a-fflush.o)
                0x0000a568                _fflush_r
 .text._cleanup_r
                0x0000a5bc        0xc c:/program files (x86)/cypress/psoc creator/3.3/psoc creator/import/gnu/arm/4.9.3/bin/../lib/gcc/arm-none-eabi/4.9.3/../../../../arm-none-eabi/lib/armv7-m\libg_nano.a(lib_a-findfp.o)
                0x0000a5bc                _cleanup_r
 .text.std.isra.0
                0x0000a5c8       0x48 c:/program files (x86)/cypress/psoc creator/3.3/psoc creator/import/gnu/arm/4.9.3/bin/../lib/gcc/arm-none-eabi/4.9.3/../../../../arm-none-eabi/lib/armv7-m\libg_nano.a(lib_a-findfp.o)
 .text.__sfmoreglue
                0x0000a610       0x2c c:/program files (x86)/cypress/psoc creator/3.3/psoc creator/import/gnu/arm/4.9.3/bin/../lib/gcc/arm-none-eabi/4.9.3/../../../../arm-none-eabi/lib/armv7-m\libg_nano.a(lib_a-findfp.o)
                0x0000a610                __sfmoreglue
 .text.__sinit  0x0000a63c       0x60 c:/program files (x86)/cypress/psoc creator/3.3/psoc creator/import/gnu/arm/4.9.3/bin/../lib/gcc/arm-none-eabi/4.9.3/../../../../arm-none-eabi/lib/armv7-m\libg_nano.a(lib_a-findfp.o)
                0x0000a63c                __sinit
 .text.__sfp    0x0000a69c       0x74 c:/program files (x86)/cypress/psoc creator/3.3/psoc creator/import/gnu/arm/4.9.3/bin/../lib/gcc/arm-none-eabi/4.9.3/../../../../arm-none-eabi/lib/armv7-m\libg_nano.a(lib_a-findfp.o)
                0x0000a69c                __sfp
 .text._fwalk_reent
                0x0000a710       0x3c c:/program files (x86)/cypress/psoc creator/3.3/psoc creator/import/gnu/arm/4.9.3/bin/../lib/gcc/arm-none-eabi/4.9.3/../../../../arm-none-eabi/lib/armv7-m\libg_nano.a(lib_a-fwalk.o)
                0x0000a710                _fwalk_reent
 .text.rshift   0x0000a74c       0x6c c:/program files (x86)/cypress/psoc creator/3.3/psoc creator/import/gnu/arm/4.9.3/bin/../lib/gcc/arm-none-eabi/4.9.3/../../../../arm-none-eabi/lib/armv7-m\libg_nano.a(lib_a-gdtoa-gethex.o)
 .text.__hexdig_fun
                0x0000a7b8       0x2a c:/program files (x86)/cypress/psoc creator/3.3/psoc creator/import/gnu/arm/4.9.3/bin/../lib/gcc/arm-none-eabi/4.9.3/../../../../arm-none-eabi/lib/armv7-m\libg_nano.a(lib_a-gdtoa-gethex.o)
                0x0000a7b8                __hexdig_fun
 .text.__gethex
                0x0000a7e2      0x44a c:/program files (x86)/cypress/psoc creator/3.3/psoc creator/import/gnu/arm/4.9.3/bin/../lib/gcc/arm-none-eabi/4.9.3/../../../../arm-none-eabi/lib/armv7-m\libg_nano.a(lib_a-gdtoa-gethex.o)
                0x0000a7e2                __gethex
 .text.L_shift  0x0000ac2c       0x24 c:/program files (x86)/cypress/psoc creator/3.3/psoc creator/import/gnu/arm/4.9.3/bin/../lib/gcc/arm-none-eabi/4.9.3/../../../../arm-none-eabi/lib/armv7-m\libg_nano.a(lib_a-gdtoa-hexnan.o)
 .text.__hexnan
                0x0000ac50      0x114 c:/program files (x86)/cypress/psoc creator/3.3/psoc creator/import/gnu/arm/4.9.3/bin/../lib/gcc/arm-none-eabi/4.9.3/../../../../arm-none-eabi/lib/armv7-m\libg_nano.a(lib_a-gdtoa-hexnan.o)
                0x0000ac50                __hexnan
 .text._localeconv_r
                0x0000ad64        0x8 c:/program files (x86)/cypress/psoc creator/3.3/psoc creator/import/gnu/arm/4.9.3/bin/../lib/gcc/arm-none-eabi/4.9.3/../../../../arm-none-eabi/lib/armv7-m\libg_nano.a(lib_a-locale.o)
                0x0000ad64                _localeconv_r
 .text.__smakebuf_r
                0x0000ad6c       0x98 c:/program files (x86)/cypress/psoc creator/3.3/psoc creator/import/gnu/arm/4.9.3/bin/../lib/gcc/arm-none-eabi/4.9.3/../../../../arm-none-eabi/lib/armv7-m\libg_nano.a(lib_a-makebuf.o)
                0x0000ad6c                __smakebuf_r
 .text.malloc   0x0000ae04       0x10 c:/program files (x86)/cypress/psoc creator/3.3/psoc creator/import/gnu/arm/4.9.3/bin/../lib/gcc/arm-none-eabi/4.9.3/../../../../arm-none-eabi/lib/armv7-m\libg_nano.a(lib_a-malloc.o)
                0x0000ae04                malloc
 .text.memchr   0x0000ae14       0x1c c:/program files (x86)/cypress/psoc creator/3.3/psoc creator/import/gnu/arm/4.9.3/bin/../lib/gcc/arm-none-eabi/4.9.3/../../../../arm-none-eabi/lib/armv7-m\libg_nano.a(lib_a-memchr.o)
                0x0000ae14                memchr
 .text.memmove  0x0000ae30       0x36 c:/program files (x86)/cypress/psoc creator/3.3/psoc creator/import/gnu/arm/4.9.3/bin/../lib/gcc/arm-none-eabi/4.9.3/../../../../arm-none-eabi/lib/armv7-m\libg_nano.a(lib_a-memmove.o)
                0x0000ae30                memmove
 .text._Balloc  0x0000ae66       0x6a c:/program files (x86)/cypress/psoc creator/3.3/psoc creator/import/gnu/arm/4.9.3/bin/../lib/gcc/arm-none-eabi/4.9.3/../../../../arm-none-eabi/lib/armv7-m\libg_nano.a(lib_a-mprec.o)
                0x0000ae66                _Balloc
 .text._Bfree   0x0000aed0       0x2e c:/program files (x86)/cypress/psoc creator/3.3/psoc creator/import/gnu/arm/4.9.3/bin/../lib/gcc/arm-none-eabi/4.9.3/../../../../arm-none-eabi/lib/armv7-m\libg_nano.a(lib_a-mprec.o)
                0x0000aed0                _Bfree
 .text.__multadd
                0x0000aefe       0x7c c:/program files (x86)/cypress/psoc creator/3.3/psoc creator/import/gnu/arm/4.9.3/bin/../lib/gcc/arm-none-eabi/4.9.3/../../../../arm-none-eabi/lib/armv7-m\libg_nano.a(lib_a-mprec.o)
                0x0000aefe                __multadd
 .text.__s2b    0x0000af7a       0x80 c:/program files (x86)/cypress/psoc creator/3.3/psoc creator/import/gnu/arm/4.9.3/bin/../lib/gcc/arm-none-eabi/4.9.3/../../../../arm-none-eabi/lib/armv7-m\libg_nano.a(lib_a-mprec.o)
                0x0000af7a                __s2b
 .text.__hi0bits
                0x0000affa       0x40 c:/program files (x86)/cypress/psoc creator/3.3/psoc creator/import/gnu/arm/4.9.3/bin/../lib/gcc/arm-none-eabi/4.9.3/../../../../arm-none-eabi/lib/armv7-m\libg_nano.a(lib_a-mprec.o)
                0x0000affa                __hi0bits
 .text.__lo0bits
                0x0000b03a       0x5a c:/program files (x86)/cypress/psoc creator/3.3/psoc creator/import/gnu/arm/4.9.3/bin/../lib/gcc/arm-none-eabi/4.9.3/../../../../arm-none-eabi/lib/armv7-m\libg_nano.a(lib_a-mprec.o)
                0x0000b03a                __lo0bits
 .text.__i2b    0x0000b094       0x12 c:/program files (x86)/cypress/psoc creator/3.3/psoc creator/import/gnu/arm/4.9.3/bin/../lib/gcc/arm-none-eabi/4.9.3/../../../../arm-none-eabi/lib/armv7-m\libg_nano.a(lib_a-mprec.o)
                0x0000b094                __i2b
 .text.__multiply
                0x0000b0a6      0x120 c:/program files (x86)/cypress/psoc creator/3.3/psoc creator/import/gnu/arm/4.9.3/bin/../lib/gcc/arm-none-eabi/4.9.3/../../../../arm-none-eabi/lib/armv7-m\libg_nano.a(lib_a-mprec.o)
                0x0000b0a6                __multiply
 *fill*         0x0000b1c6        0x2 
 .text.__pow5mult
                0x0000b1c8       0x9c c:/program files (x86)/cypress/psoc creator/3.3/psoc creator/import/gnu/arm/4.9.3/bin/../lib/gcc/arm-none-eabi/4.9.3/../../../../arm-none-eabi/lib/armv7-m\libg_nano.a(lib_a-mprec.o)
                0x0000b1c8                __pow5mult
 .text.__lshift
                0x0000b264       0xa6 c:/program files (x86)/cypress/psoc creator/3.3/psoc creator/import/gnu/arm/4.9.3/bin/../lib/gcc/arm-none-eabi/4.9.3/../../../../arm-none-eabi/lib/armv7-m\libg_nano.a(lib_a-mprec.o)
                0x0000b264                __lshift
 .text.__mcmp   0x0000b30a       0x38 c:/program files (x86)/cypress/psoc creator/3.3/psoc creator/import/gnu/arm/4.9.3/bin/../lib/gcc/arm-none-eabi/4.9.3/../../../../arm-none-eabi/lib/armv7-m\libg_nano.a(lib_a-mprec.o)
                0x0000b30a                __mcmp
 .text.__mdiff  0x0000b342       0xbe c:/program files (x86)/cypress/psoc creator/3.3/psoc creator/import/gnu/arm/4.9.3/bin/../lib/gcc/arm-none-eabi/4.9.3/../../../../arm-none-eabi/lib/armv7-m\libg_nano.a(lib_a-mprec.o)
                0x0000b342                __mdiff
 .text.__ulp    0x0000b400       0x48 c:/program files (x86)/cypress/psoc creator/3.3/psoc creator/import/gnu/arm/4.9.3/bin/../lib/gcc/arm-none-eabi/4.9.3/../../../../arm-none-eabi/lib/armv7-m\libg_nano.a(lib_a-mprec.o)
                0x0000b400                __ulp
 .text.__b2d    0x0000b448       0x9e c:/program files (x86)/cypress/psoc creator/3.3/psoc creator/import/gnu/arm/4.9.3/bin/../lib/gcc/arm-none-eabi/4.9.3/../../../../arm-none-eabi/lib/armv7-m\libg_nano.a(lib_a-mprec.o)
                0x0000b448                __b2d
 .text.__d2b    0x0000b4e6       0xa4 c:/program files (x86)/cypress/psoc creator/3.3/psoc creator/import/gnu/arm/4.9.3/bin/../lib/gcc/arm-none-eabi/4.9.3/../../../../arm-none-eabi/lib/armv7-m\libg_nano.a(lib_a-mprec.o)
                0x0000b4e6                __d2b
 .text.__ratio  0x0000b58a       0x50 c:/program files (x86)/cypress/psoc creator/3.3/psoc creator/import/gnu/arm/4.9.3/bin/../lib/gcc/arm-none-eabi/4.9.3/../../../../arm-none-eabi/lib/armv7-m\libg_nano.a(lib_a-mprec.o)
                0x0000b58a                __ratio
 .text.__copybits
                0x0000b5da       0x34 c:/program files (x86)/cypress/psoc creator/3.3/psoc creator/import/gnu/arm/4.9.3/bin/../lib/gcc/arm-none-eabi/4.9.3/../../../../arm-none-eabi/lib/armv7-m\libg_nano.a(lib_a-mprec.o)
                0x0000b5da                __copybits
 .text.__any_on
                0x0000b60e       0x44 c:/program files (x86)/cypress/psoc creator/3.3/psoc creator/import/gnu/arm/4.9.3/bin/../lib/gcc/arm-none-eabi/4.9.3/../../../../arm-none-eabi/lib/armv7-m\libg_nano.a(lib_a-mprec.o)
                0x0000b60e                __any_on
 .text._calloc_r
                0x0000b652       0x1c c:/program files (x86)/cypress/psoc creator/3.3/psoc creator/import/gnu/arm/4.9.3/bin/../lib/gcc/arm-none-eabi/4.9.3/../../../../arm-none-eabi/lib/armv7-m\libg_nano.a(lib_a-nano-callocr.o)
                0x0000b652                _calloc_r
 *fill*         0x0000b66e        0x2 
 .text._free_r  0x0000b670       0x88 c:/program files (x86)/cypress/psoc creator/3.3/psoc creator/import/gnu/arm/4.9.3/bin/../lib/gcc/arm-none-eabi/4.9.3/../../../../arm-none-eabi/lib/armv7-m\libg_nano.a(lib_a-nano-freer.o)
                0x0000b670                _free_r
 .text._malloc_r
                0x0000b6f8       0xac c:/program files (x86)/cypress/psoc creator/3.3/psoc creator/import/gnu/arm/4.9.3/bin/../lib/gcc/arm-none-eabi/4.9.3/../../../../arm-none-eabi/lib/armv7-m\libg_nano.a(lib_a-nano-mallocr.o)
                0x0000b6f8                _malloc_r
 .text._realloc_r
                0x0000b7a4       0x4c c:/program files (x86)/cypress/psoc creator/3.3/psoc creator/import/gnu/arm/4.9.3/bin/../lib/gcc/arm-none-eabi/4.9.3/../../../../arm-none-eabi/lib/armv7-m\libg_nano.a(lib_a-nano-reallocr.o)
                0x0000b7a4                _realloc_r
 .text.__ssputs_r
                0x0000b7f0       0xb2 c:/program files (x86)/cypress/psoc creator/3.3/psoc creator/import/gnu/arm/4.9.3/bin/../lib/gcc/arm-none-eabi/4.9.3/../../../../arm-none-eabi/lib/armv7-m\libg_nano.a(lib_a-nano-svfprintf.o)
                0x0000b7f0                __ssputs_r
 *fill*         0x0000b8a2        0x2 
 .text._svfprintf_r
                0x0000b8a4      0x1e4 c:/program files (x86)/cypress/psoc creator/3.3/psoc creator/import/gnu/arm/4.9.3/bin/../lib/gcc/arm-none-eabi/4.9.3/../../../../arm-none-eabi/lib/armv7-m\libg_nano.a(lib_a-nano-svfprintf.o)
                0x0000b8a4                _svfiprintf_r
                0x0000b8a4                _svfprintf_r
 .text._sbrk_r  0x0000ba88       0x20 c:/program files (x86)/cypress/psoc creator/3.3/psoc creator/import/gnu/arm/4.9.3/bin/../lib/gcc/arm-none-eabi/4.9.3/../../../../arm-none-eabi/lib/armv7-m\libg_nano.a(lib_a-sbrkr.o)
                0x0000ba88                _sbrk_r
 .text._raise_r
                0x0000baa8       0x50 c:/program files (x86)/cypress/psoc creator/3.3/psoc creator/import/gnu/arm/4.9.3/bin/../lib/gcc/arm-none-eabi/4.9.3/../../../../arm-none-eabi/lib/armv7-m\libg_nano.a(lib_a-signal.o)
                0x0000baa8                _raise_r
 .text.raise    0x0000baf8       0x10 c:/program files (x86)/cypress/psoc creator/3.3/psoc creator/import/gnu/arm/4.9.3/bin/../lib/gcc/arm-none-eabi/4.9.3/../../../../arm-none-eabi/lib/armv7-m\libg_nano.a(lib_a-signal.o)
                0x0000baf8                raise
 .text._kill_r  0x0000bb08       0x24 c:/program files (x86)/cypress/psoc creator/3.3/psoc creator/import/gnu/arm/4.9.3/bin/../lib/gcc/arm-none-eabi/4.9.3/../../../../arm-none-eabi/lib/armv7-m\libg_nano.a(lib_a-signalr.o)
                0x0000bb08                _kill_r
 .text._getpid_r
                0x0000bb2c        0x4 c:/program files (x86)/cypress/psoc creator/3.3/psoc creator/import/gnu/arm/4.9.3/bin/../lib/gcc/arm-none-eabi/4.9.3/../../../../arm-none-eabi/lib/armv7-m\libg_nano.a(lib_a-signalr.o)
                0x0000bb2c                _getpid_r
 .text.__sread  0x0000bb30       0x22 c:/program files (x86)/cypress/psoc creator/3.3/psoc creator/import/gnu/arm/4.9.3/bin/../lib/gcc/arm-none-eabi/4.9.3/../../../../arm-none-eabi/lib/armv7-m\libg_nano.a(lib_a-stdio.o)
                0x0000bb30                __sread
 .text.__swrite
                0x0000bb52       0x38 c:/program files (x86)/cypress/psoc creator/3.3/psoc creator/import/gnu/arm/4.9.3/bin/../lib/gcc/arm-none-eabi/4.9.3/../../../../arm-none-eabi/lib/armv7-m\libg_nano.a(lib_a-stdio.o)
                0x0000bb52                __swrite
 .text.__sseek  0x0000bb8a       0x24 c:/program files (x86)/cypress/psoc creator/3.3/psoc creator/import/gnu/arm/4.9.3/bin/../lib/gcc/arm-none-eabi/4.9.3/../../../../arm-none-eabi/lib/armv7-m\libg_nano.a(lib_a-stdio.o)
                0x0000bb8a                __sseek
 .text.__sclose
                0x0000bbae        0x8 c:/program files (x86)/cypress/psoc creator/3.3/psoc creator/import/gnu/arm/4.9.3/bin/../lib/gcc/arm-none-eabi/4.9.3/../../../../arm-none-eabi/lib/armv7-m\libg_nano.a(lib_a-stdio.o)
                0x0000bbae                __sclose