Archive member included because of file (symbol)

.\CortexM3\ARM_GCC_493\Debug\freesoc.a(cyfitter_cfg.o)
                              .\CortexM3\ARM_GCC_493\Debug\infrared.o (Front_AMuxSeq_DisconnectAll)
.\CortexM3\ARM_GCC_493\Debug\freesoc.a(Left_HB25_Enable_Pin.o)
                              .\CortexM3\ARM_GCC_493\Debug\motor.o (Left_HB25_Enable_Pin_Write)
.\CortexM3\ARM_GCC_493\Debug\freesoc.a(Left_HB25_PWM.o)
                              .\CortexM3\ARM_GCC_493\Debug\motor.o (Left_HB25_PWM_Stop)
.\CortexM3\ARM_GCC_493\Debug\freesoc.a(Right_HB25_Enable_Pin.o)
                              .\CortexM3\ARM_GCC_493\Debug\motor.o (Right_HB25_Enable_Pin_Write)
.\CortexM3\ARM_GCC_493\Debug\freesoc.a(Right_HB25_PWM.o)
                              .\CortexM3\ARM_GCC_493\Debug\motor.o (Right_HB25_PWM_Stop)
.\CortexM3\ARM_GCC_493\Debug\freesoc.a(CyBootAsmGnu.o)
                              .\CortexM3\ARM_GCC_493\Debug\freesoc.a(cyfitter_cfg.o) (CyDelayCycles)
.\CortexM3\ARM_GCC_493\Debug\freesoc.a(CyLib.o)
                              .\CortexM3\ARM_GCC_493\Debug\Cm3Start.o (CyHalt)
.\CortexM3\ARM_GCC_493\Debug\freesoc.a(cyPm.o)
                              .\CortexM3\ARM_GCC_493\Debug\freesoc.a(CyLib.o) (CyPmReadStatus)
.\CortexM3\ARM_GCC_493\Debug\freesoc.a(EZI2C_Slave.o)
                              .\CortexM3\ARM_GCC_493\Debug\i2c.o (EZI2C_Slave_Start)
.\CortexM3\ARM_GCC_493\Debug\freesoc.a(EZI2C_Slave_PM.o)
                              .\CortexM3\ARM_GCC_493\Debug\freesoc.a(EZI2C_Slave.o) (EZI2C_Slave_backup)
.\CortexM3\ARM_GCC_493\Debug\freesoc.a(EZI2C_Slave_INT.o)
                              .\CortexM3\ARM_GCC_493\Debug\freesoc.a(EZI2C_Slave.o) (EZI2C_Slave_ISR)
.\CortexM3\ARM_GCC_493\Debug\freesoc.a(Front_Echo_Intr.o)
                              .\CortexM3\ARM_GCC_493\Debug\ultrasonic.o (Front_Echo_Intr_StartEx)
.\CortexM3\ARM_GCC_493\Debug\freesoc.a(Front_Trigger_Reg.o)
                              .\CortexM3\ARM_GCC_493\Debug\ultrasonic.o (Front_Trigger_Reg_Write)
.\CortexM3\ARM_GCC_493\Debug\freesoc.a(Front_Trigger_Select_Reg.o)
                              .\CortexM3\ARM_GCC_493\Debug\ultrasonic.o (Front_Trigger_Select_Reg_Write)
.\CortexM3\ARM_GCC_493\Debug\freesoc.a(Front_Echo_Timer.o)
                              .\CortexM3\ARM_GCC_493\Debug\ultrasonic.o (Front_Echo_Timer_ReadCounter)
.\CortexM3\ARM_GCC_493\Debug\freesoc.a(Rear_Trigger_Reg.o)
                              .\CortexM3\ARM_GCC_493\Debug\ultrasonic.o (Rear_Trigger_Reg_Write)
.\CortexM3\ARM_GCC_493\Debug\freesoc.a(Rear_Trigger_Select_Reg.o)
                              .\CortexM3\ARM_GCC_493\Debug\ultrasonic.o (Rear_Trigger_Select_Reg_Write)
.\CortexM3\ARM_GCC_493\Debug\freesoc.a(Rear_Echo_Intr.o)
                              .\CortexM3\ARM_GCC_493\Debug\ultrasonic.o (Rear_Echo_Intr_StartEx)
.\CortexM3\ARM_GCC_493\Debug\freesoc.a(Rear_Echo_Timer.o)
                              .\CortexM3\ARM_GCC_493\Debug\ultrasonic.o (Rear_Echo_Timer_ReadCounter)
.\CortexM3\ARM_GCC_493\Debug\freesoc.a(Front_ADC_SAR.o)
                              .\CortexM3\ARM_GCC_493\Debug\infrared.o (Front_ADC_SAR_Start)
.\CortexM3\ARM_GCC_493\Debug\freesoc.a(Front_ADC_SAR_INT.o)
                              .\CortexM3\ARM_GCC_493\Debug\freesoc.a(Front_ADC_SAR.o) (Front_ADC_SAR_ISR)
.\CortexM3\ARM_GCC_493\Debug\freesoc.a(Front_AMuxSeq.o)
                              .\CortexM3\ARM_GCC_493\Debug\infrared.o (Front_AMuxSeq_Start)
.\CortexM3\ARM_GCC_493\Debug\freesoc.a(Rear_ADC_SAR.o)
                              .\CortexM3\ARM_GCC_493\Debug\infrared.o (Rear_ADC_SAR_Start)
.\CortexM3\ARM_GCC_493\Debug\freesoc.a(Rear_ADC_SAR_INT.o)
                              .\CortexM3\ARM_GCC_493\Debug\freesoc.a(Rear_ADC_SAR.o) (Rear_ADC_SAR_ISR)
.\CortexM3\ARM_GCC_493\Debug\freesoc.a(Rear_AMuxSeq.o)
                              .\CortexM3\ARM_GCC_493\Debug\infrared.o (Rear_AMuxSeq_Start)
.\CortexM3\ARM_GCC_493\Debug\freesoc.a(Front_ADC_SAR_IRQ.o)
                              .\CortexM3\ARM_GCC_493\Debug\infrared.o (Front_ADC_SAR_IRQ_StartEx)
.\CortexM3\ARM_GCC_493\Debug\freesoc.a(Front_ADC_SAR_theACLK.o)
                              .\CortexM3\ARM_GCC_493\Debug\freesoc.a(Front_ADC_SAR.o) (Front_ADC_SAR_theACLK_SetModeRegister)
.\CortexM3\ARM_GCC_493\Debug\freesoc.a(Rear_ADC_SAR_IRQ.o)
                              .\CortexM3\ARM_GCC_493\Debug\infrared.o (Rear_ADC_SAR_IRQ_StartEx)
.\CortexM3\ARM_GCC_493\Debug\freesoc.a(Rear_ADC_SAR_theACLK.o)
                              .\CortexM3\ARM_GCC_493\Debug\freesoc.a(Rear_ADC_SAR.o) (Rear_ADC_SAR_theACLK_SetModeRegister)
.\CortexM3\ARM_GCC_493\Debug\freesoc.a(Rear_EOS_Intr.o)
                              .\CortexM3\ARM_GCC_493\Debug\infrared.o (Rear_EOS_Intr_StartEx)
.\CortexM3\ARM_GCC_493\Debug\freesoc.a(Front_EOS_Intr.o)
                              .\CortexM3\ARM_GCC_493\Debug\infrared.o (Front_EOS_Intr_StartEx)
[...]
Memory Configuration

Name             Origin             Length             Attributes
rom              0x00000000         0x00040000         xr
ram              0x1fff8000         0x00010000         xrw
*default*        0x00000000         0xffffffff

Linker script and memory map

LOAD c:/program files (x86)/cypress/psoc creator/3.3/psoc creator/import/gnu/arm/4.9.3/bin/../lib/gcc/arm-none-eabi/4.9.3/armv7-m/crti.o
LOAD c:/program files (x86)/cypress/psoc creator/3.3/psoc creator/import/gnu/arm/4.9.3/bin/../lib/gcc/arm-none-eabi/4.9.3/armv7-m/crtbegin.o
LOAD c:/program files (x86)/cypress/psoc creator/3.3/psoc creator/import/gnu/arm/4.9.3/bin/../lib/gcc/arm-none-eabi/4.9.3/../../../../arm-none-eabi/lib/armv7-m/crt0.o
START GROUP
LOAD .\CortexM3\ARM_GCC_493\Debug\main.o
LOAD .\CortexM3\ARM_GCC_493\Debug\cal.o
LOAD .\CortexM3\ARM_GCC_493\Debug\control.o
LOAD .\CortexM3\ARM_GCC_493\Debug\debug.o
LOAD .\CortexM3\ARM_GCC_493\Debug\diag.o
LOAD .\CortexM3\ARM_GCC_493\Debug\encoder.o
LOAD .\CortexM3\ARM_GCC_493\Debug\i2c.o
LOAD .\CortexM3\ARM_GCC_493\Debug\motor.o
LOAD .\CortexM3\ARM_GCC_493\Debug\odom.o
LOAD .\CortexM3\ARM_GCC_493\Debug\pid.o
LOAD .\CortexM3\ARM_GCC_493\Debug\time.o
LOAD .\CortexM3\ARM_GCC_493\Debug\ultrasonic.o
LOAD .\CortexM3\ARM_GCC_493\Debug\utils.o
LOAD .\CortexM3\ARM_GCC_493\Debug\infrared.o
LOAD .\CortexM3\ARM_GCC_493\Debug\pid_controller.o
LOAD .\CortexM3\ARM_GCC_493\Debug\serial.o
LOAD .\CortexM3\ARM_GCC_493\Debug\nvstore.o
LOAD .\CortexM3\ARM_GCC_493\Debug\calpid.o
LOAD .\CortexM3\ARM_GCC_493\Debug\calang.o
LOAD .\CortexM3\ARM_GCC_493\Debug\callin.o
LOAD .\CortexM3\ARM_GCC_493\Debug\calmotor.o
LOAD .\CortexM3\ARM_GCC_493\Debug\cymetadata.o
LOAD .\CortexM3\ARM_GCC_493\Debug\Cm3Start.o
LOAD .\CortexM3\ARM_GCC_493\Debug\freesoc.a
LOAD C:\Program Files (x86)\Cypress\PSoC Creator\3.3\PSoC Creator\psoc\content\cycomponentlibrary\CyComponentLibrary.cylib\CortexM3\ARM_GCC_493\Debug\CyComponentLibrary.a
LOAD c:/program files (x86)/cypress/psoc creator/3.3/psoc creator/import/gnu/arm/4.9.3/bin/../lib/gcc/arm-none-eabi/4.9.3/../../../../arm-none-eabi/lib/armv7-m\libm.a
END GROUP
START GROUP
LOAD c:/program files (x86)/cypress/psoc creator/3.3/psoc creator/import/gnu/arm/4.9.3/bin/../lib/gcc/arm-none-eabi/4.9.3/armv7-m\libgcc.a
LOAD c:/program files (x86)/cypress/psoc creator/3.3/psoc creator/import/gnu/arm/4.9.3/bin/../lib/gcc/arm-none-eabi/4.9.3/../../../../arm-none-eabi/lib/armv7-m\libg_nano.a
LOAD c:/program files (x86)/cypress/psoc creator/3.3/psoc creator/import/gnu/arm/4.9.3/bin/../lib/gcc/arm-none-eabi/4.9.3/../../../../arm-none-eabi/lib/armv7-m\libc_nano.a
END GROUP
START GROUP
LOAD c:/program files (x86)/cypress/psoc creator/3.3/psoc creator/import/gnu/arm/4.9.3/bin/../lib/gcc/arm-none-eabi/4.9.3/armv7-m\libgcc.a
LOAD c:/program files (x86)/cypress/psoc creator/3.3/psoc creator/import/gnu/arm/4.9.3/bin/../lib/gcc/arm-none-eabi/4.9.3/../../../../arm-none-eabi/lib/armv7-m\libc_nano.a
END GROUP
LOAD c:/program files (x86)/cypress/psoc creator/3.3/psoc creator/import/gnu/arm/4.9.3/bin/../lib/gcc/arm-none-eabi/4.9.3/armv7-m/crtend.o
LOAD c:/program files (x86)/cypress/psoc creator/3.3/psoc creator/import/gnu/arm/4.9.3/bin/../lib/gcc/arm-none-eabi/4.9.3/armv7-m/crtn.o
START GROUP
LOAD c:/program files (x86)/cypress/psoc creator/3.3/psoc creator/import/gnu/arm/4.9.3/bin/../lib/gcc/arm-none-eabi/4.9.3/armv7-m\libgcc.a
LOAD c:/program files (x86)/cypress/psoc creator/3.3/psoc creator/import/gnu/arm/4.9.3/bin/../lib/gcc/arm-none-eabi/4.9.3/../../../../arm-none-eabi/lib/armv7-m\libc.a
LOAD c:/program files (x86)/cypress/psoc creator/3.3/psoc creator/import/gnu/arm/4.9.3/bin/../lib/gcc/arm-none-eabi/4.9.3/../../../../arm-none-eabi/lib/armv7-m\libnosys.a
END GROUP
                0x00000000                CY_APPL_ORIGIN = 0x0
                0x00000100                CY_FLASH_ROW_SIZE = 0x100
                0x00000020                CY_ECC_ROW_SIZE = 0x20
                0x00000000                CY_EE_IN_BTLDR = 0x0
                0x00000000                CY_APPL_LOADABLE = 0x0
                0x00000800                CY_EE_SIZE = 0x800
                0x00000001                CY_APPL_NUM = 0x1
                0x00000001                CY_APPL_MAX = 0x1
                0x00000040                CY_METADATA_SIZE = 0x40
                0x00000000                CY_APPL_LOADABLE = 0x0
                0x00000000                CY_CHECKSUM_EXCLUDE_SIZE = ALIGN (0x0, CY_FLASH_ROW_SIZE)
                0x1fff8ad0                PROVIDE (__cy_heap_start, _end)
                0x00000001                PROVIDE (__cy_region_num, ((__cy_regions_end - __cy_regions) / 0x10))
                0x20008000                PROVIDE (__cy_stack, (ORIGIN (ram) + 0x10000))
                0x20007800                PROVIDE (__cy_heap_end, (__cy_stack - 0x800))

.cybootloader   0x00000000        0x0
 *(.cybootloader)
                0x00000000                appl1_start = CY_APPL_ORIGIN?CY_APPL_ORIGIN:ALIGN (CY_FLASH_ROW_SIZE)
                0x0001ff00                appl2_start = (appl1_start + ALIGN ((((0x40000 - appl1_start) - (0x2 * CY_FLASH_ROW_SIZE)) / 0x2), CY_FLASH_ROW_SIZE))
                0x00000000                appl_start = (CY_APPL_NUM == 0x1)?appl1_start:appl2_start
                0x00000000                ecc_offset = ((appl_start / CY_FLASH_ROW_SIZE) * CY_ECC_ROW_SIZE)
                0x00000000                ee_offset = (CY_APPL_LOADABLE && ! (CY_EE_IN_BTLDR))?((CY_EE_SIZE / CY_APPL_MAX) * (CY_APPL_NUM - 0x1)):0x0
                0x00000800                ee_size = (CY_APPL_LOADABLE && ! (CY_EE_IN_BTLDR))?(CY_EE_SIZE / CY_APPL_MAX):CY_EE_SIZE
                0x00000000                PROVIDE (CY_ECC_OFFSET, ecc_offset)

.text           0x00000000     0xcb9c
 CREATE_OBJECT_SYMBOLS
                0x00000000                PROVIDE (__cy_interrupt_vector, RomVectors)
 *(.romvectors)
 .romvectors    0x00000000       0x10 .\CortexM3\ARM_GCC_493\Debug\Cm3Start.o
                0x00000000                RomVectors
                0x00000001                ASSERT ((. != __cy_interrupt_vector), No interrupt vector)
                0x00000001                ASSERT (CY_APPL_ORIGIN?(SIZEOF (.cybootloader) <= CY_APPL_ORIGIN):0x1, Wrong image location)
                0x00000010                PROVIDE (__cy_reset, Reset)
 *(.text.Reset)
 .text.Reset    0x00000010       0x18 .\CortexM3\ARM_GCC_493\Debug\Cm3Start.o
                0x00000010                Reset
                0x00000001                ASSERT ((. != __cy_reset), No reset code)
 *(.dma_init)
                0x00000001                ASSERT ((((appl_start + .) <= 0x10000) || 0x1), DMA Init must be within the first 64k of flash)
 *(.text .text.* .gnu.linkonce.t.*)
 .text          0x00000028       0x5c c:/program files (x86)/cypress/psoc creator/3.3/psoc creator/import/gnu/arm/4.9.3/bin/../lib/gcc/arm-none-eabi/4.9.3/armv7-m/crtbegin.o
 .text.main     0x00000084      0x11c .\CortexM3\ARM_GCC_493\Debug\main.o
                0x00000084                main
 .text.GetCommand
                0x000001a0       0xcc .\CortexM3\ARM_GCC_493\Debug\cal.o
 .text.DisplayMenu
                0x0000026c       0xb0 .\CortexM3\ARM_GCC_493\Debug\cal.o
 .text.SetCalibrationStatusBit
                0x0000031c       0x24 .\CortexM3\ARM_GCC_493\Debug\cal.o
 .text.ClearCalibrationStatusBit
                0x00000340       0x2c .\CortexM3\ARM_GCC_493\Debug\cal.o
 .text.Cal_Init
                0x0000036c       0x10 .\CortexM3\ARM_GCC_493\Debug\cal.o
                0x0000036c                Cal_Init
 .text.Cal_Start
                0x0000037c       0x14 .\CortexM3\ARM_GCC_493\Debug\cal.o
                0x0000037c                Cal_Start
 .text.Cal_ReadResponse
                0x00000390       0x48 .\CortexM3\ARM_GCC_493\Debug\cal.o
                0x00000390                Cal_ReadResponse
 .text.Cal_DisplayBias
                0x000003d8       0x2c .\CortexM3\ARM_GCC_493\Debug\cal.o
                0x000003d8                Cal_DisplayBias
 .text.Cal_CheckRequest
                0x00000404      0x108 .\CortexM3\ARM_GCC_493\Debug\cal.o
                0x00000404                Cal_CheckRequest
 .text.Cal_LeftGetMotorCalData
                0x0000050c       0x18 .\CortexM3\ARM_GCC_493\Debug\cal.o
                0x0000050c                Cal_LeftGetMotorCalData
 .text.Cal_RightGetMotorCalData
                0x00000524       0x18 .\CortexM3\ARM_GCC_493\Debug\cal.o
                0x00000524                Cal_RightGetMotorCalData
 .text.CalculateLeftRightSpeed
                0x0000053c       0x24 .\CortexM3\ARM_GCC_493\Debug\control.o
 .text.Control_Init
                0x00000560        0x4 .\CortexM3\ARM_GCC_493\Debug\control.o
                0x00000560                Control_Init
 .text.Control_Start
                0x00000564        0x4 .\CortexM3\ARM_GCC_493\Debug\control.o
                0x00000564                Control_Start
 .text.Control_Update
                0x00000568       0x2c .\CortexM3\ARM_GCC_493\Debug\control.o
                0x00000568                Control_Update
 .text.Control_LeftGetCmdVelocity
                0x00000594        0xc .\CortexM3\ARM_GCC_493\Debug\control.o
                0x00000594                Control_LeftGetCmdVelocity
 .text.Control_RightGetCmdVelocity
                0x000005a0        0xc .\CortexM3\ARM_GCC_493\Debug\control.o
                0x000005a0                Control_RightGetCmdVelocity
 .text.Debug_Init
                0x000005ac       0x24 .\CortexM3\ARM_GCC_493\Debug\debug.o
                0x000005ac                Debug_Init
 .text.Debug_Start
                0x000005d0        0x4 .\CortexM3\ARM_GCC_493\Debug\debug.o
                0x000005d0                Debug_Start
 .text.Diag_Init
                0x000005d4       0x18 .\CortexM3\ARM_GCC_493\Debug\diag.o
                0x000005d4                Diag_Init
 .text.Diag_Start
                0x000005ec        0x4 .\CortexM3\ARM_GCC_493\Debug\diag.o
                0x000005ec                Diag_Start
 .text.Diag_Update
                0x000005f0       0x38 .\CortexM3\ARM_GCC_493\Debug\diag.o
                0x000005f0                Diag_Update
 .text.Encoder_Sample
                0x00000628       0x70 .\CortexM3\ARM_GCC_493\Debug\encoder.o
 .text.DumpEncoder
                0x00000698       0x6c .\CortexM3\ARM_GCC_493\Debug\encoder.o
 .text.Encoder_Init
                0x00000704       0x48 .\CortexM3\ARM_GCC_493\Debug\encoder.o
                0x00000704                Encoder_Init
 .text.Encoder_Start
                0x0000074c       0x20 .\CortexM3\ARM_GCC_493\Debug\encoder.o
                0x0000074c                Encoder_Start
 .text.Encoder_Update
                0x0000076c       0x84 .\CortexM3\ARM_GCC_493\Debug\encoder.o
                0x0000076c                Encoder_Update
 .text.Encoder_LeftGetCntsPerSec
                0x000007f0        0xc .\CortexM3\ARM_GCC_493\Debug\encoder.o
                0x000007f0                Encoder_LeftGetCntsPerSec
 .text.Encoder_RightGetCntsPerSec
                0x000007fc        0xc .\CortexM3\ARM_GCC_493\Debug\encoder.o
                0x000007fc                Encoder_RightGetCntsPerSec
 .text.Encoder_LeftGetMeterPerSec
                0x00000808        0xc .\CortexM3\ARM_GCC_493\Debug\encoder.o
                0x00000808                Encoder_LeftGetMeterPerSec
 .text.Encoder_RightGetMeterPerSec
                0x00000814        0xc .\CortexM3\ARM_GCC_493\Debug\encoder.o
                0x00000814                Encoder_RightGetMeterPerSec
 .text.Encoder_Reset
                0x00000820       0x64 .\CortexM3\ARM_GCC_493\Debug\encoder.o
                0x00000820                Encoder_Reset
 .text.I2c_Init
                0x00000884       0x24 .\CortexM3\ARM_GCC_493\Debug\i2c.o
                0x00000884                I2c_Init
 .text.I2c_Start
                0x000008a8       0x24 .\CortexM3\ARM_GCC_493\Debug\i2c.o
                0x000008a8                I2c_Start
 .text.I2c_ReadDeviceControl
                0x000008cc       0x2c .\CortexM3\ARM_GCC_493\Debug\i2c.o
                0x000008cc                I2c_ReadDeviceControl
 .text.I2c_ReadDebugControl
                0x000008f8       0x94 .\CortexM3\ARM_GCC_493\Debug\i2c.o
                0x000008f8                I2c_ReadDebugControl
 *fill*         0x0000098c        0x4 
 .text.I2c_ReadCmdVelocity
                0x00000990      0x130 .\CortexM3\ARM_GCC_493\Debug\i2c.o
                0x00000990                I2c_ReadCmdVelocity
 .text.I2c_SetCalibrationStatusBit
                0x00000ac0       0x38 .\CortexM3\ARM_GCC_493\Debug\i2c.o
                0x00000ac0                I2c_SetCalibrationStatusBit
 .text.I2c_ClearCalibrationStatusBit
                0x00000af8       0x3c .\CortexM3\ARM_GCC_493\Debug\i2c.o
                0x00000af8                I2c_ClearCalibrationStatusBit
 .text.I2c_WriteOdom
                0x00000b34       0x94 .\CortexM3\ARM_GCC_493\Debug\i2c.o
                0x00000b34                I2c_WriteOdom
 .text.I2c_UpdateHeartbeat
                0x00000bc8       0x2c .\CortexM3\ARM_GCC_493\Debug\i2c.o
                0x00000bc8                I2c_UpdateHeartbeat
 .text.Interpolate
                0x00000bf4       0x3c .\CortexM3\ARM_GCC_493\Debug\motor.o
 .text.calculate_pwm
                0x00000c30       0x74 .\CortexM3\ARM_GCC_493\Debug\motor.o
 .text.DumpMotor
                0x00000ca4       0x48 .\CortexM3\ARM_GCC_493\Debug\motor.o
 .text.calc_motor_output_from_cps
                0x00000cec       0xac .\CortexM3\ARM_GCC_493\Debug\motor.o
 .text.RampSpeed
                0x00000d98       0x44 .\CortexM3\ARM_GCC_493\Debug\motor.o
 .text.CollectCpsPwmSamples
                0x00000ddc       0x58 .\CortexM3\ARM_GCC_493\Debug\motor.o
 .text.Motor_Init
                0x00000e34       0x18 .\CortexM3\ARM_GCC_493\Debug\motor.o
                0x00000e34                Motor_Init
 .text.Motor_Start
                0x00000e4c       0x48 .\CortexM3\ARM_GCC_493\Debug\motor.o
                0x00000e4c                Motor_Start
 .text.Motor_LeftSetCntsPerSec
                0x00000e94       0x18 .\CortexM3\ARM_GCC_493\Debug\motor.o
                0x00000e94                Motor_LeftSetCntsPerSec
 .text.Motor_RightSetCntsPerSec
                0x00000eac       0x18 .\CortexM3\ARM_GCC_493\Debug\motor.o
                0x00000eac                Motor_RightSetCntsPerSec
 *fill*         0x00000ec4        0x4 
 .text.Motor_LeftSetMeterPerSec
                0x00000ec8       0x28 .\CortexM3\ARM_GCC_493\Debug\motor.o
                0x00000ec8                Motor_LeftSetMeterPerSec
 .text.Motor_RightSetMeterPerSec
                0x00000ef0       0x28 .\CortexM3\ARM_GCC_493\Debug\motor.o
                0x00000ef0                Motor_RightSetMeterPerSec
 .text.Motor_LeftGetPwm
                0x00000f18        0xc .\CortexM3\ARM_GCC_493\Debug\motor.o
                0x00000f18                Motor_LeftGetPwm
 .text.Motor_RightGetPwm
                0x00000f24        0xc .\CortexM3\ARM_GCC_493\Debug\motor.o
                0x00000f24                Motor_RightGetPwm
 .text.Motor_Stop
                0x00000f30       0x20 .\CortexM3\ARM_GCC_493\Debug\motor.o
                0x00000f30                Motor_Stop
 .text.Motor_CollectPwmCpsSamples
                0x00000f50       0xb4 .\CortexM3\ARM_GCC_493\Debug\motor.o
                0x00000f50                Motor_CollectPwmCpsSamples
 .text.Motor_LeftSetCalibration
                0x00001004        0xc .\CortexM3\ARM_GCC_493\Debug\motor.o
                0x00001004                Motor_LeftSetCalibration
 .text.Motor_RightSetCalibration
                0x00001010        0xc .\CortexM3\ARM_GCC_493\Debug\motor.o
                0x00001010                Motor_RightSetCalibration
 .text.Odom_Init
                0x0000101c       0x14 .\CortexM3\ARM_GCC_493\Debug\odom.o
                0x0000101c                Odom_Init
 .text.Odom_Start
                0x00001030        0x4 .\CortexM3\ARM_GCC_493\Debug\odom.o
                0x00001030                Odom_Start
 *fill*         0x00001034        0x4 
 .text.calc_odom
                0x00001038      0x298 .\CortexM3\ARM_GCC_493\Debug\odom.o
                0x00001038                calc_odom
 .text.Odom_Update
                0x000012d0       0x5c .\CortexM3\ARM_GCC_493\Debug\odom.o
                0x000012d0                Odom_Update
 .text.Odom_Reset
                0x0000132c       0x28 .\CortexM3\ARM_GCC_493\Debug\odom.o
                0x0000132c                Odom_Reset
 .text.Odom_GetPosition
                0x00001354       0x10 .\CortexM3\ARM_GCC_493\Debug\odom.o
                0x00001354                Odom_GetPosition
 .text.Odom_GetHeading
                0x00001364        0xc .\CortexM3\ARM_GCC_493\Debug\odom.o
                0x00001364                Odom_GetHeading
 .text.ProcessPid
                0x00001370       0xb0 .\CortexM3\ARM_GCC_493\Debug\pid.o
 .text.DumpPid  0x00001420       0x98 .\CortexM3\ARM_GCC_493\Debug\pid.o
 .text.Pid_Init
                0x000014b8       0x68 .\CortexM3\ARM_GCC_493\Debug\pid.o
                0x000014b8                Pid_Init
 .text.Pid_Start
                0x00001520       0x3c .\CortexM3\ARM_GCC_493\Debug\pid.o
                0x00001520                Pid_Start
 .text.Pid_Update
                0x0000155c       0x7c .\CortexM3\ARM_GCC_493\Debug\pid.o
                0x0000155c                Pid_Update
 .text.Pid_SetLeftRightTarget
                0x000015d8       0x10 .\CortexM3\ARM_GCC_493\Debug\pid.o
                0x000015d8                Pid_SetLeftRightTarget
 .text.Pid_LeftSetGains
                0x000015e8       0x18 .\CortexM3\ARM_GCC_493\Debug\pid.o
                0x000015e8                Pid_LeftSetGains
 .text.Pid_RightSetGains
                0x00001600       0x18 .\CortexM3\ARM_GCC_493\Debug\pid.o
                0x00001600                Pid_RightSetGains
 .text.SysTickIsrHandler
                0x00001618       0x10 .\CortexM3\ARM_GCC_493\Debug\time.o
 .text.Time_Init
                0x00001628        0xc .\CortexM3\ARM_GCC_493\Debug\time.o
                0x00001628                Time_Init
 .text.Time_Start
                0x00001634       0x2c .\CortexM3\ARM_GCC_493\Debug\time.o
                0x00001634                Time_Start
 .text.millis   0x00001660        0xc .\CortexM3\ARM_GCC_493\Debug\time.o
                0x00001660                millis
 .text.Ultrasonic_Init
                0x0000166c        0x4 .\CortexM3\ARM_GCC_493\Debug\ultrasonic.o
                0x0000166c                Ultrasonic_Init
 .text.insert_zeros
                0x00001670       0x30 .\CortexM3\ARM_GCC_493\Debug\utils.o
 .text.MovingAverageFloat
                0x000016a0       0x2c .\CortexM3\ARM_GCC_493\Debug\utils.o
                0x000016a0                MovingAverageFloat
 .text.Uint16ToTwoBytes
                0x000016cc        0x8 .\CortexM3\ARM_GCC_493\Debug\utils.o
                0x000016cc                Uint16ToTwoBytes
 .text.FloatToFourBytes
                0x000016d4       0x20 .\CortexM3\ARM_GCC_493\Debug\utils.o
                0x000016d4                FloatToFourBytes
 .text.ftoa     0x000016f4       0xa4 .\CortexM3\ARM_GCC_493\Debug\utils.o
                0x000016f4                ftoa
 .text.BinaryRangeSearch
                0x00001798       0x50 .\CortexM3\ARM_GCC_493\Debug\utils.o
                0x00001798                BinaryRangeSearch
 .text.ConvertLinearAngularToDifferential
                0x000017e8       0x70 .\CortexM3\ARM_GCC_493\Debug\utils.o
                0x000017e8                ConvertLinearAngularToDifferential
 .text.initializeQueue
                0x00001858       0x10 .\CortexM3\ARM_GCC_493\Debug\infrared.o
                0x00001858                initializeQueue
 .text.Infrared_Init
                0x00001868       0x30 .\CortexM3\ARM_GCC_493\Debug\infrared.o
                0x00001868                Infrared_Init
 .text.PIDCompute
                0x00001898       0xa4 .\CortexM3\ARM_GCC_493\Debug\pid_controller.o
                0x00001898                PIDCompute
 .text.PIDOutputLimitsSet
                0x0000193c       0x5c .\CortexM3\ARM_GCC_493\Debug\pid_controller.o
                0x0000193c                PIDOutputLimitsSet
 .text.PIDTuningsSet
                0x00001998       0x6c .\CortexM3\ARM_GCC_493\Debug\pid_controller.o
                0x00001998                PIDTuningsSet
 .text.PIDInit  0x00001a04       0x54 .\CortexM3\ARM_GCC_493\Debug\pid_controller.o
                0x00001a04                PIDInit
 .text.PIDSetpointSet
                0x00001a58        0x4 .\CortexM3\ARM_GCC_493\Debug\pid_controller.o
                0x00001a58                PIDSetpointSet
 .text.PIDInputSet
                0x00001a5c        0x4 .\CortexM3\ARM_GCC_493\Debug\pid_controller.o
                0x00001a5c                PIDInputSet
 .text.Ser_Init
                0x00001a60        0x4 .\CortexM3\ARM_GCC_493\Debug\serial.o
                0x00001a60                Ser_Init
 .text.Ser_Start
                0x00001a64       0x2c .\CortexM3\ARM_GCC_493\Debug\serial.o
                0x00001a64                Ser_Start
 .text.Ser_Update
                0x00001a90       0x14 .\CortexM3\ARM_GCC_493\Debug\serial.o
                0x00001a90                Ser_Update
 .text.Ser_PutString
                0x00001aa4       0x20 .\CortexM3\ARM_GCC_493\Debug\serial.o
                0x00001aa4                Ser_PutString
 .text.Ser_ReadByte
                0x00001ac4       0x1c .\CortexM3\ARM_GCC_493\Debug\serial.o
                0x00001ac4                Ser_ReadByte
 .text.Ser_WriteByte
                0x00001ae0       0x1c .\CortexM3\ARM_GCC_493\Debug\serial.o
                0x00001ae0                Ser_WriteByte
 .text.Nvstore_Init
                0x00001afc        0x4 .\CortexM3\ARM_GCC_493\Debug\nvstore.o
                0x00001afc                Nvstore_Init
 .text.Nvstore_Start
                0x00001b00        0x8 .\CortexM3\ARM_GCC_493\Debug\nvstore.o
                0x00001b00                Nvstore_Start
 .text.Nvstore_WriteBytes
                0x00001b08       0xc8 .\CortexM3\ARM_GCC_493\Debug\nvstore.o
                0x00001b08                Nvstore_WriteBytes
 .text.Nvstore_WriteUint16
                0x00001bd0       0x28 .\CortexM3\ARM_GCC_493\Debug\nvstore.o
                0x00001bd0                Nvstore_WriteUint16
 .text.Nvstore_WriteFloat
                0x00001bf8       0x2c .\CortexM3\ARM_GCC_493\Debug\nvstore.o
                0x00001bf8                Nvstore_WriteFloat
 .text.LeftTarget
                0x00001c24        0xc .\CortexM3\ARM_GCC_493\Debug\calpid.o
 .text.RightTarget
                0x00001c30        0xc .\CortexM3\ARM_GCC_493\Debug\calpid.o
 *fill*         0x00001c3c        0x4 
 .text.Twiddle  0x00001c40      0x168 .\CortexM3\ARM_GCC_493\Debug\calpid.o
 .text.DoManual
                0x00001da8       0x10 .\CortexM3\ARM_GCC_493\Debug\calpid.o
 .text.DoLeftManual
                0x00001db8       0x3c .\CortexM3\ARM_GCC_493\Debug\calpid.o
 .text.OutputGains
                0x00001df4       0x48 .\CortexM3\ARM_GCC_493\Debug\calpid.o
 .text.StepImpulse
                0x00001e3c       0x78 .\CortexM3\ARM_GCC_493\Debug\calpid.o
 .text.LeftStepInput
                0x00001eb4       0x34 .\CortexM3\ARM_GCC_493\Debug\calpid.o
 .text.StoreLeftGains
                0x00001ee8       0x3c .\CortexM3\ARM_GCC_493\Debug\calpid.o
 .text.DoLeftTwiddle
                0x00001f24       0x28 .\CortexM3\ARM_GCC_493\Debug\calpid.o
 .text.StoreRightGains
                0x00001f4c       0x3c .\CortexM3\ARM_GCC_493\Debug\calpid.o
 .text.DoRightTwiddle
                0x00001f88       0x28 .\CortexM3\ARM_GCC_493\Debug\calpid.o
 .text.RightStepInput
                0x00001fb0       0x34 .\CortexM3\ARM_GCC_493\Debug\calpid.o
 .text.CalibratePidManual
                0x00001fe4       0x48 .\CortexM3\ARM_GCC_493\Debug\calpid.o
                0x00001fe4                CalibratePidManual
 .text.CalibratePidAuto
                0x0000202c       0x48 .\CortexM3\ARM_GCC_493\Debug\calpid.o
                0x0000202c                CalibratePidAuto
 .text.ValidatePid
                0x00002074       0xc4 .\CortexM3\ARM_GCC_493\Debug\calpid.o
                0x00002074                ValidatePid
 .text.DoAngularBiasMotion
                0x00002138      0x100 .\CortexM3\ARM_GCC_493\Debug\calang.o
                0x00002138                DoAngularBiasMotion
 .text.CalibrateAngularBias
                0x00002238       0x6c .\CortexM3\ARM_GCC_493\Debug\calang.o
                0x00002238                CalibrateAngularBias
 .text.ValidateAngularBias
                0x000022a4       0x1c .\CortexM3\ARM_GCC_493\Debug\calang.o
                0x000022a4                ValidateAngularBias
 .text.DoLinearBiasMotion
                0x000022c0       0xe0 .\CortexM3\ARM_GCC_493\Debug\callin.o
                0x000022c0                DoLinearBiasMotion
 .text.CalibrateLinearBias
                0x000023a0       0x6c .\CortexM3\ARM_GCC_493\Debug\callin.o
                0x000023a0                CalibrateLinearBias
 .text.ValidateLinearBias
                0x0000240c       0x1c .\CortexM3\ARM_GCC_493\Debug\callin.o
                0x0000240c                ValidateLinearBias
 .text.Init     0x00002428       0x28 .\CortexM3\ARM_GCC_493\Debug\calmotor.o
 .text.CalculatePwmSamples
                0x00002450       0x64 .\CortexM3\ARM_GCC_493\Debug\calmotor.o
 .text.AddSamplesToSum
                0x000024b4       0x24 .\CortexM3\ARM_GCC_493\Debug\calmotor.o
 .text.CalculateAvgCpsSamples
                0x000024d8       0x20 .\CortexM3\ARM_GCC_493\Debug\calmotor.o
 .text.CalculateMinMaxCpsSample
                0x000024f8       0x38 .\CortexM3\ARM_GCC_493\Debug\calmotor.o
 .text.CalibrateWheelSpeed
                0x00002530       0x5c .\CortexM3\ARM_GCC_493\Debug\calmotor.o
 .text.StoreWheelSpeedSamples
                0x0000258c       0x5c .\CortexM3\ARM_GCC_493\Debug\calmotor.o
 .text.OutputSamples
                0x000025e8       0x64 .\CortexM3\ARM_GCC_493\Debug\calmotor.o
 .text.OutputVelocities
                0x0000264c       0x40 .\CortexM3\ARM_GCC_493\Debug\calmotor.o
 .text.DoVelocityValidation
                0x0000268c       0x68 .\CortexM3\ARM_GCC_493\Debug\calmotor.o
 .text.CalibrateMotorVelocity
                0x000026f4      0x134 .\CortexM3\ARM_GCC_493\Debug\calmotor.o
                0x000026f4                CalibrateMotorVelocity
 .text.ValidateMotorVelocity
                0x00002828       0xd0 .\CortexM3\ARM_GCC_493\Debug\calmotor.o
                0x00002828                ValidateMotorVelocity
 .text.IntDefaultHandler
                0x000028f8        0x4 .\CortexM3\ARM_GCC_493\Debug\Cm3Start.o
                0x000028f8                IntDefaultHandler
 .text._exit    0x000028fc        0xc .\CortexM3\ARM_GCC_493\Debug\Cm3Start.o
                0x000028fc                _exit
 .text._sbrk    0x00002908       0x30 .\CortexM3\ARM_GCC_493\Debug\Cm3Start.o
                0x00002908                _sbrk
 .text.Start_c  0x00002938       0x4c .\CortexM3\ARM_GCC_493\Debug\Cm3Start.o
                0x00002938                Start_c
 .text.initialize_psoc
                0x00002984       0x74 .\CortexM3\ARM_GCC_493\Debug\Cm3Start.o
                0x00002984                initialize_psoc
 .text.cfg_write_bytes32
                0x000029f8       0x34 .\CortexM3\ARM_GCC_493\Debug\freesoc.a(cyfitter_cfg.o)
 .text.CYMEMZERO
                0x00002a2c        0xc .\CortexM3\ARM_GCC_493\Debug\freesoc.a(cyfitter_cfg.o)
 .text.ClockSetup
                0x00002a38       0xe4 .\CortexM3\ARM_GCC_493\Debug\freesoc.a(cyfitter_cfg.o)
 .text.AnalogSetDefault
                0x00002b1c       0x80 .\CortexM3\ARM_GCC_493\Debug\freesoc.a(cyfitter_cfg.o)
 .text.CYCONFIGCPY
                0x00002b9c        0x8 .\CortexM3\ARM_GCC_493\Debug\freesoc.a(cyfitter_cfg.o)
 .text.Front_AMuxSeq_DisconnectAll
                0x00002ba4       0x18 .\CortexM3\ARM_GCC_493\Debug\freesoc.a(cyfitter_cfg.o)
                0x00002ba4                Front_AMuxSeq_DisconnectAll
 .text.Rear_AMuxSeq_DisconnectAll
                0x00002bbc       0x18 .\CortexM3\ARM_GCC_493\Debug\freesoc.a(cyfitter_cfg.o)
                0x00002bbc                Rear_AMuxSeq_DisconnectAll
 .text.cyfitter_cfg
                0x00002bd4      0x188 .\CortexM3\ARM_GCC_493\Debug\freesoc.a(cyfitter_cfg.o)
                0x00002bd4                cyfitter_cfg
 .text.Left_HB25_Enable_Pin_Write
                0x00002d5c       0x18 .\CortexM3\ARM_GCC_493\Debug\freesoc.a(Left_HB25_Enable_Pin.o)
                0x00002d5c                Left_HB25_Enable_Pin_Write
 .text.Left_HB25_PWM_Stop
                0x00002d74        0x4 .\CortexM3\ARM_GCC_493\Debug\freesoc.a(Left_HB25_PWM.o)
                0x00002d74                Left_HB25_PWM_Stop
 .text.Left_HB25_PWM_WriteCounter
                0x00002d78        0xc .\CortexM3\ARM_GCC_493\Debug\freesoc.a(Left_HB25_PWM.o)
                0x00002d78                Left_HB25_PWM_WriteCounter
 .text.Left_HB25_PWM_WritePeriod
                0x00002d84        0xc .\CortexM3\ARM_GCC_493\Debug\freesoc.a(Left_HB25_PWM.o)
                0x00002d84                Left_HB25_PWM_WritePeriod
 .text.Left_HB25_PWM_WriteCompare
                0x00002d90        0xc .\CortexM3\ARM_GCC_493\Debug\freesoc.a(Left_HB25_PWM.o)
                0x00002d90                Left_HB25_PWM_WriteCompare
 .text.Left_HB25_PWM_Init
                0x00002d9c       0x34 .\CortexM3\ARM_GCC_493\Debug\freesoc.a(Left_HB25_PWM.o)
                0x00002d9c                Left_HB25_PWM_Init
 .text.Left_HB25_PWM_Start
                0x00002dd0       0x18 .\CortexM3\ARM_GCC_493\Debug\freesoc.a(Left_HB25_PWM.o)
                0x00002dd0                Left_HB25_PWM_Start
 .text.Right_HB25_Enable_Pin_Write
                0x00002de8       0x18 .\CortexM3\ARM_GCC_493\Debug\freesoc.a(Right_HB25_Enable_Pin.o)
                0x00002de8                Right_HB25_Enable_Pin_Write
 .text.Right_HB25_PWM_Stop
                0x00002e00        0x4 .\CortexM3\ARM_GCC_493\Debug\freesoc.a(Right_HB25_PWM.o)
                0x00002e00                Right_HB25_PWM_Stop
 .text.Right_HB25_PWM_WriteCounter
                0x00002e04        0xc .\CortexM3\ARM_GCC_493\Debug\freesoc.a(Right_HB25_PWM.o)
                0x00002e04                Right_HB25_PWM_WriteCounter
 .text.Right_HB25_PWM_WritePeriod
                0x00002e10        0xc .\CortexM3\ARM_GCC_493\Debug\freesoc.a(Right_HB25_PWM.o)
                0x00002e10                Right_HB25_PWM_WritePeriod
 .text.Right_HB25_PWM_WriteCompare
                0x00002e1c        0xc .\CortexM3\ARM_GCC_493\Debug\freesoc.a(Right_HB25_PWM.o)
                0x00002e1c                Right_HB25_PWM_WriteCompare
 .text.Right_HB25_PWM_Init
                0x00002e28       0x34 .\CortexM3\ARM_GCC_493\Debug\freesoc.a(Right_HB25_PWM.o)
                0x00002e28                Right_HB25_PWM_Init
 .text.Right_HB25_PWM_Start
                0x00002e5c       0x18 .\CortexM3\ARM_GCC_493\Debug\freesoc.a(Right_HB25_PWM.o)
                0x00002e5c                Right_HB25_PWM_Start
 *fill*         0x00002e74        0x4 
 .text          0x00002e78       0x20 .\CortexM3\ARM_GCC_493\Debug\freesoc.a(CyBootAsmGnu.o)
                0x00002e78                CyDelayCycles
                0x00002e88                CyEnterCriticalSection
                0x00002e90                CyExitCriticalSection
 .text.CyHalt   0x00002e98        0x4 .\CortexM3\ARM_GCC_493\Debug\freesoc.a(CyLib.o)
                0x00002e98                CyHalt
 .text.CyDelay  0x00002e9c       0x2c .\CortexM3\ARM_GCC_493\Debug\freesoc.a(CyLib.o)
                0x00002e9c                CyDelay
 .text.CyDelayUs
                0x00002ec8       0x14 .\CortexM3\ARM_GCC_493\Debug\freesoc.a(CyLib.o)
                0x00002ec8                CyDelayUs
 .text.CyIntSetSysVector
                0x00002edc       0x28 .\CortexM3\ARM_GCC_493\Debug\freesoc.a(CyLib.o)
                0x00002edc                CyIntSetSysVector
 .text.CyIntSetVector
                0x00002f04       0x28 .\CortexM3\ARM_GCC_493\Debug\freesoc.a(CyLib.o)
                0x00002f04                CyIntSetVector
 .text.CyIntSetPriority
                0x00002f2c       0x30 .\CortexM3\ARM_GCC_493\Debug\freesoc.a(CyLib.o)
                0x00002f2c                CyIntSetPriority
 .text.CySysTickEnableInterrupt
                0x00002f5c       0x10 .\CortexM3\ARM_GCC_493\Debug\freesoc.a(CyLib.o)
                0x00002f5c                CySysTickEnableInterrupt
 .text.CySysTickEnable
                0x00002f6c       0x18 .\CortexM3\ARM_GCC_493\Debug\freesoc.a(CyLib.o)
                0x00002f6c                CySysTickEnable
 .text.CySysTickSetReload
                0x00002f84       0x10 .\CortexM3\ARM_GCC_493\Debug\freesoc.a(CyLib.o)
                0x00002f84                CySysTickSetReload
 .text.CySysTickSetClockSource
                0x00002f94       0x20 .\CortexM3\ARM_GCC_493\Debug\freesoc.a(CyLib.o)
                0x00002f94                CySysTickSetClockSource
 .text.CySysTickGetCountFlag
                0x00002fb4       0x10 .\CortexM3\ARM_GCC_493\Debug\freesoc.a(CyLib.o)
                0x00002fb4                CySysTickGetCountFlag
 .text.CySysTickServiceCallbacks
                0x00002fc4       0x28 .\CortexM3\ARM_GCC_493\Debug\freesoc.a(CyLib.o)
 .text.CySysTickClear
                0x00002fec        0xc .\CortexM3\ARM_GCC_493\Debug\freesoc.a(CyLib.o)
                0x00002fec                CySysTickClear
 .text.CySysTickInit
                0x00002ff8       0x58 .\CortexM3\ARM_GCC_493\Debug\freesoc.a(CyLib.o)
                0x00002ff8                CySysTickInit
 .text.CySysTickStart
                0x00003050       0x1c .\CortexM3\ARM_GCC_493\Debug\freesoc.a(CyLib.o)
                0x00003050                CySysTickStart
 .text.CySysTickSetCallback
                0x0000306c       0x10 .\CortexM3\ARM_GCC_493\Debug\freesoc.a(CyLib.o)
                0x0000306c                CySysTickSetCallback
 .text.CySysTickGetCallback
                0x0000307c       0x10 .\CortexM3\ARM_GCC_493\Debug\freesoc.a(CyLib.o)
                0x0000307c                CySysTickGetCallback
 .text.CyGetUniqueId
                0x0000308c       0x70 .\CortexM3\ARM_GCC_493\Debug\freesoc.a(CyLib.o)
                0x0000308c                CyGetUniqueId
 .text.EZI2C_Slave_Init
                0x000030fc       0x70 .\CortexM3\ARM_GCC_493\Debug\freesoc.a(EZI2C_Slave.o)
                0x000030fc                EZI2C_Slave_Init
 .text.EZI2C_Slave_Enable
                0x0000316c       0x30 .\CortexM3\ARM_GCC_493\Debug\freesoc.a(EZI2C_Slave.o)
                0x0000316c                EZI2C_Slave_Enable
 .text.EZI2C_Slave_Start
                0x0000319c       0x1c .\CortexM3\ARM_GCC_493\Debug\freesoc.a(EZI2C_Slave.o)
                0x0000319c                EZI2C_Slave_Start
 .text.EZI2C_Slave_GetActivity
                0x000031b8       0x28 .\CortexM3\ARM_GCC_493\Debug\freesoc.a(EZI2C_Slave.o)
                0x000031b8                EZI2C_Slave_GetActivity
 .text.EZI2C_Slave_SetBuffer1
                0x000031e0       0x50 .\CortexM3\ARM_GCC_493\Debug\freesoc.a(EZI2C_Slave.o)
                0x000031e0                EZI2C_Slave_SetBuffer1
 .text.EZI2C_Slave_ISR
                0x00003230      0x1c4 .\CortexM3\ARM_GCC_493\Debug\freesoc.a(EZI2C_Slave_INT.o)
                0x00003230                EZI2C_Slave_ISR
 .text.Mainloop_Pin_Write
                0x000033f4       0x18 .\CortexM3\ARM_GCC_493\Debug\freesoc.a(Mainloop_Pin.o)
                0x000033f4                Mainloop_Pin_Write
 .text.EEPROM_Enable
                0x0000340c        0xc .\CortexM3\ARM_GCC_493\Debug\freesoc.a(EEPROM.o)
                0x0000340c                EEPROM_Enable
 .text.EEPROM_Start
                0x00003418        0x8 .\CortexM3\ARM_GCC_493\Debug\freesoc.a(EEPROM.o)
                0x00003418                EEPROM_Start
 .text.EEPROM_WriteByte
                0x00003420       0xd4 .\CortexM3\ARM_GCC_493\Debug\freesoc.a(EEPROM.o)
                0x00003420                EEPROM_WriteByte
 .text.EEPROM_Write
                0x000034f4       0xb4 .\CortexM3\ARM_GCC_493\Debug\freesoc.a(EEPROM.o)
                0x000034f4                EEPROM_Write
 .text.Right_QuadDec_Init
                0x000035a8       0x24 .\CortexM3\ARM_GCC_493\Debug\freesoc.a(Right_QuadDec.o)
                0x000035a8                Right_QuadDec_Init
 .text.Right_QuadDec_GetCounter
                0x000035cc       0x2c .\CortexM3\ARM_GCC_493\Debug\freesoc.a(Right_QuadDec.o)
                0x000035cc                Right_QuadDec_GetCounter
 .text.Right_QuadDec_SetCounter
                0x000035f8       0x28 .\CortexM3\ARM_GCC_493\Debug\freesoc.a(Right_QuadDec.o)
                0x000035f8                Right_QuadDec_SetCounter
 .text.Right_QuadDec_GetEvents
                0x00003620       0x10 .\CortexM3\ARM_GCC_493\Debug\freesoc.a(Right_QuadDec.o)
                0x00003620                Right_QuadDec_GetEvents
 .text.Right_QuadDec_SetInterruptMask
                0x00003630       0x10 .\CortexM3\ARM_GCC_493\Debug\freesoc.a(Right_QuadDec.o)
                0x00003630                Right_QuadDec_SetInterruptMask
 .text.Right_QuadDec_Enable
                0x00003640       0x30 .\CortexM3\ARM_GCC_493\Debug\freesoc.a(Right_QuadDec.o)
                0x00003640                Right_QuadDec_Enable
 .text.Right_QuadDec_Start
                0x00003670       0x34 .\CortexM3\ARM_GCC_493\Debug\freesoc.a(Right_QuadDec.o)
                0x00003670                Right_QuadDec_Start
 .text.Right_QuadDec_ISR
                0x000036a4       0x40 .\CortexM3\ARM_GCC_493\Debug\freesoc.a(Right_QuadDec_INT.o)
                0x000036a4                Right_QuadDec_ISR
 .text.Right_QuadDec_Cnt16_Enable
                0x000036e4       0x10 .\CortexM3\ARM_GCC_493\Debug\freesoc.a(Right_QuadDec_Cnt16.o)
                0x000036e4                Right_QuadDec_Cnt16_Enable
 .text.Right_QuadDec_Cnt16_SetInterruptMode
                0x000036f4        0xc .\CortexM3\ARM_GCC_493\Debug\freesoc.a(Right_QuadDec_Cnt16.o)
                0x000036f4                Right_QuadDec_Cnt16_SetInterruptMode
 .text.Right_QuadDec_Cnt16_ReadStatusRegister
                0x00003700        0xc .\CortexM3\ARM_GCC_493\Debug\freesoc.a(Right_QuadDec_Cnt16.o)
                0x00003700                Right_QuadDec_Cnt16_ReadStatusRegister
 .text.Right_QuadDec_Cnt16_WriteCounter
                0x0000370c        0xc .\CortexM3\ARM_GCC_493\Debug\freesoc.a(Right_QuadDec_Cnt16.o)
                0x0000370c                Right_QuadDec_Cnt16_WriteCounter
 .text.Right_QuadDec_Cnt16_ReadCounter
                0x00003718       0x14 .\CortexM3\ARM_GCC_493\Debug\freesoc.a(Right_QuadDec_Cnt16.o)
                0x00003718                Right_QuadDec_Cnt16_ReadCounter
 .text.Right_QuadDec_Cnt16_ReadCapture
                0x0000372c        0xc .\CortexM3\ARM_GCC_493\Debug\freesoc.a(Right_QuadDec_Cnt16.o)
                0x0000372c                Right_QuadDec_Cnt16_ReadCapture
 .text.Right_QuadDec_Cnt16_WritePeriod
                0x00003738        0xc .\CortexM3\ARM_GCC_493\Debug\freesoc.a(Right_QuadDec_Cnt16.o)
                0x00003738                Right_QuadDec_Cnt16_WritePeriod
 .text.Right_QuadDec_Cnt16_WriteCompare
                0x00003744        0xc .\CortexM3\ARM_GCC_493\Debug\freesoc.a(Right_QuadDec_Cnt16.o)
                0x00003744                Right_QuadDec_Cnt16_WriteCompare
 .text.Right_QuadDec_Cnt16_ClearFIFO
                0x00003750       0x14 .\CortexM3\ARM_GCC_493\Debug\freesoc.a(Right_QuadDec_Cnt16.o)
                0x00003750                Right_QuadDec_Cnt16_ClearFIFO
 .text.Right_QuadDec_Cnt16_Init
                0x00003764       0x58 .\CortexM3\ARM_GCC_493\Debug\freesoc.a(Right_QuadDec_Cnt16.o)
                0x00003764                Right_QuadDec_Cnt16_Init
 .text.Right_QuadDec_Cnt16_Start
                0x000037bc       0x1c .\CortexM3\ARM_GCC_493\Debug\freesoc.a(Right_QuadDec_Cnt16.o)
                0x000037bc                Right_QuadDec_Cnt16_Start
 .text.Left_QuadDec_Init
                0x000037d8       0x24 .\CortexM3\ARM_GCC_493\Debug\freesoc.a(Left_QuadDec.o)
                0x000037d8                Left_QuadDec_Init
 .text.Left_QuadDec_GetCounter
                0x000037fc       0x2c .\CortexM3\ARM_GCC_493\Debug\freesoc.a(Left_QuadDec.o)
                0x000037fc                Left_QuadDec_GetCounter
 .text.Left_QuadDec_SetCounter
                0x00003828       0x28 .\CortexM3\ARM_GCC_493\Debug\freesoc.a(Left_QuadDec.o)
                0x00003828                Left_QuadDec_SetCounter
 .text.Left_QuadDec_GetEvents
                0x00003850       0x10 .\CortexM3\ARM_GCC_493\Debug\freesoc.a(Left_QuadDec.o)
                0x00003850                Left_QuadDec_GetEvents
 .text.Left_QuadDec_SetInterruptMask
                0x00003860       0x10 .\CortexM3\ARM_GCC_493\Debug\freesoc.a(Left_QuadDec.o)
                0x00003860                Left_QuadDec_SetInterruptMask
 .text.Left_QuadDec_Enable
                0x00003870       0x30 .\CortexM3\ARM_GCC_493\Debug\freesoc.a(Left_QuadDec.o)
                0x00003870                Left_QuadDec_Enable
 .text.Left_QuadDec_Start
                0x000038a0       0x34 .\CortexM3\ARM_GCC_493\Debug\freesoc.a(Left_QuadDec.o)
                0x000038a0                Left_QuadDec_Start
 .text.Left_QuadDec_ISR
                0x000038d4       0x40 .\CortexM3\ARM_GCC_493\Debug\freesoc.a(Left_QuadDec_INT.o)
                0x000038d4                Left_QuadDec_ISR
 .text.Left_QuadDec_Cnt16_Enable
                0x00003914       0x10 .\CortexM3\ARM_GCC_493\Debug\freesoc.a(Left_QuadDec_Cnt16.o)
                0x00003914                Left_QuadDec_Cnt16_Enable
 .text.Left_QuadDec_Cnt16_SetInterruptMode
                0x00003924        0xc .\CortexM3\ARM_GCC_493\Debug\freesoc.a(Left_QuadDec_Cnt16.o)
                0x00003924                Left_QuadDec_Cnt16_SetInterruptMode
 .text.Left_QuadDec_Cnt16_ReadStatusRegister
                0x00003930        0xc .\CortexM3\ARM_GCC_493\Debug\freesoc.a(Left_QuadDec_Cnt16.o)
                0x00003930                Left_QuadDec_Cnt16_ReadStatusRegister
 .text.Left_QuadDec_Cnt16_WriteCounter
                0x0000393c        0xc .\CortexM3\ARM_GCC_493\Debug\freesoc.a(Left_QuadDec_Cnt16.o)
                0x0000393c                Left_QuadDec_Cnt16_WriteCounter
 .text.Left_QuadDec_Cnt16_ReadCounter
                0x00003948       0x14 .\CortexM3\ARM_GCC_493\Debug\freesoc.a(Left_QuadDec_Cnt16.o)
                0x00003948                Left_QuadDec_Cnt16_ReadCounter
 .text.Left_QuadDec_Cnt16_ReadCapture
                0x0000395c        0xc .\CortexM3\ARM_GCC_493\Debug\freesoc.a(Left_QuadDec_Cnt16.o)
                0x0000395c                Left_QuadDec_Cnt16_ReadCapture
 .text.Left_QuadDec_Cnt16_WritePeriod
                0x00003968        0xc .\CortexM3\ARM_GCC_493\Debug\freesoc.a(Left_QuadDec_Cnt16.o)
                0x00003968                Left_QuadDec_Cnt16_WritePeriod
 .text.Left_QuadDec_Cnt16_WriteCompare
                0x00003974        0xc .\CortexM3\ARM_GCC_493\Debug\freesoc.a(Left_QuadDec_Cnt16.o)
                0x00003974                Left_QuadDec_Cnt16_WriteCompare
 .text.Left_QuadDec_Cnt16_ClearFIFO
                0x00003980       0x14 .\CortexM3\ARM_GCC_493\Debug\freesoc.a(Left_QuadDec_Cnt16.o)
                0x00003980                Left_QuadDec_Cnt16_ClearFIFO
 .text.Left_QuadDec_Cnt16_Init
                0x00003994       0x58 .\CortexM3\ARM_GCC_493\Debug\freesoc.a(Left_QuadDec_Cnt16.o)
                0x00003994                Left_QuadDec_Cnt16_Init
 .text.Left_QuadDec_Cnt16_Start
                0x000039ec       0x1c .\CortexM3\ARM_GCC_493\Debug\freesoc.a(Left_QuadDec_Cnt16.o)
                0x000039ec                Left_QuadDec_Cnt16_Start
 .text.USBUART_Init
                0x00003a08      0x140 .\CortexM3\ARM_GCC_493\Debug\freesoc.a(USBUART.o)
                0x00003a08                USBUART_Init
 .text.USBUART_InitComponent
                0x00003b48       0xd4 .\CortexM3\ARM_GCC_493\Debug\freesoc.a(USBUART.o)
                0x00003b48                USBUART_InitComponent
 .text.USBUART_Start
                0x00003c1c       0x24 .\CortexM3\ARM_GCC_493\Debug\freesoc.a(USBUART.o)
                0x00003c1c                USBUART_Start
 .text.USBUART_ReInitComponent
                0x00003c40       0x64 .\CortexM3\ARM_GCC_493\Debug\freesoc.a(USBUART.o)
                0x00003c40                USBUART_ReInitComponent
 .text.USBUART_GetConfiguration
                0x00003ca4        0xc .\CortexM3\ARM_GCC_493\Debug\freesoc.a(USBUART.o)
                0x00003ca4                USBUART_GetConfiguration
 .text.USBUART_IsConfigurationChanged
                0x00003cb0       0x20 .\CortexM3\ARM_GCC_493\Debug\freesoc.a(USBUART.o)
                0x00003cb0                USBUART_IsConfigurationChanged
 .text.USBUART_GetEPState
                0x00003cd0       0x14 .\CortexM3\ARM_GCC_493\Debug\freesoc.a(USBUART.o)
                0x00003cd0                USBUART_GetEPState
 .text.USBUART_GetEPCount
                0x00003ce4       0x28 .\CortexM3\ARM_GCC_493\Debug\freesoc.a(USBUART.o)
                0x00003ce4                USBUART_GetEPCount
 .text.USBUART_LoadInEP
                0x00003d0c       0x94 .\CortexM3\ARM_GCC_493\Debug\freesoc.a(USBUART.o)
                0x00003d0c                USBUART_LoadInEP
 .text.USBUART_EnableOutEP
                0x00003da0       0x2c .\CortexM3\ARM_GCC_493\Debug\freesoc.a(USBUART.o)
                0x00003da0                USBUART_EnableOutEP
 .text.USBUART_ReadOutEP
                0x00003dcc       0x50 .\CortexM3\ARM_GCC_493\Debug\freesoc.a(USBUART.o)
                0x00003dcc                USBUART_ReadOutEP
 .text.USBUART_StrLen
                0x00003e1c       0x14 .\CortexM3\ARM_GCC_493\Debug\freesoc.a(USBUART_cdc.o)
 .text.USBUART_GetInterfaceComPort
                0x00003e30       0x3c .\CortexM3\ARM_GCC_493\Debug\freesoc.a(USBUART_cdc.o)
                0x00003e30                USBUART_GetInterfaceComPort
 .text.USBUART_DispatchCDCClassRqst
                0x00003e6c       0x98 .\CortexM3\ARM_GCC_493\Debug\freesoc.a(USBUART_cdc.o)
                0x00003e6c                USBUART_DispatchCDCClassRqst
 .text.USBUART_CDC_Init
                0x00003f04       0x98 .\CortexM3\ARM_GCC_493\Debug\freesoc.a(USBUART_cdc.o)
                0x00003f04                USBUART_CDC_Init
 .text.USBUART_PutString
                0x00003f9c       0x9c .\CortexM3\ARM_GCC_493\Debug\freesoc.a(USBUART_cdc.o)
                0x00003f9c                USBUART_PutString
 .text.USBUART_PutChar
                0x00004038       0x28 .\CortexM3\ARM_GCC_493\Debug\freesoc.a(USBUART_cdc.o)
                0x00004038                USBUART_PutChar
 .text.USBUART_DataIsReady
                0x00004060       0x18 .\CortexM3\ARM_GCC_493\Debug\freesoc.a(USBUART_cdc.o)
                0x00004060                USBUART_DataIsReady
 .text.USBUART_CDCIsReady
                0x00004078       0x18 .\CortexM3\ARM_GCC_493\Debug\freesoc.a(USBUART_cdc.o)
                0x00004078                USBUART_CDCIsReady
 .text.USBUART_GetChar
                0x00004090       0x28 .\CortexM3\ARM_GCC_493\Debug\freesoc.a(USBUART_cdc.o)
                0x00004090                USBUART_GetChar
 .text.USBUART_Cdc_EpInit
                0x000040b8       0x50 .\CortexM3\ARM_GCC_493\Debug\freesoc.a(USBUART_cdc.o)
                0x000040b8                USBUART_Cdc_EpInit
 .text.USBUART_LoadEP0
                0x00004108       0x94 .\CortexM3\ARM_GCC_493\Debug\freesoc.a(USBUART_drv.o)
                0x00004108                USBUART_LoadEP0
 .text.USBUART_InitZeroLengthControlTransfer
                0x0000419c       0x34 .\CortexM3\ARM_GCC_493\Debug\freesoc.a(USBUART_drv.o)
                0x0000419c                USBUART_InitZeroLengthControlTransfer
 .text.USBUART_ControlReadDataStage
                0x000041d0        0x8 .\CortexM3\ARM_GCC_493\Debug\freesoc.a(USBUART_drv.o)
                0x000041d0                USBUART_ControlReadDataStage
 .text.USBUART_ControlWriteDataStage
                0x000041d8       0x80 .\CortexM3\ARM_GCC_493\Debug\freesoc.a(USBUART_drv.o)
                0x000041d8                USBUART_ControlWriteDataStage
 .text.USBUART_InitNoDataControlTransfer
                0x00004258       0x2c .\CortexM3\ARM_GCC_493\Debug\freesoc.a(USBUART_drv.o)
                0x00004258                USBUART_InitNoDataControlTransfer
 .text.USBUART_UpdateStatusBlock
                0x00004284       0x24 .\CortexM3\ARM_GCC_493\Debug\freesoc.a(USBUART_drv.o)
                0x00004284                USBUART_UpdateStatusBlock
 .text.USBUART_HandleSetup
                0x000042a8       0x5c .\CortexM3\ARM_GCC_493\Debug\freesoc.a(USBUART_drv.o)
                0x000042a8                USBUART_HandleSetup
 .text.USBUART_ControlReadStatusStage
                0x00004304       0x34 .\CortexM3\ARM_GCC_493\Debug\freesoc.a(USBUART_drv.o)
                0x00004304                USBUART_ControlReadStatusStage
 .text.USBUART_HandleOUT
                0x00004338       0x38 .\CortexM3\ARM_GCC_493\Debug\freesoc.a(USBUART_drv.o)
                0x00004338                USBUART_HandleOUT
 .text.USBUART_ControlWriteStatusStage
                0x00004370       0x20 .\CortexM3\ARM_GCC_493\Debug\freesoc.a(USBUART_drv.o)
                0x00004370                USBUART_ControlWriteStatusStage
 .text.USBUART_NoDataControlStatusStage
                0x00004390       0x40 .\CortexM3\ARM_GCC_493\Debug\freesoc.a(USBUART_drv.o)
                0x00004390                USBUART_NoDataControlStatusStage
 .text.USBUART_HandleIN
                0x000043d0       0x2c .\CortexM3\ARM_GCC_493\Debug\freesoc.a(USBUART_drv.o)
                0x000043d0                USBUART_HandleIN
 .text.USBUART_EP_0_ISR
                0x000043fc       0xb8 .\CortexM3\ARM_GCC_493\Debug\freesoc.a(USBUART_drv.o)
                0x000043fc                USBUART_EP_0_ISR
 .text.USBUART_InitializeStatusBlock
                0x000044b4       0x24 .\CortexM3\ARM_GCC_493\Debug\freesoc.a(USBUART_drv.o)
                0x000044b4                USBUART_InitializeStatusBlock
 .text.USBUART_InitControlRead
                0x000044d8       0x50 .\CortexM3\ARM_GCC_493\Debug\freesoc.a(USBUART_drv.o)
                0x000044d8                USBUART_InitControlRead
 .text.USBUART_InitControlWrite
                0x00004528       0x48 .\CortexM3\ARM_GCC_493\Debug\freesoc.a(USBUART_drv.o)
                0x00004528                USBUART_InitControlWrite
 .text.USBUART_EP_1_ISR
                0x00004570       0x38 .\CortexM3\ARM_GCC_493\Debug\freesoc.a(USBUART_episr.o)
                0x00004570                USBUART_EP_1_ISR
 .text.USBUART_EP_2_ISR
                0x000045a8       0x3c .\CortexM3\ARM_GCC_493\Debug\freesoc.a(USBUART_episr.o)
                0x000045a8                USBUART_EP_2_ISR
 .text.USBUART_EP_3_ISR
                0x000045e4       0x44 .\CortexM3\ARM_GCC_493\Debug\freesoc.a(USBUART_episr.o)
                0x000045e4                USBUART_EP_3_ISR
 .text.USBUART_SOF_ISR
                0x00004628        0x4 .\CortexM3\ARM_GCC_493\Debug\freesoc.a(USBUART_episr.o)
                0x00004628                USBUART_SOF_ISR
 .text.USBUART_BUS_RESET_ISR
                0x0000462c        0x8 .\CortexM3\ARM_GCC_493\Debug\freesoc.a(USBUART_episr.o)
                0x0000462c                USBUART_BUS_RESET_ISR
 .text.USBUART_FindHidClassDecriptor
                0x00004634       0x40 .\CortexM3\ARM_GCC_493\Debug\freesoc.a(USBUART_hid.o)
                0x00004634                USBUART_FindHidClassDecriptor
 .text.USBUART_FindReportDescriptor
                0x00004674       0x48 .\CortexM3\ARM_GCC_493\Debug\freesoc.a(USBUART_hid.o)
                0x00004674                USBUART_FindReportDescriptor
 .text.USBUART_FindReport
                0x000046bc       0x7c .\CortexM3\ARM_GCC_493\Debug\freesoc.a(USBUART_hid.o)
                0x000046bc                USBUART_FindReport
 .text.USBUART_DispatchHIDClassRqst
                0x00004738      0x184 .\CortexM3\ARM_GCC_493\Debug\freesoc.a(USBUART_hid.o)
                0x00004738                USBUART_DispatchHIDClassRqst
 .text.USBUART_DP_ISR
                0x000048bc        0x8 .\CortexM3\ARM_GCC_493\Debug\freesoc.a(USBUART_pm.o)
                0x000048bc                USBUART_DP_ISR
 .text.USBUART_ReadDieID
                0x000048c4       0x6c .\CortexM3\ARM_GCC_493\Debug\freesoc.a(USBUART_std.o)
                0x000048c4                USBUART_ReadDieID
 .text.USBUART_ConfigReg
                0x00004930       0xa4 .\CortexM3\ARM_GCC_493\Debug\freesoc.a(USBUART_std.o)
                0x00004930                USBUART_ConfigReg
 .text.USBUART_GetConfigTablePtr
                0x000049d4       0x28 .\CortexM3\ARM_GCC_493\Debug\freesoc.a(USBUART_std.o)
                0x000049d4                USBUART_GetConfigTablePtr
 .text.USBUART_ConfigAltChanged
                0x000049fc      0x11c .\CortexM3\ARM_GCC_493\Debug\freesoc.a(USBUART_std.o)
                0x000049fc                USBUART_ConfigAltChanged
 .text.USBUART_GetDeviceTablePtr
                0x00004b18       0x18 .\CortexM3\ARM_GCC_493\Debug\freesoc.a(USBUART_std.o)
                0x00004b18                USBUART_GetDeviceTablePtr
 .text.USBUART_GetInterfaceClassTablePtr
                0x00004b30       0x24 .\CortexM3\ARM_GCC_493\Debug\freesoc.a(USBUART_std.o)
                0x00004b30                USBUART_GetInterfaceClassTablePtr
 .text.USBUART_Config
                0x00004b54      0x1dc .\CortexM3\ARM_GCC_493\Debug\freesoc.a(USBUART_std.o)
                0x00004b54                USBUART_Config
 .text.USBUART_SetEndpointHalt
                0x00004d30       0x64 .\CortexM3\ARM_GCC_493\Debug\freesoc.a(USBUART_std.o)
                0x00004d30                USBUART_SetEndpointHalt
 .text.USBUART_ClearEndpointHalt
                0x00004d94       0xa8 .\CortexM3\ARM_GCC_493\Debug\freesoc.a(USBUART_std.o)
                0x00004d94                USBUART_ClearEndpointHalt
 .text.USBUART_ValidateAlternateSetting
                0x00004e3c       0x4c .\CortexM3\ARM_GCC_493\Debug\freesoc.a(USBUART_std.o)
                0x00004e3c                USBUART_ValidateAlternateSetting
 .text.USBUART_HandleStandardRqst
                0x00004e88      0x35c .\CortexM3\ARM_GCC_493\Debug\freesoc.a(USBUART_std.o)
                0x00004e88                USBUART_HandleStandardRqst
 .text.USBUART_HandleVendorRqst
                0x000051e4       0x3c .\CortexM3\ARM_GCC_493\Debug\freesoc.a(USBUART_vnd.o)
                0x000051e4                USBUART_HandleVendorRqst
 .text.USBUART_Dp_ClearInterrupt
                0x00005220       0x10 .\CortexM3\ARM_GCC_493\Debug\freesoc.a(USBUART_Dp.o)
                0x00005220                USBUART_Dp_ClearInterrupt
 .text.CyFlashGetSpcAlgorithm
                0x00005230       0x4c .\CortexM3\ARM_GCC_493\Debug\freesoc.a(CyFlash.o)
 .text.CySetTempInt
                0x0000527c       0x60 .\CortexM3\ARM_GCC_493\Debug\freesoc.a(CyFlash.o)
 .text.CySetTemp
                0x000052dc       0x14 .\CortexM3\ARM_GCC_493\Debug\freesoc.a(CyFlash.o)
                0x000052dc                CySetTemp
 .text.CyEEPROM_Start
                0x000052f0       0x54 .\CortexM3\ARM_GCC_493\Debug\freesoc.a(CyFlash.o)
                0x000052f0                CyEEPROM_Start
 .text.CySpcStart
                0x00005344       0x24 .\CortexM3\ARM_GCC_493\Debug\freesoc.a(CySpc.o)
                0x00005344                CySpcStart
 .text.CySpcReadData
                0x00005368       0x34 .\CortexM3\ARM_GCC_493\Debug\freesoc.a(CySpc.o)
                0x00005368                CySpcReadData
 .text.CySpcLoadMultiByte
                0x0000539c       0x78 .\CortexM3\ARM_GCC_493\Debug\freesoc.a(CySpc.o)
                0x0000539c                CySpcLoadMultiByte
 .text.CySpcLoadRow
                0x00005414       0x54 .\CortexM3\ARM_GCC_493\Debug\freesoc.a(CySpc.o)
                0x00005414                CySpcLoadRow
 .text.CySpcWriteRow
                0x00005468       0x4c .\CortexM3\ARM_GCC_493\Debug\freesoc.a(CySpc.o)
                0x00005468                CySpcWriteRow
 .text.CySpcGetTemp
                0x000054b4       0x3c .\CortexM3\ARM_GCC_493\Debug\freesoc.a(CySpc.o)
                0x000054b4                CySpcGetTemp
 .text.CySpcLock
                0x000054f0       0x4c .\CortexM3\ARM_GCC_493\Debug\freesoc.a(CySpc.o)
                0x000054f0                CySpcLock
 .text.CySpcUnlock
                0x0000553c       0x38 .\CortexM3\ARM_GCC_493\Debug\freesoc.a(CySpc.o)
                0x0000553c                CySpcUnlock
 .text.CySpcGetAlgorithm
                0x00005574       0x28 .\CortexM3\ARM_GCC_493\Debug\freesoc.a(CySpc.o)
                0x00005574                CySpcGetAlgorithm
 .text.USBUART_DispatchClassRqst
                0x0000559c       0x60 .\CortexM3\ARM_GCC_493\Debug\freesoc.a(USBUART_cls.o)
                0x0000559c                USBUART_DispatchClassRqst
 .text.cos      0x000055fc       0x90 c:/program files (x86)/cypress/psoc creator/3.3/psoc creator/import/gnu/arm/4.9.3/bin/../lib/gcc/arm-none-eabi/4.9.3/../../../../arm-none-eabi/lib/armv7-m\libm.a(lib_a-s_cos.o)
                0x000055fc                cos
 .text.sin      0x0000568c       0x94 c:/program files (x86)/cypress/psoc creator/3.3/psoc creator/import/gnu/arm/4.9.3/bin/../lib/gcc/arm-none-eabi/4.9.3/../../../../arm-none-eabi/lib/armv7-m\libm.a(lib_a-s_sin.o)
                0x0000568c                sin
 .text.pow      0x00005720      0x2f0 c:/program files (x86)/cypress/psoc creator/3.3/psoc creator/import/gnu/arm/4.9.3/bin/../lib/gcc/arm-none-eabi/4.9.3/../../../../arm-none-eabi/lib/armv7-m\libm.a(lib_a-w_pow.o)
                0x00005720                pow
 .text.sqrt     0x00005a10       0xac c:/program files (x86)/cypress/psoc creator/3.3/psoc creator/import/gnu/arm/4.9.3/bin/../lib/gcc/arm-none-eabi/4.9.3/../../../../arm-none-eabi/lib/armv7-m\libm.a(lib_a-w_sqrt.o)
                0x00005a10                sqrt
 *fill*         0x00005abc        0x4 
 .text.__ieee754_pow
                0x00005ac0      0xaa0 c:/program files (x86)/cypress/psoc creator/3.3/psoc creator/import/gnu/arm/4.9.3/bin/../lib/gcc/arm-none-eabi/4.9.3/../../../../arm-none-eabi/lib/armv7-m\libm.a(lib_a-e_pow.o)
                0x00005ac0                __ieee754_pow
 .text.__ieee754_rem_pio2
                0x00006560      0x428 c:/program files (x86)/cypress/psoc creator/3.3/psoc creator/import/gnu/arm/4.9.3/bin/../lib/gcc/arm-none-eabi/4.9.3/../../../../arm-none-eabi/lib/armv7-m\libm.a(lib_a-e_rem_pio2.o)
                0x00006560                __ieee754_rem_pio2
 .text.__ieee754_sqrt
                0x00006988      0x18c c:/program files (x86)/cypress/psoc creator/3.3/psoc creator/import/gnu/arm/4.9.3/bin/../lib/gcc/arm-none-eabi/4.9.3/../../../../arm-none-eabi/lib/armv7-m\libm.a(lib_a-e_sqrt.o)
                0x00006988                __ieee754_sqrt
 *fill*         0x00006b14        0x4 
 .text.__kernel_cos
                0x00006b18      0x248 c:/program files (x86)/cypress/psoc creator/3.3/psoc creator/import/gnu/arm/4.9.3/bin/../lib/gcc/arm-none-eabi/4.9.3/../../../../arm-none-eabi/lib/armv7-m\libm.a(lib_a-k_cos.o)
                0x00006b18                __kernel_cos
 .text.__kernel_rem_pio2
                0x00006d60      0x808 c:/program files (x86)/cypress/psoc creator/3.3/psoc creator/import/gnu/arm/4.9.3/bin/../lib/gcc/arm-none-eabi/4.9.3/../../../../arm-none-eabi/lib/armv7-m\libm.a(lib_a-k_rem_pio2.o)
                0x00006d60                __kernel_rem_pio2
 .text.__kernel_sin
                0x00007568      0x170 c:/program files (x86)/cypress/psoc creator/3.3/psoc creator/import/gnu/arm/4.9.3/bin/../lib/gcc/arm-none-eabi/4.9.3/../../../../arm-none-eabi/lib/armv7-m\libm.a(lib_a-k_sin.o)
                0x00007568                __kernel_sin
 .text.fabs     0x000076d8        0x8 c:/program files (x86)/cypress/psoc creator/3.3/psoc creator/import/gnu/arm/4.9.3/bin/../lib/gcc/arm-none-eabi/4.9.3/../../../../arm-none-eabi/lib/armv7-m\libm.a(lib_a-s_fabs.o)
                0x000076d8                fabs
 .text.finite   0x000076e0        0xc c:/program files (x86)/cypress/psoc creator/3.3/psoc creator/import/gnu/arm/4.9.3/bin/../lib/gcc/arm-none-eabi/4.9.3/../../../../arm-none-eabi/lib/armv7-m\libm.a(lib_a-s_finite.o)
                0x000076e0                finite
 *fill*         0x000076ec        0x4 
 .text.floor    0x000076f0      0x118 c:/program files (x86)/cypress/psoc creator/3.3/psoc creator/import/gnu/arm/4.9.3/bin/../lib/gcc/arm-none-eabi/4.9.3/../../../../arm-none-eabi/lib/armv7-m\libm.a(lib_a-s_floor.o)
                0x000076f0                floor
 .text.__fpclassifyd
                0x00007808       0x58 c:/program files (x86)/cypress/psoc creator/3.3/psoc creator/import/gnu/arm/4.9.3/bin/../lib/gcc/arm-none-eabi/4.9.3/../../../../arm-none-eabi/lib/armv7-m\libm.a(lib_a-s_fpclassify.o)
                0x00007808                __fpclassifyd
 .text.matherr  0x00007860        0x4 c:/program files (x86)/cypress/psoc creator/3.3/psoc creator/import/gnu/arm/4.9.3/bin/../lib/gcc/arm-none-eabi/4.9.3/../../../../arm-none-eabi/lib/armv7-m\libm.a(lib_a-s_matherr.o)
                0x00007860                matherr
 .text.nan      0x00007864        0xc c:/program files (x86)/cypress/psoc creator/3.3/psoc creator/import/gnu/arm/4.9.3/bin/../lib/gcc/arm-none-eabi/4.9.3/../../../../arm-none-eabi/lib/armv7-m\libm.a(lib_a-s_nan.o)
                0x00007864                nan
 .text.rint     0x00007870      0x11c c:/program files (x86)/cypress/psoc creator/3.3/psoc creator/import/gnu/arm/4.9.3/bin/../lib/gcc/arm-none-eabi/4.9.3/../../../../arm-none-eabi/lib/armv7-m\libm.a(lib_a-s_rint.o)
                0x00007870                rint
 *fill*         0x0000798c        0x4 
 .text.scalbn   0x00007990       0xf0 c:/program files (x86)/cypress/psoc creator/3.3/psoc creator/import/gnu/arm/4.9.3/bin/../lib/gcc/arm-none-eabi/4.9.3/../../../../arm-none-eabi/lib/armv7-m\libm.a(lib_a-s_scalbn.o)
                0x00007990                scalbn
 .text.copysign
                0x00007a80       0x10 c:/program files (x86)/cypress/psoc creator/3.3/psoc creator/import/gnu/arm/4.9.3/bin/../lib/gcc/arm-none-eabi/4.9.3/../../../../arm-none-eabi/lib/armv7-m\libm.a(lib_a-s_copysign.o)
                0x00007a80                copysign
 .text          0x00007a90      0x370 c:/program files (x86)/cypress/psoc creator/3.3/psoc creator/import/gnu/arm/4.9.3/bin/../lib/gcc/arm-none-eabi/4.9.3/armv7-m\libgcc.a(_arm_addsubdf3.o)
                0x00007a90                __aeabi_drsub
                0x00007a98                __aeabi_dsub
                0x00007a98                __subdf3
                0x00007a9c                __aeabi_dadd
                0x00007a9c                __adddf3
                0x00007d14                __floatunsidf
                0x00007d14                __aeabi_ui2d
                0x00007d34                __floatsidf
                0x00007d34                __aeabi_i2d
                0x00007d58                __aeabi_f2d
                0x00007d58                __extendsfdf2
                0x00007d94                __floatundidf
                0x00007d94                __aeabi_ul2d
                0x00007da4                __floatdidf
                0x00007da4                __aeabi_l2d
 .text          0x00007e00      0x424 c:/program files (x86)/cypress/psoc creator/3.3/psoc creator/import/gnu/arm/4.9.3/bin/../lib/gcc/arm-none-eabi/4.9.3/armv7-m\libgcc.a(_arm_muldivdf3.o)
                0x00007e00                __aeabi_dmul
                0x00007e00                __muldf3
                0x00008054                __divdf3
                0x00008054                __aeabi_ddiv
 .text          0x00008224      0x110 c:/program files (x86)/cypress/psoc creator/3.3/psoc creator/import/gnu/arm/4.9.3/bin/../lib/gcc/arm-none-eabi/4.9.3/armv7-m\libgcc.a(_arm_cmpdf2.o)
                0x00008224                __gtdf2
                0x00008224                __gedf2
                0x0000822c                __ltdf2
                0x0000822c                __ledf2
                0x00008234                __nedf2
                0x00008234                __eqdf2
                0x00008234                __cmpdf2
                0x000082b0                __aeabi_cdrcmple
                0x000082c0                __aeabi_cdcmpeq
                0x000082c0                __aeabi_cdcmple
                0x000082d0                __aeabi_dcmpeq
                0x000082e4                __aeabi_dcmplt
                0x000082f8                __aeabi_dcmple
                0x0000830c                __aeabi_dcmpge
                0x00008320                __aeabi_dcmpgt
 .text          0x00008334       0x50 c:/program files (x86)/cypress/psoc creator/3.3/psoc creator/import/gnu/arm/4.9.3/bin/../lib/gcc/arm-none-eabi/4.9.3/armv7-m\libgcc.a(_arm_fixdfsi.o)
                0x00008334                __aeabi_d2iz
                0x00008334                __fixdfsi
 .text          0x00008384       0x40 c:/program files (x86)/cypress/psoc creator/3.3/psoc creator/import/gnu/arm/4.9.3/bin/../lib/gcc/arm-none-eabi/4.9.3/armv7-m\libgcc.a(_arm_fixunsdfsi.o)
                0x00008384                __aeabi_d2uiz
                0x00008384                __fixunsdfsi
 .text          0x000083c4       0xa0 c:/program files (x86)/cypress/psoc creator/3.3/psoc creator/import/gnu/arm/4.9.3/bin/../lib/gcc/arm-none-eabi/4.9.3/armv7-m\libgcc.a(_arm_truncdfsf2.o)
                0x000083c4                __truncdfsf2
                0x000083c4                __aeabi_d2f
 .text          0x00008464      0x21c c:/program files (x86)/cypress/psoc creator/3.3/psoc creator/import/gnu/arm/4.9.3/bin/../lib/gcc/arm-none-eabi/4.9.3/armv7-m\libgcc.a(_arm_addsubsf3.o)
                0x00008464                __aeabi_frsub
                0x0000846c                __subsf3
                0x0000846c                __aeabi_fsub
                0x00008470                __aeabi_fadd
                0x00008470                __addsf3
                0x000085d0                __aeabi_ui2f
                0x000085d0                __floatunsisf
                0x000085d8                __aeabi_i2f
                0x000085d8                __floatsisf
                0x000085f4                __aeabi_ul2f
                0x000085f4                __floatundisf
                0x00008604                __aeabi_l2f
                0x00008604                __floatdisf
 .text          0x00008680      0x2a0 c:/program files (x86)/cypress/psoc creator/3.3/psoc creator/import/gnu/arm/4.9.3/bin/../lib/gcc/arm-none-eabi/4.9.3/armv7-m\libgcc.a(_arm_muldivsf3.o)
                0x00008680                __mulsf3
                0x00008680                __aeabi_fmul
                0x000087e8                __aeabi_fdiv
                0x000087e8                __divsf3
 .text          0x00008920       0xec c:/program files (x86)/cypress/psoc creator/3.3/psoc creator/import/gnu/arm/4.9.3/bin/../lib/gcc/arm-none-eabi/4.9.3/armv7-m\libgcc.a(_arm_cmpsf2.o)
                0x00008920                __gesf2
                0x00008920                __gtsf2
                0x00008928                __lesf2
                0x00008928                __ltsf2
                0x00008930                __nesf2
                0x00008930                __eqsf2
                0x00008930                __cmpsf2
                0x00008990                __aeabi_cfrcmple
                0x00008998                __aeabi_cfcmpeq
                0x00008998                __aeabi_cfcmple
                0x000089a8                __aeabi_fcmpeq
                0x000089bc                __aeabi_fcmplt
                0x000089d0                __aeabi_fcmple
                0x000089e4                __aeabi_fcmpge
                0x000089f8                __aeabi_fcmpgt
 .text          0x00008a0c       0x4c c:/program files (x86)/cypress/psoc creator/3.3/psoc creator/import/gnu/arm/4.9.3/bin/../lib/gcc/arm-none-eabi/4.9.3/armv7-m\libgcc.a(_arm_fixsfsi.o)
                0x00008a0c                __aeabi_f2iz
                0x00008a0c                __fixsfsi
 .text.__assert_func
                0x00008a58       0x38 c:/program files (x86)/cypress/psoc creator/3.3/psoc creator/import/gnu/arm/4.9.3/bin/../lib/gcc/arm-none-eabi/4.9.3/../../../../arm-none-eabi/lib/armv7-m\libg_nano.a(lib_a-assert.o)
                0x00008a58                __assert_func
 .text.atof     0x00008a90        0x6 c:/program files (x86)/cypress/psoc creator/3.3/psoc creator/import/gnu/arm/4.9.3/bin/../lib/gcc/arm-none-eabi/4.9.3/../../../../arm-none-eabi/lib/armv7-m\libg_nano.a(lib_a-atof.o)
                0x00008a90                atof
 *fill*         0x00008a96        0x2 
 .text.__errno  0x00008a98        0xc c:/program files (x86)/cypress/psoc creator/3.3/psoc creator/import/gnu/arm/4.9.3/bin/../lib/gcc/arm-none-eabi/4.9.3/../../../../arm-none-eabi/lib/armv7-m\libg_nano.a(lib_a-errno.o)
                0x00008a98                __errno
 .text.fprintf  0x00008aa4       0x24 c:/program files (x86)/cypress/psoc creator/3.3/psoc creator/import/gnu/arm/4.9.3/bin/../lib/gcc/arm-none-eabi/4.9.3/../../../../arm-none-eabi/lib/armv7-m\libg_nano.a(lib_a-fprintf.o)
                0x00008aa4                fiprintf
                0x00008aa4                fprintf
 .text.__libc_init_array
                0x00008ac8       0x4c c:/program files (x86)/cypress/psoc creator/3.3/psoc creator/import/gnu/arm/4.9.3/bin/../lib/gcc/arm-none-eabi/4.9.3/../../../../arm-none-eabi/lib/armv7-m\libg_nano.a(lib_a-init.o)
                0x00008ac8                __libc_init_array
 .text.__itoa   0x00008b14       0x2e c:/program files (x86)/cypress/psoc creator/3.3/psoc creator/import/gnu/arm/4.9.3/bin/../lib/gcc/arm-none-eabi/4.9.3/../../../../arm-none-eabi/lib/armv7-m\libg_nano.a(lib_a-itoa.o)
                0x00008b14                __itoa
 .text.itoa     0x00008b42        0x4 c:/program files (x86)/cypress/psoc creator/3.3/psoc creator/import/gnu/arm/4.9.3/bin/../lib/gcc/arm-none-eabi/4.9.3/../../../../arm-none-eabi/lib/armv7-m\libg_nano.a(lib_a-itoa.o)
                0x00008b42                itoa
 .text.memcpy   0x00008b46       0x16 c:/program files (x86)/cypress/psoc creator/3.3/psoc creator/import/gnu/arm/4.9.3/bin/../lib/gcc/arm-none-eabi/4.9.3/../../../../arm-none-eabi/lib/armv7-m\libg_nano.a(lib_a-memcpy.o)
                0x00008b46                memcpy
 .text.memset   0x00008b5c       0x10 c:/program files (x86)/cypress/psoc creator/3.3/psoc creator/import/gnu/arm/4.9.3/bin/../lib/gcc/arm-none-eabi/4.9.3/../../../../arm-none-eabi/lib/armv7-m\libg_nano.a(lib_a-memset.o)
                0x00008b5c                memset
 .text.__sfputc_r
                0x00008b6c       0x2c c:/program files (x86)/cypress/psoc creator/3.3/psoc creator/import/gnu/arm/4.9.3/bin/../lib/gcc/arm-none-eabi/4.9.3/../../../../arm-none-eabi/lib/armv7-m\libg_nano.a(lib_a-nano-vfprintf.o)
 .text.__sfputs_r
                0x00008b98       0x24 c:/program files (x86)/cypress/psoc creator/3.3/psoc creator/import/gnu/arm/4.9.3/bin/../lib/gcc/arm-none-eabi/4.9.3/../../../../arm-none-eabi/lib/armv7-m\libg_nano.a(lib_a-nano-vfprintf.o)
                0x00008b98                __sfputs_r
 .text._vfprintf_r
                0x00008bbc      0x210 c:/program files (x86)/cypress/psoc creator/3.3/psoc creator/import/gnu/arm/4.9.3/bin/../lib/gcc/arm-none-eabi/4.9.3/../../../../arm-none-eabi/lib/armv7-m\libg_nano.a(lib_a-nano-vfprintf.o)
                0x00008bbc                _vfprintf_r
                0x00008bbc                _vfiprintf_r
 .text.__cvt    0x00008dcc       0xbc c:/program files (x86)/cypress/psoc creator/3.3/psoc creator/import/gnu/arm/4.9.3/bin/../lib/gcc/arm-none-eabi/4.9.3/../../../../arm-none-eabi/lib/armv7-m\libg_nano.a(lib_a-nano-vfprintf_float.o)
                0x00008dcc                __cvt
 .text.__exponent
                0x00008e88       0x62 c:/program files (x86)/cypress/psoc creator/3.3/psoc creator/import/gnu/arm/4.9.3/bin/../lib/gcc/arm-none-eabi/4.9.3/../../../../arm-none-eabi/lib/armv7-m\libg_nano.a(lib_a-nano-vfprintf_float.o)
                0x00008e88                __exponent
 *fill*         0x00008eea        0x2 
 .text._printf_float
                0x00008eec      0x48c c:/program files (x86)/cypress/psoc creator/3.3/psoc creator/import/gnu/arm/4.9.3/bin/../lib/gcc/arm-none-eabi/4.9.3/../../../../arm-none-eabi/lib/armv7-m\libg_nano.a(lib_a-nano-vfprintf_float.o)
                0x00008eec                _printf_float
 .text._printf_common
                0x00009378       0xea c:/program files (x86)/cypress/psoc creator/3.3/psoc creator/import/gnu/arm/4.9.3/bin/../lib/gcc/arm-none-eabi/4.9.3/../../../../arm-none-eabi/lib/armv7-m\libg_nano.a(lib_a-nano-vfprintf_i.o)
                0x00009378                _printf_common
 *fill*         0x00009462        0x2 
 .text._printf_i
                0x00009464      0x240 c:/program files (x86)/cypress/psoc creator/3.3/psoc creator/import/gnu/arm/4.9.3/bin/../lib/gcc/arm-none-eabi/4.9.3/../../../../arm-none-eabi/lib/armv7-m\libg_nano.a(lib_a-nano-vfprintf_i.o)
                0x00009464                _printf_i
 .text.snprintf
                0x000096a4       0x64 c:/program files (x86)/cypress/psoc creator/3.3/psoc creator/import/gnu/arm/4.9.3/bin/../lib/gcc/arm-none-eabi/4.9.3/../../../../arm-none-eabi/lib/armv7-m\libg_nano.a(lib_a-snprintf.o)
                0x000096a4                sniprintf
                0x000096a4                snprintf
 .text.sprintf  0x00009708       0x48 c:/program files (x86)/cypress/psoc creator/3.3/psoc creator/import/gnu/arm/4.9.3/bin/../lib/gcc/arm-none-eabi/4.9.3/../../../../arm-none-eabi/lib/armv7-m\libg_nano.a(lib_a-sprintf.o)
                0x00009708                siprintf
                0x00009708                sprintf
 .text.strlen   0x00009750       0x10 c:/program files (x86)/cypress/psoc creator/3.3/psoc creator/import/gnu/arm/4.9.3/bin/../lib/gcc/arm-none-eabi/4.9.3/../../../../arm-none-eabi/lib/armv7-m\libg_nano.a(lib_a-strlen.o)
                0x00009750                strlen
 .text.match    0x00009760       0x26 c:/program files (x86)/cypress/psoc creator/3.3/psoc creator/import/gnu/arm/4.9.3/bin/../lib/gcc/arm-none-eabi/4.9.3/../../../../arm-none-eabi/lib/armv7-m\libg_nano.a(lib_a-strtod.o)
 .text.sulp     0x00009786       0x42 c:/program files (x86)/cypress/psoc creator/3.3/psoc creator/import/gnu/arm/4.9.3/bin/../lib/gcc/arm-none-eabi/4.9.3/../../../../arm-none-eabi/lib/armv7-m\libg_nano.a(lib_a-strtod.o)
 .text._strtod_r
                0x000097c8      0xc40 c:/program files (x86)/cypress/psoc creator/3.3/psoc creator/import/gnu/arm/4.9.3/bin/../lib/gcc/arm-none-eabi/4.9.3/../../../../arm-none-eabi/lib/armv7-m\libg_nano.a(lib_a-strtod.o)
                0x000097c8                _strtod_r
 .text.strtod   0x0000a408       0x14 c:/program files (x86)/cypress/psoc creator/3.3/psoc creator/import/gnu/arm/4.9.3/bin/../lib/gcc/arm-none-eabi/4.9.3/../../../../arm-none-eabi/lib/armv7-m\libg_nano.a(lib_a-strtod.o)
                0x0000a408                strtod
 .text.__utoa   0x0000a41c       0x78 c:/program files (x86)/cypress/psoc creator/3.3/psoc creator/import/gnu/arm/4.9.3/bin/../lib/gcc/arm-none-eabi/4.9.3/../../../../arm-none-eabi/lib/armv7-m\libg_nano.a(lib_a-utoa.o)
                0x0000a41c                __utoa
 .text.__swbuf_r
                0x0000a494       0xa8 c:/program files (x86)/cypress/psoc creator/3.3/psoc creator/import/gnu/arm/4.9.3/bin/../lib/gcc/arm-none-eabi/4.9.3/../../../../arm-none-eabi/lib/armv7-m\libg_nano.a(lib_a-wbuf.o)
                0x0000a494                __swbuf_r
 .text.__swsetup_r
                0x0000a53c       0xd8 c:/program files (x86)/cypress/psoc creator/3.3/psoc creator/import/gnu/arm/4.9.3/bin/../lib/gcc/arm-none-eabi/4.9.3/../../../../arm-none-eabi/lib/armv7-m\libg_nano.a(lib_a-wsetup.o)
                0x0000a53c                __swsetup_r
 .text.abort    0x0000a614        0xe c:/program files (x86)/cypress/psoc creator/3.3/psoc creator/import/gnu/arm/4.9.3/bin/../lib/gcc/arm-none-eabi/4.9.3/../../../../arm-none-eabi/lib/armv7-m\libg_nano.a(lib_a-abort.o)
                0x0000a614                abort
 .text.quorem   0x0000a622      0x114 c:/program files (x86)/cypress/psoc creator/3.3/psoc creator/import/gnu/arm/4.9.3/bin/../lib/gcc/arm-none-eabi/4.9.3/../../../../arm-none-eabi/lib/armv7-m\libg_nano.a(lib_a-dtoa.o)
 *fill*         0x0000a736        0x2 
 .text._dtoa_r  0x0000a738      0xb78 c:/program files (x86)/cypress/psoc creator/3.3/psoc creator/import/gnu/arm/4.9.3/bin/../lib/gcc/arm-none-eabi/4.9.3/../../../../arm-none-eabi/lib/armv7-m\libg_nano.a(lib_a-dtoa.o)
                0x0000a738                _dtoa_r
 .text.__sflush_r
                0x0000b2b0      0x106 c:/program files (x86)/cypress/psoc creator/3.3/psoc creator/import/gnu/arm/4.9.3/bin/../lib/gcc/arm-none-eabi/4.9.3/../../../../arm-none-eabi/lib/armv7-m\libg_nano.a(lib_a-fflush.o)
                0x0000b2b0                __sflush_r
 *fill*         0x0000b3b6        0x2 
 .text._fflush_r
                0x0000b3b8       0x54 c:/program files (x86)/cypress/psoc creator/3.3/psoc creator/import/gnu/arm/4.9.3/bin/../lib/gcc/arm-none-eabi/4.9.3/../../../../arm-none-eabi/lib/armv7-m\libg_nano.a(lib_a-fflush.o)
                0x0000b3b8                _fflush_r
 .text._cleanup_r
                0x0000b40c        0xc c:/program files (x86)/cypress/psoc creator/3.3/psoc creator/import/gnu/arm/4.9.3/bin/../lib/gcc/arm-none-eabi/4.9.3/../../../../arm-none-eabi/lib/armv7-m\libg_nano.a(lib_a-findfp.o)
                0x0000b40c                _cleanup_r
 .text.std.isra.0
                0x0000b418       0x48 c:/program files (x86)/cypress/psoc creator/3.3/psoc creator/import/gnu/arm/4.9.3/bin/../lib/gcc/arm-none-eabi/4.9.3/../../../../arm-none-eabi/lib/armv7-m\libg_nano.a(lib_a-findfp.o)
 .text.__sfmoreglue
                0x0000b460       0x2c c:/program files (x86)/cypress/psoc creator/3.3/psoc creator/import/gnu/arm/4.9.3/bin/../lib/gcc/arm-none-eabi/4.9.3/../../../../arm-none-eabi/lib/armv7-m\libg_nano.a(lib_a-findfp.o)
                0x0000b460                __sfmoreglue
 .text.__sinit  0x0000b48c       0x60 c:/program files (x86)/cypress/psoc creator/3.3/psoc creator/import/gnu/arm/4.9.3/bin/../lib/gcc/arm-none-eabi/4.9.3/../../../../arm-none-eabi/lib/armv7-m\libg_nano.a(lib_a-findfp.o)
                0x0000b48c                __sinit
 .text.__sfp    0x0000b4ec       0x74 c:/program files (x86)/cypress/psoc creator/3.3/psoc creator/import/gnu/arm/4.9.3/bin/../lib/gcc/arm-none-eabi/4.9.3/../../../../arm-none-eabi/lib/armv7-m\libg_nano.a(lib_a-findfp.o)
                0x0000b4ec                __sfp
 .text._fwalk_reent
                0x0000b560       0x3c c:/program files (x86)/cypress/psoc creator/3.3/psoc creator/import/gnu/arm/4.9.3/bin/../lib/gcc/arm-none-eabi/4.9.3/../../../../arm-none-eabi/lib/armv7-m\libg_nano.a(lib_a-fwalk.o)
                0x0000b560                _fwalk_reent
 .text.rshift   0x0000b59c       0x6c c:/program files (x86)/cypress/psoc creator/3.3/psoc creator/import/gnu/arm/4.9.3/bin/../lib/gcc/arm-none-eabi/4.9.3/../../../../arm-none-eabi/lib/armv7-m\libg_nano.a(lib_a-gdtoa-gethex.o)
 .text.__hexdig_fun
                0x0000b608       0x2a c:/program files (x86)/cypress/psoc creator/3.3/psoc creator/import/gnu/arm/4.9.3/bin/../lib/gcc/arm-none-eabi/4.9.3/../../../../arm-none-eabi/lib/armv7-m\libg_nano.a(lib_a-gdtoa-gethex.o)
                0x0000b608                __hexdig_fun
 .text.__gethex
                0x0000b632      0x44a c:/program files (x86)/cypress/psoc creator/3.3/psoc creator/import/gnu/arm/4.9.3/bin/../lib/gcc/arm-none-eabi/4.9.3/../../../../arm-none-eabi/lib/armv7-m\libg_nano.a(lib_a-gdtoa-gethex.o)
                0x0000b632                __gethex
 .text.L_shift  0x0000ba7c       0x24 c:/program files (x86)/cypress/psoc creator/3.3/psoc creator/import/gnu/arm/4.9.3/bin/../lib/gcc/arm-none-eabi/4.9.3/../../../../arm-none-eabi/lib/armv7-m\libg_nano.a(lib_a-gdtoa-hexnan.o)
 .text.__hexnan
                0x0000baa0      0x114 c:/program files (x86)/cypress/psoc creator/3.3/psoc creator/import/gnu/arm/4.9.3/bin/../lib/gcc/arm-none-eabi/4.9.3/../../../../arm-none-eabi/lib/armv7-m\libg_nano.a(lib_a-gdtoa-hexnan.o)
                0x0000baa0                __hexnan
 .text._localeconv_r
                0x0000bbb4        0x8 c:/program files (x86)/cypress/psoc creator/3.3/psoc creator/import/gnu/arm/4.9.3/bin/../lib/gcc/arm-none-eabi/4.9.3/../../../../arm-none-eabi/lib/armv7-m\libg_nano.a(lib_a-locale.o)
                0x0000bbb4                _localeconv_r
 .text.__smakebuf_r
                0x0000bbbc       0x98 c:/program files (x86)/cypress/psoc creator/3.3/psoc creator/import/gnu/arm/4.9.3/bin/../lib/gcc/arm-none-eabi/4.9.3/../../../../arm-none-eabi/lib/armv7-m\libg_nano.a(lib_a-makebuf.o)
                0x0000bbbc                __smakebuf_r
 .text.malloc   0x0000bc54       0x10 c:/program files (x86)/cypress/psoc creator/3.3/psoc creator/import/gnu/arm/4.9.3/bin/../lib/gcc/arm-none-eabi/4.9.3/../../../../arm-none-eabi/lib/armv7-m\libg_nano.a(lib_a-malloc.o)
                0x0000bc54                malloc
 .text.memchr   0x0000bc64       0x1c c:/program files (x86)/cypress/psoc creator/3.3/psoc creator/import/gnu/arm/4.9.3/bin/../lib/gcc/arm-none-eabi/4.9.3/../../../../arm-none-eabi/lib/armv7-m\libg_nano.a(lib_a-memchr.o)
                0x0000bc64                memchr
 .text.memmove  0x0000bc80       0x36 c:/program files (x86)/cypress/psoc creator/3.3/psoc creator/import/gnu/arm/4.9.3/bin/../lib/gcc/arm-none-eabi/4.9.3/../../../../arm-none-eabi/lib/armv7-m\libg_nano.a(lib_a-memmove.o)
                0x0000bc80                memmove
 .text._Balloc  0x0000bcb6       0x6a c:/program files (x86)/cypress/psoc creator/3.3/psoc creator/import/gnu/arm/4.9.3/bin/../lib/gcc/arm-none-eabi/4.9.3/../../../../arm-none-eabi/lib/armv7-m\libg_nano.a(lib_a-mprec.o)
                0x0000bcb6                _Balloc
 .text._Bfree   0x0000bd20       0x2e c:/program files (x86)/cypress/psoc creator/3.3/psoc creator/import/gnu/arm/4.9.3/bin/../lib/gcc/arm-none-eabi/4.9.3/../../../../arm-none-eabi/lib/armv7-m\libg_nano.a(lib_a-mprec.o)
                0x0000bd20                _Bfree
 .text.__multadd
                0x0000bd4e       0x7c c:/program files (x86)/cypress/psoc creator/3.3/psoc creator/import/gnu/arm/4.9.3/bin/../lib/gcc/arm-none-eabi/4.9.3/../../../../arm-none-eabi/lib/armv7-m\libg_nano.a(lib_a-mprec.o)
                0x0000bd4e                __multadd
 .text.__s2b    0x0000bdca       0x80 c:/program files (x86)/cypress/psoc creator/3.3/psoc creator/import/gnu/arm/4.9.3/bin/../lib/gcc/arm-none-eabi/4.9.3/../../../../arm-none-eabi/lib/armv7-m\libg_nano.a(lib_a-mprec.o)
                0x0000bdca                __s2b
 .text.__hi0bits
                0x0000be4a       0x40 c:/program files (x86)/cypress/psoc creator/3.3/psoc creator/import/gnu/arm/4.9.3/bin/../lib/gcc/arm-none-eabi/4.9.3/../../../../arm-none-eabi/lib/armv7-m\libg_nano.a(lib_a-mprec.o)
                0x0000be4a                __hi0bits
 .text.__lo0bits
                0x0000be8a       0x5a c:/program files (x86)/cypress/psoc creator/3.3/psoc creator/import/gnu/arm/4.9.3/bin/../lib/gcc/arm-none-eabi/4.9.3/../../../../arm-none-eabi/lib/armv7-m\libg_nano.a(lib_a-mprec.o)
                0x0000be8a                __lo0bits
 .text.__i2b    0x0000bee4       0x12 c:/program files (x86)/cypress/psoc creator/3.3/psoc creator/import/gnu/arm/4.9.3/bin/../lib/gcc/arm-none-eabi/4.9.3/../../../../arm-none-eabi/lib/armv7-m\libg_nano.a(lib_a-mprec.o)
                0x0000bee4                __i2b
 .text.__multiply
                0x0000bef6      0x120 c:/program files (x86)/cypress/psoc creator/3.3/psoc creator/import/gnu/arm/4.9.3/bin/../lib/gcc/arm-none-eabi/4.9.3/../../../../arm-none-eabi/lib/armv7-m\libg_nano.a(lib_a-mprec.o)
                0x0000bef6                __multiply
 *fill*         0x0000c016        0x2 
 .text.__pow5mult
                0x0000c018       0x9c c:/program files (x86)/cypress/psoc creator/3.3/psoc creator/import/gnu/arm/4.9.3/bin/../lib/gcc/arm-none-eabi/4.9.3/../../../../arm-none-eabi/lib/armv7-m\libg_nano.a(lib_a-mprec.o)
                0x0000c018                __pow5mult
 .text.__lshift
                0x0000c0b4       0xa6 c:/program files (x86)/cypress/psoc creator/3.3/psoc creator/import/gnu/arm/4.9.3/bin/../lib/gcc/arm-none-eabi/4.9.3/../../../../arm-none-eabi/lib/armv7-m\libg_nano.a(lib_a-mprec.o)
                0x0000c0b4                __lshift
 .text.__mcmp   0x0000c15a       0x38 c:/program files (x86)/cypress/psoc creator/3.3/psoc creator/import/gnu/arm/4.9.3/bin/../lib/gcc/arm-none-eabi/4.9.3/../../../../arm-none-eabi/lib/armv7-m\libg_nano.a(lib_a-mprec.o)
                0x0000c15a                __mcmp
 .text.__mdiff  0x0000c192       0xbe c:/program files (x86)/cypress/psoc creator/3.3/psoc creator/import/gnu/arm/4.9.3/bin/../lib/gcc/arm-none-eabi/4.9.3/../../../../arm-none-eabi/lib/armv7-m\libg_nano.a(lib_a-mprec.o)
                0x0000c192                __mdiff
 .text.__ulp    0x0000c250       0x48 c:/program files (x86)/cypress/psoc creator/3.3/psoc creator/import/gnu/arm/4.9.3/bin/../lib/gcc/arm-none-eabi/4.9.3/../../../../arm-none-eabi/lib/armv7-m\libg_nano.a(lib_a-mprec.o)
                0x0000c250                __ulp
 .text.__b2d    0x0000c298       0x9e c:/program files (x86)/cypress/psoc creator/3.3/psoc creator/import/gnu/arm/4.9.3/bin/../lib/gcc/arm-none-eabi/4.9.3/../../../../arm-none-eabi/lib/armv7-m\libg_nano.a(lib_a-mprec.o)
                0x0000c298                __b2d
 .text.__d2b    0x0000c336       0xa4 c:/program files (x86)/cypress/psoc creator/3.3/psoc creator/import/gnu/arm/4.9.3/bin/../lib/gcc/arm-none-eabi/4.9.3/../../../../arm-none-eabi/lib/armv7-m\libg_nano.a(lib_a-mprec.o)
                0x0000c336                __d2b
 .text.__ratio  0x0000c3da       0x50 c:/program files (x86)/cypress/psoc creator/3.3/psoc creator/import/gnu/arm/4.9.3/bin/../lib/gcc/arm-none-eabi/4.9.3/../../../../arm-none-eabi/lib/armv7-m\libg_nano.a(lib_a-mprec.o)
                0x0000c3da                __ratio
 .text.__copybits
                0x0000c42a       0x34 c:/program files (x86)/cypress/psoc creator/3.3/psoc creator/import/gnu/arm/4.9.3/bin/../lib/gcc/arm-none-eabi/4.9.3/../../../../arm-none-eabi/lib/armv7-m\libg_nano.a(lib_a-mprec.o)
                0x0000c42a                __copybits
 .text.__any_on
                0x0000c45e       0x44 c:/program files (x86)/cypress/psoc creator/3.3/psoc creator/import/gnu/arm/4.9.3/bin/../lib/gcc/arm-none-eabi/4.9.3/../../../../arm-none-eabi/lib/armv7-m\libg_nano.a(lib_a-mprec.o)
                0x0000c45e                __any_on
 .text._calloc_r
                0x0000c4a2       0x1c c:/program files (x86)/cypress/psoc creator/3.3/psoc creator/import/gnu/arm/4.9.3/bin/../lib/gcc/arm-none-eabi/4.9.3/../../../../arm-none-eabi/lib/armv7-m\libg_nano.a(lib_a-nano-callocr.o)
                0x0000c4a2                _calloc_r
 *fill*         0x0000c4be        0x2 
 .text._free_r  0x0000c4c0       0x88 c:/program files (x86)/cypress/psoc creator/3.3/psoc creator/import/gnu/arm/4.9.3/bin/../lib/gcc/arm-none-eabi/4.9.3/../../../../arm-none-eabi/lib/armv7-m\libg_nano.a(lib_a-nano-freer.o)
                0x0000c4c0                _free_r
 .text._malloc_r
                0x0000c548       0xac c:/program files (x86)/cypress/psoc creator/3.3/psoc creator/import/gnu/arm/4.9.3/bin/../lib/gcc/arm-none-eabi/4.9.3/../../../../arm-none-eabi/lib/armv7-m\libg_nano.a(lib_a-nano-mallocr.o)
                0x0000c548                _malloc_r
 .text._realloc_r
                0x0000c5f4       0x4c c:/program files (x86)/cypress/psoc creator/3.3/psoc creator/import/gnu/arm/4.9.3/bin/../lib/gcc/arm-none-eabi/4.9.3/../../../../arm-none-eabi/lib/armv7-m\libg_nano.a(lib_a-nano-reallocr.o)
                0x0000c5f4                _realloc_r
 .text.__ssputs_r
                0x0000c640       0xb2 c:/program files (x86)/cypress/psoc creator/3.3/psoc creator/import/gnu/arm/4.9.3/bin/../lib/gcc/arm-none-eabi/4.9.3/../../../../arm-none-eabi/lib/armv7-m\libg_nano.a(lib_a-nano-svfprintf.o)
                0x0000c640                __ssputs_r
 *fill*         0x0000c6f2        0x2 
 .text._svfprintf_r
                0x0000c6f4      0x1e4 c:/program files (x86)/cypress/psoc creator/3.3/psoc creator/import/gnu/arm/4.9.3/bin/../lib/gcc/arm-none-eabi/4.9.3/../../../../arm-none-eabi/lib/armv7-m\libg_nano.a(lib_a-nano-svfprintf.o)
                0x0000c6f4                _svfiprintf_r
                0x0000c6f4                _svfprintf_r
 .text._sbrk_r  0x0000c8d8       0x20 c:/program files (x86)/cypress/psoc creator/3.3/psoc creator/import/gnu/arm/4.9.3/bin/../lib/gcc/arm-none-eabi/4.9.3/../../../../arm-none-eabi/lib/armv7-m\libg_nano.a(lib_a-sbrkr.o)
                0x0000c8d8                _sbrk_r
 .text._raise_r
                0x0000c8f8       0x50 c:/program files (x86)/cypress/psoc creator/3.3/psoc creator/import/gnu/arm/4.9.3/bin/../lib/gcc/arm-none-eabi/4.9.3/../../../../arm-none-eabi/lib/armv7-m\libg_nano.a(lib_a-signal.o)
                0x0000c8f8                _raise_r
 .text.raise    0x0000c948       0x10 c:/program files (x86)/cypress/psoc creator/3.3/psoc creator/import/gnu/arm/4.9.3/bin/../lib/gcc/arm-none-eabi/4.9.3/../../../../arm-none-eabi/lib/armv7-m\libg_nano.a(lib_a-signal.o)
                0x0000c948                raise
 .text._kill_r  0x0000c958       0x24 c:/program files (x86)/cypress/psoc creator/3.3/psoc creator/import/gnu/arm/4.9.3/bin/../lib/gcc/arm-none-eabi/4.9.3/../../../../arm-none-eabi/lib/armv7-m\libg_nano.a(lib_a-signalr.o)
                0x0000c958                _kill_r
 .text._getpid_r
                0x0000c97c        0x4 c:/program files (x86)/cypress/psoc creator/3.3/psoc creator/import/gnu/arm/4.9.3/bin/../lib/gcc/arm-none-eabi/4.9.3/../../../../arm-none-eabi/lib/armv7-m\libg_nano.a(lib_a-signalr.o)
                0x0000c97c                _getpid_r
 .text.__sread  0x0000c980       0x22 c:/program files (x86)/cypress/psoc creator/3.3/psoc creator/import/gnu/arm/4.9.3/bin/../lib/gcc/arm-none-eabi/4.9.3/../../../../arm-none-eabi/lib/armv7-m\libg_nano.a(lib_a-stdio.o)
                0x0000c980                __sread
 .text.__swrite
                0x0000c9a2       0x38 c:/program files (x86)/cypress/psoc creator/3.3/psoc creator/import/gnu/arm/4.9.3/bin/../lib/gcc/arm-none-eabi/4.9.3/../../../../arm-none-eabi/lib/armv7-m\libg_nano.a(lib_a-stdio.o)
                0x0000c9a2                __swrite
 .text.__sseek  0x0000c9da       0x24 c:/program files (x86)/cypress/psoc creator/3.3/psoc creator/import/gnu/arm/4.9.3/bin/../lib/gcc/arm-none-eabi/4.9.3/../../../../arm-none-eabi/lib/armv7-m\libg_nano.a(lib_a-stdio.o)
                0x0000c9da                __sseek
 .text.__sclose
                0x0000c9fe        0x8 c:/program files (x86)/cypress/psoc creator/3.3/psoc creator/import/gnu/arm/4.9.3/bin/../lib/gcc/arm-none-eabi/4.9.3/../../../../arm-none-eabi/lib/armv7-m\libg_nano.a(lib_a-stdio.o)
                0x0000c9fe                __sclose
 .text.strncmp  0x0000ca06       0x32 c:/program files (x86)/cypress/psoc creator/3.3/psoc creator/import/gnu/arm/4.9.3/bin/../lib/gcc/arm-none-eabi/4.9.3/../../../../arm-none-eabi/lib/armv7-m\libg_nano.a(lib_a-strncmp.o)
                0x0000ca06                strncmp
 .text._write_r
                0x0000ca38       0x24 c:/program files (x86)/cypress/psoc creator/3.3/psoc creator/import/gnu/arm/4.9.3/bin/../lib/gcc/arm-none-eabi/4.9.3/../../../../arm-none-eabi/lib/armv7-m\libg_nano.a(lib_a-writer.o)
                0x0000ca38                _write_r
 .text._close_r
                0x0000ca5c       0x20 c:/program files (x86)/cypress/psoc creator/3.3/psoc creator/import/gnu/arm/4.9.3/bin/../lib/gcc/arm-none-eabi/4.9.3/../../../../arm-none-eabi/lib/armv7-m\libg_nano.a(lib_a-closer.o)
                0x0000ca5c                _close_r
 .text._fstat_r
                0x0000ca7c       0x24 c:/program files (x86)/cypress/psoc creator/3.3/psoc creator/import/gnu/arm/4.9.3/bin/../lib/gcc/arm-none-eabi/4.9.3/../../../../arm-none-eabi/lib/armv7-m\libg_nano.a(lib_a-fstatr.o)
                0x0000ca7c                _fstat_r
 .text._isatty_r
                0x0000caa0       0x20 c:/program files (x86)/cypress/psoc creator/3.3/psoc creator/import/gnu/arm/4.9.3/bin/../lib/gcc/arm-none-eabi/4.9.3/../../../../arm-none-eabi/lib/armv7-m\libg_nano.a(lib_a-isattyr.o)
                0x0000caa0                _isatty_r
 .text._lseek_r
                0x0000cac0       0x24 c:/program files (x86)/cypress/psoc creator/3.3/psoc creator/import/gnu/arm/4.9.3/bin/../lib/gcc/arm-none-eabi/4.9.3/../../../../arm-none-eabi/lib/armv7-m\libg_nano.a(lib_a-lseekr.o)
                0x0000cac0                _lseek_r
 .text._malloc_usable_size_r