Archive member included because of file (symbol)

.\CortexM3\ARM_GCC_493\Debug\freesoc.a(cyfitter_cfg.o)
                              .\CortexM3\ARM_GCC_493\Debug\infrared.o (Front_AMuxSeq_DisconnectAll)
.\CortexM3\ARM_GCC_493\Debug\freesoc.a(Left_HB25_Enable_Pin.o)
                              .\CortexM3\ARM_GCC_493\Debug\motor.o (Left_HB25_Enable_Pin_Write)
.\CortexM3\ARM_GCC_493\Debug\freesoc.a(Left_HB25_PWM.o)
                              .\CortexM3\ARM_GCC_493\Debug\motor.o (Left_HB25_PWM_Stop)
.\CortexM3\ARM_GCC_493\Debug\freesoc.a(Right_HB25_Enable_Pin.o)
                              .\CortexM3\ARM_GCC_493\Debug\motor.o (Right_HB25_Enable_Pin_Write)
.\CortexM3\ARM_GCC_493\Debug\freesoc.a(Right_HB25_PWM.o)
                              .\CortexM3\ARM_GCC_493\Debug\motor.o (Right_HB25_PWM_Stop)
.\CortexM3\ARM_GCC_493\Debug\freesoc.a(CyBootAsmGnu.o)
                              .\CortexM3\ARM_GCC_493\Debug\freesoc.a(cyfitter_cfg.o) (CyDelayCycles)
.\CortexM3\ARM_GCC_493\Debug\freesoc.a(CyLib.o)
                              .\CortexM3\ARM_GCC_493\Debug\Cm3Start.o (CyHalt)
.\CortexM3\ARM_GCC_493\Debug\freesoc.a(cyPm.o)
                              .\CortexM3\ARM_GCC_493\Debug\freesoc.a(CyLib.o) (CyPmReadStatus)
.\CortexM3\ARM_GCC_493\Debug\freesoc.a(EZI2C_Slave.o)
                              .\CortexM3\ARM_GCC_493\Debug\i2c.o (EZI2C_Slave_Start)
.\CortexM3\ARM_GCC_493\Debug\freesoc.a(EZI2C_Slave_PM.o)
                              .\CortexM3\ARM_GCC_493\Debug\freesoc.a(EZI2C_Slave.o) (EZI2C_Slave_backup)
.\CortexM3\ARM_GCC_493\Debug\freesoc.a(EZI2C_Slave_INT.o)
                              .\CortexM3\ARM_GCC_493\Debug\freesoc.a(EZI2C_Slave.o) (EZI2C_Slave_ISR)
.\CortexM3\ARM_GCC_493\Debug\freesoc.a(Front_Echo_Intr.o)
                              .\CortexM3\ARM_GCC_493\Debug\ultrasonic.o (Front_Echo_Intr_StartEx)
.\CortexM3\ARM_GCC_493\Debug\freesoc.a(Front_Trigger_Reg.o)
                              .\CortexM3\ARM_GCC_493\Debug\ultrasonic.o (Front_Trigger_Reg_Write)
.\CortexM3\ARM_GCC_493\Debug\freesoc.a(Front_Trigger_Select_Reg.o)
                              .\CortexM3\ARM_GCC_493\Debug\ultrasonic.o (Front_Trigger_Select_Reg_Write)
.\CortexM3\ARM_GCC_493\Debug\freesoc.a(Front_Echo_Timer.o)
                              .\CortexM3\ARM_GCC_493\Debug\ultrasonic.o (Front_Echo_Timer_ReadCounter)
.\CortexM3\ARM_GCC_493\Debug\freesoc.a(Rear_Trigger_Reg.o)
                              .\CortexM3\ARM_GCC_493\Debug\ultrasonic.o (Rear_Trigger_Reg_Write)
.\CortexM3\ARM_GCC_493\Debug\freesoc.a(Rear_Trigger_Select_Reg.o)
                              .\CortexM3\ARM_GCC_493\Debug\ultrasonic.o (Rear_Trigger_Select_Reg_Write)
.\CortexM3\ARM_GCC_493\Debug\freesoc.a(Rear_Echo_Intr.o)
                              .\CortexM3\ARM_GCC_493\Debug\ultrasonic.o (Rear_Echo_Intr_StartEx)
.\CortexM3\ARM_GCC_493\Debug\freesoc.a(Rear_Echo_Timer.o)
                              .\CortexM3\ARM_GCC_493\Debug\ultrasonic.o (Rear_Echo_Timer_ReadCounter)
.\CortexM3\ARM_GCC_493\Debug\freesoc.a(Front_ADC_SAR.o)
                              .\CortexM3\ARM_GCC_493\Debug\infrared.o (Front_ADC_SAR_Start)
.\CortexM3\ARM_GCC_493\Debug\freesoc.a(Front_ADC_SAR_INT.o)
                              .\CortexM3\ARM_GCC_493\Debug\freesoc.a(Front_ADC_SAR.o) (Front_ADC_SAR_ISR)
.\CortexM3\ARM_GCC_493\Debug\freesoc.a(Front_AMuxSeq.o)
                              .\CortexM3\ARM_GCC_493\Debug\infrared.o (Front_AMuxSeq_Start)
.\CortexM3\ARM_GCC_493\Debug\freesoc.a(Rear_ADC_SAR.o)
                              .\CortexM3\ARM_GCC_493\Debug\infrared.o (Rear_ADC_SAR_Start)
.\CortexM3\ARM_GCC_493\Debug\freesoc.a(Rear_ADC_SAR_INT.o)
                              .\CortexM3\ARM_GCC_493\Debug\freesoc.a(Rear_ADC_SAR.o) (Rear_ADC_SAR_ISR)
.\CortexM3\ARM_GCC_493\Debug\freesoc.a(Rear_AMuxSeq.o)
                              .\CortexM3\ARM_GCC_493\Debug\infrared.o (Rear_AMuxSeq_Start)
.\CortexM3\ARM_GCC_493\Debug\freesoc.a(Front_ADC_SAR_IRQ.o)
                              .\CortexM3\ARM_GCC_493\Debug\infrared.o (Front_ADC_SAR_IRQ_StartEx)
.\CortexM3\ARM_GCC_493\Debug\freesoc.a(Front_ADC_SAR_theACLK.o)
                              .\CortexM3\ARM_GCC_493\Debug\freesoc.a(Front_ADC_SAR.o) (Front_ADC_SAR_theACLK_SetModeRegister)
.\CortexM3\ARM_GCC_493\Debug\freesoc.a(Rear_ADC_SAR_IRQ.o)
                              .\CortexM3\ARM_GCC_493\Debug\infrared.o (Rear_ADC_SAR_IRQ_StartEx)
.\CortexM3\ARM_GCC_493\Debug\freesoc.a(Rear_ADC_SAR_theACLK.o)
                              .\CortexM3\ARM_GCC_493\Debug\freesoc.a(Rear_ADC_SAR.o) (Rear_ADC_SAR_theACLK_SetModeRegister)
.\CortexM3\ARM_GCC_493\Debug\freesoc.a(Rear_EOS_Intr.o)
                              .\CortexM3\ARM_GCC_493\Debug\infrared.o (Rear_EOS_Intr_StartEx)
.\CortexM3\ARM_GCC_493\Debug\freesoc.a(Front_EOS_Intr.o)
                              .\CortexM3\ARM_GCC_493\Debug\infrared.o (Front_EOS_Intr_StartEx)
[...]
Memory Configuration

Name             Origin             Length             Attributes
rom              0x00000000         0x00040000         xr
ram              0x1fff8000         0x00010000         xrw
*default*        0x00000000         0xffffffff

Linker script and memory map

LOAD c:/program files (x86)/cypress/psoc creator/3.3/psoc creator/import/gnu/arm/4.9.3/bin/../lib/gcc/arm-none-eabi/4.9.3/armv7-m/crti.o
LOAD c:/program files (x86)/cypress/psoc creator/3.3/psoc creator/import/gnu/arm/4.9.3/bin/../lib/gcc/arm-none-eabi/4.9.3/armv7-m/crtbegin.o
LOAD c:/program files (x86)/cypress/psoc creator/3.3/psoc creator/import/gnu/arm/4.9.3/bin/../lib/gcc/arm-none-eabi/4.9.3/../../../../arm-none-eabi/lib/armv7-m/crt0.o
START GROUP
LOAD .\CortexM3\ARM_GCC_493\Debug\main.o
LOAD .\CortexM3\ARM_GCC_493\Debug\cal.o
LOAD .\CortexM3\ARM_GCC_493\Debug\control.o
LOAD .\CortexM3\ARM_GCC_493\Debug\debug.o
LOAD .\CortexM3\ARM_GCC_493\Debug\diag.o
LOAD .\CortexM3\ARM_GCC_493\Debug\encoder.o
LOAD .\CortexM3\ARM_GCC_493\Debug\i2c.o
LOAD .\CortexM3\ARM_GCC_493\Debug\motor.o
LOAD .\CortexM3\ARM_GCC_493\Debug\odom.o
LOAD .\CortexM3\ARM_GCC_493\Debug\pid.o
LOAD .\CortexM3\ARM_GCC_493\Debug\time.o
LOAD .\CortexM3\ARM_GCC_493\Debug\ultrasonic.o
LOAD .\CortexM3\ARM_GCC_493\Debug\utils.o
LOAD .\CortexM3\ARM_GCC_493\Debug\infrared.o
LOAD .\CortexM3\ARM_GCC_493\Debug\pid_controller.o
LOAD .\CortexM3\ARM_GCC_493\Debug\serial.o
LOAD .\CortexM3\ARM_GCC_493\Debug\nvstore.o
LOAD .\CortexM3\ARM_GCC_493\Debug\calcps2pwm.o
LOAD .\CortexM3\ARM_GCC_493\Debug\calpid.o
LOAD .\CortexM3\ARM_GCC_493\Debug\calang.o
LOAD .\CortexM3\ARM_GCC_493\Debug\callin.o
LOAD .\CortexM3\ARM_GCC_493\Debug\cymetadata.o
LOAD .\CortexM3\ARM_GCC_493\Debug\Cm3Start.o
LOAD .\CortexM3\ARM_GCC_493\Debug\freesoc.a
LOAD C:\Program Files (x86)\Cypress\PSoC Creator\3.3\PSoC Creator\psoc\content\cycomponentlibrary\CyComponentLibrary.cylib\CortexM3\ARM_GCC_493\Debug\CyComponentLibrary.a
LOAD c:/program files (x86)/cypress/psoc creator/3.3/psoc creator/import/gnu/arm/4.9.3/bin/../lib/gcc/arm-none-eabi/4.9.3/../../../../arm-none-eabi/lib/armv7-m\libm.a
END GROUP
START GROUP
LOAD c:/program files (x86)/cypress/psoc creator/3.3/psoc creator/import/gnu/arm/4.9.3/bin/../lib/gcc/arm-none-eabi/4.9.3/armv7-m\libgcc.a
LOAD c:/program files (x86)/cypress/psoc creator/3.3/psoc creator/import/gnu/arm/4.9.3/bin/../lib/gcc/arm-none-eabi/4.9.3/../../../../arm-none-eabi/lib/armv7-m\libg_nano.a
LOAD c:/program files (x86)/cypress/psoc creator/3.3/psoc creator/import/gnu/arm/4.9.3/bin/../lib/gcc/arm-none-eabi/4.9.3/../../../../arm-none-eabi/lib/armv7-m\libc_nano.a
END GROUP
START GROUP
LOAD c:/program files (x86)/cypress/psoc creator/3.3/psoc creator/import/gnu/arm/4.9.3/bin/../lib/gcc/arm-none-eabi/4.9.3/armv7-m\libgcc.a
LOAD c:/program files (x86)/cypress/psoc creator/3.3/psoc creator/import/gnu/arm/4.9.3/bin/../lib/gcc/arm-none-eabi/4.9.3/../../../../arm-none-eabi/lib/armv7-m\libc_nano.a
END GROUP
LOAD c:/program files (x86)/cypress/psoc creator/3.3/psoc creator/import/gnu/arm/4.9.3/bin/../lib/gcc/arm-none-eabi/4.9.3/armv7-m/crtend.o
LOAD c:/program files (x86)/cypress/psoc creator/3.3/psoc creator/import/gnu/arm/4.9.3/bin/../lib/gcc/arm-none-eabi/4.9.3/armv7-m/crtn.o
START GROUP
LOAD c:/program files (x86)/cypress/psoc creator/3.3/psoc creator/import/gnu/arm/4.9.3/bin/../lib/gcc/arm-none-eabi/4.9.3/armv7-m\libgcc.a
LOAD c:/program files (x86)/cypress/psoc creator/3.3/psoc creator/import/gnu/arm/4.9.3/bin/../lib/gcc/arm-none-eabi/4.9.3/../../../../arm-none-eabi/lib/armv7-m\libc.a
LOAD c:/program files (x86)/cypress/psoc creator/3.3/psoc creator/import/gnu/arm/4.9.3/bin/../lib/gcc/arm-none-eabi/4.9.3/../../../../arm-none-eabi/lib/armv7-m\libnosys.a
END GROUP
                0x00000000                CY_APPL_ORIGIN = 0x0
                0x00000100                CY_FLASH_ROW_SIZE = 0x100
                0x00000020                CY_ECC_ROW_SIZE = 0x20
                0x00000000                CY_EE_IN_BTLDR = 0x0
                0x00000000                CY_APPL_LOADABLE = 0x0
                0x00000800                CY_EE_SIZE = 0x800
                0x00000001                CY_APPL_NUM = 0x1
                0x00000001                CY_APPL_MAX = 0x1
                0x00000040                CY_METADATA_SIZE = 0x40
                0x00000000                CY_APPL_LOADABLE = 0x0
                0x00000000                CY_CHECKSUM_EXCLUDE_SIZE = ALIGN (0x0, CY_FLASH_ROW_SIZE)
                0x1fffed78                PROVIDE (__cy_heap_start, _end)
                0x00000001                PROVIDE (__cy_region_num, ((__cy_regions_end - __cy_regions) / 0x10))
                0x20008000                PROVIDE (__cy_stack, (ORIGIN (ram) + 0x10000))
                0x20007800                PROVIDE (__cy_heap_end, (__cy_stack - 0x800))

.cybootloader   0x00000000        0x0
 *(.cybootloader)
                0x00000000                appl1_start = CY_APPL_ORIGIN?CY_APPL_ORIGIN:ALIGN (CY_FLASH_ROW_SIZE)
                0x0001ff00                appl2_start = (appl1_start + ALIGN ((((0x40000 - appl1_start) - (0x2 * CY_FLASH_ROW_SIZE)) / 0x2), CY_FLASH_ROW_SIZE))
                0x00000000                appl_start = (CY_APPL_NUM == 0x1)?appl1_start:appl2_start
                0x00000000                ecc_offset = ((appl_start / CY_FLASH_ROW_SIZE) * CY_ECC_ROW_SIZE)
                0x00000000                ee_offset = (CY_APPL_LOADABLE && ! (CY_EE_IN_BTLDR))?((CY_EE_SIZE / CY_APPL_MAX) * (CY_APPL_NUM - 0x1)):0x0
                0x00000800                ee_size = (CY_APPL_LOADABLE && ! (CY_EE_IN_BTLDR))?(CY_EE_SIZE / CY_APPL_MAX):CY_EE_SIZE
                0x00000000                PROVIDE (CY_ECC_OFFSET, ecc_offset)

.text           0x00000000     0x935c
 CREATE_OBJECT_SYMBOLS
                0x00000000                PROVIDE (__cy_interrupt_vector, RomVectors)
 *(.romvectors)
 .romvectors    0x00000000       0x10 .\CortexM3\ARM_GCC_493\Debug\Cm3Start.o
                0x00000000                RomVectors
                0x00000001                ASSERT ((. != __cy_interrupt_vector), No interrupt vector)
                0x00000001                ASSERT (CY_APPL_ORIGIN?(SIZEOF (.cybootloader) <= CY_APPL_ORIGIN):0x1, Wrong image location)
                0x00000010                PROVIDE (__cy_reset, Reset)
 *(.text.Reset)
 .text.Reset    0x00000010       0x18 .\CortexM3\ARM_GCC_493\Debug\Cm3Start.o
                0x00000010                Reset
                0x00000001                ASSERT ((. != __cy_reset), No reset code)
 *(.dma_init)
                0x00000001                ASSERT ((((appl_start + .) <= 0x10000) || 0x1), DMA Init must be within the first 64k of flash)
 *(.text .text.* .gnu.linkonce.t.*)
 .text          0x00000028       0x5c c:/program files (x86)/cypress/psoc creator/3.3/psoc creator/import/gnu/arm/4.9.3/bin/../lib/gcc/arm-none-eabi/4.9.3/armv7-m/crtbegin.o
 .text.main     0x00000084       0x9c .\CortexM3\ARM_GCC_493\Debug\main.o
                0x00000084                main
 .text.SetCalibrationStatusBit
                0x00000120       0x24 .\CortexM3\ARM_GCC_493\Debug\cal.o
 .text.ClearCalibrationStatusBit
                0x00000144       0x2c .\CortexM3\ARM_GCC_493\Debug\cal.o
 .text.Cal_Init
                0x00000170       0x1c .\CortexM3\ARM_GCC_493\Debug\cal.o
                0x00000170                Cal_Init
 .text.Cal_Start
                0x0000018c       0x14 .\CortexM3\ARM_GCC_493\Debug\cal.o
                0x0000018c                Cal_Start
 .text.Cal_Update
                0x000001a0       0x8c .\CortexM3\ARM_GCC_493\Debug\cal.o
                0x000001a0                Cal_Update
 .text.Cal_LeftGetMotorCalData
                0x0000022c       0x18 .\CortexM3\ARM_GCC_493\Debug\cal.o
                0x0000022c                Cal_LeftGetMotorCalData
 .text.Cal_RightGetMotorCalData
                0x00000244       0x18 .\CortexM3\ARM_GCC_493\Debug\cal.o
                0x00000244                Cal_RightGetMotorCalData
 .text.Cal_LeftGetPidGains
                0x0000025c        0xc .\CortexM3\ARM_GCC_493\Debug\cal.o
                0x0000025c                Cal_LeftGetPidGains
 .text.Cal_RightGetPidGains
                0x00000268        0xc .\CortexM3\ARM_GCC_493\Debug\cal.o
                0x00000268                Cal_RightGetPidGains
 .text.CalculateLeftRightSpeed
                0x00000274       0x24 .\CortexM3\ARM_GCC_493\Debug\control.o
 .text.Control_Init
                0x00000298        0x4 .\CortexM3\ARM_GCC_493\Debug\control.o
                0x00000298                Control_Init
 .text.Control_Start
                0x0000029c        0x4 .\CortexM3\ARM_GCC_493\Debug\control.o
                0x0000029c                Control_Start
 .text.Control_Update
                0x000002a0       0x34 .\CortexM3\ARM_GCC_493\Debug\control.o
                0x000002a0                Control_Update
 .text.Control_LeftGetCmdVelocity
                0x000002d4        0xc .\CortexM3\ARM_GCC_493\Debug\control.o
                0x000002d4                Control_LeftGetCmdVelocity
 .text.Control_RightGetCmdVelocity
                0x000002e0        0xc .\CortexM3\ARM_GCC_493\Debug\control.o
                0x000002e0                Control_RightGetCmdVelocity
 .text.Debug_Init
                0x000002ec        0x4 .\CortexM3\ARM_GCC_493\Debug\debug.o
                0x000002ec                Debug_Init
 .text.Debug_Start
                0x000002f0        0x4 .\CortexM3\ARM_GCC_493\Debug\debug.o
                0x000002f0                Debug_Start
 .text.Diag_Init
                0x000002f4       0x18 .\CortexM3\ARM_GCC_493\Debug\diag.o
                0x000002f4                Diag_Init
 .text.Diag_Start
                0x0000030c        0x4 .\CortexM3\ARM_GCC_493\Debug\diag.o
                0x0000030c                Diag_Start
 .text.Diag_Update
                0x00000310       0x38 .\CortexM3\ARM_GCC_493\Debug\diag.o
                0x00000310                Diag_Update
 .text.Encoder_Sample
                0x00000348       0x70 .\CortexM3\ARM_GCC_493\Debug\encoder.o
 .text.Encoder_Init
                0x000003b8       0x48 .\CortexM3\ARM_GCC_493\Debug\encoder.o
                0x000003b8                Encoder_Init
 .text.Encoder_Start
                0x00000400       0x20 .\CortexM3\ARM_GCC_493\Debug\encoder.o
                0x00000400                Encoder_Start
 .text.Encoder_Update
                0x00000420       0x58 .\CortexM3\ARM_GCC_493\Debug\encoder.o
                0x00000420                Encoder_Update
 .text.Encoder_LeftGetCntsPerSec
                0x00000478        0xc .\CortexM3\ARM_GCC_493\Debug\encoder.o
                0x00000478                Encoder_LeftGetCntsPerSec
 .text.Encoder_RightGetCntsPerSec
                0x00000484        0xc .\CortexM3\ARM_GCC_493\Debug\encoder.o
                0x00000484                Encoder_RightGetCntsPerSec
 .text.Encoder_LeftGetMeterPerSec
                0x00000490        0xc .\CortexM3\ARM_GCC_493\Debug\encoder.o
                0x00000490                Encoder_LeftGetMeterPerSec
 .text.Encoder_RightGetMeterPerSec
                0x0000049c        0xc .\CortexM3\ARM_GCC_493\Debug\encoder.o
                0x0000049c                Encoder_RightGetMeterPerSec
 .text.Encoder_Reset
                0x000004a8       0x3c .\CortexM3\ARM_GCC_493\Debug\encoder.o
                0x000004a8                Encoder_Reset
 .text.I2c_Init
                0x000004e4       0x20 .\CortexM3\ARM_GCC_493\Debug\i2c.o
                0x000004e4                I2c_Init
 .text.I2c_Start
                0x00000504       0x28 .\CortexM3\ARM_GCC_493\Debug\i2c.o
                0x00000504                I2c_Start
 .text.I2c_ReadDeviceControl
                0x0000052c       0x2c .\CortexM3\ARM_GCC_493\Debug\i2c.o
                0x0000052c                I2c_ReadDeviceControl
 .text.I2c_ReadCalibrationControl
                0x00000558       0x2c .\CortexM3\ARM_GCC_493\Debug\i2c.o
                0x00000558                I2c_ReadCalibrationControl
 *fill*         0x00000584        0x4 
 .text.I2c_ReadCmdVelocity
                0x00000588      0x130 .\CortexM3\ARM_GCC_493\Debug\i2c.o
                0x00000588                I2c_ReadCmdVelocity
 .text.I2c_SetCalibrationStatusBit
                0x000006b8       0x38 .\CortexM3\ARM_GCC_493\Debug\i2c.o
                0x000006b8                I2c_SetCalibrationStatusBit
 .text.I2c_ClearCalibrationStatusBit
                0x000006f0       0x3c .\CortexM3\ARM_GCC_493\Debug\i2c.o
                0x000006f0                I2c_ClearCalibrationStatusBit
 .text.I2c_WriteOdom
                0x0000072c       0x9c .\CortexM3\ARM_GCC_493\Debug\i2c.o
                0x0000072c                I2c_WriteOdom
 .text.I2c_UpdateHeartbeat
                0x000007c8       0x2c .\CortexM3\ARM_GCC_493\Debug\i2c.o
                0x000007c8                I2c_UpdateHeartbeat
 .text.Interpolate
                0x000007f4       0x3c .\CortexM3\ARM_GCC_493\Debug\motor.o
 .text.calculate_pwm
                0x00000830       0x74 .\CortexM3\ARM_GCC_493\Debug\motor.o
 .text.calc_motor_output_from_cps
                0x000008a4       0xa8 .\CortexM3\ARM_GCC_493\Debug\motor.o
 .text.RampSpeed
                0x0000094c       0x44 .\CortexM3\ARM_GCC_493\Debug\motor.o
 .text.CollectCpsPwmSamples
                0x00000990       0x58 .\CortexM3\ARM_GCC_493\Debug\motor.o
 .text.Motor_Init
                0x000009e8       0x18 .\CortexM3\ARM_GCC_493\Debug\motor.o
                0x000009e8                Motor_Init
 .text.Motor_Start
                0x00000a00       0x48 .\CortexM3\ARM_GCC_493\Debug\motor.o
                0x00000a00                Motor_Start
 .text.Motor_LeftSetCntsPerSec
                0x00000a48       0x18 .\CortexM3\ARM_GCC_493\Debug\motor.o
                0x00000a48                Motor_LeftSetCntsPerSec
 .text.Motor_RightSetCntsPerSec
                0x00000a60       0x18 .\CortexM3\ARM_GCC_493\Debug\motor.o
                0x00000a60                Motor_RightSetCntsPerSec
 .text.Motor_LeftSetMeterPerSec
                0x00000a78       0x28 .\CortexM3\ARM_GCC_493\Debug\motor.o
                0x00000a78                Motor_LeftSetMeterPerSec
 .text.Motor_RightSetMeterPerSec
                0x00000aa0       0x28 .\CortexM3\ARM_GCC_493\Debug\motor.o
                0x00000aa0                Motor_RightSetMeterPerSec
 .text.Motor_LeftGetPwm
                0x00000ac8        0xc .\CortexM3\ARM_GCC_493\Debug\motor.o
                0x00000ac8                Motor_LeftGetPwm
 .text.Motor_RightGetPwm
                0x00000ad4        0xc .\CortexM3\ARM_GCC_493\Debug\motor.o
                0x00000ad4                Motor_RightGetPwm
 .text.Motor_Stop
                0x00000ae0       0x20 .\CortexM3\ARM_GCC_493\Debug\motor.o
                0x00000ae0                Motor_Stop
 .text.Motor_CollectPwmCpsSamples
                0x00000b00       0xb4 .\CortexM3\ARM_GCC_493\Debug\motor.o
                0x00000b00                Motor_CollectPwmCpsSamples
 .text.Motor_LeftSetCalibration
                0x00000bb4        0xc .\CortexM3\ARM_GCC_493\Debug\motor.o
                0x00000bb4                Motor_LeftSetCalibration
 .text.Motor_RightSetCalibration
                0x00000bc0        0xc .\CortexM3\ARM_GCC_493\Debug\motor.o
                0x00000bc0                Motor_RightSetCalibration
 .text.Odom_Init
                0x00000bcc       0x14 .\CortexM3\ARM_GCC_493\Debug\odom.o
                0x00000bcc                Odom_Init
 .text.Odom_Start
                0x00000be0        0x4 .\CortexM3\ARM_GCC_493\Debug\odom.o
                0x00000be0                Odom_Start
 *fill*         0x00000be4        0x4 
 .text.calc_odom
                0x00000be8      0x298 .\CortexM3\ARM_GCC_493\Debug\odom.o
                0x00000be8                calc_odom
 .text.Odom_Update
                0x00000e80       0x5c .\CortexM3\ARM_GCC_493\Debug\odom.o
                0x00000e80                Odom_Update
 .text.Odom_Reset
                0x00000edc       0x28 .\CortexM3\ARM_GCC_493\Debug\odom.o
                0x00000edc                Odom_Reset
 .text.Odom_GetPosition
                0x00000f04       0x10 .\CortexM3\ARM_GCC_493\Debug\odom.o
                0x00000f04                Odom_GetPosition
 .text.Odom_GetHeading
                0x00000f14        0xc .\CortexM3\ARM_GCC_493\Debug\odom.o
                0x00000f14                Odom_GetHeading
 .text.ProcessPid
                0x00000f20       0xb0 .\CortexM3\ARM_GCC_493\Debug\pid.o
 .text.Pid_Init
                0x00000fd0       0x68 .\CortexM3\ARM_GCC_493\Debug\pid.o
                0x00000fd0                Pid_Init
 .text.Pid_Start
                0x00001038       0x30 .\CortexM3\ARM_GCC_493\Debug\pid.o
                0x00001038                Pid_Start
 .text.Pid_Update
                0x00001068       0x50 .\CortexM3\ARM_GCC_493\Debug\pid.o
                0x00001068                Pid_Update
 .text.StepImpulse
                0x000010b8       0x80 .\CortexM3\ARM_GCC_493\Debug\pid.o
 .text.Pid_LeftStepInput
                0x00001138       0x28 .\CortexM3\ARM_GCC_493\Debug\pid.o
                0x00001138                Pid_LeftStepInput
 .text.Pid_RightStepInput
                0x00001160       0x28 .\CortexM3\ARM_GCC_493\Debug\pid.o
                0x00001160                Pid_RightStepInput
 .text.SysTickIsrHandler
                0x00001188       0x10 .\CortexM3\ARM_GCC_493\Debug\time.o
 .text.Time_Init
                0x00001198        0xc .\CortexM3\ARM_GCC_493\Debug\time.o
                0x00001198                Time_Init
 .text.Time_Start
                0x000011a4       0x2c .\CortexM3\ARM_GCC_493\Debug\time.o
                0x000011a4                Time_Start
 .text.millis   0x000011d0        0xc .\CortexM3\ARM_GCC_493\Debug\time.o
                0x000011d0                millis
 .text.Ultrasonic_Init
                0x000011dc        0x4 .\CortexM3\ARM_GCC_493\Debug\ultrasonic.o
                0x000011dc                Ultrasonic_Init
 .text.MovingAverageFloat
                0x000011e0       0x2c .\CortexM3\ARM_GCC_493\Debug\utils.o
                0x000011e0                MovingAverageFloat
 .text.Uint16ToTwoBytes
                0x0000120c        0x8 .\CortexM3\ARM_GCC_493\Debug\utils.o
                0x0000120c                Uint16ToTwoBytes
 .text.FloatToFourBytes
                0x00001214       0x20 .\CortexM3\ARM_GCC_493\Debug\utils.o
                0x00001214                FloatToFourBytes
 .text.BinaryRangeSearch
                0x00001234       0x50 .\CortexM3\ARM_GCC_493\Debug\utils.o
                0x00001234                BinaryRangeSearch
 *fill*         0x00001284        0x4 
 .text.ConvertLinearAngularToDifferential
                0x00001288       0x70 .\CortexM3\ARM_GCC_493\Debug\utils.o
                0x00001288                ConvertLinearAngularToDifferential
 .text.initializeQueue
                0x000012f8       0x10 .\CortexM3\ARM_GCC_493\Debug\infrared.o
                0x000012f8                initializeQueue
 .text.Infrared_Init
                0x00001308       0x30 .\CortexM3\ARM_GCC_493\Debug\infrared.o
                0x00001308                Infrared_Init
 .text.PIDCompute
                0x00001338       0xa4 .\CortexM3\ARM_GCC_493\Debug\pid_controller.o
                0x00001338                PIDCompute
 .text.PIDOutputLimitsSet
                0x000013dc       0x5c .\CortexM3\ARM_GCC_493\Debug\pid_controller.o
                0x000013dc                PIDOutputLimitsSet
 .text.PIDTuningsSet
                0x00001438       0x6c .\CortexM3\ARM_GCC_493\Debug\pid_controller.o
                0x00001438                PIDTuningsSet
 .text.PIDInit  0x000014a4       0x54 .\CortexM3\ARM_GCC_493\Debug\pid_controller.o
                0x000014a4                PIDInit
 .text.PIDSetpointSet
                0x000014f8        0x4 .\CortexM3\ARM_GCC_493\Debug\pid_controller.o
                0x000014f8                PIDSetpointSet
 .text.PIDInputSet
                0x000014fc        0x4 .\CortexM3\ARM_GCC_493\Debug\pid_controller.o
                0x000014fc                PIDInputSet
 .text.Ser_Init
                0x00001500       0x24 .\CortexM3\ARM_GCC_493\Debug\serial.o
                0x00001500                Ser_Init
 .text.Ser_Start
                0x00001524        0x4 .\CortexM3\ARM_GCC_493\Debug\serial.o
                0x00001524                Ser_Start
 .text.Ser_PutString
                0x00001528        0x4 .\CortexM3\ARM_GCC_493\Debug\serial.o
                0x00001528                Ser_PutString
 .text.Ser_IsDataReady
                0x0000152c       0x20 .\CortexM3\ARM_GCC_493\Debug\serial.o
                0x0000152c                Ser_IsDataReady
 .text.Ser_ReadFloat
                0x0000154c       0x18 .\CortexM3\ARM_GCC_493\Debug\serial.o
                0x0000154c                Ser_ReadFloat
 .text.Nvstore_Init
                0x00001564        0x4 .\CortexM3\ARM_GCC_493\Debug\nvstore.o
                0x00001564                Nvstore_Init
 .text.Nvstore_Start
                0x00001568        0x8 .\CortexM3\ARM_GCC_493\Debug\nvstore.o
                0x00001568                Nvstore_Start
 .text.Nvstore_WriteBytes
                0x00001570       0xc8 .\CortexM3\ARM_GCC_493\Debug\nvstore.o
                0x00001570                Nvstore_WriteBytes
 .text.Nvstore_WriteUint16
                0x00001638       0x28 .\CortexM3\ARM_GCC_493\Debug\nvstore.o
                0x00001638                Nvstore_WriteUint16
 .text.Nvstore_WriteFloat
                0x00001660       0x2c .\CortexM3\ARM_GCC_493\Debug\nvstore.o
                0x00001660                Nvstore_WriteFloat
 .text.Init     0x0000168c       0x28 .\CortexM3\ARM_GCC_493\Debug\calcps2pwm.o
 .text.CalculatePwmSamples
                0x000016b4       0x64 .\CortexM3\ARM_GCC_493\Debug\calcps2pwm.o
 .text.AddSamplesToSum
                0x00001718       0x24 .\CortexM3\ARM_GCC_493\Debug\calcps2pwm.o
 .text.CalculateAvgCpsSamples
                0x0000173c       0x20 .\CortexM3\ARM_GCC_493\Debug\calcps2pwm.o
 .text.CalculateMinMaxCpsSample
                0x0000175c       0x38 .\CortexM3\ARM_GCC_493\Debug\calcps2pwm.o
 .text.CalibrateWheelSpeed
                0x00001794       0x5c .\CortexM3\ARM_GCC_493\Debug\calcps2pwm.o
 .text.StoreWheelSpeedSamples
                0x000017f0       0x5c .\CortexM3\ARM_GCC_493\Debug\calcps2pwm.o
 .text.OutputSamples
                0x0000184c       0x64 .\CortexM3\ARM_GCC_493\Debug\calcps2pwm.o
 .text.PerformCountPerSecToPwmCalibration
                0x000018b0      0x11c .\CortexM3\ARM_GCC_493\Debug\calcps2pwm.o
                0x000018b0                PerformCountPerSecToPwmCalibration
 *fill*         0x000019cc        0x4 
 .text.Twiddle  0x000019d0      0x160 .\CortexM3\ARM_GCC_493\Debug\calpid.o
 .text.StoreLeftGains
                0x00001b30       0x3c .\CortexM3\ARM_GCC_493\Debug\calpid.o
 .text.DoLeftTwiddle
                0x00001b6c       0x28 .\CortexM3\ARM_GCC_493\Debug\calpid.o
 .text.StoreRightGains
                0x00001b94       0x3c .\CortexM3\ARM_GCC_493\Debug\calpid.o
 .text.DoRightTwiddle
                0x00001bd0       0x28 .\CortexM3\ARM_GCC_493\Debug\calpid.o
 .text.PerformPidCalibration
                0x00001bf8       0x28 .\CortexM3\ARM_GCC_493\Debug\calpid.o
                0x00001bf8                PerformPidCalibration
 .text.PerformAngularBiasCalibration
                0x00001c20      0x170 .\CortexM3\ARM_GCC_493\Debug\calang.o
                0x00001c20                PerformAngularBiasCalibration
 .text.PerformLinearBiasCalibration
                0x00001d90      0x130 .\CortexM3\ARM_GCC_493\Debug\callin.o
                0x00001d90                PerformLinearBiasCalibration
 .text.IntDefaultHandler
                0x00001ec0        0x4 .\CortexM3\ARM_GCC_493\Debug\Cm3Start.o
                0x00001ec0                IntDefaultHandler
 .text._exit    0x00001ec4        0xc .\CortexM3\ARM_GCC_493\Debug\Cm3Start.o
                0x00001ec4                _exit
 .text._sbrk    0x00001ed0       0x30 .\CortexM3\ARM_GCC_493\Debug\Cm3Start.o
                0x00001ed0                _sbrk
 .text.Start_c  0x00001f00       0x4c .\CortexM3\ARM_GCC_493\Debug\Cm3Start.o
                0x00001f00                Start_c
 .text.initialize_psoc
                0x00001f4c       0x74 .\CortexM3\ARM_GCC_493\Debug\Cm3Start.o
                0x00001f4c                initialize_psoc
 .text.cfg_write_bytes32
                0x00001fc0       0x34 .\CortexM3\ARM_GCC_493\Debug\freesoc.a(cyfitter_cfg.o)
 .text.CYMEMZERO
                0x00001ff4        0xc .\CortexM3\ARM_GCC_493\Debug\freesoc.a(cyfitter_cfg.o)
 .text.ClockSetup
                0x00002000       0xe4 .\CortexM3\ARM_GCC_493\Debug\freesoc.a(cyfitter_cfg.o)
 .text.AnalogSetDefault
                0x000020e4       0x98 .\CortexM3\ARM_GCC_493\Debug\freesoc.a(cyfitter_cfg.o)
 .text.CYCONFIGCPY
                0x0000217c        0x8 .\CortexM3\ARM_GCC_493\Debug\freesoc.a(cyfitter_cfg.o)
 .text.Front_AMuxSeq_DisconnectAll
                0x00002184       0x18 .\CortexM3\ARM_GCC_493\Debug\freesoc.a(cyfitter_cfg.o)
                0x00002184                Front_AMuxSeq_DisconnectAll
 .text.Rear_AMuxSeq_DisconnectAll
                0x0000219c       0x18 .\CortexM3\ARM_GCC_493\Debug\freesoc.a(cyfitter_cfg.o)
                0x0000219c                Rear_AMuxSeq_DisconnectAll
 .text.cyfitter_cfg
                0x000021b4      0x1a8 .\CortexM3\ARM_GCC_493\Debug\freesoc.a(cyfitter_cfg.o)
                0x000021b4                cyfitter_cfg
 .text.Left_HB25_Enable_Pin_Write
                0x0000235c       0x18 .\CortexM3\ARM_GCC_493\Debug\freesoc.a(Left_HB25_Enable_Pin.o)
                0x0000235c                Left_HB25_Enable_Pin_Write
 .text.Left_HB25_PWM_Stop
                0x00002374        0x4 .\CortexM3\ARM_GCC_493\Debug\freesoc.a(Left_HB25_PWM.o)
                0x00002374                Left_HB25_PWM_Stop
 .text.Left_HB25_PWM_WriteCounter
                0x00002378        0xc .\CortexM3\ARM_GCC_493\Debug\freesoc.a(Left_HB25_PWM.o)
                0x00002378                Left_HB25_PWM_WriteCounter
 .text.Left_HB25_PWM_WritePeriod
                0x00002384        0xc .\CortexM3\ARM_GCC_493\Debug\freesoc.a(Left_HB25_PWM.o)
                0x00002384                Left_HB25_PWM_WritePeriod
 .text.Left_HB25_PWM_WriteCompare
                0x00002390        0xc .\CortexM3\ARM_GCC_493\Debug\freesoc.a(Left_HB25_PWM.o)
                0x00002390                Left_HB25_PWM_WriteCompare
 .text.Left_HB25_PWM_Init
                0x0000239c       0x34 .\CortexM3\ARM_GCC_493\Debug\freesoc.a(Left_HB25_PWM.o)
                0x0000239c                Left_HB25_PWM_Init
 .text.Left_HB25_PWM_Start
                0x000023d0       0x18 .\CortexM3\ARM_GCC_493\Debug\freesoc.a(Left_HB25_PWM.o)
                0x000023d0                Left_HB25_PWM_Start
 .text.Right_HB25_Enable_Pin_Write
                0x000023e8       0x18 .\CortexM3\ARM_GCC_493\Debug\freesoc.a(Right_HB25_Enable_Pin.o)
                0x000023e8                Right_HB25_Enable_Pin_Write
 .text.Right_HB25_PWM_Stop
                0x00002400        0x4 .\CortexM3\ARM_GCC_493\Debug\freesoc.a(Right_HB25_PWM.o)
                0x00002400                Right_HB25_PWM_Stop
 .text.Right_HB25_PWM_WriteCounter
                0x00002404        0xc .\CortexM3\ARM_GCC_493\Debug\freesoc.a(Right_HB25_PWM.o)
                0x00002404                Right_HB25_PWM_WriteCounter
 .text.Right_HB25_PWM_WritePeriod
                0x00002410        0xc .\CortexM3\ARM_GCC_493\Debug\freesoc.a(Right_HB25_PWM.o)
                0x00002410                Right_HB25_PWM_WritePeriod
 .text.Right_HB25_PWM_WriteCompare
                0x0000241c        0xc .\CortexM3\ARM_GCC_493\Debug\freesoc.a(Right_HB25_PWM.o)
                0x0000241c                Right_HB25_PWM_WriteCompare
 .text.Right_HB25_PWM_Init
                0x00002428       0x34 .\CortexM3\ARM_GCC_493\Debug\freesoc.a(Right_HB25_PWM.o)
                0x00002428                Right_HB25_PWM_Init
 .text.Right_HB25_PWM_Start
                0x0000245c       0x18 .\CortexM3\ARM_GCC_493\Debug\freesoc.a(Right_HB25_PWM.o)
                0x0000245c                Right_HB25_PWM_Start
 *fill*         0x00002474        0x4 
 .text          0x00002478       0x20 .\CortexM3\ARM_GCC_493\Debug\freesoc.a(CyBootAsmGnu.o)
                0x00002478                CyDelayCycles
                0x00002488                CyEnterCriticalSection
                0x00002490                CyExitCriticalSection
 .text.CyHalt   0x00002498        0x4 .\CortexM3\ARM_GCC_493\Debug\freesoc.a(CyLib.o)
                0x00002498                CyHalt
 .text.CyDelay  0x0000249c       0x2c .\CortexM3\ARM_GCC_493\Debug\freesoc.a(CyLib.o)
                0x0000249c                CyDelay
 .text.CyDelayUs
                0x000024c8       0x14 .\CortexM3\ARM_GCC_493\Debug\freesoc.a(CyLib.o)
                0x000024c8                CyDelayUs
 .text.CyIntSetSysVector
                0x000024dc       0x28 .\CortexM3\ARM_GCC_493\Debug\freesoc.a(CyLib.o)
                0x000024dc                CyIntSetSysVector
 .text.CyIntSetVector
                0x00002504       0x28 .\CortexM3\ARM_GCC_493\Debug\freesoc.a(CyLib.o)
                0x00002504                CyIntSetVector
 .text.CyIntSetPriority
                0x0000252c       0x30 .\CortexM3\ARM_GCC_493\Debug\freesoc.a(CyLib.o)
                0x0000252c                CyIntSetPriority
 .text.CySysTickEnableInterrupt
                0x0000255c       0x10 .\CortexM3\ARM_GCC_493\Debug\freesoc.a(CyLib.o)
                0x0000255c                CySysTickEnableInterrupt
 .text.CySysTickEnable
                0x0000256c       0x18 .\CortexM3\ARM_GCC_493\Debug\freesoc.a(CyLib.o)
                0x0000256c                CySysTickEnable
 .text.CySysTickSetReload
                0x00002584       0x10 .\CortexM3\ARM_GCC_493\Debug\freesoc.a(CyLib.o)
                0x00002584                CySysTickSetReload
 .text.CySysTickSetClockSource
                0x00002594       0x20 .\CortexM3\ARM_GCC_493\Debug\freesoc.a(CyLib.o)
                0x00002594                CySysTickSetClockSource
 .text.CySysTickGetCountFlag
                0x000025b4       0x10 .\CortexM3\ARM_GCC_493\Debug\freesoc.a(CyLib.o)
                0x000025b4                CySysTickGetCountFlag
 .text.CySysTickServiceCallbacks
                0x000025c4       0x28 .\CortexM3\ARM_GCC_493\Debug\freesoc.a(CyLib.o)
 .text.CySysTickClear
                0x000025ec        0xc .\CortexM3\ARM_GCC_493\Debug\freesoc.a(CyLib.o)
                0x000025ec                CySysTickClear
 .text.CySysTickInit
                0x000025f8       0x58 .\CortexM3\ARM_GCC_493\Debug\freesoc.a(CyLib.o)
                0x000025f8                CySysTickInit
 .text.CySysTickStart
                0x00002650       0x1c .\CortexM3\ARM_GCC_493\Debug\freesoc.a(CyLib.o)
                0x00002650                CySysTickStart
 .text.CySysTickSetCallback
                0x0000266c       0x10 .\CortexM3\ARM_GCC_493\Debug\freesoc.a(CyLib.o)
                0x0000266c                CySysTickSetCallback
 .text.CySysTickGetCallback
                0x0000267c       0x10 .\CortexM3\ARM_GCC_493\Debug\freesoc.a(CyLib.o)
                0x0000267c                CySysTickGetCallback
 .text.EZI2C_Slave_Init
                0x0000268c       0x70 .\CortexM3\ARM_GCC_493\Debug\freesoc.a(EZI2C_Slave.o)
                0x0000268c                EZI2C_Slave_Init
 .text.EZI2C_Slave_Enable
                0x000026fc       0x30 .\CortexM3\ARM_GCC_493\Debug\freesoc.a(EZI2C_Slave.o)
                0x000026fc                EZI2C_Slave_Enable
 .text.EZI2C_Slave_Start
                0x0000272c       0x1c .\CortexM3\ARM_GCC_493\Debug\freesoc.a(EZI2C_Slave.o)
                0x0000272c                EZI2C_Slave_Start
 .text.EZI2C_Slave_GetActivity
                0x00002748       0x28 .\CortexM3\ARM_GCC_493\Debug\freesoc.a(EZI2C_Slave.o)
                0x00002748                EZI2C_Slave_GetActivity
 .text.EZI2C_Slave_SetBuffer1
                0x00002770       0x50 .\CortexM3\ARM_GCC_493\Debug\freesoc.a(EZI2C_Slave.o)
                0x00002770                EZI2C_Slave_SetBuffer1
 .text.EZI2C_Slave_ISR
                0x000027c0      0x1c4 .\CortexM3\ARM_GCC_493\Debug\freesoc.a(EZI2C_Slave_INT.o)
                0x000027c0                EZI2C_Slave_ISR
 .text.Mainloop_Pin_Write
                0x00002984       0x18 .\CortexM3\ARM_GCC_493\Debug\freesoc.a(Mainloop_Pin.o)
                0x00002984                Mainloop_Pin_Write
 .text.EEPROM_Enable
                0x0000299c        0xc .\CortexM3\ARM_GCC_493\Debug\freesoc.a(EEPROM.o)
                0x0000299c                EEPROM_Enable
 .text.EEPROM_Start
                0x000029a8        0x8 .\CortexM3\ARM_GCC_493\Debug\freesoc.a(EEPROM.o)
                0x000029a8                EEPROM_Start
 .text.EEPROM_WriteByte
                0x000029b0       0xd4 .\CortexM3\ARM_GCC_493\Debug\freesoc.a(EEPROM.o)
                0x000029b0                EEPROM_WriteByte
 .text.EEPROM_Write
                0x00002a84       0xb4 .\CortexM3\ARM_GCC_493\Debug\freesoc.a(EEPROM.o)
                0x00002a84                EEPROM_Write
 .text.Right_QuadDec_Init
                0x00002b38       0x24 .\CortexM3\ARM_GCC_493\Debug\freesoc.a(Right_QuadDec.o)
                0x00002b38                Right_QuadDec_Init
 .text.Right_QuadDec_GetCounter
                0x00002b5c       0x2c .\CortexM3\ARM_GCC_493\Debug\freesoc.a(Right_QuadDec.o)
                0x00002b5c                Right_QuadDec_GetCounter
 .text.Right_QuadDec_SetCounter
                0x00002b88       0x2c .\CortexM3\ARM_GCC_493\Debug\freesoc.a(Right_QuadDec.o)
                0x00002b88                Right_QuadDec_SetCounter
 .text.Right_QuadDec_GetEvents
                0x00002bb4       0x10 .\CortexM3\ARM_GCC_493\Debug\freesoc.a(Right_QuadDec.o)
                0x00002bb4                Right_QuadDec_GetEvents
 .text.Right_QuadDec_SetInterruptMask
                0x00002bc4       0x10 .\CortexM3\ARM_GCC_493\Debug\freesoc.a(Right_QuadDec.o)
                0x00002bc4                Right_QuadDec_SetInterruptMask
 .text.Right_QuadDec_Enable
                0x00002bd4       0x30 .\CortexM3\ARM_GCC_493\Debug\freesoc.a(Right_QuadDec.o)
                0x00002bd4                Right_QuadDec_Enable
 .text.Right_QuadDec_Start
                0x00002c04       0x34 .\CortexM3\ARM_GCC_493\Debug\freesoc.a(Right_QuadDec.o)
                0x00002c04                Right_QuadDec_Start
 .text.Right_QuadDec_ISR
                0x00002c38       0x40 .\CortexM3\ARM_GCC_493\Debug\freesoc.a(Right_QuadDec_INT.o)
                0x00002c38                Right_QuadDec_ISR
 .text.Right_QuadDec_Cnt16_Enable
                0x00002c78       0x10 .\CortexM3\ARM_GCC_493\Debug\freesoc.a(Right_QuadDec_Cnt16.o)
                0x00002c78                Right_QuadDec_Cnt16_Enable
 .text.Right_QuadDec_Cnt16_SetInterruptMode
                0x00002c88        0xc .\CortexM3\ARM_GCC_493\Debug\freesoc.a(Right_QuadDec_Cnt16.o)
                0x00002c88                Right_QuadDec_Cnt16_SetInterruptMode
 .text.Right_QuadDec_Cnt16_ReadStatusRegister
                0x00002c94        0xc .\CortexM3\ARM_GCC_493\Debug\freesoc.a(Right_QuadDec_Cnt16.o)
                0x00002c94                Right_QuadDec_Cnt16_ReadStatusRegister
 .text.Right_QuadDec_Cnt16_WriteCounter
                0x00002ca0        0xc .\CortexM3\ARM_GCC_493\Debug\freesoc.a(Right_QuadDec_Cnt16.o)
                0x00002ca0                Right_QuadDec_Cnt16_WriteCounter
 .text.Right_QuadDec_Cnt16_ReadCounter
                0x00002cac       0x14 .\CortexM3\ARM_GCC_493\Debug\freesoc.a(Right_QuadDec_Cnt16.o)
                0x00002cac                Right_QuadDec_Cnt16_ReadCounter
 .text.Right_QuadDec_Cnt16_ReadCapture
                0x00002cc0        0xc .\CortexM3\ARM_GCC_493\Debug\freesoc.a(Right_QuadDec_Cnt16.o)
                0x00002cc0                Right_QuadDec_Cnt16_ReadCapture
 .text.Right_QuadDec_Cnt16_WritePeriod
                0x00002ccc        0xc .\CortexM3\ARM_GCC_493\Debug\freesoc.a(Right_QuadDec_Cnt16.o)
                0x00002ccc                Right_QuadDec_Cnt16_WritePeriod
 .text.Right_QuadDec_Cnt16_WriteCompare
                0x00002cd8        0xc .\CortexM3\ARM_GCC_493\Debug\freesoc.a(Right_QuadDec_Cnt16.o)
                0x00002cd8                Right_QuadDec_Cnt16_WriteCompare
 .text.Right_QuadDec_Cnt16_ClearFIFO
                0x00002ce4       0x14 .\CortexM3\ARM_GCC_493\Debug\freesoc.a(Right_QuadDec_Cnt16.o)
                0x00002ce4                Right_QuadDec_Cnt16_ClearFIFO
 .text.Right_QuadDec_Cnt16_Init
                0x00002cf8       0x58 .\CortexM3\ARM_GCC_493\Debug\freesoc.a(Right_QuadDec_Cnt16.o)
                0x00002cf8                Right_QuadDec_Cnt16_Init
 .text.Right_QuadDec_Cnt16_Start
                0x00002d50       0x1c .\CortexM3\ARM_GCC_493\Debug\freesoc.a(Right_QuadDec_Cnt16.o)
                0x00002d50                Right_QuadDec_Cnt16_Start
 .text.Left_QuadDec_Init
                0x00002d6c       0x24 .\CortexM3\ARM_GCC_493\Debug\freesoc.a(Left_QuadDec.o)
                0x00002d6c                Left_QuadDec_Init
 .text.Left_QuadDec_GetCounter
                0x00002d90       0x2c .\CortexM3\ARM_GCC_493\Debug\freesoc.a(Left_QuadDec.o)
                0x00002d90                Left_QuadDec_GetCounter
 .text.Left_QuadDec_SetCounter
                0x00002dbc       0x28 .\CortexM3\ARM_GCC_493\Debug\freesoc.a(Left_QuadDec.o)
                0x00002dbc                Left_QuadDec_SetCounter
 .text.Left_QuadDec_GetEvents
                0x00002de4       0x10 .\CortexM3\ARM_GCC_493\Debug\freesoc.a(Left_QuadDec.o)
                0x00002de4                Left_QuadDec_GetEvents
 .text.Left_QuadDec_SetInterruptMask
                0x00002df4       0x10 .\CortexM3\ARM_GCC_493\Debug\freesoc.a(Left_QuadDec.o)
                0x00002df4                Left_QuadDec_SetInterruptMask
 .text.Left_QuadDec_Enable
                0x00002e04       0x30 .\CortexM3\ARM_GCC_493\Debug\freesoc.a(Left_QuadDec.o)
                0x00002e04                Left_QuadDec_Enable
 .text.Left_QuadDec_Start
                0x00002e34       0x34 .\CortexM3\ARM_GCC_493\Debug\freesoc.a(Left_QuadDec.o)
                0x00002e34                Left_QuadDec_Start
 .text.Left_QuadDec_ISR
                0x00002e68       0x40 .\CortexM3\ARM_GCC_493\Debug\freesoc.a(Left_QuadDec_INT.o)
                0x00002e68                Left_QuadDec_ISR
 .text.Left_QuadDec_Cnt16_Enable
                0x00002ea8       0x10 .\CortexM3\ARM_GCC_493\Debug\freesoc.a(Left_QuadDec_Cnt16.o)
                0x00002ea8                Left_QuadDec_Cnt16_Enable
 .text.Left_QuadDec_Cnt16_SetInterruptMode
                0x00002eb8        0xc .\CortexM3\ARM_GCC_493\Debug\freesoc.a(Left_QuadDec_Cnt16.o)
                0x00002eb8                Left_QuadDec_Cnt16_SetInterruptMode
 .text.Left_QuadDec_Cnt16_ReadStatusRegister
                0x00002ec4        0xc .\CortexM3\ARM_GCC_493\Debug\freesoc.a(Left_QuadDec_Cnt16.o)
                0x00002ec4                Left_QuadDec_Cnt16_ReadStatusRegister
 .text.Left_QuadDec_Cnt16_WriteCounter
                0x00002ed0        0xc .\CortexM3\ARM_GCC_493\Debug\freesoc.a(Left_QuadDec_Cnt16.o)
                0x00002ed0                Left_QuadDec_Cnt16_WriteCounter
 .text.Left_QuadDec_Cnt16_ReadCounter
                0x00002edc       0x14 .\CortexM3\ARM_GCC_493\Debug\freesoc.a(Left_QuadDec_Cnt16.o)
                0x00002edc                Left_QuadDec_Cnt16_ReadCounter
 .text.Left_QuadDec_Cnt16_ReadCapture
                0x00002ef0        0xc .\CortexM3\ARM_GCC_493\Debug\freesoc.a(Left_QuadDec_Cnt16.o)
                0x00002ef0                Left_QuadDec_Cnt16_ReadCapture
 .text.Left_QuadDec_Cnt16_WritePeriod
                0x00002efc        0xc .\CortexM3\ARM_GCC_493\Debug\freesoc.a(Left_QuadDec_Cnt16.o)
                0x00002efc                Left_QuadDec_Cnt16_WritePeriod
 .text.Left_QuadDec_Cnt16_WriteCompare
                0x00002f08        0xc .\CortexM3\ARM_GCC_493\Debug\freesoc.a(Left_QuadDec_Cnt16.o)
                0x00002f08                Left_QuadDec_Cnt16_WriteCompare
 .text.Left_QuadDec_Cnt16_ClearFIFO
                0x00002f14       0x14 .\CortexM3\ARM_GCC_493\Debug\freesoc.a(Left_QuadDec_Cnt16.o)
                0x00002f14                Left_QuadDec_Cnt16_ClearFIFO
 .text.Left_QuadDec_Cnt16_Init
                0x00002f28       0x58 .\CortexM3\ARM_GCC_493\Debug\freesoc.a(Left_QuadDec_Cnt16.o)
                0x00002f28                Left_QuadDec_Cnt16_Init
 .text.Left_QuadDec_Cnt16_Start
                0x00002f80       0x1c .\CortexM3\ARM_GCC_493\Debug\freesoc.a(Left_QuadDec_Cnt16.o)
                0x00002f80                Left_QuadDec_Cnt16_Start
 .text.USBUART_GetConfiguration
                0x00002f9c        0xc .\CortexM3\ARM_GCC_493\Debug\freesoc.a(USBUART.o)
                0x00002f9c                USBUART_GetConfiguration
 .text.USBUART_GetEPState
                0x00002fa8       0x14 .\CortexM3\ARM_GCC_493\Debug\freesoc.a(USBUART.o)
                0x00002fa8                USBUART_GetEPState
 .text.USBUART_GetEPCount
                0x00002fbc       0x28 .\CortexM3\ARM_GCC_493\Debug\freesoc.a(USBUART.o)
                0x00002fbc                USBUART_GetEPCount
 .text.USBUART_EnableOutEP
                0x00002fe4       0x2c .\CortexM3\ARM_GCC_493\Debug\freesoc.a(USBUART.o)
                0x00002fe4                USBUART_EnableOutEP
 .text.USBUART_ReadOutEP
                0x00003010       0x50 .\CortexM3\ARM_GCC_493\Debug\freesoc.a(USBUART.o)
                0x00003010                USBUART_ReadOutEP
 .text.USBUART_GetCount
                0x00003060       0x34 .\CortexM3\ARM_GCC_493\Debug\freesoc.a(USBUART_cdc.o)
                0x00003060                USBUART_GetCount
 .text.USBUART_CDCIsReady
                0x00003094       0x18 .\CortexM3\ARM_GCC_493\Debug\freesoc.a(USBUART_cdc.o)
                0x00003094                USBUART_CDCIsReady
 .text.USBUART_GetAll
                0x000030ac       0x30 .\CortexM3\ARM_GCC_493\Debug\freesoc.a(USBUART_cdc.o)
                0x000030ac                USBUART_GetAll
 .text.CyFlashGetSpcAlgorithm
                0x000030dc       0x4c .\CortexM3\ARM_GCC_493\Debug\freesoc.a(CyFlash.o)
 .text.CySetTempInt
                0x00003128       0x60 .\CortexM3\ARM_GCC_493\Debug\freesoc.a(CyFlash.o)
 .text.CySetTemp
                0x00003188       0x14 .\CortexM3\ARM_GCC_493\Debug\freesoc.a(CyFlash.o)
                0x00003188                CySetTemp
 .text.CyEEPROM_Start
                0x0000319c       0x54 .\CortexM3\ARM_GCC_493\Debug\freesoc.a(CyFlash.o)
                0x0000319c                CyEEPROM_Start
 .text.CySpcStart
                0x000031f0       0x24 .\CortexM3\ARM_GCC_493\Debug\freesoc.a(CySpc.o)
                0x000031f0                CySpcStart
 .text.CySpcReadData
                0x00003214       0x34 .\CortexM3\ARM_GCC_493\Debug\freesoc.a(CySpc.o)
                0x00003214                CySpcReadData
 .text.CySpcLoadMultiByte
                0x00003248       0x78 .\CortexM3\ARM_GCC_493\Debug\freesoc.a(CySpc.o)
                0x00003248                CySpcLoadMultiByte
 .text.CySpcLoadRow
                0x000032c0       0x54 .\CortexM3\ARM_GCC_493\Debug\freesoc.a(CySpc.o)
                0x000032c0                CySpcLoadRow
 .text.CySpcWriteRow
                0x00003314       0x4c .\CortexM3\ARM_GCC_493\Debug\freesoc.a(CySpc.o)
                0x00003314                CySpcWriteRow
 .text.CySpcGetTemp
                0x00003360       0x3c .\CortexM3\ARM_GCC_493\Debug\freesoc.a(CySpc.o)
                0x00003360                CySpcGetTemp
 .text.CySpcLock
                0x0000339c       0x4c .\CortexM3\ARM_GCC_493\Debug\freesoc.a(CySpc.o)
                0x0000339c                CySpcLock
 .text.CySpcUnlock
                0x000033e8       0x38 .\CortexM3\ARM_GCC_493\Debug\freesoc.a(CySpc.o)
                0x000033e8                CySpcUnlock
 .text.CySpcGetAlgorithm
                0x00003420       0x28 .\CortexM3\ARM_GCC_493\Debug\freesoc.a(CySpc.o)
                0x00003420                CySpcGetAlgorithm
 .text.cos      0x00003448       0x90 c:/program files (x86)/cypress/psoc creator/3.3/psoc creator/import/gnu/arm/4.9.3/bin/../lib/gcc/arm-none-eabi/4.9.3/../../../../arm-none-eabi/lib/armv7-m\libm.a(lib_a-s_cos.o)
                0x00003448                cos
 .text.sin      0x000034d8       0x94 c:/program files (x86)/cypress/psoc creator/3.3/psoc creator/import/gnu/arm/4.9.3/bin/../lib/gcc/arm-none-eabi/4.9.3/../../../../arm-none-eabi/lib/armv7-m\libm.a(lib_a-s_sin.o)
                0x000034d8                sin
 .text.pow      0x0000356c      0x2f0 c:/program files (x86)/cypress/psoc creator/3.3/psoc creator/import/gnu/arm/4.9.3/bin/../lib/gcc/arm-none-eabi/4.9.3/../../../../arm-none-eabi/lib/armv7-m\libm.a(lib_a-w_pow.o)
                0x0000356c                pow
 .text.sqrt     0x0000385c       0xac c:/program files (x86)/cypress/psoc creator/3.3/psoc creator/import/gnu/arm/4.9.3/bin/../lib/gcc/arm-none-eabi/4.9.3/../../../../arm-none-eabi/lib/armv7-m\libm.a(lib_a-w_sqrt.o)
                0x0000385c                sqrt
 .text.__ieee754_pow
                0x00003908      0xaa0 c:/program files (x86)/cypress/psoc creator/3.3/psoc creator/import/gnu/arm/4.9.3/bin/../lib/gcc/arm-none-eabi/4.9.3/../../../../arm-none-eabi/lib/armv7-m\libm.a(lib_a-e_pow.o)
                0x00003908                __ieee754_pow
 .text.__ieee754_rem_pio2
                0x000043a8      0x428 c:/program files (x86)/cypress/psoc creator/3.3/psoc creator/import/gnu/arm/4.9.3/bin/../lib/gcc/arm-none-eabi/4.9.3/../../../../arm-none-eabi/lib/armv7-m\libm.a(lib_a-e_rem_pio2.o)
                0x000043a8                __ieee754_rem_pio2
 .text.__ieee754_sqrt
                0x000047d0      0x18c c:/program files (x86)/cypress/psoc creator/3.3/psoc creator/import/gnu/arm/4.9.3/bin/../lib/gcc/arm-none-eabi/4.9.3/../../../../arm-none-eabi/lib/armv7-m\libm.a(lib_a-e_sqrt.o)
                0x000047d0                __ieee754_sqrt
 *fill*         0x0000495c        0x4 
 .text.__kernel_cos
                0x00004960      0x248 c:/program files (x86)/cypress/psoc creator/3.3/psoc creator/import/gnu/arm/4.9.3/bin/../lib/gcc/arm-none-eabi/4.9.3/../../../../arm-none-eabi/lib/armv7-m\libm.a(lib_a-k_cos.o)
                0x00004960                __kernel_cos
 .text.__kernel_rem_pio2
                0x00004ba8      0x808 c:/program files (x86)/cypress/psoc creator/3.3/psoc creator/import/gnu/arm/4.9.3/bin/../lib/gcc/arm-none-eabi/4.9.3/../../../../arm-none-eabi/lib/armv7-m\libm.a(lib_a-k_rem_pio2.o)
                0x00004ba8                __kernel_rem_pio2
 .text.__kernel_sin
                0x000053b0      0x170 c:/program files (x86)/cypress/psoc creator/3.3/psoc creator/import/gnu/arm/4.9.3/bin/../lib/gcc/arm-none-eabi/4.9.3/../../../../arm-none-eabi/lib/armv7-m\libm.a(lib_a-k_sin.o)
                0x000053b0                __kernel_sin
 .text.fabs     0x00005520        0x8 c:/program files (x86)/cypress/psoc creator/3.3/psoc creator/import/gnu/arm/4.9.3/bin/../lib/gcc/arm-none-eabi/4.9.3/../../../../arm-none-eabi/lib/armv7-m\libm.a(lib_a-s_fabs.o)
                0x00005520                fabs
 .text.finite   0x00005528        0xc c:/program files (x86)/cypress/psoc creator/3.3/psoc creator/import/gnu/arm/4.9.3/bin/../lib/gcc/arm-none-eabi/4.9.3/../../../../arm-none-eabi/lib/armv7-m\libm.a(lib_a-s_finite.o)
                0x00005528                finite
 *fill*         0x00005534        0x4 
 .text.floor    0x00005538      0x118 c:/program files (x86)/cypress/psoc creator/3.3/psoc creator/import/gnu/arm/4.9.3/bin/../lib/gcc/arm-none-eabi/4.9.3/../../../../arm-none-eabi/lib/armv7-m\libm.a(lib_a-s_floor.o)
                0x00005538                floor
 .text.__fpclassifyd
                0x00005650       0x58 c:/program files (x86)/cypress/psoc creator/3.3/psoc creator/import/gnu/arm/4.9.3/bin/../lib/gcc/arm-none-eabi/4.9.3/../../../../arm-none-eabi/lib/armv7-m\libm.a(lib_a-s_fpclassify.o)
                0x00005650                __fpclassifyd
 .text.matherr  0x000056a8        0x4 c:/program files (x86)/cypress/psoc creator/3.3/psoc creator/import/gnu/arm/4.9.3/bin/../lib/gcc/arm-none-eabi/4.9.3/../../../../arm-none-eabi/lib/armv7-m\libm.a(lib_a-s_matherr.o)
                0x000056a8                matherr
 .text.nan      0x000056ac        0xc c:/program files (x86)/cypress/psoc creator/3.3/psoc creator/import/gnu/arm/4.9.3/bin/../lib/gcc/arm-none-eabi/4.9.3/../../../../arm-none-eabi/lib/armv7-m\libm.a(lib_a-s_nan.o)
                0x000056ac                nan
 .text.rint     0x000056b8      0x11c c:/program files (x86)/cypress/psoc creator/3.3/psoc creator/import/gnu/arm/4.9.3/bin/../lib/gcc/arm-none-eabi/4.9.3/../../../../arm-none-eabi/lib/armv7-m\libm.a(lib_a-s_rint.o)
                0x000056b8                rint
 *fill*         0x000057d4        0x4 
 .text.scalbn   0x000057d8       0xf0 c:/program files (x86)/cypress/psoc creator/3.3/psoc creator/import/gnu/arm/4.9.3/bin/../lib/gcc/arm-none-eabi/4.9.3/../../../../arm-none-eabi/lib/armv7-m\libm.a(lib_a-s_scalbn.o)
                0x000057d8                scalbn
 .text.copysign
                0x000058c8       0x10 c:/program files (x86)/cypress/psoc creator/3.3/psoc creator/import/gnu/arm/4.9.3/bin/../lib/gcc/arm-none-eabi/4.9.3/../../../../arm-none-eabi/lib/armv7-m\libm.a(lib_a-s_copysign.o)
                0x000058c8                copysign
 .text          0x000058d8      0x370 c:/program files (x86)/cypress/psoc creator/3.3/psoc creator/import/gnu/arm/4.9.3/bin/../lib/gcc/arm-none-eabi/4.9.3/armv7-m\libgcc.a(_arm_addsubdf3.o)
                0x000058d8                __aeabi_drsub
                0x000058e0                __aeabi_dsub
                0x000058e0                __subdf3
                0x000058e4                __aeabi_dadd
                0x000058e4                __adddf3
                0x00005b5c                __floatunsidf
                0x00005b5c                __aeabi_ui2d
                0x00005b7c                __floatsidf
                0x00005b7c                __aeabi_i2d
                0x00005ba0                __aeabi_f2d
                0x00005ba0                __extendsfdf2
                0x00005bdc                __floatundidf
                0x00005bdc                __aeabi_ul2d
                0x00005bec                __floatdidf
                0x00005bec                __aeabi_l2d
 .text          0x00005c48      0x424 c:/program files (x86)/cypress/psoc creator/3.3/psoc creator/import/gnu/arm/4.9.3/bin/../lib/gcc/arm-none-eabi/4.9.3/armv7-m\libgcc.a(_arm_muldivdf3.o)
                0x00005c48                __aeabi_dmul
                0x00005c48                __muldf3
                0x00005e9c                __divdf3
                0x00005e9c                __aeabi_ddiv
 .text          0x0000606c      0x110 c:/program files (x86)/cypress/psoc creator/3.3/psoc creator/import/gnu/arm/4.9.3/bin/../lib/gcc/arm-none-eabi/4.9.3/armv7-m\libgcc.a(_arm_cmpdf2.o)
                0x0000606c                __gtdf2
                0x0000606c                __gedf2
                0x00006074                __ltdf2
                0x00006074                __ledf2
                0x0000607c                __nedf2
                0x0000607c                __eqdf2
                0x0000607c                __cmpdf2
                0x000060f8                __aeabi_cdrcmple
                0x00006108                __aeabi_cdcmpeq
                0x00006108                __aeabi_cdcmple
                0x00006118                __aeabi_dcmpeq
                0x0000612c                __aeabi_dcmplt
                0x00006140                __aeabi_dcmple
                0x00006154                __aeabi_dcmpge
                0x00006168                __aeabi_dcmpgt
 .text          0x0000617c       0x50 c:/program files (x86)/cypress/psoc creator/3.3/psoc creator/import/gnu/arm/4.9.3/bin/../lib/gcc/arm-none-eabi/4.9.3/armv7-m\libgcc.a(_arm_fixdfsi.o)
                0x0000617c                __aeabi_d2iz
                0x0000617c                __fixdfsi
 .text          0x000061cc       0xa0 c:/program files (x86)/cypress/psoc creator/3.3/psoc creator/import/gnu/arm/4.9.3/bin/../lib/gcc/arm-none-eabi/4.9.3/armv7-m\libgcc.a(_arm_truncdfsf2.o)
                0x000061cc                __truncdfsf2
                0x000061cc                __aeabi_d2f
 .text          0x0000626c      0x21c c:/program files (x86)/cypress/psoc creator/3.3/psoc creator/import/gnu/arm/4.9.3/bin/../lib/gcc/arm-none-eabi/4.9.3/armv7-m\libgcc.a(_arm_addsubsf3.o)
                0x0000626c                __aeabi_frsub
                0x00006274                __subsf3
                0x00006274                __aeabi_fsub
                0x00006278                __aeabi_fadd
                0x00006278                __addsf3
                0x000063d8                __aeabi_ui2f
                0x000063d8                __floatunsisf
                0x000063e0                __aeabi_i2f
                0x000063e0                __floatsisf
                0x000063fc                __aeabi_ul2f
                0x000063fc                __floatundisf
                0x0000640c                __aeabi_l2f
                0x0000640c                __floatdisf
 .text          0x00006488      0x2a0 c:/program files (x86)/cypress/psoc creator/3.3/psoc creator/import/gnu/arm/4.9.3/bin/../lib/gcc/arm-none-eabi/4.9.3/armv7-m\libgcc.a(_arm_muldivsf3.o)
                0x00006488                __mulsf3
                0x00006488                __aeabi_fmul
                0x000065f0                __aeabi_fdiv
                0x000065f0                __divsf3
 .text          0x00006728       0xec c:/program files (x86)/cypress/psoc creator/3.3/psoc creator/import/gnu/arm/4.9.3/bin/../lib/gcc/arm-none-eabi/4.9.3/armv7-m\libgcc.a(_arm_cmpsf2.o)
                0x00006728                __gesf2
                0x00006728                __gtsf2
                0x00006730                __lesf2
                0x00006730                __ltsf2
                0x00006738                __nesf2
                0x00006738                __eqsf2
                0x00006738                __cmpsf2
                0x00006798                __aeabi_cfrcmple
                0x000067a0                __aeabi_cfcmpeq
                0x000067a0                __aeabi_cfcmple
                0x000067b0                __aeabi_fcmpeq
                0x000067c4                __aeabi_fcmplt
                0x000067d8                __aeabi_fcmple
                0x000067ec                __aeabi_fcmpge
                0x00006800                __aeabi_fcmpgt
 .text          0x00006814       0x4c c:/program files (x86)/cypress/psoc creator/3.3/psoc creator/import/gnu/arm/4.9.3/bin/../lib/gcc/arm-none-eabi/4.9.3/armv7-m\libgcc.a(_arm_fixsfsi.o)
                0x00006814                __aeabi_f2iz
                0x00006814                __fixsfsi
 .text.__assert_func
                0x00006860       0x38 c:/program files (x86)/cypress/psoc creator/3.3/psoc creator/import/gnu/arm/4.9.3/bin/../lib/gcc/arm-none-eabi/4.9.3/../../../../arm-none-eabi/lib/armv7-m\libg_nano.a(lib_a-assert.o)
                0x00006860                __assert_func
 .text.__errno  0x00006898        0xc c:/program files (x86)/cypress/psoc creator/3.3/psoc creator/import/gnu/arm/4.9.3/bin/../lib/gcc/arm-none-eabi/4.9.3/../../../../arm-none-eabi/lib/armv7-m\libg_nano.a(lib_a-errno.o)
                0x00006898                __errno
 .text.fprintf  0x000068a4       0x24 c:/program files (x86)/cypress/psoc creator/3.3/psoc creator/import/gnu/arm/4.9.3/bin/../lib/gcc/arm-none-eabi/4.9.3/../../../../arm-none-eabi/lib/armv7-m\libg_nano.a(lib_a-fprintf.o)
                0x000068a4                fiprintf
                0x000068a4                fprintf
 .text.__libc_init_array
                0x000068c8       0x4c c:/program files (x86)/cypress/psoc creator/3.3/psoc creator/import/gnu/arm/4.9.3/bin/../lib/gcc/arm-none-eabi/4.9.3/../../../../arm-none-eabi/lib/armv7-m\libg_nano.a(lib_a-init.o)
                0x000068c8                __libc_init_array
 .text.memcpy   0x00006914       0x16 c:/program files (x86)/cypress/psoc creator/3.3/psoc creator/import/gnu/arm/4.9.3/bin/../lib/gcc/arm-none-eabi/4.9.3/../../../../arm-none-eabi/lib/armv7-m\libg_nano.a(lib_a-memcpy.o)
                0x00006914                memcpy
 .text.memset   0x0000692a       0x10 c:/program files (x86)/cypress/psoc creator/3.3/psoc creator/import/gnu/arm/4.9.3/bin/../lib/gcc/arm-none-eabi/4.9.3/../../../../arm-none-eabi/lib/armv7-m\libg_nano.a(lib_a-memset.o)
                0x0000692a                memset
 .text.__sfputc_r
                0x0000693a       0x2c c:/program files (x86)/cypress/psoc creator/3.3/psoc creator/import/gnu/arm/4.9.3/bin/../lib/gcc/arm-none-eabi/4.9.3/../../../../arm-none-eabi/lib/armv7-m\libg_nano.a(lib_a-nano-vfprintf.o)
 .text.__sfputs_r
                0x00006966       0x24 c:/program files (x86)/cypress/psoc creator/3.3/psoc creator/import/gnu/arm/4.9.3/bin/../lib/gcc/arm-none-eabi/4.9.3/../../../../arm-none-eabi/lib/armv7-m\libg_nano.a(lib_a-nano-vfprintf.o)
                0x00006966                __sfputs_r
 *fill*         0x0000698a        0x2 
 .text._vfprintf_r
                0x0000698c      0x210 c:/program files (x86)/cypress/psoc creator/3.3/psoc creator/import/gnu/arm/4.9.3/bin/../lib/gcc/arm-none-eabi/4.9.3/../../../../arm-none-eabi/lib/armv7-m\libg_nano.a(lib_a-nano-vfprintf.o)
                0x0000698c                _vfprintf_r
                0x0000698c                _vfiprintf_r
 .text.__cvt    0x00006b9c       0xbc c:/program files (x86)/cypress/psoc creator/3.3/psoc creator/import/gnu/arm/4.9.3/bin/../lib/gcc/arm-none-eabi/4.9.3/../../../../arm-none-eabi/lib/armv7-m\libg_nano.a(lib_a-nano-vfprintf_float.o)
                0x00006b9c                __cvt
 .text.__exponent
                0x00006c58       0x62 c:/program files (x86)/cypress/psoc creator/3.3/psoc creator/import/gnu/arm/4.9.3/bin/../lib/gcc/arm-none-eabi/4.9.3/../../../../arm-none-eabi/lib/armv7-m\libg_nano.a(lib_a-nano-vfprintf_float.o)
                0x00006c58                __exponent
 *fill*         0x00006cba        0x2 
 .text._printf_float
                0x00006cbc      0x48c c:/program files (x86)/cypress/psoc creator/3.3/psoc creator/import/gnu/arm/4.9.3/bin/../lib/gcc/arm-none-eabi/4.9.3/../../../../arm-none-eabi/lib/armv7-m\libg_nano.a(lib_a-nano-vfprintf_float.o)
                0x00006cbc                _printf_float
 .text._printf_common
                0x00007148       0xea c:/program files (x86)/cypress/psoc creator/3.3/psoc creator/import/gnu/arm/4.9.3/bin/../lib/gcc/arm-none-eabi/4.9.3/../../../../arm-none-eabi/lib/armv7-m\libg_nano.a(lib_a-nano-vfprintf_i.o)
                0x00007148                _printf_common
 *fill*         0x00007232        0x2 
 .text._printf_i
                0x00007234      0x240 c:/program files (x86)/cypress/psoc creator/3.3/psoc creator/import/gnu/arm/4.9.3/bin/../lib/gcc/arm-none-eabi/4.9.3/../../../../arm-none-eabi/lib/armv7-m\libg_nano.a(lib_a-nano-vfprintf_i.o)
                0x00007234                _printf_i
 .text.sprintf  0x00007474       0x48 c:/program files (x86)/cypress/psoc creator/3.3/psoc creator/import/gnu/arm/4.9.3/bin/../lib/gcc/arm-none-eabi/4.9.3/../../../../arm-none-eabi/lib/armv7-m\libg_nano.a(lib_a-sprintf.o)
                0x00007474                siprintf
                0x00007474                sprintf
 .text.strlen   0x000074bc       0x10 c:/program files (x86)/cypress/psoc creator/3.3/psoc creator/import/gnu/arm/4.9.3/bin/../lib/gcc/arm-none-eabi/4.9.3/../../../../arm-none-eabi/lib/armv7-m\libg_nano.a(lib_a-strlen.o)
                0x000074bc                strlen
 .text.__swbuf_r
                0x000074cc       0xa8 c:/program files (x86)/cypress/psoc creator/3.3/psoc creator/import/gnu/arm/4.9.3/bin/../lib/gcc/arm-none-eabi/4.9.3/../../../../arm-none-eabi/lib/armv7-m\libg_nano.a(lib_a-wbuf.o)
                0x000074cc                __swbuf_r
 .text.__swsetup_r
                0x00007574       0xd8 c:/program files (x86)/cypress/psoc creator/3.3/psoc creator/import/gnu/arm/4.9.3/bin/../lib/gcc/arm-none-eabi/4.9.3/../../../../arm-none-eabi/lib/armv7-m\libg_nano.a(lib_a-wsetup.o)
                0x00007574                __swsetup_r
 .text.abort    0x0000764c        0xe c:/program files (x86)/cypress/psoc creator/3.3/psoc creator/import/gnu/arm/4.9.3/bin/../lib/gcc/arm-none-eabi/4.9.3/../../../../arm-none-eabi/lib/armv7-m\libg_nano.a(lib_a-abort.o)
                0x0000764c                abort
 .text.quorem   0x0000765a      0x114 c:/program files (x86)/cypress/psoc creator/3.3/psoc creator/import/gnu/arm/4.9.3/bin/../lib/gcc/arm-none-eabi/4.9.3/../../../../arm-none-eabi/lib/armv7-m\libg_nano.a(lib_a-dtoa.o)
 *fill*         0x0000776e        0x2 
 .text._dtoa_r  0x00007770      0xb78 c:/program files (x86)/cypress/psoc creator/3.3/psoc creator/import/gnu/arm/4.9.3/bin/../lib/gcc/arm-none-eabi/4.9.3/../../../../arm-none-eabi/lib/armv7-m\libg_nano.a(lib_a-dtoa.o)
                0x00007770                _dtoa_r
 .text.__sflush_r
                0x000082e8      0x106 c:/program files (x86)/cypress/psoc creator/3.3/psoc creator/import/gnu/arm/4.9.3/bin/../lib/gcc/arm-none-eabi/4.9.3/../../../../arm-none-eabi/lib/armv7-m\libg_nano.a(lib_a-fflush.o)
                0x000082e8                __sflush_r
 *fill*         0x000083ee        0x2 
 .text._fflush_r
                0x000083f0       0x54 c:/program files (x86)/cypress/psoc creator/3.3/psoc creator/import/gnu/arm/4.9.3/bin/../lib/gcc/arm-none-eabi/4.9.3/../../../../arm-none-eabi/lib/armv7-m\libg_nano.a(lib_a-fflush.o)
                0x000083f0                _fflush_r
 .text._cleanup_r
                0x00008444        0xc c:/program files (x86)/cypress/psoc creator/3.3/psoc creator/import/gnu/arm/4.9.3/bin/../lib/gcc/arm-none-eabi/4.9.3/../../../../arm-none-eabi/lib/armv7-m\libg_nano.a(lib_a-findfp.o)
                0x00008444                _cleanup_r
 .text.std.isra.0
                0x00008450       0x48 c:/program files (x86)/cypress/psoc creator/3.3/psoc creator/import/gnu/arm/4.9.3/bin/../lib/gcc/arm-none-eabi/4.9.3/../../../../arm-none-eabi/lib/armv7-m\libg_nano.a(lib_a-findfp.o)
 .text.__sfmoreglue
                0x00008498       0x2c c:/program files (x86)/cypress/psoc creator/3.3/psoc creator/import/gnu/arm/4.9.3/bin/../lib/gcc/arm-none-eabi/4.9.3/../../../../arm-none-eabi/lib/armv7-m\libg_nano.a(lib_a-findfp.o)
                0x00008498                __sfmoreglue
 .text.__sinit  0x000084c4       0x60 c:/program files (x86)/cypress/psoc creator/3.3/psoc creator/import/gnu/arm/4.9.3/bin/../lib/gcc/arm-none-eabi/4.9.3/../../../../arm-none-eabi/lib/armv7-m\libg_nano.a(lib_a-findfp.o)
                0x000084c4                __sinit
 .text.__sfp    0x00008524       0x74 c:/program files (x86)/cypress/psoc creator/3.3/psoc creator/import/gnu/arm/4.9.3/bin/../lib/gcc/arm-none-eabi/4.9.3/../../../../arm-none-eabi/lib/armv7-m\libg_nano.a(lib_a-findfp.o)
                0x00008524                __sfp
 .text._fwalk_reent
                0x00008598       0x3c c:/program files (x86)/cypress/psoc creator/3.3/psoc creator/import/gnu/arm/4.9.3/bin/../lib/gcc/arm-none-eabi/4.9.3/../../../../arm-none-eabi/lib/armv7-m\libg_nano.a(lib_a-fwalk.o)
                0x00008598                _fwalk_reent
 .text._localeconv_r
                0x000085d4        0x8 c:/program files (x86)/cypress/psoc creator/3.3/psoc creator/import/gnu/arm/4.9.3/bin/../lib/gcc/arm-none-eabi/4.9.3/../../../../arm-none-eabi/lib/armv7-m\libg_nano.a(lib_a-locale.o)
                0x000085d4                _localeconv_r
 .text.__smakebuf_r
                0x000085dc       0x98 c:/program files (x86)/cypress/psoc creator/3.3/psoc creator/import/gnu/arm/4.9.3/bin/../lib/gcc/arm-none-eabi/4.9.3/../../../../arm-none-eabi/lib/armv7-m\libg_nano.a(lib_a-makebuf.o)
                0x000085dc                __smakebuf_r
 .text.malloc   0x00008674       0x10 c:/program files (x86)/cypress/psoc creator/3.3/psoc creator/import/gnu/arm/4.9.3/bin/../lib/gcc/arm-none-eabi/4.9.3/../../../../arm-none-eabi/lib/armv7-m\libg_nano.a(lib_a-malloc.o)
                0x00008674                malloc
 .text.memchr   0x00008684       0x1c c:/program files (x86)/cypress/psoc creator/3.3/psoc creator/import/gnu/arm/4.9.3/bin/../lib/gcc/arm-none-eabi/4.9.3/../../../../arm-none-eabi/lib/armv7-m\libg_nano.a(lib_a-memchr.o)
                0x00008684                memchr
 .text.memmove  0x000086a0       0x36 c:/program files (x86)/cypress/psoc creator/3.3/psoc creator/import/gnu/arm/4.9.3/bin/../lib/gcc/arm-none-eabi/4.9.3/../../../../arm-none-eabi/lib/armv7-m\libg_nano.a(lib_a-memmove.o)
                0x000086a0                memmove
 .text._Balloc  0x000086d6       0x6a c:/program files (x86)/cypress/psoc creator/3.3/psoc creator/import/gnu/arm/4.9.3/bin/../lib/gcc/arm-none-eabi/4.9.3/../../../../arm-none-eabi/lib/armv7-m\libg_nano.a(lib_a-mprec.o)
                0x000086d6                _Balloc
 .text._Bfree   0x00008740       0x2e c:/program files (x86)/cypress/psoc creator/3.3/psoc creator/import/gnu/arm/4.9.3/bin/../lib/gcc/arm-none-eabi/4.9.3/../../../../arm-none-eabi/lib/armv7-m\libg_nano.a(lib_a-mprec.o)
                0x00008740                _Bfree
 .text.__multadd
                0x0000876e       0x7c c:/program files (x86)/cypress/psoc creator/3.3/psoc creator/import/gnu/arm/4.9.3/bin/../lib/gcc/arm-none-eabi/4.9.3/../../../../arm-none-eabi/lib/armv7-m\libg_nano.a(lib_a-mprec.o)
                0x0000876e                __multadd
 .text.__hi0bits
                0x000087ea       0x40 c:/program files (x86)/cypress/psoc creator/3.3/psoc creator/import/gnu/arm/4.9.3/bin/../lib/gcc/arm-none-eabi/4.9.3/../../../../arm-none-eabi/lib/armv7-m\libg_nano.a(lib_a-mprec.o)
                0x000087ea                __hi0bits
 .text.__lo0bits
                0x0000882a       0x5a c:/program files (x86)/cypress/psoc creator/3.3/psoc creator/import/gnu/arm/4.9.3/bin/../lib/gcc/arm-none-eabi/4.9.3/../../../../arm-none-eabi/lib/armv7-m\libg_nano.a(lib_a-mprec.o)
                0x0000882a                __lo0bits
 .text.__i2b    0x00008884       0x12 c:/program files (x86)/cypress/psoc creator/3.3/psoc creator/import/gnu/arm/4.9.3/bin/../lib/gcc/arm-none-eabi/4.9.3/../../../../arm-none-eabi/lib/armv7-m\libg_nano.a(lib_a-mprec.o)
                0x00008884                __i2b
 .text.__multiply
                0x00008896      0x120 c:/program files (x86)/cypress/psoc creator/3.3/psoc creator/import/gnu/arm/4.9.3/bin/../lib/gcc/arm-none-eabi/4.9.3/../../../../arm-none-eabi/lib/armv7-m\libg_nano.a(lib_a-mprec.o)
                0x00008896                __multiply
 *fill*         0x000089b6        0x2 
 .text.__pow5mult
                0x000089b8       0x9c c:/program files (x86)/cypress/psoc creator/3.3/psoc creator/import/gnu/arm/4.9.3/bin/../lib/gcc/arm-none-eabi/4.9.3/../../../../arm-none-eabi/lib/armv7-m\libg_nano.a(lib_a-mprec.o)
                0x000089b8                __pow5mult
 .text.__lshift
                0x00008a54       0xa6 c:/program files (x86)/cypress/psoc creator/3.3/psoc creator/import/gnu/arm/4.9.3/bin/../lib/gcc/arm-none-eabi/4.9.3/../../../../arm-none-eabi/lib/armv7-m\libg_nano.a(lib_a-mprec.o)
                0x00008a54                __lshift
 .text.__mcmp   0x00008afa       0x38 c:/program files (x86)/cypress/psoc creator/3.3/psoc creator/import/gnu/arm/4.9.3/bin/../lib/gcc/arm-none-eabi/4.9.3/../../../../arm-none-eabi/lib/armv7-m\libg_nano.a(lib_a-mprec.o)
                0x00008afa                __mcmp
 .text.__mdiff  0x00008b32       0xbe c:/program files (x86)/cypress/psoc creator/3.3/psoc creator/import/gnu/arm/4.9.3/bin/../lib/gcc/arm-none-eabi/4.9.3/../../../../arm-none-eabi/lib/armv7-m\libg_nano.a(lib_a-mprec.o)
                0x00008b32                __mdiff
 .text.__d2b    0x00008bf0       0xa4 c:/program files (x86)/cypress/psoc creator/3.3/psoc creator/import/gnu/arm/4.9.3/bin/../lib/gcc/arm-none-eabi/4.9.3/../../../../arm-none-eabi/lib/armv7-m\libg_nano.a(lib_a-mprec.o)
                0x00008bf0                __d2b
 .text._calloc_r
                0x00008c94       0x1c c:/program files (x86)/cypress/psoc creator/3.3/psoc creator/import/gnu/arm/4.9.3/bin/../lib/gcc/arm-none-eabi/4.9.3/../../../../arm-none-eabi/lib/armv7-m\libg_nano.a(lib_a-nano-callocr.o)
                0x00008c94                _calloc_r
 .text._free_r  0x00008cb0       0x88 c:/program files (x86)/cypress/psoc creator/3.3/psoc creator/import/gnu/arm/4.9.3/bin/../lib/gcc/arm-none-eabi/4.9.3/../../../../arm-none-eabi/lib/armv7-m\libg_nano.a(lib_a-nano-freer.o)
                0x00008cb0                _free_r
 .text._malloc_r
                0x00008d38       0xac c:/program files (x86)/cypress/psoc creator/3.3/psoc creator/import/gnu/arm/4.9.3/bin/../lib/gcc/arm-none-eabi/4.9.3/../../../../arm-none-eabi/lib/armv7-m\libg_nano.a(lib_a-nano-mallocr.o)
                0x00008d38                _malloc_r
 .text._realloc_r
                0x00008de4       0x4c c:/program files (x86)/cypress/psoc creator/3.3/psoc creator/import/gnu/arm/4.9.3/bin/../lib/gcc/arm-none-eabi/4.9.3/../../../../arm-none-eabi/lib/armv7-m\libg_nano.a(lib_a-nano-reallocr.o)
                0x00008de4                _realloc_r
 .text.__ssputs_r
                0x00008e30       0xb2 c:/program files (x86)/cypress/psoc creator/3.3/psoc creator/import/gnu/arm/4.9.3/bin/../lib/gcc/arm-none-eabi/4.9.3/../../../../arm-none-eabi/lib/armv7-m\libg_nano.a(lib_a-nano-svfprintf.o)
                0x00008e30                __ssputs_r
 *fill*         0x00008ee2        0x2 
 .text._svfprintf_r
                0x00008ee4      0x1e4 c:/program files (x86)/cypress/psoc creator/3.3/psoc creator/import/gnu/arm/4.9.3/bin/../lib/gcc/arm-none-eabi/4.9.3/../../../../arm-none-eabi/lib/armv7-m\libg_nano.a(lib_a-nano-svfprintf.o)
                0x00008ee4                _svfiprintf_r
                0x00008ee4                _svfprintf_r
 .text._sbrk_r  0x000090c8       0x20 c:/program files (x86)/cypress/psoc creator/3.3/psoc creator/import/gnu/arm/4.9.3/bin/../lib/gcc/arm-none-eabi/4.9.3/../../../../arm-none-eabi/lib/armv7-m\libg_nano.a(lib_a-sbrkr.o)
                0x000090c8                _sbrk_r
 .text._raise_r
                0x000090e8       0x50 c:/program files (x86)/cypress/psoc creator/3.3/psoc creator/import/gnu/arm/4.9.3/bin/../lib/gcc/arm-none-eabi/4.9.3/../../../../arm-none-eabi/lib/armv7-m\libg_nano.a(lib_a-signal.o)
                0x000090e8                _raise_r
 .text.raise    0x00009138       0x10 c:/program files (x86)/cypress/psoc creator/3.3/psoc creator/import/gnu/arm/4.9.3/bin/../lib/gcc/arm-none-eabi/4.9.3/../../../../arm-none-eabi/lib/armv7-m\libg_nano.a(lib_a-signal.o)
                0x00009138                raise
 .text._kill_r  0x00009148       0x24 c:/program files (x86)/cypress/psoc creator/3.3/psoc creator/import/gnu/arm/4.9.3/bin/../lib/gcc/arm-none-eabi/4.9.3/../../../../arm-none-eabi/lib/armv7-m\libg_nano.a(lib_a-signalr.o)
                0x00009148                _kill_r
 .text._getpid_r
                0x0000916c        0x4 c:/program files (x86)/cypress/psoc creator/3.3/psoc creator/import/gnu/arm/4.9.3/bin/../lib/gcc/arm-none-eabi/4.9.3/../../../../arm-none-eabi/lib/armv7-m\libg_nano.a(lib_a-signalr.o)
                0x0000916c                _getpid_r
 .text.__sread  0x00009170       0x22 c:/program files (x86)/cypress/psoc creator/3.3/psoc creator/import/gnu/arm/4.9.3/bin/../lib/gcc/arm-none-eabi/4.9.3/../../../../arm-none-eabi/lib/armv7-m\libg_nano.a(lib_a-stdio.o)
                0x00009170                __sread
 .text.__swrite
                0x00009192       0x38 c:/program files (x86)/cypress/psoc creator/3.3/psoc creator/import/gnu/arm/4.9.3/bin/../lib/gcc/arm-none-eabi/4.9.3/../../../../arm-none-eabi/lib/armv7-m\libg_nano.a(lib_a-stdio.o)
                0x00009192                __swrite
 .text.__sseek  0x000091ca       0x24 c:/program files (x86)/cypress/psoc creator/3.3/psoc creator/import/gnu/arm/4.9.3/bin/../lib/gcc/arm-none-eabi/4.9.3/../../../../arm-none-eabi/lib/armv7-m\libg_nano.a(lib_a-stdio.o)
                0x000091ca                __sseek
 .text.__sclose
                0x000091ee        0x8 c:/program files (x86)/cypress/psoc creator/3.3/psoc creator/import/gnu/arm/4.9.3/bin/../lib/gcc/arm-none-eabi/4.9.3/../../../../arm-none-eabi/lib/armv7-m\libg_nano.a(lib_a-stdio.o)
                0x000091ee                __sclose
 *fill*         0x000091f6        0x2 
 .text._write_r
                0x000091f8       0x24 c:/program files (x86)/cypress/psoc creator/3.3/psoc creator/import/gnu/arm/4.9.3/bin/../lib/gcc/arm-none-eabi/4.9.3/../../../../arm-none-eabi/lib/armv7-m\libg_nano.a(lib_a-writer.o)
                0x000091f8                _write_r
 .text._close_r
                0x0000921c       0x20 c:/program files (x86)/cypress/psoc creator/3.3/psoc creator/import/gnu/arm/4.9.3/bin/../lib/gcc/arm-none-eabi/4.9.3/../../../../arm-none-eabi/lib/armv7-m\libg_nano.a(lib_a-closer.o)
                0x0000921c                _close_r
 .text._fstat_r
                0x0000923c       0x24 c:/program files (x86)/cypress/psoc creator/3.3/psoc creator/import/gnu/arm/4.9.3/bin/../lib/gcc/arm-none-eabi/4.9.3/../../../../arm-none-eabi/lib/armv7-m\libg_nano.a(lib_a-fstatr.o)
                0x0000923c                _fstat_r
 .text._isatty_r
                0x00009260       0x20 c:/program files (x86)/cypress/psoc creator/3.3/psoc creator/import/gnu/arm/4.9.3/bin/../lib/gcc/arm-none-eabi/4.9.3/../../../../arm-none-eabi/lib/armv7-m\libg_nano.a(lib_a-isattyr.o)
                0x00009260                _isatty_r
 .text._lseek_r
                0x00009280       0x24 c:/program files (x86)/cypress/psoc creator/3.3/psoc creator/import/gnu/arm/4.9.3/bin/../lib/gcc/arm-none-eabi/4.9.3/../../../../arm-none-eabi/lib/armv7-m\libg_nano.a(lib_a-lseekr.o)
                0x00009280                _lseek_r
 .text._malloc_usable_size_r
                0x000092a4       0x14 c:/program files (x86)/cypress/psoc creator/3.3/psoc creator/import/gnu/arm/4.9.3/bin/../lib/gcc/arm-none-eabi/4.9.3/../../../../arm-none-eabi/lib/armv7-m\libg_nano.a(lib_a-nano-msizer.o)
                0x000092a4                _malloc_usable_size_r
 .text._read_r  0x000092b8       0x24 c:/program files (x86)/cypress/psoc creator/3.3/psoc creator/import/gnu/arm/4.9.3/bin/../lib/gcc/arm-none-eabi/4.9.3/../../../../arm-none-eabi/lib/armv7-m\libg_nano.a(lib_a-readr.o)
                0x000092b8                _read_r
 .text._close   0x000092dc       0x10 c:/program files (x86)/cypress/psoc creator/3.3/psoc creator/import/gnu/arm/4.9.3/bin/../lib/gcc/arm-none-eabi/4.9.3/../../../../arm-none-eabi/lib/armv7-m\libnosys.a(close.o)
                0x000092dc                _close
 .text._fstat   0x000092ec       0x10 c:/program files (x86)/cypress/psoc creator/3.3/psoc creator/import/gnu/arm/4.9.3/bin/../lib/gcc/arm-none-eabi/4.9.3/../../../../arm-none-eabi/lib/armv7-m\libnosys.a(fstat.o)
                0x000092ec                _fstat
 .text._getpid  0x000092fc       0x10 c:/program files (x86)/cypress/psoc creator/3.3/psoc creator/import/gnu/arm/4.9.3/bin/../lib/gcc/arm-none-eabi/4.9.3/../../../../arm-none-eabi/lib/armv7-m\libnosys.a(getpid.o)
                0x000092fc                _getpid
 .text._isatty  0x0000930c       0x10 c:/program files (x86)/cypress/psoc creator/3.3/psoc creator/import/gnu/arm/4.9.3/bin/../lib/gcc/arm-none-eabi/4.9.3/../../../../arm-none-eabi/lib/armv7-m\libnosys.a(isatty.o)
                0x0000930c                _isatty
 .text._kill    0x0000931c       0x10 c:/program files (x86)/cypress/psoc creator/3.3/psoc creator/import/gnu/arm/4.9.3/bin/../lib/gcc/arm-none-eabi/4.9.3/../../../../arm-none-eabi/lib/armv7-m\libnosys.a(kill.o)
                0x0000931c                _kill
 .text._lseek   0x0000932c       0x10 c:/program files (x86)/cypress/psoc creator/3.3/psoc creator/import/gnu/arm/4.9.3/bin/../lib/gcc/arm-none-eabi/4.9.3/../../../../arm-none-eabi/lib/armv7-m\libnosys.a(lseek.o)
                0x0000932c                _lseek
 .text._read    0x0000933c       0x10 c:/program files (x86)/cypress/psoc creator/3.3/psoc creator/import/gnu/arm/4.9.3/bin/../lib/gcc/arm-none-eabi/4.9.3/../../../../arm-none-eabi/lib/armv7-m\libnosys.a(read.o)
                0x0000933c                _read
 .text._write   0x0000934c       0x10 c:/program files (x86)/cypress/psoc creator/3.3/psoc creator/import/gnu/arm/4.9.3/bin/../lib/gcc/arm-none-eabi/4.9.3/../../../../arm-none-eabi/lib/armv7-m\libnosys.a(write.o)
                0x0000934c                _write
 *(.plt)
 *(.gnu.warning)
 *(.glue_7t)
 .glue_7t       0x00000000        0x0 linker stubs
 *(.glue_7)
 .glue_7        0x00000000        0x0 linker stubs
 *(.vfp11_veneer)
 .vfp11_veneer  0x00000000        0x0 linker stubs
 *(.bootloader)
 *(.ARM.extab* .gnu.linkonce.armextab.*)
 *(.gcc_except_table)

.v4_bx          0x0000935c        0x0
 .v4_bx         0x00000000        0x0 linker stubs

.iplt           0x0000935c        0x0
 .iplt          0x00000000        0x0 c:/program files (x86)/cypress/psoc creator/3.3/psoc creator/import/gnu/arm/4.9.3/bin/../lib/gcc/arm-none-eabi/4.9.3/armv7-m/crtbegin.o

.eh_frame_hdr
 *(.eh_frame_hdr)

.eh_frame       0x0000935c        0x4
 *(.eh_frame)
 .eh_frame      0x0000935c        0x0 c:/program files (x86)/cypress/psoc creator/3.3/psoc creator/import/gnu/arm/4.9.3/bin/../lib/gcc/arm-none-eabi/4.9.3/armv7-m/crtbegin.o
 .eh_frame      0x0000935c        0x0 c:/program files (x86)/cypress/psoc creator/3.3/psoc creator/import/gnu/arm/4.9.3/bin/../lib/gcc/arm-none-eabi/4.9.3/../../../../arm-none-eabi/lib/armv7-m\libg_nano.a(lib_a-strcmp.o)
                                 0x28 (size before relaxing)
 .eh_frame      0x0000935c        0x4 c:/program files (x86)/cypress/psoc creator/3.3/psoc creator/import/gnu/arm/4.9.3/bin/../lib/gcc/arm-none-eabi/4.9.3/armv7-m/crtend.o
                0x00009360                PROVIDE (__exidx_start, .)

.ARM.exidx
 *(.ARM.exidx* .gnu.linkonce.armexidx.*)
                0x00009360                __exidx_end = .

.rodata         0x00009360      0x610
 *(.rodata .rodata.* .gnu.linkonce.r.*)
 .rodata        0x00009360       0x14 .\CortexM3\ARM_GCC_493\Debug\nvstore.o
 .rodata.str1.4
                0x00009374       0x23 .\CortexM3\ARM_GCC_493\Debug\nvstore.o
                                 0x24 (size before relaxing)
 *fill*         0x00009397        0x1 
 .rodata.str1.4
                0x00009398       0xb9 .\CortexM3\ARM_GCC_493\Debug\calcps2pwm.o
                                 0xbc (size before relaxing)
 *fill*         0x00009451        0x3 
 .rodata        0x00009454        0xc .\CortexM3\ARM_GCC_493\Debug\calpid.o
 .rodata.str1.4
                0x00009460       0x3c .\CortexM3\ARM_GCC_493\Debug\calpid.o
 .rodata        0x0000949c       0x80 .\CortexM3\ARM_GCC_493\Debug\freesoc.a(cyfitter_cfg.o)
                0x0000949c                Front_CliffMux__addrTable
                0x000094ac                Front_CliffMux__maskTable
                0x000094b0                Rear_CliffMux__addrTable
                0x000094c0                Rear_CliffMux__maskTable
 .rodata.str1.4
                0x0000951c        0x4 c:/program files (x86)/cypress/psoc creator/3.3/psoc creator/import/gnu/arm/4.9.3/bin/../lib/gcc/arm-none-eabi/4.9.3/../../../../arm-none-eabi/lib/armv7-m\libm.a(lib_a-w_pow.o)
 .rodata.str1.4
                0x00009520        0x5 c:/program files (x86)/cypress/psoc creator/3.3/psoc creator/import/gnu/arm/4.9.3/bin/../lib/gcc/arm-none-eabi/4.9.3/../../../../arm-none-eabi/lib/armv7-m\libm.a(lib_a-w_sqrt.o)
                                  0x8 (size before relaxing)
 *fill*         0x00009525        0x3 
 .rodata.dp_h   0x00009528       0x10 c:/program files (x86)/cypress/psoc creator/3.3/psoc creator/import/gnu/arm/4.9.3/bin/../lib/gcc/arm-none-eabi/4.9.3/../../../../arm-none-eabi/lib/armv7-m\libm.a(lib_a-e_pow.o)
 .rodata.dp_l   0x00009538       0x10 c:/program files (x86)/cypress/psoc creator/3.3/psoc creator/import/gnu/arm/4.9.3/bin/../lib/gcc/arm-none-eabi/4.9.3/../../../../arm-none-eabi/lib/armv7-m\libm.a(lib_a-e_pow.o)
 .rodata.bp     0x00009548       0x10 c:/program files (x86)/cypress/psoc creator/3.3/psoc creator/import/gnu/arm/4.9.3/bin/../lib/gcc/arm-none-eabi/4.9.3/../../../../arm-none-eabi/lib/armv7-m\libm.a(lib_a-e_pow.o)
 .rodata.str1.4
                0x00000000        0x8 c:/program files (x86)/cypress/psoc creator/3.3/psoc creator/import/gnu/arm/4.9.3/bin/../lib/gcc/arm-none-eabi/4.9.3/../../../../arm-none-eabi/lib/armv7-m\libm.a(lib_a-e_pow.o)
                                  0x4 (size before relaxing)
 .rodata.npio2_hw
                0x00009558       0x80 c:/program files (x86)/cypress/psoc creator/3.3/psoc creator/import/gnu/arm/4.9.3/bin/../lib/gcc/arm-none-eabi/4.9.3/../../../../arm-none-eabi/lib/armv7-m\libm.a(lib_a-e_rem_pio2.o)
 .rodata.two_over_pi
                0x000095d8      0x108 c:/program files (x86)/cypress/psoc creator/3.3/psoc creator/import/gnu/arm/4.9.3/bin/../lib/gcc/arm-none-eabi/4.9.3/../../../../arm-none-eabi/lib/armv7-m\libm.a(lib_a-e_rem_pio2.o)
 .rodata.init_jk
                0x000096e0       0x10 c:/program files (x86)/cypress/psoc creator/3.3/psoc creator/import/gnu/arm/4.9.3/bin/../lib/gcc/arm-none-eabi/4.9.3/../../../../arm-none-eabi/lib/armv7-m\libm.a(lib_a-k_rem_pio2.o)
 .rodata.PIo2   0x000096f0       0x40 c:/program files (x86)/cypress/psoc creator/3.3/psoc creator/import/gnu/arm/4.9.3/bin/../lib/gcc/arm-none-eabi/4.9.3/../../../../arm-none-eabi/lib/armv7-m\libm.a(lib_a-k_rem_pio2.o)
 .rodata.TWO52  0x00009730       0x10 c:/program files (x86)/cypress/psoc creator/3.3/psoc creator/import/gnu/arm/4.9.3/bin/../lib/gcc/arm-none-eabi/4.9.3/../../../../arm-none-eabi/lib/armv7-m\libm.a(lib_a-s_rint.o)
 .rodata.str1.1
                0x00009740       0x3c c:/program files (x86)/cypress/psoc creator/3.3/psoc creator/import/gnu/arm/4.9.3/bin/../lib/gcc/arm-none-eabi/4.9.3/../../../../arm-none-eabi/lib/armv7-m\libg_nano.a(lib_a-assert.o)
                                 0x3d (size before relaxing)
 .rodata.str1.1
                0x0000977c        0x2 c:/program files (x86)/cypress/psoc creator/3.3/psoc creator/import/gnu/arm/4.9.3/bin/../lib/gcc/arm-none-eabi/4.9.3/../../../../arm-none-eabi/lib/armv7-m\libg_nano.a(lib_a-impure.o)
 *fill*         0x0000977e        0x2 
 .rodata._global_impure_ptr
                0x00009780        0x4 c:/program files (x86)/cypress/psoc creator/3.3/psoc creator/import/gnu/arm/4.9.3/bin/../lib/gcc/arm-none-eabi/4.9.3/../../../../arm-none-eabi/lib/armv7-m\libg_nano.a(lib_a-impure.o)
                0x00009780                _global_impure_ptr
 .rodata.str1.1
                0x00009784       0x11 c:/program files (x86)/cypress/psoc creator/3.3/psoc creator/import/gnu/arm/4.9.3/bin/../lib/gcc/arm-none-eabi/4.9.3/../../../../arm-none-eabi/lib/armv7-m\libg_nano.a(lib_a-nano-vfprintf.o)
 .rodata.str1.1
                0x00009795       0x12 c:/program files (x86)/cypress/psoc creator/3.3/psoc creator/import/gnu/arm/4.9.3/bin/../lib/gcc/arm-none-eabi/4.9.3/../../../../arm-none-eabi/lib/armv7-m\libg_nano.a(lib_a-nano-vfprintf_float.o)
 .rodata.str1.1
                0x000097a7       0x22 c:/program files (x86)/cypress/psoc creator/3.3/psoc creator/import/gnu/arm/4.9.3/bin/../lib/gcc/arm-none-eabi/4.9.3/../../../../arm-none-eabi/lib/armv7-m\libg_nano.a(lib_a-nano-vfprintf_i.o)
 .rodata.str1.1
                0x000097c9        0xd c:/program files (x86)/cypress/psoc creator/3.3/psoc creator/import/gnu/arm/4.9.3/bin/../lib/gcc/arm-none-eabi/4.9.3/../../../../arm-none-eabi/lib/armv7-m\libg_nano.a(lib_a-dtoa.o)
                                  0xf (size before relaxing)
 *fill*         0x000097d6        0x2 
 .rodata.__sf_fake_stdin
                0x000097d8       0x20 c:/program files (x86)/cypress/psoc creator/3.3/psoc creator/import/gnu/arm/4.9.3/bin/../lib/gcc/arm-none-eabi/4.9.3/../../../../arm-none-eabi/lib/armv7-m\libg_nano.a(lib_a-findfp.o)
                0x000097d8                __sf_fake_stdin
 .rodata.__sf_fake_stdout
                0x000097f8       0x20 c:/program files (x86)/cypress/psoc creator/3.3/psoc creator/import/gnu/arm/4.9.3/bin/../lib/gcc/arm-none-eabi/4.9.3/../../../../arm-none-eabi/lib/armv7-m\libg_nano.a(lib_a-findfp.o)
                0x000097f8                __sf_fake_stdout
 .rodata.__sf_fake_stderr
                0x00009818       0x20 c:/program files (x86)/cypress/psoc creator/3.3/psoc creator/import/gnu/arm/4.9.3/bin/../lib/gcc/arm-none-eabi/4.9.3/../../../../arm-none-eabi/lib/armv7-m\libg_nano.a(lib_a-findfp.o)
                0x00009818                __sf_fake_stderr
 .rodata.str1.1
                0x00009838        0x8 c:/program files (x86)/cypress/psoc creator/3.3/psoc creator/import/gnu/arm/4.9.3/bin/../lib/gcc/arm-none-eabi/4.9.3/../../../../arm-none-eabi/lib/armv7-m\libg_nano.a(lib_a-locale.o)
                                  0xb (size before relaxing)
 .rodata.__mprec_tens
                0x00009840       0xc8 c:/program files (x86)/cypress/psoc creator/3.3/psoc creator/import/gnu/arm/4.9.3/bin/../lib/gcc/arm-none-eabi/4.9.3/../../../../arm-none-eabi/lib/armv7-m\libg_nano.a(lib_a-mprec.o)
                0x00009840                __mprec_tens
 .rodata.__mprec_bigtens
                0x00009908       0x28 c:/program files (x86)/cypress/psoc creator/3.3/psoc creator/import/gnu/arm/4.9.3/bin/../lib/gcc/arm-none-eabi/4.9.3/../../../../arm-none-eabi/lib/armv7-m\libg_nano.a(lib_a-mprec.o)
                0x00009908                __mprec_bigtens
 .rodata.p05.5308
                0x00009930        0xc c:/program files (x86)/cypress/psoc creator/3.3/psoc creator/import/gnu/arm/4.9.3/bin/../lib/gcc/arm-none-eabi/4.9.3/../../../../arm-none-eabi/lib/armv7-m\libg_nano.a(lib_a-mprec.o)
 .rodata.str1.1
                0x00000000       0x11 c:/program files (x86)/cypress/psoc creator/3.3/psoc creator/import/gnu/arm/4.9.3/bin/../lib/gcc/arm-none-eabi/4.9.3/../../../../arm-none-eabi/lib/armv7-m\libg_nano.a(lib_a-nano-svfprintf.o)
                0x0000993c                . = ALIGN (0x4)
 *(.init)
 .init          0x0000993c        0x4 c:/program files (x86)/cypress/psoc creator/3.3/psoc creator/import/gnu/arm/4.9.3/bin/../lib/gcc/arm-none-eabi/4.9.3/armv7-m/crti.o
                0x0000993c                _init
 .init          0x00009940        0x8 c:/program files (x86)/cypress/psoc creator/3.3/psoc creator/import/gnu/arm/4.9.3/bin/../lib/gcc/arm-none-eabi/4.9.3/armv7-m/crtn.o
                0x00009948                . = ALIGN (0x4)
                0x00009948                __preinit_array_start = .
 *(.preinit_array)
                0x00009948                __preinit_array_end = .
                0x00009948                . = ALIGN (0x4)
                0x00009948                __init_array_start = .
 *(SORT(.init_array.*))
 *(.init_array)
 .init_array    0x00009948        0x4 c:/program files (x86)/cypress/psoc creator/3.3/psoc creator/import/gnu/arm/4.9.3/bin/../lib/gcc/arm-none-eabi/4.9.3/armv7-m/crtbegin.o
 .init_array    0x0000994c        0x4 .\CortexM3\ARM_GCC_493\Debug\Cm3Start.o
                0x00009950                __init_array_end = .
                0x00009950                . = ALIGN (0x4)
 *(.fini)
 .fini          0x00009950        0x4 c:/program files (x86)/cypress/psoc creator/3.3/psoc creator/import/gnu/arm/4.9.3/bin/../lib/gcc/arm-none-eabi/4.9.3/armv7-m/crti.o
                0x00009950                _fini
 .fini          0x00009954        0x8 c:/program files (x86)/cypress/psoc creator/3.3/psoc creator/import/gnu/arm/4.9.3/bin/../lib/gcc/arm-none-eabi/4.9.3/armv7-m/crtn.o
                0x0000995c                . = ALIGN (0x4)
                0x0000995c                __fini_array_start = .
 *(.fini_array)
 .fini_array    0x0000995c        0x4 c:/program files (x86)/cypress/psoc creator/3.3/psoc creator/import/gnu/arm/4.9.3/bin/../lib/gcc/arm-none-eabi/4.9.3/armv7-m/crtbegin.o
 *(SORT(.fini_array.*))
                0x00009960                __fini_array_end = .
                0x00009960                . = ALIGN (0x4)
 *crtbegin.o(.ctors)
 *(EXCLUDE_FILE(*crtend.o) .ctors)
 *(SORT(.ctors.*))
 *crtend.o(.ctors)
                0x00009960                . = ALIGN (0x4)
 *crtbegin.o(.dtors)
 *(EXCLUDE_FILE(*crtend.o) .dtors)
 *(SORT(.dtors.*))
 *crtend.o(.dtors)
                0x00009960                . = ALIGN (0x4)
                0x00009960                __cy_regions = .
                0x00009960        0x4 LONG 0x9970 __cy_region_init_ram
                0x00009964        0x4 LONG 0x1fff8108 __cy_region_start_data
                0x00009968        0x4 LONG 0x220 __cy_region_init_size_ram
                0x0000996c        0x4 LONG 0x6a50 __cy_region_zero_size_ram
                0x00009970                __cy_regions_end = .
                0x00009970                . = ALIGN (0x8)
                0x00009970                _etext = .

.cy_checksum_exclude
                0x00009970        0x0
 *(.cy_checksum_exclude)

.ramvectors     0x1fff8000      0x100
                0x1fff8000                __cy_region_start_ram = .
 *(.ramvectors)
 .ramvectors    0x1fff8000      0x100 .\CortexM3\ARM_GCC_493\Debug\Cm3Start.o
                0x1fff8000                CyRamVectors

.noinit         0x1fff8100        0x5
 *(.noinit)
 .noinit        0x1fff8100        0x4 .\CortexM3\ARM_GCC_493\Debug\Cm3Start.o
 .noinit        0x1fff8104        0x1 .\CortexM3\ARM_GCC_493\Debug\freesoc.a(CyLib.o)
                0x1fff8104                CyResetStatus

.data           0x1fff8108      0x220 load address 0x00009970
                0x1fff8108                __cy_region_start_data = .
 *(.jcr)
 .jcr           0x1fff8108        0x0 c:/program files (x86)/cypress/psoc creator/3.3/psoc creator/import/gnu/arm/4.9.3/bin/../lib/gcc/arm-none-eabi/4.9.3/armv7-m/crtbegin.o
 .jcr           0x1fff8108        0x4 c:/program files (x86)/cypress/psoc creator/3.3/psoc creator/import/gnu/arm/4.9.3/bin/../lib/gcc/arm-none-eabi/4.9.3/armv7-m/crtend.o
 *(.got.plt)
 *(.got)
 *(.shdata)
 *(.data .data.* .gnu.linkonce.d.*)
 .data          0x1fff810c       0x70 .\CortexM3\ARM_GCC_493\Debug\encoder.o
 .data          0x1fff817c       0x48 .\CortexM3\ARM_GCC_493\Debug\motor.o
 .data          0x1fff81c4       0xa8 .\CortexM3\ARM_GCC_493\Debug\pid.o
 .data          0x1fff826c        0x4 .\CortexM3\ARM_GCC_493\Debug\Cm3Start.o
 .data          0x1fff8270        0x2 .\CortexM3\ARM_GCC_493\Debug\freesoc.a(cyfitter_cfg.o)
                0x1fff8270                Front_AMuxSeq_curChannel
                0x1fff8271                Rear_AMuxSeq_curChannel
 *fill*         0x1fff8272        0x2 
 .data          0x1fff8274       0x10 .\CortexM3\ARM_GCC_493\Debug\freesoc.a(CyLib.o)
                0x1fff8274                cydelay_32k_ms
                0x1fff8278                cydelay_freq_khz
                0x1fff827c                cydelay_freq_mhz
                0x1fff8280                cydelay_freq_hz
 .data.__fdlib_version
                0x1fff8284        0x1 c:/program files (x86)/cypress/psoc creator/3.3/psoc creator/import/gnu/arm/4.9.3/bin/../lib/gcc/arm-none-eabi/4.9.3/../../../../arm-none-eabi/lib/armv7-m\libm.a(lib_a-s_lib_ver.o)
                0x1fff8284                __fdlib_version
 *fill*         0x1fff8285        0x3 
 .data.impure_data
                0x1fff8288       0x60 c:/program files (x86)/cypress/psoc creator/3.3/psoc creator/import/gnu/arm/4.9.3/bin/../lib/gcc/arm-none-eabi/4.9.3/../../../../arm-none-eabi/lib/armv7-m\libg_nano.a(lib_a-impure.o)
 .data._impure_ptr
                0x1fff82e8        0x4 c:/program files (x86)/cypress/psoc creator/3.3/psoc creator/import/gnu/arm/4.9.3/bin/../lib/gcc/arm-none-eabi/4.9.3/../../../../arm-none-eabi/lib/armv7-m\libg_nano.a(lib_a-impure.o)
                0x1fff82e8                _impure_ptr
 .data.lconv    0x1fff82ec       0x38 c:/program files (x86)/cypress/psoc creator/3.3/psoc creator/import/gnu/arm/4.9.3/bin/../lib/gcc/arm-none-eabi/4.9.3/../../../../arm-none-eabi/lib/armv7-m\libg_nano.a(lib_a-locale.o)
                0x1fff8328                . = ALIGN (0x8)
 *fill*         0x1fff8324        0x4 
 *(.ram)
                0x1fff8328                _edata = .

.igot.plt       0x1fff8328        0x0 load address 0x00009b90
 .igot.plt      0x00000000        0x0 c:/program files (x86)/cypress/psoc creator/3.3/psoc creator/import/gnu/arm/4.9.3/bin/../lib/gcc/arm-none-eabi/4.9.3/armv7-m/crtbegin.o

.bss            0x1fff8328     0x6a50 load address 0x00009b90
                0x1fff8328                PROVIDE (__bss_start__, .)
 *(.shbss)
 *(.bss .bss.* .gnu.linkonce.b.*)
 .bss           0x1fff8328       0x1c c:/program files (x86)/cypress/psoc creator/3.3/psoc creator/import/gnu/arm/4.9.3/bin/../lib/gcc/arm-none-eabi/4.9.3/armv7-m/crtbegin.o
 .bss           0x1fff8344        0x1 .\CortexM3\ARM_GCC_493\Debug\cal.o
 *fill*         0x1fff8345        0x3 