Archive member included because of file (symbol)

.\CortexM3\ARM_GCC_493\Debug\freesoc.a(cyfitter_cfg.o)
                              .\CortexM3\ARM_GCC_493\Debug\Cm3Start.o (cyfitter_cfg)
.\CortexM3\ARM_GCC_493\Debug\freesoc.a(Left_HB25_Enable_Pin.o)
                              .\CortexM3\ARM_GCC_493\Debug\motor.o (Left_HB25_Enable_Pin_Write)
.\CortexM3\ARM_GCC_493\Debug\freesoc.a(Left_HB25_PWM.o)
                              .\CortexM3\ARM_GCC_493\Debug\motor.o (Left_HB25_PWM_Stop)
.\CortexM3\ARM_GCC_493\Debug\freesoc.a(Right_HB25_Enable_Pin.o)
                              .\CortexM3\ARM_GCC_493\Debug\motor.o (Right_HB25_Enable_Pin_Write)
.\CortexM3\ARM_GCC_493\Debug\freesoc.a(Right_HB25_PWM.o)
                              .\CortexM3\ARM_GCC_493\Debug\motor.o (Right_HB25_PWM_Stop)
.\CortexM3\ARM_GCC_493\Debug\freesoc.a(CyBootAsmGnu.o)
                              .\CortexM3\ARM_GCC_493\Debug\freesoc.a(cyfitter_cfg.o) (CyDelayCycles)
.\CortexM3\ARM_GCC_493\Debug\freesoc.a(CyLib.o)
                              .\CortexM3\ARM_GCC_493\Debug\Cm3Start.o (CyHalt)
.\CortexM3\ARM_GCC_493\Debug\freesoc.a(cyPm.o)
                              .\CortexM3\ARM_GCC_493\Debug\freesoc.a(CyLib.o) (CyPmReadStatus)
.\CortexM3\ARM_GCC_493\Debug\freesoc.a(EZI2C_Slave.o)
                              .\CortexM3\ARM_GCC_493\Debug\i2c.o (EZI2C_Slave_Start)
.\CortexM3\ARM_GCC_493\Debug\freesoc.a(EZI2C_Slave_PM.o)
                              .\CortexM3\ARM_GCC_493\Debug\freesoc.a(EZI2C_Slave.o) (EZI2C_Slave_backup)
.\CortexM3\ARM_GCC_493\Debug\freesoc.a(EZI2C_Slave_INT.o)
                              .\CortexM3\ARM_GCC_493\Debug\freesoc.a(EZI2C_Slave.o) (EZI2C_Slave_ISR)
.\CortexM3\ARM_GCC_493\Debug\freesoc.a(Mainloop_Pin.o)
                              .\CortexM3\ARM_GCC_493\Debug\main.o (Mainloop_Pin_Write)
.\CortexM3\ARM_GCC_493\Debug\freesoc.a(EEPROM.o)
                              .\CortexM3\ARM_GCC_493\Debug\nvstore.o (EEPROM_Start)
.\CortexM3\ARM_GCC_493\Debug\freesoc.a(Right_QuadDec.o)
                              .\CortexM3\ARM_GCC_493\Debug\encoder.o (Right_QuadDec_GetCounter)
.\CortexM3\ARM_GCC_493\Debug\freesoc.a(Right_QuadDec_INT.o)
                              .\CortexM3\ARM_GCC_493\Debug\freesoc.a(Right_QuadDec.o) (Right_QuadDec_ISR)
.\CortexM3\ARM_GCC_493\Debug\freesoc.a(Right_QuadDec_Cnt16.o)
                              .\CortexM3\ARM_GCC_493\Debug\freesoc.a(Right_QuadDec.o) (Right_QuadDec_Cnt16_Stop)
.\CortexM3\ARM_GCC_493\Debug\freesoc.a(Left_QuadDec.o)
                              .\CortexM3\ARM_GCC_493\Debug\encoder.o (Left_QuadDec_GetCounter)
.\CortexM3\ARM_GCC_493\Debug\freesoc.a(Left_QuadDec_INT.o)
                              .\CortexM3\ARM_GCC_493\Debug\freesoc.a(Left_QuadDec.o) (Left_QuadDec_ISR)
.\CortexM3\ARM_GCC_493\Debug\freesoc.a(Left_QuadDec_Cnt16.o)
                              .\CortexM3\ARM_GCC_493\Debug\freesoc.a(Left_QuadDec.o) (Left_QuadDec_Cnt16_Stop)
.\CortexM3\ARM_GCC_493\Debug\freesoc.a(USBUART.o)
                              .\CortexM3\ARM_GCC_493\Debug\serial.o (USBUART_Start)
.\CortexM3\ARM_GCC_493\Debug\freesoc.a(USBUART_cdc.o)
                              .\CortexM3\ARM_GCC_493\Debug\serial.o (USBUART_CDC_Init)
.\CortexM3\ARM_GCC_493\Debug\freesoc.a(USBUART_drv.o)
                              .\CortexM3\ARM_GCC_493\Debug\freesoc.a(USBUART.o) (USBUART_lastPacketSize)
.\CortexM3\ARM_GCC_493\Debug\freesoc.a(USBUART_episr.o)
                              .\CortexM3\ARM_GCC_493\Debug\freesoc.a(USBUART.o) (USBUART_EP_1_ISR)
.\CortexM3\ARM_GCC_493\Debug\freesoc.a(USBUART_hid.o)
                              .\CortexM3\ARM_GCC_493\Debug\freesoc.a(USBUART.o) (USBUART_hidProtocol)
.\CortexM3\ARM_GCC_493\Debug\freesoc.a(USBUART_pm.o)
                              .\CortexM3\ARM_GCC_493\Debug\freesoc.a(USBUART.o) (USBUART_DP_ISR)
.\CortexM3\ARM_GCC_493\Debug\freesoc.a(USBUART_std.o)
                              .\CortexM3\ARM_GCC_493\Debug\freesoc.a(USBUART_pm.o) (USBUART_ConfigReg)
.\CortexM3\ARM_GCC_493\Debug\freesoc.a(USBUART_vnd.o)
                              .\CortexM3\ARM_GCC_493\Debug\freesoc.a(USBUART_drv.o) (USBUART_HandleVendorRqst)
.\CortexM3\ARM_GCC_493\Debug\freesoc.a(USBUART_Dp.o)
                              .\CortexM3\ARM_GCC_493\Debug\freesoc.a(USBUART_pm.o) (USBUART_Dp_ClearInterrupt)
.\CortexM3\ARM_GCC_493\Debug\freesoc.a(SPIM.o)
                              .\CortexM3\ARM_GCC_493\Debug\spi.o (SPIM_WriteTxData)
.\CortexM3\ARM_GCC_493\Debug\freesoc.a(SPIM_INT.o)
                              .\CortexM3\ARM_GCC_493\Debug\freesoc.a(SPIM.o) (SPIM_RX_ISR)
.\CortexM3\ARM_GCC_493\Debug\freesoc.a(Slave_Select.o)
                              .\CortexM3\ARM_GCC_493\Debug\spi.o (Slave_Select_Write)
.\CortexM3\ARM_GCC_493\Debug\freesoc.a(CyFlash.o)
                              .\CortexM3\ARM_GCC_493\Debug\freesoc.a(EEPROM.o) (dieTemperature)
.\CortexM3\ARM_GCC_493\Debug\freesoc.a(CySpc.o)
[...]
Memory Configuration

Name             Origin             Length             Attributes
rom              0x00000000         0x00040000         xr
ram              0x1fff8000         0x00010000         xrw
*default*        0x00000000         0xffffffff

Linker script and memory map

LOAD c:/program files (x86)/cypress/psoc creator/3.3/psoc creator/import/gnu/arm/4.9.3/bin/../lib/gcc/arm-none-eabi/4.9.3/armv7-m/crti.o
LOAD c:/program files (x86)/cypress/psoc creator/3.3/psoc creator/import/gnu/arm/4.9.3/bin/../lib/gcc/arm-none-eabi/4.9.3/armv7-m/crtbegin.o
LOAD c:/program files (x86)/cypress/psoc creator/3.3/psoc creator/import/gnu/arm/4.9.3/bin/../lib/gcc/arm-none-eabi/4.9.3/../../../../arm-none-eabi/lib/armv7-m/crt0.o
START GROUP
LOAD .\CortexM3\ARM_GCC_493\Debug\main.o
LOAD .\CortexM3\ARM_GCC_493\Debug\cal.o
LOAD .\CortexM3\ARM_GCC_493\Debug\control.o
LOAD .\CortexM3\ARM_GCC_493\Debug\debug.o
LOAD .\CortexM3\ARM_GCC_493\Debug\diag.o
LOAD .\CortexM3\ARM_GCC_493\Debug\encoder.o
LOAD .\CortexM3\ARM_GCC_493\Debug\i2c.o
LOAD .\CortexM3\ARM_GCC_493\Debug\motor.o
LOAD .\CortexM3\ARM_GCC_493\Debug\odom.o
LOAD .\CortexM3\ARM_GCC_493\Debug\pid.o
LOAD .\CortexM3\ARM_GCC_493\Debug\time.o
LOAD .\CortexM3\ARM_GCC_493\Debug\utils.o
LOAD .\CortexM3\ARM_GCC_493\Debug\pid_controller.o
LOAD .\CortexM3\ARM_GCC_493\Debug\serial.o
LOAD .\CortexM3\ARM_GCC_493\Debug\nvstore.o
LOAD .\CortexM3\ARM_GCC_493\Debug\calpid.o
LOAD .\CortexM3\ARM_GCC_493\Debug\calmotor.o
LOAD .\CortexM3\ARM_GCC_493\Debug\pidutil.o
LOAD .\CortexM3\ARM_GCC_493\Debug\spi.o
LOAD .\CortexM3\ARM_GCC_493\Debug\callin.o
LOAD .\CortexM3\ARM_GCC_493\Debug\cymetadata.o
LOAD .\CortexM3\ARM_GCC_493\Debug\Cm3Start.o
LOAD .\CortexM3\ARM_GCC_493\Debug\freesoc.a
LOAD C:\Program Files (x86)\Cypress\PSoC Creator\3.3\PSoC Creator\psoc\content\cycomponentlibrary\CyComponentLibrary.cylib\CortexM3\ARM_GCC_493\Debug\CyComponentLibrary.a
LOAD c:/program files (x86)/cypress/psoc creator/3.3/psoc creator/import/gnu/arm/4.9.3/bin/../lib/gcc/arm-none-eabi/4.9.3/../../../../arm-none-eabi/lib/armv7-m\libm.a
END GROUP
START GROUP
LOAD c:/program files (x86)/cypress/psoc creator/3.3/psoc creator/import/gnu/arm/4.9.3/bin/../lib/gcc/arm-none-eabi/4.9.3/armv7-m\libgcc.a
LOAD c:/program files (x86)/cypress/psoc creator/3.3/psoc creator/import/gnu/arm/4.9.3/bin/../lib/gcc/arm-none-eabi/4.9.3/../../../../arm-none-eabi/lib/armv7-m\libg_nano.a
LOAD c:/program files (x86)/cypress/psoc creator/3.3/psoc creator/import/gnu/arm/4.9.3/bin/../lib/gcc/arm-none-eabi/4.9.3/../../../../arm-none-eabi/lib/armv7-m\libc_nano.a
END GROUP
START GROUP
LOAD c:/program files (x86)/cypress/psoc creator/3.3/psoc creator/import/gnu/arm/4.9.3/bin/../lib/gcc/arm-none-eabi/4.9.3/armv7-m\libgcc.a
LOAD c:/program files (x86)/cypress/psoc creator/3.3/psoc creator/import/gnu/arm/4.9.3/bin/../lib/gcc/arm-none-eabi/4.9.3/../../../../arm-none-eabi/lib/armv7-m\libc_nano.a
END GROUP
LOAD c:/program files (x86)/cypress/psoc creator/3.3/psoc creator/import/gnu/arm/4.9.3/bin/../lib/gcc/arm-none-eabi/4.9.3/armv7-m/crtend.o
LOAD c:/program files (x86)/cypress/psoc creator/3.3/psoc creator/import/gnu/arm/4.9.3/bin/../lib/gcc/arm-none-eabi/4.9.3/armv7-m/crtn.o
START GROUP
LOAD c:/program files (x86)/cypress/psoc creator/3.3/psoc creator/import/gnu/arm/4.9.3/bin/../lib/gcc/arm-none-eabi/4.9.3/armv7-m\libgcc.a
LOAD c:/program files (x86)/cypress/psoc creator/3.3/psoc creator/import/gnu/arm/4.9.3/bin/../lib/gcc/arm-none-eabi/4.9.3/../../../../arm-none-eabi/lib/armv7-m\libc.a
LOAD c:/program files (x86)/cypress/psoc creator/3.3/psoc creator/import/gnu/arm/4.9.3/bin/../lib/gcc/arm-none-eabi/4.9.3/../../../../arm-none-eabi/lib/armv7-m\libnosys.a
END GROUP
                0x00000000                CY_APPL_ORIGIN = 0x0
                0x00000100                CY_FLASH_ROW_SIZE = 0x100
                0x00000020                CY_ECC_ROW_SIZE = 0x20
                0x00000000                CY_EE_IN_BTLDR = 0x0
                0x00000000                CY_APPL_LOADABLE = 0x0
                0x00000800                CY_EE_SIZE = 0x800
                0x00000001                CY_APPL_NUM = 0x1
                0x00000001                CY_APPL_MAX = 0x1
                0x00000040                CY_METADATA_SIZE = 0x40
                0x00000000                CY_APPL_LOADABLE = 0x0
                0x00000000                CY_CHECKSUM_EXCLUDE_SIZE = ALIGN (0x0, CY_FLASH_ROW_SIZE)
                0x1fff8bb0                PROVIDE (__cy_heap_start, _end)
                0x00000001                PROVIDE (__cy_region_num, ((__cy_regions_end - __cy_regions) / 0x10))
                0x20008000                PROVIDE (__cy_stack, (ORIGIN (ram) + 0x10000))
                0x20007800                PROVIDE (__cy_heap_end, (__cy_stack - 0x800))

.cybootloader   0x00000000        0x0
 *(.cybootloader)
                0x00000000                appl1_start = CY_APPL_ORIGIN?CY_APPL_ORIGIN:ALIGN (CY_FLASH_ROW_SIZE)
                0x0001ff00                appl2_start = (appl1_start + ALIGN ((((0x40000 - appl1_start) - (0x2 * CY_FLASH_ROW_SIZE)) / 0x2), CY_FLASH_ROW_SIZE))
                0x00000000                appl_start = (CY_APPL_NUM == 0x1)?appl1_start:appl2_start
                0x00000000                ecc_offset = ((appl_start / CY_FLASH_ROW_SIZE) * CY_ECC_ROW_SIZE)
                0x00000000                ee_offset = (CY_APPL_LOADABLE && ! (CY_EE_IN_BTLDR))?((CY_EE_SIZE / CY_APPL_MAX) * (CY_APPL_NUM - 0x1)):0x0
                0x00000800                ee_size = (CY_APPL_LOADABLE && ! (CY_EE_IN_BTLDR))?(CY_EE_SIZE / CY_APPL_MAX):CY_EE_SIZE
                0x00000000                PROVIDE (CY_ECC_OFFSET, ecc_offset)

.text           0x00000000     0xc164
 CREATE_OBJECT_SYMBOLS
                0x00000000                PROVIDE (__cy_interrupt_vector, RomVectors)
 *(.romvectors)
 .romvectors    0x00000000       0x10 .\CortexM3\ARM_GCC_493\Debug\Cm3Start.o
                0x00000000                RomVectors
                0x00000001                ASSERT ((. != __cy_interrupt_vector), No interrupt vector)
                0x00000001                ASSERT (CY_APPL_ORIGIN?(SIZEOF (.cybootloader) <= CY_APPL_ORIGIN):0x1, Wrong image location)
                0x00000010                PROVIDE (__cy_reset, Reset)
 *(.text.Reset)
 .text.Reset    0x00000010       0x18 .\CortexM3\ARM_GCC_493\Debug\Cm3Start.o
                0x00000010                Reset
                0x00000001                ASSERT ((. != __cy_reset), No reset code)
 *(.dma_init)
                0x00000001                ASSERT ((((appl_start + .) <= 0x10000) || 0x1), DMA Init must be within the first 64k of flash)
 *(.text .text.* .gnu.linkonce.t.*)
 .text          0x00000028       0x5c c:/program files (x86)/cypress/psoc creator/3.3/psoc creator/import/gnu/arm/4.9.3/bin/../lib/gcc/arm-none-eabi/4.9.3/armv7-m/crtbegin.o
 .text.main     0x00000084      0x118 .\CortexM3\ARM_GCC_493\Debug\main.o
                0x00000084                main
 .text.LeftTarget
                0x0000019c        0xc .\CortexM3\ARM_GCC_493\Debug\cal.o
 .text.RightTarget
                0x000001a8        0xc .\CortexM3\ARM_GCC_493\Debug\cal.o
 .text.DisplayCalMenu
                0x000001b4       0x5c .\CortexM3\ARM_GCC_493\Debug\cal.o
 .text.DisplayValMenu
                0x00000210       0x90 .\CortexM3\ARM_GCC_493\Debug\cal.o
 .text.DisplayMenu
                0x000002a0       0x20 .\CortexM3\ARM_GCC_493\Debug\cal.o
 .text.DisplaySettingsMenu
                0x000002c0       0x68 .\CortexM3\ARM_GCC_493\Debug\cal.o
 .text.HandleError
                0x00000328       0x30 .\CortexM3\ARM_GCC_493\Debug\cal.o
 .text.ProcessCalibration
                0x00000358       0xa4 .\CortexM3\ARM_GCC_493\Debug\cal.o
 .text.DisplayExit
                0x000003fc       0x18 .\CortexM3\ARM_GCC_493\Debug\cal.o
 .text.GetCommand
                0x00000414       0x58 .\CortexM3\ARM_GCC_493\Debug\cal.o
 .text.GetCalibration
                0x0000046c       0x50 .\CortexM3\ARM_GCC_493\Debug\cal.o
 .text.GetValidation
                0x000004bc      0x148 .\CortexM3\ARM_GCC_493\Debug\cal.o
 .text.CalcPwm  0x00000604       0x74 .\CortexM3\ARM_GCC_493\Debug\cal.o
 .text.ClearCalibrationStatusBit
                0x00000678       0x2c .\CortexM3\ARM_GCC_493\Debug\cal.o
                0x00000678                ClearCalibrationStatusBit
 .text.SetCalibrationStatusBit
                0x000006a4       0x24 .\CortexM3\ARM_GCC_493\Debug\cal.o
                0x000006a4                SetCalibrationStatusBit
 .text.Cal_PrintSamples
                0x000006c8       0x64 .\CortexM3\ARM_GCC_493\Debug\cal.o
                0x000006c8                Cal_PrintSamples
 .text.Cal_PrintGains
                0x0000072c       0x48 .\CortexM3\ARM_GCC_493\Debug\cal.o
                0x0000072c                Cal_PrintGains
 .text.ProcessSettings
                0x00000774      0x104 .\CortexM3\ARM_GCC_493\Debug\cal.o
 .text.Cal_Init
                0x00000878       0x3c .\CortexM3\ARM_GCC_493\Debug\cal.o
                0x00000878                Cal_Init
 .text.Cal_Start
                0x000008b4       0x14 .\CortexM3\ARM_GCC_493\Debug\cal.o
                0x000008b4                Cal_Start
 .text.Cal_Update
                0x000008c8       0xd4 .\CortexM3\ARM_GCC_493\Debug\cal.o
                0x000008c8                Cal_Update
 .text.Cal_ReadResponse
                0x0000099c       0x48 .\CortexM3\ARM_GCC_493\Debug\cal.o
                0x0000099c                Cal_ReadResponse
 .text.Cal_LeftGetPidGains
                0x000009e4        0xc .\CortexM3\ARM_GCC_493\Debug\cal.o
                0x000009e4                Cal_LeftGetPidGains
 .text.Cal_RightGetPidGains
                0x000009f0        0xc .\CortexM3\ARM_GCC_493\Debug\cal.o
                0x000009f0                Cal_RightGetPidGains
 .text.Cal_SetLeftRightVelocity
                0x000009fc        0xc .\CortexM3\ARM_GCC_493\Debug\cal.o
                0x000009fc                Cal_SetLeftRightVelocity
 .text.Cal_CpsToPwm
                0x00000a08       0x84 .\CortexM3\ARM_GCC_493\Debug\cal.o
                0x00000a08                Cal_CpsToPwm
 .text.Cal_Clear
                0x00000a8c       0x10 .\CortexM3\ARM_GCC_493\Debug\cal.o
                0x00000a8c                Cal_Clear
 .text.Control_Init
                0x00000a9c       0x10 .\CortexM3\ARM_GCC_493\Debug\control.o
                0x00000a9c                Control_Init
 .text.Control_Start
                0x00000aac        0x4 .\CortexM3\ARM_GCC_493\Debug\control.o
                0x00000aac                Control_Start
 .text.Control_Update
                0x00000ab0      0x100 .\CortexM3\ARM_GCC_493\Debug\control.o
                0x00000ab0                Control_Update
 .text.Control_LeftGetCmdVelocity
                0x00000bb0        0xc .\CortexM3\ARM_GCC_493\Debug\control.o
                0x00000bb0                Control_LeftGetCmdVelocity
 .text.Control_RightGetCmdVelocity
                0x00000bbc        0xc .\CortexM3\ARM_GCC_493\Debug\control.o
                0x00000bbc                Control_RightGetCmdVelocity
 .text.Control_OverrideDebug
                0x00000bc8        0xc .\CortexM3\ARM_GCC_493\Debug\control.o
                0x00000bc8                Control_OverrideDebug
 .text.Debug_Init
                0x00000bd4       0x24 .\CortexM3\ARM_GCC_493\Debug\debug.o
                0x00000bd4                Debug_Init
 .text.Debug_Start
                0x00000bf8        0x4 .\CortexM3\ARM_GCC_493\Debug\debug.o
                0x00000bf8                Debug_Start
 .text.Diag_Init
                0x00000bfc       0x18 .\CortexM3\ARM_GCC_493\Debug\diag.o
                0x00000bfc                Diag_Init
 .text.Diag_Start
                0x00000c14        0x4 .\CortexM3\ARM_GCC_493\Debug\diag.o
                0x00000c14                Diag_Start
 .text.Diag_Update
                0x00000c18       0x38 .\CortexM3\ARM_GCC_493\Debug\diag.o
                0x00000c18                Diag_Update
 .text.Encoder_Sample
                0x00000c50       0xa8 .\CortexM3\ARM_GCC_493\Debug\encoder.o
 .text.DumpEncoder
                0x00000cf8       0x74 .\CortexM3\ARM_GCC_493\Debug\encoder.o
 .text.Encoder_Init
                0x00000d6c       0x4c .\CortexM3\ARM_GCC_493\Debug\encoder.o
                0x00000d6c                Encoder_Init
 .text.Encoder_Start
                0x00000db8       0x20 .\CortexM3\ARM_GCC_493\Debug\encoder.o
                0x00000db8                Encoder_Start
 .text.Encoder_Update
                0x00000dd8       0x84 .\CortexM3\ARM_GCC_493\Debug\encoder.o
                0x00000dd8                Encoder_Update
 .text.Encoder_LeftGetCntsPerSec
                0x00000e5c        0xc .\CortexM3\ARM_GCC_493\Debug\encoder.o
                0x00000e5c                Encoder_LeftGetCntsPerSec
 .text.Encoder_RightGetCntsPerSec
                0x00000e68        0xc .\CortexM3\ARM_GCC_493\Debug\encoder.o
                0x00000e68                Encoder_RightGetCntsPerSec
 .text.Encoder_LeftGetMeterPerSec
                0x00000e74        0xc .\CortexM3\ARM_GCC_493\Debug\encoder.o
                0x00000e74                Encoder_LeftGetMeterPerSec
 .text.Encoder_RightGetMeterPerSec
                0x00000e80        0xc .\CortexM3\ARM_GCC_493\Debug\encoder.o
                0x00000e80                Encoder_RightGetMeterPerSec
 .text.Encoder_LeftGetDist
                0x00000e8c        0xc .\CortexM3\ARM_GCC_493\Debug\encoder.o
                0x00000e8c                Encoder_LeftGetDist
 .text.Encoder_RightGetDist
                0x00000e98        0xc .\CortexM3\ARM_GCC_493\Debug\encoder.o
                0x00000e98                Encoder_RightGetDist
 .text.Encoder_Reset
                0x00000ea4       0x68 .\CortexM3\ARM_GCC_493\Debug\encoder.o
                0x00000ea4                Encoder_Reset
 .text.I2c_Init
                0x00000f0c       0x24 .\CortexM3\ARM_GCC_493\Debug\i2c.o
                0x00000f0c                I2c_Init
 .text.I2c_Start
                0x00000f30       0x18 .\CortexM3\ARM_GCC_493\Debug\i2c.o
                0x00000f30                I2c_Start
 .text.I2c_ReadDeviceControl
                0x00000f48       0x2c .\CortexM3\ARM_GCC_493\Debug\i2c.o
                0x00000f48                I2c_ReadDeviceControl
 .text.I2c_ReadDebugControl
                0x00000f74       0x94 .\CortexM3\ARM_GCC_493\Debug\i2c.o
                0x00000f74                I2c_ReadDebugControl
 .text.I2c_ReadCmdVelocity
                0x00001008       0x6c .\CortexM3\ARM_GCC_493\Debug\i2c.o
                0x00001008                I2c_ReadCmdVelocity
 .text.I2c_SetCalibrationStatusBit
                0x00001074       0x38 .\CortexM3\ARM_GCC_493\Debug\i2c.o
                0x00001074                I2c_SetCalibrationStatusBit
 .text.I2c_ClearCalibrationStatusBit
                0x000010ac       0x3c .\CortexM3\ARM_GCC_493\Debug\i2c.o
                0x000010ac                I2c_ClearCalibrationStatusBit
 .text.I2c_SetCalibrationStatus
                0x000010e8       0x34 .\CortexM3\ARM_GCC_493\Debug\i2c.o
                0x000010e8                I2c_SetCalibrationStatus
 .text.I2c_WriteOdom
                0x0000111c       0x78 .\CortexM3\ARM_GCC_493\Debug\i2c.o
                0x0000111c                I2c_WriteOdom
 .text.I2c_WriteInfraredDistances
                0x00001194       0x3c .\CortexM3\ARM_GCC_493\Debug\i2c.o
                0x00001194                I2c_WriteInfraredDistances
 .text.I2c_WriteUltrasonicDistances
                0x000011d0       0x3c .\CortexM3\ARM_GCC_493\Debug\i2c.o
                0x000011d0                I2c_WriteUltrasonicDistances
 .text.I2c_UpdateHeartbeat
                0x0000120c       0x2c .\CortexM3\ARM_GCC_493\Debug\i2c.o
                0x0000120c                I2c_UpdateHeartbeat
 .text.RampDown
                0x00001238       0x7c .\CortexM3\ARM_GCC_493\Debug\motor.o
 .text.Motor_Init
                0x000012b4       0x18 .\CortexM3\ARM_GCC_493\Debug\motor.o
                0x000012b4                Motor_Init
 .text.Motor_Start
                0x000012cc       0x30 .\CortexM3\ARM_GCC_493\Debug\motor.o
                0x000012cc                Motor_Start
 .text.Motor_LeftSetPwm
                0x000012fc       0x2c .\CortexM3\ARM_GCC_493\Debug\motor.o
                0x000012fc                Motor_LeftSetPwm
 .text.Motor_RightSetPwm
                0x00001328       0x2c .\CortexM3\ARM_GCC_493\Debug\motor.o
                0x00001328                Motor_RightSetPwm
 .text.Motor_LeftGetPwm
                0x00001354       0x10 .\CortexM3\ARM_GCC_493\Debug\motor.o
                0x00001354                Motor_LeftGetPwm
 .text.Motor_RightGetPwm
                0x00001364       0x10 .\CortexM3\ARM_GCC_493\Debug\motor.o
                0x00001364                Motor_RightGetPwm
 .text.Motor_Stop
                0x00001374       0x30 .\CortexM3\ARM_GCC_493\Debug\motor.o
                0x00001374                Motor_Stop
 .text.Motor_LeftRampDown
                0x000013a4       0x10 .\CortexM3\ARM_GCC_493\Debug\motor.o
                0x000013a4                Motor_LeftRampDown
 .text.Motor_RightRampDown
                0x000013b4       0x10 .\CortexM3\ARM_GCC_493\Debug\motor.o
                0x000013b4                Motor_RightRampDown
 *fill*         0x000013c4        0x4 
 .text.CalculateOdometry
                0x000013c8       0x68 .\CortexM3\ARM_GCC_493\Debug\odom.o
 .text.DumpOdom
                0x00001430       0x80 .\CortexM3\ARM_GCC_493\Debug\odom.o
 .text.Odom_Init
                0x000014b0       0x14 .\CortexM3\ARM_GCC_493\Debug\odom.o
                0x000014b0                Odom_Init
 .text.Odom_Start
                0x000014c4        0x4 .\CortexM3\ARM_GCC_493\Debug\odom.o
                0x000014c4                Odom_Start
 .text.Odom_Update
                0x000014c8       0x5c .\CortexM3\ARM_GCC_493\Debug\odom.o
                0x000014c8                Odom_Update
 .text.Odom_Reset
                0x00001524       0x20 .\CortexM3\ARM_GCC_493\Debug\odom.o
                0x00001524                Odom_Reset
 *fill*         0x00001544        0x4 
 .text.ProcessPid
                0x00001548       0xb8 .\CortexM3\ARM_GCC_493\Debug\pid.o
 .text.Pid_Init
                0x00001600       0x7c .\CortexM3\ARM_GCC_493\Debug\pid.o
                0x00001600                Pid_Init
 .text.Pid_Start
                0x0000167c       0x30 .\CortexM3\ARM_GCC_493\Debug\pid.o
                0x0000167c                Pid_Start
 *fill*         0x000016ac        0x4 
 .text.Pid_Update
                0x000016b0       0xa0 .\CortexM3\ARM_GCC_493\Debug\pid.o
                0x000016b0                Pid_Update
 .text.Pid_SetLeftRightTarget
                0x00001750       0x10 .\CortexM3\ARM_GCC_493\Debug\pid.o
                0x00001750                Pid_SetLeftRightTarget
 .text.Pid_RestoreLeftRightTarget
                0x00001760       0x1c .\CortexM3\ARM_GCC_493\Debug\pid.o
                0x00001760                Pid_RestoreLeftRightTarget
 .text.Pid_Reset
                0x0000177c       0x24 .\CortexM3\ARM_GCC_493\Debug\pid.o
                0x0000177c                Pid_Reset
 .text.Pid_Enable
                0x000017a0       0x28 .\CortexM3\ARM_GCC_493\Debug\pid.o
                0x000017a0                Pid_Enable
 .text.Pid_LeftSetGains
                0x000017c8       0x18 .\CortexM3\ARM_GCC_493\Debug\pid.o
                0x000017c8                Pid_LeftSetGains
 .text.Pid_RightSetGains
                0x000017e0       0x18 .\CortexM3\ARM_GCC_493\Debug\pid.o
                0x000017e0                Pid_RightSetGains
 .text.Pid_LeftGetGains
                0x000017f8       0x1c .\CortexM3\ARM_GCC_493\Debug\pid.o
                0x000017f8                Pid_LeftGetGains
 .text.Pid_RightGetGains
                0x00001814       0x1c .\CortexM3\ARM_GCC_493\Debug\pid.o
                0x00001814                Pid_RightGetGains
 .text.SysTickIsrHandler
                0x00001830       0x10 .\CortexM3\ARM_GCC_493\Debug\time.o
 .text.Time_Init
                0x00001840        0xc .\CortexM3\ARM_GCC_493\Debug\time.o
                0x00001840                Time_Init
 .text.Time_Start
                0x0000184c       0x2c .\CortexM3\ARM_GCC_493\Debug\time.o
                0x0000184c                Time_Start
 .text.millis   0x00001878        0xc .\CortexM3\ARM_GCC_493\Debug\time.o
                0x00001878                millis
 .text.insert_zeros
                0x00001884       0x30 .\CortexM3\ARM_GCC_493\Debug\utils.o
 .text.MovingAverageFloat
                0x000018b4       0x2c .\CortexM3\ARM_GCC_493\Debug\utils.o
                0x000018b4                MovingAverageFloat
 .text.Uint16ToTwoBytes
                0x000018e0        0x8 .\CortexM3\ARM_GCC_493\Debug\utils.o
                0x000018e0                Uint16ToTwoBytes
 .text.FloatToFourBytes
                0x000018e8       0x20 .\CortexM3\ARM_GCC_493\Debug\utils.o
                0x000018e8                FloatToFourBytes
 .text.ftoa     0x00001908       0xa4 .\CortexM3\ARM_GCC_493\Debug\utils.o
                0x00001908                ftoa
 .text.BinaryRangeSearch
                0x000019ac       0x50 .\CortexM3\ARM_GCC_493\Debug\utils.o
                0x000019ac                BinaryRangeSearch
 .text.Interpolate
                0x000019fc       0x3c .\CortexM3\ARM_GCC_493\Debug\utils.o
                0x000019fc                Interpolate
 .text.PIDCompute
                0x00001a38       0xa4 .\CortexM3\ARM_GCC_493\Debug\pid_controller.o
                0x00001a38                PIDCompute
 .text.PIDModeSet
                0x00001adc       0x40 .\CortexM3\ARM_GCC_493\Debug\pid_controller.o
                0x00001adc                PIDModeSet
 .text.PIDOutputLimitsSet
                0x00001b1c       0x5c .\CortexM3\ARM_GCC_493\Debug\pid_controller.o
                0x00001b1c                PIDOutputLimitsSet
 .text.PIDTuningsSet
                0x00001b78       0x6c .\CortexM3\ARM_GCC_493\Debug\pid_controller.o
                0x00001b78                PIDTuningsSet
 .text.PIDInit  0x00001be4       0x54 .\CortexM3\ARM_GCC_493\Debug\pid_controller.o
                0x00001be4                PIDInit
 .text.PIDSetpointSet
                0x00001c38        0x4 .\CortexM3\ARM_GCC_493\Debug\pid_controller.o
                0x00001c38                PIDSetpointSet
 .text.PIDInputSet
                0x00001c3c        0x4 .\CortexM3\ARM_GCC_493\Debug\pid_controller.o
                0x00001c3c                PIDInputSet
 .text.Ser_Init
                0x00001c40        0x4 .\CortexM3\ARM_GCC_493\Debug\serial.o
                0x00001c40                Ser_Init
 .text.Ser_Start
                0x00001c44       0x2c .\CortexM3\ARM_GCC_493\Debug\serial.o
                0x00001c44                Ser_Start
 .text.Ser_Update
                0x00001c70       0x14 .\CortexM3\ARM_GCC_493\Debug\serial.o
                0x00001c70                Ser_Update
 .text.Ser_PutString
                0x00001c84       0x20 .\CortexM3\ARM_GCC_493\Debug\serial.o
                0x00001c84                Ser_PutString
 .text.Ser_ReadByte
                0x00001ca4       0x1c .\CortexM3\ARM_GCC_493\Debug\serial.o
                0x00001ca4                Ser_ReadByte
 .text.Ser_WriteByte
                0x00001cc0       0x1c .\CortexM3\ARM_GCC_493\Debug\serial.o
                0x00001cc0                Ser_WriteByte
 .text.Nvstore_Init
                0x00001cdc        0x4 .\CortexM3\ARM_GCC_493\Debug\nvstore.o
                0x00001cdc                Nvstore_Init
 .text.Nvstore_Start
                0x00001ce0        0x8 .\CortexM3\ARM_GCC_493\Debug\nvstore.o
                0x00001ce0                Nvstore_Start
 .text.Nvstore_WriteBytes
                0x00001ce8       0xc8 .\CortexM3\ARM_GCC_493\Debug\nvstore.o
                0x00001ce8                Nvstore_WriteBytes
 .text.Nvstore_WriteUint16
                0x00001db0       0x28 .\CortexM3\ARM_GCC_493\Debug\nvstore.o
                0x00001db0                Nvstore_WriteUint16
 .text.Nvstore_WriteFloat
                0x00001dd8       0x2c .\CortexM3\ARM_GCC_493\Debug\nvstore.o
                0x00001dd8                Nvstore_WriteFloat
 *fill*         0x00001e04        0x4 
 .text.GetStepVelocity
                0x00001e08      0x118 .\CortexM3\ARM_GCC_493\Debug\calpid.o
 .text.ResetPidValidationVelocity
                0x00001f20       0x10 .\CortexM3\ARM_GCC_493\Debug\calpid.o
 .text.GetNextValidationVelocity
                0x00001f30       0x3c .\CortexM3\ARM_GCC_493\Debug\calpid.o
 .text.Results  0x00001f6c       0x64 .\CortexM3\ARM_GCC_493\Debug\calpid.o
 .text.StoreLeftGains
                0x00001fd0       0x3c .\CortexM3\ARM_GCC_493\Debug\calpid.o
 .text.StoreRightGains
                0x0000200c       0x3c .\CortexM3\ARM_GCC_493\Debug\calpid.o
 .text.Stop     0x00002048       0x88 .\CortexM3\ARM_GCC_493\Debug\calpid.o
 .text.SetNextValidationVelocity
                0x000020d0       0x5c .\CortexM3\ARM_GCC_493\Debug\calpid.o
 .text.Update   0x0000212c       0x58 .\CortexM3\ARM_GCC_493\Debug\calpid.o
 .text.Start    0x00002184       0xe4 .\CortexM3\ARM_GCC_493\Debug\calpid.o
 .text.Init     0x00002268       0xbc .\CortexM3\ARM_GCC_493\Debug\calpid.o
 .text.CalPid_Init
                0x00002324       0x2c .\CortexM3\ARM_GCC_493\Debug\calpid.o
                0x00002324                CalPid_Init
 .text.CalculateValidationValues
                0x00002350      0x178 .\CortexM3\ARM_GCC_493\Debug\calmotor.o
 .text.CalculatePwmSamples
                0x000024c8       0x64 .\CortexM3\ARM_GCC_493\Debug\calmotor.o
 .text.AddSamplesToSum
                0x0000252c       0x24 .\CortexM3\ARM_GCC_493\Debug\calmotor.o
 .text.CalculateAvgCpsSamples
                0x00002550       0x20 .\CortexM3\ARM_GCC_493\Debug\calmotor.o
 .text.CalculateMinMaxCpsSample
                0x00002570       0x38 .\CortexM3\ARM_GCC_493\Debug\calmotor.o
 .text.Start    0x000025a8       0x24 .\CortexM3\ARM_GCC_493\Debug\calmotor.o
 .text.PrintAllMotorParams
                0x000025cc       0x64 .\CortexM3\ARM_GCC_493\Debug\calmotor.o
 .text.Results  0x00002630       0x28 .\CortexM3\ARM_GCC_493\Debug\calmotor.o
 .text.Stop     0x00002658       0x2c .\CortexM3\ARM_GCC_493\Debug\calmotor.o
 .text.CollectCpsPwmSamples
                0x00002684       0x58 .\CortexM3\ARM_GCC_493\Debug\calmotor.o
 .text.CollectPwmCpsSamples
                0x000026dc       0xb4 .\CortexM3\ARM_GCC_493\Debug\calmotor.o
 .text.CalibrateWheelSpeed
                0x00002790       0x5c .\CortexM3\ARM_GCC_493\Debug\calmotor.o
 .text.StoreWheelSpeedSamples
                0x000027ec       0x64 .\CortexM3\ARM_GCC_493\Debug\calmotor.o
 .text.PrintVelocityParams
                0x00002850       0x40 .\CortexM3\ARM_GCC_493\Debug\calmotor.o
 .text.DoVelocityValidation
                0x00002890       0xa8 .\CortexM3\ARM_GCC_493\Debug\calmotor.o
 .text.Update   0x00002938      0x120 .\CortexM3\ARM_GCC_493\Debug\calmotor.o
 .text.Init     0x00002a58       0x34 .\CortexM3\ARM_GCC_493\Debug\calmotor.o
 .text.CalMotor_Init
                0x00002a8c       0x40 .\CortexM3\ARM_GCC_493\Debug\calmotor.o
                0x00002a8c                CalMotor_Init
 .text.DumpPid  0x00002acc      0x104 .\CortexM3\ARM_GCC_493\Debug\pidutil.o
                0x00002acc                DumpPid
 .text.SendRequest
                0x00002bd0       0x24 .\CortexM3\ARM_GCC_493\Debug\spi.o
 .text.ProcessResponse
                0x00002bf4       0x38 .\CortexM3\ARM_GCC_493\Debug\spi.o
 .text.RecvResponse
                0x00002c2c       0x50 .\CortexM3\ARM_GCC_493\Debug\spi.o
 .text.Spi_Init
                0x00002c7c        0x4 .\CortexM3\ARM_GCC_493\Debug\spi.o
                0x00002c7c                Spi_Init
 .text.Spi_Start
                0x00002c80       0x14 .\CortexM3\ARM_GCC_493\Debug\spi.o
                0x00002c80                Spi_Start
 .text.Spi_Update
                0x00002c94       0x30 .\CortexM3\ARM_GCC_493\Debug\spi.o
                0x00002c94                Spi_Update
 .text.Results  0x00002cc4       0x18 .\CortexM3\ARM_GCC_493\Debug\callin.o
 *fill*         0x00002cdc        0x4 
 .text.Stop     0x00002ce0       0xf8 .\CortexM3\ARM_GCC_493\Debug\callin.o
 .text.Update   0x00002dd8       0x88 .\CortexM3\ARM_GCC_493\Debug\callin.o
 .text.Start    0x00002e60       0x60 .\CortexM3\ARM_GCC_493\Debug\callin.o
 .text.Init     0x00002ec0       0x68 .\CortexM3\ARM_GCC_493\Debug\callin.o
 .text.CalLin_Init
                0x00002f28       0x10 .\CortexM3\ARM_GCC_493\Debug\callin.o
                0x00002f28                CalLin_Init
 .text.IntDefaultHandler
                0x00002f38        0x4 .\CortexM3\ARM_GCC_493\Debug\Cm3Start.o
                0x00002f38                IntDefaultHandler
 .text._exit    0x00002f3c        0xc .\CortexM3\ARM_GCC_493\Debug\Cm3Start.o
                0x00002f3c                _exit
 .text._sbrk    0x00002f48       0x30 .\CortexM3\ARM_GCC_493\Debug\Cm3Start.o
                0x00002f48                _sbrk
 .text.Start_c  0x00002f78       0x4c .\CortexM3\ARM_GCC_493\Debug\Cm3Start.o
                0x00002f78                Start_c
 .text.initialize_psoc
                0x00002fc4       0x74 .\CortexM3\ARM_GCC_493\Debug\Cm3Start.o
                0x00002fc4                initialize_psoc
 .text.cfg_write_bytes32
                0x00003038       0x34 .\CortexM3\ARM_GCC_493\Debug\freesoc.a(cyfitter_cfg.o)
 .text.AnalogSetDefault
                0x0000306c       0x28 .\CortexM3\ARM_GCC_493\Debug\freesoc.a(cyfitter_cfg.o)
 .text.CYMEMZERO
                0x00003094        0xc .\CortexM3\ARM_GCC_493\Debug\freesoc.a(cyfitter_cfg.o)
 .text.ClockSetup
                0x000030a0       0xd0 .\CortexM3\ARM_GCC_493\Debug\freesoc.a(cyfitter_cfg.o)
 .text.CYCONFIGCPY
                0x00003170        0x8 .\CortexM3\ARM_GCC_493\Debug\freesoc.a(cyfitter_cfg.o)
 .text.cyfitter_cfg
                0x00003178      0x130 .\CortexM3\ARM_GCC_493\Debug\freesoc.a(cyfitter_cfg.o)
                0x00003178                cyfitter_cfg
 .text.Left_HB25_Enable_Pin_Write
                0x000032a8       0x18 .\CortexM3\ARM_GCC_493\Debug\freesoc.a(Left_HB25_Enable_Pin.o)
                0x000032a8                Left_HB25_Enable_Pin_Write
 .text.Left_HB25_PWM_Stop
                0x000032c0        0x4 .\CortexM3\ARM_GCC_493\Debug\freesoc.a(Left_HB25_PWM.o)
                0x000032c0                Left_HB25_PWM_Stop
 .text.Left_HB25_PWM_WriteCounter
                0x000032c4        0xc .\CortexM3\ARM_GCC_493\Debug\freesoc.a(Left_HB25_PWM.o)
                0x000032c4                Left_HB25_PWM_WriteCounter
 .text.Left_HB25_PWM_WritePeriod
                0x000032d0        0xc .\CortexM3\ARM_GCC_493\Debug\freesoc.a(Left_HB25_PWM.o)
                0x000032d0                Left_HB25_PWM_WritePeriod
 .text.Left_HB25_PWM_WriteCompare
                0x000032dc        0xc .\CortexM3\ARM_GCC_493\Debug\freesoc.a(Left_HB25_PWM.o)
                0x000032dc                Left_HB25_PWM_WriteCompare
 .text.Left_HB25_PWM_Init
                0x000032e8       0x34 .\CortexM3\ARM_GCC_493\Debug\freesoc.a(Left_HB25_PWM.o)
                0x000032e8                Left_HB25_PWM_Init
 .text.Left_HB25_PWM_Start
                0x0000331c       0x18 .\CortexM3\ARM_GCC_493\Debug\freesoc.a(Left_HB25_PWM.o)
                0x0000331c                Left_HB25_PWM_Start
 .text.Left_HB25_PWM_ReadCompare
                0x00003334        0xc .\CortexM3\ARM_GCC_493\Debug\freesoc.a(Left_HB25_PWM.o)
                0x00003334                Left_HB25_PWM_ReadCompare
 .text.Right_HB25_Enable_Pin_Write
                0x00003340       0x18 .\CortexM3\ARM_GCC_493\Debug\freesoc.a(Right_HB25_Enable_Pin.o)
                0x00003340                Right_HB25_Enable_Pin_Write
 .text.Right_HB25_PWM_Stop
                0x00003358        0x4 .\CortexM3\ARM_GCC_493\Debug\freesoc.a(Right_HB25_PWM.o)
                0x00003358                Right_HB25_PWM_Stop
 .text.Right_HB25_PWM_WriteCounter
                0x0000335c        0xc .\CortexM3\ARM_GCC_493\Debug\freesoc.a(Right_HB25_PWM.o)
                0x0000335c                Right_HB25_PWM_WriteCounter
 .text.Right_HB25_PWM_WritePeriod
                0x00003368        0xc .\CortexM3\ARM_GCC_493\Debug\freesoc.a(Right_HB25_PWM.o)
                0x00003368                Right_HB25_PWM_WritePeriod
 .text.Right_HB25_PWM_WriteCompare
                0x00003374        0xc .\CortexM3\ARM_GCC_493\Debug\freesoc.a(Right_HB25_PWM.o)
                0x00003374                Right_HB25_PWM_WriteCompare
 .text.Right_HB25_PWM_Init
                0x00003380       0x34 .\CortexM3\ARM_GCC_493\Debug\freesoc.a(Right_HB25_PWM.o)
                0x00003380                Right_HB25_PWM_Init
 .text.Right_HB25_PWM_Start
                0x000033b4       0x18 .\CortexM3\ARM_GCC_493\Debug\freesoc.a(Right_HB25_PWM.o)
                0x000033b4                Right_HB25_PWM_Start
 .text.Right_HB25_PWM_ReadCompare
                0x000033cc        0xc .\CortexM3\ARM_GCC_493\Debug\freesoc.a(Right_HB25_PWM.o)
                0x000033cc                Right_HB25_PWM_ReadCompare
 .text          0x000033d8       0x20 .\CortexM3\ARM_GCC_493\Debug\freesoc.a(CyBootAsmGnu.o)
                0x000033d8                CyDelayCycles
                0x000033e8                CyEnterCriticalSection
                0x000033f0                CyExitCriticalSection
 .text.CyHalt   0x000033f8        0x4 .\CortexM3\ARM_GCC_493\Debug\freesoc.a(CyLib.o)
                0x000033f8                CyHalt
 .text.CyDelay  0x000033fc       0x2c .\CortexM3\ARM_GCC_493\Debug\freesoc.a(CyLib.o)
                0x000033fc                CyDelay
 .text.CyDelayUs
                0x00003428       0x14 .\CortexM3\ARM_GCC_493\Debug\freesoc.a(CyLib.o)
                0x00003428                CyDelayUs
 .text.CyIntSetSysVector
                0x0000343c       0x28 .\CortexM3\ARM_GCC_493\Debug\freesoc.a(CyLib.o)
                0x0000343c                CyIntSetSysVector
 .text.CyIntSetVector
                0x00003464       0x28 .\CortexM3\ARM_GCC_493\Debug\freesoc.a(CyLib.o)
                0x00003464                CyIntSetVector
 .text.CyIntSetPriority
                0x0000348c       0x30 .\CortexM3\ARM_GCC_493\Debug\freesoc.a(CyLib.o)
                0x0000348c                CyIntSetPriority
 .text.CySysTickEnableInterrupt
                0x000034bc       0x10 .\CortexM3\ARM_GCC_493\Debug\freesoc.a(CyLib.o)
                0x000034bc                CySysTickEnableInterrupt
 .text.CySysTickEnable
                0x000034cc       0x18 .\CortexM3\ARM_GCC_493\Debug\freesoc.a(CyLib.o)
                0x000034cc                CySysTickEnable
 .text.CySysTickSetReload
                0x000034e4       0x10 .\CortexM3\ARM_GCC_493\Debug\freesoc.a(CyLib.o)
                0x000034e4                CySysTickSetReload
 .text.CySysTickSetClockSource
                0x000034f4       0x20 .\CortexM3\ARM_GCC_493\Debug\freesoc.a(CyLib.o)
                0x000034f4                CySysTickSetClockSource
 .text.CySysTickGetCountFlag
                0x00003514       0x10 .\CortexM3\ARM_GCC_493\Debug\freesoc.a(CyLib.o)
                0x00003514                CySysTickGetCountFlag
 .text.CySysTickServiceCallbacks
                0x00003524       0x28 .\CortexM3\ARM_GCC_493\Debug\freesoc.a(CyLib.o)
 .text.CySysTickClear
                0x0000354c        0xc .\CortexM3\ARM_GCC_493\Debug\freesoc.a(CyLib.o)
                0x0000354c                CySysTickClear
 .text.CySysTickInit
                0x00003558       0x58 .\CortexM3\ARM_GCC_493\Debug\freesoc.a(CyLib.o)
                0x00003558                CySysTickInit
 .text.CySysTickStart
                0x000035b0       0x1c .\CortexM3\ARM_GCC_493\Debug\freesoc.a(CyLib.o)
                0x000035b0                CySysTickStart
 .text.CySysTickSetCallback
                0x000035cc       0x10 .\CortexM3\ARM_GCC_493\Debug\freesoc.a(CyLib.o)
                0x000035cc                CySysTickSetCallback
 .text.CySysTickGetCallback
                0x000035dc       0x10 .\CortexM3\ARM_GCC_493\Debug\freesoc.a(CyLib.o)
                0x000035dc                CySysTickGetCallback
 .text.CyGetUniqueId
                0x000035ec       0x70 .\CortexM3\ARM_GCC_493\Debug\freesoc.a(CyLib.o)
                0x000035ec                CyGetUniqueId
 .text.EZI2C_Slave_Init
                0x0000365c       0x70 .\CortexM3\ARM_GCC_493\Debug\freesoc.a(EZI2C_Slave.o)
                0x0000365c                EZI2C_Slave_Init
 .text.EZI2C_Slave_Enable
                0x000036cc       0x30 .\CortexM3\ARM_GCC_493\Debug\freesoc.a(EZI2C_Slave.o)
                0x000036cc                EZI2C_Slave_Enable
 .text.EZI2C_Slave_Start
                0x000036fc       0x1c .\CortexM3\ARM_GCC_493\Debug\freesoc.a(EZI2C_Slave.o)
                0x000036fc                EZI2C_Slave_Start
 .text.EZI2C_Slave_GetActivity
                0x00003718       0x28 .\CortexM3\ARM_GCC_493\Debug\freesoc.a(EZI2C_Slave.o)
                0x00003718                EZI2C_Slave_GetActivity
 .text.EZI2C_Slave_SetBuffer1
                0x00003740       0x50 .\CortexM3\ARM_GCC_493\Debug\freesoc.a(EZI2C_Slave.o)
                0x00003740                EZI2C_Slave_SetBuffer1
 .text.EZI2C_Slave_ISR
                0x00003790      0x1c4 .\CortexM3\ARM_GCC_493\Debug\freesoc.a(EZI2C_Slave_INT.o)
                0x00003790                EZI2C_Slave_ISR
 .text.Mainloop_Pin_Write
                0x00003954       0x18 .\CortexM3\ARM_GCC_493\Debug\freesoc.a(Mainloop_Pin.o)
                0x00003954                Mainloop_Pin_Write
 .text.EEPROM_Enable
                0x0000396c        0xc .\CortexM3\ARM_GCC_493\Debug\freesoc.a(EEPROM.o)
                0x0000396c                EEPROM_Enable
 .text.EEPROM_Start
                0x00003978        0x8 .\CortexM3\ARM_GCC_493\Debug\freesoc.a(EEPROM.o)
                0x00003978                EEPROM_Start
 .text.EEPROM_WriteByte
                0x00003980       0xd4 .\CortexM3\ARM_GCC_493\Debug\freesoc.a(EEPROM.o)
                0x00003980                EEPROM_WriteByte
 .text.EEPROM_Write
                0x00003a54       0xb4 .\CortexM3\ARM_GCC_493\Debug\freesoc.a(EEPROM.o)
                0x00003a54                EEPROM_Write
 .text.Right_QuadDec_Init
                0x00003b08       0x24 .\CortexM3\ARM_GCC_493\Debug\freesoc.a(Right_QuadDec.o)
                0x00003b08                Right_QuadDec_Init
 .text.Right_QuadDec_GetCounter
                0x00003b2c       0x2c .\CortexM3\ARM_GCC_493\Debug\freesoc.a(Right_QuadDec.o)
                0x00003b2c                Right_QuadDec_GetCounter
 .text.Right_QuadDec_SetCounter
                0x00003b58       0x28 .\CortexM3\ARM_GCC_493\Debug\freesoc.a(Right_QuadDec.o)
                0x00003b58                Right_QuadDec_SetCounter
 .text.Right_QuadDec_GetEvents
                0x00003b80       0x10 .\CortexM3\ARM_GCC_493\Debug\freesoc.a(Right_QuadDec.o)
                0x00003b80                Right_QuadDec_GetEvents
 .text.Right_QuadDec_SetInterruptMask
                0x00003b90       0x10 .\CortexM3\ARM_GCC_493\Debug\freesoc.a(Right_QuadDec.o)
                0x00003b90                Right_QuadDec_SetInterruptMask
 .text.Right_QuadDec_Enable
                0x00003ba0       0x30 .\CortexM3\ARM_GCC_493\Debug\freesoc.a(Right_QuadDec.o)
                0x00003ba0                Right_QuadDec_Enable
 .text.Right_QuadDec_Start
                0x00003bd0       0x34 .\CortexM3\ARM_GCC_493\Debug\freesoc.a(Right_QuadDec.o)
                0x00003bd0                Right_QuadDec_Start
 .text.Right_QuadDec_ISR
                0x00003c04       0x40 .\CortexM3\ARM_GCC_493\Debug\freesoc.a(Right_QuadDec_INT.o)
                0x00003c04                Right_QuadDec_ISR
 .text.Right_QuadDec_Cnt16_Enable
                0x00003c44       0x10 .\CortexM3\ARM_GCC_493\Debug\freesoc.a(Right_QuadDec_Cnt16.o)
                0x00003c44                Right_QuadDec_Cnt16_Enable
 .text.Right_QuadDec_Cnt16_SetInterruptMode
                0x00003c54        0xc .\CortexM3\ARM_GCC_493\Debug\freesoc.a(Right_QuadDec_Cnt16.o)
                0x00003c54                Right_QuadDec_Cnt16_SetInterruptMode
 .text.Right_QuadDec_Cnt16_ReadStatusRegister
                0x00003c60        0xc .\CortexM3\ARM_GCC_493\Debug\freesoc.a(Right_QuadDec_Cnt16.o)
                0x00003c60                Right_QuadDec_Cnt16_ReadStatusRegister
 .text.Right_QuadDec_Cnt16_WriteCounter
                0x00003c6c        0xc .\CortexM3\ARM_GCC_493\Debug\freesoc.a(Right_QuadDec_Cnt16.o)
                0x00003c6c                Right_QuadDec_Cnt16_WriteCounter
 .text.Right_QuadDec_Cnt16_ReadCounter
                0x00003c78       0x14 .\CortexM3\ARM_GCC_493\Debug\freesoc.a(Right_QuadDec_Cnt16.o)
                0x00003c78                Right_QuadDec_Cnt16_ReadCounter
 .text.Right_QuadDec_Cnt16_ReadCapture
                0x00003c8c        0xc .\CortexM3\ARM_GCC_493\Debug\freesoc.a(Right_QuadDec_Cnt16.o)
                0x00003c8c                Right_QuadDec_Cnt16_ReadCapture
 .text.Right_QuadDec_Cnt16_WritePeriod
                0x00003c98        0xc .\CortexM3\ARM_GCC_493\Debug\freesoc.a(Right_QuadDec_Cnt16.o)
                0x00003c98                Right_QuadDec_Cnt16_WritePeriod
 .text.Right_QuadDec_Cnt16_WriteCompare
                0x00003ca4        0xc .\CortexM3\ARM_GCC_493\Debug\freesoc.a(Right_QuadDec_Cnt16.o)
                0x00003ca4                Right_QuadDec_Cnt16_WriteCompare
 .text.Right_QuadDec_Cnt16_ClearFIFO
                0x00003cb0       0x14 .\CortexM3\ARM_GCC_493\Debug\freesoc.a(Right_QuadDec_Cnt16.o)
                0x00003cb0                Right_QuadDec_Cnt16_ClearFIFO
 .text.Right_QuadDec_Cnt16_Init
                0x00003cc4       0x58 .\CortexM3\ARM_GCC_493\Debug\freesoc.a(Right_QuadDec_Cnt16.o)
                0x00003cc4                Right_QuadDec_Cnt16_Init
 .text.Right_QuadDec_Cnt16_Start
                0x00003d1c       0x1c .\CortexM3\ARM_GCC_493\Debug\freesoc.a(Right_QuadDec_Cnt16.o)
                0x00003d1c                Right_QuadDec_Cnt16_Start
 .text.Left_QuadDec_Init
                0x00003d38       0x24 .\CortexM3\ARM_GCC_493\Debug\freesoc.a(Left_QuadDec.o)
                0x00003d38                Left_QuadDec_Init
 .text.Left_QuadDec_GetCounter
                0x00003d5c       0x2c .\CortexM3\ARM_GCC_493\Debug\freesoc.a(Left_QuadDec.o)
                0x00003d5c                Left_QuadDec_GetCounter
 .text.Left_QuadDec_SetCounter
                0x00003d88       0x28 .\CortexM3\ARM_GCC_493\Debug\freesoc.a(Left_QuadDec.o)
                0x00003d88                Left_QuadDec_SetCounter
 .text.Left_QuadDec_GetEvents
                0x00003db0       0x10 .\CortexM3\ARM_GCC_493\Debug\freesoc.a(Left_QuadDec.o)
                0x00003db0                Left_QuadDec_GetEvents
 .text.Left_QuadDec_SetInterruptMask
                0x00003dc0       0x10 .\CortexM3\ARM_GCC_493\Debug\freesoc.a(Left_QuadDec.o)
                0x00003dc0                Left_QuadDec_SetInterruptMask
 .text.Left_QuadDec_Enable
                0x00003dd0       0x30 .\CortexM3\ARM_GCC_493\Debug\freesoc.a(Left_QuadDec.o)
                0x00003dd0                Left_QuadDec_Enable
 .text.Left_QuadDec_Start
                0x00003e00       0x34 .\CortexM3\ARM_GCC_493\Debug\freesoc.a(Left_QuadDec.o)
                0x00003e00                Left_QuadDec_Start
 .text.Left_QuadDec_ISR
                0x00003e34       0x40 .\CortexM3\ARM_GCC_493\Debug\freesoc.a(Left_QuadDec_INT.o)
                0x00003e34                Left_QuadDec_ISR
 .text.Left_QuadDec_Cnt16_Enable
                0x00003e74       0x10 .\CortexM3\ARM_GCC_493\Debug\freesoc.a(Left_QuadDec_Cnt16.o)
                0x00003e74                Left_QuadDec_Cnt16_Enable
 .text.Left_QuadDec_Cnt16_SetInterruptMode
                0x00003e84        0xc .\CortexM3\ARM_GCC_493\Debug\freesoc.a(Left_QuadDec_Cnt16.o)
                0x00003e84                Left_QuadDec_Cnt16_SetInterruptMode
 .text.Left_QuadDec_Cnt16_ReadStatusRegister
                0x00003e90        0xc .\CortexM3\ARM_GCC_493\Debug\freesoc.a(Left_QuadDec_Cnt16.o)
                0x00003e90                Left_QuadDec_Cnt16_ReadStatusRegister
 .text.Left_QuadDec_Cnt16_WriteCounter
                0x00003e9c        0xc .\CortexM3\ARM_GCC_493\Debug\freesoc.a(Left_QuadDec_Cnt16.o)
                0x00003e9c                Left_QuadDec_Cnt16_WriteCounter
 .text.Left_QuadDec_Cnt16_ReadCounter
                0x00003ea8       0x14 .\CortexM3\ARM_GCC_493\Debug\freesoc.a(Left_QuadDec_Cnt16.o)
                0x00003ea8                Left_QuadDec_Cnt16_ReadCounter
 .text.Left_QuadDec_Cnt16_ReadCapture
                0x00003ebc        0xc .\CortexM3\ARM_GCC_493\Debug\freesoc.a(Left_QuadDec_Cnt16.o)
                0x00003ebc                Left_QuadDec_Cnt16_ReadCapture
 .text.Left_QuadDec_Cnt16_WritePeriod
                0x00003ec8        0xc .\CortexM3\ARM_GCC_493\Debug\freesoc.a(Left_QuadDec_Cnt16.o)
                0x00003ec8                Left_QuadDec_Cnt16_WritePeriod
 .text.Left_QuadDec_Cnt16_WriteCompare
                0x00003ed4        0xc .\CortexM3\ARM_GCC_493\Debug\freesoc.a(Left_QuadDec_Cnt16.o)
                0x00003ed4                Left_QuadDec_Cnt16_WriteCompare
 .text.Left_QuadDec_Cnt16_ClearFIFO
                0x00003ee0       0x14 .\CortexM3\ARM_GCC_493\Debug\freesoc.a(Left_QuadDec_Cnt16.o)
                0x00003ee0                Left_QuadDec_Cnt16_ClearFIFO
 .text.Left_QuadDec_Cnt16_Init
                0x00003ef4       0x58 .\CortexM3\ARM_GCC_493\Debug\freesoc.a(Left_QuadDec_Cnt16.o)
                0x00003ef4                Left_QuadDec_Cnt16_Init
 .text.Left_QuadDec_Cnt16_Start
                0x00003f4c       0x1c .\CortexM3\ARM_GCC_493\Debug\freesoc.a(Left_QuadDec_Cnt16.o)
                0x00003f4c                Left_QuadDec_Cnt16_Start
 .text.USBUART_Init
                0x00003f68      0x140 .\CortexM3\ARM_GCC_493\Debug\freesoc.a(USBUART.o)
                0x00003f68                USBUART_Init
 .text.USBUART_InitComponent
                0x000040a8       0xd0 .\CortexM3\ARM_GCC_493\Debug\freesoc.a(USBUART.o)
                0x000040a8                USBUART_InitComponent
 .text.USBUART_Start
                0x00004178       0x24 .\CortexM3\ARM_GCC_493\Debug\freesoc.a(USBUART.o)
                0x00004178                USBUART_Start
 .text.USBUART_ReInitComponent
                0x0000419c       0x64 .\CortexM3\ARM_GCC_493\Debug\freesoc.a(USBUART.o)
                0x0000419c                USBUART_ReInitComponent
 .text.USBUART_GetConfiguration
                0x00004200        0xc .\CortexM3\ARM_GCC_493\Debug\freesoc.a(USBUART.o)
                0x00004200                USBUART_GetConfiguration
 .text.USBUART_IsConfigurationChanged
                0x0000420c       0x20 .\CortexM3\ARM_GCC_493\Debug\freesoc.a(USBUART.o)
                0x0000420c                USBUART_IsConfigurationChanged
 .text.USBUART_GetEPState
                0x0000422c       0x14 .\CortexM3\ARM_GCC_493\Debug\freesoc.a(USBUART.o)
                0x0000422c                USBUART_GetEPState
 .text.USBUART_GetEPCount
                0x00004240       0x28 .\CortexM3\ARM_GCC_493\Debug\freesoc.a(USBUART.o)
                0x00004240                USBUART_GetEPCount
 .text.USBUART_LoadInEP
                0x00004268       0x94 .\CortexM3\ARM_GCC_493\Debug\freesoc.a(USBUART.o)
                0x00004268                USBUART_LoadInEP
 .text.USBUART_EnableOutEP
                0x000042fc       0x2c .\CortexM3\ARM_GCC_493\Debug\freesoc.a(USBUART.o)
                0x000042fc                USBUART_EnableOutEP
 .text.USBUART_ReadOutEP
                0x00004328       0x50 .\CortexM3\ARM_GCC_493\Debug\freesoc.a(USBUART.o)
                0x00004328                USBUART_ReadOutEP
 .text.USBUART_StrLen
                0x00004378       0x14 .\CortexM3\ARM_GCC_493\Debug\freesoc.a(USBUART_cdc.o)
 .text.USBUART_GetInterfaceComPort
                0x0000438c       0x3c .\CortexM3\ARM_GCC_493\Debug\freesoc.a(USBUART_cdc.o)
                0x0000438c                USBUART_GetInterfaceComPort
 .text.USBUART_DispatchCDCClassRqst
                0x000043c8       0x98 .\CortexM3\ARM_GCC_493\Debug\freesoc.a(USBUART_cdc.o)
                0x000043c8                USBUART_DispatchCDCClassRqst
 .text.USBUART_CDC_Init
                0x00004460       0x98 .\CortexM3\ARM_GCC_493\Debug\freesoc.a(USBUART_cdc.o)
                0x00004460                USBUART_CDC_Init
 .text.USBUART_PutString
                0x000044f8       0x9c .\CortexM3\ARM_GCC_493\Debug\freesoc.a(USBUART_cdc.o)
                0x000044f8                USBUART_PutString
 .text.USBUART_PutChar
                0x00004594       0x28 .\CortexM3\ARM_GCC_493\Debug\freesoc.a(USBUART_cdc.o)
                0x00004594                USBUART_PutChar
 .text.USBUART_DataIsReady
                0x000045bc       0x18 .\CortexM3\ARM_GCC_493\Debug\freesoc.a(USBUART_cdc.o)
                0x000045bc                USBUART_DataIsReady
 .text.USBUART_CDCIsReady
                0x000045d4       0x18 .\CortexM3\ARM_GCC_493\Debug\freesoc.a(USBUART_cdc.o)
                0x000045d4                USBUART_CDCIsReady
 .text.USBUART_GetChar
                0x000045ec       0x28 .\CortexM3\ARM_GCC_493\Debug\freesoc.a(USBUART_cdc.o)
                0x000045ec                USBUART_GetChar
 .text.USBUART_Cdc_EpInit
                0x00004614       0x50 .\CortexM3\ARM_GCC_493\Debug\freesoc.a(USBUART_cdc.o)
                0x00004614                USBUART_Cdc_EpInit
 .text.USBUART_LoadEP0
                0x00004664       0x94 .\CortexM3\ARM_GCC_493\Debug\freesoc.a(USBUART_drv.o)
                0x00004664                USBUART_LoadEP0
 .text.USBUART_InitZeroLengthControlTransfer
                0x000046f8       0x34 .\CortexM3\ARM_GCC_493\Debug\freesoc.a(USBUART_drv.o)
                0x000046f8                USBUART_InitZeroLengthControlTransfer
 .text.USBUART_ControlReadDataStage
                0x0000472c        0x8 .\CortexM3\ARM_GCC_493\Debug\freesoc.a(USBUART_drv.o)
                0x0000472c                USBUART_ControlReadDataStage
 .text.USBUART_ControlWriteDataStage
                0x00004734       0x80 .\CortexM3\ARM_GCC_493\Debug\freesoc.a(USBUART_drv.o)
                0x00004734                USBUART_ControlWriteDataStage
 .text.USBUART_InitNoDataControlTransfer
                0x000047b4       0x2c .\CortexM3\ARM_GCC_493\Debug\freesoc.a(USBUART_drv.o)
                0x000047b4                USBUART_InitNoDataControlTransfer
 .text.USBUART_UpdateStatusBlock
                0x000047e0       0x24 .\CortexM3\ARM_GCC_493\Debug\freesoc.a(USBUART_drv.o)
                0x000047e0                USBUART_UpdateStatusBlock
 .text.USBUART_HandleSetup
                0x00004804       0x5c .\CortexM3\ARM_GCC_493\Debug\freesoc.a(USBUART_drv.o)
                0x00004804                USBUART_HandleSetup
 .text.USBUART_ControlReadStatusStage
                0x00004860       0x34 .\CortexM3\ARM_GCC_493\Debug\freesoc.a(USBUART_drv.o)
                0x00004860                USBUART_ControlReadStatusStage
 .text.USBUART_HandleOUT
                0x00004894       0x38 .\CortexM3\ARM_GCC_493\Debug\freesoc.a(USBUART_drv.o)
                0x00004894                USBUART_HandleOUT
 .text.USBUART_ControlWriteStatusStage
                0x000048cc       0x20 .\CortexM3\ARM_GCC_493\Debug\freesoc.a(USBUART_drv.o)
                0x000048cc                USBUART_ControlWriteStatusStage
 .text.USBUART_NoDataControlStatusStage
                0x000048ec       0x40 .\CortexM3\ARM_GCC_493\Debug\freesoc.a(USBUART_drv.o)
                0x000048ec                USBUART_NoDataControlStatusStage
 .text.USBUART_HandleIN
                0x0000492c       0x2c .\CortexM3\ARM_GCC_493\Debug\freesoc.a(USBUART_drv.o)
                0x0000492c                USBUART_HandleIN
 .text.USBUART_EP_0_ISR
                0x00004958       0xb8 .\CortexM3\ARM_GCC_493\Debug\freesoc.a(USBUART_drv.o)
                0x00004958                USBUART_EP_0_ISR
 .text.USBUART_InitializeStatusBlock
                0x00004a10       0x24 .\CortexM3\ARM_GCC_493\Debug\freesoc.a(USBUART_drv.o)
                0x00004a10                USBUART_InitializeStatusBlock
 .text.USBUART_InitControlRead
                0x00004a34       0x50 .\CortexM3\ARM_GCC_493\Debug\freesoc.a(USBUART_drv.o)
                0x00004a34                USBUART_InitControlRead
 .text.USBUART_InitControlWrite
                0x00004a84       0x48 .\CortexM3\ARM_GCC_493\Debug\freesoc.a(USBUART_drv.o)
                0x00004a84                USBUART_InitControlWrite
 .text.USBUART_EP_1_ISR
                0x00004acc       0x38 .\CortexM3\ARM_GCC_493\Debug\freesoc.a(USBUART_episr.o)
                0x00004acc                USBUART_EP_1_ISR
 .text.USBUART_EP_2_ISR
                0x00004b04       0x3c .\CortexM3\ARM_GCC_493\Debug\freesoc.a(USBUART_episr.o)
                0x00004b04                USBUART_EP_2_ISR
 .text.USBUART_EP_3_ISR
                0x00004b40       0x44 .\CortexM3\ARM_GCC_493\Debug\freesoc.a(USBUART_episr.o)
                0x00004b40                USBUART_EP_3_ISR
 .text.USBUART_SOF_ISR
                0x00004b84        0x4 .\CortexM3\ARM_GCC_493\Debug\freesoc.a(USBUART_episr.o)
                0x00004b84                USBUART_SOF_ISR
 .text.USBUART_BUS_RESET_ISR
                0x00004b88        0x8 .\CortexM3\ARM_GCC_493\Debug\freesoc.a(USBUART_episr.o)
                0x00004b88                USBUART_BUS_RESET_ISR
 .text.USBUART_FindHidClassDecriptor
                0x00004b90       0x40 .\CortexM3\ARM_GCC_493\Debug\freesoc.a(USBUART_hid.o)
                0x00004b90                USBUART_FindHidClassDecriptor
 .text.USBUART_FindReportDescriptor
                0x00004bd0       0x48 .\CortexM3\ARM_GCC_493\Debug\freesoc.a(USBUART_hid.o)
                0x00004bd0                USBUART_FindReportDescriptor
 .text.USBUART_FindReport
                0x00004c18       0x7c .\CortexM3\ARM_GCC_493\Debug\freesoc.a(USBUART_hid.o)
                0x00004c18                USBUART_FindReport
 .text.USBUART_DispatchHIDClassRqst
                0x00004c94      0x184 .\CortexM3\ARM_GCC_493\Debug\freesoc.a(USBUART_hid.o)
                0x00004c94                USBUART_DispatchHIDClassRqst
 .text.USBUART_DP_ISR
                0x00004e18        0x8 .\CortexM3\ARM_GCC_493\Debug\freesoc.a(USBUART_pm.o)
                0x00004e18                USBUART_DP_ISR
 .text.USBUART_ReadDieID
                0x00004e20       0x6c .\CortexM3\ARM_GCC_493\Debug\freesoc.a(USBUART_std.o)
                0x00004e20                USBUART_ReadDieID
 .text.USBUART_ConfigReg
                0x00004e8c       0xa4 .\CortexM3\ARM_GCC_493\Debug\freesoc.a(USBUART_std.o)
                0x00004e8c                USBUART_ConfigReg
 .text.USBUART_GetConfigTablePtr
                0x00004f30       0x28 .\CortexM3\ARM_GCC_493\Debug\freesoc.a(USBUART_std.o)
                0x00004f30                USBUART_GetConfigTablePtr
 .text.USBUART_ConfigAltChanged
                0x00004f58      0x11c .\CortexM3\ARM_GCC_493\Debug\freesoc.a(USBUART_std.o)
                0x00004f58                USBUART_ConfigAltChanged
 .text.USBUART_GetDeviceTablePtr
                0x00005074       0x18 .\CortexM3\ARM_GCC_493\Debug\freesoc.a(USBUART_std.o)
                0x00005074                USBUART_GetDeviceTablePtr
 .text.USBUART_GetInterfaceClassTablePtr
                0x0000508c       0x24 .\CortexM3\ARM_GCC_493\Debug\freesoc.a(USBUART_std.o)
                0x0000508c                USBUART_GetInterfaceClassTablePtr
 .text.USBUART_Config
                0x000050b0      0x1dc .\CortexM3\ARM_GCC_493\Debug\freesoc.a(USBUART_std.o)
                0x000050b0                USBUART_Config
 .text.USBUART_SetEndpointHalt
                0x0000528c       0x64 .\CortexM3\ARM_GCC_493\Debug\freesoc.a(USBUART_std.o)
                0x0000528c                USBUART_SetEndpointHalt
 .text.USBUART_ClearEndpointHalt
                0x000052f0       0xa8 .\CortexM3\ARM_GCC_493\Debug\freesoc.a(USBUART_std.o)
                0x000052f0                USBUART_ClearEndpointHalt
 .text.USBUART_ValidateAlternateSetting
                0x00005398       0x4c .\CortexM3\ARM_GCC_493\Debug\freesoc.a(USBUART_std.o)
                0x00005398                USBUART_ValidateAlternateSetting
 .text.USBUART_HandleStandardRqst
                0x000053e4      0x35c .\CortexM3\ARM_GCC_493\Debug\freesoc.a(USBUART_std.o)
                0x000053e4                USBUART_HandleStandardRqst
 .text.USBUART_HandleVendorRqst
                0x00005740       0x3c .\CortexM3\ARM_GCC_493\Debug\freesoc.a(USBUART_vnd.o)
                0x00005740                USBUART_HandleVendorRqst
 .text.USBUART_Dp_ClearInterrupt
                0x0000577c       0x10 .\CortexM3\ARM_GCC_493\Debug\freesoc.a(USBUART_Dp.o)
                0x0000577c                USBUART_Dp_ClearInterrupt
 .text.SPIM_EnableRxInt
                0x0000578c        0xc .\CortexM3\ARM_GCC_493\Debug\freesoc.a(SPIM.o)
                0x0000578c                SPIM_EnableRxInt
 .text.SPIM_Enable
                0x00005798       0x38 .\CortexM3\ARM_GCC_493\Debug\freesoc.a(SPIM.o)
                0x00005798                SPIM_Enable
 .text.SPIM_DisableRxInt
                0x000057d0        0xc .\CortexM3\ARM_GCC_493\Debug\freesoc.a(SPIM.o)
                0x000057d0                SPIM_DisableRxInt
 .text.SPIM_ReadTxStatus
                0x000057dc        0xc .\CortexM3\ARM_GCC_493\Debug\freesoc.a(SPIM.o)
                0x000057dc                SPIM_ReadTxStatus
 .text.SPIM_ReadRxStatus
                0x000057e8       0x28 .\CortexM3\ARM_GCC_493\Debug\freesoc.a(SPIM.o)
                0x000057e8                SPIM_ReadRxStatus
 .text.SPIM_WriteTxData
                0x00005810       0x18 .\CortexM3\ARM_GCC_493\Debug\freesoc.a(SPIM.o)
                0x00005810                SPIM_WriteTxData
 .text.SPIM_ReadRxData
                0x00005828       0x64 .\CortexM3\ARM_GCC_493\Debug\freesoc.a(SPIM.o)
                0x00005828                SPIM_ReadRxData
 .text.SPIM_GetTxBufferSize
                0x0000588c       0x24 .\CortexM3\ARM_GCC_493\Debug\freesoc.a(SPIM.o)
                0x0000588c                SPIM_GetTxBufferSize
 .text.SPIM_ClearRxBuffer
                0x000058b0       0x40 .\CortexM3\ARM_GCC_493\Debug\freesoc.a(SPIM.o)
                0x000058b0                SPIM_ClearRxBuffer
 .text.SPIM_ClearTxBuffer
                0x000058f0       0x24 .\CortexM3\ARM_GCC_493\Debug\freesoc.a(SPIM.o)
                0x000058f0                SPIM_ClearTxBuffer
 .text.SPIM_PutArray
                0x00005914       0x20 .\CortexM3\ARM_GCC_493\Debug\freesoc.a(SPIM.o)
                0x00005914                SPIM_PutArray
 .text.SPIM_ClearFIFO
                0x00005934       0x3c .\CortexM3\ARM_GCC_493\Debug\freesoc.a(SPIM.o)
                0x00005934                SPIM_ClearFIFO
 .text.SPIM_Init
                0x00005970       0x64 .\CortexM3\ARM_GCC_493\Debug\freesoc.a(SPIM.o)
                0x00005970                SPIM_Init
 .text.SPIM_Start
                0x000059d4       0x1c .\CortexM3\ARM_GCC_493\Debug\freesoc.a(SPIM.o)
                0x000059d4                SPIM_Start
 .text.SPIM_RX_ISR
                0x000059f0       0xa0 .\CortexM3\ARM_GCC_493\Debug\freesoc.a(SPIM_INT.o)
                0x000059f0                SPIM_RX_ISR
 .text.Slave_Select_Write
                0x00005a90        0xc .\CortexM3\ARM_GCC_493\Debug\freesoc.a(Slave_Select.o)
                0x00005a90                Slave_Select_Write
 .text.CyFlashGetSpcAlgorithm
                0x00005a9c       0x4c .\CortexM3\ARM_GCC_493\Debug\freesoc.a(CyFlash.o)
 .text.CySetTempInt
                0x00005ae8       0x60 .\CortexM3\ARM_GCC_493\Debug\freesoc.a(CyFlash.o)
 .text.CySetTemp
                0x00005b48       0x14 .\CortexM3\ARM_GCC_493\Debug\freesoc.a(CyFlash.o)
                0x00005b48                CySetTemp
 .text.CyEEPROM_Start
                0x00005b5c       0x54 .\CortexM3\ARM_GCC_493\Debug\freesoc.a(CyFlash.o)
                0x00005b5c                CyEEPROM_Start
 .text.CySpcStart
                0x00005bb0       0x24 .\CortexM3\ARM_GCC_493\Debug\freesoc.a(CySpc.o)
                0x00005bb0                CySpcStart
 .text.CySpcReadData
                0x00005bd4       0x34 .\CortexM3\ARM_GCC_493\Debug\freesoc.a(CySpc.o)
                0x00005bd4                CySpcReadData
 .text.CySpcLoadMultiByte
                0x00005c08       0x78 .\CortexM3\ARM_GCC_493\Debug\freesoc.a(CySpc.o)
                0x00005c08                CySpcLoadMultiByte
 .text.CySpcLoadRow
                0x00005c80       0x54 .\CortexM3\ARM_GCC_493\Debug\freesoc.a(CySpc.o)
                0x00005c80                CySpcLoadRow
 .text.CySpcWriteRow
                0x00005cd4       0x4c .\CortexM3\ARM_GCC_493\Debug\freesoc.a(CySpc.o)
                0x00005cd4                CySpcWriteRow
 .text.CySpcGetTemp
                0x00005d20       0x3c .\CortexM3\ARM_GCC_493\Debug\freesoc.a(CySpc.o)
                0x00005d20                CySpcGetTemp
 .text.CySpcLock
                0x00005d5c       0x4c .\CortexM3\ARM_GCC_493\Debug\freesoc.a(CySpc.o)
                0x00005d5c                CySpcLock
 .text.CySpcUnlock
                0x00005da8       0x38 .\CortexM3\ARM_GCC_493\Debug\freesoc.a(CySpc.o)
                0x00005da8                CySpcUnlock
 .text.CySpcGetAlgorithm
                0x00005de0       0x28 .\CortexM3\ARM_GCC_493\Debug\freesoc.a(CySpc.o)
                0x00005de0                CySpcGetAlgorithm
 .text.USBUART_DispatchClassRqst
                0x00005e08       0x60 .\CortexM3\ARM_GCC_493\Debug\freesoc.a(USBUART_cls.o)
                0x00005e08                USBUART_DispatchClassRqst
 .text.__fpclassifyf
                0x00005e68       0x34 c:/program files (x86)/cypress/psoc creator/3.3/psoc creator/import/gnu/arm/4.9.3/bin/../lib/gcc/arm-none-eabi/4.9.3/../../../../arm-none-eabi/lib/armv7-m\libm.a(lib_a-sf_fpclassify.o)
                0x00005e68                __fpclassifyf
 .text.pow      0x00005e9c      0x2f0 c:/program files (x86)/cypress/psoc creator/3.3/psoc creator/import/gnu/arm/4.9.3/bin/../lib/gcc/arm-none-eabi/4.9.3/../../../../arm-none-eabi/lib/armv7-m\libm.a(lib_a-w_pow.o)
                0x00005e9c                pow
 *fill*         0x0000618c        0x4 
 .text.__ieee754_pow
                0x00006190      0xaa0 c:/program files (x86)/cypress/psoc creator/3.3/psoc creator/import/gnu/arm/4.9.3/bin/../lib/gcc/arm-none-eabi/4.9.3/../../../../arm-none-eabi/lib/armv7-m\libm.a(lib_a-e_pow.o)
                0x00006190                __ieee754_pow
 .text.__ieee754_sqrt
                0x00006c30      0x18c c:/program files (x86)/cypress/psoc creator/3.3/psoc creator/import/gnu/arm/4.9.3/bin/../lib/gcc/arm-none-eabi/4.9.3/../../../../arm-none-eabi/lib/armv7-m\libm.a(lib_a-e_sqrt.o)
                0x00006c30                __ieee754_sqrt
 .text.fabs     0x00006dbc        0x8 c:/program files (x86)/cypress/psoc creator/3.3/psoc creator/import/gnu/arm/4.9.3/bin/../lib/gcc/arm-none-eabi/4.9.3/../../../../arm-none-eabi/lib/armv7-m\libm.a(lib_a-s_fabs.o)
                0x00006dbc                fabs
 .text.finite   0x00006dc4        0xc c:/program files (x86)/cypress/psoc creator/3.3/psoc creator/import/gnu/arm/4.9.3/bin/../lib/gcc/arm-none-eabi/4.9.3/../../../../arm-none-eabi/lib/armv7-m\libm.a(lib_a-s_finite.o)
                0x00006dc4                finite
 .text.__fpclassifyd
                0x00006dd0       0x58 c:/program files (x86)/cypress/psoc creator/3.3/psoc creator/import/gnu/arm/4.9.3/bin/../lib/gcc/arm-none-eabi/4.9.3/../../../../arm-none-eabi/lib/armv7-m\libm.a(lib_a-s_fpclassify.o)
                0x00006dd0                __fpclassifyd
 .text.matherr  0x00006e28        0x4 c:/program files (x86)/cypress/psoc creator/3.3/psoc creator/import/gnu/arm/4.9.3/bin/../lib/gcc/arm-none-eabi/4.9.3/../../../../arm-none-eabi/lib/armv7-m\libm.a(lib_a-s_matherr.o)
                0x00006e28                matherr
 .text.nan      0x00006e2c        0xc c:/program files (x86)/cypress/psoc creator/3.3/psoc creator/import/gnu/arm/4.9.3/bin/../lib/gcc/arm-none-eabi/4.9.3/../../../../arm-none-eabi/lib/armv7-m\libm.a(lib_a-s_nan.o)
                0x00006e2c                nan
 .text.rint     0x00006e38      0x11c c:/program files (x86)/cypress/psoc creator/3.3/psoc creator/import/gnu/arm/4.9.3/bin/../lib/gcc/arm-none-eabi/4.9.3/../../../../arm-none-eabi/lib/armv7-m\libm.a(lib_a-s_rint.o)
                0x00006e38                rint
 *fill*         0x00006f54        0x4 
 .text.scalbn   0x00006f58       0xf0 c:/program files (x86)/cypress/psoc creator/3.3/psoc creator/import/gnu/arm/4.9.3/bin/../lib/gcc/arm-none-eabi/4.9.3/../../../../arm-none-eabi/lib/armv7-m\libm.a(lib_a-s_scalbn.o)
                0x00006f58                scalbn
 .text.copysign
                0x00007048       0x10 c:/program files (x86)/cypress/psoc creator/3.3/psoc creator/import/gnu/arm/4.9.3/bin/../lib/gcc/arm-none-eabi/4.9.3/../../../../arm-none-eabi/lib/armv7-m\libm.a(lib_a-s_copysign.o)
                0x00007048                copysign
 .text          0x00007058      0x370 c:/program files (x86)/cypress/psoc creator/3.3/psoc creator/import/gnu/arm/4.9.3/bin/../lib/gcc/arm-none-eabi/4.9.3/armv7-m\libgcc.a(_arm_addsubdf3.o)
                0x00007058                __aeabi_drsub
                0x00007060                __aeabi_dsub
                0x00007060                __subdf3
                0x00007064                __aeabi_dadd
                0x00007064                __adddf3
                0x000072dc                __floatunsidf
                0x000072dc                __aeabi_ui2d
                0x000072fc                __floatsidf
                0x000072fc                __aeabi_i2d
                0x00007320                __aeabi_f2d
                0x00007320                __extendsfdf2
                0x0000735c                __floatundidf
                0x0000735c                __aeabi_ul2d
                0x0000736c                __floatdidf
                0x0000736c                __aeabi_l2d
 .text          0x000073c8      0x424 c:/program files (x86)/cypress/psoc creator/3.3/psoc creator/import/gnu/arm/4.9.3/bin/../lib/gcc/arm-none-eabi/4.9.3/armv7-m\libgcc.a(_arm_muldivdf3.o)
                0x000073c8                __aeabi_dmul
                0x000073c8                __muldf3
                0x0000761c                __divdf3
                0x0000761c                __aeabi_ddiv
 .text          0x000077ec      0x110 c:/program files (x86)/cypress/psoc creator/3.3/psoc creator/import/gnu/arm/4.9.3/bin/../lib/gcc/arm-none-eabi/4.9.3/armv7-m\libgcc.a(_arm_cmpdf2.o)
                0x000077ec                __gtdf2
                0x000077ec                __gedf2
                0x000077f4                __ltdf2
                0x000077f4                __ledf2
                0x000077fc                __nedf2
                0x000077fc                __eqdf2
                0x000077fc                __cmpdf2
                0x00007878                __aeabi_cdrcmple
                0x00007888                __aeabi_cdcmpeq
                0x00007888                __aeabi_cdcmple
                0x00007898                __aeabi_dcmpeq
                0x000078ac                __aeabi_dcmplt
                0x000078c0                __aeabi_dcmple
                0x000078d4                __aeabi_dcmpge
                0x000078e8                __aeabi_dcmpgt
 .text          0x000078fc       0x50 c:/program files (x86)/cypress/psoc creator/3.3/psoc creator/import/gnu/arm/4.9.3/bin/../lib/gcc/arm-none-eabi/4.9.3/armv7-m\libgcc.a(_arm_fixdfsi.o)
                0x000078fc                __aeabi_d2iz
                0x000078fc                __fixdfsi
 .text          0x0000794c       0xa0 c:/program files (x86)/cypress/psoc creator/3.3/psoc creator/import/gnu/arm/4.9.3/bin/../lib/gcc/arm-none-eabi/4.9.3/armv7-m\libgcc.a(_arm_truncdfsf2.o)
                0x0000794c                __truncdfsf2
                0x0000794c                __aeabi_d2f
 .text          0x000079ec      0x21c c:/program files (x86)/cypress/psoc creator/3.3/psoc creator/import/gnu/arm/4.9.3/bin/../lib/gcc/arm-none-eabi/4.9.3/armv7-m\libgcc.a(_arm_addsubsf3.o)
                0x000079ec                __aeabi_frsub
                0x000079f4                __subsf3
                0x000079f4                __aeabi_fsub
                0x000079f8                __aeabi_fadd
                0x000079f8                __addsf3
                0x00007b58                __aeabi_ui2f
                0x00007b58                __floatunsisf
                0x00007b60                __aeabi_i2f
                0x00007b60                __floatsisf
                0x00007b7c                __aeabi_ul2f
                0x00007b7c                __floatundisf
                0x00007b8c                __aeabi_l2f
                0x00007b8c                __floatdisf
 .text          0x00007c08      0x2a0 c:/program files (x86)/cypress/psoc creator/3.3/psoc creator/import/gnu/arm/4.9.3/bin/../lib/gcc/arm-none-eabi/4.9.3/armv7-m\libgcc.a(_arm_muldivsf3.o)
                0x00007c08                __mulsf3
                0x00007c08                __aeabi_fmul
                0x00007d70                __aeabi_fdiv
                0x00007d70                __divsf3
 .text          0x00007ea8       0xec c:/program files (x86)/cypress/psoc creator/3.3/psoc creator/import/gnu/arm/4.9.3/bin/../lib/gcc/arm-none-eabi/4.9.3/armv7-m\libgcc.a(_arm_cmpsf2.o)
                0x00007ea8                __gesf2
                0x00007ea8                __gtsf2
                0x00007eb0                __lesf2
                0x00007eb0                __ltsf2
                0x00007eb8                __nesf2
                0x00007eb8                __eqsf2
                0x00007eb8                __cmpsf2
                0x00007f18                __aeabi_cfrcmple
                0x00007f20                __aeabi_cfcmpeq
                0x00007f20                __aeabi_cfcmple
                0x00007f30                __aeabi_fcmpeq
                0x00007f44                __aeabi_fcmplt
                0x00007f58                __aeabi_fcmple
                0x00007f6c                __aeabi_fcmpge
                0x00007f80                __aeabi_fcmpgt
 .text          0x00007f94       0x4c c:/program files (x86)/cypress/psoc creator/3.3/psoc creator/import/gnu/arm/4.9.3/bin/../lib/gcc/arm-none-eabi/4.9.3/armv7-m\libgcc.a(_arm_fixsfsi.o)
                0x00007f94                __aeabi_f2iz
                0x00007f94                __fixsfsi
 .text.__assert_func
                0x00007fe0       0x38 c:/program files (x86)/cypress/psoc creator/3.3/psoc creator/import/gnu/arm/4.9.3/bin/../lib/gcc/arm-none-eabi/4.9.3/../../../../arm-none-eabi/lib/armv7-m\libg_nano.a(lib_a-assert.o)
                0x00007fe0                __assert_func
 .text.atof     0x00008018        0x6 c:/program files (x86)/cypress/psoc creator/3.3/psoc creator/import/gnu/arm/4.9.3/bin/../lib/gcc/arm-none-eabi/4.9.3/../../../../arm-none-eabi/lib/armv7-m\libg_nano.a(lib_a-atof.o)
                0x00008018                atof
 *fill*         0x0000801e        0x2 
 .text.__errno  0x00008020        0xc c:/program files (x86)/cypress/psoc creator/3.3/psoc creator/import/gnu/arm/4.9.3/bin/../lib/gcc/arm-none-eabi/4.9.3/../../../../arm-none-eabi/lib/armv7-m\libg_nano.a(lib_a-errno.o)
                0x00008020                __errno
 .text.fprintf  0x0000802c       0x24 c:/program files (x86)/cypress/psoc creator/3.3/psoc creator/import/gnu/arm/4.9.3/bin/../lib/gcc/arm-none-eabi/4.9.3/../../../../arm-none-eabi/lib/armv7-m\libg_nano.a(lib_a-fprintf.o)
                0x0000802c                fiprintf
                0x0000802c                fprintf
 .text.__libc_init_array
                0x00008050       0x4c c:/program files (x86)/cypress/psoc creator/3.3/psoc creator/import/gnu/arm/4.9.3/bin/../lib/gcc/arm-none-eabi/4.9.3/../../../../arm-none-eabi/lib/armv7-m\libg_nano.a(lib_a-init.o)
                0x00008050                __libc_init_array
 .text.__itoa   0x0000809c       0x2e c:/program files (x86)/cypress/psoc creator/3.3/psoc creator/import/gnu/arm/4.9.3/bin/../lib/gcc/arm-none-eabi/4.9.3/../../../../arm-none-eabi/lib/armv7-m\libg_nano.a(lib_a-itoa.o)
                0x0000809c                __itoa
 .text.itoa     0x000080ca        0x4 c:/program files (x86)/cypress/psoc creator/3.3/psoc creator/import/gnu/arm/4.9.3/bin/../lib/gcc/arm-none-eabi/4.9.3/../../../../arm-none-eabi/lib/armv7-m\libg_nano.a(lib_a-itoa.o)
                0x000080ca                itoa
 .text.memcpy   0x000080ce       0x16 c:/program files (x86)/cypress/psoc creator/3.3/psoc creator/import/gnu/arm/4.9.3/bin/../lib/gcc/arm-none-eabi/4.9.3/../../../../arm-none-eabi/lib/armv7-m\libg_nano.a(lib_a-memcpy.o)
                0x000080ce                memcpy
 .text.memset   0x000080e4       0x10 c:/program files (x86)/cypress/psoc creator/3.3/psoc creator/import/gnu/arm/4.9.3/bin/../lib/gcc/arm-none-eabi/4.9.3/../../../../arm-none-eabi/lib/armv7-m\libg_nano.a(lib_a-memset.o)
                0x000080e4                memset
 .text.__sfputc_r
                0x000080f4       0x2c c:/program files (x86)/cypress/psoc creator/3.3/psoc creator/import/gnu/arm/4.9.3/bin/../lib/gcc/arm-none-eabi/4.9.3/../../../../arm-none-eabi/lib/armv7-m\libg_nano.a(lib_a-nano-vfprintf.o)
 .text.__sfputs_r
                0x00008120       0x24 c:/program files (x86)/cypress/psoc creator/3.3/psoc creator/import/gnu/arm/4.9.3/bin/../lib/gcc/arm-none-eabi/4.9.3/../../../../arm-none-eabi/lib/armv7-m\libg_nano.a(lib_a-nano-vfprintf.o)
                0x00008120                __sfputs_r
 .text._vfprintf_r
                0x00008144      0x210 c:/program files (x86)/cypress/psoc creator/3.3/psoc creator/import/gnu/arm/4.9.3/bin/../lib/gcc/arm-none-eabi/4.9.3/../../../../arm-none-eabi/lib/armv7-m\libg_nano.a(lib_a-nano-vfprintf.o)
                0x00008144                _vfprintf_r
                0x00008144                _vfiprintf_r
 .text.__cvt    0x00008354       0xbc c:/program files (x86)/cypress/psoc creator/3.3/psoc creator/import/gnu/arm/4.9.3/bin/../lib/gcc/arm-none-eabi/4.9.3/../../../../arm-none-eabi/lib/armv7-m\libg_nano.a(lib_a-nano-vfprintf_float.o)
                0x00008354                __cvt
 .text.__exponent
                0x00008410       0x62 c:/program files (x86)/cypress/psoc creator/3.3/psoc creator/import/gnu/arm/4.9.3/bin/../lib/gcc/arm-none-eabi/4.9.3/../../../../arm-none-eabi/lib/armv7-m\libg_nano.a(lib_a-nano-vfprintf_float.o)
                0x00008410                __exponent
 *fill*         0x00008472        0x2 
 .text._printf_float
                0x00008474      0x48c c:/program files (x86)/cypress/psoc creator/3.3/psoc creator/import/gnu/arm/4.9.3/bin/../lib/gcc/arm-none-eabi/4.9.3/../../../../arm-none-eabi/lib/armv7-m\libg_nano.a(lib_a-nano-vfprintf_float.o)
                0x00008474                _printf_float
 .text._printf_common
                0x00008900       0xea c:/program files (x86)/cypress/psoc creator/3.3/psoc creator/import/gnu/arm/4.9.3/bin/../lib/gcc/arm-none-eabi/4.9.3/../../../../arm-none-eabi/lib/armv7-m\libg_nano.a(lib_a-nano-vfprintf_i.o)
                0x00008900                _printf_common
 *fill*         0x000089ea        0x2 
 .text._printf_i
                0x000089ec      0x240 c:/program files (x86)/cypress/psoc creator/3.3/psoc creator/import/gnu/arm/4.9.3/bin/../lib/gcc/arm-none-eabi/4.9.3/../../../../arm-none-eabi/lib/armv7-m\libg_nano.a(lib_a-nano-vfprintf_i.o)
                0x000089ec                _printf_i
 .text.snprintf
                0x00008c2c       0x64 c:/program files (x86)/cypress/psoc creator/3.3/psoc creator/import/gnu/arm/4.9.3/bin/../lib/gcc/arm-none-eabi/4.9.3/../../../../arm-none-eabi/lib/armv7-m\libg_nano.a(lib_a-snprintf.o)
                0x00008c2c                sniprintf
                0x00008c2c                snprintf
 .text.sprintf  0x00008c90       0x48 c:/program files (x86)/cypress/psoc creator/3.3/psoc creator/import/gnu/arm/4.9.3/bin/../lib/gcc/arm-none-eabi/4.9.3/../../../../arm-none-eabi/lib/armv7-m\libg_nano.a(lib_a-sprintf.o)
                0x00008c90                siprintf
                0x00008c90                sprintf
 .text.strlen   0x00008cd8       0x10 c:/program files (x86)/cypress/psoc creator/3.3/psoc creator/import/gnu/arm/4.9.3/bin/../lib/gcc/arm-none-eabi/4.9.3/../../../../arm-none-eabi/lib/armv7-m\libg_nano.a(lib_a-strlen.o)
                0x00008cd8                strlen
 .text.match    0x00008ce8       0x26 c:/program files (x86)/cypress/psoc creator/3.3/psoc creator/import/gnu/arm/4.9.3/bin/../lib/gcc/arm-none-eabi/4.9.3/../../../../arm-none-eabi/lib/armv7-m\libg_nano.a(lib_a-strtod.o)
 .text.sulp     0x00008d0e       0x42 c:/program files (x86)/cypress/psoc creator/3.3/psoc creator/import/gnu/arm/4.9.3/bin/../lib/gcc/arm-none-eabi/4.9.3/../../../../arm-none-eabi/lib/armv7-m\libg_nano.a(lib_a-strtod.o)
 .text._strtod_r
                0x00008d50      0xc40 c:/program files (x86)/cypress/psoc creator/3.3/psoc creator/import/gnu/arm/4.9.3/bin/../lib/gcc/arm-none-eabi/4.9.3/../../../../arm-none-eabi/lib/armv7-m\libg_nano.a(lib_a-strtod.o)
                0x00008d50                _strtod_r
 .text.strtod   0x00009990       0x14 c:/program files (x86)/cypress/psoc creator/3.3/psoc creator/import/gnu/arm/4.9.3/bin/../lib/gcc/arm-none-eabi/4.9.3/../../../../arm-none-eabi/lib/armv7-m\libg_nano.a(lib_a-strtod.o)
                0x00009990                strtod
 .text.__utoa   0x000099a4       0x78 c:/program files (x86)/cypress/psoc creator/3.3/psoc creator/import/gnu/arm/4.9.3/bin/../lib/gcc/arm-none-eabi/4.9.3/../../../../arm-none-eabi/lib/armv7-m\libg_nano.a(lib_a-utoa.o)
                0x000099a4                __utoa
 .text.__swbuf_r
                0x00009a1c       0xa8 c:/program files (x86)/cypress/psoc creator/3.3/psoc creator/import/gnu/arm/4.9.3/bin/../lib/gcc/arm-none-eabi/4.9.3/../../../../arm-none-eabi/lib/armv7-m\libg_nano.a(lib_a-wbuf.o)
                0x00009a1c                __swbuf_r
 .text.__swsetup_r
                0x00009ac4       0xd8 c:/program files (x86)/cypress/psoc creator/3.3/psoc creator/import/gnu/arm/4.9.3/bin/../lib/gcc/arm-none-eabi/4.9.3/../../../../arm-none-eabi/lib/armv7-m\libg_nano.a(lib_a-wsetup.o)
                0x00009ac4                __swsetup_r
 .text.abort    0x00009b9c        0xe c:/program files (x86)/cypress/psoc creator/3.3/psoc creator/import/gnu/arm/4.9.3/bin/../lib/gcc/arm-none-eabi/4.9.3/../../../../arm-none-eabi/lib/armv7-m\libg_nano.a(lib_a-abort.o)
                0x00009b9c                abort
 .text.quorem   0x00009baa      0x114 c:/program files (x86)/cypress/psoc creator/3.3/psoc creator/import/gnu/arm/4.9.3/bin/../lib/gcc/arm-none-eabi/4.9.3/../../../../arm-none-eabi/lib/armv7-m\libg_nano.a(lib_a-dtoa.o)
 *fill*         0x00009cbe        0x2 
 .text._dtoa_r  0x00009cc0      0xb78 c:/program files (x86)/cypress/psoc creator/3.3/psoc creator/import/gnu/arm/4.9.3/bin/../lib/gcc/arm-none-eabi/4.9.3/../../../../arm-none-eabi/lib/armv7-m\libg_nano.a(lib_a-dtoa.o)
                0x00009cc0                _dtoa_r
 .text.__sflush_r
                0x0000a838      0x106 c:/program files (x86)/cypress/psoc creator/3.3/psoc creator/import/gnu/arm/4.9.3/bin/../lib/gcc/arm-none-eabi/4.9.3/../../../../arm-none-eabi/lib/armv7-m\libg_nano.a(lib_a-fflush.o)
                0x0000a838                __sflush_r
 *fill*         0x0000a93e        0x2 
 .text._fflush_r
                0x0000a940       0x54 c:/program files (x86)/cypress/psoc creator/3.3/psoc creator/import/gnu/arm/4.9.3/bin/../lib/gcc/arm-none-eabi/4.9.3/../../../../arm-none-eabi/lib/armv7-m\libg_nano.a(lib_a-fflush.o)
                0x0000a940                _fflush_r
 .text._cleanup_r
                0x0000a994        0xc c:/program files (x86)/cypress/psoc creator/3.3/psoc creator/import/gnu/arm/4.9.3/bin/../lib/gcc/arm-none-eabi/4.9.3/../../../../arm-none-eabi/lib/armv7-m\libg_nano.a(lib_a-findfp.o)
                0x0000a994                _cleanup_r
 .text.std.isra.0
                0x0000a9a0       0x48 c:/program files (x86)/cypress/psoc creator/3.3/psoc creator/import/gnu/arm/4.9.3/bin/../lib/gcc/arm-none-eabi/4.9.3/../../../../arm-none-eabi/lib/armv7-m\libg_nano.a(lib_a-findfp.o)
 .text.__sfmoreglue
                0x0000a9e8       0x2c c:/program files (x86)/cypress/psoc creator/3.3/psoc creator/import/gnu/arm/4.9.3/bin/../lib/gcc/arm-none-eabi/4.9.3/../../../../arm-none-eabi/lib/armv7-m\libg_nano.a(lib_a-findfp.o)
                0x0000a9e8                __sfmoreglue
 .text.__sinit  0x0000aa14       0x60 c:/program files (x86)/cypress/psoc creator/3.3/psoc creator/import/gnu/arm/4.9.3/bin/../lib/gcc/arm-none-eabi/4.9.3/../../../../arm-none-eabi/lib/armv7-m\libg_nano.a(lib_a-findfp.o)
                0x0000aa14                __sinit
 .text.__sfp    0x0000aa74       0x74 c:/program files (x86)/cypress/psoc creator/3.3/psoc creator/import/gnu/arm/4.9.3/bin/../lib/gcc/arm-none-eabi/4.9.3/../../../../arm-none-eabi/lib/armv7-m\libg_nano.a(lib_a-findfp.o)
                0x0000aa74                __sfp
 .text._fwalk_reent
                0x0000aae8       0x3c c:/program files (x86)/cypress/psoc creator/3.3/psoc creator/import/gnu/arm/4.9.3/bin/../lib/gcc/arm-none-eabi/4.9.3/../../../../arm-none-eabi/lib/armv7-m\libg_nano.a(lib_a-fwalk.o)
                0x0000aae8                _fwalk_reent
 .text.rshift   0x0000ab24       0x6c c:/program files (x86)/cypress/psoc creator/3.3/psoc creator/import/gnu/arm/4.9.3/bin/../lib/gcc/arm-none-eabi/4.9.3/../../../../arm-none-eabi/lib/armv7-m\libg_nano.a(lib_a-gdtoa-gethex.o)
 .text.__hexdig_fun
                0x0000ab90       0x2a c:/program files (x86)/cypress/psoc creator/3.3/psoc creator/import/gnu/arm/4.9.3/bin/../lib/gcc/arm-none-eabi/4.9.3/../../../../arm-none-eabi/lib/armv7-m\libg_nano.a(lib_a-gdtoa-gethex.o)
                0x0000ab90                __hexdig_fun
 .text.__gethex
                0x0000abba      0x44a c:/program files (x86)/cypress/psoc creator/3.3/psoc creator/import/gnu/arm/4.9.3/bin/../lib/gcc/arm-none-eabi/4.9.3/../../../../arm-none-eabi/lib/armv7-m\libg_nano.a(lib_a-gdtoa-gethex.o)
                0x0000abba                __gethex
 .text.L_shift  0x0000b004       0x24 c:/program files (x86)/cypress/psoc creator/3.3/psoc creator/import/gnu/arm/4.9.3/bin/../lib/gcc/arm-none-eabi/4.9.3/../../../../arm-none-eabi/lib/armv7-m\libg_nano.a(lib_a-gdtoa-hexnan.o)
 .text.__hexnan
                0x0000b028      0x114 c:/program files (x86)/cypress/psoc creator/3.3/psoc creator/import/gnu/arm/4.9.3/bin/../lib/gcc/arm-none-eabi/4.9.3/../../../../arm-none-eabi/lib/armv7-m\libg_nano.a(lib_a-gdtoa-hexnan.o)
                0x0000b028                __hexnan
 .text._localeconv_r
                0x0000b13c        0x8 c:/program files (x86)/cypress/psoc creator/3.3/psoc creator/import/gnu/arm/4.9.3/bin/../lib/gcc/arm-none-eabi/4.9.3/../../../../arm-none-eabi/lib/armv7-m\libg_nano.a(lib_a-locale.o)
                0x0000b13c                _localeconv_r
 .text.__smakebuf_r
                0x0000b144       0x98 c:/program files (x86)/cypress/psoc creator/3.3/psoc creator/import/gnu/arm/4.9.3/bin/../lib/gcc/arm-none-eabi/4.9.3/../../../../arm-none-eabi/lib/armv7-m\libg_nano.a(lib_a-makebuf.o)
                0x0000b144                __smakebuf_r
 .text.malloc   0x0000b1dc       0x10 c:/program files (x86)/cypress/psoc creator/3.3/psoc creator/import/gnu/arm/4.9.3/bin/../lib/gcc/arm-none-eabi/4.9.3/../../../../arm-none-eabi/lib/armv7-m\libg_nano.a(lib_a-malloc.o)
                0x0000b1dc                malloc
 .text.memchr   0x0000b1ec       0x1c c:/program files (x86)/cypress/psoc creator/3.3/psoc creator/import/gnu/arm/4.9.3/bin/../lib/gcc/arm-none-eabi/4.9.3/../../../../arm-none-eabi/lib/armv7-m\libg_nano.a(lib_a-memchr.o)
                0x0000b1ec                memchr
 .text.memmove  0x0000b208       0x36 c:/program files (x86)/cypress/psoc creator/3.3/psoc creator/import/gnu/arm/4.9.3/bin/../lib/gcc/arm-none-eabi/4.9.3/../../../../arm-none-eabi/lib/armv7-m\libg_nano.a(lib_a-memmove.o)
                0x0000b208                memmove
 .text._Balloc  0x0000b23e       0x6a c:/program files (x86)/cypress/psoc creator/3.3/psoc creator/import/gnu/arm/4.9.3/bin/../lib/gcc/arm-none-eabi/4.9.3/../../../../arm-none-eabi/lib/armv7-m\libg_nano.a(lib_a-mprec.o)
                0x0000b23e                _Balloc
 .text._Bfree   0x0000b2a8       0x2e c:/program files (x86)/cypress/psoc creator/3.3/psoc creator/import/gnu/arm/4.9.3/bin/../lib/gcc/arm-none-eabi/4.9.3/../../../../arm-none-eabi/lib/armv7-m\libg_nano.a(lib_a-mprec.o)
                0x0000b2a8                _Bfree
 .text.__multadd
                0x0000b2d6       0x7c c:/program files (x86)/cypress/psoc creator/3.3/psoc creator/import/gnu/arm/4.9.3/bin/../lib/gcc/arm-none-eabi/4.9.3/../../../../arm-none-eabi/lib/armv7-m\libg_nano.a(lib_a-mprec.o)
                0x0000b2d6                __multadd
 .text.__s2b    0x0000b352       0x80 c:/program files (x86)/cypress/psoc creator/3.3/psoc creator/import/gnu/arm/4.9.3/bin/../lib/gcc/arm-none-eabi/4.9.3/../../../../arm-none-eabi/lib/armv7-m\libg_nano.a(lib_a-mprec.o)
                0x0000b352                __s2b
 .text.__hi0bits
                0x0000b3d2       0x40 c:/program files (x86)/cypress/psoc creator/3.3/psoc creator/import/gnu/arm/4.9.3/bin/../lib/gcc/arm-none-eabi/4.9.3/../../../../arm-none-eabi/lib/armv7-m\libg_nano.a(lib_a-mprec.o)
                0x0000b3d2                __hi0bits
 .text.__lo0bits
                0x0000b412       0x5a c:/program files (x86)/cypress/psoc creator/3.3/psoc creator/import/gnu/arm/4.9.3/bin/../lib/gcc/arm-none-eabi/4.9.3/../../../../arm-none-eabi/lib/armv7-m\libg_nano.a(lib_a-mprec.o)
                0x0000b412                __lo0bits
 .text.__i2b    0x0000b46c       0x12 c:/program files (x86)/cypress/psoc creator/3.3/psoc creator/import/gnu/arm/4.9.3/bin/../lib/gcc/arm-none-eabi/4.9.3/../../../../arm-none-eabi/lib/armv7-m\libg_nano.a(lib_a-mprec.o)
                0x0000b46c                __i2b
 .text.__multiply
                0x0000b47e      0x120 c:/program files (x86)/cypress/psoc creator/3.3/psoc creator/import/gnu/arm/4.9.3/bin/../lib/gcc/arm-none-eabi/4.9.3/../../../../arm-none-eabi/lib/armv7-m\libg_nano.a(lib_a-mprec.o)
                0x0000b47e                __multiply
 *fill*         0x0000b59e        0x2 
 .text.__pow5mult
                0x0000b5a0       0x9c c:/program files (x86)/cypress/psoc creator/3.3/psoc creator/import/gnu/arm/4.9.3/bin/../lib/gcc/arm-none-eabi/4.9.3/../../../../arm-none-eabi/lib/armv7-m\libg_nano.a(lib_a-mprec.o)
                0x0000b5a0                __pow5mult
 .text.__lshift
                0x0000b63c       0xa6 c:/program files (x86)/cypress/psoc creator/3.3/psoc creator/import/gnu/arm/4.9.3/bin/../lib/gcc/arm-none-eabi/4.9.3/../../../../arm-none-eabi/lib/armv7-m\libg_nano.a(lib_a-mprec.o)
                0x0000b63c                __lshift
 .text.__mcmp   0x0000b6e2       0x38 c:/program files (x86)/cypress/psoc creator/3.3/psoc creator/import/gnu/arm/4.9.3/bin/../lib/gcc/arm-none-eabi/4.9.3/../../../../arm-none-eabi/lib/armv7-m\libg_nano.a(lib_a-mprec.o)
                0x0000b6e2                __mcmp
 .text.__mdiff  0x0000b71a       0xbe c:/program files (x86)/cypress/psoc creator/3.3/psoc creator/import/gnu/arm/4.9.3/bin/../lib/gcc/arm-none-eabi/4.9.3/../../../../arm-none-eabi/lib/armv7-m\libg_nano.a(lib_a-mprec.o)
                0x0000b71a                __mdiff
 .text.__ulp    0x0000b7d8       0x48 c:/program files (x86)/cypress/psoc creator/3.3/psoc creator/import/gnu/arm/4.9.3/bin/../lib/gcc/arm-none-eabi/4.9.3/../../../../arm-none-eabi/lib/armv7-m\libg_nano.a(lib_a-mprec.o)
                0x0000b7d8                __ulp
 .text.__b2d    0x0000b820       0x9e c:/program files (x86)/cypress/psoc creator/3.3/psoc creator/import/gnu/arm/4.9.3/bin/../lib/gcc/arm-none-eabi/4.9.3/../../../../arm-none-eabi/lib/armv7-m\libg_nano.a(lib_a-mprec.o)
                0x0000b820                __b2d
 .text.__d2b    0x0000b8be       0xa4 c:/program files (x86)/cypress/psoc creator/3.3/psoc creator/import/gnu/arm/4.9.3/bin/../lib/gcc/arm-none-eabi/4.9.3/../../../../arm-none-eabi/lib/armv7-m\libg_nano.a(lib_a-mprec.o)
                0x0000b8be                __d2b
 .text.__ratio  0x0000b962       0x50 c:/program files (x86)/cypress/psoc creator/3.3/psoc creator/import/gnu/arm/4.9.3/bin/../lib/gcc/arm-none-eabi/4.9.3/../../../../arm-none-eabi/lib/armv7-m\libg_nano.a(lib_a-mprec.o)
                0x0000b962                __ratio
 .text.__copybits
                0x0000b9b2       0x34 c:/program files (x86)/cypress/psoc creator/3.3/psoc creator/import/gnu/arm/4.9.3/bin/../lib/gcc/arm-none-eabi/4.9.3/../../../../arm-none-eabi/lib/armv7-m\libg_nano.a(lib_a-mprec.o)
                0x0000b9b2                __copybits
 .text.__any_on
                0x0000b9e6       0x44 c:/program files (x86)/cypress/psoc creator/3.3/psoc creator/import/gnu/arm/4.9.3/bin/../lib/gcc/arm-none-eabi/4.9.3/../../../../arm-none-eabi/lib/armv7-m\libg_nano.a(lib_a-mprec.o)
                0x0000b9e6                __any_on
 .text._calloc_r
                0x0000ba2a       0x1c c:/program files (x86)/cypress/psoc creator/3.3/psoc creator/import/gnu/arm/4.9.3/bin/../lib/gcc/arm-none-eabi/4.9.3/../../../../arm-none-eabi/lib/armv7-m\libg_nano.a(lib_a-nano-callocr.o)
                0x0000ba2a                _calloc_r
 *fill*         0x0000ba46        0x2 
 .text._free_r  0x0000ba48       0x88 c:/program files (x86)/cypress/psoc creator/3.3/psoc creator/import/gnu/arm/4.9.3/bin/../lib/gcc/arm-none-eabi/4.9.3/../../../../arm-none-eabi/lib/armv7-m\libg_nano.a(lib_a-nano-freer.o)
                0x0000ba48                _free_r
 .text._malloc_r
                0x0000bad0       0xac c:/program files (x86)/cypress/psoc creator/3.3/psoc creator/import/gnu/arm/4.9.3/bin/../lib/gcc/arm-none-eabi/4.9.3/../../../../arm-none-eabi/lib/armv7-m\libg_nano.a(lib_a-nano-mallocr.o)
                0x0000bad0                _malloc_r
 .text._realloc_r
                0x0000bb7c       0x4c c:/program files (x86)/cypress/psoc creator/3.3/psoc creator/import/gnu/arm/4.9.3/bin/../lib/gcc/arm-none-eabi/4.9.3/../../../../arm-none-eabi/lib/armv7-m\libg_nano.a(lib_a-nano-reallocr.o)
                0x0000bb7c                _realloc_r
 .text.__ssputs_r
                0x0000bbc8       0xb2 c:/program files (x86)/cypress/psoc creator/3.3/psoc creator/import/gnu/arm/4.9.3/bin/../lib/gcc/arm-none-eabi/4.9.3/../../../../arm-none-eabi/lib/armv7-m\libg_nano.a(lib_a-nano-svfprintf.o)
                0x0000bbc8                __ssputs_r
 *fill*         0x0000bc7a        0x2 
 .text._svfprintf_r
                0x0000bc7c      0x1e4 c:/program files (x86)/cypress/psoc creator/3.3/psoc creator/import/gnu/arm/4.9.3/bin/../lib/gcc/arm-none-eabi/4.9.3/../../../../arm-none-eabi/lib/armv7-m\libg_nano.a(lib_a-nano-svfprintf.o)
                0x0000bc7c                _svfiprintf_r
                0x0000bc7c                _svfprintf_r
 .text._sbrk_r  0x0000be60       0x20 c:/program files (x86)/cypress/psoc creator/3.3/psoc creator/import/gnu/arm/4.9.3/bin/../lib/gcc/arm-none-eabi/4.9.3/../../../../arm-none-eabi/lib/armv7-m\libg_nano.a(lib_a-sbrkr.o)
                0x0000be60                _sbrk_r
 .text._raise_r
                0x0000be80       0x50 c:/program files (x86)/cypress/psoc creator/3.3/psoc creator/import/gnu/arm/4.9.3/bin/../lib/gcc/arm-none-eabi/4.9.3/../../../../arm-none-eabi/lib/armv7-m\libg_nano.a(lib_a-signal.o)
                0x0000be80                _raise_r
 .text.raise    0x0000bed0       0x10 c:/program files (x86)/cypress/psoc creator/3.3/psoc creator/import/gnu/arm/4.9.3/bin/../lib/gcc/arm-none-eabi/4.9.3/../../../../arm-none-eabi/lib/armv7-m\libg_nano.a(lib_a-signal.o)
                0x0000bed0                raise
 .text._kill_r  0x0000bee0       0x24 c:/program files (x86)/cypress/psoc creator/3.3/psoc creator/import/gnu/arm/4.9.3/bin/../lib/gcc/arm-none-eabi/4.9.3/../../../../arm-none-eabi/lib/armv7-m\libg_nano.a(lib_a-signalr.o)
                0x0000bee0                _kill_r
 .text._getpid_r
                0x0000bf04        0x4 c:/program files (x86)/cypress/psoc creator/3.3/psoc creator/import/gnu/arm/4.9.3/bin/../lib/gcc/arm-none-eabi/4.9.3/../../../../arm-none-eabi/lib/armv7-m\libg_nano.a(lib_a-signalr.o)
                0x0000bf04                _getpid_r
 .text.__sread  0x0000bf08       0x22 c:/program files (x86)/cypress/psoc creator/3.3/psoc creator/import/gnu/arm/4.9.3/bin/../lib/gcc/arm-none-eabi/4.9.3/../../../../arm-none-eabi/lib/armv7-m\libg_nano.a(lib_a-stdio.o)
                0x0000bf08                __sread
 .text.__swrite
                0x0000bf2a       0x38 c:/program files (x86)/cypress/psoc creator/3.3/psoc creator/import/gnu/arm/4.9.3/bin/../lib/gcc/arm-none-eabi/4.9.3/../../../../arm-none-eabi/lib/armv7-m\libg_nano.a(lib_a-stdio.o)
                0x0000bf2a                __swrite