Archive member included because of file (symbol)

.\CortexM3\ARM_GCC_493\Debug\freesoc.a(cyfitter_cfg.o)
                              .\CortexM3\ARM_GCC_493\Debug\Cm3Start.o (cyfitter_cfg)
.\CortexM3\ARM_GCC_493\Debug\freesoc.a(Left_HB25_Enable_Pin.o)
                              .\CortexM3\ARM_GCC_493\Debug\motor.o (Left_HB25_Enable_Pin_Write)
.\CortexM3\ARM_GCC_493\Debug\freesoc.a(Left_HB25_PWM.o)
                              .\CortexM3\ARM_GCC_493\Debug\motor.o (Left_HB25_PWM_Stop)
.\CortexM3\ARM_GCC_493\Debug\freesoc.a(Right_HB25_Enable_Pin.o)
                              .\CortexM3\ARM_GCC_493\Debug\motor.o (Right_HB25_Enable_Pin_Write)
.\CortexM3\ARM_GCC_493\Debug\freesoc.a(Right_HB25_PWM.o)
                              .\CortexM3\ARM_GCC_493\Debug\motor.o (Right_HB25_PWM_Stop)
.\CortexM3\ARM_GCC_493\Debug\freesoc.a(CyBootAsmGnu.o)
                              .\CortexM3\ARM_GCC_493\Debug\freesoc.a(cyfitter_cfg.o) (CyDelayCycles)
.\CortexM3\ARM_GCC_493\Debug\freesoc.a(CyLib.o)
                              .\CortexM3\ARM_GCC_493\Debug\Cm3Start.o (CyHalt)
.\CortexM3\ARM_GCC_493\Debug\freesoc.a(cyPm.o)
                              .\CortexM3\ARM_GCC_493\Debug\freesoc.a(CyLib.o) (CyPmReadStatus)
.\CortexM3\ARM_GCC_493\Debug\freesoc.a(EZI2C_Slave.o)
                              .\CortexM3\ARM_GCC_493\Debug\i2c.o (EZI2C_Slave_Start)
.\CortexM3\ARM_GCC_493\Debug\freesoc.a(EZI2C_Slave_PM.o)
                              .\CortexM3\ARM_GCC_493\Debug\freesoc.a(EZI2C_Slave.o) (EZI2C_Slave_backup)
.\CortexM3\ARM_GCC_493\Debug\freesoc.a(EZI2C_Slave_INT.o)
                              .\CortexM3\ARM_GCC_493\Debug\freesoc.a(EZI2C_Slave.o) (EZI2C_Slave_ISR)
.\CortexM3\ARM_GCC_493\Debug\freesoc.a(Mainloop_Pin.o)
                              .\CortexM3\ARM_GCC_493\Debug\main.o (Mainloop_Pin_Write)
.\CortexM3\ARM_GCC_493\Debug\freesoc.a(EEPROM.o)
                              .\CortexM3\ARM_GCC_493\Debug\nvstore.o (EEPROM_Start)
.\CortexM3\ARM_GCC_493\Debug\freesoc.a(Right_QuadDec.o)
                              .\CortexM3\ARM_GCC_493\Debug\encoder.o (Right_QuadDec_GetCounter)
.\CortexM3\ARM_GCC_493\Debug\freesoc.a(Right_QuadDec_INT.o)
                              .\CortexM3\ARM_GCC_493\Debug\freesoc.a(Right_QuadDec.o) (Right_QuadDec_ISR)
.\CortexM3\ARM_GCC_493\Debug\freesoc.a(Right_QuadDec_Cnt16.o)
                              .\CortexM3\ARM_GCC_493\Debug\freesoc.a(Right_QuadDec.o) (Right_QuadDec_Cnt16_Stop)
.\CortexM3\ARM_GCC_493\Debug\freesoc.a(Left_QuadDec.o)
                              .\CortexM3\ARM_GCC_493\Debug\encoder.o (Left_QuadDec_GetCounter)
.\CortexM3\ARM_GCC_493\Debug\freesoc.a(Left_QuadDec_INT.o)
                              .\CortexM3\ARM_GCC_493\Debug\freesoc.a(Left_QuadDec.o) (Left_QuadDec_ISR)
.\CortexM3\ARM_GCC_493\Debug\freesoc.a(Left_QuadDec_Cnt16.o)
                              .\CortexM3\ARM_GCC_493\Debug\freesoc.a(Left_QuadDec.o) (Left_QuadDec_Cnt16_Stop)
.\CortexM3\ARM_GCC_493\Debug\freesoc.a(USBUART.o)
                              .\CortexM3\ARM_GCC_493\Debug\serial.o (USBUART_Start)
.\CortexM3\ARM_GCC_493\Debug\freesoc.a(USBUART_cdc.o)
                              .\CortexM3\ARM_GCC_493\Debug\serial.o (USBUART_CDC_Init)
.\CortexM3\ARM_GCC_493\Debug\freesoc.a(USBUART_drv.o)
                              .\CortexM3\ARM_GCC_493\Debug\freesoc.a(USBUART.o) (USBUART_lastPacketSize)
.\CortexM3\ARM_GCC_493\Debug\freesoc.a(USBUART_episr.o)
                              .\CortexM3\ARM_GCC_493\Debug\freesoc.a(USBUART.o) (USBUART_EP_1_ISR)
.\CortexM3\ARM_GCC_493\Debug\freesoc.a(USBUART_hid.o)
                              .\CortexM3\ARM_GCC_493\Debug\freesoc.a(USBUART.o) (USBUART_hidProtocol)
.\CortexM3\ARM_GCC_493\Debug\freesoc.a(USBUART_pm.o)
                              .\CortexM3\ARM_GCC_493\Debug\freesoc.a(USBUART.o) (USBUART_DP_ISR)
.\CortexM3\ARM_GCC_493\Debug\freesoc.a(USBUART_std.o)
                              .\CortexM3\ARM_GCC_493\Debug\freesoc.a(USBUART_pm.o) (USBUART_ConfigReg)
.\CortexM3\ARM_GCC_493\Debug\freesoc.a(USBUART_vnd.o)
                              .\CortexM3\ARM_GCC_493\Debug\freesoc.a(USBUART_drv.o) (USBUART_HandleVendorRqst)
.\CortexM3\ARM_GCC_493\Debug\freesoc.a(USBUART_Dp.o)
                              .\CortexM3\ARM_GCC_493\Debug\freesoc.a(USBUART_pm.o) (USBUART_Dp_ClearInterrupt)
.\CortexM3\ARM_GCC_493\Debug\freesoc.a(SPIM.o)
                              .\CortexM3\ARM_GCC_493\Debug\spi.o (SPIM_WriteTxData)
.\CortexM3\ARM_GCC_493\Debug\freesoc.a(SPIM_INT.o)
                              .\CortexM3\ARM_GCC_493\Debug\freesoc.a(SPIM.o) (SPIM_RX_ISR)
.\CortexM3\ARM_GCC_493\Debug\freesoc.a(Slave_Select.o)
                              .\CortexM3\ARM_GCC_493\Debug\spi.o (Slave_Select_Write)
.\CortexM3\ARM_GCC_493\Debug\freesoc.a(CyFlash.o)
                              .\CortexM3\ARM_GCC_493\Debug\freesoc.a(EEPROM.o) (dieTemperature)
.\CortexM3\ARM_GCC_493\Debug\freesoc.a(CySpc.o)
[...]
Memory Configuration

Name             Origin             Length             Attributes
rom              0x00000000         0x00040000         xr
ram              0x1fff8000         0x00010000         xrw
*default*        0x00000000         0xffffffff

Linker script and memory map

LOAD c:/program files (x86)/cypress/psoc creator/3.3/psoc creator/import/gnu/arm/4.9.3/bin/../lib/gcc/arm-none-eabi/4.9.3/armv7-m/crti.o
LOAD c:/program files (x86)/cypress/psoc creator/3.3/psoc creator/import/gnu/arm/4.9.3/bin/../lib/gcc/arm-none-eabi/4.9.3/armv7-m/crtbegin.o
LOAD c:/program files (x86)/cypress/psoc creator/3.3/psoc creator/import/gnu/arm/4.9.3/bin/../lib/gcc/arm-none-eabi/4.9.3/../../../../arm-none-eabi/lib/armv7-m/crt0.o
START GROUP
LOAD .\CortexM3\ARM_GCC_493\Debug\main.o
LOAD .\CortexM3\ARM_GCC_493\Debug\cal.o
LOAD .\CortexM3\ARM_GCC_493\Debug\control.o
LOAD .\CortexM3\ARM_GCC_493\Debug\debug.o
LOAD .\CortexM3\ARM_GCC_493\Debug\diag.o
LOAD .\CortexM3\ARM_GCC_493\Debug\encoder.o
LOAD .\CortexM3\ARM_GCC_493\Debug\i2c.o
LOAD .\CortexM3\ARM_GCC_493\Debug\motor.o
LOAD .\CortexM3\ARM_GCC_493\Debug\odom.o
LOAD .\CortexM3\ARM_GCC_493\Debug\pid.o
LOAD .\CortexM3\ARM_GCC_493\Debug\time.o
LOAD .\CortexM3\ARM_GCC_493\Debug\utils.o
LOAD .\CortexM3\ARM_GCC_493\Debug\pid_controller.o
LOAD .\CortexM3\ARM_GCC_493\Debug\serial.o
LOAD .\CortexM3\ARM_GCC_493\Debug\nvstore.o
LOAD .\CortexM3\ARM_GCC_493\Debug\calpid.o
LOAD .\CortexM3\ARM_GCC_493\Debug\calmotor.o
LOAD .\CortexM3\ARM_GCC_493\Debug\pidutil.o
LOAD .\CortexM3\ARM_GCC_493\Debug\spi.o
LOAD .\CortexM3\ARM_GCC_493\Debug\callin.o
LOAD .\CortexM3\ARM_GCC_493\Debug\cymetadata.o
LOAD .\CortexM3\ARM_GCC_493\Debug\Cm3Start.o
LOAD .\CortexM3\ARM_GCC_493\Debug\freesoc.a
LOAD C:\Program Files (x86)\Cypress\PSoC Creator\3.3\PSoC Creator\psoc\content\cycomponentlibrary\CyComponentLibrary.cylib\CortexM3\ARM_GCC_493\Debug\CyComponentLibrary.a
LOAD c:/program files (x86)/cypress/psoc creator/3.3/psoc creator/import/gnu/arm/4.9.3/bin/../lib/gcc/arm-none-eabi/4.9.3/../../../../arm-none-eabi/lib/armv7-m\libm.a
END GROUP
START GROUP
LOAD c:/program files (x86)/cypress/psoc creator/3.3/psoc creator/import/gnu/arm/4.9.3/bin/../lib/gcc/arm-none-eabi/4.9.3/armv7-m\libgcc.a
LOAD c:/program files (x86)/cypress/psoc creator/3.3/psoc creator/import/gnu/arm/4.9.3/bin/../lib/gcc/arm-none-eabi/4.9.3/../../../../arm-none-eabi/lib/armv7-m\libg_nano.a
LOAD c:/program files (x86)/cypress/psoc creator/3.3/psoc creator/import/gnu/arm/4.9.3/bin/../lib/gcc/arm-none-eabi/4.9.3/../../../../arm-none-eabi/lib/armv7-m\libc_nano.a
END GROUP
START GROUP
LOAD c:/program files (x86)/cypress/psoc creator/3.3/psoc creator/import/gnu/arm/4.9.3/bin/../lib/gcc/arm-none-eabi/4.9.3/armv7-m\libgcc.a
LOAD c:/program files (x86)/cypress/psoc creator/3.3/psoc creator/import/gnu/arm/4.9.3/bin/../lib/gcc/arm-none-eabi/4.9.3/../../../../arm-none-eabi/lib/armv7-m\libc_nano.a
END GROUP
LOAD c:/program files (x86)/cypress/psoc creator/3.3/psoc creator/import/gnu/arm/4.9.3/bin/../lib/gcc/arm-none-eabi/4.9.3/armv7-m/crtend.o
LOAD c:/program files (x86)/cypress/psoc creator/3.3/psoc creator/import/gnu/arm/4.9.3/bin/../lib/gcc/arm-none-eabi/4.9.3/armv7-m/crtn.o
START GROUP
LOAD c:/program files (x86)/cypress/psoc creator/3.3/psoc creator/import/gnu/arm/4.9.3/bin/../lib/gcc/arm-none-eabi/4.9.3/armv7-m\libgcc.a
LOAD c:/program files (x86)/cypress/psoc creator/3.3/psoc creator/import/gnu/arm/4.9.3/bin/../lib/gcc/arm-none-eabi/4.9.3/../../../../arm-none-eabi/lib/armv7-m\libc.a
LOAD c:/program files (x86)/cypress/psoc creator/3.3/psoc creator/import/gnu/arm/4.9.3/bin/../lib/gcc/arm-none-eabi/4.9.3/../../../../arm-none-eabi/lib/armv7-m\libnosys.a
END GROUP
                0x00000000                CY_APPL_ORIGIN = 0x0
                0x00000100                CY_FLASH_ROW_SIZE = 0x100
                0x00000020                CY_ECC_ROW_SIZE = 0x20
                0x00000000                CY_EE_IN_BTLDR = 0x0
                0x00000000                CY_APPL_LOADABLE = 0x0
                0x00000800                CY_EE_SIZE = 0x800
                0x00000001                CY_APPL_NUM = 0x1
                0x00000001                CY_APPL_MAX = 0x1
                0x00000040                CY_METADATA_SIZE = 0x40
                0x00000000                CY_APPL_LOADABLE = 0x0
                0x00000000                CY_CHECKSUM_EXCLUDE_SIZE = ALIGN (0x0, CY_FLASH_ROW_SIZE)
                0x1fff8ce0                PROVIDE (__cy_heap_start, _end)
                0x00000001                PROVIDE (__cy_region_num, ((__cy_regions_end - __cy_regions) / 0x10))
                0x20008000                PROVIDE (__cy_stack, (ORIGIN (ram) + 0x10000))
                0x20007800                PROVIDE (__cy_heap_end, (__cy_stack - 0x800))

.cybootloader   0x00000000        0x0
 *(.cybootloader)
                0x00000000                appl1_start = CY_APPL_ORIGIN?CY_APPL_ORIGIN:ALIGN (CY_FLASH_ROW_SIZE)
                0x0001ff00                appl2_start = (appl1_start + ALIGN ((((0x40000 - appl1_start) - (0x2 * CY_FLASH_ROW_SIZE)) / 0x2), CY_FLASH_ROW_SIZE))
                0x00000000                appl_start = (CY_APPL_NUM == 0x1)?appl1_start:appl2_start
                0x00000000                ecc_offset = ((appl_start / CY_FLASH_ROW_SIZE) * CY_ECC_ROW_SIZE)
                0x00000000                ee_offset = (CY_APPL_LOADABLE && ! (CY_EE_IN_BTLDR))?((CY_EE_SIZE / CY_APPL_MAX) * (CY_APPL_NUM - 0x1)):0x0
                0x00000800                ee_size = (CY_APPL_LOADABLE && ! (CY_EE_IN_BTLDR))?(CY_EE_SIZE / CY_APPL_MAX):CY_EE_SIZE
                0x00000000                PROVIDE (CY_ECC_OFFSET, ecc_offset)

.text           0x00000000     0xc0dc
 CREATE_OBJECT_SYMBOLS
                0x00000000                PROVIDE (__cy_interrupt_vector, RomVectors)
 *(.romvectors)
 .romvectors    0x00000000       0x10 .\CortexM3\ARM_GCC_493\Debug\Cm3Start.o
                0x00000000                RomVectors
                0x00000001                ASSERT ((. != __cy_interrupt_vector), No interrupt vector)
                0x00000001                ASSERT (CY_APPL_ORIGIN?(SIZEOF (.cybootloader) <= CY_APPL_ORIGIN):0x1, Wrong image location)
                0x00000010                PROVIDE (__cy_reset, Reset)
 *(.text.Reset)
 .text.Reset    0x00000010       0x18 .\CortexM3\ARM_GCC_493\Debug\Cm3Start.o
                0x00000010                Reset
                0x00000001                ASSERT ((. != __cy_reset), No reset code)
 *(.dma_init)
                0x00000001                ASSERT ((((appl_start + .) <= 0x10000) || 0x1), DMA Init must be within the first 64k of flash)
 *(.text .text.* .gnu.linkonce.t.*)
 .text          0x00000028       0x5c c:/program files (x86)/cypress/psoc creator/3.3/psoc creator/import/gnu/arm/4.9.3/bin/../lib/gcc/arm-none-eabi/4.9.3/armv7-m/crtbegin.o
 .text.main     0x00000084      0x118 .\CortexM3\ARM_GCC_493\Debug\main.o
                0x00000084                main
 .text.LeftTarget
                0x0000019c        0xc .\CortexM3\ARM_GCC_493\Debug\cal.o
 .text.RightTarget
                0x000001a8        0xc .\CortexM3\ARM_GCC_493\Debug\cal.o
 .text.DisplayCalMenu
                0x000001b4       0x5c .\CortexM3\ARM_GCC_493\Debug\cal.o
 .text.DisplayValMenu
                0x00000210       0x90 .\CortexM3\ARM_GCC_493\Debug\cal.o
 .text.DisplayMenu
                0x000002a0       0x20 .\CortexM3\ARM_GCC_493\Debug\cal.o
 .text.DisplaySettingsMenu
                0x000002c0       0x68 .\CortexM3\ARM_GCC_493\Debug\cal.o
 .text.HandleError
                0x00000328       0x30 .\CortexM3\ARM_GCC_493\Debug\cal.o
 .text.Process  0x00000358       0xa4 .\CortexM3\ARM_GCC_493\Debug\cal.o
 .text.DisplayExit
                0x000003fc       0x18 .\CortexM3\ARM_GCC_493\Debug\cal.o
 .text.GetCommand
                0x00000414       0x58 .\CortexM3\ARM_GCC_493\Debug\cal.o
 .text.GetCalibration
                0x0000046c       0x50 .\CortexM3\ARM_GCC_493\Debug\cal.o
 .text.GetValidation
                0x000004bc      0x148 .\CortexM3\ARM_GCC_493\Debug\cal.o
 .text.CpsToPwm
                0x00000604       0x74 .\CortexM3\ARM_GCC_493\Debug\cal.o
 .text.ClearCalibrationStatusBit
                0x00000678       0x2c .\CortexM3\ARM_GCC_493\Debug\cal.o
                0x00000678                ClearCalibrationStatusBit
 .text.SetCalibrationStatusBit
                0x000006a4       0x24 .\CortexM3\ARM_GCC_493\Debug\cal.o
                0x000006a4                SetCalibrationStatusBit
 .text.Cal_PrintSamples
                0x000006c8       0x64 .\CortexM3\ARM_GCC_493\Debug\cal.o
                0x000006c8                Cal_PrintSamples
 .text.Cal_PrintGains
                0x0000072c       0x48 .\CortexM3\ARM_GCC_493\Debug\cal.o
                0x0000072c                Cal_PrintGains
 .text.ProcessSettingsCmd
                0x00000774      0x104 .\CortexM3\ARM_GCC_493\Debug\cal.o
 .text.Cal_Init
                0x00000878       0x3c .\CortexM3\ARM_GCC_493\Debug\cal.o
                0x00000878                Cal_Init
 .text.Cal_Start
                0x000008b4       0x14 .\CortexM3\ARM_GCC_493\Debug\cal.o
                0x000008b4                Cal_Start
 .text.Cal_Update
                0x000008c8       0xd4 .\CortexM3\ARM_GCC_493\Debug\cal.o
                0x000008c8                Cal_Update
 .text.Cal_ReadResponse
                0x0000099c       0x48 .\CortexM3\ARM_GCC_493\Debug\cal.o
                0x0000099c                Cal_ReadResponse
 .text.Cal_LeftGetPidGains
                0x000009e4        0xc .\CortexM3\ARM_GCC_493\Debug\cal.o
                0x000009e4                Cal_LeftGetPidGains
 .text.Cal_RightGetPidGains
                0x000009f0        0xc .\CortexM3\ARM_GCC_493\Debug\cal.o
                0x000009f0                Cal_RightGetPidGains
 .text.Cal_SetLeftRightVelocity
                0x000009fc        0xc .\CortexM3\ARM_GCC_493\Debug\cal.o
                0x000009fc                Cal_SetLeftRightVelocity
 .text.Cal_CpsToPwm
                0x00000a08       0x84 .\CortexM3\ARM_GCC_493\Debug\cal.o
                0x00000a08                Cal_CpsToPwm
 .text.Cal_Clear
                0x00000a8c       0x10 .\CortexM3\ARM_GCC_493\Debug\cal.o
                0x00000a8c                Cal_Clear
 .text.Cal_CalcTriangularProfile
                0x00000a9c      0x15c .\CortexM3\ARM_GCC_493\Debug\cal.o
                0x00000a9c                Cal_CalcTriangularProfile
 .text.Control_Init
                0x00000bf8       0x10 .\CortexM3\ARM_GCC_493\Debug\control.o
                0x00000bf8                Control_Init
 .text.Control_Start
                0x00000c08        0x4 .\CortexM3\ARM_GCC_493\Debug\control.o
                0x00000c08                Control_Start
 *fill*         0x00000c0c        0x4 
 .text.Control_Update
                0x00000c10      0x100 .\CortexM3\ARM_GCC_493\Debug\control.o
                0x00000c10                Control_Update
 .text.Control_LeftGetCmdVelocity
                0x00000d10        0xc .\CortexM3\ARM_GCC_493\Debug\control.o
                0x00000d10                Control_LeftGetCmdVelocity
 .text.Control_RightGetCmdVelocity
                0x00000d1c        0xc .\CortexM3\ARM_GCC_493\Debug\control.o
                0x00000d1c                Control_RightGetCmdVelocity
 .text.Control_OverrideDebug
                0x00000d28        0xc .\CortexM3\ARM_GCC_493\Debug\control.o
                0x00000d28                Control_OverrideDebug
 .text.Debug_Init
                0x00000d34       0x24 .\CortexM3\ARM_GCC_493\Debug\debug.o
                0x00000d34                Debug_Init
 .text.Debug_Start
                0x00000d58        0x4 .\CortexM3\ARM_GCC_493\Debug\debug.o
                0x00000d58                Debug_Start
 .text.Diag_Init
                0x00000d5c       0x18 .\CortexM3\ARM_GCC_493\Debug\diag.o
                0x00000d5c                Diag_Init
 .text.Diag_Start
                0x00000d74        0x4 .\CortexM3\ARM_GCC_493\Debug\diag.o
                0x00000d74                Diag_Start
 .text.Diag_Update
                0x00000d78       0x38 .\CortexM3\ARM_GCC_493\Debug\diag.o
                0x00000d78                Diag_Update
 .text.Encoder_Sample
                0x00000db0       0xa8 .\CortexM3\ARM_GCC_493\Debug\encoder.o
 .text.DumpEncoder
                0x00000e58       0x74 .\CortexM3\ARM_GCC_493\Debug\encoder.o
 .text.Encoder_Init
                0x00000ecc       0x4c .\CortexM3\ARM_GCC_493\Debug\encoder.o
                0x00000ecc                Encoder_Init
 .text.Encoder_Start
                0x00000f18       0x20 .\CortexM3\ARM_GCC_493\Debug\encoder.o
                0x00000f18                Encoder_Start
 .text.Encoder_Update
                0x00000f38       0x84 .\CortexM3\ARM_GCC_493\Debug\encoder.o
                0x00000f38                Encoder_Update
 .text.Encoder_LeftGetCntsPerSec
                0x00000fbc        0xc .\CortexM3\ARM_GCC_493\Debug\encoder.o
                0x00000fbc                Encoder_LeftGetCntsPerSec
 .text.Encoder_RightGetCntsPerSec
                0x00000fc8        0xc .\CortexM3\ARM_GCC_493\Debug\encoder.o
                0x00000fc8                Encoder_RightGetCntsPerSec
 .text.Encoder_LeftGetMeterPerSec
                0x00000fd4        0xc .\CortexM3\ARM_GCC_493\Debug\encoder.o
                0x00000fd4                Encoder_LeftGetMeterPerSec
 .text.Encoder_RightGetMeterPerSec
                0x00000fe0        0xc .\CortexM3\ARM_GCC_493\Debug\encoder.o
                0x00000fe0                Encoder_RightGetMeterPerSec
 .text.Encoder_LeftGetDist
                0x00000fec        0xc .\CortexM3\ARM_GCC_493\Debug\encoder.o
                0x00000fec                Encoder_LeftGetDist
 .text.Encoder_RightGetDist
                0x00000ff8        0xc .\CortexM3\ARM_GCC_493\Debug\encoder.o
                0x00000ff8                Encoder_RightGetDist
 .text.Encoder_Reset
                0x00001004       0x68 .\CortexM3\ARM_GCC_493\Debug\encoder.o
                0x00001004                Encoder_Reset
 .text.I2c_Init
                0x0000106c       0x24 .\CortexM3\ARM_GCC_493\Debug\i2c.o
                0x0000106c                I2c_Init
 .text.I2c_Start
                0x00001090       0x18 .\CortexM3\ARM_GCC_493\Debug\i2c.o
                0x00001090                I2c_Start
 .text.I2c_ReadDeviceControl
                0x000010a8       0x2c .\CortexM3\ARM_GCC_493\Debug\i2c.o
                0x000010a8                I2c_ReadDeviceControl
 .text.I2c_ReadDebugControl
                0x000010d4       0x94 .\CortexM3\ARM_GCC_493\Debug\i2c.o
                0x000010d4                I2c_ReadDebugControl
 .text.I2c_ReadCmdVelocity
                0x00001168       0x6c .\CortexM3\ARM_GCC_493\Debug\i2c.o
                0x00001168                I2c_ReadCmdVelocity
 .text.I2c_SetCalibrationStatusBit
                0x000011d4       0x38 .\CortexM3\ARM_GCC_493\Debug\i2c.o
                0x000011d4                I2c_SetCalibrationStatusBit
 .text.I2c_ClearCalibrationStatusBit
                0x0000120c       0x3c .\CortexM3\ARM_GCC_493\Debug\i2c.o
                0x0000120c                I2c_ClearCalibrationStatusBit
 .text.I2c_SetCalibrationStatus
                0x00001248       0x34 .\CortexM3\ARM_GCC_493\Debug\i2c.o
                0x00001248                I2c_SetCalibrationStatus
 .text.I2c_WriteOdom
                0x0000127c       0x78 .\CortexM3\ARM_GCC_493\Debug\i2c.o
                0x0000127c                I2c_WriteOdom
 .text.I2c_WriteInfraredDistances
                0x000012f4       0x3c .\CortexM3\ARM_GCC_493\Debug\i2c.o
                0x000012f4                I2c_WriteInfraredDistances
 .text.I2c_WriteUltrasonicDistances
                0x00001330       0x3c .\CortexM3\ARM_GCC_493\Debug\i2c.o
                0x00001330                I2c_WriteUltrasonicDistances
 .text.I2c_UpdateHeartbeat
                0x0000136c       0x2c .\CortexM3\ARM_GCC_493\Debug\i2c.o
                0x0000136c                I2c_UpdateHeartbeat
 .text.RampDown
                0x00001398       0x78 .\CortexM3\ARM_GCC_493\Debug\motor.o
 .text.Motor_Init
                0x00001410       0x18 .\CortexM3\ARM_GCC_493\Debug\motor.o
                0x00001410                Motor_Init
 .text.Motor_Start
                0x00001428       0x30 .\CortexM3\ARM_GCC_493\Debug\motor.o
                0x00001428                Motor_Start
 .text.Motor_LeftSetPwm
                0x00001458       0x2c .\CortexM3\ARM_GCC_493\Debug\motor.o
                0x00001458                Motor_LeftSetPwm
 .text.Motor_RightSetPwm
                0x00001484       0x2c .\CortexM3\ARM_GCC_493\Debug\motor.o
                0x00001484                Motor_RightSetPwm
 .text.Motor_LeftGetPwm
                0x000014b0       0x10 .\CortexM3\ARM_GCC_493\Debug\motor.o
                0x000014b0                Motor_LeftGetPwm
 .text.Motor_RightGetPwm
                0x000014c0       0x10 .\CortexM3\ARM_GCC_493\Debug\motor.o
                0x000014c0                Motor_RightGetPwm
 .text.Motor_Stop
                0x000014d0       0x30 .\CortexM3\ARM_GCC_493\Debug\motor.o
                0x000014d0                Motor_Stop
 .text.Motor_LeftRampDown
                0x00001500       0x10 .\CortexM3\ARM_GCC_493\Debug\motor.o
                0x00001500                Motor_LeftRampDown
 .text.Motor_RightRampDown
                0x00001510       0x10 .\CortexM3\ARM_GCC_493\Debug\motor.o
                0x00001510                Motor_RightRampDown
 .text.CalculateOdometry
                0x00001520       0x68 .\CortexM3\ARM_GCC_493\Debug\odom.o
 .text.DumpOdom
                0x00001588       0x80 .\CortexM3\ARM_GCC_493\Debug\odom.o
 .text.Odom_Init
                0x00001608       0x14 .\CortexM3\ARM_GCC_493\Debug\odom.o
                0x00001608                Odom_Init
 .text.Odom_Start
                0x0000161c        0x4 .\CortexM3\ARM_GCC_493\Debug\odom.o
                0x0000161c                Odom_Start
 .text.Odom_Update
                0x00001620       0x5c .\CortexM3\ARM_GCC_493\Debug\odom.o
                0x00001620                Odom_Update
 .text.Odom_Reset
                0x0000167c       0x20 .\CortexM3\ARM_GCC_493\Debug\odom.o
                0x0000167c                Odom_Reset
 *fill*         0x0000169c        0x4 
 .text.ProcessPid
                0x000016a0       0xb8 .\CortexM3\ARM_GCC_493\Debug\pid.o
 .text.Pid_Init
                0x00001758       0x7c .\CortexM3\ARM_GCC_493\Debug\pid.o
                0x00001758                Pid_Init
 .text.Pid_Start
                0x000017d4       0x30 .\CortexM3\ARM_GCC_493\Debug\pid.o
                0x000017d4                Pid_Start
 *fill*         0x00001804        0x4 
 .text.Pid_Update
                0x00001808       0xa0 .\CortexM3\ARM_GCC_493\Debug\pid.o
                0x00001808                Pid_Update
 .text.Pid_SetLeftRightTarget
                0x000018a8       0x10 .\CortexM3\ARM_GCC_493\Debug\pid.o
                0x000018a8                Pid_SetLeftRightTarget
 .text.Pid_RestoreLeftRightTarget
                0x000018b8       0x1c .\CortexM3\ARM_GCC_493\Debug\pid.o
                0x000018b8                Pid_RestoreLeftRightTarget
 .text.Pid_Reset
                0x000018d4       0x24 .\CortexM3\ARM_GCC_493\Debug\pid.o
                0x000018d4                Pid_Reset
 .text.Pid_Enable
                0x000018f8       0x28 .\CortexM3\ARM_GCC_493\Debug\pid.o
                0x000018f8                Pid_Enable
 .text.Pid_LeftSetGains
                0x00001920       0x18 .\CortexM3\ARM_GCC_493\Debug\pid.o
                0x00001920                Pid_LeftSetGains
 .text.Pid_RightSetGains
                0x00001938       0x18 .\CortexM3\ARM_GCC_493\Debug\pid.o
                0x00001938                Pid_RightSetGains
 .text.Pid_LeftGetGains
                0x00001950       0x1c .\CortexM3\ARM_GCC_493\Debug\pid.o
                0x00001950                Pid_LeftGetGains
 .text.Pid_RightGetGains
                0x0000196c       0x1c .\CortexM3\ARM_GCC_493\Debug\pid.o
                0x0000196c                Pid_RightGetGains
 .text.SysTickIsrHandler
                0x00001988       0x10 .\CortexM3\ARM_GCC_493\Debug\time.o
 .text.Time_Init
                0x00001998        0xc .\CortexM3\ARM_GCC_493\Debug\time.o
                0x00001998                Time_Init
 .text.Time_Start
                0x000019a4       0x2c .\CortexM3\ARM_GCC_493\Debug\time.o
                0x000019a4                Time_Start
 .text.millis   0x000019d0        0xc .\CortexM3\ARM_GCC_493\Debug\time.o
                0x000019d0                millis
 .text.insert_zeros
                0x000019dc       0x30 .\CortexM3\ARM_GCC_493\Debug\utils.o
 .text.MovingAverageFloat
                0x00001a0c       0x2c .\CortexM3\ARM_GCC_493\Debug\utils.o
                0x00001a0c                MovingAverageFloat
 .text.Uint16ToTwoBytes
                0x00001a38        0x8 .\CortexM3\ARM_GCC_493\Debug\utils.o
                0x00001a38                Uint16ToTwoBytes
 .text.FloatToFourBytes
                0x00001a40       0x20 .\CortexM3\ARM_GCC_493\Debug\utils.o
                0x00001a40                FloatToFourBytes
 .text.ftoa     0x00001a60       0xa4 .\CortexM3\ARM_GCC_493\Debug\utils.o
                0x00001a60                ftoa
 .text.BinaryRangeSearch
                0x00001b04       0x50 .\CortexM3\ARM_GCC_493\Debug\utils.o
                0x00001b04                BinaryRangeSearch
 .text.Interpolate
                0x00001b54       0x3c .\CortexM3\ARM_GCC_493\Debug\utils.o
                0x00001b54                Interpolate
 .text.PIDCompute
                0x00001b90       0xa4 .\CortexM3\ARM_GCC_493\Debug\pid_controller.o
                0x00001b90                PIDCompute
 .text.PIDModeSet
                0x00001c34       0x40 .\CortexM3\ARM_GCC_493\Debug\pid_controller.o
                0x00001c34                PIDModeSet
 .text.PIDOutputLimitsSet
                0x00001c74       0x5c .\CortexM3\ARM_GCC_493\Debug\pid_controller.o
                0x00001c74                PIDOutputLimitsSet
 .text.PIDTuningsSet
                0x00001cd0       0x6c .\CortexM3\ARM_GCC_493\Debug\pid_controller.o
                0x00001cd0                PIDTuningsSet
 .text.PIDInit  0x00001d3c       0x54 .\CortexM3\ARM_GCC_493\Debug\pid_controller.o
                0x00001d3c                PIDInit
 .text.PIDSetpointSet
                0x00001d90        0x4 .\CortexM3\ARM_GCC_493\Debug\pid_controller.o
                0x00001d90                PIDSetpointSet
 .text.PIDInputSet
                0x00001d94        0x4 .\CortexM3\ARM_GCC_493\Debug\pid_controller.o
                0x00001d94                PIDInputSet
 .text.Ser_Init
                0x00001d98        0x4 .\CortexM3\ARM_GCC_493\Debug\serial.o
                0x00001d98                Ser_Init
 .text.Ser_Start
                0x00001d9c       0x2c .\CortexM3\ARM_GCC_493\Debug\serial.o
                0x00001d9c                Ser_Start
 .text.Ser_Update
                0x00001dc8       0x14 .\CortexM3\ARM_GCC_493\Debug\serial.o
                0x00001dc8                Ser_Update
 .text.Ser_PutString
                0x00001ddc       0x20 .\CortexM3\ARM_GCC_493\Debug\serial.o
                0x00001ddc                Ser_PutString
 .text.Ser_ReadByte
                0x00001dfc       0x1c .\CortexM3\ARM_GCC_493\Debug\serial.o
                0x00001dfc                Ser_ReadByte
 .text.Ser_WriteByte
                0x00001e18       0x1c .\CortexM3\ARM_GCC_493\Debug\serial.o
                0x00001e18                Ser_WriteByte
 .text.Nvstore_Init
                0x00001e34        0x4 .\CortexM3\ARM_GCC_493\Debug\nvstore.o
                0x00001e34                Nvstore_Init
 .text.Nvstore_Start
                0x00001e38        0x8 .\CortexM3\ARM_GCC_493\Debug\nvstore.o
                0x00001e38                Nvstore_Start
 .text.Nvstore_WriteBytes
                0x00001e40       0xc8 .\CortexM3\ARM_GCC_493\Debug\nvstore.o
                0x00001e40                Nvstore_WriteBytes
 .text.Nvstore_WriteUint16
                0x00001f08       0x28 .\CortexM3\ARM_GCC_493\Debug\nvstore.o
                0x00001f08                Nvstore_WriteUint16
 .text.Nvstore_WriteFloat
                0x00001f30       0x2c .\CortexM3\ARM_GCC_493\Debug\nvstore.o
                0x00001f30                Nvstore_WriteFloat
 *fill*         0x00001f5c        0x4 
 .text.GetStepVelocity
                0x00001f60      0x118 .\CortexM3\ARM_GCC_493\Debug\calpid.o
 .text.ResetPidValidationVelocity
                0x00002078       0x10 .\CortexM3\ARM_GCC_493\Debug\calpid.o
 .text.GetNextValidationVelocity
                0x00002088       0x38 .\CortexM3\ARM_GCC_493\Debug\calpid.o
 .text.Results  0x000020c0       0x64 .\CortexM3\ARM_GCC_493\Debug\calpid.o
 .text.StoreLeftGains
                0x00002124       0x3c .\CortexM3\ARM_GCC_493\Debug\calpid.o
 .text.StoreRightGains
                0x00002160       0x3c .\CortexM3\ARM_GCC_493\Debug\calpid.o
 .text.Stop     0x0000219c       0x8c .\CortexM3\ARM_GCC_493\Debug\calpid.o
 .text.SetNextValidationVelocity
                0x00002228       0x5c .\CortexM3\ARM_GCC_493\Debug\calpid.o
 .text.Update   0x00002284       0x58 .\CortexM3\ARM_GCC_493\Debug\calpid.o
 .text.Start    0x000022dc       0xe4 .\CortexM3\ARM_GCC_493\Debug\calpid.o
 .text.Init     0x000023c0       0xd8 .\CortexM3\ARM_GCC_493\Debug\calpid.o
 .text.CalPid_Init
                0x00002498       0x2c .\CortexM3\ARM_GCC_493\Debug\calpid.o
                0x00002498                CalPid_Init
 .text.CalculatePwmSamples
                0x000024c4       0x44 .\CortexM3\ARM_GCC_493\Debug\calmotor.o
 .text.AddSamplesToSum
                0x00002508       0x24 .\CortexM3\ARM_GCC_493\Debug\calmotor.o
 .text.CalculateAvgCpsSamples
                0x0000252c       0x20 .\CortexM3\ARM_GCC_493\Debug\calmotor.o
 .text.CalculateMinMaxCpsSample
                0x0000254c       0x38 .\CortexM3\ARM_GCC_493\Debug\calmotor.o
 .text.GetNextCps
                0x00002584       0x24 .\CortexM3\ARM_GCC_493\Debug\calmotor.o
 .text.Start    0x000025a8       0x24 .\CortexM3\ARM_GCC_493\Debug\calmotor.o
 .text.PrintAllMotorParams
                0x000025cc       0x64 .\CortexM3\ARM_GCC_493\Debug\calmotor.o
 .text.Results  0x00002630       0x28 .\CortexM3\ARM_GCC_493\Debug\calmotor.o
 .text.Stop     0x00002658       0x2c .\CortexM3\ARM_GCC_493\Debug\calmotor.o
 .text.CalcCpsAvgAtPwm
                0x00002684       0x58 .\CortexM3\ARM_GCC_493\Debug\calmotor.o
 .text.CollectCpsSamples
                0x000026dc       0x60 .\CortexM3\ARM_GCC_493\Debug\calmotor.o
 .text.StoreWheelSpeedCalibration
                0x0000273c       0x50 .\CortexM3\ARM_GCC_493\Debug\calmotor.o
 .text.CalibrateWheelSpeed
                0x0000278c       0x88 .\CortexM3\ARM_GCC_493\Debug\calmotor.o
 .text.PrintWheelVelocity
                0x00002814       0x40 .\CortexM3\ARM_GCC_493\Debug\calmotor.o
 .text.ValidateMotorCalibration
                0x00002854       0xb0 .\CortexM3\ARM_GCC_493\Debug\calmotor.o
 .text.Update   0x00002904       0xbc .\CortexM3\ARM_GCC_493\Debug\calmotor.o
 .text.Init     0x000029c0       0x50 .\CortexM3\ARM_GCC_493\Debug\calmotor.o
 .text.CalMotor_Init
                0x00002a10       0x40 .\CortexM3\ARM_GCC_493\Debug\calmotor.o
                0x00002a10                CalMotor_Init
 .text.DumpPid  0x00002a50      0x104 .\CortexM3\ARM_GCC_493\Debug\pidutil.o
                0x00002a50                DumpPid
 .text.SendRequest
                0x00002b54       0x24 .\CortexM3\ARM_GCC_493\Debug\spi.o
 .text.ProcessResponse
                0x00002b78       0x38 .\CortexM3\ARM_GCC_493\Debug\spi.o
 .text.RecvResponse
                0x00002bb0       0x50 .\CortexM3\ARM_GCC_493\Debug\spi.o
 .text.Spi_Init
                0x00002c00        0x4 .\CortexM3\ARM_GCC_493\Debug\spi.o
                0x00002c00                Spi_Init
 .text.Spi_Start
                0x00002c04       0x14 .\CortexM3\ARM_GCC_493\Debug\spi.o
                0x00002c04                Spi_Start
 .text.Spi_Update
                0x00002c18       0x30 .\CortexM3\ARM_GCC_493\Debug\spi.o
                0x00002c18                Spi_Update
 .text.Results  0x00002c48       0x18 .\CortexM3\ARM_GCC_493\Debug\callin.o
 .text.Stop     0x00002c60       0xe0 .\CortexM3\ARM_GCC_493\Debug\callin.o
 .text.Update   0x00002d40       0x94 .\CortexM3\ARM_GCC_493\Debug\callin.o
 .text.Start    0x00002dd4       0x60 .\CortexM3\ARM_GCC_493\Debug\callin.o
 .text.Init     0x00002e34       0x68 .\CortexM3\ARM_GCC_493\Debug\callin.o
 .text.CalLin_Init
                0x00002e9c       0x10 .\CortexM3\ARM_GCC_493\Debug\callin.o
                0x00002e9c                CalLin_Init
 .text.IntDefaultHandler
                0x00002eac        0x4 .\CortexM3\ARM_GCC_493\Debug\Cm3Start.o
                0x00002eac                IntDefaultHandler
 .text._exit    0x00002eb0        0xc .\CortexM3\ARM_GCC_493\Debug\Cm3Start.o
                0x00002eb0                _exit
 .text._sbrk    0x00002ebc       0x30 .\CortexM3\ARM_GCC_493\Debug\Cm3Start.o
                0x00002ebc                _sbrk
 .text.Start_c  0x00002eec       0x4c .\CortexM3\ARM_GCC_493\Debug\Cm3Start.o
                0x00002eec                Start_c
 .text.initialize_psoc
                0x00002f38       0x74 .\CortexM3\ARM_GCC_493\Debug\Cm3Start.o
                0x00002f38                initialize_psoc
 .text.cfg_write_bytes32
                0x00002fac       0x34 .\CortexM3\ARM_GCC_493\Debug\freesoc.a(cyfitter_cfg.o)
 .text.AnalogSetDefault
                0x00002fe0       0x28 .\CortexM3\ARM_GCC_493\Debug\freesoc.a(cyfitter_cfg.o)
 .text.CYMEMZERO
                0x00003008        0xc .\CortexM3\ARM_GCC_493\Debug\freesoc.a(cyfitter_cfg.o)
 .text.ClockSetup
                0x00003014       0xd0 .\CortexM3\ARM_GCC_493\Debug\freesoc.a(cyfitter_cfg.o)
 .text.CYCONFIGCPY
                0x000030e4        0x8 .\CortexM3\ARM_GCC_493\Debug\freesoc.a(cyfitter_cfg.o)
 .text.cyfitter_cfg
                0x000030ec      0x130 .\CortexM3\ARM_GCC_493\Debug\freesoc.a(cyfitter_cfg.o)
                0x000030ec                cyfitter_cfg
 .text.Left_HB25_Enable_Pin_Write
                0x0000321c       0x18 .\CortexM3\ARM_GCC_493\Debug\freesoc.a(Left_HB25_Enable_Pin.o)
                0x0000321c                Left_HB25_Enable_Pin_Write
 .text.Left_HB25_PWM_Stop
                0x00003234        0x4 .\CortexM3\ARM_GCC_493\Debug\freesoc.a(Left_HB25_PWM.o)
                0x00003234                Left_HB25_PWM_Stop
 .text.Left_HB25_PWM_WriteCounter
                0x00003238        0xc .\CortexM3\ARM_GCC_493\Debug\freesoc.a(Left_HB25_PWM.o)
                0x00003238                Left_HB25_PWM_WriteCounter
 .text.Left_HB25_PWM_WritePeriod
                0x00003244        0xc .\CortexM3\ARM_GCC_493\Debug\freesoc.a(Left_HB25_PWM.o)
                0x00003244                Left_HB25_PWM_WritePeriod
 .text.Left_HB25_PWM_WriteCompare
                0x00003250        0xc .\CortexM3\ARM_GCC_493\Debug\freesoc.a(Left_HB25_PWM.o)
                0x00003250                Left_HB25_PWM_WriteCompare
 .text.Left_HB25_PWM_Init
                0x0000325c       0x34 .\CortexM3\ARM_GCC_493\Debug\freesoc.a(Left_HB25_PWM.o)
                0x0000325c                Left_HB25_PWM_Init
 .text.Left_HB25_PWM_Start
                0x00003290       0x18 .\CortexM3\ARM_GCC_493\Debug\freesoc.a(Left_HB25_PWM.o)
                0x00003290                Left_HB25_PWM_Start
 .text.Left_HB25_PWM_ReadCompare
                0x000032a8        0xc .\CortexM3\ARM_GCC_493\Debug\freesoc.a(Left_HB25_PWM.o)
                0x000032a8                Left_HB25_PWM_ReadCompare
 .text.Right_HB25_Enable_Pin_Write
                0x000032b4       0x18 .\CortexM3\ARM_GCC_493\Debug\freesoc.a(Right_HB25_Enable_Pin.o)
                0x000032b4                Right_HB25_Enable_Pin_Write
 .text.Right_HB25_PWM_Stop
                0x000032cc        0x4 .\CortexM3\ARM_GCC_493\Debug\freesoc.a(Right_HB25_PWM.o)
                0x000032cc                Right_HB25_PWM_Stop
 .text.Right_HB25_PWM_WriteCounter
                0x000032d0        0xc .\CortexM3\ARM_GCC_493\Debug\freesoc.a(Right_HB25_PWM.o)
                0x000032d0                Right_HB25_PWM_WriteCounter
 .text.Right_HB25_PWM_WritePeriod
                0x000032dc        0xc .\CortexM3\ARM_GCC_493\Debug\freesoc.a(Right_HB25_PWM.o)
                0x000032dc                Right_HB25_PWM_WritePeriod
 .text.Right_HB25_PWM_WriteCompare
                0x000032e8        0xc .\CortexM3\ARM_GCC_493\Debug\freesoc.a(Right_HB25_PWM.o)
                0x000032e8                Right_HB25_PWM_WriteCompare
 .text.Right_HB25_PWM_Init
                0x000032f4       0x34 .\CortexM3\ARM_GCC_493\Debug\freesoc.a(Right_HB25_PWM.o)
                0x000032f4                Right_HB25_PWM_Init
 .text.Right_HB25_PWM_Start
                0x00003328       0x18 .\CortexM3\ARM_GCC_493\Debug\freesoc.a(Right_HB25_PWM.o)
                0x00003328                Right_HB25_PWM_Start
 .text.Right_HB25_PWM_ReadCompare
                0x00003340        0xc .\CortexM3\ARM_GCC_493\Debug\freesoc.a(Right_HB25_PWM.o)
                0x00003340                Right_HB25_PWM_ReadCompare
 *fill*         0x0000334c        0x4 
 .text          0x00003350       0x20 .\CortexM3\ARM_GCC_493\Debug\freesoc.a(CyBootAsmGnu.o)
                0x00003350                CyDelayCycles
                0x00003360                CyEnterCriticalSection
                0x00003368                CyExitCriticalSection
 .text.CyHalt   0x00003370        0x4 .\CortexM3\ARM_GCC_493\Debug\freesoc.a(CyLib.o)
                0x00003370                CyHalt
 .text.CyDelay  0x00003374       0x2c .\CortexM3\ARM_GCC_493\Debug\freesoc.a(CyLib.o)
                0x00003374                CyDelay
 .text.CyDelayUs
                0x000033a0       0x14 .\CortexM3\ARM_GCC_493\Debug\freesoc.a(CyLib.o)
                0x000033a0                CyDelayUs
 .text.CyIntSetSysVector
                0x000033b4       0x28 .\CortexM3\ARM_GCC_493\Debug\freesoc.a(CyLib.o)
                0x000033b4                CyIntSetSysVector
 .text.CyIntSetVector
                0x000033dc       0x28 .\CortexM3\ARM_GCC_493\Debug\freesoc.a(CyLib.o)
                0x000033dc                CyIntSetVector
 .text.CyIntSetPriority
                0x00003404       0x30 .\CortexM3\ARM_GCC_493\Debug\freesoc.a(CyLib.o)
                0x00003404                CyIntSetPriority
 .text.CySysTickEnableInterrupt
                0x00003434       0x10 .\CortexM3\ARM_GCC_493\Debug\freesoc.a(CyLib.o)
                0x00003434                CySysTickEnableInterrupt
 .text.CySysTickEnable
                0x00003444       0x18 .\CortexM3\ARM_GCC_493\Debug\freesoc.a(CyLib.o)
                0x00003444                CySysTickEnable
 .text.CySysTickSetReload
                0x0000345c       0x10 .\CortexM3\ARM_GCC_493\Debug\freesoc.a(CyLib.o)
                0x0000345c                CySysTickSetReload
 .text.CySysTickSetClockSource
                0x0000346c       0x20 .\CortexM3\ARM_GCC_493\Debug\freesoc.a(CyLib.o)
                0x0000346c                CySysTickSetClockSource
 .text.CySysTickGetCountFlag
                0x0000348c       0x10 .\CortexM3\ARM_GCC_493\Debug\freesoc.a(CyLib.o)
                0x0000348c                CySysTickGetCountFlag
 .text.CySysTickServiceCallbacks
                0x0000349c       0x28 .\CortexM3\ARM_GCC_493\Debug\freesoc.a(CyLib.o)
 .text.CySysTickClear
                0x000034c4        0xc .\CortexM3\ARM_GCC_493\Debug\freesoc.a(CyLib.o)
                0x000034c4                CySysTickClear
 .text.CySysTickInit
                0x000034d0       0x58 .\CortexM3\ARM_GCC_493\Debug\freesoc.a(CyLib.o)
                0x000034d0                CySysTickInit
 .text.CySysTickStart
                0x00003528       0x1c .\CortexM3\ARM_GCC_493\Debug\freesoc.a(CyLib.o)
                0x00003528                CySysTickStart
 .text.CySysTickSetCallback
                0x00003544       0x10 .\CortexM3\ARM_GCC_493\Debug\freesoc.a(CyLib.o)
                0x00003544                CySysTickSetCallback
 .text.CySysTickGetCallback
                0x00003554       0x10 .\CortexM3\ARM_GCC_493\Debug\freesoc.a(CyLib.o)
                0x00003554                CySysTickGetCallback
 .text.CyGetUniqueId
                0x00003564       0x70 .\CortexM3\ARM_GCC_493\Debug\freesoc.a(CyLib.o)
                0x00003564                CyGetUniqueId
 .text.EZI2C_Slave_Init
                0x000035d4       0x70 .\CortexM3\ARM_GCC_493\Debug\freesoc.a(EZI2C_Slave.o)
                0x000035d4                EZI2C_Slave_Init
 .text.EZI2C_Slave_Enable
                0x00003644       0x30 .\CortexM3\ARM_GCC_493\Debug\freesoc.a(EZI2C_Slave.o)
                0x00003644                EZI2C_Slave_Enable
 .text.EZI2C_Slave_Start
                0x00003674       0x1c .\CortexM3\ARM_GCC_493\Debug\freesoc.a(EZI2C_Slave.o)
                0x00003674                EZI2C_Slave_Start
 .text.EZI2C_Slave_GetActivity
                0x00003690       0x28 .\CortexM3\ARM_GCC_493\Debug\freesoc.a(EZI2C_Slave.o)
                0x00003690                EZI2C_Slave_GetActivity
 .text.EZI2C_Slave_SetBuffer1
                0x000036b8       0x50 .\CortexM3\ARM_GCC_493\Debug\freesoc.a(EZI2C_Slave.o)
                0x000036b8                EZI2C_Slave_SetBuffer1
 .text.EZI2C_Slave_ISR
                0x00003708      0x1c4 .\CortexM3\ARM_GCC_493\Debug\freesoc.a(EZI2C_Slave_INT.o)
                0x00003708                EZI2C_Slave_ISR
 .text.Mainloop_Pin_Write
                0x000038cc       0x18 .\CortexM3\ARM_GCC_493\Debug\freesoc.a(Mainloop_Pin.o)
                0x000038cc                Mainloop_Pin_Write
 .text.EEPROM_Enable
                0x000038e4        0xc .\CortexM3\ARM_GCC_493\Debug\freesoc.a(EEPROM.o)
                0x000038e4                EEPROM_Enable
 .text.EEPROM_Start
                0x000038f0        0x8 .\CortexM3\ARM_GCC_493\Debug\freesoc.a(EEPROM.o)
                0x000038f0                EEPROM_Start
 .text.EEPROM_WriteByte
                0x000038f8       0xd4 .\CortexM3\ARM_GCC_493\Debug\freesoc.a(EEPROM.o)
                0x000038f8                EEPROM_WriteByte
 .text.EEPROM_Write
                0x000039cc       0xb4 .\CortexM3\ARM_GCC_493\Debug\freesoc.a(EEPROM.o)
                0x000039cc                EEPROM_Write
 .text.Right_QuadDec_Init
                0x00003a80       0x24 .\CortexM3\ARM_GCC_493\Debug\freesoc.a(Right_QuadDec.o)
                0x00003a80                Right_QuadDec_Init
 .text.Right_QuadDec_GetCounter
                0x00003aa4       0x2c .\CortexM3\ARM_GCC_493\Debug\freesoc.a(Right_QuadDec.o)
                0x00003aa4                Right_QuadDec_GetCounter
 .text.Right_QuadDec_SetCounter
                0x00003ad0       0x28 .\CortexM3\ARM_GCC_493\Debug\freesoc.a(Right_QuadDec.o)
                0x00003ad0                Right_QuadDec_SetCounter
 .text.Right_QuadDec_GetEvents
                0x00003af8       0x10 .\CortexM3\ARM_GCC_493\Debug\freesoc.a(Right_QuadDec.o)
                0x00003af8                Right_QuadDec_GetEvents
 .text.Right_QuadDec_SetInterruptMask
                0x00003b08       0x10 .\CortexM3\ARM_GCC_493\Debug\freesoc.a(Right_QuadDec.o)
                0x00003b08                Right_QuadDec_SetInterruptMask
 .text.Right_QuadDec_Enable
                0x00003b18       0x30 .\CortexM3\ARM_GCC_493\Debug\freesoc.a(Right_QuadDec.o)
                0x00003b18                Right_QuadDec_Enable
 .text.Right_QuadDec_Start
                0x00003b48       0x34 .\CortexM3\ARM_GCC_493\Debug\freesoc.a(Right_QuadDec.o)
                0x00003b48                Right_QuadDec_Start
 .text.Right_QuadDec_ISR
                0x00003b7c       0x40 .\CortexM3\ARM_GCC_493\Debug\freesoc.a(Right_QuadDec_INT.o)
                0x00003b7c                Right_QuadDec_ISR
 .text.Right_QuadDec_Cnt16_Enable
                0x00003bbc       0x10 .\CortexM3\ARM_GCC_493\Debug\freesoc.a(Right_QuadDec_Cnt16.o)
                0x00003bbc                Right_QuadDec_Cnt16_Enable
 .text.Right_QuadDec_Cnt16_SetInterruptMode
                0x00003bcc        0xc .\CortexM3\ARM_GCC_493\Debug\freesoc.a(Right_QuadDec_Cnt16.o)
                0x00003bcc                Right_QuadDec_Cnt16_SetInterruptMode
 .text.Right_QuadDec_Cnt16_ReadStatusRegister
                0x00003bd8        0xc .\CortexM3\ARM_GCC_493\Debug\freesoc.a(Right_QuadDec_Cnt16.o)
                0x00003bd8                Right_QuadDec_Cnt16_ReadStatusRegister
 .text.Right_QuadDec_Cnt16_WriteCounter
                0x00003be4        0xc .\CortexM3\ARM_GCC_493\Debug\freesoc.a(Right_QuadDec_Cnt16.o)
                0x00003be4                Right_QuadDec_Cnt16_WriteCounter
 .text.Right_QuadDec_Cnt16_ReadCounter
                0x00003bf0       0x14 .\CortexM3\ARM_GCC_493\Debug\freesoc.a(Right_QuadDec_Cnt16.o)
                0x00003bf0                Right_QuadDec_Cnt16_ReadCounter
 .text.Right_QuadDec_Cnt16_ReadCapture
                0x00003c04        0xc .\CortexM3\ARM_GCC_493\Debug\freesoc.a(Right_QuadDec_Cnt16.o)
                0x00003c04                Right_QuadDec_Cnt16_ReadCapture
 .text.Right_QuadDec_Cnt16_WritePeriod
                0x00003c10        0xc .\CortexM3\ARM_GCC_493\Debug\freesoc.a(Right_QuadDec_Cnt16.o)
                0x00003c10                Right_QuadDec_Cnt16_WritePeriod
 .text.Right_QuadDec_Cnt16_WriteCompare
                0x00003c1c        0xc .\CortexM3\ARM_GCC_493\Debug\freesoc.a(Right_QuadDec_Cnt16.o)
                0x00003c1c                Right_QuadDec_Cnt16_WriteCompare
 .text.Right_QuadDec_Cnt16_ClearFIFO
                0x00003c28       0x14 .\CortexM3\ARM_GCC_493\Debug\freesoc.a(Right_QuadDec_Cnt16.o)
                0x00003c28                Right_QuadDec_Cnt16_ClearFIFO
 .text.Right_QuadDec_Cnt16_Init
                0x00003c3c       0x58 .\CortexM3\ARM_GCC_493\Debug\freesoc.a(Right_QuadDec_Cnt16.o)
                0x00003c3c                Right_QuadDec_Cnt16_Init
 .text.Right_QuadDec_Cnt16_Start
                0x00003c94       0x1c .\CortexM3\ARM_GCC_493\Debug\freesoc.a(Right_QuadDec_Cnt16.o)
                0x00003c94                Right_QuadDec_Cnt16_Start
 .text.Left_QuadDec_Init
                0x00003cb0       0x24 .\CortexM3\ARM_GCC_493\Debug\freesoc.a(Left_QuadDec.o)
                0x00003cb0                Left_QuadDec_Init
 .text.Left_QuadDec_GetCounter
                0x00003cd4       0x2c .\CortexM3\ARM_GCC_493\Debug\freesoc.a(Left_QuadDec.o)
                0x00003cd4                Left_QuadDec_GetCounter
 .text.Left_QuadDec_SetCounter
                0x00003d00       0x28 .\CortexM3\ARM_GCC_493\Debug\freesoc.a(Left_QuadDec.o)
                0x00003d00                Left_QuadDec_SetCounter
 .text.Left_QuadDec_GetEvents
                0x00003d28       0x10 .\CortexM3\ARM_GCC_493\Debug\freesoc.a(Left_QuadDec.o)
                0x00003d28                Left_QuadDec_GetEvents
 .text.Left_QuadDec_SetInterruptMask
                0x00003d38       0x10 .\CortexM3\ARM_GCC_493\Debug\freesoc.a(Left_QuadDec.o)
                0x00003d38                Left_QuadDec_SetInterruptMask
 .text.Left_QuadDec_Enable
                0x00003d48       0x30 .\CortexM3\ARM_GCC_493\Debug\freesoc.a(Left_QuadDec.o)
                0x00003d48                Left_QuadDec_Enable
 .text.Left_QuadDec_Start
                0x00003d78       0x34 .\CortexM3\ARM_GCC_493\Debug\freesoc.a(Left_QuadDec.o)
                0x00003d78                Left_QuadDec_Start
 .text.Left_QuadDec_ISR
                0x00003dac       0x40 .\CortexM3\ARM_GCC_493\Debug\freesoc.a(Left_QuadDec_INT.o)
                0x00003dac                Left_QuadDec_ISR
 .text.Left_QuadDec_Cnt16_Enable
                0x00003dec       0x10 .\CortexM3\ARM_GCC_493\Debug\freesoc.a(Left_QuadDec_Cnt16.o)
                0x00003dec                Left_QuadDec_Cnt16_Enable
 .text.Left_QuadDec_Cnt16_SetInterruptMode
                0x00003dfc        0xc .\CortexM3\ARM_GCC_493\Debug\freesoc.a(Left_QuadDec_Cnt16.o)
                0x00003dfc                Left_QuadDec_Cnt16_SetInterruptMode
 .text.Left_QuadDec_Cnt16_ReadStatusRegister
                0x00003e08        0xc .\CortexM3\ARM_GCC_493\Debug\freesoc.a(Left_QuadDec_Cnt16.o)
                0x00003e08                Left_QuadDec_Cnt16_ReadStatusRegister
 .text.Left_QuadDec_Cnt16_WriteCounter
                0x00003e14        0xc .\CortexM3\ARM_GCC_493\Debug\freesoc.a(Left_QuadDec_Cnt16.o)
                0x00003e14                Left_QuadDec_Cnt16_WriteCounter
 .text.Left_QuadDec_Cnt16_ReadCounter
                0x00003e20       0x14 .\CortexM3\ARM_GCC_493\Debug\freesoc.a(Left_QuadDec_Cnt16.o)
                0x00003e20                Left_QuadDec_Cnt16_ReadCounter
 .text.Left_QuadDec_Cnt16_ReadCapture
                0x00003e34        0xc .\CortexM3\ARM_GCC_493\Debug\freesoc.a(Left_QuadDec_Cnt16.o)
                0x00003e34                Left_QuadDec_Cnt16_ReadCapture
 .text.Left_QuadDec_Cnt16_WritePeriod
                0x00003e40        0xc .\CortexM3\ARM_GCC_493\Debug\freesoc.a(Left_QuadDec_Cnt16.o)
                0x00003e40                Left_QuadDec_Cnt16_WritePeriod
 .text.Left_QuadDec_Cnt16_WriteCompare
                0x00003e4c        0xc .\CortexM3\ARM_GCC_493\Debug\freesoc.a(Left_QuadDec_Cnt16.o)
                0x00003e4c                Left_QuadDec_Cnt16_WriteCompare
 .text.Left_QuadDec_Cnt16_ClearFIFO
                0x00003e58       0x14 .\CortexM3\ARM_GCC_493\Debug\freesoc.a(Left_QuadDec_Cnt16.o)
                0x00003e58                Left_QuadDec_Cnt16_ClearFIFO
 .text.Left_QuadDec_Cnt16_Init
                0x00003e6c       0x58 .\CortexM3\ARM_GCC_493\Debug\freesoc.a(Left_QuadDec_Cnt16.o)
                0x00003e6c                Left_QuadDec_Cnt16_Init
 .text.Left_QuadDec_Cnt16_Start
                0x00003ec4       0x1c .\CortexM3\ARM_GCC_493\Debug\freesoc.a(Left_QuadDec_Cnt16.o)
                0x00003ec4                Left_QuadDec_Cnt16_Start
 .text.USBUART_Init
                0x00003ee0      0x140 .\CortexM3\ARM_GCC_493\Debug\freesoc.a(USBUART.o)
                0x00003ee0                USBUART_Init
 .text.USBUART_InitComponent
                0x00004020       0xd0 .\CortexM3\ARM_GCC_493\Debug\freesoc.a(USBUART.o)
                0x00004020                USBUART_InitComponent
 .text.USBUART_Start
                0x000040f0       0x24 .\CortexM3\ARM_GCC_493\Debug\freesoc.a(USBUART.o)
                0x000040f0                USBUART_Start
 .text.USBUART_ReInitComponent
                0x00004114       0x64 .\CortexM3\ARM_GCC_493\Debug\freesoc.a(USBUART.o)
                0x00004114                USBUART_ReInitComponent
 .text.USBUART_GetConfiguration
                0x00004178        0xc .\CortexM3\ARM_GCC_493\Debug\freesoc.a(USBUART.o)
                0x00004178                USBUART_GetConfiguration
 .text.USBUART_IsConfigurationChanged
                0x00004184       0x20 .\CortexM3\ARM_GCC_493\Debug\freesoc.a(USBUART.o)
                0x00004184                USBUART_IsConfigurationChanged
 .text.USBUART_GetEPState
                0x000041a4       0x14 .\CortexM3\ARM_GCC_493\Debug\freesoc.a(USBUART.o)
                0x000041a4                USBUART_GetEPState
 .text.USBUART_GetEPCount
                0x000041b8       0x28 .\CortexM3\ARM_GCC_493\Debug\freesoc.a(USBUART.o)
                0x000041b8                USBUART_GetEPCount
 .text.USBUART_LoadInEP
                0x000041e0       0x94 .\CortexM3\ARM_GCC_493\Debug\freesoc.a(USBUART.o)
                0x000041e0                USBUART_LoadInEP
 .text.USBUART_EnableOutEP
                0x00004274       0x2c .\CortexM3\ARM_GCC_493\Debug\freesoc.a(USBUART.o)
                0x00004274                USBUART_EnableOutEP
 .text.USBUART_ReadOutEP
                0x000042a0       0x50 .\CortexM3\ARM_GCC_493\Debug\freesoc.a(USBUART.o)
                0x000042a0                USBUART_ReadOutEP
 .text.USBUART_StrLen
                0x000042f0       0x14 .\CortexM3\ARM_GCC_493\Debug\freesoc.a(USBUART_cdc.o)
 .text.USBUART_GetInterfaceComPort
                0x00004304       0x3c .\CortexM3\ARM_GCC_493\Debug\freesoc.a(USBUART_cdc.o)
                0x00004304                USBUART_GetInterfaceComPort
 .text.USBUART_DispatchCDCClassRqst
                0x00004340       0x98 .\CortexM3\ARM_GCC_493\Debug\freesoc.a(USBUART_cdc.o)
                0x00004340                USBUART_DispatchCDCClassRqst
 .text.USBUART_CDC_Init
                0x000043d8       0x98 .\CortexM3\ARM_GCC_493\Debug\freesoc.a(USBUART_cdc.o)
                0x000043d8                USBUART_CDC_Init
 .text.USBUART_PutString
                0x00004470       0x9c .\CortexM3\ARM_GCC_493\Debug\freesoc.a(USBUART_cdc.o)
                0x00004470                USBUART_PutString
 .text.USBUART_PutChar
                0x0000450c       0x28 .\CortexM3\ARM_GCC_493\Debug\freesoc.a(USBUART_cdc.o)
                0x0000450c                USBUART_PutChar
 .text.USBUART_DataIsReady
                0x00004534       0x18 .\CortexM3\ARM_GCC_493\Debug\freesoc.a(USBUART_cdc.o)
                0x00004534                USBUART_DataIsReady
 .text.USBUART_CDCIsReady
                0x0000454c       0x18 .\CortexM3\ARM_GCC_493\Debug\freesoc.a(USBUART_cdc.o)
                0x0000454c                USBUART_CDCIsReady
 .text.USBUART_GetChar
                0x00004564       0x28 .\CortexM3\ARM_GCC_493\Debug\freesoc.a(USBUART_cdc.o)
                0x00004564                USBUART_GetChar
 .text.USBUART_Cdc_EpInit
                0x0000458c       0x50 .\CortexM3\ARM_GCC_493\Debug\freesoc.a(USBUART_cdc.o)
                0x0000458c                USBUART_Cdc_EpInit
 .text.USBUART_LoadEP0
                0x000045dc       0x94 .\CortexM3\ARM_GCC_493\Debug\freesoc.a(USBUART_drv.o)
                0x000045dc                USBUART_LoadEP0
 .text.USBUART_InitZeroLengthControlTransfer
                0x00004670       0x34 .\CortexM3\ARM_GCC_493\Debug\freesoc.a(USBUART_drv.o)
                0x00004670                USBUART_InitZeroLengthControlTransfer
 .text.USBUART_ControlReadDataStage
                0x000046a4        0x8 .\CortexM3\ARM_GCC_493\Debug\freesoc.a(USBUART_drv.o)
                0x000046a4                USBUART_ControlReadDataStage
 .text.USBUART_ControlWriteDataStage
                0x000046ac       0x80 .\CortexM3\ARM_GCC_493\Debug\freesoc.a(USBUART_drv.o)
                0x000046ac                USBUART_ControlWriteDataStage
 .text.USBUART_InitNoDataControlTransfer
                0x0000472c       0x2c .\CortexM3\ARM_GCC_493\Debug\freesoc.a(USBUART_drv.o)
                0x0000472c                USBUART_InitNoDataControlTransfer
 .text.USBUART_UpdateStatusBlock
                0x00004758       0x24 .\CortexM3\ARM_GCC_493\Debug\freesoc.a(USBUART_drv.o)
                0x00004758                USBUART_UpdateStatusBlock
 .text.USBUART_HandleSetup
                0x0000477c       0x5c .\CortexM3\ARM_GCC_493\Debug\freesoc.a(USBUART_drv.o)
                0x0000477c                USBUART_HandleSetup
 .text.USBUART_ControlReadStatusStage
                0x000047d8       0x34 .\CortexM3\ARM_GCC_493\Debug\freesoc.a(USBUART_drv.o)
                0x000047d8                USBUART_ControlReadStatusStage
 .text.USBUART_HandleOUT
                0x0000480c       0x38 .\CortexM3\ARM_GCC_493\Debug\freesoc.a(USBUART_drv.o)
                0x0000480c                USBUART_HandleOUT
 .text.USBUART_ControlWriteStatusStage
                0x00004844       0x20 .\CortexM3\ARM_GCC_493\Debug\freesoc.a(USBUART_drv.o)
                0x00004844                USBUART_ControlWriteStatusStage
 .text.USBUART_NoDataControlStatusStage
                0x00004864       0x40 .\CortexM3\ARM_GCC_493\Debug\freesoc.a(USBUART_drv.o)
                0x00004864                USBUART_NoDataControlStatusStage
 .text.USBUART_HandleIN
                0x000048a4       0x2c .\CortexM3\ARM_GCC_493\Debug\freesoc.a(USBUART_drv.o)
                0x000048a4                USBUART_HandleIN
 .text.USBUART_EP_0_ISR
                0x000048d0       0xb8 .\CortexM3\ARM_GCC_493\Debug\freesoc.a(USBUART_drv.o)
                0x000048d0                USBUART_EP_0_ISR
 .text.USBUART_InitializeStatusBlock
                0x00004988       0x24 .\CortexM3\ARM_GCC_493\Debug\freesoc.a(USBUART_drv.o)
                0x00004988                USBUART_InitializeStatusBlock
 .text.USBUART_InitControlRead
                0x000049ac       0x50 .\CortexM3\ARM_GCC_493\Debug\freesoc.a(USBUART_drv.o)
                0x000049ac                USBUART_InitControlRead
 .text.USBUART_InitControlWrite
                0x000049fc       0x48 .\CortexM3\ARM_GCC_493\Debug\freesoc.a(USBUART_drv.o)
                0x000049fc                USBUART_InitControlWrite
 .text.USBUART_EP_1_ISR
                0x00004a44       0x38 .\CortexM3\ARM_GCC_493\Debug\freesoc.a(USBUART_episr.o)
                0x00004a44                USBUART_EP_1_ISR
 .text.USBUART_EP_2_ISR
                0x00004a7c       0x3c .\CortexM3\ARM_GCC_493\Debug\freesoc.a(USBUART_episr.o)
                0x00004a7c                USBUART_EP_2_ISR
 .text.USBUART_EP_3_ISR
                0x00004ab8       0x44 .\CortexM3\ARM_GCC_493\Debug\freesoc.a(USBUART_episr.o)
                0x00004ab8                USBUART_EP_3_ISR
 .text.USBUART_SOF_ISR
                0x00004afc        0x4 .\CortexM3\ARM_GCC_493\Debug\freesoc.a(USBUART_episr.o)
                0x00004afc                USBUART_SOF_ISR
 .text.USBUART_BUS_RESET_ISR
                0x00004b00        0x8 .\CortexM3\ARM_GCC_493\Debug\freesoc.a(USBUART_episr.o)
                0x00004b00                USBUART_BUS_RESET_ISR
 .text.USBUART_FindHidClassDecriptor
                0x00004b08       0x40 .\CortexM3\ARM_GCC_493\Debug\freesoc.a(USBUART_hid.o)
                0x00004b08                USBUART_FindHidClassDecriptor
 .text.USBUART_FindReportDescriptor
                0x00004b48       0x48 .\CortexM3\ARM_GCC_493\Debug\freesoc.a(USBUART_hid.o)
                0x00004b48                USBUART_FindReportDescriptor
 .text.USBUART_FindReport
                0x00004b90       0x7c .\CortexM3\ARM_GCC_493\Debug\freesoc.a(USBUART_hid.o)
                0x00004b90                USBUART_FindReport
 .text.USBUART_DispatchHIDClassRqst
                0x00004c0c      0x184 .\CortexM3\ARM_GCC_493\Debug\freesoc.a(USBUART_hid.o)
                0x00004c0c                USBUART_DispatchHIDClassRqst
 .text.USBUART_DP_ISR
                0x00004d90        0x8 .\CortexM3\ARM_GCC_493\Debug\freesoc.a(USBUART_pm.o)
                0x00004d90                USBUART_DP_ISR
 .text.USBUART_ReadDieID
                0x00004d98       0x6c .\CortexM3\ARM_GCC_493\Debug\freesoc.a(USBUART_std.o)
                0x00004d98                USBUART_ReadDieID
 .text.USBUART_ConfigReg
                0x00004e04       0xa4 .\CortexM3\ARM_GCC_493\Debug\freesoc.a(USBUART_std.o)
                0x00004e04                USBUART_ConfigReg
 .text.USBUART_GetConfigTablePtr
                0x00004ea8       0x28 .\CortexM3\ARM_GCC_493\Debug\freesoc.a(USBUART_std.o)
                0x00004ea8                USBUART_GetConfigTablePtr
 .text.USBUART_ConfigAltChanged
                0x00004ed0      0x11c .\CortexM3\ARM_GCC_493\Debug\freesoc.a(USBUART_std.o)
                0x00004ed0                USBUART_ConfigAltChanged
 .text.USBUART_GetDeviceTablePtr
                0x00004fec       0x18 .\CortexM3\ARM_GCC_493\Debug\freesoc.a(USBUART_std.o)
                0x00004fec                USBUART_GetDeviceTablePtr
 .text.USBUART_GetInterfaceClassTablePtr
                0x00005004       0x24 .\CortexM3\ARM_GCC_493\Debug\freesoc.a(USBUART_std.o)
                0x00005004                USBUART_GetInterfaceClassTablePtr
 .text.USBUART_Config
                0x00005028      0x1dc .\CortexM3\ARM_GCC_493\Debug\freesoc.a(USBUART_std.o)
                0x00005028                USBUART_Config
 .text.USBUART_SetEndpointHalt
                0x00005204       0x64 .\CortexM3\ARM_GCC_493\Debug\freesoc.a(USBUART_std.o)
                0x00005204                USBUART_SetEndpointHalt
 .text.USBUART_ClearEndpointHalt
                0x00005268       0xa8 .\CortexM3\ARM_GCC_493\Debug\freesoc.a(USBUART_std.o)
                0x00005268                USBUART_ClearEndpointHalt
 .text.USBUART_ValidateAlternateSetting
                0x00005310       0x4c .\CortexM3\ARM_GCC_493\Debug\freesoc.a(USBUART_std.o)
                0x00005310                USBUART_ValidateAlternateSetting
 .text.USBUART_HandleStandardRqst
                0x0000535c      0x35c .\CortexM3\ARM_GCC_493\Debug\freesoc.a(USBUART_std.o)
                0x0000535c                USBUART_HandleStandardRqst
 .text.USBUART_HandleVendorRqst
                0x000056b8       0x3c .\CortexM3\ARM_GCC_493\Debug\freesoc.a(USBUART_vnd.o)
                0x000056b8                USBUART_HandleVendorRqst
 .text.USBUART_Dp_ClearInterrupt
                0x000056f4       0x10 .\CortexM3\ARM_GCC_493\Debug\freesoc.a(USBUART_Dp.o)
                0x000056f4                USBUART_Dp_ClearInterrupt
 .text.SPIM_EnableRxInt
                0x00005704        0xc .\CortexM3\ARM_GCC_493\Debug\freesoc.a(SPIM.o)
                0x00005704                SPIM_EnableRxInt
 .text.SPIM_Enable
                0x00005710       0x38 .\CortexM3\ARM_GCC_493\Debug\freesoc.a(SPIM.o)
                0x00005710                SPIM_Enable
 .text.SPIM_DisableRxInt
                0x00005748        0xc .\CortexM3\ARM_GCC_493\Debug\freesoc.a(SPIM.o)
                0x00005748                SPIM_DisableRxInt
 .text.SPIM_ReadTxStatus
                0x00005754        0xc .\CortexM3\ARM_GCC_493\Debug\freesoc.a(SPIM.o)
                0x00005754                SPIM_ReadTxStatus
 .text.SPIM_ReadRxStatus
                0x00005760       0x28 .\CortexM3\ARM_GCC_493\Debug\freesoc.a(SPIM.o)
                0x00005760                SPIM_ReadRxStatus
 .text.SPIM_WriteTxData
                0x00005788       0x18 .\CortexM3\ARM_GCC_493\Debug\freesoc.a(SPIM.o)
                0x00005788                SPIM_WriteTxData
 .text.SPIM_ReadRxData
                0x000057a0       0x64 .\CortexM3\ARM_GCC_493\Debug\freesoc.a(SPIM.o)
                0x000057a0                SPIM_ReadRxData
 .text.SPIM_GetTxBufferSize
                0x00005804       0x24 .\CortexM3\ARM_GCC_493\Debug\freesoc.a(SPIM.o)
                0x00005804                SPIM_GetTxBufferSize
 .text.SPIM_ClearRxBuffer
                0x00005828       0x40 .\CortexM3\ARM_GCC_493\Debug\freesoc.a(SPIM.o)
                0x00005828                SPIM_ClearRxBuffer
 .text.SPIM_ClearTxBuffer
                0x00005868       0x24 .\CortexM3\ARM_GCC_493\Debug\freesoc.a(SPIM.o)
                0x00005868                SPIM_ClearTxBuffer
 .text.SPIM_PutArray
                0x0000588c       0x20 .\CortexM3\ARM_GCC_493\Debug\freesoc.a(SPIM.o)
                0x0000588c                SPIM_PutArray
 .text.SPIM_ClearFIFO
                0x000058ac       0x3c .\CortexM3\ARM_GCC_493\Debug\freesoc.a(SPIM.o)
                0x000058ac                SPIM_ClearFIFO
 .text.SPIM_Init
                0x000058e8       0x64 .\CortexM3\ARM_GCC_493\Debug\freesoc.a(SPIM.o)
                0x000058e8                SPIM_Init
 .text.SPIM_Start
                0x0000594c       0x1c .\CortexM3\ARM_GCC_493\Debug\freesoc.a(SPIM.o)
                0x0000594c                SPIM_Start
 .text.SPIM_RX_ISR
                0x00005968       0xa0 .\CortexM3\ARM_GCC_493\Debug\freesoc.a(SPIM_INT.o)
                0x00005968                SPIM_RX_ISR
 .text.Slave_Select_Write
                0x00005a08        0xc .\CortexM3\ARM_GCC_493\Debug\freesoc.a(Slave_Select.o)
                0x00005a08                Slave_Select_Write
 .text.CyFlashGetSpcAlgorithm
                0x00005a14       0x4c .\CortexM3\ARM_GCC_493\Debug\freesoc.a(CyFlash.o)
 .text.CySetTempInt
                0x00005a60       0x60 .\CortexM3\ARM_GCC_493\Debug\freesoc.a(CyFlash.o)
 .text.CySetTemp
                0x00005ac0       0x14 .\CortexM3\ARM_GCC_493\Debug\freesoc.a(CyFlash.o)
                0x00005ac0                CySetTemp
 .text.CyEEPROM_Start
                0x00005ad4       0x54 .\CortexM3\ARM_GCC_493\Debug\freesoc.a(CyFlash.o)
                0x00005ad4                CyEEPROM_Start
 .text.CySpcStart
                0x00005b28       0x24 .\CortexM3\ARM_GCC_493\Debug\freesoc.a(CySpc.o)
                0x00005b28                CySpcStart
 .text.CySpcReadData
                0x00005b4c       0x34 .\CortexM3\ARM_GCC_493\Debug\freesoc.a(CySpc.o)
                0x00005b4c                CySpcReadData
 .text.CySpcLoadMultiByte
                0x00005b80       0x78 .\CortexM3\ARM_GCC_493\Debug\freesoc.a(CySpc.o)
                0x00005b80                CySpcLoadMultiByte
 .text.CySpcLoadRow
                0x00005bf8       0x54 .\CortexM3\ARM_GCC_493\Debug\freesoc.a(CySpc.o)
                0x00005bf8                CySpcLoadRow
 .text.CySpcWriteRow
                0x00005c4c       0x4c .\CortexM3\ARM_GCC_493\Debug\freesoc.a(CySpc.o)
                0x00005c4c                CySpcWriteRow
 .text.CySpcGetTemp
                0x00005c98       0x3c .\CortexM3\ARM_GCC_493\Debug\freesoc.a(CySpc.o)
                0x00005c98                CySpcGetTemp
 .text.CySpcLock
                0x00005cd4       0x4c .\CortexM3\ARM_GCC_493\Debug\freesoc.a(CySpc.o)
                0x00005cd4                CySpcLock
 .text.CySpcUnlock
                0x00005d20       0x38 .\CortexM3\ARM_GCC_493\Debug\freesoc.a(CySpc.o)
                0x00005d20                CySpcUnlock
 .text.CySpcGetAlgorithm
                0x00005d58       0x28 .\CortexM3\ARM_GCC_493\Debug\freesoc.a(CySpc.o)
                0x00005d58                CySpcGetAlgorithm
 .text.USBUART_DispatchClassRqst
                0x00005d80       0x60 .\CortexM3\ARM_GCC_493\Debug\freesoc.a(USBUART_cls.o)
                0x00005d80                USBUART_DispatchClassRqst
 .text.__fpclassifyf
                0x00005de0       0x34 c:/program files (x86)/cypress/psoc creator/3.3/psoc creator/import/gnu/arm/4.9.3/bin/../lib/gcc/arm-none-eabi/4.9.3/../../../../arm-none-eabi/lib/armv7-m\libm.a(lib_a-sf_fpclassify.o)
                0x00005de0                __fpclassifyf
 .text.pow      0x00005e14      0x2f0 c:/program files (x86)/cypress/psoc creator/3.3/psoc creator/import/gnu/arm/4.9.3/bin/../lib/gcc/arm-none-eabi/4.9.3/../../../../arm-none-eabi/lib/armv7-m\libm.a(lib_a-w_pow.o)
                0x00005e14                pow
 *fill*         0x00006104        0x4 
 .text.__ieee754_pow
                0x00006108      0xaa0 c:/program files (x86)/cypress/psoc creator/3.3/psoc creator/import/gnu/arm/4.9.3/bin/../lib/gcc/arm-none-eabi/4.9.3/../../../../arm-none-eabi/lib/armv7-m\libm.a(lib_a-e_pow.o)
                0x00006108                __ieee754_pow
 .text.__ieee754_sqrt
                0x00006ba8      0x18c c:/program files (x86)/cypress/psoc creator/3.3/psoc creator/import/gnu/arm/4.9.3/bin/../lib/gcc/arm-none-eabi/4.9.3/../../../../arm-none-eabi/lib/armv7-m\libm.a(lib_a-e_sqrt.o)
                0x00006ba8                __ieee754_sqrt
 .text.fabs     0x00006d34        0x8 c:/program files (x86)/cypress/psoc creator/3.3/psoc creator/import/gnu/arm/4.9.3/bin/../lib/gcc/arm-none-eabi/4.9.3/../../../../arm-none-eabi/lib/armv7-m\libm.a(lib_a-s_fabs.o)
                0x00006d34                fabs
 .text.finite   0x00006d3c        0xc c:/program files (x86)/cypress/psoc creator/3.3/psoc creator/import/gnu/arm/4.9.3/bin/../lib/gcc/arm-none-eabi/4.9.3/../../../../arm-none-eabi/lib/armv7-m\libm.a(lib_a-s_finite.o)
                0x00006d3c                finite
 .text.__fpclassifyd
                0x00006d48       0x58 c:/program files (x86)/cypress/psoc creator/3.3/psoc creator/import/gnu/arm/4.9.3/bin/../lib/gcc/arm-none-eabi/4.9.3/../../../../arm-none-eabi/lib/armv7-m\libm.a(lib_a-s_fpclassify.o)
                0x00006d48                __fpclassifyd
 .text.matherr  0x00006da0        0x4 c:/program files (x86)/cypress/psoc creator/3.3/psoc creator/import/gnu/arm/4.9.3/bin/../lib/gcc/arm-none-eabi/4.9.3/../../../../arm-none-eabi/lib/armv7-m\libm.a(lib_a-s_matherr.o)
                0x00006da0                matherr
 .text.nan      0x00006da4        0xc c:/program files (x86)/cypress/psoc creator/3.3/psoc creator/import/gnu/arm/4.9.3/bin/../lib/gcc/arm-none-eabi/4.9.3/../../../../arm-none-eabi/lib/armv7-m\libm.a(lib_a-s_nan.o)
                0x00006da4                nan
 .text.rint     0x00006db0      0x11c c:/program files (x86)/cypress/psoc creator/3.3/psoc creator/import/gnu/arm/4.9.3/bin/../lib/gcc/arm-none-eabi/4.9.3/../../../../arm-none-eabi/lib/armv7-m\libm.a(lib_a-s_rint.o)
                0x00006db0                rint
 *fill*         0x00006ecc        0x4 
 .text.scalbn   0x00006ed0       0xf0 c:/program files (x86)/cypress/psoc creator/3.3/psoc creator/import/gnu/arm/4.9.3/bin/../lib/gcc/arm-none-eabi/4.9.3/../../../../arm-none-eabi/lib/armv7-m\libm.a(lib_a-s_scalbn.o)
                0x00006ed0                scalbn
 .text.copysign
                0x00006fc0       0x10 c:/program files (x86)/cypress/psoc creator/3.3/psoc creator/import/gnu/arm/4.9.3/bin/../lib/gcc/arm-none-eabi/4.9.3/../../../../arm-none-eabi/lib/armv7-m\libm.a(lib_a-s_copysign.o)
                0x00006fc0                copysign
 .text          0x00006fd0      0x370 c:/program files (x86)/cypress/psoc creator/3.3/psoc creator/import/gnu/arm/4.9.3/bin/../lib/gcc/arm-none-eabi/4.9.3/armv7-m\libgcc.a(_arm_addsubdf3.o)
                0x00006fd0                __aeabi_drsub
                0x00006fd8                __aeabi_dsub
                0x00006fd8                __subdf3
                0x00006fdc                __aeabi_dadd
                0x00006fdc                __adddf3
                0x00007254                __floatunsidf
                0x00007254                __aeabi_ui2d
                0x00007274                __floatsidf
                0x00007274                __aeabi_i2d
                0x00007298                __aeabi_f2d
                0x00007298                __extendsfdf2
                0x000072d4                __floatundidf
                0x000072d4                __aeabi_ul2d
                0x000072e4                __floatdidf
                0x000072e4                __aeabi_l2d
 .text          0x00007340      0x424 c:/program files (x86)/cypress/psoc creator/3.3/psoc creator/import/gnu/arm/4.9.3/bin/../lib/gcc/arm-none-eabi/4.9.3/armv7-m\libgcc.a(_arm_muldivdf3.o)
                0x00007340                __aeabi_dmul
                0x00007340                __muldf3
                0x00007594                __divdf3
                0x00007594                __aeabi_ddiv
 .text          0x00007764      0x110 c:/program files (x86)/cypress/psoc creator/3.3/psoc creator/import/gnu/arm/4.9.3/bin/../lib/gcc/arm-none-eabi/4.9.3/armv7-m\libgcc.a(_arm_cmpdf2.o)
                0x00007764                __gtdf2
                0x00007764                __gedf2
                0x0000776c                __ltdf2
                0x0000776c                __ledf2
                0x00007774                __nedf2
                0x00007774                __eqdf2
                0x00007774                __cmpdf2
                0x000077f0                __aeabi_cdrcmple
                0x00007800                __aeabi_cdcmpeq
                0x00007800                __aeabi_cdcmple
                0x00007810                __aeabi_dcmpeq
                0x00007824                __aeabi_dcmplt
                0x00007838                __aeabi_dcmple
                0x0000784c                __aeabi_dcmpge
                0x00007860                __aeabi_dcmpgt
 .text          0x00007874       0x50 c:/program files (x86)/cypress/psoc creator/3.3/psoc creator/import/gnu/arm/4.9.3/bin/../lib/gcc/arm-none-eabi/4.9.3/armv7-m\libgcc.a(_arm_fixdfsi.o)
                0x00007874                __aeabi_d2iz
                0x00007874                __fixdfsi
 .text          0x000078c4       0xa0 c:/program files (x86)/cypress/psoc creator/3.3/psoc creator/import/gnu/arm/4.9.3/bin/../lib/gcc/arm-none-eabi/4.9.3/armv7-m\libgcc.a(_arm_truncdfsf2.o)
                0x000078c4                __truncdfsf2
                0x000078c4                __aeabi_d2f
 .text          0x00007964      0x21c c:/program files (x86)/cypress/psoc creator/3.3/psoc creator/import/gnu/arm/4.9.3/bin/../lib/gcc/arm-none-eabi/4.9.3/armv7-m\libgcc.a(_arm_addsubsf3.o)
                0x00007964                __aeabi_frsub
                0x0000796c                __subsf3
                0x0000796c                __aeabi_fsub
                0x00007970                __aeabi_fadd
                0x00007970                __addsf3
                0x00007ad0                __aeabi_ui2f
                0x00007ad0                __floatunsisf
                0x00007ad8                __aeabi_i2f
                0x00007ad8                __floatsisf
                0x00007af4                __aeabi_ul2f
                0x00007af4                __floatundisf
                0x00007b04                __aeabi_l2f
                0x00007b04                __floatdisf
 .text          0x00007b80      0x2a0 c:/program files (x86)/cypress/psoc creator/3.3/psoc creator/import/gnu/arm/4.9.3/bin/../lib/gcc/arm-none-eabi/4.9.3/armv7-m\libgcc.a(_arm_muldivsf3.o)
                0x00007b80                __mulsf3
                0x00007b80                __aeabi_fmul
                0x00007ce8                __aeabi_fdiv
                0x00007ce8                __divsf3
 .text          0x00007e20       0xec c:/program files (x86)/cypress/psoc creator/3.3/psoc creator/import/gnu/arm/4.9.3/bin/../lib/gcc/arm-none-eabi/4.9.3/armv7-m\libgcc.a(_arm_cmpsf2.o)
                0x00007e20                __gesf2
                0x00007e20                __gtsf2
                0x00007e28                __lesf2
                0x00007e28                __ltsf2
                0x00007e30                __nesf2
                0x00007e30                __eqsf2
                0x00007e30                __cmpsf2
                0x00007e90                __aeabi_cfrcmple
                0x00007e98                __aeabi_cfcmpeq
                0x00007e98                __aeabi_cfcmple
                0x00007ea8                __aeabi_fcmpeq
                0x00007ebc                __aeabi_fcmplt
                0x00007ed0                __aeabi_fcmple
                0x00007ee4                __aeabi_fcmpge
                0x00007ef8                __aeabi_fcmpgt
 .text          0x00007f0c       0x4c c:/program files (x86)/cypress/psoc creator/3.3/psoc creator/import/gnu/arm/4.9.3/bin/../lib/gcc/arm-none-eabi/4.9.3/armv7-m\libgcc.a(_arm_fixsfsi.o)
                0x00007f0c                __aeabi_f2iz
                0x00007f0c                __fixsfsi
 .text.__assert_func
                0x00007f58       0x38 c:/program files (x86)/cypress/psoc creator/3.3/psoc creator/import/gnu/arm/4.9.3/bin/../lib/gcc/arm-none-eabi/4.9.3/../../../../arm-none-eabi/lib/armv7-m\libg_nano.a(lib_a-assert.o)
                0x00007f58                __assert_func
 .text.atof     0x00007f90        0x6 c:/program files (x86)/cypress/psoc creator/3.3/psoc creator/import/gnu/arm/4.9.3/bin/../lib/gcc/arm-none-eabi/4.9.3/../../../../arm-none-eabi/lib/armv7-m\libg_nano.a(lib_a-atof.o)
                0x00007f90                atof
 *fill*         0x00007f96        0x2 
 .text.__errno  0x00007f98        0xc c:/program files (x86)/cypress/psoc creator/3.3/psoc creator/import/gnu/arm/4.9.3/bin/../lib/gcc/arm-none-eabi/4.9.3/../../../../arm-none-eabi/lib/armv7-m\libg_nano.a(lib_a-errno.o)
                0x00007f98                __errno
 .text.fprintf  0x00007fa4       0x24 c:/program files (x86)/cypress/psoc creator/3.3/psoc creator/import/gnu/arm/4.9.3/bin/../lib/gcc/arm-none-eabi/4.9.3/../../../../arm-none-eabi/lib/armv7-m\libg_nano.a(lib_a-fprintf.o)
                0x00007fa4                fiprintf
                0x00007fa4                fprintf
 .text.__libc_init_array
                0x00007fc8       0x4c c:/program files (x86)/cypress/psoc creator/3.3/psoc creator/import/gnu/arm/4.9.3/bin/../lib/gcc/arm-none-eabi/4.9.3/../../../../arm-none-eabi/lib/armv7-m\libg_nano.a(lib_a-init.o)
                0x00007fc8                __libc_init_array
 .text.__itoa   0x00008014       0x2e c:/program files (x86)/cypress/psoc creator/3.3/psoc creator/import/gnu/arm/4.9.3/bin/../lib/gcc/arm-none-eabi/4.9.3/../../../../arm-none-eabi/lib/armv7-m\libg_nano.a(lib_a-itoa.o)
                0x00008014                __itoa
 .text.itoa     0x00008042        0x4 c:/program files (x86)/cypress/psoc creator/3.3/psoc creator/import/gnu/arm/4.9.3/bin/../lib/gcc/arm-none-eabi/4.9.3/../../../../arm-none-eabi/lib/armv7-m\libg_nano.a(lib_a-itoa.o)
                0x00008042                itoa
 .text.memcpy   0x00008046       0x16 c:/program files (x86)/cypress/psoc creator/3.3/psoc creator/import/gnu/arm/4.9.3/bin/../lib/gcc/arm-none-eabi/4.9.3/../../../../arm-none-eabi/lib/armv7-m\libg_nano.a(lib_a-memcpy.o)
                0x00008046                memcpy
 .text.memset   0x0000805c       0x10 c:/program files (x86)/cypress/psoc creator/3.3/psoc creator/import/gnu/arm/4.9.3/bin/../lib/gcc/arm-none-eabi/4.9.3/../../../../arm-none-eabi/lib/armv7-m\libg_nano.a(lib_a-memset.o)
                0x0000805c                memset
 .text.__sfputc_r
                0x0000806c       0x2c c:/program files (x86)/cypress/psoc creator/3.3/psoc creator/import/gnu/arm/4.9.3/bin/../lib/gcc/arm-none-eabi/4.9.3/../../../../arm-none-eabi/lib/armv7-m\libg_nano.a(lib_a-nano-vfprintf.o)
 .text.__sfputs_r
                0x00008098       0x24 c:/program files (x86)/cypress/psoc creator/3.3/psoc creator/import/gnu/arm/4.9.3/bin/../lib/gcc/arm-none-eabi/4.9.3/../../../../arm-none-eabi/lib/armv7-m\libg_nano.a(lib_a-nano-vfprintf.o)
                0x00008098                __sfputs_r
 .text._vfprintf_r
                0x000080bc      0x210 c:/program files (x86)/cypress/psoc creator/3.3/psoc creator/import/gnu/arm/4.9.3/bin/../lib/gcc/arm-none-eabi/4.9.3/../../../../arm-none-eabi/lib/armv7-m\libg_nano.a(lib_a-nano-vfprintf.o)
                0x000080bc                _vfprintf_r
                0x000080bc                _vfiprintf_r
 .text.__cvt    0x000082cc       0xbc c:/program files (x86)/cypress/psoc creator/3.3/psoc creator/import/gnu/arm/4.9.3/bin/../lib/gcc/arm-none-eabi/4.9.3/../../../../arm-none-eabi/lib/armv7-m\libg_nano.a(lib_a-nano-vfprintf_float.o)
                0x000082cc                __cvt
 .text.__exponent
                0x00008388       0x62 c:/program files (x86)/cypress/psoc creator/3.3/psoc creator/import/gnu/arm/4.9.3/bin/../lib/gcc/arm-none-eabi/4.9.3/../../../../arm-none-eabi/lib/armv7-m\libg_nano.a(lib_a-nano-vfprintf_float.o)
                0x00008388                __exponent
 *fill*         0x000083ea        0x2 
 .text._printf_float
                0x000083ec      0x48c c:/program files (x86)/cypress/psoc creator/3.3/psoc creator/import/gnu/arm/4.9.3/bin/../lib/gcc/arm-none-eabi/4.9.3/../../../../arm-none-eabi/lib/armv7-m\libg_nano.a(lib_a-nano-vfprintf_float.o)
                0x000083ec                _printf_float
 .text._printf_common
                0x00008878       0xea c:/program files (x86)/cypress/psoc creator/3.3/psoc creator/import/gnu/arm/4.9.3/bin/../lib/gcc/arm-none-eabi/4.9.3/../../../../arm-none-eabi/lib/armv7-m\libg_nano.a(lib_a-nano-vfprintf_i.o)
                0x00008878                _printf_common
 *fill*         0x00008962        0x2 
 .text._printf_i
                0x00008964      0x240 c:/program files (x86)/cypress/psoc creator/3.3/psoc creator/import/gnu/arm/4.9.3/bin/../lib/gcc/arm-none-eabi/4.9.3/../../../../arm-none-eabi/lib/armv7-m\libg_nano.a(lib_a-nano-vfprintf_i.o)
                0x00008964                _printf_i
 .text.snprintf
                0x00008ba4       0x64 c:/program files (x86)/cypress/psoc creator/3.3/psoc creator/import/gnu/arm/4.9.3/bin/../lib/gcc/arm-none-eabi/4.9.3/../../../../arm-none-eabi/lib/armv7-m\libg_nano.a(lib_a-snprintf.o)
                0x00008ba4                sniprintf
                0x00008ba4                snprintf
 .text.sprintf  0x00008c08       0x48 c:/program files (x86)/cypress/psoc creator/3.3/psoc creator/import/gnu/arm/4.9.3/bin/../lib/gcc/arm-none-eabi/4.9.3/../../../../arm-none-eabi/lib/armv7-m\libg_nano.a(lib_a-sprintf.o)
                0x00008c08                siprintf
                0x00008c08                sprintf
 .text.strlen   0x00008c50       0x10 c:/program files (x86)/cypress/psoc creator/3.3/psoc creator/import/gnu/arm/4.9.3/bin/../lib/gcc/arm-none-eabi/4.9.3/../../../../arm-none-eabi/lib/armv7-m\libg_nano.a(lib_a-strlen.o)
                0x00008c50                strlen
 .text.match    0x00008c60       0x26 c:/program files (x86)/cypress/psoc creator/3.3/psoc creator/import/gnu/arm/4.9.3/bin/../lib/gcc/arm-none-eabi/4.9.3/../../../../arm-none-eabi/lib/armv7-m\libg_nano.a(lib_a-strtod.o)
 .text.sulp     0x00008c86       0x42 c:/program files (x86)/cypress/psoc creator/3.3/psoc creator/import/gnu/arm/4.9.3/bin/../lib/gcc/arm-none-eabi/4.9.3/../../../../arm-none-eabi/lib/armv7-m\libg_nano.a(lib_a-strtod.o)
 .text._strtod_r
                0x00008cc8      0xc40 c:/program files (x86)/cypress/psoc creator/3.3/psoc creator/import/gnu/arm/4.9.3/bin/../lib/gcc/arm-none-eabi/4.9.3/../../../../arm-none-eabi/lib/armv7-m\libg_nano.a(lib_a-strtod.o)
                0x00008cc8                _strtod_r
 .text.strtod   0x00009908       0x14 c:/program files (x86)/cypress/psoc creator/3.3/psoc creator/import/gnu/arm/4.9.3/bin/../lib/gcc/arm-none-eabi/4.9.3/../../../../arm-none-eabi/lib/armv7-m\libg_nano.a(lib_a-strtod.o)
                0x00009908                strtod
 .text.__utoa   0x0000991c       0x78 c:/program files (x86)/cypress/psoc creator/3.3/psoc creator/import/gnu/arm/4.9.3/bin/../lib/gcc/arm-none-eabi/4.9.3/../../../../arm-none-eabi/lib/armv7-m\libg_nano.a(lib_a-utoa.o)
                0x0000991c                __utoa
 .text.__swbuf_r
                0x00009994       0xa8 c:/program files (x86)/cypress/psoc creator/3.3/psoc creator/import/gnu/arm/4.9.3/bin/../lib/gcc/arm-none-eabi/4.9.3/../../../../arm-none-eabi/lib/armv7-m\libg_nano.a(lib_a-wbuf.o)
                0x00009994                __swbuf_r
 .text.__swsetup_r
                0x00009a3c       0xd8 c:/program files (x86)/cypress/psoc creator/3.3/psoc creator/import/gnu/arm/4.9.3/bin/../lib/gcc/arm-none-eabi/4.9.3/../../../../arm-none-eabi/lib/armv7-m\libg_nano.a(lib_a-wsetup.o)
                0x00009a3c                __swsetup_r
 .text.abort    0x00009b14        0xe c:/program files (x86)/cypress/psoc creator/3.3/psoc creator/import/gnu/arm/4.9.3/bin/../lib/gcc/arm-none-eabi/4.9.3/../../../../arm-none-eabi/lib/armv7-m\libg_nano.a(lib_a-abort.o)
                0x00009b14                abort
 .text.quorem   0x00009b22      0x114 c:/program files (x86)/cypress/psoc creator/3.3/psoc creator/import/gnu/arm/4.9.3/bin/../lib/gcc/arm-none-eabi/4.9.3/../../../../arm-none-eabi/lib/armv7-m\libg_nano.a(lib_a-dtoa.o)
 *fill*         0x00009c36        0x2 
 .text._dtoa_r  0x00009c38      0xb78 c:/program files (x86)/cypress/psoc creator/3.3/psoc creator/import/gnu/arm/4.9.3/bin/../lib/gcc/arm-none-eabi/4.9.3/../../../../arm-none-eabi/lib/armv7-m\libg_nano.a(lib_a-dtoa.o)
                0x00009c38                _dtoa_r
 .text.__sflush_r
                0x0000a7b0      0x106 c:/program files (x86)/cypress/psoc creator/3.3/psoc creator/import/gnu/arm/4.9.3/bin/../lib/gcc/arm-none-eabi/4.9.3/../../../../arm-none-eabi/lib/armv7-m\libg_nano.a(lib_a-fflush.o)
                0x0000a7b0                __sflush_r
 *fill*         0x0000a8b6        0x2 
 .text._fflush_r
                0x0000a8b8       0x54 c:/program files (x86)/cypress/psoc creator/3.3/psoc creator/import/gnu/arm/4.9.3/bin/../lib/gcc/arm-none-eabi/4.9.3/../../../../arm-none-eabi/lib/armv7-m\libg_nano.a(lib_a-fflush.o)
                0x0000a8b8                _fflush_r
 .text._cleanup_r
                0x0000a90c        0xc c:/program files (x86)/cypress/psoc creator/3.3/psoc creator/import/gnu/arm/4.9.3/bin/../lib/gcc/arm-none-eabi/4.9.3/../../../../arm-none-eabi/lib/armv7-m\libg_nano.a(lib_a-findfp.o)
                0x0000a90c                _cleanup_r
 .text.std.isra.0
                0x0000a918       0x48 c:/program files (x86)/cypress/psoc creator/3.3/psoc creator/import/gnu/arm/4.9.3/bin/../lib/gcc/arm-none-eabi/4.9.3/../../../../arm-none-eabi/lib/armv7-m\libg_nano.a(lib_a-findfp.o)
 .text.__sfmoreglue
                0x0000a960       0x2c c:/program files (x86)/cypress/psoc creator/3.3/psoc creator/import/gnu/arm/4.9.3/bin/../lib/gcc/arm-none-eabi/4.9.3/../../../../arm-none-eabi/lib/armv7-m\libg_nano.a(lib_a-findfp.o)
                0x0000a960                __sfmoreglue
 .text.__sinit  0x0000a98c       0x60 c:/program files (x86)/cypress/psoc creator/3.3/psoc creator/import/gnu/arm/4.9.3/bin/../lib/gcc/arm-none-eabi/4.9.3/../../../../arm-none-eabi/lib/armv7-m\libg_nano.a(lib_a-findfp.o)
                0x0000a98c                __sinit
 .text.__sfp    0x0000a9ec       0x74 c:/program files (x86)/cypress/psoc creator/3.3/psoc creator/import/gnu/arm/4.9.3/bin/../lib/gcc/arm-none-eabi/4.9.3/../../../../arm-none-eabi/lib/armv7-m\libg_nano.a(lib_a-findfp.o)
                0x0000a9ec                __sfp
 .text._fwalk_reent
                0x0000aa60       0x3c c:/program files (x86)/cypress/psoc creator/3.3/psoc creator/import/gnu/arm/4.9.3/bin/../lib/gcc/arm-none-eabi/4.9.3/../../../../arm-none-eabi/lib/armv7-m\libg_nano.a(lib_a-fwalk.o)
                0x0000aa60                _fwalk_reent
 .text.rshift   0x0000aa9c       0x6c c:/program files (x86)/cypress/psoc creator/3.3/psoc creator/import/gnu/arm/4.9.3/bin/../lib/gcc/arm-none-eabi/4.9.3/../../../../arm-none-eabi/lib/armv7-m\libg_nano.a(lib_a-gdtoa-gethex.o)
 .text.__hexdig_fun
                0x0000ab08       0x2a c:/program files (x86)/cypress/psoc creator/3.3/psoc creator/import/gnu/arm/4.9.3/bin/../lib/gcc/arm-none-eabi/4.9.3/../../../../arm-none-eabi/lib/armv7-m\libg_nano.a(lib_a-gdtoa-gethex.o)
                0x0000ab08                __hexdig_fun
 .text.__gethex
                0x0000ab32      0x44a c:/program files (x86)/cypress/psoc creator/3.3/psoc creator/import/gnu/arm/4.9.3/bin/../lib/gcc/arm-none-eabi/4.9.3/../../../../arm-none-eabi/lib/armv7-m\libg_nano.a(lib_a-gdtoa-gethex.o)
                0x0000ab32                __gethex
 .text.L_shift  0x0000af7c       0x24 c:/program files (x86)/cypress/psoc creator/3.3/psoc creator/import/gnu/arm/4.9.3/bin/../lib/gcc/arm-none-eabi/4.9.3/../../../../arm-none-eabi/lib/armv7-m\libg_nano.a(lib_a-gdtoa-hexnan.o)
 .text.__hexnan
                0x0000afa0      0x114 c:/program files (x86)/cypress/psoc creator/3.3/psoc creator/import/gnu/arm/4.9.3/bin/../lib/gcc/arm-none-eabi/4.9.3/../../../../arm-none-eabi/lib/armv7-m\libg_nano.a(lib_a-gdtoa-hexnan.o)
                0x0000afa0                __hexnan
 .text._localeconv_r
                0x0000b0b4        0x8 c:/program files (x86)/cypress/psoc creator/3.3/psoc creator/import/gnu/arm/4.9.3/bin/../lib/gcc/arm-none-eabi/4.9.3/../../../../arm-none-eabi/lib/armv7-m\libg_nano.a(lib_a-locale.o)
                0x0000b0b4                _localeconv_r
 .text.__smakebuf_r
                0x0000b0bc       0x98 c:/program files (x86)/cypress/psoc creator/3.3/psoc creator/import/gnu/arm/4.9.3/bin/../lib/gcc/arm-none-eabi/4.9.3/../../../../arm-none-eabi/lib/armv7-m\libg_nano.a(lib_a-makebuf.o)
                0x0000b0bc                __smakebuf_r
 .text.malloc   0x0000b154       0x10 c:/program files (x86)/cypress/psoc creator/3.3/psoc creator/import/gnu/arm/4.9.3/bin/../lib/gcc/arm-none-eabi/4.9.3/../../../../arm-none-eabi/lib/armv7-m\libg_nano.a(lib_a-malloc.o)
                0x0000b154                malloc
 .text.memchr   0x0000b164       0x1c c:/program files (x86)/cypress/psoc creator/3.3/psoc creator/import/gnu/arm/4.9.3/bin/../lib/gcc/arm-none-eabi/4.9.3/../../../../arm-none-eabi/lib/armv7-m\libg_nano.a(lib_a-memchr.o)
                0x0000b164                memchr
 .text.memmove  0x0000b180       0x36 c:/program files (x86)/cypress/psoc creator/3.3/psoc creator/import/gnu/arm/4.9.3/bin/../lib/gcc/arm-none-eabi/4.9.3/../../../../arm-none-eabi/lib/armv7-m\libg_nano.a(lib_a-memmove.o)
                0x0000b180                memmove
 .text._Balloc  0x0000b1b6       0x6a c:/program files (x86)/cypress/psoc creator/3.3/psoc creator/import/gnu/arm/4.9.3/bin/../lib/gcc/arm-none-eabi/4.9.3/../../../../arm-none-eabi/lib/armv7-m\libg_nano.a(lib_a-mprec.o)
                0x0000b1b6                _Balloc
 .text._Bfree   0x0000b220       0x2e c:/program files (x86)/cypress/psoc creator/3.3/psoc creator/import/gnu/arm/4.9.3/bin/../lib/gcc/arm-none-eabi/4.9.3/../../../../arm-none-eabi/lib/armv7-m\libg_nano.a(lib_a-mprec.o)
                0x0000b220                _Bfree
 .text.__multadd
                0x0000b24e       0x7c c:/program files (x86)/cypress/psoc creator/3.3/psoc creator/import/gnu/arm/4.9.3/bin/../lib/gcc/arm-none-eabi/4.9.3/../../../../arm-none-eabi/lib/armv7-m\libg_nano.a(lib_a-mprec.o)
                0x0000b24e                __multadd
 .text.__s2b    0x0000b2ca       0x80 c:/program files (x86)/cypress/psoc creator/3.3/psoc creator/import/gnu/arm/4.9.3/bin/../lib/gcc/arm-none-eabi/4.9.3/../../../../arm-none-eabi/lib/armv7-m\libg_nano.a(lib_a-mprec.o)
                0x0000b2ca                __s2b
 .text.__hi0bits
                0x0000b34a       0x40 c:/program files (x86)/cypress/psoc creator/3.3/psoc creator/import/gnu/arm/4.9.3/bin/../lib/gcc/arm-none-eabi/4.9.3/../../../../arm-none-eabi/lib/armv7-m\libg_nano.a(lib_a-mprec.o)
                0x0000b34a                __hi0bits
 .text.__lo0bits
                0x0000b38a       0x5a c:/program files (x86)/cypress/psoc creator/3.3/psoc creator/import/gnu/arm/4.9.3/bin/../lib/gcc/arm-none-eabi/4.9.3/../../../../arm-none-eabi/lib/armv7-m\libg_nano.a(lib_a-mprec.o)
                0x0000b38a                __lo0bits
 .text.__i2b    0x0000b3e4       0x12 c:/program files (x86)/cypress/psoc creator/3.3/psoc creator/import/gnu/arm/4.9.3/bin/../lib/gcc/arm-none-eabi/4.9.3/../../../../arm-none-eabi/lib/armv7-m\libg_nano.a(lib_a-mprec.o)
                0x0000b3e4                __i2b
 .text.__multiply
                0x0000b3f6      0x120 c:/program files (x86)/cypress/psoc creator/3.3/psoc creator/import/gnu/arm/4.9.3/bin/../lib/gcc/arm-none-eabi/4.9.3/../../../../arm-none-eabi/lib/armv7-m\libg_nano.a(lib_a-mprec.o)
                0x0000b3f6                __multiply
 *fill*         0x0000b516        0x2 
 .text.__pow5mult
                0x0000b518       0x9c c:/program files (x86)/cypress/psoc creator/3.3/psoc creator/import/gnu/arm/4.9.3/bin/../lib/gcc/arm-none-eabi/4.9.3/../../../../arm-none-eabi/lib/armv7-m\libg_nano.a(lib_a-mprec.o)
                0x0000b518                __pow5mult
 .text.__lshift
                0x0000b5b4       0xa6 c:/program files (x86)/cypress/psoc creator/3.3/psoc creator/import/gnu/arm/4.9.3/bin/../lib/gcc/arm-none-eabi/4.9.3/../../../../arm-none-eabi/lib/armv7-m\libg_nano.a(lib_a-mprec.o)
                0x0000b5b4                __lshift
 .text.__mcmp   0x0000b65a       0x38 c:/program files (x86)/cypress/psoc creator/3.3/psoc creator/import/gnu/arm/4.9.3/bin/../lib/gcc/arm-none-eabi/4.9.3/../../../../arm-none-eabi/lib/armv7-m\libg_nano.a(lib_a-mprec.o)
                0x0000b65a                __mcmp
 .text.__mdiff  0x0000b692       0xbe c:/program files (x86)/cypress/psoc creator/3.3/psoc creator/import/gnu/arm/4.9.3/bin/../lib/gcc/arm-none-eabi/4.9.3/../../../../arm-none-eabi/lib/armv7-m\libg_nano.a(lib_a-mprec.o)
                0x0000b692                __mdiff
 .text.__ulp    0x0000b750       0x48 c:/program files (x86)/cypress/psoc creator/3.3/psoc creator/import/gnu/arm/4.9.3/bin/../lib/gcc/arm-none-eabi/4.9.3/../../../../arm-none-eabi/lib/armv7-m\libg_nano.a(lib_a-mprec.o)
                0x0000b750                __ulp
 .text.__b2d    0x0000b798       0x9e c:/program files (x86)/cypress/psoc creator/3.3/psoc creator/import/gnu/arm/4.9.3/bin/../lib/gcc/arm-none-eabi/4.9.3/../../../../arm-none-eabi/lib/armv7-m\libg_nano.a(lib_a-mprec.o)
                0x0000b798                __b2d
 .text.__d2b    0x0000b836       0xa4 c:/program files (x86)/cypress/psoc creator/3.3/psoc creator/import/gnu/arm/4.9.3/bin/../lib/gcc/arm-none-eabi/4.9.3/../../../../arm-none-eabi/lib/armv7-m\libg_nano.a(lib_a-mprec.o)
                0x0000b836                __d2b
 .text.__ratio  0x0000b8da       0x50 c:/program files (x86)/cypress/psoc creator/3.3/psoc creator/import/gnu/arm/4.9.3/bin/../lib/gcc/arm-none-eabi/4.9.3/../../../../arm-none-eabi/lib/armv7-m\libg_nano.a(lib_a-mprec.o)
                0x0000b8da                __ratio
 .text.__copybits
                0x0000b92a       0x34 c:/program files (x86)/cypress/psoc creator/3.3/psoc creator/import/gnu/arm/4.9.3/bin/../lib/gcc/arm-none-eabi/4.9.3/../../../../arm-none-eabi/lib/armv7-m\libg_nano.a(lib_a-mprec.o)
                0x0000b92a                __copybits
 .text.__any_on
                0x0000b95e       0x44 c:/program files (x86)/cypress/psoc creator/3.3/psoc creator/import/gnu/arm/4.9.3/bin/../lib/gcc/arm-none-eabi/4.9.3/../../../../arm-none-eabi/lib/armv7-m\libg_nano.a(lib_a-mprec.o)
                0x0000b95e                __any_on
 .text._calloc_r
                0x0000b9a2       0x1c c:/program files (x86)/cypress/psoc creator/3.3/psoc creator/import/gnu/arm/4.9.3/bin/../lib/gcc/arm-none-eabi/4.9.3/../../../../arm-none-eabi/lib/armv7-m\libg_nano.a(lib_a-nano-callocr.o)
                0x0000b9a2                _calloc_r
 *fill*         0x0000b9be        0x2 
 .text._free_r  0x0000b9c0       0x88 c:/program files (x86)/cypress/psoc creator/3.3/psoc creator/import/gnu/arm/4.9.3/bin/../lib/gcc/arm-none-eabi/4.9.3/../../../../arm-none-eabi/lib/armv7-m\libg_nano.a(lib_a-nano-freer.o)
                0x0000b9c0                _free_r
 .text._malloc_r
                0x0000ba48       0xac c:/program files (x86)/cypress/psoc creator/3.3/psoc creator/import/gnu/arm/4.9.3/bin/../lib/gcc/arm-none-eabi/4.9.3/../../../../arm-none-eabi/lib/armv7-m\libg_nano.a(lib_a-nano-mallocr.o)
                0x0000ba48                _malloc_r
 .text._realloc_r
                0x0000baf4       0x4c c:/program files (x86)/cypress/psoc creator/3.3/psoc creator/import/gnu/arm/4.9.3/bin/../lib/gcc/arm-none-eabi/4.9.3/../../../../arm-none-eabi/lib/armv7-m\libg_nano.a(lib_a-nano-reallocr.o)
                0x0000baf4                _realloc_r
 .text.__ssputs_r
                0x0000bb40       0xb2 c:/program files (x86)/cypress/psoc creator/3.3/psoc creator/import/gnu/arm/4.9.3/bin/../lib/gcc/arm-none-eabi/4.9.3/../../../../arm-none-eabi/lib/armv7-m\libg_nano.a(lib_a-nano-svfprintf.o)
                0x0000bb40                __ssputs_r
 *fill*         0x0000bbf2        0x2 
 .text._svfprintf_r
                0x0000bbf4      0x1e4 c:/program files (x86)/cypress/psoc creator/3.3/psoc creator/import/gnu/arm/4.9.3/bin/../lib/gcc/arm-none-eabi/4.9.3/../../../../arm-none-eabi/lib/armv7-m\libg_nano.a(lib_a-nano-svfprintf.o)
                0x0000bbf4                _svfiprintf_r
                0x0000bbf4                _svfprintf_r
 .text._sbrk_r  0x0000bdd8       0x20 c:/program files (x86)/cypress/psoc creator/3.3/psoc creator/import/gnu/arm/4.9.3/bin/../lib/gcc/arm-none-eabi/4.9.3/../../../../arm-none-eabi/lib/armv7-m\libg_nano.a(lib_a-sbrkr.o)
                0x0000bdd8                _sbrk_r
 .text._raise_r
                0x0000bdf8       0x50 c:/program files (x86)/cypress/psoc creator/3.3/psoc creator/import/gnu/arm/4.9.3/bin/../lib/gcc/arm-none-eabi/4.9.3/../../../../arm-none-eabi/lib/armv7-m\libg_nano.a(lib_a-signal.o)
                0x0000bdf8                _raise_r
 .text.raise    0x0000be48       0x10 c:/program files (x86)/cypress/psoc creator/3.3/psoc creator/import/gnu/arm/4.9.3/bin/../lib/gcc/arm-none-eabi/4.9.3/../../../../arm-none-eabi/lib/armv7-m\libg_nano.a(lib_a-signal.o)
                0x0000be48                raise
 .text._kill_r  0x0000be58       0x24 c:/program files (x86)/cypress/psoc creator/3.3/psoc creator/import/gnu/arm/4.9.3/bin/../lib/gcc/arm-none-eabi/4.9.3/../../../../arm-none-eabi/lib/armv7-m\libg_nano.a(lib_a-signalr.o)
                0x0000be58                _kill_r
 .text._getpid_r
                0x0000be7c        0x4 c:/program files (x86)/cypress/psoc creator/3.3/psoc creator/import/gnu/arm/4.9.3/bin/../lib/gcc/arm-none-eabi/4.9.3/../../../../arm-none-eabi/lib/armv7-m\libg_nano.a(lib_a-signalr.o)
                0x0000be7c                _getpid_r
 .text.__sread  0x0000be80       0x22 c:/program files (x86)/cypress/psoc creator/3.3/psoc creator/import/gnu/arm/4.9.3/bin/../lib/gcc/arm-none-eabi/4.9.3/../../../../arm-none-eabi/lib/armv7-m\libg_nano.a(lib_a-stdio.o)
                0x0000be80                __sread
 .text.__swrite