Archive member included because of file (symbol)

.\CortexM3\ARM_GCC_493\Debug\freesoc.a(cyfitter_cfg.o)
                              .\CortexM3\ARM_GCC_493\Debug\infrared.o (Front_AMuxSeq_DisconnectAll)
.\CortexM3\ARM_GCC_493\Debug\freesoc.a(Left_HB25_Enable_Pin.o)
                              .\CortexM3\ARM_GCC_493\Debug\motor.o (Left_HB25_Enable_Pin_Write)
.\CortexM3\ARM_GCC_493\Debug\freesoc.a(Left_HB25_PWM.o)
                              .\CortexM3\ARM_GCC_493\Debug\motor.o (Left_HB25_PWM_Stop)
.\CortexM3\ARM_GCC_493\Debug\freesoc.a(Right_HB25_Enable_Pin.o)
                              .\CortexM3\ARM_GCC_493\Debug\motor.o (Right_HB25_Enable_Pin_Write)
.\CortexM3\ARM_GCC_493\Debug\freesoc.a(Right_HB25_PWM.o)
                              .\CortexM3\ARM_GCC_493\Debug\motor.o (Right_HB25_PWM_Stop)
.\CortexM3\ARM_GCC_493\Debug\freesoc.a(CyBootAsmGnu.o)
                              .\CortexM3\ARM_GCC_493\Debug\freesoc.a(cyfitter_cfg.o) (CyDelayCycles)
.\CortexM3\ARM_GCC_493\Debug\freesoc.a(CyLib.o)
                              .\CortexM3\ARM_GCC_493\Debug\Cm3Start.o (CyHalt)
.\CortexM3\ARM_GCC_493\Debug\freesoc.a(cyPm.o)
                              .\CortexM3\ARM_GCC_493\Debug\freesoc.a(CyLib.o) (CyPmReadStatus)
.\CortexM3\ARM_GCC_493\Debug\freesoc.a(EZI2C_Slave.o)
                              .\CortexM3\ARM_GCC_493\Debug\i2c.o (EZI2C_Slave_Start)
.\CortexM3\ARM_GCC_493\Debug\freesoc.a(EZI2C_Slave_PM.o)
                              .\CortexM3\ARM_GCC_493\Debug\freesoc.a(EZI2C_Slave.o) (EZI2C_Slave_backup)
.\CortexM3\ARM_GCC_493\Debug\freesoc.a(EZI2C_Slave_INT.o)
                              .\CortexM3\ARM_GCC_493\Debug\freesoc.a(EZI2C_Slave.o) (EZI2C_Slave_ISR)
.\CortexM3\ARM_GCC_493\Debug\freesoc.a(Front_Echo_Intr.o)
                              .\CortexM3\ARM_GCC_493\Debug\ultrasonic.o (Front_Echo_Intr_StartEx)
.\CortexM3\ARM_GCC_493\Debug\freesoc.a(Front_Trigger_Reg.o)
                              .\CortexM3\ARM_GCC_493\Debug\ultrasonic.o (Front_Trigger_Reg_Write)
.\CortexM3\ARM_GCC_493\Debug\freesoc.a(Front_Trigger_Select_Reg.o)
                              .\CortexM3\ARM_GCC_493\Debug\ultrasonic.o (Front_Trigger_Select_Reg_Write)
.\CortexM3\ARM_GCC_493\Debug\freesoc.a(Front_Echo_Timer.o)
                              .\CortexM3\ARM_GCC_493\Debug\ultrasonic.o (Front_Echo_Timer_ReadCounter)
.\CortexM3\ARM_GCC_493\Debug\freesoc.a(Rear_Trigger_Reg.o)
                              .\CortexM3\ARM_GCC_493\Debug\ultrasonic.o (Rear_Trigger_Reg_Write)
.\CortexM3\ARM_GCC_493\Debug\freesoc.a(Rear_Trigger_Select_Reg.o)
                              .\CortexM3\ARM_GCC_493\Debug\ultrasonic.o (Rear_Trigger_Select_Reg_Write)
.\CortexM3\ARM_GCC_493\Debug\freesoc.a(Rear_Echo_Intr.o)
                              .\CortexM3\ARM_GCC_493\Debug\ultrasonic.o (Rear_Echo_Intr_StartEx)
.\CortexM3\ARM_GCC_493\Debug\freesoc.a(Rear_Echo_Timer.o)
                              .\CortexM3\ARM_GCC_493\Debug\ultrasonic.o (Rear_Echo_Timer_ReadCounter)
.\CortexM3\ARM_GCC_493\Debug\freesoc.a(Front_ADC_SAR.o)
                              .\CortexM3\ARM_GCC_493\Debug\infrared.o (Front_ADC_SAR_Start)
.\CortexM3\ARM_GCC_493\Debug\freesoc.a(Front_ADC_SAR_INT.o)
                              .\CortexM3\ARM_GCC_493\Debug\freesoc.a(Front_ADC_SAR.o) (Front_ADC_SAR_ISR)
.\CortexM3\ARM_GCC_493\Debug\freesoc.a(Front_AMuxSeq.o)
                              .\CortexM3\ARM_GCC_493\Debug\infrared.o (Front_AMuxSeq_Start)
.\CortexM3\ARM_GCC_493\Debug\freesoc.a(Rear_ADC_SAR.o)
                              .\CortexM3\ARM_GCC_493\Debug\infrared.o (Rear_ADC_SAR_Start)
.\CortexM3\ARM_GCC_493\Debug\freesoc.a(Rear_ADC_SAR_INT.o)
                              .\CortexM3\ARM_GCC_493\Debug\freesoc.a(Rear_ADC_SAR.o) (Rear_ADC_SAR_ISR)
.\CortexM3\ARM_GCC_493\Debug\freesoc.a(Rear_AMuxSeq.o)
                              .\CortexM3\ARM_GCC_493\Debug\infrared.o (Rear_AMuxSeq_Start)
.\CortexM3\ARM_GCC_493\Debug\freesoc.a(Front_ADC_SAR_IRQ.o)
                              .\CortexM3\ARM_GCC_493\Debug\infrared.o (Front_ADC_SAR_IRQ_StartEx)
.\CortexM3\ARM_GCC_493\Debug\freesoc.a(Front_ADC_SAR_theACLK.o)
                              .\CortexM3\ARM_GCC_493\Debug\freesoc.a(Front_ADC_SAR.o) (Front_ADC_SAR_theACLK_SetModeRegister)
.\CortexM3\ARM_GCC_493\Debug\freesoc.a(Rear_ADC_SAR_IRQ.o)
                              .\CortexM3\ARM_GCC_493\Debug\infrared.o (Rear_ADC_SAR_IRQ_StartEx)
.\CortexM3\ARM_GCC_493\Debug\freesoc.a(Rear_ADC_SAR_theACLK.o)
                              .\CortexM3\ARM_GCC_493\Debug\freesoc.a(Rear_ADC_SAR.o) (Rear_ADC_SAR_theACLK_SetModeRegister)
.\CortexM3\ARM_GCC_493\Debug\freesoc.a(Rear_EOS_Intr.o)
                              .\CortexM3\ARM_GCC_493\Debug\infrared.o (Rear_EOS_Intr_StartEx)
.\CortexM3\ARM_GCC_493\Debug\freesoc.a(Front_EOS_Intr.o)
                              .\CortexM3\ARM_GCC_493\Debug\infrared.o (Front_EOS_Intr_StartEx)
[...]
Memory Configuration

Name             Origin             Length             Attributes
rom              0x00000000         0x00040000         xr
ram              0x1fff8000         0x00010000         xrw
*default*        0x00000000         0xffffffff

Linker script and memory map

LOAD c:/program files (x86)/cypress/psoc creator/3.3/psoc creator/import/gnu/arm/4.9.3/bin/../lib/gcc/arm-none-eabi/4.9.3/armv7-m/crti.o
LOAD c:/program files (x86)/cypress/psoc creator/3.3/psoc creator/import/gnu/arm/4.9.3/bin/../lib/gcc/arm-none-eabi/4.9.3/armv7-m/crtbegin.o
LOAD c:/program files (x86)/cypress/psoc creator/3.3/psoc creator/import/gnu/arm/4.9.3/bin/../lib/gcc/arm-none-eabi/4.9.3/../../../../arm-none-eabi/lib/armv7-m/crt0.o
START GROUP
LOAD .\CortexM3\ARM_GCC_493\Debug\main.o
LOAD .\CortexM3\ARM_GCC_493\Debug\cal.o
LOAD .\CortexM3\ARM_GCC_493\Debug\control.o
LOAD .\CortexM3\ARM_GCC_493\Debug\debug.o
LOAD .\CortexM3\ARM_GCC_493\Debug\diag.o
LOAD .\CortexM3\ARM_GCC_493\Debug\encoder.o
LOAD .\CortexM3\ARM_GCC_493\Debug\i2c.o
LOAD .\CortexM3\ARM_GCC_493\Debug\motor.o
LOAD .\CortexM3\ARM_GCC_493\Debug\odom.o
LOAD .\CortexM3\ARM_GCC_493\Debug\pid.o
LOAD .\CortexM3\ARM_GCC_493\Debug\time.o
LOAD .\CortexM3\ARM_GCC_493\Debug\ultrasonic.o
LOAD .\CortexM3\ARM_GCC_493\Debug\utils.o
LOAD .\CortexM3\ARM_GCC_493\Debug\infrared.o
LOAD .\CortexM3\ARM_GCC_493\Debug\pid_controller.o
LOAD .\CortexM3\ARM_GCC_493\Debug\serial.o
LOAD .\CortexM3\ARM_GCC_493\Debug\cymetadata.o
LOAD .\CortexM3\ARM_GCC_493\Debug\Cm3Start.o
LOAD .\CortexM3\ARM_GCC_493\Debug\freesoc.a
LOAD C:\Program Files (x86)\Cypress\PSoC Creator\3.3\PSoC Creator\psoc\content\cycomponentlibrary\CyComponentLibrary.cylib\CortexM3\ARM_GCC_493\Debug\CyComponentLibrary.a
LOAD c:/program files (x86)/cypress/psoc creator/3.3/psoc creator/import/gnu/arm/4.9.3/bin/../lib/gcc/arm-none-eabi/4.9.3/../../../../arm-none-eabi/lib/armv7-m\libm.a
END GROUP
START GROUP
LOAD c:/program files (x86)/cypress/psoc creator/3.3/psoc creator/import/gnu/arm/4.9.3/bin/../lib/gcc/arm-none-eabi/4.9.3/armv7-m\libgcc.a
LOAD c:/program files (x86)/cypress/psoc creator/3.3/psoc creator/import/gnu/arm/4.9.3/bin/../lib/gcc/arm-none-eabi/4.9.3/../../../../arm-none-eabi/lib/armv7-m\libg_nano.a
LOAD c:/program files (x86)/cypress/psoc creator/3.3/psoc creator/import/gnu/arm/4.9.3/bin/../lib/gcc/arm-none-eabi/4.9.3/../../../../arm-none-eabi/lib/armv7-m\libc_nano.a
END GROUP
START GROUP
LOAD c:/program files (x86)/cypress/psoc creator/3.3/psoc creator/import/gnu/arm/4.9.3/bin/../lib/gcc/arm-none-eabi/4.9.3/armv7-m\libgcc.a
LOAD c:/program files (x86)/cypress/psoc creator/3.3/psoc creator/import/gnu/arm/4.9.3/bin/../lib/gcc/arm-none-eabi/4.9.3/../../../../arm-none-eabi/lib/armv7-m\libc_nano.a
END GROUP
LOAD c:/program files (x86)/cypress/psoc creator/3.3/psoc creator/import/gnu/arm/4.9.3/bin/../lib/gcc/arm-none-eabi/4.9.3/armv7-m/crtend.o
LOAD c:/program files (x86)/cypress/psoc creator/3.3/psoc creator/import/gnu/arm/4.9.3/bin/../lib/gcc/arm-none-eabi/4.9.3/armv7-m/crtn.o
START GROUP
LOAD c:/program files (x86)/cypress/psoc creator/3.3/psoc creator/import/gnu/arm/4.9.3/bin/../lib/gcc/arm-none-eabi/4.9.3/armv7-m\libgcc.a
LOAD c:/program files (x86)/cypress/psoc creator/3.3/psoc creator/import/gnu/arm/4.9.3/bin/../lib/gcc/arm-none-eabi/4.9.3/../../../../arm-none-eabi/lib/armv7-m\libc.a
LOAD c:/program files (x86)/cypress/psoc creator/3.3/psoc creator/import/gnu/arm/4.9.3/bin/../lib/gcc/arm-none-eabi/4.9.3/../../../../arm-none-eabi/lib/armv7-m\libnosys.a
END GROUP
                0x00000000                CY_APPL_ORIGIN = 0x0
                0x00000100                CY_FLASH_ROW_SIZE = 0x100
                0x00000020                CY_ECC_ROW_SIZE = 0x20
                0x00000000                CY_EE_IN_BTLDR = 0x0
                0x00000000                CY_APPL_LOADABLE = 0x0
                0x00000800                CY_EE_SIZE = 0x800
                0x00000001                CY_APPL_NUM = 0x1
                0x00000001                CY_APPL_MAX = 0x1
                0x00000040                CY_METADATA_SIZE = 0x40
                0x00000000                CY_APPL_LOADABLE = 0x0
                0x00000000                CY_CHECKSUM_EXCLUDE_SIZE = ALIGN (0x0, CY_FLASH_ROW_SIZE)
                0x1ffff2b8                PROVIDE (__cy_heap_start, _end)
                0x00000001                PROVIDE (__cy_region_num, ((__cy_regions_end - __cy_regions) / 0x10))
                0x20008000                PROVIDE (__cy_stack, (ORIGIN (ram) + 0x10000))
                0x20007800                PROVIDE (__cy_heap_end, (__cy_stack - 0x800))

.cybootloader   0x00000000        0x0
 *(.cybootloader)
                0x00000000                appl1_start = CY_APPL_ORIGIN?CY_APPL_ORIGIN:ALIGN (CY_FLASH_ROW_SIZE)
                0x0001ff00                appl2_start = (appl1_start + ALIGN ((((0x40000 - appl1_start) - (0x2 * CY_FLASH_ROW_SIZE)) / 0x2), CY_FLASH_ROW_SIZE))
                0x00000000                appl_start = (CY_APPL_NUM == 0x1)?appl1_start:appl2_start
                0x00000000                ecc_offset = ((appl_start / CY_FLASH_ROW_SIZE) * CY_ECC_ROW_SIZE)
                0x00000000                ee_offset = (CY_APPL_LOADABLE && ! (CY_EE_IN_BTLDR))?((CY_EE_SIZE / CY_APPL_MAX) * (CY_APPL_NUM - 0x1)):0x0
                0x00000800                ee_size = (CY_APPL_LOADABLE && ! (CY_EE_IN_BTLDR))?(CY_EE_SIZE / CY_APPL_MAX):CY_EE_SIZE
                0x00000000                PROVIDE (CY_ECC_OFFSET, ecc_offset)

.text           0x00000000     0xa626
 CREATE_OBJECT_SYMBOLS
                0x00000000                PROVIDE (__cy_interrupt_vector, RomVectors)
 *(.romvectors)
 .romvectors    0x00000000       0x10 .\CortexM3\ARM_GCC_493\Debug\Cm3Start.o
                0x00000000                RomVectors
                0x00000001                ASSERT ((. != __cy_interrupt_vector), No interrupt vector)
                0x00000001                ASSERT (CY_APPL_ORIGIN?(SIZEOF (.cybootloader) <= CY_APPL_ORIGIN):0x1, Wrong image location)
                0x00000010                PROVIDE (__cy_reset, Reset)
 *(.text.Reset)
 .text.Reset    0x00000010       0x18 .\CortexM3\ARM_GCC_493\Debug\Cm3Start.o
                0x00000010                Reset
                0x00000001                ASSERT ((. != __cy_reset), No reset code)
 *(.dma_init)
                0x00000001                ASSERT ((((appl_start + .) <= 0x10000) || 0x1), DMA Init must be within the first 64k of flash)
 *(.text .text.* .gnu.linkonce.t.*)
 .text          0x00000028       0x5c c:/program files (x86)/cypress/psoc creator/3.3/psoc creator/import/gnu/arm/4.9.3/bin/../lib/gcc/arm-none-eabi/4.9.3/armv7-m/crtbegin.o
 .text.main     0x00000084      0x118 .\CortexM3\ARM_GCC_493\Debug\main.o
                0x00000084                main
 .text.CalculatePwmSamples
                0x0000019c       0x64 .\CortexM3\ARM_GCC_493\Debug\cal.o
 .text.AddSamplesToSum
                0x00000200       0x24 .\CortexM3\ARM_GCC_493\Debug\cal.o
 .text.CalculateAvgCpsSamples
                0x00000224       0x20 .\CortexM3\ARM_GCC_493\Debug\cal.o
 .text.CalculateMinMaxCpsSample
                0x00000244       0x38 .\CortexM3\ARM_GCC_493\Debug\cal.o
 .text.StartCalibration
                0x0000027c       0x24 .\CortexM3\ARM_GCC_493\Debug\cal.o
 .text.EndCalibration
                0x000002a0       0x30 .\CortexM3\ARM_GCC_493\Debug\cal.o
 .text.CalibrateWheelSpeed
                0x000002d0       0x5c .\CortexM3\ARM_GCC_493\Debug\cal.o
 .text.StoreWheelSpeed
                0x0000032c       0xb4 .\CortexM3\ARM_GCC_493\Debug\cal.o
 .text.Cal_Init
                0x000003e0       0x14 .\CortexM3\ARM_GCC_493\Debug\cal.o
                0x000003e0                Cal_Init
 .text.Cal_Start
                0x000003f4       0x2c .\CortexM3\ARM_GCC_493\Debug\cal.o
                0x000003f4                Cal_Start
 .text.Cal_Update
                0x00000420       0xa8 .\CortexM3\ARM_GCC_493\Debug\cal.o
                0x00000420                Cal_Update
 .text.Cal_LeftGetCalData
                0x000004c8       0x10 .\CortexM3\ARM_GCC_493\Debug\cal.o
                0x000004c8                Cal_LeftGetCalData
 .text.Cal_RightGetCalData
                0x000004d8       0x14 .\CortexM3\ARM_GCC_493\Debug\cal.o
                0x000004d8                Cal_RightGetCalData
 .text.Cal_Validate
                0x000004ec        0x4 .\CortexM3\ARM_GCC_493\Debug\cal.o
                0x000004ec                Cal_Validate
 .text.CalculateLeftRightSpeed
                0x000004f0       0x70 .\CortexM3\ARM_GCC_493\Debug\control.o
 .text.Control_Init
                0x00000560        0x4 .\CortexM3\ARM_GCC_493\Debug\control.o
                0x00000560                Control_Init
 .text.Control_Start
                0x00000564        0x4 .\CortexM3\ARM_GCC_493\Debug\control.o
                0x00000564                Control_Start
 .text.Control_Update
                0x00000568       0x3c .\CortexM3\ARM_GCC_493\Debug\control.o
                0x00000568                Control_Update
 .text.Control_LeftGetCmdVelocity
                0x000005a4        0xc .\CortexM3\ARM_GCC_493\Debug\control.o
                0x000005a4                Control_LeftGetCmdVelocity
 .text.Control_RightGetCmdVelocity
                0x000005b0        0xc .\CortexM3\ARM_GCC_493\Debug\control.o
                0x000005b0                Control_RightGetCmdVelocity
 .text.Debug_Init
                0x000005bc       0x14 .\CortexM3\ARM_GCC_493\Debug\debug.o
                0x000005bc                Debug_Init
 .text.Debug_Start
                0x000005d0        0x4 .\CortexM3\ARM_GCC_493\Debug\debug.o
                0x000005d0                Debug_Start
 .text.Diag_Init
                0x000005d4       0x18 .\CortexM3\ARM_GCC_493\Debug\diag.o
                0x000005d4                Diag_Init
 .text.Diag_Start
                0x000005ec        0x4 .\CortexM3\ARM_GCC_493\Debug\diag.o
                0x000005ec                Diag_Start
 .text.Diag_Update
                0x000005f0       0x38 .\CortexM3\ARM_GCC_493\Debug\diag.o
                0x000005f0                Diag_Update
 .text.Encoder_Sample
                0x00000628       0x70 .\CortexM3\ARM_GCC_493\Debug\encoder.o
 .text.Encoder_Init
                0x00000698       0x48 .\CortexM3\ARM_GCC_493\Debug\encoder.o
                0x00000698                Encoder_Init
 .text.Encoder_Start
                0x000006e0       0x20 .\CortexM3\ARM_GCC_493\Debug\encoder.o
                0x000006e0                Encoder_Start
 .text.Encoder_Update
                0x00000700       0x58 .\CortexM3\ARM_GCC_493\Debug\encoder.o
                0x00000700                Encoder_Update
 .text.Encoder_LeftGetCntsPerSec
                0x00000758        0xc .\CortexM3\ARM_GCC_493\Debug\encoder.o
                0x00000758                Encoder_LeftGetCntsPerSec
 .text.Encoder_RightGetCntsPerSec
                0x00000764        0xc .\CortexM3\ARM_GCC_493\Debug\encoder.o
                0x00000764                Encoder_RightGetCntsPerSec
 .text.Encoder_LeftGetMeterPerSec
                0x00000770        0xc .\CortexM3\ARM_GCC_493\Debug\encoder.o
                0x00000770                Encoder_LeftGetMeterPerSec
 .text.Encoder_RightGetMeterPerSec
                0x0000077c        0xc .\CortexM3\ARM_GCC_493\Debug\encoder.o
                0x0000077c                Encoder_RightGetMeterPerSec
 .text.Encoder_Reset
                0x00000788       0x3c .\CortexM3\ARM_GCC_493\Debug\encoder.o
                0x00000788                Encoder_Reset
 .text.I2c_Init
                0x000007c4       0x1c .\CortexM3\ARM_GCC_493\Debug\i2c.o
                0x000007c4                I2c_Init
 .text.I2c_Start
                0x000007e0       0x18 .\CortexM3\ARM_GCC_493\Debug\i2c.o
                0x000007e0                I2c_Start
 .text.I2c_ReadControl
                0x000007f8       0x2c .\CortexM3\ARM_GCC_493\Debug\i2c.o
                0x000007f8                I2c_ReadControl
 *fill*         0x00000824        0x4 
 .text.I2c_ReadCmdVelocity
                0x00000828       0xf8 .\CortexM3\ARM_GCC_493\Debug\i2c.o
                0x00000828                I2c_ReadCmdVelocity
 .text.I2c_SetStatusBit
                0x00000920       0x38 .\CortexM3\ARM_GCC_493\Debug\i2c.o
                0x00000920                I2c_SetStatusBit
 .text.I2c_ClearStatusBit
                0x00000958       0x3c .\CortexM3\ARM_GCC_493\Debug\i2c.o
                0x00000958                I2c_ClearStatusBit
 .text.I2c_WriteOdom
                0x00000994       0x48 .\CortexM3\ARM_GCC_493\Debug\i2c.o
                0x00000994                I2c_WriteOdom
 .text.I2c_WriteFrontUltrasonicDistance
                0x000009dc       0x34 .\CortexM3\ARM_GCC_493\Debug\i2c.o
                0x000009dc                I2c_WriteFrontUltrasonicDistance
 .text.I2c_WriteRearUltrasonicDistance
                0x00000a10       0x34 .\CortexM3\ARM_GCC_493\Debug\i2c.o
                0x00000a10                I2c_WriteRearUltrasonicDistance
 .text.I2c_WriteFrontInfraredDistance
                0x00000a44       0x34 .\CortexM3\ARM_GCC_493\Debug\i2c.o
                0x00000a44                I2c_WriteFrontInfraredDistance
 .text.I2c_WriteRearInfraredDistance
                0x00000a78       0x34 .\CortexM3\ARM_GCC_493\Debug\i2c.o
                0x00000a78                I2c_WriteRearInfraredDistance
 .text.I2c_UpdateHeartbeat
                0x00000aac       0x2c .\CortexM3\ARM_GCC_493\Debug\i2c.o
                0x00000aac                I2c_UpdateHeartbeat
 .text.Interpolate
                0x00000ad8       0x3c .\CortexM3\ARM_GCC_493\Debug\motor.o
 .text.calculate_pwm
                0x00000b14       0x74 .\CortexM3\ARM_GCC_493\Debug\motor.o
 .text.calc_motor_output_from_cps
                0x00000b88       0xa8 .\CortexM3\ARM_GCC_493\Debug\motor.o
 .text.RampSpeed
                0x00000c30       0x44 .\CortexM3\ARM_GCC_493\Debug\motor.o
 .text.CollectCpsPwmSamples
                0x00000c74       0x58 .\CortexM3\ARM_GCC_493\Debug\motor.o
 .text.PrintFormatDataInt32
                0x00000ccc       0x8c .\CortexM3\ARM_GCC_493\Debug\motor.o
 .text.PrintFormatDataUint16
                0x00000d58       0x8c .\CortexM3\ARM_GCC_493\Debug\motor.o
 .text.DumpMotorCal
                0x00000de4       0x4c .\CortexM3\ARM_GCC_493\Debug\motor.o
 .text.Motor_Init
                0x00000e30       0x18 .\CortexM3\ARM_GCC_493\Debug\motor.o
                0x00000e30                Motor_Init
 .text.Motor_Start
                0x00000e48       0x48 .\CortexM3\ARM_GCC_493\Debug\motor.o
                0x00000e48                Motor_Start
 .text.Motor_LeftSetCntsPerSec
                0x00000e90       0x18 .\CortexM3\ARM_GCC_493\Debug\motor.o
                0x00000e90                Motor_LeftSetCntsPerSec
 .text.Motor_RightSetCntsPerSec
                0x00000ea8       0x18 .\CortexM3\ARM_GCC_493\Debug\motor.o
                0x00000ea8                Motor_RightSetCntsPerSec
 .text.Motor_LeftGetPwm
                0x00000ec0        0xc .\CortexM3\ARM_GCC_493\Debug\motor.o
                0x00000ec0                Motor_LeftGetPwm
 .text.Motor_RightGetPwm
                0x00000ecc        0xc .\CortexM3\ARM_GCC_493\Debug\motor.o
                0x00000ecc                Motor_RightGetPwm
 .text.Motor_Stop
                0x00000ed8       0x20 .\CortexM3\ARM_GCC_493\Debug\motor.o
                0x00000ed8                Motor_Stop
 .text.Motor_CollectPwmCpsSamples
                0x00000ef8       0xb4 .\CortexM3\ARM_GCC_493\Debug\motor.o
                0x00000ef8                Motor_CollectPwmCpsSamples
 .text.Motor_LeftSetCalibration
                0x00000fac       0x1c .\CortexM3\ARM_GCC_493\Debug\motor.o
                0x00000fac                Motor_LeftSetCalibration
 .text.Motor_RightSetCalibration
                0x00000fc8       0x1c .\CortexM3\ARM_GCC_493\Debug\motor.o
                0x00000fc8                Motor_RightSetCalibration
 .text.DumpOdom
                0x00000fe4       0x78 .\CortexM3\ARM_GCC_493\Debug\odom.o
 .text.Odom_Init
                0x0000105c       0x14 .\CortexM3\ARM_GCC_493\Debug\odom.o
                0x0000105c                Odom_Init
 .text.Odom_Start
                0x00001070        0x4 .\CortexM3\ARM_GCC_493\Debug\odom.o
                0x00001070                Odom_Start
 *fill*         0x00001074        0x4 
 .text.calc_odom
                0x00001078      0x250 .\CortexM3\ARM_GCC_493\Debug\odom.o
                0x00001078                calc_odom
 .text.Odom_Update
                0x000012c8       0x60 .\CortexM3\ARM_GCC_493\Debug\odom.o
                0x000012c8                Odom_Update
 .text.Odom_Reset
                0x00001328       0x28 .\CortexM3\ARM_GCC_493\Debug\odom.o
                0x00001328                Odom_Reset
 .text.ProcessPid
                0x00001350       0xb0 .\CortexM3\ARM_GCC_493\Debug\pid.o
 .text.Pid_Init
                0x00001400       0x84 .\CortexM3\ARM_GCC_493\Debug\pid.o
                0x00001400                Pid_Init
 .text.Pid_Start
                0x00001484        0x4 .\CortexM3\ARM_GCC_493\Debug\pid.o
                0x00001484                Pid_Start
 .text.Pid_Update
                0x00001488       0x50 .\CortexM3\ARM_GCC_493\Debug\pid.o
                0x00001488                Pid_Update
 .text.SysTickIsrHandler
                0x000014d8       0x10 .\CortexM3\ARM_GCC_493\Debug\time.o
 .text.Time_Init
                0x000014e8        0xc .\CortexM3\ARM_GCC_493\Debug\time.o
                0x000014e8                Time_Init
 .text.Time_Start
                0x000014f4       0x2c .\CortexM3\ARM_GCC_493\Debug\time.o
                0x000014f4                Time_Start
 .text.millis   0x00001520        0xc .\CortexM3\ARM_GCC_493\Debug\time.o
                0x00001520                millis
 .text.Front_Trigger_Next
                0x0000152c       0x34 .\CortexM3\ARM_GCC_493\Debug\ultrasonic.o
 .text.Front_Echo_Interrupt
                0x00001560       0x4c .\CortexM3\ARM_GCC_493\Debug\ultrasonic.o
 .text.Rear_Trigger_Next
                0x000015ac       0x34 .\CortexM3\ARM_GCC_493\Debug\ultrasonic.o
 .text.Rear_Echo_Interrupt
                0x000015e0       0x4c .\CortexM3\ARM_GCC_493\Debug\ultrasonic.o
 .text.Ultrasonic_Init
                0x0000162c        0x4 .\CortexM3\ARM_GCC_493\Debug\ultrasonic.o
                0x0000162c                Ultrasonic_Init
 .text.Ultrasonic_Start
                0x00001630       0x28 .\CortexM3\ARM_GCC_493\Debug\ultrasonic.o
                0x00001630                Ultrasonic_Start
 .text.insert_zeros
                0x00001658       0x30 .\CortexM3\ARM_GCC_493\Debug\utils.o
 .text.MovingAverageFloat
                0x00001688       0x2c .\CortexM3\ARM_GCC_493\Debug\utils.o
                0x00001688                MovingAverageFloat
 .text.ftoa     0x000016b4       0xa4 .\CortexM3\ARM_GCC_493\Debug\utils.o
                0x000016b4                ftoa
 .text.BinaryRangeSearch
                0x00001758       0x50 .\CortexM3\ARM_GCC_493\Debug\utils.o
                0x00001758                BinaryRangeSearch
 .text.Rear_EOS_Interrupt
                0x000017a8       0x1c .\CortexM3\ARM_GCC_493\Debug\infrared.o
 .text.Front_EOS_Interrupt
                0x000017c4       0x1c .\CortexM3\ARM_GCC_493\Debug\infrared.o
 .text.Rear_EOC_Interrupt
                0x000017e0       0x90 .\CortexM3\ARM_GCC_493\Debug\infrared.o
 .text.Front_EOC_Interrupt
                0x00001870       0x90 .\CortexM3\ARM_GCC_493\Debug\infrared.o
 .text.Infrared_Init
                0x00001900        0xc .\CortexM3\ARM_GCC_493\Debug\infrared.o
                0x00001900                Infrared_Init
 .text.Infrared_Start
                0x0000190c       0x4c .\CortexM3\ARM_GCC_493\Debug\infrared.o
                0x0000190c                Infrared_Start
 .text.PIDCompute
                0x00001958       0xa4 .\CortexM3\ARM_GCC_493\Debug\pid_controller.o
                0x00001958                PIDCompute
 .text.PIDOutputLimitsSet
                0x000019fc       0x5c .\CortexM3\ARM_GCC_493\Debug\pid_controller.o
                0x000019fc                PIDOutputLimitsSet
 .text.PIDTuningsSet
                0x00001a58       0x6c .\CortexM3\ARM_GCC_493\Debug\pid_controller.o
                0x00001a58                PIDTuningsSet
 .text.PIDInit  0x00001ac4       0x54 .\CortexM3\ARM_GCC_493\Debug\pid_controller.o
                0x00001ac4                PIDInit
 .text.PIDSetpointSet
                0x00001b18        0x4 .\CortexM3\ARM_GCC_493\Debug\pid_controller.o
                0x00001b18                PIDSetpointSet
 .text.PIDInputSet
                0x00001b1c        0x4 .\CortexM3\ARM_GCC_493\Debug\pid_controller.o
                0x00001b1c                PIDInputSet
 .text.Ser_Init
                0x00001b20       0x24 .\CortexM3\ARM_GCC_493\Debug\serial.o
                0x00001b20                Ser_Init
 .text.Ser_Start
                0x00001b44       0x2c .\CortexM3\ARM_GCC_493\Debug\serial.o
                0x00001b44                Ser_Start
 .text.Ser_PutString
                0x00001b70       0x18 .\CortexM3\ARM_GCC_493\Debug\serial.o
                0x00001b70                Ser_PutString
 .text.IntDefaultHandler
                0x00001b88        0x4 .\CortexM3\ARM_GCC_493\Debug\Cm3Start.o
                0x00001b88                IntDefaultHandler
 .text._sbrk    0x00001b8c       0x30 .\CortexM3\ARM_GCC_493\Debug\Cm3Start.o
                0x00001b8c                _sbrk
 .text.Start_c  0x00001bbc       0x4c .\CortexM3\ARM_GCC_493\Debug\Cm3Start.o
                0x00001bbc                Start_c
 .text.initialize_psoc
                0x00001c08       0x74 .\CortexM3\ARM_GCC_493\Debug\Cm3Start.o
                0x00001c08                initialize_psoc
 .text.cfg_write_bytes32
                0x00001c7c       0x34 .\CortexM3\ARM_GCC_493\Debug\freesoc.a(cyfitter_cfg.o)
 .text.CYMEMZERO
                0x00001cb0        0xc .\CortexM3\ARM_GCC_493\Debug\freesoc.a(cyfitter_cfg.o)
 .text.ClockSetup
                0x00001cbc       0xe4 .\CortexM3\ARM_GCC_493\Debug\freesoc.a(cyfitter_cfg.o)
 .text.AnalogSetDefault
                0x00001da0       0x80 .\CortexM3\ARM_GCC_493\Debug\freesoc.a(cyfitter_cfg.o)
 .text.CYCONFIGCPY
                0x00001e20        0x8 .\CortexM3\ARM_GCC_493\Debug\freesoc.a(cyfitter_cfg.o)
 .text.Front_AMuxSeq_DisconnectAll
                0x00001e28       0x18 .\CortexM3\ARM_GCC_493\Debug\freesoc.a(cyfitter_cfg.o)
                0x00001e28                Front_AMuxSeq_DisconnectAll
 .text.Front_AMuxSeq_Next
                0x00001e40       0x6c .\CortexM3\ARM_GCC_493\Debug\freesoc.a(cyfitter_cfg.o)
                0x00001e40                Front_AMuxSeq_Next
 .text.Rear_AMuxSeq_DisconnectAll
                0x00001eac       0x18 .\CortexM3\ARM_GCC_493\Debug\freesoc.a(cyfitter_cfg.o)
                0x00001eac                Rear_AMuxSeq_DisconnectAll
 .text.Rear_AMuxSeq_Next
                0x00001ec4       0x6c .\CortexM3\ARM_GCC_493\Debug\freesoc.a(cyfitter_cfg.o)
                0x00001ec4                Rear_AMuxSeq_Next
 .text.cyfitter_cfg
                0x00001f30      0x188 .\CortexM3\ARM_GCC_493\Debug\freesoc.a(cyfitter_cfg.o)
                0x00001f30                cyfitter_cfg
 .text.Left_HB25_Enable_Pin_Write
                0x000020b8       0x18 .\CortexM3\ARM_GCC_493\Debug\freesoc.a(Left_HB25_Enable_Pin.o)
                0x000020b8                Left_HB25_Enable_Pin_Write
 .text.Left_HB25_PWM_Stop
                0x000020d0        0x4 .\CortexM3\ARM_GCC_493\Debug\freesoc.a(Left_HB25_PWM.o)
                0x000020d0                Left_HB25_PWM_Stop
 .text.Left_HB25_PWM_WriteCounter
                0x000020d4        0xc .\CortexM3\ARM_GCC_493\Debug\freesoc.a(Left_HB25_PWM.o)
                0x000020d4                Left_HB25_PWM_WriteCounter
 .text.Left_HB25_PWM_WritePeriod
                0x000020e0        0xc .\CortexM3\ARM_GCC_493\Debug\freesoc.a(Left_HB25_PWM.o)
                0x000020e0                Left_HB25_PWM_WritePeriod
 .text.Left_HB25_PWM_WriteCompare
                0x000020ec        0xc .\CortexM3\ARM_GCC_493\Debug\freesoc.a(Left_HB25_PWM.o)
                0x000020ec                Left_HB25_PWM_WriteCompare
 .text.Left_HB25_PWM_Init
                0x000020f8       0x34 .\CortexM3\ARM_GCC_493\Debug\freesoc.a(Left_HB25_PWM.o)
                0x000020f8                Left_HB25_PWM_Init
 .text.Left_HB25_PWM_Start
                0x0000212c       0x18 .\CortexM3\ARM_GCC_493\Debug\freesoc.a(Left_HB25_PWM.o)
                0x0000212c                Left_HB25_PWM_Start
 .text.Right_HB25_Enable_Pin_Write
                0x00002144       0x18 .\CortexM3\ARM_GCC_493\Debug\freesoc.a(Right_HB25_Enable_Pin.o)
                0x00002144                Right_HB25_Enable_Pin_Write
 .text.Right_HB25_PWM_Stop
                0x0000215c        0x4 .\CortexM3\ARM_GCC_493\Debug\freesoc.a(Right_HB25_PWM.o)
                0x0000215c                Right_HB25_PWM_Stop
 .text.Right_HB25_PWM_WriteCounter
                0x00002160        0xc .\CortexM3\ARM_GCC_493\Debug\freesoc.a(Right_HB25_PWM.o)
                0x00002160                Right_HB25_PWM_WriteCounter
 .text.Right_HB25_PWM_WritePeriod
                0x0000216c        0xc .\CortexM3\ARM_GCC_493\Debug\freesoc.a(Right_HB25_PWM.o)
                0x0000216c                Right_HB25_PWM_WritePeriod
 .text.Right_HB25_PWM_WriteCompare
                0x00002178        0xc .\CortexM3\ARM_GCC_493\Debug\freesoc.a(Right_HB25_PWM.o)
                0x00002178                Right_HB25_PWM_WriteCompare
 .text.Right_HB25_PWM_Init
                0x00002184       0x34 .\CortexM3\ARM_GCC_493\Debug\freesoc.a(Right_HB25_PWM.o)
                0x00002184                Right_HB25_PWM_Init
 .text.Right_HB25_PWM_Start
                0x000021b8       0x18 .\CortexM3\ARM_GCC_493\Debug\freesoc.a(Right_HB25_PWM.o)
                0x000021b8                Right_HB25_PWM_Start
 .text          0x000021d0       0x20 .\CortexM3\ARM_GCC_493\Debug\freesoc.a(CyBootAsmGnu.o)
                0x000021d0                CyDelayCycles
                0x000021e0                CyEnterCriticalSection
                0x000021e8                CyExitCriticalSection
 .text.CyHalt   0x000021f0        0x4 .\CortexM3\ARM_GCC_493\Debug\freesoc.a(CyLib.o)
                0x000021f0                CyHalt
 .text.CyDelay  0x000021f4       0x2c .\CortexM3\ARM_GCC_493\Debug\freesoc.a(CyLib.o)
                0x000021f4                CyDelay
 .text.CyDelayUs
                0x00002220       0x14 .\CortexM3\ARM_GCC_493\Debug\freesoc.a(CyLib.o)
                0x00002220                CyDelayUs
 .text.CyIntSetSysVector
                0x00002234       0x28 .\CortexM3\ARM_GCC_493\Debug\freesoc.a(CyLib.o)
                0x00002234                CyIntSetSysVector
 .text.CyIntSetVector
                0x0000225c       0x28 .\CortexM3\ARM_GCC_493\Debug\freesoc.a(CyLib.o)
                0x0000225c                CyIntSetVector
 .text.CyIntSetPriority
                0x00002284       0x30 .\CortexM3\ARM_GCC_493\Debug\freesoc.a(CyLib.o)
                0x00002284                CyIntSetPriority
 .text.CySysTickEnableInterrupt
                0x000022b4       0x10 .\CortexM3\ARM_GCC_493\Debug\freesoc.a(CyLib.o)
                0x000022b4                CySysTickEnableInterrupt
 .text.CySysTickEnable
                0x000022c4       0x18 .\CortexM3\ARM_GCC_493\Debug\freesoc.a(CyLib.o)
                0x000022c4                CySysTickEnable
 .text.CySysTickSetReload
                0x000022dc       0x10 .\CortexM3\ARM_GCC_493\Debug\freesoc.a(CyLib.o)
                0x000022dc                CySysTickSetReload
 .text.CySysTickSetClockSource
                0x000022ec       0x20 .\CortexM3\ARM_GCC_493\Debug\freesoc.a(CyLib.o)
                0x000022ec                CySysTickSetClockSource
 .text.CySysTickGetCountFlag
                0x0000230c       0x10 .\CortexM3\ARM_GCC_493\Debug\freesoc.a(CyLib.o)
                0x0000230c                CySysTickGetCountFlag
 .text.CySysTickServiceCallbacks
                0x0000231c       0x28 .\CortexM3\ARM_GCC_493\Debug\freesoc.a(CyLib.o)
 .text.CySysTickClear
                0x00002344        0xc .\CortexM3\ARM_GCC_493\Debug\freesoc.a(CyLib.o)
                0x00002344                CySysTickClear
 .text.CySysTickInit
                0x00002350       0x58 .\CortexM3\ARM_GCC_493\Debug\freesoc.a(CyLib.o)
                0x00002350                CySysTickInit
 .text.CySysTickStart
                0x000023a8       0x1c .\CortexM3\ARM_GCC_493\Debug\freesoc.a(CyLib.o)
                0x000023a8                CySysTickStart
 .text.CySysTickSetCallback
                0x000023c4       0x10 .\CortexM3\ARM_GCC_493\Debug\freesoc.a(CyLib.o)
                0x000023c4                CySysTickSetCallback
 .text.CySysTickGetCallback
                0x000023d4       0x10 .\CortexM3\ARM_GCC_493\Debug\freesoc.a(CyLib.o)
                0x000023d4                CySysTickGetCallback
 .text.CyGetUniqueId
                0x000023e4       0x70 .\CortexM3\ARM_GCC_493\Debug\freesoc.a(CyLib.o)
                0x000023e4                CyGetUniqueId
 .text.EZI2C_Slave_Init
                0x00002454       0x70 .\CortexM3\ARM_GCC_493\Debug\freesoc.a(EZI2C_Slave.o)
                0x00002454                EZI2C_Slave_Init
 .text.EZI2C_Slave_Enable
                0x000024c4       0x30 .\CortexM3\ARM_GCC_493\Debug\freesoc.a(EZI2C_Slave.o)
                0x000024c4                EZI2C_Slave_Enable
 .text.EZI2C_Slave_Start
                0x000024f4       0x1c .\CortexM3\ARM_GCC_493\Debug\freesoc.a(EZI2C_Slave.o)
                0x000024f4                EZI2C_Slave_Start
 .text.EZI2C_Slave_GetActivity
                0x00002510       0x28 .\CortexM3\ARM_GCC_493\Debug\freesoc.a(EZI2C_Slave.o)
                0x00002510                EZI2C_Slave_GetActivity
 .text.EZI2C_Slave_SetBuffer1
                0x00002538       0x50 .\CortexM3\ARM_GCC_493\Debug\freesoc.a(EZI2C_Slave.o)
                0x00002538                EZI2C_Slave_SetBuffer1
 .text.EZI2C_Slave_ISR
                0x00002588      0x1c4 .\CortexM3\ARM_GCC_493\Debug\freesoc.a(EZI2C_Slave_INT.o)
                0x00002588                EZI2C_Slave_ISR
 .text.Front_Echo_Intr_SetVector
                0x0000274c        0xc .\CortexM3\ARM_GCC_493\Debug\freesoc.a(Front_Echo_Intr.o)
                0x0000274c                Front_Echo_Intr_SetVector
 .text.Front_Echo_Intr_SetPriority
                0x00002758       0x10 .\CortexM3\ARM_GCC_493\Debug\freesoc.a(Front_Echo_Intr.o)
                0x00002758                Front_Echo_Intr_SetPriority
 .text.Front_Echo_Intr_Enable
                0x00002768        0xc .\CortexM3\ARM_GCC_493\Debug\freesoc.a(Front_Echo_Intr.o)
                0x00002768                Front_Echo_Intr_Enable
 .text.Front_Echo_Intr_Disable
                0x00002774        0xc .\CortexM3\ARM_GCC_493\Debug\freesoc.a(Front_Echo_Intr.o)
                0x00002774                Front_Echo_Intr_Disable
 .text.Front_Echo_Intr_StartEx
                0x00002780       0x1c .\CortexM3\ARM_GCC_493\Debug\freesoc.a(Front_Echo_Intr.o)
                0x00002780                Front_Echo_Intr_StartEx
 .text.Front_Echo_Intr_ClearPending
                0x0000279c        0xc .\CortexM3\ARM_GCC_493\Debug\freesoc.a(Front_Echo_Intr.o)
                0x0000279c                Front_Echo_Intr_ClearPending
 .text.Front_Trigger_Reg_Write
                0x000027a8        0xc .\CortexM3\ARM_GCC_493\Debug\freesoc.a(Front_Trigger_Reg.o)
                0x000027a8                Front_Trigger_Reg_Write
 .text.Front_Trigger_Select_Reg_Write
                0x000027b4        0xc .\CortexM3\ARM_GCC_493\Debug\freesoc.a(Front_Trigger_Select_Reg.o)
                0x000027b4                Front_Trigger_Select_Reg_Write
 .text.Front_Trigger_Select_Reg_Read
                0x000027c0        0xc .\CortexM3\ARM_GCC_493\Debug\freesoc.a(Front_Trigger_Select_Reg.o)
                0x000027c0                Front_Trigger_Select_Reg_Read
 .text.Front_Echo_Timer_SetInterruptMode
                0x000027cc        0xc .\CortexM3\ARM_GCC_493\Debug\freesoc.a(Front_Echo_Timer.o)
                0x000027cc                Front_Echo_Timer_SetInterruptMode
 .text.Front_Echo_Timer_ReadStatusRegister
                0x000027d8        0xc .\CortexM3\ARM_GCC_493\Debug\freesoc.a(Front_Echo_Timer.o)
                0x000027d8                Front_Echo_Timer_ReadStatusRegister
 .text.Front_Echo_Timer_WritePeriod
                0x000027e4        0xc .\CortexM3\ARM_GCC_493\Debug\freesoc.a(Front_Echo_Timer.o)
                0x000027e4                Front_Echo_Timer_WritePeriod
 .text.Front_Echo_Timer_ReadCapture
                0x000027f0        0xc .\CortexM3\ARM_GCC_493\Debug\freesoc.a(Front_Echo_Timer.o)
                0x000027f0                Front_Echo_Timer_ReadCapture
 .text.Front_Echo_Timer_WriteCounter
                0x000027fc        0xc .\CortexM3\ARM_GCC_493\Debug\freesoc.a(Front_Echo_Timer.o)
                0x000027fc                Front_Echo_Timer_WriteCounter
 .text.Front_Echo_Timer_ReadCounter
                0x00002808       0x14 .\CortexM3\ARM_GCC_493\Debug\freesoc.a(Front_Echo_Timer.o)
                0x00002808                Front_Echo_Timer_ReadCounter
 .text.Front_Echo_Timer_ClearFIFO
                0x0000281c       0x14 .\CortexM3\ARM_GCC_493\Debug\freesoc.a(Front_Echo_Timer.o)
                0x0000281c                Front_Echo_Timer_ClearFIFO
 .text.Front_Echo_Timer_Init
                0x00002830       0x34 .\CortexM3\ARM_GCC_493\Debug\freesoc.a(Front_Echo_Timer.o)
                0x00002830                Front_Echo_Timer_Init
 .text.Front_Echo_Timer_Start
                0x00002864       0x18 .\CortexM3\ARM_GCC_493\Debug\freesoc.a(Front_Echo_Timer.o)
                0x00002864                Front_Echo_Timer_Start
 .text.Rear_Trigger_Reg_Write
                0x0000287c        0xc .\CortexM3\ARM_GCC_493\Debug\freesoc.a(Rear_Trigger_Reg.o)
                0x0000287c                Rear_Trigger_Reg_Write
 .text.Rear_Trigger_Select_Reg_Write
                0x00002888        0xc .\CortexM3\ARM_GCC_493\Debug\freesoc.a(Rear_Trigger_Select_Reg.o)
                0x00002888                Rear_Trigger_Select_Reg_Write
 .text.Rear_Trigger_Select_Reg_Read
                0x00002894        0xc .\CortexM3\ARM_GCC_493\Debug\freesoc.a(Rear_Trigger_Select_Reg.o)
                0x00002894                Rear_Trigger_Select_Reg_Read
 .text.Rear_Echo_Intr_SetVector
                0x000028a0        0xc .\CortexM3\ARM_GCC_493\Debug\freesoc.a(Rear_Echo_Intr.o)
                0x000028a0                Rear_Echo_Intr_SetVector
 .text.Rear_Echo_Intr_SetPriority
                0x000028ac       0x10 .\CortexM3\ARM_GCC_493\Debug\freesoc.a(Rear_Echo_Intr.o)
                0x000028ac                Rear_Echo_Intr_SetPriority
 .text.Rear_Echo_Intr_Enable
                0x000028bc        0xc .\CortexM3\ARM_GCC_493\Debug\freesoc.a(Rear_Echo_Intr.o)
                0x000028bc                Rear_Echo_Intr_Enable
 .text.Rear_Echo_Intr_Disable
                0x000028c8        0xc .\CortexM3\ARM_GCC_493\Debug\freesoc.a(Rear_Echo_Intr.o)
                0x000028c8                Rear_Echo_Intr_Disable
 .text.Rear_Echo_Intr_StartEx
                0x000028d4       0x1c .\CortexM3\ARM_GCC_493\Debug\freesoc.a(Rear_Echo_Intr.o)
                0x000028d4                Rear_Echo_Intr_StartEx
 .text.Rear_Echo_Intr_ClearPending
                0x000028f0        0xc .\CortexM3\ARM_GCC_493\Debug\freesoc.a(Rear_Echo_Intr.o)
                0x000028f0                Rear_Echo_Intr_ClearPending
 .text.Rear_Echo_Timer_SetInterruptMode
                0x000028fc        0xc .\CortexM3\ARM_GCC_493\Debug\freesoc.a(Rear_Echo_Timer.o)
                0x000028fc                Rear_Echo_Timer_SetInterruptMode
 .text.Rear_Echo_Timer_ReadStatusRegister
                0x00002908        0xc .\CortexM3\ARM_GCC_493\Debug\freesoc.a(Rear_Echo_Timer.o)
                0x00002908                Rear_Echo_Timer_ReadStatusRegister
 .text.Rear_Echo_Timer_WritePeriod
                0x00002914        0xc .\CortexM3\ARM_GCC_493\Debug\freesoc.a(Rear_Echo_Timer.o)
                0x00002914                Rear_Echo_Timer_WritePeriod
 .text.Rear_Echo_Timer_ReadCapture
                0x00002920        0xc .\CortexM3\ARM_GCC_493\Debug\freesoc.a(Rear_Echo_Timer.o)
                0x00002920                Rear_Echo_Timer_ReadCapture
 .text.Rear_Echo_Timer_WriteCounter
                0x0000292c        0xc .\CortexM3\ARM_GCC_493\Debug\freesoc.a(Rear_Echo_Timer.o)
                0x0000292c                Rear_Echo_Timer_WriteCounter
 .text.Rear_Echo_Timer_ReadCounter
                0x00002938       0x14 .\CortexM3\ARM_GCC_493\Debug\freesoc.a(Rear_Echo_Timer.o)
                0x00002938                Rear_Echo_Timer_ReadCounter
 .text.Rear_Echo_Timer_ClearFIFO
                0x0000294c       0x14 .\CortexM3\ARM_GCC_493\Debug\freesoc.a(Rear_Echo_Timer.o)
                0x0000294c                Rear_Echo_Timer_ClearFIFO
 .text.Rear_Echo_Timer_Init
                0x00002960       0x34 .\CortexM3\ARM_GCC_493\Debug\freesoc.a(Rear_Echo_Timer.o)
                0x00002960                Rear_Echo_Timer_Init
 .text.Rear_Echo_Timer_Start
                0x00002994       0x18 .\CortexM3\ARM_GCC_493\Debug\freesoc.a(Rear_Echo_Timer.o)
                0x00002994                Rear_Echo_Timer_Start
 .text.Front_ADC_SAR_CalcGain
                0x000029ac       0x5c .\CortexM3\ARM_GCC_493\Debug\freesoc.a(Front_ADC_SAR.o)
 .text.Front_ADC_SAR_Enable
                0x00002a08       0x94 .\CortexM3\ARM_GCC_493\Debug\freesoc.a(Front_ADC_SAR.o)
                0x00002a08                Front_ADC_SAR_Enable
 .text.Front_ADC_SAR_SetResolution
                0x00002a9c       0x38 .\CortexM3\ARM_GCC_493\Debug\freesoc.a(Front_ADC_SAR.o)
                0x00002a9c                Front_ADC_SAR_SetResolution
 .text.Front_ADC_SAR_Init
                0x00002ad4       0x3c .\CortexM3\ARM_GCC_493\Debug\freesoc.a(Front_ADC_SAR.o)
                0x00002ad4                Front_ADC_SAR_Init
 .text.Front_ADC_SAR_Start
                0x00002b10       0x1c .\CortexM3\ARM_GCC_493\Debug\freesoc.a(Front_ADC_SAR.o)
                0x00002b10                Front_ADC_SAR_Start
 .text.Front_ADC_SAR_StartConvert
                0x00002b2c       0x10 .\CortexM3\ARM_GCC_493\Debug\freesoc.a(Front_ADC_SAR.o)
                0x00002b2c                Front_ADC_SAR_StartConvert
 .text.Front_ADC_SAR_GetResult16
                0x00002b3c       0x18 .\CortexM3\ARM_GCC_493\Debug\freesoc.a(Front_ADC_SAR.o)
                0x00002b3c                Front_ADC_SAR_GetResult16
 .text.Front_ADC_SAR_CountsTo_Volts
                0x00002b54       0x50 .\CortexM3\ARM_GCC_493\Debug\freesoc.a(Front_ADC_SAR.o)
                0x00002b54                Front_ADC_SAR_CountsTo_Volts
 .text.Front_ADC_SAR_ISR
                0x00002ba4        0x4 .\CortexM3\ARM_GCC_493\Debug\freesoc.a(Front_ADC_SAR_INT.o)
                0x00002ba4                Front_ADC_SAR_ISR
 .text.Front_AMuxSeq_Start
                0x00002ba8       0x14 .\CortexM3\ARM_GCC_493\Debug\freesoc.a(Front_AMuxSeq.o)
                0x00002ba8                Front_AMuxSeq_Start
 .text.Front_AMuxSeq_GetChannel
                0x00002bbc        0xc .\CortexM3\ARM_GCC_493\Debug\freesoc.a(Front_AMuxSeq.o)
                0x00002bbc                Front_AMuxSeq_GetChannel
 .text.Rear_ADC_SAR_CalcGain
                0x00002bc8       0x5c .\CortexM3\ARM_GCC_493\Debug\freesoc.a(Rear_ADC_SAR.o)
 .text.Rear_ADC_SAR_Enable
                0x00002c24       0x94 .\CortexM3\ARM_GCC_493\Debug\freesoc.a(Rear_ADC_SAR.o)
                0x00002c24                Rear_ADC_SAR_Enable
 .text.Rear_ADC_SAR_SetResolution
                0x00002cb8       0x38 .\CortexM3\ARM_GCC_493\Debug\freesoc.a(Rear_ADC_SAR.o)
                0x00002cb8                Rear_ADC_SAR_SetResolution
 .text.Rear_ADC_SAR_Init
                0x00002cf0       0x3c .\CortexM3\ARM_GCC_493\Debug\freesoc.a(Rear_ADC_SAR.o)
                0x00002cf0                Rear_ADC_SAR_Init
 .text.Rear_ADC_SAR_Start
                0x00002d2c       0x1c .\CortexM3\ARM_GCC_493\Debug\freesoc.a(Rear_ADC_SAR.o)
                0x00002d2c                Rear_ADC_SAR_Start
 .text.Rear_ADC_SAR_StartConvert
                0x00002d48       0x10 .\CortexM3\ARM_GCC_493\Debug\freesoc.a(Rear_ADC_SAR.o)
                0x00002d48                Rear_ADC_SAR_StartConvert
 .text.Rear_ADC_SAR_GetResult16
                0x00002d58       0x18 .\CortexM3\ARM_GCC_493\Debug\freesoc.a(Rear_ADC_SAR.o)
                0x00002d58                Rear_ADC_SAR_GetResult16
 .text.Rear_ADC_SAR_CountsTo_Volts
                0x00002d70       0x50 .\CortexM3\ARM_GCC_493\Debug\freesoc.a(Rear_ADC_SAR.o)
                0x00002d70                Rear_ADC_SAR_CountsTo_Volts
 .text.Rear_ADC_SAR_ISR
                0x00002dc0        0x4 .\CortexM3\ARM_GCC_493\Debug\freesoc.a(Rear_ADC_SAR_INT.o)
                0x00002dc0                Rear_ADC_SAR_ISR
 .text.Rear_AMuxSeq_Start
                0x00002dc4       0x14 .\CortexM3\ARM_GCC_493\Debug\freesoc.a(Rear_AMuxSeq.o)
                0x00002dc4                Rear_AMuxSeq_Start
 .text.Rear_AMuxSeq_GetChannel
                0x00002dd8        0xc .\CortexM3\ARM_GCC_493\Debug\freesoc.a(Rear_AMuxSeq.o)
                0x00002dd8                Rear_AMuxSeq_GetChannel
 .text.Front_ADC_SAR_IRQ_SetVector
                0x00002de4        0xc .\CortexM3\ARM_GCC_493\Debug\freesoc.a(Front_ADC_SAR_IRQ.o)
                0x00002de4                Front_ADC_SAR_IRQ_SetVector
 .text.Front_ADC_SAR_IRQ_SetPriority
                0x00002df0       0x10 .\CortexM3\ARM_GCC_493\Debug\freesoc.a(Front_ADC_SAR_IRQ.o)
                0x00002df0                Front_ADC_SAR_IRQ_SetPriority
 .text.Front_ADC_SAR_IRQ_Enable
                0x00002e00        0xc .\CortexM3\ARM_GCC_493\Debug\freesoc.a(Front_ADC_SAR_IRQ.o)
                0x00002e00                Front_ADC_SAR_IRQ_Enable
 .text.Front_ADC_SAR_IRQ_Disable
                0x00002e0c        0xc .\CortexM3\ARM_GCC_493\Debug\freesoc.a(Front_ADC_SAR_IRQ.o)
                0x00002e0c                Front_ADC_SAR_IRQ_Disable
 .text.Front_ADC_SAR_IRQ_StartEx
                0x00002e18       0x1c .\CortexM3\ARM_GCC_493\Debug\freesoc.a(Front_ADC_SAR_IRQ.o)
                0x00002e18                Front_ADC_SAR_IRQ_StartEx
 .text.Front_ADC_SAR_IRQ_ClearPending
                0x00002e34        0xc .\CortexM3\ARM_GCC_493\Debug\freesoc.a(Front_ADC_SAR_IRQ.o)
                0x00002e34                Front_ADC_SAR_IRQ_ClearPending
 .text.Front_ADC_SAR_theACLK_SetModeRegister
                0x00002e40       0x14 .\CortexM3\ARM_GCC_493\Debug\freesoc.a(Front_ADC_SAR_theACLK.o)
                0x00002e40                Front_ADC_SAR_theACLK_SetModeRegister
 .text.Rear_ADC_SAR_IRQ_SetVector
                0x00002e54        0xc .\CortexM3\ARM_GCC_493\Debug\freesoc.a(Rear_ADC_SAR_IRQ.o)
                0x00002e54                Rear_ADC_SAR_IRQ_SetVector
 .text.Rear_ADC_SAR_IRQ_SetPriority
                0x00002e60       0x10 .\CortexM3\ARM_GCC_493\Debug\freesoc.a(Rear_ADC_SAR_IRQ.o)
                0x00002e60                Rear_ADC_SAR_IRQ_SetPriority
 .text.Rear_ADC_SAR_IRQ_Enable
                0x00002e70        0xc .\CortexM3\ARM_GCC_493\Debug\freesoc.a(Rear_ADC_SAR_IRQ.o)
                0x00002e70                Rear_ADC_SAR_IRQ_Enable
 .text.Rear_ADC_SAR_IRQ_Disable
                0x00002e7c        0xc .\CortexM3\ARM_GCC_493\Debug\freesoc.a(Rear_ADC_SAR_IRQ.o)
                0x00002e7c                Rear_ADC_SAR_IRQ_Disable
 .text.Rear_ADC_SAR_IRQ_StartEx
                0x00002e88       0x1c .\CortexM3\ARM_GCC_493\Debug\freesoc.a(Rear_ADC_SAR_IRQ.o)
                0x00002e88                Rear_ADC_SAR_IRQ_StartEx
 .text.Rear_ADC_SAR_IRQ_ClearPending
                0x00002ea4        0xc .\CortexM3\ARM_GCC_493\Debug\freesoc.a(Rear_ADC_SAR_IRQ.o)
                0x00002ea4                Rear_ADC_SAR_IRQ_ClearPending
 .text.Rear_ADC_SAR_theACLK_SetModeRegister
                0x00002eb0       0x14 .\CortexM3\ARM_GCC_493\Debug\freesoc.a(Rear_ADC_SAR_theACLK.o)
                0x00002eb0                Rear_ADC_SAR_theACLK_SetModeRegister
 .text.Rear_EOS_Intr_SetVector
                0x00002ec4        0xc .\CortexM3\ARM_GCC_493\Debug\freesoc.a(Rear_EOS_Intr.o)
                0x00002ec4                Rear_EOS_Intr_SetVector
 .text.Rear_EOS_Intr_SetPriority
                0x00002ed0       0x10 .\CortexM3\ARM_GCC_493\Debug\freesoc.a(Rear_EOS_Intr.o)
                0x00002ed0                Rear_EOS_Intr_SetPriority
 .text.Rear_EOS_Intr_Enable
                0x00002ee0        0xc .\CortexM3\ARM_GCC_493\Debug\freesoc.a(Rear_EOS_Intr.o)
                0x00002ee0                Rear_EOS_Intr_Enable
 .text.Rear_EOS_Intr_Disable
                0x00002eec        0xc .\CortexM3\ARM_GCC_493\Debug\freesoc.a(Rear_EOS_Intr.o)
                0x00002eec                Rear_EOS_Intr_Disable
 .text.Rear_EOS_Intr_StartEx
                0x00002ef8       0x1c .\CortexM3\ARM_GCC_493\Debug\freesoc.a(Rear_EOS_Intr.o)
                0x00002ef8                Rear_EOS_Intr_StartEx
 .text.Rear_EOS_Intr_ClearPending
                0x00002f14        0xc .\CortexM3\ARM_GCC_493\Debug\freesoc.a(Rear_EOS_Intr.o)
                0x00002f14                Rear_EOS_Intr_ClearPending
 .text.Front_EOS_Intr_SetVector
                0x00002f20        0xc .\CortexM3\ARM_GCC_493\Debug\freesoc.a(Front_EOS_Intr.o)
                0x00002f20                Front_EOS_Intr_SetVector
 .text.Front_EOS_Intr_SetPriority
                0x00002f2c       0x10 .\CortexM3\ARM_GCC_493\Debug\freesoc.a(Front_EOS_Intr.o)
                0x00002f2c                Front_EOS_Intr_SetPriority
 .text.Front_EOS_Intr_Enable
                0x00002f3c        0xc .\CortexM3\ARM_GCC_493\Debug\freesoc.a(Front_EOS_Intr.o)
                0x00002f3c                Front_EOS_Intr_Enable
 .text.Front_EOS_Intr_Disable
                0x00002f48        0xc .\CortexM3\ARM_GCC_493\Debug\freesoc.a(Front_EOS_Intr.o)
                0x00002f48                Front_EOS_Intr_Disable
 .text.Front_EOS_Intr_StartEx
                0x00002f54       0x1c .\CortexM3\ARM_GCC_493\Debug\freesoc.a(Front_EOS_Intr.o)
                0x00002f54                Front_EOS_Intr_StartEx
 .text.Front_EOS_Intr_ClearPending
                0x00002f70        0xc .\CortexM3\ARM_GCC_493\Debug\freesoc.a(Front_EOS_Intr.o)
                0x00002f70                Front_EOS_Intr_ClearPending
 .text.Mainloop_Pin_Write
                0x00002f7c       0x18 .\CortexM3\ARM_GCC_493\Debug\freesoc.a(Mainloop_Pin.o)
                0x00002f7c                Mainloop_Pin_Write
 .text.EEPROM_Enable
                0x00002f94        0xc .\CortexM3\ARM_GCC_493\Debug\freesoc.a(EEPROM.o)
                0x00002f94                EEPROM_Enable
 .text.EEPROM_Start
                0x00002fa0        0x8 .\CortexM3\ARM_GCC_493\Debug\freesoc.a(EEPROM.o)
                0x00002fa0                EEPROM_Start
 .text.EEPROM_WriteByte
                0x00002fa8       0xd4 .\CortexM3\ARM_GCC_493\Debug\freesoc.a(EEPROM.o)
                0x00002fa8                EEPROM_WriteByte
 .text.EEPROM_Write
                0x0000307c       0xb4 .\CortexM3\ARM_GCC_493\Debug\freesoc.a(EEPROM.o)
                0x0000307c                EEPROM_Write
 .text.Right_QuadDec_Init
                0x00003130       0x24 .\CortexM3\ARM_GCC_493\Debug\freesoc.a(Right_QuadDec.o)
                0x00003130                Right_QuadDec_Init
 .text.Right_QuadDec_GetCounter
                0x00003154       0x2c .\CortexM3\ARM_GCC_493\Debug\freesoc.a(Right_QuadDec.o)
                0x00003154                Right_QuadDec_GetCounter
 .text.Right_QuadDec_SetCounter
                0x00003180       0x28 .\CortexM3\ARM_GCC_493\Debug\freesoc.a(Right_QuadDec.o)
                0x00003180                Right_QuadDec_SetCounter
 .text.Right_QuadDec_GetEvents
                0x000031a8       0x10 .\CortexM3\ARM_GCC_493\Debug\freesoc.a(Right_QuadDec.o)
                0x000031a8                Right_QuadDec_GetEvents
 .text.Right_QuadDec_SetInterruptMask
                0x000031b8       0x10 .\CortexM3\ARM_GCC_493\Debug\freesoc.a(Right_QuadDec.o)
                0x000031b8                Right_QuadDec_SetInterruptMask
 .text.Right_QuadDec_Enable
                0x000031c8       0x30 .\CortexM3\ARM_GCC_493\Debug\freesoc.a(Right_QuadDec.o)
                0x000031c8                Right_QuadDec_Enable
 .text.Right_QuadDec_Start
                0x000031f8       0x34 .\CortexM3\ARM_GCC_493\Debug\freesoc.a(Right_QuadDec.o)
                0x000031f8                Right_QuadDec_Start
 .text.Right_QuadDec_ISR
                0x0000322c       0x40 .\CortexM3\ARM_GCC_493\Debug\freesoc.a(Right_QuadDec_INT.o)
                0x0000322c                Right_QuadDec_ISR
 .text.Right_QuadDec_Cnt16_Enable
                0x0000326c       0x10 .\CortexM3\ARM_GCC_493\Debug\freesoc.a(Right_QuadDec_Cnt16.o)
                0x0000326c                Right_QuadDec_Cnt16_Enable
 .text.Right_QuadDec_Cnt16_SetInterruptMode
                0x0000327c        0xc .\CortexM3\ARM_GCC_493\Debug\freesoc.a(Right_QuadDec_Cnt16.o)
                0x0000327c                Right_QuadDec_Cnt16_SetInterruptMode
 .text.Right_QuadDec_Cnt16_ReadStatusRegister
                0x00003288        0xc .\CortexM3\ARM_GCC_493\Debug\freesoc.a(Right_QuadDec_Cnt16.o)
                0x00003288                Right_QuadDec_Cnt16_ReadStatusRegister
 .text.Right_QuadDec_Cnt16_WriteCounter
                0x00003294        0xc .\CortexM3\ARM_GCC_493\Debug\freesoc.a(Right_QuadDec_Cnt16.o)
                0x00003294                Right_QuadDec_Cnt16_WriteCounter
 .text.Right_QuadDec_Cnt16_ReadCounter
                0x000032a0       0x14 .\CortexM3\ARM_GCC_493\Debug\freesoc.a(Right_QuadDec_Cnt16.o)
                0x000032a0                Right_QuadDec_Cnt16_ReadCounter
 .text.Right_QuadDec_Cnt16_ReadCapture
                0x000032b4        0xc .\CortexM3\ARM_GCC_493\Debug\freesoc.a(Right_QuadDec_Cnt16.o)
                0x000032b4                Right_QuadDec_Cnt16_ReadCapture
 .text.Right_QuadDec_Cnt16_WritePeriod
                0x000032c0        0xc .\CortexM3\ARM_GCC_493\Debug\freesoc.a(Right_QuadDec_Cnt16.o)
                0x000032c0                Right_QuadDec_Cnt16_WritePeriod
 .text.Right_QuadDec_Cnt16_WriteCompare
                0x000032cc        0xc .\CortexM3\ARM_GCC_493\Debug\freesoc.a(Right_QuadDec_Cnt16.o)
                0x000032cc                Right_QuadDec_Cnt16_WriteCompare
 .text.Right_QuadDec_Cnt16_ClearFIFO
                0x000032d8       0x14 .\CortexM3\ARM_GCC_493\Debug\freesoc.a(Right_QuadDec_Cnt16.o)
                0x000032d8                Right_QuadDec_Cnt16_ClearFIFO
 .text.Right_QuadDec_Cnt16_Init
                0x000032ec       0x58 .\CortexM3\ARM_GCC_493\Debug\freesoc.a(Right_QuadDec_Cnt16.o)
                0x000032ec                Right_QuadDec_Cnt16_Init
 .text.Right_QuadDec_Cnt16_Start
                0x00003344       0x1c .\CortexM3\ARM_GCC_493\Debug\freesoc.a(Right_QuadDec_Cnt16.o)
                0x00003344                Right_QuadDec_Cnt16_Start
 .text.Left_QuadDec_Init
                0x00003360       0x24 .\CortexM3\ARM_GCC_493\Debug\freesoc.a(Left_QuadDec.o)
                0x00003360                Left_QuadDec_Init
 .text.Left_QuadDec_GetCounter
                0x00003384       0x2c .\CortexM3\ARM_GCC_493\Debug\freesoc.a(Left_QuadDec.o)
                0x00003384                Left_QuadDec_GetCounter
 .text.Left_QuadDec_SetCounter
                0x000033b0       0x28 .\CortexM3\ARM_GCC_493\Debug\freesoc.a(Left_QuadDec.o)
                0x000033b0                Left_QuadDec_SetCounter
 .text.Left_QuadDec_GetEvents
                0x000033d8       0x10 .\CortexM3\ARM_GCC_493\Debug\freesoc.a(Left_QuadDec.o)
                0x000033d8                Left_QuadDec_GetEvents
 .text.Left_QuadDec_SetInterruptMask
                0x000033e8       0x10 .\CortexM3\ARM_GCC_493\Debug\freesoc.a(Left_QuadDec.o)
                0x000033e8                Left_QuadDec_SetInterruptMask
 .text.Left_QuadDec_Enable
                0x000033f8       0x30 .\CortexM3\ARM_GCC_493\Debug\freesoc.a(Left_QuadDec.o)
                0x000033f8                Left_QuadDec_Enable
 .text.Left_QuadDec_Start
                0x00003428       0x34 .\CortexM3\ARM_GCC_493\Debug\freesoc.a(Left_QuadDec.o)
                0x00003428                Left_QuadDec_Start
 .text.Left_QuadDec_ISR
                0x0000345c       0x40 .\CortexM3\ARM_GCC_493\Debug\freesoc.a(Left_QuadDec_INT.o)
                0x0000345c                Left_QuadDec_ISR
 .text.Left_QuadDec_Cnt16_Enable
                0x0000349c       0x10 .\CortexM3\ARM_GCC_493\Debug\freesoc.a(Left_QuadDec_Cnt16.o)
                0x0000349c                Left_QuadDec_Cnt16_Enable
 .text.Left_QuadDec_Cnt16_SetInterruptMode
                0x000034ac        0xc .\CortexM3\ARM_GCC_493\Debug\freesoc.a(Left_QuadDec_Cnt16.o)
                0x000034ac                Left_QuadDec_Cnt16_SetInterruptMode
 .text.Left_QuadDec_Cnt16_ReadStatusRegister
                0x000034b8        0xc .\CortexM3\ARM_GCC_493\Debug\freesoc.a(Left_QuadDec_Cnt16.o)
                0x000034b8                Left_QuadDec_Cnt16_ReadStatusRegister
 .text.Left_QuadDec_Cnt16_WriteCounter
                0x000034c4        0xc .\CortexM3\ARM_GCC_493\Debug\freesoc.a(Left_QuadDec_Cnt16.o)
                0x000034c4                Left_QuadDec_Cnt16_WriteCounter
 .text.Left_QuadDec_Cnt16_ReadCounter
                0x000034d0       0x14 .\CortexM3\ARM_GCC_493\Debug\freesoc.a(Left_QuadDec_Cnt16.o)
                0x000034d0                Left_QuadDec_Cnt16_ReadCounter
 .text.Left_QuadDec_Cnt16_ReadCapture
                0x000034e4        0xc .\CortexM3\ARM_GCC_493\Debug\freesoc.a(Left_QuadDec_Cnt16.o)
                0x000034e4                Left_QuadDec_Cnt16_ReadCapture
 .text.Left_QuadDec_Cnt16_WritePeriod
                0x000034f0        0xc .\CortexM3\ARM_GCC_493\Debug\freesoc.a(Left_QuadDec_Cnt16.o)
                0x000034f0                Left_QuadDec_Cnt16_WritePeriod
 .text.Left_QuadDec_Cnt16_WriteCompare
                0x000034fc        0xc .\CortexM3\ARM_GCC_493\Debug\freesoc.a(Left_QuadDec_Cnt16.o)
                0x000034fc                Left_QuadDec_Cnt16_WriteCompare
 .text.Left_QuadDec_Cnt16_ClearFIFO
                0x00003508       0x14 .\CortexM3\ARM_GCC_493\Debug\freesoc.a(Left_QuadDec_Cnt16.o)
                0x00003508                Left_QuadDec_Cnt16_ClearFIFO
 .text.Left_QuadDec_Cnt16_Init
                0x0000351c       0x58 .\CortexM3\ARM_GCC_493\Debug\freesoc.a(Left_QuadDec_Cnt16.o)
                0x0000351c                Left_QuadDec_Cnt16_Init
 .text.Left_QuadDec_Cnt16_Start
                0x00003574       0x1c .\CortexM3\ARM_GCC_493\Debug\freesoc.a(Left_QuadDec_Cnt16.o)
                0x00003574                Left_QuadDec_Cnt16_Start
 .text.USBUART_Init
                0x00003590      0x140 .\CortexM3\ARM_GCC_493\Debug\freesoc.a(USBUART.o)
                0x00003590                USBUART_Init
 .text.USBUART_InitComponent
                0x000036d0       0xd4 .\CortexM3\ARM_GCC_493\Debug\freesoc.a(USBUART.o)
                0x000036d0                USBUART_InitComponent
 .text.USBUART_Start
                0x000037a4       0x24 .\CortexM3\ARM_GCC_493\Debug\freesoc.a(USBUART.o)
                0x000037a4                USBUART_Start
 .text.USBUART_ReInitComponent
                0x000037c8       0x64 .\CortexM3\ARM_GCC_493\Debug\freesoc.a(USBUART.o)
                0x000037c8                USBUART_ReInitComponent
 .text.USBUART_GetConfiguration
                0x0000382c        0xc .\CortexM3\ARM_GCC_493\Debug\freesoc.a(USBUART.o)
                0x0000382c                USBUART_GetConfiguration
 .text.USBUART_IsConfigurationChanged
                0x00003838       0x20 .\CortexM3\ARM_GCC_493\Debug\freesoc.a(USBUART.o)
                0x00003838                USBUART_IsConfigurationChanged
 .text.USBUART_GetEPState
                0x00003858       0x14 .\CortexM3\ARM_GCC_493\Debug\freesoc.a(USBUART.o)
                0x00003858                USBUART_GetEPState
 .text.USBUART_LoadInEP
                0x0000386c       0x94 .\CortexM3\ARM_GCC_493\Debug\freesoc.a(USBUART.o)
                0x0000386c                USBUART_LoadInEP
 .text.USBUART_EnableOutEP
                0x00003900       0x2c .\CortexM3\ARM_GCC_493\Debug\freesoc.a(USBUART.o)
                0x00003900                USBUART_EnableOutEP
 .text.USBUART_StrLen
                0x0000392c       0x14 .\CortexM3\ARM_GCC_493\Debug\freesoc.a(USBUART_cdc.o)
 .text.USBUART_GetInterfaceComPort
                0x00003940       0x3c .\CortexM3\ARM_GCC_493\Debug\freesoc.a(USBUART_cdc.o)
                0x00003940                USBUART_GetInterfaceComPort
 .text.USBUART_DispatchCDCClassRqst
                0x0000397c       0x98 .\CortexM3\ARM_GCC_493\Debug\freesoc.a(USBUART_cdc.o)
                0x0000397c                USBUART_DispatchCDCClassRqst
 .text.USBUART_CDC_Init
                0x00003a14       0x98 .\CortexM3\ARM_GCC_493\Debug\freesoc.a(USBUART_cdc.o)
                0x00003a14                USBUART_CDC_Init
 .text.USBUART_PutString
                0x00003aac       0x9c .\CortexM3\ARM_GCC_493\Debug\freesoc.a(USBUART_cdc.o)
                0x00003aac                USBUART_PutString
 .text.USBUART_CDCIsReady
                0x00003b48       0x18 .\CortexM3\ARM_GCC_493\Debug\freesoc.a(USBUART_cdc.o)
                0x00003b48                USBUART_CDCIsReady
 .text.USBUART_Cdc_EpInit
                0x00003b60       0x50 .\CortexM3\ARM_GCC_493\Debug\freesoc.a(USBUART_cdc.o)
                0x00003b60                USBUART_Cdc_EpInit
 .text.USBUART_LoadEP0
                0x00003bb0       0x94 .\CortexM3\ARM_GCC_493\Debug\freesoc.a(USBUART_drv.o)
                0x00003bb0                USBUART_LoadEP0
 .text.USBUART_InitZeroLengthControlTransfer
                0x00003c44       0x34 .\CortexM3\ARM_GCC_493\Debug\freesoc.a(USBUART_drv.o)
                0x00003c44                USBUART_InitZeroLengthControlTransfer
 .text.USBUART_ControlReadDataStage
                0x00003c78        0x8 .\CortexM3\ARM_GCC_493\Debug\freesoc.a(USBUART_drv.o)
                0x00003c78                USBUART_ControlReadDataStage
 .text.USBUART_ControlWriteDataStage
                0x00003c80       0x80 .\CortexM3\ARM_GCC_493\Debug\freesoc.a(USBUART_drv.o)
                0x00003c80                USBUART_ControlWriteDataStage
 .text.USBUART_InitNoDataControlTransfer
                0x00003d00       0x2c .\CortexM3\ARM_GCC_493\Debug\freesoc.a(USBUART_drv.o)
                0x00003d00                USBUART_InitNoDataControlTransfer
 .text.USBUART_UpdateStatusBlock
                0x00003d2c       0x24 .\CortexM3\ARM_GCC_493\Debug\freesoc.a(USBUART_drv.o)
                0x00003d2c                USBUART_UpdateStatusBlock
 .text.USBUART_HandleSetup
                0x00003d50       0x5c .\CortexM3\ARM_GCC_493\Debug\freesoc.a(USBUART_drv.o)
                0x00003d50                USBUART_HandleSetup
 .text.USBUART_ControlReadStatusStage
                0x00003dac       0x34 .\CortexM3\ARM_GCC_493\Debug\freesoc.a(USBUART_drv.o)
                0x00003dac                USBUART_ControlReadStatusStage
 .text.USBUART_HandleOUT
                0x00003de0       0x38 .\CortexM3\ARM_GCC_493\Debug\freesoc.a(USBUART_drv.o)
                0x00003de0                USBUART_HandleOUT
 .text.USBUART_ControlWriteStatusStage
                0x00003e18       0x20 .\CortexM3\ARM_GCC_493\Debug\freesoc.a(USBUART_drv.o)
                0x00003e18                USBUART_ControlWriteStatusStage
 .text.USBUART_NoDataControlStatusStage
                0x00003e38       0x40 .\CortexM3\ARM_GCC_493\Debug\freesoc.a(USBUART_drv.o)
                0x00003e38                USBUART_NoDataControlStatusStage
 .text.USBUART_HandleIN
                0x00003e78       0x2c .\CortexM3\ARM_GCC_493\Debug\freesoc.a(USBUART_drv.o)
                0x00003e78                USBUART_HandleIN
 .text.USBUART_EP_0_ISR
                0x00003ea4       0xb8 .\CortexM3\ARM_GCC_493\Debug\freesoc.a(USBUART_drv.o)
                0x00003ea4                USBUART_EP_0_ISR
 .text.USBUART_InitializeStatusBlock
                0x00003f5c       0x24 .\CortexM3\ARM_GCC_493\Debug\freesoc.a(USBUART_drv.o)
                0x00003f5c                USBUART_InitializeStatusBlock
 .text.USBUART_InitControlRead
                0x00003f80       0x50 .\CortexM3\ARM_GCC_493\Debug\freesoc.a(USBUART_drv.o)
                0x00003f80                USBUART_InitControlRead
 .text.USBUART_InitControlWrite
                0x00003fd0       0x48 .\CortexM3\ARM_GCC_493\Debug\freesoc.a(USBUART_drv.o)
                0x00003fd0                USBUART_InitControlWrite
 .text.USBUART_EP_1_ISR
                0x00004018       0x38 .\CortexM3\ARM_GCC_493\Debug\freesoc.a(USBUART_episr.o)
                0x00004018                USBUART_EP_1_ISR
 .text.USBUART_EP_2_ISR
                0x00004050       0x3c .\CortexM3\ARM_GCC_493\Debug\freesoc.a(USBUART_episr.o)
                0x00004050                USBUART_EP_2_ISR
 .text.USBUART_EP_3_ISR
                0x0000408c       0x44 .\CortexM3\ARM_GCC_493\Debug\freesoc.a(USBUART_episr.o)
                0x0000408c                USBUART_EP_3_ISR
 .text.USBUART_SOF_ISR
                0x000040d0        0x4 .\CortexM3\ARM_GCC_493\Debug\freesoc.a(USBUART_episr.o)
                0x000040d0                USBUART_SOF_ISR
 .text.USBUART_BUS_RESET_ISR
                0x000040d4        0x8 .\CortexM3\ARM_GCC_493\Debug\freesoc.a(USBUART_episr.o)
                0x000040d4                USBUART_BUS_RESET_ISR
 .text.USBUART_FindHidClassDecriptor
                0x000040dc       0x40 .\CortexM3\ARM_GCC_493\Debug\freesoc.a(USBUART_hid.o)
                0x000040dc                USBUART_FindHidClassDecriptor
 .text.USBUART_FindReportDescriptor
                0x0000411c       0x48 .\CortexM3\ARM_GCC_493\Debug\freesoc.a(USBUART_hid.o)
                0x0000411c                USBUART_FindReportDescriptor
 .text.USBUART_FindReport
                0x00004164       0x7c .\CortexM3\ARM_GCC_493\Debug\freesoc.a(USBUART_hid.o)
                0x00004164                USBUART_FindReport
 .text.USBUART_DispatchHIDClassRqst
                0x000041e0      0x184 .\CortexM3\ARM_GCC_493\Debug\freesoc.a(USBUART_hid.o)
                0x000041e0                USBUART_DispatchHIDClassRqst
 .text.USBUART_DP_ISR
                0x00004364        0x8 .\CortexM3\ARM_GCC_493\Debug\freesoc.a(USBUART_pm.o)
                0x00004364                USBUART_DP_ISR
 .text.USBUART_ReadDieID
                0x0000436c       0x6c .\CortexM3\ARM_GCC_493\Debug\freesoc.a(USBUART_std.o)
                0x0000436c                USBUART_ReadDieID
 .text.USBUART_ConfigReg
                0x000043d8       0xa4 .\CortexM3\ARM_GCC_493\Debug\freesoc.a(USBUART_std.o)
                0x000043d8                USBUART_ConfigReg
 .text.USBUART_GetConfigTablePtr
                0x0000447c       0x28 .\CortexM3\ARM_GCC_493\Debug\freesoc.a(USBUART_std.o)
                0x0000447c                USBUART_GetConfigTablePtr
 .text.USBUART_ConfigAltChanged
                0x000044a4      0x11c .\CortexM3\ARM_GCC_493\Debug\freesoc.a(USBUART_std.o)
                0x000044a4                USBUART_ConfigAltChanged
 .text.USBUART_GetDeviceTablePtr
                0x000045c0       0x18 .\CortexM3\ARM_GCC_493\Debug\freesoc.a(USBUART_std.o)
                0x000045c0                USBUART_GetDeviceTablePtr
 .text.USBUART_GetInterfaceClassTablePtr
                0x000045d8       0x24 .\CortexM3\ARM_GCC_493\Debug\freesoc.a(USBUART_std.o)
                0x000045d8                USBUART_GetInterfaceClassTablePtr
 .text.USBUART_Config
                0x000045fc      0x1dc .\CortexM3\ARM_GCC_493\Debug\freesoc.a(USBUART_std.o)
                0x000045fc                USBUART_Config
 .text.USBUART_SetEndpointHalt
                0x000047d8       0x64 .\CortexM3\ARM_GCC_493\Debug\freesoc.a(USBUART_std.o)
                0x000047d8                USBUART_SetEndpointHalt
 .text.USBUART_ClearEndpointHalt
                0x0000483c       0xa8 .\CortexM3\ARM_GCC_493\Debug\freesoc.a(USBUART_std.o)
                0x0000483c                USBUART_ClearEndpointHalt
 .text.USBUART_ValidateAlternateSetting
                0x000048e4       0x4c .\CortexM3\ARM_GCC_493\Debug\freesoc.a(USBUART_std.o)
                0x000048e4                USBUART_ValidateAlternateSetting
 .text.USBUART_HandleStandardRqst
                0x00004930      0x35c .\CortexM3\ARM_GCC_493\Debug\freesoc.a(USBUART_std.o)
                0x00004930                USBUART_HandleStandardRqst
 .text.USBUART_HandleVendorRqst
                0x00004c8c       0x3c .\CortexM3\ARM_GCC_493\Debug\freesoc.a(USBUART_vnd.o)
                0x00004c8c                USBUART_HandleVendorRqst
 .text.USBUART_Dp_ClearInterrupt
                0x00004cc8       0x10 .\CortexM3\ARM_GCC_493\Debug\freesoc.a(USBUART_Dp.o)
                0x00004cc8                USBUART_Dp_ClearInterrupt
 .text.CyFlashGetSpcAlgorithm
                0x00004cd8       0x4c .\CortexM3\ARM_GCC_493\Debug\freesoc.a(CyFlash.o)
 .text.CySetTempInt
                0x00004d24       0x60 .\CortexM3\ARM_GCC_493\Debug\freesoc.a(CyFlash.o)
 .text.CySetTemp
                0x00004d84       0x14 .\CortexM3\ARM_GCC_493\Debug\freesoc.a(CyFlash.o)
                0x00004d84                CySetTemp
 .text.CyEEPROM_Start
                0x00004d98       0x54 .\CortexM3\ARM_GCC_493\Debug\freesoc.a(CyFlash.o)
                0x00004d98                CyEEPROM_Start
 .text.CySpcStart
                0x00004dec       0x24 .\CortexM3\ARM_GCC_493\Debug\freesoc.a(CySpc.o)
                0x00004dec                CySpcStart
 .text.CySpcReadData
                0x00004e10       0x34 .\CortexM3\ARM_GCC_493\Debug\freesoc.a(CySpc.o)
                0x00004e10                CySpcReadData
 .text.CySpcLoadMultiByte
                0x00004e44       0x78 .\CortexM3\ARM_GCC_493\Debug\freesoc.a(CySpc.o)
                0x00004e44                CySpcLoadMultiByte
 .text.CySpcLoadRow
                0x00004ebc       0x54 .\CortexM3\ARM_GCC_493\Debug\freesoc.a(CySpc.o)
                0x00004ebc                CySpcLoadRow
 .text.CySpcWriteRow
                0x00004f10       0x4c .\CortexM3\ARM_GCC_493\Debug\freesoc.a(CySpc.o)
                0x00004f10                CySpcWriteRow
 .text.CySpcGetTemp
                0x00004f5c       0x3c .\CortexM3\ARM_GCC_493\Debug\freesoc.a(CySpc.o)
                0x00004f5c                CySpcGetTemp
 .text.CySpcLock
                0x00004f98       0x4c .\CortexM3\ARM_GCC_493\Debug\freesoc.a(CySpc.o)
                0x00004f98                CySpcLock
 .text.CySpcUnlock
                0x00004fe4       0x38 .\CortexM3\ARM_GCC_493\Debug\freesoc.a(CySpc.o)
                0x00004fe4                CySpcUnlock
 .text.CySpcGetAlgorithm
                0x0000501c       0x28 .\CortexM3\ARM_GCC_493\Debug\freesoc.a(CySpc.o)
                0x0000501c                CySpcGetAlgorithm
 .text.USBUART_DispatchClassRqst
                0x00005044       0x60 .\CortexM3\ARM_GCC_493\Debug\freesoc.a(USBUART_cls.o)
                0x00005044                USBUART_DispatchClassRqst
 .text.cos      0x000050a4       0x90 c:/program files (x86)/cypress/psoc creator/3.3/psoc creator/import/gnu/arm/4.9.3/bin/../lib/gcc/arm-none-eabi/4.9.3/../../../../arm-none-eabi/lib/armv7-m\libm.a(lib_a-s_cos.o)
                0x000050a4                cos
 .text.sin      0x00005134       0x94 c:/program files (x86)/cypress/psoc creator/3.3/psoc creator/import/gnu/arm/4.9.3/bin/../lib/gcc/arm-none-eabi/4.9.3/../../../../arm-none-eabi/lib/armv7-m\libm.a(lib_a-s_sin.o)
                0x00005134                sin
 .text.pow      0x000051c8      0x2f0 c:/program files (x86)/cypress/psoc creator/3.3/psoc creator/import/gnu/arm/4.9.3/bin/../lib/gcc/arm-none-eabi/4.9.3/../../../../arm-none-eabi/lib/armv7-m\libm.a(lib_a-w_pow.o)
                0x000051c8                pow
 .text.__ieee754_pow
                0x000054b8      0xaa0 c:/program files (x86)/cypress/psoc creator/3.3/psoc creator/import/gnu/arm/4.9.3/bin/../lib/gcc/arm-none-eabi/4.9.3/../../../../arm-none-eabi/lib/armv7-m\libm.a(lib_a-e_pow.o)
                0x000054b8                __ieee754_pow
 .text.__ieee754_rem_pio2
                0x00005f58      0x428 c:/program files (x86)/cypress/psoc creator/3.3/psoc creator/import/gnu/arm/4.9.3/bin/../lib/gcc/arm-none-eabi/4.9.3/../../../../arm-none-eabi/lib/armv7-m\libm.a(lib_a-e_rem_pio2.o)
                0x00005f58                __ieee754_rem_pio2
 .text.__ieee754_sqrt
                0x00006380      0x18c c:/program files (x86)/cypress/psoc creator/3.3/psoc creator/import/gnu/arm/4.9.3/bin/../lib/gcc/arm-none-eabi/4.9.3/../../../../arm-none-eabi/lib/armv7-m\libm.a(lib_a-e_sqrt.o)
                0x00006380                __ieee754_sqrt
 *fill*         0x0000650c        0x4 
 .text.__kernel_cos
                0x00006510      0x248 c:/program files (x86)/cypress/psoc creator/3.3/psoc creator/import/gnu/arm/4.9.3/bin/../lib/gcc/arm-none-eabi/4.9.3/../../../../arm-none-eabi/lib/armv7-m\libm.a(lib_a-k_cos.o)
                0x00006510                __kernel_cos
 .text.__kernel_rem_pio2
                0x00006758      0x808 c:/program files (x86)/cypress/psoc creator/3.3/psoc creator/import/gnu/arm/4.9.3/bin/../lib/gcc/arm-none-eabi/4.9.3/../../../../arm-none-eabi/lib/armv7-m\libm.a(lib_a-k_rem_pio2.o)
                0x00006758                __kernel_rem_pio2
 .text.__kernel_sin
                0x00006f60      0x170 c:/program files (x86)/cypress/psoc creator/3.3/psoc creator/import/gnu/arm/4.9.3/bin/../lib/gcc/arm-none-eabi/4.9.3/../../../../arm-none-eabi/lib/armv7-m\libm.a(lib_a-k_sin.o)
                0x00006f60                __kernel_sin
 .text.fabs     0x000070d0        0x8 c:/program files (x86)/cypress/psoc creator/3.3/psoc creator/import/gnu/arm/4.9.3/bin/../lib/gcc/arm-none-eabi/4.9.3/../../../../arm-none-eabi/lib/armv7-m\libm.a(lib_a-s_fabs.o)
                0x000070d0                fabs
 .text.finite   0x000070d8        0xc c:/program files (x86)/cypress/psoc creator/3.3/psoc creator/import/gnu/arm/4.9.3/bin/../lib/gcc/arm-none-eabi/4.9.3/../../../../arm-none-eabi/lib/armv7-m\libm.a(lib_a-s_finite.o)
                0x000070d8                finite
 *fill*         0x000070e4        0x4 
 .text.floor    0x000070e8      0x118 c:/program files (x86)/cypress/psoc creator/3.3/psoc creator/import/gnu/arm/4.9.3/bin/../lib/gcc/arm-none-eabi/4.9.3/../../../../arm-none-eabi/lib/armv7-m\libm.a(lib_a-s_floor.o)
                0x000070e8                floor
 .text.__fpclassifyd
                0x00007200       0x58 c:/program files (x86)/cypress/psoc creator/3.3/psoc creator/import/gnu/arm/4.9.3/bin/../lib/gcc/arm-none-eabi/4.9.3/../../../../arm-none-eabi/lib/armv7-m\libm.a(lib_a-s_fpclassify.o)
                0x00007200                __fpclassifyd
 .text.matherr  0x00007258        0x4 c:/program files (x86)/cypress/psoc creator/3.3/psoc creator/import/gnu/arm/4.9.3/bin/../lib/gcc/arm-none-eabi/4.9.3/../../../../arm-none-eabi/lib/armv7-m\libm.a(lib_a-s_matherr.o)
                0x00007258                matherr
 .text.nan      0x0000725c        0xc c:/program files (x86)/cypress/psoc creator/3.3/psoc creator/import/gnu/arm/4.9.3/bin/../lib/gcc/arm-none-eabi/4.9.3/../../../../arm-none-eabi/lib/armv7-m\libm.a(lib_a-s_nan.o)
                0x0000725c                nan
 .text.rint     0x00007268      0x11c c:/program files (x86)/cypress/psoc creator/3.3/psoc creator/import/gnu/arm/4.9.3/bin/../lib/gcc/arm-none-eabi/4.9.3/../../../../arm-none-eabi/lib/armv7-m\libm.a(lib_a-s_rint.o)
                0x00007268                rint
 *fill*         0x00007384        0x4 
 .text.scalbn   0x00007388       0xf0 c:/program files (x86)/cypress/psoc creator/3.3/psoc creator/import/gnu/arm/4.9.3/bin/../lib/gcc/arm-none-eabi/4.9.3/../../../../arm-none-eabi/lib/armv7-m\libm.a(lib_a-s_scalbn.o)
                0x00007388                scalbn
 .text.copysign
                0x00007478       0x10 c:/program files (x86)/cypress/psoc creator/3.3/psoc creator/import/gnu/arm/4.9.3/bin/../lib/gcc/arm-none-eabi/4.9.3/../../../../arm-none-eabi/lib/armv7-m\libm.a(lib_a-s_copysign.o)
                0x00007478                copysign
 .text          0x00007488      0x370 c:/program files (x86)/cypress/psoc creator/3.3/psoc creator/import/gnu/arm/4.9.3/bin/../lib/gcc/arm-none-eabi/4.9.3/armv7-m\libgcc.a(_arm_addsubdf3.o)
                0x00007488                __aeabi_drsub
                0x00007490                __aeabi_dsub
                0x00007490                __subdf3
                0x00007494                __aeabi_dadd
                0x00007494                __adddf3
                0x0000770c                __floatunsidf
                0x0000770c                __aeabi_ui2d
                0x0000772c                __floatsidf
                0x0000772c                __aeabi_i2d
                0x00007750                __aeabi_f2d
                0x00007750                __extendsfdf2
                0x0000778c                __floatundidf
                0x0000778c                __aeabi_ul2d
                0x0000779c                __floatdidf
                0x0000779c                __aeabi_l2d
 .text          0x000077f8      0x424 c:/program files (x86)/cypress/psoc creator/3.3/psoc creator/import/gnu/arm/4.9.3/bin/../lib/gcc/arm-none-eabi/4.9.3/armv7-m\libgcc.a(_arm_muldivdf3.o)
                0x000077f8                __aeabi_dmul
                0x000077f8                __muldf3
                0x00007a4c                __divdf3
                0x00007a4c                __aeabi_ddiv
 .text          0x00007c1c      0x110 c:/program files (x86)/cypress/psoc creator/3.3/psoc creator/import/gnu/arm/4.9.3/bin/../lib/gcc/arm-none-eabi/4.9.3/armv7-m\libgcc.a(_arm_cmpdf2.o)
                0x00007c1c                __gtdf2
                0x00007c1c                __gedf2
                0x00007c24                __ltdf2
                0x00007c24                __ledf2
                0x00007c2c                __nedf2
                0x00007c2c                __eqdf2
                0x00007c2c                __cmpdf2
                0x00007ca8                __aeabi_cdrcmple
                0x00007cb8                __aeabi_cdcmpeq
                0x00007cb8                __aeabi_cdcmple
                0x00007cc8                __aeabi_dcmpeq
                0x00007cdc                __aeabi_dcmplt
                0x00007cf0                __aeabi_dcmple
                0x00007d04                __aeabi_dcmpge
                0x00007d18                __aeabi_dcmpgt
 .text          0x00007d2c       0x50 c:/program files (x86)/cypress/psoc creator/3.3/psoc creator/import/gnu/arm/4.9.3/bin/../lib/gcc/arm-none-eabi/4.9.3/armv7-m\libgcc.a(_arm_fixdfsi.o)
                0x00007d2c                __aeabi_d2iz
                0x00007d2c                __fixdfsi
 .text          0x00007d7c       0x40 c:/program files (x86)/cypress/psoc creator/3.3/psoc creator/import/gnu/arm/4.9.3/bin/../lib/gcc/arm-none-eabi/4.9.3/armv7-m\libgcc.a(_arm_fixunsdfsi.o)
                0x00007d7c                __aeabi_d2uiz
                0x00007d7c                __fixunsdfsi
 .text          0x00007dbc       0xa0 c:/program files (x86)/cypress/psoc creator/3.3/psoc creator/import/gnu/arm/4.9.3/bin/../lib/gcc/arm-none-eabi/4.9.3/armv7-m\libgcc.a(_arm_truncdfsf2.o)
                0x00007dbc                __truncdfsf2
                0x00007dbc                __aeabi_d2f
 .text          0x00007e5c      0x21c c:/program files (x86)/cypress/psoc creator/3.3/psoc creator/import/gnu/arm/4.9.3/bin/../lib/gcc/arm-none-eabi/4.9.3/armv7-m\libgcc.a(_arm_addsubsf3.o)
                0x00007e5c                __aeabi_frsub
                0x00007e64                __subsf3
                0x00007e64                __aeabi_fsub
                0x00007e68                __aeabi_fadd
                0x00007e68                __addsf3
                0x00007fc8                __aeabi_ui2f
                0x00007fc8                __floatunsisf
                0x00007fd0                __aeabi_i2f
                0x00007fd0                __floatsisf
                0x00007fec                __aeabi_ul2f
                0x00007fec                __floatundisf
                0x00007ffc                __aeabi_l2f
                0x00007ffc                __floatdisf
 .text          0x00008078      0x2a0 c:/program files (x86)/cypress/psoc creator/3.3/psoc creator/import/gnu/arm/4.9.3/bin/../lib/gcc/arm-none-eabi/4.9.3/armv7-m\libgcc.a(_arm_muldivsf3.o)
                0x00008078                __mulsf3
                0x00008078                __aeabi_fmul
                0x000081e0                __aeabi_fdiv
                0x000081e0                __divsf3
 .text          0x00008318       0xec c:/program files (x86)/cypress/psoc creator/3.3/psoc creator/import/gnu/arm/4.9.3/bin/../lib/gcc/arm-none-eabi/4.9.3/armv7-m\libgcc.a(_arm_cmpsf2.o)
                0x00008318                __gesf2
                0x00008318                __gtsf2
                0x00008320                __lesf2
                0x00008320                __ltsf2
                0x00008328                __nesf2
                0x00008328                __eqsf2
                0x00008328                __cmpsf2
                0x00008388                __aeabi_cfrcmple
                0x00008390                __aeabi_cfcmpeq
                0x00008390                __aeabi_cfcmple
                0x000083a0                __aeabi_fcmpeq
                0x000083b4                __aeabi_fcmplt
                0x000083c8                __aeabi_fcmple
                0x000083dc                __aeabi_fcmpge
                0x000083f0                __aeabi_fcmpgt
 .text          0x00008404       0x4c c:/program files (x86)/cypress/psoc creator/3.3/psoc creator/import/gnu/arm/4.9.3/bin/../lib/gcc/arm-none-eabi/4.9.3/armv7-m\libgcc.a(_arm_fixsfsi.o)
                0x00008404                __aeabi_f2iz
                0x00008404                __fixsfsi
 .text.__errno  0x00008450        0xc c:/program files (x86)/cypress/psoc creator/3.3/psoc creator/import/gnu/arm/4.9.3/bin/../lib/gcc/arm-none-eabi/4.9.3/../../../../arm-none-eabi/lib/armv7-m\libg_nano.a(lib_a-errno.o)
                0x00008450                __errno
 .text.__libc_init_array
                0x0000845c       0x4c c:/program files (x86)/cypress/psoc creator/3.3/psoc creator/import/gnu/arm/4.9.3/bin/../lib/gcc/arm-none-eabi/4.9.3/../../../../arm-none-eabi/lib/armv7-m\libg_nano.a(lib_a-init.o)
                0x0000845c                __libc_init_array
 .text.__itoa   0x000084a8       0x2e c:/program files (x86)/cypress/psoc creator/3.3/psoc creator/import/gnu/arm/4.9.3/bin/../lib/gcc/arm-none-eabi/4.9.3/../../../../arm-none-eabi/lib/armv7-m\libg_nano.a(lib_a-itoa.o)
                0x000084a8                __itoa
 .text.itoa     0x000084d6        0x4 c:/program files (x86)/cypress/psoc creator/3.3/psoc creator/import/gnu/arm/4.9.3/bin/../lib/gcc/arm-none-eabi/4.9.3/../../../../arm-none-eabi/lib/armv7-m\libg_nano.a(lib_a-itoa.o)
                0x000084d6                itoa
 .text.memcpy   0x000084da       0x16 c:/program files (x86)/cypress/psoc creator/3.3/psoc creator/import/gnu/arm/4.9.3/bin/../lib/gcc/arm-none-eabi/4.9.3/../../../../arm-none-eabi/lib/armv7-m\libg_nano.a(lib_a-memcpy.o)
                0x000084da                memcpy
 .text.memset   0x000084f0       0x10 c:/program files (x86)/cypress/psoc creator/3.3/psoc creator/import/gnu/arm/4.9.3/bin/../lib/gcc/arm-none-eabi/4.9.3/../../../../arm-none-eabi/lib/armv7-m\libg_nano.a(lib_a-memset.o)
                0x000084f0                memset
 .text.__cvt    0x00008500       0xbc c:/program files (x86)/cypress/psoc creator/3.3/psoc creator/import/gnu/arm/4.9.3/bin/../lib/gcc/arm-none-eabi/4.9.3/../../../../arm-none-eabi/lib/armv7-m\libg_nano.a(lib_a-nano-vfprintf_float.o)
                0x00008500                __cvt
 .text.__exponent
                0x000085bc       0x62 c:/program files (x86)/cypress/psoc creator/3.3/psoc creator/import/gnu/arm/4.9.3/bin/../lib/gcc/arm-none-eabi/4.9.3/../../../../arm-none-eabi/lib/armv7-m\libg_nano.a(lib_a-nano-vfprintf_float.o)
                0x000085bc                __exponent
 *fill*         0x0000861e        0x2 
 .text._printf_float
                0x00008620      0x48c c:/program files (x86)/cypress/psoc creator/3.3/psoc creator/import/gnu/arm/4.9.3/bin/../lib/gcc/arm-none-eabi/4.9.3/../../../../arm-none-eabi/lib/armv7-m\libg_nano.a(lib_a-nano-vfprintf_float.o)
                0x00008620                _printf_float
 .text._printf_common
                0x00008aac       0xea c:/program files (x86)/cypress/psoc creator/3.3/psoc creator/import/gnu/arm/4.9.3/bin/../lib/gcc/arm-none-eabi/4.9.3/../../../../arm-none-eabi/lib/armv7-m\libg_nano.a(lib_a-nano-vfprintf_i.o)
                0x00008aac                _printf_common
 *fill*         0x00008b96        0x2 
 .text._printf_i
                0x00008b98      0x240 c:/program files (x86)/cypress/psoc creator/3.3/psoc creator/import/gnu/arm/4.9.3/bin/../lib/gcc/arm-none-eabi/4.9.3/../../../../arm-none-eabi/lib/armv7-m\libg_nano.a(lib_a-nano-vfprintf_i.o)
                0x00008b98                _printf_i
 .text.snprintf
                0x00008dd8       0x64 c:/program files (x86)/cypress/psoc creator/3.3/psoc creator/import/gnu/arm/4.9.3/bin/../lib/gcc/arm-none-eabi/4.9.3/../../../../arm-none-eabi/lib/armv7-m\libg_nano.a(lib_a-snprintf.o)
                0x00008dd8                sniprintf
                0x00008dd8                snprintf
 .text.sprintf  0x00008e3c       0x48 c:/program files (x86)/cypress/psoc creator/3.3/psoc creator/import/gnu/arm/4.9.3/bin/../lib/gcc/arm-none-eabi/4.9.3/../../../../arm-none-eabi/lib/armv7-m\libg_nano.a(lib_a-sprintf.o)
                0x00008e3c                siprintf
                0x00008e3c                sprintf
 .text.strlen   0x00008e84       0x10 c:/program files (x86)/cypress/psoc creator/3.3/psoc creator/import/gnu/arm/4.9.3/bin/../lib/gcc/arm-none-eabi/4.9.3/../../../../arm-none-eabi/lib/armv7-m\libg_nano.a(lib_a-strlen.o)
                0x00008e84                strlen
 .text.__utoa   0x00008e94       0x78 c:/program files (x86)/cypress/psoc creator/3.3/psoc creator/import/gnu/arm/4.9.3/bin/../lib/gcc/arm-none-eabi/4.9.3/../../../../arm-none-eabi/lib/armv7-m\libg_nano.a(lib_a-utoa.o)
                0x00008e94                __utoa
 .text.quorem   0x00008f0c      0x114 c:/program files (x86)/cypress/psoc creator/3.3/psoc creator/import/gnu/arm/4.9.3/bin/../lib/gcc/arm-none-eabi/4.9.3/../../../../arm-none-eabi/lib/armv7-m\libg_nano.a(lib_a-dtoa.o)
 .text._dtoa_r  0x00009020      0xb78 c:/program files (x86)/cypress/psoc creator/3.3/psoc creator/import/gnu/arm/4.9.3/bin/../lib/gcc/arm-none-eabi/4.9.3/../../../../arm-none-eabi/lib/armv7-m\libg_nano.a(lib_a-dtoa.o)
                0x00009020                _dtoa_r
 .text._localeconv_r
                0x00009b98        0x8 c:/program files (x86)/cypress/psoc creator/3.3/psoc creator/import/gnu/arm/4.9.3/bin/../lib/gcc/arm-none-eabi/4.9.3/../../../../arm-none-eabi/lib/armv7-m\libg_nano.a(lib_a-locale.o)
                0x00009b98                _localeconv_r
 .text.malloc   0x00009ba0       0x10 c:/program files (x86)/cypress/psoc creator/3.3/psoc creator/import/gnu/arm/4.9.3/bin/../lib/gcc/arm-none-eabi/4.9.3/../../../../arm-none-eabi/lib/armv7-m\libg_nano.a(lib_a-malloc.o)
                0x00009ba0                malloc
 .text.memchr   0x00009bb0       0x1c c:/program files (x86)/cypress/psoc creator/3.3/psoc creator/import/gnu/arm/4.9.3/bin/../lib/gcc/arm-none-eabi/4.9.3/../../../../arm-none-eabi/lib/armv7-m\libg_nano.a(lib_a-memchr.o)
                0x00009bb0                memchr
 .text._Balloc  0x00009bcc       0x6a c:/program files (x86)/cypress/psoc creator/3.3/psoc creator/import/gnu/arm/4.9.3/bin/../lib/gcc/arm-none-eabi/4.9.3/../../../../arm-none-eabi/lib/armv7-m\libg_nano.a(lib_a-mprec.o)
                0x00009bcc                _Balloc
 .text._Bfree   0x00009c36       0x2e c:/program files (x86)/cypress/psoc creator/3.3/psoc creator/import/gnu/arm/4.9.3/bin/../lib/gcc/arm-none-eabi/4.9.3/../../../../arm-none-eabi/lib/armv7-m\libg_nano.a(lib_a-mprec.o)
                0x00009c36                _Bfree
 .text.__multadd
                0x00009c64       0x7c c:/program files (x86)/cypress/psoc creator/3.3/psoc creator/import/gnu/arm/4.9.3/bin/../lib/gcc/arm-none-eabi/4.9.3/../../../../arm-none-eabi/lib/armv7-m\libg_nano.a(lib_a-mprec.o)
                0x00009c64                __multadd
 .text.__hi0bits
                0x00009ce0       0x40 c:/program files (x86)/cypress/psoc creator/3.3/psoc creator/import/gnu/arm/4.9.3/bin/../lib/gcc/arm-none-eabi/4.9.3/../../../../arm-none-eabi/lib/armv7-m\libg_nano.a(lib_a-mprec.o)
                0x00009ce0                __hi0bits
 .text.__lo0bits
                0x00009d20       0x5a c:/program files (x86)/cypress/psoc creator/3.3/psoc creator/import/gnu/arm/4.9.3/bin/../lib/gcc/arm-none-eabi/4.9.3/../../../../arm-none-eabi/lib/armv7-m\libg_nano.a(lib_a-mprec.o)
                0x00009d20                __lo0bits
 .text.__i2b    0x00009d7a       0x12 c:/program files (x86)/cypress/psoc creator/3.3/psoc creator/import/gnu/arm/4.9.3/bin/../lib/gcc/arm-none-eabi/4.9.3/../../../../arm-none-eabi/lib/armv7-m\libg_nano.a(lib_a-mprec.o)
                0x00009d7a                __i2b
 .text.__multiply
                0x00009d8c      0x120 c:/program files (x86)/cypress/psoc creator/3.3/psoc creator/import/gnu/arm/4.9.3/bin/../lib/gcc/arm-none-eabi/4.9.3/../../../../arm-none-eabi/lib/armv7-m\libg_nano.a(lib_a-mprec.o)
                0x00009d8c                __multiply
 .text.__pow5mult
                0x00009eac       0x9c c:/program files (x86)/cypress/psoc creator/3.3/psoc creator/import/gnu/arm/4.9.3/bin/../lib/gcc/arm-none-eabi/4.9.3/../../../../arm-none-eabi/lib/armv7-m\libg_nano.a(lib_a-mprec.o)
                0x00009eac                __pow5mult
 .text.__lshift
                0x00009f48       0xa6 c:/program files (x86)/cypress/psoc creator/3.3/psoc creator/import/gnu/arm/4.9.3/bin/../lib/gcc/arm-none-eabi/4.9.3/../../../../arm-none-eabi/lib/armv7-m\libg_nano.a(lib_a-mprec.o)
                0x00009f48                __lshift
 .text.__mcmp   0x00009fee       0x38 c:/program files (x86)/cypress/psoc creator/3.3/psoc creator/import/gnu/arm/4.9.3/bin/../lib/gcc/arm-none-eabi/4.9.3/../../../../arm-none-eabi/lib/armv7-m\libg_nano.a(lib_a-mprec.o)
                0x00009fee                __mcmp
 .text.__mdiff  0x0000a026       0xbe c:/program files (x86)/cypress/psoc creator/3.3/psoc creator/import/gnu/arm/4.9.3/bin/../lib/gcc/arm-none-eabi/4.9.3/../../../../arm-none-eabi/lib/armv7-m\libg_nano.a(lib_a-mprec.o)
                0x0000a026                __mdiff
 .text.__d2b    0x0000a0e4       0xa4 c:/program files (x86)/cypress/psoc creator/3.3/psoc creator/import/gnu/arm/4.9.3/bin/../lib/gcc/arm-none-eabi/4.9.3/../../../../arm-none-eabi/lib/armv7-m\libg_nano.a(lib_a-mprec.o)
                0x0000a0e4                __d2b
 .text._calloc_r
                0x0000a188       0x1c c:/program files (x86)/cypress/psoc creator/3.3/psoc creator/import/gnu/arm/4.9.3/bin/../lib/gcc/arm-none-eabi/4.9.3/../../../../arm-none-eabi/lib/armv7-m\libg_nano.a(lib_a-nano-callocr.o)
                0x0000a188                _calloc_r
 .text._free_r  0x0000a1a4       0x88 c:/program files (x86)/cypress/psoc creator/3.3/psoc creator/import/gnu/arm/4.9.3/bin/../lib/gcc/arm-none-eabi/4.9.3/../../../../arm-none-eabi/lib/armv7-m\libg_nano.a(lib_a-nano-freer.o)
                0x0000a1a4                _free_r
 .text._malloc_r
                0x0000a22c       0xac c:/program files (x86)/cypress/psoc creator/3.3/psoc creator/import/gnu/arm/4.9.3/bin/../lib/gcc/arm-none-eabi/4.9.3/../../../../arm-none-eabi/lib/armv7-m\libg_nano.a(lib_a-nano-mallocr.o)
                0x0000a22c                _malloc_r
 .text.__ssputs_r
                0x0000a2d8       0xb2 c:/program files (x86)/cypress/psoc creator/3.3/psoc creator/import/gnu/arm/4.9.3/bin/../lib/gcc/arm-none-eabi/4.9.3/../../../../arm-none-eabi/lib/armv7-m\libg_nano.a(lib_a-nano-svfprintf.o)
                0x0000a2d8                __ssputs_r
 *fill*         0x0000a38a        0x2 
 .text._svfprintf_r
                0x0000a38c      0x1e4 c:/program files (x86)/cypress/psoc creator/3.3/psoc creator/import/gnu/arm/4.9.3/bin/../lib/gcc/arm-none-eabi/4.9.3/../../../../arm-none-eabi/lib/armv7-m\libg_nano.a(lib_a-nano-svfprintf.o)
                0x0000a38c                _svfiprintf_r
                0x0000a38c                _svfprintf_r
 .text._sbrk_r  0x0000a570       0x20 c:/program files (x86)/cypress/psoc creator/3.3/psoc creator/import/gnu/arm/4.9.3/bin/../lib/gcc/arm-none-eabi/4.9.3/../../../../arm-none-eabi/lib/armv7-m\libg_nano.a(lib_a-sbrkr.o)
                0x0000a570                _sbrk_r
 .text.memmove  0x0000a590       0x36 c:/program files (x86)/cypress/psoc creator/3.3/psoc creator/import/gnu/arm/4.9.3/bin/../lib/gcc/arm-none-eabi/4.9.3/../../../../arm-none-eabi/lib/armv7-m\libg_nano.a(lib_a-memmove.o)
                0x0000a590                memmove
 .text._realloc_r
                0x0000a5c6       0x4c c:/program files (x86)/cypress/psoc creator/3.3/psoc creator/import/gnu/arm/4.9.3/bin/../lib/gcc/arm-none-eabi/4.9.3/../../../../arm-none-eabi/lib/armv7-m\libg_nano.a(lib_a-nano-reallocr.o)
                0x0000a5c6                _realloc_r
 .text._malloc_usable_size_r
                0x0000a612       0x14 c:/program files (x86)/cypress/psoc creator/3.3/psoc creator/import/gnu/arm/4.9.3/bin/../lib/gcc/arm-none-eabi/4.9.3/../../../../arm-none-eabi/lib/armv7-m\libg_nano.a(lib_a-nano-msizer.o)
                0x0000a612                _malloc_usable_size_r
 *(.plt)
 *(.gnu.warning)
 *(.glue_7t)
 .glue_7t       0x00000000        0x0 linker stubs
 *(.glue_7)
 .glue_7        0x00000000        0x0 linker stubs
 *(.vfp11_veneer)
 .vfp11_veneer  0x00000000        0x0 linker stubs
 *(.bootloader)
 *(.ARM.extab* .gnu.linkonce.armextab.*)
 *(.gcc_except_table)

.v4_bx          0x0000a628        0x0
 .v4_bx         0x00000000        0x0 linker stubs

.iplt           0x0000a628        0x0
 .iplt          0x00000000        0x0 c:/program files (x86)/cypress/psoc creator/3.3/psoc creator/import/gnu/arm/4.9.3/bin/../lib/gcc/arm-none-eabi/4.9.3/armv7-m/crtbegin.o

.eh_frame_hdr
 *(.eh_frame_hdr)

.eh_frame       0x0000a628        0x4
 *(.eh_frame)
 .eh_frame      0x0000a628        0x0 c:/program files (x86)/cypress/psoc creator/3.3/psoc creator/import/gnu/arm/4.9.3/bin/../lib/gcc/arm-none-eabi/4.9.3/armv7-m/crtbegin.o
 .eh_frame      0x0000a628        0x0 c:/program files (x86)/cypress/psoc creator/3.3/psoc creator/import/gnu/arm/4.9.3/bin/../lib/gcc/arm-none-eabi/4.9.3/../../../../arm-none-eabi/lib/armv7-m\libg_nano.a(lib_a-strcmp.o)
                                 0x28 (size before relaxing)
 .eh_frame      0x0000a628        0x4 c:/program files (x86)/cypress/psoc creator/3.3/psoc creator/import/gnu/arm/4.9.3/bin/../lib/gcc/arm-none-eabi/4.9.3/armv7-m/crtend.o
                0x0000a62c                PROVIDE (__exidx_start, .)

.ARM.exidx
 *(.ARM.exidx* .gnu.linkonce.armexidx.*)
                0x0000a62c                __exidx_end = .

.rodata         0x0000a630      0x778
 *(.rodata .rodata.* .gnu.linkonce.r.*)
 .rodata.str1.4
                0x0000a630       0x69 .\CortexM3\ARM_GCC_493\Debug\main.o
                                 0x6c (size before relaxing)
 *fill*         0x0000a699        0x3 
 .rodata        0x0000a69c        0x8 .\CortexM3\ARM_GCC_493\Debug\cal.o
 .rodata.str1.4
                0x0000a6a4       0x4d .\CortexM3\ARM_GCC_493\Debug\cal.o
                                 0x50 (size before relaxing)
 *fill*         0x0000a6f1        0x3 
 .rodata.str1.4
                0x0000a6f4       0x80 .\CortexM3\ARM_GCC_493\Debug\motor.o
 .rodata.str1.4
                0x0000a774       0x24 .\CortexM3\ARM_GCC_493\Debug\odom.o
 .rodata.str1.4
                0x0000a798       0x1a .\CortexM3\ARM_GCC_493\Debug\serial.o
                                 0x1c (size before relaxing)
 *fill*         0x0000a7b2        0x2 
 .rodata        0x0000a7b4       0x38 .\CortexM3\ARM_GCC_493\Debug\freesoc.a(cyfitter_cfg.o)
 .rodata.str1.4
                0x0000a7ec       0x11 .\CortexM3\ARM_GCC_493\Debug\freesoc.a(USBUART_std.o)
                                 0x14 (size before relaxing)
 *fill*         0x0000a7fd        0x3 
 .rodata        0x0000a800      0x1d4 .\CortexM3\ARM_GCC_493\Debug\freesoc.a(USBUART_descr.o)
                0x0000a800                USBUART_MSOS_CONFIGURATION_DESCR
                0x0000a828                USBUART_MSOS_DESCRIPTOR
                0x0000a83c                USBUART_TABLE