Archive member included because of file (symbol)

.\CortexM3\ARM_GCC_493\Debug\freesoc.a(cyfitter_cfg.o)
                              .\CortexM3\ARM_GCC_493\Debug\Cm3Start.o (cyfitter_cfg)
.\CortexM3\ARM_GCC_493\Debug\freesoc.a(Left_HB25_Enable_Pin.o)
                              .\CortexM3\ARM_GCC_493\Debug\motor.o (Left_HB25_Enable_Pin_Write)
.\CortexM3\ARM_GCC_493\Debug\freesoc.a(Left_HB25_PWM.o)
                              .\CortexM3\ARM_GCC_493\Debug\motor.o (Left_HB25_PWM_Stop)
.\CortexM3\ARM_GCC_493\Debug\freesoc.a(Right_HB25_Enable_Pin.o)
                              .\CortexM3\ARM_GCC_493\Debug\motor.o (Right_HB25_Enable_Pin_Write)
.\CortexM3\ARM_GCC_493\Debug\freesoc.a(Right_HB25_PWM.o)
                              .\CortexM3\ARM_GCC_493\Debug\motor.o (Right_HB25_PWM_Stop)
.\CortexM3\ARM_GCC_493\Debug\freesoc.a(CyBootAsmGnu.o)
                              .\CortexM3\ARM_GCC_493\Debug\freesoc.a(cyfitter_cfg.o) (CyDelayCycles)
.\CortexM3\ARM_GCC_493\Debug\freesoc.a(CyLib.o)
                              .\CortexM3\ARM_GCC_493\Debug\Cm3Start.o (CyHalt)
.\CortexM3\ARM_GCC_493\Debug\freesoc.a(cyPm.o)
                              .\CortexM3\ARM_GCC_493\Debug\freesoc.a(CyLib.o) (CyPmReadStatus)
.\CortexM3\ARM_GCC_493\Debug\freesoc.a(EZI2C_Slave.o)
                              .\CortexM3\ARM_GCC_493\Debug\i2c.o (EZI2C_Slave_Start)
.\CortexM3\ARM_GCC_493\Debug\freesoc.a(EZI2C_Slave_PM.o)
                              .\CortexM3\ARM_GCC_493\Debug\freesoc.a(EZI2C_Slave.o) (EZI2C_Slave_backup)
.\CortexM3\ARM_GCC_493\Debug\freesoc.a(EZI2C_Slave_INT.o)
                              .\CortexM3\ARM_GCC_493\Debug\freesoc.a(EZI2C_Slave.o) (EZI2C_Slave_ISR)
.\CortexM3\ARM_GCC_493\Debug\freesoc.a(Mainloop_Pin.o)
                              .\CortexM3\ARM_GCC_493\Debug\main.o (Mainloop_Pin_Write)
.\CortexM3\ARM_GCC_493\Debug\freesoc.a(EEPROM.o)
                              .\CortexM3\ARM_GCC_493\Debug\nvstore.o (EEPROM_Start)
.\CortexM3\ARM_GCC_493\Debug\freesoc.a(Right_QuadDec.o)
                              .\CortexM3\ARM_GCC_493\Debug\encoder.o (Right_QuadDec_GetCounter)
.\CortexM3\ARM_GCC_493\Debug\freesoc.a(Right_QuadDec_INT.o)
                              .\CortexM3\ARM_GCC_493\Debug\freesoc.a(Right_QuadDec.o) (Right_QuadDec_ISR)
.\CortexM3\ARM_GCC_493\Debug\freesoc.a(Right_QuadDec_Cnt16.o)
                              .\CortexM3\ARM_GCC_493\Debug\freesoc.a(Right_QuadDec.o) (Right_QuadDec_Cnt16_Stop)
.\CortexM3\ARM_GCC_493\Debug\freesoc.a(Left_QuadDec.o)
                              .\CortexM3\ARM_GCC_493\Debug\encoder.o (Left_QuadDec_GetCounter)
.\CortexM3\ARM_GCC_493\Debug\freesoc.a(Left_QuadDec_INT.o)
                              .\CortexM3\ARM_GCC_493\Debug\freesoc.a(Left_QuadDec.o) (Left_QuadDec_ISR)
.\CortexM3\ARM_GCC_493\Debug\freesoc.a(Left_QuadDec_Cnt16.o)
                              .\CortexM3\ARM_GCC_493\Debug\freesoc.a(Left_QuadDec.o) (Left_QuadDec_Cnt16_Stop)
.\CortexM3\ARM_GCC_493\Debug\freesoc.a(USBUART.o)
                              .\CortexM3\ARM_GCC_493\Debug\serial.o (USBUART_Start)
.\CortexM3\ARM_GCC_493\Debug\freesoc.a(USBUART_cdc.o)
                              .\CortexM3\ARM_GCC_493\Debug\serial.o (USBUART_CDC_Init)
.\CortexM3\ARM_GCC_493\Debug\freesoc.a(USBUART_drv.o)
                              .\CortexM3\ARM_GCC_493\Debug\freesoc.a(USBUART.o) (USBUART_lastPacketSize)
.\CortexM3\ARM_GCC_493\Debug\freesoc.a(USBUART_episr.o)
                              .\CortexM3\ARM_GCC_493\Debug\freesoc.a(USBUART.o) (USBUART_EP_1_ISR)
.\CortexM3\ARM_GCC_493\Debug\freesoc.a(USBUART_hid.o)
                              .\CortexM3\ARM_GCC_493\Debug\freesoc.a(USBUART.o) (USBUART_hidProtocol)
.\CortexM3\ARM_GCC_493\Debug\freesoc.a(USBUART_pm.o)
                              .\CortexM3\ARM_GCC_493\Debug\freesoc.a(USBUART.o) (USBUART_DP_ISR)
.\CortexM3\ARM_GCC_493\Debug\freesoc.a(USBUART_std.o)
                              .\CortexM3\ARM_GCC_493\Debug\freesoc.a(USBUART_pm.o) (USBUART_ConfigReg)
.\CortexM3\ARM_GCC_493\Debug\freesoc.a(USBUART_vnd.o)
                              .\CortexM3\ARM_GCC_493\Debug\freesoc.a(USBUART_drv.o) (USBUART_HandleVendorRqst)
.\CortexM3\ARM_GCC_493\Debug\freesoc.a(USBUART_Dp.o)
                              .\CortexM3\ARM_GCC_493\Debug\freesoc.a(USBUART_pm.o) (USBUART_Dp_ClearInterrupt)
.\CortexM3\ARM_GCC_493\Debug\freesoc.a(SPIM.o)
                              .\CortexM3\ARM_GCC_493\Debug\spi.o (SPIM_ReadRxData)
.\CortexM3\ARM_GCC_493\Debug\freesoc.a(SPIM_INT.o)
                              .\CortexM3\ARM_GCC_493\Debug\freesoc.a(SPIM.o) (SPIM_RX_ISR)
.\CortexM3\ARM_GCC_493\Debug\freesoc.a(Slave_Select.o)
                              .\CortexM3\ARM_GCC_493\Debug\spi.o (Slave_Select_Write)
.\CortexM3\ARM_GCC_493\Debug\freesoc.a(CyFlash.o)
                              .\CortexM3\ARM_GCC_493\Debug\freesoc.a(EEPROM.o) (dieTemperature)
.\CortexM3\ARM_GCC_493\Debug\freesoc.a(CySpc.o)
[...]
Memory Configuration

Name             Origin             Length             Attributes
rom              0x00000000         0x00040000         xr
ram              0x1fff8000         0x00010000         xrw
*default*        0x00000000         0xffffffff

Linker script and memory map

LOAD c:/program files (x86)/cypress/psoc creator/3.3/psoc creator/import/gnu/arm/4.9.3/bin/../lib/gcc/arm-none-eabi/4.9.3/armv7-m/crti.o
LOAD c:/program files (x86)/cypress/psoc creator/3.3/psoc creator/import/gnu/arm/4.9.3/bin/../lib/gcc/arm-none-eabi/4.9.3/armv7-m/crtbegin.o
LOAD c:/program files (x86)/cypress/psoc creator/3.3/psoc creator/import/gnu/arm/4.9.3/bin/../lib/gcc/arm-none-eabi/4.9.3/../../../../arm-none-eabi/lib/armv7-m/crt0.o
START GROUP
LOAD .\CortexM3\ARM_GCC_493\Debug\main.o
LOAD .\CortexM3\ARM_GCC_493\Debug\cal.o
LOAD .\CortexM3\ARM_GCC_493\Debug\control.o
LOAD .\CortexM3\ARM_GCC_493\Debug\debug.o
LOAD .\CortexM3\ARM_GCC_493\Debug\diag.o
LOAD .\CortexM3\ARM_GCC_493\Debug\encoder.o
LOAD .\CortexM3\ARM_GCC_493\Debug\i2c.o
LOAD .\CortexM3\ARM_GCC_493\Debug\motor.o
LOAD .\CortexM3\ARM_GCC_493\Debug\odom.o
LOAD .\CortexM3\ARM_GCC_493\Debug\pid.o
LOAD .\CortexM3\ARM_GCC_493\Debug\time.o
LOAD .\CortexM3\ARM_GCC_493\Debug\utils.o
LOAD .\CortexM3\ARM_GCC_493\Debug\pid_controller.o
LOAD .\CortexM3\ARM_GCC_493\Debug\serial.o
LOAD .\CortexM3\ARM_GCC_493\Debug\nvstore.o
LOAD .\CortexM3\ARM_GCC_493\Debug\calpid.o
LOAD .\CortexM3\ARM_GCC_493\Debug\calmotor.o
LOAD .\CortexM3\ARM_GCC_493\Debug\pidutil.o
LOAD .\CortexM3\ARM_GCC_493\Debug\spi.o
LOAD .\CortexM3\ARM_GCC_493\Debug\callin.o
LOAD .\CortexM3\ARM_GCC_493\Debug\sensor.o
LOAD .\CortexM3\ARM_GCC_493\Debug\cymetadata.o
LOAD .\CortexM3\ARM_GCC_493\Debug\Cm3Start.o
LOAD .\CortexM3\ARM_GCC_493\Debug\freesoc.a
LOAD C:\Program Files (x86)\Cypress\PSoC Creator\3.3\PSoC Creator\psoc\content\cycomponentlibrary\CyComponentLibrary.cylib\CortexM3\ARM_GCC_493\Debug\CyComponentLibrary.a
LOAD c:/program files (x86)/cypress/psoc creator/3.3/psoc creator/import/gnu/arm/4.9.3/bin/../lib/gcc/arm-none-eabi/4.9.3/../../../../arm-none-eabi/lib/armv7-m\libm.a
END GROUP
START GROUP
LOAD c:/program files (x86)/cypress/psoc creator/3.3/psoc creator/import/gnu/arm/4.9.3/bin/../lib/gcc/arm-none-eabi/4.9.3/armv7-m\libgcc.a
LOAD c:/program files (x86)/cypress/psoc creator/3.3/psoc creator/import/gnu/arm/4.9.3/bin/../lib/gcc/arm-none-eabi/4.9.3/../../../../arm-none-eabi/lib/armv7-m\libg_nano.a
LOAD c:/program files (x86)/cypress/psoc creator/3.3/psoc creator/import/gnu/arm/4.9.3/bin/../lib/gcc/arm-none-eabi/4.9.3/../../../../arm-none-eabi/lib/armv7-m\libc_nano.a
END GROUP
START GROUP
LOAD c:/program files (x86)/cypress/psoc creator/3.3/psoc creator/import/gnu/arm/4.9.3/bin/../lib/gcc/arm-none-eabi/4.9.3/armv7-m\libgcc.a
LOAD c:/program files (x86)/cypress/psoc creator/3.3/psoc creator/import/gnu/arm/4.9.3/bin/../lib/gcc/arm-none-eabi/4.9.3/../../../../arm-none-eabi/lib/armv7-m\libc_nano.a
END GROUP
LOAD c:/program files (x86)/cypress/psoc creator/3.3/psoc creator/import/gnu/arm/4.9.3/bin/../lib/gcc/arm-none-eabi/4.9.3/armv7-m/crtend.o
LOAD c:/program files (x86)/cypress/psoc creator/3.3/psoc creator/import/gnu/arm/4.9.3/bin/../lib/gcc/arm-none-eabi/4.9.3/armv7-m/crtn.o
START GROUP
LOAD c:/program files (x86)/cypress/psoc creator/3.3/psoc creator/import/gnu/arm/4.9.3/bin/../lib/gcc/arm-none-eabi/4.9.3/armv7-m\libgcc.a
LOAD c:/program files (x86)/cypress/psoc creator/3.3/psoc creator/import/gnu/arm/4.9.3/bin/../lib/gcc/arm-none-eabi/4.9.3/../../../../arm-none-eabi/lib/armv7-m\libc.a
LOAD c:/program files (x86)/cypress/psoc creator/3.3/psoc creator/import/gnu/arm/4.9.3/bin/../lib/gcc/arm-none-eabi/4.9.3/../../../../arm-none-eabi/lib/armv7-m\libnosys.a
END GROUP
                0x00000000                CY_APPL_ORIGIN = 0x0
                0x00000100                CY_FLASH_ROW_SIZE = 0x100
                0x00000020                CY_ECC_ROW_SIZE = 0x20
                0x00000000                CY_EE_IN_BTLDR = 0x0
                0x00000000                CY_APPL_LOADABLE = 0x0
                0x00000800                CY_EE_SIZE = 0x800
                0x00000001                CY_APPL_NUM = 0x1
                0x00000001                CY_APPL_MAX = 0x1
                0x00000040                CY_METADATA_SIZE = 0x40
                0x00000000                CY_APPL_LOADABLE = 0x0
                0x00000000                CY_CHECKSUM_EXCLUDE_SIZE = ALIGN (0x0, CY_FLASH_ROW_SIZE)
                0x1fff8d10                PROVIDE (__cy_heap_start, _end)
                0x00000001                PROVIDE (__cy_region_num, ((__cy_regions_end - __cy_regions) / 0x10))
                0x20008000                PROVIDE (__cy_stack, (ORIGIN (ram) + 0x10000))
                0x20007800                PROVIDE (__cy_heap_end, (__cy_stack - 0x800))

.cybootloader   0x00000000        0x0
 *(.cybootloader)
                0x00000000                appl1_start = CY_APPL_ORIGIN?CY_APPL_ORIGIN:ALIGN (CY_FLASH_ROW_SIZE)
                0x0001ff00                appl2_start = (appl1_start + ALIGN ((((0x40000 - appl1_start) - (0x2 * CY_FLASH_ROW_SIZE)) / 0x2), CY_FLASH_ROW_SIZE))
                0x00000000                appl_start = (CY_APPL_NUM == 0x1)?appl1_start:appl2_start
                0x00000000                ecc_offset = ((appl_start / CY_FLASH_ROW_SIZE) * CY_ECC_ROW_SIZE)
                0x00000000                ee_offset = (CY_APPL_LOADABLE && ! (CY_EE_IN_BTLDR))?((CY_EE_SIZE / CY_APPL_MAX) * (CY_APPL_NUM - 0x1)):0x0
                0x00000800                ee_size = (CY_APPL_LOADABLE && ! (CY_EE_IN_BTLDR))?(CY_EE_SIZE / CY_APPL_MAX):CY_EE_SIZE
                0x00000000                PROVIDE (CY_ECC_OFFSET, ecc_offset)

.text           0x00000000     0xdbd4
 CREATE_OBJECT_SYMBOLS
                0x00000000                PROVIDE (__cy_interrupt_vector, RomVectors)
 *(.romvectors)
 .romvectors    0x00000000       0x10 .\CortexM3\ARM_GCC_493\Debug\Cm3Start.o
                0x00000000                RomVectors
                0x00000001                ASSERT ((. != __cy_interrupt_vector), No interrupt vector)
                0x00000001                ASSERT (CY_APPL_ORIGIN?(SIZEOF (.cybootloader) <= CY_APPL_ORIGIN):0x1, Wrong image location)
                0x00000010                PROVIDE (__cy_reset, Reset)
 *(.text.Reset)
 .text.Reset    0x00000010       0x18 .\CortexM3\ARM_GCC_493\Debug\Cm3Start.o
                0x00000010                Reset
                0x00000001                ASSERT ((. != __cy_reset), No reset code)
 *(.dma_init)
                0x00000001                ASSERT ((((appl_start + .) <= 0x10000) || 0x1), DMA Init must be within the first 64k of flash)
 *(.text .text.* .gnu.linkonce.t.*)
 .text          0x00000028       0x5c c:/program files (x86)/cypress/psoc creator/3.3/psoc creator/import/gnu/arm/4.9.3/bin/../lib/gcc/arm-none-eabi/4.9.3/armv7-m/crtbegin.o
 .text.main     0x00000084      0x158 .\CortexM3\ARM_GCC_493\Debug\main.o
                0x00000084                main
 .text.LeftTarget
                0x000001dc        0xc .\CortexM3\ARM_GCC_493\Debug\cal.o
 .text.RightTarget
                0x000001e8        0xc .\CortexM3\ARM_GCC_493\Debug\cal.o
 .text.DisplayCalMenu
                0x000001f4       0x5c .\CortexM3\ARM_GCC_493\Debug\cal.o
 .text.DisplayValMenu
                0x00000250       0x90 .\CortexM3\ARM_GCC_493\Debug\cal.o
 .text.DisplayMenu
                0x000002e0       0x20 .\CortexM3\ARM_GCC_493\Debug\cal.o
 .text.DisplaySettingsMenu
                0x00000300       0x68 .\CortexM3\ARM_GCC_493\Debug\cal.o
 .text.HandleError
                0x00000368       0x30 .\CortexM3\ARM_GCC_493\Debug\cal.o
 .text.Process  0x00000398       0xa4 .\CortexM3\ARM_GCC_493\Debug\cal.o
 .text.DisplayExit
                0x0000043c       0x18 .\CortexM3\ARM_GCC_493\Debug\cal.o
 .text.GetCommand
                0x00000454       0x58 .\CortexM3\ARM_GCC_493\Debug\cal.o
 .text.GetCalibration
                0x000004ac       0x50 .\CortexM3\ARM_GCC_493\Debug\cal.o
 .text.GetValidation
                0x000004fc      0x148 .\CortexM3\ARM_GCC_493\Debug\cal.o
 .text.CpsToPwm
                0x00000644       0x74 .\CortexM3\ARM_GCC_493\Debug\cal.o
 .text.ClearCalibrationStatusBit
                0x000006b8       0x2c .\CortexM3\ARM_GCC_493\Debug\cal.o
                0x000006b8                ClearCalibrationStatusBit
 .text.SetCalibrationStatusBit
                0x000006e4       0x24 .\CortexM3\ARM_GCC_493\Debug\cal.o
                0x000006e4                SetCalibrationStatusBit
 .text.Cal_PrintSamples
                0x00000708       0x64 .\CortexM3\ARM_GCC_493\Debug\cal.o
                0x00000708                Cal_PrintSamples
 .text.Cal_PrintGains
                0x0000076c       0x48 .\CortexM3\ARM_GCC_493\Debug\cal.o
                0x0000076c                Cal_PrintGains
 .text.ProcessSettingsCmd
                0x000007b4      0x104 .\CortexM3\ARM_GCC_493\Debug\cal.o
 .text.Cal_Init
                0x000008b8       0x3c .\CortexM3\ARM_GCC_493\Debug\cal.o
                0x000008b8                Cal_Init
 .text.Cal_Start
                0x000008f4       0x14 .\CortexM3\ARM_GCC_493\Debug\cal.o
                0x000008f4                Cal_Start
 .text.Cal_Update
                0x00000908       0xd4 .\CortexM3\ARM_GCC_493\Debug\cal.o
                0x00000908                Cal_Update
 .text.Cal_ReadResponse
                0x000009dc       0x48 .\CortexM3\ARM_GCC_493\Debug\cal.o
                0x000009dc                Cal_ReadResponse
 .text.Cal_LeftGetPidGains
                0x00000a24        0xc .\CortexM3\ARM_GCC_493\Debug\cal.o
                0x00000a24                Cal_LeftGetPidGains
 .text.Cal_RightGetPidGains
                0x00000a30        0xc .\CortexM3\ARM_GCC_493\Debug\cal.o
                0x00000a30                Cal_RightGetPidGains
 .text.Cal_SetLeftRightVelocity
                0x00000a3c        0xc .\CortexM3\ARM_GCC_493\Debug\cal.o
                0x00000a3c                Cal_SetLeftRightVelocity
 .text.Cal_CpsToPwm
                0x00000a48       0x9c .\CortexM3\ARM_GCC_493\Debug\cal.o
                0x00000a48                Cal_CpsToPwm
 .text.Cal_Clear
                0x00000ae4       0x10 .\CortexM3\ARM_GCC_493\Debug\cal.o
                0x00000ae4                Cal_Clear
 .text.Cal_CalcTriangularProfile
                0x00000af4      0x154 .\CortexM3\ARM_GCC_493\Debug\cal.o
                0x00000af4                Cal_CalcTriangularProfile
 .text.Control_Init
                0x00000c48       0x10 .\CortexM3\ARM_GCC_493\Debug\control.o
                0x00000c48                Control_Init
 .text.Control_Start
                0x00000c58        0x4 .\CortexM3\ARM_GCC_493\Debug\control.o
                0x00000c58                Control_Start
 *fill*         0x00000c5c        0x4 
 .text.Control_Update
                0x00000c60      0x188 .\CortexM3\ARM_GCC_493\Debug\control.o
                0x00000c60                Control_Update
 .text.Control_LeftGetCmdVelocity
                0x00000de8        0xc .\CortexM3\ARM_GCC_493\Debug\control.o
                0x00000de8                Control_LeftGetCmdVelocity
 .text.Control_RightGetCmdVelocity
                0x00000df4        0xc .\CortexM3\ARM_GCC_493\Debug\control.o
                0x00000df4                Control_RightGetCmdVelocity
 .text.Control_OverrideDebug
                0x00000e00        0xc .\CortexM3\ARM_GCC_493\Debug\control.o
                0x00000e00                Control_OverrideDebug
 .text.Debug_Init
                0x00000e0c       0x28 .\CortexM3\ARM_GCC_493\Debug\debug.o
                0x00000e0c                Debug_Init
 .text.Debug_Start
                0x00000e34        0x4 .\CortexM3\ARM_GCC_493\Debug\debug.o
                0x00000e34                Debug_Start
 .text.Diag_Init
                0x00000e38       0x18 .\CortexM3\ARM_GCC_493\Debug\diag.o
                0x00000e38                Diag_Init
 .text.Diag_Start
                0x00000e50        0x4 .\CortexM3\ARM_GCC_493\Debug\diag.o
                0x00000e50                Diag_Start
 .text.Diag_Update
                0x00000e54       0x34 .\CortexM3\ARM_GCC_493\Debug\diag.o
                0x00000e54                Diag_Update
 .text.Encoder_Sample
                0x00000e88       0xa8 .\CortexM3\ARM_GCC_493\Debug\encoder.o
 .text.DumpEncoder
                0x00000f30       0x74 .\CortexM3\ARM_GCC_493\Debug\encoder.o
 .text.Encoder_Init
                0x00000fa4       0x4c .\CortexM3\ARM_GCC_493\Debug\encoder.o
                0x00000fa4                Encoder_Init
 .text.Encoder_Start
                0x00000ff0       0x20 .\CortexM3\ARM_GCC_493\Debug\encoder.o
                0x00000ff0                Encoder_Start
 .text.Encoder_Update
                0x00001010       0xb0 .\CortexM3\ARM_GCC_493\Debug\encoder.o
                0x00001010                Encoder_Update
 .text.Encoder_LeftGetCntsPerSec
                0x000010c0        0xc .\CortexM3\ARM_GCC_493\Debug\encoder.o
                0x000010c0                Encoder_LeftGetCntsPerSec
 .text.Encoder_RightGetCntsPerSec
                0x000010cc        0xc .\CortexM3\ARM_GCC_493\Debug\encoder.o
                0x000010cc                Encoder_RightGetCntsPerSec
 .text.Encoder_LeftGetMeterPerSec
                0x000010d8        0xc .\CortexM3\ARM_GCC_493\Debug\encoder.o
                0x000010d8                Encoder_LeftGetMeterPerSec
 .text.Encoder_RightGetMeterPerSec
                0x000010e4        0xc .\CortexM3\ARM_GCC_493\Debug\encoder.o
                0x000010e4                Encoder_RightGetMeterPerSec
 .text.Encoder_LeftGetDist
                0x000010f0        0xc .\CortexM3\ARM_GCC_493\Debug\encoder.o
                0x000010f0                Encoder_LeftGetDist
 .text.Encoder_RightGetDist
                0x000010fc        0xc .\CortexM3\ARM_GCC_493\Debug\encoder.o
                0x000010fc                Encoder_RightGetDist
 .text.Encoder_Reset
                0x00001108       0x68 .\CortexM3\ARM_GCC_493\Debug\encoder.o
                0x00001108                Encoder_Reset
 .text.I2c_Init
                0x00001170       0x24 .\CortexM3\ARM_GCC_493\Debug\i2c.o
                0x00001170                I2c_Init
 .text.I2c_Start
                0x00001194       0x18 .\CortexM3\ARM_GCC_493\Debug\i2c.o
                0x00001194                I2c_Start
 .text.I2c_ReadDeviceControl
                0x000011ac       0x10 .\CortexM3\ARM_GCC_493\Debug\i2c.o
                0x000011ac                I2c_ReadDeviceControl
 .text.I2c_ReadDebugControl
                0x000011bc       0x6c .\CortexM3\ARM_GCC_493\Debug\i2c.o
                0x000011bc                I2c_ReadDebugControl
 .text.I2c_ReadCmdVelocity
                0x00001228       0x50 .\CortexM3\ARM_GCC_493\Debug\i2c.o
                0x00001228                I2c_ReadCmdVelocity
 .text.I2c_SetDeviceStatusBit
                0x00001278       0x14 .\CortexM3\ARM_GCC_493\Debug\i2c.o
                0x00001278                I2c_SetDeviceStatusBit
 .text.I2c_ClearDeviceStatusBit
                0x0000128c       0x18 .\CortexM3\ARM_GCC_493\Debug\i2c.o
                0x0000128c                I2c_ClearDeviceStatusBit
 .text.I2c_SetCalibrationStatusBit
                0x000012a4       0x14 .\CortexM3\ARM_GCC_493\Debug\i2c.o
                0x000012a4                I2c_SetCalibrationStatusBit
 .text.I2c_ClearCalibrationStatusBit
                0x000012b8       0x18 .\CortexM3\ARM_GCC_493\Debug\i2c.o
                0x000012b8                I2c_ClearCalibrationStatusBit
 .text.I2c_SetCalibrationStatus
                0x000012d0       0x10 .\CortexM3\ARM_GCC_493\Debug\i2c.o
                0x000012d0                I2c_SetCalibrationStatus
 .text.I2c_WriteOdom
                0x000012e0       0x1c .\CortexM3\ARM_GCC_493\Debug\i2c.o
                0x000012e0                I2c_WriteOdom
 .text.I2c_WriteUltrasonicFrontDistances
                0x000012fc       0x28 .\CortexM3\ARM_GCC_493\Debug\i2c.o
                0x000012fc                I2c_WriteUltrasonicFrontDistances
 .text.I2c_WriteUltrasonicRearDistances
                0x00001324       0x28 .\CortexM3\ARM_GCC_493\Debug\i2c.o
                0x00001324                I2c_WriteUltrasonicRearDistances
 .text.I2c_WriteInfraredFrontDistances
                0x0000134c       0x28 .\CortexM3\ARM_GCC_493\Debug\i2c.o
                0x0000134c                I2c_WriteInfraredFrontDistances
 .text.I2c_WriteInfraredRearDistances
                0x00001374       0x28 .\CortexM3\ARM_GCC_493\Debug\i2c.o
                0x00001374                I2c_WriteInfraredRearDistances
 .text.I2c_UpdateHeartbeat
                0x0000139c       0x14 .\CortexM3\ARM_GCC_493\Debug\i2c.o
                0x0000139c                I2c_UpdateHeartbeat
 .text.DumpMotor
                0x000013b0       0x40 .\CortexM3\ARM_GCC_493\Debug\motor.o
 .text.RampDown
                0x000013f0       0x78 .\CortexM3\ARM_GCC_493\Debug\motor.o
 .text.Motor_Init
                0x00001468       0x18 .\CortexM3\ARM_GCC_493\Debug\motor.o
                0x00001468                Motor_Init
 .text.Motor_Start
                0x00001480       0x34 .\CortexM3\ARM_GCC_493\Debug\motor.o
                0x00001480                Motor_Start
 .text.Motor_LeftSetPwm
                0x000014b4       0x34 .\CortexM3\ARM_GCC_493\Debug\motor.o
                0x000014b4                Motor_LeftSetPwm
 .text.Motor_RightSetPwm
                0x000014e8       0x34 .\CortexM3\ARM_GCC_493\Debug\motor.o
                0x000014e8                Motor_RightSetPwm
 .text.Motor_SetPwm
                0x0000151c       0x10 .\CortexM3\ARM_GCC_493\Debug\motor.o
                0x0000151c                Motor_SetPwm
 .text.Motor_LeftGetPwm
                0x0000152c       0x10 .\CortexM3\ARM_GCC_493\Debug\motor.o
                0x0000152c                Motor_LeftGetPwm
 .text.Motor_RightGetPwm
                0x0000153c       0x10 .\CortexM3\ARM_GCC_493\Debug\motor.o
                0x0000153c                Motor_RightGetPwm
 .text.Motor_Stop
                0x0000154c       0x34 .\CortexM3\ARM_GCC_493\Debug\motor.o
                0x0000154c                Motor_Stop
 .text.Motor_LeftRampDown
                0x00001580       0x10 .\CortexM3\ARM_GCC_493\Debug\motor.o
                0x00001580                Motor_LeftRampDown
 .text.Motor_RightRampDown
                0x00001590       0x10 .\CortexM3\ARM_GCC_493\Debug\motor.o
                0x00001590                Motor_RightRampDown
 .text.CalculateOdometry
                0x000015a0       0x98 .\CortexM3\ARM_GCC_493\Debug\odom.o
 .text.DumpOdom
                0x00001638       0x80 .\CortexM3\ARM_GCC_493\Debug\odom.o
 .text.Odom_Init
                0x000016b8       0x14 .\CortexM3\ARM_GCC_493\Debug\odom.o
                0x000016b8                Odom_Init
 .text.Odom_Start
                0x000016cc        0x4 .\CortexM3\ARM_GCC_493\Debug\odom.o
                0x000016cc                Odom_Start
 .text.Odom_Update
                0x000016d0       0x8c .\CortexM3\ARM_GCC_493\Debug\odom.o
                0x000016d0                Odom_Update
 .text.Odom_Reset
                0x0000175c       0x28 .\CortexM3\ARM_GCC_493\Debug\odom.o
                0x0000175c                Odom_Reset
 *fill*         0x00001784        0x4 
 .text.ProcessPid
                0x00001788       0xb8 .\CortexM3\ARM_GCC_493\Debug\pid.o
 .text.Pid_Init
                0x00001840       0x7c .\CortexM3\ARM_GCC_493\Debug\pid.o
                0x00001840                Pid_Init
 .text.Pid_Start
                0x000018bc       0x30 .\CortexM3\ARM_GCC_493\Debug\pid.o
                0x000018bc                Pid_Start
 *fill*         0x000018ec        0x4 
 .text.Pid_Update
                0x000018f0       0xd0 .\CortexM3\ARM_GCC_493\Debug\pid.o
                0x000018f0                Pid_Update
 .text.Pid_SetLeftRightTarget
                0x000019c0       0x10 .\CortexM3\ARM_GCC_493\Debug\pid.o
                0x000019c0                Pid_SetLeftRightTarget
 .text.Pid_RestoreLeftRightTarget
                0x000019d0       0x1c .\CortexM3\ARM_GCC_493\Debug\pid.o
                0x000019d0                Pid_RestoreLeftRightTarget
 .text.Pid_Reset
                0x000019ec       0x24 .\CortexM3\ARM_GCC_493\Debug\pid.o
                0x000019ec                Pid_Reset
 .text.Pid_Enable
                0x00001a10       0x28 .\CortexM3\ARM_GCC_493\Debug\pid.o
                0x00001a10                Pid_Enable
 .text.Pid_LeftSetGains
                0x00001a38       0x18 .\CortexM3\ARM_GCC_493\Debug\pid.o
                0x00001a38                Pid_LeftSetGains
 .text.Pid_RightSetGains
                0x00001a50       0x18 .\CortexM3\ARM_GCC_493\Debug\pid.o
                0x00001a50                Pid_RightSetGains
 .text.Pid_LeftGetGains
                0x00001a68       0x1c .\CortexM3\ARM_GCC_493\Debug\pid.o
                0x00001a68                Pid_LeftGetGains
 .text.Pid_RightGetGains
                0x00001a84       0x1c .\CortexM3\ARM_GCC_493\Debug\pid.o
                0x00001a84                Pid_RightGetGains
 .text.SysTickIsrHandler
                0x00001aa0       0x10 .\CortexM3\ARM_GCC_493\Debug\time.o
 .text.Time_Init
                0x00001ab0        0xc .\CortexM3\ARM_GCC_493\Debug\time.o
                0x00001ab0                Time_Init
 .text.Time_Start
                0x00001abc       0x2c .\CortexM3\ARM_GCC_493\Debug\time.o
                0x00001abc                Time_Start
 .text.millis   0x00001ae8        0xc .\CortexM3\ARM_GCC_493\Debug\time.o
                0x00001ae8                millis
 .text.insert_zeros
                0x00001af4       0x30 .\CortexM3\ARM_GCC_493\Debug\utils.o
 .text.MovingAverageFloat
                0x00001b24       0x2c .\CortexM3\ARM_GCC_493\Debug\utils.o
                0x00001b24                MovingAverageFloat
 .text.Uint16ToTwoBytes
                0x00001b50        0xc .\CortexM3\ARM_GCC_493\Debug\utils.o
                0x00001b50                Uint16ToTwoBytes
 .text.FloatToFourBytes
                0x00001b5c       0x20 .\CortexM3\ARM_GCC_493\Debug\utils.o
                0x00001b5c                FloatToFourBytes
 .text.ftoa     0x00001b7c       0xa4 .\CortexM3\ARM_GCC_493\Debug\utils.o
                0x00001b7c                ftoa
 .text.BinaryRangeSearch
                0x00001c20       0x50 .\CortexM3\ARM_GCC_493\Debug\utils.o
                0x00001c20                BinaryRangeSearch
 .text.Interpolate
                0x00001c70       0x3c .\CortexM3\ARM_GCC_493\Debug\utils.o
                0x00001c70                Interpolate
 .text.PIDCompute
                0x00001cac       0xa4 .\CortexM3\ARM_GCC_493\Debug\pid_controller.o
                0x00001cac                PIDCompute
 .text.PIDModeSet
                0x00001d50       0x40 .\CortexM3\ARM_GCC_493\Debug\pid_controller.o
                0x00001d50                PIDModeSet
 .text.PIDOutputLimitsSet
                0x00001d90       0x5c .\CortexM3\ARM_GCC_493\Debug\pid_controller.o
                0x00001d90                PIDOutputLimitsSet
 .text.PIDTuningsSet
                0x00001dec       0x6c .\CortexM3\ARM_GCC_493\Debug\pid_controller.o
                0x00001dec                PIDTuningsSet
 .text.PIDInit  0x00001e58       0x54 .\CortexM3\ARM_GCC_493\Debug\pid_controller.o
                0x00001e58                PIDInit
 .text.PIDSetpointSet
                0x00001eac        0x4 .\CortexM3\ARM_GCC_493\Debug\pid_controller.o
                0x00001eac                PIDSetpointSet
 .text.PIDInputSet
                0x00001eb0        0x4 .\CortexM3\ARM_GCC_493\Debug\pid_controller.o
                0x00001eb0                PIDInputSet
 .text.Ser_Init
                0x00001eb4        0x4 .\CortexM3\ARM_GCC_493\Debug\serial.o
                0x00001eb4                Ser_Init
 .text.Ser_Start
                0x00001eb8       0x2c .\CortexM3\ARM_GCC_493\Debug\serial.o
                0x00001eb8                Ser_Start
 .text.Ser_Update
                0x00001ee4       0x14 .\CortexM3\ARM_GCC_493\Debug\serial.o
                0x00001ee4                Ser_Update
 .text.Ser_PutString
                0x00001ef8       0x20 .\CortexM3\ARM_GCC_493\Debug\serial.o
                0x00001ef8                Ser_PutString
 .text.Ser_ReadByte
                0x00001f18       0x1c .\CortexM3\ARM_GCC_493\Debug\serial.o
                0x00001f18                Ser_ReadByte
 .text.Ser_WriteByte
                0x00001f34       0x1c .\CortexM3\ARM_GCC_493\Debug\serial.o
                0x00001f34                Ser_WriteByte
 .text.Nvstore_Init
                0x00001f50        0x4 .\CortexM3\ARM_GCC_493\Debug\nvstore.o
                0x00001f50                Nvstore_Init
 .text.Nvstore_Start
                0x00001f54        0x8 .\CortexM3\ARM_GCC_493\Debug\nvstore.o
                0x00001f54                Nvstore_Start
 .text.Nvstore_WriteBytes
                0x00001f5c       0xc8 .\CortexM3\ARM_GCC_493\Debug\nvstore.o
                0x00001f5c                Nvstore_WriteBytes
 .text.Nvstore_WriteUint16
                0x00002024       0x2c .\CortexM3\ARM_GCC_493\Debug\nvstore.o
                0x00002024                Nvstore_WriteUint16
 .text.Nvstore_WriteFloat
                0x00002050       0x2c .\CortexM3\ARM_GCC_493\Debug\nvstore.o
                0x00002050                Nvstore_WriteFloat
 *fill*         0x0000207c        0x4 
 .text.GetStepVelocity
                0x00002080      0x118 .\CortexM3\ARM_GCC_493\Debug\calpid.o
 .text.ResetPidValidationVelocity
                0x00002198       0x10 .\CortexM3\ARM_GCC_493\Debug\calpid.o
 .text.GetNextValidationVelocity
                0x000021a8       0x58 .\CortexM3\ARM_GCC_493\Debug\calpid.o
 .text.Results  0x00002200       0x64 .\CortexM3\ARM_GCC_493\Debug\calpid.o
 .text.StoreLeftGains
                0x00002264       0x3c .\CortexM3\ARM_GCC_493\Debug\calpid.o
 .text.StoreRightGains
                0x000022a0       0x3c .\CortexM3\ARM_GCC_493\Debug\calpid.o
 .text.Stop     0x000022dc       0x90 .\CortexM3\ARM_GCC_493\Debug\calpid.o
 .text.SetNextValidationVelocity
                0x0000236c       0x5c .\CortexM3\ARM_GCC_493\Debug\calpid.o
 .text.Update   0x000023c8       0x58 .\CortexM3\ARM_GCC_493\Debug\calpid.o
 .text.Start    0x00002420       0xe4 .\CortexM3\ARM_GCC_493\Debug\calpid.o
 .text.Init     0x00002504       0xe0 .\CortexM3\ARM_GCC_493\Debug\calpid.o
 .text.CalPid_Init
                0x000025e4       0x2c .\CortexM3\ARM_GCC_493\Debug\calpid.o
                0x000025e4                CalPid_Init
 .text.CalculatePwmSamples
                0x00002610       0x38 .\CortexM3\ARM_GCC_493\Debug\calmotor.o
 .text.AddSamplesToSum
                0x00002648       0x24 .\CortexM3\ARM_GCC_493\Debug\calmotor.o
 .text.CalculateAvgCpsSamples
                0x0000266c       0x20 .\CortexM3\ARM_GCC_493\Debug\calmotor.o
 .text.CalculateMinMaxCpsSample
                0x0000268c       0x38 .\CortexM3\ARM_GCC_493\Debug\calmotor.o
 .text.GetNextCps
                0x000026c4       0x48 .\CortexM3\ARM_GCC_493\Debug\calmotor.o
 .text.PrintAllMotorParams
                0x0000270c       0x64 .\CortexM3\ARM_GCC_493\Debug\calmotor.o
 .text.Results  0x00002770       0x28 .\CortexM3\ARM_GCC_493\Debug\calmotor.o
 .text.SetNextVelocity
                0x00002798       0x40 .\CortexM3\ARM_GCC_493\Debug\calmotor.o
 .text.Start    0x000027d8       0x2c .\CortexM3\ARM_GCC_493\Debug\calmotor.o
 .text.Stop     0x00002804       0x38 .\CortexM3\ARM_GCC_493\Debug\calmotor.o
 .text.CalcCpsAvgAtPwm
                0x0000283c       0x58 .\CortexM3\ARM_GCC_493\Debug\calmotor.o
 .text.CollectCpsSamples
                0x00002894       0x5c .\CortexM3\ARM_GCC_493\Debug\calmotor.o
 .text.StoreWheelSpeedCalibration
                0x000028f0       0x50 .\CortexM3\ARM_GCC_493\Debug\calmotor.o
 .text.CalibrateWheelSpeed
                0x00002940       0x98 .\CortexM3\ARM_GCC_493\Debug\calmotor.o
 .text.PrintWheelVelocity
                0x000029d8       0x90 .\CortexM3\ARM_GCC_493\Debug\calmotor.o
 .text.ValidateMotorCalibration
                0x00002a68       0xc8 .\CortexM3\ARM_GCC_493\Debug\calmotor.o
 .text.Update   0x00002b30       0xc0 .\CortexM3\ARM_GCC_493\Debug\calmotor.o
 .text.Init     0x00002bf0       0x6c .\CortexM3\ARM_GCC_493\Debug\calmotor.o
 .text.CalMotor_Init
                0x00002c5c       0x40 .\CortexM3\ARM_GCC_493\Debug\calmotor.o
                0x00002c5c                CalMotor_Init
 .text.DumpPid  0x00002c9c      0x104 .\CortexM3\ARM_GCC_493\Debug\pidutil.o
                0x00002c9c                DumpPid
 .text.IsValidMessage
                0x00002da0       0x1c .\CortexM3\ARM_GCC_493\Debug\spi.o
 .text.RecvMessage
                0x00002dbc       0xc0 .\CortexM3\ARM_GCC_493\Debug\spi.o
                0x00002dbc                RecvMessage
 .text.Spi_Init
                0x00002e7c        0x4 .\CortexM3\ARM_GCC_493\Debug\spi.o
                0x00002e7c                Spi_Init
 .text.Spi_Start
                0x00002e80       0x10 .\CortexM3\ARM_GCC_493\Debug\spi.o
                0x00002e80                Spi_Start
 .text.Spi_ReadNode
                0x00002e90       0x44 .\CortexM3\ARM_GCC_493\Debug\spi.o
                0x00002e90                Spi_ReadNode
 .text.Results  0x00002ed4       0x18 .\CortexM3\ARM_GCC_493\Debug\callin.o
 *fill*         0x00002eec        0x4 
 .text.Stop     0x00002ef0       0xe0 .\CortexM3\ARM_GCC_493\Debug\callin.o
 .text.Update   0x00002fd0       0x94 .\CortexM3\ARM_GCC_493\Debug\callin.o
 .text.Start    0x00003064       0x60 .\CortexM3\ARM_GCC_493\Debug\callin.o
 .text.Init     0x000030c4       0x68 .\CortexM3\ARM_GCC_493\Debug\callin.o
 .text.CalLin_Init
                0x0000312c       0x10 .\CortexM3\ARM_GCC_493\Debug\callin.o
                0x0000312c                CalLin_Init
 .text.ReadInfraredRear
                0x0000313c       0x18 .\CortexM3\ARM_GCC_493\Debug\sensor.o
 .text.ReadUltratronicRear
                0x00003154       0x18 .\CortexM3\ARM_GCC_493\Debug\sensor.o
 .text.ReadReadDistanceSensors
                0x0000316c        0xc .\CortexM3\ARM_GCC_493\Debug\sensor.o
 .text.ReadInfraredFront
                0x00003178       0x18 .\CortexM3\ARM_GCC_493\Debug\sensor.o
 .text.ReadUltrasonicFront
                0x00003190       0x18 .\CortexM3\ARM_GCC_493\Debug\sensor.o
 .text.ReadFrontDistanceSensors
                0x000031a8        0xc .\CortexM3\ARM_GCC_493\Debug\sensor.o
 .text.Sensor_Init
                0x000031b4       0x20 .\CortexM3\ARM_GCC_493\Debug\sensor.o
                0x000031b4                Sensor_Init
 .text.Sensor_Start
                0x000031d4        0x8 .\CortexM3\ARM_GCC_493\Debug\sensor.o
                0x000031d4                Sensor_Start
 .text.Sensor_Update
                0x000031dc       0x64 .\CortexM3\ARM_GCC_493\Debug\sensor.o
                0x000031dc                Sensor_Update
 .text.IntDefaultHandler
                0x00003240        0x4 .\CortexM3\ARM_GCC_493\Debug\Cm3Start.o
                0x00003240                IntDefaultHandler
 .text._exit    0x00003244        0xc .\CortexM3\ARM_GCC_493\Debug\Cm3Start.o
                0x00003244                _exit
 .text._sbrk    0x00003250       0x30 .\CortexM3\ARM_GCC_493\Debug\Cm3Start.o
                0x00003250                _sbrk
 .text.Start_c  0x00003280       0x4c .\CortexM3\ARM_GCC_493\Debug\Cm3Start.o
                0x00003280                Start_c
 .text.initialize_psoc
                0x000032cc       0x74 .\CortexM3\ARM_GCC_493\Debug\Cm3Start.o
                0x000032cc                initialize_psoc
 .text.cfg_write_bytes32
                0x00003340       0x34 .\CortexM3\ARM_GCC_493\Debug\freesoc.a(cyfitter_cfg.o)
 .text.AnalogSetDefault
                0x00003374       0x28 .\CortexM3\ARM_GCC_493\Debug\freesoc.a(cyfitter_cfg.o)
 .text.CYMEMZERO
                0x0000339c        0xc .\CortexM3\ARM_GCC_493\Debug\freesoc.a(cyfitter_cfg.o)
 .text.ClockSetup
                0x000033a8       0xd8 .\CortexM3\ARM_GCC_493\Debug\freesoc.a(cyfitter_cfg.o)
 .text.CYCONFIGCPY
                0x00003480        0x8 .\CortexM3\ARM_GCC_493\Debug\freesoc.a(cyfitter_cfg.o)
 .text.cyfitter_cfg
                0x00003488      0x144 .\CortexM3\ARM_GCC_493\Debug\freesoc.a(cyfitter_cfg.o)
                0x00003488                cyfitter_cfg
 .text.Left_HB25_Enable_Pin_Write
                0x000035cc       0x18 .\CortexM3\ARM_GCC_493\Debug\freesoc.a(Left_HB25_Enable_Pin.o)
                0x000035cc                Left_HB25_Enable_Pin_Write
 .text.Left_HB25_PWM_Stop
                0x000035e4        0x4 .\CortexM3\ARM_GCC_493\Debug\freesoc.a(Left_HB25_PWM.o)
                0x000035e4                Left_HB25_PWM_Stop
 .text.Left_HB25_PWM_WriteCounter
                0x000035e8        0xc .\CortexM3\ARM_GCC_493\Debug\freesoc.a(Left_HB25_PWM.o)
                0x000035e8                Left_HB25_PWM_WriteCounter
 .text.Left_HB25_PWM_WritePeriod
                0x000035f4        0xc .\CortexM3\ARM_GCC_493\Debug\freesoc.a(Left_HB25_PWM.o)
                0x000035f4                Left_HB25_PWM_WritePeriod
 .text.Left_HB25_PWM_WriteCompare
                0x00003600        0xc .\CortexM3\ARM_GCC_493\Debug\freesoc.a(Left_HB25_PWM.o)
                0x00003600                Left_HB25_PWM_WriteCompare
 .text.Left_HB25_PWM_Init
                0x0000360c       0x34 .\CortexM3\ARM_GCC_493\Debug\freesoc.a(Left_HB25_PWM.o)
                0x0000360c                Left_HB25_PWM_Init
 .text.Left_HB25_PWM_Start
                0x00003640       0x18 .\CortexM3\ARM_GCC_493\Debug\freesoc.a(Left_HB25_PWM.o)
                0x00003640                Left_HB25_PWM_Start
 .text.Left_HB25_PWM_ReadCompare
                0x00003658        0xc .\CortexM3\ARM_GCC_493\Debug\freesoc.a(Left_HB25_PWM.o)
                0x00003658                Left_HB25_PWM_ReadCompare
 .text.Right_HB25_Enable_Pin_Write
                0x00003664       0x18 .\CortexM3\ARM_GCC_493\Debug\freesoc.a(Right_HB25_Enable_Pin.o)
                0x00003664                Right_HB25_Enable_Pin_Write
 .text.Right_HB25_PWM_Stop
                0x0000367c        0x4 .\CortexM3\ARM_GCC_493\Debug\freesoc.a(Right_HB25_PWM.o)
                0x0000367c                Right_HB25_PWM_Stop
 .text.Right_HB25_PWM_WriteCounter
                0x00003680        0xc .\CortexM3\ARM_GCC_493\Debug\freesoc.a(Right_HB25_PWM.o)
                0x00003680                Right_HB25_PWM_WriteCounter
 .text.Right_HB25_PWM_WritePeriod
                0x0000368c        0xc .\CortexM3\ARM_GCC_493\Debug\freesoc.a(Right_HB25_PWM.o)
                0x0000368c                Right_HB25_PWM_WritePeriod
 .text.Right_HB25_PWM_WriteCompare
                0x00003698        0xc .\CortexM3\ARM_GCC_493\Debug\freesoc.a(Right_HB25_PWM.o)
                0x00003698                Right_HB25_PWM_WriteCompare
 .text.Right_HB25_PWM_Init
                0x000036a4       0x34 .\CortexM3\ARM_GCC_493\Debug\freesoc.a(Right_HB25_PWM.o)
                0x000036a4                Right_HB25_PWM_Init
 .text.Right_HB25_PWM_Start
                0x000036d8       0x18 .\CortexM3\ARM_GCC_493\Debug\freesoc.a(Right_HB25_PWM.o)
                0x000036d8                Right_HB25_PWM_Start
 .text.Right_HB25_PWM_ReadCompare
                0x000036f0        0xc .\CortexM3\ARM_GCC_493\Debug\freesoc.a(Right_HB25_PWM.o)
                0x000036f0                Right_HB25_PWM_ReadCompare
 *fill*         0x000036fc        0x4 
 .text          0x00003700       0x20 .\CortexM3\ARM_GCC_493\Debug\freesoc.a(CyBootAsmGnu.o)
                0x00003700                CyDelayCycles
                0x00003710                CyEnterCriticalSection
                0x00003718                CyExitCriticalSection
 .text.CyHalt   0x00003720        0x4 .\CortexM3\ARM_GCC_493\Debug\freesoc.a(CyLib.o)
                0x00003720                CyHalt
 .text.CyDelay  0x00003724       0x2c .\CortexM3\ARM_GCC_493\Debug\freesoc.a(CyLib.o)
                0x00003724                CyDelay
 .text.CyDelayUs
                0x00003750       0x14 .\CortexM3\ARM_GCC_493\Debug\freesoc.a(CyLib.o)
                0x00003750                CyDelayUs
 .text.CyIntSetSysVector
                0x00003764       0x28 .\CortexM3\ARM_GCC_493\Debug\freesoc.a(CyLib.o)
                0x00003764                CyIntSetSysVector
 .text.CyIntSetVector
                0x0000378c       0x28 .\CortexM3\ARM_GCC_493\Debug\freesoc.a(CyLib.o)
                0x0000378c                CyIntSetVector
 .text.CyIntSetPriority
                0x000037b4       0x30 .\CortexM3\ARM_GCC_493\Debug\freesoc.a(CyLib.o)
                0x000037b4                CyIntSetPriority
 .text.CySysTickEnableInterrupt
                0x000037e4       0x10 .\CortexM3\ARM_GCC_493\Debug\freesoc.a(CyLib.o)
                0x000037e4                CySysTickEnableInterrupt
 .text.CySysTickEnable
                0x000037f4       0x18 .\CortexM3\ARM_GCC_493\Debug\freesoc.a(CyLib.o)
                0x000037f4                CySysTickEnable
 .text.CySysTickSetReload
                0x0000380c       0x10 .\CortexM3\ARM_GCC_493\Debug\freesoc.a(CyLib.o)
                0x0000380c                CySysTickSetReload
 .text.CySysTickSetClockSource
                0x0000381c       0x20 .\CortexM3\ARM_GCC_493\Debug\freesoc.a(CyLib.o)
                0x0000381c                CySysTickSetClockSource
 .text.CySysTickGetCountFlag
                0x0000383c       0x10 .\CortexM3\ARM_GCC_493\Debug\freesoc.a(CyLib.o)
                0x0000383c                CySysTickGetCountFlag
 .text.CySysTickServiceCallbacks
                0x0000384c       0x28 .\CortexM3\ARM_GCC_493\Debug\freesoc.a(CyLib.o)
 .text.CySysTickClear
                0x00003874        0xc .\CortexM3\ARM_GCC_493\Debug\freesoc.a(CyLib.o)
                0x00003874                CySysTickClear
 .text.CySysTickInit
                0x00003880       0x58 .\CortexM3\ARM_GCC_493\Debug\freesoc.a(CyLib.o)
                0x00003880                CySysTickInit
 .text.CySysTickStart
                0x000038d8       0x1c .\CortexM3\ARM_GCC_493\Debug\freesoc.a(CyLib.o)
                0x000038d8                CySysTickStart
 .text.CySysTickSetCallback
                0x000038f4       0x10 .\CortexM3\ARM_GCC_493\Debug\freesoc.a(CyLib.o)
                0x000038f4                CySysTickSetCallback
 .text.CySysTickGetCallback
                0x00003904       0x10 .\CortexM3\ARM_GCC_493\Debug\freesoc.a(CyLib.o)
                0x00003904                CySysTickGetCallback
 .text.CyGetUniqueId
                0x00003914       0x70 .\CortexM3\ARM_GCC_493\Debug\freesoc.a(CyLib.o)
                0x00003914                CyGetUniqueId
 .text.EZI2C_Slave_Init
                0x00003984       0x70 .\CortexM3\ARM_GCC_493\Debug\freesoc.a(EZI2C_Slave.o)
                0x00003984                EZI2C_Slave_Init
 .text.EZI2C_Slave_Enable
                0x000039f4       0x30 .\CortexM3\ARM_GCC_493\Debug\freesoc.a(EZI2C_Slave.o)
                0x000039f4                EZI2C_Slave_Enable
 .text.EZI2C_Slave_Start
                0x00003a24       0x1c .\CortexM3\ARM_GCC_493\Debug\freesoc.a(EZI2C_Slave.o)
                0x00003a24                EZI2C_Slave_Start
 .text.EZI2C_Slave_GetActivity
                0x00003a40       0x28 .\CortexM3\ARM_GCC_493\Debug\freesoc.a(EZI2C_Slave.o)
                0x00003a40                EZI2C_Slave_GetActivity
 .text.EZI2C_Slave_SetBuffer1
                0x00003a68       0x50 .\CortexM3\ARM_GCC_493\Debug\freesoc.a(EZI2C_Slave.o)
                0x00003a68                EZI2C_Slave_SetBuffer1
 .text.EZI2C_Slave_ISR
                0x00003ab8      0x1c4 .\CortexM3\ARM_GCC_493\Debug\freesoc.a(EZI2C_Slave_INT.o)
                0x00003ab8                EZI2C_Slave_ISR
 .text.Mainloop_Pin_Write
                0x00003c7c       0x18 .\CortexM3\ARM_GCC_493\Debug\freesoc.a(Mainloop_Pin.o)
                0x00003c7c                Mainloop_Pin_Write
 .text.EEPROM_Enable
                0x00003c94        0xc .\CortexM3\ARM_GCC_493\Debug\freesoc.a(EEPROM.o)
                0x00003c94                EEPROM_Enable
 .text.EEPROM_Start
                0x00003ca0        0x8 .\CortexM3\ARM_GCC_493\Debug\freesoc.a(EEPROM.o)
                0x00003ca0                EEPROM_Start
 .text.EEPROM_WriteByte
                0x00003ca8       0xd4 .\CortexM3\ARM_GCC_493\Debug\freesoc.a(EEPROM.o)
                0x00003ca8                EEPROM_WriteByte
 .text.EEPROM_Write
                0x00003d7c       0xb4 .\CortexM3\ARM_GCC_493\Debug\freesoc.a(EEPROM.o)
                0x00003d7c                EEPROM_Write
 .text.Right_QuadDec_Init
                0x00003e30       0x24 .\CortexM3\ARM_GCC_493\Debug\freesoc.a(Right_QuadDec.o)
                0x00003e30                Right_QuadDec_Init
 .text.Right_QuadDec_GetCounter
                0x00003e54       0x2c .\CortexM3\ARM_GCC_493\Debug\freesoc.a(Right_QuadDec.o)
                0x00003e54                Right_QuadDec_GetCounter
 .text.Right_QuadDec_SetCounter
                0x00003e80       0x28 .\CortexM3\ARM_GCC_493\Debug\freesoc.a(Right_QuadDec.o)
                0x00003e80                Right_QuadDec_SetCounter
 .text.Right_QuadDec_GetEvents
                0x00003ea8       0x10 .\CortexM3\ARM_GCC_493\Debug\freesoc.a(Right_QuadDec.o)
                0x00003ea8                Right_QuadDec_GetEvents
 .text.Right_QuadDec_SetInterruptMask
                0x00003eb8       0x10 .\CortexM3\ARM_GCC_493\Debug\freesoc.a(Right_QuadDec.o)
                0x00003eb8                Right_QuadDec_SetInterruptMask
 .text.Right_QuadDec_Enable
                0x00003ec8       0x30 .\CortexM3\ARM_GCC_493\Debug\freesoc.a(Right_QuadDec.o)
                0x00003ec8                Right_QuadDec_Enable
 .text.Right_QuadDec_Start
                0x00003ef8       0x34 .\CortexM3\ARM_GCC_493\Debug\freesoc.a(Right_QuadDec.o)
                0x00003ef8                Right_QuadDec_Start
 .text.Right_QuadDec_ISR
                0x00003f2c       0x40 .\CortexM3\ARM_GCC_493\Debug\freesoc.a(Right_QuadDec_INT.o)
                0x00003f2c                Right_QuadDec_ISR
 .text.Right_QuadDec_Cnt16_Enable
                0x00003f6c       0x10 .\CortexM3\ARM_GCC_493\Debug\freesoc.a(Right_QuadDec_Cnt16.o)
                0x00003f6c                Right_QuadDec_Cnt16_Enable
 .text.Right_QuadDec_Cnt16_SetInterruptMode
                0x00003f7c        0xc .\CortexM3\ARM_GCC_493\Debug\freesoc.a(Right_QuadDec_Cnt16.o)
                0x00003f7c                Right_QuadDec_Cnt16_SetInterruptMode
 .text.Right_QuadDec_Cnt16_ReadStatusRegister
                0x00003f88        0xc .\CortexM3\ARM_GCC_493\Debug\freesoc.a(Right_QuadDec_Cnt16.o)
                0x00003f88                Right_QuadDec_Cnt16_ReadStatusRegister
 .text.Right_QuadDec_Cnt16_WriteCounter
                0x00003f94        0xc .\CortexM3\ARM_GCC_493\Debug\freesoc.a(Right_QuadDec_Cnt16.o)
                0x00003f94                Right_QuadDec_Cnt16_WriteCounter
 .text.Right_QuadDec_Cnt16_ReadCounter
                0x00003fa0       0x14 .\CortexM3\ARM_GCC_493\Debug\freesoc.a(Right_QuadDec_Cnt16.o)
                0x00003fa0                Right_QuadDec_Cnt16_ReadCounter
 .text.Right_QuadDec_Cnt16_ReadCapture
                0x00003fb4        0xc .\CortexM3\ARM_GCC_493\Debug\freesoc.a(Right_QuadDec_Cnt16.o)
                0x00003fb4                Right_QuadDec_Cnt16_ReadCapture
 .text.Right_QuadDec_Cnt16_WritePeriod
                0x00003fc0        0xc .\CortexM3\ARM_GCC_493\Debug\freesoc.a(Right_QuadDec_Cnt16.o)
                0x00003fc0                Right_QuadDec_Cnt16_WritePeriod
 .text.Right_QuadDec_Cnt16_WriteCompare
                0x00003fcc        0xc .\CortexM3\ARM_GCC_493\Debug\freesoc.a(Right_QuadDec_Cnt16.o)
                0x00003fcc                Right_QuadDec_Cnt16_WriteCompare
 .text.Right_QuadDec_Cnt16_ClearFIFO
                0x00003fd8       0x14 .\CortexM3\ARM_GCC_493\Debug\freesoc.a(Right_QuadDec_Cnt16.o)
                0x00003fd8                Right_QuadDec_Cnt16_ClearFIFO
 .text.Right_QuadDec_Cnt16_Init
                0x00003fec       0x58 .\CortexM3\ARM_GCC_493\Debug\freesoc.a(Right_QuadDec_Cnt16.o)
                0x00003fec                Right_QuadDec_Cnt16_Init
 .text.Right_QuadDec_Cnt16_Start
                0x00004044       0x1c .\CortexM3\ARM_GCC_493\Debug\freesoc.a(Right_QuadDec_Cnt16.o)
                0x00004044                Right_QuadDec_Cnt16_Start
 .text.Left_QuadDec_Init
                0x00004060       0x24 .\CortexM3\ARM_GCC_493\Debug\freesoc.a(Left_QuadDec.o)
                0x00004060                Left_QuadDec_Init
 .text.Left_QuadDec_GetCounter
                0x00004084       0x2c .\CortexM3\ARM_GCC_493\Debug\freesoc.a(Left_QuadDec.o)
                0x00004084                Left_QuadDec_GetCounter
 .text.Left_QuadDec_SetCounter
                0x000040b0       0x28 .\CortexM3\ARM_GCC_493\Debug\freesoc.a(Left_QuadDec.o)
                0x000040b0                Left_QuadDec_SetCounter
 .text.Left_QuadDec_GetEvents
                0x000040d8       0x10 .\CortexM3\ARM_GCC_493\Debug\freesoc.a(Left_QuadDec.o)
                0x000040d8                Left_QuadDec_GetEvents
 .text.Left_QuadDec_SetInterruptMask
                0x000040e8       0x10 .\CortexM3\ARM_GCC_493\Debug\freesoc.a(Left_QuadDec.o)
                0x000040e8                Left_QuadDec_SetInterruptMask
 .text.Left_QuadDec_Enable
                0x000040f8       0x30 .\CortexM3\ARM_GCC_493\Debug\freesoc.a(Left_QuadDec.o)
                0x000040f8                Left_QuadDec_Enable
 .text.Left_QuadDec_Start
                0x00004128       0x34 .\CortexM3\ARM_GCC_493\Debug\freesoc.a(Left_QuadDec.o)
                0x00004128                Left_QuadDec_Start
 .text.Left_QuadDec_ISR
                0x0000415c       0x40 .\CortexM3\ARM_GCC_493\Debug\freesoc.a(Left_QuadDec_INT.o)
                0x0000415c                Left_QuadDec_ISR
 .text.Left_QuadDec_Cnt16_Enable
                0x0000419c       0x10 .\CortexM3\ARM_GCC_493\Debug\freesoc.a(Left_QuadDec_Cnt16.o)
                0x0000419c                Left_QuadDec_Cnt16_Enable
 .text.Left_QuadDec_Cnt16_SetInterruptMode
                0x000041ac        0xc .\CortexM3\ARM_GCC_493\Debug\freesoc.a(Left_QuadDec_Cnt16.o)
                0x000041ac                Left_QuadDec_Cnt16_SetInterruptMode
 .text.Left_QuadDec_Cnt16_ReadStatusRegister
                0x000041b8        0xc .\CortexM3\ARM_GCC_493\Debug\freesoc.a(Left_QuadDec_Cnt16.o)
                0x000041b8                Left_QuadDec_Cnt16_ReadStatusRegister
 .text.Left_QuadDec_Cnt16_WriteCounter
                0x000041c4        0xc .\CortexM3\ARM_GCC_493\Debug\freesoc.a(Left_QuadDec_Cnt16.o)
                0x000041c4                Left_QuadDec_Cnt16_WriteCounter
 .text.Left_QuadDec_Cnt16_ReadCounter
                0x000041d0       0x14 .\CortexM3\ARM_GCC_493\Debug\freesoc.a(Left_QuadDec_Cnt16.o)
                0x000041d0                Left_QuadDec_Cnt16_ReadCounter
 .text.Left_QuadDec_Cnt16_ReadCapture
                0x000041e4        0xc .\CortexM3\ARM_GCC_493\Debug\freesoc.a(Left_QuadDec_Cnt16.o)
                0x000041e4                Left_QuadDec_Cnt16_ReadCapture
 .text.Left_QuadDec_Cnt16_WritePeriod
                0x000041f0        0xc .\CortexM3\ARM_GCC_493\Debug\freesoc.a(Left_QuadDec_Cnt16.o)
                0x000041f0                Left_QuadDec_Cnt16_WritePeriod
 .text.Left_QuadDec_Cnt16_WriteCompare
                0x000041fc        0xc .\CortexM3\ARM_GCC_493\Debug\freesoc.a(Left_QuadDec_Cnt16.o)
                0x000041fc                Left_QuadDec_Cnt16_WriteCompare
 .text.Left_QuadDec_Cnt16_ClearFIFO
                0x00004208       0x14 .\CortexM3\ARM_GCC_493\Debug\freesoc.a(Left_QuadDec_Cnt16.o)
                0x00004208                Left_QuadDec_Cnt16_ClearFIFO
 .text.Left_QuadDec_Cnt16_Init
                0x0000421c       0x58 .\CortexM3\ARM_GCC_493\Debug\freesoc.a(Left_QuadDec_Cnt16.o)
                0x0000421c                Left_QuadDec_Cnt16_Init
 .text.Left_QuadDec_Cnt16_Start
                0x00004274       0x1c .\CortexM3\ARM_GCC_493\Debug\freesoc.a(Left_QuadDec_Cnt16.o)
                0x00004274                Left_QuadDec_Cnt16_Start
 .text.USBUART_Init
                0x00004290      0x140 .\CortexM3\ARM_GCC_493\Debug\freesoc.a(USBUART.o)
                0x00004290                USBUART_Init
 .text.USBUART_InitComponent
                0x000043d0       0xd0 .\CortexM3\ARM_GCC_493\Debug\freesoc.a(USBUART.o)
                0x000043d0                USBUART_InitComponent
 .text.USBUART_Start
                0x000044a0       0x24 .\CortexM3\ARM_GCC_493\Debug\freesoc.a(USBUART.o)
                0x000044a0                USBUART_Start
 .text.USBUART_ReInitComponent
                0x000044c4       0x64 .\CortexM3\ARM_GCC_493\Debug\freesoc.a(USBUART.o)
                0x000044c4                USBUART_ReInitComponent
 .text.USBUART_GetConfiguration
                0x00004528        0xc .\CortexM3\ARM_GCC_493\Debug\freesoc.a(USBUART.o)
                0x00004528                USBUART_GetConfiguration
 .text.USBUART_IsConfigurationChanged
                0x00004534       0x20 .\CortexM3\ARM_GCC_493\Debug\freesoc.a(USBUART.o)
                0x00004534                USBUART_IsConfigurationChanged
 .text.USBUART_GetEPState
                0x00004554       0x14 .\CortexM3\ARM_GCC_493\Debug\freesoc.a(USBUART.o)
                0x00004554                USBUART_GetEPState
 .text.USBUART_GetEPCount
                0x00004568       0x28 .\CortexM3\ARM_GCC_493\Debug\freesoc.a(USBUART.o)
                0x00004568                USBUART_GetEPCount
 .text.USBUART_LoadInEP
                0x00004590       0x94 .\CortexM3\ARM_GCC_493\Debug\freesoc.a(USBUART.o)
                0x00004590                USBUART_LoadInEP
 .text.USBUART_EnableOutEP
                0x00004624       0x2c .\CortexM3\ARM_GCC_493\Debug\freesoc.a(USBUART.o)
                0x00004624                USBUART_EnableOutEP
 .text.USBUART_ReadOutEP
                0x00004650       0x50 .\CortexM3\ARM_GCC_493\Debug\freesoc.a(USBUART.o)
                0x00004650                USBUART_ReadOutEP
 .text.USBUART_StrLen
                0x000046a0       0x14 .\CortexM3\ARM_GCC_493\Debug\freesoc.a(USBUART_cdc.o)
 .text.USBUART_GetInterfaceComPort
                0x000046b4       0x3c .\CortexM3\ARM_GCC_493\Debug\freesoc.a(USBUART_cdc.o)
                0x000046b4                USBUART_GetInterfaceComPort
 .text.USBUART_DispatchCDCClassRqst
                0x000046f0       0x98 .\CortexM3\ARM_GCC_493\Debug\freesoc.a(USBUART_cdc.o)
                0x000046f0                USBUART_DispatchCDCClassRqst
 .text.USBUART_CDC_Init
                0x00004788       0x98 .\CortexM3\ARM_GCC_493\Debug\freesoc.a(USBUART_cdc.o)
                0x00004788                USBUART_CDC_Init
 .text.USBUART_PutString
                0x00004820       0x9c .\CortexM3\ARM_GCC_493\Debug\freesoc.a(USBUART_cdc.o)
                0x00004820                USBUART_PutString
 .text.USBUART_PutChar
                0x000048bc       0x28 .\CortexM3\ARM_GCC_493\Debug\freesoc.a(USBUART_cdc.o)
                0x000048bc                USBUART_PutChar
 .text.USBUART_DataIsReady
                0x000048e4       0x18 .\CortexM3\ARM_GCC_493\Debug\freesoc.a(USBUART_cdc.o)
                0x000048e4                USBUART_DataIsReady
 .text.USBUART_CDCIsReady
                0x000048fc       0x18 .\CortexM3\ARM_GCC_493\Debug\freesoc.a(USBUART_cdc.o)
                0x000048fc                USBUART_CDCIsReady
 .text.USBUART_GetChar
                0x00004914       0x28 .\CortexM3\ARM_GCC_493\Debug\freesoc.a(USBUART_cdc.o)
                0x00004914                USBUART_GetChar
 .text.USBUART_Cdc_EpInit
                0x0000493c       0x50 .\CortexM3\ARM_GCC_493\Debug\freesoc.a(USBUART_cdc.o)
                0x0000493c                USBUART_Cdc_EpInit
 .text.USBUART_LoadEP0
                0x0000498c       0x94 .\CortexM3\ARM_GCC_493\Debug\freesoc.a(USBUART_drv.o)
                0x0000498c                USBUART_LoadEP0
 .text.USBUART_InitZeroLengthControlTransfer
                0x00004a20       0x34 .\CortexM3\ARM_GCC_493\Debug\freesoc.a(USBUART_drv.o)
                0x00004a20                USBUART_InitZeroLengthControlTransfer
 .text.USBUART_ControlReadDataStage
                0x00004a54        0x8 .\CortexM3\ARM_GCC_493\Debug\freesoc.a(USBUART_drv.o)
                0x00004a54                USBUART_ControlReadDataStage
 .text.USBUART_ControlWriteDataStage
                0x00004a5c       0x80 .\CortexM3\ARM_GCC_493\Debug\freesoc.a(USBUART_drv.o)
                0x00004a5c                USBUART_ControlWriteDataStage
 .text.USBUART_InitNoDataControlTransfer
                0x00004adc       0x2c .\CortexM3\ARM_GCC_493\Debug\freesoc.a(USBUART_drv.o)
                0x00004adc                USBUART_InitNoDataControlTransfer
 .text.USBUART_UpdateStatusBlock
                0x00004b08       0x24 .\CortexM3\ARM_GCC_493\Debug\freesoc.a(USBUART_drv.o)
                0x00004b08                USBUART_UpdateStatusBlock
 .text.USBUART_HandleSetup
                0x00004b2c       0x5c .\CortexM3\ARM_GCC_493\Debug\freesoc.a(USBUART_drv.o)
                0x00004b2c                USBUART_HandleSetup
 .text.USBUART_ControlReadStatusStage
                0x00004b88       0x34 .\CortexM3\ARM_GCC_493\Debug\freesoc.a(USBUART_drv.o)
                0x00004b88                USBUART_ControlReadStatusStage
 .text.USBUART_HandleOUT
                0x00004bbc       0x38 .\CortexM3\ARM_GCC_493\Debug\freesoc.a(USBUART_drv.o)
                0x00004bbc                USBUART_HandleOUT
 .text.USBUART_ControlWriteStatusStage
                0x00004bf4       0x20 .\CortexM3\ARM_GCC_493\Debug\freesoc.a(USBUART_drv.o)
                0x00004bf4                USBUART_ControlWriteStatusStage
 .text.USBUART_NoDataControlStatusStage
                0x00004c14       0x40 .\CortexM3\ARM_GCC_493\Debug\freesoc.a(USBUART_drv.o)
                0x00004c14                USBUART_NoDataControlStatusStage
 .text.USBUART_HandleIN
                0x00004c54       0x2c .\CortexM3\ARM_GCC_493\Debug\freesoc.a(USBUART_drv.o)
                0x00004c54                USBUART_HandleIN
 .text.USBUART_EP_0_ISR
                0x00004c80       0xb8 .\CortexM3\ARM_GCC_493\Debug\freesoc.a(USBUART_drv.o)
                0x00004c80                USBUART_EP_0_ISR
 .text.USBUART_InitializeStatusBlock
                0x00004d38       0x24 .\CortexM3\ARM_GCC_493\Debug\freesoc.a(USBUART_drv.o)
                0x00004d38                USBUART_InitializeStatusBlock
 .text.USBUART_InitControlRead
                0x00004d5c       0x50 .\CortexM3\ARM_GCC_493\Debug\freesoc.a(USBUART_drv.o)
                0x00004d5c                USBUART_InitControlRead
 .text.USBUART_InitControlWrite
                0x00004dac       0x48 .\CortexM3\ARM_GCC_493\Debug\freesoc.a(USBUART_drv.o)
                0x00004dac                USBUART_InitControlWrite
 .text.USBUART_EP_1_ISR
                0x00004df4       0x38 .\CortexM3\ARM_GCC_493\Debug\freesoc.a(USBUART_episr.o)
                0x00004df4                USBUART_EP_1_ISR
 .text.USBUART_EP_2_ISR
                0x00004e2c       0x3c .\CortexM3\ARM_GCC_493\Debug\freesoc.a(USBUART_episr.o)
                0x00004e2c                USBUART_EP_2_ISR
 .text.USBUART_EP_3_ISR
                0x00004e68       0x44 .\CortexM3\ARM_GCC_493\Debug\freesoc.a(USBUART_episr.o)
                0x00004e68                USBUART_EP_3_ISR
 .text.USBUART_SOF_ISR
                0x00004eac        0x4 .\CortexM3\ARM_GCC_493\Debug\freesoc.a(USBUART_episr.o)
                0x00004eac                USBUART_SOF_ISR
 .text.USBUART_BUS_RESET_ISR
                0x00004eb0        0x8 .\CortexM3\ARM_GCC_493\Debug\freesoc.a(USBUART_episr.o)
                0x00004eb0                USBUART_BUS_RESET_ISR
 .text.USBUART_FindHidClassDecriptor
                0x00004eb8       0x40 .\CortexM3\ARM_GCC_493\Debug\freesoc.a(USBUART_hid.o)
                0x00004eb8                USBUART_FindHidClassDecriptor
 .text.USBUART_FindReportDescriptor
                0x00004ef8       0x48 .\CortexM3\ARM_GCC_493\Debug\freesoc.a(USBUART_hid.o)
                0x00004ef8                USBUART_FindReportDescriptor
 .text.USBUART_FindReport
                0x00004f40       0x7c .\CortexM3\ARM_GCC_493\Debug\freesoc.a(USBUART_hid.o)
                0x00004f40                USBUART_FindReport
 .text.USBUART_DispatchHIDClassRqst
                0x00004fbc      0x184 .\CortexM3\ARM_GCC_493\Debug\freesoc.a(USBUART_hid.o)
                0x00004fbc                USBUART_DispatchHIDClassRqst
 .text.USBUART_DP_ISR
                0x00005140        0x8 .\CortexM3\ARM_GCC_493\Debug\freesoc.a(USBUART_pm.o)
                0x00005140                USBUART_DP_ISR
 .text.USBUART_ReadDieID
                0x00005148       0x6c .\CortexM3\ARM_GCC_493\Debug\freesoc.a(USBUART_std.o)
                0x00005148                USBUART_ReadDieID
 .text.USBUART_ConfigReg
                0x000051b4       0xa4 .\CortexM3\ARM_GCC_493\Debug\freesoc.a(USBUART_std.o)
                0x000051b4                USBUART_ConfigReg
 .text.USBUART_GetConfigTablePtr
                0x00005258       0x28 .\CortexM3\ARM_GCC_493\Debug\freesoc.a(USBUART_std.o)
                0x00005258                USBUART_GetConfigTablePtr
 .text.USBUART_ConfigAltChanged
                0x00005280      0x11c .\CortexM3\ARM_GCC_493\Debug\freesoc.a(USBUART_std.o)
                0x00005280                USBUART_ConfigAltChanged
 .text.USBUART_GetDeviceTablePtr
                0x0000539c       0x18 .\CortexM3\ARM_GCC_493\Debug\freesoc.a(USBUART_std.o)
                0x0000539c                USBUART_GetDeviceTablePtr
 .text.USBUART_GetInterfaceClassTablePtr
                0x000053b4       0x24 .\CortexM3\ARM_GCC_493\Debug\freesoc.a(USBUART_std.o)
                0x000053b4                USBUART_GetInterfaceClassTablePtr
 .text.USBUART_Config
                0x000053d8      0x1dc .\CortexM3\ARM_GCC_493\Debug\freesoc.a(USBUART_std.o)
                0x000053d8                USBUART_Config
 .text.USBUART_SetEndpointHalt
                0x000055b4       0x64 .\CortexM3\ARM_GCC_493\Debug\freesoc.a(USBUART_std.o)
                0x000055b4                USBUART_SetEndpointHalt
 .text.USBUART_ClearEndpointHalt
                0x00005618       0xa8 .\CortexM3\ARM_GCC_493\Debug\freesoc.a(USBUART_std.o)
                0x00005618                USBUART_ClearEndpointHalt
 .text.USBUART_ValidateAlternateSetting
                0x000056c0       0x4c .\CortexM3\ARM_GCC_493\Debug\freesoc.a(USBUART_std.o)
                0x000056c0                USBUART_ValidateAlternateSetting
 .text.USBUART_HandleStandardRqst
                0x0000570c      0x35c .\CortexM3\ARM_GCC_493\Debug\freesoc.a(USBUART_std.o)
                0x0000570c                USBUART_HandleStandardRqst
 .text.USBUART_HandleVendorRqst
                0x00005a68       0x3c .\CortexM3\ARM_GCC_493\Debug\freesoc.a(USBUART_vnd.o)
                0x00005a68                USBUART_HandleVendorRqst
 .text.USBUART_Dp_ClearInterrupt
                0x00005aa4       0x10 .\CortexM3\ARM_GCC_493\Debug\freesoc.a(USBUART_Dp.o)
                0x00005aa4                USBUART_Dp_ClearInterrupt
 .text.SPIM_EnableRxInt
                0x00005ab4        0xc .\CortexM3\ARM_GCC_493\Debug\freesoc.a(SPIM.o)
                0x00005ab4                SPIM_EnableRxInt
 .text.SPIM_Enable
                0x00005ac0       0x34 .\CortexM3\ARM_GCC_493\Debug\freesoc.a(SPIM.o)
                0x00005ac0                SPIM_Enable
 .text.SPIM_DisableRxInt
                0x00005af4        0xc .\CortexM3\ARM_GCC_493\Debug\freesoc.a(SPIM.o)
                0x00005af4                SPIM_DisableRxInt
 .text.SPIM_ReadTxStatus
                0x00005b00        0xc .\CortexM3\ARM_GCC_493\Debug\freesoc.a(SPIM.o)
                0x00005b00                SPIM_ReadTxStatus
 .text.SPIM_ReadRxStatus
                0x00005b0c       0x28 .\CortexM3\ARM_GCC_493\Debug\freesoc.a(SPIM.o)
                0x00005b0c                SPIM_ReadRxStatus
 .text.SPIM_WriteTxData
                0x00005b34       0x18 .\CortexM3\ARM_GCC_493\Debug\freesoc.a(SPIM.o)
                0x00005b34                SPIM_WriteTxData
 .text.SPIM_ReadRxData
                0x00005b4c       0x64 .\CortexM3\ARM_GCC_493\Debug\freesoc.a(SPIM.o)
                0x00005b4c                SPIM_ReadRxData
 .text.SPIM_GetRxBufferSize
                0x00005bb0       0x54 .\CortexM3\ARM_GCC_493\Debug\freesoc.a(SPIM.o)
                0x00005bb0                SPIM_GetRxBufferSize
 .text.SPIM_ClearRxBuffer
                0x00005c04       0x40 .\CortexM3\ARM_GCC_493\Debug\freesoc.a(SPIM.o)
                0x00005c04                SPIM_ClearRxBuffer
 .text.SPIM_ClearTxBuffer
                0x00005c44       0x24 .\CortexM3\ARM_GCC_493\Debug\freesoc.a(SPIM.o)
                0x00005c44                SPIM_ClearTxBuffer
 .text.SPIM_PutArray
                0x00005c68       0x20 .\CortexM3\ARM_GCC_493\Debug\freesoc.a(SPIM.o)
                0x00005c68                SPIM_PutArray
 .text.SPIM_ClearFIFO
                0x00005c88       0x3c .\CortexM3\ARM_GCC_493\Debug\freesoc.a(SPIM.o)
                0x00005c88                SPIM_ClearFIFO
 .text.SPIM_Init
                0x00005cc4       0x64 .\CortexM3\ARM_GCC_493\Debug\freesoc.a(SPIM.o)
                0x00005cc4                SPIM_Init
 .text.SPIM_Start
                0x00005d28       0x1c .\CortexM3\ARM_GCC_493\Debug\freesoc.a(SPIM.o)
                0x00005d28                SPIM_Start
 .text.SPIM_RX_ISR
                0x00005d44       0xa0 .\CortexM3\ARM_GCC_493\Debug\freesoc.a(SPIM_INT.o)
                0x00005d44                SPIM_RX_ISR
 .text.Slave_Select_Write
                0x00005de4        0xc .\CortexM3\ARM_GCC_493\Debug\freesoc.a(Slave_Select.o)
                0x00005de4                Slave_Select_Write
 .text.CyFlashGetSpcAlgorithm
                0x00005df0       0x4c .\CortexM3\ARM_GCC_493\Debug\freesoc.a(CyFlash.o)
 .text.CySetTempInt
                0x00005e3c       0x60 .\CortexM3\ARM_GCC_493\Debug\freesoc.a(CyFlash.o)
 .text.CySetTemp
                0x00005e9c       0x14 .\CortexM3\ARM_GCC_493\Debug\freesoc.a(CyFlash.o)
                0x00005e9c                CySetTemp
 .text.CyEEPROM_Start
                0x00005eb0       0x54 .\CortexM3\ARM_GCC_493\Debug\freesoc.a(CyFlash.o)
                0x00005eb0                CyEEPROM_Start
 .text.CySpcStart
                0x00005f04       0x24 .\CortexM3\ARM_GCC_493\Debug\freesoc.a(CySpc.o)
                0x00005f04                CySpcStart
 .text.CySpcReadData
                0x00005f28       0x34 .\CortexM3\ARM_GCC_493\Debug\freesoc.a(CySpc.o)
                0x00005f28                CySpcReadData
 .text.CySpcLoadMultiByte
                0x00005f5c       0x78 .\CortexM3\ARM_GCC_493\Debug\freesoc.a(CySpc.o)
                0x00005f5c                CySpcLoadMultiByte
 .text.CySpcLoadRow
                0x00005fd4       0x54 .\CortexM3\ARM_GCC_493\Debug\freesoc.a(CySpc.o)
                0x00005fd4                CySpcLoadRow
 .text.CySpcWriteRow
                0x00006028       0x4c .\CortexM3\ARM_GCC_493\Debug\freesoc.a(CySpc.o)
                0x00006028                CySpcWriteRow
 .text.CySpcGetTemp
                0x00006074       0x3c .\CortexM3\ARM_GCC_493\Debug\freesoc.a(CySpc.o)
                0x00006074                CySpcGetTemp
 .text.CySpcLock
                0x000060b0       0x4c .\CortexM3\ARM_GCC_493\Debug\freesoc.a(CySpc.o)
                0x000060b0                CySpcLock
 .text.CySpcUnlock
                0x000060fc       0x38 .\CortexM3\ARM_GCC_493\Debug\freesoc.a(CySpc.o)
                0x000060fc                CySpcUnlock
 .text.CySpcGetAlgorithm
                0x00006134       0x28 .\CortexM3\ARM_GCC_493\Debug\freesoc.a(CySpc.o)
                0x00006134                CySpcGetAlgorithm
 .text.USBUART_DispatchClassRqst
                0x0000615c       0x60 .\CortexM3\ARM_GCC_493\Debug\freesoc.a(USBUART_cls.o)
                0x0000615c                USBUART_DispatchClassRqst
 .text.cos      0x000061bc       0x90 c:/program files (x86)/cypress/psoc creator/3.3/psoc creator/import/gnu/arm/4.9.3/bin/../lib/gcc/arm-none-eabi/4.9.3/../../../../arm-none-eabi/lib/armv7-m\libm.a(lib_a-s_cos.o)
                0x000061bc                cos
 .text.sin      0x0000624c       0x94 c:/program files (x86)/cypress/psoc creator/3.3/psoc creator/import/gnu/arm/4.9.3/bin/../lib/gcc/arm-none-eabi/4.9.3/../../../../arm-none-eabi/lib/armv7-m\libm.a(lib_a-s_sin.o)
                0x0000624c                sin
 .text.__fpclassifyf
                0x000062e0       0x34 c:/program files (x86)/cypress/psoc creator/3.3/psoc creator/import/gnu/arm/4.9.3/bin/../lib/gcc/arm-none-eabi/4.9.3/../../../../arm-none-eabi/lib/armv7-m\libm.a(lib_a-sf_fpclassify.o)
                0x000062e0                __fpclassifyf
 .text.atan2    0x00006314        0x4 c:/program files (x86)/cypress/psoc creator/3.3/psoc creator/import/gnu/arm/4.9.3/bin/../lib/gcc/arm-none-eabi/4.9.3/../../../../arm-none-eabi/lib/armv7-m\libm.a(lib_a-w_atan2.o)
                0x00006314                atan2
 .text.pow      0x00006318      0x2f0 c:/program files (x86)/cypress/psoc creator/3.3/psoc creator/import/gnu/arm/4.9.3/bin/../lib/gcc/arm-none-eabi/4.9.3/../../../../arm-none-eabi/lib/armv7-m\libm.a(lib_a-w_pow.o)
                0x00006318                pow
 .text.__ieee754_atan2
                0x00006608      0x1b8 c:/program files (x86)/cypress/psoc creator/3.3/psoc creator/import/gnu/arm/4.9.3/bin/../lib/gcc/arm-none-eabi/4.9.3/../../../../arm-none-eabi/lib/armv7-m\libm.a(lib_a-e_atan2.o)
                0x00006608                __ieee754_atan2
 .text.__ieee754_pow
                0x000067c0      0xaa0 c:/program files (x86)/cypress/psoc creator/3.3/psoc creator/import/gnu/arm/4.9.3/bin/../lib/gcc/arm-none-eabi/4.9.3/../../../../arm-none-eabi/lib/armv7-m\libm.a(lib_a-e_pow.o)
                0x000067c0                __ieee754_pow
 .text.__ieee754_rem_pio2
                0x00007260      0x428 c:/program files (x86)/cypress/psoc creator/3.3/psoc creator/import/gnu/arm/4.9.3/bin/../lib/gcc/arm-none-eabi/4.9.3/../../../../arm-none-eabi/lib/armv7-m\libm.a(lib_a-e_rem_pio2.o)
                0x00007260                __ieee754_rem_pio2
 .text.__ieee754_sqrt
                0x00007688      0x18c c:/program files (x86)/cypress/psoc creator/3.3/psoc creator/import/gnu/arm/4.9.3/bin/../lib/gcc/arm-none-eabi/4.9.3/../../../../arm-none-eabi/lib/armv7-m\libm.a(lib_a-e_sqrt.o)
                0x00007688                __ieee754_sqrt
 *fill*         0x00007814        0x4 
 .text.__kernel_cos
                0x00007818      0x248 c:/program files (x86)/cypress/psoc creator/3.3/psoc creator/import/gnu/arm/4.9.3/bin/../lib/gcc/arm-none-eabi/4.9.3/../../../../arm-none-eabi/lib/armv7-m\libm.a(lib_a-k_cos.o)
                0x00007818                __kernel_cos
 .text.__kernel_rem_pio2
                0x00007a60      0x808 c:/program files (x86)/cypress/psoc creator/3.3/psoc creator/import/gnu/arm/4.9.3/bin/../lib/gcc/arm-none-eabi/4.9.3/../../../../arm-none-eabi/lib/armv7-m\libm.a(lib_a-k_rem_pio2.o)
                0x00007a60                __kernel_rem_pio2
 .text.__kernel_sin
                0x00008268      0x170 c:/program files (x86)/cypress/psoc creator/3.3/psoc creator/import/gnu/arm/4.9.3/bin/../lib/gcc/arm-none-eabi/4.9.3/../../../../arm-none-eabi/lib/armv7-m\libm.a(lib_a-k_sin.o)
                0x00008268                __kernel_sin
 .text.atan     0x000083d8      0x338 c:/program files (x86)/cypress/psoc creator/3.3/psoc creator/import/gnu/arm/4.9.3/bin/../lib/gcc/arm-none-eabi/4.9.3/../../../../arm-none-eabi/lib/armv7-m\libm.a(lib_a-s_atan.o)
                0x000083d8                atan
 .text.fabs     0x00008710        0x8 c:/program files (x86)/cypress/psoc creator/3.3/psoc creator/import/gnu/arm/4.9.3/bin/../lib/gcc/arm-none-eabi/4.9.3/../../../../arm-none-eabi/lib/armv7-m\libm.a(lib_a-s_fabs.o)
                0x00008710                fabs
 .text.finite   0x00008718        0xc c:/program files (x86)/cypress/psoc creator/3.3/psoc creator/import/gnu/arm/4.9.3/bin/../lib/gcc/arm-none-eabi/4.9.3/../../../../arm-none-eabi/lib/armv7-m\libm.a(lib_a-s_finite.o)
                0x00008718                finite
 *fill*         0x00008724        0x4 
 .text.floor    0x00008728      0x118 c:/program files (x86)/cypress/psoc creator/3.3/psoc creator/import/gnu/arm/4.9.3/bin/../lib/gcc/arm-none-eabi/4.9.3/../../../../arm-none-eabi/lib/armv7-m\libm.a(lib_a-s_floor.o)
                0x00008728                floor
 .text.__fpclassifyd
                0x00008840       0x58 c:/program files (x86)/cypress/psoc creator/3.3/psoc creator/import/gnu/arm/4.9.3/bin/../lib/gcc/arm-none-eabi/4.9.3/../../../../arm-none-eabi/lib/armv7-m\libm.a(lib_a-s_fpclassify.o)
                0x00008840                __fpclassifyd
 .text.matherr  0x00008898        0x4 c:/program files (x86)/cypress/psoc creator/3.3/psoc creator/import/gnu/arm/4.9.3/bin/../lib/gcc/arm-none-eabi/4.9.3/../../../../arm-none-eabi/lib/armv7-m\libm.a(lib_a-s_matherr.o)
                0x00008898                matherr
 .text.nan      0x0000889c        0xc c:/program files (x86)/cypress/psoc creator/3.3/psoc creator/import/gnu/arm/4.9.3/bin/../lib/gcc/arm-none-eabi/4.9.3/../../../../arm-none-eabi/lib/armv7-m\libm.a(lib_a-s_nan.o)
                0x0000889c                nan
 .text.rint     0x000088a8      0x11c c:/program files (x86)/cypress/psoc creator/3.3/psoc creator/import/gnu/arm/4.9.3/bin/../lib/gcc/arm-none-eabi/4.9.3/../../../../arm-none-eabi/lib/armv7-m\libm.a(lib_a-s_rint.o)
                0x000088a8                rint
 *fill*         0x000089c4        0x4 
 .text.scalbn   0x000089c8       0xf0 c:/program files (x86)/cypress/psoc creator/3.3/psoc creator/import/gnu/arm/4.9.3/bin/../lib/gcc/arm-none-eabi/4.9.3/../../../../arm-none-eabi/lib/armv7-m\libm.a(lib_a-s_scalbn.o)
                0x000089c8                scalbn
 .text.copysign
                0x00008ab8       0x10 c:/program files (x86)/cypress/psoc creator/3.3/psoc creator/import/gnu/arm/4.9.3/bin/../lib/gcc/arm-none-eabi/4.9.3/../../../../arm-none-eabi/lib/armv7-m\libm.a(lib_a-s_copysign.o)
                0x00008ab8                copysign
 .text          0x00008ac8      0x370 c:/program files (x86)/cypress/psoc creator/3.3/psoc creator/import/gnu/arm/4.9.3/bin/../lib/gcc/arm-none-eabi/4.9.3/armv7-m\libgcc.a(_arm_addsubdf3.o)
                0x00008ac8                __aeabi_drsub
                0x00008ad0                __aeabi_dsub
                0x00008ad0                __subdf3
                0x00008ad4                __aeabi_dadd
                0x00008ad4                __adddf3
                0x00008d4c                __floatunsidf
                0x00008d4c                __aeabi_ui2d
                0x00008d6c                __floatsidf
                0x00008d6c                __aeabi_i2d
                0x00008d90                __aeabi_f2d
                0x00008d90                __extendsfdf2
                0x00008dcc                __floatundidf
                0x00008dcc                __aeabi_ul2d
                0x00008ddc                __floatdidf
                0x00008ddc                __aeabi_l2d
 .text          0x00008e38      0x424 c:/program files (x86)/cypress/psoc creator/3.3/psoc creator/import/gnu/arm/4.9.3/bin/../lib/gcc/arm-none-eabi/4.9.3/armv7-m\libgcc.a(_arm_muldivdf3.o)
                0x00008e38                __aeabi_dmul
                0x00008e38                __muldf3
                0x0000908c                __divdf3
                0x0000908c                __aeabi_ddiv
 .text          0x0000925c      0x110 c:/program files (x86)/cypress/psoc creator/3.3/psoc creator/import/gnu/arm/4.9.3/bin/../lib/gcc/arm-none-eabi/4.9.3/armv7-m\libgcc.a(_arm_cmpdf2.o)
                0x0000925c                __gtdf2
                0x0000925c                __gedf2
                0x00009264                __ltdf2
                0x00009264                __ledf2
                0x0000926c                __nedf2
                0x0000926c                __eqdf2
                0x0000926c                __cmpdf2
                0x000092e8                __aeabi_cdrcmple
                0x000092f8                __aeabi_cdcmpeq
                0x000092f8                __aeabi_cdcmple
                0x00009308                __aeabi_dcmpeq
                0x0000931c                __aeabi_dcmplt
                0x00009330                __aeabi_dcmple
                0x00009344                __aeabi_dcmpge
                0x00009358                __aeabi_dcmpgt
 .text          0x0000936c       0x50 c:/program files (x86)/cypress/psoc creator/3.3/psoc creator/import/gnu/arm/4.9.3/bin/../lib/gcc/arm-none-eabi/4.9.3/armv7-m\libgcc.a(_arm_fixdfsi.o)
                0x0000936c                __aeabi_d2iz
                0x0000936c                __fixdfsi
 .text          0x000093bc       0xa0 c:/program files (x86)/cypress/psoc creator/3.3/psoc creator/import/gnu/arm/4.9.3/bin/../lib/gcc/arm-none-eabi/4.9.3/armv7-m\libgcc.a(_arm_truncdfsf2.o)
                0x000093bc                __truncdfsf2
                0x000093bc                __aeabi_d2f
 .text          0x0000945c      0x21c c:/program files (x86)/cypress/psoc creator/3.3/psoc creator/import/gnu/arm/4.9.3/bin/../lib/gcc/arm-none-eabi/4.9.3/armv7-m\libgcc.a(_arm_addsubsf3.o)
                0x0000945c                __aeabi_frsub
                0x00009464                __subsf3
                0x00009464                __aeabi_fsub
                0x00009468                __aeabi_fadd
                0x00009468                __addsf3
                0x000095c8                __aeabi_ui2f
                0x000095c8                __floatunsisf
                0x000095d0                __aeabi_i2f
                0x000095d0                __floatsisf
                0x000095ec                __aeabi_ul2f
                0x000095ec                __floatundisf
                0x000095fc                __aeabi_l2f
                0x000095fc                __floatdisf
 .text          0x00009678      0x2a0 c:/program files (x86)/cypress/psoc creator/3.3/psoc creator/import/gnu/arm/4.9.3/bin/../lib/gcc/arm-none-eabi/4.9.3/armv7-m\libgcc.a(_arm_muldivsf3.o)
                0x00009678                __mulsf3
                0x00009678                __aeabi_fmul
                0x000097e0                __aeabi_fdiv
                0x000097e0                __divsf3
 .text          0x00009918       0xec c:/program files (x86)/cypress/psoc creator/3.3/psoc creator/import/gnu/arm/4.9.3/bin/../lib/gcc/arm-none-eabi/4.9.3/armv7-m\libgcc.a(_arm_cmpsf2.o)
                0x00009918                __gesf2
                0x00009918                __gtsf2
                0x00009920                __lesf2
                0x00009920                __ltsf2
                0x00009928                __nesf2
                0x00009928                __eqsf2
                0x00009928                __cmpsf2
                0x00009988                __aeabi_cfrcmple
                0x00009990                __aeabi_cfcmpeq
                0x00009990                __aeabi_cfcmple
                0x000099a0                __aeabi_fcmpeq
                0x000099b4                __aeabi_fcmplt
                0x000099c8                __aeabi_fcmple
                0x000099dc                __aeabi_fcmpge
                0x000099f0                __aeabi_fcmpgt
 .text          0x00009a04       0x4c c:/program files (x86)/cypress/psoc creator/3.3/psoc creator/import/gnu/arm/4.9.3/bin/../lib/gcc/arm-none-eabi/4.9.3/armv7-m\libgcc.a(_arm_fixsfsi.o)
                0x00009a04                __aeabi_f2iz
                0x00009a04                __fixsfsi
 .text.__assert_func
                0x00009a50       0x38 c:/program files (x86)/cypress/psoc creator/3.3/psoc creator/import/gnu/arm/4.9.3/bin/../lib/gcc/arm-none-eabi/4.9.3/../../../../arm-none-eabi/lib/armv7-m\libg_nano.a(lib_a-assert.o)
                0x00009a50                __assert_func
 .text.atof     0x00009a88        0x6 c:/program files (x86)/cypress/psoc creator/3.3/psoc creator/import/gnu/arm/4.9.3/bin/../lib/gcc/arm-none-eabi/4.9.3/../../../../arm-none-eabi/lib/armv7-m\libg_nano.a(lib_a-atof.o)
                0x00009a88                atof
 *fill*         0x00009a8e        0x2 
 .text.__errno  0x00009a90        0xc c:/program files (x86)/cypress/psoc creator/3.3/psoc creator/import/gnu/arm/4.9.3/bin/../lib/gcc/arm-none-eabi/4.9.3/../../../../arm-none-eabi/lib/armv7-m\libg_nano.a(lib_a-errno.o)
                0x00009a90                __errno
 .text.fprintf  0x00009a9c       0x24 c:/program files (x86)/cypress/psoc creator/3.3/psoc creator/import/gnu/arm/4.9.3/bin/../lib/gcc/arm-none-eabi/4.9.3/../../../../arm-none-eabi/lib/armv7-m\libg_nano.a(lib_a-fprintf.o)
                0x00009a9c                fiprintf
                0x00009a9c                fprintf
 .text.__libc_init_array
                0x00009ac0       0x4c c:/program files (x86)/cypress/psoc creator/3.3/psoc creator/import/gnu/arm/4.9.3/bin/../lib/gcc/arm-none-eabi/4.9.3/../../../../arm-none-eabi/lib/armv7-m\libg_nano.a(lib_a-init.o)
                0x00009ac0                __libc_init_array
 .text.__itoa   0x00009b0c       0x2e c:/program files (x86)/cypress/psoc creator/3.3/psoc creator/import/gnu/arm/4.9.3/bin/../lib/gcc/arm-none-eabi/4.9.3/../../../../arm-none-eabi/lib/armv7-m\libg_nano.a(lib_a-itoa.o)
                0x00009b0c                __itoa
 .text.itoa     0x00009b3a        0x4 c:/program files (x86)/cypress/psoc creator/3.3/psoc creator/import/gnu/arm/4.9.3/bin/../lib/gcc/arm-none-eabi/4.9.3/../../../../arm-none-eabi/lib/armv7-m\libg_nano.a(lib_a-itoa.o)
                0x00009b3a                itoa
 .text.memcpy   0x00009b3e       0x16 c:/program files (x86)/cypress/psoc creator/3.3/psoc creator/import/gnu/arm/4.9.3/bin/../lib/gcc/arm-none-eabi/4.9.3/../../../../arm-none-eabi/lib/armv7-m\libg_nano.a(lib_a-memcpy.o)
                0x00009b3e                memcpy
 .text.memset   0x00009b54       0x10 c:/program files (x86)/cypress/psoc creator/3.3/psoc creator/import/gnu/arm/4.9.3/bin/../lib/gcc/arm-none-eabi/4.9.3/../../../../arm-none-eabi/lib/armv7-m\libg_nano.a(lib_a-memset.o)
                0x00009b54                memset
 .text.__sfputc_r
                0x00009b64       0x2c c:/program files (x86)/cypress/psoc creator/3.3/psoc creator/import/gnu/arm/4.9.3/bin/../lib/gcc/arm-none-eabi/4.9.3/../../../../arm-none-eabi/lib/armv7-m\libg_nano.a(lib_a-nano-vfprintf.o)
 .text.__sfputs_r
                0x00009b90       0x24 c:/program files (x86)/cypress/psoc creator/3.3/psoc creator/import/gnu/arm/4.9.3/bin/../lib/gcc/arm-none-eabi/4.9.3/../../../../arm-none-eabi/lib/armv7-m\libg_nano.a(lib_a-nano-vfprintf.o)
                0x00009b90                __sfputs_r
 .text._vfprintf_r
                0x00009bb4      0x210 c:/program files (x86)/cypress/psoc creator/3.3/psoc creator/import/gnu/arm/4.9.3/bin/../lib/gcc/arm-none-eabi/4.9.3/../../../../arm-none-eabi/lib/armv7-m\libg_nano.a(lib_a-nano-vfprintf.o)
                0x00009bb4                _vfprintf_r
                0x00009bb4                _vfiprintf_r
 .text.__cvt    0x00009dc4       0xbc c:/program files (x86)/cypress/psoc creator/3.3/psoc creator/import/gnu/arm/4.9.3/bin/../lib/gcc/arm-none-eabi/4.9.3/../../../../arm-none-eabi/lib/armv7-m\libg_nano.a(lib_a-nano-vfprintf_float.o)
                0x00009dc4                __cvt
 .text.__exponent
                0x00009e80       0x62 c:/program files (x86)/cypress/psoc creator/3.3/psoc creator/import/gnu/arm/4.9.3/bin/../lib/gcc/arm-none-eabi/4.9.3/../../../../arm-none-eabi/lib/armv7-m\libg_nano.a(lib_a-nano-vfprintf_float.o)
                0x00009e80                __exponent
 *fill*         0x00009ee2        0x2 
 .text._printf_float
                0x00009ee4      0x48c c:/program files (x86)/cypress/psoc creator/3.3/psoc creator/import/gnu/arm/4.9.3/bin/../lib/gcc/arm-none-eabi/4.9.3/../../../../arm-none-eabi/lib/armv7-m\libg_nano.a(lib_a-nano-vfprintf_float.o)
                0x00009ee4                _printf_float
 .text._printf_common
                0x0000a370       0xea c:/program files (x86)/cypress/psoc creator/3.3/psoc creator/import/gnu/arm/4.9.3/bin/../lib/gcc/arm-none-eabi/4.9.3/../../../../arm-none-eabi/lib/armv7-m\libg_nano.a(lib_a-nano-vfprintf_i.o)
                0x0000a370                _printf_common
 *fill*         0x0000a45a        0x2 
 .text._printf_i
                0x0000a45c      0x240 c:/program files (x86)/cypress/psoc creator/3.3/psoc creator/import/gnu/arm/4.9.3/bin/../lib/gcc/arm-none-eabi/4.9.3/../../../../arm-none-eabi/lib/armv7-m\libg_nano.a(lib_a-nano-vfprintf_i.o)
                0x0000a45c                _printf_i
 .text.snprintf
                0x0000a69c       0x64 c:/program files (x86)/cypress/psoc creator/3.3/psoc creator/import/gnu/arm/4.9.3/bin/../lib/gcc/arm-none-eabi/4.9.3/../../../../arm-none-eabi/lib/armv7-m\libg_nano.a(lib_a-snprintf.o)
                0x0000a69c                sniprintf
                0x0000a69c                snprintf
 .text.sprintf  0x0000a700       0x48 c:/program files (x86)/cypress/psoc creator/3.3/psoc creator/import/gnu/arm/4.9.3/bin/../lib/gcc/arm-none-eabi/4.9.3/../../../../arm-none-eabi/lib/armv7-m\libg_nano.a(lib_a-sprintf.o)
                0x0000a700                siprintf
                0x0000a700                sprintf
 .text.strlen   0x0000a748       0x10 c:/program files (x86)/cypress/psoc creator/3.3/psoc creator/import/gnu/arm/4.9.3/bin/../lib/gcc/arm-none-eabi/4.9.3/../../../../arm-none-eabi/lib/armv7-m\libg_nano.a(lib_a-strlen.o)
                0x0000a748                strlen
 .text.match    0x0000a758       0x26 c:/program files (x86)/cypress/psoc creator/3.3/psoc creator/import/gnu/arm/4.9.3/bin/../lib/gcc/arm-none-eabi/4.9.3/../../../../arm-none-eabi/lib/armv7-m\libg_nano.a(lib_a-strtod.o)
 .text.sulp     0x0000a77e       0x42 c:/program files (x86)/cypress/psoc creator/3.3/psoc creator/import/gnu/arm/4.9.3/bin/../lib/gcc/arm-none-eabi/4.9.3/../../../../arm-none-eabi/lib/armv7-m\libg_nano.a(lib_a-strtod.o)
 .text._strtod_r
                0x0000a7c0      0xc40 c:/program files (x86)/cypress/psoc creator/3.3/psoc creator/import/gnu/arm/4.9.3/bin/../lib/gcc/arm-none-eabi/4.9.3/../../../../arm-none-eabi/lib/armv7-m\libg_nano.a(lib_a-strtod.o)
                0x0000a7c0                _strtod_r
 .text.strtod   0x0000b400       0x14 c:/program files (x86)/cypress/psoc creator/3.3/psoc creator/import/gnu/arm/4.9.3/bin/../lib/gcc/arm-none-eabi/4.9.3/../../../../arm-none-eabi/lib/armv7-m\libg_nano.a(lib_a-strtod.o)
                0x0000b400                strtod
 .text.__utoa   0x0000b414       0x78 c:/program files (x86)/cypress/psoc creator/3.3/psoc creator/import/gnu/arm/4.9.3/bin/../lib/gcc/arm-none-eabi/4.9.3/../../../../arm-none-eabi/lib/armv7-m\libg_nano.a(lib_a-utoa.o)
                0x0000b414                __utoa
 .text.__swbuf_r
                0x0000b48c       0xa8 c:/program files (x86)/cypress/psoc creator/3.3/psoc creator/import/gnu/arm/4.9.3/bin/../lib/gcc/arm-none-eabi/4.9.3/../../../../arm-none-eabi/lib/armv7-m\libg_nano.a(lib_a-wbuf.o)
                0x0000b48c                __swbuf_r
 .text.__swsetup_r
                0x0000b534       0xd8 c:/program files (x86)/cypress/psoc creator/3.3/psoc creator/import/gnu/arm/4.9.3/bin/../lib/gcc/arm-none-eabi/4.9.3/../../../../arm-none-eabi/lib/armv7-m\libg_nano.a(lib_a-wsetup.o)
                0x0000b534                __swsetup_r
 .text.abort    0x0000b60c        0xe c:/program files (x86)/cypress/psoc creator/3.3/psoc creator/import/gnu/arm/4.9.3/bin/../lib/gcc/arm-none-eabi/4.9.3/../../../../arm-none-eabi/lib/armv7-m\libg_nano.a(lib_a-abort.o)
                0x0000b60c                abort
 .text.quorem   0x0000b61a      0x114 c:/program files (x86)/cypress/psoc creator/3.3/psoc creator/import/gnu/arm/4.9.3/bin/../lib/gcc/arm-none-eabi/4.9.3/../../../../arm-none-eabi/lib/armv7-m\libg_nano.a(lib_a-dtoa.o)
 *fill*         0x0000b72e        0x2 
 .text._dtoa_r  0x0000b730      0xb78 c:/program files (x86)/cypress/psoc creator/3.3/psoc creator/import/gnu/arm/4.9.3/bin/../lib/gcc/arm-none-eabi/4.9.3/../../../../arm-none-eabi/lib/armv7-m\libg_nano.a(lib_a-dtoa.o)
                0x0000b730                _dtoa_r
 .text.__sflush_r
                0x0000c2a8      0x106 c:/program files (x86)/cypress/psoc creator/3.3/psoc creator/import/gnu/arm/4.9.3/bin/../lib/gcc/arm-none-eabi/4.9.3/../../../../arm-none-eabi/lib/armv7-m\libg_nano.a(lib_a-fflush.o)
                0x0000c2a8                __sflush_r
 *fill*         0x0000c3ae        0x2 
 .text._fflush_r
                0x0000c3b0       0x54 c:/program files (x86)/cypress/psoc creator/3.3/psoc creator/import/gnu/arm/4.9.3/bin/../lib/gcc/arm-none-eabi/4.9.3/../../../../arm-none-eabi/lib/armv7-m\libg_nano.a(lib_a-fflush.o)
                0x0000c3b0                _fflush_r
 .text._cleanup_r
                0x0000c404        0xc c:/program files (x86)/cypress/psoc creator/3.3/psoc creator/import/gnu/arm/4.9.3/bin/../lib/gcc/arm-none-eabi/4.9.3/../../../../arm-none-eabi/lib/armv7-m\libg_nano.a(lib_a-findfp.o)
                0x0000c404                _cleanup_r
 .text.std.isra.0
                0x0000c410       0x48 c:/program files (x86)/cypress/psoc creator/3.3/psoc creator/import/gnu/arm/4.9.3/bin/../lib/gcc/arm-none-eabi/4.9.3/../../../../arm-none-eabi/lib/armv7-m\libg_nano.a(lib_a-findfp.o)
 .text.__sfmoreglue
                0x0000c458       0x2c c:/program files (x86)/cypress/psoc creator/3.3/psoc creator/import/gnu/arm/4.9.3/bin/../lib/gcc/arm-none-eabi/4.9.3/../../../../arm-none-eabi/lib/armv7-m\libg_nano.a(lib_a-findfp.o)
                0x0000c458                __sfmoreglue
 .text.__sinit  0x0000c484       0x60 c:/program files (x86)/cypress/psoc creator/3.3/psoc creator/import/gnu/arm/4.9.3/bin/../lib/gcc/arm-none-eabi/4.9.3/../../../../arm-none-eabi/lib/armv7-m\libg_nano.a(lib_a-findfp.o)
                0x0000c484                __sinit
 .text.__sfp    0x0000c4e4       0x74 c:/program files (x86)/cypress/psoc creator/3.3/psoc creator/import/gnu/arm/4.9.3/bin/../lib/gcc/arm-none-eabi/4.9.3/../../../../arm-none-eabi/lib/armv7-m\libg_nano.a(lib_a-findfp.o)
                0x0000c4e4                __sfp
 .text._fwalk_reent
                0x0000c558       0x3c c:/program files (x86)/cypress/psoc creator/3.3/psoc creator/import/gnu/arm/4.9.3/bin/../lib/gcc/arm-none-eabi/4.9.3/../../../../arm-none-eabi/lib/armv7-m\libg_nano.a(lib_a-fwalk.o)
                0x0000c558                _fwalk_reent
 .text.rshift   0x0000c594       0x6c c:/program files (x86)/cypress/psoc creator/3.3/psoc creator/import/gnu/arm/4.9.3/bin/../lib/gcc/arm-none-eabi/4.9.3/../../../../arm-none-eabi/lib/armv7-m\libg_nano.a(lib_a-gdtoa-gethex.o)
 .text.__hexdig_fun
                0x0000c600       0x2a c:/program files (x86)/cypress/psoc creator/3.3/psoc creator/import/gnu/arm/4.9.3/bin/../lib/gcc/arm-none-eabi/4.9.3/../../../../arm-none-eabi/lib/armv7-m\libg_nano.a(lib_a-gdtoa-gethex.o)
                0x0000c600                __hexdig_fun
 .text.__gethex
                0x0000c62a      0x44a c:/program files (x86)/cypress/psoc creator/3.3/psoc creator/import/gnu/arm/4.9.3/bin/../lib/gcc/arm-none-eabi/4.9.3/../../../../arm-none-eabi/lib/armv7-m\libg_nano.a(lib_a-gdtoa-gethex.o)
                0x0000c62a                __gethex
 .text.L_shift  0x0000ca74       0x24 c:/program files (x86)/cypress/psoc creator/3.3/psoc creator/import/gnu/arm/4.9.3/bin/../lib/gcc/arm-none-eabi/4.9.3/../../../../arm-none-eabi/lib/armv7-m\libg_nano.a(lib_a-gdtoa-hexnan.o)
 .text.__hexnan
                0x0000ca98      0x114 c:/program files (x86)/cypress/psoc creator/3.3/psoc creator/import/gnu/arm/4.9.3/bin/../lib/gcc/arm-none-eabi/4.9.3/../../../../arm-none-eabi/lib/armv7-m\libg_nano.a(lib_a-gdtoa-hexnan.o)
                0x0000ca98                __hexnan
 .text._localeconv_r
                0x0000cbac        0x8 c:/program files (x86)/cypress/psoc creator/3.3/psoc creator/import/gnu/arm/4.9.3/bin/../lib/gcc/arm-none-eabi/4.9.3/../../../../arm-none-eabi/lib/armv7-m\libg_nano.a(lib_a-locale.o)
                0x0000cbac                _localeconv_r
 .text.__smakebuf_r
                0x0000cbb4       0x98 c:/program files (x86)/cypress/psoc creator/3.3/psoc creator/import/gnu/arm/4.9.3/bin/../lib/gcc/arm-none-eabi/4.9.3/../../../../arm-none-eabi/lib/armv7-m\libg_nano.a(lib_a-makebuf.o)
                0x0000cbb4                __smakebuf_r
 .text.malloc   0x0000cc4c       0x10 c:/program files (x86)/cypress/psoc creator/3.3/psoc creator/import/gnu/arm/4.9.3/bin/../lib/gcc/arm-none-eabi/4.9.3/../../../../arm-none-eabi/lib/armv7-m\libg_nano.a(lib_a-malloc.o)
                0x0000cc4c                malloc
 .text.memchr   0x0000cc5c       0x1c c:/program files (x86)/cypress/psoc creator/3.3/psoc creator/import/gnu/arm/4.9.3/bin/../lib/gcc/arm-none-eabi/4.9.3/../../../../arm-none-eabi/lib/armv7-m\libg_nano.a(lib_a-memchr.o)
                0x0000cc5c                memchr
 .text.memmove  0x0000cc78       0x36 c:/program files (x86)/cypress/psoc creator/3.3/psoc creator/import/gnu/arm/4.9.3/bin/../lib/gcc/arm-none-eabi/4.9.3/../../../../arm-none-eabi/lib/armv7-m\libg_nano.a(lib_a-memmove.o)
                0x0000cc78                memmove
 .text._Balloc  0x0000ccae       0x6a c:/program files (x86)/cypress/psoc creator/3.3/psoc creator/import/gnu/arm/4.9.3/bin/../lib/gcc/arm-none-eabi/4.9.3/../../../../arm-none-eabi/lib/armv7-m\libg_nano.a(lib_a-mprec.o)
                0x0000ccae                _Balloc
 .text._Bfree   0x0000cd18       0x2e c:/program files (x86)/cypress/psoc creator/3.3/psoc creator/import/gnu/arm/4.9.3/bin/../lib/gcc/arm-none-eabi/4.9.3/../../../../arm-none-eabi/lib/armv7-m\libg_nano.a(lib_a-mprec.o)
                0x0000cd18                _Bfree
 .text.__multadd
                0x0000cd46       0x7c c:/program files (x86)/cypress/psoc creator/3.3/psoc creator/import/gnu/arm/4.9.3/bin/../lib/gcc/arm-none-eabi/4.9.3/../../../../arm-none-eabi/lib/armv7-m\libg_nano.a(lib_a-mprec.o)
                0x0000cd46                __multadd
 .text.__s2b    0x0000cdc2       0x80 c:/program files (x86)/cypress/psoc creator/3.3/psoc creator/import/gnu/arm/4.9.3/bin/../lib/gcc/arm-none-eabi/4.9.3/../../../../arm-none-eabi/lib/armv7-m\libg_nano.a(lib_a-mprec.o)
                0x0000cdc2                __s2b
 .text.__hi0bits
                0x0000ce42       0x40 c:/program files (x86)/cypress/psoc creator/3.3/psoc creator/import/gnu/arm/4.9.3/bin/../lib/gcc/arm-none-eabi/4.9.3/../../../../arm-none-eabi/lib/armv7-m\libg_nano.a(lib_a-mprec.o)
                0x0000ce42                __hi0bits
 .text.__lo0bits
                0x0000ce82       0x5a c:/program files (x86)/cypress/psoc creator/3.3/psoc creator/import/gnu/arm/4.9.3/bin/../lib/gcc/arm-none-eabi/4.9.3/../../../../arm-none-eabi/lib/armv7-m\libg_nano.a(lib_a-mprec.o)
                0x0000ce82                __lo0bits
 .text.__i2b    0x0000cedc       0x12 c:/program files (x86)/cypress/psoc creator/3.3/psoc creator/import/gnu/arm/4.9.3/bin/../lib/gcc/arm-none-eabi/4.9.3/../../../../arm-none-eabi/lib/armv7-m\libg_nano.a(lib_a-mprec.o)
                0x0000cedc                __i2b
 .text.__multiply
                0x0000ceee      0x120 c:/program files (x86)/cypress/psoc creator/3.3/psoc creator/import/gnu/arm/4.9.3/bin/../lib/gcc/arm-none-eabi/4.9.3/../../../../arm-none-eabi/lib/armv7-m\libg_nano.a(lib_a-mprec.o)
                0x0000ceee                __multiply
 *fill*         0x0000d00e        0x2 
 .text.__pow5mult
                0x0000d010       0x9c c:/program files (x86)/cypress/psoc creator/3.3/psoc creator/import/gnu/arm/4.9.3/bin/../lib/gcc/arm-none-eabi/4.9.3/../../../../arm-none-eabi/lib/armv7-m\libg_nano.a(lib_a-mprec.o)
                0x0000d010                __pow5mult
 .text.__lshift
                0x0000d0ac       0xa6 c:/program files (x86)/cypress/psoc creator/3.3/psoc creator/import/gnu/arm/4.9.3/bin/../lib/gcc/arm-none-eabi/4.9.3/../../../../arm-none-eabi/lib/armv7-m\libg_nano.a(lib_a-mprec.o)
                0x0000d0ac                __lshift
 .text.__mcmp   0x0000d152       0x38 c:/program files (x86)/cypress/psoc creator/3.3/psoc creator/import/gnu/arm/4.9.3/bin/../lib/gcc/arm-none-eabi/4.9.3/../../../../arm-none-eabi/lib/armv7-m\libg_nano.a(lib_a-mprec.o)
                0x0000d152                __mcmp
 .text.__mdiff  0x0000d18a       0xbe c:/program files (x86)/cypress/psoc creator/3.3/psoc creator/import/gnu/arm/4.9.3/bin/../lib/gcc/arm-none-eabi/4.9.3/../../../../arm-none-eabi/lib/armv7-m\libg_nano.a(lib_a-mprec.o)
                0x0000d18a                __mdiff
 .text.__ulp    0x0000d248       0x48 c:/program files (x86)/cypress/psoc creator/3.3/psoc creator/import/gnu/arm/4.9.3/bin/../lib/gcc/arm-none-eabi/4.9.3/../../../../arm-none-eabi/lib/armv7-m\libg_nano.a(lib_a-mprec.o)
                0x0000d248                __ulp