Archive member included because of file (symbol)

.\CortexM3\ARM_GCC_493\Debug\freesoc.a(cyfitter_cfg.o)
                              .\CortexM3\ARM_GCC_493\Debug\Cm3Start.o (cyfitter_cfg)
.\CortexM3\ARM_GCC_493\Debug\freesoc.a(Left_HB25_Enable_Pin.o)
                              .\CortexM3\ARM_GCC_493\Debug\motor.o (Left_HB25_Enable_Pin_Write)
.\CortexM3\ARM_GCC_493\Debug\freesoc.a(Left_HB25_PWM.o)
                              .\CortexM3\ARM_GCC_493\Debug\motor.o (Left_HB25_PWM_Stop)
.\CortexM3\ARM_GCC_493\Debug\freesoc.a(Right_HB25_Enable_Pin.o)
                              .\CortexM3\ARM_GCC_493\Debug\motor.o (Right_HB25_Enable_Pin_Write)
.\CortexM3\ARM_GCC_493\Debug\freesoc.a(Right_HB25_PWM.o)
                              .\CortexM3\ARM_GCC_493\Debug\motor.o (Right_HB25_PWM_Stop)
.\CortexM3\ARM_GCC_493\Debug\freesoc.a(CyBootAsmGnu.o)
                              .\CortexM3\ARM_GCC_493\Debug\freesoc.a(cyfitter_cfg.o) (CyDelayCycles)
.\CortexM3\ARM_GCC_493\Debug\freesoc.a(CyLib.o)
                              .\CortexM3\ARM_GCC_493\Debug\Cm3Start.o (CyHalt)
.\CortexM3\ARM_GCC_493\Debug\freesoc.a(cyPm.o)
                              .\CortexM3\ARM_GCC_493\Debug\freesoc.a(CyLib.o) (CyPmReadStatus)
.\CortexM3\ARM_GCC_493\Debug\freesoc.a(EZI2C_Slave.o)
                              .\CortexM3\ARM_GCC_493\Debug\i2c.o (EZI2C_Slave_Start)
.\CortexM3\ARM_GCC_493\Debug\freesoc.a(EZI2C_Slave_PM.o)
                              .\CortexM3\ARM_GCC_493\Debug\freesoc.a(EZI2C_Slave.o) (EZI2C_Slave_backup)
.\CortexM3\ARM_GCC_493\Debug\freesoc.a(EZI2C_Slave_INT.o)
                              .\CortexM3\ARM_GCC_493\Debug\freesoc.a(EZI2C_Slave.o) (EZI2C_Slave_ISR)
.\CortexM3\ARM_GCC_493\Debug\freesoc.a(Mainloop_Pin.o)
                              .\CortexM3\ARM_GCC_493\Debug\main.o (Mainloop_Pin_Write)
.\CortexM3\ARM_GCC_493\Debug\freesoc.a(EEPROM.o)
                              .\CortexM3\ARM_GCC_493\Debug\nvstore.o (EEPROM_Start)
.\CortexM3\ARM_GCC_493\Debug\freesoc.a(Right_QuadDec.o)
                              .\CortexM3\ARM_GCC_493\Debug\encoder.o (Right_QuadDec_GetCounter)
.\CortexM3\ARM_GCC_493\Debug\freesoc.a(Right_QuadDec_INT.o)
                              .\CortexM3\ARM_GCC_493\Debug\freesoc.a(Right_QuadDec.o) (Right_QuadDec_ISR)
.\CortexM3\ARM_GCC_493\Debug\freesoc.a(Right_QuadDec_Cnt16.o)
                              .\CortexM3\ARM_GCC_493\Debug\freesoc.a(Right_QuadDec.o) (Right_QuadDec_Cnt16_Stop)
.\CortexM3\ARM_GCC_493\Debug\freesoc.a(Left_QuadDec.o)
                              .\CortexM3\ARM_GCC_493\Debug\encoder.o (Left_QuadDec_GetCounter)
.\CortexM3\ARM_GCC_493\Debug\freesoc.a(Left_QuadDec_INT.o)
                              .\CortexM3\ARM_GCC_493\Debug\freesoc.a(Left_QuadDec.o) (Left_QuadDec_ISR)
.\CortexM3\ARM_GCC_493\Debug\freesoc.a(Left_QuadDec_Cnt16.o)
                              .\CortexM3\ARM_GCC_493\Debug\freesoc.a(Left_QuadDec.o) (Left_QuadDec_Cnt16_Stop)
.\CortexM3\ARM_GCC_493\Debug\freesoc.a(USBUART.o)
                              .\CortexM3\ARM_GCC_493\Debug\serial.o (USBUART_Start)
.\CortexM3\ARM_GCC_493\Debug\freesoc.a(USBUART_cdc.o)
                              .\CortexM3\ARM_GCC_493\Debug\serial.o (USBUART_CDC_Init)
.\CortexM3\ARM_GCC_493\Debug\freesoc.a(USBUART_drv.o)
                              .\CortexM3\ARM_GCC_493\Debug\freesoc.a(USBUART.o) (USBUART_lastPacketSize)
.\CortexM3\ARM_GCC_493\Debug\freesoc.a(USBUART_episr.o)
                              .\CortexM3\ARM_GCC_493\Debug\freesoc.a(USBUART.o) (USBUART_EP_1_ISR)
.\CortexM3\ARM_GCC_493\Debug\freesoc.a(USBUART_hid.o)
                              .\CortexM3\ARM_GCC_493\Debug\freesoc.a(USBUART.o) (USBUART_hidProtocol)
.\CortexM3\ARM_GCC_493\Debug\freesoc.a(USBUART_pm.o)
                              .\CortexM3\ARM_GCC_493\Debug\freesoc.a(USBUART.o) (USBUART_DP_ISR)
.\CortexM3\ARM_GCC_493\Debug\freesoc.a(USBUART_std.o)
                              .\CortexM3\ARM_GCC_493\Debug\freesoc.a(USBUART_pm.o) (USBUART_ConfigReg)
.\CortexM3\ARM_GCC_493\Debug\freesoc.a(USBUART_vnd.o)
                              .\CortexM3\ARM_GCC_493\Debug\freesoc.a(USBUART_drv.o) (USBUART_HandleVendorRqst)
.\CortexM3\ARM_GCC_493\Debug\freesoc.a(USBUART_Dp.o)
                              .\CortexM3\ARM_GCC_493\Debug\freesoc.a(USBUART_pm.o) (USBUART_Dp_ClearInterrupt)
.\CortexM3\ARM_GCC_493\Debug\freesoc.a(SPIM.o)
                              .\CortexM3\ARM_GCC_493\Debug\spi.o (SPIM_WriteTxData)
.\CortexM3\ARM_GCC_493\Debug\freesoc.a(SPIM_INT.o)
                              .\CortexM3\ARM_GCC_493\Debug\freesoc.a(SPIM.o) (SPIM_RX_ISR)
.\CortexM3\ARM_GCC_493\Debug\freesoc.a(Slave_Select.o)
                              .\CortexM3\ARM_GCC_493\Debug\spi.o (Slave_Select_Write)
.\CortexM3\ARM_GCC_493\Debug\freesoc.a(CyFlash.o)
                              .\CortexM3\ARM_GCC_493\Debug\freesoc.a(EEPROM.o) (dieTemperature)
.\CortexM3\ARM_GCC_493\Debug\freesoc.a(CySpc.o)
[...]
Memory Configuration

Name             Origin             Length             Attributes
rom              0x00000000         0x00040000         xr
ram              0x1fff8000         0x00010000         xrw
*default*        0x00000000         0xffffffff

Linker script and memory map

LOAD c:/program files (x86)/cypress/psoc creator/3.3/psoc creator/import/gnu/arm/4.9.3/bin/../lib/gcc/arm-none-eabi/4.9.3/armv7-m/crti.o
LOAD c:/program files (x86)/cypress/psoc creator/3.3/psoc creator/import/gnu/arm/4.9.3/bin/../lib/gcc/arm-none-eabi/4.9.3/armv7-m/crtbegin.o
LOAD c:/program files (x86)/cypress/psoc creator/3.3/psoc creator/import/gnu/arm/4.9.3/bin/../lib/gcc/arm-none-eabi/4.9.3/../../../../arm-none-eabi/lib/armv7-m/crt0.o
START GROUP
LOAD .\CortexM3\ARM_GCC_493\Debug\main.o
LOAD .\CortexM3\ARM_GCC_493\Debug\cal.o
LOAD .\CortexM3\ARM_GCC_493\Debug\control.o
LOAD .\CortexM3\ARM_GCC_493\Debug\debug.o
LOAD .\CortexM3\ARM_GCC_493\Debug\diag.o
LOAD .\CortexM3\ARM_GCC_493\Debug\encoder.o
LOAD .\CortexM3\ARM_GCC_493\Debug\i2c.o
LOAD .\CortexM3\ARM_GCC_493\Debug\motor.o
LOAD .\CortexM3\ARM_GCC_493\Debug\odom.o
LOAD .\CortexM3\ARM_GCC_493\Debug\pid.o
LOAD .\CortexM3\ARM_GCC_493\Debug\time.o
LOAD .\CortexM3\ARM_GCC_493\Debug\utils.o
LOAD .\CortexM3\ARM_GCC_493\Debug\pid_controller.o
LOAD .\CortexM3\ARM_GCC_493\Debug\serial.o
LOAD .\CortexM3\ARM_GCC_493\Debug\nvstore.o
LOAD .\CortexM3\ARM_GCC_493\Debug\calpid.o
LOAD .\CortexM3\ARM_GCC_493\Debug\calmotor.o
LOAD .\CortexM3\ARM_GCC_493\Debug\pidutil.o
LOAD .\CortexM3\ARM_GCC_493\Debug\spi.o
LOAD .\CortexM3\ARM_GCC_493\Debug\cymetadata.o
LOAD .\CortexM3\ARM_GCC_493\Debug\Cm3Start.o
LOAD .\CortexM3\ARM_GCC_493\Debug\freesoc.a
LOAD C:\Program Files (x86)\Cypress\PSoC Creator\3.3\PSoC Creator\psoc\content\cycomponentlibrary\CyComponentLibrary.cylib\CortexM3\ARM_GCC_493\Debug\CyComponentLibrary.a
LOAD c:/program files (x86)/cypress/psoc creator/3.3/psoc creator/import/gnu/arm/4.9.3/bin/../lib/gcc/arm-none-eabi/4.9.3/../../../../arm-none-eabi/lib/armv7-m\libm.a
END GROUP
START GROUP
LOAD c:/program files (x86)/cypress/psoc creator/3.3/psoc creator/import/gnu/arm/4.9.3/bin/../lib/gcc/arm-none-eabi/4.9.3/armv7-m\libgcc.a
LOAD c:/program files (x86)/cypress/psoc creator/3.3/psoc creator/import/gnu/arm/4.9.3/bin/../lib/gcc/arm-none-eabi/4.9.3/../../../../arm-none-eabi/lib/armv7-m\libg_nano.a
LOAD c:/program files (x86)/cypress/psoc creator/3.3/psoc creator/import/gnu/arm/4.9.3/bin/../lib/gcc/arm-none-eabi/4.9.3/../../../../arm-none-eabi/lib/armv7-m\libc_nano.a
END GROUP
START GROUP
LOAD c:/program files (x86)/cypress/psoc creator/3.3/psoc creator/import/gnu/arm/4.9.3/bin/../lib/gcc/arm-none-eabi/4.9.3/armv7-m\libgcc.a
LOAD c:/program files (x86)/cypress/psoc creator/3.3/psoc creator/import/gnu/arm/4.9.3/bin/../lib/gcc/arm-none-eabi/4.9.3/../../../../arm-none-eabi/lib/armv7-m\libc_nano.a
END GROUP
LOAD c:/program files (x86)/cypress/psoc creator/3.3/psoc creator/import/gnu/arm/4.9.3/bin/../lib/gcc/arm-none-eabi/4.9.3/armv7-m/crtend.o
LOAD c:/program files (x86)/cypress/psoc creator/3.3/psoc creator/import/gnu/arm/4.9.3/bin/../lib/gcc/arm-none-eabi/4.9.3/armv7-m/crtn.o
START GROUP
LOAD c:/program files (x86)/cypress/psoc creator/3.3/psoc creator/import/gnu/arm/4.9.3/bin/../lib/gcc/arm-none-eabi/4.9.3/armv7-m\libgcc.a
LOAD c:/program files (x86)/cypress/psoc creator/3.3/psoc creator/import/gnu/arm/4.9.3/bin/../lib/gcc/arm-none-eabi/4.9.3/../../../../arm-none-eabi/lib/armv7-m\libc.a
LOAD c:/program files (x86)/cypress/psoc creator/3.3/psoc creator/import/gnu/arm/4.9.3/bin/../lib/gcc/arm-none-eabi/4.9.3/../../../../arm-none-eabi/lib/armv7-m\libnosys.a
END GROUP
                0x00000000                CY_APPL_ORIGIN = 0x0
                0x00000100                CY_FLASH_ROW_SIZE = 0x100
                0x00000020                CY_ECC_ROW_SIZE = 0x20
                0x00000000                CY_EE_IN_BTLDR = 0x0
                0x00000000                CY_APPL_LOADABLE = 0x0
                0x00000800                CY_EE_SIZE = 0x800
                0x00000001                CY_APPL_NUM = 0x1
                0x00000001                CY_APPL_MAX = 0x1
                0x00000040                CY_METADATA_SIZE = 0x40
                0x00000000                CY_APPL_LOADABLE = 0x0
                0x00000000                CY_CHECKSUM_EXCLUDE_SIZE = ALIGN (0x0, CY_FLASH_ROW_SIZE)
                0x1fff8b60                PROVIDE (__cy_heap_start, _end)
                0x00000001                PROVIDE (__cy_region_num, ((__cy_regions_end - __cy_regions) / 0x10))
                0x20008000                PROVIDE (__cy_stack, (ORIGIN (ram) + 0x10000))
                0x20007800                PROVIDE (__cy_heap_end, (__cy_stack - 0x800))

.cybootloader   0x00000000        0x0
 *(.cybootloader)
                0x00000000                appl1_start = CY_APPL_ORIGIN?CY_APPL_ORIGIN:ALIGN (CY_FLASH_ROW_SIZE)
                0x0001ff00                appl2_start = (appl1_start + ALIGN ((((0x40000 - appl1_start) - (0x2 * CY_FLASH_ROW_SIZE)) / 0x2), CY_FLASH_ROW_SIZE))
                0x00000000                appl_start = (CY_APPL_NUM == 0x1)?appl1_start:appl2_start
                0x00000000                ecc_offset = ((appl_start / CY_FLASH_ROW_SIZE) * CY_ECC_ROW_SIZE)
                0x00000000                ee_offset = (CY_APPL_LOADABLE && ! (CY_EE_IN_BTLDR))?((CY_EE_SIZE / CY_APPL_MAX) * (CY_APPL_NUM - 0x1)):0x0
                0x00000800                ee_size = (CY_APPL_LOADABLE && ! (CY_EE_IN_BTLDR))?(CY_EE_SIZE / CY_APPL_MAX):CY_EE_SIZE
                0x00000000                PROVIDE (CY_ECC_OFFSET, ecc_offset)

.text           0x00000000     0xbbcc
 CREATE_OBJECT_SYMBOLS
                0x00000000                PROVIDE (__cy_interrupt_vector, RomVectors)
 *(.romvectors)
 .romvectors    0x00000000       0x10 .\CortexM3\ARM_GCC_493\Debug\Cm3Start.o
                0x00000000                RomVectors
                0x00000001                ASSERT ((. != __cy_interrupt_vector), No interrupt vector)
                0x00000001                ASSERT (CY_APPL_ORIGIN?(SIZEOF (.cybootloader) <= CY_APPL_ORIGIN):0x1, Wrong image location)
                0x00000010                PROVIDE (__cy_reset, Reset)
 *(.text.Reset)
 .text.Reset    0x00000010       0x18 .\CortexM3\ARM_GCC_493\Debug\Cm3Start.o
                0x00000010                Reset
                0x00000001                ASSERT ((. != __cy_reset), No reset code)
 *(.dma_init)
                0x00000001                ASSERT ((((appl_start + .) <= 0x10000) || 0x1), DMA Init must be within the first 64k of flash)
 *(.text .text.* .gnu.linkonce.t.*)
 .text          0x00000028       0x5c c:/program files (x86)/cypress/psoc creator/3.3/psoc creator/import/gnu/arm/4.9.3/bin/../lib/gcc/arm-none-eabi/4.9.3/armv7-m/crtbegin.o
 .text.main     0x00000084      0x118 .\CortexM3\ARM_GCC_493\Debug\main.o
                0x00000084                main
 .text.LeftTarget
                0x0000019c        0xc .\CortexM3\ARM_GCC_493\Debug\cal.o
 .text.RightTarget
                0x000001a8        0xc .\CortexM3\ARM_GCC_493\Debug\cal.o
 .text.GetCommand
                0x000001b4       0x58 .\CortexM3\ARM_GCC_493\Debug\cal.o
 .text.DisplayCalMenu
                0x0000020c       0x68 .\CortexM3\ARM_GCC_493\Debug\cal.o
 .text.DisplayValMenu
                0x00000274       0x5c .\CortexM3\ARM_GCC_493\Debug\cal.o
 .text.ProcessValidation
                0x000002d0       0x80 .\CortexM3\ARM_GCC_493\Debug\cal.o
 .text.DisplaySettingsMenu
                0x00000350       0x68 .\CortexM3\ARM_GCC_493\Debug\cal.o
 .text.DisplayExit
                0x000003b8       0x18 .\CortexM3\ARM_GCC_493\Debug\cal.o
 .text.GetCalibration
                0x000003d0       0x60 .\CortexM3\ARM_GCC_493\Debug\cal.o
 .text.GetValidation
                0x00000430       0x48 .\CortexM3\ARM_GCC_493\Debug\cal.o
 .text.SetCalibrationStatusBit
                0x00000478       0x24 .\CortexM3\ARM_GCC_493\Debug\cal.o
 .text.ProcessCalibration
                0x0000049c       0x84 .\CortexM3\ARM_GCC_493\Debug\cal.o
 .text.PrintSamples
                0x00000520       0x64 .\CortexM3\ARM_GCC_493\Debug\cal.o
 .text.ProcessSettings
                0x00000584       0xe8 .\CortexM3\ARM_GCC_493\Debug\cal.o
 .text.CalcPwm  0x0000066c       0x74 .\CortexM3\ARM_GCC_493\Debug\cal.o
 .text.ClearCalibrationStatusBit
                0x000006e0       0x2c .\CortexM3\ARM_GCC_493\Debug\cal.o
 .text.Cal_Init
                0x0000070c       0x38 .\CortexM3\ARM_GCC_493\Debug\cal.o
                0x0000070c                Cal_Init
 .text.Cal_Start
                0x00000744       0x14 .\CortexM3\ARM_GCC_493\Debug\cal.o
                0x00000744                Cal_Start
 .text.Cal_Update
                0x00000758       0xcc .\CortexM3\ARM_GCC_493\Debug\cal.o
                0x00000758                Cal_Update
 .text.Cal_ReadResponse
                0x00000824       0x48 .\CortexM3\ARM_GCC_493\Debug\cal.o
                0x00000824                Cal_ReadResponse
 .text.Cal_LeftGetPidGains
                0x0000086c        0xc .\CortexM3\ARM_GCC_493\Debug\cal.o
                0x0000086c                Cal_LeftGetPidGains
 .text.Cal_RightGetPidGains
                0x00000878        0xc .\CortexM3\ARM_GCC_493\Debug\cal.o
                0x00000878                Cal_RightGetPidGains
 .text.Cal_SetLeftRightVelocity
                0x00000884       0x40 .\CortexM3\ARM_GCC_493\Debug\cal.o
                0x00000884                Cal_SetLeftRightVelocity
 .text.Cal_PrintAllMotorParams
                0x000008c4       0x64 .\CortexM3\ARM_GCC_493\Debug\cal.o
                0x000008c4                Cal_PrintAllMotorParams
 .text.Cal_CpsToPwm
                0x00000928       0x84 .\CortexM3\ARM_GCC_493\Debug\cal.o
                0x00000928                Cal_CpsToPwm
 .text.Cal_Clear
                0x000009ac       0x10 .\CortexM3\ARM_GCC_493\Debug\cal.o
                0x000009ac                Cal_Clear
 *fill*         0x000009bc        0x4 
 .text.UpdateSpeed
                0x000009c0       0xd0 .\CortexM3\ARM_GCC_493\Debug\control.o
 .text.Control_Init
                0x00000a90       0x10 .\CortexM3\ARM_GCC_493\Debug\control.o
                0x00000a90                Control_Init
 .text.Control_Start
                0x00000aa0        0x4 .\CortexM3\ARM_GCC_493\Debug\control.o
                0x00000aa0                Control_Start
 .text.Control_Update
                0x00000aa4       0x40 .\CortexM3\ARM_GCC_493\Debug\control.o
                0x00000aa4                Control_Update
 .text.Control_LeftGetCmdVelocity
                0x00000ae4        0xc .\CortexM3\ARM_GCC_493\Debug\control.o
                0x00000ae4                Control_LeftGetCmdVelocity
 .text.Control_RightGetCmdVelocity
                0x00000af0        0xc .\CortexM3\ARM_GCC_493\Debug\control.o
                0x00000af0                Control_RightGetCmdVelocity
 .text.Control_OverrideDebug
                0x00000afc        0xc .\CortexM3\ARM_GCC_493\Debug\control.o
                0x00000afc                Control_OverrideDebug
 .text.Debug_Init
                0x00000b08       0x28 .\CortexM3\ARM_GCC_493\Debug\debug.o
                0x00000b08                Debug_Init
 .text.Debug_Start
                0x00000b30        0x4 .\CortexM3\ARM_GCC_493\Debug\debug.o
                0x00000b30                Debug_Start
 .text.Diag_Init
                0x00000b34       0x18 .\CortexM3\ARM_GCC_493\Debug\diag.o
                0x00000b34                Diag_Init
 .text.Diag_Start
                0x00000b4c        0x4 .\CortexM3\ARM_GCC_493\Debug\diag.o
                0x00000b4c                Diag_Start
 .text.Diag_Update
                0x00000b50       0x38 .\CortexM3\ARM_GCC_493\Debug\diag.o
                0x00000b50                Diag_Update
 .text.Encoder_Sample
                0x00000b88       0xa8 .\CortexM3\ARM_GCC_493\Debug\encoder.o
 .text.DumpEncoder
                0x00000c30       0x74 .\CortexM3\ARM_GCC_493\Debug\encoder.o
 .text.Encoder_Init
                0x00000ca4       0x4c .\CortexM3\ARM_GCC_493\Debug\encoder.o
                0x00000ca4                Encoder_Init
 .text.Encoder_Start
                0x00000cf0       0x20 .\CortexM3\ARM_GCC_493\Debug\encoder.o
                0x00000cf0                Encoder_Start
 .text.Encoder_Update
                0x00000d10       0x84 .\CortexM3\ARM_GCC_493\Debug\encoder.o
                0x00000d10                Encoder_Update
 .text.Encoder_LeftGetCntsPerSec
                0x00000d94        0xc .\CortexM3\ARM_GCC_493\Debug\encoder.o
                0x00000d94                Encoder_LeftGetCntsPerSec
 .text.Encoder_RightGetCntsPerSec
                0x00000da0        0xc .\CortexM3\ARM_GCC_493\Debug\encoder.o
                0x00000da0                Encoder_RightGetCntsPerSec
 .text.Encoder_LeftGetMeterPerSec
                0x00000dac        0xc .\CortexM3\ARM_GCC_493\Debug\encoder.o
                0x00000dac                Encoder_LeftGetMeterPerSec
 .text.Encoder_RightGetMeterPerSec
                0x00000db8        0xc .\CortexM3\ARM_GCC_493\Debug\encoder.o
                0x00000db8                Encoder_RightGetMeterPerSec
 .text.Encoder_LeftGetDist
                0x00000dc4        0xc .\CortexM3\ARM_GCC_493\Debug\encoder.o
                0x00000dc4                Encoder_LeftGetDist
 .text.Encoder_RightGetDist
                0x00000dd0        0xc .\CortexM3\ARM_GCC_493\Debug\encoder.o
                0x00000dd0                Encoder_RightGetDist
 .text.Encoder_Reset
                0x00000ddc       0x64 .\CortexM3\ARM_GCC_493\Debug\encoder.o
                0x00000ddc                Encoder_Reset
 .text.I2c_Init
                0x00000e40       0x24 .\CortexM3\ARM_GCC_493\Debug\i2c.o
                0x00000e40                I2c_Init
 .text.I2c_Start
                0x00000e64       0x24 .\CortexM3\ARM_GCC_493\Debug\i2c.o
                0x00000e64                I2c_Start
 .text.I2c_ReadDeviceControl
                0x00000e88       0x2c .\CortexM3\ARM_GCC_493\Debug\i2c.o
                0x00000e88                I2c_ReadDeviceControl
 .text.I2c_ReadDebugControl
                0x00000eb4       0x94 .\CortexM3\ARM_GCC_493\Debug\i2c.o
                0x00000eb4                I2c_ReadDebugControl
 .text.I2c_ReadCmdVelocity
                0x00000f48       0x6c .\CortexM3\ARM_GCC_493\Debug\i2c.o
                0x00000f48                I2c_ReadCmdVelocity
 .text.I2c_SetCalibrationStatusBit
                0x00000fb4       0x38 .\CortexM3\ARM_GCC_493\Debug\i2c.o
                0x00000fb4                I2c_SetCalibrationStatusBit
 .text.I2c_ClearCalibrationStatusBit
                0x00000fec       0x3c .\CortexM3\ARM_GCC_493\Debug\i2c.o
                0x00000fec                I2c_ClearCalibrationStatusBit
 .text.I2c_WriteOdom
                0x00001028       0x78 .\CortexM3\ARM_GCC_493\Debug\i2c.o
                0x00001028                I2c_WriteOdom
 .text.I2c_WriteInfraredDistances
                0x000010a0       0x3c .\CortexM3\ARM_GCC_493\Debug\i2c.o
                0x000010a0                I2c_WriteInfraredDistances
 .text.I2c_WriteUltrasonicDistances
                0x000010dc       0x3c .\CortexM3\ARM_GCC_493\Debug\i2c.o
                0x000010dc                I2c_WriteUltrasonicDistances
 .text.I2c_UpdateHeartbeat
                0x00001118       0x2c .\CortexM3\ARM_GCC_493\Debug\i2c.o
                0x00001118                I2c_UpdateHeartbeat
 .text.RampDown
                0x00001144       0x7c .\CortexM3\ARM_GCC_493\Debug\motor.o
 .text.Motor_Init
                0x000011c0       0x18 .\CortexM3\ARM_GCC_493\Debug\motor.o
                0x000011c0                Motor_Init
 .text.Motor_Start
                0x000011d8       0x30 .\CortexM3\ARM_GCC_493\Debug\motor.o
                0x000011d8                Motor_Start
 .text.Motor_LeftSetPwm
                0x00001208       0x2c .\CortexM3\ARM_GCC_493\Debug\motor.o
                0x00001208                Motor_LeftSetPwm
 .text.Motor_RightSetPwm
                0x00001234       0x2c .\CortexM3\ARM_GCC_493\Debug\motor.o
                0x00001234                Motor_RightSetPwm
 .text.Motor_LeftGetPwm
                0x00001260       0x10 .\CortexM3\ARM_GCC_493\Debug\motor.o
                0x00001260                Motor_LeftGetPwm
 .text.Motor_RightGetPwm
                0x00001270       0x10 .\CortexM3\ARM_GCC_493\Debug\motor.o
                0x00001270                Motor_RightGetPwm
 .text.Motor_Stop
                0x00001280       0x30 .\CortexM3\ARM_GCC_493\Debug\motor.o
                0x00001280                Motor_Stop
 .text.Motor_LeftRampDown
                0x000012b0       0x10 .\CortexM3\ARM_GCC_493\Debug\motor.o
                0x000012b0                Motor_LeftRampDown
 .text.Motor_RightRampDown
                0x000012c0       0x10 .\CortexM3\ARM_GCC_493\Debug\motor.o
                0x000012c0                Motor_RightRampDown
 .text.DumpOdom
                0x000012d0       0x70 .\CortexM3\ARM_GCC_493\Debug\odom.o
 .text.Odom_Init
                0x00001340       0x14 .\CortexM3\ARM_GCC_493\Debug\odom.o
                0x00001340                Odom_Init
 .text.Odom_Start
                0x00001354        0x4 .\CortexM3\ARM_GCC_493\Debug\odom.o
                0x00001354                Odom_Start
 .text.calc_odom
                0x00001358       0x3c .\CortexM3\ARM_GCC_493\Debug\odom.o
                0x00001358                calc_odom
 .text.Odom_Update
                0x00001394       0x58 .\CortexM3\ARM_GCC_493\Debug\odom.o
                0x00001394                Odom_Update
 .text.Odom_Reset
                0x000013ec       0x20 .\CortexM3\ARM_GCC_493\Debug\odom.o
                0x000013ec                Odom_Reset
 *fill*         0x0000140c        0x4 
 .text.ProcessPid
                0x00001410       0xb8 .\CortexM3\ARM_GCC_493\Debug\pid.o
 .text.Pid_Init
                0x000014c8       0x7c .\CortexM3\ARM_GCC_493\Debug\pid.o
                0x000014c8                Pid_Init
 .text.Pid_Start
                0x00001544       0x30 .\CortexM3\ARM_GCC_493\Debug\pid.o
                0x00001544                Pid_Start
 *fill*         0x00001574        0x4 
 .text.Pid_Update
                0x00001578       0xa0 .\CortexM3\ARM_GCC_493\Debug\pid.o
                0x00001578                Pid_Update
 .text.Pid_SetLeftRightTarget
                0x00001618       0x10 .\CortexM3\ARM_GCC_493\Debug\pid.o
                0x00001618                Pid_SetLeftRightTarget
 .text.Pid_RestoreLeftRightTarget
                0x00001628       0x1c .\CortexM3\ARM_GCC_493\Debug\pid.o
                0x00001628                Pid_RestoreLeftRightTarget
 .text.Pid_Reset
                0x00001644       0x24 .\CortexM3\ARM_GCC_493\Debug\pid.o
                0x00001644                Pid_Reset
 .text.Pid_Enable
                0x00001668       0x28 .\CortexM3\ARM_GCC_493\Debug\pid.o
                0x00001668                Pid_Enable
 .text.Pid_LeftSetGains
                0x00001690       0x18 .\CortexM3\ARM_GCC_493\Debug\pid.o
                0x00001690                Pid_LeftSetGains
 .text.Pid_RightSetGains
                0x000016a8       0x18 .\CortexM3\ARM_GCC_493\Debug\pid.o
                0x000016a8                Pid_RightSetGains
 .text.Pid_LeftGetGains
                0x000016c0       0x1c .\CortexM3\ARM_GCC_493\Debug\pid.o
                0x000016c0                Pid_LeftGetGains
 .text.Pid_RightGetGains
                0x000016dc       0x1c .\CortexM3\ARM_GCC_493\Debug\pid.o
                0x000016dc                Pid_RightGetGains
 .text.SysTickIsrHandler
                0x000016f8       0x10 .\CortexM3\ARM_GCC_493\Debug\time.o
 .text.Time_Init
                0x00001708        0xc .\CortexM3\ARM_GCC_493\Debug\time.o
                0x00001708                Time_Init
 .text.Time_Start
                0x00001714       0x2c .\CortexM3\ARM_GCC_493\Debug\time.o
                0x00001714                Time_Start
 .text.millis   0x00001740        0xc .\CortexM3\ARM_GCC_493\Debug\time.o
                0x00001740                millis
 .text.insert_zeros
                0x0000174c       0x30 .\CortexM3\ARM_GCC_493\Debug\utils.o
 .text.MovingAverageFloat
                0x0000177c       0x2c .\CortexM3\ARM_GCC_493\Debug\utils.o
                0x0000177c                MovingAverageFloat
 .text.Uint16ToTwoBytes
                0x000017a8        0x8 .\CortexM3\ARM_GCC_493\Debug\utils.o
                0x000017a8                Uint16ToTwoBytes
 .text.FloatToFourBytes
                0x000017b0       0x20 .\CortexM3\ARM_GCC_493\Debug\utils.o
                0x000017b0                FloatToFourBytes
 .text.ftoa     0x000017d0       0xa4 .\CortexM3\ARM_GCC_493\Debug\utils.o
                0x000017d0                ftoa
 .text.BinaryRangeSearch
                0x00001874       0x50 .\CortexM3\ARM_GCC_493\Debug\utils.o
                0x00001874                BinaryRangeSearch
 .text.Interpolate
                0x000018c4       0x3c .\CortexM3\ARM_GCC_493\Debug\utils.o
                0x000018c4                Interpolate
 .text.PIDCompute
                0x00001900       0xa4 .\CortexM3\ARM_GCC_493\Debug\pid_controller.o
                0x00001900                PIDCompute
 .text.PIDModeSet
                0x000019a4       0x40 .\CortexM3\ARM_GCC_493\Debug\pid_controller.o
                0x000019a4                PIDModeSet
 .text.PIDOutputLimitsSet
                0x000019e4       0x5c .\CortexM3\ARM_GCC_493\Debug\pid_controller.o
                0x000019e4                PIDOutputLimitsSet
 .text.PIDTuningsSet
                0x00001a40       0x6c .\CortexM3\ARM_GCC_493\Debug\pid_controller.o
                0x00001a40                PIDTuningsSet
 .text.PIDInit  0x00001aac       0x54 .\CortexM3\ARM_GCC_493\Debug\pid_controller.o
                0x00001aac                PIDInit
 .text.PIDSetpointSet
                0x00001b00        0x4 .\CortexM3\ARM_GCC_493\Debug\pid_controller.o
                0x00001b00                PIDSetpointSet
 .text.PIDInputSet
                0x00001b04        0x4 .\CortexM3\ARM_GCC_493\Debug\pid_controller.o
                0x00001b04                PIDInputSet
 .text.Ser_Init
                0x00001b08        0x4 .\CortexM3\ARM_GCC_493\Debug\serial.o
                0x00001b08                Ser_Init
 .text.Ser_Start
                0x00001b0c       0x2c .\CortexM3\ARM_GCC_493\Debug\serial.o
                0x00001b0c                Ser_Start
 .text.Ser_Update
                0x00001b38       0x14 .\CortexM3\ARM_GCC_493\Debug\serial.o
                0x00001b38                Ser_Update
 .text.Ser_PutString
                0x00001b4c       0x20 .\CortexM3\ARM_GCC_493\Debug\serial.o
                0x00001b4c                Ser_PutString
 .text.Ser_ReadByte
                0x00001b6c       0x1c .\CortexM3\ARM_GCC_493\Debug\serial.o
                0x00001b6c                Ser_ReadByte
 .text.Ser_WriteByte
                0x00001b88       0x1c .\CortexM3\ARM_GCC_493\Debug\serial.o
                0x00001b88                Ser_WriteByte
 .text.Nvstore_Init
                0x00001ba4        0x4 .\CortexM3\ARM_GCC_493\Debug\nvstore.o
                0x00001ba4                Nvstore_Init
 .text.Nvstore_Start
                0x00001ba8        0x8 .\CortexM3\ARM_GCC_493\Debug\nvstore.o
                0x00001ba8                Nvstore_Start
 .text.Nvstore_WriteBytes
                0x00001bb0       0xc8 .\CortexM3\ARM_GCC_493\Debug\nvstore.o
                0x00001bb0                Nvstore_WriteBytes
 .text.Nvstore_WriteUint16
                0x00001c78       0x28 .\CortexM3\ARM_GCC_493\Debug\nvstore.o
                0x00001c78                Nvstore_WriteUint16
 .text.Nvstore_WriteFloat
                0x00001ca0       0x2c .\CortexM3\ARM_GCC_493\Debug\nvstore.o
                0x00001ca0                Nvstore_WriteFloat
 .text.Results  0x00001ccc       0x10 .\CortexM3\ARM_GCC_493\Debug\calpid.o
 .text.StoreLeftGains
                0x00001cdc       0x3c .\CortexM3\ARM_GCC_493\Debug\calpid.o
 .text.StoreRightGains
                0x00001d18       0x3c .\CortexM3\ARM_GCC_493\Debug\calpid.o
 .text.Stop     0x00001d54       0x68 .\CortexM3\ARM_GCC_493\Debug\calpid.o
 .text.Update   0x00001dbc       0x20 .\CortexM3\ARM_GCC_493\Debug\calpid.o
 *fill*         0x00001ddc        0x4 
 .text.GetStepVelocity
                0x00001de0      0x138 .\CortexM3\ARM_GCC_493\Debug\calpid.o
 .text.Start    0x00001f18       0xa8 .\CortexM3\ARM_GCC_493\Debug\calpid.o
 .text.Init     0x00001fc0       0xb8 .\CortexM3\ARM_GCC_493\Debug\calpid.o
 .text.CalPid_Init
                0x00002078       0x1c .\CortexM3\ARM_GCC_493\Debug\calpid.o
                0x00002078                CalPid_Init
 *fill*         0x00002094        0x4 
 .text.CalculateValidationValues
                0x00002098      0x178 .\CortexM3\ARM_GCC_493\Debug\calmotor.o
 .text.CalculatePwmSamples
                0x00002210       0x64 .\CortexM3\ARM_GCC_493\Debug\calmotor.o
 .text.AddSamplesToSum
                0x00002274       0x24 .\CortexM3\ARM_GCC_493\Debug\calmotor.o
 .text.CalculateAvgCpsSamples
                0x00002298       0x20 .\CortexM3\ARM_GCC_493\Debug\calmotor.o
 .text.CalculateMinMaxCpsSample
                0x000022b8       0x38 .\CortexM3\ARM_GCC_493\Debug\calmotor.o
 .text.Stop     0x000022f0       0x24 .\CortexM3\ARM_GCC_493\Debug\calmotor.o
 .text.Start    0x00002314       0x24 .\CortexM3\ARM_GCC_493\Debug\calmotor.o
 .text.Results  0x00002338       0x28 .\CortexM3\ARM_GCC_493\Debug\calmotor.o
 .text.CollectCpsPwmSamples
                0x00002360       0x58 .\CortexM3\ARM_GCC_493\Debug\calmotor.o
 .text.CollectPwmCpsSamples
                0x000023b8       0xb4 .\CortexM3\ARM_GCC_493\Debug\calmotor.o
 .text.CalibrateWheelSpeed
                0x0000246c       0x5c .\CortexM3\ARM_GCC_493\Debug\calmotor.o
 .text.StoreWheelSpeedSamples
                0x000024c8       0x64 .\CortexM3\ARM_GCC_493\Debug\calmotor.o
 .text.PrintVelocityParams
                0x0000252c       0x40 .\CortexM3\ARM_GCC_493\Debug\calmotor.o
 .text.DoVelocityValidation
                0x0000256c       0xa8 .\CortexM3\ARM_GCC_493\Debug\calmotor.o
 .text.Update   0x00002614      0x120 .\CortexM3\ARM_GCC_493\Debug\calmotor.o
 .text.Init     0x00002734       0x34 .\CortexM3\ARM_GCC_493\Debug\calmotor.o
 .text.CalMotor_Init
                0x00002768       0x40 .\CortexM3\ARM_GCC_493\Debug\calmotor.o
                0x00002768                CalMotor_Init
 .text.DumpPid  0x000027a8      0x100 .\CortexM3\ARM_GCC_493\Debug\pidutil.o
                0x000027a8                DumpPid
 .text.SendRequest
                0x000028a8       0x24 .\CortexM3\ARM_GCC_493\Debug\spi.o
 .text.ProcessResponse
                0x000028cc       0x38 .\CortexM3\ARM_GCC_493\Debug\spi.o
 .text.RecvResponse
                0x00002904       0x50 .\CortexM3\ARM_GCC_493\Debug\spi.o
 .text.Spi_Init
                0x00002954        0x4 .\CortexM3\ARM_GCC_493\Debug\spi.o
                0x00002954                Spi_Init
 .text.Spi_Start
                0x00002958       0x14 .\CortexM3\ARM_GCC_493\Debug\spi.o
                0x00002958                Spi_Start
 .text.Spi_Update
                0x0000296c       0x30 .\CortexM3\ARM_GCC_493\Debug\spi.o
                0x0000296c                Spi_Update
 .text.IntDefaultHandler
                0x0000299c        0x4 .\CortexM3\ARM_GCC_493\Debug\Cm3Start.o
                0x0000299c                IntDefaultHandler
 .text._exit    0x000029a0        0xc .\CortexM3\ARM_GCC_493\Debug\Cm3Start.o
                0x000029a0                _exit
 .text._sbrk    0x000029ac       0x30 .\CortexM3\ARM_GCC_493\Debug\Cm3Start.o
                0x000029ac                _sbrk
 .text.Start_c  0x000029dc       0x4c .\CortexM3\ARM_GCC_493\Debug\Cm3Start.o
                0x000029dc                Start_c
 .text.initialize_psoc
                0x00002a28       0x74 .\CortexM3\ARM_GCC_493\Debug\Cm3Start.o
                0x00002a28                initialize_psoc
 .text.cfg_write_bytes32
                0x00002a9c       0x34 .\CortexM3\ARM_GCC_493\Debug\freesoc.a(cyfitter_cfg.o)
 .text.AnalogSetDefault
                0x00002ad0       0x28 .\CortexM3\ARM_GCC_493\Debug\freesoc.a(cyfitter_cfg.o)
 .text.CYMEMZERO
                0x00002af8        0xc .\CortexM3\ARM_GCC_493\Debug\freesoc.a(cyfitter_cfg.o)
 .text.ClockSetup
                0x00002b04       0xd0 .\CortexM3\ARM_GCC_493\Debug\freesoc.a(cyfitter_cfg.o)
 .text.CYCONFIGCPY
                0x00002bd4        0x8 .\CortexM3\ARM_GCC_493\Debug\freesoc.a(cyfitter_cfg.o)
 .text.cyfitter_cfg
                0x00002bdc      0x130 .\CortexM3\ARM_GCC_493\Debug\freesoc.a(cyfitter_cfg.o)
                0x00002bdc                cyfitter_cfg
 .text.Left_HB25_Enable_Pin_Write
                0x00002d0c       0x18 .\CortexM3\ARM_GCC_493\Debug\freesoc.a(Left_HB25_Enable_Pin.o)
                0x00002d0c                Left_HB25_Enable_Pin_Write
 .text.Left_HB25_PWM_Stop
                0x00002d24        0x4 .\CortexM3\ARM_GCC_493\Debug\freesoc.a(Left_HB25_PWM.o)
                0x00002d24                Left_HB25_PWM_Stop
 .text.Left_HB25_PWM_WriteCounter
                0x00002d28        0xc .\CortexM3\ARM_GCC_493\Debug\freesoc.a(Left_HB25_PWM.o)
                0x00002d28                Left_HB25_PWM_WriteCounter
 .text.Left_HB25_PWM_WritePeriod
                0x00002d34        0xc .\CortexM3\ARM_GCC_493\Debug\freesoc.a(Left_HB25_PWM.o)
                0x00002d34                Left_HB25_PWM_WritePeriod
 .text.Left_HB25_PWM_WriteCompare
                0x00002d40        0xc .\CortexM3\ARM_GCC_493\Debug\freesoc.a(Left_HB25_PWM.o)
                0x00002d40                Left_HB25_PWM_WriteCompare
 .text.Left_HB25_PWM_Init
                0x00002d4c       0x34 .\CortexM3\ARM_GCC_493\Debug\freesoc.a(Left_HB25_PWM.o)
                0x00002d4c                Left_HB25_PWM_Init
 .text.Left_HB25_PWM_Start
                0x00002d80       0x18 .\CortexM3\ARM_GCC_493\Debug\freesoc.a(Left_HB25_PWM.o)
                0x00002d80                Left_HB25_PWM_Start
 .text.Left_HB25_PWM_ReadCompare
                0x00002d98        0xc .\CortexM3\ARM_GCC_493\Debug\freesoc.a(Left_HB25_PWM.o)
                0x00002d98                Left_HB25_PWM_ReadCompare
 .text.Right_HB25_Enable_Pin_Write
                0x00002da4       0x18 .\CortexM3\ARM_GCC_493\Debug\freesoc.a(Right_HB25_Enable_Pin.o)
                0x00002da4                Right_HB25_Enable_Pin_Write
 .text.Right_HB25_PWM_Stop
                0x00002dbc        0x4 .\CortexM3\ARM_GCC_493\Debug\freesoc.a(Right_HB25_PWM.o)
                0x00002dbc                Right_HB25_PWM_Stop
 .text.Right_HB25_PWM_WriteCounter
                0x00002dc0        0xc .\CortexM3\ARM_GCC_493\Debug\freesoc.a(Right_HB25_PWM.o)
                0x00002dc0                Right_HB25_PWM_WriteCounter
 .text.Right_HB25_PWM_WritePeriod
                0x00002dcc        0xc .\CortexM3\ARM_GCC_493\Debug\freesoc.a(Right_HB25_PWM.o)
                0x00002dcc                Right_HB25_PWM_WritePeriod
 .text.Right_HB25_PWM_WriteCompare
                0x00002dd8        0xc .\CortexM3\ARM_GCC_493\Debug\freesoc.a(Right_HB25_PWM.o)
                0x00002dd8                Right_HB25_PWM_WriteCompare
 .text.Right_HB25_PWM_Init
                0x00002de4       0x34 .\CortexM3\ARM_GCC_493\Debug\freesoc.a(Right_HB25_PWM.o)
                0x00002de4                Right_HB25_PWM_Init
 .text.Right_HB25_PWM_Start
                0x00002e18       0x18 .\CortexM3\ARM_GCC_493\Debug\freesoc.a(Right_HB25_PWM.o)
                0x00002e18                Right_HB25_PWM_Start
 .text.Right_HB25_PWM_ReadCompare
                0x00002e30        0xc .\CortexM3\ARM_GCC_493\Debug\freesoc.a(Right_HB25_PWM.o)
                0x00002e30                Right_HB25_PWM_ReadCompare
 *fill*         0x00002e3c        0x4 
 .text          0x00002e40       0x20 .\CortexM3\ARM_GCC_493\Debug\freesoc.a(CyBootAsmGnu.o)
                0x00002e40                CyDelayCycles
                0x00002e50                CyEnterCriticalSection
                0x00002e58                CyExitCriticalSection
 .text.CyHalt   0x00002e60        0x4 .\CortexM3\ARM_GCC_493\Debug\freesoc.a(CyLib.o)
                0x00002e60                CyHalt
 .text.CyDelay  0x00002e64       0x2c .\CortexM3\ARM_GCC_493\Debug\freesoc.a(CyLib.o)
                0x00002e64                CyDelay
 .text.CyDelayUs
                0x00002e90       0x14 .\CortexM3\ARM_GCC_493\Debug\freesoc.a(CyLib.o)
                0x00002e90                CyDelayUs
 .text.CyIntSetSysVector
                0x00002ea4       0x28 .\CortexM3\ARM_GCC_493\Debug\freesoc.a(CyLib.o)
                0x00002ea4                CyIntSetSysVector
 .text.CyIntSetVector
                0x00002ecc       0x28 .\CortexM3\ARM_GCC_493\Debug\freesoc.a(CyLib.o)
                0x00002ecc                CyIntSetVector
 .text.CyIntSetPriority
                0x00002ef4       0x30 .\CortexM3\ARM_GCC_493\Debug\freesoc.a(CyLib.o)
                0x00002ef4                CyIntSetPriority
 .text.CySysTickEnableInterrupt
                0x00002f24       0x10 .\CortexM3\ARM_GCC_493\Debug\freesoc.a(CyLib.o)
                0x00002f24                CySysTickEnableInterrupt
 .text.CySysTickEnable
                0x00002f34       0x18 .\CortexM3\ARM_GCC_493\Debug\freesoc.a(CyLib.o)
                0x00002f34                CySysTickEnable
 .text.CySysTickSetReload
                0x00002f4c       0x10 .\CortexM3\ARM_GCC_493\Debug\freesoc.a(CyLib.o)
                0x00002f4c                CySysTickSetReload
 .text.CySysTickSetClockSource
                0x00002f5c       0x20 .\CortexM3\ARM_GCC_493\Debug\freesoc.a(CyLib.o)
                0x00002f5c                CySysTickSetClockSource
 .text.CySysTickGetCountFlag
                0x00002f7c       0x10 .\CortexM3\ARM_GCC_493\Debug\freesoc.a(CyLib.o)
                0x00002f7c                CySysTickGetCountFlag
 .text.CySysTickServiceCallbacks
                0x00002f8c       0x28 .\CortexM3\ARM_GCC_493\Debug\freesoc.a(CyLib.o)
 .text.CySysTickClear
                0x00002fb4        0xc .\CortexM3\ARM_GCC_493\Debug\freesoc.a(CyLib.o)
                0x00002fb4                CySysTickClear
 .text.CySysTickInit
                0x00002fc0       0x58 .\CortexM3\ARM_GCC_493\Debug\freesoc.a(CyLib.o)
                0x00002fc0                CySysTickInit
 .text.CySysTickStart
                0x00003018       0x1c .\CortexM3\ARM_GCC_493\Debug\freesoc.a(CyLib.o)
                0x00003018                CySysTickStart
 .text.CySysTickSetCallback
                0x00003034       0x10 .\CortexM3\ARM_GCC_493\Debug\freesoc.a(CyLib.o)
                0x00003034                CySysTickSetCallback
 .text.CySysTickGetCallback
                0x00003044       0x10 .\CortexM3\ARM_GCC_493\Debug\freesoc.a(CyLib.o)
                0x00003044                CySysTickGetCallback
 .text.CyGetUniqueId
                0x00003054       0x70 .\CortexM3\ARM_GCC_493\Debug\freesoc.a(CyLib.o)
                0x00003054                CyGetUniqueId
 .text.EZI2C_Slave_Init
                0x000030c4       0x70 .\CortexM3\ARM_GCC_493\Debug\freesoc.a(EZI2C_Slave.o)
                0x000030c4                EZI2C_Slave_Init
 .text.EZI2C_Slave_Enable
                0x00003134       0x30 .\CortexM3\ARM_GCC_493\Debug\freesoc.a(EZI2C_Slave.o)
                0x00003134                EZI2C_Slave_Enable
 .text.EZI2C_Slave_Start
                0x00003164       0x1c .\CortexM3\ARM_GCC_493\Debug\freesoc.a(EZI2C_Slave.o)
                0x00003164                EZI2C_Slave_Start
 .text.EZI2C_Slave_GetActivity
                0x00003180       0x28 .\CortexM3\ARM_GCC_493\Debug\freesoc.a(EZI2C_Slave.o)
                0x00003180                EZI2C_Slave_GetActivity
 .text.EZI2C_Slave_SetBuffer1
                0x000031a8       0x50 .\CortexM3\ARM_GCC_493\Debug\freesoc.a(EZI2C_Slave.o)
                0x000031a8                EZI2C_Slave_SetBuffer1
 .text.EZI2C_Slave_ISR
                0x000031f8      0x1c4 .\CortexM3\ARM_GCC_493\Debug\freesoc.a(EZI2C_Slave_INT.o)
                0x000031f8                EZI2C_Slave_ISR
 .text.Mainloop_Pin_Write
                0x000033bc       0x18 .\CortexM3\ARM_GCC_493\Debug\freesoc.a(Mainloop_Pin.o)
                0x000033bc                Mainloop_Pin_Write
 .text.EEPROM_Enable
                0x000033d4        0xc .\CortexM3\ARM_GCC_493\Debug\freesoc.a(EEPROM.o)
                0x000033d4                EEPROM_Enable
 .text.EEPROM_Start
                0x000033e0        0x8 .\CortexM3\ARM_GCC_493\Debug\freesoc.a(EEPROM.o)
                0x000033e0                EEPROM_Start
 .text.EEPROM_WriteByte
                0x000033e8       0xd4 .\CortexM3\ARM_GCC_493\Debug\freesoc.a(EEPROM.o)
                0x000033e8                EEPROM_WriteByte
 .text.EEPROM_Write
                0x000034bc       0xb4 .\CortexM3\ARM_GCC_493\Debug\freesoc.a(EEPROM.o)
                0x000034bc                EEPROM_Write
 .text.Right_QuadDec_Init
                0x00003570       0x24 .\CortexM3\ARM_GCC_493\Debug\freesoc.a(Right_QuadDec.o)
                0x00003570                Right_QuadDec_Init
 .text.Right_QuadDec_GetCounter
                0x00003594       0x2c .\CortexM3\ARM_GCC_493\Debug\freesoc.a(Right_QuadDec.o)
                0x00003594                Right_QuadDec_GetCounter
 .text.Right_QuadDec_SetCounter
                0x000035c0       0x28 .\CortexM3\ARM_GCC_493\Debug\freesoc.a(Right_QuadDec.o)
                0x000035c0                Right_QuadDec_SetCounter
 .text.Right_QuadDec_GetEvents
                0x000035e8       0x10 .\CortexM3\ARM_GCC_493\Debug\freesoc.a(Right_QuadDec.o)
                0x000035e8                Right_QuadDec_GetEvents
 .text.Right_QuadDec_SetInterruptMask
                0x000035f8       0x10 .\CortexM3\ARM_GCC_493\Debug\freesoc.a(Right_QuadDec.o)
                0x000035f8                Right_QuadDec_SetInterruptMask
 .text.Right_QuadDec_Enable
                0x00003608       0x30 .\CortexM3\ARM_GCC_493\Debug\freesoc.a(Right_QuadDec.o)
                0x00003608                Right_QuadDec_Enable
 .text.Right_QuadDec_Start
                0x00003638       0x34 .\CortexM3\ARM_GCC_493\Debug\freesoc.a(Right_QuadDec.o)
                0x00003638                Right_QuadDec_Start
 .text.Right_QuadDec_ISR
                0x0000366c       0x40 .\CortexM3\ARM_GCC_493\Debug\freesoc.a(Right_QuadDec_INT.o)
                0x0000366c                Right_QuadDec_ISR
 .text.Right_QuadDec_Cnt16_Enable
                0x000036ac       0x10 .\CortexM3\ARM_GCC_493\Debug\freesoc.a(Right_QuadDec_Cnt16.o)
                0x000036ac                Right_QuadDec_Cnt16_Enable
 .text.Right_QuadDec_Cnt16_SetInterruptMode
                0x000036bc        0xc .\CortexM3\ARM_GCC_493\Debug\freesoc.a(Right_QuadDec_Cnt16.o)
                0x000036bc                Right_QuadDec_Cnt16_SetInterruptMode
 .text.Right_QuadDec_Cnt16_ReadStatusRegister
                0x000036c8        0xc .\CortexM3\ARM_GCC_493\Debug\freesoc.a(Right_QuadDec_Cnt16.o)
                0x000036c8                Right_QuadDec_Cnt16_ReadStatusRegister
 .text.Right_QuadDec_Cnt16_WriteCounter
                0x000036d4        0xc .\CortexM3\ARM_GCC_493\Debug\freesoc.a(Right_QuadDec_Cnt16.o)
                0x000036d4                Right_QuadDec_Cnt16_WriteCounter
 .text.Right_QuadDec_Cnt16_ReadCounter
                0x000036e0       0x14 .\CortexM3\ARM_GCC_493\Debug\freesoc.a(Right_QuadDec_Cnt16.o)
                0x000036e0                Right_QuadDec_Cnt16_ReadCounter
 .text.Right_QuadDec_Cnt16_ReadCapture
                0x000036f4        0xc .\CortexM3\ARM_GCC_493\Debug\freesoc.a(Right_QuadDec_Cnt16.o)
                0x000036f4                Right_QuadDec_Cnt16_ReadCapture
 .text.Right_QuadDec_Cnt16_WritePeriod
                0x00003700        0xc .\CortexM3\ARM_GCC_493\Debug\freesoc.a(Right_QuadDec_Cnt16.o)
                0x00003700                Right_QuadDec_Cnt16_WritePeriod
 .text.Right_QuadDec_Cnt16_WriteCompare
                0x0000370c        0xc .\CortexM3\ARM_GCC_493\Debug\freesoc.a(Right_QuadDec_Cnt16.o)
                0x0000370c                Right_QuadDec_Cnt16_WriteCompare
 .text.Right_QuadDec_Cnt16_ClearFIFO
                0x00003718       0x14 .\CortexM3\ARM_GCC_493\Debug\freesoc.a(Right_QuadDec_Cnt16.o)
                0x00003718                Right_QuadDec_Cnt16_ClearFIFO
 .text.Right_QuadDec_Cnt16_Init
                0x0000372c       0x58 .\CortexM3\ARM_GCC_493\Debug\freesoc.a(Right_QuadDec_Cnt16.o)
                0x0000372c                Right_QuadDec_Cnt16_Init
 .text.Right_QuadDec_Cnt16_Start
                0x00003784       0x1c .\CortexM3\ARM_GCC_493\Debug\freesoc.a(Right_QuadDec_Cnt16.o)
                0x00003784                Right_QuadDec_Cnt16_Start
 .text.Left_QuadDec_Init
                0x000037a0       0x24 .\CortexM3\ARM_GCC_493\Debug\freesoc.a(Left_QuadDec.o)
                0x000037a0                Left_QuadDec_Init
 .text.Left_QuadDec_GetCounter
                0x000037c4       0x2c .\CortexM3\ARM_GCC_493\Debug\freesoc.a(Left_QuadDec.o)
                0x000037c4                Left_QuadDec_GetCounter
 .text.Left_QuadDec_SetCounter
                0x000037f0       0x28 .\CortexM3\ARM_GCC_493\Debug\freesoc.a(Left_QuadDec.o)
                0x000037f0                Left_QuadDec_SetCounter
 .text.Left_QuadDec_GetEvents
                0x00003818       0x10 .\CortexM3\ARM_GCC_493\Debug\freesoc.a(Left_QuadDec.o)
                0x00003818                Left_QuadDec_GetEvents
 .text.Left_QuadDec_SetInterruptMask
                0x00003828       0x10 .\CortexM3\ARM_GCC_493\Debug\freesoc.a(Left_QuadDec.o)
                0x00003828                Left_QuadDec_SetInterruptMask
 .text.Left_QuadDec_Enable
                0x00003838       0x30 .\CortexM3\ARM_GCC_493\Debug\freesoc.a(Left_QuadDec.o)
                0x00003838                Left_QuadDec_Enable
 .text.Left_QuadDec_Start
                0x00003868       0x34 .\CortexM3\ARM_GCC_493\Debug\freesoc.a(Left_QuadDec.o)
                0x00003868                Left_QuadDec_Start
 .text.Left_QuadDec_ISR
                0x0000389c       0x40 .\CortexM3\ARM_GCC_493\Debug\freesoc.a(Left_QuadDec_INT.o)
                0x0000389c                Left_QuadDec_ISR
 .text.Left_QuadDec_Cnt16_Enable
                0x000038dc       0x10 .\CortexM3\ARM_GCC_493\Debug\freesoc.a(Left_QuadDec_Cnt16.o)
                0x000038dc                Left_QuadDec_Cnt16_Enable
 .text.Left_QuadDec_Cnt16_SetInterruptMode
                0x000038ec        0xc .\CortexM3\ARM_GCC_493\Debug\freesoc.a(Left_QuadDec_Cnt16.o)
                0x000038ec                Left_QuadDec_Cnt16_SetInterruptMode
 .text.Left_QuadDec_Cnt16_ReadStatusRegister
                0x000038f8        0xc .\CortexM3\ARM_GCC_493\Debug\freesoc.a(Left_QuadDec_Cnt16.o)
                0x000038f8                Left_QuadDec_Cnt16_ReadStatusRegister
 .text.Left_QuadDec_Cnt16_WriteCounter
                0x00003904        0xc .\CortexM3\ARM_GCC_493\Debug\freesoc.a(Left_QuadDec_Cnt16.o)
                0x00003904                Left_QuadDec_Cnt16_WriteCounter
 .text.Left_QuadDec_Cnt16_ReadCounter
                0x00003910       0x14 .\CortexM3\ARM_GCC_493\Debug\freesoc.a(Left_QuadDec_Cnt16.o)
                0x00003910                Left_QuadDec_Cnt16_ReadCounter
 .text.Left_QuadDec_Cnt16_ReadCapture
                0x00003924        0xc .\CortexM3\ARM_GCC_493\Debug\freesoc.a(Left_QuadDec_Cnt16.o)
                0x00003924                Left_QuadDec_Cnt16_ReadCapture
 .text.Left_QuadDec_Cnt16_WritePeriod
                0x00003930        0xc .\CortexM3\ARM_GCC_493\Debug\freesoc.a(Left_QuadDec_Cnt16.o)
                0x00003930                Left_QuadDec_Cnt16_WritePeriod
 .text.Left_QuadDec_Cnt16_WriteCompare
                0x0000393c        0xc .\CortexM3\ARM_GCC_493\Debug\freesoc.a(Left_QuadDec_Cnt16.o)
                0x0000393c                Left_QuadDec_Cnt16_WriteCompare
 .text.Left_QuadDec_Cnt16_ClearFIFO
                0x00003948       0x14 .\CortexM3\ARM_GCC_493\Debug\freesoc.a(Left_QuadDec_Cnt16.o)
                0x00003948                Left_QuadDec_Cnt16_ClearFIFO
 .text.Left_QuadDec_Cnt16_Init
                0x0000395c       0x58 .\CortexM3\ARM_GCC_493\Debug\freesoc.a(Left_QuadDec_Cnt16.o)
                0x0000395c                Left_QuadDec_Cnt16_Init
 .text.Left_QuadDec_Cnt16_Start
                0x000039b4       0x1c .\CortexM3\ARM_GCC_493\Debug\freesoc.a(Left_QuadDec_Cnt16.o)
                0x000039b4                Left_QuadDec_Cnt16_Start
 .text.USBUART_Init
                0x000039d0      0x140 .\CortexM3\ARM_GCC_493\Debug\freesoc.a(USBUART.o)
                0x000039d0                USBUART_Init
 .text.USBUART_InitComponent
                0x00003b10       0xd0 .\CortexM3\ARM_GCC_493\Debug\freesoc.a(USBUART.o)
                0x00003b10                USBUART_InitComponent
 .text.USBUART_Start
                0x00003be0       0x24 .\CortexM3\ARM_GCC_493\Debug\freesoc.a(USBUART.o)
                0x00003be0                USBUART_Start
 .text.USBUART_ReInitComponent
                0x00003c04       0x64 .\CortexM3\ARM_GCC_493\Debug\freesoc.a(USBUART.o)
                0x00003c04                USBUART_ReInitComponent
 .text.USBUART_GetConfiguration
                0x00003c68        0xc .\CortexM3\ARM_GCC_493\Debug\freesoc.a(USBUART.o)
                0x00003c68                USBUART_GetConfiguration
 .text.USBUART_IsConfigurationChanged
                0x00003c74       0x20 .\CortexM3\ARM_GCC_493\Debug\freesoc.a(USBUART.o)
                0x00003c74                USBUART_IsConfigurationChanged
 .text.USBUART_GetEPState
                0x00003c94       0x14 .\CortexM3\ARM_GCC_493\Debug\freesoc.a(USBUART.o)
                0x00003c94                USBUART_GetEPState
 .text.USBUART_GetEPCount
                0x00003ca8       0x28 .\CortexM3\ARM_GCC_493\Debug\freesoc.a(USBUART.o)
                0x00003ca8                USBUART_GetEPCount
 .text.USBUART_LoadInEP
                0x00003cd0       0x94 .\CortexM3\ARM_GCC_493\Debug\freesoc.a(USBUART.o)
                0x00003cd0                USBUART_LoadInEP
 .text.USBUART_EnableOutEP
                0x00003d64       0x2c .\CortexM3\ARM_GCC_493\Debug\freesoc.a(USBUART.o)
                0x00003d64                USBUART_EnableOutEP
 .text.USBUART_ReadOutEP
                0x00003d90       0x50 .\CortexM3\ARM_GCC_493\Debug\freesoc.a(USBUART.o)
                0x00003d90                USBUART_ReadOutEP
 .text.USBUART_StrLen
                0x00003de0       0x14 .\CortexM3\ARM_GCC_493\Debug\freesoc.a(USBUART_cdc.o)
 .text.USBUART_GetInterfaceComPort
                0x00003df4       0x3c .\CortexM3\ARM_GCC_493\Debug\freesoc.a(USBUART_cdc.o)
                0x00003df4                USBUART_GetInterfaceComPort
 .text.USBUART_DispatchCDCClassRqst
                0x00003e30       0x98 .\CortexM3\ARM_GCC_493\Debug\freesoc.a(USBUART_cdc.o)
                0x00003e30                USBUART_DispatchCDCClassRqst
 .text.USBUART_CDC_Init
                0x00003ec8       0x98 .\CortexM3\ARM_GCC_493\Debug\freesoc.a(USBUART_cdc.o)
                0x00003ec8                USBUART_CDC_Init
 .text.USBUART_PutString
                0x00003f60       0x9c .\CortexM3\ARM_GCC_493\Debug\freesoc.a(USBUART_cdc.o)
                0x00003f60                USBUART_PutString
 .text.USBUART_PutChar
                0x00003ffc       0x28 .\CortexM3\ARM_GCC_493\Debug\freesoc.a(USBUART_cdc.o)
                0x00003ffc                USBUART_PutChar
 .text.USBUART_DataIsReady
                0x00004024       0x18 .\CortexM3\ARM_GCC_493\Debug\freesoc.a(USBUART_cdc.o)
                0x00004024                USBUART_DataIsReady
 .text.USBUART_CDCIsReady
                0x0000403c       0x18 .\CortexM3\ARM_GCC_493\Debug\freesoc.a(USBUART_cdc.o)
                0x0000403c                USBUART_CDCIsReady
 .text.USBUART_GetChar
                0x00004054       0x28 .\CortexM3\ARM_GCC_493\Debug\freesoc.a(USBUART_cdc.o)
                0x00004054                USBUART_GetChar
 .text.USBUART_Cdc_EpInit
                0x0000407c       0x50 .\CortexM3\ARM_GCC_493\Debug\freesoc.a(USBUART_cdc.o)
                0x0000407c                USBUART_Cdc_EpInit
 .text.USBUART_LoadEP0
                0x000040cc       0x94 .\CortexM3\ARM_GCC_493\Debug\freesoc.a(USBUART_drv.o)
                0x000040cc                USBUART_LoadEP0
 .text.USBUART_InitZeroLengthControlTransfer
                0x00004160       0x34 .\CortexM3\ARM_GCC_493\Debug\freesoc.a(USBUART_drv.o)
                0x00004160                USBUART_InitZeroLengthControlTransfer
 .text.USBUART_ControlReadDataStage
                0x00004194        0x8 .\CortexM3\ARM_GCC_493\Debug\freesoc.a(USBUART_drv.o)
                0x00004194                USBUART_ControlReadDataStage
 .text.USBUART_ControlWriteDataStage
                0x0000419c       0x80 .\CortexM3\ARM_GCC_493\Debug\freesoc.a(USBUART_drv.o)
                0x0000419c                USBUART_ControlWriteDataStage
 .text.USBUART_InitNoDataControlTransfer
                0x0000421c       0x2c .\CortexM3\ARM_GCC_493\Debug\freesoc.a(USBUART_drv.o)
                0x0000421c                USBUART_InitNoDataControlTransfer
 .text.USBUART_UpdateStatusBlock
                0x00004248       0x24 .\CortexM3\ARM_GCC_493\Debug\freesoc.a(USBUART_drv.o)
                0x00004248                USBUART_UpdateStatusBlock
 .text.USBUART_HandleSetup
                0x0000426c       0x5c .\CortexM3\ARM_GCC_493\Debug\freesoc.a(USBUART_drv.o)
                0x0000426c                USBUART_HandleSetup
 .text.USBUART_ControlReadStatusStage
                0x000042c8       0x34 .\CortexM3\ARM_GCC_493\Debug\freesoc.a(USBUART_drv.o)
                0x000042c8                USBUART_ControlReadStatusStage
 .text.USBUART_HandleOUT
                0x000042fc       0x38 .\CortexM3\ARM_GCC_493\Debug\freesoc.a(USBUART_drv.o)
                0x000042fc                USBUART_HandleOUT
 .text.USBUART_ControlWriteStatusStage
                0x00004334       0x20 .\CortexM3\ARM_GCC_493\Debug\freesoc.a(USBUART_drv.o)
                0x00004334                USBUART_ControlWriteStatusStage
 .text.USBUART_NoDataControlStatusStage
                0x00004354       0x40 .\CortexM3\ARM_GCC_493\Debug\freesoc.a(USBUART_drv.o)
                0x00004354                USBUART_NoDataControlStatusStage
 .text.USBUART_HandleIN
                0x00004394       0x2c .\CortexM3\ARM_GCC_493\Debug\freesoc.a(USBUART_drv.o)
                0x00004394                USBUART_HandleIN
 .text.USBUART_EP_0_ISR
                0x000043c0       0xb8 .\CortexM3\ARM_GCC_493\Debug\freesoc.a(USBUART_drv.o)
                0x000043c0                USBUART_EP_0_ISR
 .text.USBUART_InitializeStatusBlock
                0x00004478       0x24 .\CortexM3\ARM_GCC_493\Debug\freesoc.a(USBUART_drv.o)
                0x00004478                USBUART_InitializeStatusBlock
 .text.USBUART_InitControlRead
                0x0000449c       0x50 .\CortexM3\ARM_GCC_493\Debug\freesoc.a(USBUART_drv.o)
                0x0000449c                USBUART_InitControlRead
 .text.USBUART_InitControlWrite
                0x000044ec       0x48 .\CortexM3\ARM_GCC_493\Debug\freesoc.a(USBUART_drv.o)
                0x000044ec                USBUART_InitControlWrite
 .text.USBUART_EP_1_ISR
                0x00004534       0x38 .\CortexM3\ARM_GCC_493\Debug\freesoc.a(USBUART_episr.o)
                0x00004534                USBUART_EP_1_ISR
 .text.USBUART_EP_2_ISR
                0x0000456c       0x3c .\CortexM3\ARM_GCC_493\Debug\freesoc.a(USBUART_episr.o)
                0x0000456c                USBUART_EP_2_ISR
 .text.USBUART_EP_3_ISR
                0x000045a8       0x44 .\CortexM3\ARM_GCC_493\Debug\freesoc.a(USBUART_episr.o)
                0x000045a8                USBUART_EP_3_ISR
 .text.USBUART_SOF_ISR
                0x000045ec        0x4 .\CortexM3\ARM_GCC_493\Debug\freesoc.a(USBUART_episr.o)
                0x000045ec                USBUART_SOF_ISR
 .text.USBUART_BUS_RESET_ISR
                0x000045f0        0x8 .\CortexM3\ARM_GCC_493\Debug\freesoc.a(USBUART_episr.o)
                0x000045f0                USBUART_BUS_RESET_ISR
 .text.USBUART_FindHidClassDecriptor
                0x000045f8       0x40 .\CortexM3\ARM_GCC_493\Debug\freesoc.a(USBUART_hid.o)
                0x000045f8                USBUART_FindHidClassDecriptor
 .text.USBUART_FindReportDescriptor
                0x00004638       0x48 .\CortexM3\ARM_GCC_493\Debug\freesoc.a(USBUART_hid.o)
                0x00004638                USBUART_FindReportDescriptor
 .text.USBUART_FindReport
                0x00004680       0x7c .\CortexM3\ARM_GCC_493\Debug\freesoc.a(USBUART_hid.o)
                0x00004680                USBUART_FindReport
 .text.USBUART_DispatchHIDClassRqst
                0x000046fc      0x184 .\CortexM3\ARM_GCC_493\Debug\freesoc.a(USBUART_hid.o)
                0x000046fc                USBUART_DispatchHIDClassRqst
 .text.USBUART_DP_ISR
                0x00004880        0x8 .\CortexM3\ARM_GCC_493\Debug\freesoc.a(USBUART_pm.o)
                0x00004880                USBUART_DP_ISR
 .text.USBUART_ReadDieID
                0x00004888       0x6c .\CortexM3\ARM_GCC_493\Debug\freesoc.a(USBUART_std.o)
                0x00004888                USBUART_ReadDieID
 .text.USBUART_ConfigReg
                0x000048f4       0xa4 .\CortexM3\ARM_GCC_493\Debug\freesoc.a(USBUART_std.o)
                0x000048f4                USBUART_ConfigReg
 .text.USBUART_GetConfigTablePtr
                0x00004998       0x28 .\CortexM3\ARM_GCC_493\Debug\freesoc.a(USBUART_std.o)
                0x00004998                USBUART_GetConfigTablePtr
 .text.USBUART_ConfigAltChanged
                0x000049c0      0x11c .\CortexM3\ARM_GCC_493\Debug\freesoc.a(USBUART_std.o)
                0x000049c0                USBUART_ConfigAltChanged
 .text.USBUART_GetDeviceTablePtr
                0x00004adc       0x18 .\CortexM3\ARM_GCC_493\Debug\freesoc.a(USBUART_std.o)
                0x00004adc                USBUART_GetDeviceTablePtr
 .text.USBUART_GetInterfaceClassTablePtr
                0x00004af4       0x24 .\CortexM3\ARM_GCC_493\Debug\freesoc.a(USBUART_std.o)
                0x00004af4                USBUART_GetInterfaceClassTablePtr
 .text.USBUART_Config
                0x00004b18      0x1dc .\CortexM3\ARM_GCC_493\Debug\freesoc.a(USBUART_std.o)
                0x00004b18                USBUART_Config
 .text.USBUART_SetEndpointHalt
                0x00004cf4       0x64 .\CortexM3\ARM_GCC_493\Debug\freesoc.a(USBUART_std.o)
                0x00004cf4                USBUART_SetEndpointHalt
 .text.USBUART_ClearEndpointHalt
                0x00004d58       0xa8 .\CortexM3\ARM_GCC_493\Debug\freesoc.a(USBUART_std.o)
                0x00004d58                USBUART_ClearEndpointHalt
 .text.USBUART_ValidateAlternateSetting
                0x00004e00       0x4c .\CortexM3\ARM_GCC_493\Debug\freesoc.a(USBUART_std.o)
                0x00004e00                USBUART_ValidateAlternateSetting
 .text.USBUART_HandleStandardRqst
                0x00004e4c      0x35c .\CortexM3\ARM_GCC_493\Debug\freesoc.a(USBUART_std.o)
                0x00004e4c                USBUART_HandleStandardRqst
 .text.USBUART_HandleVendorRqst
                0x000051a8       0x3c .\CortexM3\ARM_GCC_493\Debug\freesoc.a(USBUART_vnd.o)
                0x000051a8                USBUART_HandleVendorRqst
 .text.USBUART_Dp_ClearInterrupt
                0x000051e4       0x10 .\CortexM3\ARM_GCC_493\Debug\freesoc.a(USBUART_Dp.o)
                0x000051e4                USBUART_Dp_ClearInterrupt
 .text.SPIM_EnableRxInt
                0x000051f4        0xc .\CortexM3\ARM_GCC_493\Debug\freesoc.a(SPIM.o)
                0x000051f4                SPIM_EnableRxInt
 .text.SPIM_Enable
                0x00005200       0x38 .\CortexM3\ARM_GCC_493\Debug\freesoc.a(SPIM.o)
                0x00005200                SPIM_Enable
 .text.SPIM_DisableRxInt
                0x00005238        0xc .\CortexM3\ARM_GCC_493\Debug\freesoc.a(SPIM.o)
                0x00005238                SPIM_DisableRxInt
 .text.SPIM_ReadTxStatus
                0x00005244        0xc .\CortexM3\ARM_GCC_493\Debug\freesoc.a(SPIM.o)
                0x00005244                SPIM_ReadTxStatus
 .text.SPIM_ReadRxStatus
                0x00005250       0x28 .\CortexM3\ARM_GCC_493\Debug\freesoc.a(SPIM.o)
                0x00005250                SPIM_ReadRxStatus
 .text.SPIM_WriteTxData
                0x00005278       0x18 .\CortexM3\ARM_GCC_493\Debug\freesoc.a(SPIM.o)
                0x00005278                SPIM_WriteTxData
 .text.SPIM_ReadRxData
                0x00005290       0x64 .\CortexM3\ARM_GCC_493\Debug\freesoc.a(SPIM.o)
                0x00005290                SPIM_ReadRxData
 .text.SPIM_GetTxBufferSize
                0x000052f4       0x24 .\CortexM3\ARM_GCC_493\Debug\freesoc.a(SPIM.o)
                0x000052f4                SPIM_GetTxBufferSize
 .text.SPIM_ClearRxBuffer
                0x00005318       0x40 .\CortexM3\ARM_GCC_493\Debug\freesoc.a(SPIM.o)
                0x00005318                SPIM_ClearRxBuffer
 .text.SPIM_ClearTxBuffer
                0x00005358       0x24 .\CortexM3\ARM_GCC_493\Debug\freesoc.a(SPIM.o)
                0x00005358                SPIM_ClearTxBuffer
 .text.SPIM_PutArray
                0x0000537c       0x20 .\CortexM3\ARM_GCC_493\Debug\freesoc.a(SPIM.o)
                0x0000537c                SPIM_PutArray
 .text.SPIM_ClearFIFO
                0x0000539c       0x3c .\CortexM3\ARM_GCC_493\Debug\freesoc.a(SPIM.o)
                0x0000539c                SPIM_ClearFIFO
 .text.SPIM_Init
                0x000053d8       0x64 .\CortexM3\ARM_GCC_493\Debug\freesoc.a(SPIM.o)
                0x000053d8                SPIM_Init
 .text.SPIM_Start
                0x0000543c       0x1c .\CortexM3\ARM_GCC_493\Debug\freesoc.a(SPIM.o)
                0x0000543c                SPIM_Start
 .text.SPIM_RX_ISR
                0x00005458       0xa0 .\CortexM3\ARM_GCC_493\Debug\freesoc.a(SPIM_INT.o)
                0x00005458                SPIM_RX_ISR
 .text.Slave_Select_Write
                0x000054f8        0xc .\CortexM3\ARM_GCC_493\Debug\freesoc.a(Slave_Select.o)
                0x000054f8                Slave_Select_Write
 .text.CyFlashGetSpcAlgorithm
                0x00005504       0x4c .\CortexM3\ARM_GCC_493\Debug\freesoc.a(CyFlash.o)
 .text.CySetTempInt
                0x00005550       0x60 .\CortexM3\ARM_GCC_493\Debug\freesoc.a(CyFlash.o)
 .text.CySetTemp
                0x000055b0       0x14 .\CortexM3\ARM_GCC_493\Debug\freesoc.a(CyFlash.o)
                0x000055b0                CySetTemp
 .text.CyEEPROM_Start
                0x000055c4       0x54 .\CortexM3\ARM_GCC_493\Debug\freesoc.a(CyFlash.o)
                0x000055c4                CyEEPROM_Start
 .text.CySpcStart
                0x00005618       0x24 .\CortexM3\ARM_GCC_493\Debug\freesoc.a(CySpc.o)
                0x00005618                CySpcStart
 .text.CySpcReadData
                0x0000563c       0x34 .\CortexM3\ARM_GCC_493\Debug\freesoc.a(CySpc.o)
                0x0000563c                CySpcReadData
 .text.CySpcLoadMultiByte
                0x00005670       0x78 .\CortexM3\ARM_GCC_493\Debug\freesoc.a(CySpc.o)
                0x00005670                CySpcLoadMultiByte
 .text.CySpcLoadRow
                0x000056e8       0x54 .\CortexM3\ARM_GCC_493\Debug\freesoc.a(CySpc.o)
                0x000056e8                CySpcLoadRow
 .text.CySpcWriteRow
                0x0000573c       0x4c .\CortexM3\ARM_GCC_493\Debug\freesoc.a(CySpc.o)
                0x0000573c                CySpcWriteRow
 .text.CySpcGetTemp
                0x00005788       0x3c .\CortexM3\ARM_GCC_493\Debug\freesoc.a(CySpc.o)
                0x00005788                CySpcGetTemp
 .text.CySpcLock
                0x000057c4       0x4c .\CortexM3\ARM_GCC_493\Debug\freesoc.a(CySpc.o)
                0x000057c4                CySpcLock
 .text.CySpcUnlock
                0x00005810       0x38 .\CortexM3\ARM_GCC_493\Debug\freesoc.a(CySpc.o)
                0x00005810                CySpcUnlock
 .text.CySpcGetAlgorithm
                0x00005848       0x28 .\CortexM3\ARM_GCC_493\Debug\freesoc.a(CySpc.o)
                0x00005848                CySpcGetAlgorithm
 .text.USBUART_DispatchClassRqst
                0x00005870       0x60 .\CortexM3\ARM_GCC_493\Debug\freesoc.a(USBUART_cls.o)
                0x00005870                USBUART_DispatchClassRqst
 .text.__fpclassifyf
                0x000058d0       0x34 c:/program files (x86)/cypress/psoc creator/3.3/psoc creator/import/gnu/arm/4.9.3/bin/../lib/gcc/arm-none-eabi/4.9.3/../../../../arm-none-eabi/lib/armv7-m\libm.a(lib_a-sf_fpclassify.o)
                0x000058d0                __fpclassifyf
 .text.pow      0x00005904      0x2f0 c:/program files (x86)/cypress/psoc creator/3.3/psoc creator/import/gnu/arm/4.9.3/bin/../lib/gcc/arm-none-eabi/4.9.3/../../../../arm-none-eabi/lib/armv7-m\libm.a(lib_a-w_pow.o)
                0x00005904                pow
 *fill*         0x00005bf4        0x4 
 .text.__ieee754_pow
                0x00005bf8      0xaa0 c:/program files (x86)/cypress/psoc creator/3.3/psoc creator/import/gnu/arm/4.9.3/bin/../lib/gcc/arm-none-eabi/4.9.3/../../../../arm-none-eabi/lib/armv7-m\libm.a(lib_a-e_pow.o)
                0x00005bf8                __ieee754_pow
 .text.__ieee754_sqrt
                0x00006698      0x18c c:/program files (x86)/cypress/psoc creator/3.3/psoc creator/import/gnu/arm/4.9.3/bin/../lib/gcc/arm-none-eabi/4.9.3/../../../../arm-none-eabi/lib/armv7-m\libm.a(lib_a-e_sqrt.o)
                0x00006698                __ieee754_sqrt
 .text.fabs     0x00006824        0x8 c:/program files (x86)/cypress/psoc creator/3.3/psoc creator/import/gnu/arm/4.9.3/bin/../lib/gcc/arm-none-eabi/4.9.3/../../../../arm-none-eabi/lib/armv7-m\libm.a(lib_a-s_fabs.o)
                0x00006824                fabs
 .text.finite   0x0000682c        0xc c:/program files (x86)/cypress/psoc creator/3.3/psoc creator/import/gnu/arm/4.9.3/bin/../lib/gcc/arm-none-eabi/4.9.3/../../../../arm-none-eabi/lib/armv7-m\libm.a(lib_a-s_finite.o)
                0x0000682c                finite
 .text.__fpclassifyd
                0x00006838       0x58 c:/program files (x86)/cypress/psoc creator/3.3/psoc creator/import/gnu/arm/4.9.3/bin/../lib/gcc/arm-none-eabi/4.9.3/../../../../arm-none-eabi/lib/armv7-m\libm.a(lib_a-s_fpclassify.o)
                0x00006838                __fpclassifyd
 .text.matherr  0x00006890        0x4 c:/program files (x86)/cypress/psoc creator/3.3/psoc creator/import/gnu/arm/4.9.3/bin/../lib/gcc/arm-none-eabi/4.9.3/../../../../arm-none-eabi/lib/armv7-m\libm.a(lib_a-s_matherr.o)
                0x00006890                matherr
 .text.nan      0x00006894        0xc c:/program files (x86)/cypress/psoc creator/3.3/psoc creator/import/gnu/arm/4.9.3/bin/../lib/gcc/arm-none-eabi/4.9.3/../../../../arm-none-eabi/lib/armv7-m\libm.a(lib_a-s_nan.o)
                0x00006894                nan
 .text.rint     0x000068a0      0x11c c:/program files (x86)/cypress/psoc creator/3.3/psoc creator/import/gnu/arm/4.9.3/bin/../lib/gcc/arm-none-eabi/4.9.3/../../../../arm-none-eabi/lib/armv7-m\libm.a(lib_a-s_rint.o)
                0x000068a0                rint
 *fill*         0x000069bc        0x4 
 .text.scalbn   0x000069c0       0xf0 c:/program files (x86)/cypress/psoc creator/3.3/psoc creator/import/gnu/arm/4.9.3/bin/../lib/gcc/arm-none-eabi/4.9.3/../../../../arm-none-eabi/lib/armv7-m\libm.a(lib_a-s_scalbn.o)
                0x000069c0                scalbn
 .text.copysign
                0x00006ab0       0x10 c:/program files (x86)/cypress/psoc creator/3.3/psoc creator/import/gnu/arm/4.9.3/bin/../lib/gcc/arm-none-eabi/4.9.3/../../../../arm-none-eabi/lib/armv7-m\libm.a(lib_a-s_copysign.o)
                0x00006ab0                copysign
 .text          0x00006ac0      0x370 c:/program files (x86)/cypress/psoc creator/3.3/psoc creator/import/gnu/arm/4.9.3/bin/../lib/gcc/arm-none-eabi/4.9.3/armv7-m\libgcc.a(_arm_addsubdf3.o)
                0x00006ac0                __aeabi_drsub
                0x00006ac8                __aeabi_dsub
                0x00006ac8                __subdf3
                0x00006acc                __aeabi_dadd
                0x00006acc                __adddf3
                0x00006d44                __floatunsidf
                0x00006d44                __aeabi_ui2d
                0x00006d64                __floatsidf
                0x00006d64                __aeabi_i2d
                0x00006d88                __aeabi_f2d
                0x00006d88                __extendsfdf2
                0x00006dc4                __floatundidf
                0x00006dc4                __aeabi_ul2d
                0x00006dd4                __floatdidf
                0x00006dd4                __aeabi_l2d
 .text          0x00006e30      0x424 c:/program files (x86)/cypress/psoc creator/3.3/psoc creator/import/gnu/arm/4.9.3/bin/../lib/gcc/arm-none-eabi/4.9.3/armv7-m\libgcc.a(_arm_muldivdf3.o)
                0x00006e30                __aeabi_dmul
                0x00006e30                __muldf3
                0x00007084                __divdf3
                0x00007084                __aeabi_ddiv
 .text          0x00007254      0x110 c:/program files (x86)/cypress/psoc creator/3.3/psoc creator/import/gnu/arm/4.9.3/bin/../lib/gcc/arm-none-eabi/4.9.3/armv7-m\libgcc.a(_arm_cmpdf2.o)
                0x00007254                __gtdf2
                0x00007254                __gedf2
                0x0000725c                __ltdf2
                0x0000725c                __ledf2
                0x00007264                __nedf2
                0x00007264                __eqdf2
                0x00007264                __cmpdf2
                0x000072e0                __aeabi_cdrcmple
                0x000072f0                __aeabi_cdcmpeq
                0x000072f0                __aeabi_cdcmple
                0x00007300                __aeabi_dcmpeq
                0x00007314                __aeabi_dcmplt
                0x00007328                __aeabi_dcmple
                0x0000733c                __aeabi_dcmpge
                0x00007350                __aeabi_dcmpgt
 .text          0x00007364       0x50 c:/program files (x86)/cypress/psoc creator/3.3/psoc creator/import/gnu/arm/4.9.3/bin/../lib/gcc/arm-none-eabi/4.9.3/armv7-m\libgcc.a(_arm_fixdfsi.o)
                0x00007364                __aeabi_d2iz
                0x00007364                __fixdfsi
 .text          0x000073b4       0xa0 c:/program files (x86)/cypress/psoc creator/3.3/psoc creator/import/gnu/arm/4.9.3/bin/../lib/gcc/arm-none-eabi/4.9.3/armv7-m\libgcc.a(_arm_truncdfsf2.o)
                0x000073b4                __truncdfsf2
                0x000073b4                __aeabi_d2f
 .text          0x00007454      0x21c c:/program files (x86)/cypress/psoc creator/3.3/psoc creator/import/gnu/arm/4.9.3/bin/../lib/gcc/arm-none-eabi/4.9.3/armv7-m\libgcc.a(_arm_addsubsf3.o)
                0x00007454                __aeabi_frsub
                0x0000745c                __subsf3
                0x0000745c                __aeabi_fsub
                0x00007460                __aeabi_fadd
                0x00007460                __addsf3
                0x000075c0                __aeabi_ui2f
                0x000075c0                __floatunsisf
                0x000075c8                __aeabi_i2f
                0x000075c8                __floatsisf
                0x000075e4                __aeabi_ul2f
                0x000075e4                __floatundisf
                0x000075f4                __aeabi_l2f
                0x000075f4                __floatdisf
 .text          0x00007670      0x2a0 c:/program files (x86)/cypress/psoc creator/3.3/psoc creator/import/gnu/arm/4.9.3/bin/../lib/gcc/arm-none-eabi/4.9.3/armv7-m\libgcc.a(_arm_muldivsf3.o)
                0x00007670                __mulsf3
                0x00007670                __aeabi_fmul
                0x000077d8                __aeabi_fdiv
                0x000077d8                __divsf3
 .text          0x00007910       0xec c:/program files (x86)/cypress/psoc creator/3.3/psoc creator/import/gnu/arm/4.9.3/bin/../lib/gcc/arm-none-eabi/4.9.3/armv7-m\libgcc.a(_arm_cmpsf2.o)
                0x00007910                __gesf2
                0x00007910                __gtsf2
                0x00007918                __lesf2
                0x00007918                __ltsf2
                0x00007920                __nesf2
                0x00007920                __eqsf2
                0x00007920                __cmpsf2
                0x00007980                __aeabi_cfrcmple
                0x00007988                __aeabi_cfcmpeq
                0x00007988                __aeabi_cfcmple
                0x00007998                __aeabi_fcmpeq
                0x000079ac                __aeabi_fcmplt
                0x000079c0                __aeabi_fcmple
                0x000079d4                __aeabi_fcmpge
                0x000079e8                __aeabi_fcmpgt
 .text          0x000079fc       0x4c c:/program files (x86)/cypress/psoc creator/3.3/psoc creator/import/gnu/arm/4.9.3/bin/../lib/gcc/arm-none-eabi/4.9.3/armv7-m\libgcc.a(_arm_fixsfsi.o)
                0x000079fc                __aeabi_f2iz
                0x000079fc                __fixsfsi
 .text.__assert_func
                0x00007a48       0x38 c:/program files (x86)/cypress/psoc creator/3.3/psoc creator/import/gnu/arm/4.9.3/bin/../lib/gcc/arm-none-eabi/4.9.3/../../../../arm-none-eabi/lib/armv7-m\libg_nano.a(lib_a-assert.o)
                0x00007a48                __assert_func
 .text.atof     0x00007a80        0x6 c:/program files (x86)/cypress/psoc creator/3.3/psoc creator/import/gnu/arm/4.9.3/bin/../lib/gcc/arm-none-eabi/4.9.3/../../../../arm-none-eabi/lib/armv7-m\libg_nano.a(lib_a-atof.o)
                0x00007a80                atof
 *fill*         0x00007a86        0x2 
 .text.__errno  0x00007a88        0xc c:/program files (x86)/cypress/psoc creator/3.3/psoc creator/import/gnu/arm/4.9.3/bin/../lib/gcc/arm-none-eabi/4.9.3/../../../../arm-none-eabi/lib/armv7-m\libg_nano.a(lib_a-errno.o)
                0x00007a88                __errno
 .text.fprintf  0x00007a94       0x24 c:/program files (x86)/cypress/psoc creator/3.3/psoc creator/import/gnu/arm/4.9.3/bin/../lib/gcc/arm-none-eabi/4.9.3/../../../../arm-none-eabi/lib/armv7-m\libg_nano.a(lib_a-fprintf.o)
                0x00007a94                fiprintf
                0x00007a94                fprintf
 .text.__libc_init_array
                0x00007ab8       0x4c c:/program files (x86)/cypress/psoc creator/3.3/psoc creator/import/gnu/arm/4.9.3/bin/../lib/gcc/arm-none-eabi/4.9.3/../../../../arm-none-eabi/lib/armv7-m\libg_nano.a(lib_a-init.o)
                0x00007ab8                __libc_init_array
 .text.__itoa   0x00007b04       0x2e c:/program files (x86)/cypress/psoc creator/3.3/psoc creator/import/gnu/arm/4.9.3/bin/../lib/gcc/arm-none-eabi/4.9.3/../../../../arm-none-eabi/lib/armv7-m\libg_nano.a(lib_a-itoa.o)
                0x00007b04                __itoa
 .text.itoa     0x00007b32        0x4 c:/program files (x86)/cypress/psoc creator/3.3/psoc creator/import/gnu/arm/4.9.3/bin/../lib/gcc/arm-none-eabi/4.9.3/../../../../arm-none-eabi/lib/armv7-m\libg_nano.a(lib_a-itoa.o)
                0x00007b32                itoa
 .text.memcpy   0x00007b36       0x16 c:/program files (x86)/cypress/psoc creator/3.3/psoc creator/import/gnu/arm/4.9.3/bin/../lib/gcc/arm-none-eabi/4.9.3/../../../../arm-none-eabi/lib/armv7-m\libg_nano.a(lib_a-memcpy.o)
                0x00007b36                memcpy
 .text.memset   0x00007b4c       0x10 c:/program files (x86)/cypress/psoc creator/3.3/psoc creator/import/gnu/arm/4.9.3/bin/../lib/gcc/arm-none-eabi/4.9.3/../../../../arm-none-eabi/lib/armv7-m\libg_nano.a(lib_a-memset.o)
                0x00007b4c                memset
 .text.__sfputc_r
                0x00007b5c       0x2c c:/program files (x86)/cypress/psoc creator/3.3/psoc creator/import/gnu/arm/4.9.3/bin/../lib/gcc/arm-none-eabi/4.9.3/../../../../arm-none-eabi/lib/armv7-m\libg_nano.a(lib_a-nano-vfprintf.o)
 .text.__sfputs_r
                0x00007b88       0x24 c:/program files (x86)/cypress/psoc creator/3.3/psoc creator/import/gnu/arm/4.9.3/bin/../lib/gcc/arm-none-eabi/4.9.3/../../../../arm-none-eabi/lib/armv7-m\libg_nano.a(lib_a-nano-vfprintf.o)
                0x00007b88                __sfputs_r
 .text._vfprintf_r
                0x00007bac      0x210 c:/program files (x86)/cypress/psoc creator/3.3/psoc creator/import/gnu/arm/4.9.3/bin/../lib/gcc/arm-none-eabi/4.9.3/../../../../arm-none-eabi/lib/armv7-m\libg_nano.a(lib_a-nano-vfprintf.o)
                0x00007bac                _vfprintf_r
                0x00007bac                _vfiprintf_r
 .text.__cvt    0x00007dbc       0xbc c:/program files (x86)/cypress/psoc creator/3.3/psoc creator/import/gnu/arm/4.9.3/bin/../lib/gcc/arm-none-eabi/4.9.3/../../../../arm-none-eabi/lib/armv7-m\libg_nano.a(lib_a-nano-vfprintf_float.o)
                0x00007dbc                __cvt
 .text.__exponent
                0x00007e78       0x62 c:/program files (x86)/cypress/psoc creator/3.3/psoc creator/import/gnu/arm/4.9.3/bin/../lib/gcc/arm-none-eabi/4.9.3/../../../../arm-none-eabi/lib/armv7-m\libg_nano.a(lib_a-nano-vfprintf_float.o)
                0x00007e78                __exponent
 *fill*         0x00007eda        0x2 
 .text._printf_float
                0x00007edc      0x48c c:/program files (x86)/cypress/psoc creator/3.3/psoc creator/import/gnu/arm/4.9.3/bin/../lib/gcc/arm-none-eabi/4.9.3/../../../../arm-none-eabi/lib/armv7-m\libg_nano.a(lib_a-nano-vfprintf_float.o)
                0x00007edc                _printf_float
 .text._printf_common
                0x00008368       0xea c:/program files (x86)/cypress/psoc creator/3.3/psoc creator/import/gnu/arm/4.9.3/bin/../lib/gcc/arm-none-eabi/4.9.3/../../../../arm-none-eabi/lib/armv7-m\libg_nano.a(lib_a-nano-vfprintf_i.o)
                0x00008368                _printf_common
 *fill*         0x00008452        0x2 
 .text._printf_i
                0x00008454      0x240 c:/program files (x86)/cypress/psoc creator/3.3/psoc creator/import/gnu/arm/4.9.3/bin/../lib/gcc/arm-none-eabi/4.9.3/../../../../arm-none-eabi/lib/armv7-m\libg_nano.a(lib_a-nano-vfprintf_i.o)
                0x00008454                _printf_i
 .text.snprintf
                0x00008694       0x64 c:/program files (x86)/cypress/psoc creator/3.3/psoc creator/import/gnu/arm/4.9.3/bin/../lib/gcc/arm-none-eabi/4.9.3/../../../../arm-none-eabi/lib/armv7-m\libg_nano.a(lib_a-snprintf.o)
                0x00008694                sniprintf
                0x00008694                snprintf
 .text.sprintf  0x000086f8       0x48 c:/program files (x86)/cypress/psoc creator/3.3/psoc creator/import/gnu/arm/4.9.3/bin/../lib/gcc/arm-none-eabi/4.9.3/../../../../arm-none-eabi/lib/armv7-m\libg_nano.a(lib_a-sprintf.o)
                0x000086f8                siprintf
                0x000086f8                sprintf
 .text.strlen   0x00008740       0x10 c:/program files (x86)/cypress/psoc creator/3.3/psoc creator/import/gnu/arm/4.9.3/bin/../lib/gcc/arm-none-eabi/4.9.3/../../../../arm-none-eabi/lib/armv7-m\libg_nano.a(lib_a-strlen.o)
                0x00008740                strlen
 .text.match    0x00008750       0x26 c:/program files (x86)/cypress/psoc creator/3.3/psoc creator/import/gnu/arm/4.9.3/bin/../lib/gcc/arm-none-eabi/4.9.3/../../../../arm-none-eabi/lib/armv7-m\libg_nano.a(lib_a-strtod.o)
 .text.sulp     0x00008776       0x42 c:/program files (x86)/cypress/psoc creator/3.3/psoc creator/import/gnu/arm/4.9.3/bin/../lib/gcc/arm-none-eabi/4.9.3/../../../../arm-none-eabi/lib/armv7-m\libg_nano.a(lib_a-strtod.o)
 .text._strtod_r
                0x000087b8      0xc40 c:/program files (x86)/cypress/psoc creator/3.3/psoc creator/import/gnu/arm/4.9.3/bin/../lib/gcc/arm-none-eabi/4.9.3/../../../../arm-none-eabi/lib/armv7-m\libg_nano.a(lib_a-strtod.o)
                0x000087b8                _strtod_r
 .text.strtod   0x000093f8       0x14 c:/program files (x86)/cypress/psoc creator/3.3/psoc creator/import/gnu/arm/4.9.3/bin/../lib/gcc/arm-none-eabi/4.9.3/../../../../arm-none-eabi/lib/armv7-m\libg_nano.a(lib_a-strtod.o)
                0x000093f8                strtod
 .text.__utoa   0x0000940c       0x78 c:/program files (x86)/cypress/psoc creator/3.3/psoc creator/import/gnu/arm/4.9.3/bin/../lib/gcc/arm-none-eabi/4.9.3/../../../../arm-none-eabi/lib/armv7-m\libg_nano.a(lib_a-utoa.o)
                0x0000940c                __utoa
 .text.__swbuf_r
                0x00009484       0xa8 c:/program files (x86)/cypress/psoc creator/3.3/psoc creator/import/gnu/arm/4.9.3/bin/../lib/gcc/arm-none-eabi/4.9.3/../../../../arm-none-eabi/lib/armv7-m\libg_nano.a(lib_a-wbuf.o)
                0x00009484                __swbuf_r
 .text.__swsetup_r
                0x0000952c       0xd8 c:/program files (x86)/cypress/psoc creator/3.3/psoc creator/import/gnu/arm/4.9.3/bin/../lib/gcc/arm-none-eabi/4.9.3/../../../../arm-none-eabi/lib/armv7-m\libg_nano.a(lib_a-wsetup.o)
                0x0000952c                __swsetup_r
 .text.abort    0x00009604        0xe c:/program files (x86)/cypress/psoc creator/3.3/psoc creator/import/gnu/arm/4.9.3/bin/../lib/gcc/arm-none-eabi/4.9.3/../../../../arm-none-eabi/lib/armv7-m\libg_nano.a(lib_a-abort.o)
                0x00009604                abort
 .text.quorem   0x00009612      0x114 c:/program files (x86)/cypress/psoc creator/3.3/psoc creator/import/gnu/arm/4.9.3/bin/../lib/gcc/arm-none-eabi/4.9.3/../../../../arm-none-eabi/lib/armv7-m\libg_nano.a(lib_a-dtoa.o)
 *fill*         0x00009726        0x2 
 .text._dtoa_r  0x00009728      0xb78 c:/program files (x86)/cypress/psoc creator/3.3/psoc creator/import/gnu/arm/4.9.3/bin/../lib/gcc/arm-none-eabi/4.9.3/../../../../arm-none-eabi/lib/armv7-m\libg_nano.a(lib_a-dtoa.o)
                0x00009728                _dtoa_r
 .text.__sflush_r
                0x0000a2a0      0x106 c:/program files (x86)/cypress/psoc creator/3.3/psoc creator/import/gnu/arm/4.9.3/bin/../lib/gcc/arm-none-eabi/4.9.3/../../../../arm-none-eabi/lib/armv7-m\libg_nano.a(lib_a-fflush.o)
                0x0000a2a0                __sflush_r
 *fill*         0x0000a3a6        0x2 
 .text._fflush_r
                0x0000a3a8       0x54 c:/program files (x86)/cypress/psoc creator/3.3/psoc creator/import/gnu/arm/4.9.3/bin/../lib/gcc/arm-none-eabi/4.9.3/../../../../arm-none-eabi/lib/armv7-m\libg_nano.a(lib_a-fflush.o)
                0x0000a3a8                _fflush_r
 .text._cleanup_r
                0x0000a3fc        0xc c:/program files (x86)/cypress/psoc creator/3.3/psoc creator/import/gnu/arm/4.9.3/bin/../lib/gcc/arm-none-eabi/4.9.3/../../../../arm-none-eabi/lib/armv7-m\libg_nano.a(lib_a-findfp.o)
                0x0000a3fc                _cleanup_r
 .text.std.isra.0
                0x0000a408       0x48 c:/program files (x86)/cypress/psoc creator/3.3/psoc creator/import/gnu/arm/4.9.3/bin/../lib/gcc/arm-none-eabi/4.9.3/../../../../arm-none-eabi/lib/armv7-m\libg_nano.a(lib_a-findfp.o)
 .text.__sfmoreglue
                0x0000a450       0x2c c:/program files (x86)/cypress/psoc creator/3.3/psoc creator/import/gnu/arm/4.9.3/bin/../lib/gcc/arm-none-eabi/4.9.3/../../../../arm-none-eabi/lib/armv7-m\libg_nano.a(lib_a-findfp.o)
                0x0000a450                __sfmoreglue
 .text.__sinit  0x0000a47c       0x60 c:/program files (x86)/cypress/psoc creator/3.3/psoc creator/import/gnu/arm/4.9.3/bin/../lib/gcc/arm-none-eabi/4.9.3/../../../../arm-none-eabi/lib/armv7-m\libg_nano.a(lib_a-findfp.o)
                0x0000a47c                __sinit
 .text.__sfp    0x0000a4dc       0x74 c:/program files (x86)/cypress/psoc creator/3.3/psoc creator/import/gnu/arm/4.9.3/bin/../lib/gcc/arm-none-eabi/4.9.3/../../../../arm-none-eabi/lib/armv7-m\libg_nano.a(lib_a-findfp.o)
                0x0000a4dc                __sfp
 .text._fwalk_reent
                0x0000a550       0x3c c:/program files (x86)/cypress/psoc creator/3.3/psoc creator/import/gnu/arm/4.9.3/bin/../lib/gcc/arm-none-eabi/4.9.3/../../../../arm-none-eabi/lib/armv7-m\libg_nano.a(lib_a-fwalk.o)
                0x0000a550                _fwalk_reent
 .text.rshift   0x0000a58c       0x6c c:/program files (x86)/cypress/psoc creator/3.3/psoc creator/import/gnu/arm/4.9.3/bin/../lib/gcc/arm-none-eabi/4.9.3/../../../../arm-none-eabi/lib/armv7-m\libg_nano.a(lib_a-gdtoa-gethex.o)
 .text.__hexdig_fun
                0x0000a5f8       0x2a c:/program files (x86)/cypress/psoc creator/3.3/psoc creator/import/gnu/arm/4.9.3/bin/../lib/gcc/arm-none-eabi/4.9.3/../../../../arm-none-eabi/lib/armv7-m\libg_nano.a(lib_a-gdtoa-gethex.o)
                0x0000a5f8                __hexdig_fun
 .text.__gethex
                0x0000a622      0x44a c:/program files (x86)/cypress/psoc creator/3.3/psoc creator/import/gnu/arm/4.9.3/bin/../lib/gcc/arm-none-eabi/4.9.3/../../../../arm-none-eabi/lib/armv7-m\libg_nano.a(lib_a-gdtoa-gethex.o)
                0x0000a622                __gethex
 .text.L_shift  0x0000aa6c       0x24 c:/program files (x86)/cypress/psoc creator/3.3/psoc creator/import/gnu/arm/4.9.3/bin/../lib/gcc/arm-none-eabi/4.9.3/../../../../arm-none-eabi/lib/armv7-m\libg_nano.a(lib_a-gdtoa-hexnan.o)
 .text.__hexnan
                0x0000aa90      0x114 c:/program files (x86)/cypress/psoc creator/3.3/psoc creator/import/gnu/arm/4.9.3/bin/../lib/gcc/arm-none-eabi/4.9.3/../../../../arm-none-eabi/lib/armv7-m\libg_nano.a(lib_a-gdtoa-hexnan.o)
                0x0000aa90                __hexnan
 .text._localeconv_r
                0x0000aba4        0x8 c:/program files (x86)/cypress/psoc creator/3.3/psoc creator/import/gnu/arm/4.9.3/bin/../lib/gcc/arm-none-eabi/4.9.3/../../../../arm-none-eabi/lib/armv7-m\libg_nano.a(lib_a-locale.o)
                0x0000aba4                _localeconv_r
 .text.__smakebuf_r
                0x0000abac       0x98 c:/program files (x86)/cypress/psoc creator/3.3/psoc creator/import/gnu/arm/4.9.3/bin/../lib/gcc/arm-none-eabi/4.9.3/../../../../arm-none-eabi/lib/armv7-m\libg_nano.a(lib_a-makebuf.o)
                0x0000abac                __smakebuf_r
 .text.malloc   0x0000ac44       0x10 c:/program files (x86)/cypress/psoc creator/3.3/psoc creator/import/gnu/arm/4.9.3/bin/../lib/gcc/arm-none-eabi/4.9.3/../../../../arm-none-eabi/lib/armv7-m\libg_nano.a(lib_a-malloc.o)
                0x0000ac44                malloc
 .text.memchr   0x0000ac54       0x1c c:/program files (x86)/cypress/psoc creator/3.3/psoc creator/import/gnu/arm/4.9.3/bin/../lib/gcc/arm-none-eabi/4.9.3/../../../../arm-none-eabi/lib/armv7-m\libg_nano.a(lib_a-memchr.o)
                0x0000ac54                memchr
 .text.memmove  0x0000ac70       0x36 c:/program files (x86)/cypress/psoc creator/3.3/psoc creator/import/gnu/arm/4.9.3/bin/../lib/gcc/arm-none-eabi/4.9.3/../../../../arm-none-eabi/lib/armv7-m\libg_nano.a(lib_a-memmove.o)
                0x0000ac70                memmove
 .text._Balloc  0x0000aca6       0x6a c:/program files (x86)/cypress/psoc creator/3.3/psoc creator/import/gnu/arm/4.9.3/bin/../lib/gcc/arm-none-eabi/4.9.3/../../../../arm-none-eabi/lib/armv7-m\libg_nano.a(lib_a-mprec.o)
                0x0000aca6                _Balloc
 .text._Bfree   0x0000ad10       0x2e c:/program files (x86)/cypress/psoc creator/3.3/psoc creator/import/gnu/arm/4.9.3/bin/../lib/gcc/arm-none-eabi/4.9.3/../../../../arm-none-eabi/lib/armv7-m\libg_nano.a(lib_a-mprec.o)
                0x0000ad10                _Bfree
 .text.__multadd
                0x0000ad3e       0x7c c:/program files (x86)/cypress/psoc creator/3.3/psoc creator/import/gnu/arm/4.9.3/bin/../lib/gcc/arm-none-eabi/4.9.3/../../../../arm-none-eabi/lib/armv7-m\libg_nano.a(lib_a-mprec.o)
                0x0000ad3e                __multadd
 .text.__s2b    0x0000adba       0x80 c:/program files (x86)/cypress/psoc creator/3.3/psoc creator/import/gnu/arm/4.9.3/bin/../lib/gcc/arm-none-eabi/4.9.3/../../../../arm-none-eabi/lib/armv7-m\libg_nano.a(lib_a-mprec.o)
                0x0000adba                __s2b
 .text.__hi0bits
                0x0000ae3a       0x40 c:/program files (x86)/cypress/psoc creator/3.3/psoc creator/import/gnu/arm/4.9.3/bin/../lib/gcc/arm-none-eabi/4.9.3/../../../../arm-none-eabi/lib/armv7-m\libg_nano.a(lib_a-mprec.o)
                0x0000ae3a                __hi0bits
 .text.__lo0bits
                0x0000ae7a       0x5a c:/program files (x86)/cypress/psoc creator/3.3/psoc creator/import/gnu/arm/4.9.3/bin/../lib/gcc/arm-none-eabi/4.9.3/../../../../arm-none-eabi/lib/armv7-m\libg_nano.a(lib_a-mprec.o)
                0x0000ae7a                __lo0bits
 .text.__i2b    0x0000aed4       0x12 c:/program files (x86)/cypress/psoc creator/3.3/psoc creator/import/gnu/arm/4.9.3/bin/../lib/gcc/arm-none-eabi/4.9.3/../../../../arm-none-eabi/lib/armv7-m\libg_nano.a(lib_a-mprec.o)
                0x0000aed4                __i2b
 .text.__multiply
                0x0000aee6      0x120 c:/program files (x86)/cypress/psoc creator/3.3/psoc creator/import/gnu/arm/4.9.3/bin/../lib/gcc/arm-none-eabi/4.9.3/../../../../arm-none-eabi/lib/armv7-m\libg_nano.a(lib_a-mprec.o)
                0x0000aee6                __multiply
 *fill*         0x0000b006        0x2 
 .text.__pow5mult
                0x0000b008       0x9c c:/program files (x86)/cypress/psoc creator/3.3/psoc creator/import/gnu/arm/4.9.3/bin/../lib/gcc/arm-none-eabi/4.9.3/../../../../arm-none-eabi/lib/armv7-m\libg_nano.a(lib_a-mprec.o)
                0x0000b008                __pow5mult
 .text.__lshift
                0x0000b0a4       0xa6 c:/program files (x86)/cypress/psoc creator/3.3/psoc creator/import/gnu/arm/4.9.3/bin/../lib/gcc/arm-none-eabi/4.9.3/../../../../arm-none-eabi/lib/armv7-m\libg_nano.a(lib_a-mprec.o)
                0x0000b0a4                __lshift
 .text.__mcmp   0x0000b14a       0x38 c:/program files (x86)/cypress/psoc creator/3.3/psoc creator/import/gnu/arm/4.9.3/bin/../lib/gcc/arm-none-eabi/4.9.3/../../../../arm-none-eabi/lib/armv7-m\libg_nano.a(lib_a-mprec.o)
                0x0000b14a                __mcmp
 .text.__mdiff  0x0000b182       0xbe c:/program files (x86)/cypress/psoc creator/3.3/psoc creator/import/gnu/arm/4.9.3/bin/../lib/gcc/arm-none-eabi/4.9.3/../../../../arm-none-eabi/lib/armv7-m\libg_nano.a(lib_a-mprec.o)
                0x0000b182                __mdiff
 .text.__ulp    0x0000b240       0x48 c:/program files (x86)/cypress/psoc creator/3.3/psoc creator/import/gnu/arm/4.9.3/bin/../lib/gcc/arm-none-eabi/4.9.3/../../../../arm-none-eabi/lib/armv7-m\libg_nano.a(lib_a-mprec.o)
                0x0000b240                __ulp
 .text.__b2d    0x0000b288       0x9e c:/program files (x86)/cypress/psoc creator/3.3/psoc creator/import/gnu/arm/4.9.3/bin/../lib/gcc/arm-none-eabi/4.9.3/../../../../arm-none-eabi/lib/armv7-m\libg_nano.a(lib_a-mprec.o)
                0x0000b288                __b2d
 .text.__d2b    0x0000b326       0xa4 c:/program files (x86)/cypress/psoc creator/3.3/psoc creator/import/gnu/arm/4.9.3/bin/../lib/gcc/arm-none-eabi/4.9.3/../../../../arm-none-eabi/lib/armv7-m\libg_nano.a(lib_a-mprec.o)
                0x0000b326                __d2b
 .text.__ratio  0x0000b3ca       0x50 c:/program files (x86)/cypress/psoc creator/3.3/psoc creator/import/gnu/arm/4.9.3/bin/../lib/gcc/arm-none-eabi/4.9.3/../../../../arm-none-eabi/lib/armv7-m\libg_nano.a(lib_a-mprec.o)
                0x0000b3ca                __ratio
 .text.__copybits
                0x0000b41a       0x34 c:/program files (x86)/cypress/psoc creator/3.3/psoc creator/import/gnu/arm/4.9.3/bin/../lib/gcc/arm-none-eabi/4.9.3/../../../../arm-none-eabi/lib/armv7-m\libg_nano.a(lib_a-mprec.o)
                0x0000b41a                __copybits
 .text.__any_on
                0x0000b44e       0x44 c:/program files (x86)/cypress/psoc creator/3.3/psoc creator/import/gnu/arm/4.9.3/bin/../lib/gcc/arm-none-eabi/4.9.3/../../../../arm-none-eabi/lib/armv7-m\libg_nano.a(lib_a-mprec.o)
                0x0000b44e                __any_on
 .text._calloc_r
                0x0000b492       0x1c c:/program files (x86)/cypress/psoc creator/3.3/psoc creator/import/gnu/arm/4.9.3/bin/../lib/gcc/arm-none-eabi/4.9.3/../../../../arm-none-eabi/lib/armv7-m\libg_nano.a(lib_a-nano-callocr.o)
                0x0000b492                _calloc_r
 *fill*         0x0000b4ae        0x2 
 .text._free_r  0x0000b4b0       0x88 c:/program files (x86)/cypress/psoc creator/3.3/psoc creator/import/gnu/arm/4.9.3/bin/../lib/gcc/arm-none-eabi/4.9.3/../../../../arm-none-eabi/lib/armv7-m\libg_nano.a(lib_a-nano-freer.o)
                0x0000b4b0                _free_r
 .text._malloc_r
                0x0000b538       0xac c:/program files (x86)/cypress/psoc creator/3.3/psoc creator/import/gnu/arm/4.9.3/bin/../lib/gcc/arm-none-eabi/4.9.3/../../../../arm-none-eabi/lib/armv7-m\libg_nano.a(lib_a-nano-mallocr.o)
                0x0000b538                _malloc_r
 .text._realloc_r
                0x0000b5e4       0x4c c:/program files (x86)/cypress/psoc creator/3.3/psoc creator/import/gnu/arm/4.9.3/bin/../lib/gcc/arm-none-eabi/4.9.3/../../../../arm-none-eabi/lib/armv7-m\libg_nano.a(lib_a-nano-reallocr.o)
                0x0000b5e4                _realloc_r
 .text.__ssputs_r
                0x0000b630       0xb2 c:/program files (x86)/cypress/psoc creator/3.3/psoc creator/import/gnu/arm/4.9.3/bin/../lib/gcc/arm-none-eabi/4.9.3/../../../../arm-none-eabi/lib/armv7-m\libg_nano.a(lib_a-nano-svfprintf.o)
                0x0000b630                __ssputs_r
 *fill*         0x0000b6e2        0x2 
 .text._svfprintf_r
                0x0000b6e4      0x1e4 c:/program files (x86)/cypress/psoc creator/3.3/psoc creator/import/gnu/arm/4.9.3/bin/../lib/gcc/arm-none-eabi/4.9.3/../../../../arm-none-eabi/lib/armv7-m\libg_nano.a(lib_a-nano-svfprintf.o)
                0x0000b6e4                _svfiprintf_r
                0x0000b6e4                _svfprintf_r
 .text._sbrk_r  0x0000b8c8       0x20 c:/program files (x86)/cypress/psoc creator/3.3/psoc creator/import/gnu/arm/4.9.3/bin/../lib/gcc/arm-none-eabi/4.9.3/../../../../arm-none-eabi/lib/armv7-m\libg_nano.a(lib_a-sbrkr.o)
                0x0000b8c8                _sbrk_r
 .text._raise_r
                0x0000b8e8       0x50 c:/program files (x86)/cypress/psoc creator/3.3/psoc creator/import/gnu/arm/4.9.3/bin/../lib/gcc/arm-none-eabi/4.9.3/../../../../arm-none-eabi/lib/armv7-m\libg_nano.a(lib_a-signal.o)
                0x0000b8e8                _raise_r
 .text.raise    0x0000b938       0x10 c:/program files (x86)/cypress/psoc creator/3.3/psoc creator/import/gnu/arm/4.9.3/bin/../lib/gcc/arm-none-eabi/4.9.3/../../../../arm-none-eabi/lib/armv7-m\libg_nano.a(lib_a-signal.o)
                0x0000b938                raise
 .text._kill_r  0x0000b948       0x24 c:/program files (x86)/cypress/psoc creator/3.3/psoc creator/import/gnu/arm/4.9.3/bin/../lib/gcc/arm-none-eabi/4.9.3/../../../../arm-none-eabi/lib/armv7-m\libg_nano.a(lib_a-signalr.o)
                0x0000b948                _kill_r
 .text._getpid_r
                0x0000b96c        0x4 c:/program files (x86)/cypress/psoc creator/3.3/psoc creator/import/gnu/arm/4.9.3/bin/../lib/gcc/arm-none-eabi/4.9.3/../../../../arm-none-eabi/lib/armv7-m\libg_nano.a(lib_a-signalr.o)
                0x0000b96c                _getpid_r
 .text.__sread  0x0000b970       0x22 c:/program files (x86)/cypress/psoc creator/3.3/psoc creator/import/gnu/arm/4.9.3/bin/../lib/gcc/arm-none-eabi/4.9.3/../../../../arm-none-eabi/lib/armv7-m\libg_nano.a(lib_a-stdio.o)
                0x0000b970                __sread
 .text.__swrite
                0x0000b992       0x38 c:/program files (x86)/cypress/psoc creator/3.3/psoc creator/import/gnu/arm/4.9.3/bin/../lib/gcc/arm-none-eabi/4.9.3/../../../../arm-none-eabi/lib/armv7-m\libg_nano.a(lib_a-stdio.o)
                0x0000b992                __swrite
 .text.__sseek  0x0000b9ca       0x24 c:/program files (x86)/cypress/psoc creator/3.3/psoc creator/import/gnu/arm/4.9.3/bin/../lib/gcc/arm-none-eabi/4.9.3/../../../../arm-none-eabi/lib/armv7-m\libg_nano.a(lib_a-stdio.o)
                0x0000b9ca                __sseek
 .text.__sclose
                0x0000b9ee        0x8 c:/program files (x86)/cypress/psoc creator/3.3/psoc creator/import/gnu/arm/4.9.3/bin/../lib/gcc/arm-none-eabi/4.9.3/../../../../arm-none-eabi/lib/armv7-m\libg_nano.a(lib_a-stdio.o)
                0x0000b9ee                __sclose
 .text.strncmp  0x0000b9f6       0x32 c:/program files (x86)/cypress/psoc creator/3.3/psoc creator/import/gnu/arm/4.9.3/bin/../lib/gcc/arm-none-eabi/4.9.3/../../../../arm-none-eabi/lib/armv7-m\libg_nano.a(lib_a-strncmp.o)
                0x0000b9f6                strncmp
 .text._write_r
                0x0000ba28       0x24 c:/program files (x86)/cypress/psoc creator/3.3/psoc creator/import/gnu/arm/4.9.3/bin/../lib/gcc/arm-none-eabi/4.9.3/../../../../arm-none-eabi/lib/armv7-m\libg_nano.a(lib_a-writer.o)
                0x0000ba28                _write_r
 .text._close_r