Archive member included because of file (symbol)

.\CortexM3\ARM_GCC_493\Debug\freesoc.a(cyfitter_cfg.o)
                              .\CortexM3\ARM_GCC_493\Debug\infrared.o (Front_AMuxSeq_DisconnectAll)
.\CortexM3\ARM_GCC_493\Debug\freesoc.a(Left_HB25_Enable_Pin.o)
                              .\CortexM3\ARM_GCC_493\Debug\motor.o (Left_HB25_Enable_Pin_Write)
.\CortexM3\ARM_GCC_493\Debug\freesoc.a(Left_HB25_PWM.o)
                              .\CortexM3\ARM_GCC_493\Debug\motor.o (Left_HB25_PWM_Stop)
.\CortexM3\ARM_GCC_493\Debug\freesoc.a(Right_HB25_Enable_Pin.o)
                              .\CortexM3\ARM_GCC_493\Debug\motor.o (Right_HB25_Enable_Pin_Write)
.\CortexM3\ARM_GCC_493\Debug\freesoc.a(Right_HB25_PWM.o)
                              .\CortexM3\ARM_GCC_493\Debug\motor.o (Right_HB25_PWM_Stop)
.\CortexM3\ARM_GCC_493\Debug\freesoc.a(CyBootAsmGnu.o)
                              .\CortexM3\ARM_GCC_493\Debug\freesoc.a(cyfitter_cfg.o) (CyDelayCycles)
.\CortexM3\ARM_GCC_493\Debug\freesoc.a(CyLib.o)
                              .\CortexM3\ARM_GCC_493\Debug\Cm3Start.o (CyHalt)
.\CortexM3\ARM_GCC_493\Debug\freesoc.a(cyPm.o)
                              .\CortexM3\ARM_GCC_493\Debug\freesoc.a(CyLib.o) (CyPmReadStatus)
.\CortexM3\ARM_GCC_493\Debug\freesoc.a(EZI2C_Slave.o)
                              .\CortexM3\ARM_GCC_493\Debug\i2c.o (EZI2C_Slave_Start)
.\CortexM3\ARM_GCC_493\Debug\freesoc.a(EZI2C_Slave_PM.o)
                              .\CortexM3\ARM_GCC_493\Debug\freesoc.a(EZI2C_Slave.o) (EZI2C_Slave_backup)
.\CortexM3\ARM_GCC_493\Debug\freesoc.a(EZI2C_Slave_INT.o)
                              .\CortexM3\ARM_GCC_493\Debug\freesoc.a(EZI2C_Slave.o) (EZI2C_Slave_ISR)
.\CortexM3\ARM_GCC_493\Debug\freesoc.a(Front_Echo_Intr.o)
                              .\CortexM3\ARM_GCC_493\Debug\ultrasonic.o (Front_Echo_Intr_StartEx)
.\CortexM3\ARM_GCC_493\Debug\freesoc.a(Front_Trigger_Reg.o)
                              .\CortexM3\ARM_GCC_493\Debug\ultrasonic.o (Front_Trigger_Reg_Write)
.\CortexM3\ARM_GCC_493\Debug\freesoc.a(Front_Trigger_Select_Reg.o)
                              .\CortexM3\ARM_GCC_493\Debug\ultrasonic.o (Front_Trigger_Select_Reg_Write)
.\CortexM3\ARM_GCC_493\Debug\freesoc.a(Front_Echo_Timer.o)
                              .\CortexM3\ARM_GCC_493\Debug\ultrasonic.o (Front_Echo_Timer_ReadCounter)
.\CortexM3\ARM_GCC_493\Debug\freesoc.a(Rear_Trigger_Reg.o)
                              .\CortexM3\ARM_GCC_493\Debug\ultrasonic.o (Rear_Trigger_Reg_Write)
.\CortexM3\ARM_GCC_493\Debug\freesoc.a(Rear_Trigger_Select_Reg.o)
                              .\CortexM3\ARM_GCC_493\Debug\ultrasonic.o (Rear_Trigger_Select_Reg_Write)
.\CortexM3\ARM_GCC_493\Debug\freesoc.a(Rear_Echo_Intr.o)
                              .\CortexM3\ARM_GCC_493\Debug\ultrasonic.o (Rear_Echo_Intr_StartEx)
.\CortexM3\ARM_GCC_493\Debug\freesoc.a(Rear_Echo_Timer.o)
                              .\CortexM3\ARM_GCC_493\Debug\ultrasonic.o (Rear_Echo_Timer_ReadCounter)
.\CortexM3\ARM_GCC_493\Debug\freesoc.a(Front_ADC_SAR.o)
                              .\CortexM3\ARM_GCC_493\Debug\infrared.o (Front_ADC_SAR_Start)
.\CortexM3\ARM_GCC_493\Debug\freesoc.a(Front_ADC_SAR_INT.o)
                              .\CortexM3\ARM_GCC_493\Debug\freesoc.a(Front_ADC_SAR.o) (Front_ADC_SAR_ISR)
.\CortexM3\ARM_GCC_493\Debug\freesoc.a(Front_AMuxSeq.o)
                              .\CortexM3\ARM_GCC_493\Debug\infrared.o (Front_AMuxSeq_Start)
.\CortexM3\ARM_GCC_493\Debug\freesoc.a(Rear_ADC_SAR.o)
                              .\CortexM3\ARM_GCC_493\Debug\infrared.o (Rear_ADC_SAR_Start)
.\CortexM3\ARM_GCC_493\Debug\freesoc.a(Rear_ADC_SAR_INT.o)
                              .\CortexM3\ARM_GCC_493\Debug\freesoc.a(Rear_ADC_SAR.o) (Rear_ADC_SAR_ISR)
.\CortexM3\ARM_GCC_493\Debug\freesoc.a(Rear_AMuxSeq.o)
                              .\CortexM3\ARM_GCC_493\Debug\infrared.o (Rear_AMuxSeq_Start)
.\CortexM3\ARM_GCC_493\Debug\freesoc.a(Front_ADC_SAR_IRQ.o)
                              .\CortexM3\ARM_GCC_493\Debug\infrared.o (Front_ADC_SAR_IRQ_StartEx)
.\CortexM3\ARM_GCC_493\Debug\freesoc.a(Front_ADC_SAR_theACLK.o)
                              .\CortexM3\ARM_GCC_493\Debug\freesoc.a(Front_ADC_SAR.o) (Front_ADC_SAR_theACLK_SetModeRegister)
.\CortexM3\ARM_GCC_493\Debug\freesoc.a(Rear_ADC_SAR_IRQ.o)
                              .\CortexM3\ARM_GCC_493\Debug\infrared.o (Rear_ADC_SAR_IRQ_StartEx)
.\CortexM3\ARM_GCC_493\Debug\freesoc.a(Rear_ADC_SAR_theACLK.o)
                              .\CortexM3\ARM_GCC_493\Debug\freesoc.a(Rear_ADC_SAR.o) (Rear_ADC_SAR_theACLK_SetModeRegister)
.\CortexM3\ARM_GCC_493\Debug\freesoc.a(Rear_EOS_Intr.o)
                              .\CortexM3\ARM_GCC_493\Debug\infrared.o (Rear_EOS_Intr_StartEx)
.\CortexM3\ARM_GCC_493\Debug\freesoc.a(Front_EOS_Intr.o)
                              .\CortexM3\ARM_GCC_493\Debug\infrared.o (Front_EOS_Intr_StartEx)
[...]
Memory Configuration

Name             Origin             Length             Attributes
rom              0x00000000         0x00040000         xr
ram              0x1fff8000         0x00010000         xrw
*default*        0x00000000         0xffffffff

Linker script and memory map

LOAD c:/program files (x86)/cypress/psoc creator/3.3/psoc creator/import/gnu/arm/4.9.3/bin/../lib/gcc/arm-none-eabi/4.9.3/armv7-m/crti.o
LOAD c:/program files (x86)/cypress/psoc creator/3.3/psoc creator/import/gnu/arm/4.9.3/bin/../lib/gcc/arm-none-eabi/4.9.3/armv7-m/crtbegin.o
LOAD c:/program files (x86)/cypress/psoc creator/3.3/psoc creator/import/gnu/arm/4.9.3/bin/../lib/gcc/arm-none-eabi/4.9.3/../../../../arm-none-eabi/lib/armv7-m/crt0.o
START GROUP
LOAD .\CortexM3\ARM_GCC_493\Debug\main.o
LOAD .\CortexM3\ARM_GCC_493\Debug\cal.o
LOAD .\CortexM3\ARM_GCC_493\Debug\control.o
LOAD .\CortexM3\ARM_GCC_493\Debug\debug.o
LOAD .\CortexM3\ARM_GCC_493\Debug\diag.o
LOAD .\CortexM3\ARM_GCC_493\Debug\encoder.o
LOAD .\CortexM3\ARM_GCC_493\Debug\i2c.o
LOAD .\CortexM3\ARM_GCC_493\Debug\motor.o
LOAD .\CortexM3\ARM_GCC_493\Debug\odom.o
LOAD .\CortexM3\ARM_GCC_493\Debug\pid.o
LOAD .\CortexM3\ARM_GCC_493\Debug\time.o
LOAD .\CortexM3\ARM_GCC_493\Debug\ultrasonic.o
LOAD .\CortexM3\ARM_GCC_493\Debug\utils.o
LOAD .\CortexM3\ARM_GCC_493\Debug\infrared.o
LOAD .\CortexM3\ARM_GCC_493\Debug\pid_controller.o
LOAD .\CortexM3\ARM_GCC_493\Debug\serial.o
LOAD .\CortexM3\ARM_GCC_493\Debug\cymetadata.o
LOAD .\CortexM3\ARM_GCC_493\Debug\Cm3Start.o
LOAD .\CortexM3\ARM_GCC_493\Debug\freesoc.a
LOAD C:\Program Files (x86)\Cypress\PSoC Creator\3.3\PSoC Creator\psoc\content\cycomponentlibrary\CyComponentLibrary.cylib\CortexM3\ARM_GCC_493\Debug\CyComponentLibrary.a
LOAD c:/program files (x86)/cypress/psoc creator/3.3/psoc creator/import/gnu/arm/4.9.3/bin/../lib/gcc/arm-none-eabi/4.9.3/../../../../arm-none-eabi/lib/armv7-m\libm.a
END GROUP
START GROUP
LOAD c:/program files (x86)/cypress/psoc creator/3.3/psoc creator/import/gnu/arm/4.9.3/bin/../lib/gcc/arm-none-eabi/4.9.3/armv7-m\libgcc.a
LOAD c:/program files (x86)/cypress/psoc creator/3.3/psoc creator/import/gnu/arm/4.9.3/bin/../lib/gcc/arm-none-eabi/4.9.3/../../../../arm-none-eabi/lib/armv7-m\libg_nano.a
LOAD c:/program files (x86)/cypress/psoc creator/3.3/psoc creator/import/gnu/arm/4.9.3/bin/../lib/gcc/arm-none-eabi/4.9.3/../../../../arm-none-eabi/lib/armv7-m\libc_nano.a
END GROUP
START GROUP
LOAD c:/program files (x86)/cypress/psoc creator/3.3/psoc creator/import/gnu/arm/4.9.3/bin/../lib/gcc/arm-none-eabi/4.9.3/armv7-m\libgcc.a
LOAD c:/program files (x86)/cypress/psoc creator/3.3/psoc creator/import/gnu/arm/4.9.3/bin/../lib/gcc/arm-none-eabi/4.9.3/../../../../arm-none-eabi/lib/armv7-m\libc_nano.a
END GROUP
LOAD c:/program files (x86)/cypress/psoc creator/3.3/psoc creator/import/gnu/arm/4.9.3/bin/../lib/gcc/arm-none-eabi/4.9.3/armv7-m/crtend.o
LOAD c:/program files (x86)/cypress/psoc creator/3.3/psoc creator/import/gnu/arm/4.9.3/bin/../lib/gcc/arm-none-eabi/4.9.3/armv7-m/crtn.o
START GROUP
LOAD c:/program files (x86)/cypress/psoc creator/3.3/psoc creator/import/gnu/arm/4.9.3/bin/../lib/gcc/arm-none-eabi/4.9.3/armv7-m\libgcc.a
LOAD c:/program files (x86)/cypress/psoc creator/3.3/psoc creator/import/gnu/arm/4.9.3/bin/../lib/gcc/arm-none-eabi/4.9.3/../../../../arm-none-eabi/lib/armv7-m\libc.a
LOAD c:/program files (x86)/cypress/psoc creator/3.3/psoc creator/import/gnu/arm/4.9.3/bin/../lib/gcc/arm-none-eabi/4.9.3/../../../../arm-none-eabi/lib/armv7-m\libnosys.a
END GROUP
                0x00000000                CY_APPL_ORIGIN = 0x0
                0x00000100                CY_FLASH_ROW_SIZE = 0x100
                0x00000020                CY_ECC_ROW_SIZE = 0x20
                0x00000000                CY_EE_IN_BTLDR = 0x0
                0x00000000                CY_APPL_LOADABLE = 0x0
                0x00000800                CY_EE_SIZE = 0x800
                0x00000001                CY_APPL_NUM = 0x1
                0x00000001                CY_APPL_MAX = 0x1
                0x00000040                CY_METADATA_SIZE = 0x40
                0x00000000                CY_APPL_LOADABLE = 0x0
                0x00000000                CY_CHECKSUM_EXCLUDE_SIZE = ALIGN (0x0, CY_FLASH_ROW_SIZE)
                0x1fff8db0                PROVIDE (__cy_heap_start, _end)
                0x00000001                PROVIDE (__cy_region_num, ((__cy_regions_end - __cy_regions) / 0x10))
                0x20008000                PROVIDE (__cy_stack, (ORIGIN (ram) + 0x10000))
                0x20007800                PROVIDE (__cy_heap_end, (__cy_stack - 0x800))

.cybootloader   0x00000000        0x0
 *(.cybootloader)
                0x00000000                appl1_start = CY_APPL_ORIGIN?CY_APPL_ORIGIN:ALIGN (CY_FLASH_ROW_SIZE)
                0x0001ff00                appl2_start = (appl1_start + ALIGN ((((0x40000 - appl1_start) - (0x2 * CY_FLASH_ROW_SIZE)) / 0x2), CY_FLASH_ROW_SIZE))
                0x00000000                appl_start = (CY_APPL_NUM == 0x1)?appl1_start:appl2_start
                0x00000000                ecc_offset = ((appl_start / CY_FLASH_ROW_SIZE) * CY_ECC_ROW_SIZE)
                0x00000000                ee_offset = (CY_APPL_LOADABLE && ! (CY_EE_IN_BTLDR))?((CY_EE_SIZE / CY_APPL_MAX) * (CY_APPL_NUM - 0x1)):0x0
                0x00000800                ee_size = (CY_APPL_LOADABLE && ! (CY_EE_IN_BTLDR))?(CY_EE_SIZE / CY_APPL_MAX):CY_EE_SIZE
                0x00000000                PROVIDE (CY_ECC_OFFSET, ecc_offset)

.text           0x00000000     0x8b7e
 CREATE_OBJECT_SYMBOLS
                0x00000000                PROVIDE (__cy_interrupt_vector, RomVectors)
 *(.romvectors)
 .romvectors    0x00000000       0x10 .\CortexM3\ARM_GCC_493\Debug\Cm3Start.o
                0x00000000                RomVectors
                0x00000001                ASSERT ((. != __cy_interrupt_vector), No interrupt vector)
                0x00000001                ASSERT (CY_APPL_ORIGIN?(SIZEOF (.cybootloader) <= CY_APPL_ORIGIN):0x1, Wrong image location)
                0x00000010                PROVIDE (__cy_reset, Reset)
 *(.text.Reset)
 .text.Reset    0x00000010       0x18 .\CortexM3\ARM_GCC_493\Debug\Cm3Start.o
                0x00000010                Reset
                0x00000001                ASSERT ((. != __cy_reset), No reset code)
 *(.dma_init)
                0x00000001                ASSERT ((((appl_start + .) <= 0x10000) || 0x1), DMA Init must be within the first 64k of flash)
 *(.text .text.* .gnu.linkonce.t.*)
 .text          0x00000028       0x5c c:/program files (x86)/cypress/psoc creator/3.3/psoc creator/import/gnu/arm/4.9.3/bin/../lib/gcc/arm-none-eabi/4.9.3/armv7-m/crtbegin.o
 .text.main     0x00000084       0xb8 .\CortexM3\ARM_GCC_493\Debug\main.o
                0x00000084                main
 .text.CalculatePwmSamples
                0x0000013c       0x64 .\CortexM3\ARM_GCC_493\Debug\cal.o
 .text.AddSamplesToSum
                0x000001a0       0x24 .\CortexM3\ARM_GCC_493\Debug\cal.o
 .text.CalculateAvgCpsSamples
                0x000001c4       0x20 .\CortexM3\ARM_GCC_493\Debug\cal.o
 .text.CalculateMinMaxCpsSample
                0x000001e4       0x38 .\CortexM3\ARM_GCC_493\Debug\cal.o
 .text.StartCalibration
                0x0000021c       0x24 .\CortexM3\ARM_GCC_493\Debug\cal.o
 .text.EndCalibration
                0x00000240       0x30 .\CortexM3\ARM_GCC_493\Debug\cal.o
 .text.CalibrateWheelSpeed
                0x00000270       0x5c .\CortexM3\ARM_GCC_493\Debug\cal.o
 .text.StoreWheelSpeed
                0x000002cc       0xb4 .\CortexM3\ARM_GCC_493\Debug\cal.o
 .text.Cal_Init
                0x00000380       0x14 .\CortexM3\ARM_GCC_493\Debug\cal.o
                0x00000380                Cal_Init
 .text.Cal_Start
                0x00000394       0x2c .\CortexM3\ARM_GCC_493\Debug\cal.o
                0x00000394                Cal_Start
 .text.Cal_Update
                0x000003c0       0xa8 .\CortexM3\ARM_GCC_493\Debug\cal.o
                0x000003c0                Cal_Update
 .text.Cal_LeftGetCalData
                0x00000468       0x10 .\CortexM3\ARM_GCC_493\Debug\cal.o
                0x00000468                Cal_LeftGetCalData
 .text.Cal_RightGetCalData
                0x00000478       0x14 .\CortexM3\ARM_GCC_493\Debug\cal.o
                0x00000478                Cal_RightGetCalData
 .text.Cal_Validate
                0x0000048c        0x4 .\CortexM3\ARM_GCC_493\Debug\cal.o
                0x0000048c                Cal_Validate
 .text.CalculateLeftRightSpeed
                0x00000490       0x98 .\CortexM3\ARM_GCC_493\Debug\control.o
 .text.Control_Init
                0x00000528        0x4 .\CortexM3\ARM_GCC_493\Debug\control.o
                0x00000528                Control_Init
 .text.Control_Start
                0x0000052c        0x4 .\CortexM3\ARM_GCC_493\Debug\control.o
                0x0000052c                Control_Start
 .text.Control_Update
                0x00000530       0x40 .\CortexM3\ARM_GCC_493\Debug\control.o
                0x00000530                Control_Update
 .text.Control_LeftGetCmdVelocity
                0x00000570        0xc .\CortexM3\ARM_GCC_493\Debug\control.o
                0x00000570                Control_LeftGetCmdVelocity
 .text.Control_RightGetCmdVelocity
                0x0000057c        0xc .\CortexM3\ARM_GCC_493\Debug\control.o
                0x0000057c                Control_RightGetCmdVelocity
 .text.Debug_Init
                0x00000588       0x14 .\CortexM3\ARM_GCC_493\Debug\debug.o
                0x00000588                Debug_Init
 .text.Debug_Start
                0x0000059c        0x4 .\CortexM3\ARM_GCC_493\Debug\debug.o
                0x0000059c                Debug_Start
 .text.Diag_Init
                0x000005a0       0x18 .\CortexM3\ARM_GCC_493\Debug\diag.o
                0x000005a0                Diag_Init
 .text.Diag_Start
                0x000005b8        0x4 .\CortexM3\ARM_GCC_493\Debug\diag.o
                0x000005b8                Diag_Start
 .text.Diag_Update
                0x000005bc       0x34 .\CortexM3\ARM_GCC_493\Debug\diag.o
                0x000005bc                Diag_Update
 .text.Encoder_Sample
                0x000005f0       0x70 .\CortexM3\ARM_GCC_493\Debug\encoder.o
 .text.DumpEncoder
                0x00000660       0x28 .\CortexM3\ARM_GCC_493\Debug\encoder.o
 .text.Encoder_Init
                0x00000688       0x48 .\CortexM3\ARM_GCC_493\Debug\encoder.o
                0x00000688                Encoder_Init
 .text.Encoder_Start
                0x000006d0       0x20 .\CortexM3\ARM_GCC_493\Debug\encoder.o
                0x000006d0                Encoder_Start
 .text.Encoder_Update
                0x000006f0       0x80 .\CortexM3\ARM_GCC_493\Debug\encoder.o
                0x000006f0                Encoder_Update
 .text.Encoder_LeftGetCntsPerSec
                0x00000770        0xc .\CortexM3\ARM_GCC_493\Debug\encoder.o
                0x00000770                Encoder_LeftGetCntsPerSec
 .text.Encoder_RightGetCntsPerSec
                0x0000077c        0xc .\CortexM3\ARM_GCC_493\Debug\encoder.o
                0x0000077c                Encoder_RightGetCntsPerSec
 .text.Encoder_LeftGetMeterPerSec
                0x00000788        0xc .\CortexM3\ARM_GCC_493\Debug\encoder.o
                0x00000788                Encoder_LeftGetMeterPerSec
 .text.Encoder_RightGetMeterPerSec
                0x00000794        0xc .\CortexM3\ARM_GCC_493\Debug\encoder.o
                0x00000794                Encoder_RightGetMeterPerSec
 .text.Encoder_LeftGetCount
                0x000007a0       0x10 .\CortexM3\ARM_GCC_493\Debug\encoder.o
                0x000007a0                Encoder_LeftGetCount
 .text.Encoder_RightGetCount
                0x000007b0       0x10 .\CortexM3\ARM_GCC_493\Debug\encoder.o
                0x000007b0                Encoder_RightGetCount
 .text.Encoder_Reset
                0x000007c0       0x48 .\CortexM3\ARM_GCC_493\Debug\encoder.o
                0x000007c0                Encoder_Reset
 .text.I2c_Init
                0x00000808       0x1c .\CortexM3\ARM_GCC_493\Debug\i2c.o
                0x00000808                I2c_Init
 .text.I2c_Start
                0x00000824       0x18 .\CortexM3\ARM_GCC_493\Debug\i2c.o
                0x00000824                I2c_Start
 .text.I2c_ReadControl
                0x0000083c       0x10 .\CortexM3\ARM_GCC_493\Debug\i2c.o
                0x0000083c                I2c_ReadControl
 *fill*         0x0000084c        0x4 
 .text.I2c_ReadCmdVelocity
                0x00000850       0xd0 .\CortexM3\ARM_GCC_493\Debug\i2c.o
                0x00000850                I2c_ReadCmdVelocity
 .text.I2c_SetStatusBit
                0x00000920       0x14 .\CortexM3\ARM_GCC_493\Debug\i2c.o
                0x00000920                I2c_SetStatusBit
 .text.I2c_ClearStatusBit
                0x00000934       0x18 .\CortexM3\ARM_GCC_493\Debug\i2c.o
                0x00000934                I2c_ClearStatusBit
 .text.I2c_WriteOdom
                0x0000094c       0x60 .\CortexM3\ARM_GCC_493\Debug\i2c.o
                0x0000094c                I2c_WriteOdom
 .text.I2c_WriteFrontUltrasonicDistance
                0x000009ac       0x14 .\CortexM3\ARM_GCC_493\Debug\i2c.o
                0x000009ac                I2c_WriteFrontUltrasonicDistance
 .text.I2c_WriteRearUltrasonicDistance
                0x000009c0       0x14 .\CortexM3\ARM_GCC_493\Debug\i2c.o
                0x000009c0                I2c_WriteRearUltrasonicDistance
 .text.I2c_WriteFrontInfraredDistance
                0x000009d4       0x14 .\CortexM3\ARM_GCC_493\Debug\i2c.o
                0x000009d4                I2c_WriteFrontInfraredDistance
 .text.I2c_WriteRearInfraredDistance
                0x000009e8       0x14 .\CortexM3\ARM_GCC_493\Debug\i2c.o
                0x000009e8                I2c_WriteRearInfraredDistance
 .text.I2c_UpdateHeartbeat
                0x000009fc       0x14 .\CortexM3\ARM_GCC_493\Debug\i2c.o
                0x000009fc                I2c_UpdateHeartbeat
 .text.Interpolate
                0x00000a10       0x3c .\CortexM3\ARM_GCC_493\Debug\motor.o
 .text.calculate_pwm
                0x00000a4c       0x74 .\CortexM3\ARM_GCC_493\Debug\motor.o
 .text.DumpMotor
                0x00000ac0       0x14 .\CortexM3\ARM_GCC_493\Debug\motor.o
 .text.calc_motor_output_from_cps
                0x00000ad4       0xac .\CortexM3\ARM_GCC_493\Debug\motor.o
 .text.WriteTwoValues
                0x00000b80       0x14 .\CortexM3\ARM_GCC_493\Debug\motor.o
 .text.RampSpeed
                0x00000b94       0x44 .\CortexM3\ARM_GCC_493\Debug\motor.o
 .text.CollectCpsPwmSamples
                0x00000bd8       0x6c .\CortexM3\ARM_GCC_493\Debug\motor.o
 .text.PrintFormatDataInt32
                0x00000c44       0x8c .\CortexM3\ARM_GCC_493\Debug\motor.o
 .text.PrintFormatDataUint16
                0x00000cd0       0x8c .\CortexM3\ARM_GCC_493\Debug\motor.o
 .text.DumpMotorCal
                0x00000d5c       0x4c .\CortexM3\ARM_GCC_493\Debug\motor.o
 .text.Motor_Init
                0x00000da8       0x18 .\CortexM3\ARM_GCC_493\Debug\motor.o
                0x00000da8                Motor_Init
 .text.Motor_Start
                0x00000dc0       0x48 .\CortexM3\ARM_GCC_493\Debug\motor.o
                0x00000dc0                Motor_Start
 .text.Motor_LeftSetCntsPerSec
                0x00000e08       0x18 .\CortexM3\ARM_GCC_493\Debug\motor.o
                0x00000e08                Motor_LeftSetCntsPerSec
 .text.Motor_RightSetCntsPerSec
                0x00000e20       0x18 .\CortexM3\ARM_GCC_493\Debug\motor.o
                0x00000e20                Motor_RightSetCntsPerSec
 .text.Motor_LeftGetPwm
                0x00000e38        0xc .\CortexM3\ARM_GCC_493\Debug\motor.o
                0x00000e38                Motor_LeftGetPwm
 .text.Motor_RightGetPwm
                0x00000e44        0xc .\CortexM3\ARM_GCC_493\Debug\motor.o
                0x00000e44                Motor_RightGetPwm
 .text.Motor_Stop
                0x00000e50       0x20 .\CortexM3\ARM_GCC_493\Debug\motor.o
                0x00000e50                Motor_Stop
 .text.Motor_CollectPwmCpsSamples
                0x00000e70       0xb4 .\CortexM3\ARM_GCC_493\Debug\motor.o
                0x00000e70                Motor_CollectPwmCpsSamples
 .text.Motor_LeftSetCalibration
                0x00000f24       0x1c .\CortexM3\ARM_GCC_493\Debug\motor.o
                0x00000f24                Motor_LeftSetCalibration
 .text.Motor_RightSetCalibration
                0x00000f40       0x1c .\CortexM3\ARM_GCC_493\Debug\motor.o
                0x00000f40                Motor_RightSetCalibration
 .text.Odom_Init
                0x00000f5c       0x1c .\CortexM3\ARM_GCC_493\Debug\odom.o
                0x00000f5c                Odom_Init
 .text.Odom_Start
                0x00000f78        0x4 .\CortexM3\ARM_GCC_493\Debug\odom.o
                0x00000f78                Odom_Start
 *fill*         0x00000f7c        0x4 
 .text.calc_odom
                0x00000f80      0x110 .\CortexM3\ARM_GCC_493\Debug\odom.o
                0x00000f80                calc_odom
 .text.Odom_Update
                0x00001090       0x78 .\CortexM3\ARM_GCC_493\Debug\odom.o
                0x00001090                Odom_Update
 .text.Odom_Reset
                0x00001108       0x1c .\CortexM3\ARM_GCC_493\Debug\odom.o
                0x00001108                Odom_Reset
 *fill*         0x00001124        0x4 
 .text.ProcessPid
                0x00001128       0xb0 .\CortexM3\ARM_GCC_493\Debug\pid.o
 .text.DumpPid  0x000011d8       0x4c .\CortexM3\ARM_GCC_493\Debug\pid.o
 .text.Pid_Init
                0x00001224       0x84 .\CortexM3\ARM_GCC_493\Debug\pid.o
                0x00001224                Pid_Init
 .text.Pid_Start
                0x000012a8        0x4 .\CortexM3\ARM_GCC_493\Debug\pid.o
                0x000012a8                Pid_Start
 .text.Pid_Update
                0x000012ac       0x80 .\CortexM3\ARM_GCC_493\Debug\pid.o
                0x000012ac                Pid_Update
 .text.SysTickIsrHandler
                0x0000132c       0x10 .\CortexM3\ARM_GCC_493\Debug\time.o
 .text.Time_Init
                0x0000133c        0xc .\CortexM3\ARM_GCC_493\Debug\time.o
                0x0000133c                Time_Init
 .text.Time_Start
                0x00001348       0x2c .\CortexM3\ARM_GCC_493\Debug\time.o
                0x00001348                Time_Start
 .text.millis   0x00001374        0xc .\CortexM3\ARM_GCC_493\Debug\time.o
                0x00001374                millis
 .text.Front_Trigger_Next
                0x00001380       0x34 .\CortexM3\ARM_GCC_493\Debug\ultrasonic.o
 .text.Front_Echo_Interrupt
                0x000013b4       0x4c .\CortexM3\ARM_GCC_493\Debug\ultrasonic.o
 .text.Rear_Trigger_Next
                0x00001400       0x34 .\CortexM3\ARM_GCC_493\Debug\ultrasonic.o
 .text.Rear_Echo_Interrupt
                0x00001434       0x4c .\CortexM3\ARM_GCC_493\Debug\ultrasonic.o
 .text.Ultrasonic_Init
                0x00001480        0x4 .\CortexM3\ARM_GCC_493\Debug\ultrasonic.o
                0x00001480                Ultrasonic_Init
 .text.Ultrasonic_Start
                0x00001484       0x28 .\CortexM3\ARM_GCC_493\Debug\ultrasonic.o
                0x00001484                Ultrasonic_Start
 .text.insert_zeros
                0x000014ac       0x30 .\CortexM3\ARM_GCC_493\Debug\utils.o
 .text.MovingAverageFloat
                0x000014dc       0x2c .\CortexM3\ARM_GCC_493\Debug\utils.o
                0x000014dc                MovingAverageFloat
 .text.ftoa     0x00001508       0xa4 .\CortexM3\ARM_GCC_493\Debug\utils.o
                0x00001508                ftoa
 .text.BinaryRangeSearch
                0x000015ac       0x50 .\CortexM3\ARM_GCC_493\Debug\utils.o
                0x000015ac                BinaryRangeSearch
 .text.Rear_EOS_Interrupt
                0x000015fc       0x1c .\CortexM3\ARM_GCC_493\Debug\infrared.o
 .text.Front_EOS_Interrupt
                0x00001618       0x1c .\CortexM3\ARM_GCC_493\Debug\infrared.o
 *fill*         0x00001634        0x4 
 .text.Rear_EOC_Interrupt
                0x00001638       0x90 .\CortexM3\ARM_GCC_493\Debug\infrared.o
 .text.Front_EOC_Interrupt
                0x000016c8       0x90 .\CortexM3\ARM_GCC_493\Debug\infrared.o
 .text.Infrared_Init
                0x00001758        0xc .\CortexM3\ARM_GCC_493\Debug\infrared.o
                0x00001758                Infrared_Init
 .text.Infrared_Start
                0x00001764       0x4c .\CortexM3\ARM_GCC_493\Debug\infrared.o
                0x00001764                Infrared_Start
 .text.PIDCompute
                0x000017b0       0xa4 .\CortexM3\ARM_GCC_493\Debug\pid_controller.o
                0x000017b0                PIDCompute
 .text.PIDOutputLimitsSet
                0x00001854       0x5c .\CortexM3\ARM_GCC_493\Debug\pid_controller.o
                0x00001854                PIDOutputLimitsSet
 .text.PIDTuningsSet
                0x000018b0       0x6c .\CortexM3\ARM_GCC_493\Debug\pid_controller.o
                0x000018b0                PIDTuningsSet
 .text.PIDInit  0x0000191c       0x54 .\CortexM3\ARM_GCC_493\Debug\pid_controller.o
                0x0000191c                PIDInit
 .text.PIDSetpointSet
                0x00001970        0x4 .\CortexM3\ARM_GCC_493\Debug\pid_controller.o
                0x00001970                PIDSetpointSet
 .text.PIDInputSet
                0x00001974        0x4 .\CortexM3\ARM_GCC_493\Debug\pid_controller.o
                0x00001974                PIDInputSet
 .text.Ser_Init
                0x00001978        0x4 .\CortexM3\ARM_GCC_493\Debug\serial.o
                0x00001978                Ser_Init
 .text.Ser_Start
                0x0000197c        0x4 .\CortexM3\ARM_GCC_493\Debug\serial.o
                0x0000197c                Ser_Start
 .text.Ser_PutString
                0x00001980        0x4 .\CortexM3\ARM_GCC_493\Debug\serial.o
                0x00001980                Ser_PutString
 .text.IntDefaultHandler
                0x00001984        0x4 .\CortexM3\ARM_GCC_493\Debug\Cm3Start.o
                0x00001984                IntDefaultHandler
 .text._sbrk    0x00001988       0x30 .\CortexM3\ARM_GCC_493\Debug\Cm3Start.o
                0x00001988                _sbrk
 .text.Start_c  0x000019b8       0x4c .\CortexM3\ARM_GCC_493\Debug\Cm3Start.o
                0x000019b8                Start_c
 .text.initialize_psoc
                0x00001a04       0x74 .\CortexM3\ARM_GCC_493\Debug\Cm3Start.o
                0x00001a04                initialize_psoc
 .text.cfg_write_bytes32
                0x00001a78       0x34 .\CortexM3\ARM_GCC_493\Debug\freesoc.a(cyfitter_cfg.o)
 .text.AnalogSetDefault
                0x00001aac       0x7c .\CortexM3\ARM_GCC_493\Debug\freesoc.a(cyfitter_cfg.o)
 .text.CYMEMZERO
                0x00001b28        0xc .\CortexM3\ARM_GCC_493\Debug\freesoc.a(cyfitter_cfg.o)
 .text.ClockSetup
                0x00001b34       0xe4 .\CortexM3\ARM_GCC_493\Debug\freesoc.a(cyfitter_cfg.o)
 .text.CYCONFIGCPY
                0x00001c18        0x8 .\CortexM3\ARM_GCC_493\Debug\freesoc.a(cyfitter_cfg.o)
 .text.Front_AMuxSeq_DisconnectAll
                0x00001c20       0x18 .\CortexM3\ARM_GCC_493\Debug\freesoc.a(cyfitter_cfg.o)
                0x00001c20                Front_AMuxSeq_DisconnectAll
 .text.Front_AMuxSeq_Next
                0x00001c38       0x6c .\CortexM3\ARM_GCC_493\Debug\freesoc.a(cyfitter_cfg.o)
                0x00001c38                Front_AMuxSeq_Next
 .text.Rear_AMuxSeq_DisconnectAll
                0x00001ca4       0x18 .\CortexM3\ARM_GCC_493\Debug\freesoc.a(cyfitter_cfg.o)
                0x00001ca4                Rear_AMuxSeq_DisconnectAll
 .text.Rear_AMuxSeq_Next
                0x00001cbc       0x6c .\CortexM3\ARM_GCC_493\Debug\freesoc.a(cyfitter_cfg.o)
                0x00001cbc                Rear_AMuxSeq_Next
 .text.cyfitter_cfg
                0x00001d28      0x188 .\CortexM3\ARM_GCC_493\Debug\freesoc.a(cyfitter_cfg.o)
                0x00001d28                cyfitter_cfg
 .text.Left_HB25_Enable_Pin_Write
                0x00001eb0       0x18 .\CortexM3\ARM_GCC_493\Debug\freesoc.a(Left_HB25_Enable_Pin.o)
                0x00001eb0                Left_HB25_Enable_Pin_Write
 .text.Left_HB25_PWM_Stop
                0x00001ec8        0x4 .\CortexM3\ARM_GCC_493\Debug\freesoc.a(Left_HB25_PWM.o)
                0x00001ec8                Left_HB25_PWM_Stop
 .text.Left_HB25_PWM_WriteCounter
                0x00001ecc        0xc .\CortexM3\ARM_GCC_493\Debug\freesoc.a(Left_HB25_PWM.o)
                0x00001ecc                Left_HB25_PWM_WriteCounter
 .text.Left_HB25_PWM_WritePeriod
                0x00001ed8        0xc .\CortexM3\ARM_GCC_493\Debug\freesoc.a(Left_HB25_PWM.o)
                0x00001ed8                Left_HB25_PWM_WritePeriod
 .text.Left_HB25_PWM_WriteCompare
                0x00001ee4        0xc .\CortexM3\ARM_GCC_493\Debug\freesoc.a(Left_HB25_PWM.o)
                0x00001ee4                Left_HB25_PWM_WriteCompare
 .text.Left_HB25_PWM_Init
                0x00001ef0       0x34 .\CortexM3\ARM_GCC_493\Debug\freesoc.a(Left_HB25_PWM.o)
                0x00001ef0                Left_HB25_PWM_Init
 .text.Left_HB25_PWM_Start
                0x00001f24       0x18 .\CortexM3\ARM_GCC_493\Debug\freesoc.a(Left_HB25_PWM.o)
                0x00001f24                Left_HB25_PWM_Start
 .text.Right_HB25_Enable_Pin_Write
                0x00001f3c       0x18 .\CortexM3\ARM_GCC_493\Debug\freesoc.a(Right_HB25_Enable_Pin.o)
                0x00001f3c                Right_HB25_Enable_Pin_Write
 .text.Right_HB25_PWM_Stop
                0x00001f54        0x4 .\CortexM3\ARM_GCC_493\Debug\freesoc.a(Right_HB25_PWM.o)
                0x00001f54                Right_HB25_PWM_Stop
 .text.Right_HB25_PWM_WriteCounter
                0x00001f58        0xc .\CortexM3\ARM_GCC_493\Debug\freesoc.a(Right_HB25_PWM.o)
                0x00001f58                Right_HB25_PWM_WriteCounter
 .text.Right_HB25_PWM_WritePeriod
                0x00001f64        0xc .\CortexM3\ARM_GCC_493\Debug\freesoc.a(Right_HB25_PWM.o)
                0x00001f64                Right_HB25_PWM_WritePeriod
 .text.Right_HB25_PWM_WriteCompare
                0x00001f70        0xc .\CortexM3\ARM_GCC_493\Debug\freesoc.a(Right_HB25_PWM.o)
                0x00001f70                Right_HB25_PWM_WriteCompare
 .text.Right_HB25_PWM_Init
                0x00001f7c       0x34 .\CortexM3\ARM_GCC_493\Debug\freesoc.a(Right_HB25_PWM.o)
                0x00001f7c                Right_HB25_PWM_Init
 .text.Right_HB25_PWM_Start
                0x00001fb0       0x18 .\CortexM3\ARM_GCC_493\Debug\freesoc.a(Right_HB25_PWM.o)
                0x00001fb0                Right_HB25_PWM_Start
 .text          0x00001fc8       0x20 .\CortexM3\ARM_GCC_493\Debug\freesoc.a(CyBootAsmGnu.o)
                0x00001fc8                CyDelayCycles
                0x00001fd8                CyEnterCriticalSection
                0x00001fe0                CyExitCriticalSection
 .text.CyHalt   0x00001fe8        0x4 .\CortexM3\ARM_GCC_493\Debug\freesoc.a(CyLib.o)
                0x00001fe8                CyHalt
 .text.CyDelay  0x00001fec       0x2c .\CortexM3\ARM_GCC_493\Debug\freesoc.a(CyLib.o)
                0x00001fec                CyDelay
 .text.CyDelayUs
                0x00002018       0x14 .\CortexM3\ARM_GCC_493\Debug\freesoc.a(CyLib.o)
                0x00002018                CyDelayUs
 .text.CyIntSetSysVector
                0x0000202c       0x28 .\CortexM3\ARM_GCC_493\Debug\freesoc.a(CyLib.o)
                0x0000202c                CyIntSetSysVector
 .text.CyIntSetVector
                0x00002054       0x28 .\CortexM3\ARM_GCC_493\Debug\freesoc.a(CyLib.o)
                0x00002054                CyIntSetVector
 .text.CyIntSetPriority
                0x0000207c       0x30 .\CortexM3\ARM_GCC_493\Debug\freesoc.a(CyLib.o)
                0x0000207c                CyIntSetPriority
 .text.CySysTickEnableInterrupt
                0x000020ac       0x10 .\CortexM3\ARM_GCC_493\Debug\freesoc.a(CyLib.o)
                0x000020ac                CySysTickEnableInterrupt
 .text.CySysTickEnable
                0x000020bc       0x18 .\CortexM3\ARM_GCC_493\Debug\freesoc.a(CyLib.o)
                0x000020bc                CySysTickEnable
 .text.CySysTickSetReload
                0x000020d4       0x10 .\CortexM3\ARM_GCC_493\Debug\freesoc.a(CyLib.o)
                0x000020d4                CySysTickSetReload
 .text.CySysTickSetClockSource
                0x000020e4       0x20 .\CortexM3\ARM_GCC_493\Debug\freesoc.a(CyLib.o)
                0x000020e4                CySysTickSetClockSource
 .text.CySysTickGetCountFlag
                0x00002104       0x10 .\CortexM3\ARM_GCC_493\Debug\freesoc.a(CyLib.o)
                0x00002104                CySysTickGetCountFlag
 .text.CySysTickServiceCallbacks
                0x00002114       0x28 .\CortexM3\ARM_GCC_493\Debug\freesoc.a(CyLib.o)
 .text.CySysTickClear
                0x0000213c        0xc .\CortexM3\ARM_GCC_493\Debug\freesoc.a(CyLib.o)
                0x0000213c                CySysTickClear
 .text.CySysTickInit
                0x00002148       0x58 .\CortexM3\ARM_GCC_493\Debug\freesoc.a(CyLib.o)
                0x00002148                CySysTickInit
 .text.CySysTickStart
                0x000021a0       0x1c .\CortexM3\ARM_GCC_493\Debug\freesoc.a(CyLib.o)
                0x000021a0                CySysTickStart
 .text.CySysTickSetCallback
                0x000021bc       0x10 .\CortexM3\ARM_GCC_493\Debug\freesoc.a(CyLib.o)
                0x000021bc                CySysTickSetCallback
 .text.CySysTickGetCallback
                0x000021cc       0x10 .\CortexM3\ARM_GCC_493\Debug\freesoc.a(CyLib.o)
                0x000021cc                CySysTickGetCallback
 .text.EZI2C_Slave_Init
                0x000021dc       0x70 .\CortexM3\ARM_GCC_493\Debug\freesoc.a(EZI2C_Slave.o)
                0x000021dc                EZI2C_Slave_Init
 .text.EZI2C_Slave_Enable
                0x0000224c       0x30 .\CortexM3\ARM_GCC_493\Debug\freesoc.a(EZI2C_Slave.o)
                0x0000224c                EZI2C_Slave_Enable
 .text.EZI2C_Slave_Start
                0x0000227c       0x1c .\CortexM3\ARM_GCC_493\Debug\freesoc.a(EZI2C_Slave.o)
                0x0000227c                EZI2C_Slave_Start
 .text.EZI2C_Slave_SetBuffer1
                0x00002298       0x50 .\CortexM3\ARM_GCC_493\Debug\freesoc.a(EZI2C_Slave.o)
                0x00002298                EZI2C_Slave_SetBuffer1
 .text.EZI2C_Slave_ISR
                0x000022e8      0x1c4 .\CortexM3\ARM_GCC_493\Debug\freesoc.a(EZI2C_Slave_INT.o)
                0x000022e8                EZI2C_Slave_ISR
 .text.Front_Echo_Intr_SetVector
                0x000024ac        0xc .\CortexM3\ARM_GCC_493\Debug\freesoc.a(Front_Echo_Intr.o)
                0x000024ac                Front_Echo_Intr_SetVector
 .text.Front_Echo_Intr_SetPriority
                0x000024b8       0x10 .\CortexM3\ARM_GCC_493\Debug\freesoc.a(Front_Echo_Intr.o)
                0x000024b8                Front_Echo_Intr_SetPriority
 .text.Front_Echo_Intr_Enable
                0x000024c8        0xc .\CortexM3\ARM_GCC_493\Debug\freesoc.a(Front_Echo_Intr.o)
                0x000024c8                Front_Echo_Intr_Enable
 .text.Front_Echo_Intr_Disable
                0x000024d4        0xc .\CortexM3\ARM_GCC_493\Debug\freesoc.a(Front_Echo_Intr.o)
                0x000024d4                Front_Echo_Intr_Disable
 .text.Front_Echo_Intr_StartEx
                0x000024e0       0x1c .\CortexM3\ARM_GCC_493\Debug\freesoc.a(Front_Echo_Intr.o)
                0x000024e0                Front_Echo_Intr_StartEx
 .text.Front_Echo_Intr_ClearPending
                0x000024fc        0xc .\CortexM3\ARM_GCC_493\Debug\freesoc.a(Front_Echo_Intr.o)
                0x000024fc                Front_Echo_Intr_ClearPending
 .text.Front_Trigger_Reg_Write
                0x00002508        0xc .\CortexM3\ARM_GCC_493\Debug\freesoc.a(Front_Trigger_Reg.o)
                0x00002508                Front_Trigger_Reg_Write
 .text.Front_Trigger_Select_Reg_Write
                0x00002514        0xc .\CortexM3\ARM_GCC_493\Debug\freesoc.a(Front_Trigger_Select_Reg.o)
                0x00002514                Front_Trigger_Select_Reg_Write
 .text.Front_Trigger_Select_Reg_Read
                0x00002520        0xc .\CortexM3\ARM_GCC_493\Debug\freesoc.a(Front_Trigger_Select_Reg.o)
                0x00002520                Front_Trigger_Select_Reg_Read
 .text.Front_Echo_Timer_SetInterruptMode
                0x0000252c        0xc .\CortexM3\ARM_GCC_493\Debug\freesoc.a(Front_Echo_Timer.o)
                0x0000252c                Front_Echo_Timer_SetInterruptMode
 .text.Front_Echo_Timer_ReadStatusRegister
                0x00002538        0xc .\CortexM3\ARM_GCC_493\Debug\freesoc.a(Front_Echo_Timer.o)
                0x00002538                Front_Echo_Timer_ReadStatusRegister
 .text.Front_Echo_Timer_WritePeriod
                0x00002544        0xc .\CortexM3\ARM_GCC_493\Debug\freesoc.a(Front_Echo_Timer.o)
                0x00002544                Front_Echo_Timer_WritePeriod
 .text.Front_Echo_Timer_ReadCapture
                0x00002550        0xc .\CortexM3\ARM_GCC_493\Debug\freesoc.a(Front_Echo_Timer.o)
                0x00002550                Front_Echo_Timer_ReadCapture
 .text.Front_Echo_Timer_WriteCounter
                0x0000255c        0xc .\CortexM3\ARM_GCC_493\Debug\freesoc.a(Front_Echo_Timer.o)
                0x0000255c                Front_Echo_Timer_WriteCounter
 .text.Front_Echo_Timer_ReadCounter
                0x00002568       0x14 .\CortexM3\ARM_GCC_493\Debug\freesoc.a(Front_Echo_Timer.o)
                0x00002568                Front_Echo_Timer_ReadCounter
 .text.Front_Echo_Timer_ClearFIFO
                0x0000257c       0x14 .\CortexM3\ARM_GCC_493\Debug\freesoc.a(Front_Echo_Timer.o)
                0x0000257c                Front_Echo_Timer_ClearFIFO
 .text.Front_Echo_Timer_Init
                0x00002590       0x34 .\CortexM3\ARM_GCC_493\Debug\freesoc.a(Front_Echo_Timer.o)
                0x00002590                Front_Echo_Timer_Init
 .text.Front_Echo_Timer_Start
                0x000025c4       0x18 .\CortexM3\ARM_GCC_493\Debug\freesoc.a(Front_Echo_Timer.o)
                0x000025c4                Front_Echo_Timer_Start
 .text.Rear_Trigger_Reg_Write
                0x000025dc        0xc .\CortexM3\ARM_GCC_493\Debug\freesoc.a(Rear_Trigger_Reg.o)
                0x000025dc                Rear_Trigger_Reg_Write
 .text.Rear_Trigger_Select_Reg_Write
                0x000025e8        0xc .\CortexM3\ARM_GCC_493\Debug\freesoc.a(Rear_Trigger_Select_Reg.o)
                0x000025e8                Rear_Trigger_Select_Reg_Write
 .text.Rear_Trigger_Select_Reg_Read
                0x000025f4        0xc .\CortexM3\ARM_GCC_493\Debug\freesoc.a(Rear_Trigger_Select_Reg.o)
                0x000025f4                Rear_Trigger_Select_Reg_Read
 .text.Rear_Echo_Intr_SetVector
                0x00002600        0xc .\CortexM3\ARM_GCC_493\Debug\freesoc.a(Rear_Echo_Intr.o)
                0x00002600                Rear_Echo_Intr_SetVector
 .text.Rear_Echo_Intr_SetPriority
                0x0000260c       0x10 .\CortexM3\ARM_GCC_493\Debug\freesoc.a(Rear_Echo_Intr.o)
                0x0000260c                Rear_Echo_Intr_SetPriority
 .text.Rear_Echo_Intr_Enable
                0x0000261c        0xc .\CortexM3\ARM_GCC_493\Debug\freesoc.a(Rear_Echo_Intr.o)
                0x0000261c                Rear_Echo_Intr_Enable
 .text.Rear_Echo_Intr_Disable
                0x00002628        0xc .\CortexM3\ARM_GCC_493\Debug\freesoc.a(Rear_Echo_Intr.o)
                0x00002628                Rear_Echo_Intr_Disable
 .text.Rear_Echo_Intr_StartEx
                0x00002634       0x1c .\CortexM3\ARM_GCC_493\Debug\freesoc.a(Rear_Echo_Intr.o)
                0x00002634                Rear_Echo_Intr_StartEx
 .text.Rear_Echo_Intr_ClearPending
                0x00002650        0xc .\CortexM3\ARM_GCC_493\Debug\freesoc.a(Rear_Echo_Intr.o)
                0x00002650                Rear_Echo_Intr_ClearPending
 .text.Rear_Echo_Timer_SetInterruptMode
                0x0000265c        0xc .\CortexM3\ARM_GCC_493\Debug\freesoc.a(Rear_Echo_Timer.o)
                0x0000265c                Rear_Echo_Timer_SetInterruptMode
 .text.Rear_Echo_Timer_ReadStatusRegister
                0x00002668        0xc .\CortexM3\ARM_GCC_493\Debug\freesoc.a(Rear_Echo_Timer.o)
                0x00002668                Rear_Echo_Timer_ReadStatusRegister
 .text.Rear_Echo_Timer_WritePeriod
                0x00002674        0xc .\CortexM3\ARM_GCC_493\Debug\freesoc.a(Rear_Echo_Timer.o)
                0x00002674                Rear_Echo_Timer_WritePeriod
 .text.Rear_Echo_Timer_ReadCapture
                0x00002680        0xc .\CortexM3\ARM_GCC_493\Debug\freesoc.a(Rear_Echo_Timer.o)
                0x00002680                Rear_Echo_Timer_ReadCapture
 .text.Rear_Echo_Timer_WriteCounter
                0x0000268c        0xc .\CortexM3\ARM_GCC_493\Debug\freesoc.a(Rear_Echo_Timer.o)
                0x0000268c                Rear_Echo_Timer_WriteCounter
 .text.Rear_Echo_Timer_ReadCounter
                0x00002698       0x14 .\CortexM3\ARM_GCC_493\Debug\freesoc.a(Rear_Echo_Timer.o)
                0x00002698                Rear_Echo_Timer_ReadCounter
 .text.Rear_Echo_Timer_ClearFIFO
                0x000026ac       0x14 .\CortexM3\ARM_GCC_493\Debug\freesoc.a(Rear_Echo_Timer.o)
                0x000026ac                Rear_Echo_Timer_ClearFIFO
 .text.Rear_Echo_Timer_Init
                0x000026c0       0x34 .\CortexM3\ARM_GCC_493\Debug\freesoc.a(Rear_Echo_Timer.o)
                0x000026c0                Rear_Echo_Timer_Init
 .text.Rear_Echo_Timer_Start
                0x000026f4       0x18 .\CortexM3\ARM_GCC_493\Debug\freesoc.a(Rear_Echo_Timer.o)
                0x000026f4                Rear_Echo_Timer_Start
 .text.Front_ADC_SAR_CalcGain
                0x0000270c       0x5c .\CortexM3\ARM_GCC_493\Debug\freesoc.a(Front_ADC_SAR.o)
 .text.Front_ADC_SAR_Enable
                0x00002768       0x94 .\CortexM3\ARM_GCC_493\Debug\freesoc.a(Front_ADC_SAR.o)
                0x00002768                Front_ADC_SAR_Enable
 .text.Front_ADC_SAR_SetResolution
                0x000027fc       0x38 .\CortexM3\ARM_GCC_493\Debug\freesoc.a(Front_ADC_SAR.o)
                0x000027fc                Front_ADC_SAR_SetResolution
 .text.Front_ADC_SAR_Init
                0x00002834       0x3c .\CortexM3\ARM_GCC_493\Debug\freesoc.a(Front_ADC_SAR.o)
                0x00002834                Front_ADC_SAR_Init
 .text.Front_ADC_SAR_Start
                0x00002870       0x1c .\CortexM3\ARM_GCC_493\Debug\freesoc.a(Front_ADC_SAR.o)
                0x00002870                Front_ADC_SAR_Start
 .text.Front_ADC_SAR_StartConvert
                0x0000288c       0x10 .\CortexM3\ARM_GCC_493\Debug\freesoc.a(Front_ADC_SAR.o)
                0x0000288c                Front_ADC_SAR_StartConvert
 .text.Front_ADC_SAR_GetResult16
                0x0000289c       0x18 .\CortexM3\ARM_GCC_493\Debug\freesoc.a(Front_ADC_SAR.o)
                0x0000289c                Front_ADC_SAR_GetResult16
 .text.Front_ADC_SAR_CountsTo_Volts
                0x000028b4       0x50 .\CortexM3\ARM_GCC_493\Debug\freesoc.a(Front_ADC_SAR.o)
                0x000028b4                Front_ADC_SAR_CountsTo_Volts
 .text.Front_ADC_SAR_ISR
                0x00002904        0x4 .\CortexM3\ARM_GCC_493\Debug\freesoc.a(Front_ADC_SAR_INT.o)
                0x00002904                Front_ADC_SAR_ISR
 .text.Front_AMuxSeq_Start
                0x00002908       0x14 .\CortexM3\ARM_GCC_493\Debug\freesoc.a(Front_AMuxSeq.o)
                0x00002908                Front_AMuxSeq_Start
 .text.Front_AMuxSeq_GetChannel
                0x0000291c        0xc .\CortexM3\ARM_GCC_493\Debug\freesoc.a(Front_AMuxSeq.o)
                0x0000291c                Front_AMuxSeq_GetChannel
 .text.Rear_ADC_SAR_CalcGain
                0x00002928       0x5c .\CortexM3\ARM_GCC_493\Debug\freesoc.a(Rear_ADC_SAR.o)
 .text.Rear_ADC_SAR_Enable
                0x00002984       0x94 .\CortexM3\ARM_GCC_493\Debug\freesoc.a(Rear_ADC_SAR.o)
                0x00002984                Rear_ADC_SAR_Enable
 .text.Rear_ADC_SAR_SetResolution
                0x00002a18       0x38 .\CortexM3\ARM_GCC_493\Debug\freesoc.a(Rear_ADC_SAR.o)
                0x00002a18                Rear_ADC_SAR_SetResolution
 .text.Rear_ADC_SAR_Init
                0x00002a50       0x3c .\CortexM3\ARM_GCC_493\Debug\freesoc.a(Rear_ADC_SAR.o)
                0x00002a50                Rear_ADC_SAR_Init
 .text.Rear_ADC_SAR_Start
                0x00002a8c       0x1c .\CortexM3\ARM_GCC_493\Debug\freesoc.a(Rear_ADC_SAR.o)
                0x00002a8c                Rear_ADC_SAR_Start
 .text.Rear_ADC_SAR_StartConvert
                0x00002aa8       0x10 .\CortexM3\ARM_GCC_493\Debug\freesoc.a(Rear_ADC_SAR.o)
                0x00002aa8                Rear_ADC_SAR_StartConvert
 .text.Rear_ADC_SAR_GetResult16
                0x00002ab8       0x18 .\CortexM3\ARM_GCC_493\Debug\freesoc.a(Rear_ADC_SAR.o)
                0x00002ab8                Rear_ADC_SAR_GetResult16
 .text.Rear_ADC_SAR_CountsTo_Volts
                0x00002ad0       0x50 .\CortexM3\ARM_GCC_493\Debug\freesoc.a(Rear_ADC_SAR.o)
                0x00002ad0                Rear_ADC_SAR_CountsTo_Volts
 .text.Rear_ADC_SAR_ISR
                0x00002b20        0x4 .\CortexM3\ARM_GCC_493\Debug\freesoc.a(Rear_ADC_SAR_INT.o)
                0x00002b20                Rear_ADC_SAR_ISR
 .text.Rear_AMuxSeq_Start
                0x00002b24       0x14 .\CortexM3\ARM_GCC_493\Debug\freesoc.a(Rear_AMuxSeq.o)
                0x00002b24                Rear_AMuxSeq_Start
 .text.Rear_AMuxSeq_GetChannel
                0x00002b38        0xc .\CortexM3\ARM_GCC_493\Debug\freesoc.a(Rear_AMuxSeq.o)
                0x00002b38                Rear_AMuxSeq_GetChannel
 .text.Front_ADC_SAR_IRQ_SetVector
                0x00002b44        0xc .\CortexM3\ARM_GCC_493\Debug\freesoc.a(Front_ADC_SAR_IRQ.o)
                0x00002b44                Front_ADC_SAR_IRQ_SetVector
 .text.Front_ADC_SAR_IRQ_SetPriority
                0x00002b50       0x10 .\CortexM3\ARM_GCC_493\Debug\freesoc.a(Front_ADC_SAR_IRQ.o)
                0x00002b50                Front_ADC_SAR_IRQ_SetPriority
 .text.Front_ADC_SAR_IRQ_Enable
                0x00002b60        0xc .\CortexM3\ARM_GCC_493\Debug\freesoc.a(Front_ADC_SAR_IRQ.o)
                0x00002b60                Front_ADC_SAR_IRQ_Enable
 .text.Front_ADC_SAR_IRQ_Disable
                0x00002b6c        0xc .\CortexM3\ARM_GCC_493\Debug\freesoc.a(Front_ADC_SAR_IRQ.o)
                0x00002b6c                Front_ADC_SAR_IRQ_Disable
 .text.Front_ADC_SAR_IRQ_StartEx
                0x00002b78       0x1c .\CortexM3\ARM_GCC_493\Debug\freesoc.a(Front_ADC_SAR_IRQ.o)
                0x00002b78                Front_ADC_SAR_IRQ_StartEx
 .text.Front_ADC_SAR_IRQ_ClearPending
                0x00002b94        0xc .\CortexM3\ARM_GCC_493\Debug\freesoc.a(Front_ADC_SAR_IRQ.o)
                0x00002b94                Front_ADC_SAR_IRQ_ClearPending
 .text.Front_ADC_SAR_theACLK_SetModeRegister
                0x00002ba0       0x14 .\CortexM3\ARM_GCC_493\Debug\freesoc.a(Front_ADC_SAR_theACLK.o)
                0x00002ba0                Front_ADC_SAR_theACLK_SetModeRegister
 .text.Rear_ADC_SAR_IRQ_SetVector
                0x00002bb4        0xc .\CortexM3\ARM_GCC_493\Debug\freesoc.a(Rear_ADC_SAR_IRQ.o)
                0x00002bb4                Rear_ADC_SAR_IRQ_SetVector
 .text.Rear_ADC_SAR_IRQ_SetPriority
                0x00002bc0       0x10 .\CortexM3\ARM_GCC_493\Debug\freesoc.a(Rear_ADC_SAR_IRQ.o)
                0x00002bc0                Rear_ADC_SAR_IRQ_SetPriority
 .text.Rear_ADC_SAR_IRQ_Enable
                0x00002bd0        0xc .\CortexM3\ARM_GCC_493\Debug\freesoc.a(Rear_ADC_SAR_IRQ.o)
                0x00002bd0                Rear_ADC_SAR_IRQ_Enable
 .text.Rear_ADC_SAR_IRQ_Disable
                0x00002bdc        0xc .\CortexM3\ARM_GCC_493\Debug\freesoc.a(Rear_ADC_SAR_IRQ.o)
                0x00002bdc                Rear_ADC_SAR_IRQ_Disable
 .text.Rear_ADC_SAR_IRQ_StartEx
                0x00002be8       0x1c .\CortexM3\ARM_GCC_493\Debug\freesoc.a(Rear_ADC_SAR_IRQ.o)
                0x00002be8                Rear_ADC_SAR_IRQ_StartEx
 .text.Rear_ADC_SAR_IRQ_ClearPending
                0x00002c04        0xc .\CortexM3\ARM_GCC_493\Debug\freesoc.a(Rear_ADC_SAR_IRQ.o)
                0x00002c04                Rear_ADC_SAR_IRQ_ClearPending
 .text.Rear_ADC_SAR_theACLK_SetModeRegister
                0x00002c10       0x14 .\CortexM3\ARM_GCC_493\Debug\freesoc.a(Rear_ADC_SAR_theACLK.o)
                0x00002c10                Rear_ADC_SAR_theACLK_SetModeRegister
 .text.Rear_EOS_Intr_SetVector
                0x00002c24        0xc .\CortexM3\ARM_GCC_493\Debug\freesoc.a(Rear_EOS_Intr.o)
                0x00002c24                Rear_EOS_Intr_SetVector
 .text.Rear_EOS_Intr_SetPriority
                0x00002c30       0x10 .\CortexM3\ARM_GCC_493\Debug\freesoc.a(Rear_EOS_Intr.o)
                0x00002c30                Rear_EOS_Intr_SetPriority
 .text.Rear_EOS_Intr_Enable
                0x00002c40        0xc .\CortexM3\ARM_GCC_493\Debug\freesoc.a(Rear_EOS_Intr.o)
                0x00002c40                Rear_EOS_Intr_Enable
 .text.Rear_EOS_Intr_Disable
                0x00002c4c        0xc .\CortexM3\ARM_GCC_493\Debug\freesoc.a(Rear_EOS_Intr.o)
                0x00002c4c                Rear_EOS_Intr_Disable
 .text.Rear_EOS_Intr_StartEx
                0x00002c58       0x1c .\CortexM3\ARM_GCC_493\Debug\freesoc.a(Rear_EOS_Intr.o)
                0x00002c58                Rear_EOS_Intr_StartEx
 .text.Rear_EOS_Intr_ClearPending
                0x00002c74        0xc .\CortexM3\ARM_GCC_493\Debug\freesoc.a(Rear_EOS_Intr.o)
                0x00002c74                Rear_EOS_Intr_ClearPending
 .text.Front_EOS_Intr_SetVector
                0x00002c80        0xc .\CortexM3\ARM_GCC_493\Debug\freesoc.a(Front_EOS_Intr.o)
                0x00002c80                Front_EOS_Intr_SetVector
 .text.Front_EOS_Intr_SetPriority
                0x00002c8c       0x10 .\CortexM3\ARM_GCC_493\Debug\freesoc.a(Front_EOS_Intr.o)
                0x00002c8c                Front_EOS_Intr_SetPriority
 .text.Front_EOS_Intr_Enable
                0x00002c9c        0xc .\CortexM3\ARM_GCC_493\Debug\freesoc.a(Front_EOS_Intr.o)
                0x00002c9c                Front_EOS_Intr_Enable
 .text.Front_EOS_Intr_Disable
                0x00002ca8        0xc .\CortexM3\ARM_GCC_493\Debug\freesoc.a(Front_EOS_Intr.o)
                0x00002ca8                Front_EOS_Intr_Disable
 .text.Front_EOS_Intr_StartEx
                0x00002cb4       0x1c .\CortexM3\ARM_GCC_493\Debug\freesoc.a(Front_EOS_Intr.o)
                0x00002cb4                Front_EOS_Intr_StartEx
 .text.Front_EOS_Intr_ClearPending
                0x00002cd0        0xc .\CortexM3\ARM_GCC_493\Debug\freesoc.a(Front_EOS_Intr.o)
                0x00002cd0                Front_EOS_Intr_ClearPending
 .text.Mainloop_Pin_Write
                0x00002cdc       0x18 .\CortexM3\ARM_GCC_493\Debug\freesoc.a(Mainloop_Pin.o)
                0x00002cdc                Mainloop_Pin_Write
 .text.EEPROM_Enable
                0x00002cf4        0xc .\CortexM3\ARM_GCC_493\Debug\freesoc.a(EEPROM.o)
                0x00002cf4                EEPROM_Enable
 .text.EEPROM_Start
                0x00002d00        0x8 .\CortexM3\ARM_GCC_493\Debug\freesoc.a(EEPROM.o)
                0x00002d00                EEPROM_Start
 .text.EEPROM_WriteByte
                0x00002d08       0xd4 .\CortexM3\ARM_GCC_493\Debug\freesoc.a(EEPROM.o)
                0x00002d08                EEPROM_WriteByte
 .text.EEPROM_Write
                0x00002ddc       0xb4 .\CortexM3\ARM_GCC_493\Debug\freesoc.a(EEPROM.o)
                0x00002ddc                EEPROM_Write
 .text.Right_QuadDec_Init
                0x00002e90       0x24 .\CortexM3\ARM_GCC_493\Debug\freesoc.a(Right_QuadDec.o)
                0x00002e90                Right_QuadDec_Init
 .text.Right_QuadDec_GetCounter
                0x00002eb4       0x2c .\CortexM3\ARM_GCC_493\Debug\freesoc.a(Right_QuadDec.o)
                0x00002eb4                Right_QuadDec_GetCounter
 .text.Right_QuadDec_SetCounter
                0x00002ee0       0x28 .\CortexM3\ARM_GCC_493\Debug\freesoc.a(Right_QuadDec.o)
                0x00002ee0                Right_QuadDec_SetCounter
 .text.Right_QuadDec_GetEvents
                0x00002f08       0x10 .\CortexM3\ARM_GCC_493\Debug\freesoc.a(Right_QuadDec.o)
                0x00002f08                Right_QuadDec_GetEvents
 .text.Right_QuadDec_SetInterruptMask
                0x00002f18       0x10 .\CortexM3\ARM_GCC_493\Debug\freesoc.a(Right_QuadDec.o)
                0x00002f18                Right_QuadDec_SetInterruptMask
 .text.Right_QuadDec_Enable
                0x00002f28       0x30 .\CortexM3\ARM_GCC_493\Debug\freesoc.a(Right_QuadDec.o)
                0x00002f28                Right_QuadDec_Enable
 .text.Right_QuadDec_Start
                0x00002f58       0x34 .\CortexM3\ARM_GCC_493\Debug\freesoc.a(Right_QuadDec.o)
                0x00002f58                Right_QuadDec_Start
 .text.Right_QuadDec_ISR
                0x00002f8c       0x40 .\CortexM3\ARM_GCC_493\Debug\freesoc.a(Right_QuadDec_INT.o)
                0x00002f8c                Right_QuadDec_ISR
 .text.Right_QuadDec_Cnt16_Enable
                0x00002fcc       0x10 .\CortexM3\ARM_GCC_493\Debug\freesoc.a(Right_QuadDec_Cnt16.o)
                0x00002fcc                Right_QuadDec_Cnt16_Enable
 .text.Right_QuadDec_Cnt16_SetInterruptMode
                0x00002fdc        0xc .\CortexM3\ARM_GCC_493\Debug\freesoc.a(Right_QuadDec_Cnt16.o)
                0x00002fdc                Right_QuadDec_Cnt16_SetInterruptMode
 .text.Right_QuadDec_Cnt16_ReadStatusRegister
                0x00002fe8        0xc .\CortexM3\ARM_GCC_493\Debug\freesoc.a(Right_QuadDec_Cnt16.o)
                0x00002fe8                Right_QuadDec_Cnt16_ReadStatusRegister
 .text.Right_QuadDec_Cnt16_WriteCounter
                0x00002ff4        0xc .\CortexM3\ARM_GCC_493\Debug\freesoc.a(Right_QuadDec_Cnt16.o)
                0x00002ff4                Right_QuadDec_Cnt16_WriteCounter
 .text.Right_QuadDec_Cnt16_ReadCounter
                0x00003000       0x14 .\CortexM3\ARM_GCC_493\Debug\freesoc.a(Right_QuadDec_Cnt16.o)
                0x00003000                Right_QuadDec_Cnt16_ReadCounter
 .text.Right_QuadDec_Cnt16_ReadCapture
                0x00003014        0xc .\CortexM3\ARM_GCC_493\Debug\freesoc.a(Right_QuadDec_Cnt16.o)
                0x00003014                Right_QuadDec_Cnt16_ReadCapture
 .text.Right_QuadDec_Cnt16_WritePeriod
                0x00003020        0xc .\CortexM3\ARM_GCC_493\Debug\freesoc.a(Right_QuadDec_Cnt16.o)
                0x00003020                Right_QuadDec_Cnt16_WritePeriod
 .text.Right_QuadDec_Cnt16_WriteCompare
                0x0000302c        0xc .\CortexM3\ARM_GCC_493\Debug\freesoc.a(Right_QuadDec_Cnt16.o)
                0x0000302c                Right_QuadDec_Cnt16_WriteCompare
 .text.Right_QuadDec_Cnt16_ClearFIFO
                0x00003038       0x14 .\CortexM3\ARM_GCC_493\Debug\freesoc.a(Right_QuadDec_Cnt16.o)
                0x00003038                Right_QuadDec_Cnt16_ClearFIFO
 .text.Right_QuadDec_Cnt16_Init
                0x0000304c       0x58 .\CortexM3\ARM_GCC_493\Debug\freesoc.a(Right_QuadDec_Cnt16.o)
                0x0000304c                Right_QuadDec_Cnt16_Init
 .text.Right_QuadDec_Cnt16_Start
                0x000030a4       0x1c .\CortexM3\ARM_GCC_493\Debug\freesoc.a(Right_QuadDec_Cnt16.o)
                0x000030a4                Right_QuadDec_Cnt16_Start
 .text.Left_QuadDec_Init
                0x000030c0       0x24 .\CortexM3\ARM_GCC_493\Debug\freesoc.a(Left_QuadDec.o)
                0x000030c0                Left_QuadDec_Init
 .text.Left_QuadDec_GetCounter
                0x000030e4       0x2c .\CortexM3\ARM_GCC_493\Debug\freesoc.a(Left_QuadDec.o)
                0x000030e4                Left_QuadDec_GetCounter
 .text.Left_QuadDec_SetCounter
                0x00003110       0x28 .\CortexM3\ARM_GCC_493\Debug\freesoc.a(Left_QuadDec.o)
                0x00003110                Left_QuadDec_SetCounter
 .text.Left_QuadDec_GetEvents
                0x00003138       0x10 .\CortexM3\ARM_GCC_493\Debug\freesoc.a(Left_QuadDec.o)
                0x00003138                Left_QuadDec_GetEvents
 .text.Left_QuadDec_SetInterruptMask
                0x00003148       0x10 .\CortexM3\ARM_GCC_493\Debug\freesoc.a(Left_QuadDec.o)
                0x00003148                Left_QuadDec_SetInterruptMask
 .text.Left_QuadDec_Enable
                0x00003158       0x30 .\CortexM3\ARM_GCC_493\Debug\freesoc.a(Left_QuadDec.o)
                0x00003158                Left_QuadDec_Enable
 .text.Left_QuadDec_Start
                0x00003188       0x34 .\CortexM3\ARM_GCC_493\Debug\freesoc.a(Left_QuadDec.o)
                0x00003188                Left_QuadDec_Start
 .text.Left_QuadDec_ISR
                0x000031bc       0x40 .\CortexM3\ARM_GCC_493\Debug\freesoc.a(Left_QuadDec_INT.o)
                0x000031bc                Left_QuadDec_ISR
 .text.Left_QuadDec_Cnt16_Enable
                0x000031fc       0x10 .\CortexM3\ARM_GCC_493\Debug\freesoc.a(Left_QuadDec_Cnt16.o)
                0x000031fc                Left_QuadDec_Cnt16_Enable
 .text.Left_QuadDec_Cnt16_SetInterruptMode
                0x0000320c        0xc .\CortexM3\ARM_GCC_493\Debug\freesoc.a(Left_QuadDec_Cnt16.o)
                0x0000320c                Left_QuadDec_Cnt16_SetInterruptMode
 .text.Left_QuadDec_Cnt16_ReadStatusRegister
                0x00003218        0xc .\CortexM3\ARM_GCC_493\Debug\freesoc.a(Left_QuadDec_Cnt16.o)
                0x00003218                Left_QuadDec_Cnt16_ReadStatusRegister
 .text.Left_QuadDec_Cnt16_WriteCounter
                0x00003224        0xc .\CortexM3\ARM_GCC_493\Debug\freesoc.a(Left_QuadDec_Cnt16.o)
                0x00003224                Left_QuadDec_Cnt16_WriteCounter
 .text.Left_QuadDec_Cnt16_ReadCounter
                0x00003230       0x14 .\CortexM3\ARM_GCC_493\Debug\freesoc.a(Left_QuadDec_Cnt16.o)
                0x00003230                Left_QuadDec_Cnt16_ReadCounter
 .text.Left_QuadDec_Cnt16_ReadCapture
                0x00003244        0xc .\CortexM3\ARM_GCC_493\Debug\freesoc.a(Left_QuadDec_Cnt16.o)
                0x00003244                Left_QuadDec_Cnt16_ReadCapture
 .text.Left_QuadDec_Cnt16_WritePeriod
                0x00003250        0xc .\CortexM3\ARM_GCC_493\Debug\freesoc.a(Left_QuadDec_Cnt16.o)
                0x00003250                Left_QuadDec_Cnt16_WritePeriod
 .text.Left_QuadDec_Cnt16_WriteCompare
                0x0000325c        0xc .\CortexM3\ARM_GCC_493\Debug\freesoc.a(Left_QuadDec_Cnt16.o)
                0x0000325c                Left_QuadDec_Cnt16_WriteCompare
 .text.Left_QuadDec_Cnt16_ClearFIFO
                0x00003268       0x14 .\CortexM3\ARM_GCC_493\Debug\freesoc.a(Left_QuadDec_Cnt16.o)
                0x00003268                Left_QuadDec_Cnt16_ClearFIFO
 .text.Left_QuadDec_Cnt16_Init
                0x0000327c       0x58 .\CortexM3\ARM_GCC_493\Debug\freesoc.a(Left_QuadDec_Cnt16.o)
                0x0000327c                Left_QuadDec_Cnt16_Init
 .text.Left_QuadDec_Cnt16_Start
                0x000032d4       0x1c .\CortexM3\ARM_GCC_493\Debug\freesoc.a(Left_QuadDec_Cnt16.o)
                0x000032d4                Left_QuadDec_Cnt16_Start
 .text.CyFlashGetSpcAlgorithm
                0x000032f0       0x4c .\CortexM3\ARM_GCC_493\Debug\freesoc.a(CyFlash.o)
 .text.CySetTempInt
                0x0000333c       0x60 .\CortexM3\ARM_GCC_493\Debug\freesoc.a(CyFlash.o)
 .text.CySetTemp
                0x0000339c       0x14 .\CortexM3\ARM_GCC_493\Debug\freesoc.a(CyFlash.o)
                0x0000339c                CySetTemp
 .text.CyEEPROM_Start
                0x000033b0       0x54 .\CortexM3\ARM_GCC_493\Debug\freesoc.a(CyFlash.o)
                0x000033b0                CyEEPROM_Start
 .text.CySpcStart
                0x00003404       0x24 .\CortexM3\ARM_GCC_493\Debug\freesoc.a(CySpc.o)
                0x00003404                CySpcStart
 .text.CySpcReadData
                0x00003428       0x34 .\CortexM3\ARM_GCC_493\Debug\freesoc.a(CySpc.o)
                0x00003428                CySpcReadData
 .text.CySpcLoadMultiByte
                0x0000345c       0x78 .\CortexM3\ARM_GCC_493\Debug\freesoc.a(CySpc.o)
                0x0000345c                CySpcLoadMultiByte
 .text.CySpcLoadRow
                0x000034d4       0x54 .\CortexM3\ARM_GCC_493\Debug\freesoc.a(CySpc.o)
                0x000034d4                CySpcLoadRow
 .text.CySpcWriteRow
                0x00003528       0x4c .\CortexM3\ARM_GCC_493\Debug\freesoc.a(CySpc.o)
                0x00003528                CySpcWriteRow
 .text.CySpcGetTemp
                0x00003574       0x3c .\CortexM3\ARM_GCC_493\Debug\freesoc.a(CySpc.o)
                0x00003574                CySpcGetTemp
 .text.CySpcLock
                0x000035b0       0x4c .\CortexM3\ARM_GCC_493\Debug\freesoc.a(CySpc.o)
                0x000035b0                CySpcLock
 .text.CySpcUnlock
                0x000035fc       0x38 .\CortexM3\ARM_GCC_493\Debug\freesoc.a(CySpc.o)
                0x000035fc                CySpcUnlock
 .text.CySpcGetAlgorithm
                0x00003634       0x28 .\CortexM3\ARM_GCC_493\Debug\freesoc.a(CySpc.o)
                0x00003634                CySpcGetAlgorithm
 .text.cos      0x0000365c       0x90 c:/program files (x86)/cypress/psoc creator/3.3/psoc creator/import/gnu/arm/4.9.3/bin/../lib/gcc/arm-none-eabi/4.9.3/../../../../arm-none-eabi/lib/armv7-m\libm.a(lib_a-s_cos.o)
                0x0000365c                cos
 .text.sin      0x000036ec       0x94 c:/program files (x86)/cypress/psoc creator/3.3/psoc creator/import/gnu/arm/4.9.3/bin/../lib/gcc/arm-none-eabi/4.9.3/../../../../arm-none-eabi/lib/armv7-m\libm.a(lib_a-s_sin.o)
                0x000036ec                sin
 .text.pow      0x00003780      0x2f0 c:/program files (x86)/cypress/psoc creator/3.3/psoc creator/import/gnu/arm/4.9.3/bin/../lib/gcc/arm-none-eabi/4.9.3/../../../../arm-none-eabi/lib/armv7-m\libm.a(lib_a-w_pow.o)
                0x00003780                pow
 .text.__ieee754_pow
                0x00003a70      0xaa0 c:/program files (x86)/cypress/psoc creator/3.3/psoc creator/import/gnu/arm/4.9.3/bin/../lib/gcc/arm-none-eabi/4.9.3/../../../../arm-none-eabi/lib/armv7-m\libm.a(lib_a-e_pow.o)
                0x00003a70                __ieee754_pow
 .text.__ieee754_rem_pio2
                0x00004510      0x428 c:/program files (x86)/cypress/psoc creator/3.3/psoc creator/import/gnu/arm/4.9.3/bin/../lib/gcc/arm-none-eabi/4.9.3/../../../../arm-none-eabi/lib/armv7-m\libm.a(lib_a-e_rem_pio2.o)
                0x00004510                __ieee754_rem_pio2
 .text.__ieee754_sqrt
                0x00004938      0x18c c:/program files (x86)/cypress/psoc creator/3.3/psoc creator/import/gnu/arm/4.9.3/bin/../lib/gcc/arm-none-eabi/4.9.3/../../../../arm-none-eabi/lib/armv7-m\libm.a(lib_a-e_sqrt.o)
                0x00004938                __ieee754_sqrt
 *fill*         0x00004ac4        0x4 
 .text.__kernel_cos
                0x00004ac8      0x248 c:/program files (x86)/cypress/psoc creator/3.3/psoc creator/import/gnu/arm/4.9.3/bin/../lib/gcc/arm-none-eabi/4.9.3/../../../../arm-none-eabi/lib/armv7-m\libm.a(lib_a-k_cos.o)
                0x00004ac8                __kernel_cos
 .text.__kernel_rem_pio2
                0x00004d10      0x808 c:/program files (x86)/cypress/psoc creator/3.3/psoc creator/import/gnu/arm/4.9.3/bin/../lib/gcc/arm-none-eabi/4.9.3/../../../../arm-none-eabi/lib/armv7-m\libm.a(lib_a-k_rem_pio2.o)
                0x00004d10                __kernel_rem_pio2
 .text.__kernel_sin
                0x00005518      0x170 c:/program files (x86)/cypress/psoc creator/3.3/psoc creator/import/gnu/arm/4.9.3/bin/../lib/gcc/arm-none-eabi/4.9.3/../../../../arm-none-eabi/lib/armv7-m\libm.a(lib_a-k_sin.o)
                0x00005518                __kernel_sin
 .text.fabs     0x00005688        0x8 c:/program files (x86)/cypress/psoc creator/3.3/psoc creator/import/gnu/arm/4.9.3/bin/../lib/gcc/arm-none-eabi/4.9.3/../../../../arm-none-eabi/lib/armv7-m\libm.a(lib_a-s_fabs.o)
                0x00005688                fabs
 .text.finite   0x00005690        0xc c:/program files (x86)/cypress/psoc creator/3.3/psoc creator/import/gnu/arm/4.9.3/bin/../lib/gcc/arm-none-eabi/4.9.3/../../../../arm-none-eabi/lib/armv7-m\libm.a(lib_a-s_finite.o)
                0x00005690                finite
 *fill*         0x0000569c        0x4 
 .text.floor    0x000056a0      0x118 c:/program files (x86)/cypress/psoc creator/3.3/psoc creator/import/gnu/arm/4.9.3/bin/../lib/gcc/arm-none-eabi/4.9.3/../../../../arm-none-eabi/lib/armv7-m\libm.a(lib_a-s_floor.o)
                0x000056a0                floor
 .text.__fpclassifyd
                0x000057b8       0x58 c:/program files (x86)/cypress/psoc creator/3.3/psoc creator/import/gnu/arm/4.9.3/bin/../lib/gcc/arm-none-eabi/4.9.3/../../../../arm-none-eabi/lib/armv7-m\libm.a(lib_a-s_fpclassify.o)
                0x000057b8                __fpclassifyd
 .text.matherr  0x00005810        0x4 c:/program files (x86)/cypress/psoc creator/3.3/psoc creator/import/gnu/arm/4.9.3/bin/../lib/gcc/arm-none-eabi/4.9.3/../../../../arm-none-eabi/lib/armv7-m\libm.a(lib_a-s_matherr.o)
                0x00005810                matherr
 .text.nan      0x00005814        0xc c:/program files (x86)/cypress/psoc creator/3.3/psoc creator/import/gnu/arm/4.9.3/bin/../lib/gcc/arm-none-eabi/4.9.3/../../../../arm-none-eabi/lib/armv7-m\libm.a(lib_a-s_nan.o)
                0x00005814                nan
 .text.rint     0x00005820      0x11c c:/program files (x86)/cypress/psoc creator/3.3/psoc creator/import/gnu/arm/4.9.3/bin/../lib/gcc/arm-none-eabi/4.9.3/../../../../arm-none-eabi/lib/armv7-m\libm.a(lib_a-s_rint.o)
                0x00005820                rint
 *fill*         0x0000593c        0x4 
 .text.scalbn   0x00005940       0xf0 c:/program files (x86)/cypress/psoc creator/3.3/psoc creator/import/gnu/arm/4.9.3/bin/../lib/gcc/arm-none-eabi/4.9.3/../../../../arm-none-eabi/lib/armv7-m\libm.a(lib_a-s_scalbn.o)
                0x00005940                scalbn
 .text.copysign
                0x00005a30       0x10 c:/program files (x86)/cypress/psoc creator/3.3/psoc creator/import/gnu/arm/4.9.3/bin/../lib/gcc/arm-none-eabi/4.9.3/../../../../arm-none-eabi/lib/armv7-m\libm.a(lib_a-s_copysign.o)
                0x00005a30                copysign
 .text          0x00005a40      0x370 c:/program files (x86)/cypress/psoc creator/3.3/psoc creator/import/gnu/arm/4.9.3/bin/../lib/gcc/arm-none-eabi/4.9.3/armv7-m\libgcc.a(_arm_addsubdf3.o)
                0x00005a40                __aeabi_drsub
                0x00005a48                __aeabi_dsub
                0x00005a48                __subdf3
                0x00005a4c                __aeabi_dadd
                0x00005a4c                __adddf3
                0x00005cc4                __floatunsidf
                0x00005cc4                __aeabi_ui2d
                0x00005ce4                __floatsidf
                0x00005ce4                __aeabi_i2d
                0x00005d08                __aeabi_f2d
                0x00005d08                __extendsfdf2
                0x00005d44                __floatundidf
                0x00005d44                __aeabi_ul2d
                0x00005d54                __floatdidf
                0x00005d54                __aeabi_l2d
 .text          0x00005db0      0x424 c:/program files (x86)/cypress/psoc creator/3.3/psoc creator/import/gnu/arm/4.9.3/bin/../lib/gcc/arm-none-eabi/4.9.3/armv7-m\libgcc.a(_arm_muldivdf3.o)
                0x00005db0                __aeabi_dmul
                0x00005db0                __muldf3
                0x00006004                __divdf3
                0x00006004                __aeabi_ddiv
 .text          0x000061d4      0x110 c:/program files (x86)/cypress/psoc creator/3.3/psoc creator/import/gnu/arm/4.9.3/bin/../lib/gcc/arm-none-eabi/4.9.3/armv7-m\libgcc.a(_arm_cmpdf2.o)
                0x000061d4                __gtdf2
                0x000061d4                __gedf2
                0x000061dc                __ltdf2
                0x000061dc                __ledf2
                0x000061e4                __nedf2
                0x000061e4                __eqdf2
                0x000061e4                __cmpdf2
                0x00006260                __aeabi_cdrcmple
                0x00006270                __aeabi_cdcmpeq
                0x00006270                __aeabi_cdcmple
                0x00006280                __aeabi_dcmpeq
                0x00006294                __aeabi_dcmplt
                0x000062a8                __aeabi_dcmple
                0x000062bc                __aeabi_dcmpge
                0x000062d0                __aeabi_dcmpgt
 .text          0x000062e4       0x50 c:/program files (x86)/cypress/psoc creator/3.3/psoc creator/import/gnu/arm/4.9.3/bin/../lib/gcc/arm-none-eabi/4.9.3/armv7-m\libgcc.a(_arm_fixdfsi.o)
                0x000062e4                __aeabi_d2iz
                0x000062e4                __fixdfsi
 .text          0x00006334       0x40 c:/program files (x86)/cypress/psoc creator/3.3/psoc creator/import/gnu/arm/4.9.3/bin/../lib/gcc/arm-none-eabi/4.9.3/armv7-m\libgcc.a(_arm_fixunsdfsi.o)
                0x00006334                __aeabi_d2uiz
                0x00006334                __fixunsdfsi
 .text          0x00006374       0xa0 c:/program files (x86)/cypress/psoc creator/3.3/psoc creator/import/gnu/arm/4.9.3/bin/../lib/gcc/arm-none-eabi/4.9.3/armv7-m\libgcc.a(_arm_truncdfsf2.o)
                0x00006374                __truncdfsf2
                0x00006374                __aeabi_d2f
 .text          0x00006414      0x21c c:/program files (x86)/cypress/psoc creator/3.3/psoc creator/import/gnu/arm/4.9.3/bin/../lib/gcc/arm-none-eabi/4.9.3/armv7-m\libgcc.a(_arm_addsubsf3.o)
                0x00006414                __aeabi_frsub
                0x0000641c                __subsf3
                0x0000641c                __aeabi_fsub
                0x00006420                __aeabi_fadd
                0x00006420                __addsf3
                0x00006580                __aeabi_ui2f
                0x00006580                __floatunsisf
                0x00006588                __aeabi_i2f
                0x00006588                __floatsisf
                0x000065a4                __aeabi_ul2f
                0x000065a4                __floatundisf
                0x000065b4                __aeabi_l2f
                0x000065b4                __floatdisf
 .text          0x00006630      0x2a0 c:/program files (x86)/cypress/psoc creator/3.3/psoc creator/import/gnu/arm/4.9.3/bin/../lib/gcc/arm-none-eabi/4.9.3/armv7-m\libgcc.a(_arm_muldivsf3.o)
                0x00006630                __mulsf3
                0x00006630                __aeabi_fmul
                0x00006798                __aeabi_fdiv
                0x00006798                __divsf3
 .text          0x000068d0       0xec c:/program files (x86)/cypress/psoc creator/3.3/psoc creator/import/gnu/arm/4.9.3/bin/../lib/gcc/arm-none-eabi/4.9.3/armv7-m\libgcc.a(_arm_cmpsf2.o)
                0x000068d0                __gesf2
                0x000068d0                __gtsf2
                0x000068d8                __lesf2
                0x000068d8                __ltsf2
                0x000068e0                __nesf2
                0x000068e0                __eqsf2
                0x000068e0                __cmpsf2
                0x00006940                __aeabi_cfrcmple
                0x00006948                __aeabi_cfcmpeq
                0x00006948                __aeabi_cfcmple
                0x00006958                __aeabi_fcmpeq
                0x0000696c                __aeabi_fcmplt
                0x00006980                __aeabi_fcmple
                0x00006994                __aeabi_fcmpge
                0x000069a8                __aeabi_fcmpgt
 .text          0x000069bc       0x4c c:/program files (x86)/cypress/psoc creator/3.3/psoc creator/import/gnu/arm/4.9.3/bin/../lib/gcc/arm-none-eabi/4.9.3/armv7-m\libgcc.a(_arm_fixsfsi.o)
                0x000069bc                __aeabi_f2iz
                0x000069bc                __fixsfsi
 .text.__errno  0x00006a08        0xc c:/program files (x86)/cypress/psoc creator/3.3/psoc creator/import/gnu/arm/4.9.3/bin/../lib/gcc/arm-none-eabi/4.9.3/../../../../arm-none-eabi/lib/armv7-m\libg_nano.a(lib_a-errno.o)
                0x00006a08                __errno
 .text.__libc_init_array
                0x00006a14       0x4c c:/program files (x86)/cypress/psoc creator/3.3/psoc creator/import/gnu/arm/4.9.3/bin/../lib/gcc/arm-none-eabi/4.9.3/../../../../arm-none-eabi/lib/armv7-m\libg_nano.a(lib_a-init.o)
                0x00006a14                __libc_init_array
 .text.__itoa   0x00006a60       0x2e c:/program files (x86)/cypress/psoc creator/3.3/psoc creator/import/gnu/arm/4.9.3/bin/../lib/gcc/arm-none-eabi/4.9.3/../../../../arm-none-eabi/lib/armv7-m\libg_nano.a(lib_a-itoa.o)
                0x00006a60                __itoa
 .text.itoa     0x00006a8e        0x4 c:/program files (x86)/cypress/psoc creator/3.3/psoc creator/import/gnu/arm/4.9.3/bin/../lib/gcc/arm-none-eabi/4.9.3/../../../../arm-none-eabi/lib/armv7-m\libg_nano.a(lib_a-itoa.o)
                0x00006a8e                itoa
 .text.memcpy   0x00006a92       0x16 c:/program files (x86)/cypress/psoc creator/3.3/psoc creator/import/gnu/arm/4.9.3/bin/../lib/gcc/arm-none-eabi/4.9.3/../../../../arm-none-eabi/lib/armv7-m\libg_nano.a(lib_a-memcpy.o)
                0x00006a92                memcpy
 .text.memset   0x00006aa8       0x10 c:/program files (x86)/cypress/psoc creator/3.3/psoc creator/import/gnu/arm/4.9.3/bin/../lib/gcc/arm-none-eabi/4.9.3/../../../../arm-none-eabi/lib/armv7-m\libg_nano.a(lib_a-memset.o)
                0x00006aa8                memset
 .text.__cvt    0x00006ab8       0xbc c:/program files (x86)/cypress/psoc creator/3.3/psoc creator/import/gnu/arm/4.9.3/bin/../lib/gcc/arm-none-eabi/4.9.3/../../../../arm-none-eabi/lib/armv7-m\libg_nano.a(lib_a-nano-vfprintf_float.o)
                0x00006ab8                __cvt
 .text.__exponent
                0x00006b74       0x62 c:/program files (x86)/cypress/psoc creator/3.3/psoc creator/import/gnu/arm/4.9.3/bin/../lib/gcc/arm-none-eabi/4.9.3/../../../../arm-none-eabi/lib/armv7-m\libg_nano.a(lib_a-nano-vfprintf_float.o)
                0x00006b74                __exponent
 *fill*         0x00006bd6        0x2 
 .text._printf_float
                0x00006bd8      0x48c c:/program files (x86)/cypress/psoc creator/3.3/psoc creator/import/gnu/arm/4.9.3/bin/../lib/gcc/arm-none-eabi/4.9.3/../../../../arm-none-eabi/lib/armv7-m\libg_nano.a(lib_a-nano-vfprintf_float.o)
                0x00006bd8                _printf_float
 .text._printf_common
                0x00007064       0xea c:/program files (x86)/cypress/psoc creator/3.3/psoc creator/import/gnu/arm/4.9.3/bin/../lib/gcc/arm-none-eabi/4.9.3/../../../../arm-none-eabi/lib/armv7-m\libg_nano.a(lib_a-nano-vfprintf_i.o)
                0x00007064                _printf_common
 *fill*         0x0000714e        0x2 
 .text._printf_i
                0x00007150      0x240 c:/program files (x86)/cypress/psoc creator/3.3/psoc creator/import/gnu/arm/4.9.3/bin/../lib/gcc/arm-none-eabi/4.9.3/../../../../arm-none-eabi/lib/armv7-m\libg_nano.a(lib_a-nano-vfprintf_i.o)
                0x00007150                _printf_i
 .text.sprintf  0x00007390       0x48 c:/program files (x86)/cypress/psoc creator/3.3/psoc creator/import/gnu/arm/4.9.3/bin/../lib/gcc/arm-none-eabi/4.9.3/../../../../arm-none-eabi/lib/armv7-m\libg_nano.a(lib_a-sprintf.o)
                0x00007390                siprintf
                0x00007390                sprintf
 .text.strlen   0x000073d8       0x10 c:/program files (x86)/cypress/psoc creator/3.3/psoc creator/import/gnu/arm/4.9.3/bin/../lib/gcc/arm-none-eabi/4.9.3/../../../../arm-none-eabi/lib/armv7-m\libg_nano.a(lib_a-strlen.o)
                0x000073d8                strlen
 .text.__utoa   0x000073e8       0x78 c:/program files (x86)/cypress/psoc creator/3.3/psoc creator/import/gnu/arm/4.9.3/bin/../lib/gcc/arm-none-eabi/4.9.3/../../../../arm-none-eabi/lib/armv7-m\libg_nano.a(lib_a-utoa.o)
                0x000073e8                __utoa
 .text.quorem   0x00007460      0x114 c:/program files (x86)/cypress/psoc creator/3.3/psoc creator/import/gnu/arm/4.9.3/bin/../lib/gcc/arm-none-eabi/4.9.3/../../../../arm-none-eabi/lib/armv7-m\libg_nano.a(lib_a-dtoa.o)
 *fill*         0x00007574        0x4 
 .text._dtoa_r  0x00007578      0xb78 c:/program files (x86)/cypress/psoc creator/3.3/psoc creator/import/gnu/arm/4.9.3/bin/../lib/gcc/arm-none-eabi/4.9.3/../../../../arm-none-eabi/lib/armv7-m\libg_nano.a(lib_a-dtoa.o)
                0x00007578                _dtoa_r
 .text._localeconv_r
                0x000080f0        0x8 c:/program files (x86)/cypress/psoc creator/3.3/psoc creator/import/gnu/arm/4.9.3/bin/../lib/gcc/arm-none-eabi/4.9.3/../../../../arm-none-eabi/lib/armv7-m\libg_nano.a(lib_a-locale.o)
                0x000080f0                _localeconv_r
 .text.malloc   0x000080f8       0x10 c:/program files (x86)/cypress/psoc creator/3.3/psoc creator/import/gnu/arm/4.9.3/bin/../lib/gcc/arm-none-eabi/4.9.3/../../../../arm-none-eabi/lib/armv7-m\libg_nano.a(lib_a-malloc.o)
                0x000080f8                malloc
 .text.memchr   0x00008108       0x1c c:/program files (x86)/cypress/psoc creator/3.3/psoc creator/import/gnu/arm/4.9.3/bin/../lib/gcc/arm-none-eabi/4.9.3/../../../../arm-none-eabi/lib/armv7-m\libg_nano.a(lib_a-memchr.o)
                0x00008108                memchr
 .text._Balloc  0x00008124       0x6a c:/program files (x86)/cypress/psoc creator/3.3/psoc creator/import/gnu/arm/4.9.3/bin/../lib/gcc/arm-none-eabi/4.9.3/../../../../arm-none-eabi/lib/armv7-m\libg_nano.a(lib_a-mprec.o)
                0x00008124                _Balloc
 .text._Bfree   0x0000818e       0x2e c:/program files (x86)/cypress/psoc creator/3.3/psoc creator/import/gnu/arm/4.9.3/bin/../lib/gcc/arm-none-eabi/4.9.3/../../../../arm-none-eabi/lib/armv7-m\libg_nano.a(lib_a-mprec.o)
                0x0000818e                _Bfree
 .text.__multadd
                0x000081bc       0x7c c:/program files (x86)/cypress/psoc creator/3.3/psoc creator/import/gnu/arm/4.9.3/bin/../lib/gcc/arm-none-eabi/4.9.3/../../../../arm-none-eabi/lib/armv7-m\libg_nano.a(lib_a-mprec.o)
                0x000081bc                __multadd
 .text.__hi0bits
                0x00008238       0x40 c:/program files (x86)/cypress/psoc creator/3.3/psoc creator/import/gnu/arm/4.9.3/bin/../lib/gcc/arm-none-eabi/4.9.3/../../../../arm-none-eabi/lib/armv7-m\libg_nano.a(lib_a-mprec.o)
                0x00008238                __hi0bits
 .text.__lo0bits
                0x00008278       0x5a c:/program files (x86)/cypress/psoc creator/3.3/psoc creator/import/gnu/arm/4.9.3/bin/../lib/gcc/arm-none-eabi/4.9.3/../../../../arm-none-eabi/lib/armv7-m\libg_nano.a(lib_a-mprec.o)
                0x00008278                __lo0bits
 .text.__i2b    0x000082d2       0x12 c:/program files (x86)/cypress/psoc creator/3.3/psoc creator/import/gnu/arm/4.9.3/bin/../lib/gcc/arm-none-eabi/4.9.3/../../../../arm-none-eabi/lib/armv7-m\libg_nano.a(lib_a-mprec.o)
                0x000082d2                __i2b
 .text.__multiply
                0x000082e4      0x120 c:/program files (x86)/cypress/psoc creator/3.3/psoc creator/import/gnu/arm/4.9.3/bin/../lib/gcc/arm-none-eabi/4.9.3/../../../../arm-none-eabi/lib/armv7-m\libg_nano.a(lib_a-mprec.o)
                0x000082e4                __multiply
 .text.__pow5mult
                0x00008404       0x9c c:/program files (x86)/cypress/psoc creator/3.3/psoc creator/import/gnu/arm/4.9.3/bin/../lib/gcc/arm-none-eabi/4.9.3/../../../../arm-none-eabi/lib/armv7-m\libg_nano.a(lib_a-mprec.o)
                0x00008404                __pow5mult
 .text.__lshift
                0x000084a0       0xa6 c:/program files (x86)/cypress/psoc creator/3.3/psoc creator/import/gnu/arm/4.9.3/bin/../lib/gcc/arm-none-eabi/4.9.3/../../../../arm-none-eabi/lib/armv7-m\libg_nano.a(lib_a-mprec.o)
                0x000084a0                __lshift
 .text.__mcmp   0x00008546       0x38 c:/program files (x86)/cypress/psoc creator/3.3/psoc creator/import/gnu/arm/4.9.3/bin/../lib/gcc/arm-none-eabi/4.9.3/../../../../arm-none-eabi/lib/armv7-m\libg_nano.a(lib_a-mprec.o)
                0x00008546                __mcmp
 .text.__mdiff  0x0000857e       0xbe c:/program files (x86)/cypress/psoc creator/3.3/psoc creator/import/gnu/arm/4.9.3/bin/../lib/gcc/arm-none-eabi/4.9.3/../../../../arm-none-eabi/lib/armv7-m\libg_nano.a(lib_a-mprec.o)
                0x0000857e                __mdiff
 .text.__d2b    0x0000863c       0xa4 c:/program files (x86)/cypress/psoc creator/3.3/psoc creator/import/gnu/arm/4.9.3/bin/../lib/gcc/arm-none-eabi/4.9.3/../../../../arm-none-eabi/lib/armv7-m\libg_nano.a(lib_a-mprec.o)
                0x0000863c                __d2b
 .text._calloc_r
                0x000086e0       0x1c c:/program files (x86)/cypress/psoc creator/3.3/psoc creator/import/gnu/arm/4.9.3/bin/../lib/gcc/arm-none-eabi/4.9.3/../../../../arm-none-eabi/lib/armv7-m\libg_nano.a(lib_a-nano-callocr.o)
                0x000086e0                _calloc_r
 .text._free_r  0x000086fc       0x88 c:/program files (x86)/cypress/psoc creator/3.3/psoc creator/import/gnu/arm/4.9.3/bin/../lib/gcc/arm-none-eabi/4.9.3/../../../../arm-none-eabi/lib/armv7-m\libg_nano.a(lib_a-nano-freer.o)
                0x000086fc                _free_r
 .text._malloc_r
                0x00008784       0xac c:/program files (x86)/cypress/psoc creator/3.3/psoc creator/import/gnu/arm/4.9.3/bin/../lib/gcc/arm-none-eabi/4.9.3/../../../../arm-none-eabi/lib/armv7-m\libg_nano.a(lib_a-nano-mallocr.o)
                0x00008784                _malloc_r
 .text.__ssputs_r
                0x00008830       0xb2 c:/program files (x86)/cypress/psoc creator/3.3/psoc creator/import/gnu/arm/4.9.3/bin/../lib/gcc/arm-none-eabi/4.9.3/../../../../arm-none-eabi/lib/armv7-m\libg_nano.a(lib_a-nano-svfprintf.o)
                0x00008830                __ssputs_r
 *fill*         0x000088e2        0x2 
 .text._svfprintf_r
                0x000088e4      0x1e4 c:/program files (x86)/cypress/psoc creator/3.3/psoc creator/import/gnu/arm/4.9.3/bin/../lib/gcc/arm-none-eabi/4.9.3/../../../../arm-none-eabi/lib/armv7-m\libg_nano.a(lib_a-nano-svfprintf.o)
                0x000088e4                _svfiprintf_r
                0x000088e4                _svfprintf_r
 .text._sbrk_r  0x00008ac8       0x20 c:/program files (x86)/cypress/psoc creator/3.3/psoc creator/import/gnu/arm/4.9.3/bin/../lib/gcc/arm-none-eabi/4.9.3/../../../../arm-none-eabi/lib/armv7-m\libg_nano.a(lib_a-sbrkr.o)
                0x00008ac8                _sbrk_r
 .text.memmove  0x00008ae8       0x36 c:/program files (x86)/cypress/psoc creator/3.3/psoc creator/import/gnu/arm/4.9.3/bin/../lib/gcc/arm-none-eabi/4.9.3/../../../../arm-none-eabi/lib/armv7-m\libg_nano.a(lib_a-memmove.o)
                0x00008ae8                memmove
 .text._realloc_r
                0x00008b1e       0x4c c:/program files (x86)/cypress/psoc creator/3.3/psoc creator/import/gnu/arm/4.9.3/bin/../lib/gcc/arm-none-eabi/4.9.3/../../../../arm-none-eabi/lib/armv7-m\libg_nano.a(lib_a-nano-reallocr.o)
                0x00008b1e                _realloc_r
 .text._malloc_usable_size_r
                0x00008b6a       0x14 c:/program files (x86)/cypress/psoc creator/3.3/psoc creator/import/gnu/arm/4.9.3/bin/../lib/gcc/arm-none-eabi/4.9.3/../../../../arm-none-eabi/lib/armv7-m\libg_nano.a(lib_a-nano-msizer.o)
                0x00008b6a                _malloc_usable_size_r
 *(.plt)
 *(.gnu.warning)
 *(.glue_7t)
 .glue_7t       0x00000000        0x0 linker stubs
 *(.glue_7)
 .glue_7        0x00000000        0x0 linker stubs
 *(.vfp11_veneer)
 .vfp11_veneer  0x00000000        0x0 linker stubs
 *(.bootloader)
 *(.ARM.extab* .gnu.linkonce.armextab.*)
 *(.gcc_except_table)

.v4_bx          0x00008b80        0x0
 .v4_bx         0x00000000        0x0 linker stubs

.iplt           0x00008b80        0x0
 .iplt          0x00000000        0x0 c:/program files (x86)/cypress/psoc creator/3.3/psoc creator/import/gnu/arm/4.9.3/bin/../lib/gcc/arm-none-eabi/4.9.3/armv7-m/crtbegin.o

.eh_frame_hdr
 *(.eh_frame_hdr)

.eh_frame       0x00008b80        0x4
 *(.eh_frame)
 .eh_frame      0x00008b80        0x0 c:/program files (x86)/cypress/psoc creator/3.3/psoc creator/import/gnu/arm/4.9.3/bin/../lib/gcc/arm-none-eabi/4.9.3/armv7-m/crtbegin.o
 .eh_frame      0x00008b80        0x0 c:/program files (x86)/cypress/psoc creator/3.3/psoc creator/import/gnu/arm/4.9.3/bin/../lib/gcc/arm-none-eabi/4.9.3/../../../../arm-none-eabi/lib/armv7-m\libg_nano.a(lib_a-strcmp.o)
                                 0x28 (size before relaxing)
 .eh_frame      0x00008b80        0x4 c:/program files (x86)/cypress/psoc creator/3.3/psoc creator/import/gnu/arm/4.9.3/bin/../lib/gcc/arm-none-eabi/4.9.3/armv7-m/crtend.o
                0x00008b84                PROVIDE (__exidx_start, .)

.ARM.exidx
 *(.ARM.exidx* .gnu.linkonce.armexidx.*)
                0x00008b84                __exidx_end = .

.rodata         0x00008b88      0x570
 *(.rodata .rodata.* .gnu.linkonce.r.*)
 .rodata.str1.4
                0x00008b88       0x69 .\CortexM3\ARM_GCC_493\Debug\main.o
                                 0x6c (size before relaxing)
 *fill*         0x00008bf1        0x3 
 .rodata        0x00008bf4        0x8 .\CortexM3\ARM_GCC_493\Debug\cal.o
 .rodata.str1.4
                0x00008bfc       0x4d .\CortexM3\ARM_GCC_493\Debug\cal.o
                                 0x50 (size before relaxing)
 *fill*         0x00008c49        0x3 
 .rodata.str1.4
                0x00008c4c       0x10 .\CortexM3\ARM_GCC_493\Debug\encoder.o
 .rodata.str1.4
                0x00008c5c       0x80 .\CortexM3\ARM_GCC_493\Debug\motor.o
 .rodata.str1.4
                0x00008cdc        0x5 .\CortexM3\ARM_GCC_493\Debug\odom.o
                                 0x14 (size before relaxing)
 *fill*         0x00008ce1        0x3 
 .rodata.str1.4
                0x00008ce4        0x4 .\CortexM3\ARM_GCC_493\Debug\pid.o
                                 0x10 (size before relaxing)
 .rodata        0x00008ce8       0x38 .\CortexM3\ARM_GCC_493\Debug\freesoc.a(cyfitter_cfg.o)
 .rodata.str1.4
                0x00008d20        0x4 c:/program files (x86)/cypress/psoc creator/3.3/psoc creator/import/gnu/arm/4.9.3/bin/../lib/gcc/arm-none-eabi/4.9.3/../../../../arm-none-eabi/lib/armv7-m\libm.a(lib_a-w_pow.o)
 *fill*         0x00008d24        0x4 
 .rodata.dp_h   0x00008d28       0x10 c:/program files (x86)/cypress/psoc creator/3.3/psoc creator/import/gnu/arm/4.9.3/bin/../lib/gcc/arm-none-eabi/4.9.3/../../../../arm-none-eabi/lib/armv7-m\libm.a(lib_a-e_pow.o)
 .rodata.dp_l   0x00008d38       0x10 c:/program files (x86)/cypress/psoc creator/3.3/psoc creator/import/gnu/arm/4.9.3/bin/../lib/gcc/arm-none-eabi/4.9.3/../../../../arm-none-eabi/lib/armv7-m\libm.a(lib_a-e_pow.o)
 .rodata.bp     0x00008d48       0x10 c:/program files (x86)/cypress/psoc creator/3.3/psoc creator/import/gnu/arm/4.9.3/bin/../lib/gcc/arm-none-eabi/4.9.3/../../../../arm-none-eabi/lib/armv7-m\libm.a(lib_a-e_pow.o)
 .rodata.str1.4
                0x00000000        0x4 c:/program files (x86)/cypress/psoc creator/3.3/psoc creator/import/gnu/arm/4.9.3/bin/../lib/gcc/arm-none-eabi/4.9.3/../../../../arm-none-eabi/lib/armv7-m\libm.a(lib_a-e_pow.o)
 .rodata.npio2_hw
                0x00008d58       0x80 c:/program files (x86)/cypress/psoc creator/3.3/psoc creator/import/gnu/arm/4.9.3/bin/../lib/gcc/arm-none-eabi/4.9.3/../../../../arm-none-eabi/lib/armv7-m\libm.a(lib_a-e_rem_pio2.o)
 .rodata.two_over_pi
                0x00008dd8      0x108 c:/program files (x86)/cypress/psoc creator/3.3/psoc creator/import/gnu/arm/4.9.3/bin/../lib/gcc/arm-none-eabi/4.9.3/../../../../arm-none-eabi/lib/armv7-m\libm.a(lib_a-e_rem_pio2.o)
 .rodata.init_jk
                0x00008ee0       0x10 c:/program files (x86)/cypress/psoc creator/3.3/psoc creator/import/gnu/arm/4.9.3/bin/../lib/gcc/arm-none-eabi/4.9.3/../../../../arm-none-eabi/lib/armv7-m\libm.a(lib_a-k_rem_pio2.o)
 .rodata.PIo2   0x00008ef0       0x40 c:/program files (x86)/cypress/psoc creator/3.3/psoc creator/import/gnu/arm/4.9.3/bin/../lib/gcc/arm-none-eabi/4.9.3/../../../../arm-none-eabi/lib/armv7-m\libm.a(lib_a-k_rem_pio2.o)
 .rodata.TWO52  0x00008f30       0x10 c:/program files (x86)/cypress/psoc creator/3.3/psoc creator/import/gnu/arm/4.9.3/bin/../lib/gcc/arm-none-eabi/4.9.3/../../../../arm-none-eabi/lib/armv7-m\libm.a(lib_a-s_rint.o)
 .rodata.str1.1
                0x00008f40        0x2 c:/program files (x86)/cypress/psoc creator/3.3/psoc creator/import/gnu/arm/4.9.3/bin/../lib/gcc/arm-none-eabi/4.9.3/../../../../arm-none-eabi/lib/armv7-m\libg_nano.a(lib_a-impure.o)
 .rodata.str1.1
                0x00008f42       0x12 c:/program files (x86)/cypress/psoc creator/3.3/psoc creator/import/gnu/arm/4.9.3/bin/../lib/gcc/arm-none-eabi/4.9.3/../../../../arm-none-eabi/lib/armv7-m\libg_nano.a(lib_a-nano-vfprintf_float.o)
 .rodata.str1.1
                0x00008f54       0x22 c:/program files (x86)/cypress/psoc creator/3.3/psoc creator/import/gnu/arm/4.9.3/bin/../lib/gcc/arm-none-eabi/4.9.3/../../../../arm-none-eabi/lib/armv7-m\libg_nano.a(lib_a-nano-vfprintf_i.o)
 .rodata.str1.1
                0x00008f76       0x25 c:/program files (x86)/cypress/psoc creator/3.3/psoc creator/import/gnu/arm/4.9.3/bin/../lib/gcc/arm-none-eabi/4.9.3/../../../../arm-none-eabi/lib/armv7-m\libg_nano.a(lib_a-utoa.o)
 .rodata.str1.1
                0x00008f9b        0xd c:/program files (x86)/cypress/psoc creator/3.3/psoc creator/import/gnu/arm/4.9.3/bin/../lib/gcc/arm-none-eabi/4.9.3/../../../../arm-none-eabi/lib/armv7-m\libg_nano.a(lib_a-dtoa.o)
                                  0xf (size before relaxing)
 .rodata.str1.1
                0x00008fa8        0x8 c:/program files (x86)/cypress/psoc creator/3.3/psoc creator/import/gnu/arm/4.9.3/bin/../lib/gcc/arm-none-eabi/4.9.3/../../../../arm-none-eabi/lib/armv7-m\libg_nano.a(lib_a-locale.o)
                                  0xb (size before relaxing)
 .rodata.__mprec_tens
                0x00008fb0       0xc8 c:/program files (x86)/cypress/psoc creator/3.3/psoc creator/import/gnu/arm/4.9.3/bin/../lib/gcc/arm-none-eabi/4.9.3/../../../../arm-none-eabi/lib/armv7-m\libg_nano.a(lib_a-mprec.o)
                0x00008fb0                __mprec_tens
 .rodata.__mprec_bigtens
                0x00009078       0x28 c:/program files (x86)/cypress/psoc creator/3.3/psoc creator/import/gnu/arm/4.9.3/bin/../lib/gcc/arm-none-eabi/4.9.3/../../../../arm-none-eabi/lib/armv7-m\libg_nano.a(lib_a-mprec.o)
                0x00009078                __mprec_bigtens
 .rodata.p05.5308
                0x000090a0        0xc c:/program files (x86)/cypress/psoc creator/3.3/psoc creator/import/gnu/arm/4.9.3/bin/../lib/gcc/arm-none-eabi/4.9.3/../../../../arm-none-eabi/lib/armv7-m\libg_nano.a(lib_a-mprec.o)
 .rodata.str1.1
                0x000090ac       0x11 c:/program files (x86)/cypress/psoc creator/3.3/psoc creator/import/gnu/arm/4.9.3/bin/../lib/gcc/arm-none-eabi/4.9.3/../../../../arm-none-eabi/lib/armv7-m\libg_nano.a(lib_a-nano-svfprintf.o)
                0x000090c0                . = ALIGN (0x4)
 *fill*         0x000090bd        0x3 
 *(.init)
 .init          0x000090c0        0x4 c:/program files (x86)/cypress/psoc creator/3.3/psoc creator/import/gnu/arm/4.9.3/bin/../lib/gcc/arm-none-eabi/4.9.3/armv7-m/crti.o
                0x000090c0                _init
 .init          0x000090c4        0x8 c:/program files (x86)/cypress/psoc creator/3.3/psoc creator/import/gnu/arm/4.9.3/bin/../lib/gcc/arm-none-eabi/4.9.3/armv7-m/crtn.o
                0x000090cc                . = ALIGN (0x4)
                0x000090cc                __preinit_array_start = .
 *(.preinit_array)
                0x000090cc                __preinit_array_end = .
                0x000090cc                . = ALIGN (0x4)
                0x000090cc                __init_array_start = .
 *(SORT(.init_array.*))
 *(.init_array)
 .init_array    0x000090cc        0x4 c:/program files (x86)/cypress/psoc creator/3.3/psoc creator/import/gnu/arm/4.9.3/bin/../lib/gcc/arm-none-eabi/4.9.3/armv7-m/crtbegin.o
 .init_array    0x000090d0        0x4 .\CortexM3\ARM_GCC_493\Debug\Cm3Start.o
                0x000090d4                __init_array_end = .
                0x000090d4                . = ALIGN (0x4)
 *(.fini)
 .fini          0x000090d4        0x4 c:/program files (x86)/cypress/psoc creator/3.3/psoc creator/import/gnu/arm/4.9.3/bin/../lib/gcc/arm-none-eabi/4.9.3/armv7-m/crti.o
                0x000090d4                _fini
 .fini          0x000090d8        0x8 c:/program files (x86)/cypress/psoc creator/3.3/psoc creator/import/gnu/arm/4.9.3/bin/../lib/gcc/arm-none-eabi/4.9.3/armv7-m/crtn.o
                0x000090e0                . = ALIGN (0x4)
                0x000090e0                __fini_array_start = .
 *(.fini_array)
 .fini_array    0x000090e0        0x4 c:/program files (x86)/cypress/psoc creator/3.3/psoc creator/import/gnu/arm/4.9.3/bin/../lib/gcc/arm-none-eabi/4.9.3/armv7-m/crtbegin.o
 *(SORT(.fini_array.*))
                0x000090e4                __fini_array_end = .
                0x000090e4                . = ALIGN (0x4)
 *crtbegin.o(.ctors)
 *(EXCLUDE_FILE(*crtend.o) .ctors)
 *(SORT(.ctors.*))
 *crtend.o(.ctors)
                0x000090e4                . = ALIGN (0x4)
 *crtbegin.o(.dtors)
 *(EXCLUDE_FILE(*crtend.o) .dtors)
 *(SORT(.dtors.*))
 *crtend.o(.dtors)
                0x000090e4                . = ALIGN (0x4)
                0x000090e4                __cy_regions = .
                0x000090e4        0x4 LONG 0x90f8 __cy_region_init_ram
                0x000090e8        0x4 LONG 0x1fff8108 __cy_region_start_data
                0x000090ec        0x4 LONG 0x718 __cy_region_init_size_ram
                0x000090f0        0x4 LONG 0x590 __cy_region_zero_size_ram
                0x000090f4                __cy_regions_end = .
                0x000090f8                . = ALIGN (0x8)
 *fill*         0x000090f4        0x4 
                0x000090f8                _etext = .

.cy_checksum_exclude
                0x000090f8        0x0
 *(.cy_checksum_exclude)

.ramvectors     0x1fff8000      0x100
                0x1fff8000                __cy_region_start_ram = .
 *(.ramvectors)
 .ramvectors    0x1fff8000      0x100 .\CortexM3\ARM_GCC_493\Debug\Cm3Start.o
                0x1fff8000                CyRamVectors

.noinit         0x1fff8100        0x5
 *(.noinit)
 .noinit        0x1fff8100        0x4 .\CortexM3\ARM_GCC_493\Debug\Cm3Start.o
 .noinit        0x1fff8104        0x1 .\CortexM3\ARM_GCC_493\Debug\freesoc.a(CyLib.o)
                0x1fff8104                CyResetStatus

.data           0x1fff8108      0x718 load address 0x000090f8
                0x1fff8108                __cy_region_start_data = .
 *(.jcr)
 .jcr           0x1fff8108        0x0 c:/program files (x86)/cypress/psoc creator/3.3/psoc creator/import/gnu/arm/4.9.3/bin/../lib/gcc/arm-none-eabi/4.9.3/armv7-m/crtbegin.o
 .jcr           0x1fff8108        0x4 c:/program files (x86)/cypress/psoc creator/3.3/psoc creator/import/gnu/arm/4.9.3/bin/../lib/gcc/arm-none-eabi/4.9.3/armv7-m/crtend.o
 *(.got.plt)
 *(.got)
 *(.shdata)
 *(.data .data.* .gnu.linkonce.d.*)
 .data          0x1fff810c      0x500 .\CortexM3\ARM_GCC_493\Debug\cal.o
 .data          0x1fff860c       0x70 .\CortexM3\ARM_GCC_493\Debug\encoder.o
 .data          0x1fff867c       0x40 .\CortexM3\ARM_GCC_493\Debug\motor.o
 .data          0x1fff86bc       0xa8 .\CortexM3\ARM_GCC_493\Debug\pid.o
 .data          0x1fff8764        0x4 .\CortexM3\ARM_GCC_493\Debug\Cm3Start.o
 .data          0x1fff8768        0x2 .\CortexM3\ARM_GCC_493\Debug\freesoc.a(cyfitter_cfg.o)
                0x1fff8768                Front_AMuxSeq_curChannel
                0x1fff8769                Rear_AMuxSeq_curChannel
 *fill*         0x1fff876a        0x2 
 .data          0x1fff876c       0x10 .\CortexM3\ARM_GCC_493\Debug\freesoc.a(CyLib.o)
                0x1fff876c                cydelay_32k_ms
                0x1fff8770                cydelay_freq_khz
                0x1fff8774                cydelay_freq_mhz
                0x1fff8778                cydelay_freq_hz
 .data.__fdlib_version
                0x1fff877c        0x1 c:/program files (x86)/cypress/psoc creator/3.3/psoc creator/import/gnu/arm/4.9.3/bin/../lib/gcc/arm-none-eabi/4.9.3/../../../../arm-none-eabi/lib/armv7-m\libm.a(lib_a-s_lib_ver.o)
                0x1fff877c                __fdlib_version
 *fill*         0x1fff877d        0x3 
 .data.impure_data
                0x1fff8780       0x60 c:/program files (x86)/cypress/psoc creator/3.3/psoc creator/import/gnu/arm/4.9.3/bin/../lib/gcc/arm-none-eabi/4.9.3/../../../../arm-none-eabi/lib/armv7-m\libg_nano.a(lib_a-impure.o)
 .data._impure_ptr