Archive member included because of file (symbol)

.\CortexM3\ARM_GCC_493\Debug\freesoc.a(cyfitter_cfg.o)
                              .\CortexM3\ARM_GCC_493\Debug\infrared.o (Front_AMuxSeq_DisconnectAll)
.\CortexM3\ARM_GCC_493\Debug\freesoc.a(Left_HB25_Enable_Pin.o)
                              .\CortexM3\ARM_GCC_493\Debug\motor.o (Left_HB25_Enable_Pin_Write)
.\CortexM3\ARM_GCC_493\Debug\freesoc.a(Left_HB25_PWM.o)
                              .\CortexM3\ARM_GCC_493\Debug\motor.o (Left_HB25_PWM_Stop)
.\CortexM3\ARM_GCC_493\Debug\freesoc.a(Right_HB25_Enable_Pin.o)
                              .\CortexM3\ARM_GCC_493\Debug\motor.o (Right_HB25_Enable_Pin_Write)
.\CortexM3\ARM_GCC_493\Debug\freesoc.a(Right_HB25_PWM.o)
                              .\CortexM3\ARM_GCC_493\Debug\motor.o (Right_HB25_PWM_Stop)
.\CortexM3\ARM_GCC_493\Debug\freesoc.a(CyBootAsmGnu.o)
                              .\CortexM3\ARM_GCC_493\Debug\freesoc.a(cyfitter_cfg.o) (CyDelayCycles)
.\CortexM3\ARM_GCC_493\Debug\freesoc.a(CyLib.o)
                              .\CortexM3\ARM_GCC_493\Debug\Cm3Start.o (CyHalt)
.\CortexM3\ARM_GCC_493\Debug\freesoc.a(cyPm.o)
                              .\CortexM3\ARM_GCC_493\Debug\freesoc.a(CyLib.o) (CyPmReadStatus)
.\CortexM3\ARM_GCC_493\Debug\freesoc.a(EZI2C_Slave.o)
                              .\CortexM3\ARM_GCC_493\Debug\i2c.o (EZI2C_Slave_Start)
.\CortexM3\ARM_GCC_493\Debug\freesoc.a(EZI2C_Slave_PM.o)
                              .\CortexM3\ARM_GCC_493\Debug\freesoc.a(EZI2C_Slave.o) (EZI2C_Slave_backup)
.\CortexM3\ARM_GCC_493\Debug\freesoc.a(EZI2C_Slave_INT.o)
                              .\CortexM3\ARM_GCC_493\Debug\freesoc.a(EZI2C_Slave.o) (EZI2C_Slave_ISR)
.\CortexM3\ARM_GCC_493\Debug\freesoc.a(Front_Echo_Intr.o)
                              .\CortexM3\ARM_GCC_493\Debug\ultrasonic.o (Front_Echo_Intr_StartEx)
.\CortexM3\ARM_GCC_493\Debug\freesoc.a(Front_Trigger_Reg.o)
                              .\CortexM3\ARM_GCC_493\Debug\ultrasonic.o (Front_Trigger_Reg_Write)
.\CortexM3\ARM_GCC_493\Debug\freesoc.a(Front_Trigger_Select_Reg.o)
                              .\CortexM3\ARM_GCC_493\Debug\ultrasonic.o (Front_Trigger_Select_Reg_Write)
.\CortexM3\ARM_GCC_493\Debug\freesoc.a(Front_Echo_Timer.o)
                              .\CortexM3\ARM_GCC_493\Debug\ultrasonic.o (Front_Echo_Timer_ReadCounter)
.\CortexM3\ARM_GCC_493\Debug\freesoc.a(Rear_Trigger_Reg.o)
                              .\CortexM3\ARM_GCC_493\Debug\ultrasonic.o (Rear_Trigger_Reg_Write)
.\CortexM3\ARM_GCC_493\Debug\freesoc.a(Rear_Trigger_Select_Reg.o)
                              .\CortexM3\ARM_GCC_493\Debug\ultrasonic.o (Rear_Trigger_Select_Reg_Write)
.\CortexM3\ARM_GCC_493\Debug\freesoc.a(Rear_Echo_Intr.o)
                              .\CortexM3\ARM_GCC_493\Debug\ultrasonic.o (Rear_Echo_Intr_StartEx)
.\CortexM3\ARM_GCC_493\Debug\freesoc.a(Rear_Echo_Timer.o)
                              .\CortexM3\ARM_GCC_493\Debug\ultrasonic.o (Rear_Echo_Timer_ReadCounter)
.\CortexM3\ARM_GCC_493\Debug\freesoc.a(Front_ADC_SAR.o)
                              .\CortexM3\ARM_GCC_493\Debug\infrared.o (Front_ADC_SAR_Start)
.\CortexM3\ARM_GCC_493\Debug\freesoc.a(Front_ADC_SAR_INT.o)
                              .\CortexM3\ARM_GCC_493\Debug\freesoc.a(Front_ADC_SAR.o) (Front_ADC_SAR_ISR)
.\CortexM3\ARM_GCC_493\Debug\freesoc.a(Front_AMuxSeq.o)
                              .\CortexM3\ARM_GCC_493\Debug\infrared.o (Front_AMuxSeq_Start)
.\CortexM3\ARM_GCC_493\Debug\freesoc.a(Rear_ADC_SAR.o)
                              .\CortexM3\ARM_GCC_493\Debug\infrared.o (Rear_ADC_SAR_Start)
.\CortexM3\ARM_GCC_493\Debug\freesoc.a(Rear_ADC_SAR_INT.o)
                              .\CortexM3\ARM_GCC_493\Debug\freesoc.a(Rear_ADC_SAR.o) (Rear_ADC_SAR_ISR)
.\CortexM3\ARM_GCC_493\Debug\freesoc.a(Rear_AMuxSeq.o)
                              .\CortexM3\ARM_GCC_493\Debug\infrared.o (Rear_AMuxSeq_Start)
.\CortexM3\ARM_GCC_493\Debug\freesoc.a(Front_ADC_SAR_IRQ.o)
                              .\CortexM3\ARM_GCC_493\Debug\infrared.o (Front_ADC_SAR_IRQ_StartEx)
.\CortexM3\ARM_GCC_493\Debug\freesoc.a(Front_ADC_SAR_theACLK.o)
                              .\CortexM3\ARM_GCC_493\Debug\freesoc.a(Front_ADC_SAR.o) (Front_ADC_SAR_theACLK_SetModeRegister)
.\CortexM3\ARM_GCC_493\Debug\freesoc.a(Rear_ADC_SAR_IRQ.o)
                              .\CortexM3\ARM_GCC_493\Debug\infrared.o (Rear_ADC_SAR_IRQ_StartEx)
.\CortexM3\ARM_GCC_493\Debug\freesoc.a(Rear_ADC_SAR_theACLK.o)
                              .\CortexM3\ARM_GCC_493\Debug\freesoc.a(Rear_ADC_SAR.o) (Rear_ADC_SAR_theACLK_SetModeRegister)
.\CortexM3\ARM_GCC_493\Debug\freesoc.a(Rear_EOS_Intr.o)
                              .\CortexM3\ARM_GCC_493\Debug\infrared.o (Rear_EOS_Intr_StartEx)
.\CortexM3\ARM_GCC_493\Debug\freesoc.a(Front_EOS_Intr.o)
                              .\CortexM3\ARM_GCC_493\Debug\infrared.o (Front_EOS_Intr_StartEx)
[...]
Memory Configuration

Name             Origin             Length             Attributes
rom              0x00000000         0x00040000         xr
ram              0x1fff8000         0x00010000         xrw
*default*        0x00000000         0xffffffff

Linker script and memory map

LOAD c:/program files (x86)/cypress/psoc creator/3.3/psoc creator/import/gnu/arm/4.9.3/bin/../lib/gcc/arm-none-eabi/4.9.3/armv7-m/crti.o
LOAD c:/program files (x86)/cypress/psoc creator/3.3/psoc creator/import/gnu/arm/4.9.3/bin/../lib/gcc/arm-none-eabi/4.9.3/armv7-m/crtbegin.o
LOAD c:/program files (x86)/cypress/psoc creator/3.3/psoc creator/import/gnu/arm/4.9.3/bin/../lib/gcc/arm-none-eabi/4.9.3/../../../../arm-none-eabi/lib/armv7-m/crt0.o
START GROUP
LOAD .\CortexM3\ARM_GCC_493\Debug\main.o
LOAD .\CortexM3\ARM_GCC_493\Debug\cal.o
LOAD .\CortexM3\ARM_GCC_493\Debug\control.o
LOAD .\CortexM3\ARM_GCC_493\Debug\debug.o
LOAD .\CortexM3\ARM_GCC_493\Debug\diag.o
LOAD .\CortexM3\ARM_GCC_493\Debug\encoder.o
LOAD .\CortexM3\ARM_GCC_493\Debug\i2c.o
LOAD .\CortexM3\ARM_GCC_493\Debug\motor.o
LOAD .\CortexM3\ARM_GCC_493\Debug\odom.o
LOAD .\CortexM3\ARM_GCC_493\Debug\pid.o
LOAD .\CortexM3\ARM_GCC_493\Debug\time.o
LOAD .\CortexM3\ARM_GCC_493\Debug\ultrasonic.o
LOAD .\CortexM3\ARM_GCC_493\Debug\utils.o
LOAD .\CortexM3\ARM_GCC_493\Debug\infrared.o
LOAD .\CortexM3\ARM_GCC_493\Debug\pid_controller.o
LOAD .\CortexM3\ARM_GCC_493\Debug\serial.o
LOAD .\CortexM3\ARM_GCC_493\Debug\nvstore.o
LOAD .\CortexM3\ARM_GCC_493\Debug\calpid.o
LOAD .\CortexM3\ARM_GCC_493\Debug\calang.o
LOAD .\CortexM3\ARM_GCC_493\Debug\callin.o
LOAD .\CortexM3\ARM_GCC_493\Debug\calmotor.o
LOAD .\CortexM3\ARM_GCC_493\Debug\cymetadata.o
LOAD .\CortexM3\ARM_GCC_493\Debug\Cm3Start.o
LOAD .\CortexM3\ARM_GCC_493\Debug\freesoc.a
LOAD C:\Program Files (x86)\Cypress\PSoC Creator\3.3\PSoC Creator\psoc\content\cycomponentlibrary\CyComponentLibrary.cylib\CortexM3\ARM_GCC_493\Debug\CyComponentLibrary.a
LOAD c:/program files (x86)/cypress/psoc creator/3.3/psoc creator/import/gnu/arm/4.9.3/bin/../lib/gcc/arm-none-eabi/4.9.3/../../../../arm-none-eabi/lib/armv7-m\libm.a
END GROUP
START GROUP
LOAD c:/program files (x86)/cypress/psoc creator/3.3/psoc creator/import/gnu/arm/4.9.3/bin/../lib/gcc/arm-none-eabi/4.9.3/armv7-m\libgcc.a
LOAD c:/program files (x86)/cypress/psoc creator/3.3/psoc creator/import/gnu/arm/4.9.3/bin/../lib/gcc/arm-none-eabi/4.9.3/../../../../arm-none-eabi/lib/armv7-m\libg_nano.a
LOAD c:/program files (x86)/cypress/psoc creator/3.3/psoc creator/import/gnu/arm/4.9.3/bin/../lib/gcc/arm-none-eabi/4.9.3/../../../../arm-none-eabi/lib/armv7-m\libc_nano.a
END GROUP
START GROUP
LOAD c:/program files (x86)/cypress/psoc creator/3.3/psoc creator/import/gnu/arm/4.9.3/bin/../lib/gcc/arm-none-eabi/4.9.3/armv7-m\libgcc.a
LOAD c:/program files (x86)/cypress/psoc creator/3.3/psoc creator/import/gnu/arm/4.9.3/bin/../lib/gcc/arm-none-eabi/4.9.3/../../../../arm-none-eabi/lib/armv7-m\libc_nano.a
END GROUP
LOAD c:/program files (x86)/cypress/psoc creator/3.3/psoc creator/import/gnu/arm/4.9.3/bin/../lib/gcc/arm-none-eabi/4.9.3/armv7-m/crtend.o
LOAD c:/program files (x86)/cypress/psoc creator/3.3/psoc creator/import/gnu/arm/4.9.3/bin/../lib/gcc/arm-none-eabi/4.9.3/armv7-m/crtn.o
START GROUP
LOAD c:/program files (x86)/cypress/psoc creator/3.3/psoc creator/import/gnu/arm/4.9.3/bin/../lib/gcc/arm-none-eabi/4.9.3/armv7-m\libgcc.a
LOAD c:/program files (x86)/cypress/psoc creator/3.3/psoc creator/import/gnu/arm/4.9.3/bin/../lib/gcc/arm-none-eabi/4.9.3/../../../../arm-none-eabi/lib/armv7-m\libc.a
LOAD c:/program files (x86)/cypress/psoc creator/3.3/psoc creator/import/gnu/arm/4.9.3/bin/../lib/gcc/arm-none-eabi/4.9.3/../../../../arm-none-eabi/lib/armv7-m\libnosys.a
END GROUP
                0x00000000                CY_APPL_ORIGIN = 0x0
                0x00000100                CY_FLASH_ROW_SIZE = 0x100
                0x00000020                CY_ECC_ROW_SIZE = 0x20
                0x00000000                CY_EE_IN_BTLDR = 0x0
                0x00000000                CY_APPL_LOADABLE = 0x0
                0x00000800                CY_EE_SIZE = 0x800
                0x00000001                CY_APPL_NUM = 0x1
                0x00000001                CY_APPL_MAX = 0x1
                0x00000040                CY_METADATA_SIZE = 0x40
                0x00000000                CY_APPL_LOADABLE = 0x0
                0x00000000                CY_CHECKSUM_EXCLUDE_SIZE = ALIGN (0x0, CY_FLASH_ROW_SIZE)
                0x1fff89c0                PROVIDE (__cy_heap_start, _end)
                0x00000001                PROVIDE (__cy_region_num, ((__cy_regions_end - __cy_regions) / 0x10))
                0x20008000                PROVIDE (__cy_stack, (ORIGIN (ram) + 0x10000))
                0x20007800                PROVIDE (__cy_heap_end, (__cy_stack - 0x800))

.cybootloader   0x00000000        0x0
 *(.cybootloader)
                0x00000000                appl1_start = CY_APPL_ORIGIN?CY_APPL_ORIGIN:ALIGN (CY_FLASH_ROW_SIZE)
                0x0001ff00                appl2_start = (appl1_start + ALIGN ((((0x40000 - appl1_start) - (0x2 * CY_FLASH_ROW_SIZE)) / 0x2), CY_FLASH_ROW_SIZE))
                0x00000000                appl_start = (CY_APPL_NUM == 0x1)?appl1_start:appl2_start
                0x00000000                ecc_offset = ((appl_start / CY_FLASH_ROW_SIZE) * CY_ECC_ROW_SIZE)
                0x00000000                ee_offset = (CY_APPL_LOADABLE && ! (CY_EE_IN_BTLDR))?((CY_EE_SIZE / CY_APPL_MAX) * (CY_APPL_NUM - 0x1)):0x0
                0x00000800                ee_size = (CY_APPL_LOADABLE && ! (CY_EE_IN_BTLDR))?(CY_EE_SIZE / CY_APPL_MAX):CY_EE_SIZE
                0x00000000                PROVIDE (CY_ECC_OFFSET, ecc_offset)

.text           0x00000000     0xc46c
 CREATE_OBJECT_SYMBOLS
                0x00000000                PROVIDE (__cy_interrupt_vector, RomVectors)
 *(.romvectors)
 .romvectors    0x00000000       0x10 .\CortexM3\ARM_GCC_493\Debug\Cm3Start.o
                0x00000000                RomVectors
                0x00000001                ASSERT ((. != __cy_interrupt_vector), No interrupt vector)
                0x00000001                ASSERT (CY_APPL_ORIGIN?(SIZEOF (.cybootloader) <= CY_APPL_ORIGIN):0x1, Wrong image location)
                0x00000010                PROVIDE (__cy_reset, Reset)
 *(.text.Reset)
 .text.Reset    0x00000010       0x18 .\CortexM3\ARM_GCC_493\Debug\Cm3Start.o
                0x00000010                Reset
                0x00000001                ASSERT ((. != __cy_reset), No reset code)
 *(.dma_init)
                0x00000001                ASSERT ((((appl_start + .) <= 0x10000) || 0x1), DMA Init must be within the first 64k of flash)
 *(.text .text.* .gnu.linkonce.t.*)
 .text          0x00000028       0x5c c:/program files (x86)/cypress/psoc creator/3.3/psoc creator/import/gnu/arm/4.9.3/bin/../lib/gcc/arm-none-eabi/4.9.3/armv7-m/crtbegin.o
 .text.main     0x00000084       0xa0 .\CortexM3\ARM_GCC_493\Debug\main.o
                0x00000084                main
 .text.GetCommand
                0x00000124       0xc4 .\CortexM3\ARM_GCC_493\Debug\cal.o
 .text.DisplayMenu
                0x000001e8       0x9c .\CortexM3\ARM_GCC_493\Debug\cal.o
 .text.SetCalibrationStatusBit
                0x00000284       0x24 .\CortexM3\ARM_GCC_493\Debug\cal.o
 .text.ClearCalibrationStatusBit
                0x000002a8       0x2c .\CortexM3\ARM_GCC_493\Debug\cal.o
 .text.Cal_Init
                0x000002d4       0x10 .\CortexM3\ARM_GCC_493\Debug\cal.o
                0x000002d4                Cal_Init
 .text.Cal_Start
                0x000002e4       0x14 .\CortexM3\ARM_GCC_493\Debug\cal.o
                0x000002e4                Cal_Start
 .text.Cal_ReadResponse
                0x000002f8       0x48 .\CortexM3\ARM_GCC_493\Debug\cal.o
                0x000002f8                Cal_ReadResponse
 .text.Cal_DisplayBias
                0x00000340       0x2c .\CortexM3\ARM_GCC_493\Debug\cal.o
                0x00000340                Cal_DisplayBias
 .text.Cal_CheckRequest
                0x0000036c       0xa8 .\CortexM3\ARM_GCC_493\Debug\cal.o
                0x0000036c                Cal_CheckRequest
 .text.Cal_LeftGetMotorCalData
                0x00000414       0x18 .\CortexM3\ARM_GCC_493\Debug\cal.o
                0x00000414                Cal_LeftGetMotorCalData
 .text.Cal_RightGetMotorCalData
                0x0000042c       0x18 .\CortexM3\ARM_GCC_493\Debug\cal.o
                0x0000042c                Cal_RightGetMotorCalData
 .text.Cal_LeftGetPidGains
                0x00000444        0xc .\CortexM3\ARM_GCC_493\Debug\cal.o
                0x00000444                Cal_LeftGetPidGains
 .text.Cal_RightGetPidGains
                0x00000450        0xc .\CortexM3\ARM_GCC_493\Debug\cal.o
                0x00000450                Cal_RightGetPidGains
 .text.CalculateLeftRightSpeed
                0x0000045c       0x24 .\CortexM3\ARM_GCC_493\Debug\control.o
 .text.Control_Init
                0x00000480        0x4 .\CortexM3\ARM_GCC_493\Debug\control.o
                0x00000480                Control_Init
 .text.Control_Start
                0x00000484        0x4 .\CortexM3\ARM_GCC_493\Debug\control.o
                0x00000484                Control_Start
 .text.Control_Update
                0x00000488       0x28 .\CortexM3\ARM_GCC_493\Debug\control.o
                0x00000488                Control_Update
 .text.Control_LeftGetCmdVelocity
                0x000004b0        0xc .\CortexM3\ARM_GCC_493\Debug\control.o
                0x000004b0                Control_LeftGetCmdVelocity
 .text.Control_RightGetCmdVelocity
                0x000004bc        0xc .\CortexM3\ARM_GCC_493\Debug\control.o
                0x000004bc                Control_RightGetCmdVelocity
 .text.Debug_Init
                0x000004c8        0x4 .\CortexM3\ARM_GCC_493\Debug\debug.o
                0x000004c8                Debug_Init
 .text.Debug_Start
                0x000004cc        0x4 .\CortexM3\ARM_GCC_493\Debug\debug.o
                0x000004cc                Debug_Start
 .text.Diag_Init
                0x000004d0       0x18 .\CortexM3\ARM_GCC_493\Debug\diag.o
                0x000004d0                Diag_Init
 .text.Diag_Start
                0x000004e8        0x4 .\CortexM3\ARM_GCC_493\Debug\diag.o
                0x000004e8                Diag_Start
 .text.Diag_Update
                0x000004ec       0x38 .\CortexM3\ARM_GCC_493\Debug\diag.o
                0x000004ec                Diag_Update
 *fill*         0x00000524        0x4 
 .text.Encoder_Sample
                0x00000528       0x70 .\CortexM3\ARM_GCC_493\Debug\encoder.o
 .text.Encoder_Init
                0x00000598       0x48 .\CortexM3\ARM_GCC_493\Debug\encoder.o
                0x00000598                Encoder_Init
 .text.Encoder_Start
                0x000005e0       0x20 .\CortexM3\ARM_GCC_493\Debug\encoder.o
                0x000005e0                Encoder_Start
 .text.Encoder_Update
                0x00000600       0x58 .\CortexM3\ARM_GCC_493\Debug\encoder.o
                0x00000600                Encoder_Update
 .text.Encoder_LeftGetCntsPerSec
                0x00000658        0xc .\CortexM3\ARM_GCC_493\Debug\encoder.o
                0x00000658                Encoder_LeftGetCntsPerSec
 .text.Encoder_RightGetCntsPerSec
                0x00000664        0xc .\CortexM3\ARM_GCC_493\Debug\encoder.o
                0x00000664                Encoder_RightGetCntsPerSec
 .text.Encoder_LeftGetMeterPerSec
                0x00000670        0xc .\CortexM3\ARM_GCC_493\Debug\encoder.o
                0x00000670                Encoder_LeftGetMeterPerSec
 .text.Encoder_RightGetMeterPerSec
                0x0000067c        0xc .\CortexM3\ARM_GCC_493\Debug\encoder.o
                0x0000067c                Encoder_RightGetMeterPerSec
 .text.Encoder_Reset
                0x00000688       0x3c .\CortexM3\ARM_GCC_493\Debug\encoder.o
                0x00000688                Encoder_Reset
 .text.I2c_Init
                0x000006c4       0x20 .\CortexM3\ARM_GCC_493\Debug\i2c.o
                0x000006c4                I2c_Init
 .text.I2c_Start
                0x000006e4       0x24 .\CortexM3\ARM_GCC_493\Debug\i2c.o
                0x000006e4                I2c_Start
 .text.I2c_ReadDeviceControl
                0x00000708       0x2c .\CortexM3\ARM_GCC_493\Debug\i2c.o
                0x00000708                I2c_ReadDeviceControl
 *fill*         0x00000734        0x4 
 .text.I2c_ReadCmdVelocity
                0x00000738      0x130 .\CortexM3\ARM_GCC_493\Debug\i2c.o
                0x00000738                I2c_ReadCmdVelocity
 .text.I2c_SetCalibrationStatusBit
                0x00000868       0x38 .\CortexM3\ARM_GCC_493\Debug\i2c.o
                0x00000868                I2c_SetCalibrationStatusBit
 .text.I2c_ClearCalibrationStatusBit
                0x000008a0       0x3c .\CortexM3\ARM_GCC_493\Debug\i2c.o
                0x000008a0                I2c_ClearCalibrationStatusBit
 .text.I2c_WriteOdom
                0x000008dc       0x94 .\CortexM3\ARM_GCC_493\Debug\i2c.o
                0x000008dc                I2c_WriteOdom
 .text.I2c_UpdateHeartbeat
                0x00000970       0x2c .\CortexM3\ARM_GCC_493\Debug\i2c.o
                0x00000970                I2c_UpdateHeartbeat
 .text.Interpolate
                0x0000099c       0x3c .\CortexM3\ARM_GCC_493\Debug\motor.o
 .text.calculate_pwm
                0x000009d8       0x74 .\CortexM3\ARM_GCC_493\Debug\motor.o
 .text.calc_motor_output_from_cps
                0x00000a4c       0xa8 .\CortexM3\ARM_GCC_493\Debug\motor.o
 .text.RampSpeed
                0x00000af4       0x44 .\CortexM3\ARM_GCC_493\Debug\motor.o
 .text.CollectCpsPwmSamples
                0x00000b38       0x58 .\CortexM3\ARM_GCC_493\Debug\motor.o
 .text.Motor_Init
                0x00000b90       0x18 .\CortexM3\ARM_GCC_493\Debug\motor.o
                0x00000b90                Motor_Init
 .text.Motor_Start
                0x00000ba8       0x48 .\CortexM3\ARM_GCC_493\Debug\motor.o
                0x00000ba8                Motor_Start
 .text.Motor_LeftSetCntsPerSec
                0x00000bf0       0x18 .\CortexM3\ARM_GCC_493\Debug\motor.o
                0x00000bf0                Motor_LeftSetCntsPerSec
 .text.Motor_RightSetCntsPerSec
                0x00000c08       0x18 .\CortexM3\ARM_GCC_493\Debug\motor.o
                0x00000c08                Motor_RightSetCntsPerSec
 .text.Motor_LeftSetMeterPerSec
                0x00000c20       0x28 .\CortexM3\ARM_GCC_493\Debug\motor.o
                0x00000c20                Motor_LeftSetMeterPerSec
 .text.Motor_RightSetMeterPerSec
                0x00000c48       0x28 .\CortexM3\ARM_GCC_493\Debug\motor.o
                0x00000c48                Motor_RightSetMeterPerSec
 .text.Motor_LeftGetPwm
                0x00000c70        0xc .\CortexM3\ARM_GCC_493\Debug\motor.o
                0x00000c70                Motor_LeftGetPwm
 .text.Motor_RightGetPwm
                0x00000c7c        0xc .\CortexM3\ARM_GCC_493\Debug\motor.o
                0x00000c7c                Motor_RightGetPwm
 .text.Motor_Stop
                0x00000c88       0x20 .\CortexM3\ARM_GCC_493\Debug\motor.o
                0x00000c88                Motor_Stop
 .text.Motor_CollectPwmCpsSamples
                0x00000ca8       0xb4 .\CortexM3\ARM_GCC_493\Debug\motor.o
                0x00000ca8                Motor_CollectPwmCpsSamples
 .text.Motor_LeftSetCalibration
                0x00000d5c        0xc .\CortexM3\ARM_GCC_493\Debug\motor.o
                0x00000d5c                Motor_LeftSetCalibration
 .text.Motor_RightSetCalibration
                0x00000d68        0xc .\CortexM3\ARM_GCC_493\Debug\motor.o
                0x00000d68                Motor_RightSetCalibration
 .text.Odom_Init
                0x00000d74       0x14 .\CortexM3\ARM_GCC_493\Debug\odom.o
                0x00000d74                Odom_Init
 .text.Odom_Start
                0x00000d88        0x4 .\CortexM3\ARM_GCC_493\Debug\odom.o
                0x00000d88                Odom_Start
 *fill*         0x00000d8c        0x4 
 .text.calc_odom
                0x00000d90      0x298 .\CortexM3\ARM_GCC_493\Debug\odom.o
                0x00000d90                calc_odom
 .text.Odom_Update
                0x00001028       0x5c .\CortexM3\ARM_GCC_493\Debug\odom.o
                0x00001028                Odom_Update
 .text.Odom_Reset
                0x00001084       0x28 .\CortexM3\ARM_GCC_493\Debug\odom.o
                0x00001084                Odom_Reset
 .text.Odom_GetPosition
                0x000010ac       0x10 .\CortexM3\ARM_GCC_493\Debug\odom.o
                0x000010ac                Odom_GetPosition
 .text.Odom_GetHeading
                0x000010bc        0xc .\CortexM3\ARM_GCC_493\Debug\odom.o
                0x000010bc                Odom_GetHeading
 .text.ProcessPid
                0x000010c8       0xb0 .\CortexM3\ARM_GCC_493\Debug\pid.o
 .text.Pid_Init
                0x00001178       0x68 .\CortexM3\ARM_GCC_493\Debug\pid.o
                0x00001178                Pid_Init
 .text.Pid_Start
                0x000011e0       0x30 .\CortexM3\ARM_GCC_493\Debug\pid.o
                0x000011e0                Pid_Start
 .text.Pid_Update
                0x00001210       0x50 .\CortexM3\ARM_GCC_493\Debug\pid.o
                0x00001210                Pid_Update
 .text.StepImpulse
                0x00001260       0x80 .\CortexM3\ARM_GCC_493\Debug\pid.o
 .text.Pid_LeftStepInput
                0x000012e0       0x28 .\CortexM3\ARM_GCC_493\Debug\pid.o
                0x000012e0                Pid_LeftStepInput
 .text.Pid_RightStepInput
                0x00001308       0x28 .\CortexM3\ARM_GCC_493\Debug\pid.o
                0x00001308                Pid_RightStepInput
 .text.SysTickIsrHandler
                0x00001330       0x10 .\CortexM3\ARM_GCC_493\Debug\time.o
 .text.Time_Init
                0x00001340        0xc .\CortexM3\ARM_GCC_493\Debug\time.o
                0x00001340                Time_Init
 .text.Time_Start
                0x0000134c       0x2c .\CortexM3\ARM_GCC_493\Debug\time.o
                0x0000134c                Time_Start
 .text.millis   0x00001378        0xc .\CortexM3\ARM_GCC_493\Debug\time.o
                0x00001378                millis
 .text.Ultrasonic_Init
                0x00001384        0x4 .\CortexM3\ARM_GCC_493\Debug\ultrasonic.o
                0x00001384                Ultrasonic_Init
 .text.insert_zeros
                0x00001388       0x30 .\CortexM3\ARM_GCC_493\Debug\utils.o
 .text.MovingAverageFloat
                0x000013b8       0x2c .\CortexM3\ARM_GCC_493\Debug\utils.o
                0x000013b8                MovingAverageFloat
 .text.Uint16ToTwoBytes
                0x000013e4        0x8 .\CortexM3\ARM_GCC_493\Debug\utils.o
                0x000013e4                Uint16ToTwoBytes
 .text.FloatToFourBytes
                0x000013ec       0x20 .\CortexM3\ARM_GCC_493\Debug\utils.o
                0x000013ec                FloatToFourBytes
 .text.ftoa     0x0000140c       0xa4 .\CortexM3\ARM_GCC_493\Debug\utils.o
                0x0000140c                ftoa
 .text.BinaryRangeSearch
                0x000014b0       0x50 .\CortexM3\ARM_GCC_493\Debug\utils.o
                0x000014b0                BinaryRangeSearch
 .text.ConvertLinearAngularToDifferential
                0x00001500       0x70 .\CortexM3\ARM_GCC_493\Debug\utils.o
                0x00001500                ConvertLinearAngularToDifferential
 .text.initializeQueue
                0x00001570       0x10 .\CortexM3\ARM_GCC_493\Debug\infrared.o
                0x00001570                initializeQueue
 .text.Infrared_Init
                0x00001580       0x30 .\CortexM3\ARM_GCC_493\Debug\infrared.o
                0x00001580                Infrared_Init
 .text.PIDCompute
                0x000015b0       0xa4 .\CortexM3\ARM_GCC_493\Debug\pid_controller.o
                0x000015b0                PIDCompute
 .text.PIDOutputLimitsSet
                0x00001654       0x5c .\CortexM3\ARM_GCC_493\Debug\pid_controller.o
                0x00001654                PIDOutputLimitsSet
 .text.PIDTuningsSet
                0x000016b0       0x6c .\CortexM3\ARM_GCC_493\Debug\pid_controller.o
                0x000016b0                PIDTuningsSet
 .text.PIDInit  0x0000171c       0x54 .\CortexM3\ARM_GCC_493\Debug\pid_controller.o
                0x0000171c                PIDInit
 .text.PIDSetpointSet
                0x00001770        0x4 .\CortexM3\ARM_GCC_493\Debug\pid_controller.o
                0x00001770                PIDSetpointSet
 .text.PIDInputSet
                0x00001774        0x4 .\CortexM3\ARM_GCC_493\Debug\pid_controller.o
                0x00001774                PIDInputSet
 .text.Ser_Init
                0x00001778        0x4 .\CortexM3\ARM_GCC_493\Debug\serial.o
                0x00001778                Ser_Init
 .text.Ser_Start
                0x0000177c       0x2c .\CortexM3\ARM_GCC_493\Debug\serial.o
                0x0000177c                Ser_Start
 .text.Ser_Update
                0x000017a8       0x14 .\CortexM3\ARM_GCC_493\Debug\serial.o
                0x000017a8                Ser_Update
 .text.Ser_PutString
                0x000017bc       0x20 .\CortexM3\ARM_GCC_493\Debug\serial.o
                0x000017bc                Ser_PutString
 .text.Ser_ReadByte
                0x000017dc       0x1c .\CortexM3\ARM_GCC_493\Debug\serial.o
                0x000017dc                Ser_ReadByte
 .text.Ser_WriteByte
                0x000017f8       0x1c .\CortexM3\ARM_GCC_493\Debug\serial.o
                0x000017f8                Ser_WriteByte
 .text.Nvstore_Init
                0x00001814        0x4 .\CortexM3\ARM_GCC_493\Debug\nvstore.o
                0x00001814                Nvstore_Init
 .text.Nvstore_Start
                0x00001818        0x8 .\CortexM3\ARM_GCC_493\Debug\nvstore.o
                0x00001818                Nvstore_Start
 .text.Nvstore_WriteBytes
                0x00001820       0xc8 .\CortexM3\ARM_GCC_493\Debug\nvstore.o
                0x00001820                Nvstore_WriteBytes
 .text.Nvstore_WriteUint16
                0x000018e8       0x28 .\CortexM3\ARM_GCC_493\Debug\nvstore.o
                0x000018e8                Nvstore_WriteUint16
 .text.Nvstore_WriteFloat
                0x00001910       0x2c .\CortexM3\ARM_GCC_493\Debug\nvstore.o
                0x00001910                Nvstore_WriteFloat
 *fill*         0x0000193c        0x4 
 .text.Twiddle  0x00001940      0x160 .\CortexM3\ARM_GCC_493\Debug\calpid.o
 .text.StoreLeftGains
                0x00001aa0       0x3c .\CortexM3\ARM_GCC_493\Debug\calpid.o
 .text.StoreRightGains
                0x00001adc       0x3c .\CortexM3\ARM_GCC_493\Debug\calpid.o
 .text.OutputGains
                0x00001b18       0x48 .\CortexM3\ARM_GCC_493\Debug\calpid.o
 .text.DoLeftTwiddle
                0x00001b60       0x34 .\CortexM3\ARM_GCC_493\Debug\calpid.o
 .text.DoRightTwiddle
                0x00001b94       0x34 .\CortexM3\ARM_GCC_493\Debug\calpid.o
 .text.PerformPidCalibration
                0x00001bc8       0x34 .\CortexM3\ARM_GCC_493\Debug\calpid.o
                0x00001bc8                PerformPidCalibration
 *fill*         0x00001bfc        0x4 
 .text.DoAngularBiasMotion
                0x00001c00      0x100 .\CortexM3\ARM_GCC_493\Debug\calang.o
                0x00001c00                DoAngularBiasMotion
 .text.CalibrateAngularBias
                0x00001d00       0x6c .\CortexM3\ARM_GCC_493\Debug\calang.o
                0x00001d00                CalibrateAngularBias
 .text.ValidateAngularBias
                0x00001d6c       0x1c .\CortexM3\ARM_GCC_493\Debug\calang.o
                0x00001d6c                ValidateAngularBias
 .text.DoLinearBiasMotion
                0x00001d88       0xe0 .\CortexM3\ARM_GCC_493\Debug\callin.o
                0x00001d88                DoLinearBiasMotion
 .text.CalibrateLinearBias
                0x00001e68       0x6c .\CortexM3\ARM_GCC_493\Debug\callin.o
                0x00001e68                CalibrateLinearBias
 .text.ValidateLinearBias
                0x00001ed4       0x1c .\CortexM3\ARM_GCC_493\Debug\callin.o
                0x00001ed4                ValidateLinearBias
 .text.Init     0x00001ef0       0x28 .\CortexM3\ARM_GCC_493\Debug\calmotor.o
 .text.CalculatePwmSamples
                0x00001f18       0x64 .\CortexM3\ARM_GCC_493\Debug\calmotor.o
 .text.AddSamplesToSum
                0x00001f7c       0x24 .\CortexM3\ARM_GCC_493\Debug\calmotor.o
 .text.CalculateAvgCpsSamples
                0x00001fa0       0x20 .\CortexM3\ARM_GCC_493\Debug\calmotor.o
 .text.CalculateMinMaxCpsSample
                0x00001fc0       0x38 .\CortexM3\ARM_GCC_493\Debug\calmotor.o
 .text.CalibrateWheelSpeed
                0x00001ff8       0x5c .\CortexM3\ARM_GCC_493\Debug\calmotor.o
 .text.StoreWheelSpeedSamples
                0x00002054       0x5c .\CortexM3\ARM_GCC_493\Debug\calmotor.o
 .text.OutputSamples
                0x000020b0       0x64 .\CortexM3\ARM_GCC_493\Debug\calmotor.o
 .text.PerformMotorCalibration
                0x00002114      0x118 .\CortexM3\ARM_GCC_493\Debug\calmotor.o
                0x00002114                PerformMotorCalibration
 .text.IntDefaultHandler
                0x0000222c        0x4 .\CortexM3\ARM_GCC_493\Debug\Cm3Start.o
                0x0000222c                IntDefaultHandler
 .text._exit    0x00002230        0xc .\CortexM3\ARM_GCC_493\Debug\Cm3Start.o
                0x00002230                _exit
 .text._sbrk    0x0000223c       0x30 .\CortexM3\ARM_GCC_493\Debug\Cm3Start.o
                0x0000223c                _sbrk
 .text.Start_c  0x0000226c       0x4c .\CortexM3\ARM_GCC_493\Debug\Cm3Start.o
                0x0000226c                Start_c
 .text.initialize_psoc
                0x000022b8       0x74 .\CortexM3\ARM_GCC_493\Debug\Cm3Start.o
                0x000022b8                initialize_psoc
 .text.cfg_write_bytes32
                0x0000232c       0x34 .\CortexM3\ARM_GCC_493\Debug\freesoc.a(cyfitter_cfg.o)
 .text.CYMEMZERO
                0x00002360        0xc .\CortexM3\ARM_GCC_493\Debug\freesoc.a(cyfitter_cfg.o)
 .text.ClockSetup
                0x0000236c       0xe4 .\CortexM3\ARM_GCC_493\Debug\freesoc.a(cyfitter_cfg.o)
 .text.AnalogSetDefault
                0x00002450       0x80 .\CortexM3\ARM_GCC_493\Debug\freesoc.a(cyfitter_cfg.o)
 .text.CYCONFIGCPY
                0x000024d0        0x8 .\CortexM3\ARM_GCC_493\Debug\freesoc.a(cyfitter_cfg.o)
 .text.Front_AMuxSeq_DisconnectAll
                0x000024d8       0x18 .\CortexM3\ARM_GCC_493\Debug\freesoc.a(cyfitter_cfg.o)
                0x000024d8                Front_AMuxSeq_DisconnectAll
 .text.Rear_AMuxSeq_DisconnectAll
                0x000024f0       0x18 .\CortexM3\ARM_GCC_493\Debug\freesoc.a(cyfitter_cfg.o)
                0x000024f0                Rear_AMuxSeq_DisconnectAll
 .text.cyfitter_cfg
                0x00002508      0x188 .\CortexM3\ARM_GCC_493\Debug\freesoc.a(cyfitter_cfg.o)
                0x00002508                cyfitter_cfg
 .text.Left_HB25_Enable_Pin_Write
                0x00002690       0x18 .\CortexM3\ARM_GCC_493\Debug\freesoc.a(Left_HB25_Enable_Pin.o)
                0x00002690                Left_HB25_Enable_Pin_Write
 .text.Left_HB25_PWM_Stop
                0x000026a8        0x4 .\CortexM3\ARM_GCC_493\Debug\freesoc.a(Left_HB25_PWM.o)
                0x000026a8                Left_HB25_PWM_Stop
 .text.Left_HB25_PWM_WriteCounter
                0x000026ac        0xc .\CortexM3\ARM_GCC_493\Debug\freesoc.a(Left_HB25_PWM.o)
                0x000026ac                Left_HB25_PWM_WriteCounter
 .text.Left_HB25_PWM_WritePeriod
                0x000026b8        0xc .\CortexM3\ARM_GCC_493\Debug\freesoc.a(Left_HB25_PWM.o)
                0x000026b8                Left_HB25_PWM_WritePeriod
 .text.Left_HB25_PWM_WriteCompare
                0x000026c4        0xc .\CortexM3\ARM_GCC_493\Debug\freesoc.a(Left_HB25_PWM.o)
                0x000026c4                Left_HB25_PWM_WriteCompare
 .text.Left_HB25_PWM_Init
                0x000026d0       0x34 .\CortexM3\ARM_GCC_493\Debug\freesoc.a(Left_HB25_PWM.o)
                0x000026d0                Left_HB25_PWM_Init
 .text.Left_HB25_PWM_Start
                0x00002704       0x18 .\CortexM3\ARM_GCC_493\Debug\freesoc.a(Left_HB25_PWM.o)
                0x00002704                Left_HB25_PWM_Start
 .text.Right_HB25_Enable_Pin_Write
                0x0000271c       0x18 .\CortexM3\ARM_GCC_493\Debug\freesoc.a(Right_HB25_Enable_Pin.o)
                0x0000271c                Right_HB25_Enable_Pin_Write
 .text.Right_HB25_PWM_Stop
                0x00002734        0x4 .\CortexM3\ARM_GCC_493\Debug\freesoc.a(Right_HB25_PWM.o)
                0x00002734                Right_HB25_PWM_Stop
 .text.Right_HB25_PWM_WriteCounter
                0x00002738        0xc .\CortexM3\ARM_GCC_493\Debug\freesoc.a(Right_HB25_PWM.o)
                0x00002738                Right_HB25_PWM_WriteCounter
 .text.Right_HB25_PWM_WritePeriod
                0x00002744        0xc .\CortexM3\ARM_GCC_493\Debug\freesoc.a(Right_HB25_PWM.o)
                0x00002744                Right_HB25_PWM_WritePeriod
 .text.Right_HB25_PWM_WriteCompare
                0x00002750        0xc .\CortexM3\ARM_GCC_493\Debug\freesoc.a(Right_HB25_PWM.o)
                0x00002750                Right_HB25_PWM_WriteCompare
 .text.Right_HB25_PWM_Init
                0x0000275c       0x34 .\CortexM3\ARM_GCC_493\Debug\freesoc.a(Right_HB25_PWM.o)
                0x0000275c                Right_HB25_PWM_Init
 .text.Right_HB25_PWM_Start
                0x00002790       0x18 .\CortexM3\ARM_GCC_493\Debug\freesoc.a(Right_HB25_PWM.o)
                0x00002790                Right_HB25_PWM_Start
 .text          0x000027a8       0x20 .\CortexM3\ARM_GCC_493\Debug\freesoc.a(CyBootAsmGnu.o)
                0x000027a8                CyDelayCycles
                0x000027b8                CyEnterCriticalSection
                0x000027c0                CyExitCriticalSection
 .text.CyHalt   0x000027c8        0x4 .\CortexM3\ARM_GCC_493\Debug\freesoc.a(CyLib.o)
                0x000027c8                CyHalt
 .text.CyDelay  0x000027cc       0x2c .\CortexM3\ARM_GCC_493\Debug\freesoc.a(CyLib.o)
                0x000027cc                CyDelay
 .text.CyDelayUs
                0x000027f8       0x14 .\CortexM3\ARM_GCC_493\Debug\freesoc.a(CyLib.o)
                0x000027f8                CyDelayUs
 .text.CyIntSetSysVector
                0x0000280c       0x28 .\CortexM3\ARM_GCC_493\Debug\freesoc.a(CyLib.o)
                0x0000280c                CyIntSetSysVector
 .text.CyIntSetVector
                0x00002834       0x28 .\CortexM3\ARM_GCC_493\Debug\freesoc.a(CyLib.o)
                0x00002834                CyIntSetVector
 .text.CyIntSetPriority
                0x0000285c       0x30 .\CortexM3\ARM_GCC_493\Debug\freesoc.a(CyLib.o)
                0x0000285c                CyIntSetPriority
 .text.CySysTickEnableInterrupt
                0x0000288c       0x10 .\CortexM3\ARM_GCC_493\Debug\freesoc.a(CyLib.o)
                0x0000288c                CySysTickEnableInterrupt
 .text.CySysTickEnable
                0x0000289c       0x18 .\CortexM3\ARM_GCC_493\Debug\freesoc.a(CyLib.o)
                0x0000289c                CySysTickEnable
 .text.CySysTickSetReload
                0x000028b4       0x10 .\CortexM3\ARM_GCC_493\Debug\freesoc.a(CyLib.o)
                0x000028b4                CySysTickSetReload
 .text.CySysTickSetClockSource
                0x000028c4       0x20 .\CortexM3\ARM_GCC_493\Debug\freesoc.a(CyLib.o)
                0x000028c4                CySysTickSetClockSource
 .text.CySysTickGetCountFlag
                0x000028e4       0x10 .\CortexM3\ARM_GCC_493\Debug\freesoc.a(CyLib.o)
                0x000028e4                CySysTickGetCountFlag
 .text.CySysTickServiceCallbacks
                0x000028f4       0x28 .\CortexM3\ARM_GCC_493\Debug\freesoc.a(CyLib.o)
 .text.CySysTickClear
                0x0000291c        0xc .\CortexM3\ARM_GCC_493\Debug\freesoc.a(CyLib.o)
                0x0000291c                CySysTickClear
 .text.CySysTickInit
                0x00002928       0x58 .\CortexM3\ARM_GCC_493\Debug\freesoc.a(CyLib.o)
                0x00002928                CySysTickInit
 .text.CySysTickStart
                0x00002980       0x1c .\CortexM3\ARM_GCC_493\Debug\freesoc.a(CyLib.o)
                0x00002980                CySysTickStart
 .text.CySysTickSetCallback
                0x0000299c       0x10 .\CortexM3\ARM_GCC_493\Debug\freesoc.a(CyLib.o)
                0x0000299c                CySysTickSetCallback
 .text.CySysTickGetCallback
                0x000029ac       0x10 .\CortexM3\ARM_GCC_493\Debug\freesoc.a(CyLib.o)
                0x000029ac                CySysTickGetCallback
 .text.CyGetUniqueId
                0x000029bc       0x70 .\CortexM3\ARM_GCC_493\Debug\freesoc.a(CyLib.o)
                0x000029bc                CyGetUniqueId
 .text.EZI2C_Slave_Init
                0x00002a2c       0x70 .\CortexM3\ARM_GCC_493\Debug\freesoc.a(EZI2C_Slave.o)
                0x00002a2c                EZI2C_Slave_Init
 .text.EZI2C_Slave_Enable
                0x00002a9c       0x30 .\CortexM3\ARM_GCC_493\Debug\freesoc.a(EZI2C_Slave.o)
                0x00002a9c                EZI2C_Slave_Enable
 .text.EZI2C_Slave_Start
                0x00002acc       0x1c .\CortexM3\ARM_GCC_493\Debug\freesoc.a(EZI2C_Slave.o)
                0x00002acc                EZI2C_Slave_Start
 .text.EZI2C_Slave_GetActivity
                0x00002ae8       0x28 .\CortexM3\ARM_GCC_493\Debug\freesoc.a(EZI2C_Slave.o)
                0x00002ae8                EZI2C_Slave_GetActivity
 .text.EZI2C_Slave_SetBuffer1
                0x00002b10       0x50 .\CortexM3\ARM_GCC_493\Debug\freesoc.a(EZI2C_Slave.o)
                0x00002b10                EZI2C_Slave_SetBuffer1
 .text.EZI2C_Slave_ISR
                0x00002b60      0x1c4 .\CortexM3\ARM_GCC_493\Debug\freesoc.a(EZI2C_Slave_INT.o)
                0x00002b60                EZI2C_Slave_ISR
 .text.Mainloop_Pin_Write
                0x00002d24       0x18 .\CortexM3\ARM_GCC_493\Debug\freesoc.a(Mainloop_Pin.o)
                0x00002d24                Mainloop_Pin_Write
 .text.EEPROM_Enable
                0x00002d3c        0xc .\CortexM3\ARM_GCC_493\Debug\freesoc.a(EEPROM.o)
                0x00002d3c                EEPROM_Enable
 .text.EEPROM_Start
                0x00002d48        0x8 .\CortexM3\ARM_GCC_493\Debug\freesoc.a(EEPROM.o)
                0x00002d48                EEPROM_Start
 .text.EEPROM_WriteByte
                0x00002d50       0xd4 .\CortexM3\ARM_GCC_493\Debug\freesoc.a(EEPROM.o)
                0x00002d50                EEPROM_WriteByte
 .text.EEPROM_Write
                0x00002e24       0xb4 .\CortexM3\ARM_GCC_493\Debug\freesoc.a(EEPROM.o)
                0x00002e24                EEPROM_Write
 .text.Right_QuadDec_Init
                0x00002ed8       0x24 .\CortexM3\ARM_GCC_493\Debug\freesoc.a(Right_QuadDec.o)
                0x00002ed8                Right_QuadDec_Init
 .text.Right_QuadDec_GetCounter
                0x00002efc       0x2c .\CortexM3\ARM_GCC_493\Debug\freesoc.a(Right_QuadDec.o)
                0x00002efc                Right_QuadDec_GetCounter
 .text.Right_QuadDec_SetCounter
                0x00002f28       0x28 .\CortexM3\ARM_GCC_493\Debug\freesoc.a(Right_QuadDec.o)
                0x00002f28                Right_QuadDec_SetCounter
 .text.Right_QuadDec_GetEvents
                0x00002f50       0x10 .\CortexM3\ARM_GCC_493\Debug\freesoc.a(Right_QuadDec.o)
                0x00002f50                Right_QuadDec_GetEvents
 .text.Right_QuadDec_SetInterruptMask
                0x00002f60       0x10 .\CortexM3\ARM_GCC_493\Debug\freesoc.a(Right_QuadDec.o)
                0x00002f60                Right_QuadDec_SetInterruptMask
 .text.Right_QuadDec_Enable
                0x00002f70       0x30 .\CortexM3\ARM_GCC_493\Debug\freesoc.a(Right_QuadDec.o)
                0x00002f70                Right_QuadDec_Enable
 .text.Right_QuadDec_Start
                0x00002fa0       0x34 .\CortexM3\ARM_GCC_493\Debug\freesoc.a(Right_QuadDec.o)
                0x00002fa0                Right_QuadDec_Start
 .text.Right_QuadDec_ISR
                0x00002fd4       0x40 .\CortexM3\ARM_GCC_493\Debug\freesoc.a(Right_QuadDec_INT.o)
                0x00002fd4                Right_QuadDec_ISR
 .text.Right_QuadDec_Cnt16_Enable
                0x00003014       0x10 .\CortexM3\ARM_GCC_493\Debug\freesoc.a(Right_QuadDec_Cnt16.o)
                0x00003014                Right_QuadDec_Cnt16_Enable
 .text.Right_QuadDec_Cnt16_SetInterruptMode
                0x00003024        0xc .\CortexM3\ARM_GCC_493\Debug\freesoc.a(Right_QuadDec_Cnt16.o)
                0x00003024                Right_QuadDec_Cnt16_SetInterruptMode
 .text.Right_QuadDec_Cnt16_ReadStatusRegister
                0x00003030        0xc .\CortexM3\ARM_GCC_493\Debug\freesoc.a(Right_QuadDec_Cnt16.o)
                0x00003030                Right_QuadDec_Cnt16_ReadStatusRegister
 .text.Right_QuadDec_Cnt16_WriteCounter
                0x0000303c        0xc .\CortexM3\ARM_GCC_493\Debug\freesoc.a(Right_QuadDec_Cnt16.o)
                0x0000303c                Right_QuadDec_Cnt16_WriteCounter
 .text.Right_QuadDec_Cnt16_ReadCounter
                0x00003048       0x14 .\CortexM3\ARM_GCC_493\Debug\freesoc.a(Right_QuadDec_Cnt16.o)
                0x00003048                Right_QuadDec_Cnt16_ReadCounter
 .text.Right_QuadDec_Cnt16_ReadCapture
                0x0000305c        0xc .\CortexM3\ARM_GCC_493\Debug\freesoc.a(Right_QuadDec_Cnt16.o)
                0x0000305c                Right_QuadDec_Cnt16_ReadCapture
 .text.Right_QuadDec_Cnt16_WritePeriod
                0x00003068        0xc .\CortexM3\ARM_GCC_493\Debug\freesoc.a(Right_QuadDec_Cnt16.o)
                0x00003068                Right_QuadDec_Cnt16_WritePeriod
 .text.Right_QuadDec_Cnt16_WriteCompare
                0x00003074        0xc .\CortexM3\ARM_GCC_493\Debug\freesoc.a(Right_QuadDec_Cnt16.o)
                0x00003074                Right_QuadDec_Cnt16_WriteCompare
 .text.Right_QuadDec_Cnt16_ClearFIFO
                0x00003080       0x14 .\CortexM3\ARM_GCC_493\Debug\freesoc.a(Right_QuadDec_Cnt16.o)
                0x00003080                Right_QuadDec_Cnt16_ClearFIFO
 .text.Right_QuadDec_Cnt16_Init
                0x00003094       0x58 .\CortexM3\ARM_GCC_493\Debug\freesoc.a(Right_QuadDec_Cnt16.o)
                0x00003094                Right_QuadDec_Cnt16_Init
 .text.Right_QuadDec_Cnt16_Start
                0x000030ec       0x1c .\CortexM3\ARM_GCC_493\Debug\freesoc.a(Right_QuadDec_Cnt16.o)
                0x000030ec                Right_QuadDec_Cnt16_Start
 .text.Left_QuadDec_Init
                0x00003108       0x24 .\CortexM3\ARM_GCC_493\Debug\freesoc.a(Left_QuadDec.o)
                0x00003108                Left_QuadDec_Init
 .text.Left_QuadDec_GetCounter
                0x0000312c       0x2c .\CortexM3\ARM_GCC_493\Debug\freesoc.a(Left_QuadDec.o)
                0x0000312c                Left_QuadDec_GetCounter
 .text.Left_QuadDec_SetCounter
                0x00003158       0x28 .\CortexM3\ARM_GCC_493\Debug\freesoc.a(Left_QuadDec.o)
                0x00003158                Left_QuadDec_SetCounter
 .text.Left_QuadDec_GetEvents
                0x00003180       0x10 .\CortexM3\ARM_GCC_493\Debug\freesoc.a(Left_QuadDec.o)
                0x00003180                Left_QuadDec_GetEvents
 .text.Left_QuadDec_SetInterruptMask
                0x00003190       0x10 .\CortexM3\ARM_GCC_493\Debug\freesoc.a(Left_QuadDec.o)
                0x00003190                Left_QuadDec_SetInterruptMask
 .text.Left_QuadDec_Enable
                0x000031a0       0x30 .\CortexM3\ARM_GCC_493\Debug\freesoc.a(Left_QuadDec.o)
                0x000031a0                Left_QuadDec_Enable
 .text.Left_QuadDec_Start
                0x000031d0       0x34 .\CortexM3\ARM_GCC_493\Debug\freesoc.a(Left_QuadDec.o)
                0x000031d0                Left_QuadDec_Start
 .text.Left_QuadDec_ISR
                0x00003204       0x40 .\CortexM3\ARM_GCC_493\Debug\freesoc.a(Left_QuadDec_INT.o)
                0x00003204                Left_QuadDec_ISR
 .text.Left_QuadDec_Cnt16_Enable
                0x00003244       0x10 .\CortexM3\ARM_GCC_493\Debug\freesoc.a(Left_QuadDec_Cnt16.o)
                0x00003244                Left_QuadDec_Cnt16_Enable
 .text.Left_QuadDec_Cnt16_SetInterruptMode
                0x00003254        0xc .\CortexM3\ARM_GCC_493\Debug\freesoc.a(Left_QuadDec_Cnt16.o)
                0x00003254                Left_QuadDec_Cnt16_SetInterruptMode
 .text.Left_QuadDec_Cnt16_ReadStatusRegister
                0x00003260        0xc .\CortexM3\ARM_GCC_493\Debug\freesoc.a(Left_QuadDec_Cnt16.o)
                0x00003260                Left_QuadDec_Cnt16_ReadStatusRegister
 .text.Left_QuadDec_Cnt16_WriteCounter
                0x0000326c        0xc .\CortexM3\ARM_GCC_493\Debug\freesoc.a(Left_QuadDec_Cnt16.o)
                0x0000326c                Left_QuadDec_Cnt16_WriteCounter
 .text.Left_QuadDec_Cnt16_ReadCounter
                0x00003278       0x14 .\CortexM3\ARM_GCC_493\Debug\freesoc.a(Left_QuadDec_Cnt16.o)
                0x00003278                Left_QuadDec_Cnt16_ReadCounter
 .text.Left_QuadDec_Cnt16_ReadCapture
                0x0000328c        0xc .\CortexM3\ARM_GCC_493\Debug\freesoc.a(Left_QuadDec_Cnt16.o)
                0x0000328c                Left_QuadDec_Cnt16_ReadCapture
 .text.Left_QuadDec_Cnt16_WritePeriod
                0x00003298        0xc .\CortexM3\ARM_GCC_493\Debug\freesoc.a(Left_QuadDec_Cnt16.o)
                0x00003298                Left_QuadDec_Cnt16_WritePeriod
 .text.Left_QuadDec_Cnt16_WriteCompare
                0x000032a4        0xc .\CortexM3\ARM_GCC_493\Debug\freesoc.a(Left_QuadDec_Cnt16.o)
                0x000032a4                Left_QuadDec_Cnt16_WriteCompare
 .text.Left_QuadDec_Cnt16_ClearFIFO
                0x000032b0       0x14 .\CortexM3\ARM_GCC_493\Debug\freesoc.a(Left_QuadDec_Cnt16.o)
                0x000032b0                Left_QuadDec_Cnt16_ClearFIFO
 .text.Left_QuadDec_Cnt16_Init
                0x000032c4       0x58 .\CortexM3\ARM_GCC_493\Debug\freesoc.a(Left_QuadDec_Cnt16.o)
                0x000032c4                Left_QuadDec_Cnt16_Init
 .text.Left_QuadDec_Cnt16_Start
                0x0000331c       0x1c .\CortexM3\ARM_GCC_493\Debug\freesoc.a(Left_QuadDec_Cnt16.o)
                0x0000331c                Left_QuadDec_Cnt16_Start
 .text.USBUART_Init
                0x00003338      0x140 .\CortexM3\ARM_GCC_493\Debug\freesoc.a(USBUART.o)
                0x00003338                USBUART_Init
 .text.USBUART_InitComponent
                0x00003478       0xd4 .\CortexM3\ARM_GCC_493\Debug\freesoc.a(USBUART.o)
                0x00003478                USBUART_InitComponent
 .text.USBUART_Start
                0x0000354c       0x24 .\CortexM3\ARM_GCC_493\Debug\freesoc.a(USBUART.o)
                0x0000354c                USBUART_Start
 .text.USBUART_ReInitComponent
                0x00003570       0x64 .\CortexM3\ARM_GCC_493\Debug\freesoc.a(USBUART.o)
                0x00003570                USBUART_ReInitComponent
 .text.USBUART_GetConfiguration
                0x000035d4        0xc .\CortexM3\ARM_GCC_493\Debug\freesoc.a(USBUART.o)
                0x000035d4                USBUART_GetConfiguration
 .text.USBUART_IsConfigurationChanged
                0x000035e0       0x20 .\CortexM3\ARM_GCC_493\Debug\freesoc.a(USBUART.o)
                0x000035e0                USBUART_IsConfigurationChanged
 .text.USBUART_GetEPState
                0x00003600       0x14 .\CortexM3\ARM_GCC_493\Debug\freesoc.a(USBUART.o)
                0x00003600                USBUART_GetEPState
 .text.USBUART_GetEPCount
                0x00003614       0x28 .\CortexM3\ARM_GCC_493\Debug\freesoc.a(USBUART.o)
                0x00003614                USBUART_GetEPCount
 .text.USBUART_LoadInEP
                0x0000363c       0x94 .\CortexM3\ARM_GCC_493\Debug\freesoc.a(USBUART.o)
                0x0000363c                USBUART_LoadInEP
 .text.USBUART_EnableOutEP
                0x000036d0       0x2c .\CortexM3\ARM_GCC_493\Debug\freesoc.a(USBUART.o)
                0x000036d0                USBUART_EnableOutEP
 .text.USBUART_ReadOutEP
                0x000036fc       0x50 .\CortexM3\ARM_GCC_493\Debug\freesoc.a(USBUART.o)
                0x000036fc                USBUART_ReadOutEP
 .text.USBUART_StrLen
                0x0000374c       0x14 .\CortexM3\ARM_GCC_493\Debug\freesoc.a(USBUART_cdc.o)
 .text.USBUART_GetInterfaceComPort
                0x00003760       0x3c .\CortexM3\ARM_GCC_493\Debug\freesoc.a(USBUART_cdc.o)
                0x00003760                USBUART_GetInterfaceComPort
 .text.USBUART_DispatchCDCClassRqst
                0x0000379c       0x98 .\CortexM3\ARM_GCC_493\Debug\freesoc.a(USBUART_cdc.o)
                0x0000379c                USBUART_DispatchCDCClassRqst
 .text.USBUART_CDC_Init
                0x00003834       0x98 .\CortexM3\ARM_GCC_493\Debug\freesoc.a(USBUART_cdc.o)
                0x00003834                USBUART_CDC_Init
 .text.USBUART_PutString
                0x000038cc       0x9c .\CortexM3\ARM_GCC_493\Debug\freesoc.a(USBUART_cdc.o)
                0x000038cc                USBUART_PutString
 .text.USBUART_PutChar
                0x00003968       0x28 .\CortexM3\ARM_GCC_493\Debug\freesoc.a(USBUART_cdc.o)
                0x00003968                USBUART_PutChar
 .text.USBUART_DataIsReady
                0x00003990       0x18 .\CortexM3\ARM_GCC_493\Debug\freesoc.a(USBUART_cdc.o)
                0x00003990                USBUART_DataIsReady
 .text.USBUART_CDCIsReady
                0x000039a8       0x18 .\CortexM3\ARM_GCC_493\Debug\freesoc.a(USBUART_cdc.o)
                0x000039a8                USBUART_CDCIsReady
 .text.USBUART_GetChar
                0x000039c0       0x28 .\CortexM3\ARM_GCC_493\Debug\freesoc.a(USBUART_cdc.o)
                0x000039c0                USBUART_GetChar
 .text.USBUART_Cdc_EpInit
                0x000039e8       0x50 .\CortexM3\ARM_GCC_493\Debug\freesoc.a(USBUART_cdc.o)
                0x000039e8                USBUART_Cdc_EpInit
 .text.USBUART_LoadEP0
                0x00003a38       0x94 .\CortexM3\ARM_GCC_493\Debug\freesoc.a(USBUART_drv.o)
                0x00003a38                USBUART_LoadEP0
 .text.USBUART_InitZeroLengthControlTransfer
                0x00003acc       0x34 .\CortexM3\ARM_GCC_493\Debug\freesoc.a(USBUART_drv.o)
                0x00003acc                USBUART_InitZeroLengthControlTransfer
 .text.USBUART_ControlReadDataStage
                0x00003b00        0x8 .\CortexM3\ARM_GCC_493\Debug\freesoc.a(USBUART_drv.o)
                0x00003b00                USBUART_ControlReadDataStage
 .text.USBUART_ControlWriteDataStage
                0x00003b08       0x80 .\CortexM3\ARM_GCC_493\Debug\freesoc.a(USBUART_drv.o)
                0x00003b08                USBUART_ControlWriteDataStage
 .text.USBUART_InitNoDataControlTransfer
                0x00003b88       0x2c .\CortexM3\ARM_GCC_493\Debug\freesoc.a(USBUART_drv.o)
                0x00003b88                USBUART_InitNoDataControlTransfer
 .text.USBUART_UpdateStatusBlock
                0x00003bb4       0x24 .\CortexM3\ARM_GCC_493\Debug\freesoc.a(USBUART_drv.o)
                0x00003bb4                USBUART_UpdateStatusBlock
 .text.USBUART_HandleSetup
                0x00003bd8       0x5c .\CortexM3\ARM_GCC_493\Debug\freesoc.a(USBUART_drv.o)
                0x00003bd8                USBUART_HandleSetup
 .text.USBUART_ControlReadStatusStage
                0x00003c34       0x34 .\CortexM3\ARM_GCC_493\Debug\freesoc.a(USBUART_drv.o)
                0x00003c34                USBUART_ControlReadStatusStage
 .text.USBUART_HandleOUT
                0x00003c68       0x38 .\CortexM3\ARM_GCC_493\Debug\freesoc.a(USBUART_drv.o)
                0x00003c68                USBUART_HandleOUT
 .text.USBUART_ControlWriteStatusStage
                0x00003ca0       0x20 .\CortexM3\ARM_GCC_493\Debug\freesoc.a(USBUART_drv.o)
                0x00003ca0                USBUART_ControlWriteStatusStage
 .text.USBUART_NoDataControlStatusStage
                0x00003cc0       0x40 .\CortexM3\ARM_GCC_493\Debug\freesoc.a(USBUART_drv.o)
                0x00003cc0                USBUART_NoDataControlStatusStage
 .text.USBUART_HandleIN
                0x00003d00       0x2c .\CortexM3\ARM_GCC_493\Debug\freesoc.a(USBUART_drv.o)
                0x00003d00                USBUART_HandleIN
 .text.USBUART_EP_0_ISR
                0x00003d2c       0xb8 .\CortexM3\ARM_GCC_493\Debug\freesoc.a(USBUART_drv.o)
                0x00003d2c                USBUART_EP_0_ISR
 .text.USBUART_InitializeStatusBlock
                0x00003de4       0x24 .\CortexM3\ARM_GCC_493\Debug\freesoc.a(USBUART_drv.o)
                0x00003de4                USBUART_InitializeStatusBlock
 .text.USBUART_InitControlRead
                0x00003e08       0x50 .\CortexM3\ARM_GCC_493\Debug\freesoc.a(USBUART_drv.o)
                0x00003e08                USBUART_InitControlRead
 .text.USBUART_InitControlWrite
                0x00003e58       0x48 .\CortexM3\ARM_GCC_493\Debug\freesoc.a(USBUART_drv.o)
                0x00003e58                USBUART_InitControlWrite
 .text.USBUART_EP_1_ISR
                0x00003ea0       0x38 .\CortexM3\ARM_GCC_493\Debug\freesoc.a(USBUART_episr.o)
                0x00003ea0                USBUART_EP_1_ISR
 .text.USBUART_EP_2_ISR
                0x00003ed8       0x3c .\CortexM3\ARM_GCC_493\Debug\freesoc.a(USBUART_episr.o)
                0x00003ed8                USBUART_EP_2_ISR
 .text.USBUART_EP_3_ISR
                0x00003f14       0x44 .\CortexM3\ARM_GCC_493\Debug\freesoc.a(USBUART_episr.o)
                0x00003f14                USBUART_EP_3_ISR
 .text.USBUART_SOF_ISR
                0x00003f58        0x4 .\CortexM3\ARM_GCC_493\Debug\freesoc.a(USBUART_episr.o)
                0x00003f58                USBUART_SOF_ISR
 .text.USBUART_BUS_RESET_ISR
                0x00003f5c        0x8 .\CortexM3\ARM_GCC_493\Debug\freesoc.a(USBUART_episr.o)
                0x00003f5c                USBUART_BUS_RESET_ISR
 .text.USBUART_FindHidClassDecriptor
                0x00003f64       0x40 .\CortexM3\ARM_GCC_493\Debug\freesoc.a(USBUART_hid.o)
                0x00003f64                USBUART_FindHidClassDecriptor
 .text.USBUART_FindReportDescriptor
                0x00003fa4       0x48 .\CortexM3\ARM_GCC_493\Debug\freesoc.a(USBUART_hid.o)
                0x00003fa4                USBUART_FindReportDescriptor
 .text.USBUART_FindReport
                0x00003fec       0x7c .\CortexM3\ARM_GCC_493\Debug\freesoc.a(USBUART_hid.o)
                0x00003fec                USBUART_FindReport
 .text.USBUART_DispatchHIDClassRqst
                0x00004068      0x184 .\CortexM3\ARM_GCC_493\Debug\freesoc.a(USBUART_hid.o)
                0x00004068                USBUART_DispatchHIDClassRqst
 .text.USBUART_DP_ISR
                0x000041ec        0x8 .\CortexM3\ARM_GCC_493\Debug\freesoc.a(USBUART_pm.o)
                0x000041ec                USBUART_DP_ISR
 .text.USBUART_ReadDieID
                0x000041f4       0x6c .\CortexM3\ARM_GCC_493\Debug\freesoc.a(USBUART_std.o)
                0x000041f4                USBUART_ReadDieID
 .text.USBUART_ConfigReg
                0x00004260       0xa4 .\CortexM3\ARM_GCC_493\Debug\freesoc.a(USBUART_std.o)
                0x00004260                USBUART_ConfigReg
 .text.USBUART_GetConfigTablePtr
                0x00004304       0x28 .\CortexM3\ARM_GCC_493\Debug\freesoc.a(USBUART_std.o)
                0x00004304                USBUART_GetConfigTablePtr
 .text.USBUART_ConfigAltChanged
                0x0000432c      0x11c .\CortexM3\ARM_GCC_493\Debug\freesoc.a(USBUART_std.o)
                0x0000432c                USBUART_ConfigAltChanged
 .text.USBUART_GetDeviceTablePtr
                0x00004448       0x18 .\CortexM3\ARM_GCC_493\Debug\freesoc.a(USBUART_std.o)
                0x00004448                USBUART_GetDeviceTablePtr
 .text.USBUART_GetInterfaceClassTablePtr
                0x00004460       0x24 .\CortexM3\ARM_GCC_493\Debug\freesoc.a(USBUART_std.o)
                0x00004460                USBUART_GetInterfaceClassTablePtr
 .text.USBUART_Config
                0x00004484      0x1dc .\CortexM3\ARM_GCC_493\Debug\freesoc.a(USBUART_std.o)
                0x00004484                USBUART_Config
 .text.USBUART_SetEndpointHalt
                0x00004660       0x64 .\CortexM3\ARM_GCC_493\Debug\freesoc.a(USBUART_std.o)
                0x00004660                USBUART_SetEndpointHalt
 .text.USBUART_ClearEndpointHalt
                0x000046c4       0xa8 .\CortexM3\ARM_GCC_493\Debug\freesoc.a(USBUART_std.o)
                0x000046c4                USBUART_ClearEndpointHalt
 .text.USBUART_ValidateAlternateSetting
                0x0000476c       0x4c .\CortexM3\ARM_GCC_493\Debug\freesoc.a(USBUART_std.o)
                0x0000476c                USBUART_ValidateAlternateSetting
 .text.USBUART_HandleStandardRqst
                0x000047b8      0x35c .\CortexM3\ARM_GCC_493\Debug\freesoc.a(USBUART_std.o)
                0x000047b8                USBUART_HandleStandardRqst
 .text.USBUART_HandleVendorRqst
                0x00004b14       0x3c .\CortexM3\ARM_GCC_493\Debug\freesoc.a(USBUART_vnd.o)
                0x00004b14                USBUART_HandleVendorRqst
 .text.USBUART_Dp_ClearInterrupt
                0x00004b50       0x10 .\CortexM3\ARM_GCC_493\Debug\freesoc.a(USBUART_Dp.o)
                0x00004b50                USBUART_Dp_ClearInterrupt
 .text.CyFlashGetSpcAlgorithm
                0x00004b60       0x4c .\CortexM3\ARM_GCC_493\Debug\freesoc.a(CyFlash.o)
 .text.CySetTempInt
                0x00004bac       0x60 .\CortexM3\ARM_GCC_493\Debug\freesoc.a(CyFlash.o)
 .text.CySetTemp
                0x00004c0c       0x14 .\CortexM3\ARM_GCC_493\Debug\freesoc.a(CyFlash.o)
                0x00004c0c                CySetTemp
 .text.CyEEPROM_Start
                0x00004c20       0x54 .\CortexM3\ARM_GCC_493\Debug\freesoc.a(CyFlash.o)
                0x00004c20                CyEEPROM_Start
 .text.CySpcStart
                0x00004c74       0x24 .\CortexM3\ARM_GCC_493\Debug\freesoc.a(CySpc.o)
                0x00004c74                CySpcStart
 .text.CySpcReadData
                0x00004c98       0x34 .\CortexM3\ARM_GCC_493\Debug\freesoc.a(CySpc.o)
                0x00004c98                CySpcReadData
 .text.CySpcLoadMultiByte
                0x00004ccc       0x78 .\CortexM3\ARM_GCC_493\Debug\freesoc.a(CySpc.o)
                0x00004ccc                CySpcLoadMultiByte
 .text.CySpcLoadRow
                0x00004d44       0x54 .\CortexM3\ARM_GCC_493\Debug\freesoc.a(CySpc.o)
                0x00004d44                CySpcLoadRow
 .text.CySpcWriteRow
                0x00004d98       0x4c .\CortexM3\ARM_GCC_493\Debug\freesoc.a(CySpc.o)
                0x00004d98                CySpcWriteRow
 .text.CySpcGetTemp
                0x00004de4       0x3c .\CortexM3\ARM_GCC_493\Debug\freesoc.a(CySpc.o)
                0x00004de4                CySpcGetTemp
 .text.CySpcLock
                0x00004e20       0x4c .\CortexM3\ARM_GCC_493\Debug\freesoc.a(CySpc.o)
                0x00004e20                CySpcLock
 .text.CySpcUnlock
                0x00004e6c       0x38 .\CortexM3\ARM_GCC_493\Debug\freesoc.a(CySpc.o)
                0x00004e6c                CySpcUnlock
 .text.CySpcGetAlgorithm
                0x00004ea4       0x28 .\CortexM3\ARM_GCC_493\Debug\freesoc.a(CySpc.o)
                0x00004ea4                CySpcGetAlgorithm
 .text.USBUART_DispatchClassRqst
                0x00004ecc       0x60 .\CortexM3\ARM_GCC_493\Debug\freesoc.a(USBUART_cls.o)
                0x00004ecc                USBUART_DispatchClassRqst
 .text.cos      0x00004f2c       0x90 c:/program files (x86)/cypress/psoc creator/3.3/psoc creator/import/gnu/arm/4.9.3/bin/../lib/gcc/arm-none-eabi/4.9.3/../../../../arm-none-eabi/lib/armv7-m\libm.a(lib_a-s_cos.o)
                0x00004f2c                cos
 .text.sin      0x00004fbc       0x94 c:/program files (x86)/cypress/psoc creator/3.3/psoc creator/import/gnu/arm/4.9.3/bin/../lib/gcc/arm-none-eabi/4.9.3/../../../../arm-none-eabi/lib/armv7-m\libm.a(lib_a-s_sin.o)
                0x00004fbc                sin
 .text.pow      0x00005050      0x2f0 c:/program files (x86)/cypress/psoc creator/3.3/psoc creator/import/gnu/arm/4.9.3/bin/../lib/gcc/arm-none-eabi/4.9.3/../../../../arm-none-eabi/lib/armv7-m\libm.a(lib_a-w_pow.o)
                0x00005050                pow
 .text.sqrt     0x00005340       0xac c:/program files (x86)/cypress/psoc creator/3.3/psoc creator/import/gnu/arm/4.9.3/bin/../lib/gcc/arm-none-eabi/4.9.3/../../../../arm-none-eabi/lib/armv7-m\libm.a(lib_a-w_sqrt.o)
                0x00005340                sqrt
 *fill*         0x000053ec        0x4 
 .text.__ieee754_pow
                0x000053f0      0xaa0 c:/program files (x86)/cypress/psoc creator/3.3/psoc creator/import/gnu/arm/4.9.3/bin/../lib/gcc/arm-none-eabi/4.9.3/../../../../arm-none-eabi/lib/armv7-m\libm.a(lib_a-e_pow.o)
                0x000053f0                __ieee754_pow
 .text.__ieee754_rem_pio2
                0x00005e90      0x428 c:/program files (x86)/cypress/psoc creator/3.3/psoc creator/import/gnu/arm/4.9.3/bin/../lib/gcc/arm-none-eabi/4.9.3/../../../../arm-none-eabi/lib/armv7-m\libm.a(lib_a-e_rem_pio2.o)
                0x00005e90                __ieee754_rem_pio2
 .text.__ieee754_sqrt
                0x000062b8      0x18c c:/program files (x86)/cypress/psoc creator/3.3/psoc creator/import/gnu/arm/4.9.3/bin/../lib/gcc/arm-none-eabi/4.9.3/../../../../arm-none-eabi/lib/armv7-m\libm.a(lib_a-e_sqrt.o)
                0x000062b8                __ieee754_sqrt
 *fill*         0x00006444        0x4 
 .text.__kernel_cos
                0x00006448      0x248 c:/program files (x86)/cypress/psoc creator/3.3/psoc creator/import/gnu/arm/4.9.3/bin/../lib/gcc/arm-none-eabi/4.9.3/../../../../arm-none-eabi/lib/armv7-m\libm.a(lib_a-k_cos.o)
                0x00006448                __kernel_cos
 .text.__kernel_rem_pio2
                0x00006690      0x808 c:/program files (x86)/cypress/psoc creator/3.3/psoc creator/import/gnu/arm/4.9.3/bin/../lib/gcc/arm-none-eabi/4.9.3/../../../../arm-none-eabi/lib/armv7-m\libm.a(lib_a-k_rem_pio2.o)
                0x00006690                __kernel_rem_pio2
 .text.__kernel_sin
                0x00006e98      0x170 c:/program files (x86)/cypress/psoc creator/3.3/psoc creator/import/gnu/arm/4.9.3/bin/../lib/gcc/arm-none-eabi/4.9.3/../../../../arm-none-eabi/lib/armv7-m\libm.a(lib_a-k_sin.o)
                0x00006e98                __kernel_sin
 .text.fabs     0x00007008        0x8 c:/program files (x86)/cypress/psoc creator/3.3/psoc creator/import/gnu/arm/4.9.3/bin/../lib/gcc/arm-none-eabi/4.9.3/../../../../arm-none-eabi/lib/armv7-m\libm.a(lib_a-s_fabs.o)
                0x00007008                fabs
 .text.finite   0x00007010        0xc c:/program files (x86)/cypress/psoc creator/3.3/psoc creator/import/gnu/arm/4.9.3/bin/../lib/gcc/arm-none-eabi/4.9.3/../../../../arm-none-eabi/lib/armv7-m\libm.a(lib_a-s_finite.o)
                0x00007010                finite
 *fill*         0x0000701c        0x4 
 .text.floor    0x00007020      0x118 c:/program files (x86)/cypress/psoc creator/3.3/psoc creator/import/gnu/arm/4.9.3/bin/../lib/gcc/arm-none-eabi/4.9.3/../../../../arm-none-eabi/lib/armv7-m\libm.a(lib_a-s_floor.o)
                0x00007020                floor
 .text.__fpclassifyd
                0x00007138       0x58 c:/program files (x86)/cypress/psoc creator/3.3/psoc creator/import/gnu/arm/4.9.3/bin/../lib/gcc/arm-none-eabi/4.9.3/../../../../arm-none-eabi/lib/armv7-m\libm.a(lib_a-s_fpclassify.o)
                0x00007138                __fpclassifyd
 .text.matherr  0x00007190        0x4 c:/program files (x86)/cypress/psoc creator/3.3/psoc creator/import/gnu/arm/4.9.3/bin/../lib/gcc/arm-none-eabi/4.9.3/../../../../arm-none-eabi/lib/armv7-m\libm.a(lib_a-s_matherr.o)
                0x00007190                matherr
 .text.nan      0x00007194        0xc c:/program files (x86)/cypress/psoc creator/3.3/psoc creator/import/gnu/arm/4.9.3/bin/../lib/gcc/arm-none-eabi/4.9.3/../../../../arm-none-eabi/lib/armv7-m\libm.a(lib_a-s_nan.o)
                0x00007194                nan
 .text.rint     0x000071a0      0x11c c:/program files (x86)/cypress/psoc creator/3.3/psoc creator/import/gnu/arm/4.9.3/bin/../lib/gcc/arm-none-eabi/4.9.3/../../../../arm-none-eabi/lib/armv7-m\libm.a(lib_a-s_rint.o)
                0x000071a0                rint
 *fill*         0x000072bc        0x4 
 .text.scalbn   0x000072c0       0xf0 c:/program files (x86)/cypress/psoc creator/3.3/psoc creator/import/gnu/arm/4.9.3/bin/../lib/gcc/arm-none-eabi/4.9.3/../../../../arm-none-eabi/lib/armv7-m\libm.a(lib_a-s_scalbn.o)
                0x000072c0                scalbn
 .text.copysign
                0x000073b0       0x10 c:/program files (x86)/cypress/psoc creator/3.3/psoc creator/import/gnu/arm/4.9.3/bin/../lib/gcc/arm-none-eabi/4.9.3/../../../../arm-none-eabi/lib/armv7-m\libm.a(lib_a-s_copysign.o)
                0x000073b0                copysign
 .text          0x000073c0      0x370 c:/program files (x86)/cypress/psoc creator/3.3/psoc creator/import/gnu/arm/4.9.3/bin/../lib/gcc/arm-none-eabi/4.9.3/armv7-m\libgcc.a(_arm_addsubdf3.o)
                0x000073c0                __aeabi_drsub
                0x000073c8                __aeabi_dsub
                0x000073c8                __subdf3
                0x000073cc                __aeabi_dadd
                0x000073cc                __adddf3
                0x00007644                __floatunsidf
                0x00007644                __aeabi_ui2d
                0x00007664                __floatsidf
                0x00007664                __aeabi_i2d
                0x00007688                __aeabi_f2d
                0x00007688                __extendsfdf2
                0x000076c4                __floatundidf
                0x000076c4                __aeabi_ul2d
                0x000076d4                __floatdidf
                0x000076d4                __aeabi_l2d
 .text          0x00007730      0x424 c:/program files (x86)/cypress/psoc creator/3.3/psoc creator/import/gnu/arm/4.9.3/bin/../lib/gcc/arm-none-eabi/4.9.3/armv7-m\libgcc.a(_arm_muldivdf3.o)
                0x00007730                __aeabi_dmul
                0x00007730                __muldf3
                0x00007984                __divdf3
                0x00007984                __aeabi_ddiv
 .text          0x00007b54      0x110 c:/program files (x86)/cypress/psoc creator/3.3/psoc creator/import/gnu/arm/4.9.3/bin/../lib/gcc/arm-none-eabi/4.9.3/armv7-m\libgcc.a(_arm_cmpdf2.o)
                0x00007b54                __gtdf2
                0x00007b54                __gedf2
                0x00007b5c                __ltdf2
                0x00007b5c                __ledf2
                0x00007b64                __nedf2
                0x00007b64                __eqdf2
                0x00007b64                __cmpdf2
                0x00007be0                __aeabi_cdrcmple
                0x00007bf0                __aeabi_cdcmpeq
                0x00007bf0                __aeabi_cdcmple
                0x00007c00                __aeabi_dcmpeq
                0x00007c14                __aeabi_dcmplt
                0x00007c28                __aeabi_dcmple
                0x00007c3c                __aeabi_dcmpge
                0x00007c50                __aeabi_dcmpgt
 .text          0x00007c64       0x50 c:/program files (x86)/cypress/psoc creator/3.3/psoc creator/import/gnu/arm/4.9.3/bin/../lib/gcc/arm-none-eabi/4.9.3/armv7-m\libgcc.a(_arm_fixdfsi.o)
                0x00007c64                __aeabi_d2iz
                0x00007c64                __fixdfsi
 .text          0x00007cb4       0x40 c:/program files (x86)/cypress/psoc creator/3.3/psoc creator/import/gnu/arm/4.9.3/bin/../lib/gcc/arm-none-eabi/4.9.3/armv7-m\libgcc.a(_arm_fixunsdfsi.o)
                0x00007cb4                __aeabi_d2uiz
                0x00007cb4                __fixunsdfsi
 .text          0x00007cf4       0xa0 c:/program files (x86)/cypress/psoc creator/3.3/psoc creator/import/gnu/arm/4.9.3/bin/../lib/gcc/arm-none-eabi/4.9.3/armv7-m\libgcc.a(_arm_truncdfsf2.o)
                0x00007cf4                __truncdfsf2
                0x00007cf4                __aeabi_d2f
 .text          0x00007d94      0x21c c:/program files (x86)/cypress/psoc creator/3.3/psoc creator/import/gnu/arm/4.9.3/bin/../lib/gcc/arm-none-eabi/4.9.3/armv7-m\libgcc.a(_arm_addsubsf3.o)
                0x00007d94                __aeabi_frsub
                0x00007d9c                __subsf3
                0x00007d9c                __aeabi_fsub
                0x00007da0                __aeabi_fadd
                0x00007da0                __addsf3
                0x00007f00                __aeabi_ui2f
                0x00007f00                __floatunsisf
                0x00007f08                __aeabi_i2f
                0x00007f08                __floatsisf
                0x00007f24                __aeabi_ul2f
                0x00007f24                __floatundisf
                0x00007f34                __aeabi_l2f
                0x00007f34                __floatdisf
 .text          0x00007fb0      0x2a0 c:/program files (x86)/cypress/psoc creator/3.3/psoc creator/import/gnu/arm/4.9.3/bin/../lib/gcc/arm-none-eabi/4.9.3/armv7-m\libgcc.a(_arm_muldivsf3.o)
                0x00007fb0                __mulsf3
                0x00007fb0                __aeabi_fmul
                0x00008118                __aeabi_fdiv
                0x00008118                __divsf3
 .text          0x00008250       0xec c:/program files (x86)/cypress/psoc creator/3.3/psoc creator/import/gnu/arm/4.9.3/bin/../lib/gcc/arm-none-eabi/4.9.3/armv7-m\libgcc.a(_arm_cmpsf2.o)
                0x00008250                __gesf2
                0x00008250                __gtsf2
                0x00008258                __lesf2
                0x00008258                __ltsf2
                0x00008260                __nesf2
                0x00008260                __eqsf2
                0x00008260                __cmpsf2
                0x000082c0                __aeabi_cfrcmple
                0x000082c8                __aeabi_cfcmpeq
                0x000082c8                __aeabi_cfcmple
                0x000082d8                __aeabi_fcmpeq
                0x000082ec                __aeabi_fcmplt
                0x00008300                __aeabi_fcmple
                0x00008314                __aeabi_fcmpge
                0x00008328                __aeabi_fcmpgt
 .text          0x0000833c       0x4c c:/program files (x86)/cypress/psoc creator/3.3/psoc creator/import/gnu/arm/4.9.3/bin/../lib/gcc/arm-none-eabi/4.9.3/armv7-m\libgcc.a(_arm_fixsfsi.o)
                0x0000833c                __aeabi_f2iz
                0x0000833c                __fixsfsi
 .text.__assert_func
                0x00008388       0x38 c:/program files (x86)/cypress/psoc creator/3.3/psoc creator/import/gnu/arm/4.9.3/bin/../lib/gcc/arm-none-eabi/4.9.3/../../../../arm-none-eabi/lib/armv7-m\libg_nano.a(lib_a-assert.o)
                0x00008388                __assert_func
 .text.atof     0x000083c0        0x6 c:/program files (x86)/cypress/psoc creator/3.3/psoc creator/import/gnu/arm/4.9.3/bin/../lib/gcc/arm-none-eabi/4.9.3/../../../../arm-none-eabi/lib/armv7-m\libg_nano.a(lib_a-atof.o)
                0x000083c0                atof
 *fill*         0x000083c6        0x2 
 .text.__errno  0x000083c8        0xc c:/program files (x86)/cypress/psoc creator/3.3/psoc creator/import/gnu/arm/4.9.3/bin/../lib/gcc/arm-none-eabi/4.9.3/../../../../arm-none-eabi/lib/armv7-m\libg_nano.a(lib_a-errno.o)
                0x000083c8                __errno
 .text.fprintf  0x000083d4       0x24 c:/program files (x86)/cypress/psoc creator/3.3/psoc creator/import/gnu/arm/4.9.3/bin/../lib/gcc/arm-none-eabi/4.9.3/../../../../arm-none-eabi/lib/armv7-m\libg_nano.a(lib_a-fprintf.o)
                0x000083d4                fiprintf
                0x000083d4                fprintf
 .text.__libc_init_array
                0x000083f8       0x4c c:/program files (x86)/cypress/psoc creator/3.3/psoc creator/import/gnu/arm/4.9.3/bin/../lib/gcc/arm-none-eabi/4.9.3/../../../../arm-none-eabi/lib/armv7-m\libg_nano.a(lib_a-init.o)
                0x000083f8                __libc_init_array
 .text.__itoa   0x00008444       0x2e c:/program files (x86)/cypress/psoc creator/3.3/psoc creator/import/gnu/arm/4.9.3/bin/../lib/gcc/arm-none-eabi/4.9.3/../../../../arm-none-eabi/lib/armv7-m\libg_nano.a(lib_a-itoa.o)
                0x00008444                __itoa
 .text.itoa     0x00008472        0x4 c:/program files (x86)/cypress/psoc creator/3.3/psoc creator/import/gnu/arm/4.9.3/bin/../lib/gcc/arm-none-eabi/4.9.3/../../../../arm-none-eabi/lib/armv7-m\libg_nano.a(lib_a-itoa.o)
                0x00008472                itoa
 .text.memcpy   0x00008476       0x16 c:/program files (x86)/cypress/psoc creator/3.3/psoc creator/import/gnu/arm/4.9.3/bin/../lib/gcc/arm-none-eabi/4.9.3/../../../../arm-none-eabi/lib/armv7-m\libg_nano.a(lib_a-memcpy.o)
                0x00008476                memcpy
 .text.memset   0x0000848c       0x10 c:/program files (x86)/cypress/psoc creator/3.3/psoc creator/import/gnu/arm/4.9.3/bin/../lib/gcc/arm-none-eabi/4.9.3/../../../../arm-none-eabi/lib/armv7-m\libg_nano.a(lib_a-memset.o)
                0x0000848c                memset
 .text.__sfputc_r
                0x0000849c       0x2c c:/program files (x86)/cypress/psoc creator/3.3/psoc creator/import/gnu/arm/4.9.3/bin/../lib/gcc/arm-none-eabi/4.9.3/../../../../arm-none-eabi/lib/armv7-m\libg_nano.a(lib_a-nano-vfprintf.o)
 .text.__sfputs_r
                0x000084c8       0x24 c:/program files (x86)/cypress/psoc creator/3.3/psoc creator/import/gnu/arm/4.9.3/bin/../lib/gcc/arm-none-eabi/4.9.3/../../../../arm-none-eabi/lib/armv7-m\libg_nano.a(lib_a-nano-vfprintf.o)
                0x000084c8                __sfputs_r
 .text._vfprintf_r
                0x000084ec      0x210 c:/program files (x86)/cypress/psoc creator/3.3/psoc creator/import/gnu/arm/4.9.3/bin/../lib/gcc/arm-none-eabi/4.9.3/../../../../arm-none-eabi/lib/armv7-m\libg_nano.a(lib_a-nano-vfprintf.o)
                0x000084ec                _vfprintf_r
                0x000084ec                _vfiprintf_r
 .text.__cvt    0x000086fc       0xbc c:/program files (x86)/cypress/psoc creator/3.3/psoc creator/import/gnu/arm/4.9.3/bin/../lib/gcc/arm-none-eabi/4.9.3/../../../../arm-none-eabi/lib/armv7-m\libg_nano.a(lib_a-nano-vfprintf_float.o)
                0x000086fc                __cvt
 .text.__exponent
                0x000087b8       0x62 c:/program files (x86)/cypress/psoc creator/3.3/psoc creator/import/gnu/arm/4.9.3/bin/../lib/gcc/arm-none-eabi/4.9.3/../../../../arm-none-eabi/lib/armv7-m\libg_nano.a(lib_a-nano-vfprintf_float.o)
                0x000087b8                __exponent
 *fill*         0x0000881a        0x2 
 .text._printf_float
                0x0000881c      0x48c c:/program files (x86)/cypress/psoc creator/3.3/psoc creator/import/gnu/arm/4.9.3/bin/../lib/gcc/arm-none-eabi/4.9.3/../../../../arm-none-eabi/lib/armv7-m\libg_nano.a(lib_a-nano-vfprintf_float.o)
                0x0000881c                _printf_float
 .text._printf_common
                0x00008ca8       0xea c:/program files (x86)/cypress/psoc creator/3.3/psoc creator/import/gnu/arm/4.9.3/bin/../lib/gcc/arm-none-eabi/4.9.3/../../../../arm-none-eabi/lib/armv7-m\libg_nano.a(lib_a-nano-vfprintf_i.o)
                0x00008ca8                _printf_common
 *fill*         0x00008d92        0x2 
 .text._printf_i
                0x00008d94      0x240 c:/program files (x86)/cypress/psoc creator/3.3/psoc creator/import/gnu/arm/4.9.3/bin/../lib/gcc/arm-none-eabi/4.9.3/../../../../arm-none-eabi/lib/armv7-m\libg_nano.a(lib_a-nano-vfprintf_i.o)
                0x00008d94                _printf_i
 .text.sprintf  0x00008fd4       0x48 c:/program files (x86)/cypress/psoc creator/3.3/psoc creator/import/gnu/arm/4.9.3/bin/../lib/gcc/arm-none-eabi/4.9.3/../../../../arm-none-eabi/lib/armv7-m\libg_nano.a(lib_a-sprintf.o)
                0x00008fd4                siprintf
                0x00008fd4                sprintf
 .text.strlen   0x0000901c       0x10 c:/program files (x86)/cypress/psoc creator/3.3/psoc creator/import/gnu/arm/4.9.3/bin/../lib/gcc/arm-none-eabi/4.9.3/../../../../arm-none-eabi/lib/armv7-m\libg_nano.a(lib_a-strlen.o)
                0x0000901c                strlen
 .text.match    0x0000902c       0x26 c:/program files (x86)/cypress/psoc creator/3.3/psoc creator/import/gnu/arm/4.9.3/bin/../lib/gcc/arm-none-eabi/4.9.3/../../../../arm-none-eabi/lib/armv7-m\libg_nano.a(lib_a-strtod.o)
 .text.sulp     0x00009052       0x42 c:/program files (x86)/cypress/psoc creator/3.3/psoc creator/import/gnu/arm/4.9.3/bin/../lib/gcc/arm-none-eabi/4.9.3/../../../../arm-none-eabi/lib/armv7-m\libg_nano.a(lib_a-strtod.o)
 *fill*         0x00009094        0x4 
 .text._strtod_r
                0x00009098      0xc40 c:/program files (x86)/cypress/psoc creator/3.3/psoc creator/import/gnu/arm/4.9.3/bin/../lib/gcc/arm-none-eabi/4.9.3/../../../../arm-none-eabi/lib/armv7-m\libg_nano.a(lib_a-strtod.o)
                0x00009098                _strtod_r
 .text.strtod   0x00009cd8       0x14 c:/program files (x86)/cypress/psoc creator/3.3/psoc creator/import/gnu/arm/4.9.3/bin/../lib/gcc/arm-none-eabi/4.9.3/../../../../arm-none-eabi/lib/armv7-m\libg_nano.a(lib_a-strtod.o)
                0x00009cd8                strtod
 .text.__utoa   0x00009cec       0x78 c:/program files (x86)/cypress/psoc creator/3.3/psoc creator/import/gnu/arm/4.9.3/bin/../lib/gcc/arm-none-eabi/4.9.3/../../../../arm-none-eabi/lib/armv7-m\libg_nano.a(lib_a-utoa.o)
                0x00009cec                __utoa
 .text.__swbuf_r
                0x00009d64       0xa8 c:/program files (x86)/cypress/psoc creator/3.3/psoc creator/import/gnu/arm/4.9.3/bin/../lib/gcc/arm-none-eabi/4.9.3/../../../../arm-none-eabi/lib/armv7-m\libg_nano.a(lib_a-wbuf.o)
                0x00009d64                __swbuf_r
 .text.__swsetup_r
                0x00009e0c       0xd8 c:/program files (x86)/cypress/psoc creator/3.3/psoc creator/import/gnu/arm/4.9.3/bin/../lib/gcc/arm-none-eabi/4.9.3/../../../../arm-none-eabi/lib/armv7-m\libg_nano.a(lib_a-wsetup.o)
                0x00009e0c                __swsetup_r
 .text.abort    0x00009ee4        0xe c:/program files (x86)/cypress/psoc creator/3.3/psoc creator/import/gnu/arm/4.9.3/bin/../lib/gcc/arm-none-eabi/4.9.3/../../../../arm-none-eabi/lib/armv7-m\libg_nano.a(lib_a-abort.o)
                0x00009ee4                abort
 .text.quorem   0x00009ef2      0x114 c:/program files (x86)/cypress/psoc creator/3.3/psoc creator/import/gnu/arm/4.9.3/bin/../lib/gcc/arm-none-eabi/4.9.3/../../../../arm-none-eabi/lib/armv7-m\libg_nano.a(lib_a-dtoa.o)
 *fill*         0x0000a006        0x2 
 .text._dtoa_r  0x0000a008      0xb78 c:/program files (x86)/cypress/psoc creator/3.3/psoc creator/import/gnu/arm/4.9.3/bin/../lib/gcc/arm-none-eabi/4.9.3/../../../../arm-none-eabi/lib/armv7-m\libg_nano.a(lib_a-dtoa.o)
                0x0000a008                _dtoa_r
 .text.__sflush_r
                0x0000ab80      0x106 c:/program files (x86)/cypress/psoc creator/3.3/psoc creator/import/gnu/arm/4.9.3/bin/../lib/gcc/arm-none-eabi/4.9.3/../../../../arm-none-eabi/lib/armv7-m\libg_nano.a(lib_a-fflush.o)
                0x0000ab80                __sflush_r
 *fill*         0x0000ac86        0x2 
 .text._fflush_r
                0x0000ac88       0x54 c:/program files (x86)/cypress/psoc creator/3.3/psoc creator/import/gnu/arm/4.9.3/bin/../lib/gcc/arm-none-eabi/4.9.3/../../../../arm-none-eabi/lib/armv7-m\libg_nano.a(lib_a-fflush.o)
                0x0000ac88                _fflush_r
 .text._cleanup_r
                0x0000acdc        0xc c:/program files (x86)/cypress/psoc creator/3.3/psoc creator/import/gnu/arm/4.9.3/bin/../lib/gcc/arm-none-eabi/4.9.3/../../../../arm-none-eabi/lib/armv7-m\libg_nano.a(lib_a-findfp.o)
                0x0000acdc                _cleanup_r
 .text.std.isra.0
                0x0000ace8       0x48 c:/program files (x86)/cypress/psoc creator/3.3/psoc creator/import/gnu/arm/4.9.3/bin/../lib/gcc/arm-none-eabi/4.9.3/../../../../arm-none-eabi/lib/armv7-m\libg_nano.a(lib_a-findfp.o)
 .text.__sfmoreglue
                0x0000ad30       0x2c c:/program files (x86)/cypress/psoc creator/3.3/psoc creator/import/gnu/arm/4.9.3/bin/../lib/gcc/arm-none-eabi/4.9.3/../../../../arm-none-eabi/lib/armv7-m\libg_nano.a(lib_a-findfp.o)
                0x0000ad30                __sfmoreglue
 .text.__sinit  0x0000ad5c       0x60 c:/program files (x86)/cypress/psoc creator/3.3/psoc creator/import/gnu/arm/4.9.3/bin/../lib/gcc/arm-none-eabi/4.9.3/../../../../arm-none-eabi/lib/armv7-m\libg_nano.a(lib_a-findfp.o)
                0x0000ad5c                __sinit
 .text.__sfp    0x0000adbc       0x74 c:/program files (x86)/cypress/psoc creator/3.3/psoc creator/import/gnu/arm/4.9.3/bin/../lib/gcc/arm-none-eabi/4.9.3/../../../../arm-none-eabi/lib/armv7-m\libg_nano.a(lib_a-findfp.o)
                0x0000adbc                __sfp
 .text._fwalk_reent
                0x0000ae30       0x3c c:/program files (x86)/cypress/psoc creator/3.3/psoc creator/import/gnu/arm/4.9.3/bin/../lib/gcc/arm-none-eabi/4.9.3/../../../../arm-none-eabi/lib/armv7-m\libg_nano.a(lib_a-fwalk.o)
                0x0000ae30                _fwalk_reent
 .text.rshift   0x0000ae6c       0x6c c:/program files (x86)/cypress/psoc creator/3.3/psoc creator/import/gnu/arm/4.9.3/bin/../lib/gcc/arm-none-eabi/4.9.3/../../../../arm-none-eabi/lib/armv7-m\libg_nano.a(lib_a-gdtoa-gethex.o)
 .text.__hexdig_fun
                0x0000aed8       0x2a c:/program files (x86)/cypress/psoc creator/3.3/psoc creator/import/gnu/arm/4.9.3/bin/../lib/gcc/arm-none-eabi/4.9.3/../../../../arm-none-eabi/lib/armv7-m\libg_nano.a(lib_a-gdtoa-gethex.o)
                0x0000aed8                __hexdig_fun
 .text.__gethex
                0x0000af02      0x44a c:/program files (x86)/cypress/psoc creator/3.3/psoc creator/import/gnu/arm/4.9.3/bin/../lib/gcc/arm-none-eabi/4.9.3/../../../../arm-none-eabi/lib/armv7-m\libg_nano.a(lib_a-gdtoa-gethex.o)
                0x0000af02                __gethex
 .text.L_shift  0x0000b34c       0x24 c:/program files (x86)/cypress/psoc creator/3.3/psoc creator/import/gnu/arm/4.9.3/bin/../lib/gcc/arm-none-eabi/4.9.3/../../../../arm-none-eabi/lib/armv7-m\libg_nano.a(lib_a-gdtoa-hexnan.o)
 .text.__hexnan
                0x0000b370      0x114 c:/program files (x86)/cypress/psoc creator/3.3/psoc creator/import/gnu/arm/4.9.3/bin/../lib/gcc/arm-none-eabi/4.9.3/../../../../arm-none-eabi/lib/armv7-m\libg_nano.a(lib_a-gdtoa-hexnan.o)
                0x0000b370                __hexnan
 .text._localeconv_r
                0x0000b484        0x8 c:/program files (x86)/cypress/psoc creator/3.3/psoc creator/import/gnu/arm/4.9.3/bin/../lib/gcc/arm-none-eabi/4.9.3/../../../../arm-none-eabi/lib/armv7-m\libg_nano.a(lib_a-locale.o)
                0x0000b484                _localeconv_r
 .text.__smakebuf_r
                0x0000b48c       0x98 c:/program files (x86)/cypress/psoc creator/3.3/psoc creator/import/gnu/arm/4.9.3/bin/../lib/gcc/arm-none-eabi/4.9.3/../../../../arm-none-eabi/lib/armv7-m\libg_nano.a(lib_a-makebuf.o)
                0x0000b48c                __smakebuf_r
 .text.malloc   0x0000b524       0x10 c:/program files (x86)/cypress/psoc creator/3.3/psoc creator/import/gnu/arm/4.9.3/bin/../lib/gcc/arm-none-eabi/4.9.3/../../../../arm-none-eabi/lib/armv7-m\libg_nano.a(lib_a-malloc.o)
                0x0000b524                malloc
 .text.memchr   0x0000b534       0x1c c:/program files (x86)/cypress/psoc creator/3.3/psoc creator/import/gnu/arm/4.9.3/bin/../lib/gcc/arm-none-eabi/4.9.3/../../../../arm-none-eabi/lib/armv7-m\libg_nano.a(lib_a-memchr.o)
                0x0000b534                memchr
 .text.memmove  0x0000b550       0x36 c:/program files (x86)/cypress/psoc creator/3.3/psoc creator/import/gnu/arm/4.9.3/bin/../lib/gcc/arm-none-eabi/4.9.3/../../../../arm-none-eabi/lib/armv7-m\libg_nano.a(lib_a-memmove.o)
                0x0000b550                memmove
 .text._Balloc  0x0000b586       0x6a c:/program files (x86)/cypress/psoc creator/3.3/psoc creator/import/gnu/arm/4.9.3/bin/../lib/gcc/arm-none-eabi/4.9.3/../../../../arm-none-eabi/lib/armv7-m\libg_nano.a(lib_a-mprec.o)
                0x0000b586                _Balloc
 .text._Bfree   0x0000b5f0       0x2e c:/program files (x86)/cypress/psoc creator/3.3/psoc creator/import/gnu/arm/4.9.3/bin/../lib/gcc/arm-none-eabi/4.9.3/../../../../arm-none-eabi/lib/armv7-m\libg_nano.a(lib_a-mprec.o)
                0x0000b5f0                _Bfree
 .text.__multadd
                0x0000b61e       0x7c c:/program files (x86)/cypress/psoc creator/3.3/psoc creator/import/gnu/arm/4.9.3/bin/../lib/gcc/arm-none-eabi/4.9.3/../../../../arm-none-eabi/lib/armv7-m\libg_nano.a(lib_a-mprec.o)
                0x0000b61e                __multadd
 .text.__s2b    0x0000b69a       0x80 c:/program files (x86)/cypress/psoc creator/3.3/psoc creator/import/gnu/arm/4.9.3/bin/../lib/gcc/arm-none-eabi/4.9.3/../../../../arm-none-eabi/lib/armv7-m\libg_nano.a(lib_a-mprec.o)
                0x0000b69a                __s2b
 .text.__hi0bits
                0x0000b71a       0x40 c:/program files (x86)/cypress/psoc creator/3.3/psoc creator/import/gnu/arm/4.9.3/bin/../lib/gcc/arm-none-eabi/4.9.3/../../../../arm-none-eabi/lib/armv7-m\libg_nano.a(lib_a-mprec.o)
                0x0000b71a                __hi0bits
 .text.__lo0bits
                0x0000b75a       0x5a c:/program files (x86)/cypress/psoc creator/3.3/psoc creator/import/gnu/arm/4.9.3/bin/../lib/gcc/arm-none-eabi/4.9.3/../../../../arm-none-eabi/lib/armv7-m\libg_nano.a(lib_a-mprec.o)
                0x0000b75a                __lo0bits
 .text.__i2b    0x0000b7b4       0x12 c:/program files (x86)/cypress/psoc creator/3.3/psoc creator/import/gnu/arm/4.9.3/bin/../lib/gcc/arm-none-eabi/4.9.3/../../../../arm-none-eabi/lib/armv7-m\libg_nano.a(lib_a-mprec.o)
                0x0000b7b4                __i2b
 .text.__multiply
                0x0000b7c6      0x120 c:/program files (x86)/cypress/psoc creator/3.3/psoc creator/import/gnu/arm/4.9.3/bin/../lib/gcc/arm-none-eabi/4.9.3/../../../../arm-none-eabi/lib/armv7-m\libg_nano.a(lib_a-mprec.o)
                0x0000b7c6                __multiply
 *fill*         0x0000b8e6        0x2 
 .text.__pow5mult
                0x0000b8e8       0x9c c:/program files (x86)/cypress/psoc creator/3.3/psoc creator/import/gnu/arm/4.9.3/bin/../lib/gcc/arm-none-eabi/4.9.3/../../../../arm-none-eabi/lib/armv7-m\libg_nano.a(lib_a-mprec.o)
                0x0000b8e8                __pow5mult
 .text.__lshift
                0x0000b984       0xa6 c:/program files (x86)/cypress/psoc creator/3.3/psoc creator/import/gnu/arm/4.9.3/bin/../lib/gcc/arm-none-eabi/4.9.3/../../../../arm-none-eabi/lib/armv7-m\libg_nano.a(lib_a-mprec.o)
                0x0000b984                __lshift
 .text.__mcmp   0x0000ba2a       0x38 c:/program files (x86)/cypress/psoc creator/3.3/psoc creator/import/gnu/arm/4.9.3/bin/../lib/gcc/arm-none-eabi/4.9.3/../../../../arm-none-eabi/lib/armv7-m\libg_nano.a(lib_a-mprec.o)
                0x0000ba2a                __mcmp
 .text.__mdiff  0x0000ba62       0xbe c:/program files (x86)/cypress/psoc creator/3.3/psoc creator/import/gnu/arm/4.9.3/bin/../lib/gcc/arm-none-eabi/4.9.3/../../../../arm-none-eabi/lib/armv7-m\libg_nano.a(lib_a-mprec.o)
                0x0000ba62                __mdiff
 .text.__ulp    0x0000bb20       0x48 c:/program files (x86)/cypress/psoc creator/3.3/psoc creator/import/gnu/arm/4.9.3/bin/../lib/gcc/arm-none-eabi/4.9.3/../../../../arm-none-eabi/lib/armv7-m\libg_nano.a(lib_a-mprec.o)
                0x0000bb20                __ulp
 .text.__b2d    0x0000bb68       0x9e c:/program files (x86)/cypress/psoc creator/3.3/psoc creator/import/gnu/arm/4.9.3/bin/../lib/gcc/arm-none-eabi/4.9.3/../../../../arm-none-eabi/lib/armv7-m\libg_nano.a(lib_a-mprec.o)
                0x0000bb68                __b2d
 .text.__d2b    0x0000bc06       0xa4 c:/program files (x86)/cypress/psoc creator/3.3/psoc creator/import/gnu/arm/4.9.3/bin/../lib/gcc/arm-none-eabi/4.9.3/../../../../arm-none-eabi/lib/armv7-m\libg_nano.a(lib_a-mprec.o)
                0x0000bc06                __d2b
 .text.__ratio  0x0000bcaa       0x50 c:/program files (x86)/cypress/psoc creator/3.3/psoc creator/import/gnu/arm/4.9.3/bin/../lib/gcc/arm-none-eabi/4.9.3/../../../../arm-none-eabi/lib/armv7-m\libg_nano.a(lib_a-mprec.o)
                0x0000bcaa                __ratio
 .text.__copybits
                0x0000bcfa       0x34 c:/program files (x86)/cypress/psoc creator/3.3/psoc creator/import/gnu/arm/4.9.3/bin/../lib/gcc/arm-none-eabi/4.9.3/../../../../arm-none-eabi/lib/armv7-m\libg_nano.a(lib_a-mprec.o)
                0x0000bcfa                __copybits
 .text.__any_on
                0x0000bd2e       0x44 c:/program files (x86)/cypress/psoc creator/3.3/psoc creator/import/gnu/arm/4.9.3/bin/../lib/gcc/arm-none-eabi/4.9.3/../../../../arm-none-eabi/lib/armv7-m\libg_nano.a(lib_a-mprec.o)
                0x0000bd2e                __any_on
 .text._calloc_r
                0x0000bd72       0x1c c:/program files (x86)/cypress/psoc creator/3.3/psoc creator/import/gnu/arm/4.9.3/bin/../lib/gcc/arm-none-eabi/4.9.3/../../../../arm-none-eabi/lib/armv7-m\libg_nano.a(lib_a-nano-callocr.o)
                0x0000bd72                _calloc_r
 *fill*         0x0000bd8e        0x2 
 .text._free_r  0x0000bd90       0x88 c:/program files (x86)/cypress/psoc creator/3.3/psoc creator/import/gnu/arm/4.9.3/bin/../lib/gcc/arm-none-eabi/4.9.3/../../../../arm-none-eabi/lib/armv7-m\libg_nano.a(lib_a-nano-freer.o)
                0x0000bd90                _free_r
 .text._malloc_r
                0x0000be18       0xac c:/program files (x86)/cypress/psoc creator/3.3/psoc creator/import/gnu/arm/4.9.3/bin/../lib/gcc/arm-none-eabi/4.9.3/../../../../arm-none-eabi/lib/armv7-m\libg_nano.a(lib_a-nano-mallocr.o)
                0x0000be18                _malloc_r
 .text._realloc_r
                0x0000bec4       0x4c c:/program files (x86)/cypress/psoc creator/3.3/psoc creator/import/gnu/arm/4.9.3/bin/../lib/gcc/arm-none-eabi/4.9.3/../../../../arm-none-eabi/lib/armv7-m\libg_nano.a(lib_a-nano-reallocr.o)
                0x0000bec4                _realloc_r
 .text.__ssputs_r
                0x0000bf10       0xb2 c:/program files (x86)/cypress/psoc creator/3.3/psoc creator/import/gnu/arm/4.9.3/bin/../lib/gcc/arm-none-eabi/4.9.3/../../../../arm-none-eabi/lib/armv7-m\libg_nano.a(lib_a-nano-svfprintf.o)
                0x0000bf10                __ssputs_r
 *fill*         0x0000bfc2        0x2 
 .text._svfprintf_r
                0x0000bfc4      0x1e4 c:/program files (x86)/cypress/psoc creator/3.3/psoc creator/import/gnu/arm/4.9.3/bin/../lib/gcc/arm-none-eabi/4.9.3/../../../../arm-none-eabi/lib/armv7-m\libg_nano.a(lib_a-nano-svfprintf.o)
                0x0000bfc4                _svfiprintf_r
                0x0000bfc4                _svfprintf_r
 .text._sbrk_r  0x0000c1a8       0x20 c:/program files (x86)/cypress/psoc creator/3.3/psoc creator/import/gnu/arm/4.9.3/bin/../lib/gcc/arm-none-eabi/4.9.3/../../../../arm-none-eabi/lib/armv7-m\libg_nano.a(lib_a-sbrkr.o)
                0x0000c1a8                _sbrk_r
 .text._raise_r
                0x0000c1c8       0x50 c:/program files (x86)/cypress/psoc creator/3.3/psoc creator/import/gnu/arm/4.9.3/bin/../lib/gcc/arm-none-eabi/4.9.3/../../../../arm-none-eabi/lib/armv7-m\libg_nano.a(lib_a-signal.o)
                0x0000c1c8                _raise_r
 .text.raise    0x0000c218       0x10 c:/program files (x86)/cypress/psoc creator/3.3/psoc creator/import/gnu/arm/4.9.3/bin/../lib/gcc/arm-none-eabi/4.9.3/../../../../arm-none-eabi/lib/armv7-m\libg_nano.a(lib_a-signal.o)
                0x0000c218                raise
 .text._kill_r  0x0000c228       0x24 c:/program files (x86)/cypress/psoc creator/3.3/psoc creator/import/gnu/arm/4.9.3/bin/../lib/gcc/arm-none-eabi/4.9.3/../../../../arm-none-eabi/lib/armv7-m\libg_nano.a(lib_a-signalr.o)
                0x0000c228                _kill_r
 .text._getpid_r
                0x0000c24c        0x4 c:/program files (x86)/cypress/psoc creator/3.3/psoc creator/import/gnu/arm/4.9.3/bin/../lib/gcc/arm-none-eabi/4.9.3/../../../../arm-none-eabi/lib/armv7-m\libg_nano.a(lib_a-signalr.o)
                0x0000c24c                _getpid_r
 .text.__sread  0x0000c250       0x22 c:/program files (x86)/cypress/psoc creator/3.3/psoc creator/import/gnu/arm/4.9.3/bin/../lib/gcc/arm-none-eabi/4.9.3/../../../../arm-none-eabi/lib/armv7-m\libg_nano.a(lib_a-stdio.o)
                0x0000c250                __sread
 .text.__swrite
                0x0000c272       0x38 c:/program files (x86)/cypress/psoc creator/3.3/psoc creator/import/gnu/arm/4.9.3/bin/../lib/gcc/arm-none-eabi/4.9.3/../../../../arm-none-eabi/lib/armv7-m\libg_nano.a(lib_a-stdio.o)
                0x0000c272                __swrite
 .text.__sseek  0x0000c2aa       0x24 c:/program files (x86)/cypress/psoc creator/3.3/psoc creator/import/gnu/arm/4.9.3/bin/../lib/gcc/arm-none-eabi/4.9.3/../../../../arm-none-eabi/lib/armv7-m\libg_nano.a(lib_a-stdio.o)
                0x0000c2aa                __sseek
 .text.__sclose
                0x0000c2ce        0x8 c:/program files (x86)/cypress/psoc creator/3.3/psoc creator/import/gnu/arm/4.9.3/bin/../lib/gcc/arm-none-eabi/4.9.3/../../../../arm-none-eabi/lib/armv7-m\libg_nano.a(lib_a-stdio.o)
                0x0000c2ce                __sclose
 .text.strncmp  0x0000c2d6       0x32 c:/program files (x86)/cypress/psoc creator/3.3/psoc creator/import/gnu/arm/4.9.3/bin/../lib/gcc/arm-none-eabi/4.9.3/../../../../arm-none-eabi/lib/armv7-m\libg_nano.a(lib_a-strncmp.o)
                0x0000c2d6                strncmp
 .text._write_r
                0x0000c308       0x24 c:/program files (x86)/cypress/psoc creator/3.3/psoc creator/import/gnu/arm/4.9.3/bin/../lib/gcc/arm-none-eabi/4.9.3/../../../../arm-none-eabi/lib/armv7-m\libg_nano.a(lib_a-writer.o)
                0x0000c308                _write_r
 .text._close_r
                0x0000c32c       0x20 c:/program files (x86)/cypress/psoc creator/3.3/psoc creator/import/gnu/arm/4.9.3/bin/../lib/gcc/arm-none-eabi/4.9.3/../../../../arm-none-eabi/lib/armv7-m\libg_nano.a(lib_a-closer.o)
                0x0000c32c                _close_r
 .text._fstat_r
                0x0000c34c       0x24 c:/program files (x86)/cypress/psoc creator/3.3/psoc creator/import/gnu/arm/4.9.3/bin/../lib/gcc/arm-none-eabi/4.9.3/../../../../arm-none-eabi/lib/armv7-m\libg_nano.a(lib_a-fstatr.o)
                0x0000c34c                _fstat_r
 .text._isatty_r
                0x0000c370       0x20 c:/program files (x86)/cypress/psoc creator/3.3/psoc creator/import/gnu/arm/4.9.3/bin/../lib/gcc/arm-none-eabi/4.9.3/../../../../arm-none-eabi/lib/armv7-m\libg_nano.a(lib_a-isattyr.o)
                0x0000c370                _isatty_r
 .text._lseek_r
                0x0000c390       0x24 c:/program files (x86)/cypress/psoc creator/3.3/psoc creator/import/gnu/arm/4.9.3/bin/../lib/gcc/arm-none-eabi/4.9.3/../../../../arm-none-eabi/lib/armv7-m\libg_nano.a(lib_a-lseekr.o)
                0x0000c390                _lseek_r
 .text._malloc_usable_size_r
                0x0000c3b4       0x14 c:/program files (x86)/cypress/psoc creator/3.3/psoc creator/import/gnu/arm/4.9.3/bin/../lib/gcc/arm-none-eabi/4.9.3/../../../../arm-none-eabi/lib/armv7-m\libg_nano.a(lib_a-nano-msizer.o)
                0x0000c3b4                _malloc_usable_size_r
 .text._read_r  0x0000c3c8       0x24 c:/program files (x86)/cypress/psoc creator/3.3/psoc creator/import/gnu/arm/4.9.3/bin/../lib/gcc/arm-none-eabi/4.9.3/../../../../arm-none-eabi/lib/armv7-m\libg_nano.a(lib_a-readr.o)
                0x0000c3c8                _read_r
 .text._close   0x0000c3ec       0x10 c:/program files (x86)/cypress/psoc creator/3.3/psoc creator/import/gnu/arm/4.9.3/bin/../lib/gcc/arm-none-eabi/4.9.3/../../../../arm-none-eabi/lib/armv7-m\libnosys.a(close.o)
                0x0000c3ec                _close
 .text._fstat   0x0000c3fc       0x10 c:/program files (x86)/cypress/psoc creator/3.3/psoc creator/import/gnu/arm/4.9.3/bin/../lib/gcc/arm-none-eabi/4.9.3/../../../../arm-none-eabi/lib/armv7-m\libnosys.a(fstat.o)
                0x0000c3fc                _fstat
 .text._getpid  0x0000c40c       0x10 c:/program files (x86)/cypress/psoc creator/3.3/psoc creator/import/gnu/arm/4.9.3/bin/../lib/gcc/arm-none-eabi/4.9.3/../../../../arm-none-eabi/lib/armv7-m\libnosys.a(getpid.o)
                0x0000c40c                _getpid
 .text._isatty  0x0000c41c       0x10 c:/program files (x86)/cypress/psoc creator/3.3/psoc creator/import/gnu/arm/4.9.3/bin/../lib/gcc/arm-none-eabi/4.9.3/../../../../arm-none-eabi/lib/armv7-m\libnosys.a(isatty.o)
                0x0000c41c                _isatty
 .text._kill    0x0000c42c       0x10 c:/program files (x86)/cypress/psoc creator/3.3/psoc creator/import/gnu/arm/4.9.3/bin/../lib/gcc/arm-none-eabi/4.9.3/../../../../arm-none-eabi/lib/armv7-m\libnosys.a(kill.o)
                0x0000c42c                _kill