Archive member included because of file (symbol)

.\CortexM3\ARM_GCC_493\Debug\freesoc.a(cyfitter_cfg.o)
                              .\CortexM3\ARM_GCC_493\Debug\infrared.o (Front_AMuxSeq_DisconnectAll)
.\CortexM3\ARM_GCC_493\Debug\freesoc.a(Left_HB25_Enable_Pin.o)
                              .\CortexM3\ARM_GCC_493\Debug\motor.o (Left_HB25_Enable_Pin_Write)
.\CortexM3\ARM_GCC_493\Debug\freesoc.a(Left_HB25_PWM.o)
                              .\CortexM3\ARM_GCC_493\Debug\motor.o (Left_HB25_PWM_Stop)
.\CortexM3\ARM_GCC_493\Debug\freesoc.a(Right_HB25_Enable_Pin.o)
                              .\CortexM3\ARM_GCC_493\Debug\motor.o (Right_HB25_Enable_Pin_Write)
.\CortexM3\ARM_GCC_493\Debug\freesoc.a(Right_HB25_PWM.o)
                              .\CortexM3\ARM_GCC_493\Debug\motor.o (Right_HB25_PWM_Stop)
.\CortexM3\ARM_GCC_493\Debug\freesoc.a(CyBootAsmGnu.o)
                              .\CortexM3\ARM_GCC_493\Debug\freesoc.a(cyfitter_cfg.o) (CyDelayCycles)
.\CortexM3\ARM_GCC_493\Debug\freesoc.a(CyLib.o)
                              .\CortexM3\ARM_GCC_493\Debug\Cm3Start.o (CyHalt)
.\CortexM3\ARM_GCC_493\Debug\freesoc.a(cyPm.o)
                              .\CortexM3\ARM_GCC_493\Debug\freesoc.a(CyLib.o) (CyPmReadStatus)
.\CortexM3\ARM_GCC_493\Debug\freesoc.a(EZI2C_Slave.o)
                              .\CortexM3\ARM_GCC_493\Debug\i2c.o (EZI2C_Slave_Start)
.\CortexM3\ARM_GCC_493\Debug\freesoc.a(EZI2C_Slave_PM.o)
                              .\CortexM3\ARM_GCC_493\Debug\freesoc.a(EZI2C_Slave.o) (EZI2C_Slave_backup)
.\CortexM3\ARM_GCC_493\Debug\freesoc.a(EZI2C_Slave_INT.o)
                              .\CortexM3\ARM_GCC_493\Debug\freesoc.a(EZI2C_Slave.o) (EZI2C_Slave_ISR)
.\CortexM3\ARM_GCC_493\Debug\freesoc.a(Front_Echo_Intr.o)
                              .\CortexM3\ARM_GCC_493\Debug\ultrasonic.o (Front_Echo_Intr_StartEx)
.\CortexM3\ARM_GCC_493\Debug\freesoc.a(Front_Trigger_Reg.o)
                              .\CortexM3\ARM_GCC_493\Debug\ultrasonic.o (Front_Trigger_Reg_Write)
.\CortexM3\ARM_GCC_493\Debug\freesoc.a(Front_Trigger_Select_Reg.o)
                              .\CortexM3\ARM_GCC_493\Debug\ultrasonic.o (Front_Trigger_Select_Reg_Write)
.\CortexM3\ARM_GCC_493\Debug\freesoc.a(Front_Echo_Timer.o)
                              .\CortexM3\ARM_GCC_493\Debug\ultrasonic.o (Front_Echo_Timer_ReadCounter)
.\CortexM3\ARM_GCC_493\Debug\freesoc.a(Rear_Trigger_Reg.o)
                              .\CortexM3\ARM_GCC_493\Debug\ultrasonic.o (Rear_Trigger_Reg_Write)
.\CortexM3\ARM_GCC_493\Debug\freesoc.a(Rear_Trigger_Select_Reg.o)
                              .\CortexM3\ARM_GCC_493\Debug\ultrasonic.o (Rear_Trigger_Select_Reg_Write)
.\CortexM3\ARM_GCC_493\Debug\freesoc.a(Rear_Echo_Intr.o)
                              .\CortexM3\ARM_GCC_493\Debug\ultrasonic.o (Rear_Echo_Intr_StartEx)
.\CortexM3\ARM_GCC_493\Debug\freesoc.a(Rear_Echo_Timer.o)
                              .\CortexM3\ARM_GCC_493\Debug\ultrasonic.o (Rear_Echo_Timer_ReadCounter)
.\CortexM3\ARM_GCC_493\Debug\freesoc.a(Front_ADC_SAR.o)
                              .\CortexM3\ARM_GCC_493\Debug\infrared.o (Front_ADC_SAR_Start)
.\CortexM3\ARM_GCC_493\Debug\freesoc.a(Front_ADC_SAR_INT.o)
                              .\CortexM3\ARM_GCC_493\Debug\freesoc.a(Front_ADC_SAR.o) (Front_ADC_SAR_ISR)
.\CortexM3\ARM_GCC_493\Debug\freesoc.a(Front_AMuxSeq.o)
                              .\CortexM3\ARM_GCC_493\Debug\infrared.o (Front_AMuxSeq_Start)
.\CortexM3\ARM_GCC_493\Debug\freesoc.a(Rear_ADC_SAR.o)
                              .\CortexM3\ARM_GCC_493\Debug\infrared.o (Rear_ADC_SAR_Start)
.\CortexM3\ARM_GCC_493\Debug\freesoc.a(Rear_ADC_SAR_INT.o)
                              .\CortexM3\ARM_GCC_493\Debug\freesoc.a(Rear_ADC_SAR.o) (Rear_ADC_SAR_ISR)
.\CortexM3\ARM_GCC_493\Debug\freesoc.a(Rear_AMuxSeq.o)
                              .\CortexM3\ARM_GCC_493\Debug\infrared.o (Rear_AMuxSeq_Start)
.\CortexM3\ARM_GCC_493\Debug\freesoc.a(Front_ADC_SAR_IRQ.o)
                              .\CortexM3\ARM_GCC_493\Debug\infrared.o (Front_ADC_SAR_IRQ_StartEx)
.\CortexM3\ARM_GCC_493\Debug\freesoc.a(Front_ADC_SAR_theACLK.o)
                              .\CortexM3\ARM_GCC_493\Debug\freesoc.a(Front_ADC_SAR.o) (Front_ADC_SAR_theACLK_SetModeRegister)
.\CortexM3\ARM_GCC_493\Debug\freesoc.a(Rear_ADC_SAR_IRQ.o)
                              .\CortexM3\ARM_GCC_493\Debug\infrared.o (Rear_ADC_SAR_IRQ_StartEx)
.\CortexM3\ARM_GCC_493\Debug\freesoc.a(Rear_ADC_SAR_theACLK.o)
                              .\CortexM3\ARM_GCC_493\Debug\freesoc.a(Rear_ADC_SAR.o) (Rear_ADC_SAR_theACLK_SetModeRegister)
.\CortexM3\ARM_GCC_493\Debug\freesoc.a(Rear_EOS_Intr.o)
                              .\CortexM3\ARM_GCC_493\Debug\infrared.o (Rear_EOS_Intr_StartEx)
.\CortexM3\ARM_GCC_493\Debug\freesoc.a(Front_EOS_Intr.o)
                              .\CortexM3\ARM_GCC_493\Debug\infrared.o (Front_EOS_Intr_StartEx)
[...]
Memory Configuration

Name             Origin             Length             Attributes
rom              0x00000000         0x00040000         xr
ram              0x1fff8000         0x00010000         xrw
*default*        0x00000000         0xffffffff

Linker script and memory map

LOAD c:/program files (x86)/cypress/psoc creator/3.3/psoc creator/import/gnu/arm/4.9.3/bin/../lib/gcc/arm-none-eabi/4.9.3/armv7-m/crti.o
LOAD c:/program files (x86)/cypress/psoc creator/3.3/psoc creator/import/gnu/arm/4.9.3/bin/../lib/gcc/arm-none-eabi/4.9.3/armv7-m/crtbegin.o
LOAD c:/program files (x86)/cypress/psoc creator/3.3/psoc creator/import/gnu/arm/4.9.3/bin/../lib/gcc/arm-none-eabi/4.9.3/../../../../arm-none-eabi/lib/armv7-m/crt0.o
START GROUP
LOAD .\CortexM3\ARM_GCC_493\Debug\main.o
LOAD .\CortexM3\ARM_GCC_493\Debug\cal.o
LOAD .\CortexM3\ARM_GCC_493\Debug\control.o
LOAD .\CortexM3\ARM_GCC_493\Debug\debug.o
LOAD .\CortexM3\ARM_GCC_493\Debug\diag.o
LOAD .\CortexM3\ARM_GCC_493\Debug\encoder.o
LOAD .\CortexM3\ARM_GCC_493\Debug\i2c.o
LOAD .\CortexM3\ARM_GCC_493\Debug\motor.o
LOAD .\CortexM3\ARM_GCC_493\Debug\odom.o
LOAD .\CortexM3\ARM_GCC_493\Debug\pid.o
LOAD .\CortexM3\ARM_GCC_493\Debug\time.o
LOAD .\CortexM3\ARM_GCC_493\Debug\ultrasonic.o
LOAD .\CortexM3\ARM_GCC_493\Debug\utils.o
LOAD .\CortexM3\ARM_GCC_493\Debug\infrared.o
LOAD .\CortexM3\ARM_GCC_493\Debug\pid_controller.o
LOAD .\CortexM3\ARM_GCC_493\Debug\serial.o
LOAD .\CortexM3\ARM_GCC_493\Debug\nvstore.o
LOAD .\CortexM3\ARM_GCC_493\Debug\calcps2pwm.o
LOAD .\CortexM3\ARM_GCC_493\Debug\calpid.o
LOAD .\CortexM3\ARM_GCC_493\Debug\calang.o
LOAD .\CortexM3\ARM_GCC_493\Debug\callin.o
LOAD .\CortexM3\ARM_GCC_493\Debug\cymetadata.o
LOAD .\CortexM3\ARM_GCC_493\Debug\Cm3Start.o
LOAD .\CortexM3\ARM_GCC_493\Debug\freesoc.a
LOAD C:\Program Files (x86)\Cypress\PSoC Creator\3.3\PSoC Creator\psoc\content\cycomponentlibrary\CyComponentLibrary.cylib\CortexM3\ARM_GCC_493\Debug\CyComponentLibrary.a
LOAD c:/program files (x86)/cypress/psoc creator/3.3/psoc creator/import/gnu/arm/4.9.3/bin/../lib/gcc/arm-none-eabi/4.9.3/../../../../arm-none-eabi/lib/armv7-m\libm.a
END GROUP
START GROUP
LOAD c:/program files (x86)/cypress/psoc creator/3.3/psoc creator/import/gnu/arm/4.9.3/bin/../lib/gcc/arm-none-eabi/4.9.3/armv7-m\libgcc.a
LOAD c:/program files (x86)/cypress/psoc creator/3.3/psoc creator/import/gnu/arm/4.9.3/bin/../lib/gcc/arm-none-eabi/4.9.3/../../../../arm-none-eabi/lib/armv7-m\libg_nano.a
LOAD c:/program files (x86)/cypress/psoc creator/3.3/psoc creator/import/gnu/arm/4.9.3/bin/../lib/gcc/arm-none-eabi/4.9.3/../../../../arm-none-eabi/lib/armv7-m\libc_nano.a
END GROUP
START GROUP
LOAD c:/program files (x86)/cypress/psoc creator/3.3/psoc creator/import/gnu/arm/4.9.3/bin/../lib/gcc/arm-none-eabi/4.9.3/armv7-m\libgcc.a
LOAD c:/program files (x86)/cypress/psoc creator/3.3/psoc creator/import/gnu/arm/4.9.3/bin/../lib/gcc/arm-none-eabi/4.9.3/../../../../arm-none-eabi/lib/armv7-m\libc_nano.a
END GROUP
LOAD c:/program files (x86)/cypress/psoc creator/3.3/psoc creator/import/gnu/arm/4.9.3/bin/../lib/gcc/arm-none-eabi/4.9.3/armv7-m/crtend.o
LOAD c:/program files (x86)/cypress/psoc creator/3.3/psoc creator/import/gnu/arm/4.9.3/bin/../lib/gcc/arm-none-eabi/4.9.3/armv7-m/crtn.o
START GROUP
LOAD c:/program files (x86)/cypress/psoc creator/3.3/psoc creator/import/gnu/arm/4.9.3/bin/../lib/gcc/arm-none-eabi/4.9.3/armv7-m\libgcc.a
LOAD c:/program files (x86)/cypress/psoc creator/3.3/psoc creator/import/gnu/arm/4.9.3/bin/../lib/gcc/arm-none-eabi/4.9.3/../../../../arm-none-eabi/lib/armv7-m\libc.a
LOAD c:/program files (x86)/cypress/psoc creator/3.3/psoc creator/import/gnu/arm/4.9.3/bin/../lib/gcc/arm-none-eabi/4.9.3/../../../../arm-none-eabi/lib/armv7-m\libnosys.a
END GROUP
                0x00000000                CY_APPL_ORIGIN = 0x0
                0x00000100                CY_FLASH_ROW_SIZE = 0x100
                0x00000020                CY_ECC_ROW_SIZE = 0x20
                0x00000000                CY_EE_IN_BTLDR = 0x0
                0x00000000                CY_APPL_LOADABLE = 0x0
                0x00000800                CY_EE_SIZE = 0x800
                0x00000001                CY_APPL_NUM = 0x1
                0x00000001                CY_APPL_MAX = 0x1
                0x00000040                CY_METADATA_SIZE = 0x40
                0x00000000                CY_APPL_LOADABLE = 0x0
                0x00000000                CY_CHECKSUM_EXCLUDE_SIZE = ALIGN (0x0, CY_FLASH_ROW_SIZE)
                0x1fff89c0                PROVIDE (__cy_heap_start, _end)
                0x00000001                PROVIDE (__cy_region_num, ((__cy_regions_end - __cy_regions) / 0x10))
                0x20008000                PROVIDE (__cy_stack, (ORIGIN (ram) + 0x10000))
                0x20007800                PROVIDE (__cy_heap_end, (__cy_stack - 0x800))

.cybootloader   0x00000000        0x0
 *(.cybootloader)
                0x00000000                appl1_start = CY_APPL_ORIGIN?CY_APPL_ORIGIN:ALIGN (CY_FLASH_ROW_SIZE)
                0x0001ff00                appl2_start = (appl1_start + ALIGN ((((0x40000 - appl1_start) - (0x2 * CY_FLASH_ROW_SIZE)) / 0x2), CY_FLASH_ROW_SIZE))
                0x00000000                appl_start = (CY_APPL_NUM == 0x1)?appl1_start:appl2_start
                0x00000000                ecc_offset = ((appl_start / CY_FLASH_ROW_SIZE) * CY_ECC_ROW_SIZE)
                0x00000000                ee_offset = (CY_APPL_LOADABLE && ! (CY_EE_IN_BTLDR))?((CY_EE_SIZE / CY_APPL_MAX) * (CY_APPL_NUM - 0x1)):0x0
                0x00000800                ee_size = (CY_APPL_LOADABLE && ! (CY_EE_IN_BTLDR))?(CY_EE_SIZE / CY_APPL_MAX):CY_EE_SIZE
                0x00000000                PROVIDE (CY_ECC_OFFSET, ecc_offset)

.text           0x00000000     0xc43c
 CREATE_OBJECT_SYMBOLS
                0x00000000                PROVIDE (__cy_interrupt_vector, RomVectors)
 *(.romvectors)
 .romvectors    0x00000000       0x10 .\CortexM3\ARM_GCC_493\Debug\Cm3Start.o
                0x00000000                RomVectors
                0x00000001                ASSERT ((. != __cy_interrupt_vector), No interrupt vector)
                0x00000001                ASSERT (CY_APPL_ORIGIN?(SIZEOF (.cybootloader) <= CY_APPL_ORIGIN):0x1, Wrong image location)
                0x00000010                PROVIDE (__cy_reset, Reset)
 *(.text.Reset)
 .text.Reset    0x00000010       0x18 .\CortexM3\ARM_GCC_493\Debug\Cm3Start.o
                0x00000010                Reset
                0x00000001                ASSERT ((. != __cy_reset), No reset code)
 *(.dma_init)
                0x00000001                ASSERT ((((appl_start + .) <= 0x10000) || 0x1), DMA Init must be within the first 64k of flash)
 *(.text .text.* .gnu.linkonce.t.*)
 .text          0x00000028       0x5c c:/program files (x86)/cypress/psoc creator/3.3/psoc creator/import/gnu/arm/4.9.3/bin/../lib/gcc/arm-none-eabi/4.9.3/armv7-m/crtbegin.o
 .text.main     0x00000084       0xa0 .\CortexM3\ARM_GCC_493\Debug\main.o
                0x00000084                main
 .text.DisplayMenu
                0x00000124       0x74 .\CortexM3\ARM_GCC_493\Debug\cal.o
 .text.GetCommand
                0x00000198       0xb4 .\CortexM3\ARM_GCC_493\Debug\cal.o
 .text.SetCalibrationStatusBit
                0x0000024c       0x24 .\CortexM3\ARM_GCC_493\Debug\cal.o
 .text.ClearCalibrationStatusBit
                0x00000270       0x2c .\CortexM3\ARM_GCC_493\Debug\cal.o
 .text.ReadResponse
                0x0000029c       0x48 .\CortexM3\ARM_GCC_493\Debug\cal.o
 .text.DisplayBias
                0x000002e4       0x2c .\CortexM3\ARM_GCC_493\Debug\cal.o
 .text.Cal_Init
                0x00000310       0x10 .\CortexM3\ARM_GCC_493\Debug\cal.o
                0x00000310                Cal_Init
 .text.Cal_Start
                0x00000320       0x14 .\CortexM3\ARM_GCC_493\Debug\cal.o
                0x00000320                Cal_Start
 .text.Cal_CheckRequest
                0x00000334      0x168 .\CortexM3\ARM_GCC_493\Debug\cal.o
                0x00000334                Cal_CheckRequest
 .text.Cal_LeftGetMotorCalData
                0x0000049c       0x18 .\CortexM3\ARM_GCC_493\Debug\cal.o
                0x0000049c                Cal_LeftGetMotorCalData
 .text.Cal_RightGetMotorCalData
                0x000004b4       0x18 .\CortexM3\ARM_GCC_493\Debug\cal.o
                0x000004b4                Cal_RightGetMotorCalData
 .text.Cal_LeftGetPidGains
                0x000004cc        0xc .\CortexM3\ARM_GCC_493\Debug\cal.o
                0x000004cc                Cal_LeftGetPidGains
 .text.Cal_RightGetPidGains
                0x000004d8        0xc .\CortexM3\ARM_GCC_493\Debug\cal.o
                0x000004d8                Cal_RightGetPidGains
 .text.CalculateLeftRightSpeed
                0x000004e4       0x24 .\CortexM3\ARM_GCC_493\Debug\control.o
 .text.Control_Init
                0x00000508        0x4 .\CortexM3\ARM_GCC_493\Debug\control.o
                0x00000508                Control_Init
 .text.Control_Start
                0x0000050c        0x4 .\CortexM3\ARM_GCC_493\Debug\control.o
                0x0000050c                Control_Start
 .text.Control_Update
                0x00000510       0x28 .\CortexM3\ARM_GCC_493\Debug\control.o
                0x00000510                Control_Update
 .text.Control_LeftGetCmdVelocity
                0x00000538        0xc .\CortexM3\ARM_GCC_493\Debug\control.o
                0x00000538                Control_LeftGetCmdVelocity
 .text.Control_RightGetCmdVelocity
                0x00000544        0xc .\CortexM3\ARM_GCC_493\Debug\control.o
                0x00000544                Control_RightGetCmdVelocity
 .text.Debug_Init
                0x00000550        0x4 .\CortexM3\ARM_GCC_493\Debug\debug.o
                0x00000550                Debug_Init
 .text.Debug_Start
                0x00000554        0x4 .\CortexM3\ARM_GCC_493\Debug\debug.o
                0x00000554                Debug_Start
 .text.Diag_Init
                0x00000558       0x18 .\CortexM3\ARM_GCC_493\Debug\diag.o
                0x00000558                Diag_Init
 .text.Diag_Start
                0x00000570        0x4 .\CortexM3\ARM_GCC_493\Debug\diag.o
                0x00000570                Diag_Start
 .text.Diag_Update
                0x00000574       0x38 .\CortexM3\ARM_GCC_493\Debug\diag.o
                0x00000574                Diag_Update
 *fill*         0x000005ac        0x4 
 .text.Encoder_Sample
                0x000005b0       0x70 .\CortexM3\ARM_GCC_493\Debug\encoder.o
 .text.Encoder_Init
                0x00000620       0x48 .\CortexM3\ARM_GCC_493\Debug\encoder.o
                0x00000620                Encoder_Init
 .text.Encoder_Start
                0x00000668       0x20 .\CortexM3\ARM_GCC_493\Debug\encoder.o
                0x00000668                Encoder_Start
 .text.Encoder_Update
                0x00000688       0x58 .\CortexM3\ARM_GCC_493\Debug\encoder.o
                0x00000688                Encoder_Update
 .text.Encoder_LeftGetCntsPerSec
                0x000006e0        0xc .\CortexM3\ARM_GCC_493\Debug\encoder.o
                0x000006e0                Encoder_LeftGetCntsPerSec
 .text.Encoder_RightGetCntsPerSec
                0x000006ec        0xc .\CortexM3\ARM_GCC_493\Debug\encoder.o
                0x000006ec                Encoder_RightGetCntsPerSec
 .text.Encoder_LeftGetMeterPerSec
                0x000006f8        0xc .\CortexM3\ARM_GCC_493\Debug\encoder.o
                0x000006f8                Encoder_LeftGetMeterPerSec
 .text.Encoder_RightGetMeterPerSec
                0x00000704        0xc .\CortexM3\ARM_GCC_493\Debug\encoder.o
                0x00000704                Encoder_RightGetMeterPerSec
 .text.Encoder_Reset
                0x00000710       0x3c .\CortexM3\ARM_GCC_493\Debug\encoder.o
                0x00000710                Encoder_Reset
 .text.I2c_Init
                0x0000074c       0x20 .\CortexM3\ARM_GCC_493\Debug\i2c.o
                0x0000074c                I2c_Init
 .text.I2c_Start
                0x0000076c       0x24 .\CortexM3\ARM_GCC_493\Debug\i2c.o
                0x0000076c                I2c_Start
 .text.I2c_ReadDeviceControl
                0x00000790       0x2c .\CortexM3\ARM_GCC_493\Debug\i2c.o
                0x00000790                I2c_ReadDeviceControl
 *fill*         0x000007bc        0x4 
 .text.I2c_ReadCmdVelocity
                0x000007c0      0x130 .\CortexM3\ARM_GCC_493\Debug\i2c.o
                0x000007c0                I2c_ReadCmdVelocity
 .text.I2c_SetCalibrationStatusBit
                0x000008f0       0x38 .\CortexM3\ARM_GCC_493\Debug\i2c.o
                0x000008f0                I2c_SetCalibrationStatusBit
 .text.I2c_ClearCalibrationStatusBit
                0x00000928       0x3c .\CortexM3\ARM_GCC_493\Debug\i2c.o
                0x00000928                I2c_ClearCalibrationStatusBit
 .text.I2c_WriteOdom
                0x00000964       0x9c .\CortexM3\ARM_GCC_493\Debug\i2c.o
                0x00000964                I2c_WriteOdom
 .text.I2c_UpdateHeartbeat
                0x00000a00       0x2c .\CortexM3\ARM_GCC_493\Debug\i2c.o
                0x00000a00                I2c_UpdateHeartbeat
 .text.Interpolate
                0x00000a2c       0x3c .\CortexM3\ARM_GCC_493\Debug\motor.o
 .text.calculate_pwm
                0x00000a68       0x74 .\CortexM3\ARM_GCC_493\Debug\motor.o
 .text.calc_motor_output_from_cps
                0x00000adc       0xa8 .\CortexM3\ARM_GCC_493\Debug\motor.o
 .text.RampSpeed
                0x00000b84       0x44 .\CortexM3\ARM_GCC_493\Debug\motor.o
 .text.CollectCpsPwmSamples
                0x00000bc8       0x58 .\CortexM3\ARM_GCC_493\Debug\motor.o
 .text.Motor_Init
                0x00000c20       0x18 .\CortexM3\ARM_GCC_493\Debug\motor.o
                0x00000c20                Motor_Init
 .text.Motor_Start
                0x00000c38       0x48 .\CortexM3\ARM_GCC_493\Debug\motor.o
                0x00000c38                Motor_Start
 .text.Motor_LeftSetCntsPerSec
                0x00000c80       0x18 .\CortexM3\ARM_GCC_493\Debug\motor.o
                0x00000c80                Motor_LeftSetCntsPerSec
 .text.Motor_RightSetCntsPerSec
                0x00000c98       0x18 .\CortexM3\ARM_GCC_493\Debug\motor.o
                0x00000c98                Motor_RightSetCntsPerSec
 .text.Motor_LeftSetMeterPerSec
                0x00000cb0       0x28 .\CortexM3\ARM_GCC_493\Debug\motor.o
                0x00000cb0                Motor_LeftSetMeterPerSec
 .text.Motor_RightSetMeterPerSec
                0x00000cd8       0x28 .\CortexM3\ARM_GCC_493\Debug\motor.o
                0x00000cd8                Motor_RightSetMeterPerSec
 .text.Motor_LeftGetPwm
                0x00000d00        0xc .\CortexM3\ARM_GCC_493\Debug\motor.o
                0x00000d00                Motor_LeftGetPwm
 .text.Motor_RightGetPwm
                0x00000d0c        0xc .\CortexM3\ARM_GCC_493\Debug\motor.o
                0x00000d0c                Motor_RightGetPwm
 .text.Motor_Stop
                0x00000d18       0x20 .\CortexM3\ARM_GCC_493\Debug\motor.o
                0x00000d18                Motor_Stop
 .text.Motor_CollectPwmCpsSamples
                0x00000d38       0xb4 .\CortexM3\ARM_GCC_493\Debug\motor.o
                0x00000d38                Motor_CollectPwmCpsSamples
 .text.Motor_LeftSetCalibration
                0x00000dec        0xc .\CortexM3\ARM_GCC_493\Debug\motor.o
                0x00000dec                Motor_LeftSetCalibration
 .text.Motor_RightSetCalibration
                0x00000df8        0xc .\CortexM3\ARM_GCC_493\Debug\motor.o
                0x00000df8                Motor_RightSetCalibration
 .text.Odom_Init
                0x00000e04       0x14 .\CortexM3\ARM_GCC_493\Debug\odom.o
                0x00000e04                Odom_Init
 .text.Odom_Start
                0x00000e18        0x4 .\CortexM3\ARM_GCC_493\Debug\odom.o
                0x00000e18                Odom_Start
 *fill*         0x00000e1c        0x4 
 .text.calc_odom
                0x00000e20      0x298 .\CortexM3\ARM_GCC_493\Debug\odom.o
                0x00000e20                calc_odom
 .text.Odom_Update
                0x000010b8       0x5c .\CortexM3\ARM_GCC_493\Debug\odom.o
                0x000010b8                Odom_Update
 .text.Odom_Reset
                0x00001114       0x28 .\CortexM3\ARM_GCC_493\Debug\odom.o
                0x00001114                Odom_Reset
 .text.Odom_GetPosition
                0x0000113c       0x10 .\CortexM3\ARM_GCC_493\Debug\odom.o
                0x0000113c                Odom_GetPosition
 .text.Odom_GetHeading
                0x0000114c        0xc .\CortexM3\ARM_GCC_493\Debug\odom.o
                0x0000114c                Odom_GetHeading
 .text.ProcessPid
                0x00001158       0xb0 .\CortexM3\ARM_GCC_493\Debug\pid.o
 .text.Pid_Init
                0x00001208       0x68 .\CortexM3\ARM_GCC_493\Debug\pid.o
                0x00001208                Pid_Init
 .text.Pid_Start
                0x00001270       0x30 .\CortexM3\ARM_GCC_493\Debug\pid.o
                0x00001270                Pid_Start
 .text.Pid_Update
                0x000012a0       0x50 .\CortexM3\ARM_GCC_493\Debug\pid.o
                0x000012a0                Pid_Update
 .text.StepImpulse
                0x000012f0       0x80 .\CortexM3\ARM_GCC_493\Debug\pid.o
 .text.Pid_LeftStepInput
                0x00001370       0x28 .\CortexM3\ARM_GCC_493\Debug\pid.o
                0x00001370                Pid_LeftStepInput
 .text.Pid_RightStepInput
                0x00001398       0x28 .\CortexM3\ARM_GCC_493\Debug\pid.o
                0x00001398                Pid_RightStepInput
 .text.SysTickIsrHandler
                0x000013c0       0x10 .\CortexM3\ARM_GCC_493\Debug\time.o
 .text.Time_Init
                0x000013d0        0xc .\CortexM3\ARM_GCC_493\Debug\time.o
                0x000013d0                Time_Init
 .text.Time_Start
                0x000013dc       0x2c .\CortexM3\ARM_GCC_493\Debug\time.o
                0x000013dc                Time_Start
 .text.millis   0x00001408        0xc .\CortexM3\ARM_GCC_493\Debug\time.o
                0x00001408                millis
 .text.Ultrasonic_Init
                0x00001414        0x4 .\CortexM3\ARM_GCC_493\Debug\ultrasonic.o
                0x00001414                Ultrasonic_Init
 .text.insert_zeros
                0x00001418       0x30 .\CortexM3\ARM_GCC_493\Debug\utils.o
 .text.MovingAverageFloat
                0x00001448       0x2c .\CortexM3\ARM_GCC_493\Debug\utils.o
                0x00001448                MovingAverageFloat
 .text.Uint16ToTwoBytes
                0x00001474        0x8 .\CortexM3\ARM_GCC_493\Debug\utils.o
                0x00001474                Uint16ToTwoBytes
 .text.FloatToFourBytes
                0x0000147c       0x20 .\CortexM3\ARM_GCC_493\Debug\utils.o
                0x0000147c                FloatToFourBytes
 .text.ftoa     0x0000149c       0xa4 .\CortexM3\ARM_GCC_493\Debug\utils.o
                0x0000149c                ftoa
 .text.BinaryRangeSearch
                0x00001540       0x50 .\CortexM3\ARM_GCC_493\Debug\utils.o
                0x00001540                BinaryRangeSearch
 .text.ConvertLinearAngularToDifferential
                0x00001590       0x70 .\CortexM3\ARM_GCC_493\Debug\utils.o
                0x00001590                ConvertLinearAngularToDifferential
 .text.initializeQueue
                0x00001600       0x10 .\CortexM3\ARM_GCC_493\Debug\infrared.o
                0x00001600                initializeQueue
 .text.Infrared_Init
                0x00001610       0x30 .\CortexM3\ARM_GCC_493\Debug\infrared.o
                0x00001610                Infrared_Init
 .text.PIDCompute
                0x00001640       0xa4 .\CortexM3\ARM_GCC_493\Debug\pid_controller.o
                0x00001640                PIDCompute
 .text.PIDOutputLimitsSet
                0x000016e4       0x5c .\CortexM3\ARM_GCC_493\Debug\pid_controller.o
                0x000016e4                PIDOutputLimitsSet
 .text.PIDTuningsSet
                0x00001740       0x6c .\CortexM3\ARM_GCC_493\Debug\pid_controller.o
                0x00001740                PIDTuningsSet
 .text.PIDInit  0x000017ac       0x54 .\CortexM3\ARM_GCC_493\Debug\pid_controller.o
                0x000017ac                PIDInit
 .text.PIDSetpointSet
                0x00001800        0x4 .\CortexM3\ARM_GCC_493\Debug\pid_controller.o
                0x00001800                PIDSetpointSet
 .text.PIDInputSet
                0x00001804        0x4 .\CortexM3\ARM_GCC_493\Debug\pid_controller.o
                0x00001804                PIDInputSet
 .text.Ser_Init
                0x00001808        0x4 .\CortexM3\ARM_GCC_493\Debug\serial.o
                0x00001808                Ser_Init
 .text.Ser_Start
                0x0000180c       0x2c .\CortexM3\ARM_GCC_493\Debug\serial.o
                0x0000180c                Ser_Start
 .text.Ser_Update
                0x00001838       0x14 .\CortexM3\ARM_GCC_493\Debug\serial.o
                0x00001838                Ser_Update
 .text.Ser_PutString
                0x0000184c       0x20 .\CortexM3\ARM_GCC_493\Debug\serial.o
                0x0000184c                Ser_PutString
 .text.Ser_ReadByte
                0x0000186c       0x1c .\CortexM3\ARM_GCC_493\Debug\serial.o
                0x0000186c                Ser_ReadByte
 .text.Ser_WriteByte
                0x00001888       0x1c .\CortexM3\ARM_GCC_493\Debug\serial.o
                0x00001888                Ser_WriteByte
 .text.Nvstore_Init
                0x000018a4        0x4 .\CortexM3\ARM_GCC_493\Debug\nvstore.o
                0x000018a4                Nvstore_Init
 .text.Nvstore_Start
                0x000018a8        0x8 .\CortexM3\ARM_GCC_493\Debug\nvstore.o
                0x000018a8                Nvstore_Start
 .text.Nvstore_WriteBytes
                0x000018b0       0xc8 .\CortexM3\ARM_GCC_493\Debug\nvstore.o
                0x000018b0                Nvstore_WriteBytes
 .text.Nvstore_WriteUint16
                0x00001978       0x28 .\CortexM3\ARM_GCC_493\Debug\nvstore.o
                0x00001978                Nvstore_WriteUint16
 .text.Nvstore_WriteFloat
                0x000019a0       0x2c .\CortexM3\ARM_GCC_493\Debug\nvstore.o
                0x000019a0                Nvstore_WriteFloat
 .text.Init     0x000019cc       0x28 .\CortexM3\ARM_GCC_493\Debug\calcps2pwm.o
 .text.CalculatePwmSamples
                0x000019f4       0x64 .\CortexM3\ARM_GCC_493\Debug\calcps2pwm.o
 .text.AddSamplesToSum
                0x00001a58       0x24 .\CortexM3\ARM_GCC_493\Debug\calcps2pwm.o
 .text.CalculateAvgCpsSamples
                0x00001a7c       0x20 .\CortexM3\ARM_GCC_493\Debug\calcps2pwm.o
 .text.CalculateMinMaxCpsSample
                0x00001a9c       0x38 .\CortexM3\ARM_GCC_493\Debug\calcps2pwm.o
 .text.CalibrateWheelSpeed
                0x00001ad4       0x5c .\CortexM3\ARM_GCC_493\Debug\calcps2pwm.o
 .text.StoreWheelSpeedSamples
                0x00001b30       0x5c .\CortexM3\ARM_GCC_493\Debug\calcps2pwm.o
 .text.OutputSamples
                0x00001b8c       0x64 .\CortexM3\ARM_GCC_493\Debug\calcps2pwm.o
 .text.PerformCountPerSecToPwmCalibration
                0x00001bf0      0x118 .\CortexM3\ARM_GCC_493\Debug\calcps2pwm.o
                0x00001bf0                PerformCountPerSecToPwmCalibration
 .text.Twiddle  0x00001d08      0x160 .\CortexM3\ARM_GCC_493\Debug\calpid.o
 .text.StoreLeftGains
                0x00001e68       0x3c .\CortexM3\ARM_GCC_493\Debug\calpid.o
 .text.StoreRightGains
                0x00001ea4       0x3c .\CortexM3\ARM_GCC_493\Debug\calpid.o
 .text.OutputGains
                0x00001ee0       0x48 .\CortexM3\ARM_GCC_493\Debug\calpid.o
 .text.DoLeftTwiddle
                0x00001f28       0x34 .\CortexM3\ARM_GCC_493\Debug\calpid.o
 .text.DoRightTwiddle
                0x00001f5c       0x34 .\CortexM3\ARM_GCC_493\Debug\calpid.o
 .text.PerformPidCalibration
                0x00001f90       0x34 .\CortexM3\ARM_GCC_493\Debug\calpid.o
                0x00001f90                PerformPidCalibration
 *fill*         0x00001fc4        0x4 
 .text.DoAngularBiasMotion
                0x00001fc8      0x100 .\CortexM3\ARM_GCC_493\Debug\calang.o
                0x00001fc8                DoAngularBiasMotion
 .text.CalibrateAngularBias
                0x000020c8       0x20 .\CortexM3\ARM_GCC_493\Debug\calang.o
                0x000020c8                CalibrateAngularBias
 .text.ValidateAngularBias
                0x000020e8        0x8 .\CortexM3\ARM_GCC_493\Debug\calang.o
                0x000020e8                ValidateAngularBias
 .text.DoLinearBiasMotion
                0x000020f0       0xe0 .\CortexM3\ARM_GCC_493\Debug\callin.o
                0x000020f0                DoLinearBiasMotion
 .text.CalibrateLinearBias
                0x000021d0       0x20 .\CortexM3\ARM_GCC_493\Debug\callin.o
                0x000021d0                CalibrateLinearBias
 .text.ValidateLinearBias
                0x000021f0        0x8 .\CortexM3\ARM_GCC_493\Debug\callin.o
                0x000021f0                ValidateLinearBias
 .text.IntDefaultHandler
                0x000021f8        0x4 .\CortexM3\ARM_GCC_493\Debug\Cm3Start.o
                0x000021f8                IntDefaultHandler
 .text._exit    0x000021fc        0xc .\CortexM3\ARM_GCC_493\Debug\Cm3Start.o
                0x000021fc                _exit
 .text._sbrk    0x00002208       0x30 .\CortexM3\ARM_GCC_493\Debug\Cm3Start.o
                0x00002208                _sbrk
 .text.Start_c  0x00002238       0x4c .\CortexM3\ARM_GCC_493\Debug\Cm3Start.o
                0x00002238                Start_c
 .text.initialize_psoc
                0x00002284       0x74 .\CortexM3\ARM_GCC_493\Debug\Cm3Start.o
                0x00002284                initialize_psoc
 .text.cfg_write_bytes32
                0x000022f8       0x34 .\CortexM3\ARM_GCC_493\Debug\freesoc.a(cyfitter_cfg.o)
 .text.CYMEMZERO
                0x0000232c        0xc .\CortexM3\ARM_GCC_493\Debug\freesoc.a(cyfitter_cfg.o)
 .text.ClockSetup
                0x00002338       0xe4 .\CortexM3\ARM_GCC_493\Debug\freesoc.a(cyfitter_cfg.o)
 .text.AnalogSetDefault
                0x0000241c       0x80 .\CortexM3\ARM_GCC_493\Debug\freesoc.a(cyfitter_cfg.o)
 .text.CYCONFIGCPY
                0x0000249c        0x8 .\CortexM3\ARM_GCC_493\Debug\freesoc.a(cyfitter_cfg.o)
 .text.Front_AMuxSeq_DisconnectAll
                0x000024a4       0x18 .\CortexM3\ARM_GCC_493\Debug\freesoc.a(cyfitter_cfg.o)
                0x000024a4                Front_AMuxSeq_DisconnectAll
 .text.Rear_AMuxSeq_DisconnectAll
                0x000024bc       0x18 .\CortexM3\ARM_GCC_493\Debug\freesoc.a(cyfitter_cfg.o)
                0x000024bc                Rear_AMuxSeq_DisconnectAll
 .text.cyfitter_cfg
                0x000024d4      0x188 .\CortexM3\ARM_GCC_493\Debug\freesoc.a(cyfitter_cfg.o)
                0x000024d4                cyfitter_cfg
 .text.Left_HB25_Enable_Pin_Write
                0x0000265c       0x18 .\CortexM3\ARM_GCC_493\Debug\freesoc.a(Left_HB25_Enable_Pin.o)
                0x0000265c                Left_HB25_Enable_Pin_Write
 .text.Left_HB25_PWM_Stop
                0x00002674        0x4 .\CortexM3\ARM_GCC_493\Debug\freesoc.a(Left_HB25_PWM.o)
                0x00002674                Left_HB25_PWM_Stop
 .text.Left_HB25_PWM_WriteCounter
                0x00002678        0xc .\CortexM3\ARM_GCC_493\Debug\freesoc.a(Left_HB25_PWM.o)
                0x00002678                Left_HB25_PWM_WriteCounter
 .text.Left_HB25_PWM_WritePeriod
                0x00002684        0xc .\CortexM3\ARM_GCC_493\Debug\freesoc.a(Left_HB25_PWM.o)
                0x00002684                Left_HB25_PWM_WritePeriod
 .text.Left_HB25_PWM_WriteCompare
                0x00002690        0xc .\CortexM3\ARM_GCC_493\Debug\freesoc.a(Left_HB25_PWM.o)
                0x00002690                Left_HB25_PWM_WriteCompare
 .text.Left_HB25_PWM_Init
                0x0000269c       0x34 .\CortexM3\ARM_GCC_493\Debug\freesoc.a(Left_HB25_PWM.o)
                0x0000269c                Left_HB25_PWM_Init
 .text.Left_HB25_PWM_Start
                0x000026d0       0x18 .\CortexM3\ARM_GCC_493\Debug\freesoc.a(Left_HB25_PWM.o)
                0x000026d0                Left_HB25_PWM_Start
 .text.Right_HB25_Enable_Pin_Write
                0x000026e8       0x18 .\CortexM3\ARM_GCC_493\Debug\freesoc.a(Right_HB25_Enable_Pin.o)
                0x000026e8                Right_HB25_Enable_Pin_Write
 .text.Right_HB25_PWM_Stop
                0x00002700        0x4 .\CortexM3\ARM_GCC_493\Debug\freesoc.a(Right_HB25_PWM.o)
                0x00002700                Right_HB25_PWM_Stop
 .text.Right_HB25_PWM_WriteCounter
                0x00002704        0xc .\CortexM3\ARM_GCC_493\Debug\freesoc.a(Right_HB25_PWM.o)
                0x00002704                Right_HB25_PWM_WriteCounter
 .text.Right_HB25_PWM_WritePeriod
                0x00002710        0xc .\CortexM3\ARM_GCC_493\Debug\freesoc.a(Right_HB25_PWM.o)
                0x00002710                Right_HB25_PWM_WritePeriod
 .text.Right_HB25_PWM_WriteCompare
                0x0000271c        0xc .\CortexM3\ARM_GCC_493\Debug\freesoc.a(Right_HB25_PWM.o)
                0x0000271c                Right_HB25_PWM_WriteCompare
 .text.Right_HB25_PWM_Init
                0x00002728       0x34 .\CortexM3\ARM_GCC_493\Debug\freesoc.a(Right_HB25_PWM.o)
                0x00002728                Right_HB25_PWM_Init
 .text.Right_HB25_PWM_Start
                0x0000275c       0x18 .\CortexM3\ARM_GCC_493\Debug\freesoc.a(Right_HB25_PWM.o)
                0x0000275c                Right_HB25_PWM_Start
 *fill*         0x00002774        0x4 
 .text          0x00002778       0x20 .\CortexM3\ARM_GCC_493\Debug\freesoc.a(CyBootAsmGnu.o)
                0x00002778                CyDelayCycles
                0x00002788                CyEnterCriticalSection
                0x00002790                CyExitCriticalSection
 .text.CyHalt   0x00002798        0x4 .\CortexM3\ARM_GCC_493\Debug\freesoc.a(CyLib.o)
                0x00002798                CyHalt
 .text.CyDelay  0x0000279c       0x2c .\CortexM3\ARM_GCC_493\Debug\freesoc.a(CyLib.o)
                0x0000279c                CyDelay
 .text.CyDelayUs
                0x000027c8       0x14 .\CortexM3\ARM_GCC_493\Debug\freesoc.a(CyLib.o)
                0x000027c8                CyDelayUs
 .text.CyIntSetSysVector
                0x000027dc       0x28 .\CortexM3\ARM_GCC_493\Debug\freesoc.a(CyLib.o)
                0x000027dc                CyIntSetSysVector
 .text.CyIntSetVector
                0x00002804       0x28 .\CortexM3\ARM_GCC_493\Debug\freesoc.a(CyLib.o)
                0x00002804                CyIntSetVector
 .text.CyIntSetPriority
                0x0000282c       0x30 .\CortexM3\ARM_GCC_493\Debug\freesoc.a(CyLib.o)
                0x0000282c                CyIntSetPriority
 .text.CySysTickEnableInterrupt
                0x0000285c       0x10 .\CortexM3\ARM_GCC_493\Debug\freesoc.a(CyLib.o)
                0x0000285c                CySysTickEnableInterrupt
 .text.CySysTickEnable
                0x0000286c       0x18 .\CortexM3\ARM_GCC_493\Debug\freesoc.a(CyLib.o)
                0x0000286c                CySysTickEnable
 .text.CySysTickSetReload
                0x00002884       0x10 .\CortexM3\ARM_GCC_493\Debug\freesoc.a(CyLib.o)
                0x00002884                CySysTickSetReload
 .text.CySysTickSetClockSource
                0x00002894       0x20 .\CortexM3\ARM_GCC_493\Debug\freesoc.a(CyLib.o)
                0x00002894                CySysTickSetClockSource
 .text.CySysTickGetCountFlag
                0x000028b4       0x10 .\CortexM3\ARM_GCC_493\Debug\freesoc.a(CyLib.o)
                0x000028b4                CySysTickGetCountFlag
 .text.CySysTickServiceCallbacks
                0x000028c4       0x28 .\CortexM3\ARM_GCC_493\Debug\freesoc.a(CyLib.o)
 .text.CySysTickClear
                0x000028ec        0xc .\CortexM3\ARM_GCC_493\Debug\freesoc.a(CyLib.o)
                0x000028ec                CySysTickClear
 .text.CySysTickInit
                0x000028f8       0x58 .\CortexM3\ARM_GCC_493\Debug\freesoc.a(CyLib.o)
                0x000028f8                CySysTickInit
 .text.CySysTickStart
                0x00002950       0x1c .\CortexM3\ARM_GCC_493\Debug\freesoc.a(CyLib.o)
                0x00002950                CySysTickStart
 .text.CySysTickSetCallback
                0x0000296c       0x10 .\CortexM3\ARM_GCC_493\Debug\freesoc.a(CyLib.o)
                0x0000296c                CySysTickSetCallback
 .text.CySysTickGetCallback
                0x0000297c       0x10 .\CortexM3\ARM_GCC_493\Debug\freesoc.a(CyLib.o)
                0x0000297c                CySysTickGetCallback
 .text.CyGetUniqueId
                0x0000298c       0x70 .\CortexM3\ARM_GCC_493\Debug\freesoc.a(CyLib.o)
                0x0000298c                CyGetUniqueId
 .text.EZI2C_Slave_Init
                0x000029fc       0x70 .\CortexM3\ARM_GCC_493\Debug\freesoc.a(EZI2C_Slave.o)
                0x000029fc                EZI2C_Slave_Init
 .text.EZI2C_Slave_Enable
                0x00002a6c       0x30 .\CortexM3\ARM_GCC_493\Debug\freesoc.a(EZI2C_Slave.o)
                0x00002a6c                EZI2C_Slave_Enable
 .text.EZI2C_Slave_Start
                0x00002a9c       0x1c .\CortexM3\ARM_GCC_493\Debug\freesoc.a(EZI2C_Slave.o)
                0x00002a9c                EZI2C_Slave_Start
 .text.EZI2C_Slave_GetActivity
                0x00002ab8       0x28 .\CortexM3\ARM_GCC_493\Debug\freesoc.a(EZI2C_Slave.o)
                0x00002ab8                EZI2C_Slave_GetActivity
 .text.EZI2C_Slave_SetBuffer1
                0x00002ae0       0x50 .\CortexM3\ARM_GCC_493\Debug\freesoc.a(EZI2C_Slave.o)
                0x00002ae0                EZI2C_Slave_SetBuffer1
 .text.EZI2C_Slave_ISR
                0x00002b30      0x1c4 .\CortexM3\ARM_GCC_493\Debug\freesoc.a(EZI2C_Slave_INT.o)
                0x00002b30                EZI2C_Slave_ISR
 .text.Mainloop_Pin_Write
                0x00002cf4       0x18 .\CortexM3\ARM_GCC_493\Debug\freesoc.a(Mainloop_Pin.o)
                0x00002cf4                Mainloop_Pin_Write
 .text.EEPROM_Enable
                0x00002d0c        0xc .\CortexM3\ARM_GCC_493\Debug\freesoc.a(EEPROM.o)
                0x00002d0c                EEPROM_Enable
 .text.EEPROM_Start
                0x00002d18        0x8 .\CortexM3\ARM_GCC_493\Debug\freesoc.a(EEPROM.o)
                0x00002d18                EEPROM_Start
 .text.EEPROM_WriteByte
                0x00002d20       0xd4 .\CortexM3\ARM_GCC_493\Debug\freesoc.a(EEPROM.o)
                0x00002d20                EEPROM_WriteByte
 .text.EEPROM_Write
                0x00002df4       0xb4 .\CortexM3\ARM_GCC_493\Debug\freesoc.a(EEPROM.o)
                0x00002df4                EEPROM_Write
 .text.Right_QuadDec_Init
                0x00002ea8       0x24 .\CortexM3\ARM_GCC_493\Debug\freesoc.a(Right_QuadDec.o)
                0x00002ea8                Right_QuadDec_Init
 .text.Right_QuadDec_GetCounter
                0x00002ecc       0x2c .\CortexM3\ARM_GCC_493\Debug\freesoc.a(Right_QuadDec.o)
                0x00002ecc                Right_QuadDec_GetCounter
 .text.Right_QuadDec_SetCounter
                0x00002ef8       0x28 .\CortexM3\ARM_GCC_493\Debug\freesoc.a(Right_QuadDec.o)
                0x00002ef8                Right_QuadDec_SetCounter
 .text.Right_QuadDec_GetEvents
                0x00002f20       0x10 .\CortexM3\ARM_GCC_493\Debug\freesoc.a(Right_QuadDec.o)
                0x00002f20                Right_QuadDec_GetEvents
 .text.Right_QuadDec_SetInterruptMask
                0x00002f30       0x10 .\CortexM3\ARM_GCC_493\Debug\freesoc.a(Right_QuadDec.o)
                0x00002f30                Right_QuadDec_SetInterruptMask
 .text.Right_QuadDec_Enable
                0x00002f40       0x30 .\CortexM3\ARM_GCC_493\Debug\freesoc.a(Right_QuadDec.o)
                0x00002f40                Right_QuadDec_Enable
 .text.Right_QuadDec_Start
                0x00002f70       0x34 .\CortexM3\ARM_GCC_493\Debug\freesoc.a(Right_QuadDec.o)
                0x00002f70                Right_QuadDec_Start
 .text.Right_QuadDec_ISR
                0x00002fa4       0x40 .\CortexM3\ARM_GCC_493\Debug\freesoc.a(Right_QuadDec_INT.o)
                0x00002fa4                Right_QuadDec_ISR
 .text.Right_QuadDec_Cnt16_Enable
                0x00002fe4       0x10 .\CortexM3\ARM_GCC_493\Debug\freesoc.a(Right_QuadDec_Cnt16.o)
                0x00002fe4                Right_QuadDec_Cnt16_Enable
 .text.Right_QuadDec_Cnt16_SetInterruptMode
                0x00002ff4        0xc .\CortexM3\ARM_GCC_493\Debug\freesoc.a(Right_QuadDec_Cnt16.o)
                0x00002ff4                Right_QuadDec_Cnt16_SetInterruptMode
 .text.Right_QuadDec_Cnt16_ReadStatusRegister
                0x00003000        0xc .\CortexM3\ARM_GCC_493\Debug\freesoc.a(Right_QuadDec_Cnt16.o)
                0x00003000                Right_QuadDec_Cnt16_ReadStatusRegister
 .text.Right_QuadDec_Cnt16_WriteCounter
                0x0000300c        0xc .\CortexM3\ARM_GCC_493\Debug\freesoc.a(Right_QuadDec_Cnt16.o)
                0x0000300c                Right_QuadDec_Cnt16_WriteCounter
 .text.Right_QuadDec_Cnt16_ReadCounter
                0x00003018       0x14 .\CortexM3\ARM_GCC_493\Debug\freesoc.a(Right_QuadDec_Cnt16.o)
                0x00003018                Right_QuadDec_Cnt16_ReadCounter
 .text.Right_QuadDec_Cnt16_ReadCapture
                0x0000302c        0xc .\CortexM3\ARM_GCC_493\Debug\freesoc.a(Right_QuadDec_Cnt16.o)
                0x0000302c                Right_QuadDec_Cnt16_ReadCapture
 .text.Right_QuadDec_Cnt16_WritePeriod
                0x00003038        0xc .\CortexM3\ARM_GCC_493\Debug\freesoc.a(Right_QuadDec_Cnt16.o)
                0x00003038                Right_QuadDec_Cnt16_WritePeriod
 .text.Right_QuadDec_Cnt16_WriteCompare
                0x00003044        0xc .\CortexM3\ARM_GCC_493\Debug\freesoc.a(Right_QuadDec_Cnt16.o)
                0x00003044                Right_QuadDec_Cnt16_WriteCompare
 .text.Right_QuadDec_Cnt16_ClearFIFO
                0x00003050       0x14 .\CortexM3\ARM_GCC_493\Debug\freesoc.a(Right_QuadDec_Cnt16.o)
                0x00003050                Right_QuadDec_Cnt16_ClearFIFO
 .text.Right_QuadDec_Cnt16_Init
                0x00003064       0x58 .\CortexM3\ARM_GCC_493\Debug\freesoc.a(Right_QuadDec_Cnt16.o)
                0x00003064                Right_QuadDec_Cnt16_Init
 .text.Right_QuadDec_Cnt16_Start
                0x000030bc       0x1c .\CortexM3\ARM_GCC_493\Debug\freesoc.a(Right_QuadDec_Cnt16.o)
                0x000030bc                Right_QuadDec_Cnt16_Start
 .text.Left_QuadDec_Init
                0x000030d8       0x24 .\CortexM3\ARM_GCC_493\Debug\freesoc.a(Left_QuadDec.o)
                0x000030d8                Left_QuadDec_Init
 .text.Left_QuadDec_GetCounter
                0x000030fc       0x2c .\CortexM3\ARM_GCC_493\Debug\freesoc.a(Left_QuadDec.o)
                0x000030fc                Left_QuadDec_GetCounter
 .text.Left_QuadDec_SetCounter
                0x00003128       0x28 .\CortexM3\ARM_GCC_493\Debug\freesoc.a(Left_QuadDec.o)
                0x00003128                Left_QuadDec_SetCounter
 .text.Left_QuadDec_GetEvents
                0x00003150       0x10 .\CortexM3\ARM_GCC_493\Debug\freesoc.a(Left_QuadDec.o)
                0x00003150                Left_QuadDec_GetEvents
 .text.Left_QuadDec_SetInterruptMask
                0x00003160       0x10 .\CortexM3\ARM_GCC_493\Debug\freesoc.a(Left_QuadDec.o)
                0x00003160                Left_QuadDec_SetInterruptMask
 .text.Left_QuadDec_Enable
                0x00003170       0x30 .\CortexM3\ARM_GCC_493\Debug\freesoc.a(Left_QuadDec.o)
                0x00003170                Left_QuadDec_Enable
 .text.Left_QuadDec_Start
                0x000031a0       0x34 .\CortexM3\ARM_GCC_493\Debug\freesoc.a(Left_QuadDec.o)
                0x000031a0                Left_QuadDec_Start
 .text.Left_QuadDec_ISR
                0x000031d4       0x40 .\CortexM3\ARM_GCC_493\Debug\freesoc.a(Left_QuadDec_INT.o)
                0x000031d4                Left_QuadDec_ISR
 .text.Left_QuadDec_Cnt16_Enable
                0x00003214       0x10 .\CortexM3\ARM_GCC_493\Debug\freesoc.a(Left_QuadDec_Cnt16.o)
                0x00003214                Left_QuadDec_Cnt16_Enable
 .text.Left_QuadDec_Cnt16_SetInterruptMode
                0x00003224        0xc .\CortexM3\ARM_GCC_493\Debug\freesoc.a(Left_QuadDec_Cnt16.o)
                0x00003224                Left_QuadDec_Cnt16_SetInterruptMode
 .text.Left_QuadDec_Cnt16_ReadStatusRegister
                0x00003230        0xc .\CortexM3\ARM_GCC_493\Debug\freesoc.a(Left_QuadDec_Cnt16.o)
                0x00003230                Left_QuadDec_Cnt16_ReadStatusRegister
 .text.Left_QuadDec_Cnt16_WriteCounter
                0x0000323c        0xc .\CortexM3\ARM_GCC_493\Debug\freesoc.a(Left_QuadDec_Cnt16.o)
                0x0000323c                Left_QuadDec_Cnt16_WriteCounter
 .text.Left_QuadDec_Cnt16_ReadCounter
                0x00003248       0x14 .\CortexM3\ARM_GCC_493\Debug\freesoc.a(Left_QuadDec_Cnt16.o)
                0x00003248                Left_QuadDec_Cnt16_ReadCounter
 .text.Left_QuadDec_Cnt16_ReadCapture
                0x0000325c        0xc .\CortexM3\ARM_GCC_493\Debug\freesoc.a(Left_QuadDec_Cnt16.o)
                0x0000325c                Left_QuadDec_Cnt16_ReadCapture
 .text.Left_QuadDec_Cnt16_WritePeriod
                0x00003268        0xc .\CortexM3\ARM_GCC_493\Debug\freesoc.a(Left_QuadDec_Cnt16.o)
                0x00003268                Left_QuadDec_Cnt16_WritePeriod
 .text.Left_QuadDec_Cnt16_WriteCompare
                0x00003274        0xc .\CortexM3\ARM_GCC_493\Debug\freesoc.a(Left_QuadDec_Cnt16.o)
                0x00003274                Left_QuadDec_Cnt16_WriteCompare
 .text.Left_QuadDec_Cnt16_ClearFIFO
                0x00003280       0x14 .\CortexM3\ARM_GCC_493\Debug\freesoc.a(Left_QuadDec_Cnt16.o)
                0x00003280                Left_QuadDec_Cnt16_ClearFIFO
 .text.Left_QuadDec_Cnt16_Init
                0x00003294       0x58 .\CortexM3\ARM_GCC_493\Debug\freesoc.a(Left_QuadDec_Cnt16.o)
                0x00003294                Left_QuadDec_Cnt16_Init
 .text.Left_QuadDec_Cnt16_Start
                0x000032ec       0x1c .\CortexM3\ARM_GCC_493\Debug\freesoc.a(Left_QuadDec_Cnt16.o)
                0x000032ec                Left_QuadDec_Cnt16_Start
 .text.USBUART_Init
                0x00003308      0x140 .\CortexM3\ARM_GCC_493\Debug\freesoc.a(USBUART.o)
                0x00003308                USBUART_Init
 .text.USBUART_InitComponent
                0x00003448       0xd4 .\CortexM3\ARM_GCC_493\Debug\freesoc.a(USBUART.o)
                0x00003448                USBUART_InitComponent
 .text.USBUART_Start
                0x0000351c       0x24 .\CortexM3\ARM_GCC_493\Debug\freesoc.a(USBUART.o)
                0x0000351c                USBUART_Start
 .text.USBUART_ReInitComponent
                0x00003540       0x64 .\CortexM3\ARM_GCC_493\Debug\freesoc.a(USBUART.o)
                0x00003540                USBUART_ReInitComponent
 .text.USBUART_GetConfiguration
                0x000035a4        0xc .\CortexM3\ARM_GCC_493\Debug\freesoc.a(USBUART.o)
                0x000035a4                USBUART_GetConfiguration
 .text.USBUART_IsConfigurationChanged
                0x000035b0       0x20 .\CortexM3\ARM_GCC_493\Debug\freesoc.a(USBUART.o)
                0x000035b0                USBUART_IsConfigurationChanged
 .text.USBUART_GetEPState
                0x000035d0       0x14 .\CortexM3\ARM_GCC_493\Debug\freesoc.a(USBUART.o)
                0x000035d0                USBUART_GetEPState
 .text.USBUART_GetEPCount
                0x000035e4       0x28 .\CortexM3\ARM_GCC_493\Debug\freesoc.a(USBUART.o)
                0x000035e4                USBUART_GetEPCount
 .text.USBUART_LoadInEP
                0x0000360c       0x94 .\CortexM3\ARM_GCC_493\Debug\freesoc.a(USBUART.o)
                0x0000360c                USBUART_LoadInEP
 .text.USBUART_EnableOutEP
                0x000036a0       0x2c .\CortexM3\ARM_GCC_493\Debug\freesoc.a(USBUART.o)
                0x000036a0                USBUART_EnableOutEP
 .text.USBUART_ReadOutEP
                0x000036cc       0x50 .\CortexM3\ARM_GCC_493\Debug\freesoc.a(USBUART.o)
                0x000036cc                USBUART_ReadOutEP
 .text.USBUART_StrLen
                0x0000371c       0x14 .\CortexM3\ARM_GCC_493\Debug\freesoc.a(USBUART_cdc.o)
 .text.USBUART_GetInterfaceComPort
                0x00003730       0x3c .\CortexM3\ARM_GCC_493\Debug\freesoc.a(USBUART_cdc.o)
                0x00003730                USBUART_GetInterfaceComPort
 .text.USBUART_DispatchCDCClassRqst
                0x0000376c       0x98 .\CortexM3\ARM_GCC_493\Debug\freesoc.a(USBUART_cdc.o)
                0x0000376c                USBUART_DispatchCDCClassRqst
 .text.USBUART_CDC_Init
                0x00003804       0x98 .\CortexM3\ARM_GCC_493\Debug\freesoc.a(USBUART_cdc.o)
                0x00003804                USBUART_CDC_Init
 .text.USBUART_PutString
                0x0000389c       0x9c .\CortexM3\ARM_GCC_493\Debug\freesoc.a(USBUART_cdc.o)
                0x0000389c                USBUART_PutString
 .text.USBUART_PutChar
                0x00003938       0x28 .\CortexM3\ARM_GCC_493\Debug\freesoc.a(USBUART_cdc.o)
                0x00003938                USBUART_PutChar
 .text.USBUART_DataIsReady
                0x00003960       0x18 .\CortexM3\ARM_GCC_493\Debug\freesoc.a(USBUART_cdc.o)
                0x00003960                USBUART_DataIsReady
 .text.USBUART_CDCIsReady
                0x00003978       0x18 .\CortexM3\ARM_GCC_493\Debug\freesoc.a(USBUART_cdc.o)
                0x00003978                USBUART_CDCIsReady
 .text.USBUART_GetChar
                0x00003990       0x28 .\CortexM3\ARM_GCC_493\Debug\freesoc.a(USBUART_cdc.o)
                0x00003990                USBUART_GetChar
 .text.USBUART_Cdc_EpInit
                0x000039b8       0x50 .\CortexM3\ARM_GCC_493\Debug\freesoc.a(USBUART_cdc.o)
                0x000039b8                USBUART_Cdc_EpInit
 .text.USBUART_LoadEP0
                0x00003a08       0x94 .\CortexM3\ARM_GCC_493\Debug\freesoc.a(USBUART_drv.o)
                0x00003a08                USBUART_LoadEP0
 .text.USBUART_InitZeroLengthControlTransfer
                0x00003a9c       0x34 .\CortexM3\ARM_GCC_493\Debug\freesoc.a(USBUART_drv.o)
                0x00003a9c                USBUART_InitZeroLengthControlTransfer
 .text.USBUART_ControlReadDataStage
                0x00003ad0        0x8 .\CortexM3\ARM_GCC_493\Debug\freesoc.a(USBUART_drv.o)
                0x00003ad0                USBUART_ControlReadDataStage
 .text.USBUART_ControlWriteDataStage
                0x00003ad8       0x80 .\CortexM3\ARM_GCC_493\Debug\freesoc.a(USBUART_drv.o)
                0x00003ad8                USBUART_ControlWriteDataStage
 .text.USBUART_InitNoDataControlTransfer
                0x00003b58       0x2c .\CortexM3\ARM_GCC_493\Debug\freesoc.a(USBUART_drv.o)
                0x00003b58                USBUART_InitNoDataControlTransfer
 .text.USBUART_UpdateStatusBlock
                0x00003b84       0x24 .\CortexM3\ARM_GCC_493\Debug\freesoc.a(USBUART_drv.o)
                0x00003b84                USBUART_UpdateStatusBlock
 .text.USBUART_HandleSetup
                0x00003ba8       0x5c .\CortexM3\ARM_GCC_493\Debug\freesoc.a(USBUART_drv.o)
                0x00003ba8                USBUART_HandleSetup
 .text.USBUART_ControlReadStatusStage
                0x00003c04       0x34 .\CortexM3\ARM_GCC_493\Debug\freesoc.a(USBUART_drv.o)
                0x00003c04                USBUART_ControlReadStatusStage
 .text.USBUART_HandleOUT
                0x00003c38       0x38 .\CortexM3\ARM_GCC_493\Debug\freesoc.a(USBUART_drv.o)
                0x00003c38                USBUART_HandleOUT
 .text.USBUART_ControlWriteStatusStage
                0x00003c70       0x20 .\CortexM3\ARM_GCC_493\Debug\freesoc.a(USBUART_drv.o)
                0x00003c70                USBUART_ControlWriteStatusStage
 .text.USBUART_NoDataControlStatusStage
                0x00003c90       0x40 .\CortexM3\ARM_GCC_493\Debug\freesoc.a(USBUART_drv.o)
                0x00003c90                USBUART_NoDataControlStatusStage
 .text.USBUART_HandleIN
                0x00003cd0       0x2c .\CortexM3\ARM_GCC_493\Debug\freesoc.a(USBUART_drv.o)
                0x00003cd0                USBUART_HandleIN
 .text.USBUART_EP_0_ISR
                0x00003cfc       0xb8 .\CortexM3\ARM_GCC_493\Debug\freesoc.a(USBUART_drv.o)
                0x00003cfc                USBUART_EP_0_ISR
 .text.USBUART_InitializeStatusBlock
                0x00003db4       0x24 .\CortexM3\ARM_GCC_493\Debug\freesoc.a(USBUART_drv.o)
                0x00003db4                USBUART_InitializeStatusBlock
 .text.USBUART_InitControlRead
                0x00003dd8       0x50 .\CortexM3\ARM_GCC_493\Debug\freesoc.a(USBUART_drv.o)
                0x00003dd8                USBUART_InitControlRead
 .text.USBUART_InitControlWrite
                0x00003e28       0x48 .\CortexM3\ARM_GCC_493\Debug\freesoc.a(USBUART_drv.o)
                0x00003e28                USBUART_InitControlWrite
 .text.USBUART_EP_1_ISR
                0x00003e70       0x38 .\CortexM3\ARM_GCC_493\Debug\freesoc.a(USBUART_episr.o)
                0x00003e70                USBUART_EP_1_ISR
 .text.USBUART_EP_2_ISR
                0x00003ea8       0x3c .\CortexM3\ARM_GCC_493\Debug\freesoc.a(USBUART_episr.o)
                0x00003ea8                USBUART_EP_2_ISR
 .text.USBUART_EP_3_ISR
                0x00003ee4       0x44 .\CortexM3\ARM_GCC_493\Debug\freesoc.a(USBUART_episr.o)
                0x00003ee4                USBUART_EP_3_ISR
 .text.USBUART_SOF_ISR
                0x00003f28        0x4 .\CortexM3\ARM_GCC_493\Debug\freesoc.a(USBUART_episr.o)
                0x00003f28                USBUART_SOF_ISR
 .text.USBUART_BUS_RESET_ISR
                0x00003f2c        0x8 .\CortexM3\ARM_GCC_493\Debug\freesoc.a(USBUART_episr.o)
                0x00003f2c                USBUART_BUS_RESET_ISR
 .text.USBUART_FindHidClassDecriptor
                0x00003f34       0x40 .\CortexM3\ARM_GCC_493\Debug\freesoc.a(USBUART_hid.o)
                0x00003f34                USBUART_FindHidClassDecriptor
 .text.USBUART_FindReportDescriptor
                0x00003f74       0x48 .\CortexM3\ARM_GCC_493\Debug\freesoc.a(USBUART_hid.o)
                0x00003f74                USBUART_FindReportDescriptor
 .text.USBUART_FindReport
                0x00003fbc       0x7c .\CortexM3\ARM_GCC_493\Debug\freesoc.a(USBUART_hid.o)
                0x00003fbc                USBUART_FindReport
 .text.USBUART_DispatchHIDClassRqst
                0x00004038      0x184 .\CortexM3\ARM_GCC_493\Debug\freesoc.a(USBUART_hid.o)
                0x00004038                USBUART_DispatchHIDClassRqst
 .text.USBUART_DP_ISR
                0x000041bc        0x8 .\CortexM3\ARM_GCC_493\Debug\freesoc.a(USBUART_pm.o)
                0x000041bc                USBUART_DP_ISR
 .text.USBUART_ReadDieID
                0x000041c4       0x6c .\CortexM3\ARM_GCC_493\Debug\freesoc.a(USBUART_std.o)
                0x000041c4                USBUART_ReadDieID
 .text.USBUART_ConfigReg
                0x00004230       0xa4 .\CortexM3\ARM_GCC_493\Debug\freesoc.a(USBUART_std.o)
                0x00004230                USBUART_ConfigReg
 .text.USBUART_GetConfigTablePtr
                0x000042d4       0x28 .\CortexM3\ARM_GCC_493\Debug\freesoc.a(USBUART_std.o)
                0x000042d4                USBUART_GetConfigTablePtr
 .text.USBUART_ConfigAltChanged
                0x000042fc      0x11c .\CortexM3\ARM_GCC_493\Debug\freesoc.a(USBUART_std.o)
                0x000042fc                USBUART_ConfigAltChanged
 .text.USBUART_GetDeviceTablePtr
                0x00004418       0x18 .\CortexM3\ARM_GCC_493\Debug\freesoc.a(USBUART_std.o)
                0x00004418                USBUART_GetDeviceTablePtr
 .text.USBUART_GetInterfaceClassTablePtr
                0x00004430       0x24 .\CortexM3\ARM_GCC_493\Debug\freesoc.a(USBUART_std.o)
                0x00004430                USBUART_GetInterfaceClassTablePtr
 .text.USBUART_Config
                0x00004454      0x1dc .\CortexM3\ARM_GCC_493\Debug\freesoc.a(USBUART_std.o)
                0x00004454                USBUART_Config
 .text.USBUART_SetEndpointHalt
                0x00004630       0x64 .\CortexM3\ARM_GCC_493\Debug\freesoc.a(USBUART_std.o)
                0x00004630                USBUART_SetEndpointHalt
 .text.USBUART_ClearEndpointHalt
                0x00004694       0xa8 .\CortexM3\ARM_GCC_493\Debug\freesoc.a(USBUART_std.o)
                0x00004694                USBUART_ClearEndpointHalt
 .text.USBUART_ValidateAlternateSetting
                0x0000473c       0x4c .\CortexM3\ARM_GCC_493\Debug\freesoc.a(USBUART_std.o)
                0x0000473c                USBUART_ValidateAlternateSetting
 .text.USBUART_HandleStandardRqst
                0x00004788      0x35c .\CortexM3\ARM_GCC_493\Debug\freesoc.a(USBUART_std.o)
                0x00004788                USBUART_HandleStandardRqst
 .text.USBUART_HandleVendorRqst
                0x00004ae4       0x3c .\CortexM3\ARM_GCC_493\Debug\freesoc.a(USBUART_vnd.o)
                0x00004ae4                USBUART_HandleVendorRqst
 .text.USBUART_Dp_ClearInterrupt
                0x00004b20       0x10 .\CortexM3\ARM_GCC_493\Debug\freesoc.a(USBUART_Dp.o)
                0x00004b20                USBUART_Dp_ClearInterrupt
 .text.CyFlashGetSpcAlgorithm
                0x00004b30       0x4c .\CortexM3\ARM_GCC_493\Debug\freesoc.a(CyFlash.o)
 .text.CySetTempInt
                0x00004b7c       0x60 .\CortexM3\ARM_GCC_493\Debug\freesoc.a(CyFlash.o)
 .text.CySetTemp
                0x00004bdc       0x14 .\CortexM3\ARM_GCC_493\Debug\freesoc.a(CyFlash.o)
                0x00004bdc                CySetTemp
 .text.CyEEPROM_Start
                0x00004bf0       0x54 .\CortexM3\ARM_GCC_493\Debug\freesoc.a(CyFlash.o)
                0x00004bf0                CyEEPROM_Start
 .text.CySpcStart
                0x00004c44       0x24 .\CortexM3\ARM_GCC_493\Debug\freesoc.a(CySpc.o)
                0x00004c44                CySpcStart
 .text.CySpcReadData
                0x00004c68       0x34 .\CortexM3\ARM_GCC_493\Debug\freesoc.a(CySpc.o)
                0x00004c68                CySpcReadData
 .text.CySpcLoadMultiByte
                0x00004c9c       0x78 .\CortexM3\ARM_GCC_493\Debug\freesoc.a(CySpc.o)
                0x00004c9c                CySpcLoadMultiByte
 .text.CySpcLoadRow
                0x00004d14       0x54 .\CortexM3\ARM_GCC_493\Debug\freesoc.a(CySpc.o)
                0x00004d14                CySpcLoadRow
 .text.CySpcWriteRow
                0x00004d68       0x4c .\CortexM3\ARM_GCC_493\Debug\freesoc.a(CySpc.o)
                0x00004d68                CySpcWriteRow
 .text.CySpcGetTemp
                0x00004db4       0x3c .\CortexM3\ARM_GCC_493\Debug\freesoc.a(CySpc.o)
                0x00004db4                CySpcGetTemp
 .text.CySpcLock
                0x00004df0       0x4c .\CortexM3\ARM_GCC_493\Debug\freesoc.a(CySpc.o)
                0x00004df0                CySpcLock
 .text.CySpcUnlock
                0x00004e3c       0x38 .\CortexM3\ARM_GCC_493\Debug\freesoc.a(CySpc.o)
                0x00004e3c                CySpcUnlock
 .text.CySpcGetAlgorithm
                0x00004e74       0x28 .\CortexM3\ARM_GCC_493\Debug\freesoc.a(CySpc.o)
                0x00004e74                CySpcGetAlgorithm
 .text.USBUART_DispatchClassRqst
                0x00004e9c       0x60 .\CortexM3\ARM_GCC_493\Debug\freesoc.a(USBUART_cls.o)
                0x00004e9c                USBUART_DispatchClassRqst
 .text.cos      0x00004efc       0x90 c:/program files (x86)/cypress/psoc creator/3.3/psoc creator/import/gnu/arm/4.9.3/bin/../lib/gcc/arm-none-eabi/4.9.3/../../../../arm-none-eabi/lib/armv7-m\libm.a(lib_a-s_cos.o)
                0x00004efc                cos
 .text.sin      0x00004f8c       0x94 c:/program files (x86)/cypress/psoc creator/3.3/psoc creator/import/gnu/arm/4.9.3/bin/../lib/gcc/arm-none-eabi/4.9.3/../../../../arm-none-eabi/lib/armv7-m\libm.a(lib_a-s_sin.o)
                0x00004f8c                sin
 .text.pow      0x00005020      0x2f0 c:/program files (x86)/cypress/psoc creator/3.3/psoc creator/import/gnu/arm/4.9.3/bin/../lib/gcc/arm-none-eabi/4.9.3/../../../../arm-none-eabi/lib/armv7-m\libm.a(lib_a-w_pow.o)
                0x00005020                pow
 .text.sqrt     0x00005310       0xac c:/program files (x86)/cypress/psoc creator/3.3/psoc creator/import/gnu/arm/4.9.3/bin/../lib/gcc/arm-none-eabi/4.9.3/../../../../arm-none-eabi/lib/armv7-m\libm.a(lib_a-w_sqrt.o)
                0x00005310                sqrt
 *fill*         0x000053bc        0x4 
 .text.__ieee754_pow
                0x000053c0      0xaa0 c:/program files (x86)/cypress/psoc creator/3.3/psoc creator/import/gnu/arm/4.9.3/bin/../lib/gcc/arm-none-eabi/4.9.3/../../../../arm-none-eabi/lib/armv7-m\libm.a(lib_a-e_pow.o)
                0x000053c0                __ieee754_pow
 .text.__ieee754_rem_pio2
                0x00005e60      0x428 c:/program files (x86)/cypress/psoc creator/3.3/psoc creator/import/gnu/arm/4.9.3/bin/../lib/gcc/arm-none-eabi/4.9.3/../../../../arm-none-eabi/lib/armv7-m\libm.a(lib_a-e_rem_pio2.o)
                0x00005e60                __ieee754_rem_pio2
 .text.__ieee754_sqrt
                0x00006288      0x18c c:/program files (x86)/cypress/psoc creator/3.3/psoc creator/import/gnu/arm/4.9.3/bin/../lib/gcc/arm-none-eabi/4.9.3/../../../../arm-none-eabi/lib/armv7-m\libm.a(lib_a-e_sqrt.o)
                0x00006288                __ieee754_sqrt
 *fill*         0x00006414        0x4 
 .text.__kernel_cos
                0x00006418      0x248 c:/program files (x86)/cypress/psoc creator/3.3/psoc creator/import/gnu/arm/4.9.3/bin/../lib/gcc/arm-none-eabi/4.9.3/../../../../arm-none-eabi/lib/armv7-m\libm.a(lib_a-k_cos.o)
                0x00006418                __kernel_cos
 .text.__kernel_rem_pio2
                0x00006660      0x808 c:/program files (x86)/cypress/psoc creator/3.3/psoc creator/import/gnu/arm/4.9.3/bin/../lib/gcc/arm-none-eabi/4.9.3/../../../../arm-none-eabi/lib/armv7-m\libm.a(lib_a-k_rem_pio2.o)
                0x00006660                __kernel_rem_pio2
 .text.__kernel_sin
                0x00006e68      0x170 c:/program files (x86)/cypress/psoc creator/3.3/psoc creator/import/gnu/arm/4.9.3/bin/../lib/gcc/arm-none-eabi/4.9.3/../../../../arm-none-eabi/lib/armv7-m\libm.a(lib_a-k_sin.o)
                0x00006e68                __kernel_sin
 .text.fabs     0x00006fd8        0x8 c:/program files (x86)/cypress/psoc creator/3.3/psoc creator/import/gnu/arm/4.9.3/bin/../lib/gcc/arm-none-eabi/4.9.3/../../../../arm-none-eabi/lib/armv7-m\libm.a(lib_a-s_fabs.o)
                0x00006fd8                fabs
 .text.finite   0x00006fe0        0xc c:/program files (x86)/cypress/psoc creator/3.3/psoc creator/import/gnu/arm/4.9.3/bin/../lib/gcc/arm-none-eabi/4.9.3/../../../../arm-none-eabi/lib/armv7-m\libm.a(lib_a-s_finite.o)
                0x00006fe0                finite
 *fill*         0x00006fec        0x4 
 .text.floor    0x00006ff0      0x118 c:/program files (x86)/cypress/psoc creator/3.3/psoc creator/import/gnu/arm/4.9.3/bin/../lib/gcc/arm-none-eabi/4.9.3/../../../../arm-none-eabi/lib/armv7-m\libm.a(lib_a-s_floor.o)
                0x00006ff0                floor
 .text.__fpclassifyd
                0x00007108       0x58 c:/program files (x86)/cypress/psoc creator/3.3/psoc creator/import/gnu/arm/4.9.3/bin/../lib/gcc/arm-none-eabi/4.9.3/../../../../arm-none-eabi/lib/armv7-m\libm.a(lib_a-s_fpclassify.o)
                0x00007108                __fpclassifyd
 .text.matherr  0x00007160        0x4 c:/program files (x86)/cypress/psoc creator/3.3/psoc creator/import/gnu/arm/4.9.3/bin/../lib/gcc/arm-none-eabi/4.9.3/../../../../arm-none-eabi/lib/armv7-m\libm.a(lib_a-s_matherr.o)
                0x00007160                matherr
 .text.nan      0x00007164        0xc c:/program files (x86)/cypress/psoc creator/3.3/psoc creator/import/gnu/arm/4.9.3/bin/../lib/gcc/arm-none-eabi/4.9.3/../../../../arm-none-eabi/lib/armv7-m\libm.a(lib_a-s_nan.o)
                0x00007164                nan
 .text.rint     0x00007170      0x11c c:/program files (x86)/cypress/psoc creator/3.3/psoc creator/import/gnu/arm/4.9.3/bin/../lib/gcc/arm-none-eabi/4.9.3/../../../../arm-none-eabi/lib/armv7-m\libm.a(lib_a-s_rint.o)
                0x00007170                rint
 *fill*         0x0000728c        0x4 
 .text.scalbn   0x00007290       0xf0 c:/program files (x86)/cypress/psoc creator/3.3/psoc creator/import/gnu/arm/4.9.3/bin/../lib/gcc/arm-none-eabi/4.9.3/../../../../arm-none-eabi/lib/armv7-m\libm.a(lib_a-s_scalbn.o)
                0x00007290                scalbn
 .text.copysign
                0x00007380       0x10 c:/program files (x86)/cypress/psoc creator/3.3/psoc creator/import/gnu/arm/4.9.3/bin/../lib/gcc/arm-none-eabi/4.9.3/../../../../arm-none-eabi/lib/armv7-m\libm.a(lib_a-s_copysign.o)
                0x00007380                copysign
 .text          0x00007390      0x370 c:/program files (x86)/cypress/psoc creator/3.3/psoc creator/import/gnu/arm/4.9.3/bin/../lib/gcc/arm-none-eabi/4.9.3/armv7-m\libgcc.a(_arm_addsubdf3.o)
                0x00007390                __aeabi_drsub
                0x00007398                __aeabi_dsub
                0x00007398                __subdf3
                0x0000739c                __aeabi_dadd
                0x0000739c                __adddf3
                0x00007614                __floatunsidf
                0x00007614                __aeabi_ui2d
                0x00007634                __floatsidf
                0x00007634                __aeabi_i2d
                0x00007658                __aeabi_f2d
                0x00007658                __extendsfdf2
                0x00007694                __floatundidf
                0x00007694                __aeabi_ul2d
                0x000076a4                __floatdidf
                0x000076a4                __aeabi_l2d
 .text          0x00007700      0x424 c:/program files (x86)/cypress/psoc creator/3.3/psoc creator/import/gnu/arm/4.9.3/bin/../lib/gcc/arm-none-eabi/4.9.3/armv7-m\libgcc.a(_arm_muldivdf3.o)
                0x00007700                __aeabi_dmul
                0x00007700                __muldf3
                0x00007954                __divdf3
                0x00007954                __aeabi_ddiv
 .text          0x00007b24      0x110 c:/program files (x86)/cypress/psoc creator/3.3/psoc creator/import/gnu/arm/4.9.3/bin/../lib/gcc/arm-none-eabi/4.9.3/armv7-m\libgcc.a(_arm_cmpdf2.o)
                0x00007b24                __gtdf2
                0x00007b24                __gedf2
                0x00007b2c                __ltdf2
                0x00007b2c                __ledf2
                0x00007b34                __nedf2
                0x00007b34                __eqdf2
                0x00007b34                __cmpdf2
                0x00007bb0                __aeabi_cdrcmple
                0x00007bc0                __aeabi_cdcmpeq
                0x00007bc0                __aeabi_cdcmple
                0x00007bd0                __aeabi_dcmpeq
                0x00007be4                __aeabi_dcmplt
                0x00007bf8                __aeabi_dcmple
                0x00007c0c                __aeabi_dcmpge
                0x00007c20                __aeabi_dcmpgt
 .text          0x00007c34       0x50 c:/program files (x86)/cypress/psoc creator/3.3/psoc creator/import/gnu/arm/4.9.3/bin/../lib/gcc/arm-none-eabi/4.9.3/armv7-m\libgcc.a(_arm_fixdfsi.o)
                0x00007c34                __aeabi_d2iz
                0x00007c34                __fixdfsi
 .text          0x00007c84       0x40 c:/program files (x86)/cypress/psoc creator/3.3/psoc creator/import/gnu/arm/4.9.3/bin/../lib/gcc/arm-none-eabi/4.9.3/armv7-m\libgcc.a(_arm_fixunsdfsi.o)
                0x00007c84                __aeabi_d2uiz
                0x00007c84                __fixunsdfsi
 .text          0x00007cc4       0xa0 c:/program files (x86)/cypress/psoc creator/3.3/psoc creator/import/gnu/arm/4.9.3/bin/../lib/gcc/arm-none-eabi/4.9.3/armv7-m\libgcc.a(_arm_truncdfsf2.o)
                0x00007cc4                __truncdfsf2
                0x00007cc4                __aeabi_d2f
 .text          0x00007d64      0x21c c:/program files (x86)/cypress/psoc creator/3.3/psoc creator/import/gnu/arm/4.9.3/bin/../lib/gcc/arm-none-eabi/4.9.3/armv7-m\libgcc.a(_arm_addsubsf3.o)
                0x00007d64                __aeabi_frsub
                0x00007d6c                __subsf3
                0x00007d6c                __aeabi_fsub
                0x00007d70                __aeabi_fadd
                0x00007d70                __addsf3
                0x00007ed0                __aeabi_ui2f
                0x00007ed0                __floatunsisf
                0x00007ed8                __aeabi_i2f
                0x00007ed8                __floatsisf
                0x00007ef4                __aeabi_ul2f
                0x00007ef4                __floatundisf
                0x00007f04                __aeabi_l2f
                0x00007f04                __floatdisf
 .text          0x00007f80      0x2a0 c:/program files (x86)/cypress/psoc creator/3.3/psoc creator/import/gnu/arm/4.9.3/bin/../lib/gcc/arm-none-eabi/4.9.3/armv7-m\libgcc.a(_arm_muldivsf3.o)
                0x00007f80                __mulsf3
                0x00007f80                __aeabi_fmul
                0x000080e8                __aeabi_fdiv
                0x000080e8                __divsf3
 .text          0x00008220       0xec c:/program files (x86)/cypress/psoc creator/3.3/psoc creator/import/gnu/arm/4.9.3/bin/../lib/gcc/arm-none-eabi/4.9.3/armv7-m\libgcc.a(_arm_cmpsf2.o)
                0x00008220                __gesf2
                0x00008220                __gtsf2
                0x00008228                __lesf2
                0x00008228                __ltsf2
                0x00008230                __nesf2
                0x00008230                __eqsf2
                0x00008230                __cmpsf2
                0x00008290                __aeabi_cfrcmple
                0x00008298                __aeabi_cfcmpeq
                0x00008298                __aeabi_cfcmple
                0x000082a8                __aeabi_fcmpeq
                0x000082bc                __aeabi_fcmplt
                0x000082d0                __aeabi_fcmple
                0x000082e4                __aeabi_fcmpge
                0x000082f8                __aeabi_fcmpgt
 .text          0x0000830c       0x4c c:/program files (x86)/cypress/psoc creator/3.3/psoc creator/import/gnu/arm/4.9.3/bin/../lib/gcc/arm-none-eabi/4.9.3/armv7-m\libgcc.a(_arm_fixsfsi.o)
                0x0000830c                __aeabi_f2iz
                0x0000830c                __fixsfsi
 .text.__assert_func
                0x00008358       0x38 c:/program files (x86)/cypress/psoc creator/3.3/psoc creator/import/gnu/arm/4.9.3/bin/../lib/gcc/arm-none-eabi/4.9.3/../../../../arm-none-eabi/lib/armv7-m\libg_nano.a(lib_a-assert.o)
                0x00008358                __assert_func
 .text.atof     0x00008390        0x6 c:/program files (x86)/cypress/psoc creator/3.3/psoc creator/import/gnu/arm/4.9.3/bin/../lib/gcc/arm-none-eabi/4.9.3/../../../../arm-none-eabi/lib/armv7-m\libg_nano.a(lib_a-atof.o)
                0x00008390                atof
 *fill*         0x00008396        0x2 
 .text.__errno  0x00008398        0xc c:/program files (x86)/cypress/psoc creator/3.3/psoc creator/import/gnu/arm/4.9.3/bin/../lib/gcc/arm-none-eabi/4.9.3/../../../../arm-none-eabi/lib/armv7-m\libg_nano.a(lib_a-errno.o)
                0x00008398                __errno
 .text.fprintf  0x000083a4       0x24 c:/program files (x86)/cypress/psoc creator/3.3/psoc creator/import/gnu/arm/4.9.3/bin/../lib/gcc/arm-none-eabi/4.9.3/../../../../arm-none-eabi/lib/armv7-m\libg_nano.a(lib_a-fprintf.o)
                0x000083a4                fiprintf
                0x000083a4                fprintf
 .text.__libc_init_array
                0x000083c8       0x4c c:/program files (x86)/cypress/psoc creator/3.3/psoc creator/import/gnu/arm/4.9.3/bin/../lib/gcc/arm-none-eabi/4.9.3/../../../../arm-none-eabi/lib/armv7-m\libg_nano.a(lib_a-init.o)
                0x000083c8                __libc_init_array
 .text.__itoa   0x00008414       0x2e c:/program files (x86)/cypress/psoc creator/3.3/psoc creator/import/gnu/arm/4.9.3/bin/../lib/gcc/arm-none-eabi/4.9.3/../../../../arm-none-eabi/lib/armv7-m\libg_nano.a(lib_a-itoa.o)
                0x00008414                __itoa
 .text.itoa     0x00008442        0x4 c:/program files (x86)/cypress/psoc creator/3.3/psoc creator/import/gnu/arm/4.9.3/bin/../lib/gcc/arm-none-eabi/4.9.3/../../../../arm-none-eabi/lib/armv7-m\libg_nano.a(lib_a-itoa.o)
                0x00008442                itoa
 .text.memcpy   0x00008446       0x16 c:/program files (x86)/cypress/psoc creator/3.3/psoc creator/import/gnu/arm/4.9.3/bin/../lib/gcc/arm-none-eabi/4.9.3/../../../../arm-none-eabi/lib/armv7-m\libg_nano.a(lib_a-memcpy.o)
                0x00008446                memcpy
 .text.memset   0x0000845c       0x10 c:/program files (x86)/cypress/psoc creator/3.3/psoc creator/import/gnu/arm/4.9.3/bin/../lib/gcc/arm-none-eabi/4.9.3/../../../../arm-none-eabi/lib/armv7-m\libg_nano.a(lib_a-memset.o)
                0x0000845c                memset
 .text.__sfputc_r
                0x0000846c       0x2c c:/program files (x86)/cypress/psoc creator/3.3/psoc creator/import/gnu/arm/4.9.3/bin/../lib/gcc/arm-none-eabi/4.9.3/../../../../arm-none-eabi/lib/armv7-m\libg_nano.a(lib_a-nano-vfprintf.o)
 .text.__sfputs_r
                0x00008498       0x24 c:/program files (x86)/cypress/psoc creator/3.3/psoc creator/import/gnu/arm/4.9.3/bin/../lib/gcc/arm-none-eabi/4.9.3/../../../../arm-none-eabi/lib/armv7-m\libg_nano.a(lib_a-nano-vfprintf.o)
                0x00008498                __sfputs_r
 .text._vfprintf_r
                0x000084bc      0x210 c:/program files (x86)/cypress/psoc creator/3.3/psoc creator/import/gnu/arm/4.9.3/bin/../lib/gcc/arm-none-eabi/4.9.3/../../../../arm-none-eabi/lib/armv7-m\libg_nano.a(lib_a-nano-vfprintf.o)
                0x000084bc                _vfprintf_r
                0x000084bc                _vfiprintf_r
 .text.__cvt    0x000086cc       0xbc c:/program files (x86)/cypress/psoc creator/3.3/psoc creator/import/gnu/arm/4.9.3/bin/../lib/gcc/arm-none-eabi/4.9.3/../../../../arm-none-eabi/lib/armv7-m\libg_nano.a(lib_a-nano-vfprintf_float.o)
                0x000086cc                __cvt
 .text.__exponent
                0x00008788       0x62 c:/program files (x86)/cypress/psoc creator/3.3/psoc creator/import/gnu/arm/4.9.3/bin/../lib/gcc/arm-none-eabi/4.9.3/../../../../arm-none-eabi/lib/armv7-m\libg_nano.a(lib_a-nano-vfprintf_float.o)
                0x00008788                __exponent
 *fill*         0x000087ea        0x2 
 .text._printf_float
                0x000087ec      0x48c c:/program files (x86)/cypress/psoc creator/3.3/psoc creator/import/gnu/arm/4.9.3/bin/../lib/gcc/arm-none-eabi/4.9.3/../../../../arm-none-eabi/lib/armv7-m\libg_nano.a(lib_a-nano-vfprintf_float.o)
                0x000087ec                _printf_float
 .text._printf_common
                0x00008c78       0xea c:/program files (x86)/cypress/psoc creator/3.3/psoc creator/import/gnu/arm/4.9.3/bin/../lib/gcc/arm-none-eabi/4.9.3/../../../../arm-none-eabi/lib/armv7-m\libg_nano.a(lib_a-nano-vfprintf_i.o)
                0x00008c78                _printf_common
 *fill*         0x00008d62        0x2 
 .text._printf_i
                0x00008d64      0x240 c:/program files (x86)/cypress/psoc creator/3.3/psoc creator/import/gnu/arm/4.9.3/bin/../lib/gcc/arm-none-eabi/4.9.3/../../../../arm-none-eabi/lib/armv7-m\libg_nano.a(lib_a-nano-vfprintf_i.o)
                0x00008d64                _printf_i
 .text.sprintf  0x00008fa4       0x48 c:/program files (x86)/cypress/psoc creator/3.3/psoc creator/import/gnu/arm/4.9.3/bin/../lib/gcc/arm-none-eabi/4.9.3/../../../../arm-none-eabi/lib/armv7-m\libg_nano.a(lib_a-sprintf.o)
                0x00008fa4                siprintf
                0x00008fa4                sprintf
 .text.strlen   0x00008fec       0x10 c:/program files (x86)/cypress/psoc creator/3.3/psoc creator/import/gnu/arm/4.9.3/bin/../lib/gcc/arm-none-eabi/4.9.3/../../../../arm-none-eabi/lib/armv7-m\libg_nano.a(lib_a-strlen.o)
                0x00008fec                strlen
 .text.match    0x00008ffc       0x26 c:/program files (x86)/cypress/psoc creator/3.3/psoc creator/import/gnu/arm/4.9.3/bin/../lib/gcc/arm-none-eabi/4.9.3/../../../../arm-none-eabi/lib/armv7-m\libg_nano.a(lib_a-strtod.o)
 .text.sulp     0x00009022       0x42 c:/program files (x86)/cypress/psoc creator/3.3/psoc creator/import/gnu/arm/4.9.3/bin/../lib/gcc/arm-none-eabi/4.9.3/../../../../arm-none-eabi/lib/armv7-m\libg_nano.a(lib_a-strtod.o)
 *fill*         0x00009064        0x4 
 .text._strtod_r
                0x00009068      0xc40 c:/program files (x86)/cypress/psoc creator/3.3/psoc creator/import/gnu/arm/4.9.3/bin/../lib/gcc/arm-none-eabi/4.9.3/../../../../arm-none-eabi/lib/armv7-m\libg_nano.a(lib_a-strtod.o)
                0x00009068                _strtod_r
 .text.strtod   0x00009ca8       0x14 c:/program files (x86)/cypress/psoc creator/3.3/psoc creator/import/gnu/arm/4.9.3/bin/../lib/gcc/arm-none-eabi/4.9.3/../../../../arm-none-eabi/lib/armv7-m\libg_nano.a(lib_a-strtod.o)
                0x00009ca8                strtod
 .text.__utoa   0x00009cbc       0x78 c:/program files (x86)/cypress/psoc creator/3.3/psoc creator/import/gnu/arm/4.9.3/bin/../lib/gcc/arm-none-eabi/4.9.3/../../../../arm-none-eabi/lib/armv7-m\libg_nano.a(lib_a-utoa.o)
                0x00009cbc                __utoa
 .text.__swbuf_r
                0x00009d34       0xa8 c:/program files (x86)/cypress/psoc creator/3.3/psoc creator/import/gnu/arm/4.9.3/bin/../lib/gcc/arm-none-eabi/4.9.3/../../../../arm-none-eabi/lib/armv7-m\libg_nano.a(lib_a-wbuf.o)
                0x00009d34                __swbuf_r
 .text.__swsetup_r
                0x00009ddc       0xd8 c:/program files (x86)/cypress/psoc creator/3.3/psoc creator/import/gnu/arm/4.9.3/bin/../lib/gcc/arm-none-eabi/4.9.3/../../../../arm-none-eabi/lib/armv7-m\libg_nano.a(lib_a-wsetup.o)
                0x00009ddc                __swsetup_r
 .text.abort    0x00009eb4        0xe c:/program files (x86)/cypress/psoc creator/3.3/psoc creator/import/gnu/arm/4.9.3/bin/../lib/gcc/arm-none-eabi/4.9.3/../../../../arm-none-eabi/lib/armv7-m\libg_nano.a(lib_a-abort.o)
                0x00009eb4                abort
 .text.quorem   0x00009ec2      0x114 c:/program files (x86)/cypress/psoc creator/3.3/psoc creator/import/gnu/arm/4.9.3/bin/../lib/gcc/arm-none-eabi/4.9.3/../../../../arm-none-eabi/lib/armv7-m\libg_nano.a(lib_a-dtoa.o)
 *fill*         0x00009fd6        0x2 
 .text._dtoa_r  0x00009fd8      0xb78 c:/program files (x86)/cypress/psoc creator/3.3/psoc creator/import/gnu/arm/4.9.3/bin/../lib/gcc/arm-none-eabi/4.9.3/../../../../arm-none-eabi/lib/armv7-m\libg_nano.a(lib_a-dtoa.o)
                0x00009fd8                _dtoa_r
 .text.__sflush_r
                0x0000ab50      0x106 c:/program files (x86)/cypress/psoc creator/3.3/psoc creator/import/gnu/arm/4.9.3/bin/../lib/gcc/arm-none-eabi/4.9.3/../../../../arm-none-eabi/lib/armv7-m\libg_nano.a(lib_a-fflush.o)
                0x0000ab50                __sflush_r
 *fill*         0x0000ac56        0x2 
 .text._fflush_r
                0x0000ac58       0x54 c:/program files (x86)/cypress/psoc creator/3.3/psoc creator/import/gnu/arm/4.9.3/bin/../lib/gcc/arm-none-eabi/4.9.3/../../../../arm-none-eabi/lib/armv7-m\libg_nano.a(lib_a-fflush.o)
                0x0000ac58                _fflush_r
 .text._cleanup_r
                0x0000acac        0xc c:/program files (x86)/cypress/psoc creator/3.3/psoc creator/import/gnu/arm/4.9.3/bin/../lib/gcc/arm-none-eabi/4.9.3/../../../../arm-none-eabi/lib/armv7-m\libg_nano.a(lib_a-findfp.o)
                0x0000acac                _cleanup_r
 .text.std.isra.0
                0x0000acb8       0x48 c:/program files (x86)/cypress/psoc creator/3.3/psoc creator/import/gnu/arm/4.9.3/bin/../lib/gcc/arm-none-eabi/4.9.3/../../../../arm-none-eabi/lib/armv7-m\libg_nano.a(lib_a-findfp.o)
 .text.__sfmoreglue
                0x0000ad00       0x2c c:/program files (x86)/cypress/psoc creator/3.3/psoc creator/import/gnu/arm/4.9.3/bin/../lib/gcc/arm-none-eabi/4.9.3/../../../../arm-none-eabi/lib/armv7-m\libg_nano.a(lib_a-findfp.o)
                0x0000ad00                __sfmoreglue
 .text.__sinit  0x0000ad2c       0x60 c:/program files (x86)/cypress/psoc creator/3.3/psoc creator/import/gnu/arm/4.9.3/bin/../lib/gcc/arm-none-eabi/4.9.3/../../../../arm-none-eabi/lib/armv7-m\libg_nano.a(lib_a-findfp.o)
                0x0000ad2c                __sinit
 .text.__sfp    0x0000ad8c       0x74 c:/program files (x86)/cypress/psoc creator/3.3/psoc creator/import/gnu/arm/4.9.3/bin/../lib/gcc/arm-none-eabi/4.9.3/../../../../arm-none-eabi/lib/armv7-m\libg_nano.a(lib_a-findfp.o)
                0x0000ad8c                __sfp
 .text._fwalk_reent
                0x0000ae00       0x3c c:/program files (x86)/cypress/psoc creator/3.3/psoc creator/import/gnu/arm/4.9.3/bin/../lib/gcc/arm-none-eabi/4.9.3/../../../../arm-none-eabi/lib/armv7-m\libg_nano.a(lib_a-fwalk.o)
                0x0000ae00                _fwalk_reent
 .text.rshift   0x0000ae3c       0x6c c:/program files (x86)/cypress/psoc creator/3.3/psoc creator/import/gnu/arm/4.9.3/bin/../lib/gcc/arm-none-eabi/4.9.3/../../../../arm-none-eabi/lib/armv7-m\libg_nano.a(lib_a-gdtoa-gethex.o)
 .text.__hexdig_fun
                0x0000aea8       0x2a c:/program files (x86)/cypress/psoc creator/3.3/psoc creator/import/gnu/arm/4.9.3/bin/../lib/gcc/arm-none-eabi/4.9.3/../../../../arm-none-eabi/lib/armv7-m\libg_nano.a(lib_a-gdtoa-gethex.o)
                0x0000aea8                __hexdig_fun
 .text.__gethex
                0x0000aed2      0x44a c:/program files (x86)/cypress/psoc creator/3.3/psoc creator/import/gnu/arm/4.9.3/bin/../lib/gcc/arm-none-eabi/4.9.3/../../../../arm-none-eabi/lib/armv7-m\libg_nano.a(lib_a-gdtoa-gethex.o)
                0x0000aed2                __gethex
 .text.L_shift  0x0000b31c       0x24 c:/program files (x86)/cypress/psoc creator/3.3/psoc creator/import/gnu/arm/4.9.3/bin/../lib/gcc/arm-none-eabi/4.9.3/../../../../arm-none-eabi/lib/armv7-m\libg_nano.a(lib_a-gdtoa-hexnan.o)
 .text.__hexnan
                0x0000b340      0x114 c:/program files (x86)/cypress/psoc creator/3.3/psoc creator/import/gnu/arm/4.9.3/bin/../lib/gcc/arm-none-eabi/4.9.3/../../../../arm-none-eabi/lib/armv7-m\libg_nano.a(lib_a-gdtoa-hexnan.o)
                0x0000b340                __hexnan
 .text._localeconv_r
                0x0000b454        0x8 c:/program files (x86)/cypress/psoc creator/3.3/psoc creator/import/gnu/arm/4.9.3/bin/../lib/gcc/arm-none-eabi/4.9.3/../../../../arm-none-eabi/lib/armv7-m\libg_nano.a(lib_a-locale.o)
                0x0000b454                _localeconv_r
 .text.__smakebuf_r
                0x0000b45c       0x98 c:/program files (x86)/cypress/psoc creator/3.3/psoc creator/import/gnu/arm/4.9.3/bin/../lib/gcc/arm-none-eabi/4.9.3/../../../../arm-none-eabi/lib/armv7-m\libg_nano.a(lib_a-makebuf.o)
                0x0000b45c                __smakebuf_r
 .text.malloc   0x0000b4f4       0x10 c:/program files (x86)/cypress/psoc creator/3.3/psoc creator/import/gnu/arm/4.9.3/bin/../lib/gcc/arm-none-eabi/4.9.3/../../../../arm-none-eabi/lib/armv7-m\libg_nano.a(lib_a-malloc.o)
                0x0000b4f4                malloc
 .text.memchr   0x0000b504       0x1c c:/program files (x86)/cypress/psoc creator/3.3/psoc creator/import/gnu/arm/4.9.3/bin/../lib/gcc/arm-none-eabi/4.9.3/../../../../arm-none-eabi/lib/armv7-m\libg_nano.a(lib_a-memchr.o)
                0x0000b504                memchr
 .text.memmove  0x0000b520       0x36 c:/program files (x86)/cypress/psoc creator/3.3/psoc creator/import/gnu/arm/4.9.3/bin/../lib/gcc/arm-none-eabi/4.9.3/../../../../arm-none-eabi/lib/armv7-m\libg_nano.a(lib_a-memmove.o)
                0x0000b520                memmove
 .text._Balloc  0x0000b556       0x6a c:/program files (x86)/cypress/psoc creator/3.3/psoc creator/import/gnu/arm/4.9.3/bin/../lib/gcc/arm-none-eabi/4.9.3/../../../../arm-none-eabi/lib/armv7-m\libg_nano.a(lib_a-mprec.o)
                0x0000b556                _Balloc
 .text._Bfree   0x0000b5c0       0x2e c:/program files (x86)/cypress/psoc creator/3.3/psoc creator/import/gnu/arm/4.9.3/bin/../lib/gcc/arm-none-eabi/4.9.3/../../../../arm-none-eabi/lib/armv7-m\libg_nano.a(lib_a-mprec.o)
                0x0000b5c0                _Bfree
 .text.__multadd
                0x0000b5ee       0x7c c:/program files (x86)/cypress/psoc creator/3.3/psoc creator/import/gnu/arm/4.9.3/bin/../lib/gcc/arm-none-eabi/4.9.3/../../../../arm-none-eabi/lib/armv7-m\libg_nano.a(lib_a-mprec.o)
                0x0000b5ee                __multadd
 .text.__s2b    0x0000b66a       0x80 c:/program files (x86)/cypress/psoc creator/3.3/psoc creator/import/gnu/arm/4.9.3/bin/../lib/gcc/arm-none-eabi/4.9.3/../../../../arm-none-eabi/lib/armv7-m\libg_nano.a(lib_a-mprec.o)
                0x0000b66a                __s2b
 .text.__hi0bits
                0x0000b6ea       0x40 c:/program files (x86)/cypress/psoc creator/3.3/psoc creator/import/gnu/arm/4.9.3/bin/../lib/gcc/arm-none-eabi/4.9.3/../../../../arm-none-eabi/lib/armv7-m\libg_nano.a(lib_a-mprec.o)
                0x0000b6ea                __hi0bits
 .text.__lo0bits
                0x0000b72a       0x5a c:/program files (x86)/cypress/psoc creator/3.3/psoc creator/import/gnu/arm/4.9.3/bin/../lib/gcc/arm-none-eabi/4.9.3/../../../../arm-none-eabi/lib/armv7-m\libg_nano.a(lib_a-mprec.o)
                0x0000b72a                __lo0bits
 .text.__i2b    0x0000b784       0x12 c:/program files (x86)/cypress/psoc creator/3.3/psoc creator/import/gnu/arm/4.9.3/bin/../lib/gcc/arm-none-eabi/4.9.3/../../../../arm-none-eabi/lib/armv7-m\libg_nano.a(lib_a-mprec.o)
                0x0000b784                __i2b
 .text.__multiply
                0x0000b796      0x120 c:/program files (x86)/cypress/psoc creator/3.3/psoc creator/import/gnu/arm/4.9.3/bin/../lib/gcc/arm-none-eabi/4.9.3/../../../../arm-none-eabi/lib/armv7-m\libg_nano.a(lib_a-mprec.o)
                0x0000b796                __multiply
 *fill*         0x0000b8b6        0x2 
 .text.__pow5mult
                0x0000b8b8       0x9c c:/program files (x86)/cypress/psoc creator/3.3/psoc creator/import/gnu/arm/4.9.3/bin/../lib/gcc/arm-none-eabi/4.9.3/../../../../arm-none-eabi/lib/armv7-m\libg_nano.a(lib_a-mprec.o)
                0x0000b8b8                __pow5mult
 .text.__lshift
                0x0000b954       0xa6 c:/program files (x86)/cypress/psoc creator/3.3/psoc creator/import/gnu/arm/4.9.3/bin/../lib/gcc/arm-none-eabi/4.9.3/../../../../arm-none-eabi/lib/armv7-m\libg_nano.a(lib_a-mprec.o)
                0x0000b954                __lshift
 .text.__mcmp   0x0000b9fa       0x38 c:/program files (x86)/cypress/psoc creator/3.3/psoc creator/import/gnu/arm/4.9.3/bin/../lib/gcc/arm-none-eabi/4.9.3/../../../../arm-none-eabi/lib/armv7-m\libg_nano.a(lib_a-mprec.o)
                0x0000b9fa                __mcmp
 .text.__mdiff  0x0000ba32       0xbe c:/program files (x86)/cypress/psoc creator/3.3/psoc creator/import/gnu/arm/4.9.3/bin/../lib/gcc/arm-none-eabi/4.9.3/../../../../arm-none-eabi/lib/armv7-m\libg_nano.a(lib_a-mprec.o)
                0x0000ba32                __mdiff
 .text.__ulp    0x0000baf0       0x48 c:/program files (x86)/cypress/psoc creator/3.3/psoc creator/import/gnu/arm/4.9.3/bin/../lib/gcc/arm-none-eabi/4.9.3/../../../../arm-none-eabi/lib/armv7-m\libg_nano.a(lib_a-mprec.o)
                0x0000baf0                __ulp
 .text.__b2d    0x0000bb38       0x9e c:/program files (x86)/cypress/psoc creator/3.3/psoc creator/import/gnu/arm/4.9.3/bin/../lib/gcc/arm-none-eabi/4.9.3/../../../../arm-none-eabi/lib/armv7-m\libg_nano.a(lib_a-mprec.o)
                0x0000bb38                __b2d
 .text.__d2b    0x0000bbd6       0xa4 c:/program files (x86)/cypress/psoc creator/3.3/psoc creator/import/gnu/arm/4.9.3/bin/../lib/gcc/arm-none-eabi/4.9.3/../../../../arm-none-eabi/lib/armv7-m\libg_nano.a(lib_a-mprec.o)
                0x0000bbd6                __d2b
 .text.__ratio  0x0000bc7a       0x50 c:/program files (x86)/cypress/psoc creator/3.3/psoc creator/import/gnu/arm/4.9.3/bin/../lib/gcc/arm-none-eabi/4.9.3/../../../../arm-none-eabi/lib/armv7-m\libg_nano.a(lib_a-mprec.o)
                0x0000bc7a                __ratio
 .text.__copybits
                0x0000bcca       0x34 c:/program files (x86)/cypress/psoc creator/3.3/psoc creator/import/gnu/arm/4.9.3/bin/../lib/gcc/arm-none-eabi/4.9.3/../../../../arm-none-eabi/lib/armv7-m\libg_nano.a(lib_a-mprec.o)
                0x0000bcca                __copybits
 .text.__any_on
                0x0000bcfe       0x44 c:/program files (x86)/cypress/psoc creator/3.3/psoc creator/import/gnu/arm/4.9.3/bin/../lib/gcc/arm-none-eabi/4.9.3/../../../../arm-none-eabi/lib/armv7-m\libg_nano.a(lib_a-mprec.o)
                0x0000bcfe                __any_on
 .text._calloc_r
                0x0000bd42       0x1c c:/program files (x86)/cypress/psoc creator/3.3/psoc creator/import/gnu/arm/4.9.3/bin/../lib/gcc/arm-none-eabi/4.9.3/../../../../arm-none-eabi/lib/armv7-m\libg_nano.a(lib_a-nano-callocr.o)
                0x0000bd42                _calloc_r
 *fill*         0x0000bd5e        0x2 
 .text._free_r  0x0000bd60       0x88 c:/program files (x86)/cypress/psoc creator/3.3/psoc creator/import/gnu/arm/4.9.3/bin/../lib/gcc/arm-none-eabi/4.9.3/../../../../arm-none-eabi/lib/armv7-m\libg_nano.a(lib_a-nano-freer.o)
                0x0000bd60                _free_r
 .text._malloc_r
                0x0000bde8       0xac c:/program files (x86)/cypress/psoc creator/3.3/psoc creator/import/gnu/arm/4.9.3/bin/../lib/gcc/arm-none-eabi/4.9.3/../../../../arm-none-eabi/lib/armv7-m\libg_nano.a(lib_a-nano-mallocr.o)
                0x0000bde8                _malloc_r
 .text._realloc_r
                0x0000be94       0x4c c:/program files (x86)/cypress/psoc creator/3.3/psoc creator/import/gnu/arm/4.9.3/bin/../lib/gcc/arm-none-eabi/4.9.3/../../../../arm-none-eabi/lib/armv7-m\libg_nano.a(lib_a-nano-reallocr.o)
                0x0000be94                _realloc_r
 .text.__ssputs_r
                0x0000bee0       0xb2 c:/program files (x86)/cypress/psoc creator/3.3/psoc creator/import/gnu/arm/4.9.3/bin/../lib/gcc/arm-none-eabi/4.9.3/../../../../arm-none-eabi/lib/armv7-m\libg_nano.a(lib_a-nano-svfprintf.o)
                0x0000bee0                __ssputs_r
 *fill*         0x0000bf92        0x2 
 .text._svfprintf_r
                0x0000bf94      0x1e4 c:/program files (x86)/cypress/psoc creator/3.3/psoc creator/import/gnu/arm/4.9.3/bin/../lib/gcc/arm-none-eabi/4.9.3/../../../../arm-none-eabi/lib/armv7-m\libg_nano.a(lib_a-nano-svfprintf.o)
                0x0000bf94                _svfiprintf_r
                0x0000bf94                _svfprintf_r
 .text._sbrk_r  0x0000c178       0x20 c:/program files (x86)/cypress/psoc creator/3.3/psoc creator/import/gnu/arm/4.9.3/bin/../lib/gcc/arm-none-eabi/4.9.3/../../../../arm-none-eabi/lib/armv7-m\libg_nano.a(lib_a-sbrkr.o)
                0x0000c178                _sbrk_r
 .text._raise_r
                0x0000c198       0x50 c:/program files (x86)/cypress/psoc creator/3.3/psoc creator/import/gnu/arm/4.9.3/bin/../lib/gcc/arm-none-eabi/4.9.3/../../../../arm-none-eabi/lib/armv7-m\libg_nano.a(lib_a-signal.o)
                0x0000c198                _raise_r
 .text.raise    0x0000c1e8       0x10 c:/program files (x86)/cypress/psoc creator/3.3/psoc creator/import/gnu/arm/4.9.3/bin/../lib/gcc/arm-none-eabi/4.9.3/../../../../arm-none-eabi/lib/armv7-m\libg_nano.a(lib_a-signal.o)
                0x0000c1e8                raise
 .text._kill_r  0x0000c1f8       0x24 c:/program files (x86)/cypress/psoc creator/3.3/psoc creator/import/gnu/arm/4.9.3/bin/../lib/gcc/arm-none-eabi/4.9.3/../../../../arm-none-eabi/lib/armv7-m\libg_nano.a(lib_a-signalr.o)
                0x0000c1f8                _kill_r
 .text._getpid_r
                0x0000c21c        0x4 c:/program files (x86)/cypress/psoc creator/3.3/psoc creator/import/gnu/arm/4.9.3/bin/../lib/gcc/arm-none-eabi/4.9.3/../../../../arm-none-eabi/lib/armv7-m\libg_nano.a(lib_a-signalr.o)
                0x0000c21c                _getpid_r
 .text.__sread  0x0000c220       0x22 c:/program files (x86)/cypress/psoc creator/3.3/psoc creator/import/gnu/arm/4.9.3/bin/../lib/gcc/arm-none-eabi/4.9.3/../../../../arm-none-eabi/lib/armv7-m\libg_nano.a(lib_a-stdio.o)
                0x0000c220                __sread
 .text.__swrite
                0x0000c242       0x38 c:/program files (x86)/cypress/psoc creator/3.3/psoc creator/import/gnu/arm/4.9.3/bin/../lib/gcc/arm-none-eabi/4.9.3/../../../../arm-none-eabi/lib/armv7-m\libg_nano.a(lib_a-stdio.o)
                0x0000c242                __swrite
 .text.__sseek  0x0000c27a       0x24 c:/program files (x86)/cypress/psoc creator/3.3/psoc creator/import/gnu/arm/4.9.3/bin/../lib/gcc/arm-none-eabi/4.9.3/../../../../arm-none-eabi/lib/armv7-m\libg_nano.a(lib_a-stdio.o)
                0x0000c27a                __sseek
 .text.__sclose
                0x0000c29e        0x8 c:/program files (x86)/cypress/psoc creator/3.3/psoc creator/import/gnu/arm/4.9.3/bin/../lib/gcc/arm-none-eabi/4.9.3/../../../../arm-none-eabi/lib/armv7-m\libg_nano.a(lib_a-stdio.o)
                0x0000c29e                __sclose
 .text.strncmp  0x0000c2a6       0x32 c:/program files (x86)/cypress/psoc creator/3.3/psoc creator/import/gnu/arm/4.9.3/bin/../lib/gcc/arm-none-eabi/4.9.3/../../../../arm-none-eabi/lib/armv7-m\libg_nano.a(lib_a-strncmp.o)
                0x0000c2a6                strncmp
 .text._write_r
                0x0000c2d8       0x24 c:/program files (x86)/cypress/psoc creator/3.3/psoc creator/import/gnu/arm/4.9.3/bin/../lib/gcc/arm-none-eabi/4.9.3/../../../../arm-none-eabi/lib/armv7-m\libg_nano.a(lib_a-writer.o)
                0x0000c2d8                _write_r
 .text._close_r
                0x0000c2fc       0x20 c:/program files (x86)/cypress/psoc creator/3.3/psoc creator/import/gnu/arm/4.9.3/bin/../lib/gcc/arm-none-eabi/4.9.3/../../../../arm-none-eabi/lib/armv7-m\libg_nano.a(lib_a-closer.o)
                0x0000c2fc                _close_r
 .text._fstat_r
                0x0000c31c       0x24 c:/program files (x86)/cypress/psoc creator/3.3/psoc creator/import/gnu/arm/4.9.3/bin/../lib/gcc/arm-none-eabi/4.9.3/../../../../arm-none-eabi/lib/armv7-m\libg_nano.a(lib_a-fstatr.o)
                0x0000c31c                _fstat_r
 .text._isatty_r
                0x0000c340       0x20 c:/program files (x86)/cypress/psoc creator/3.3/psoc creator/import/gnu/arm/4.9.3/bin/../lib/gcc/arm-none-eabi/4.9.3/../../../../arm-none-eabi/lib/armv7-m\libg_nano.a(lib_a-isattyr.o)
                0x0000c340                _isatty_r
 .text._lseek_r
                0x0000c360       0x24 c:/program files (x86)/cypress/psoc creator/3.3/psoc creator/import/gnu/arm/4.9.3/bin/../lib/gcc/arm-none-eabi/4.9.3/../../../../arm-none-eabi/lib/armv7-m\libg_nano.a(lib_a-lseekr.o)
                0x0000c360                _lseek_r
 .text._malloc_usable_size_r
                0x0000c384       0x14 c:/program files (x86)/cypress/psoc creator/3.3/psoc creator/import/gnu/arm/4.9.3/bin/../lib/gcc/arm-none-eabi/4.9.3/../../../../arm-none-eabi/lib/armv7-m\libg_nano.a(lib_a-nano-msizer.o)
                0x0000c384                _malloc_usable_size_r
 .text._read_r  0x0000c398       0x24 c:/program files (x86)/cypress/psoc creator/3.3/psoc creator/import/gnu/arm/4.9.3/bin/../lib/gcc/arm-none-eabi/4.9.3/../../../../arm-none-eabi/lib/armv7-m\libg_nano.a(lib_a-readr.o)
                0x0000c398                _read_r
 .text._close   0x0000c3bc       0x10 c:/program files (x86)/cypress/psoc creator/3.3/psoc creator/import/gnu/arm/4.9.3/bin/../lib/gcc/arm-none-eabi/4.9.3/../../../../arm-none-eabi/lib/armv7-m\libnosys.a(close.o)
                0x0000c3bc                _close
 .text._fstat   0x0000c3cc       0x10 c:/program files (x86)/cypress/psoc creator/3.3/psoc creator/import/gnu/arm/4.9.3/bin/../lib/gcc/arm-none-eabi/4.9.3/../../../../arm-none-eabi/lib/armv7-m\libnosys.a(fstat.o)
                0x0000c3cc                _fstat
 .text._getpid  0x0000c3dc       0x10 c:/program files (x86)/cypress/psoc creator/3.3/psoc creator/import/gnu/arm/4.9.3/bin/../lib/gcc/arm-none-eabi/4.9.3/../../../../arm-none-eabi/lib/armv7-m\libnosys.a(getpid.o)
                0x0000c3dc                _getpid
 .text._isatty  0x0000c3ec       0x10 c:/program files (x86)/cypress/psoc creator/3.3/psoc creator/import/gnu/arm/4.9.3/bin/../lib/gcc/arm-none-eabi/4.9.3/../../../../arm-none-eabi/lib/armv7-m\libnosys.a(isatty.o)
                0x0000c3ec                _isatty
 .text._kill    0x0000c3fc       0x10 c:/program files (x86)/cypress/psoc creator/3.3/psoc creator/import/gnu/arm/4.9.3/bin/../lib/gcc/arm-none-eabi/4.9.3/../../../../arm-none-eabi/lib/armv7-m\libnosys.a(kill.o)
                0x0000c3fc                _kill