Archive member included because of file (symbol)

.\CortexM3\ARM_GCC_493\Debug\freesoc.a(cyfitter_cfg.o)
                              .\CortexM3\ARM_GCC_493\Debug\infrared.o (Front_AMuxSeq_DisconnectAll)
.\CortexM3\ARM_GCC_493\Debug\freesoc.a(Left_HB25_Enable_Pin.o)
                              .\CortexM3\ARM_GCC_493\Debug\motor.o (Left_HB25_Enable_Pin_Write)
.\CortexM3\ARM_GCC_493\Debug\freesoc.a(Left_HB25_PWM.o)
                              .\CortexM3\ARM_GCC_493\Debug\motor.o (Left_HB25_PWM_Stop)
.\CortexM3\ARM_GCC_493\Debug\freesoc.a(Right_HB25_Enable_Pin.o)
                              .\CortexM3\ARM_GCC_493\Debug\motor.o (Right_HB25_Enable_Pin_Write)
.\CortexM3\ARM_GCC_493\Debug\freesoc.a(Right_HB25_PWM.o)
                              .\CortexM3\ARM_GCC_493\Debug\motor.o (Right_HB25_PWM_Stop)
.\CortexM3\ARM_GCC_493\Debug\freesoc.a(CyBootAsmGnu.o)
                              .\CortexM3\ARM_GCC_493\Debug\freesoc.a(cyfitter_cfg.o) (CyDelayCycles)
.\CortexM3\ARM_GCC_493\Debug\freesoc.a(CyLib.o)
                              .\CortexM3\ARM_GCC_493\Debug\Cm3Start.o (CyHalt)
.\CortexM3\ARM_GCC_493\Debug\freesoc.a(cyPm.o)
                              .\CortexM3\ARM_GCC_493\Debug\freesoc.a(CyLib.o) (CyPmReadStatus)
.\CortexM3\ARM_GCC_493\Debug\freesoc.a(EZI2C_Slave.o)
                              .\CortexM3\ARM_GCC_493\Debug\i2c.o (EZI2C_Slave_Start)
.\CortexM3\ARM_GCC_493\Debug\freesoc.a(EZI2C_Slave_PM.o)
                              .\CortexM3\ARM_GCC_493\Debug\freesoc.a(EZI2C_Slave.o) (EZI2C_Slave_backup)
.\CortexM3\ARM_GCC_493\Debug\freesoc.a(EZI2C_Slave_INT.o)
                              .\CortexM3\ARM_GCC_493\Debug\freesoc.a(EZI2C_Slave.o) (EZI2C_Slave_ISR)
.\CortexM3\ARM_GCC_493\Debug\freesoc.a(Front_Echo_Intr.o)
                              .\CortexM3\ARM_GCC_493\Debug\ultrasonic.o (Front_Echo_Intr_StartEx)
.\CortexM3\ARM_GCC_493\Debug\freesoc.a(Front_Trigger_Reg.o)
                              .\CortexM3\ARM_GCC_493\Debug\ultrasonic.o (Front_Trigger_Reg_Write)
.\CortexM3\ARM_GCC_493\Debug\freesoc.a(Front_Trigger_Select_Reg.o)
                              .\CortexM3\ARM_GCC_493\Debug\ultrasonic.o (Front_Trigger_Select_Reg_Write)
.\CortexM3\ARM_GCC_493\Debug\freesoc.a(Front_Echo_Timer.o)
                              .\CortexM3\ARM_GCC_493\Debug\ultrasonic.o (Front_Echo_Timer_ReadCounter)
.\CortexM3\ARM_GCC_493\Debug\freesoc.a(Rear_Trigger_Reg.o)
                              .\CortexM3\ARM_GCC_493\Debug\ultrasonic.o (Rear_Trigger_Reg_Write)
.\CortexM3\ARM_GCC_493\Debug\freesoc.a(Rear_Trigger_Select_Reg.o)
                              .\CortexM3\ARM_GCC_493\Debug\ultrasonic.o (Rear_Trigger_Select_Reg_Write)
.\CortexM3\ARM_GCC_493\Debug\freesoc.a(Rear_Echo_Intr.o)
                              .\CortexM3\ARM_GCC_493\Debug\ultrasonic.o (Rear_Echo_Intr_StartEx)
.\CortexM3\ARM_GCC_493\Debug\freesoc.a(Rear_Echo_Timer.o)
                              .\CortexM3\ARM_GCC_493\Debug\ultrasonic.o (Rear_Echo_Timer_ReadCounter)
.\CortexM3\ARM_GCC_493\Debug\freesoc.a(Front_ADC_SAR.o)
                              .\CortexM3\ARM_GCC_493\Debug\infrared.o (Front_ADC_SAR_Start)
.\CortexM3\ARM_GCC_493\Debug\freesoc.a(Front_ADC_SAR_INT.o)
                              .\CortexM3\ARM_GCC_493\Debug\freesoc.a(Front_ADC_SAR.o) (Front_ADC_SAR_ISR)
.\CortexM3\ARM_GCC_493\Debug\freesoc.a(Front_AMuxSeq.o)
                              .\CortexM3\ARM_GCC_493\Debug\infrared.o (Front_AMuxSeq_Start)
.\CortexM3\ARM_GCC_493\Debug\freesoc.a(Rear_ADC_SAR.o)
                              .\CortexM3\ARM_GCC_493\Debug\infrared.o (Rear_ADC_SAR_Start)
.\CortexM3\ARM_GCC_493\Debug\freesoc.a(Rear_ADC_SAR_INT.o)
                              .\CortexM3\ARM_GCC_493\Debug\freesoc.a(Rear_ADC_SAR.o) (Rear_ADC_SAR_ISR)
.\CortexM3\ARM_GCC_493\Debug\freesoc.a(Rear_AMuxSeq.o)
                              .\CortexM3\ARM_GCC_493\Debug\infrared.o (Rear_AMuxSeq_Start)
.\CortexM3\ARM_GCC_493\Debug\freesoc.a(Front_ADC_SAR_IRQ.o)
                              .\CortexM3\ARM_GCC_493\Debug\infrared.o (Front_ADC_SAR_IRQ_StartEx)
.\CortexM3\ARM_GCC_493\Debug\freesoc.a(Front_ADC_SAR_theACLK.o)
                              .\CortexM3\ARM_GCC_493\Debug\freesoc.a(Front_ADC_SAR.o) (Front_ADC_SAR_theACLK_SetModeRegister)
.\CortexM3\ARM_GCC_493\Debug\freesoc.a(Rear_ADC_SAR_IRQ.o)
                              .\CortexM3\ARM_GCC_493\Debug\infrared.o (Rear_ADC_SAR_IRQ_StartEx)
.\CortexM3\ARM_GCC_493\Debug\freesoc.a(Rear_ADC_SAR_theACLK.o)
                              .\CortexM3\ARM_GCC_493\Debug\freesoc.a(Rear_ADC_SAR.o) (Rear_ADC_SAR_theACLK_SetModeRegister)
.\CortexM3\ARM_GCC_493\Debug\freesoc.a(Rear_EOS_Intr.o)
                              .\CortexM3\ARM_GCC_493\Debug\infrared.o (Rear_EOS_Intr_StartEx)
.\CortexM3\ARM_GCC_493\Debug\freesoc.a(Front_EOS_Intr.o)
                              .\CortexM3\ARM_GCC_493\Debug\infrared.o (Front_EOS_Intr_StartEx)
[...]
Memory Configuration

Name             Origin             Length             Attributes
rom              0x00000000         0x00040000         xr
ram              0x1fff8000         0x00010000         xrw
*default*        0x00000000         0xffffffff

Linker script and memory map

LOAD c:/program files (x86)/cypress/psoc creator/3.3/psoc creator/import/gnu/arm/4.9.3/bin/../lib/gcc/arm-none-eabi/4.9.3/armv7-m/crti.o
LOAD c:/program files (x86)/cypress/psoc creator/3.3/psoc creator/import/gnu/arm/4.9.3/bin/../lib/gcc/arm-none-eabi/4.9.3/armv7-m/crtbegin.o
LOAD c:/program files (x86)/cypress/psoc creator/3.3/psoc creator/import/gnu/arm/4.9.3/bin/../lib/gcc/arm-none-eabi/4.9.3/../../../../arm-none-eabi/lib/armv7-m/crt0.o
START GROUP
LOAD .\CortexM3\ARM_GCC_493\Debug\main.o
LOAD .\CortexM3\ARM_GCC_493\Debug\cal.o
LOAD .\CortexM3\ARM_GCC_493\Debug\control.o
LOAD .\CortexM3\ARM_GCC_493\Debug\debug.o
LOAD .\CortexM3\ARM_GCC_493\Debug\diag.o
LOAD .\CortexM3\ARM_GCC_493\Debug\encoder.o
LOAD .\CortexM3\ARM_GCC_493\Debug\i2c.o
LOAD .\CortexM3\ARM_GCC_493\Debug\motor.o
LOAD .\CortexM3\ARM_GCC_493\Debug\odom.o
LOAD .\CortexM3\ARM_GCC_493\Debug\pid.o
LOAD .\CortexM3\ARM_GCC_493\Debug\time.o
LOAD .\CortexM3\ARM_GCC_493\Debug\ultrasonic.o
LOAD .\CortexM3\ARM_GCC_493\Debug\utils.o
LOAD .\CortexM3\ARM_GCC_493\Debug\infrared.o
LOAD .\CortexM3\ARM_GCC_493\Debug\pid_controller.o
LOAD .\CortexM3\ARM_GCC_493\Debug\serial.o
LOAD .\CortexM3\ARM_GCC_493\Debug\nvstore.o
LOAD .\CortexM3\ARM_GCC_493\Debug\calcps2pwm.o
LOAD .\CortexM3\ARM_GCC_493\Debug\calpid.o
LOAD .\CortexM3\ARM_GCC_493\Debug\calang.o
LOAD .\CortexM3\ARM_GCC_493\Debug\callin.o
LOAD .\CortexM3\ARM_GCC_493\Debug\cymetadata.o
LOAD .\CortexM3\ARM_GCC_493\Debug\Cm3Start.o
LOAD .\CortexM3\ARM_GCC_493\Debug\freesoc.a
LOAD C:\Program Files (x86)\Cypress\PSoC Creator\3.3\PSoC Creator\psoc\content\cycomponentlibrary\CyComponentLibrary.cylib\CortexM3\ARM_GCC_493\Debug\CyComponentLibrary.a
LOAD c:/program files (x86)/cypress/psoc creator/3.3/psoc creator/import/gnu/arm/4.9.3/bin/../lib/gcc/arm-none-eabi/4.9.3/../../../../arm-none-eabi/lib/armv7-m\libm.a
END GROUP
START GROUP
LOAD c:/program files (x86)/cypress/psoc creator/3.3/psoc creator/import/gnu/arm/4.9.3/bin/../lib/gcc/arm-none-eabi/4.9.3/armv7-m\libgcc.a
LOAD c:/program files (x86)/cypress/psoc creator/3.3/psoc creator/import/gnu/arm/4.9.3/bin/../lib/gcc/arm-none-eabi/4.9.3/../../../../arm-none-eabi/lib/armv7-m\libg_nano.a
LOAD c:/program files (x86)/cypress/psoc creator/3.3/psoc creator/import/gnu/arm/4.9.3/bin/../lib/gcc/arm-none-eabi/4.9.3/../../../../arm-none-eabi/lib/armv7-m\libc_nano.a
END GROUP
START GROUP
LOAD c:/program files (x86)/cypress/psoc creator/3.3/psoc creator/import/gnu/arm/4.9.3/bin/../lib/gcc/arm-none-eabi/4.9.3/armv7-m\libgcc.a
LOAD c:/program files (x86)/cypress/psoc creator/3.3/psoc creator/import/gnu/arm/4.9.3/bin/../lib/gcc/arm-none-eabi/4.9.3/../../../../arm-none-eabi/lib/armv7-m\libc_nano.a
END GROUP
LOAD c:/program files (x86)/cypress/psoc creator/3.3/psoc creator/import/gnu/arm/4.9.3/bin/../lib/gcc/arm-none-eabi/4.9.3/armv7-m/crtend.o
LOAD c:/program files (x86)/cypress/psoc creator/3.3/psoc creator/import/gnu/arm/4.9.3/bin/../lib/gcc/arm-none-eabi/4.9.3/armv7-m/crtn.o
START GROUP
LOAD c:/program files (x86)/cypress/psoc creator/3.3/psoc creator/import/gnu/arm/4.9.3/bin/../lib/gcc/arm-none-eabi/4.9.3/armv7-m\libgcc.a
LOAD c:/program files (x86)/cypress/psoc creator/3.3/psoc creator/import/gnu/arm/4.9.3/bin/../lib/gcc/arm-none-eabi/4.9.3/../../../../arm-none-eabi/lib/armv7-m\libc.a
LOAD c:/program files (x86)/cypress/psoc creator/3.3/psoc creator/import/gnu/arm/4.9.3/bin/../lib/gcc/arm-none-eabi/4.9.3/../../../../arm-none-eabi/lib/armv7-m\libnosys.a
END GROUP
                0x00000000                CY_APPL_ORIGIN = 0x0
                0x00000100                CY_FLASH_ROW_SIZE = 0x100
                0x00000020                CY_ECC_ROW_SIZE = 0x20
                0x00000000                CY_EE_IN_BTLDR = 0x0
                0x00000000                CY_APPL_LOADABLE = 0x0
                0x00000800                CY_EE_SIZE = 0x800
                0x00000001                CY_APPL_NUM = 0x1
                0x00000001                CY_APPL_MAX = 0x1
                0x00000040                CY_METADATA_SIZE = 0x40
                0x00000000                CY_APPL_LOADABLE = 0x0
                0x00000000                CY_CHECKSUM_EXCLUDE_SIZE = ALIGN (0x0, CY_FLASH_ROW_SIZE)
                0x1fffeca0                PROVIDE (__cy_heap_start, _end)
                0x00000001                PROVIDE (__cy_region_num, ((__cy_regions_end - __cy_regions) / 0x10))
                0x20008000                PROVIDE (__cy_stack, (ORIGIN (ram) + 0x10000))
                0x20007800                PROVIDE (__cy_heap_end, (__cy_stack - 0x800))

.cybootloader   0x00000000        0x0
 *(.cybootloader)
                0x00000000                appl1_start = CY_APPL_ORIGIN?CY_APPL_ORIGIN:ALIGN (CY_FLASH_ROW_SIZE)
                0x0001ff00                appl2_start = (appl1_start + ALIGN ((((0x40000 - appl1_start) - (0x2 * CY_FLASH_ROW_SIZE)) / 0x2), CY_FLASH_ROW_SIZE))
                0x00000000                appl_start = (CY_APPL_NUM == 0x1)?appl1_start:appl2_start
                0x00000000                ecc_offset = ((appl_start / CY_FLASH_ROW_SIZE) * CY_ECC_ROW_SIZE)
                0x00000000                ee_offset = (CY_APPL_LOADABLE && ! (CY_EE_IN_BTLDR))?((CY_EE_SIZE / CY_APPL_MAX) * (CY_APPL_NUM - 0x1)):0x0
                0x00000800                ee_size = (CY_APPL_LOADABLE && ! (CY_EE_IN_BTLDR))?(CY_EE_SIZE / CY_APPL_MAX):CY_EE_SIZE
                0x00000000                PROVIDE (CY_ECC_OFFSET, ecc_offset)

.text           0x00000000     0x7f1c
 CREATE_OBJECT_SYMBOLS
                0x00000000                PROVIDE (__cy_interrupt_vector, RomVectors)
 *(.romvectors)
 .romvectors    0x00000000       0x10 .\CortexM3\ARM_GCC_493\Debug\Cm3Start.o
                0x00000000                RomVectors
                0x00000001                ASSERT ((. != __cy_interrupt_vector), No interrupt vector)
                0x00000001                ASSERT (CY_APPL_ORIGIN?(SIZEOF (.cybootloader) <= CY_APPL_ORIGIN):0x1, Wrong image location)
                0x00000010                PROVIDE (__cy_reset, Reset)
 *(.text.Reset)
 .text.Reset    0x00000010       0x18 .\CortexM3\ARM_GCC_493\Debug\Cm3Start.o
                0x00000010                Reset
                0x00000001                ASSERT ((. != __cy_reset), No reset code)
 *(.dma_init)
                0x00000001                ASSERT ((((appl_start + .) <= 0x10000) || 0x1), DMA Init must be within the first 64k of flash)
 *(.text .text.* .gnu.linkonce.t.*)
 .text          0x00000028       0x5c c:/program files (x86)/cypress/psoc creator/3.3/psoc creator/import/gnu/arm/4.9.3/bin/../lib/gcc/arm-none-eabi/4.9.3/armv7-m/crtbegin.o
 .text.main     0x00000084       0x9c .\CortexM3\ARM_GCC_493\Debug\main.o
                0x00000084                main
 .text.SetCalibrationStatusBit
                0x00000120       0x30 .\CortexM3\ARM_GCC_493\Debug\cal.o
 .text.ClearCalibrationStatusBit
                0x00000150       0x30 .\CortexM3\ARM_GCC_493\Debug\cal.o
 .text.Cal_Init
                0x00000180       0x1c .\CortexM3\ARM_GCC_493\Debug\cal.o
                0x00000180                Cal_Init
 .text.Cal_Start
                0x0000019c       0x14 .\CortexM3\ARM_GCC_493\Debug\cal.o
                0x0000019c                Cal_Start
 .text.Cal_Update
                0x000001b0       0x8c .\CortexM3\ARM_GCC_493\Debug\cal.o
                0x000001b0                Cal_Update
 .text.Cal_LeftGetMotorCalData
                0x0000023c       0x18 .\CortexM3\ARM_GCC_493\Debug\cal.o
                0x0000023c                Cal_LeftGetMotorCalData
 .text.Cal_RightGetMotorCalData
                0x00000254       0x18 .\CortexM3\ARM_GCC_493\Debug\cal.o
                0x00000254                Cal_RightGetMotorCalData
 .text.Cal_LeftGetPidGains
                0x0000026c        0xc .\CortexM3\ARM_GCC_493\Debug\cal.o
                0x0000026c                Cal_LeftGetPidGains
 .text.Cal_RightGetPidGains
                0x00000278        0xc .\CortexM3\ARM_GCC_493\Debug\cal.o
                0x00000278                Cal_RightGetPidGains
 *fill*         0x00000284        0x4 
 .text.CalculateLeftRightSpeed
                0x00000288       0x70 .\CortexM3\ARM_GCC_493\Debug\control.o
 .text.Control_Init
                0x000002f8        0x4 .\CortexM3\ARM_GCC_493\Debug\control.o
                0x000002f8                Control_Init
 .text.Control_Start
                0x000002fc        0x4 .\CortexM3\ARM_GCC_493\Debug\control.o
                0x000002fc                Control_Start
 .text.Control_Update
                0x00000300       0x34 .\CortexM3\ARM_GCC_493\Debug\control.o
                0x00000300                Control_Update
 .text.Control_LeftGetCmdVelocity
                0x00000334        0xc .\CortexM3\ARM_GCC_493\Debug\control.o
                0x00000334                Control_LeftGetCmdVelocity
 .text.Control_RightGetCmdVelocity
                0x00000340        0xc .\CortexM3\ARM_GCC_493\Debug\control.o
                0x00000340                Control_RightGetCmdVelocity
 .text.Debug_Init
                0x0000034c        0x4 .\CortexM3\ARM_GCC_493\Debug\debug.o
                0x0000034c                Debug_Init
 .text.Debug_Start
                0x00000350        0x4 .\CortexM3\ARM_GCC_493\Debug\debug.o
                0x00000350                Debug_Start
 .text.Diag_Init
                0x00000354       0x18 .\CortexM3\ARM_GCC_493\Debug\diag.o
                0x00000354                Diag_Init
 .text.Diag_Start
                0x0000036c        0x4 .\CortexM3\ARM_GCC_493\Debug\diag.o
                0x0000036c                Diag_Start
 .text.Diag_Update
                0x00000370       0x38 .\CortexM3\ARM_GCC_493\Debug\diag.o
                0x00000370                Diag_Update
 .text.Encoder_Sample
                0x000003a8       0x70 .\CortexM3\ARM_GCC_493\Debug\encoder.o
 .text.Encoder_Init
                0x00000418       0x48 .\CortexM3\ARM_GCC_493\Debug\encoder.o
                0x00000418                Encoder_Init
 .text.Encoder_Start
                0x00000460       0x20 .\CortexM3\ARM_GCC_493\Debug\encoder.o
                0x00000460                Encoder_Start
 .text.Encoder_Update
                0x00000480       0x58 .\CortexM3\ARM_GCC_493\Debug\encoder.o
                0x00000480                Encoder_Update
 .text.Encoder_LeftGetCntsPerSec
                0x000004d8        0xc .\CortexM3\ARM_GCC_493\Debug\encoder.o
                0x000004d8                Encoder_LeftGetCntsPerSec
 .text.Encoder_RightGetCntsPerSec
                0x000004e4        0xc .\CortexM3\ARM_GCC_493\Debug\encoder.o
                0x000004e4                Encoder_RightGetCntsPerSec
 .text.Encoder_LeftGetMeterPerSec
                0x000004f0        0xc .\CortexM3\ARM_GCC_493\Debug\encoder.o
                0x000004f0                Encoder_LeftGetMeterPerSec
 .text.Encoder_RightGetMeterPerSec
                0x000004fc        0xc .\CortexM3\ARM_GCC_493\Debug\encoder.o
                0x000004fc                Encoder_RightGetMeterPerSec
 .text.Encoder_Reset
                0x00000508       0x3c .\CortexM3\ARM_GCC_493\Debug\encoder.o
                0x00000508                Encoder_Reset
 .text.I2c_Init
                0x00000544       0x20 .\CortexM3\ARM_GCC_493\Debug\i2c.o
                0x00000544                I2c_Init
 .text.I2c_Start
                0x00000564       0x18 .\CortexM3\ARM_GCC_493\Debug\i2c.o
                0x00000564                I2c_Start
 .text.I2c_ReadDeviceControl
                0x0000057c       0x2c .\CortexM3\ARM_GCC_493\Debug\i2c.o
                0x0000057c                I2c_ReadDeviceControl
 .text.I2c_ReadCalibrationControl
                0x000005a8       0x2c .\CortexM3\ARM_GCC_493\Debug\i2c.o
                0x000005a8                I2c_ReadCalibrationControl
 *fill*         0x000005d4        0x4 
 .text.I2c_ReadCmdVelocity
                0x000005d8      0x130 .\CortexM3\ARM_GCC_493\Debug\i2c.o
                0x000005d8                I2c_ReadCmdVelocity
 .text.I2c_SetCalibrationStatusBit
                0x00000708       0x38 .\CortexM3\ARM_GCC_493\Debug\i2c.o
                0x00000708                I2c_SetCalibrationStatusBit
 .text.I2c_ClearCalibrationStatusBit
                0x00000740       0x3c .\CortexM3\ARM_GCC_493\Debug\i2c.o
                0x00000740                I2c_ClearCalibrationStatusBit
 .text.I2c_WriteOdom
                0x0000077c       0x9c .\CortexM3\ARM_GCC_493\Debug\i2c.o
                0x0000077c                I2c_WriteOdom
 .text.I2c_UpdateHeartbeat
                0x00000818       0x2c .\CortexM3\ARM_GCC_493\Debug\i2c.o
                0x00000818                I2c_UpdateHeartbeat
 .text.Interpolate
                0x00000844       0x3c .\CortexM3\ARM_GCC_493\Debug\motor.o
 .text.calculate_pwm
                0x00000880       0x74 .\CortexM3\ARM_GCC_493\Debug\motor.o
 .text.calc_motor_output_from_cps
                0x000008f4       0xa8 .\CortexM3\ARM_GCC_493\Debug\motor.o
 .text.RampSpeed
                0x0000099c       0x44 .\CortexM3\ARM_GCC_493\Debug\motor.o
 .text.CollectCpsPwmSamples
                0x000009e0       0x58 .\CortexM3\ARM_GCC_493\Debug\motor.o
 .text.PrintFormatDataInt32
                0x00000a38       0x8c .\CortexM3\ARM_GCC_493\Debug\motor.o
 .text.PrintFormatDataUint16
                0x00000ac4       0x8c .\CortexM3\ARM_GCC_493\Debug\motor.o
 .text.DumpMotorCal
                0x00000b50       0x4c .\CortexM3\ARM_GCC_493\Debug\motor.o
 .text.Motor_Init
                0x00000b9c       0x18 .\CortexM3\ARM_GCC_493\Debug\motor.o
                0x00000b9c                Motor_Init
 .text.Motor_Start
                0x00000bb4       0x48 .\CortexM3\ARM_GCC_493\Debug\motor.o
                0x00000bb4                Motor_Start
 .text.Motor_LeftSetCntsPerSec
                0x00000bfc       0x18 .\CortexM3\ARM_GCC_493\Debug\motor.o
                0x00000bfc                Motor_LeftSetCntsPerSec
 .text.Motor_RightSetCntsPerSec
                0x00000c14       0x18 .\CortexM3\ARM_GCC_493\Debug\motor.o
                0x00000c14                Motor_RightSetCntsPerSec
 .text.Motor_LeftGetPwm
                0x00000c2c        0xc .\CortexM3\ARM_GCC_493\Debug\motor.o
                0x00000c2c                Motor_LeftGetPwm
 .text.Motor_RightGetPwm
                0x00000c38        0xc .\CortexM3\ARM_GCC_493\Debug\motor.o
                0x00000c38                Motor_RightGetPwm
 .text.Motor_Stop
                0x00000c44       0x20 .\CortexM3\ARM_GCC_493\Debug\motor.o
                0x00000c44                Motor_Stop
 .text.Motor_CollectPwmCpsSamples
                0x00000c64       0xb4 .\CortexM3\ARM_GCC_493\Debug\motor.o
                0x00000c64                Motor_CollectPwmCpsSamples
 .text.Motor_LeftSetCalibration
                0x00000d18       0x1c .\CortexM3\ARM_GCC_493\Debug\motor.o
                0x00000d18                Motor_LeftSetCalibration
 .text.Motor_RightSetCalibration
                0x00000d34       0x1c .\CortexM3\ARM_GCC_493\Debug\motor.o
                0x00000d34                Motor_RightSetCalibration
 .text.Odom_Init
                0x00000d50       0x14 .\CortexM3\ARM_GCC_493\Debug\odom.o
                0x00000d50                Odom_Init
 .text.Odom_Start
                0x00000d64        0x4 .\CortexM3\ARM_GCC_493\Debug\odom.o
                0x00000d64                Odom_Start
 .text.calc_odom
                0x00000d68      0x278 .\CortexM3\ARM_GCC_493\Debug\odom.o
                0x00000d68                calc_odom
 .text.Odom_Update
                0x00000fe0       0x5c .\CortexM3\ARM_GCC_493\Debug\odom.o
                0x00000fe0                Odom_Update
 .text.Odom_Reset
                0x0000103c       0x28 .\CortexM3\ARM_GCC_493\Debug\odom.o
                0x0000103c                Odom_Reset
 *fill*         0x00001064        0x4 
 .text.ProcessPid
                0x00001068       0xb0 .\CortexM3\ARM_GCC_493\Debug\pid.o
 .text.Pid_Init
                0x00001118       0x68 .\CortexM3\ARM_GCC_493\Debug\pid.o
                0x00001118                Pid_Init
 .text.Pid_Start
                0x00001180       0x30 .\CortexM3\ARM_GCC_493\Debug\pid.o
                0x00001180                Pid_Start
 .text.Pid_Update
                0x000011b0       0x50 .\CortexM3\ARM_GCC_493\Debug\pid.o
                0x000011b0                Pid_Update
 .text.StepImpulse
                0x00001200       0x70 .\CortexM3\ARM_GCC_493\Debug\pid.o
 .text.Pid_LeftStepInput
                0x00001270       0x28 .\CortexM3\ARM_GCC_493\Debug\pid.o
                0x00001270                Pid_LeftStepInput
 .text.Pid_RightStepInput
                0x00001298       0x28 .\CortexM3\ARM_GCC_493\Debug\pid.o
                0x00001298                Pid_RightStepInput
 .text.SysTickIsrHandler
                0x000012c0       0x10 .\CortexM3\ARM_GCC_493\Debug\time.o
 .text.Time_Init
                0x000012d0        0xc .\CortexM3\ARM_GCC_493\Debug\time.o
                0x000012d0                Time_Init
 .text.Time_Start
                0x000012dc       0x2c .\CortexM3\ARM_GCC_493\Debug\time.o
                0x000012dc                Time_Start
 .text.millis   0x00001308        0xc .\CortexM3\ARM_GCC_493\Debug\time.o
                0x00001308                millis
 .text.Ultrasonic_Init
                0x00001314        0x4 .\CortexM3\ARM_GCC_493\Debug\ultrasonic.o
                0x00001314                Ultrasonic_Init
 .text.MovingAverageFloat
                0x00001318       0x2c .\CortexM3\ARM_GCC_493\Debug\utils.o
                0x00001318                MovingAverageFloat
 .text.Uint16ToTwoBytes
                0x00001344        0x8 .\CortexM3\ARM_GCC_493\Debug\utils.o
                0x00001344                Uint16ToTwoBytes
 .text.FloatToFourBytes
                0x0000134c       0x20 .\CortexM3\ARM_GCC_493\Debug\utils.o
                0x0000134c                FloatToFourBytes
 .text.BinaryRangeSearch
                0x0000136c       0x50 .\CortexM3\ARM_GCC_493\Debug\utils.o
                0x0000136c                BinaryRangeSearch
 .text.initializeQueue
                0x000013bc       0x10 .\CortexM3\ARM_GCC_493\Debug\infrared.o
                0x000013bc                initializeQueue
 .text.Infrared_Init
                0x000013cc       0x30 .\CortexM3\ARM_GCC_493\Debug\infrared.o
                0x000013cc                Infrared_Init
 .text.PIDCompute
                0x000013fc       0xa4 .\CortexM3\ARM_GCC_493\Debug\pid_controller.o
                0x000013fc                PIDCompute
 .text.PIDOutputLimitsSet
                0x000014a0       0x5c .\CortexM3\ARM_GCC_493\Debug\pid_controller.o
                0x000014a0                PIDOutputLimitsSet
 .text.PIDTuningsSet
                0x000014fc       0x6c .\CortexM3\ARM_GCC_493\Debug\pid_controller.o
                0x000014fc                PIDTuningsSet
 .text.PIDInit  0x00001568       0x54 .\CortexM3\ARM_GCC_493\Debug\pid_controller.o
                0x00001568                PIDInit
 .text.PIDSetpointSet
                0x000015bc        0x4 .\CortexM3\ARM_GCC_493\Debug\pid_controller.o
                0x000015bc                PIDSetpointSet
 .text.PIDInputSet
                0x000015c0        0x4 .\CortexM3\ARM_GCC_493\Debug\pid_controller.o
                0x000015c0                PIDInputSet
 .text.Ser_Init
                0x000015c4       0x24 .\CortexM3\ARM_GCC_493\Debug\serial.o
                0x000015c4                Ser_Init
 .text.Ser_Start
                0x000015e8        0x4 .\CortexM3\ARM_GCC_493\Debug\serial.o
                0x000015e8                Ser_Start
 .text.Ser_PutString
                0x000015ec        0x4 .\CortexM3\ARM_GCC_493\Debug\serial.o
                0x000015ec                Ser_PutString
 .text.Nvstore_Init
                0x000015f0        0x4 .\CortexM3\ARM_GCC_493\Debug\nvstore.o
                0x000015f0                Nvstore_Init
 .text.Nvstore_Start
                0x000015f4        0x8 .\CortexM3\ARM_GCC_493\Debug\nvstore.o
                0x000015f4                Nvstore_Start
 .text.Nvstore_WriteBytes
                0x000015fc       0xc8 .\CortexM3\ARM_GCC_493\Debug\nvstore.o
                0x000015fc                Nvstore_WriteBytes
 .text.Nvstore_WriteUint16
                0x000016c4       0x28 .\CortexM3\ARM_GCC_493\Debug\nvstore.o
                0x000016c4                Nvstore_WriteUint16
 .text.Nvstore_WriteFloat
                0x000016ec       0x2c .\CortexM3\ARM_GCC_493\Debug\nvstore.o
                0x000016ec                Nvstore_WriteFloat
 .text.CalculatePwmSamples
                0x00001718       0x64 .\CortexM3\ARM_GCC_493\Debug\calcps2pwm.o
 .text.AddSamplesToSum
                0x0000177c       0x24 .\CortexM3\ARM_GCC_493\Debug\calcps2pwm.o
 .text.CalculateAvgCpsSamples
                0x000017a0       0x20 .\CortexM3\ARM_GCC_493\Debug\calcps2pwm.o
 .text.CalculateMinMaxCpsSample
                0x000017c0       0x38 .\CortexM3\ARM_GCC_493\Debug\calcps2pwm.o
 .text.CalibrateWheelSpeed
                0x000017f8       0x5c .\CortexM3\ARM_GCC_493\Debug\calcps2pwm.o
 .text.OutputSamples
                0x00001854       0x4c .\CortexM3\ARM_GCC_493\Debug\calcps2pwm.o
 .text.StoreWheelSpeed
                0x000018a0       0xc4 .\CortexM3\ARM_GCC_493\Debug\calcps2pwm.o
 .text.PerformCountPerSecToPwmCalibration
                0x00001964      0x10c .\CortexM3\ARM_GCC_493\Debug\calcps2pwm.o
                0x00001964                PerformCountPerSecToPwmCalibration
 .text.Twiddle  0x00001a70      0x160 .\CortexM3\ARM_GCC_493\Debug\calpid.o
 .text.StoreLeftGains
                0x00001bd0       0x3c .\CortexM3\ARM_GCC_493\Debug\calpid.o
 .text.DoLeftTwiddle
                0x00001c0c       0x28 .\CortexM3\ARM_GCC_493\Debug\calpid.o
 .text.StoreRightGains
                0x00001c34       0x3c .\CortexM3\ARM_GCC_493\Debug\calpid.o
 .text.DoRightTwiddle
                0x00001c70       0x28 .\CortexM3\ARM_GCC_493\Debug\calpid.o
 .text.PerformPidCalibration
                0x00001c98       0x28 .\CortexM3\ARM_GCC_493\Debug\calpid.o
                0x00001c98                PerformPidCalibration
 .text.PerformAngularBiasCalibration
                0x00001cc0        0x4 .\CortexM3\ARM_GCC_493\Debug\calang.o
                0x00001cc0                PerformAngularBiasCalibration
 .text.PerformLinearBiasCalibration
                0x00001cc4        0x4 .\CortexM3\ARM_GCC_493\Debug\callin.o
                0x00001cc4                PerformLinearBiasCalibration
 .text.IntDefaultHandler
                0x00001cc8        0x4 .\CortexM3\ARM_GCC_493\Debug\Cm3Start.o
                0x00001cc8                IntDefaultHandler
 .text._exit    0x00001ccc        0xc .\CortexM3\ARM_GCC_493\Debug\Cm3Start.o
                0x00001ccc                _exit
 .text._sbrk    0x00001cd8       0x30 .\CortexM3\ARM_GCC_493\Debug\Cm3Start.o
                0x00001cd8                _sbrk
 .text.Start_c  0x00001d08       0x4c .\CortexM3\ARM_GCC_493\Debug\Cm3Start.o
                0x00001d08                Start_c
 .text.initialize_psoc
                0x00001d54       0x74 .\CortexM3\ARM_GCC_493\Debug\Cm3Start.o
                0x00001d54                initialize_psoc
 .text.cfg_write_bytes32
                0x00001dc8       0x34 .\CortexM3\ARM_GCC_493\Debug\freesoc.a(cyfitter_cfg.o)
 .text.CYMEMZERO
                0x00001dfc        0xc .\CortexM3\ARM_GCC_493\Debug\freesoc.a(cyfitter_cfg.o)
 .text.ClockSetup
                0x00001e08       0xe4 .\CortexM3\ARM_GCC_493\Debug\freesoc.a(cyfitter_cfg.o)
 .text.AnalogSetDefault
                0x00001eec       0x98 .\CortexM3\ARM_GCC_493\Debug\freesoc.a(cyfitter_cfg.o)
 .text.CYCONFIGCPY
                0x00001f84        0x8 .\CortexM3\ARM_GCC_493\Debug\freesoc.a(cyfitter_cfg.o)
 .text.Front_AMuxSeq_DisconnectAll
                0x00001f8c       0x18 .\CortexM3\ARM_GCC_493\Debug\freesoc.a(cyfitter_cfg.o)
                0x00001f8c                Front_AMuxSeq_DisconnectAll
 .text.Rear_AMuxSeq_DisconnectAll
                0x00001fa4       0x18 .\CortexM3\ARM_GCC_493\Debug\freesoc.a(cyfitter_cfg.o)
                0x00001fa4                Rear_AMuxSeq_DisconnectAll
 .text.cyfitter_cfg
                0x00001fbc      0x1a8 .\CortexM3\ARM_GCC_493\Debug\freesoc.a(cyfitter_cfg.o)
                0x00001fbc                cyfitter_cfg
 .text.Left_HB25_Enable_Pin_Write
                0x00002164       0x18 .\CortexM3\ARM_GCC_493\Debug\freesoc.a(Left_HB25_Enable_Pin.o)
                0x00002164                Left_HB25_Enable_Pin_Write
 .text.Left_HB25_PWM_Stop
                0x0000217c        0x4 .\CortexM3\ARM_GCC_493\Debug\freesoc.a(Left_HB25_PWM.o)
                0x0000217c                Left_HB25_PWM_Stop
 .text.Left_HB25_PWM_WriteCounter
                0x00002180        0xc .\CortexM3\ARM_GCC_493\Debug\freesoc.a(Left_HB25_PWM.o)
                0x00002180                Left_HB25_PWM_WriteCounter
 .text.Left_HB25_PWM_WritePeriod
                0x0000218c        0xc .\CortexM3\ARM_GCC_493\Debug\freesoc.a(Left_HB25_PWM.o)
                0x0000218c                Left_HB25_PWM_WritePeriod
 .text.Left_HB25_PWM_WriteCompare
                0x00002198        0xc .\CortexM3\ARM_GCC_493\Debug\freesoc.a(Left_HB25_PWM.o)
                0x00002198                Left_HB25_PWM_WriteCompare
 .text.Left_HB25_PWM_Init
                0x000021a4       0x34 .\CortexM3\ARM_GCC_493\Debug\freesoc.a(Left_HB25_PWM.o)
                0x000021a4                Left_HB25_PWM_Init
 .text.Left_HB25_PWM_Start
                0x000021d8       0x18 .\CortexM3\ARM_GCC_493\Debug\freesoc.a(Left_HB25_PWM.o)
                0x000021d8                Left_HB25_PWM_Start
 .text.Right_HB25_Enable_Pin_Write
                0x000021f0       0x18 .\CortexM3\ARM_GCC_493\Debug\freesoc.a(Right_HB25_Enable_Pin.o)
                0x000021f0                Right_HB25_Enable_Pin_Write
 .text.Right_HB25_PWM_Stop
                0x00002208        0x4 .\CortexM3\ARM_GCC_493\Debug\freesoc.a(Right_HB25_PWM.o)
                0x00002208                Right_HB25_PWM_Stop
 .text.Right_HB25_PWM_WriteCounter
                0x0000220c        0xc .\CortexM3\ARM_GCC_493\Debug\freesoc.a(Right_HB25_PWM.o)
                0x0000220c                Right_HB25_PWM_WriteCounter
 .text.Right_HB25_PWM_WritePeriod
                0x00002218        0xc .\CortexM3\ARM_GCC_493\Debug\freesoc.a(Right_HB25_PWM.o)
                0x00002218                Right_HB25_PWM_WritePeriod
 .text.Right_HB25_PWM_WriteCompare
                0x00002224        0xc .\CortexM3\ARM_GCC_493\Debug\freesoc.a(Right_HB25_PWM.o)
                0x00002224                Right_HB25_PWM_WriteCompare
 .text.Right_HB25_PWM_Init
                0x00002230       0x34 .\CortexM3\ARM_GCC_493\Debug\freesoc.a(Right_HB25_PWM.o)
                0x00002230                Right_HB25_PWM_Init
 .text.Right_HB25_PWM_Start
                0x00002264       0x18 .\CortexM3\ARM_GCC_493\Debug\freesoc.a(Right_HB25_PWM.o)
                0x00002264                Right_HB25_PWM_Start
 *fill*         0x0000227c        0x4 
 .text          0x00002280       0x20 .\CortexM3\ARM_GCC_493\Debug\freesoc.a(CyBootAsmGnu.o)
                0x00002280                CyDelayCycles
                0x00002290                CyEnterCriticalSection
                0x00002298                CyExitCriticalSection
 .text.CyHalt   0x000022a0        0x4 .\CortexM3\ARM_GCC_493\Debug\freesoc.a(CyLib.o)
                0x000022a0                CyHalt
 .text.CyDelay  0x000022a4       0x2c .\CortexM3\ARM_GCC_493\Debug\freesoc.a(CyLib.o)
                0x000022a4                CyDelay
 .text.CyDelayUs
                0x000022d0       0x14 .\CortexM3\ARM_GCC_493\Debug\freesoc.a(CyLib.o)
                0x000022d0                CyDelayUs
 .text.CyIntSetSysVector
                0x000022e4       0x28 .\CortexM3\ARM_GCC_493\Debug\freesoc.a(CyLib.o)
                0x000022e4                CyIntSetSysVector
 .text.CyIntSetVector
                0x0000230c       0x28 .\CortexM3\ARM_GCC_493\Debug\freesoc.a(CyLib.o)
                0x0000230c                CyIntSetVector
 .text.CyIntSetPriority
                0x00002334       0x30 .\CortexM3\ARM_GCC_493\Debug\freesoc.a(CyLib.o)
                0x00002334                CyIntSetPriority
 .text.CySysTickEnableInterrupt
                0x00002364       0x10 .\CortexM3\ARM_GCC_493\Debug\freesoc.a(CyLib.o)
                0x00002364                CySysTickEnableInterrupt
 .text.CySysTickEnable
                0x00002374       0x18 .\CortexM3\ARM_GCC_493\Debug\freesoc.a(CyLib.o)
                0x00002374                CySysTickEnable
 .text.CySysTickSetReload
                0x0000238c       0x10 .\CortexM3\ARM_GCC_493\Debug\freesoc.a(CyLib.o)
                0x0000238c                CySysTickSetReload
 .text.CySysTickSetClockSource
                0x0000239c       0x20 .\CortexM3\ARM_GCC_493\Debug\freesoc.a(CyLib.o)
                0x0000239c                CySysTickSetClockSource
 .text.CySysTickGetCountFlag
                0x000023bc       0x10 .\CortexM3\ARM_GCC_493\Debug\freesoc.a(CyLib.o)
                0x000023bc                CySysTickGetCountFlag
 .text.CySysTickServiceCallbacks
                0x000023cc       0x28 .\CortexM3\ARM_GCC_493\Debug\freesoc.a(CyLib.o)
 .text.CySysTickClear
                0x000023f4        0xc .\CortexM3\ARM_GCC_493\Debug\freesoc.a(CyLib.o)
                0x000023f4                CySysTickClear
 .text.CySysTickInit
                0x00002400       0x58 .\CortexM3\ARM_GCC_493\Debug\freesoc.a(CyLib.o)
                0x00002400                CySysTickInit
 .text.CySysTickStart
                0x00002458       0x1c .\CortexM3\ARM_GCC_493\Debug\freesoc.a(CyLib.o)
                0x00002458                CySysTickStart
 .text.CySysTickSetCallback
                0x00002474       0x10 .\CortexM3\ARM_GCC_493\Debug\freesoc.a(CyLib.o)
                0x00002474                CySysTickSetCallback
 .text.CySysTickGetCallback
                0x00002484       0x10 .\CortexM3\ARM_GCC_493\Debug\freesoc.a(CyLib.o)
                0x00002484                CySysTickGetCallback
 .text.EZI2C_Slave_Init
                0x00002494       0x70 .\CortexM3\ARM_GCC_493\Debug\freesoc.a(EZI2C_Slave.o)
                0x00002494                EZI2C_Slave_Init
 .text.EZI2C_Slave_Enable
                0x00002504       0x30 .\CortexM3\ARM_GCC_493\Debug\freesoc.a(EZI2C_Slave.o)
                0x00002504                EZI2C_Slave_Enable
 .text.EZI2C_Slave_Start
                0x00002534       0x1c .\CortexM3\ARM_GCC_493\Debug\freesoc.a(EZI2C_Slave.o)
                0x00002534                EZI2C_Slave_Start
 .text.EZI2C_Slave_GetActivity
                0x00002550       0x28 .\CortexM3\ARM_GCC_493\Debug\freesoc.a(EZI2C_Slave.o)
                0x00002550                EZI2C_Slave_GetActivity
 .text.EZI2C_Slave_SetBuffer1
                0x00002578       0x50 .\CortexM3\ARM_GCC_493\Debug\freesoc.a(EZI2C_Slave.o)
                0x00002578                EZI2C_Slave_SetBuffer1
 .text.EZI2C_Slave_ISR
                0x000025c8      0x1c4 .\CortexM3\ARM_GCC_493\Debug\freesoc.a(EZI2C_Slave_INT.o)
                0x000025c8                EZI2C_Slave_ISR
 .text.Mainloop_Pin_Write
                0x0000278c       0x18 .\CortexM3\ARM_GCC_493\Debug\freesoc.a(Mainloop_Pin.o)
                0x0000278c                Mainloop_Pin_Write
 .text.EEPROM_Enable
                0x000027a4        0xc .\CortexM3\ARM_GCC_493\Debug\freesoc.a(EEPROM.o)
                0x000027a4                EEPROM_Enable
 .text.EEPROM_Start
                0x000027b0        0x8 .\CortexM3\ARM_GCC_493\Debug\freesoc.a(EEPROM.o)
                0x000027b0                EEPROM_Start
 .text.EEPROM_WriteByte
                0x000027b8       0xd4 .\CortexM3\ARM_GCC_493\Debug\freesoc.a(EEPROM.o)
                0x000027b8                EEPROM_WriteByte
 .text.EEPROM_Write
                0x0000288c       0xb4 .\CortexM3\ARM_GCC_493\Debug\freesoc.a(EEPROM.o)
                0x0000288c                EEPROM_Write
 .text.Right_QuadDec_Init
                0x00002940       0x24 .\CortexM3\ARM_GCC_493\Debug\freesoc.a(Right_QuadDec.o)
                0x00002940                Right_QuadDec_Init
 .text.Right_QuadDec_GetCounter
                0x00002964       0x2c .\CortexM3\ARM_GCC_493\Debug\freesoc.a(Right_QuadDec.o)
                0x00002964                Right_QuadDec_GetCounter
 .text.Right_QuadDec_SetCounter
                0x00002990       0x2c .\CortexM3\ARM_GCC_493\Debug\freesoc.a(Right_QuadDec.o)
                0x00002990                Right_QuadDec_SetCounter
 .text.Right_QuadDec_GetEvents
                0x000029bc       0x10 .\CortexM3\ARM_GCC_493\Debug\freesoc.a(Right_QuadDec.o)
                0x000029bc                Right_QuadDec_GetEvents
 .text.Right_QuadDec_SetInterruptMask
                0x000029cc       0x10 .\CortexM3\ARM_GCC_493\Debug\freesoc.a(Right_QuadDec.o)
                0x000029cc                Right_QuadDec_SetInterruptMask
 .text.Right_QuadDec_Enable
                0x000029dc       0x30 .\CortexM3\ARM_GCC_493\Debug\freesoc.a(Right_QuadDec.o)
                0x000029dc                Right_QuadDec_Enable
 .text.Right_QuadDec_Start
                0x00002a0c       0x34 .\CortexM3\ARM_GCC_493\Debug\freesoc.a(Right_QuadDec.o)
                0x00002a0c                Right_QuadDec_Start
 .text.Right_QuadDec_ISR
                0x00002a40       0x40 .\CortexM3\ARM_GCC_493\Debug\freesoc.a(Right_QuadDec_INT.o)
                0x00002a40                Right_QuadDec_ISR
 .text.Right_QuadDec_Cnt16_Enable
                0x00002a80       0x10 .\CortexM3\ARM_GCC_493\Debug\freesoc.a(Right_QuadDec_Cnt16.o)
                0x00002a80                Right_QuadDec_Cnt16_Enable
 .text.Right_QuadDec_Cnt16_SetInterruptMode
                0x00002a90        0xc .\CortexM3\ARM_GCC_493\Debug\freesoc.a(Right_QuadDec_Cnt16.o)
                0x00002a90                Right_QuadDec_Cnt16_SetInterruptMode
 .text.Right_QuadDec_Cnt16_ReadStatusRegister
                0x00002a9c        0xc .\CortexM3\ARM_GCC_493\Debug\freesoc.a(Right_QuadDec_Cnt16.o)
                0x00002a9c                Right_QuadDec_Cnt16_ReadStatusRegister
 .text.Right_QuadDec_Cnt16_WriteCounter
                0x00002aa8        0xc .\CortexM3\ARM_GCC_493\Debug\freesoc.a(Right_QuadDec_Cnt16.o)
                0x00002aa8                Right_QuadDec_Cnt16_WriteCounter
 .text.Right_QuadDec_Cnt16_ReadCounter
                0x00002ab4       0x14 .\CortexM3\ARM_GCC_493\Debug\freesoc.a(Right_QuadDec_Cnt16.o)
                0x00002ab4                Right_QuadDec_Cnt16_ReadCounter
 .text.Right_QuadDec_Cnt16_ReadCapture
                0x00002ac8        0xc .\CortexM3\ARM_GCC_493\Debug\freesoc.a(Right_QuadDec_Cnt16.o)
                0x00002ac8                Right_QuadDec_Cnt16_ReadCapture
 .text.Right_QuadDec_Cnt16_WritePeriod
                0x00002ad4        0xc .\CortexM3\ARM_GCC_493\Debug\freesoc.a(Right_QuadDec_Cnt16.o)
                0x00002ad4                Right_QuadDec_Cnt16_WritePeriod
 .text.Right_QuadDec_Cnt16_WriteCompare
                0x00002ae0        0xc .\CortexM3\ARM_GCC_493\Debug\freesoc.a(Right_QuadDec_Cnt16.o)
                0x00002ae0                Right_QuadDec_Cnt16_WriteCompare
 .text.Right_QuadDec_Cnt16_ClearFIFO
                0x00002aec       0x14 .\CortexM3\ARM_GCC_493\Debug\freesoc.a(Right_QuadDec_Cnt16.o)
                0x00002aec                Right_QuadDec_Cnt16_ClearFIFO
 .text.Right_QuadDec_Cnt16_Init
                0x00002b00       0x58 .\CortexM3\ARM_GCC_493\Debug\freesoc.a(Right_QuadDec_Cnt16.o)
                0x00002b00                Right_QuadDec_Cnt16_Init
 .text.Right_QuadDec_Cnt16_Start
                0x00002b58       0x1c .\CortexM3\ARM_GCC_493\Debug\freesoc.a(Right_QuadDec_Cnt16.o)
                0x00002b58                Right_QuadDec_Cnt16_Start
 .text.Left_QuadDec_Init
                0x00002b74       0x24 .\CortexM3\ARM_GCC_493\Debug\freesoc.a(Left_QuadDec.o)
                0x00002b74                Left_QuadDec_Init
 .text.Left_QuadDec_GetCounter
                0x00002b98       0x2c .\CortexM3\ARM_GCC_493\Debug\freesoc.a(Left_QuadDec.o)
                0x00002b98                Left_QuadDec_GetCounter
 .text.Left_QuadDec_SetCounter
                0x00002bc4       0x28 .\CortexM3\ARM_GCC_493\Debug\freesoc.a(Left_QuadDec.o)
                0x00002bc4                Left_QuadDec_SetCounter
 .text.Left_QuadDec_GetEvents
                0x00002bec       0x10 .\CortexM3\ARM_GCC_493\Debug\freesoc.a(Left_QuadDec.o)
                0x00002bec                Left_QuadDec_GetEvents
 .text.Left_QuadDec_SetInterruptMask
                0x00002bfc       0x10 .\CortexM3\ARM_GCC_493\Debug\freesoc.a(Left_QuadDec.o)
                0x00002bfc                Left_QuadDec_SetInterruptMask
 .text.Left_QuadDec_Enable
                0x00002c0c       0x30 .\CortexM3\ARM_GCC_493\Debug\freesoc.a(Left_QuadDec.o)
                0x00002c0c                Left_QuadDec_Enable
 .text.Left_QuadDec_Start
                0x00002c3c       0x34 .\CortexM3\ARM_GCC_493\Debug\freesoc.a(Left_QuadDec.o)
                0x00002c3c                Left_QuadDec_Start
 .text.Left_QuadDec_ISR
                0x00002c70       0x40 .\CortexM3\ARM_GCC_493\Debug\freesoc.a(Left_QuadDec_INT.o)
                0x00002c70                Left_QuadDec_ISR
 .text.Left_QuadDec_Cnt16_Enable
                0x00002cb0       0x10 .\CortexM3\ARM_GCC_493\Debug\freesoc.a(Left_QuadDec_Cnt16.o)
                0x00002cb0                Left_QuadDec_Cnt16_Enable
 .text.Left_QuadDec_Cnt16_SetInterruptMode
                0x00002cc0        0xc .\CortexM3\ARM_GCC_493\Debug\freesoc.a(Left_QuadDec_Cnt16.o)
                0x00002cc0                Left_QuadDec_Cnt16_SetInterruptMode
 .text.Left_QuadDec_Cnt16_ReadStatusRegister
                0x00002ccc        0xc .\CortexM3\ARM_GCC_493\Debug\freesoc.a(Left_QuadDec_Cnt16.o)
                0x00002ccc                Left_QuadDec_Cnt16_ReadStatusRegister
 .text.Left_QuadDec_Cnt16_WriteCounter
                0x00002cd8        0xc .\CortexM3\ARM_GCC_493\Debug\freesoc.a(Left_QuadDec_Cnt16.o)
                0x00002cd8                Left_QuadDec_Cnt16_WriteCounter
 .text.Left_QuadDec_Cnt16_ReadCounter
                0x00002ce4       0x14 .\CortexM3\ARM_GCC_493\Debug\freesoc.a(Left_QuadDec_Cnt16.o)
                0x00002ce4                Left_QuadDec_Cnt16_ReadCounter
 .text.Left_QuadDec_Cnt16_ReadCapture
                0x00002cf8        0xc .\CortexM3\ARM_GCC_493\Debug\freesoc.a(Left_QuadDec_Cnt16.o)
                0x00002cf8                Left_QuadDec_Cnt16_ReadCapture
 .text.Left_QuadDec_Cnt16_WritePeriod
                0x00002d04        0xc .\CortexM3\ARM_GCC_493\Debug\freesoc.a(Left_QuadDec_Cnt16.o)
                0x00002d04                Left_QuadDec_Cnt16_WritePeriod
 .text.Left_QuadDec_Cnt16_WriteCompare
                0x00002d10        0xc .\CortexM3\ARM_GCC_493\Debug\freesoc.a(Left_QuadDec_Cnt16.o)
                0x00002d10                Left_QuadDec_Cnt16_WriteCompare
 .text.Left_QuadDec_Cnt16_ClearFIFO
                0x00002d1c       0x14 .\CortexM3\ARM_GCC_493\Debug\freesoc.a(Left_QuadDec_Cnt16.o)
                0x00002d1c                Left_QuadDec_Cnt16_ClearFIFO
 .text.Left_QuadDec_Cnt16_Init
                0x00002d30       0x58 .\CortexM3\ARM_GCC_493\Debug\freesoc.a(Left_QuadDec_Cnt16.o)
                0x00002d30                Left_QuadDec_Cnt16_Init
 .text.Left_QuadDec_Cnt16_Start
                0x00002d88       0x1c .\CortexM3\ARM_GCC_493\Debug\freesoc.a(Left_QuadDec_Cnt16.o)
                0x00002d88                Left_QuadDec_Cnt16_Start
 .text.CyFlashGetSpcAlgorithm
                0x00002da4       0x4c .\CortexM3\ARM_GCC_493\Debug\freesoc.a(CyFlash.o)
 .text.CySetTempInt
                0x00002df0       0x60 .\CortexM3\ARM_GCC_493\Debug\freesoc.a(CyFlash.o)
 .text.CySetTemp
                0x00002e50       0x14 .\CortexM3\ARM_GCC_493\Debug\freesoc.a(CyFlash.o)
                0x00002e50                CySetTemp
 .text.CyEEPROM_Start
                0x00002e64       0x54 .\CortexM3\ARM_GCC_493\Debug\freesoc.a(CyFlash.o)
                0x00002e64                CyEEPROM_Start
 .text.CySpcStart
                0x00002eb8       0x24 .\CortexM3\ARM_GCC_493\Debug\freesoc.a(CySpc.o)
                0x00002eb8                CySpcStart
 .text.CySpcReadData
                0x00002edc       0x34 .\CortexM3\ARM_GCC_493\Debug\freesoc.a(CySpc.o)
                0x00002edc                CySpcReadData
 .text.CySpcLoadMultiByte
                0x00002f10       0x78 .\CortexM3\ARM_GCC_493\Debug\freesoc.a(CySpc.o)
                0x00002f10                CySpcLoadMultiByte
 .text.CySpcLoadRow
                0x00002f88       0x54 .\CortexM3\ARM_GCC_493\Debug\freesoc.a(CySpc.o)
                0x00002f88                CySpcLoadRow
 .text.CySpcWriteRow
                0x00002fdc       0x4c .\CortexM3\ARM_GCC_493\Debug\freesoc.a(CySpc.o)
                0x00002fdc                CySpcWriteRow
 .text.CySpcGetTemp
                0x00003028       0x3c .\CortexM3\ARM_GCC_493\Debug\freesoc.a(CySpc.o)
                0x00003028                CySpcGetTemp
 .text.CySpcLock
                0x00003064       0x4c .\CortexM3\ARM_GCC_493\Debug\freesoc.a(CySpc.o)
                0x00003064                CySpcLock
 .text.CySpcUnlock
                0x000030b0       0x38 .\CortexM3\ARM_GCC_493\Debug\freesoc.a(CySpc.o)
                0x000030b0                CySpcUnlock
 .text.CySpcGetAlgorithm
                0x000030e8       0x28 .\CortexM3\ARM_GCC_493\Debug\freesoc.a(CySpc.o)
                0x000030e8                CySpcGetAlgorithm
 .text.cos      0x00003110       0x90 c:/program files (x86)/cypress/psoc creator/3.3/psoc creator/import/gnu/arm/4.9.3/bin/../lib/gcc/arm-none-eabi/4.9.3/../../../../arm-none-eabi/lib/armv7-m\libm.a(lib_a-s_cos.o)
                0x00003110                cos
 .text.sin      0x000031a0       0x94 c:/program files (x86)/cypress/psoc creator/3.3/psoc creator/import/gnu/arm/4.9.3/bin/../lib/gcc/arm-none-eabi/4.9.3/../../../../arm-none-eabi/lib/armv7-m\libm.a(lib_a-s_sin.o)
                0x000031a0                sin
 *fill*         0x00003234        0x4 
 .text.__ieee754_rem_pio2
                0x00003238      0x428 c:/program files (x86)/cypress/psoc creator/3.3/psoc creator/import/gnu/arm/4.9.3/bin/../lib/gcc/arm-none-eabi/4.9.3/../../../../arm-none-eabi/lib/armv7-m\libm.a(lib_a-e_rem_pio2.o)
                0x00003238                __ieee754_rem_pio2
 .text.__kernel_cos
                0x00003660      0x248 c:/program files (x86)/cypress/psoc creator/3.3/psoc creator/import/gnu/arm/4.9.3/bin/../lib/gcc/arm-none-eabi/4.9.3/../../../../arm-none-eabi/lib/armv7-m\libm.a(lib_a-k_cos.o)
                0x00003660                __kernel_cos
 .text.__kernel_rem_pio2
                0x000038a8      0x808 c:/program files (x86)/cypress/psoc creator/3.3/psoc creator/import/gnu/arm/4.9.3/bin/../lib/gcc/arm-none-eabi/4.9.3/../../../../arm-none-eabi/lib/armv7-m\libm.a(lib_a-k_rem_pio2.o)
                0x000038a8                __kernel_rem_pio2
 .text.__kernel_sin
                0x000040b0      0x170 c:/program files (x86)/cypress/psoc creator/3.3/psoc creator/import/gnu/arm/4.9.3/bin/../lib/gcc/arm-none-eabi/4.9.3/../../../../arm-none-eabi/lib/armv7-m\libm.a(lib_a-k_sin.o)
                0x000040b0                __kernel_sin
 .text.fabs     0x00004220        0x8 c:/program files (x86)/cypress/psoc creator/3.3/psoc creator/import/gnu/arm/4.9.3/bin/../lib/gcc/arm-none-eabi/4.9.3/../../../../arm-none-eabi/lib/armv7-m\libm.a(lib_a-s_fabs.o)
                0x00004220                fabs
 .text.floor    0x00004228      0x118 c:/program files (x86)/cypress/psoc creator/3.3/psoc creator/import/gnu/arm/4.9.3/bin/../lib/gcc/arm-none-eabi/4.9.3/../../../../arm-none-eabi/lib/armv7-m\libm.a(lib_a-s_floor.o)
                0x00004228                floor
 .text.__fpclassifyd
                0x00004340       0x58 c:/program files (x86)/cypress/psoc creator/3.3/psoc creator/import/gnu/arm/4.9.3/bin/../lib/gcc/arm-none-eabi/4.9.3/../../../../arm-none-eabi/lib/armv7-m\libm.a(lib_a-s_fpclassify.o)
                0x00004340                __fpclassifyd
 .text.scalbn   0x00004398       0xf0 c:/program files (x86)/cypress/psoc creator/3.3/psoc creator/import/gnu/arm/4.9.3/bin/../lib/gcc/arm-none-eabi/4.9.3/../../../../arm-none-eabi/lib/armv7-m\libm.a(lib_a-s_scalbn.o)
                0x00004398                scalbn
 .text.copysign
                0x00004488       0x10 c:/program files (x86)/cypress/psoc creator/3.3/psoc creator/import/gnu/arm/4.9.3/bin/../lib/gcc/arm-none-eabi/4.9.3/../../../../arm-none-eabi/lib/armv7-m\libm.a(lib_a-s_copysign.o)
                0x00004488                copysign
 .text          0x00004498      0x370 c:/program files (x86)/cypress/psoc creator/3.3/psoc creator/import/gnu/arm/4.9.3/bin/../lib/gcc/arm-none-eabi/4.9.3/armv7-m\libgcc.a(_arm_addsubdf3.o)
                0x00004498                __aeabi_drsub
                0x000044a0                __aeabi_dsub
                0x000044a0                __subdf3
                0x000044a4                __aeabi_dadd
                0x000044a4                __adddf3
                0x0000471c                __floatunsidf
                0x0000471c                __aeabi_ui2d
                0x0000473c                __floatsidf
                0x0000473c                __aeabi_i2d
                0x00004760                __aeabi_f2d
                0x00004760                __extendsfdf2
                0x0000479c                __floatundidf
                0x0000479c                __aeabi_ul2d
                0x000047ac                __floatdidf
                0x000047ac                __aeabi_l2d
 .text          0x00004808      0x424 c:/program files (x86)/cypress/psoc creator/3.3/psoc creator/import/gnu/arm/4.9.3/bin/../lib/gcc/arm-none-eabi/4.9.3/armv7-m\libgcc.a(_arm_muldivdf3.o)
                0x00004808                __aeabi_dmul
                0x00004808                __muldf3
                0x00004a5c                __divdf3
                0x00004a5c                __aeabi_ddiv
 .text          0x00004c2c      0x110 c:/program files (x86)/cypress/psoc creator/3.3/psoc creator/import/gnu/arm/4.9.3/bin/../lib/gcc/arm-none-eabi/4.9.3/armv7-m\libgcc.a(_arm_cmpdf2.o)
                0x00004c2c                __gtdf2
                0x00004c2c                __gedf2
                0x00004c34                __ltdf2
                0x00004c34                __ledf2
                0x00004c3c                __nedf2
                0x00004c3c                __eqdf2
                0x00004c3c                __cmpdf2
                0x00004cb8                __aeabi_cdrcmple
                0x00004cc8                __aeabi_cdcmpeq
                0x00004cc8                __aeabi_cdcmple
                0x00004cd8                __aeabi_dcmpeq
                0x00004cec                __aeabi_dcmplt
                0x00004d00                __aeabi_dcmple
                0x00004d14                __aeabi_dcmpge
                0x00004d28                __aeabi_dcmpgt
 .text          0x00004d3c       0x50 c:/program files (x86)/cypress/psoc creator/3.3/psoc creator/import/gnu/arm/4.9.3/bin/../lib/gcc/arm-none-eabi/4.9.3/armv7-m\libgcc.a(_arm_fixdfsi.o)
                0x00004d3c                __aeabi_d2iz
                0x00004d3c                __fixdfsi
 .text          0x00004d8c       0xa0 c:/program files (x86)/cypress/psoc creator/3.3/psoc creator/import/gnu/arm/4.9.3/bin/../lib/gcc/arm-none-eabi/4.9.3/armv7-m\libgcc.a(_arm_truncdfsf2.o)
                0x00004d8c                __truncdfsf2
                0x00004d8c                __aeabi_d2f
 .text          0x00004e2c      0x21c c:/program files (x86)/cypress/psoc creator/3.3/psoc creator/import/gnu/arm/4.9.3/bin/../lib/gcc/arm-none-eabi/4.9.3/armv7-m\libgcc.a(_arm_addsubsf3.o)
                0x00004e2c                __aeabi_frsub
                0x00004e34                __subsf3
                0x00004e34                __aeabi_fsub
                0x00004e38                __aeabi_fadd
                0x00004e38                __addsf3
                0x00004f98                __aeabi_ui2f
                0x00004f98                __floatunsisf
                0x00004fa0                __aeabi_i2f
                0x00004fa0                __floatsisf
                0x00004fbc                __aeabi_ul2f
                0x00004fbc                __floatundisf
                0x00004fcc                __aeabi_l2f
                0x00004fcc                __floatdisf
 .text          0x00005048      0x2a0 c:/program files (x86)/cypress/psoc creator/3.3/psoc creator/import/gnu/arm/4.9.3/bin/../lib/gcc/arm-none-eabi/4.9.3/armv7-m\libgcc.a(_arm_muldivsf3.o)
                0x00005048                __mulsf3
                0x00005048                __aeabi_fmul
                0x000051b0                __aeabi_fdiv
                0x000051b0                __divsf3
 .text          0x000052e8       0xec c:/program files (x86)/cypress/psoc creator/3.3/psoc creator/import/gnu/arm/4.9.3/bin/../lib/gcc/arm-none-eabi/4.9.3/armv7-m\libgcc.a(_arm_cmpsf2.o)
                0x000052e8                __gesf2
                0x000052e8                __gtsf2
                0x000052f0                __lesf2
                0x000052f0                __ltsf2
                0x000052f8                __nesf2
                0x000052f8                __eqsf2
                0x000052f8                __cmpsf2
                0x00005358                __aeabi_cfrcmple
                0x00005360                __aeabi_cfcmpeq
                0x00005360                __aeabi_cfcmple
                0x00005370                __aeabi_fcmpeq
                0x00005384                __aeabi_fcmplt
                0x00005398                __aeabi_fcmple
                0x000053ac                __aeabi_fcmpge
                0x000053c0                __aeabi_fcmpgt
 .text          0x000053d4       0x4c c:/program files (x86)/cypress/psoc creator/3.3/psoc creator/import/gnu/arm/4.9.3/bin/../lib/gcc/arm-none-eabi/4.9.3/armv7-m\libgcc.a(_arm_fixsfsi.o)
                0x000053d4                __aeabi_f2iz
                0x000053d4                __fixsfsi
 .text.__assert_func
                0x00005420       0x38 c:/program files (x86)/cypress/psoc creator/3.3/psoc creator/import/gnu/arm/4.9.3/bin/../lib/gcc/arm-none-eabi/4.9.3/../../../../arm-none-eabi/lib/armv7-m\libg_nano.a(lib_a-assert.o)
                0x00005420                __assert_func
 .text.__errno  0x00005458        0xc c:/program files (x86)/cypress/psoc creator/3.3/psoc creator/import/gnu/arm/4.9.3/bin/../lib/gcc/arm-none-eabi/4.9.3/../../../../arm-none-eabi/lib/armv7-m\libg_nano.a(lib_a-errno.o)
                0x00005458                __errno
 .text.fprintf  0x00005464       0x24 c:/program files (x86)/cypress/psoc creator/3.3/psoc creator/import/gnu/arm/4.9.3/bin/../lib/gcc/arm-none-eabi/4.9.3/../../../../arm-none-eabi/lib/armv7-m\libg_nano.a(lib_a-fprintf.o)
                0x00005464                fiprintf
                0x00005464                fprintf
 .text.__libc_init_array
                0x00005488       0x4c c:/program files (x86)/cypress/psoc creator/3.3/psoc creator/import/gnu/arm/4.9.3/bin/../lib/gcc/arm-none-eabi/4.9.3/../../../../arm-none-eabi/lib/armv7-m\libg_nano.a(lib_a-init.o)
                0x00005488                __libc_init_array
 .text.memcpy   0x000054d4       0x16 c:/program files (x86)/cypress/psoc creator/3.3/psoc creator/import/gnu/arm/4.9.3/bin/../lib/gcc/arm-none-eabi/4.9.3/../../../../arm-none-eabi/lib/armv7-m\libg_nano.a(lib_a-memcpy.o)
                0x000054d4                memcpy
 .text.memset   0x000054ea       0x10 c:/program files (x86)/cypress/psoc creator/3.3/psoc creator/import/gnu/arm/4.9.3/bin/../lib/gcc/arm-none-eabi/4.9.3/../../../../arm-none-eabi/lib/armv7-m\libg_nano.a(lib_a-memset.o)
                0x000054ea                memset
 .text.__sfputc_r
                0x000054fa       0x2c c:/program files (x86)/cypress/psoc creator/3.3/psoc creator/import/gnu/arm/4.9.3/bin/../lib/gcc/arm-none-eabi/4.9.3/../../../../arm-none-eabi/lib/armv7-m\libg_nano.a(lib_a-nano-vfprintf.o)
 .text.__sfputs_r
                0x00005526       0x24 c:/program files (x86)/cypress/psoc creator/3.3/psoc creator/import/gnu/arm/4.9.3/bin/../lib/gcc/arm-none-eabi/4.9.3/../../../../arm-none-eabi/lib/armv7-m\libg_nano.a(lib_a-nano-vfprintf.o)
                0x00005526                __sfputs_r
 *fill*         0x0000554a        0x2 
 .text._vfprintf_r
                0x0000554c      0x210 c:/program files (x86)/cypress/psoc creator/3.3/psoc creator/import/gnu/arm/4.9.3/bin/../lib/gcc/arm-none-eabi/4.9.3/../../../../arm-none-eabi/lib/armv7-m\libg_nano.a(lib_a-nano-vfprintf.o)
                0x0000554c                _vfprintf_r
                0x0000554c                _vfiprintf_r
 .text.__cvt    0x0000575c       0xbc c:/program files (x86)/cypress/psoc creator/3.3/psoc creator/import/gnu/arm/4.9.3/bin/../lib/gcc/arm-none-eabi/4.9.3/../../../../arm-none-eabi/lib/armv7-m\libg_nano.a(lib_a-nano-vfprintf_float.o)
                0x0000575c                __cvt
 .text.__exponent
                0x00005818       0x62 c:/program files (x86)/cypress/psoc creator/3.3/psoc creator/import/gnu/arm/4.9.3/bin/../lib/gcc/arm-none-eabi/4.9.3/../../../../arm-none-eabi/lib/armv7-m\libg_nano.a(lib_a-nano-vfprintf_float.o)
                0x00005818                __exponent
 *fill*         0x0000587a        0x2 
 .text._printf_float
                0x0000587c      0x48c c:/program files (x86)/cypress/psoc creator/3.3/psoc creator/import/gnu/arm/4.9.3/bin/../lib/gcc/arm-none-eabi/4.9.3/../../../../arm-none-eabi/lib/armv7-m\libg_nano.a(lib_a-nano-vfprintf_float.o)
                0x0000587c                _printf_float
 .text._printf_common
                0x00005d08       0xea c:/program files (x86)/cypress/psoc creator/3.3/psoc creator/import/gnu/arm/4.9.3/bin/../lib/gcc/arm-none-eabi/4.9.3/../../../../arm-none-eabi/lib/armv7-m\libg_nano.a(lib_a-nano-vfprintf_i.o)
                0x00005d08                _printf_common
 *fill*         0x00005df2        0x2 
 .text._printf_i
                0x00005df4      0x240 c:/program files (x86)/cypress/psoc creator/3.3/psoc creator/import/gnu/arm/4.9.3/bin/../lib/gcc/arm-none-eabi/4.9.3/../../../../arm-none-eabi/lib/armv7-m\libg_nano.a(lib_a-nano-vfprintf_i.o)
                0x00005df4                _printf_i
 .text.sprintf  0x00006034       0x48 c:/program files (x86)/cypress/psoc creator/3.3/psoc creator/import/gnu/arm/4.9.3/bin/../lib/gcc/arm-none-eabi/4.9.3/../../../../arm-none-eabi/lib/armv7-m\libg_nano.a(lib_a-sprintf.o)
                0x00006034                siprintf
                0x00006034                sprintf
 .text.strlen   0x0000607c       0x10 c:/program files (x86)/cypress/psoc creator/3.3/psoc creator/import/gnu/arm/4.9.3/bin/../lib/gcc/arm-none-eabi/4.9.3/../../../../arm-none-eabi/lib/armv7-m\libg_nano.a(lib_a-strlen.o)
                0x0000607c                strlen
 .text.__swbuf_r
                0x0000608c       0xa8 c:/program files (x86)/cypress/psoc creator/3.3/psoc creator/import/gnu/arm/4.9.3/bin/../lib/gcc/arm-none-eabi/4.9.3/../../../../arm-none-eabi/lib/armv7-m\libg_nano.a(lib_a-wbuf.o)
                0x0000608c                __swbuf_r
 .text.__swsetup_r
                0x00006134       0xd8 c:/program files (x86)/cypress/psoc creator/3.3/psoc creator/import/gnu/arm/4.9.3/bin/../lib/gcc/arm-none-eabi/4.9.3/../../../../arm-none-eabi/lib/armv7-m\libg_nano.a(lib_a-wsetup.o)
                0x00006134                __swsetup_r
 .text.abort    0x0000620c        0xe c:/program files (x86)/cypress/psoc creator/3.3/psoc creator/import/gnu/arm/4.9.3/bin/../lib/gcc/arm-none-eabi/4.9.3/../../../../arm-none-eabi/lib/armv7-m\libg_nano.a(lib_a-abort.o)
                0x0000620c                abort
 .text.quorem   0x0000621a      0x114 c:/program files (x86)/cypress/psoc creator/3.3/psoc creator/import/gnu/arm/4.9.3/bin/../lib/gcc/arm-none-eabi/4.9.3/../../../../arm-none-eabi/lib/armv7-m\libg_nano.a(lib_a-dtoa.o)
 *fill*         0x0000632e        0x2 
 .text._dtoa_r  0x00006330      0xb78 c:/program files (x86)/cypress/psoc creator/3.3/psoc creator/import/gnu/arm/4.9.3/bin/../lib/gcc/arm-none-eabi/4.9.3/../../../../arm-none-eabi/lib/armv7-m\libg_nano.a(lib_a-dtoa.o)
                0x00006330                _dtoa_r
 .text.__sflush_r
                0x00006ea8      0x106 c:/program files (x86)/cypress/psoc creator/3.3/psoc creator/import/gnu/arm/4.9.3/bin/../lib/gcc/arm-none-eabi/4.9.3/../../../../arm-none-eabi/lib/armv7-m\libg_nano.a(lib_a-fflush.o)
                0x00006ea8                __sflush_r
 *fill*         0x00006fae        0x2 
 .text._fflush_r
                0x00006fb0       0x54 c:/program files (x86)/cypress/psoc creator/3.3/psoc creator/import/gnu/arm/4.9.3/bin/../lib/gcc/arm-none-eabi/4.9.3/../../../../arm-none-eabi/lib/armv7-m\libg_nano.a(lib_a-fflush.o)
                0x00006fb0                _fflush_r
 .text._cleanup_r
                0x00007004        0xc c:/program files (x86)/cypress/psoc creator/3.3/psoc creator/import/gnu/arm/4.9.3/bin/../lib/gcc/arm-none-eabi/4.9.3/../../../../arm-none-eabi/lib/armv7-m\libg_nano.a(lib_a-findfp.o)
                0x00007004                _cleanup_r
 .text.std.isra.0
                0x00007010       0x48 c:/program files (x86)/cypress/psoc creator/3.3/psoc creator/import/gnu/arm/4.9.3/bin/../lib/gcc/arm-none-eabi/4.9.3/../../../../arm-none-eabi/lib/armv7-m\libg_nano.a(lib_a-findfp.o)
 .text.__sfmoreglue
                0x00007058       0x2c c:/program files (x86)/cypress/psoc creator/3.3/psoc creator/import/gnu/arm/4.9.3/bin/../lib/gcc/arm-none-eabi/4.9.3/../../../../arm-none-eabi/lib/armv7-m\libg_nano.a(lib_a-findfp.o)
                0x00007058                __sfmoreglue
 .text.__sinit  0x00007084       0x60 c:/program files (x86)/cypress/psoc creator/3.3/psoc creator/import/gnu/arm/4.9.3/bin/../lib/gcc/arm-none-eabi/4.9.3/../../../../arm-none-eabi/lib/armv7-m\libg_nano.a(lib_a-findfp.o)
                0x00007084                __sinit
 .text.__sfp    0x000070e4       0x74 c:/program files (x86)/cypress/psoc creator/3.3/psoc creator/import/gnu/arm/4.9.3/bin/../lib/gcc/arm-none-eabi/4.9.3/../../../../arm-none-eabi/lib/armv7-m\libg_nano.a(lib_a-findfp.o)
                0x000070e4                __sfp
 .text._fwalk_reent
                0x00007158       0x3c c:/program files (x86)/cypress/psoc creator/3.3/psoc creator/import/gnu/arm/4.9.3/bin/../lib/gcc/arm-none-eabi/4.9.3/../../../../arm-none-eabi/lib/armv7-m\libg_nano.a(lib_a-fwalk.o)
                0x00007158                _fwalk_reent
 .text._localeconv_r
                0x00007194        0x8 c:/program files (x86)/cypress/psoc creator/3.3/psoc creator/import/gnu/arm/4.9.3/bin/../lib/gcc/arm-none-eabi/4.9.3/../../../../arm-none-eabi/lib/armv7-m\libg_nano.a(lib_a-locale.o)
                0x00007194                _localeconv_r
 .text.__smakebuf_r
                0x0000719c       0x98 c:/program files (x86)/cypress/psoc creator/3.3/psoc creator/import/gnu/arm/4.9.3/bin/../lib/gcc/arm-none-eabi/4.9.3/../../../../arm-none-eabi/lib/armv7-m\libg_nano.a(lib_a-makebuf.o)
                0x0000719c                __smakebuf_r
 .text.malloc   0x00007234       0x10 c:/program files (x86)/cypress/psoc creator/3.3/psoc creator/import/gnu/arm/4.9.3/bin/../lib/gcc/arm-none-eabi/4.9.3/../../../../arm-none-eabi/lib/armv7-m\libg_nano.a(lib_a-malloc.o)
                0x00007234                malloc
 .text.memchr   0x00007244       0x1c c:/program files (x86)/cypress/psoc creator/3.3/psoc creator/import/gnu/arm/4.9.3/bin/../lib/gcc/arm-none-eabi/4.9.3/../../../../arm-none-eabi/lib/armv7-m\libg_nano.a(lib_a-memchr.o)
                0x00007244                memchr
 .text.memmove  0x00007260       0x36 c:/program files (x86)/cypress/psoc creator/3.3/psoc creator/import/gnu/arm/4.9.3/bin/../lib/gcc/arm-none-eabi/4.9.3/../../../../arm-none-eabi/lib/armv7-m\libg_nano.a(lib_a-memmove.o)
                0x00007260                memmove
 .text._Balloc  0x00007296       0x6a c:/program files (x86)/cypress/psoc creator/3.3/psoc creator/import/gnu/arm/4.9.3/bin/../lib/gcc/arm-none-eabi/4.9.3/../../../../arm-none-eabi/lib/armv7-m\libg_nano.a(lib_a-mprec.o)
                0x00007296                _Balloc
 .text._Bfree   0x00007300       0x2e c:/program files (x86)/cypress/psoc creator/3.3/psoc creator/import/gnu/arm/4.9.3/bin/../lib/gcc/arm-none-eabi/4.9.3/../../../../arm-none-eabi/lib/armv7-m\libg_nano.a(lib_a-mprec.o)
                0x00007300                _Bfree
 .text.__multadd
                0x0000732e       0x7c c:/program files (x86)/cypress/psoc creator/3.3/psoc creator/import/gnu/arm/4.9.3/bin/../lib/gcc/arm-none-eabi/4.9.3/../../../../arm-none-eabi/lib/armv7-m\libg_nano.a(lib_a-mprec.o)
                0x0000732e                __multadd
 .text.__hi0bits
                0x000073aa       0x40 c:/program files (x86)/cypress/psoc creator/3.3/psoc creator/import/gnu/arm/4.9.3/bin/../lib/gcc/arm-none-eabi/4.9.3/../../../../arm-none-eabi/lib/armv7-m\libg_nano.a(lib_a-mprec.o)
                0x000073aa                __hi0bits
 .text.__lo0bits
                0x000073ea       0x5a c:/program files (x86)/cypress/psoc creator/3.3/psoc creator/import/gnu/arm/4.9.3/bin/../lib/gcc/arm-none-eabi/4.9.3/../../../../arm-none-eabi/lib/armv7-m\libg_nano.a(lib_a-mprec.o)
                0x000073ea                __lo0bits
 .text.__i2b    0x00007444       0x12 c:/program files (x86)/cypress/psoc creator/3.3/psoc creator/import/gnu/arm/4.9.3/bin/../lib/gcc/arm-none-eabi/4.9.3/../../../../arm-none-eabi/lib/armv7-m\libg_nano.a(lib_a-mprec.o)
                0x00007444                __i2b
 .text.__multiply
                0x00007456      0x120 c:/program files (x86)/cypress/psoc creator/3.3/psoc creator/import/gnu/arm/4.9.3/bin/../lib/gcc/arm-none-eabi/4.9.3/../../../../arm-none-eabi/lib/armv7-m\libg_nano.a(lib_a-mprec.o)
                0x00007456                __multiply
 *fill*         0x00007576        0x2 
 .text.__pow5mult
                0x00007578       0x9c c:/program files (x86)/cypress/psoc creator/3.3/psoc creator/import/gnu/arm/4.9.3/bin/../lib/gcc/arm-none-eabi/4.9.3/../../../../arm-none-eabi/lib/armv7-m\libg_nano.a(lib_a-mprec.o)
                0x00007578                __pow5mult
 .text.__lshift
                0x00007614       0xa6 c:/program files (x86)/cypress/psoc creator/3.3/psoc creator/import/gnu/arm/4.9.3/bin/../lib/gcc/arm-none-eabi/4.9.3/../../../../arm-none-eabi/lib/armv7-m\libg_nano.a(lib_a-mprec.o)
                0x00007614                __lshift
 .text.__mcmp   0x000076ba       0x38 c:/program files (x86)/cypress/psoc creator/3.3/psoc creator/import/gnu/arm/4.9.3/bin/../lib/gcc/arm-none-eabi/4.9.3/../../../../arm-none-eabi/lib/armv7-m\libg_nano.a(lib_a-mprec.o)
                0x000076ba                __mcmp
 .text.__mdiff  0x000076f2       0xbe c:/program files (x86)/cypress/psoc creator/3.3/psoc creator/import/gnu/arm/4.9.3/bin/../lib/gcc/arm-none-eabi/4.9.3/../../../../arm-none-eabi/lib/armv7-m\libg_nano.a(lib_a-mprec.o)
                0x000076f2                __mdiff
 .text.__d2b    0x000077b0       0xa4 c:/program files (x86)/cypress/psoc creator/3.3/psoc creator/import/gnu/arm/4.9.3/bin/../lib/gcc/arm-none-eabi/4.9.3/../../../../arm-none-eabi/lib/armv7-m\libg_nano.a(lib_a-mprec.o)
                0x000077b0                __d2b
 .text._calloc_r
                0x00007854       0x1c c:/program files (x86)/cypress/psoc creator/3.3/psoc creator/import/gnu/arm/4.9.3/bin/../lib/gcc/arm-none-eabi/4.9.3/../../../../arm-none-eabi/lib/armv7-m\libg_nano.a(lib_a-nano-callocr.o)
                0x00007854                _calloc_r
 .text._free_r  0x00007870       0x88 c:/program files (x86)/cypress/psoc creator/3.3/psoc creator/import/gnu/arm/4.9.3/bin/../lib/gcc/arm-none-eabi/4.9.3/../../../../arm-none-eabi/lib/armv7-m\libg_nano.a(lib_a-nano-freer.o)
                0x00007870                _free_r
 .text._malloc_r
                0x000078f8       0xac c:/program files (x86)/cypress/psoc creator/3.3/psoc creator/import/gnu/arm/4.9.3/bin/../lib/gcc/arm-none-eabi/4.9.3/../../../../arm-none-eabi/lib/armv7-m\libg_nano.a(lib_a-nano-mallocr.o)
                0x000078f8                _malloc_r
 .text._realloc_r
                0x000079a4       0x4c c:/program files (x86)/cypress/psoc creator/3.3/psoc creator/import/gnu/arm/4.9.3/bin/../lib/gcc/arm-none-eabi/4.9.3/../../../../arm-none-eabi/lib/armv7-m\libg_nano.a(lib_a-nano-reallocr.o)
                0x000079a4                _realloc_r
 .text.__ssputs_r
                0x000079f0       0xb2 c:/program files (x86)/cypress/psoc creator/3.3/psoc creator/import/gnu/arm/4.9.3/bin/../lib/gcc/arm-none-eabi/4.9.3/../../../../arm-none-eabi/lib/armv7-m\libg_nano.a(lib_a-nano-svfprintf.o)
                0x000079f0                __ssputs_r
 *fill*         0x00007aa2        0x2 
 .text._svfprintf_r
                0x00007aa4      0x1e4 c:/program files (x86)/cypress/psoc creator/3.3/psoc creator/import/gnu/arm/4.9.3/bin/../lib/gcc/arm-none-eabi/4.9.3/../../../../arm-none-eabi/lib/armv7-m\libg_nano.a(lib_a-nano-svfprintf.o)
                0x00007aa4                _svfiprintf_r
                0x00007aa4                _svfprintf_r
 .text._sbrk_r  0x00007c88       0x20 c:/program files (x86)/cypress/psoc creator/3.3/psoc creator/import/gnu/arm/4.9.3/bin/../lib/gcc/arm-none-eabi/4.9.3/../../../../arm-none-eabi/lib/armv7-m\libg_nano.a(lib_a-sbrkr.o)
                0x00007c88                _sbrk_r
 .text._raise_r
                0x00007ca8       0x50 c:/program files (x86)/cypress/psoc creator/3.3/psoc creator/import/gnu/arm/4.9.3/bin/../lib/gcc/arm-none-eabi/4.9.3/../../../../arm-none-eabi/lib/armv7-m\libg_nano.a(lib_a-signal.o)
                0x00007ca8                _raise_r
 .text.raise    0x00007cf8       0x10 c:/program files (x86)/cypress/psoc creator/3.3/psoc creator/import/gnu/arm/4.9.3/bin/../lib/gcc/arm-none-eabi/4.9.3/../../../../arm-none-eabi/lib/armv7-m\libg_nano.a(lib_a-signal.o)
                0x00007cf8                raise
 .text._kill_r  0x00007d08       0x24 c:/program files (x86)/cypress/psoc creator/3.3/psoc creator/import/gnu/arm/4.9.3/bin/../lib/gcc/arm-none-eabi/4.9.3/../../../../arm-none-eabi/lib/armv7-m\libg_nano.a(lib_a-signalr.o)
                0x00007d08                _kill_r
 .text._getpid_r
                0x00007d2c        0x4 c:/program files (x86)/cypress/psoc creator/3.3/psoc creator/import/gnu/arm/4.9.3/bin/../lib/gcc/arm-none-eabi/4.9.3/../../../../arm-none-eabi/lib/armv7-m\libg_nano.a(lib_a-signalr.o)
                0x00007d2c                _getpid_r
 .text.__sread  0x00007d30       0x22 c:/program files (x86)/cypress/psoc creator/3.3/psoc creator/import/gnu/arm/4.9.3/bin/../lib/gcc/arm-none-eabi/4.9.3/../../../../arm-none-eabi/lib/armv7-m\libg_nano.a(lib_a-stdio.o)
                0x00007d30                __sread
 .text.__swrite
                0x00007d52       0x38 c:/program files (x86)/cypress/psoc creator/3.3/psoc creator/import/gnu/arm/4.9.3/bin/../lib/gcc/arm-none-eabi/4.9.3/../../../../arm-none-eabi/lib/armv7-m\libg_nano.a(lib_a-stdio.o)
                0x00007d52                __swrite
 .text.__sseek  0x00007d8a       0x24 c:/program files (x86)/cypress/psoc creator/3.3/psoc creator/import/gnu/arm/4.9.3/bin/../lib/gcc/arm-none-eabi/4.9.3/../../../../arm-none-eabi/lib/armv7-m\libg_nano.a(lib_a-stdio.o)
                0x00007d8a                __sseek
 .text.__sclose
                0x00007dae        0x8 c:/program files (x86)/cypress/psoc creator/3.3/psoc creator/import/gnu/arm/4.9.3/bin/../lib/gcc/arm-none-eabi/4.9.3/../../../../arm-none-eabi/lib/armv7-m\libg_nano.a(lib_a-stdio.o)
                0x00007dae                __sclose
 *fill*         0x00007db6        0x2 
 .text._write_r
                0x00007db8       0x24 c:/program files (x86)/cypress/psoc creator/3.3/psoc creator/import/gnu/arm/4.9.3/bin/../lib/gcc/arm-none-eabi/4.9.3/../../../../arm-none-eabi/lib/armv7-m\libg_nano.a(lib_a-writer.o)
                0x00007db8                _write_r
 .text._close_r
                0x00007ddc       0x20 c:/program files (x86)/cypress/psoc creator/3.3/psoc creator/import/gnu/arm/4.9.3/bin/../lib/gcc/arm-none-eabi/4.9.3/../../../../arm-none-eabi/lib/armv7-m\libg_nano.a(lib_a-closer.o)
                0x00007ddc                _close_r
 .text._fstat_r
                0x00007dfc       0x24 c:/program files (x86)/cypress/psoc creator/3.3/psoc creator/import/gnu/arm/4.9.3/bin/../lib/gcc/arm-none-eabi/4.9.3/../../../../arm-none-eabi/lib/armv7-m\libg_nano.a(lib_a-fstatr.o)
                0x00007dfc                _fstat_r
 .text._isatty_r
                0x00007e20       0x20 c:/program files (x86)/cypress/psoc creator/3.3/psoc creator/import/gnu/arm/4.9.3/bin/../lib/gcc/arm-none-eabi/4.9.3/../../../../arm-none-eabi/lib/armv7-m\libg_nano.a(lib_a-isattyr.o)
                0x00007e20                _isatty_r
 .text._lseek_r
                0x00007e40       0x24 c:/program files (x86)/cypress/psoc creator/3.3/psoc creator/import/gnu/arm/4.9.3/bin/../lib/gcc/arm-none-eabi/4.9.3/../../../../arm-none-eabi/lib/armv7-m\libg_nano.a(lib_a-lseekr.o)
                0x00007e40                _lseek_r
 .text._malloc_usable_size_r
                0x00007e64       0x14 c:/program files (x86)/cypress/psoc creator/3.3/psoc creator/import/gnu/arm/4.9.3/bin/../lib/gcc/arm-none-eabi/4.9.3/../../../../arm-none-eabi/lib/armv7-m\libg_nano.a(lib_a-nano-msizer.o)
                0x00007e64                _malloc_usable_size_r
 .text._read_r  0x00007e78       0x24 c:/program files (x86)/cypress/psoc creator/3.3/psoc creator/import/gnu/arm/4.9.3/bin/../lib/gcc/arm-none-eabi/4.9.3/../../../../arm-none-eabi/lib/armv7-m\libg_nano.a(lib_a-readr.o)
                0x00007e78                _read_r
 .text._close   0x00007e9c       0x10 c:/program files (x86)/cypress/psoc creator/3.3/psoc creator/import/gnu/arm/4.9.3/bin/../lib/gcc/arm-none-eabi/4.9.3/../../../../arm-none-eabi/lib/armv7-m\libnosys.a(close.o)
                0x00007e9c                _close
 .text._fstat   0x00007eac       0x10 c:/program files (x86)/cypress/psoc creator/3.3/psoc creator/import/gnu/arm/4.9.3/bin/../lib/gcc/arm-none-eabi/4.9.3/../../../../arm-none-eabi/lib/armv7-m\libnosys.a(fstat.o)
                0x00007eac                _fstat
 .text._getpid  0x00007ebc       0x10 c:/program files (x86)/cypress/psoc creator/3.3/psoc creator/import/gnu/arm/4.9.3/bin/../lib/gcc/arm-none-eabi/4.9.3/../../../../arm-none-eabi/lib/armv7-m\libnosys.a(getpid.o)
                0x00007ebc                _getpid
 .text._isatty  0x00007ecc       0x10 c:/program files (x86)/cypress/psoc creator/3.3/psoc creator/import/gnu/arm/4.9.3/bin/../lib/gcc/arm-none-eabi/4.9.3/../../../../arm-none-eabi/lib/armv7-m\libnosys.a(isatty.o)
                0x00007ecc                _isatty
 .text._kill    0x00007edc       0x10 c:/program files (x86)/cypress/psoc creator/3.3/psoc creator/import/gnu/arm/4.9.3/bin/../lib/gcc/arm-none-eabi/4.9.3/../../../../arm-none-eabi/lib/armv7-m\libnosys.a(kill.o)
                0x00007edc                _kill
 .text._lseek   0x00007eec       0x10 c:/program files (x86)/cypress/psoc creator/3.3/psoc creator/import/gnu/arm/4.9.3/bin/../lib/gcc/arm-none-eabi/4.9.3/../../../../arm-none-eabi/lib/armv7-m\libnosys.a(lseek.o)
                0x00007eec                _lseek
 .text._read    0x00007efc       0x10 c:/program files (x86)/cypress/psoc creator/3.3/psoc creator/import/gnu/arm/4.9.3/bin/../lib/gcc/arm-none-eabi/4.9.3/../../../../arm-none-eabi/lib/armv7-m\libnosys.a(read.o)
                0x00007efc                _read
 .text._write   0x00007f0c       0x10 c:/program files (x86)/cypress/psoc creator/3.3/psoc creator/import/gnu/arm/4.9.3/bin/../lib/gcc/arm-none-eabi/4.9.3/../../../../arm-none-eabi/lib/armv7-m\libnosys.a(write.o)
                0x00007f0c                _write
 *(.plt)
 *(.gnu.warning)
 *(.glue_7t)
 .glue_7t       0x00000000        0x0 linker stubs
 *(.glue_7)
 .glue_7        0x00000000        0x0 linker stubs
 *(.vfp11_veneer)
 .vfp11_veneer  0x00000000        0x0 linker stubs
 *(.bootloader)
 *(.ARM.extab* .gnu.linkonce.armextab.*)
 *(.gcc_except_table)

.v4_bx          0x00007f1c        0x0
 .v4_bx         0x00000000        0x0 linker stubs

.iplt           0x00007f1c        0x0
 .iplt          0x00000000        0x0 c:/program files (x86)/cypress/psoc creator/3.3/psoc creator/import/gnu/arm/4.9.3/bin/../lib/gcc/arm-none-eabi/4.9.3/armv7-m/crtbegin.o

.eh_frame_hdr
 *(.eh_frame_hdr)

.eh_frame       0x00007f1c        0x4
 *(.eh_frame)
 .eh_frame      0x00007f1c        0x0 c:/program files (x86)/cypress/psoc creator/3.3/psoc creator/import/gnu/arm/4.9.3/bin/../lib/gcc/arm-none-eabi/4.9.3/armv7-m/crtbegin.o
 .eh_frame      0x00007f1c        0x0 c:/program files (x86)/cypress/psoc creator/3.3/psoc creator/import/gnu/arm/4.9.3/bin/../lib/gcc/arm-none-eabi/4.9.3/../../../../arm-none-eabi/lib/armv7-m\libg_nano.a(lib_a-strcmp.o)
                                 0x28 (size before relaxing)
 .eh_frame      0x00007f1c        0x4 c:/program files (x86)/cypress/psoc creator/3.3/psoc creator/import/gnu/arm/4.9.3/bin/../lib/gcc/arm-none-eabi/4.9.3/armv7-m/crtend.o
                0x00007f20                PROVIDE (__exidx_start, .)

.ARM.exidx
 *(.ARM.exidx* .gnu.linkonce.armexidx.*)
                0x00007f20                __exidx_end = .

.rodata         0x00007f20      0x5f8
 *(.rodata .rodata.* .gnu.linkonce.r.*)
 .rodata.str1.4
                0x00007f20       0x80 .\CortexM3\ARM_GCC_493\Debug\motor.o
 .rodata        0x00007fa0       0x14 .\CortexM3\ARM_GCC_493\Debug\nvstore.o
 .rodata.str1.4
                0x00007fb4       0x23 .\CortexM3\ARM_GCC_493\Debug\nvstore.o
                                 0x24 (size before relaxing)
 *fill*         0x00007fd7        0x1 
 .rodata.str1.4
                0x00007fd8       0x6d .\CortexM3\ARM_GCC_493\Debug\calcps2pwm.o
                                 0x70 (size before relaxing)
 *fill*         0x00008045        0x3 
 .rodata        0x00008048        0xc .\CortexM3\ARM_GCC_493\Debug\calpid.o
 .rodata.str1.4
                0x00008054       0x3c .\CortexM3\ARM_GCC_493\Debug\calpid.o
 .rodata        0x00008090       0x80 .\CortexM3\ARM_GCC_493\Debug\freesoc.a(cyfitter_cfg.o)
                0x00008090                Front_CliffMux__addrTable
                0x000080a0                Front_CliffMux__maskTable
                0x000080a4                Rear_CliffMux__addrTable
                0x000080b4                Rear_CliffMux__maskTable
 .rodata.npio2_hw
                0x00008110       0x80 c:/program files (x86)/cypress/psoc creator/3.3/psoc creator/import/gnu/arm/4.9.3/bin/../lib/gcc/arm-none-eabi/4.9.3/../../../../arm-none-eabi/lib/armv7-m\libm.a(lib_a-e_rem_pio2.o)
 .rodata.two_over_pi
                0x00008190      0x108 c:/program files (x86)/cypress/psoc creator/3.3/psoc creator/import/gnu/arm/4.9.3/bin/../lib/gcc/arm-none-eabi/4.9.3/../../../../arm-none-eabi/lib/armv7-m\libm.a(lib_a-e_rem_pio2.o)
 .rodata.init_jk
                0x00008298       0x10 c:/program files (x86)/cypress/psoc creator/3.3/psoc creator/import/gnu/arm/4.9.3/bin/../lib/gcc/arm-none-eabi/4.9.3/../../../../arm-none-eabi/lib/armv7-m\libm.a(lib_a-k_rem_pio2.o)
 .rodata.PIo2   0x000082a8       0x40 c:/program files (x86)/cypress/psoc creator/3.3/psoc creator/import/gnu/arm/4.9.3/bin/../lib/gcc/arm-none-eabi/4.9.3/../../../../arm-none-eabi/lib/armv7-m\libm.a(lib_a-k_rem_pio2.o)
 .rodata.str1.1
                0x000082e8       0x3c c:/program files (x86)/cypress/psoc creator/3.3/psoc creator/import/gnu/arm/4.9.3/bin/../lib/gcc/arm-none-eabi/4.9.3/../../../../arm-none-eabi/lib/armv7-m\libg_nano.a(lib_a-assert.o)
                                 0x3d (size before relaxing)
 .rodata.str1.1
                0x00008324        0x2 c:/program files (x86)/cypress/psoc creator/3.3/psoc creator/import/gnu/arm/4.9.3/bin/../lib/gcc/arm-none-eabi/4.9.3/../../../../arm-none-eabi/lib/armv7-m\libg_nano.a(lib_a-impure.o)
 *fill*         0x00008326        0x2 
 .rodata._global_impure_ptr
                0x00008328        0x4 c:/program files (x86)/cypress/psoc creator/3.3/psoc creator/import/gnu/arm/4.9.3/bin/../lib/gcc/arm-none-eabi/4.9.3/../../../../arm-none-eabi/lib/armv7-m\libg_nano.a(lib_a-impure.o)
                0x00008328                _global_impure_ptr
 .rodata.str1.1
                0x0000832c       0x11 c:/program files (x86)/cypress/psoc creator/3.3/psoc creator/import/gnu/arm/4.9.3/bin/../lib/gcc/arm-none-eabi/4.9.3/../../../../arm-none-eabi/lib/armv7-m\libg_nano.a(lib_a-nano-vfprintf.o)
 .rodata.str1.1
                0x0000833d       0x12 c:/program files (x86)/cypress/psoc creator/3.3/psoc creator/import/gnu/arm/4.9.3/bin/../lib/gcc/arm-none-eabi/4.9.3/../../../../arm-none-eabi/lib/armv7-m\libg_nano.a(lib_a-nano-vfprintf_float.o)
 .rodata.str1.1
                0x0000834f       0x22 c:/program files (x86)/cypress/psoc creator/3.3/psoc creator/import/gnu/arm/4.9.3/bin/../lib/gcc/arm-none-eabi/4.9.3/../../../../arm-none-eabi/lib/armv7-m\libg_nano.a(lib_a-nano-vfprintf_i.o)
 .rodata.str1.1
                0x00008371        0xd c:/program files (x86)/cypress/psoc creator/3.3/psoc creator/import/gnu/arm/4.9.3/bin/../lib/gcc/arm-none-eabi/4.9.3/../../../../arm-none-eabi/lib/armv7-m\libg_nano.a(lib_a-dtoa.o)
                                  0xf (size before relaxing)
 *fill*         0x0000837e        0x2 
 .rodata.__sf_fake_stdin
                0x00008380       0x20 c:/program files (x86)/cypress/psoc creator/3.3/psoc creator/import/gnu/arm/4.9.3/bin/../lib/gcc/arm-none-eabi/4.9.3/../../../../arm-none-eabi/lib/armv7-m\libg_nano.a(lib_a-findfp.o)
                0x00008380                __sf_fake_stdin
 .rodata.__sf_fake_stdout
                0x000083a0       0x20 c:/program files (x86)/cypress/psoc creator/3.3/psoc creator/import/gnu/arm/4.9.3/bin/../lib/gcc/arm-none-eabi/4.9.3/../../../../arm-none-eabi/lib/armv7-m\libg_nano.a(lib_a-findfp.o)
                0x000083a0                __sf_fake_stdout
 .rodata.__sf_fake_stderr
                0x000083c0       0x20 c:/program files (x86)/cypress/psoc creator/3.3/psoc creator/import/gnu/arm/4.9.3/bin/../lib/gcc/arm-none-eabi/4.9.3/../../../../arm-none-eabi/lib/armv7-m\libg_nano.a(lib_a-findfp.o)
                0x000083c0                __sf_fake_stderr
 .rodata.str1.1
                0x000083e0        0x8 c:/program files (x86)/cypress/psoc creator/3.3/psoc creator/import/gnu/arm/4.9.3/bin/../lib/gcc/arm-none-eabi/4.9.3/../../../../arm-none-eabi/lib/armv7-m\libg_nano.a(lib_a-locale.o)
                                  0xb (size before relaxing)
 .rodata.__mprec_tens
                0x000083e8       0xc8 c:/program files (x86)/cypress/psoc creator/3.3/psoc creator/import/gnu/arm/4.9.3/bin/../lib/gcc/arm-none-eabi/4.9.3/../../../../arm-none-eabi/lib/armv7-m\libg_nano.a(lib_a-mprec.o)
                0x000083e8                __mprec_tens
 .rodata.__mprec_bigtens
                0x000084b0       0x28 c:/program files (x86)/cypress/psoc creator/3.3/psoc creator/import/gnu/arm/4.9.3/bin/../lib/gcc/arm-none-eabi/4.9.3/../../../../arm-none-eabi/lib/armv7-m\libg_nano.a(lib_a-mprec.o)
                0x000084b0                __mprec_bigtens
 .rodata.p05.5308
                0x000084d8        0xc c:/program files (x86)/cypress/psoc creator/3.3/psoc creator/import/gnu/arm/4.9.3/bin/../lib/gcc/arm-none-eabi/4.9.3/../../../../arm-none-eabi/lib/armv7-m\libg_nano.a(lib_a-mprec.o)
 .rodata.str1.1
                0x00000000       0x11 c:/program files (x86)/cypress/psoc creator/3.3/psoc creator/import/gnu/arm/4.9.3/bin/../lib/gcc/arm-none-eabi/4.9.3/../../../../arm-none-eabi/lib/armv7-m\libg_nano.a(lib_a-nano-svfprintf.o)
                0x000084e4                . = ALIGN (0x4)
 *(.init)
 .init          0x000084e4        0x4 c:/program files (x86)/cypress/psoc creator/3.3/psoc creator/import/gnu/arm/4.9.3/bin/../lib/gcc/arm-none-eabi/4.9.3/armv7-m/crti.o
                0x000084e4                _init
 .init          0x000084e8        0x8 c:/program files (x86)/cypress/psoc creator/3.3/psoc creator/import/gnu/arm/4.9.3/bin/../lib/gcc/arm-none-eabi/4.9.3/armv7-m/crtn.o
                0x000084f0                . = ALIGN (0x4)
                0x000084f0                __preinit_array_start = .
 *(.preinit_array)
                0x000084f0                __preinit_array_end = .
                0x000084f0                . = ALIGN (0x4)
                0x000084f0                __init_array_start = .
 *(SORT(.init_array.*))
 *(.init_array)
 .init_array    0x000084f0        0x4 c:/program files (x86)/cypress/psoc creator/3.3/psoc creator/import/gnu/arm/4.9.3/bin/../lib/gcc/arm-none-eabi/4.9.3/armv7-m/crtbegin.o
 .init_array    0x000084f4        0x4 .\CortexM3\ARM_GCC_493\Debug\Cm3Start.o
                0x000084f8                __init_array_end = .
                0x000084f8                . = ALIGN (0x4)
 *(.fini)
 .fini          0x000084f8        0x4 c:/program files (x86)/cypress/psoc creator/3.3/psoc creator/import/gnu/arm/4.9.3/bin/../lib/gcc/arm-none-eabi/4.9.3/armv7-m/crti.o
                0x000084f8                _fini
 .fini          0x000084fc        0x8 c:/program files (x86)/cypress/psoc creator/3.3/psoc creator/import/gnu/arm/4.9.3/bin/../lib/gcc/arm-none-eabi/4.9.3/armv7-m/crtn.o
                0x00008504                . = ALIGN (0x4)
                0x00008504                __fini_array_start = .
 *(.fini_array)
 .fini_array    0x00008504        0x4 c:/program files (x86)/cypress/psoc creator/3.3/psoc creator/import/gnu/arm/4.9.3/bin/../lib/gcc/arm-none-eabi/4.9.3/armv7-m/crtbegin.o
 *(SORT(.fini_array.*))
                0x00008508                __fini_array_end = .
                0x00008508                . = ALIGN (0x4)
 *crtbegin.o(.ctors)
 *(EXCLUDE_FILE(*crtend.o) .ctors)
 *(SORT(.ctors.*))
 *crtend.o(.ctors)
                0x00008508                . = ALIGN (0x4)
 *crtbegin.o(.dtors)
 *(EXCLUDE_FILE(*crtend.o) .dtors)
 *(SORT(.dtors.*))
 *crtend.o(.dtors)
                0x00008508                . = ALIGN (0x4)
                0x00008508                __cy_regions = .
                0x00008508        0x4 LONG 0x8518 __cy_region_init_ram
                0x0000850c        0x4 LONG 0x1fff8108 __cy_region_start_data
                0x00008510        0x4 LONG 0x218 __cy_region_init_size_ram
                0x00008514        0x4 LONG 0x6980 __cy_region_zero_size_ram
                0x00008518                __cy_regions_end = .
                0x00008518                . = ALIGN (0x8)
                0x00008518                _etext = .

.cy_checksum_exclude
                0x00008518        0x0
 *(.cy_checksum_exclude)

.ramvectors     0x1fff8000      0x100
                0x1fff8000                __cy_region_start_ram = .
 *(.ramvectors)
 .ramvectors    0x1fff8000      0x100 .\CortexM3\ARM_GCC_493\Debug\Cm3Start.o
                0x1fff8000                CyRamVectors

.noinit         0x1fff8100        0x5
 *(.noinit)
 .noinit        0x1fff8100        0x4 .\CortexM3\ARM_GCC_493\Debug\Cm3Start.o
 .noinit        0x1fff8104        0x1 .\CortexM3\ARM_GCC_493\Debug\freesoc.a(CyLib.o)
                0x1fff8104                CyResetStatus

.data           0x1fff8108      0x218 load address 0x00008518
                0x1fff8108                __cy_region_start_data = .
 *(.jcr)
 .jcr           0x1fff8108        0x0 c:/program files (x86)/cypress/psoc creator/3.3/psoc creator/import/gnu/arm/4.9.3/bin/../lib/gcc/arm-none-eabi/4.9.3/armv7-m/crtbegin.o
 .jcr           0x1fff8108        0x4 c:/program files (x86)/cypress/psoc creator/3.3/psoc creator/import/gnu/arm/4.9.3/bin/../lib/gcc/arm-none-eabi/4.9.3/armv7-m/crtend.o
 *(.got.plt)
 *(.got)
 *(.shdata)
 *(.data .data.* .gnu.linkonce.d.*)
 .data          0x1fff810c       0x70 .\CortexM3\ARM_GCC_493\Debug\encoder.o
 .data          0x1fff817c       0x48 .\CortexM3\ARM_GCC_493\Debug\motor.o
 .data          0x1fff81c4       0xa8 .\CortexM3\ARM_GCC_493\Debug\pid.o
 .data          0x1fff826c        0x4 .\CortexM3\ARM_GCC_493\Debug\Cm3Start.o
 .data          0x1fff8270        0x2 .\CortexM3\ARM_GCC_493\Debug\freesoc.a(cyfitter_cfg.o)
                0x1fff8270                Front_AMuxSeq_curChannel
                0x1fff8271                Rear_AMuxSeq_curChannel
 *fill*         0x1fff8272        0x2 
 .data          0x1fff8274       0x10 .\CortexM3\ARM_GCC_493\Debug\freesoc.a(CyLib.o)
                0x1fff8274                cydelay_32k_ms
                0x1fff8278                cydelay_freq_khz
                0x1fff827c                cydelay_freq_mhz
                0x1fff8280                cydelay_freq_hz
 .data.impure_data
                0x1fff8284       0x60 c:/program files (x86)/cypress/psoc creator/3.3/psoc creator/import/gnu/arm/4.9.3/bin/../lib/gcc/arm-none-eabi/4.9.3/../../../../arm-none-eabi/lib/armv7-m\libg_nano.a(lib_a-impure.o)
 .data._impure_ptr
                0x1fff82e4        0x4 c:/program files (x86)/cypress/psoc creator/3.3/psoc creator/import/gnu/arm/4.9.3/bin/../lib/gcc/arm-none-eabi/4.9.3/../../../../arm-none-eabi/lib/armv7-m\libg_nano.a(lib_a-impure.o)
                0x1fff82e4                _impure_ptr
 .data.lconv    0x1fff82e8       0x38 c:/program files (x86)/cypress/psoc creator/3.3/psoc creator/import/gnu/arm/4.9.3/bin/../lib/gcc/arm-none-eabi/4.9.3/../../../../arm-none-eabi/lib/armv7-m\libg_nano.a(lib_a-locale.o)
                0x1fff8320                . = ALIGN (0x8)
 *(.ram)
                0x1fff8320                _edata = .

.igot.plt       0x1fff8320        0x0 load address 0x00008730
 .igot.plt      0x00000000        0x0 c:/program files (x86)/cypress/psoc creator/3.3/psoc creator/import/gnu/arm/4.9.3/bin/../lib/gcc/arm-none-eabi/4.9.3/armv7-m/crtbegin.o

.bss            0x1fff8320     0x6980 load address 0x00008730
                0x1fff8320                PROVIDE (__bss_start__, .)
 *(.shbss)
 *(.bss .bss.* .gnu.linkonce.b.*)
 .bss           0x1fff8320       0x1c c:/program files (x86)/cypress/psoc creator/3.3/psoc creator/import/gnu/arm/4.9.3/bin/../lib/gcc/arm-none-eabi/4.9.3/armv7-m/crtbegin.o
 .bss           0x1fff833c        0x1 .\CortexM3\ARM_GCC_493\Debug\cal.o
 *fill*         0x1fff833d        0x3 
 .bss           0x1fff8340        0x8 .\CortexM3\ARM_GCC_493\Debug\control.o
 .bss           0x1fff8348        0xc .\CortexM3\ARM_GCC_493\Debug\diag.o
 .bss           0x1fff8354        0xc .\CortexM3\ARM_GCC_493\Debug\encoder.o
 .bss           0x1fff8360       0x68 .\CortexM3\ARM_GCC_493\Debug\i2c.o
 .bss           0x1fff83c8       0x1c .\CortexM3\ARM_GCC_493\Debug\odom.o
 .bss           0x1fff83e4        0x8 .\CortexM3\ARM_GCC_493\Debug\pid.o
 .bss           0x1fff83ec        0x4 .\CortexM3\ARM_GCC_493\Debug\time.o
 .bss           0x1fff83f0      0x10c .\CortexM3\ARM_GCC_493\Debug\infrared.o
 .bss           0x1fff84fc     0x6404 .\CortexM3\ARM_GCC_493\Debug\serial.o
 .bss           0x1fffe900      0x340 .\CortexM3\ARM_GCC_493\Debug\calcps2pwm.o
 .bss           0x1fffec40        0x1 .\CortexM3\ARM_GCC_493\Debug\freesoc.a(Left_HB25_PWM.o)
                0x1fffec40                Left_HB25_PWM_initVar
 .bss           0x1fffec41        0x1 .\CortexM3\ARM_GCC_493\Debug\freesoc.a(Right_HB25_PWM.o)
                0x1fffec41                Right_HB25_PWM_initVar
 *fill*         0x1fffec42        0x2 
 .bss           0x1fffec44       0x1c .\CortexM3\ARM_GCC_493\Debug\freesoc.a(CyLib.o)
                0x1fffec5c                CySysTickInitVar
 .bss           0x1fffec60        0x1 .\CortexM3\ARM_GCC_493\Debug\freesoc.a(EZI2C_Slave.o)
                0x1fffec60                EZI2C_Slave_initVar
 .bss           0x1fffec61        0x2 .\CortexM3\ARM_GCC_493\Debug\freesoc.a(EZI2C_Slave_INT.o)
 .bss           0x1fffec63        0x1 .\CortexM3\ARM_GCC_493\Debug\freesoc.a(Right_QuadDec.o)
                0x1fffec63                Right_QuadDec_initVar
 .bss           0x1fffec64        0x4 .\CortexM3\ARM_GCC_493\Debug\freesoc.a(Right_QuadDec_INT.o)
                0x1fffec64                Right_QuadDec_count32SoftPart
 .bss           0x1fffec68        0x1 .\CortexM3\ARM_GCC_493\Debug\freesoc.a(Right_QuadDec_Cnt16.o)
                0x1fffec68                Right_QuadDec_Cnt16_initVar
 .bss           0x1fffec69        0x1 .\CortexM3\ARM_GCC_493\Debug\freesoc.a(Left_QuadDec.o)
                0x1fffec69                Left_QuadDec_initVar
 *fill*         0x1fffec6a        0x2 
 .bss           0x1fffec6c        0x4 .\CortexM3\ARM_GCC_493\Debug\freesoc.a(Left_QuadDec_INT.o)
                0x1fffec6c                Left_QuadDec_count32SoftPart
 .bss           0x1fffec70        0x1 .\CortexM3\ARM_GCC_493\Debug\freesoc.a(Left_QuadDec_Cnt16.o)
                0x1fffec70                Left_QuadDec_Cnt16_initVar
 *fill*         0x1fffec71        0x3 
 .bss           0x1fffec74        0x8 .\CortexM3\ARM_GCC_493\Debug\freesoc.a(CySpc.o)
                0x1fffec74                SpcLockState
 .bss.__malloc_sbrk_start
                0x1fffec7c        0x4 c:/program files (x86)/cypress/psoc creator/3.3/psoc creator/import/gnu/arm/4.9.3/bin/../lib/gcc/arm-none-eabi/4.9.3/../../../../arm-none-eabi/lib/armv7-m\libg_nano.a(lib_a-nano-mallocr.o)
                0x1fffec7c                __malloc_sbrk_start
 .bss.__malloc_free_list
                0x1fffec80        0x4 c:/program files (x86)/cypress/psoc creator/3.3/psoc creator/import/gnu/arm/4.9.3/bin/../lib/gcc/arm-none-eabi/4.9.3/../../../../arm-none-eabi/lib/armv7-m\libg_nano.a(lib_a-nano-mallocr.o)
                0x1fffec80                __malloc_free_list
 *(COMMON)
 COMMON         0x1fffec84        0x4 .\CortexM3\ARM_GCC_493\Debug\main.o
                0x1fffec84                p_cal_eeprom
 COMMON         0x1fffec88        0xd .\CortexM3\ARM_GCC_493\Debug\freesoc.a(EZI2C_Slave.o)
                0x1fffec88                EZI2C_Slave_wrProtectS1
                0x1fffec8a                EZI2C_Slave_curState
                0x1fffec8b                EZI2C_Slave_rwOffsetS1
                0x1fffec8c                EZI2C_Slave_dataPtrS1
                0x1fffec90                EZI2C_Slave_rwIndexS1
                0x1fffec92                EZI2C_Slave_bufSizeS1
                0x1fffec94                EZI2C_Slave_curStatus
 *fill*         0x1fffec95        0x3 
 COMMON         0x1fffec98        0x2 .\CortexM3\ARM_GCC_493\Debug\freesoc.a(CyFlash.o)
                0x1fffec98                dieTemperature
 *fill*         0x1fffec9a        0x2 
 COMMON         0x1fffec9c        0x4 c:/program files (x86)/cypress/psoc creator/3.3/psoc creator/import/gnu/arm/4.9.3/bin/../lib/gcc/arm-none-eabi/4.9.3/../../../../arm-none-eabi/lib/armv7-m\libg_nano.a(lib_a-reent.o)
                0x1fffec9c                errno
                0x1fffeca0                . = ALIGN (0x8)
 *(.ram.b)
                0x1fffeca0                _end = .
                0x1fffeca0                __end = .
                0x1fffeca0                PROVIDE (end, .)
                0x1fffeca0                PROVIDE (__bss_end__, .)
                0x00008518                __cy_region_init_ram = LOADADDR (.data)
                0x00000218                __cy_region_init_size_ram = (_edata - ADDR (.data))
                0x00006980                __cy_region_zero_size_ram = (_end - _edata)

.heap           0x1fffeca0       0x80 load address 0x00008730
                0x1fffeca0                . = _end
                0x1fffed20                . = (. + 0x80)
 *fill*         0x1fffeca0       0x80 
                0x1fffed20                __cy_heap_limit = .

.stack          0x20007800      0x800
                0x20007800                __cy_stack_limit = .
                0x20008000                . = (. + 0x800)
 *fill*         0x20007800      0x800 
                0x00000001                ASSERT ((__cy_stack_limit >= __cy_heap_limit), region RAM overflowed with stack)
                0x00000000                cy_checksum_exclude_size = (CY_APPL_LOADABLE == 0x1)?SIZEOF (.cy_checksum_exclude):0x0
                0x00000001                ASSERT ((cy_checksum_exclude_size <= CY_CHECKSUM_EXCLUDE_SIZE), CY_BOOT: Section .cy_checksum_exclude size exceedes specified limit.)

.cyloadermeta
 *(.cyloadermeta)

.cyloadablemeta
 *(.cyloadablemeta)

.cyconfigecc    0x80000000     0x1028
 *(.cyconfigecc)
 .cyconfigecc   0x80000000     0x1028 .\CortexM3\ARM_GCC_493\Debug\cymetadata.o
                0x80000000                cy_meta_configecc

.cycustnvl      0x90000000        0x4
 *(.cycustnvl)
 .cycustnvl     0x90000000        0x4 .\CortexM3\ARM_GCC_493\Debug\cymetadata.o
                0x90000000                cy_meta_custnvl

.cywolatch      0x90100000        0x4
 *(.cywolatch)
 .cywolatch     0x90100000        0x4 .\CortexM3\ARM_GCC_493\Debug\cymetadata.o
                0x90100000                cy_meta_wonvl
