Archive member included because of file (symbol)

.\CortexM3\ARM_GCC_493\Debug\freesoc.a(cyfitter_cfg.o)
                              .\CortexM3\ARM_GCC_493\Debug\infrared.o (Front_AMuxSeq_DisconnectAll)
.\CortexM3\ARM_GCC_493\Debug\freesoc.a(Left_HB25_Enable_Pin.o)
                              .\CortexM3\ARM_GCC_493\Debug\motor.o (Left_HB25_Enable_Pin_Write)
.\CortexM3\ARM_GCC_493\Debug\freesoc.a(Left_HB25_PWM.o)
                              .\CortexM3\ARM_GCC_493\Debug\motor.o (Left_HB25_PWM_Stop)
.\CortexM3\ARM_GCC_493\Debug\freesoc.a(Right_HB25_Enable_Pin.o)
                              .\CortexM3\ARM_GCC_493\Debug\motor.o (Right_HB25_Enable_Pin_Write)
.\CortexM3\ARM_GCC_493\Debug\freesoc.a(Right_HB25_PWM.o)
                              .\CortexM3\ARM_GCC_493\Debug\motor.o (Right_HB25_PWM_Stop)
.\CortexM3\ARM_GCC_493\Debug\freesoc.a(CyBootAsmGnu.o)
                              .\CortexM3\ARM_GCC_493\Debug\freesoc.a(cyfitter_cfg.o) (CyDelayCycles)
.\CortexM3\ARM_GCC_493\Debug\freesoc.a(CyLib.o)
                              .\CortexM3\ARM_GCC_493\Debug\Cm3Start.o (CyHalt)
.\CortexM3\ARM_GCC_493\Debug\freesoc.a(cyPm.o)
                              .\CortexM3\ARM_GCC_493\Debug\freesoc.a(CyLib.o) (CyPmReadStatus)
.\CortexM3\ARM_GCC_493\Debug\freesoc.a(EZI2C_Slave.o)
                              .\CortexM3\ARM_GCC_493\Debug\i2c.o (EZI2C_Slave_Start)
.\CortexM3\ARM_GCC_493\Debug\freesoc.a(EZI2C_Slave_PM.o)
                              .\CortexM3\ARM_GCC_493\Debug\freesoc.a(EZI2C_Slave.o) (EZI2C_Slave_backup)
.\CortexM3\ARM_GCC_493\Debug\freesoc.a(EZI2C_Slave_INT.o)
                              .\CortexM3\ARM_GCC_493\Debug\freesoc.a(EZI2C_Slave.o) (EZI2C_Slave_ISR)
.\CortexM3\ARM_GCC_493\Debug\freesoc.a(Front_Echo_Intr.o)
                              .\CortexM3\ARM_GCC_493\Debug\ultrasonic.o (Front_Echo_Intr_StartEx)
.\CortexM3\ARM_GCC_493\Debug\freesoc.a(Front_Trigger_Reg.o)
                              .\CortexM3\ARM_GCC_493\Debug\ultrasonic.o (Front_Trigger_Reg_Write)
.\CortexM3\ARM_GCC_493\Debug\freesoc.a(Front_Trigger_Select_Reg.o)
                              .\CortexM3\ARM_GCC_493\Debug\ultrasonic.o (Front_Trigger_Select_Reg_Write)
.\CortexM3\ARM_GCC_493\Debug\freesoc.a(Front_Echo_Timer.o)
                              .\CortexM3\ARM_GCC_493\Debug\ultrasonic.o (Front_Echo_Timer_ReadCounter)
.\CortexM3\ARM_GCC_493\Debug\freesoc.a(Rear_Trigger_Reg.o)
                              .\CortexM3\ARM_GCC_493\Debug\ultrasonic.o (Rear_Trigger_Reg_Write)
.\CortexM3\ARM_GCC_493\Debug\freesoc.a(Rear_Trigger_Select_Reg.o)
                              .\CortexM3\ARM_GCC_493\Debug\ultrasonic.o (Rear_Trigger_Select_Reg_Write)
.\CortexM3\ARM_GCC_493\Debug\freesoc.a(Rear_Echo_Intr.o)
                              .\CortexM3\ARM_GCC_493\Debug\ultrasonic.o (Rear_Echo_Intr_StartEx)
.\CortexM3\ARM_GCC_493\Debug\freesoc.a(Rear_Echo_Timer.o)
                              .\CortexM3\ARM_GCC_493\Debug\ultrasonic.o (Rear_Echo_Timer_ReadCounter)
.\CortexM3\ARM_GCC_493\Debug\freesoc.a(Front_ADC_SAR.o)
                              .\CortexM3\ARM_GCC_493\Debug\infrared.o (Front_ADC_SAR_Start)
.\CortexM3\ARM_GCC_493\Debug\freesoc.a(Front_ADC_SAR_INT.o)
                              .\CortexM3\ARM_GCC_493\Debug\freesoc.a(Front_ADC_SAR.o) (Front_ADC_SAR_ISR)
.\CortexM3\ARM_GCC_493\Debug\freesoc.a(Front_AMuxSeq.o)
                              .\CortexM3\ARM_GCC_493\Debug\infrared.o (Front_AMuxSeq_Start)
.\CortexM3\ARM_GCC_493\Debug\freesoc.a(Rear_ADC_SAR.o)
                              .\CortexM3\ARM_GCC_493\Debug\infrared.o (Rear_ADC_SAR_Start)
.\CortexM3\ARM_GCC_493\Debug\freesoc.a(Rear_ADC_SAR_INT.o)
                              .\CortexM3\ARM_GCC_493\Debug\freesoc.a(Rear_ADC_SAR.o) (Rear_ADC_SAR_ISR)
.\CortexM3\ARM_GCC_493\Debug\freesoc.a(Rear_AMuxSeq.o)
                              .\CortexM3\ARM_GCC_493\Debug\infrared.o (Rear_AMuxSeq_Start)
.\CortexM3\ARM_GCC_493\Debug\freesoc.a(Front_ADC_SAR_IRQ.o)
                              .\CortexM3\ARM_GCC_493\Debug\infrared.o (Front_ADC_SAR_IRQ_StartEx)
.\CortexM3\ARM_GCC_493\Debug\freesoc.a(Front_ADC_SAR_theACLK.o)
                              .\CortexM3\ARM_GCC_493\Debug\freesoc.a(Front_ADC_SAR.o) (Front_ADC_SAR_theACLK_SetModeRegister)
.\CortexM3\ARM_GCC_493\Debug\freesoc.a(Rear_ADC_SAR_IRQ.o)
                              .\CortexM3\ARM_GCC_493\Debug\infrared.o (Rear_ADC_SAR_IRQ_StartEx)
.\CortexM3\ARM_GCC_493\Debug\freesoc.a(Rear_ADC_SAR_theACLK.o)
                              .\CortexM3\ARM_GCC_493\Debug\freesoc.a(Rear_ADC_SAR.o) (Rear_ADC_SAR_theACLK_SetModeRegister)
.\CortexM3\ARM_GCC_493\Debug\freesoc.a(Rear_EOS_Intr.o)
                              .\CortexM3\ARM_GCC_493\Debug\infrared.o (Rear_EOS_Intr_StartEx)
.\CortexM3\ARM_GCC_493\Debug\freesoc.a(Front_EOS_Intr.o)
                              .\CortexM3\ARM_GCC_493\Debug\infrared.o (Front_EOS_Intr_StartEx)
[...]
Memory Configuration

Name             Origin             Length             Attributes
rom              0x00000000         0x00040000         xr
ram              0x1fff8000         0x00010000         xrw
*default*        0x00000000         0xffffffff

Linker script and memory map

LOAD c:/program files (x86)/cypress/psoc creator/3.3/psoc creator/import/gnu/arm/4.9.3/bin/../lib/gcc/arm-none-eabi/4.9.3/armv7-m/crti.o
LOAD c:/program files (x86)/cypress/psoc creator/3.3/psoc creator/import/gnu/arm/4.9.3/bin/../lib/gcc/arm-none-eabi/4.9.3/armv7-m/crtbegin.o
LOAD c:/program files (x86)/cypress/psoc creator/3.3/psoc creator/import/gnu/arm/4.9.3/bin/../lib/gcc/arm-none-eabi/4.9.3/../../../../arm-none-eabi/lib/armv7-m/crt0.o
START GROUP
LOAD .\CortexM3\ARM_GCC_493\Debug\main.o
LOAD .\CortexM3\ARM_GCC_493\Debug\cal.o
LOAD .\CortexM3\ARM_GCC_493\Debug\control.o
LOAD .\CortexM3\ARM_GCC_493\Debug\debug.o
LOAD .\CortexM3\ARM_GCC_493\Debug\diag.o
LOAD .\CortexM3\ARM_GCC_493\Debug\encoder.o
LOAD .\CortexM3\ARM_GCC_493\Debug\i2c.o
LOAD .\CortexM3\ARM_GCC_493\Debug\motor.o
LOAD .\CortexM3\ARM_GCC_493\Debug\odom.o
LOAD .\CortexM3\ARM_GCC_493\Debug\pid.o
LOAD .\CortexM3\ARM_GCC_493\Debug\time.o
LOAD .\CortexM3\ARM_GCC_493\Debug\ultrasonic.o
LOAD .\CortexM3\ARM_GCC_493\Debug\utils.o
LOAD .\CortexM3\ARM_GCC_493\Debug\infrared.o
LOAD .\CortexM3\ARM_GCC_493\Debug\pid_controller.o
LOAD .\CortexM3\ARM_GCC_493\Debug\serial.o
LOAD .\CortexM3\ARM_GCC_493\Debug\cymetadata.o
LOAD .\CortexM3\ARM_GCC_493\Debug\Cm3Start.o
LOAD .\CortexM3\ARM_GCC_493\Debug\freesoc.a
LOAD C:\Program Files (x86)\Cypress\PSoC Creator\3.3\PSoC Creator\psoc\content\cycomponentlibrary\CyComponentLibrary.cylib\CortexM3\ARM_GCC_493\Debug\CyComponentLibrary.a
LOAD c:/program files (x86)/cypress/psoc creator/3.3/psoc creator/import/gnu/arm/4.9.3/bin/../lib/gcc/arm-none-eabi/4.9.3/../../../../arm-none-eabi/lib/armv7-m\libm.a
END GROUP
START GROUP
LOAD c:/program files (x86)/cypress/psoc creator/3.3/psoc creator/import/gnu/arm/4.9.3/bin/../lib/gcc/arm-none-eabi/4.9.3/armv7-m\libgcc.a
LOAD c:/program files (x86)/cypress/psoc creator/3.3/psoc creator/import/gnu/arm/4.9.3/bin/../lib/gcc/arm-none-eabi/4.9.3/../../../../arm-none-eabi/lib/armv7-m\libg_nano.a
LOAD c:/program files (x86)/cypress/psoc creator/3.3/psoc creator/import/gnu/arm/4.9.3/bin/../lib/gcc/arm-none-eabi/4.9.3/../../../../arm-none-eabi/lib/armv7-m\libc_nano.a
END GROUP
START GROUP
LOAD c:/program files (x86)/cypress/psoc creator/3.3/psoc creator/import/gnu/arm/4.9.3/bin/../lib/gcc/arm-none-eabi/4.9.3/armv7-m\libgcc.a
LOAD c:/program files (x86)/cypress/psoc creator/3.3/psoc creator/import/gnu/arm/4.9.3/bin/../lib/gcc/arm-none-eabi/4.9.3/../../../../arm-none-eabi/lib/armv7-m\libc_nano.a
END GROUP
LOAD c:/program files (x86)/cypress/psoc creator/3.3/psoc creator/import/gnu/arm/4.9.3/bin/../lib/gcc/arm-none-eabi/4.9.3/armv7-m/crtend.o
LOAD c:/program files (x86)/cypress/psoc creator/3.3/psoc creator/import/gnu/arm/4.9.3/bin/../lib/gcc/arm-none-eabi/4.9.3/armv7-m/crtn.o
START GROUP
LOAD c:/program files (x86)/cypress/psoc creator/3.3/psoc creator/import/gnu/arm/4.9.3/bin/../lib/gcc/arm-none-eabi/4.9.3/armv7-m\libgcc.a
LOAD c:/program files (x86)/cypress/psoc creator/3.3/psoc creator/import/gnu/arm/4.9.3/bin/../lib/gcc/arm-none-eabi/4.9.3/../../../../arm-none-eabi/lib/armv7-m\libc.a
LOAD c:/program files (x86)/cypress/psoc creator/3.3/psoc creator/import/gnu/arm/4.9.3/bin/../lib/gcc/arm-none-eabi/4.9.3/../../../../arm-none-eabi/lib/armv7-m\libnosys.a
END GROUP
                0x00000000                CY_APPL_ORIGIN = 0x0
                0x00000100                CY_FLASH_ROW_SIZE = 0x100
                0x00000020                CY_ECC_ROW_SIZE = 0x20
                0x00000000                CY_EE_IN_BTLDR = 0x0
                0x00000000                CY_APPL_LOADABLE = 0x0
                0x00000800                CY_EE_SIZE = 0x800
                0x00000001                CY_APPL_NUM = 0x1
                0x00000001                CY_APPL_MAX = 0x1
                0x00000040                CY_METADATA_SIZE = 0x40
                0x00000000                CY_APPL_LOADABLE = 0x0
                0x00000000                CY_CHECKSUM_EXCLUDE_SIZE = ALIGN (0x0, CY_FLASH_ROW_SIZE)
                0x1ffff3a0                PROVIDE (__cy_heap_start, _end)
                0x00000001                PROVIDE (__cy_region_num, ((__cy_regions_end - __cy_regions) / 0x10))
                0x20008000                PROVIDE (__cy_stack, (ORIGIN (ram) + 0x10000))
                0x20007800                PROVIDE (__cy_heap_end, (__cy_stack - 0x800))

.cybootloader   0x00000000        0x0
 *(.cybootloader)
                0x00000000                appl1_start = CY_APPL_ORIGIN?CY_APPL_ORIGIN:ALIGN (CY_FLASH_ROW_SIZE)
                0x0001ff00                appl2_start = (appl1_start + ALIGN ((((0x40000 - appl1_start) - (0x2 * CY_FLASH_ROW_SIZE)) / 0x2), CY_FLASH_ROW_SIZE))
                0x00000000                appl_start = (CY_APPL_NUM == 0x1)?appl1_start:appl2_start
                0x00000000                ecc_offset = ((appl_start / CY_FLASH_ROW_SIZE) * CY_ECC_ROW_SIZE)
                0x00000000                ee_offset = (CY_APPL_LOADABLE && ! (CY_EE_IN_BTLDR))?((CY_EE_SIZE / CY_APPL_MAX) * (CY_APPL_NUM - 0x1)):0x0
                0x00000800                ee_size = (CY_APPL_LOADABLE && ! (CY_EE_IN_BTLDR))?(CY_EE_SIZE / CY_APPL_MAX):CY_EE_SIZE
                0x00000000                PROVIDE (CY_ECC_OFFSET, ecc_offset)

.text           0x00000000     0x9d66
 CREATE_OBJECT_SYMBOLS
                0x00000000                PROVIDE (__cy_interrupt_vector, RomVectors)
 *(.romvectors)
 .romvectors    0x00000000       0x10 .\CortexM3\ARM_GCC_493\Debug\Cm3Start.o
                0x00000000                RomVectors
                0x00000001                ASSERT ((. != __cy_interrupt_vector), No interrupt vector)
                0x00000001                ASSERT (CY_APPL_ORIGIN?(SIZEOF (.cybootloader) <= CY_APPL_ORIGIN):0x1, Wrong image location)
                0x00000010                PROVIDE (__cy_reset, Reset)
 *(.text.Reset)
 .text.Reset    0x00000010       0x18 .\CortexM3\ARM_GCC_493\Debug\Cm3Start.o
                0x00000010                Reset
                0x00000001                ASSERT ((. != __cy_reset), No reset code)
 *(.dma_init)
                0x00000001                ASSERT ((((appl_start + .) <= 0x10000) || 0x1), DMA Init must be within the first 64k of flash)
 *(.text .text.* .gnu.linkonce.t.*)
 .text          0x00000028       0x5c c:/program files (x86)/cypress/psoc creator/3.3/psoc creator/import/gnu/arm/4.9.3/bin/../lib/gcc/arm-none-eabi/4.9.3/armv7-m/crtbegin.o
 .text.main     0x00000084      0x114 .\CortexM3\ARM_GCC_493\Debug\main.o
                0x00000084                main
 .text.CalculatePwmSamples
                0x00000198       0x64 .\CortexM3\ARM_GCC_493\Debug\cal.o
 .text.AddSamplesToSum
                0x000001fc       0x24 .\CortexM3\ARM_GCC_493\Debug\cal.o
 .text.CalculateAvgCpsSamples
                0x00000220       0x20 .\CortexM3\ARM_GCC_493\Debug\cal.o
 .text.CalculateMinMaxCpsSample
                0x00000240       0x38 .\CortexM3\ARM_GCC_493\Debug\cal.o
 .text.StartCalibration
                0x00000278       0x24 .\CortexM3\ARM_GCC_493\Debug\cal.o
 .text.EndCalibration
                0x0000029c       0x30 .\CortexM3\ARM_GCC_493\Debug\cal.o
 .text.CalibrateWheelSpeed
                0x000002cc       0x5c .\CortexM3\ARM_GCC_493\Debug\cal.o
 .text.StoreWheelSpeed
                0x00000328       0xb4 .\CortexM3\ARM_GCC_493\Debug\cal.o
 .text.Cal_Init
                0x000003dc       0x14 .\CortexM3\ARM_GCC_493\Debug\cal.o
                0x000003dc                Cal_Init
 .text.Cal_Start
                0x000003f0       0x2c .\CortexM3\ARM_GCC_493\Debug\cal.o
                0x000003f0                Cal_Start
 .text.Cal_Update
                0x0000041c       0xa8 .\CortexM3\ARM_GCC_493\Debug\cal.o
                0x0000041c                Cal_Update
 .text.Cal_LeftGetCalData
                0x000004c4       0x10 .\CortexM3\ARM_GCC_493\Debug\cal.o
                0x000004c4                Cal_LeftGetCalData
 .text.Cal_RightGetCalData
                0x000004d4       0x14 .\CortexM3\ARM_GCC_493\Debug\cal.o
                0x000004d4                Cal_RightGetCalData
 .text.Cal_Validate
                0x000004e8        0x4 .\CortexM3\ARM_GCC_493\Debug\cal.o
                0x000004e8                Cal_Validate
 *fill*         0x000004ec        0x4 
 .text.CalculateLeftRightSpeed
                0x000004f0       0x70 .\CortexM3\ARM_GCC_493\Debug\control.o
 .text.Control_Init
                0x00000560        0x4 .\CortexM3\ARM_GCC_493\Debug\control.o
                0x00000560                Control_Init
 .text.Control_Start
                0x00000564        0x4 .\CortexM3\ARM_GCC_493\Debug\control.o
                0x00000564                Control_Start
 .text.Control_Update
                0x00000568       0x3c .\CortexM3\ARM_GCC_493\Debug\control.o
                0x00000568                Control_Update
 .text.Control_LeftGetCmdVelocity
                0x000005a4        0xc .\CortexM3\ARM_GCC_493\Debug\control.o
                0x000005a4                Control_LeftGetCmdVelocity
 .text.Control_RightGetCmdVelocity
                0x000005b0        0xc .\CortexM3\ARM_GCC_493\Debug\control.o
                0x000005b0                Control_RightGetCmdVelocity
 .text.Debug_Init
                0x000005bc       0x14 .\CortexM3\ARM_GCC_493\Debug\debug.o
                0x000005bc                Debug_Init
 .text.Debug_Start
                0x000005d0        0x4 .\CortexM3\ARM_GCC_493\Debug\debug.o
                0x000005d0                Debug_Start
 .text.Diag_Init
                0x000005d4       0x18 .\CortexM3\ARM_GCC_493\Debug\diag.o
                0x000005d4                Diag_Init
 .text.Diag_Start
                0x000005ec        0x4 .\CortexM3\ARM_GCC_493\Debug\diag.o
                0x000005ec                Diag_Start
 .text.Diag_Update
                0x000005f0       0x38 .\CortexM3\ARM_GCC_493\Debug\diag.o
                0x000005f0                Diag_Update
 .text.Encoder_Sample
                0x00000628       0x70 .\CortexM3\ARM_GCC_493\Debug\encoder.o
 .text.Encoder_Init
                0x00000698       0x48 .\CortexM3\ARM_GCC_493\Debug\encoder.o
                0x00000698                Encoder_Init
 .text.Encoder_Start
                0x000006e0       0x20 .\CortexM3\ARM_GCC_493\Debug\encoder.o
                0x000006e0                Encoder_Start
 .text.Encoder_Update
                0x00000700       0x58 .\CortexM3\ARM_GCC_493\Debug\encoder.o
                0x00000700                Encoder_Update
 .text.Encoder_LeftGetCntsPerSec
                0x00000758        0xc .\CortexM3\ARM_GCC_493\Debug\encoder.o
                0x00000758                Encoder_LeftGetCntsPerSec
 .text.Encoder_RightGetCntsPerSec
                0x00000764        0xc .\CortexM3\ARM_GCC_493\Debug\encoder.o
                0x00000764                Encoder_RightGetCntsPerSec
 .text.Encoder_LeftGetMeterPerSec
                0x00000770        0xc .\CortexM3\ARM_GCC_493\Debug\encoder.o
                0x00000770                Encoder_LeftGetMeterPerSec
 .text.Encoder_RightGetMeterPerSec
                0x0000077c        0xc .\CortexM3\ARM_GCC_493\Debug\encoder.o
                0x0000077c                Encoder_RightGetMeterPerSec
 .text.Encoder_Reset
                0x00000788       0x3c .\CortexM3\ARM_GCC_493\Debug\encoder.o
                0x00000788                Encoder_Reset
 .text.I2c_Init
                0x000007c4       0x1c .\CortexM3\ARM_GCC_493\Debug\i2c.o
                0x000007c4                I2c_Init
 .text.I2c_Start
                0x000007e0       0x18 .\CortexM3\ARM_GCC_493\Debug\i2c.o
                0x000007e0                I2c_Start
 .text.I2c_ReadControl
                0x000007f8       0x2c .\CortexM3\ARM_GCC_493\Debug\i2c.o
                0x000007f8                I2c_ReadControl
 *fill*         0x00000824        0x4 
 .text.I2c_ReadCmdVelocity
                0x00000828       0xf8 .\CortexM3\ARM_GCC_493\Debug\i2c.o
                0x00000828                I2c_ReadCmdVelocity
 .text.I2c_SetStatusBit
                0x00000920       0x38 .\CortexM3\ARM_GCC_493\Debug\i2c.o
                0x00000920                I2c_SetStatusBit
 .text.I2c_ClearStatusBit
                0x00000958       0x3c .\CortexM3\ARM_GCC_493\Debug\i2c.o
                0x00000958                I2c_ClearStatusBit
 .text.I2c_WriteOdom
                0x00000994       0x48 .\CortexM3\ARM_GCC_493\Debug\i2c.o
                0x00000994                I2c_WriteOdom
 .text.I2c_WriteFrontUltrasonicDistance
                0x000009dc       0x34 .\CortexM3\ARM_GCC_493\Debug\i2c.o
                0x000009dc                I2c_WriteFrontUltrasonicDistance
 .text.I2c_WriteRearUltrasonicDistance
                0x00000a10       0x34 .\CortexM3\ARM_GCC_493\Debug\i2c.o
                0x00000a10                I2c_WriteRearUltrasonicDistance
 .text.I2c_UpdateHeartbeat
                0x00000a44       0x2c .\CortexM3\ARM_GCC_493\Debug\i2c.o
                0x00000a44                I2c_UpdateHeartbeat
 .text.Interpolate
                0x00000a70       0x3c .\CortexM3\ARM_GCC_493\Debug\motor.o
 .text.calculate_pwm
                0x00000aac       0x74 .\CortexM3\ARM_GCC_493\Debug\motor.o
 .text.calc_motor_output_from_cps
                0x00000b20       0xa8 .\CortexM3\ARM_GCC_493\Debug\motor.o
 .text.RampSpeed
                0x00000bc8       0x44 .\CortexM3\ARM_GCC_493\Debug\motor.o
 .text.CollectCpsPwmSamples
                0x00000c0c       0x58 .\CortexM3\ARM_GCC_493\Debug\motor.o
 .text.PrintFormatDataInt32
                0x00000c64       0x8c .\CortexM3\ARM_GCC_493\Debug\motor.o
 .text.PrintFormatDataUint16
                0x00000cf0       0x8c .\CortexM3\ARM_GCC_493\Debug\motor.o
 .text.DumpMotorCal
                0x00000d7c       0x4c .\CortexM3\ARM_GCC_493\Debug\motor.o
 .text.Motor_Init
                0x00000dc8       0x18 .\CortexM3\ARM_GCC_493\Debug\motor.o
                0x00000dc8                Motor_Init
 .text.Motor_Start
                0x00000de0       0x48 .\CortexM3\ARM_GCC_493\Debug\motor.o
                0x00000de0                Motor_Start
 .text.Motor_LeftSetCntsPerSec
                0x00000e28       0x18 .\CortexM3\ARM_GCC_493\Debug\motor.o
                0x00000e28                Motor_LeftSetCntsPerSec
 .text.Motor_RightSetCntsPerSec
                0x00000e40       0x18 .\CortexM3\ARM_GCC_493\Debug\motor.o
                0x00000e40                Motor_RightSetCntsPerSec
 .text.Motor_LeftGetPwm
                0x00000e58        0xc .\CortexM3\ARM_GCC_493\Debug\motor.o
                0x00000e58                Motor_LeftGetPwm
 .text.Motor_RightGetPwm
                0x00000e64        0xc .\CortexM3\ARM_GCC_493\Debug\motor.o
                0x00000e64                Motor_RightGetPwm
 .text.Motor_Stop
                0x00000e70       0x20 .\CortexM3\ARM_GCC_493\Debug\motor.o
                0x00000e70                Motor_Stop
 .text.Motor_CollectPwmCpsSamples
                0x00000e90       0xb4 .\CortexM3\ARM_GCC_493\Debug\motor.o
                0x00000e90                Motor_CollectPwmCpsSamples
 .text.Motor_LeftSetCalibration
                0x00000f44       0x1c .\CortexM3\ARM_GCC_493\Debug\motor.o
                0x00000f44                Motor_LeftSetCalibration
 .text.Motor_RightSetCalibration
                0x00000f60       0x1c .\CortexM3\ARM_GCC_493\Debug\motor.o
                0x00000f60                Motor_RightSetCalibration
 .text.DumpOdom
                0x00000f7c       0x78 .\CortexM3\ARM_GCC_493\Debug\odom.o
 .text.Odom_Init
                0x00000ff4       0x14 .\CortexM3\ARM_GCC_493\Debug\odom.o
                0x00000ff4                Odom_Init
 .text.Odom_Start
                0x00001008        0x4 .\CortexM3\ARM_GCC_493\Debug\odom.o
                0x00001008                Odom_Start
 *fill*         0x0000100c        0x4 
 .text.calc_odom
                0x00001010      0x250 .\CortexM3\ARM_GCC_493\Debug\odom.o
                0x00001010                calc_odom
 .text.Odom_Update
                0x00001260       0x60 .\CortexM3\ARM_GCC_493\Debug\odom.o
                0x00001260                Odom_Update
 .text.Odom_Reset
                0x000012c0       0x28 .\CortexM3\ARM_GCC_493\Debug\odom.o
                0x000012c0                Odom_Reset
 .text.ProcessPid
                0x000012e8       0xb0 .\CortexM3\ARM_GCC_493\Debug\pid.o
 .text.Pid_Init
                0x00001398       0x84 .\CortexM3\ARM_GCC_493\Debug\pid.o
                0x00001398                Pid_Init
 .text.Pid_Start
                0x0000141c        0x4 .\CortexM3\ARM_GCC_493\Debug\pid.o
                0x0000141c                Pid_Start
 .text.Pid_Update
                0x00001420       0x50 .\CortexM3\ARM_GCC_493\Debug\pid.o
                0x00001420                Pid_Update
 .text.SysTickIsrHandler
                0x00001470       0x10 .\CortexM3\ARM_GCC_493\Debug\time.o
 .text.Time_Init
                0x00001480        0xc .\CortexM3\ARM_GCC_493\Debug\time.o
                0x00001480                Time_Init
 .text.Time_Start
                0x0000148c       0x2c .\CortexM3\ARM_GCC_493\Debug\time.o
                0x0000148c                Time_Start
 .text.millis   0x000014b8        0xc .\CortexM3\ARM_GCC_493\Debug\time.o
                0x000014b8                millis
 .text.Front_Trigger_Next
                0x000014c4       0x34 .\CortexM3\ARM_GCC_493\Debug\ultrasonic.o
 .text.Front_Echo_Interrupt
                0x000014f8       0x4c .\CortexM3\ARM_GCC_493\Debug\ultrasonic.o
 .text.Rear_Trigger_Next
                0x00001544       0x34 .\CortexM3\ARM_GCC_493\Debug\ultrasonic.o
 .text.Rear_Echo_Interrupt
                0x00001578       0x4c .\CortexM3\ARM_GCC_493\Debug\ultrasonic.o
 .text.Ultrasonic_Init
                0x000015c4        0x4 .\CortexM3\ARM_GCC_493\Debug\ultrasonic.o
                0x000015c4                Ultrasonic_Init
 .text.Ultrasonic_Start
                0x000015c8       0x28 .\CortexM3\ARM_GCC_493\Debug\ultrasonic.o
                0x000015c8                Ultrasonic_Start
 .text.insert_zeros
                0x000015f0       0x30 .\CortexM3\ARM_GCC_493\Debug\utils.o
 .text.MovingAverageFloat
                0x00001620       0x2c .\CortexM3\ARM_GCC_493\Debug\utils.o
                0x00001620                MovingAverageFloat
 .text.ftoa     0x0000164c       0xa4 .\CortexM3\ARM_GCC_493\Debug\utils.o
                0x0000164c                ftoa
 .text.BinaryRangeSearch
                0x000016f0       0x50 .\CortexM3\ARM_GCC_493\Debug\utils.o
                0x000016f0                BinaryRangeSearch
 .text.initializeQueue
                0x00001740       0x10 .\CortexM3\ARM_GCC_493\Debug\infrared.o
                0x00001740                initializeQueue
 .text.Infrared_Init
                0x00001750       0x30 .\CortexM3\ARM_GCC_493\Debug\infrared.o
                0x00001750                Infrared_Init
 .text.PIDCompute
                0x00001780       0xa4 .\CortexM3\ARM_GCC_493\Debug\pid_controller.o
                0x00001780                PIDCompute
 .text.PIDOutputLimitsSet
                0x00001824       0x5c .\CortexM3\ARM_GCC_493\Debug\pid_controller.o
                0x00001824                PIDOutputLimitsSet
 .text.PIDTuningsSet
                0x00001880       0x6c .\CortexM3\ARM_GCC_493\Debug\pid_controller.o
                0x00001880                PIDTuningsSet
 .text.PIDInit  0x000018ec       0x54 .\CortexM3\ARM_GCC_493\Debug\pid_controller.o
                0x000018ec                PIDInit
 .text.PIDSetpointSet
                0x00001940        0x4 .\CortexM3\ARM_GCC_493\Debug\pid_controller.o
                0x00001940                PIDSetpointSet
 .text.PIDInputSet
                0x00001944        0x4 .\CortexM3\ARM_GCC_493\Debug\pid_controller.o
                0x00001944                PIDInputSet
 .text.Ser_Init
                0x00001948       0x24 .\CortexM3\ARM_GCC_493\Debug\serial.o
                0x00001948                Ser_Init
 .text.Ser_Start
                0x0000196c       0x2c .\CortexM3\ARM_GCC_493\Debug\serial.o
                0x0000196c                Ser_Start
 .text.Ser_PutString
                0x00001998       0x18 .\CortexM3\ARM_GCC_493\Debug\serial.o
                0x00001998                Ser_PutString
 .text.IntDefaultHandler
                0x000019b0        0x4 .\CortexM3\ARM_GCC_493\Debug\Cm3Start.o
                0x000019b0                IntDefaultHandler
 .text._sbrk    0x000019b4       0x30 .\CortexM3\ARM_GCC_493\Debug\Cm3Start.o
                0x000019b4                _sbrk
 .text.Start_c  0x000019e4       0x4c .\CortexM3\ARM_GCC_493\Debug\Cm3Start.o
                0x000019e4                Start_c
 .text.initialize_psoc
                0x00001a30       0x74 .\CortexM3\ARM_GCC_493\Debug\Cm3Start.o
                0x00001a30                initialize_psoc
 .text.cfg_write_bytes32
                0x00001aa4       0x34 .\CortexM3\ARM_GCC_493\Debug\freesoc.a(cyfitter_cfg.o)
 .text.CYMEMZERO
                0x00001ad8        0xc .\CortexM3\ARM_GCC_493\Debug\freesoc.a(cyfitter_cfg.o)
 .text.ClockSetup
                0x00001ae4       0xe4 .\CortexM3\ARM_GCC_493\Debug\freesoc.a(cyfitter_cfg.o)
 .text.AnalogSetDefault
                0x00001bc8       0x80 .\CortexM3\ARM_GCC_493\Debug\freesoc.a(cyfitter_cfg.o)
 .text.CYCONFIGCPY
                0x00001c48        0x8 .\CortexM3\ARM_GCC_493\Debug\freesoc.a(cyfitter_cfg.o)
 .text.Front_AMuxSeq_DisconnectAll
                0x00001c50       0x18 .\CortexM3\ARM_GCC_493\Debug\freesoc.a(cyfitter_cfg.o)
                0x00001c50                Front_AMuxSeq_DisconnectAll
 .text.Rear_AMuxSeq_DisconnectAll
                0x00001c68       0x18 .\CortexM3\ARM_GCC_493\Debug\freesoc.a(cyfitter_cfg.o)
                0x00001c68                Rear_AMuxSeq_DisconnectAll
 .text.cyfitter_cfg
                0x00001c80      0x188 .\CortexM3\ARM_GCC_493\Debug\freesoc.a(cyfitter_cfg.o)
                0x00001c80                cyfitter_cfg
 .text.Left_HB25_Enable_Pin_Write
                0x00001e08       0x18 .\CortexM3\ARM_GCC_493\Debug\freesoc.a(Left_HB25_Enable_Pin.o)
                0x00001e08                Left_HB25_Enable_Pin_Write
 .text.Left_HB25_PWM_Stop
                0x00001e20        0x4 .\CortexM3\ARM_GCC_493\Debug\freesoc.a(Left_HB25_PWM.o)
                0x00001e20                Left_HB25_PWM_Stop
 .text.Left_HB25_PWM_WriteCounter
                0x00001e24        0xc .\CortexM3\ARM_GCC_493\Debug\freesoc.a(Left_HB25_PWM.o)
                0x00001e24                Left_HB25_PWM_WriteCounter
 .text.Left_HB25_PWM_WritePeriod
                0x00001e30        0xc .\CortexM3\ARM_GCC_493\Debug\freesoc.a(Left_HB25_PWM.o)
                0x00001e30                Left_HB25_PWM_WritePeriod
 .text.Left_HB25_PWM_WriteCompare
                0x00001e3c        0xc .\CortexM3\ARM_GCC_493\Debug\freesoc.a(Left_HB25_PWM.o)
                0x00001e3c                Left_HB25_PWM_WriteCompare
 .text.Left_HB25_PWM_Init
                0x00001e48       0x34 .\CortexM3\ARM_GCC_493\Debug\freesoc.a(Left_HB25_PWM.o)
                0x00001e48                Left_HB25_PWM_Init
 .text.Left_HB25_PWM_Start
                0x00001e7c       0x18 .\CortexM3\ARM_GCC_493\Debug\freesoc.a(Left_HB25_PWM.o)
                0x00001e7c                Left_HB25_PWM_Start
 .text.Right_HB25_Enable_Pin_Write
                0x00001e94       0x18 .\CortexM3\ARM_GCC_493\Debug\freesoc.a(Right_HB25_Enable_Pin.o)
                0x00001e94                Right_HB25_Enable_Pin_Write
 .text.Right_HB25_PWM_Stop
                0x00001eac        0x4 .\CortexM3\ARM_GCC_493\Debug\freesoc.a(Right_HB25_PWM.o)
                0x00001eac                Right_HB25_PWM_Stop
 .text.Right_HB25_PWM_WriteCounter
                0x00001eb0        0xc .\CortexM3\ARM_GCC_493\Debug\freesoc.a(Right_HB25_PWM.o)
                0x00001eb0                Right_HB25_PWM_WriteCounter
 .text.Right_HB25_PWM_WritePeriod
                0x00001ebc        0xc .\CortexM3\ARM_GCC_493\Debug\freesoc.a(Right_HB25_PWM.o)
                0x00001ebc                Right_HB25_PWM_WritePeriod
 .text.Right_HB25_PWM_WriteCompare
                0x00001ec8        0xc .\CortexM3\ARM_GCC_493\Debug\freesoc.a(Right_HB25_PWM.o)
                0x00001ec8                Right_HB25_PWM_WriteCompare
 .text.Right_HB25_PWM_Init
                0x00001ed4       0x34 .\CortexM3\ARM_GCC_493\Debug\freesoc.a(Right_HB25_PWM.o)
                0x00001ed4                Right_HB25_PWM_Init
 .text.Right_HB25_PWM_Start
                0x00001f08       0x18 .\CortexM3\ARM_GCC_493\Debug\freesoc.a(Right_HB25_PWM.o)
                0x00001f08                Right_HB25_PWM_Start
 .text          0x00001f20       0x20 .\CortexM3\ARM_GCC_493\Debug\freesoc.a(CyBootAsmGnu.o)
                0x00001f20                CyDelayCycles
                0x00001f30                CyEnterCriticalSection
                0x00001f38                CyExitCriticalSection
 .text.CyHalt   0x00001f40        0x4 .\CortexM3\ARM_GCC_493\Debug\freesoc.a(CyLib.o)
                0x00001f40                CyHalt
 .text.CyDelay  0x00001f44       0x2c .\CortexM3\ARM_GCC_493\Debug\freesoc.a(CyLib.o)
                0x00001f44                CyDelay
 .text.CyDelayUs
                0x00001f70       0x14 .\CortexM3\ARM_GCC_493\Debug\freesoc.a(CyLib.o)
                0x00001f70                CyDelayUs
 .text.CyIntSetSysVector
                0x00001f84       0x28 .\CortexM3\ARM_GCC_493\Debug\freesoc.a(CyLib.o)
                0x00001f84                CyIntSetSysVector
 .text.CyIntSetVector
                0x00001fac       0x28 .\CortexM3\ARM_GCC_493\Debug\freesoc.a(CyLib.o)
                0x00001fac                CyIntSetVector
 .text.CyIntSetPriority
                0x00001fd4       0x30 .\CortexM3\ARM_GCC_493\Debug\freesoc.a(CyLib.o)
                0x00001fd4                CyIntSetPriority
 .text.CySysTickEnableInterrupt
                0x00002004       0x10 .\CortexM3\ARM_GCC_493\Debug\freesoc.a(CyLib.o)
                0x00002004                CySysTickEnableInterrupt
 .text.CySysTickEnable
                0x00002014       0x18 .\CortexM3\ARM_GCC_493\Debug\freesoc.a(CyLib.o)
                0x00002014                CySysTickEnable
 .text.CySysTickSetReload
                0x0000202c       0x10 .\CortexM3\ARM_GCC_493\Debug\freesoc.a(CyLib.o)
                0x0000202c                CySysTickSetReload
 .text.CySysTickSetClockSource
                0x0000203c       0x20 .\CortexM3\ARM_GCC_493\Debug\freesoc.a(CyLib.o)
                0x0000203c                CySysTickSetClockSource
 .text.CySysTickGetCountFlag
                0x0000205c       0x10 .\CortexM3\ARM_GCC_493\Debug\freesoc.a(CyLib.o)
                0x0000205c                CySysTickGetCountFlag
 .text.CySysTickServiceCallbacks
                0x0000206c       0x28 .\CortexM3\ARM_GCC_493\Debug\freesoc.a(CyLib.o)
 .text.CySysTickClear
                0x00002094        0xc .\CortexM3\ARM_GCC_493\Debug\freesoc.a(CyLib.o)
                0x00002094                CySysTickClear
 .text.CySysTickInit
                0x000020a0       0x58 .\CortexM3\ARM_GCC_493\Debug\freesoc.a(CyLib.o)
                0x000020a0                CySysTickInit
 .text.CySysTickStart
                0x000020f8       0x1c .\CortexM3\ARM_GCC_493\Debug\freesoc.a(CyLib.o)
                0x000020f8                CySysTickStart
 .text.CySysTickSetCallback
                0x00002114       0x10 .\CortexM3\ARM_GCC_493\Debug\freesoc.a(CyLib.o)
                0x00002114                CySysTickSetCallback
 .text.CySysTickGetCallback
                0x00002124       0x10 .\CortexM3\ARM_GCC_493\Debug\freesoc.a(CyLib.o)
                0x00002124                CySysTickGetCallback
 .text.CyGetUniqueId
                0x00002134       0x70 .\CortexM3\ARM_GCC_493\Debug\freesoc.a(CyLib.o)
                0x00002134                CyGetUniqueId
 .text.EZI2C_Slave_Init
                0x000021a4       0x70 .\CortexM3\ARM_GCC_493\Debug\freesoc.a(EZI2C_Slave.o)
                0x000021a4                EZI2C_Slave_Init
 .text.EZI2C_Slave_Enable
                0x00002214       0x30 .\CortexM3\ARM_GCC_493\Debug\freesoc.a(EZI2C_Slave.o)
                0x00002214                EZI2C_Slave_Enable
 .text.EZI2C_Slave_Start
                0x00002244       0x1c .\CortexM3\ARM_GCC_493\Debug\freesoc.a(EZI2C_Slave.o)
                0x00002244                EZI2C_Slave_Start
 .text.EZI2C_Slave_GetActivity
                0x00002260       0x28 .\CortexM3\ARM_GCC_493\Debug\freesoc.a(EZI2C_Slave.o)
                0x00002260                EZI2C_Slave_GetActivity
 .text.EZI2C_Slave_SetBuffer1
                0x00002288       0x50 .\CortexM3\ARM_GCC_493\Debug\freesoc.a(EZI2C_Slave.o)
                0x00002288                EZI2C_Slave_SetBuffer1
 .text.EZI2C_Slave_ISR
                0x000022d8      0x1c4 .\CortexM3\ARM_GCC_493\Debug\freesoc.a(EZI2C_Slave_INT.o)
                0x000022d8                EZI2C_Slave_ISR
 .text.Front_Echo_Intr_SetVector
                0x0000249c        0xc .\CortexM3\ARM_GCC_493\Debug\freesoc.a(Front_Echo_Intr.o)
                0x0000249c                Front_Echo_Intr_SetVector
 .text.Front_Echo_Intr_SetPriority
                0x000024a8       0x10 .\CortexM3\ARM_GCC_493\Debug\freesoc.a(Front_Echo_Intr.o)
                0x000024a8                Front_Echo_Intr_SetPriority
 .text.Front_Echo_Intr_Enable
                0x000024b8        0xc .\CortexM3\ARM_GCC_493\Debug\freesoc.a(Front_Echo_Intr.o)
                0x000024b8                Front_Echo_Intr_Enable
 .text.Front_Echo_Intr_Disable
                0x000024c4        0xc .\CortexM3\ARM_GCC_493\Debug\freesoc.a(Front_Echo_Intr.o)
                0x000024c4                Front_Echo_Intr_Disable
 .text.Front_Echo_Intr_StartEx
                0x000024d0       0x1c .\CortexM3\ARM_GCC_493\Debug\freesoc.a(Front_Echo_Intr.o)
                0x000024d0                Front_Echo_Intr_StartEx
 .text.Front_Echo_Intr_ClearPending
                0x000024ec        0xc .\CortexM3\ARM_GCC_493\Debug\freesoc.a(Front_Echo_Intr.o)
                0x000024ec                Front_Echo_Intr_ClearPending
 .text.Front_Trigger_Reg_Write
                0x000024f8        0xc .\CortexM3\ARM_GCC_493\Debug\freesoc.a(Front_Trigger_Reg.o)
                0x000024f8                Front_Trigger_Reg_Write
 .text.Front_Trigger_Select_Reg_Write
                0x00002504        0xc .\CortexM3\ARM_GCC_493\Debug\freesoc.a(Front_Trigger_Select_Reg.o)
                0x00002504                Front_Trigger_Select_Reg_Write
 .text.Front_Trigger_Select_Reg_Read
                0x00002510        0xc .\CortexM3\ARM_GCC_493\Debug\freesoc.a(Front_Trigger_Select_Reg.o)
                0x00002510                Front_Trigger_Select_Reg_Read
 .text.Front_Echo_Timer_SetInterruptMode
                0x0000251c        0xc .\CortexM3\ARM_GCC_493\Debug\freesoc.a(Front_Echo_Timer.o)
                0x0000251c                Front_Echo_Timer_SetInterruptMode
 .text.Front_Echo_Timer_ReadStatusRegister
                0x00002528        0xc .\CortexM3\ARM_GCC_493\Debug\freesoc.a(Front_Echo_Timer.o)
                0x00002528                Front_Echo_Timer_ReadStatusRegister
 .text.Front_Echo_Timer_WritePeriod
                0x00002534        0xc .\CortexM3\ARM_GCC_493\Debug\freesoc.a(Front_Echo_Timer.o)
                0x00002534                Front_Echo_Timer_WritePeriod
 .text.Front_Echo_Timer_ReadCapture
                0x00002540        0xc .\CortexM3\ARM_GCC_493\Debug\freesoc.a(Front_Echo_Timer.o)
                0x00002540                Front_Echo_Timer_ReadCapture
 .text.Front_Echo_Timer_WriteCounter
                0x0000254c        0xc .\CortexM3\ARM_GCC_493\Debug\freesoc.a(Front_Echo_Timer.o)
                0x0000254c                Front_Echo_Timer_WriteCounter
 .text.Front_Echo_Timer_ReadCounter
                0x00002558       0x14 .\CortexM3\ARM_GCC_493\Debug\freesoc.a(Front_Echo_Timer.o)
                0x00002558                Front_Echo_Timer_ReadCounter
 .text.Front_Echo_Timer_ClearFIFO
                0x0000256c       0x14 .\CortexM3\ARM_GCC_493\Debug\freesoc.a(Front_Echo_Timer.o)
                0x0000256c                Front_Echo_Timer_ClearFIFO
 .text.Front_Echo_Timer_Init
                0x00002580       0x34 .\CortexM3\ARM_GCC_493\Debug\freesoc.a(Front_Echo_Timer.o)
                0x00002580                Front_Echo_Timer_Init
 .text.Front_Echo_Timer_Start
                0x000025b4       0x18 .\CortexM3\ARM_GCC_493\Debug\freesoc.a(Front_Echo_Timer.o)
                0x000025b4                Front_Echo_Timer_Start
 .text.Rear_Trigger_Reg_Write
                0x000025cc        0xc .\CortexM3\ARM_GCC_493\Debug\freesoc.a(Rear_Trigger_Reg.o)
                0x000025cc                Rear_Trigger_Reg_Write
 .text.Rear_Trigger_Select_Reg_Write
                0x000025d8        0xc .\CortexM3\ARM_GCC_493\Debug\freesoc.a(Rear_Trigger_Select_Reg.o)
                0x000025d8                Rear_Trigger_Select_Reg_Write
 .text.Rear_Trigger_Select_Reg_Read
                0x000025e4        0xc .\CortexM3\ARM_GCC_493\Debug\freesoc.a(Rear_Trigger_Select_Reg.o)
                0x000025e4                Rear_Trigger_Select_Reg_Read
 .text.Rear_Echo_Intr_SetVector
                0x000025f0        0xc .\CortexM3\ARM_GCC_493\Debug\freesoc.a(Rear_Echo_Intr.o)
                0x000025f0                Rear_Echo_Intr_SetVector
 .text.Rear_Echo_Intr_SetPriority
                0x000025fc       0x10 .\CortexM3\ARM_GCC_493\Debug\freesoc.a(Rear_Echo_Intr.o)
                0x000025fc                Rear_Echo_Intr_SetPriority
 .text.Rear_Echo_Intr_Enable
                0x0000260c        0xc .\CortexM3\ARM_GCC_493\Debug\freesoc.a(Rear_Echo_Intr.o)
                0x0000260c                Rear_Echo_Intr_Enable
 .text.Rear_Echo_Intr_Disable
                0x00002618        0xc .\CortexM3\ARM_GCC_493\Debug\freesoc.a(Rear_Echo_Intr.o)
                0x00002618                Rear_Echo_Intr_Disable
 .text.Rear_Echo_Intr_StartEx
                0x00002624       0x1c .\CortexM3\ARM_GCC_493\Debug\freesoc.a(Rear_Echo_Intr.o)
                0x00002624                Rear_Echo_Intr_StartEx
 .text.Rear_Echo_Intr_ClearPending
                0x00002640        0xc .\CortexM3\ARM_GCC_493\Debug\freesoc.a(Rear_Echo_Intr.o)
                0x00002640                Rear_Echo_Intr_ClearPending
 .text.Rear_Echo_Timer_SetInterruptMode
                0x0000264c        0xc .\CortexM3\ARM_GCC_493\Debug\freesoc.a(Rear_Echo_Timer.o)
                0x0000264c                Rear_Echo_Timer_SetInterruptMode
 .text.Rear_Echo_Timer_ReadStatusRegister
                0x00002658        0xc .\CortexM3\ARM_GCC_493\Debug\freesoc.a(Rear_Echo_Timer.o)
                0x00002658                Rear_Echo_Timer_ReadStatusRegister
 .text.Rear_Echo_Timer_WritePeriod
                0x00002664        0xc .\CortexM3\ARM_GCC_493\Debug\freesoc.a(Rear_Echo_Timer.o)
                0x00002664                Rear_Echo_Timer_WritePeriod
 .text.Rear_Echo_Timer_ReadCapture
                0x00002670        0xc .\CortexM3\ARM_GCC_493\Debug\freesoc.a(Rear_Echo_Timer.o)
                0x00002670                Rear_Echo_Timer_ReadCapture
 .text.Rear_Echo_Timer_WriteCounter
                0x0000267c        0xc .\CortexM3\ARM_GCC_493\Debug\freesoc.a(Rear_Echo_Timer.o)
                0x0000267c                Rear_Echo_Timer_WriteCounter
 .text.Rear_Echo_Timer_ReadCounter
                0x00002688       0x14 .\CortexM3\ARM_GCC_493\Debug\freesoc.a(Rear_Echo_Timer.o)
                0x00002688                Rear_Echo_Timer_ReadCounter
 .text.Rear_Echo_Timer_ClearFIFO
                0x0000269c       0x14 .\CortexM3\ARM_GCC_493\Debug\freesoc.a(Rear_Echo_Timer.o)
                0x0000269c                Rear_Echo_Timer_ClearFIFO
 .text.Rear_Echo_Timer_Init
                0x000026b0       0x34 .\CortexM3\ARM_GCC_493\Debug\freesoc.a(Rear_Echo_Timer.o)
                0x000026b0                Rear_Echo_Timer_Init
 .text.Rear_Echo_Timer_Start
                0x000026e4       0x18 .\CortexM3\ARM_GCC_493\Debug\freesoc.a(Rear_Echo_Timer.o)
                0x000026e4                Rear_Echo_Timer_Start
 .text.Mainloop_Pin_Write
                0x000026fc       0x18 .\CortexM3\ARM_GCC_493\Debug\freesoc.a(Mainloop_Pin.o)
                0x000026fc                Mainloop_Pin_Write
 .text.EEPROM_Enable
                0x00002714        0xc .\CortexM3\ARM_GCC_493\Debug\freesoc.a(EEPROM.o)
                0x00002714                EEPROM_Enable
 .text.EEPROM_Start
                0x00002720        0x8 .\CortexM3\ARM_GCC_493\Debug\freesoc.a(EEPROM.o)
                0x00002720                EEPROM_Start
 .text.EEPROM_WriteByte
                0x00002728       0xd4 .\CortexM3\ARM_GCC_493\Debug\freesoc.a(EEPROM.o)
                0x00002728                EEPROM_WriteByte
 .text.EEPROM_Write
                0x000027fc       0xb4 .\CortexM3\ARM_GCC_493\Debug\freesoc.a(EEPROM.o)
                0x000027fc                EEPROM_Write
 .text.Right_QuadDec_Init
                0x000028b0       0x24 .\CortexM3\ARM_GCC_493\Debug\freesoc.a(Right_QuadDec.o)
                0x000028b0                Right_QuadDec_Init
 .text.Right_QuadDec_GetCounter
                0x000028d4       0x2c .\CortexM3\ARM_GCC_493\Debug\freesoc.a(Right_QuadDec.o)
                0x000028d4                Right_QuadDec_GetCounter
 .text.Right_QuadDec_SetCounter
                0x00002900       0x28 .\CortexM3\ARM_GCC_493\Debug\freesoc.a(Right_QuadDec.o)
                0x00002900                Right_QuadDec_SetCounter
 .text.Right_QuadDec_GetEvents
                0x00002928       0x10 .\CortexM3\ARM_GCC_493\Debug\freesoc.a(Right_QuadDec.o)
                0x00002928                Right_QuadDec_GetEvents
 .text.Right_QuadDec_SetInterruptMask
                0x00002938       0x10 .\CortexM3\ARM_GCC_493\Debug\freesoc.a(Right_QuadDec.o)
                0x00002938                Right_QuadDec_SetInterruptMask
 .text.Right_QuadDec_Enable
                0x00002948       0x30 .\CortexM3\ARM_GCC_493\Debug\freesoc.a(Right_QuadDec.o)
                0x00002948                Right_QuadDec_Enable
 .text.Right_QuadDec_Start
                0x00002978       0x34 .\CortexM3\ARM_GCC_493\Debug\freesoc.a(Right_QuadDec.o)
                0x00002978                Right_QuadDec_Start
 .text.Right_QuadDec_ISR
                0x000029ac       0x40 .\CortexM3\ARM_GCC_493\Debug\freesoc.a(Right_QuadDec_INT.o)
                0x000029ac                Right_QuadDec_ISR
 .text.Right_QuadDec_Cnt16_Enable
                0x000029ec       0x10 .\CortexM3\ARM_GCC_493\Debug\freesoc.a(Right_QuadDec_Cnt16.o)
                0x000029ec                Right_QuadDec_Cnt16_Enable
 .text.Right_QuadDec_Cnt16_SetInterruptMode
                0x000029fc        0xc .\CortexM3\ARM_GCC_493\Debug\freesoc.a(Right_QuadDec_Cnt16.o)
                0x000029fc                Right_QuadDec_Cnt16_SetInterruptMode
 .text.Right_QuadDec_Cnt16_ReadStatusRegister
                0x00002a08        0xc .\CortexM3\ARM_GCC_493\Debug\freesoc.a(Right_QuadDec_Cnt16.o)
                0x00002a08                Right_QuadDec_Cnt16_ReadStatusRegister
 .text.Right_QuadDec_Cnt16_WriteCounter
                0x00002a14        0xc .\CortexM3\ARM_GCC_493\Debug\freesoc.a(Right_QuadDec_Cnt16.o)
                0x00002a14                Right_QuadDec_Cnt16_WriteCounter
 .text.Right_QuadDec_Cnt16_ReadCounter
                0x00002a20       0x14 .\CortexM3\ARM_GCC_493\Debug\freesoc.a(Right_QuadDec_Cnt16.o)
                0x00002a20                Right_QuadDec_Cnt16_ReadCounter
 .text.Right_QuadDec_Cnt16_ReadCapture
                0x00002a34        0xc .\CortexM3\ARM_GCC_493\Debug\freesoc.a(Right_QuadDec_Cnt16.o)
                0x00002a34                Right_QuadDec_Cnt16_ReadCapture
 .text.Right_QuadDec_Cnt16_WritePeriod
                0x00002a40        0xc .\CortexM3\ARM_GCC_493\Debug\freesoc.a(Right_QuadDec_Cnt16.o)
                0x00002a40                Right_QuadDec_Cnt16_WritePeriod
 .text.Right_QuadDec_Cnt16_WriteCompare
                0x00002a4c        0xc .\CortexM3\ARM_GCC_493\Debug\freesoc.a(Right_QuadDec_Cnt16.o)
                0x00002a4c                Right_QuadDec_Cnt16_WriteCompare
 .text.Right_QuadDec_Cnt16_ClearFIFO
                0x00002a58       0x14 .\CortexM3\ARM_GCC_493\Debug\freesoc.a(Right_QuadDec_Cnt16.o)
                0x00002a58                Right_QuadDec_Cnt16_ClearFIFO
 .text.Right_QuadDec_Cnt16_Init
                0x00002a6c       0x58 .\CortexM3\ARM_GCC_493\Debug\freesoc.a(Right_QuadDec_Cnt16.o)
                0x00002a6c                Right_QuadDec_Cnt16_Init
 .text.Right_QuadDec_Cnt16_Start
                0x00002ac4       0x1c .\CortexM3\ARM_GCC_493\Debug\freesoc.a(Right_QuadDec_Cnt16.o)
                0x00002ac4                Right_QuadDec_Cnt16_Start
 .text.Left_QuadDec_Init
                0x00002ae0       0x24 .\CortexM3\ARM_GCC_493\Debug\freesoc.a(Left_QuadDec.o)
                0x00002ae0                Left_QuadDec_Init
 .text.Left_QuadDec_GetCounter
                0x00002b04       0x2c .\CortexM3\ARM_GCC_493\Debug\freesoc.a(Left_QuadDec.o)
                0x00002b04                Left_QuadDec_GetCounter
 .text.Left_QuadDec_SetCounter
                0x00002b30       0x28 .\CortexM3\ARM_GCC_493\Debug\freesoc.a(Left_QuadDec.o)
                0x00002b30                Left_QuadDec_SetCounter
 .text.Left_QuadDec_GetEvents
                0x00002b58       0x10 .\CortexM3\ARM_GCC_493\Debug\freesoc.a(Left_QuadDec.o)
                0x00002b58                Left_QuadDec_GetEvents
 .text.Left_QuadDec_SetInterruptMask
                0x00002b68       0x10 .\CortexM3\ARM_GCC_493\Debug\freesoc.a(Left_QuadDec.o)
                0x00002b68                Left_QuadDec_SetInterruptMask
 .text.Left_QuadDec_Enable
                0x00002b78       0x30 .\CortexM3\ARM_GCC_493\Debug\freesoc.a(Left_QuadDec.o)
                0x00002b78                Left_QuadDec_Enable
 .text.Left_QuadDec_Start
                0x00002ba8       0x34 .\CortexM3\ARM_GCC_493\Debug\freesoc.a(Left_QuadDec.o)
                0x00002ba8                Left_QuadDec_Start
 .text.Left_QuadDec_ISR
                0x00002bdc       0x40 .\CortexM3\ARM_GCC_493\Debug\freesoc.a(Left_QuadDec_INT.o)
                0x00002bdc                Left_QuadDec_ISR
 .text.Left_QuadDec_Cnt16_Enable
                0x00002c1c       0x10 .\CortexM3\ARM_GCC_493\Debug\freesoc.a(Left_QuadDec_Cnt16.o)
                0x00002c1c                Left_QuadDec_Cnt16_Enable
 .text.Left_QuadDec_Cnt16_SetInterruptMode
                0x00002c2c        0xc .\CortexM3\ARM_GCC_493\Debug\freesoc.a(Left_QuadDec_Cnt16.o)
                0x00002c2c                Left_QuadDec_Cnt16_SetInterruptMode
 .text.Left_QuadDec_Cnt16_ReadStatusRegister
                0x00002c38        0xc .\CortexM3\ARM_GCC_493\Debug\freesoc.a(Left_QuadDec_Cnt16.o)
                0x00002c38                Left_QuadDec_Cnt16_ReadStatusRegister
 .text.Left_QuadDec_Cnt16_WriteCounter
                0x00002c44        0xc .\CortexM3\ARM_GCC_493\Debug\freesoc.a(Left_QuadDec_Cnt16.o)
                0x00002c44                Left_QuadDec_Cnt16_WriteCounter
 .text.Left_QuadDec_Cnt16_ReadCounter
                0x00002c50       0x14 .\CortexM3\ARM_GCC_493\Debug\freesoc.a(Left_QuadDec_Cnt16.o)
                0x00002c50                Left_QuadDec_Cnt16_ReadCounter
 .text.Left_QuadDec_Cnt16_ReadCapture
                0x00002c64        0xc .\CortexM3\ARM_GCC_493\Debug\freesoc.a(Left_QuadDec_Cnt16.o)
                0x00002c64                Left_QuadDec_Cnt16_ReadCapture
 .text.Left_QuadDec_Cnt16_WritePeriod
                0x00002c70        0xc .\CortexM3\ARM_GCC_493\Debug\freesoc.a(Left_QuadDec_Cnt16.o)
                0x00002c70                Left_QuadDec_Cnt16_WritePeriod
 .text.Left_QuadDec_Cnt16_WriteCompare
                0x00002c7c        0xc .\CortexM3\ARM_GCC_493\Debug\freesoc.a(Left_QuadDec_Cnt16.o)
                0x00002c7c                Left_QuadDec_Cnt16_WriteCompare
 .text.Left_QuadDec_Cnt16_ClearFIFO
                0x00002c88       0x14 .\CortexM3\ARM_GCC_493\Debug\freesoc.a(Left_QuadDec_Cnt16.o)
                0x00002c88                Left_QuadDec_Cnt16_ClearFIFO
 .text.Left_QuadDec_Cnt16_Init
                0x00002c9c       0x58 .\CortexM3\ARM_GCC_493\Debug\freesoc.a(Left_QuadDec_Cnt16.o)
                0x00002c9c                Left_QuadDec_Cnt16_Init
 .text.Left_QuadDec_Cnt16_Start
                0x00002cf4       0x1c .\CortexM3\ARM_GCC_493\Debug\freesoc.a(Left_QuadDec_Cnt16.o)
                0x00002cf4                Left_QuadDec_Cnt16_Start
 .text.USBUART_Init
                0x00002d10      0x140 .\CortexM3\ARM_GCC_493\Debug\freesoc.a(USBUART.o)
                0x00002d10                USBUART_Init
 .text.USBUART_InitComponent
                0x00002e50       0xd4 .\CortexM3\ARM_GCC_493\Debug\freesoc.a(USBUART.o)
                0x00002e50                USBUART_InitComponent
 .text.USBUART_Start
                0x00002f24       0x24 .\CortexM3\ARM_GCC_493\Debug\freesoc.a(USBUART.o)
                0x00002f24                USBUART_Start
 .text.USBUART_ReInitComponent
                0x00002f48       0x64 .\CortexM3\ARM_GCC_493\Debug\freesoc.a(USBUART.o)
                0x00002f48                USBUART_ReInitComponent
 .text.USBUART_GetConfiguration
                0x00002fac        0xc .\CortexM3\ARM_GCC_493\Debug\freesoc.a(USBUART.o)
                0x00002fac                USBUART_GetConfiguration
 .text.USBUART_IsConfigurationChanged
                0x00002fb8       0x20 .\CortexM3\ARM_GCC_493\Debug\freesoc.a(USBUART.o)
                0x00002fb8                USBUART_IsConfigurationChanged
 .text.USBUART_GetEPState
                0x00002fd8       0x14 .\CortexM3\ARM_GCC_493\Debug\freesoc.a(USBUART.o)
                0x00002fd8                USBUART_GetEPState
 .text.USBUART_LoadInEP
                0x00002fec       0x94 .\CortexM3\ARM_GCC_493\Debug\freesoc.a(USBUART.o)
                0x00002fec                USBUART_LoadInEP
 .text.USBUART_EnableOutEP
                0x00003080       0x2c .\CortexM3\ARM_GCC_493\Debug\freesoc.a(USBUART.o)
                0x00003080                USBUART_EnableOutEP
 .text.USBUART_StrLen
                0x000030ac       0x14 .\CortexM3\ARM_GCC_493\Debug\freesoc.a(USBUART_cdc.o)
 .text.USBUART_GetInterfaceComPort
                0x000030c0       0x3c .\CortexM3\ARM_GCC_493\Debug\freesoc.a(USBUART_cdc.o)
                0x000030c0                USBUART_GetInterfaceComPort
 .text.USBUART_DispatchCDCClassRqst
                0x000030fc       0x98 .\CortexM3\ARM_GCC_493\Debug\freesoc.a(USBUART_cdc.o)
                0x000030fc                USBUART_DispatchCDCClassRqst
 .text.USBUART_CDC_Init
                0x00003194       0x98 .\CortexM3\ARM_GCC_493\Debug\freesoc.a(USBUART_cdc.o)
                0x00003194                USBUART_CDC_Init
 .text.USBUART_PutString
                0x0000322c       0x9c .\CortexM3\ARM_GCC_493\Debug\freesoc.a(USBUART_cdc.o)
                0x0000322c                USBUART_PutString
 .text.USBUART_CDCIsReady
                0x000032c8       0x18 .\CortexM3\ARM_GCC_493\Debug\freesoc.a(USBUART_cdc.o)
                0x000032c8                USBUART_CDCIsReady
 .text.USBUART_Cdc_EpInit
                0x000032e0       0x50 .\CortexM3\ARM_GCC_493\Debug\freesoc.a(USBUART_cdc.o)
                0x000032e0                USBUART_Cdc_EpInit
 .text.USBUART_LoadEP0
                0x00003330       0x94 .\CortexM3\ARM_GCC_493\Debug\freesoc.a(USBUART_drv.o)
                0x00003330                USBUART_LoadEP0
 .text.USBUART_InitZeroLengthControlTransfer
                0x000033c4       0x34 .\CortexM3\ARM_GCC_493\Debug\freesoc.a(USBUART_drv.o)
                0x000033c4                USBUART_InitZeroLengthControlTransfer
 .text.USBUART_ControlReadDataStage
                0x000033f8        0x8 .\CortexM3\ARM_GCC_493\Debug\freesoc.a(USBUART_drv.o)
                0x000033f8                USBUART_ControlReadDataStage
 .text.USBUART_ControlWriteDataStage
                0x00003400       0x80 .\CortexM3\ARM_GCC_493\Debug\freesoc.a(USBUART_drv.o)
                0x00003400                USBUART_ControlWriteDataStage
 .text.USBUART_InitNoDataControlTransfer
                0x00003480       0x2c .\CortexM3\ARM_GCC_493\Debug\freesoc.a(USBUART_drv.o)
                0x00003480                USBUART_InitNoDataControlTransfer
 .text.USBUART_UpdateStatusBlock
                0x000034ac       0x24 .\CortexM3\ARM_GCC_493\Debug\freesoc.a(USBUART_drv.o)
                0x000034ac                USBUART_UpdateStatusBlock
 .text.USBUART_HandleSetup
                0x000034d0       0x5c .\CortexM3\ARM_GCC_493\Debug\freesoc.a(USBUART_drv.o)
                0x000034d0                USBUART_HandleSetup
 .text.USBUART_ControlReadStatusStage
                0x0000352c       0x34 .\CortexM3\ARM_GCC_493\Debug\freesoc.a(USBUART_drv.o)
                0x0000352c                USBUART_ControlReadStatusStage
 .text.USBUART_HandleOUT
                0x00003560       0x38 .\CortexM3\ARM_GCC_493\Debug\freesoc.a(USBUART_drv.o)
                0x00003560                USBUART_HandleOUT
 .text.USBUART_ControlWriteStatusStage
                0x00003598       0x20 .\CortexM3\ARM_GCC_493\Debug\freesoc.a(USBUART_drv.o)
                0x00003598                USBUART_ControlWriteStatusStage
 .text.USBUART_NoDataControlStatusStage
                0x000035b8       0x40 .\CortexM3\ARM_GCC_493\Debug\freesoc.a(USBUART_drv.o)
                0x000035b8                USBUART_NoDataControlStatusStage
 .text.USBUART_HandleIN
                0x000035f8       0x2c .\CortexM3\ARM_GCC_493\Debug\freesoc.a(USBUART_drv.o)
                0x000035f8                USBUART_HandleIN
 .text.USBUART_EP_0_ISR
                0x00003624       0xb8 .\CortexM3\ARM_GCC_493\Debug\freesoc.a(USBUART_drv.o)
                0x00003624                USBUART_EP_0_ISR
 .text.USBUART_InitializeStatusBlock
                0x000036dc       0x24 .\CortexM3\ARM_GCC_493\Debug\freesoc.a(USBUART_drv.o)
                0x000036dc                USBUART_InitializeStatusBlock
 .text.USBUART_InitControlRead
                0x00003700       0x50 .\CortexM3\ARM_GCC_493\Debug\freesoc.a(USBUART_drv.o)
                0x00003700                USBUART_InitControlRead
 .text.USBUART_InitControlWrite
                0x00003750       0x48 .\CortexM3\ARM_GCC_493\Debug\freesoc.a(USBUART_drv.o)
                0x00003750                USBUART_InitControlWrite
 .text.USBUART_EP_1_ISR
                0x00003798       0x38 .\CortexM3\ARM_GCC_493\Debug\freesoc.a(USBUART_episr.o)
                0x00003798                USBUART_EP_1_ISR
 .text.USBUART_EP_2_ISR
                0x000037d0       0x3c .\CortexM3\ARM_GCC_493\Debug\freesoc.a(USBUART_episr.o)
                0x000037d0                USBUART_EP_2_ISR
 .text.USBUART_EP_3_ISR
                0x0000380c       0x44 .\CortexM3\ARM_GCC_493\Debug\freesoc.a(USBUART_episr.o)
                0x0000380c                USBUART_EP_3_ISR
 .text.USBUART_SOF_ISR
                0x00003850        0x4 .\CortexM3\ARM_GCC_493\Debug\freesoc.a(USBUART_episr.o)
                0x00003850                USBUART_SOF_ISR
 .text.USBUART_BUS_RESET_ISR
                0x00003854        0x8 .\CortexM3\ARM_GCC_493\Debug\freesoc.a(USBUART_episr.o)
                0x00003854                USBUART_BUS_RESET_ISR
 .text.USBUART_FindHidClassDecriptor
                0x0000385c       0x40 .\CortexM3\ARM_GCC_493\Debug\freesoc.a(USBUART_hid.o)
                0x0000385c                USBUART_FindHidClassDecriptor
 .text.USBUART_FindReportDescriptor
                0x0000389c       0x48 .\CortexM3\ARM_GCC_493\Debug\freesoc.a(USBUART_hid.o)
                0x0000389c                USBUART_FindReportDescriptor
 .text.USBUART_FindReport
                0x000038e4       0x7c .\CortexM3\ARM_GCC_493\Debug\freesoc.a(USBUART_hid.o)
                0x000038e4                USBUART_FindReport
 .text.USBUART_DispatchHIDClassRqst
                0x00003960      0x184 .\CortexM3\ARM_GCC_493\Debug\freesoc.a(USBUART_hid.o)
                0x00003960                USBUART_DispatchHIDClassRqst
 .text.USBUART_DP_ISR
                0x00003ae4        0x8 .\CortexM3\ARM_GCC_493\Debug\freesoc.a(USBUART_pm.o)
                0x00003ae4                USBUART_DP_ISR
 .text.USBUART_ReadDieID
                0x00003aec       0x6c .\CortexM3\ARM_GCC_493\Debug\freesoc.a(USBUART_std.o)
                0x00003aec                USBUART_ReadDieID
 .text.USBUART_ConfigReg
                0x00003b58       0xa4 .\CortexM3\ARM_GCC_493\Debug\freesoc.a(USBUART_std.o)
                0x00003b58                USBUART_ConfigReg
 .text.USBUART_GetConfigTablePtr
                0x00003bfc       0x28 .\CortexM3\ARM_GCC_493\Debug\freesoc.a(USBUART_std.o)
                0x00003bfc                USBUART_GetConfigTablePtr
 .text.USBUART_ConfigAltChanged
                0x00003c24      0x11c .\CortexM3\ARM_GCC_493\Debug\freesoc.a(USBUART_std.o)
                0x00003c24                USBUART_ConfigAltChanged
 .text.USBUART_GetDeviceTablePtr
                0x00003d40       0x18 .\CortexM3\ARM_GCC_493\Debug\freesoc.a(USBUART_std.o)
                0x00003d40                USBUART_GetDeviceTablePtr
 .text.USBUART_GetInterfaceClassTablePtr
                0x00003d58       0x24 .\CortexM3\ARM_GCC_493\Debug\freesoc.a(USBUART_std.o)
                0x00003d58                USBUART_GetInterfaceClassTablePtr
 .text.USBUART_Config
                0x00003d7c      0x1dc .\CortexM3\ARM_GCC_493\Debug\freesoc.a(USBUART_std.o)
                0x00003d7c                USBUART_Config
 .text.USBUART_SetEndpointHalt
                0x00003f58       0x64 .\CortexM3\ARM_GCC_493\Debug\freesoc.a(USBUART_std.o)
                0x00003f58                USBUART_SetEndpointHalt
 .text.USBUART_ClearEndpointHalt
                0x00003fbc       0xa8 .\CortexM3\ARM_GCC_493\Debug\freesoc.a(USBUART_std.o)
                0x00003fbc                USBUART_ClearEndpointHalt
 .text.USBUART_ValidateAlternateSetting
                0x00004064       0x4c .\CortexM3\ARM_GCC_493\Debug\freesoc.a(USBUART_std.o)
                0x00004064                USBUART_ValidateAlternateSetting
 .text.USBUART_HandleStandardRqst
                0x000040b0      0x35c .\CortexM3\ARM_GCC_493\Debug\freesoc.a(USBUART_std.o)
                0x000040b0                USBUART_HandleStandardRqst
 .text.USBUART_HandleVendorRqst
                0x0000440c       0x3c .\CortexM3\ARM_GCC_493\Debug\freesoc.a(USBUART_vnd.o)
                0x0000440c                USBUART_HandleVendorRqst
 .text.USBUART_Dp_ClearInterrupt
                0x00004448       0x10 .\CortexM3\ARM_GCC_493\Debug\freesoc.a(USBUART_Dp.o)
                0x00004448                USBUART_Dp_ClearInterrupt
 .text.CyFlashGetSpcAlgorithm
                0x00004458       0x4c .\CortexM3\ARM_GCC_493\Debug\freesoc.a(CyFlash.o)
 .text.CySetTempInt
                0x000044a4       0x60 .\CortexM3\ARM_GCC_493\Debug\freesoc.a(CyFlash.o)
 .text.CySetTemp
                0x00004504       0x14 .\CortexM3\ARM_GCC_493\Debug\freesoc.a(CyFlash.o)
                0x00004504                CySetTemp
 .text.CyEEPROM_Start
                0x00004518       0x54 .\CortexM3\ARM_GCC_493\Debug\freesoc.a(CyFlash.o)
                0x00004518                CyEEPROM_Start
 .text.CySpcStart
                0x0000456c       0x24 .\CortexM3\ARM_GCC_493\Debug\freesoc.a(CySpc.o)
                0x0000456c                CySpcStart
 .text.CySpcReadData
                0x00004590       0x34 .\CortexM3\ARM_GCC_493\Debug\freesoc.a(CySpc.o)
                0x00004590                CySpcReadData
 .text.CySpcLoadMultiByte
                0x000045c4       0x78 .\CortexM3\ARM_GCC_493\Debug\freesoc.a(CySpc.o)
                0x000045c4                CySpcLoadMultiByte
 .text.CySpcLoadRow
                0x0000463c       0x54 .\CortexM3\ARM_GCC_493\Debug\freesoc.a(CySpc.o)
                0x0000463c                CySpcLoadRow
 .text.CySpcWriteRow
                0x00004690       0x4c .\CortexM3\ARM_GCC_493\Debug\freesoc.a(CySpc.o)
                0x00004690                CySpcWriteRow
 .text.CySpcGetTemp
                0x000046dc       0x3c .\CortexM3\ARM_GCC_493\Debug\freesoc.a(CySpc.o)
                0x000046dc                CySpcGetTemp
 .text.CySpcLock
                0x00004718       0x4c .\CortexM3\ARM_GCC_493\Debug\freesoc.a(CySpc.o)
                0x00004718                CySpcLock
 .text.CySpcUnlock
                0x00004764       0x38 .\CortexM3\ARM_GCC_493\Debug\freesoc.a(CySpc.o)
                0x00004764                CySpcUnlock
 .text.CySpcGetAlgorithm
                0x0000479c       0x28 .\CortexM3\ARM_GCC_493\Debug\freesoc.a(CySpc.o)
                0x0000479c                CySpcGetAlgorithm
 .text.USBUART_DispatchClassRqst
                0x000047c4       0x60 .\CortexM3\ARM_GCC_493\Debug\freesoc.a(USBUART_cls.o)
                0x000047c4                USBUART_DispatchClassRqst
 .text.cos      0x00004824       0x90 c:/program files (x86)/cypress/psoc creator/3.3/psoc creator/import/gnu/arm/4.9.3/bin/../lib/gcc/arm-none-eabi/4.9.3/../../../../arm-none-eabi/lib/armv7-m\libm.a(lib_a-s_cos.o)
                0x00004824                cos
 .text.sin      0x000048b4       0x94 c:/program files (x86)/cypress/psoc creator/3.3/psoc creator/import/gnu/arm/4.9.3/bin/../lib/gcc/arm-none-eabi/4.9.3/../../../../arm-none-eabi/lib/armv7-m\libm.a(lib_a-s_sin.o)
                0x000048b4                sin
 .text.pow      0x00004948      0x2f0 c:/program files (x86)/cypress/psoc creator/3.3/psoc creator/import/gnu/arm/4.9.3/bin/../lib/gcc/arm-none-eabi/4.9.3/../../../../arm-none-eabi/lib/armv7-m\libm.a(lib_a-w_pow.o)
                0x00004948                pow
 .text.__ieee754_pow
                0x00004c38      0xaa0 c:/program files (x86)/cypress/psoc creator/3.3/psoc creator/import/gnu/arm/4.9.3/bin/../lib/gcc/arm-none-eabi/4.9.3/../../../../arm-none-eabi/lib/armv7-m\libm.a(lib_a-e_pow.o)
                0x00004c38                __ieee754_pow
 .text.__ieee754_rem_pio2
                0x000056d8      0x428 c:/program files (x86)/cypress/psoc creator/3.3/psoc creator/import/gnu/arm/4.9.3/bin/../lib/gcc/arm-none-eabi/4.9.3/../../../../arm-none-eabi/lib/armv7-m\libm.a(lib_a-e_rem_pio2.o)
                0x000056d8                __ieee754_rem_pio2
 .text.__ieee754_sqrt
                0x00005b00      0x18c c:/program files (x86)/cypress/psoc creator/3.3/psoc creator/import/gnu/arm/4.9.3/bin/../lib/gcc/arm-none-eabi/4.9.3/../../../../arm-none-eabi/lib/armv7-m\libm.a(lib_a-e_sqrt.o)
                0x00005b00                __ieee754_sqrt
 *fill*         0x00005c8c        0x4 
 .text.__kernel_cos
                0x00005c90      0x248 c:/program files (x86)/cypress/psoc creator/3.3/psoc creator/import/gnu/arm/4.9.3/bin/../lib/gcc/arm-none-eabi/4.9.3/../../../../arm-none-eabi/lib/armv7-m\libm.a(lib_a-k_cos.o)
                0x00005c90                __kernel_cos
 .text.__kernel_rem_pio2
                0x00005ed8      0x808 c:/program files (x86)/cypress/psoc creator/3.3/psoc creator/import/gnu/arm/4.9.3/bin/../lib/gcc/arm-none-eabi/4.9.3/../../../../arm-none-eabi/lib/armv7-m\libm.a(lib_a-k_rem_pio2.o)
                0x00005ed8                __kernel_rem_pio2
 .text.__kernel_sin
                0x000066e0      0x170 c:/program files (x86)/cypress/psoc creator/3.3/psoc creator/import/gnu/arm/4.9.3/bin/../lib/gcc/arm-none-eabi/4.9.3/../../../../arm-none-eabi/lib/armv7-m\libm.a(lib_a-k_sin.o)
                0x000066e0                __kernel_sin
 .text.fabs     0x00006850        0x8 c:/program files (x86)/cypress/psoc creator/3.3/psoc creator/import/gnu/arm/4.9.3/bin/../lib/gcc/arm-none-eabi/4.9.3/../../../../arm-none-eabi/lib/armv7-m\libm.a(lib_a-s_fabs.o)
                0x00006850                fabs
 .text.finite   0x00006858        0xc c:/program files (x86)/cypress/psoc creator/3.3/psoc creator/import/gnu/arm/4.9.3/bin/../lib/gcc/arm-none-eabi/4.9.3/../../../../arm-none-eabi/lib/armv7-m\libm.a(lib_a-s_finite.o)
                0x00006858                finite
 *fill*         0x00006864        0x4 
 .text.floor    0x00006868      0x118 c:/program files (x86)/cypress/psoc creator/3.3/psoc creator/import/gnu/arm/4.9.3/bin/../lib/gcc/arm-none-eabi/4.9.3/../../../../arm-none-eabi/lib/armv7-m\libm.a(lib_a-s_floor.o)
                0x00006868                floor
 .text.__fpclassifyd
                0x00006980       0x58 c:/program files (x86)/cypress/psoc creator/3.3/psoc creator/import/gnu/arm/4.9.3/bin/../lib/gcc/arm-none-eabi/4.9.3/../../../../arm-none-eabi/lib/armv7-m\libm.a(lib_a-s_fpclassify.o)
                0x00006980                __fpclassifyd
 .text.matherr  0x000069d8        0x4 c:/program files (x86)/cypress/psoc creator/3.3/psoc creator/import/gnu/arm/4.9.3/bin/../lib/gcc/arm-none-eabi/4.9.3/../../../../arm-none-eabi/lib/armv7-m\libm.a(lib_a-s_matherr.o)
                0x000069d8                matherr
 .text.nan      0x000069dc        0xc c:/program files (x86)/cypress/psoc creator/3.3/psoc creator/import/gnu/arm/4.9.3/bin/../lib/gcc/arm-none-eabi/4.9.3/../../../../arm-none-eabi/lib/armv7-m\libm.a(lib_a-s_nan.o)
                0x000069dc                nan
 .text.rint     0x000069e8      0x11c c:/program files (x86)/cypress/psoc creator/3.3/psoc creator/import/gnu/arm/4.9.3/bin/../lib/gcc/arm-none-eabi/4.9.3/../../../../arm-none-eabi/lib/armv7-m\libm.a(lib_a-s_rint.o)
                0x000069e8                rint
 *fill*         0x00006b04        0x4 
 .text.scalbn   0x00006b08       0xf0 c:/program files (x86)/cypress/psoc creator/3.3/psoc creator/import/gnu/arm/4.9.3/bin/../lib/gcc/arm-none-eabi/4.9.3/../../../../arm-none-eabi/lib/armv7-m\libm.a(lib_a-s_scalbn.o)
                0x00006b08                scalbn
 .text.copysign
                0x00006bf8       0x10 c:/program files (x86)/cypress/psoc creator/3.3/psoc creator/import/gnu/arm/4.9.3/bin/../lib/gcc/arm-none-eabi/4.9.3/../../../../arm-none-eabi/lib/armv7-m\libm.a(lib_a-s_copysign.o)
                0x00006bf8                copysign
 .text          0x00006c08      0x370 c:/program files (x86)/cypress/psoc creator/3.3/psoc creator/import/gnu/arm/4.9.3/bin/../lib/gcc/arm-none-eabi/4.9.3/armv7-m\libgcc.a(_arm_addsubdf3.o)
                0x00006c08                __aeabi_drsub
                0x00006c10                __aeabi_dsub
                0x00006c10                __subdf3
                0x00006c14                __aeabi_dadd
                0x00006c14                __adddf3
                0x00006e8c                __floatunsidf
                0x00006e8c                __aeabi_ui2d
                0x00006eac                __floatsidf
                0x00006eac                __aeabi_i2d
                0x00006ed0                __aeabi_f2d
                0x00006ed0                __extendsfdf2
                0x00006f0c                __floatundidf
                0x00006f0c                __aeabi_ul2d
                0x00006f1c                __floatdidf
                0x00006f1c                __aeabi_l2d
 .text          0x00006f78      0x424 c:/program files (x86)/cypress/psoc creator/3.3/psoc creator/import/gnu/arm/4.9.3/bin/../lib/gcc/arm-none-eabi/4.9.3/armv7-m\libgcc.a(_arm_muldivdf3.o)
                0x00006f78                __aeabi_dmul
                0x00006f78                __muldf3
                0x000071cc                __divdf3
                0x000071cc                __aeabi_ddiv
 .text          0x0000739c      0x110 c:/program files (x86)/cypress/psoc creator/3.3/psoc creator/import/gnu/arm/4.9.3/bin/../lib/gcc/arm-none-eabi/4.9.3/armv7-m\libgcc.a(_arm_cmpdf2.o)
                0x0000739c                __gtdf2
                0x0000739c                __gedf2
                0x000073a4                __ltdf2
                0x000073a4                __ledf2
                0x000073ac                __nedf2
                0x000073ac                __eqdf2
                0x000073ac                __cmpdf2
                0x00007428                __aeabi_cdrcmple
                0x00007438                __aeabi_cdcmpeq
                0x00007438                __aeabi_cdcmple
                0x00007448                __aeabi_dcmpeq
                0x0000745c                __aeabi_dcmplt
                0x00007470                __aeabi_dcmple
                0x00007484                __aeabi_dcmpge
                0x00007498                __aeabi_dcmpgt
 .text          0x000074ac       0x50 c:/program files (x86)/cypress/psoc creator/3.3/psoc creator/import/gnu/arm/4.9.3/bin/../lib/gcc/arm-none-eabi/4.9.3/armv7-m\libgcc.a(_arm_fixdfsi.o)
                0x000074ac                __aeabi_d2iz
                0x000074ac                __fixdfsi
 .text          0x000074fc       0xa0 c:/program files (x86)/cypress/psoc creator/3.3/psoc creator/import/gnu/arm/4.9.3/bin/../lib/gcc/arm-none-eabi/4.9.3/armv7-m\libgcc.a(_arm_truncdfsf2.o)
                0x000074fc                __truncdfsf2
                0x000074fc                __aeabi_d2f
 .text          0x0000759c      0x21c c:/program files (x86)/cypress/psoc creator/3.3/psoc creator/import/gnu/arm/4.9.3/bin/../lib/gcc/arm-none-eabi/4.9.3/armv7-m\libgcc.a(_arm_addsubsf3.o)
                0x0000759c                __aeabi_frsub
                0x000075a4                __subsf3
                0x000075a4                __aeabi_fsub
                0x000075a8                __aeabi_fadd
                0x000075a8                __addsf3
                0x00007708                __aeabi_ui2f
                0x00007708                __floatunsisf
                0x00007710                __aeabi_i2f
                0x00007710                __floatsisf
                0x0000772c                __aeabi_ul2f
                0x0000772c                __floatundisf
                0x0000773c                __aeabi_l2f
                0x0000773c                __floatdisf
 .text          0x000077b8      0x2a0 c:/program files (x86)/cypress/psoc creator/3.3/psoc creator/import/gnu/arm/4.9.3/bin/../lib/gcc/arm-none-eabi/4.9.3/armv7-m\libgcc.a(_arm_muldivsf3.o)
                0x000077b8                __mulsf3
                0x000077b8                __aeabi_fmul
                0x00007920                __aeabi_fdiv
                0x00007920                __divsf3
 .text          0x00007a58       0xec c:/program files (x86)/cypress/psoc creator/3.3/psoc creator/import/gnu/arm/4.9.3/bin/../lib/gcc/arm-none-eabi/4.9.3/armv7-m\libgcc.a(_arm_cmpsf2.o)
                0x00007a58                __gesf2
                0x00007a58                __gtsf2
                0x00007a60                __lesf2
                0x00007a60                __ltsf2
                0x00007a68                __nesf2
                0x00007a68                __eqsf2
                0x00007a68                __cmpsf2
                0x00007ac8                __aeabi_cfrcmple
                0x00007ad0                __aeabi_cfcmpeq
                0x00007ad0                __aeabi_cfcmple
                0x00007ae0                __aeabi_fcmpeq
                0x00007af4                __aeabi_fcmplt
                0x00007b08                __aeabi_fcmple
                0x00007b1c                __aeabi_fcmpge
                0x00007b30                __aeabi_fcmpgt
 .text          0x00007b44       0x4c c:/program files (x86)/cypress/psoc creator/3.3/psoc creator/import/gnu/arm/4.9.3/bin/../lib/gcc/arm-none-eabi/4.9.3/armv7-m\libgcc.a(_arm_fixsfsi.o)
                0x00007b44                __aeabi_f2iz
                0x00007b44                __fixsfsi
 .text.__errno  0x00007b90        0xc c:/program files (x86)/cypress/psoc creator/3.3/psoc creator/import/gnu/arm/4.9.3/bin/../lib/gcc/arm-none-eabi/4.9.3/../../../../arm-none-eabi/lib/armv7-m\libg_nano.a(lib_a-errno.o)
                0x00007b90                __errno
 .text.__libc_init_array
                0x00007b9c       0x4c c:/program files (x86)/cypress/psoc creator/3.3/psoc creator/import/gnu/arm/4.9.3/bin/../lib/gcc/arm-none-eabi/4.9.3/../../../../arm-none-eabi/lib/armv7-m\libg_nano.a(lib_a-init.o)
                0x00007b9c                __libc_init_array
 .text.__itoa   0x00007be8       0x2e c:/program files (x86)/cypress/psoc creator/3.3/psoc creator/import/gnu/arm/4.9.3/bin/../lib/gcc/arm-none-eabi/4.9.3/../../../../arm-none-eabi/lib/armv7-m\libg_nano.a(lib_a-itoa.o)
                0x00007be8                __itoa
 .text.itoa     0x00007c16        0x4 c:/program files (x86)/cypress/psoc creator/3.3/psoc creator/import/gnu/arm/4.9.3/bin/../lib/gcc/arm-none-eabi/4.9.3/../../../../arm-none-eabi/lib/armv7-m\libg_nano.a(lib_a-itoa.o)
                0x00007c16                itoa
 .text.memcpy   0x00007c1a       0x16 c:/program files (x86)/cypress/psoc creator/3.3/psoc creator/import/gnu/arm/4.9.3/bin/../lib/gcc/arm-none-eabi/4.9.3/../../../../arm-none-eabi/lib/armv7-m\libg_nano.a(lib_a-memcpy.o)
                0x00007c1a                memcpy
 .text.memset   0x00007c30       0x10 c:/program files (x86)/cypress/psoc creator/3.3/psoc creator/import/gnu/arm/4.9.3/bin/../lib/gcc/arm-none-eabi/4.9.3/../../../../arm-none-eabi/lib/armv7-m\libg_nano.a(lib_a-memset.o)
                0x00007c30                memset
 .text.__cvt    0x00007c40       0xbc c:/program files (x86)/cypress/psoc creator/3.3/psoc creator/import/gnu/arm/4.9.3/bin/../lib/gcc/arm-none-eabi/4.9.3/../../../../arm-none-eabi/lib/armv7-m\libg_nano.a(lib_a-nano-vfprintf_float.o)
                0x00007c40                __cvt
 .text.__exponent
                0x00007cfc       0x62 c:/program files (x86)/cypress/psoc creator/3.3/psoc creator/import/gnu/arm/4.9.3/bin/../lib/gcc/arm-none-eabi/4.9.3/../../../../arm-none-eabi/lib/armv7-m\libg_nano.a(lib_a-nano-vfprintf_float.o)
                0x00007cfc                __exponent
 *fill*         0x00007d5e        0x2 
 .text._printf_float
                0x00007d60      0x48c c:/program files (x86)/cypress/psoc creator/3.3/psoc creator/import/gnu/arm/4.9.3/bin/../lib/gcc/arm-none-eabi/4.9.3/../../../../arm-none-eabi/lib/armv7-m\libg_nano.a(lib_a-nano-vfprintf_float.o)
                0x00007d60                _printf_float
 .text._printf_common
                0x000081ec       0xea c:/program files (x86)/cypress/psoc creator/3.3/psoc creator/import/gnu/arm/4.9.3/bin/../lib/gcc/arm-none-eabi/4.9.3/../../../../arm-none-eabi/lib/armv7-m\libg_nano.a(lib_a-nano-vfprintf_i.o)
                0x000081ec                _printf_common
 *fill*         0x000082d6        0x2 
 .text._printf_i
                0x000082d8      0x240 c:/program files (x86)/cypress/psoc creator/3.3/psoc creator/import/gnu/arm/4.9.3/bin/../lib/gcc/arm-none-eabi/4.9.3/../../../../arm-none-eabi/lib/armv7-m\libg_nano.a(lib_a-nano-vfprintf_i.o)
                0x000082d8                _printf_i
 .text.snprintf
                0x00008518       0x64 c:/program files (x86)/cypress/psoc creator/3.3/psoc creator/import/gnu/arm/4.9.3/bin/../lib/gcc/arm-none-eabi/4.9.3/../../../../arm-none-eabi/lib/armv7-m\libg_nano.a(lib_a-snprintf.o)
                0x00008518                sniprintf
                0x00008518                snprintf
 .text.sprintf  0x0000857c       0x48 c:/program files (x86)/cypress/psoc creator/3.3/psoc creator/import/gnu/arm/4.9.3/bin/../lib/gcc/arm-none-eabi/4.9.3/../../../../arm-none-eabi/lib/armv7-m\libg_nano.a(lib_a-sprintf.o)
                0x0000857c                siprintf
                0x0000857c                sprintf
 .text.strlen   0x000085c4       0x10 c:/program files (x86)/cypress/psoc creator/3.3/psoc creator/import/gnu/arm/4.9.3/bin/../lib/gcc/arm-none-eabi/4.9.3/../../../../arm-none-eabi/lib/armv7-m\libg_nano.a(lib_a-strlen.o)
                0x000085c4                strlen
 .text.__utoa   0x000085d4       0x78 c:/program files (x86)/cypress/psoc creator/3.3/psoc creator/import/gnu/arm/4.9.3/bin/../lib/gcc/arm-none-eabi/4.9.3/../../../../arm-none-eabi/lib/armv7-m\libg_nano.a(lib_a-utoa.o)
                0x000085d4                __utoa
 .text.quorem   0x0000864c      0x114 c:/program files (x86)/cypress/psoc creator/3.3/psoc creator/import/gnu/arm/4.9.3/bin/../lib/gcc/arm-none-eabi/4.9.3/../../../../arm-none-eabi/lib/armv7-m\libg_nano.a(lib_a-dtoa.o)
 .text._dtoa_r  0x00008760      0xb78 c:/program files (x86)/cypress/psoc creator/3.3/psoc creator/import/gnu/arm/4.9.3/bin/../lib/gcc/arm-none-eabi/4.9.3/../../../../arm-none-eabi/lib/armv7-m\libg_nano.a(lib_a-dtoa.o)
                0x00008760                _dtoa_r
 .text._localeconv_r
                0x000092d8        0x8 c:/program files (x86)/cypress/psoc creator/3.3/psoc creator/import/gnu/arm/4.9.3/bin/../lib/gcc/arm-none-eabi/4.9.3/../../../../arm-none-eabi/lib/armv7-m\libg_nano.a(lib_a-locale.o)
                0x000092d8                _localeconv_r
 .text.malloc   0x000092e0       0x10 c:/program files (x86)/cypress/psoc creator/3.3/psoc creator/import/gnu/arm/4.9.3/bin/../lib/gcc/arm-none-eabi/4.9.3/../../../../arm-none-eabi/lib/armv7-m\libg_nano.a(lib_a-malloc.o)
                0x000092e0                malloc
 .text.memchr   0x000092f0       0x1c c:/program files (x86)/cypress/psoc creator/3.3/psoc creator/import/gnu/arm/4.9.3/bin/../lib/gcc/arm-none-eabi/4.9.3/../../../../arm-none-eabi/lib/armv7-m\libg_nano.a(lib_a-memchr.o)
                0x000092f0                memchr
 .text._Balloc  0x0000930c       0x6a c:/program files (x86)/cypress/psoc creator/3.3/psoc creator/import/gnu/arm/4.9.3/bin/../lib/gcc/arm-none-eabi/4.9.3/../../../../arm-none-eabi/lib/armv7-m\libg_nano.a(lib_a-mprec.o)
                0x0000930c                _Balloc
 .text._Bfree   0x00009376       0x2e c:/program files (x86)/cypress/psoc creator/3.3/psoc creator/import/gnu/arm/4.9.3/bin/../lib/gcc/arm-none-eabi/4.9.3/../../../../arm-none-eabi/lib/armv7-m\libg_nano.a(lib_a-mprec.o)
                0x00009376                _Bfree
 .text.__multadd
                0x000093a4       0x7c c:/program files (x86)/cypress/psoc creator/3.3/psoc creator/import/gnu/arm/4.9.3/bin/../lib/gcc/arm-none-eabi/4.9.3/../../../../arm-none-eabi/lib/armv7-m\libg_nano.a(lib_a-mprec.o)
                0x000093a4                __multadd
 .text.__hi0bits
                0x00009420       0x40 c:/program files (x86)/cypress/psoc creator/3.3/psoc creator/import/gnu/arm/4.9.3/bin/../lib/gcc/arm-none-eabi/4.9.3/../../../../arm-none-eabi/lib/armv7-m\libg_nano.a(lib_a-mprec.o)
                0x00009420                __hi0bits
 .text.__lo0bits
                0x00009460       0x5a c:/program files (x86)/cypress/psoc creator/3.3/psoc creator/import/gnu/arm/4.9.3/bin/../lib/gcc/arm-none-eabi/4.9.3/../../../../arm-none-eabi/lib/armv7-m\libg_nano.a(lib_a-mprec.o)
                0x00009460                __lo0bits
 .text.__i2b    0x000094ba       0x12 c:/program files (x86)/cypress/psoc creator/3.3/psoc creator/import/gnu/arm/4.9.3/bin/../lib/gcc/arm-none-eabi/4.9.3/../../../../arm-none-eabi/lib/armv7-m\libg_nano.a(lib_a-mprec.o)
                0x000094ba                __i2b
 .text.__multiply
                0x000094cc      0x120 c:/program files (x86)/cypress/psoc creator/3.3/psoc creator/import/gnu/arm/4.9.3/bin/../lib/gcc/arm-none-eabi/4.9.3/../../../../arm-none-eabi/lib/armv7-m\libg_nano.a(lib_a-mprec.o)
                0x000094cc                __multiply
 .text.__pow5mult
                0x000095ec       0x9c c:/program files (x86)/cypress/psoc creator/3.3/psoc creator/import/gnu/arm/4.9.3/bin/../lib/gcc/arm-none-eabi/4.9.3/../../../../arm-none-eabi/lib/armv7-m\libg_nano.a(lib_a-mprec.o)
                0x000095ec                __pow5mult
 .text.__lshift
                0x00009688       0xa6 c:/program files (x86)/cypress/psoc creator/3.3/psoc creator/import/gnu/arm/4.9.3/bin/../lib/gcc/arm-none-eabi/4.9.3/../../../../arm-none-eabi/lib/armv7-m\libg_nano.a(lib_a-mprec.o)
                0x00009688                __lshift
 .text.__mcmp   0x0000972e       0x38 c:/program files (x86)/cypress/psoc creator/3.3/psoc creator/import/gnu/arm/4.9.3/bin/../lib/gcc/arm-none-eabi/4.9.3/../../../../arm-none-eabi/lib/armv7-m\libg_nano.a(lib_a-mprec.o)
                0x0000972e                __mcmp
 .text.__mdiff  0x00009766       0xbe c:/program files (x86)/cypress/psoc creator/3.3/psoc creator/import/gnu/arm/4.9.3/bin/../lib/gcc/arm-none-eabi/4.9.3/../../../../arm-none-eabi/lib/armv7-m\libg_nano.a(lib_a-mprec.o)
                0x00009766                __mdiff
 .text.__d2b    0x00009824       0xa4 c:/program files (x86)/cypress/psoc creator/3.3/psoc creator/import/gnu/arm/4.9.3/bin/../lib/gcc/arm-none-eabi/4.9.3/../../../../arm-none-eabi/lib/armv7-m\libg_nano.a(lib_a-mprec.o)
                0x00009824                __d2b
 .text._calloc_r
                0x000098c8       0x1c c:/program files (x86)/cypress/psoc creator/3.3/psoc creator/import/gnu/arm/4.9.3/bin/../lib/gcc/arm-none-eabi/4.9.3/../../../../arm-none-eabi/lib/armv7-m\libg_nano.a(lib_a-nano-callocr.o)
                0x000098c8                _calloc_r
 .text._free_r  0x000098e4       0x88 c:/program files (x86)/cypress/psoc creator/3.3/psoc creator/import/gnu/arm/4.9.3/bin/../lib/gcc/arm-none-eabi/4.9.3/../../../../arm-none-eabi/lib/armv7-m\libg_nano.a(lib_a-nano-freer.o)
                0x000098e4                _free_r
 .text._malloc_r
                0x0000996c       0xac c:/program files (x86)/cypress/psoc creator/3.3/psoc creator/import/gnu/arm/4.9.3/bin/../lib/gcc/arm-none-eabi/4.9.3/../../../../arm-none-eabi/lib/armv7-m\libg_nano.a(lib_a-nano-mallocr.o)
                0x0000996c                _malloc_r
 .text.__ssputs_r
                0x00009a18       0xb2 c:/program files (x86)/cypress/psoc creator/3.3/psoc creator/import/gnu/arm/4.9.3/bin/../lib/gcc/arm-none-eabi/4.9.3/../../../../arm-none-eabi/lib/armv7-m\libg_nano.a(lib_a-nano-svfprintf.o)
                0x00009a18                __ssputs_r
 *fill*         0x00009aca        0x2 
 .text._svfprintf_r
                0x00009acc      0x1e4 c:/program files (x86)/cypress/psoc creator/3.3/psoc creator/import/gnu/arm/4.9.3/bin/../lib/gcc/arm-none-eabi/4.9.3/../../../../arm-none-eabi/lib/armv7-m\libg_nano.a(lib_a-nano-svfprintf.o)
                0x00009acc                _svfiprintf_r
                0x00009acc                _svfprintf_r
 .text._sbrk_r  0x00009cb0       0x20 c:/program files (x86)/cypress/psoc creator/3.3/psoc creator/import/gnu/arm/4.9.3/bin/../lib/gcc/arm-none-eabi/4.9.3/../../../../arm-none-eabi/lib/armv7-m\libg_nano.a(lib_a-sbrkr.o)
                0x00009cb0                _sbrk_r
 .text.memmove  0x00009cd0       0x36 c:/program files (x86)/cypress/psoc creator/3.3/psoc creator/import/gnu/arm/4.9.3/bin/../lib/gcc/arm-none-eabi/4.9.3/../../../../arm-none-eabi/lib/armv7-m\libg_nano.a(lib_a-memmove.o)
                0x00009cd0                memmove
 .text._realloc_r
                0x00009d06       0x4c c:/program files (x86)/cypress/psoc creator/3.3/psoc creator/import/gnu/arm/4.9.3/bin/../lib/gcc/arm-none-eabi/4.9.3/../../../../arm-none-eabi/lib/armv7-m\libg_nano.a(lib_a-nano-reallocr.o)
                0x00009d06                _realloc_r
 .text._malloc_usable_size_r
                0x00009d52       0x14 c:/program files (x86)/cypress/psoc creator/3.3/psoc creator/import/gnu/arm/4.9.3/bin/../lib/gcc/arm-none-eabi/4.9.3/../../../../arm-none-eabi/lib/armv7-m\libg_nano.a(lib_a-nano-msizer.o)
                0x00009d52                _malloc_usable_size_r
 *(.plt)
 *(.gnu.warning)
 *(.glue_7t)
 .glue_7t       0x00000000        0x0 linker stubs
 *(.glue_7)
 .glue_7        0x00000000        0x0 linker stubs
 *(.vfp11_veneer)
 .vfp11_veneer  0x00000000        0x0 linker stubs
 *(.bootloader)
 *(.ARM.extab* .gnu.linkonce.armextab.*)
 *(.gcc_except_table)

.v4_bx          0x00009d68        0x0
 .v4_bx         0x00000000        0x0 linker stubs

.iplt           0x00009d68        0x0
 .iplt          0x00000000        0x0 c:/program files (x86)/cypress/psoc creator/3.3/psoc creator/import/gnu/arm/4.9.3/bin/../lib/gcc/arm-none-eabi/4.9.3/armv7-m/crtbegin.o

.eh_frame_hdr
 *(.eh_frame_hdr)

.eh_frame       0x00009d68        0x4
 *(.eh_frame)
 .eh_frame      0x00009d68        0x0 c:/program files (x86)/cypress/psoc creator/3.3/psoc creator/import/gnu/arm/4.9.3/bin/../lib/gcc/arm-none-eabi/4.9.3/armv7-m/crtbegin.o
 .eh_frame      0x00009d68        0x0 c:/program files (x86)/cypress/psoc creator/3.3/psoc creator/import/gnu/arm/4.9.3/bin/../lib/gcc/arm-none-eabi/4.9.3/../../../../arm-none-eabi/lib/armv7-m\libg_nano.a(lib_a-strcmp.o)
                                 0x28 (size before relaxing)
 .eh_frame      0x00009d68        0x4 c:/program files (x86)/cypress/psoc creator/3.3/psoc creator/import/gnu/arm/4.9.3/bin/../lib/gcc/arm-none-eabi/4.9.3/armv7-m/crtend.o
                0x00009d6c                PROVIDE (__exidx_start, .)

.ARM.exidx
 *(.ARM.exidx* .gnu.linkonce.armexidx.*)
                0x00009d6c                __exidx_end = .

.rodata         0x00009d70      0x778
 *(.rodata .rodata.* .gnu.linkonce.r.*)
 .rodata.str1.4
                0x00009d70       0x69 .\CortexM3\ARM_GCC_493\Debug\main.o
                                 0x6c (size before relaxing)
 *fill*         0x00009dd9        0x3 
 .rodata        0x00009ddc        0x8 .\CortexM3\ARM_GCC_493\Debug\cal.o
 .rodata.str1.4
                0x00009de4       0x4d .\CortexM3\ARM_GCC_493\Debug\cal.o
                                 0x50 (size before relaxing)
 *fill*         0x00009e31        0x3 
 .rodata.str1.4
                0x00009e34       0x80 .\CortexM3\ARM_GCC_493\Debug\motor.o
 .rodata.str1.4
                0x00009eb4       0x24 .\CortexM3\ARM_GCC_493\Debug\odom.o
 .rodata.str1.4
                0x00009ed8       0x1a .\CortexM3\ARM_GCC_493\Debug\serial.o
                                 0x1c (size before relaxing)
 *fill*         0x00009ef2        0x2 
 .rodata        0x00009ef4       0x38 .\CortexM3\ARM_GCC_493\Debug\freesoc.a(cyfitter_cfg.o)
 .rodata.str1.4
                0x00009f2c       0x11 .\CortexM3\ARM_GCC_493\Debug\freesoc.a(USBUART_std.o)
                                 0x14 (size before relaxing)
 *fill*         0x00009f3d        0x3 
 .rodata        0x00009f40      0x1d4 .\CortexM3\ARM_GCC_493\Debug\freesoc.a(USBUART_descr.o)
                0x00009f40                USBUART_MSOS_CONFIGURATION_DESCR
                0x00009f68                USBUART_MSOS_DESCRIPTOR
                0x00009f7c                USBUART_TABLE
                0x00009f84                USBUART_DEVICE0_TABLE
                0x00009f9c                USBUART_DEVICE0_CONFIGURATION0_TABLE
                0x00009fc4                USBUART_DEVICE0_CONFIGURATION0_INTERFACE_CLASS
                0x00009fc8                USBUART_DEVICE0_CONFIGURATION0_EP_SETTINGS_TABLE
                0x00009fe0                USBUART_HIDREPORT_DESCRIPTOR1
                0x0000a018                USBUART_SN_STRING_DESCRIPTOR
                0x0000a01c                USBUART_STRING_DESCRIPTORS
                0x0000a0bc                USBUART_DEVICE0_CONFIGURATION0_DESCR
                0x0000a100                USBUART_DEVICE0_DESCR
 .rodata.str1.4
                0x0000a114        0x4 c:/program files (x86)/cypress/psoc creator/3.3/psoc creator/import/gnu/arm/4.9.3/bin/../lib/gcc/arm-none-eabi/4.9.3/../../../../arm-none-eabi/lib/armv7-m\libm.a(lib_a-w_pow.o)
 .rodata.dp_h   0x0000a118       0x10 c:/program files (x86)/cypress/psoc creator/3.3/psoc creator/import/gnu/arm/4.9.3/bin/../lib/gcc/arm-none-eabi/4.9.3/../../../../arm-none-eabi/lib/armv7-m\libm.a(lib_a-e_pow.o)
 .rodata.dp_l   0x0000a128       0x10 c:/program files (x86)/cypress/psoc creator/3.3/psoc creator/import/gnu/arm/4.9.3/bin/../lib/gcc/arm-none-eabi/4.9.3/../../../../arm-none-eabi/lib/armv7-m\libm.a(lib_a-e_pow.o)
 .rodata.bp     0x0000a138       0x10 c:/program files (x86)/cypress/psoc creator/3.3/psoc creator/import/gnu/arm/4.9.3/bin/../lib/gcc/arm-none-eabi/4.9.3/../../../../arm-none-eabi/lib/armv7-m\libm.a(lib_a-e_pow.o)
 .rodata.str1.4
                0x00000000        0x4 c:/program files (x86)/cypress/psoc creator/3.3/psoc creator/import/gnu/arm/4.9.3/bin/../lib/gcc/arm-none-eabi/4.9.3/../../../../arm-none-eabi/lib/armv7-m\libm.a(lib_a-e_pow.o)
 .rodata.npio2_hw
                0x0000a148       0x80 c:/program files (x86)/cypress/psoc creator/3.3/psoc creator/import/gnu/arm/4.9.3/bin/../lib/gcc/arm-none-eabi/4.9.3/../../../../arm-none-eabi/lib/armv7-m\libm.a(lib_a-e_rem_pio2.o)
 .rodata.two_over_pi
                0x0000a1c8      0x108 c:/program files (x86)/cypress/psoc creator/3.3/psoc creator/import/gnu/arm/4.9.3/bin/../lib/gcc/arm-none-eabi/4.9.3/../../../../arm-none-eabi/lib/armv7-m\libm.a(lib_a-e_rem_pio2.o)
 .rodata.init_jk
                0x0000a2d0       0x10 c:/program files (x86)/cypress/psoc creator/3.3/psoc creator/import/gnu/arm/4.9.3/bin/../lib/gcc/arm-none-eabi/4.9.3/../../../../arm-none-eabi/lib/armv7-m\libm.a(lib_a-k_rem_pio2.o)
 .rodata.PIo2   0x0000a2e0       0x40 c:/program files (x86)/cypress/psoc creator/3.3/psoc creator/import/gnu/arm/4.9.3/bin/../lib/gcc/arm-none-eabi/4.9.3/../../../../arm-none-eabi/lib/armv7-m\libm.a(lib_a-k_rem_pio2.o)
 .rodata.TWO52  0x0000a320       0x10 c:/program files (x86)/cypress/psoc creator/3.3/psoc creator/import/gnu/arm/4.9.3/bin/../lib/gcc/arm-none-eabi/4.9.3/../../../../arm-none-eabi/lib/armv7-m\libm.a(lib_a-s_rint.o)
 .rodata.str1.1
                0x0000a330        0x2 c:/program files (x86)/cypress/psoc creator/3.3/psoc creator/import/gnu/arm/4.9.3/bin/../lib/gcc/arm-none-eabi/4.9.3/../../../../arm-none-eabi/lib/armv7-m\libg_nano.a(lib_a-impure.o)
 .rodata.str1.1
                0x0000a332       0x12 c:/program files (x86)/cypress/psoc creator/3.3/psoc creator/import/gnu/arm/4.9.3/bin/../lib/gcc/arm-none-eabi/4.9.3/../../../../arm-none-eabi/lib/armv7-m\libg_nano.a(lib_a-nano-vfprintf_float.o)
 .rodata.str1.1
                0x0000a344       0x22 c:/program files (x86)/cypress/psoc creator/3.3/psoc creator/import/gnu/arm/4.9.3/bin/../lib/gcc/arm-none-eabi/4.9.3/../../../../arm-none-eabi/lib/armv7-m\libg_nano.a(lib_a-nano-vfprintf_i.o)
 .rodata.str1.1
                0x0000a366       0x25 c:/program files (x86)/cypress/psoc creator/3.3/psoc creator/import/gnu/arm/4.9.3/bin/../lib/gcc/arm-none-eabi/4.9.3/../../../../arm-none-eabi/lib/armv7-m\libg_nano.a(lib_a-utoa.o)
 .rodata.str1.1
                0x0000a38b        0xd c:/program files (x86)/cypress/psoc creator/3.3/psoc creator/import/gnu/arm/4.9.3/bin/../lib/gcc/arm-none-eabi/4.9.3/../../../../arm-none-eabi/lib/armv7-m\libg_nano.a(lib_a-dtoa.o)
                                  0xf (size before relaxing)
 .rodata.str1.1
                0x0000a398        0x8 c:/program files (x86)/cypress/psoc creator/3.3/psoc creator/import/gnu/arm/4.9.3/bin/../lib/gcc/arm-none-eabi/4.9.3/../../../../arm-none-eabi/lib/armv7-m\libg_nano.a(lib_a-locale.o)
                                  0xb (size before relaxing)
 .rodata.__mprec_tens
                0x0000a3a0       0xc8 c:/program files (x86)/cypress/psoc creator/3.3/psoc creator/import/gnu/arm/4.9.3/bin/../lib/gcc/arm-none-eabi/4.9.3/../../../../arm-none-eabi/lib/armv7-m\libg_nano.a(lib_a-mprec.o)
                0x0000a3a0                __mprec_tens
 .rodata.__mprec_bigtens
                0x0000a468       0x28 c:/program files (x86)/cypress/psoc creator/3.3/psoc creator/import/gnu/arm/4.9.3/bin/../lib/gcc/arm-none-eabi/4.9.3/../../../../arm-none-eabi/lib/armv7-m\libg_nano.a(lib_a-mprec.o)
                0x0000a468                __mprec_bigtens
 .rodata.p05.5308
                0x0000a490        0xc c:/program files (x86)/cypress/psoc creator/3.3/psoc creator/import/gnu/arm/4.9.3/bin/../lib/gcc/arm-none-eabi/4.9.3/../../../../arm-none-eabi/lib/armv7-m\libg_nano.a(lib_a-mprec.o)
 .rodata.str1.1
                0x0000a49c       0x11 c:/program files (x86)/cypress/psoc creator/3.3/psoc creator/import/gnu/arm/4.9.3/bin/../lib/gcc/arm-none-eabi/4.9.3/../../../../arm-none-eabi/lib/armv7-m\libg_nano.a(lib_a-nano-svfprintf.o)
                0x0000a4b0                . = ALIGN (0x4)
 *fill*         0x0000a4ad        0x3 
 *(.init)
 .init          0x0000a4b0        0x4 c:/program files (x86)/cypress/psoc creator/3.3/psoc creator/import/gnu/arm/4.9.3/bin/../lib/gcc/arm-none-eabi/4.9.3/armv7-m/crti.o
                0x0000a4b0                _init
 .init          0x0000a4b4        0x8 c:/program files (x86)/cypress/psoc creator/3.3/psoc creator/import/gnu/arm/4.9.3/bin/../lib/gcc/arm-none-eabi/4.9.3/armv7-m/crtn.o
                0x0000a4bc                . = ALIGN (0x4)
                0x0000a4bc                __preinit_array_start = .
 *(.preinit_array)
                0x0000a4bc                __preinit_array_end = .
                0x0000a4bc                . = ALIGN (0x4)
                0x0000a4bc                __init_array_start = .
 *(SORT(.init_array.*))
 *(.init_array)
 .init_array    0x0000a4bc        0x4 c:/program files (x86)/cypress/psoc creator/3.3/psoc creator/import/gnu/arm/4.9.3/bin/../lib/gcc/arm-none-eabi/4.9.3/armv7-m/crtbegin.o
 .init_array    0x0000a4c0        0x4 .\CortexM3\ARM_GCC_493\Debug\Cm3Start.o
                0x0000a4c4                __init_array_end = .
                0x0000a4c4                . = ALIGN (0x4)
 *(.fini)
 .fini          0x0000a4c4        0x4 c:/program files (x86)/cypress/psoc creator/3.3/psoc creator/import/gnu/arm/4.9.3/bin/../lib/gcc/arm-none-eabi/4.9.3/armv7-m/crti.o
                0x0000a4c4                _fini
 .fini          0x0000a4c8        0x8 c:/program files (x86)/cypress/psoc creator/3.3/psoc creator/import/gnu/arm/4.9.3/bin/../lib/gcc/arm-none-eabi/4.9.3/armv7-m/crtn.o
                0x0000a4d0                . = ALIGN (0x4)
                0x0000a4d0                __fini_array_start = .
 *(.fini_array)
 .fini_array    0x0000a4d0        0x4 c:/program files (x86)/cypress/psoc creator/3.3/psoc creator/import/gnu/arm/4.9.3/bin/../lib/gcc/arm-none-eabi/4.9.3/armv7-m/crtbegin.o
 *(SORT(.fini_array.*))
                0x0000a4d4                __fini_array_end = .
                0x0000a4d4                . = ALIGN (0x4)
 *crtbegin.o(.ctors)
 *(EXCLUDE_FILE(*crtend.o) .ctors)
 *(SORT(.ctors.*))
 *crtend.o(.ctors)
                0x0000a4d4                . = ALIGN (0x4)
 *crtbegin.o(.dtors)
 *(EXCLUDE_FILE(*crtend.o) .dtors)
 *(SORT(.dtors.*))
 *crtend.o(.dtors)
                0x0000a4d4                . = ALIGN (0x4)
                0x0000a4d4                __cy_regions = .
                0x0000a4d4        0x4 LONG 0xa4e8 __cy_region_init_ram
                0x0000a4d8        0x4 LONG 0x1fff8108 __cy_region_start_data
                0x0000a4dc        0x4 LONG 0x738 __cy_region_init_size_ram
                0x0000a4e0        0x4 LONG 0x6b60 __cy_region_zero_size_ram
                0x0000a4e4                __cy_regions_end = .
                0x0000a4e8                . = ALIGN (0x8)
 *fill*         0x0000a4e4        0x4 
                0x0000a4e8                _etext = .

.cy_checksum_exclude
                0x0000a4e8        0x0
 *(.cy_checksum_exclude)

.ramvectors     0x1fff8000      0x100
                0x1fff8000                __cy_region_start_ram = .
 *(.ramvectors)
 .ramvectors    0x1fff8000      0x100 .\CortexM3\ARM_GCC_493\Debug\Cm3Start.o
                0x1fff8000                CyRamVectors

.noinit         0x1fff8100        0x5
 *(.noinit)
 .noinit        0x1fff8100        0x4 .\CortexM3\ARM_GCC_493\Debug\Cm3Start.o
 .noinit        0x1fff8104        0x1 .\CortexM3\ARM_GCC_493\Debug\freesoc.a(CyLib.o)
                0x1fff8104                CyResetStatus

.data           0x1fff8108      0x738 load address 0x0000a4e8
                0x1fff8108                __cy_region_start_data = .
 *(.jcr)
 .jcr           0x1fff8108        0x0 c:/program files (x86)/cypress/psoc creator/3.3/psoc creator/import/gnu/arm/4.9.3/bin/../lib/gcc/arm-none-eabi/4.9.3/armv7-m/crtbegin.o
 .jcr           0x1fff8108        0x4 c:/program files (x86)/cypress/psoc creator/3.3/psoc creator/import/gnu/arm/4.9.3/bin/../lib/gcc/arm-none-eabi/4.9.3/armv7-m/crtend.o
 *(.got.plt)
 *(.got)
 *(.shdata)
 *(.data .data.* .gnu.linkonce.d.*)
 .data          0x1fff810c      0x500 .\CortexM3\ARM_GCC_493\Debug\cal.o
 .data          0x1fff860c       0x70 .\CortexM3\ARM_GCC_493\Debug\encoder.o
 .data          0x1fff867c       0x48 .\CortexM3\ARM_GCC_493\Debug\motor.o
 .data          0x1fff86c4       0xa8 .\CortexM3\ARM_GCC_493\Debug\pid.o
 .data          0x1fff876c        0x4 .\CortexM3\ARM_GCC_493\Debug\Cm3Start.o
 .data          0x1fff8770        0x2 .\CortexM3\ARM_GCC_493\Debug\freesoc.a(cyfitter_cfg.o)
                0x1fff8770                Front_AMuxSeq_curChannel
                0x1fff8771                Rear_AMuxSeq_curChannel
 *fill*         0x1fff8772        0x2 
 .data          0x1fff8774       0x10 .\CortexM3\ARM_GCC_493\Debug\freesoc.a(CyLib.o)
                0x1fff8774                cydelay_32k_ms
                0x1fff8778                cydelay_freq_khz
                0x1fff877c                cydelay_freq_mhz