Archive member included because of file (symbol)

.\CortexM3\ARM_GCC_493\Debug\freesoc.a(cyfitter_cfg.o)
                              .\CortexM3\ARM_GCC_493\Debug\Cm3Start.o (cyfitter_cfg)
.\CortexM3\ARM_GCC_493\Debug\freesoc.a(Left_HB25_Enable_Pin.o)
                              .\CortexM3\ARM_GCC_493\Debug\motor.o (Left_HB25_Enable_Pin_Write)
.\CortexM3\ARM_GCC_493\Debug\freesoc.a(Left_HB25_PWM.o)
                              .\CortexM3\ARM_GCC_493\Debug\motor.o (Left_HB25_PWM_Stop)
.\CortexM3\ARM_GCC_493\Debug\freesoc.a(Right_HB25_Enable_Pin.o)
                              .\CortexM3\ARM_GCC_493\Debug\motor.o (Right_HB25_Enable_Pin_Write)
.\CortexM3\ARM_GCC_493\Debug\freesoc.a(Right_HB25_PWM.o)
                              .\CortexM3\ARM_GCC_493\Debug\motor.o (Right_HB25_PWM_Stop)
.\CortexM3\ARM_GCC_493\Debug\freesoc.a(CyBootAsmGnu.o)
                              .\CortexM3\ARM_GCC_493\Debug\freesoc.a(cyfitter_cfg.o) (CyDelayCycles)
.\CortexM3\ARM_GCC_493\Debug\freesoc.a(CyLib.o)
                              .\CortexM3\ARM_GCC_493\Debug\Cm3Start.o (CyHalt)
.\CortexM3\ARM_GCC_493\Debug\freesoc.a(cyPm.o)
                              .\CortexM3\ARM_GCC_493\Debug\freesoc.a(CyLib.o) (CyPmReadStatus)
.\CortexM3\ARM_GCC_493\Debug\freesoc.a(UART_Debug.o)
                              .\CortexM3\ARM_GCC_493\Debug\debug.o (UART_Debug_Start)
.\CortexM3\ARM_GCC_493\Debug\freesoc.a(UART_Debug_IntClock.o)
                              .\CortexM3\ARM_GCC_493\Debug\freesoc.a(UART_Debug.o) (UART_Debug_IntClock_Start)
.\CortexM3\ARM_GCC_493\Debug\freesoc.a(EZI2C_Slave.o)
                              .\CortexM3\ARM_GCC_493\Debug\i2c.o (EZI2C_Slave_Start)
.\CortexM3\ARM_GCC_493\Debug\freesoc.a(EZI2C_Slave_PM.o)
                              .\CortexM3\ARM_GCC_493\Debug\freesoc.a(EZI2C_Slave.o) (EZI2C_Slave_backup)
.\CortexM3\ARM_GCC_493\Debug\freesoc.a(EZI2C_Slave_INT.o)
                              .\CortexM3\ARM_GCC_493\Debug\freesoc.a(EZI2C_Slave.o) (EZI2C_Slave_ISR)
.\CortexM3\ARM_GCC_493\Debug\freesoc.a(Front_Echo_Intr.o)
                              .\CortexM3\ARM_GCC_493\Debug\ultrasonic.o (Front_Echo_Intr_StartEx)
.\CortexM3\ARM_GCC_493\Debug\freesoc.a(Front_Trigger_Reg.o)
                              .\CortexM3\ARM_GCC_493\Debug\ultrasonic.o (Front_Trigger_Reg_Write)
.\CortexM3\ARM_GCC_493\Debug\freesoc.a(Front_Trigger_Select_Reg.o)
                              .\CortexM3\ARM_GCC_493\Debug\ultrasonic.o (Front_Trigger_Select_Reg_Write)
.\CortexM3\ARM_GCC_493\Debug\freesoc.a(Front_Echo_Timer.o)
                              .\CortexM3\ARM_GCC_493\Debug\ultrasonic.o (Front_Echo_Timer_ReadCounter)
.\CortexM3\ARM_GCC_493\Debug\freesoc.a(Rear_Trigger_Reg.o)
                              .\CortexM3\ARM_GCC_493\Debug\ultrasonic.o (Rear_Trigger_Reg_Write)
.\CortexM3\ARM_GCC_493\Debug\freesoc.a(Rear_Trigger_Select_Reg.o)
                              .\CortexM3\ARM_GCC_493\Debug\ultrasonic.o (Rear_Trigger_Select_Reg_Write)
.\CortexM3\ARM_GCC_493\Debug\freesoc.a(Rear_Echo_Intr.o)
                              .\CortexM3\ARM_GCC_493\Debug\ultrasonic.o (Rear_Echo_Intr_StartEx)
.\CortexM3\ARM_GCC_493\Debug\freesoc.a(Rear_Echo_Timer.o)
                              .\CortexM3\ARM_GCC_493\Debug\ultrasonic.o (Rear_Echo_Timer_ReadCounter)
.\CortexM3\ARM_GCC_493\Debug\freesoc.a(Mainloop_Pin.o)
                              .\CortexM3\ARM_GCC_493\Debug\main.o (Mainloop_Pin_Write)
.\CortexM3\ARM_GCC_493\Debug\freesoc.a(Right_QuadDec.o)
                              .\CortexM3\ARM_GCC_493\Debug\encoder.o (Right_QuadDec_GetCounter)
.\CortexM3\ARM_GCC_493\Debug\freesoc.a(Right_QuadDec_INT.o)
                              .\CortexM3\ARM_GCC_493\Debug\freesoc.a(Right_QuadDec.o) (Right_QuadDec_ISR)
.\CortexM3\ARM_GCC_493\Debug\freesoc.a(Right_QuadDec_Cnt16.o)
                              .\CortexM3\ARM_GCC_493\Debug\freesoc.a(Right_QuadDec.o) (Right_QuadDec_Cnt16_Stop)
.\CortexM3\ARM_GCC_493\Debug\freesoc.a(Left_QuadDec.o)
                              .\CortexM3\ARM_GCC_493\Debug\encoder.o (Left_QuadDec_GetCounter)
.\CortexM3\ARM_GCC_493\Debug\freesoc.a(Left_QuadDec_INT.o)
                              .\CortexM3\ARM_GCC_493\Debug\freesoc.a(Left_QuadDec.o) (Left_QuadDec_ISR)
.\CortexM3\ARM_GCC_493\Debug\freesoc.a(Left_QuadDec_Cnt16.o)
                              .\CortexM3\ARM_GCC_493\Debug\freesoc.a(Left_QuadDec.o) (Left_QuadDec_Cnt16_Stop)
.\CortexM3\ARM_GCC_493\Debug\freesoc.a(CyFlash.o)
                              .\CortexM3\ARM_GCC_493\Debug\freesoc.a(cyPm.o) (CyFlash_SetWaitCycles)
.\CortexM3\ARM_GCC_493\Debug\freesoc.a(CySpc.o)
                              .\CortexM3\ARM_GCC_493\Debug\freesoc.a(CyFlash.o) (CySpcStart)
c:/program files (x86)/cypress/psoc creator/3.3/psoc creator/import/gnu/arm/4.9.3/bin/../lib/gcc/arm-none-eabi/4.9.3/../../../../arm-none-eabi/lib/armv7-m\libm.a(lib_a-s_cos.o)
[...]
Memory Configuration

Name             Origin             Length             Attributes
rom              0x00000000         0x00040000         xr
ram              0x1fff8000         0x00010000         xrw
*default*        0x00000000         0xffffffff

Linker script and memory map

LOAD c:/program files (x86)/cypress/psoc creator/3.3/psoc creator/import/gnu/arm/4.9.3/bin/../lib/gcc/arm-none-eabi/4.9.3/armv7-m/crti.o
LOAD c:/program files (x86)/cypress/psoc creator/3.3/psoc creator/import/gnu/arm/4.9.3/bin/../lib/gcc/arm-none-eabi/4.9.3/armv7-m/crtbegin.o
LOAD c:/program files (x86)/cypress/psoc creator/3.3/psoc creator/import/gnu/arm/4.9.3/bin/../lib/gcc/arm-none-eabi/4.9.3/../../../../arm-none-eabi/lib/armv7-m/crt0.o
START GROUP
LOAD .\CortexM3\ARM_GCC_493\Debug\main.o
LOAD .\CortexM3\ARM_GCC_493\Debug\cal.o
LOAD .\CortexM3\ARM_GCC_493\Debug\control.o
LOAD .\CortexM3\ARM_GCC_493\Debug\debug.o
LOAD .\CortexM3\ARM_GCC_493\Debug\diag.o
LOAD .\CortexM3\ARM_GCC_493\Debug\encoder.o
LOAD .\CortexM3\ARM_GCC_493\Debug\i2c.o
LOAD .\CortexM3\ARM_GCC_493\Debug\motor.o
LOAD .\CortexM3\ARM_GCC_493\Debug\odom.o
LOAD .\CortexM3\ARM_GCC_493\Debug\pid.o
LOAD .\CortexM3\ARM_GCC_493\Debug\time.o
LOAD .\CortexM3\ARM_GCC_493\Debug\ultrasonic.o
LOAD .\CortexM3\ARM_GCC_493\Debug\utils.o
LOAD .\CortexM3\ARM_GCC_493\Debug\pid_controller.o
LOAD .\CortexM3\ARM_GCC_493\Debug\cymetadata.o
LOAD .\CortexM3\ARM_GCC_493\Debug\Cm3Start.o
LOAD .\CortexM3\ARM_GCC_493\Debug\freesoc.a
LOAD C:\Program Files (x86)\Cypress\PSoC Creator\3.3\PSoC Creator\psoc\content\cycomponentlibrary\CyComponentLibrary.cylib\CortexM3\ARM_GCC_493\Debug\CyComponentLibrary.a
LOAD c:/program files (x86)/cypress/psoc creator/3.3/psoc creator/import/gnu/arm/4.9.3/bin/../lib/gcc/arm-none-eabi/4.9.3/../../../../arm-none-eabi/lib/armv7-m\libm.a
END GROUP
START GROUP
LOAD c:/program files (x86)/cypress/psoc creator/3.3/psoc creator/import/gnu/arm/4.9.3/bin/../lib/gcc/arm-none-eabi/4.9.3/armv7-m\libgcc.a
LOAD c:/program files (x86)/cypress/psoc creator/3.3/psoc creator/import/gnu/arm/4.9.3/bin/../lib/gcc/arm-none-eabi/4.9.3/../../../../arm-none-eabi/lib/armv7-m\libg_nano.a
LOAD c:/program files (x86)/cypress/psoc creator/3.3/psoc creator/import/gnu/arm/4.9.3/bin/../lib/gcc/arm-none-eabi/4.9.3/../../../../arm-none-eabi/lib/armv7-m\libc_nano.a
END GROUP
START GROUP
LOAD c:/program files (x86)/cypress/psoc creator/3.3/psoc creator/import/gnu/arm/4.9.3/bin/../lib/gcc/arm-none-eabi/4.9.3/armv7-m\libgcc.a
LOAD c:/program files (x86)/cypress/psoc creator/3.3/psoc creator/import/gnu/arm/4.9.3/bin/../lib/gcc/arm-none-eabi/4.9.3/../../../../arm-none-eabi/lib/armv7-m\libc_nano.a
END GROUP
LOAD c:/program files (x86)/cypress/psoc creator/3.3/psoc creator/import/gnu/arm/4.9.3/bin/../lib/gcc/arm-none-eabi/4.9.3/armv7-m/crtend.o
LOAD c:/program files (x86)/cypress/psoc creator/3.3/psoc creator/import/gnu/arm/4.9.3/bin/../lib/gcc/arm-none-eabi/4.9.3/armv7-m/crtn.o
START GROUP
LOAD c:/program files (x86)/cypress/psoc creator/3.3/psoc creator/import/gnu/arm/4.9.3/bin/../lib/gcc/arm-none-eabi/4.9.3/armv7-m\libgcc.a
LOAD c:/program files (x86)/cypress/psoc creator/3.3/psoc creator/import/gnu/arm/4.9.3/bin/../lib/gcc/arm-none-eabi/4.9.3/../../../../arm-none-eabi/lib/armv7-m\libc.a
LOAD c:/program files (x86)/cypress/psoc creator/3.3/psoc creator/import/gnu/arm/4.9.3/bin/../lib/gcc/arm-none-eabi/4.9.3/../../../../arm-none-eabi/lib/armv7-m\libnosys.a
END GROUP
                0x00000000                CY_APPL_ORIGIN = 0x0
                0x00000100                CY_FLASH_ROW_SIZE = 0x100
                0x00000020                CY_ECC_ROW_SIZE = 0x20
                0x00000000                CY_EE_IN_BTLDR = 0x0
                0x00000000                CY_APPL_LOADABLE = 0x0
                0x00000800                CY_EE_SIZE = 0x800
                0x00000001                CY_APPL_NUM = 0x1
                0x00000001                CY_APPL_MAX = 0x1
                0x00000040                CY_METADATA_SIZE = 0x40
                0x00000000                CY_APPL_LOADABLE = 0x0
                0x00000000                CY_CHECKSUM_EXCLUDE_SIZE = ALIGN (0x0, CY_FLASH_ROW_SIZE)
                0x1fff8f00                PROVIDE (__cy_heap_start, _end)
                0x00000001                PROVIDE (__cy_region_num, ((__cy_regions_end - __cy_regions) / 0x10))
                0x20008000                PROVIDE (__cy_stack, (ORIGIN (ram) + 0x10000))
                0x20007800                PROVIDE (__cy_heap_end, (__cy_stack - 0x800))

.cybootloader   0x00000000        0x0
 *(.cybootloader)
                0x00000000                appl1_start = CY_APPL_ORIGIN?CY_APPL_ORIGIN:ALIGN (CY_FLASH_ROW_SIZE)
                0x0001ff00                appl2_start = (appl1_start + ALIGN ((((0x40000 - appl1_start) - (0x2 * CY_FLASH_ROW_SIZE)) / 0x2), CY_FLASH_ROW_SIZE))
                0x00000000                appl_start = (CY_APPL_NUM == 0x1)?appl1_start:appl2_start
                0x00000000                ecc_offset = ((appl_start / CY_FLASH_ROW_SIZE) * CY_ECC_ROW_SIZE)
                0x00000000                ee_offset = (CY_APPL_LOADABLE && ! (CY_EE_IN_BTLDR))?((CY_EE_SIZE / CY_APPL_MAX) * (CY_APPL_NUM - 0x1)):0x0
                0x00000800                ee_size = (CY_APPL_LOADABLE && ! (CY_EE_IN_BTLDR))?(CY_EE_SIZE / CY_APPL_MAX):CY_EE_SIZE
                0x00000000                PROVIDE (CY_ECC_OFFSET, ecc_offset)

.text           0x00000000     0x7c1e
 CREATE_OBJECT_SYMBOLS
                0x00000000                PROVIDE (__cy_interrupt_vector, RomVectors)
 *(.romvectors)
 .romvectors    0x00000000       0x10 .\CortexM3\ARM_GCC_493\Debug\Cm3Start.o
                0x00000000                RomVectors
                0x00000001                ASSERT ((. != __cy_interrupt_vector), No interrupt vector)
                0x00000001                ASSERT (CY_APPL_ORIGIN?(SIZEOF (.cybootloader) <= CY_APPL_ORIGIN):0x1, Wrong image location)
                0x00000010                PROVIDE (__cy_reset, Reset)
 *(.text.Reset)
 .text.Reset    0x00000010       0x18 .\CortexM3\ARM_GCC_493\Debug\Cm3Start.o
                0x00000010                Reset
                0x00000001                ASSERT ((. != __cy_reset), No reset code)
 *(.dma_init)
                0x00000001                ASSERT ((((appl_start + .) <= 0x10000) || 0x1), DMA Init must be within the first 64k of flash)
 *(.text .text.* .gnu.linkonce.t.*)
 .text          0x00000028       0x5c c:/program files (x86)/cypress/psoc creator/3.3/psoc creator/import/gnu/arm/4.9.3/bin/../lib/gcc/arm-none-eabi/4.9.3/armv7-m/crtbegin.o
 .text.main     0x00000084       0xbc .\CortexM3\ARM_GCC_493\Debug\main.o
                0x00000084                main
 .text.CalculatePwmSamples
                0x00000140       0x64 .\CortexM3\ARM_GCC_493\Debug\cal.o
 .text.AddSamplesToSum
                0x000001a4       0x24 .\CortexM3\ARM_GCC_493\Debug\cal.o
 .text.CalculateAvgCpsSamples
                0x000001c8       0x20 .\CortexM3\ARM_GCC_493\Debug\cal.o
 .text.CalibrateWheelSpeed
                0x000001e8       0xa0 .\CortexM3\ARM_GCC_493\Debug\cal.o
 .text.Cal_Update
                0x00000288       0x6c .\CortexM3\ARM_GCC_493\Debug\cal.o
                0x00000288                Cal_Update
 .text.Cal_Download
                0x000002f4        0x4 .\CortexM3\ARM_GCC_493\Debug\cal.o
                0x000002f4                Cal_Download
 .text.Cal_Upload
                0x000002f8        0x4 .\CortexM3\ARM_GCC_493\Debug\cal.o
                0x000002f8                Cal_Upload
 .text.Cal_Validate
                0x000002fc        0x4 .\CortexM3\ARM_GCC_493\Debug\cal.o
                0x000002fc                Cal_Validate
 .text.Control_Init
                0x00000300        0x4 .\CortexM3\ARM_GCC_493\Debug\control.o
                0x00000300                Control_Init
 .text.Control_Start
                0x00000304        0x4 .\CortexM3\ARM_GCC_493\Debug\control.o
                0x00000304                Control_Start
 .text.Control_Update
                0x00000308       0x48 .\CortexM3\ARM_GCC_493\Debug\control.o
                0x00000308                Control_Update
 .text.Debug_Init
                0x00000350       0x14 .\CortexM3\ARM_GCC_493\Debug\debug.o
                0x00000350                Debug_Init
 .text.Debug_Start
                0x00000364        0x8 .\CortexM3\ARM_GCC_493\Debug\debug.o
                0x00000364                Debug_Start
 .text.Diag_Init
                0x0000036c        0x4 .\CortexM3\ARM_GCC_493\Debug\diag.o
                0x0000036c                Diag_Init
 .text.Diag_Start
                0x00000370        0x4 .\CortexM3\ARM_GCC_493\Debug\diag.o
                0x00000370                Diag_Start
 .text.Diag_Update
                0x00000374        0x8 .\CortexM3\ARM_GCC_493\Debug\diag.o
                0x00000374                Diag_Update
 *fill*         0x0000037c        0x4 
 .text.Encoder_Sample
                0x00000380       0x70 .\CortexM3\ARM_GCC_493\Debug\encoder.o
 .text.DumpEncoder
                0x000003f0       0x64 .\CortexM3\ARM_GCC_493\Debug\encoder.o
 .text.Encoder_Init
                0x00000454       0x58 .\CortexM3\ARM_GCC_493\Debug\encoder.o
                0x00000454                Encoder_Init
 .text.Encoder_Start
                0x000004ac       0x20 .\CortexM3\ARM_GCC_493\Debug\encoder.o
                0x000004ac                Encoder_Start
 .text.Encoder_Update
                0x000004cc       0x68 .\CortexM3\ARM_GCC_493\Debug\encoder.o
                0x000004cc                Encoder_Update
 .text.Encoder_LeftGetCntsPerSec
                0x00000534        0xc .\CortexM3\ARM_GCC_493\Debug\encoder.o
                0x00000534                Encoder_LeftGetCntsPerSec
 .text.Encoder_RightGetCntsPerSec
                0x00000540        0xc .\CortexM3\ARM_GCC_493\Debug\encoder.o
                0x00000540                Encoder_RightGetCntsPerSec
 .text.Encoder_LeftGetMmPerSec
                0x0000054c        0xc .\CortexM3\ARM_GCC_493\Debug\encoder.o
                0x0000054c                Encoder_LeftGetMmPerSec
 .text.Encoder_RightGetMmPerSec
                0x00000558        0xc .\CortexM3\ARM_GCC_493\Debug\encoder.o
                0x00000558                Encoder_RightGetMmPerSec
 .text.Encoder_LeftGetCount
                0x00000564       0x10 .\CortexM3\ARM_GCC_493\Debug\encoder.o
                0x00000564                Encoder_LeftGetCount
 .text.Encoder_RightGetCount
                0x00000574       0x10 .\CortexM3\ARM_GCC_493\Debug\encoder.o
                0x00000574                Encoder_RightGetCount
 .text.Encoder_Reset
                0x00000584       0x48 .\CortexM3\ARM_GCC_493\Debug\encoder.o
                0x00000584                Encoder_Reset
 .text.I2c_Init
                0x000005cc       0x1c .\CortexM3\ARM_GCC_493\Debug\i2c.o
                0x000005cc                I2c_Init
 .text.I2c_Start
                0x000005e8       0x18 .\CortexM3\ARM_GCC_493\Debug\i2c.o
                0x000005e8                I2c_Start
 .text.I2c_ReadControl
                0x00000600       0x10 .\CortexM3\ARM_GCC_493\Debug\i2c.o
                0x00000600                I2c_ReadControl
 .text.I2c_WriteOdom
                0x00000610       0x24 .\CortexM3\ARM_GCC_493\Debug\i2c.o
                0x00000610                I2c_WriteOdom
 .text.I2c_WriteFrontUltrasonicDistance
                0x00000634       0x14 .\CortexM3\ARM_GCC_493\Debug\i2c.o
                0x00000634                I2c_WriteFrontUltrasonicDistance
 .text.I2c_WriteRearUltrasonicDistance
                0x00000648       0x14 .\CortexM3\ARM_GCC_493\Debug\i2c.o
                0x00000648                I2c_WriteRearUltrasonicDistance
 .text.I2c_LeftReadCmdVelocity
                0x0000065c        0x4 .\CortexM3\ARM_GCC_493\Debug\i2c.o
                0x0000065c                I2c_LeftReadCmdVelocity
 .text.I2c_RightReadCmdVelocity
                0x00000660        0x4 .\CortexM3\ARM_GCC_493\Debug\i2c.o
                0x00000660                I2c_RightReadCmdVelocity
 .text.I2c_LeftWriteOutput
                0x00000664       0x14 .\CortexM3\ARM_GCC_493\Debug\i2c.o
                0x00000664                I2c_LeftWriteOutput
 .text.I2c_RightWriteOutput
                0x00000678       0x14 .\CortexM3\ARM_GCC_493\Debug\i2c.o
                0x00000678                I2c_RightWriteOutput
 .text.Interpolate
                0x0000068c       0x3c .\CortexM3\ARM_GCC_493\Debug\motor.o
 .text.calculate_pwm
                0x000006c8       0x74 .\CortexM3\ARM_GCC_493\Debug\motor.o
 .text.DumpMotor
                0x0000073c       0x2c .\CortexM3\ARM_GCC_493\Debug\motor.o
 .text.calc_motor_output_from_cps
                0x00000768       0xb0 .\CortexM3\ARM_GCC_493\Debug\motor.o
 .text.WriteTwoValues
                0x00000818       0x2c .\CortexM3\ARM_GCC_493\Debug\motor.o
 .text.PrintFormatDataInt32
                0x00000844       0x8c .\CortexM3\ARM_GCC_493\Debug\motor.o
 .text.PrintFormatDataUint16
                0x000008d0       0x8c .\CortexM3\ARM_GCC_493\Debug\motor.o
 .text.DumpMotorCal
                0x0000095c       0x4c .\CortexM3\ARM_GCC_493\Debug\motor.o
 .text.RampSpeed
                0x000009a8       0x44 .\CortexM3\ARM_GCC_493\Debug\motor.o
 .text.CollectCpsPwmSamples
                0x000009ec       0x70 .\CortexM3\ARM_GCC_493\Debug\motor.o
 .text.Motor_Init
                0x00000a5c       0x1c .\CortexM3\ARM_GCC_493\Debug\motor.o
                0x00000a5c                Motor_Init
 .text.Motor_Start
                0x00000a78       0x3c .\CortexM3\ARM_GCC_493\Debug\motor.o
                0x00000a78                Motor_Start
 .text.Motor_LeftSetCntsPerSec
                0x00000ab4       0x18 .\CortexM3\ARM_GCC_493\Debug\motor.o
                0x00000ab4                Motor_LeftSetCntsPerSec
 .text.Motor_RightSetCntsPerSec
                0x00000acc       0x1c .\CortexM3\ARM_GCC_493\Debug\motor.o
                0x00000acc                Motor_RightSetCntsPerSec
 .text.Motor_LeftSetMmPerSec
                0x00000ae8       0x28 .\CortexM3\ARM_GCC_493\Debug\motor.o
                0x00000ae8                Motor_LeftSetMmPerSec
 .text.Motor_RightSetMmPerSec
                0x00000b10       0x28 .\CortexM3\ARM_GCC_493\Debug\motor.o
                0x00000b10                Motor_RightSetMmPerSec
 .text.Motor_LeftGetPwm
                0x00000b38        0xc .\CortexM3\ARM_GCC_493\Debug\motor.o
                0x00000b38                Motor_LeftGetPwm
 .text.Motor_RightGetPwm
                0x00000b44        0xc .\CortexM3\ARM_GCC_493\Debug\motor.o
                0x00000b44                Motor_RightGetPwm
 .text.Motor_CollectPwmCpsSamples
                0x00000b50       0xb8 .\CortexM3\ARM_GCC_493\Debug\motor.o
                0x00000b50                Motor_CollectPwmCpsSamples
 .text.Motor_LeftSetCalibration
                0x00000c08       0x8c .\CortexM3\ARM_GCC_493\Debug\motor.o
                0x00000c08                Motor_LeftSetCalibration
 .text.Motor_RightSetCalibration
                0x00000c94       0x90 .\CortexM3\ARM_GCC_493\Debug\motor.o
                0x00000c94                Motor_RightSetCalibration
 .text.Odom_Init
                0x00000d24       0x20 .\CortexM3\ARM_GCC_493\Debug\odom.o
                0x00000d24                Odom_Init
 .text.Odom_Start
                0x00000d44        0x4 .\CortexM3\ARM_GCC_493\Debug\odom.o
                0x00000d44                Odom_Start
 .text.calc_odom
                0x00000d48      0x100 .\CortexM3\ARM_GCC_493\Debug\odom.o
                0x00000d48                calc_odom
 .text.Odom_Update
                0x00000e48       0x5c .\CortexM3\ARM_GCC_493\Debug\odom.o
                0x00000e48                Odom_Update
 *fill*         0x00000ea4        0x4 
 .text.ProcessPid
                0x00000ea8       0xb0 .\CortexM3\ARM_GCC_493\Debug\pid.o
 .text.DumpPid  0x00000f58       0x88 .\CortexM3\ARM_GCC_493\Debug\pid.o
 .text.Pid_Init
                0x00000fe0       0x84 .\CortexM3\ARM_GCC_493\Debug\pid.o
                0x00000fe0                Pid_Init
 .text.Pid_Start
                0x00001064        0x4 .\CortexM3\ARM_GCC_493\Debug\pid.o
                0x00001064                Pid_Start
 .text.Pid_Update
                0x00001068       0x60 .\CortexM3\ARM_GCC_493\Debug\pid.o
                0x00001068                Pid_Update
 .text.SysTickIsrHandler
                0x000010c8       0x10 .\CortexM3\ARM_GCC_493\Debug\time.o
 .text.Time_Init
                0x000010d8        0xc .\CortexM3\ARM_GCC_493\Debug\time.o
                0x000010d8                Time_Init
 .text.Time_Start
                0x000010e4       0x2c .\CortexM3\ARM_GCC_493\Debug\time.o
                0x000010e4                Time_Start
 .text.millis   0x00001110        0xc .\CortexM3\ARM_GCC_493\Debug\time.o
                0x00001110                millis
 .text.Front_Trigger_Next
                0x0000111c       0x34 .\CortexM3\ARM_GCC_493\Debug\ultrasonic.o
 .text.Front_Echo_Interrupt
                0x00001150       0x4c .\CortexM3\ARM_GCC_493\Debug\ultrasonic.o
 .text.Rear_Trigger_Next
                0x0000119c       0x34 .\CortexM3\ARM_GCC_493\Debug\ultrasonic.o
 .text.Rear_Echo_Interrupt
                0x000011d0       0x4c .\CortexM3\ARM_GCC_493\Debug\ultrasonic.o
 .text.Ultrasonic_Init
                0x0000121c        0x4 .\CortexM3\ARM_GCC_493\Debug\ultrasonic.o
                0x0000121c                Ultrasonic_Init
 .text.Ultrasonic_Start
                0x00001220       0x28 .\CortexM3\ARM_GCC_493\Debug\ultrasonic.o
                0x00001220                Ultrasonic_Start
 .text.insert_zeros
                0x00001248       0x30 .\CortexM3\ARM_GCC_493\Debug\utils.o
 .text.MovingAverageFloat
                0x00001278       0x2c .\CortexM3\ARM_GCC_493\Debug\utils.o
                0x00001278                MovingAverageFloat
 .text.ftoa     0x000012a4       0xa4 .\CortexM3\ARM_GCC_493\Debug\utils.o
                0x000012a4                ftoa
 .text.BinaryRangeSearch
                0x00001348       0x50 .\CortexM3\ARM_GCC_493\Debug\utils.o
                0x00001348                BinaryRangeSearch
 .text.PIDCompute
                0x00001398       0xa4 .\CortexM3\ARM_GCC_493\Debug\pid_controller.o
                0x00001398                PIDCompute
 .text.PIDOutputLimitsSet
                0x0000143c       0x5c .\CortexM3\ARM_GCC_493\Debug\pid_controller.o
                0x0000143c                PIDOutputLimitsSet
 .text.PIDTuningsSet
                0x00001498       0x6c .\CortexM3\ARM_GCC_493\Debug\pid_controller.o
                0x00001498                PIDTuningsSet
 .text.PIDInit  0x00001504       0x54 .\CortexM3\ARM_GCC_493\Debug\pid_controller.o
                0x00001504                PIDInit
 .text.PIDSetpointSet
                0x00001558        0x4 .\CortexM3\ARM_GCC_493\Debug\pid_controller.o
                0x00001558                PIDSetpointSet
 .text.PIDInputSet
                0x0000155c        0x4 .\CortexM3\ARM_GCC_493\Debug\pid_controller.o
                0x0000155c                PIDInputSet
 .text.IntDefaultHandler
                0x00001560        0x4 .\CortexM3\ARM_GCC_493\Debug\Cm3Start.o
                0x00001560                IntDefaultHandler
 .text._sbrk    0x00001564       0x30 .\CortexM3\ARM_GCC_493\Debug\Cm3Start.o
                0x00001564                _sbrk
 .text.Start_c  0x00001594       0x4c .\CortexM3\ARM_GCC_493\Debug\Cm3Start.o
                0x00001594                Start_c
 .text.initialize_psoc
                0x000015e0       0x74 .\CortexM3\ARM_GCC_493\Debug\Cm3Start.o
                0x000015e0                initialize_psoc
 .text.CyClockStartupError
                0x00001654        0x4 .\CortexM3\ARM_GCC_493\Debug\freesoc.a(cyfitter_cfg.o)
 .text.cfg_write_bytes32
                0x00001658       0x34 .\CortexM3\ARM_GCC_493\Debug\freesoc.a(cyfitter_cfg.o)
 .text.AnalogSetDefault
                0x0000168c       0x28 .\CortexM3\ARM_GCC_493\Debug\freesoc.a(cyfitter_cfg.o)
 .text.CYMEMZERO
                0x000016b4        0xc .\CortexM3\ARM_GCC_493\Debug\freesoc.a(cyfitter_cfg.o)
 .text.ClockSetup
                0x000016c0       0xf0 .\CortexM3\ARM_GCC_493\Debug\freesoc.a(cyfitter_cfg.o)
 .text.CYCONFIGCPY
                0x000017b0        0x8 .\CortexM3\ARM_GCC_493\Debug\freesoc.a(cyfitter_cfg.o)
 .text.cyfitter_cfg
                0x000017b8      0x1ac .\CortexM3\ARM_GCC_493\Debug\freesoc.a(cyfitter_cfg.o)
                0x000017b8                cyfitter_cfg
 .text.Left_HB25_Enable_Pin_Write
                0x00001964       0x18 .\CortexM3\ARM_GCC_493\Debug\freesoc.a(Left_HB25_Enable_Pin.o)
                0x00001964                Left_HB25_Enable_Pin_Write
 .text.Left_HB25_PWM_Stop
                0x0000197c        0x4 .\CortexM3\ARM_GCC_493\Debug\freesoc.a(Left_HB25_PWM.o)
                0x0000197c                Left_HB25_PWM_Stop
 .text.Left_HB25_PWM_WriteCounter
                0x00001980        0xc .\CortexM3\ARM_GCC_493\Debug\freesoc.a(Left_HB25_PWM.o)
                0x00001980                Left_HB25_PWM_WriteCounter
 .text.Left_HB25_PWM_WritePeriod
                0x0000198c        0xc .\CortexM3\ARM_GCC_493\Debug\freesoc.a(Left_HB25_PWM.o)
                0x0000198c                Left_HB25_PWM_WritePeriod
 .text.Left_HB25_PWM_WriteCompare
                0x00001998        0xc .\CortexM3\ARM_GCC_493\Debug\freesoc.a(Left_HB25_PWM.o)
                0x00001998                Left_HB25_PWM_WriteCompare
 .text.Left_HB25_PWM_Init
                0x000019a4       0x34 .\CortexM3\ARM_GCC_493\Debug\freesoc.a(Left_HB25_PWM.o)
                0x000019a4                Left_HB25_PWM_Init
 .text.Left_HB25_PWM_Start
                0x000019d8       0x18 .\CortexM3\ARM_GCC_493\Debug\freesoc.a(Left_HB25_PWM.o)
                0x000019d8                Left_HB25_PWM_Start
 .text.Right_HB25_Enable_Pin_Write
                0x000019f0       0x18 .\CortexM3\ARM_GCC_493\Debug\freesoc.a(Right_HB25_Enable_Pin.o)
                0x000019f0                Right_HB25_Enable_Pin_Write
 .text.Right_HB25_PWM_Stop
                0x00001a08        0x4 .\CortexM3\ARM_GCC_493\Debug\freesoc.a(Right_HB25_PWM.o)
                0x00001a08                Right_HB25_PWM_Stop
 .text.Right_HB25_PWM_WriteCounter
                0x00001a0c        0xc .\CortexM3\ARM_GCC_493\Debug\freesoc.a(Right_HB25_PWM.o)
                0x00001a0c                Right_HB25_PWM_WriteCounter
 .text.Right_HB25_PWM_WritePeriod
                0x00001a18        0xc .\CortexM3\ARM_GCC_493\Debug\freesoc.a(Right_HB25_PWM.o)
                0x00001a18                Right_HB25_PWM_WritePeriod
 .text.Right_HB25_PWM_WriteCompare
                0x00001a24        0xc .\CortexM3\ARM_GCC_493\Debug\freesoc.a(Right_HB25_PWM.o)
                0x00001a24                Right_HB25_PWM_WriteCompare
 .text.Right_HB25_PWM_Init
                0x00001a30       0x34 .\CortexM3\ARM_GCC_493\Debug\freesoc.a(Right_HB25_PWM.o)
                0x00001a30                Right_HB25_PWM_Init
 .text.Right_HB25_PWM_Start
                0x00001a64       0x18 .\CortexM3\ARM_GCC_493\Debug\freesoc.a(Right_HB25_PWM.o)
                0x00001a64                Right_HB25_PWM_Start
 *fill*         0x00001a7c        0x4 
 .text          0x00001a80       0x20 .\CortexM3\ARM_GCC_493\Debug\freesoc.a(CyBootAsmGnu.o)
                0x00001a80                CyDelayCycles
                0x00001a90                CyEnterCriticalSection
                0x00001a98                CyExitCriticalSection
 .text.CyHalt   0x00001aa0        0x4 .\CortexM3\ARM_GCC_493\Debug\freesoc.a(CyLib.o)
                0x00001aa0                CyHalt
 .text.CyDelay  0x00001aa4       0x2c .\CortexM3\ARM_GCC_493\Debug\freesoc.a(CyLib.o)
                0x00001aa4                CyDelay
 .text.CyIntSetSysVector
                0x00001ad0       0x28 .\CortexM3\ARM_GCC_493\Debug\freesoc.a(CyLib.o)
                0x00001ad0                CyIntSetSysVector
 .text.CyIntSetVector
                0x00001af8       0x28 .\CortexM3\ARM_GCC_493\Debug\freesoc.a(CyLib.o)
                0x00001af8                CyIntSetVector
 .text.CyIntSetPriority
                0x00001b20       0x30 .\CortexM3\ARM_GCC_493\Debug\freesoc.a(CyLib.o)
                0x00001b20                CyIntSetPriority
 .text.CySysTickEnableInterrupt
                0x00001b50       0x10 .\CortexM3\ARM_GCC_493\Debug\freesoc.a(CyLib.o)
                0x00001b50                CySysTickEnableInterrupt
 .text.CySysTickEnable
                0x00001b60       0x18 .\CortexM3\ARM_GCC_493\Debug\freesoc.a(CyLib.o)
                0x00001b60                CySysTickEnable
 .text.CySysTickSetReload
                0x00001b78       0x10 .\CortexM3\ARM_GCC_493\Debug\freesoc.a(CyLib.o)
                0x00001b78                CySysTickSetReload
 .text.CySysTickSetClockSource
                0x00001b88       0x20 .\CortexM3\ARM_GCC_493\Debug\freesoc.a(CyLib.o)
                0x00001b88                CySysTickSetClockSource
 .text.CySysTickGetCountFlag
                0x00001ba8       0x10 .\CortexM3\ARM_GCC_493\Debug\freesoc.a(CyLib.o)
                0x00001ba8                CySysTickGetCountFlag
 .text.CySysTickServiceCallbacks
                0x00001bb8       0x28 .\CortexM3\ARM_GCC_493\Debug\freesoc.a(CyLib.o)
 .text.CySysTickClear
                0x00001be0        0xc .\CortexM3\ARM_GCC_493\Debug\freesoc.a(CyLib.o)
                0x00001be0                CySysTickClear
 .text.CySysTickInit
                0x00001bec       0x58 .\CortexM3\ARM_GCC_493\Debug\freesoc.a(CyLib.o)
                0x00001bec                CySysTickInit
 .text.CySysTickStart
                0x00001c44       0x1c .\CortexM3\ARM_GCC_493\Debug\freesoc.a(CyLib.o)
                0x00001c44                CySysTickStart
 .text.CySysTickSetCallback
                0x00001c60       0x10 .\CortexM3\ARM_GCC_493\Debug\freesoc.a(CyLib.o)
                0x00001c60                CySysTickSetCallback
 .text.CySysTickGetCallback
                0x00001c70       0x10 .\CortexM3\ARM_GCC_493\Debug\freesoc.a(CyLib.o)
                0x00001c70                CySysTickGetCallback
 .text.UART_Debug_Init
                0x00001c80       0x24 .\CortexM3\ARM_GCC_493\Debug\freesoc.a(UART_Debug.o)
                0x00001c80                UART_Debug_Init
 .text.UART_Debug_Enable
                0x00001ca4       0x38 .\CortexM3\ARM_GCC_493\Debug\freesoc.a(UART_Debug.o)
                0x00001ca4                UART_Debug_Enable
 .text.UART_Debug_Start
                0x00001cdc       0x1c .\CortexM3\ARM_GCC_493\Debug\freesoc.a(UART_Debug.o)
                0x00001cdc                UART_Debug_Start
 .text.UART_Debug_PutChar
                0x00001cf8       0x18 .\CortexM3\ARM_GCC_493\Debug\freesoc.a(UART_Debug.o)
                0x00001cf8                UART_Debug_PutChar
 .text.UART_Debug_PutString
                0x00001d10       0x24 .\CortexM3\ARM_GCC_493\Debug\freesoc.a(UART_Debug.o)
                0x00001d10                UART_Debug_PutString
 .text.UART_Debug_IntClock_Start
                0x00001d34       0x1c .\CortexM3\ARM_GCC_493\Debug\freesoc.a(UART_Debug_IntClock.o)
                0x00001d34                UART_Debug_IntClock_Start
 .text.EZI2C_Slave_Init
                0x00001d50       0x70 .\CortexM3\ARM_GCC_493\Debug\freesoc.a(EZI2C_Slave.o)
                0x00001d50                EZI2C_Slave_Init
 .text.EZI2C_Slave_Enable
                0x00001dc0       0x30 .\CortexM3\ARM_GCC_493\Debug\freesoc.a(EZI2C_Slave.o)
                0x00001dc0                EZI2C_Slave_Enable
 .text.EZI2C_Slave_Start
                0x00001df0       0x1c .\CortexM3\ARM_GCC_493\Debug\freesoc.a(EZI2C_Slave.o)
                0x00001df0                EZI2C_Slave_Start
 .text.EZI2C_Slave_SetBuffer1
                0x00001e0c       0x50 .\CortexM3\ARM_GCC_493\Debug\freesoc.a(EZI2C_Slave.o)
                0x00001e0c                EZI2C_Slave_SetBuffer1
 .text.EZI2C_Slave_ISR
                0x00001e5c      0x1c4 .\CortexM3\ARM_GCC_493\Debug\freesoc.a(EZI2C_Slave_INT.o)
                0x00001e5c                EZI2C_Slave_ISR
 .text.Front_Echo_Intr_SetVector
                0x00002020        0xc .\CortexM3\ARM_GCC_493\Debug\freesoc.a(Front_Echo_Intr.o)
                0x00002020                Front_Echo_Intr_SetVector
 .text.Front_Echo_Intr_SetPriority
                0x0000202c       0x10 .\CortexM3\ARM_GCC_493\Debug\freesoc.a(Front_Echo_Intr.o)
                0x0000202c                Front_Echo_Intr_SetPriority
 .text.Front_Echo_Intr_Enable
                0x0000203c        0xc .\CortexM3\ARM_GCC_493\Debug\freesoc.a(Front_Echo_Intr.o)
                0x0000203c                Front_Echo_Intr_Enable
 .text.Front_Echo_Intr_Disable
                0x00002048        0xc .\CortexM3\ARM_GCC_493\Debug\freesoc.a(Front_Echo_Intr.o)
                0x00002048                Front_Echo_Intr_Disable
 .text.Front_Echo_Intr_StartEx
                0x00002054       0x1c .\CortexM3\ARM_GCC_493\Debug\freesoc.a(Front_Echo_Intr.o)
                0x00002054                Front_Echo_Intr_StartEx
 .text.Front_Echo_Intr_ClearPending
                0x00002070        0xc .\CortexM3\ARM_GCC_493\Debug\freesoc.a(Front_Echo_Intr.o)
                0x00002070                Front_Echo_Intr_ClearPending
 .text.Front_Trigger_Reg_Write
                0x0000207c        0xc .\CortexM3\ARM_GCC_493\Debug\freesoc.a(Front_Trigger_Reg.o)
                0x0000207c                Front_Trigger_Reg_Write
 .text.Front_Trigger_Select_Reg_Write
                0x00002088        0xc .\CortexM3\ARM_GCC_493\Debug\freesoc.a(Front_Trigger_Select_Reg.o)
                0x00002088                Front_Trigger_Select_Reg_Write
 .text.Front_Trigger_Select_Reg_Read
                0x00002094        0xc .\CortexM3\ARM_GCC_493\Debug\freesoc.a(Front_Trigger_Select_Reg.o)
                0x00002094                Front_Trigger_Select_Reg_Read
 .text.Front_Echo_Timer_SetInterruptMode
                0x000020a0        0xc .\CortexM3\ARM_GCC_493\Debug\freesoc.a(Front_Echo_Timer.o)
                0x000020a0                Front_Echo_Timer_SetInterruptMode
 .text.Front_Echo_Timer_ReadStatusRegister
                0x000020ac        0xc .\CortexM3\ARM_GCC_493\Debug\freesoc.a(Front_Echo_Timer.o)
                0x000020ac                Front_Echo_Timer_ReadStatusRegister
 .text.Front_Echo_Timer_WritePeriod
                0x000020b8        0xc .\CortexM3\ARM_GCC_493\Debug\freesoc.a(Front_Echo_Timer.o)
                0x000020b8                Front_Echo_Timer_WritePeriod
 .text.Front_Echo_Timer_ReadCapture
                0x000020c4        0xc .\CortexM3\ARM_GCC_493\Debug\freesoc.a(Front_Echo_Timer.o)
                0x000020c4                Front_Echo_Timer_ReadCapture
 .text.Front_Echo_Timer_WriteCounter
                0x000020d0        0xc .\CortexM3\ARM_GCC_493\Debug\freesoc.a(Front_Echo_Timer.o)
                0x000020d0                Front_Echo_Timer_WriteCounter
 .text.Front_Echo_Timer_ReadCounter
                0x000020dc       0x14 .\CortexM3\ARM_GCC_493\Debug\freesoc.a(Front_Echo_Timer.o)
                0x000020dc                Front_Echo_Timer_ReadCounter
 .text.Front_Echo_Timer_ClearFIFO
                0x000020f0       0x14 .\CortexM3\ARM_GCC_493\Debug\freesoc.a(Front_Echo_Timer.o)
                0x000020f0                Front_Echo_Timer_ClearFIFO
 .text.Front_Echo_Timer_Init
                0x00002104       0x34 .\CortexM3\ARM_GCC_493\Debug\freesoc.a(Front_Echo_Timer.o)
                0x00002104                Front_Echo_Timer_Init
 .text.Front_Echo_Timer_Start
                0x00002138       0x18 .\CortexM3\ARM_GCC_493\Debug\freesoc.a(Front_Echo_Timer.o)
                0x00002138                Front_Echo_Timer_Start
 .text.Rear_Trigger_Reg_Write
                0x00002150        0xc .\CortexM3\ARM_GCC_493\Debug\freesoc.a(Rear_Trigger_Reg.o)
                0x00002150                Rear_Trigger_Reg_Write
 .text.Rear_Trigger_Select_Reg_Write
                0x0000215c        0xc .\CortexM3\ARM_GCC_493\Debug\freesoc.a(Rear_Trigger_Select_Reg.o)
                0x0000215c                Rear_Trigger_Select_Reg_Write
 .text.Rear_Trigger_Select_Reg_Read
                0x00002168        0xc .\CortexM3\ARM_GCC_493\Debug\freesoc.a(Rear_Trigger_Select_Reg.o)
                0x00002168                Rear_Trigger_Select_Reg_Read
 .text.Rear_Echo_Intr_SetVector
                0x00002174        0xc .\CortexM3\ARM_GCC_493\Debug\freesoc.a(Rear_Echo_Intr.o)
                0x00002174                Rear_Echo_Intr_SetVector
 .text.Rear_Echo_Intr_SetPriority
                0x00002180       0x10 .\CortexM3\ARM_GCC_493\Debug\freesoc.a(Rear_Echo_Intr.o)
                0x00002180                Rear_Echo_Intr_SetPriority
 .text.Rear_Echo_Intr_Enable
                0x00002190        0xc .\CortexM3\ARM_GCC_493\Debug\freesoc.a(Rear_Echo_Intr.o)
                0x00002190                Rear_Echo_Intr_Enable
 .text.Rear_Echo_Intr_Disable
                0x0000219c        0xc .\CortexM3\ARM_GCC_493\Debug\freesoc.a(Rear_Echo_Intr.o)
                0x0000219c                Rear_Echo_Intr_Disable
 .text.Rear_Echo_Intr_StartEx
                0x000021a8       0x1c .\CortexM3\ARM_GCC_493\Debug\freesoc.a(Rear_Echo_Intr.o)
                0x000021a8                Rear_Echo_Intr_StartEx
 .text.Rear_Echo_Intr_ClearPending
                0x000021c4        0xc .\CortexM3\ARM_GCC_493\Debug\freesoc.a(Rear_Echo_Intr.o)
                0x000021c4                Rear_Echo_Intr_ClearPending
 .text.Rear_Echo_Timer_SetInterruptMode
                0x000021d0        0xc .\CortexM3\ARM_GCC_493\Debug\freesoc.a(Rear_Echo_Timer.o)
                0x000021d0                Rear_Echo_Timer_SetInterruptMode
 .text.Rear_Echo_Timer_ReadStatusRegister
                0x000021dc        0xc .\CortexM3\ARM_GCC_493\Debug\freesoc.a(Rear_Echo_Timer.o)
                0x000021dc                Rear_Echo_Timer_ReadStatusRegister
 .text.Rear_Echo_Timer_WritePeriod
                0x000021e8        0xc .\CortexM3\ARM_GCC_493\Debug\freesoc.a(Rear_Echo_Timer.o)
                0x000021e8                Rear_Echo_Timer_WritePeriod
 .text.Rear_Echo_Timer_ReadCapture
                0x000021f4        0xc .\CortexM3\ARM_GCC_493\Debug\freesoc.a(Rear_Echo_Timer.o)
                0x000021f4                Rear_Echo_Timer_ReadCapture
 .text.Rear_Echo_Timer_WriteCounter
                0x00002200        0xc .\CortexM3\ARM_GCC_493\Debug\freesoc.a(Rear_Echo_Timer.o)
                0x00002200                Rear_Echo_Timer_WriteCounter
 .text.Rear_Echo_Timer_ReadCounter
                0x0000220c       0x14 .\CortexM3\ARM_GCC_493\Debug\freesoc.a(Rear_Echo_Timer.o)
                0x0000220c                Rear_Echo_Timer_ReadCounter
 .text.Rear_Echo_Timer_ClearFIFO
                0x00002220       0x14 .\CortexM3\ARM_GCC_493\Debug\freesoc.a(Rear_Echo_Timer.o)
                0x00002220                Rear_Echo_Timer_ClearFIFO
 .text.Rear_Echo_Timer_Init
                0x00002234       0x34 .\CortexM3\ARM_GCC_493\Debug\freesoc.a(Rear_Echo_Timer.o)
                0x00002234                Rear_Echo_Timer_Init
 .text.Rear_Echo_Timer_Start
                0x00002268       0x18 .\CortexM3\ARM_GCC_493\Debug\freesoc.a(Rear_Echo_Timer.o)
                0x00002268                Rear_Echo_Timer_Start
 .text.Mainloop_Pin_Write
                0x00002280       0x18 .\CortexM3\ARM_GCC_493\Debug\freesoc.a(Mainloop_Pin.o)
                0x00002280                Mainloop_Pin_Write
 .text.Right_QuadDec_Init
                0x00002298       0x24 .\CortexM3\ARM_GCC_493\Debug\freesoc.a(Right_QuadDec.o)
                0x00002298                Right_QuadDec_Init
 .text.Right_QuadDec_GetCounter
                0x000022bc       0x2c .\CortexM3\ARM_GCC_493\Debug\freesoc.a(Right_QuadDec.o)
                0x000022bc                Right_QuadDec_GetCounter
 .text.Right_QuadDec_SetCounter
                0x000022e8       0x28 .\CortexM3\ARM_GCC_493\Debug\freesoc.a(Right_QuadDec.o)
                0x000022e8                Right_QuadDec_SetCounter
 .text.Right_QuadDec_GetEvents
                0x00002310       0x10 .\CortexM3\ARM_GCC_493\Debug\freesoc.a(Right_QuadDec.o)
                0x00002310                Right_QuadDec_GetEvents
 .text.Right_QuadDec_SetInterruptMask
                0x00002320       0x10 .\CortexM3\ARM_GCC_493\Debug\freesoc.a(Right_QuadDec.o)
                0x00002320                Right_QuadDec_SetInterruptMask
 .text.Right_QuadDec_Enable
                0x00002330       0x30 .\CortexM3\ARM_GCC_493\Debug\freesoc.a(Right_QuadDec.o)
                0x00002330                Right_QuadDec_Enable
 .text.Right_QuadDec_Start
                0x00002360       0x34 .\CortexM3\ARM_GCC_493\Debug\freesoc.a(Right_QuadDec.o)
                0x00002360                Right_QuadDec_Start
 .text.Right_QuadDec_ISR
                0x00002394       0x40 .\CortexM3\ARM_GCC_493\Debug\freesoc.a(Right_QuadDec_INT.o)
                0x00002394                Right_QuadDec_ISR
 .text.Right_QuadDec_Cnt16_Enable
                0x000023d4       0x10 .\CortexM3\ARM_GCC_493\Debug\freesoc.a(Right_QuadDec_Cnt16.o)
                0x000023d4                Right_QuadDec_Cnt16_Enable
 .text.Right_QuadDec_Cnt16_SetInterruptMode
                0x000023e4        0xc .\CortexM3\ARM_GCC_493\Debug\freesoc.a(Right_QuadDec_Cnt16.o)
                0x000023e4                Right_QuadDec_Cnt16_SetInterruptMode
 .text.Right_QuadDec_Cnt16_ReadStatusRegister
                0x000023f0        0xc .\CortexM3\ARM_GCC_493\Debug\freesoc.a(Right_QuadDec_Cnt16.o)
                0x000023f0                Right_QuadDec_Cnt16_ReadStatusRegister
 .text.Right_QuadDec_Cnt16_WriteCounter
                0x000023fc        0xc .\CortexM3\ARM_GCC_493\Debug\freesoc.a(Right_QuadDec_Cnt16.o)
                0x000023fc                Right_QuadDec_Cnt16_WriteCounter
 .text.Right_QuadDec_Cnt16_ReadCounter
                0x00002408       0x14 .\CortexM3\ARM_GCC_493\Debug\freesoc.a(Right_QuadDec_Cnt16.o)
                0x00002408                Right_QuadDec_Cnt16_ReadCounter
 .text.Right_QuadDec_Cnt16_ReadCapture
                0x0000241c        0xc .\CortexM3\ARM_GCC_493\Debug\freesoc.a(Right_QuadDec_Cnt16.o)
                0x0000241c                Right_QuadDec_Cnt16_ReadCapture
 .text.Right_QuadDec_Cnt16_WritePeriod
                0x00002428        0xc .\CortexM3\ARM_GCC_493\Debug\freesoc.a(Right_QuadDec_Cnt16.o)
                0x00002428                Right_QuadDec_Cnt16_WritePeriod
 .text.Right_QuadDec_Cnt16_WriteCompare
                0x00002434        0xc .\CortexM3\ARM_GCC_493\Debug\freesoc.a(Right_QuadDec_Cnt16.o)
                0x00002434                Right_QuadDec_Cnt16_WriteCompare
 .text.Right_QuadDec_Cnt16_ClearFIFO
                0x00002440       0x14 .\CortexM3\ARM_GCC_493\Debug\freesoc.a(Right_QuadDec_Cnt16.o)
                0x00002440                Right_QuadDec_Cnt16_ClearFIFO
 .text.Right_QuadDec_Cnt16_Init
                0x00002454       0x58 .\CortexM3\ARM_GCC_493\Debug\freesoc.a(Right_QuadDec_Cnt16.o)
                0x00002454                Right_QuadDec_Cnt16_Init
 .text.Right_QuadDec_Cnt16_Start
                0x000024ac       0x1c .\CortexM3\ARM_GCC_493\Debug\freesoc.a(Right_QuadDec_Cnt16.o)
                0x000024ac                Right_QuadDec_Cnt16_Start
 .text.Left_QuadDec_Init
                0x000024c8       0x24 .\CortexM3\ARM_GCC_493\Debug\freesoc.a(Left_QuadDec.o)
                0x000024c8                Left_QuadDec_Init
 .text.Left_QuadDec_GetCounter
                0x000024ec       0x2c .\CortexM3\ARM_GCC_493\Debug\freesoc.a(Left_QuadDec.o)
                0x000024ec                Left_QuadDec_GetCounter
 .text.Left_QuadDec_SetCounter
                0x00002518       0x28 .\CortexM3\ARM_GCC_493\Debug\freesoc.a(Left_QuadDec.o)
                0x00002518                Left_QuadDec_SetCounter
 .text.Left_QuadDec_GetEvents
                0x00002540       0x10 .\CortexM3\ARM_GCC_493\Debug\freesoc.a(Left_QuadDec.o)
                0x00002540                Left_QuadDec_GetEvents
 .text.Left_QuadDec_SetInterruptMask
                0x00002550       0x10 .\CortexM3\ARM_GCC_493\Debug\freesoc.a(Left_QuadDec.o)
                0x00002550                Left_QuadDec_SetInterruptMask
 .text.Left_QuadDec_Enable
                0x00002560       0x30 .\CortexM3\ARM_GCC_493\Debug\freesoc.a(Left_QuadDec.o)
                0x00002560                Left_QuadDec_Enable
 .text.Left_QuadDec_Start
                0x00002590       0x34 .\CortexM3\ARM_GCC_493\Debug\freesoc.a(Left_QuadDec.o)
                0x00002590                Left_QuadDec_Start
 .text.Left_QuadDec_ISR
                0x000025c4       0x40 .\CortexM3\ARM_GCC_493\Debug\freesoc.a(Left_QuadDec_INT.o)
                0x000025c4                Left_QuadDec_ISR
 .text.Left_QuadDec_Cnt16_Enable
                0x00002604       0x10 .\CortexM3\ARM_GCC_493\Debug\freesoc.a(Left_QuadDec_Cnt16.o)
                0x00002604                Left_QuadDec_Cnt16_Enable
 .text.Left_QuadDec_Cnt16_SetInterruptMode
                0x00002614        0xc .\CortexM3\ARM_GCC_493\Debug\freesoc.a(Left_QuadDec_Cnt16.o)
                0x00002614                Left_QuadDec_Cnt16_SetInterruptMode
 .text.Left_QuadDec_Cnt16_ReadStatusRegister
                0x00002620        0xc .\CortexM3\ARM_GCC_493\Debug\freesoc.a(Left_QuadDec_Cnt16.o)
                0x00002620                Left_QuadDec_Cnt16_ReadStatusRegister
 .text.Left_QuadDec_Cnt16_WriteCounter
                0x0000262c        0xc .\CortexM3\ARM_GCC_493\Debug\freesoc.a(Left_QuadDec_Cnt16.o)
                0x0000262c                Left_QuadDec_Cnt16_WriteCounter
 .text.Left_QuadDec_Cnt16_ReadCounter
                0x00002638       0x14 .\CortexM3\ARM_GCC_493\Debug\freesoc.a(Left_QuadDec_Cnt16.o)
                0x00002638                Left_QuadDec_Cnt16_ReadCounter
 .text.Left_QuadDec_Cnt16_ReadCapture
                0x0000264c        0xc .\CortexM3\ARM_GCC_493\Debug\freesoc.a(Left_QuadDec_Cnt16.o)
                0x0000264c                Left_QuadDec_Cnt16_ReadCapture
 .text.Left_QuadDec_Cnt16_WritePeriod
                0x00002658        0xc .\CortexM3\ARM_GCC_493\Debug\freesoc.a(Left_QuadDec_Cnt16.o)
                0x00002658                Left_QuadDec_Cnt16_WritePeriod
 .text.Left_QuadDec_Cnt16_WriteCompare
                0x00002664        0xc .\CortexM3\ARM_GCC_493\Debug\freesoc.a(Left_QuadDec_Cnt16.o)
                0x00002664                Left_QuadDec_Cnt16_WriteCompare
 .text.Left_QuadDec_Cnt16_ClearFIFO
                0x00002670       0x14 .\CortexM3\ARM_GCC_493\Debug\freesoc.a(Left_QuadDec_Cnt16.o)
                0x00002670                Left_QuadDec_Cnt16_ClearFIFO
 .text.Left_QuadDec_Cnt16_Init
                0x00002684       0x58 .\CortexM3\ARM_GCC_493\Debug\freesoc.a(Left_QuadDec_Cnt16.o)
                0x00002684                Left_QuadDec_Cnt16_Init
 .text.Left_QuadDec_Cnt16_Start
                0x000026dc       0x1c .\CortexM3\ARM_GCC_493\Debug\freesoc.a(Left_QuadDec_Cnt16.o)
                0x000026dc                Left_QuadDec_Cnt16_Start
 .text.cos      0x000026f8       0x90 c:/program files (x86)/cypress/psoc creator/3.3/psoc creator/import/gnu/arm/4.9.3/bin/../lib/gcc/arm-none-eabi/4.9.3/../../../../arm-none-eabi/lib/armv7-m\libm.a(lib_a-s_cos.o)
                0x000026f8                cos
 .text.sin      0x00002788       0x94 c:/program files (x86)/cypress/psoc creator/3.3/psoc creator/import/gnu/arm/4.9.3/bin/../lib/gcc/arm-none-eabi/4.9.3/../../../../arm-none-eabi/lib/armv7-m\libm.a(lib_a-s_sin.o)
                0x00002788                sin
 .text.pow      0x0000281c      0x2f0 c:/program files (x86)/cypress/psoc creator/3.3/psoc creator/import/gnu/arm/4.9.3/bin/../lib/gcc/arm-none-eabi/4.9.3/../../../../arm-none-eabi/lib/armv7-m\libm.a(lib_a-w_pow.o)
                0x0000281c                pow
 *fill*         0x00002b0c        0x4 
 .text.__ieee754_pow
                0x00002b10      0xaa0 c:/program files (x86)/cypress/psoc creator/3.3/psoc creator/import/gnu/arm/4.9.3/bin/../lib/gcc/arm-none-eabi/4.9.3/../../../../arm-none-eabi/lib/armv7-m\libm.a(lib_a-e_pow.o)
                0x00002b10                __ieee754_pow
 .text.__ieee754_rem_pio2
                0x000035b0      0x428 c:/program files (x86)/cypress/psoc creator/3.3/psoc creator/import/gnu/arm/4.9.3/bin/../lib/gcc/arm-none-eabi/4.9.3/../../../../arm-none-eabi/lib/armv7-m\libm.a(lib_a-e_rem_pio2.o)
                0x000035b0                __ieee754_rem_pio2
 .text.__ieee754_sqrt
                0x000039d8      0x18c c:/program files (x86)/cypress/psoc creator/3.3/psoc creator/import/gnu/arm/4.9.3/bin/../lib/gcc/arm-none-eabi/4.9.3/../../../../arm-none-eabi/lib/armv7-m\libm.a(lib_a-e_sqrt.o)
                0x000039d8                __ieee754_sqrt
 *fill*         0x00003b64        0x4 
 .text.__kernel_cos
                0x00003b68      0x248 c:/program files (x86)/cypress/psoc creator/3.3/psoc creator/import/gnu/arm/4.9.3/bin/../lib/gcc/arm-none-eabi/4.9.3/../../../../arm-none-eabi/lib/armv7-m\libm.a(lib_a-k_cos.o)
                0x00003b68                __kernel_cos
 .text.__kernel_rem_pio2
                0x00003db0      0x808 c:/program files (x86)/cypress/psoc creator/3.3/psoc creator/import/gnu/arm/4.9.3/bin/../lib/gcc/arm-none-eabi/4.9.3/../../../../arm-none-eabi/lib/armv7-m\libm.a(lib_a-k_rem_pio2.o)
                0x00003db0                __kernel_rem_pio2
 .text.__kernel_sin
                0x000045b8      0x170 c:/program files (x86)/cypress/psoc creator/3.3/psoc creator/import/gnu/arm/4.9.3/bin/../lib/gcc/arm-none-eabi/4.9.3/../../../../arm-none-eabi/lib/armv7-m\libm.a(lib_a-k_sin.o)
                0x000045b8                __kernel_sin
 .text.fabs     0x00004728        0x8 c:/program files (x86)/cypress/psoc creator/3.3/psoc creator/import/gnu/arm/4.9.3/bin/../lib/gcc/arm-none-eabi/4.9.3/../../../../arm-none-eabi/lib/armv7-m\libm.a(lib_a-s_fabs.o)
                0x00004728                fabs
 .text.finite   0x00004730        0xc c:/program files (x86)/cypress/psoc creator/3.3/psoc creator/import/gnu/arm/4.9.3/bin/../lib/gcc/arm-none-eabi/4.9.3/../../../../arm-none-eabi/lib/armv7-m\libm.a(lib_a-s_finite.o)
                0x00004730                finite
 *fill*         0x0000473c        0x4 
 .text.floor    0x00004740      0x118 c:/program files (x86)/cypress/psoc creator/3.3/psoc creator/import/gnu/arm/4.9.3/bin/../lib/gcc/arm-none-eabi/4.9.3/../../../../arm-none-eabi/lib/armv7-m\libm.a(lib_a-s_floor.o)
                0x00004740                floor
 .text.__fpclassifyd
                0x00004858       0x58 c:/program files (x86)/cypress/psoc creator/3.3/psoc creator/import/gnu/arm/4.9.3/bin/../lib/gcc/arm-none-eabi/4.9.3/../../../../arm-none-eabi/lib/armv7-m\libm.a(lib_a-s_fpclassify.o)
                0x00004858                __fpclassifyd
 .text.matherr  0x000048b0        0x4 c:/program files (x86)/cypress/psoc creator/3.3/psoc creator/import/gnu/arm/4.9.3/bin/../lib/gcc/arm-none-eabi/4.9.3/../../../../arm-none-eabi/lib/armv7-m\libm.a(lib_a-s_matherr.o)
                0x000048b0                matherr
 .text.nan      0x000048b4        0xc c:/program files (x86)/cypress/psoc creator/3.3/psoc creator/import/gnu/arm/4.9.3/bin/../lib/gcc/arm-none-eabi/4.9.3/../../../../arm-none-eabi/lib/armv7-m\libm.a(lib_a-s_nan.o)
                0x000048b4                nan
 .text.rint     0x000048c0      0x11c c:/program files (x86)/cypress/psoc creator/3.3/psoc creator/import/gnu/arm/4.9.3/bin/../lib/gcc/arm-none-eabi/4.9.3/../../../../arm-none-eabi/lib/armv7-m\libm.a(lib_a-s_rint.o)
                0x000048c0                rint
 *fill*         0x000049dc        0x4 
 .text.scalbn   0x000049e0       0xf0 c:/program files (x86)/cypress/psoc creator/3.3/psoc creator/import/gnu/arm/4.9.3/bin/../lib/gcc/arm-none-eabi/4.9.3/../../../../arm-none-eabi/lib/armv7-m\libm.a(lib_a-s_scalbn.o)
                0x000049e0                scalbn
 .text.copysign
                0x00004ad0       0x10 c:/program files (x86)/cypress/psoc creator/3.3/psoc creator/import/gnu/arm/4.9.3/bin/../lib/gcc/arm-none-eabi/4.9.3/../../../../arm-none-eabi/lib/armv7-m\libm.a(lib_a-s_copysign.o)
                0x00004ad0                copysign
 .text          0x00004ae0      0x370 c:/program files (x86)/cypress/psoc creator/3.3/psoc creator/import/gnu/arm/4.9.3/bin/../lib/gcc/arm-none-eabi/4.9.3/armv7-m\libgcc.a(_arm_addsubdf3.o)
                0x00004ae0                __aeabi_drsub
                0x00004ae8                __aeabi_dsub
                0x00004ae8                __subdf3
                0x00004aec                __aeabi_dadd
                0x00004aec                __adddf3
                0x00004d64                __floatunsidf
                0x00004d64                __aeabi_ui2d
                0x00004d84                __floatsidf
                0x00004d84                __aeabi_i2d
                0x00004da8                __aeabi_f2d
                0x00004da8                __extendsfdf2
                0x00004de4                __floatundidf
                0x00004de4                __aeabi_ul2d
                0x00004df4                __floatdidf
                0x00004df4                __aeabi_l2d
 .text          0x00004e50      0x424 c:/program files (x86)/cypress/psoc creator/3.3/psoc creator/import/gnu/arm/4.9.3/bin/../lib/gcc/arm-none-eabi/4.9.3/armv7-m\libgcc.a(_arm_muldivdf3.o)
                0x00004e50                __aeabi_dmul
                0x00004e50                __muldf3
                0x000050a4                __divdf3
                0x000050a4                __aeabi_ddiv
 .text          0x00005274      0x110 c:/program files (x86)/cypress/psoc creator/3.3/psoc creator/import/gnu/arm/4.9.3/bin/../lib/gcc/arm-none-eabi/4.9.3/armv7-m\libgcc.a(_arm_cmpdf2.o)
                0x00005274                __gtdf2
                0x00005274                __gedf2
                0x0000527c                __ltdf2
                0x0000527c                __ledf2
                0x00005284                __nedf2
                0x00005284                __eqdf2
                0x00005284                __cmpdf2
                0x00005300                __aeabi_cdrcmple
                0x00005310                __aeabi_cdcmpeq
                0x00005310                __aeabi_cdcmple
                0x00005320                __aeabi_dcmpeq
                0x00005334                __aeabi_dcmplt
                0x00005348                __aeabi_dcmple
                0x0000535c                __aeabi_dcmpge
                0x00005370                __aeabi_dcmpgt
 .text          0x00005384       0x50 c:/program files (x86)/cypress/psoc creator/3.3/psoc creator/import/gnu/arm/4.9.3/bin/../lib/gcc/arm-none-eabi/4.9.3/armv7-m\libgcc.a(_arm_fixdfsi.o)
                0x00005384                __aeabi_d2iz
                0x00005384                __fixdfsi
 .text          0x000053d4       0xa0 c:/program files (x86)/cypress/psoc creator/3.3/psoc creator/import/gnu/arm/4.9.3/bin/../lib/gcc/arm-none-eabi/4.9.3/armv7-m\libgcc.a(_arm_truncdfsf2.o)
                0x000053d4                __truncdfsf2
                0x000053d4                __aeabi_d2f
 .text          0x00005474      0x21c c:/program files (x86)/cypress/psoc creator/3.3/psoc creator/import/gnu/arm/4.9.3/bin/../lib/gcc/arm-none-eabi/4.9.3/armv7-m\libgcc.a(_arm_addsubsf3.o)
                0x00005474                __aeabi_frsub
                0x0000547c                __subsf3
                0x0000547c                __aeabi_fsub
                0x00005480                __aeabi_fadd
                0x00005480                __addsf3
                0x000055e0                __aeabi_ui2f
                0x000055e0                __floatunsisf
                0x000055e8                __aeabi_i2f
                0x000055e8                __floatsisf
                0x00005604                __aeabi_ul2f
                0x00005604                __floatundisf
                0x00005614                __aeabi_l2f
                0x00005614                __floatdisf
 .text          0x00005690      0x2a0 c:/program files (x86)/cypress/psoc creator/3.3/psoc creator/import/gnu/arm/4.9.3/bin/../lib/gcc/arm-none-eabi/4.9.3/armv7-m\libgcc.a(_arm_muldivsf3.o)
                0x00005690                __mulsf3
                0x00005690                __aeabi_fmul
                0x000057f8                __aeabi_fdiv
                0x000057f8                __divsf3
 .text          0x00005930       0xec c:/program files (x86)/cypress/psoc creator/3.3/psoc creator/import/gnu/arm/4.9.3/bin/../lib/gcc/arm-none-eabi/4.9.3/armv7-m\libgcc.a(_arm_cmpsf2.o)
                0x00005930                __gesf2
                0x00005930                __gtsf2
                0x00005938                __lesf2
                0x00005938                __ltsf2
                0x00005940                __nesf2
                0x00005940                __eqsf2
                0x00005940                __cmpsf2
                0x000059a0                __aeabi_cfrcmple
                0x000059a8                __aeabi_cfcmpeq
                0x000059a8                __aeabi_cfcmple
                0x000059b8                __aeabi_fcmpeq
                0x000059cc                __aeabi_fcmplt
                0x000059e0                __aeabi_fcmple
                0x000059f4                __aeabi_fcmpge
                0x00005a08                __aeabi_fcmpgt
 .text          0x00005a1c       0x4c c:/program files (x86)/cypress/psoc creator/3.3/psoc creator/import/gnu/arm/4.9.3/bin/../lib/gcc/arm-none-eabi/4.9.3/armv7-m\libgcc.a(_arm_fixsfsi.o)
                0x00005a1c                __aeabi_f2iz
                0x00005a1c                __fixsfsi
 .text          0x00005a68       0x40 c:/program files (x86)/cypress/psoc creator/3.3/psoc creator/import/gnu/arm/4.9.3/bin/../lib/gcc/arm-none-eabi/4.9.3/armv7-m\libgcc.a(_arm_fixunssfsi.o)
                0x00005a68                __fixunssfsi
                0x00005a68                __aeabi_f2uiz
 .text.__errno  0x00005aa8        0xc c:/program files (x86)/cypress/psoc creator/3.3/psoc creator/import/gnu/arm/4.9.3/bin/../lib/gcc/arm-none-eabi/4.9.3/../../../../arm-none-eabi/lib/armv7-m\libg_nano.a(lib_a-errno.o)
                0x00005aa8                __errno
 .text.__libc_init_array
                0x00005ab4       0x4c c:/program files (x86)/cypress/psoc creator/3.3/psoc creator/import/gnu/arm/4.9.3/bin/../lib/gcc/arm-none-eabi/4.9.3/../../../../arm-none-eabi/lib/armv7-m\libg_nano.a(lib_a-init.o)
                0x00005ab4                __libc_init_array
 .text.__itoa   0x00005b00       0x2e c:/program files (x86)/cypress/psoc creator/3.3/psoc creator/import/gnu/arm/4.9.3/bin/../lib/gcc/arm-none-eabi/4.9.3/../../../../arm-none-eabi/lib/armv7-m\libg_nano.a(lib_a-itoa.o)
                0x00005b00                __itoa
 .text.itoa     0x00005b2e        0x4 c:/program files (x86)/cypress/psoc creator/3.3/psoc creator/import/gnu/arm/4.9.3/bin/../lib/gcc/arm-none-eabi/4.9.3/../../../../arm-none-eabi/lib/armv7-m\libg_nano.a(lib_a-itoa.o)
                0x00005b2e                itoa
 .text.memcpy   0x00005b32       0x16 c:/program files (x86)/cypress/psoc creator/3.3/psoc creator/import/gnu/arm/4.9.3/bin/../lib/gcc/arm-none-eabi/4.9.3/../../../../arm-none-eabi/lib/armv7-m\libg_nano.a(lib_a-memcpy.o)
                0x00005b32                memcpy
 .text.memset   0x00005b48       0x10 c:/program files (x86)/cypress/psoc creator/3.3/psoc creator/import/gnu/arm/4.9.3/bin/../lib/gcc/arm-none-eabi/4.9.3/../../../../arm-none-eabi/lib/armv7-m\libg_nano.a(lib_a-memset.o)
                0x00005b48                memset
 .text.__cvt    0x00005b58       0xbc c:/program files (x86)/cypress/psoc creator/3.3/psoc creator/import/gnu/arm/4.9.3/bin/../lib/gcc/arm-none-eabi/4.9.3/../../../../arm-none-eabi/lib/armv7-m\libg_nano.a(lib_a-nano-vfprintf_float.o)
                0x00005b58                __cvt
 .text.__exponent
                0x00005c14       0x62 c:/program files (x86)/cypress/psoc creator/3.3/psoc creator/import/gnu/arm/4.9.3/bin/../lib/gcc/arm-none-eabi/4.9.3/../../../../arm-none-eabi/lib/armv7-m\libg_nano.a(lib_a-nano-vfprintf_float.o)
                0x00005c14                __exponent
 *fill*         0x00005c76        0x2 
 .text._printf_float
                0x00005c78      0x48c c:/program files (x86)/cypress/psoc creator/3.3/psoc creator/import/gnu/arm/4.9.3/bin/../lib/gcc/arm-none-eabi/4.9.3/../../../../arm-none-eabi/lib/armv7-m\libg_nano.a(lib_a-nano-vfprintf_float.o)
                0x00005c78                _printf_float
 .text._printf_common
                0x00006104       0xea c:/program files (x86)/cypress/psoc creator/3.3/psoc creator/import/gnu/arm/4.9.3/bin/../lib/gcc/arm-none-eabi/4.9.3/../../../../arm-none-eabi/lib/armv7-m\libg_nano.a(lib_a-nano-vfprintf_i.o)
                0x00006104                _printf_common
 *fill*         0x000061ee        0x2 
 .text._printf_i
                0x000061f0      0x240 c:/program files (x86)/cypress/psoc creator/3.3/psoc creator/import/gnu/arm/4.9.3/bin/../lib/gcc/arm-none-eabi/4.9.3/../../../../arm-none-eabi/lib/armv7-m\libg_nano.a(lib_a-nano-vfprintf_i.o)
                0x000061f0                _printf_i
 .text.sprintf  0x00006430       0x48 c:/program files (x86)/cypress/psoc creator/3.3/psoc creator/import/gnu/arm/4.9.3/bin/../lib/gcc/arm-none-eabi/4.9.3/../../../../arm-none-eabi/lib/armv7-m\libg_nano.a(lib_a-sprintf.o)
                0x00006430                siprintf
                0x00006430                sprintf
 .text.strlen   0x00006478       0x10 c:/program files (x86)/cypress/psoc creator/3.3/psoc creator/import/gnu/arm/4.9.3/bin/../lib/gcc/arm-none-eabi/4.9.3/../../../../arm-none-eabi/lib/armv7-m\libg_nano.a(lib_a-strlen.o)
                0x00006478                strlen
 .text.__utoa   0x00006488       0x78 c:/program files (x86)/cypress/psoc creator/3.3/psoc creator/import/gnu/arm/4.9.3/bin/../lib/gcc/arm-none-eabi/4.9.3/../../../../arm-none-eabi/lib/armv7-m\libg_nano.a(lib_a-utoa.o)
                0x00006488                __utoa
 .text.quorem   0x00006500      0x114 c:/program files (x86)/cypress/psoc creator/3.3/psoc creator/import/gnu/arm/4.9.3/bin/../lib/gcc/arm-none-eabi/4.9.3/../../../../arm-none-eabi/lib/armv7-m\libg_nano.a(lib_a-dtoa.o)
 *fill*         0x00006614        0x4 
 .text._dtoa_r  0x00006618      0xb78 c:/program files (x86)/cypress/psoc creator/3.3/psoc creator/import/gnu/arm/4.9.3/bin/../lib/gcc/arm-none-eabi/4.9.3/../../../../arm-none-eabi/lib/armv7-m\libg_nano.a(lib_a-dtoa.o)
                0x00006618                _dtoa_r
 .text._localeconv_r
                0x00007190        0x8 c:/program files (x86)/cypress/psoc creator/3.3/psoc creator/import/gnu/arm/4.9.3/bin/../lib/gcc/arm-none-eabi/4.9.3/../../../../arm-none-eabi/lib/armv7-m\libg_nano.a(lib_a-locale.o)
                0x00007190                _localeconv_r
 .text.malloc   0x00007198       0x10 c:/program files (x86)/cypress/psoc creator/3.3/psoc creator/import/gnu/arm/4.9.3/bin/../lib/gcc/arm-none-eabi/4.9.3/../../../../arm-none-eabi/lib/armv7-m\libg_nano.a(lib_a-malloc.o)
                0x00007198                malloc
 .text.memchr   0x000071a8       0x1c c:/program files (x86)/cypress/psoc creator/3.3/psoc creator/import/gnu/arm/4.9.3/bin/../lib/gcc/arm-none-eabi/4.9.3/../../../../arm-none-eabi/lib/armv7-m\libg_nano.a(lib_a-memchr.o)
                0x000071a8                memchr
 .text._Balloc  0x000071c4       0x6a c:/program files (x86)/cypress/psoc creator/3.3/psoc creator/import/gnu/arm/4.9.3/bin/../lib/gcc/arm-none-eabi/4.9.3/../../../../arm-none-eabi/lib/armv7-m\libg_nano.a(lib_a-mprec.o)
                0x000071c4                _Balloc
 .text._Bfree   0x0000722e       0x2e c:/program files (x86)/cypress/psoc creator/3.3/psoc creator/import/gnu/arm/4.9.3/bin/../lib/gcc/arm-none-eabi/4.9.3/../../../../arm-none-eabi/lib/armv7-m\libg_nano.a(lib_a-mprec.o)
                0x0000722e                _Bfree
 .text.__multadd
                0x0000725c       0x7c c:/program files (x86)/cypress/psoc creator/3.3/psoc creator/import/gnu/arm/4.9.3/bin/../lib/gcc/arm-none-eabi/4.9.3/../../../../arm-none-eabi/lib/armv7-m\libg_nano.a(lib_a-mprec.o)
                0x0000725c                __multadd
 .text.__hi0bits
                0x000072d8       0x40 c:/program files (x86)/cypress/psoc creator/3.3/psoc creator/import/gnu/arm/4.9.3/bin/../lib/gcc/arm-none-eabi/4.9.3/../../../../arm-none-eabi/lib/armv7-m\libg_nano.a(lib_a-mprec.o)
                0x000072d8                __hi0bits
 .text.__lo0bits
                0x00007318       0x5a c:/program files (x86)/cypress/psoc creator/3.3/psoc creator/import/gnu/arm/4.9.3/bin/../lib/gcc/arm-none-eabi/4.9.3/../../../../arm-none-eabi/lib/armv7-m\libg_nano.a(lib_a-mprec.o)
                0x00007318                __lo0bits
 .text.__i2b    0x00007372       0x12 c:/program files (x86)/cypress/psoc creator/3.3/psoc creator/import/gnu/arm/4.9.3/bin/../lib/gcc/arm-none-eabi/4.9.3/../../../../arm-none-eabi/lib/armv7-m\libg_nano.a(lib_a-mprec.o)
                0x00007372                __i2b
 .text.__multiply
                0x00007384      0x120 c:/program files (x86)/cypress/psoc creator/3.3/psoc creator/import/gnu/arm/4.9.3/bin/../lib/gcc/arm-none-eabi/4.9.3/../../../../arm-none-eabi/lib/armv7-m\libg_nano.a(lib_a-mprec.o)
                0x00007384                __multiply
 .text.__pow5mult
                0x000074a4       0x9c c:/program files (x86)/cypress/psoc creator/3.3/psoc creator/import/gnu/arm/4.9.3/bin/../lib/gcc/arm-none-eabi/4.9.3/../../../../arm-none-eabi/lib/armv7-m\libg_nano.a(lib_a-mprec.o)
                0x000074a4                __pow5mult
 .text.__lshift
                0x00007540       0xa6 c:/program files (x86)/cypress/psoc creator/3.3/psoc creator/import/gnu/arm/4.9.3/bin/../lib/gcc/arm-none-eabi/4.9.3/../../../../arm-none-eabi/lib/armv7-m\libg_nano.a(lib_a-mprec.o)
                0x00007540                __lshift
 .text.__mcmp   0x000075e6       0x38 c:/program files (x86)/cypress/psoc creator/3.3/psoc creator/import/gnu/arm/4.9.3/bin/../lib/gcc/arm-none-eabi/4.9.3/../../../../arm-none-eabi/lib/armv7-m\libg_nano.a(lib_a-mprec.o)
                0x000075e6                __mcmp
 .text.__mdiff  0x0000761e       0xbe c:/program files (x86)/cypress/psoc creator/3.3/psoc creator/import/gnu/arm/4.9.3/bin/../lib/gcc/arm-none-eabi/4.9.3/../../../../arm-none-eabi/lib/armv7-m\libg_nano.a(lib_a-mprec.o)
                0x0000761e                __mdiff
 .text.__d2b    0x000076dc       0xa4 c:/program files (x86)/cypress/psoc creator/3.3/psoc creator/import/gnu/arm/4.9.3/bin/../lib/gcc/arm-none-eabi/4.9.3/../../../../arm-none-eabi/lib/armv7-m\libg_nano.a(lib_a-mprec.o)
                0x000076dc                __d2b
 .text._calloc_r
                0x00007780       0x1c c:/program files (x86)/cypress/psoc creator/3.3/psoc creator/import/gnu/arm/4.9.3/bin/../lib/gcc/arm-none-eabi/4.9.3/../../../../arm-none-eabi/lib/armv7-m\libg_nano.a(lib_a-nano-callocr.o)
                0x00007780                _calloc_r
 .text._free_r  0x0000779c       0x88 c:/program files (x86)/cypress/psoc creator/3.3/psoc creator/import/gnu/arm/4.9.3/bin/../lib/gcc/arm-none-eabi/4.9.3/../../../../arm-none-eabi/lib/armv7-m\libg_nano.a(lib_a-nano-freer.o)
                0x0000779c                _free_r
 .text._malloc_r
                0x00007824       0xac c:/program files (x86)/cypress/psoc creator/3.3/psoc creator/import/gnu/arm/4.9.3/bin/../lib/gcc/arm-none-eabi/4.9.3/../../../../arm-none-eabi/lib/armv7-m\libg_nano.a(lib_a-nano-mallocr.o)
                0x00007824                _malloc_r
 .text.__ssputs_r
                0x000078d0       0xb2 c:/program files (x86)/cypress/psoc creator/3.3/psoc creator/import/gnu/arm/4.9.3/bin/../lib/gcc/arm-none-eabi/4.9.3/../../../../arm-none-eabi/lib/armv7-m\libg_nano.a(lib_a-nano-svfprintf.o)
                0x000078d0                __ssputs_r
 *fill*         0x00007982        0x2 
 .text._svfprintf_r
                0x00007984      0x1e4 c:/program files (x86)/cypress/psoc creator/3.3/psoc creator/import/gnu/arm/4.9.3/bin/../lib/gcc/arm-none-eabi/4.9.3/../../../../arm-none-eabi/lib/armv7-m\libg_nano.a(lib_a-nano-svfprintf.o)
                0x00007984                _svfiprintf_r
                0x00007984                _svfprintf_r
 .text._sbrk_r  0x00007b68       0x20 c:/program files (x86)/cypress/psoc creator/3.3/psoc creator/import/gnu/arm/4.9.3/bin/../lib/gcc/arm-none-eabi/4.9.3/../../../../arm-none-eabi/lib/armv7-m\libg_nano.a(lib_a-sbrkr.o)
                0x00007b68                _sbrk_r
 .text.memmove  0x00007b88       0x36 c:/program files (x86)/cypress/psoc creator/3.3/psoc creator/import/gnu/arm/4.9.3/bin/../lib/gcc/arm-none-eabi/4.9.3/../../../../arm-none-eabi/lib/armv7-m\libg_nano.a(lib_a-memmove.o)
                0x00007b88                memmove
 .text._realloc_r
                0x00007bbe       0x4c c:/program files (x86)/cypress/psoc creator/3.3/psoc creator/import/gnu/arm/4.9.3/bin/../lib/gcc/arm-none-eabi/4.9.3/../../../../arm-none-eabi/lib/armv7-m\libg_nano.a(lib_a-nano-reallocr.o)
                0x00007bbe                _realloc_r
 .text._malloc_usable_size_r
                0x00007c0a       0x14 c:/program files (x86)/cypress/psoc creator/3.3/psoc creator/import/gnu/arm/4.9.3/bin/../lib/gcc/arm-none-eabi/4.9.3/../../../../arm-none-eabi/lib/armv7-m\libg_nano.a(lib_a-nano-msizer.o)
                0x00007c0a                _malloc_usable_size_r
 *(.plt)
 *(.gnu.warning)
 *(.glue_7t)
 .glue_7t       0x00000000        0x0 linker stubs
 *(.glue_7)
 .glue_7        0x00000000        0x0 linker stubs
 *(.vfp11_veneer)
 .vfp11_veneer  0x00000000        0x0 linker stubs
 *(.bootloader)
 *(.ARM.extab* .gnu.linkonce.armextab.*)
 *(.gcc_except_table)

.v4_bx          0x00007c20        0x0
 .v4_bx         0x00000000        0x0 linker stubs

.iplt           0x00007c20        0x0
 .iplt          0x00000000        0x0 c:/program files (x86)/cypress/psoc creator/3.3/psoc creator/import/gnu/arm/4.9.3/bin/../lib/gcc/arm-none-eabi/4.9.3/armv7-m/crtbegin.o

.eh_frame_hdr
 *(.eh_frame_hdr)

.eh_frame       0x00007c20        0x4
 *(.eh_frame)
 .eh_frame      0x00007c20        0x0 c:/program files (x86)/cypress/psoc creator/3.3/psoc creator/import/gnu/arm/4.9.3/bin/../lib/gcc/arm-none-eabi/4.9.3/armv7-m/crtbegin.o
 .eh_frame      0x00007c20        0x0 c:/program files (x86)/cypress/psoc creator/3.3/psoc creator/import/gnu/arm/4.9.3/bin/../lib/gcc/arm-none-eabi/4.9.3/../../../../arm-none-eabi/lib/armv7-m\libg_nano.a(lib_a-strcmp.o)
                                 0x28 (size before relaxing)
 .eh_frame      0x00007c20        0x4 c:/program files (x86)/cypress/psoc creator/3.3/psoc creator/import/gnu/arm/4.9.3/bin/../lib/gcc/arm-none-eabi/4.9.3/armv7-m/crtend.o
                0x00007c24                PROVIDE (__exidx_start, .)

.ARM.exidx
 *(.ARM.exidx* .gnu.linkonce.armexidx.*)
                0x00007c24                __exidx_end = .

.rodata         0x00007c28      0x598
 *(.rodata .rodata.* .gnu.linkonce.r.*)
 .rodata.str1.4
                0x00007c28       0xb1 .\CortexM3\ARM_GCC_493\Debug\main.o
                                 0xb4 (size before relaxing)
 *fill*         0x00007cd9        0x3 
 .rodata.str1.4
                0x00007cdc       0x20 .\CortexM3\ARM_GCC_493\Debug\encoder.o
 .rodata.str1.4
                0x00007cfc       0x98 .\CortexM3\ARM_GCC_493\Debug\motor.o
 .rodata.str1.4
                0x00007d94       0x20 .\CortexM3\ARM_GCC_493\Debug\pid.o
 .rodata        0x00007db4       0x38 .\CortexM3\ARM_GCC_493\Debug\freesoc.a(cyfitter_cfg.o)
 .rodata.str1.4
                0x00007dec        0x4 c:/program files (x86)/cypress/psoc creator/3.3/psoc creator/import/gnu/arm/4.9.3/bin/../lib/gcc/arm-none-eabi/4.9.3/../../../../arm-none-eabi/lib/armv7-m\libm.a(lib_a-w_pow.o)
 .rodata.dp_h   0x00007df0       0x10 c:/program files (x86)/cypress/psoc creator/3.3/psoc creator/import/gnu/arm/4.9.3/bin/../lib/gcc/arm-none-eabi/4.9.3/../../../../arm-none-eabi/lib/armv7-m\libm.a(lib_a-e_pow.o)
 .rodata.dp_l   0x00007e00       0x10 c:/program files (x86)/cypress/psoc creator/3.3/psoc creator/import/gnu/arm/4.9.3/bin/../lib/gcc/arm-none-eabi/4.9.3/../../../../arm-none-eabi/lib/armv7-m\libm.a(lib_a-e_pow.o)
 .rodata.bp     0x00007e10       0x10 c:/program files (x86)/cypress/psoc creator/3.3/psoc creator/import/gnu/arm/4.9.3/bin/../lib/gcc/arm-none-eabi/4.9.3/../../../../arm-none-eabi/lib/armv7-m\libm.a(lib_a-e_pow.o)
 .rodata.str1.4
                0x00000000        0x4 c:/program files (x86)/cypress/psoc creator/3.3/psoc creator/import/gnu/arm/4.9.3/bin/../lib/gcc/arm-none-eabi/4.9.3/../../../../arm-none-eabi/lib/armv7-m\libm.a(lib_a-e_pow.o)
 .rodata.npio2_hw
                0x00007e20       0x80 c:/program files (x86)/cypress/psoc creator/3.3/psoc creator/import/gnu/arm/4.9.3/bin/../lib/gcc/arm-none-eabi/4.9.3/../../../../arm-none-eabi/lib/armv7-m\libm.a(lib_a-e_rem_pio2.o)
 .rodata.two_over_pi
                0x00007ea0      0x108 c:/program files (x86)/cypress/psoc creator/3.3/psoc creator/import/gnu/arm/4.9.3/bin/../lib/gcc/arm-none-eabi/4.9.3/../../../../arm-none-eabi/lib/armv7-m\libm.a(lib_a-e_rem_pio2.o)
 .rodata.init_jk
                0x00007fa8       0x10 c:/program files (x86)/cypress/psoc creator/3.3/psoc creator/import/gnu/arm/4.9.3/bin/../lib/gcc/arm-none-eabi/4.9.3/../../../../arm-none-eabi/lib/armv7-m\libm.a(lib_a-k_rem_pio2.o)
 .rodata.PIo2   0x00007fb8       0x40 c:/program files (x86)/cypress/psoc creator/3.3/psoc creator/import/gnu/arm/4.9.3/bin/../lib/gcc/arm-none-eabi/4.9.3/../../../../arm-none-eabi/lib/armv7-m\libm.a(lib_a-k_rem_pio2.o)
 .rodata.TWO52  0x00007ff8       0x10 c:/program files (x86)/cypress/psoc creator/3.3/psoc creator/import/gnu/arm/4.9.3/bin/../lib/gcc/arm-none-eabi/4.9.3/../../../../arm-none-eabi/lib/armv7-m\libm.a(lib_a-s_rint.o)
 .rodata.str1.1
                0x00008008        0x2 c:/program files (x86)/cypress/psoc creator/3.3/psoc creator/import/gnu/arm/4.9.3/bin/../lib/gcc/arm-none-eabi/4.9.3/../../../../arm-none-eabi/lib/armv7-m\libg_nano.a(lib_a-impure.o)
 .rodata.str1.1
                0x0000800a       0x12 c:/program files (x86)/cypress/psoc creator/3.3/psoc creator/import/gnu/arm/4.9.3/bin/../lib/gcc/arm-none-eabi/4.9.3/../../../../arm-none-eabi/lib/armv7-m\libg_nano.a(lib_a-nano-vfprintf_float.o)
 .rodata.str1.1
                0x0000801c       0x22 c:/program files (x86)/cypress/psoc creator/3.3/psoc creator/import/gnu/arm/4.9.3/bin/../lib/gcc/arm-none-eabi/4.9.3/../../../../arm-none-eabi/lib/armv7-m\libg_nano.a(lib_a-nano-vfprintf_i.o)
 .rodata.str1.1
                0x0000803e       0x25 c:/program files (x86)/cypress/psoc creator/3.3/psoc creator/import/gnu/arm/4.9.3/bin/../lib/gcc/arm-none-eabi/4.9.3/../../../../arm-none-eabi/lib/armv7-m\libg_nano.a(lib_a-utoa.o)
 .rodata.str1.1
                0x00008063        0xd c:/program files (x86)/cypress/psoc creator/3.3/psoc creator/import/gnu/arm/4.9.3/bin/../lib/gcc/arm-none-eabi/4.9.3/../../../../arm-none-eabi/lib/armv7-m\libg_nano.a(lib_a-dtoa.o)
                                  0xf (size before relaxing)
 .rodata.str1.1
                0x00008070        0x8 c:/program files (x86)/cypress/psoc creator/3.3/psoc creator/import/gnu/arm/4.9.3/bin/../lib/gcc/arm-none-eabi/4.9.3/../../../../arm-none-eabi/lib/armv7-m\libg_nano.a(lib_a-locale.o)
                                  0xb (size before relaxing)
 .rodata.__mprec_tens
                0x00008078       0xc8 c:/program files (x86)/cypress/psoc creator/3.3/psoc creator/import/gnu/arm/4.9.3/bin/../lib/gcc/arm-none-eabi/4.9.3/../../../../arm-none-eabi/lib/armv7-m\libg_nano.a(lib_a-mprec.o)
                0x00008078                __mprec_tens
 .rodata.__mprec_bigtens
                0x00008140       0x28 c:/program files (x86)/cypress/psoc creator/3.3/psoc creator/import/gnu/arm/4.9.3/bin/../lib/gcc/arm-none-eabi/4.9.3/../../../../arm-none-eabi/lib/armv7-m\libg_nano.a(lib_a-mprec.o)
                0x00008140                __mprec_bigtens
 .rodata.p05.5308
                0x00008168        0xc c:/program files (x86)/cypress/psoc creator/3.3/psoc creator/import/gnu/arm/4.9.3/bin/../lib/gcc/arm-none-eabi/4.9.3/../../../../arm-none-eabi/lib/armv7-m\libg_nano.a(lib_a-mprec.o)
 .rodata.str1.1
                0x00008174       0x11 c:/program files (x86)/cypress/psoc creator/3.3/psoc creator/import/gnu/arm/4.9.3/bin/../lib/gcc/arm-none-eabi/4.9.3/../../../../arm-none-eabi/lib/armv7-m\libg_nano.a(lib_a-nano-svfprintf.o)
                0x00008188                . = ALIGN (0x4)
 *fill*         0x00008185        0x3 
 *(.init)
 .init          0x00008188        0x4 c:/program files (x86)/cypress/psoc creator/3.3/psoc creator/import/gnu/arm/4.9.3/bin/../lib/gcc/arm-none-eabi/4.9.3/armv7-m/crti.o
                0x00008188                _init
 .init          0x0000818c        0x8 c:/program files (x86)/cypress/psoc creator/3.3/psoc creator/import/gnu/arm/4.9.3/bin/../lib/gcc/arm-none-eabi/4.9.3/armv7-m/crtn.o
                0x00008194                . = ALIGN (0x4)
                0x00008194                __preinit_array_start = .
 *(.preinit_array)
                0x00008194                __preinit_array_end = .
                0x00008194                . = ALIGN (0x4)
                0x00008194                __init_array_start = .
 *(SORT(.init_array.*))
 *(.init_array)
 .init_array    0x00008194        0x4 c:/program files (x86)/cypress/psoc creator/3.3/psoc creator/import/gnu/arm/4.9.3/bin/../lib/gcc/arm-none-eabi/4.9.3/armv7-m/crtbegin.o
 .init_array    0x00008198        0x4 .\CortexM3\ARM_GCC_493\Debug\Cm3Start.o
                0x0000819c                __init_array_end = .
                0x0000819c                . = ALIGN (0x4)
 *(.fini)
 .fini          0x0000819c        0x4 c:/program files (x86)/cypress/psoc creator/3.3/psoc creator/import/gnu/arm/4.9.3/bin/../lib/gcc/arm-none-eabi/4.9.3/armv7-m/crti.o
                0x0000819c                _fini
 .fini          0x000081a0        0x8 c:/program files (x86)/cypress/psoc creator/3.3/psoc creator/import/gnu/arm/4.9.3/bin/../lib/gcc/arm-none-eabi/4.9.3/armv7-m/crtn.o
                0x000081a8                . = ALIGN (0x4)
                0x000081a8                __fini_array_start = .
 *(.fini_array)
 .fini_array    0x000081a8        0x4 c:/program files (x86)/cypress/psoc creator/3.3/psoc creator/import/gnu/arm/4.9.3/bin/../lib/gcc/arm-none-eabi/4.9.3/armv7-m/crtbegin.o
 *(SORT(.fini_array.*))
                0x000081ac                __fini_array_end = .
                0x000081ac                . = ALIGN (0x4)
 *crtbegin.o(.ctors)
 *(EXCLUDE_FILE(*crtend.o) .ctors)
 *(SORT(.ctors.*))
 *crtend.o(.ctors)
                0x000081ac                . = ALIGN (0x4)
 *crtbegin.o(.dtors)
 *(EXCLUDE_FILE(*crtend.o) .dtors)
 *(SORT(.dtors.*))
 *crtend.o(.dtors)
                0x000081ac                . = ALIGN (0x4)
                0x000081ac                __cy_regions = .
                0x000081ac        0x4 LONG 0x81c0 __cy_region_init_ram
                0x000081b0        0x4 LONG 0x1fff8108 __cy_region_start_data
                0x000081b4        0x4 LONG 0x708 __cy_region_init_size_ram
                0x000081b8        0x4 LONG 0x6f0 __cy_region_zero_size_ram
                0x000081bc                __cy_regions_end = .
                0x000081c0                . = ALIGN (0x8)
 *fill*         0x000081bc        0x4 
                0x000081c0                _etext = .

.cy_checksum_exclude
                0x000081c0        0x0
 *(.cy_checksum_exclude)

.ramvectors     0x1fff8000      0x100
                0x1fff8000                __cy_region_start_ram = .
 *(.ramvectors)
 .ramvectors    0x1fff8000      0x100 .\CortexM3\ARM_GCC_493\Debug\Cm3Start.o
                0x1fff8000                CyRamVectors

.noinit         0x1fff8100        0x5
 *(.noinit)
 .noinit        0x1fff8100        0x4 .\CortexM3\ARM_GCC_493\Debug\Cm3Start.o
 .noinit        0x1fff8104        0x1 .\CortexM3\ARM_GCC_493\Debug\freesoc.a(CyLib.o)
                0x1fff8104                CyResetStatus

.data           0x1fff8108      0x708 load address 0x000081c0
                0x1fff8108                __cy_region_start_data = .
 *(.jcr)
 .jcr           0x1fff8108        0x0 c:/program files (x86)/cypress/psoc creator/3.3/psoc creator/import/gnu/arm/4.9.3/bin/../lib/gcc/arm-none-eabi/4.9.3/armv7-m/crtbegin.o
 .jcr           0x1fff8108        0x4 c:/program files (x86)/cypress/psoc creator/3.3/psoc creator/import/gnu/arm/4.9.3/bin/../lib/gcc/arm-none-eabi/4.9.3/armv7-m/crtend.o
 *(.got.plt)
 *(.got)
 *(.shdata)
 *(.data .data.* .gnu.linkonce.d.*)
 .data          0x1fff810c       0x78 .\CortexM3\ARM_GCC_493\Debug\encoder.o
 .data          0x1fff8184      0x530 .\CortexM3\ARM_GCC_493\Debug\motor.o
 .data          0x1fff86b4       0xa8 .\CortexM3\ARM_GCC_493\Debug\pid.o
 .data          0x1fff875c        0x4 .\CortexM3\ARM_GCC_493\Debug\Cm3Start.o
 .data          0x1fff8760       0x10 .\CortexM3\ARM_GCC_493\Debug\freesoc.a(CyLib.o)
                0x1fff8760                cydelay_32k_ms
                0x1fff8764                cydelay_freq_khz
                0x1fff8768                cydelay_freq_mhz
                0x1fff876c                cydelay_freq_hz
 .data.__fdlib_version
                0x1fff8770        0x1 c:/program files (x86)/cypress/psoc creator/3.3/psoc creator/import/gnu/arm/4.9.3/bin/../lib/gcc/arm-none-eabi/4.9.3/../../../../arm-none-eabi/lib/armv7-m\libm.a(lib_a-s_lib_ver.o)
                0x1fff8770                __fdlib_version
 *fill*         0x1fff8771        0x3 
 .data.impure_data
                0x1fff8774       0x60 c:/program files (x86)/cypress/psoc creator/3.3/psoc creator/import/gnu/arm/4.9.3/bin/../lib/gcc/arm-none-eabi/4.9.3/../../../../arm-none-eabi/lib/armv7-m\libg_nano.a(lib_a-impure.o)
 .data._impure_ptr
                0x1fff87d4        0x4 c:/program files (x86)/cypress/psoc creator/3.3/psoc creator/import/gnu/arm/4.9.3/bin/../lib/gcc/arm-none-eabi/4.9.3/../../../../arm-none-eabi/lib/armv7-m\libg_nano.a(lib_a-impure.o)
                0x1fff87d4                _impure_ptr
 .data.lconv    0x1fff87d8       0x38 c:/program files (x86)/cypress/psoc creator/3.3/psoc creator/import/gnu/arm/4.9.3/bin/../lib/gcc/arm-none-eabi/4.9.3/../../../../arm-none-eabi/lib/armv7-m\libg_nano.a(lib_a-locale.o)
                0x1fff8810                . = ALIGN (0x8)
 *(.ram)
                0x1fff8810                _edata = .

.igot.plt       0x1fff8810        0x0 load address 0x000088c8
 .igot.plt      0x00000000        0x0 c:/program files (x86)/cypress/psoc creator/3.3/psoc creator/import/gnu/arm/4.9.3/bin/../lib/gcc/arm-none-eabi/4.9.3/armv7-m/crtbegin.o

.bss            0x1fff8810      0x6f0 load address 0x000088c8
                0x1fff8810                PROVIDE (__bss_start__, .)
 *(.shbss)
 *(.bss .bss.* .gnu.linkonce.b.*)
 .bss           0x1fff8810       0x1c c:/program files (x86)/cypress/psoc creator/3.3/psoc creator/import/gnu/arm/4.9.3/bin/../lib/gcc/arm-none-eabi/4.9.3/armv7-m/crtbegin.o
 .bss           0x1fff882c      0x4d0 .\CortexM3\ARM_GCC_493\Debug\cal.o
 .bss           0x1fff8cfc        0xc .\CortexM3\ARM_GCC_493\Debug\encoder.o
 .bss           0x1fff8d08       0x68 .\CortexM3\ARM_GCC_493\Debug\i2c.o
 .bss           0x1fff8d70       0x2c .\CortexM3\ARM_GCC_493\Debug\odom.o
 .bss           0x1fff8d9c        0x8 .\CortexM3\ARM_GCC_493\Debug\pid.o
 .bss           0x1fff8da4        0x4 .\CortexM3\ARM_GCC_493\Debug\time.o
 .bss           0x1fff8da8        0x2 .\CortexM3\ARM_GCC_493\Debug\ultrasonic.o
 .bss           0x1fff8daa        0x1 .\CortexM3\ARM_GCC_493\Debug\freesoc.a(Left_HB25_PWM.o)
                0x1fff8daa                Left_HB25_PWM_initVar
 .bss           0x1fff8dab        0x1 .\CortexM3\ARM_GCC_493\Debug\freesoc.a(Right_HB25_PWM.o)
                0x1fff8dab                Right_HB25_PWM_initVar
 .bss           0x1fff8dac       0x1c .\CortexM3\ARM_GCC_493\Debug\freesoc.a(CyLib.o)
                0x1fff8dc4                CySysTickInitVar
 .bss           0x1fff8dc8        0x2 .\CortexM3\ARM_GCC_493\Debug\freesoc.a(UART_Debug.o)
                0x1fff8dc8                UART_Debug_initVar
 .bss           0x1fff8dca        0x1 .\CortexM3\ARM_GCC_493\Debug\freesoc.a(EZI2C_Slave.o)
                0x1fff8dca                EZI2C_Slave_initVar
 .bss           0x1fff8dcb        0x2 .\CortexM3\ARM_GCC_493\Debug\freesoc.a(EZI2C_Slave_INT.o)
 .bss           0x1fff8dcd        0x1 .\CortexM3\ARM_GCC_493\Debug\freesoc.a(Front_Echo_Timer.o)
                0x1fff8dcd                Front_Echo_Timer_initVar
 .bss           0x1fff8dce        0x1 .\CortexM3\ARM_GCC_493\Debug\freesoc.a(Rear_Echo_Timer.o)
                0x1fff8dce                Rear_Echo_Timer_initVar
 .bss           0x1fff8dcf        0x1 .\CortexM3\ARM_GCC_493\Debug\freesoc.a(Right_QuadDec.o)
                0x1fff8dcf                Right_QuadDec_initVar
 .bss           0x1fff8dd0        0x4 .\CortexM3\ARM_GCC_493\Debug\freesoc.a(Right_QuadDec_INT.o)
                0x1fff8dd0                Right_QuadDec_count32SoftPart
 .bss           0x1fff8dd4        0x1 .\CortexM3\ARM_GCC_493\Debug\freesoc.a(Right_QuadDec_Cnt16.o)
                0x1fff8dd4                Right_QuadDec_Cnt16_initVar
 .bss           0x1fff8dd5        0x1 .\CortexM3\ARM_GCC_493\Debug\freesoc.a(Left_QuadDec.o)
                0x1fff8dd5                Left_QuadDec_initVar
 *fill*         0x1fff8dd6        0x2 
 .bss           0x1fff8dd8        0x4 .\CortexM3\ARM_GCC_493\Debug\freesoc.a(Left_QuadDec_INT.o)
                0x1fff8dd8                Left_QuadDec_count32SoftPart
 .bss           0x1fff8ddc        0x1 .\CortexM3\ARM_GCC_493\Debug\freesoc.a(Left_QuadDec_Cnt16.o)
                0x1fff8ddc                Left_QuadDec_Cnt16_initVar
 *fill*         0x1fff8ddd        0x3 
 .bss.__malloc_sbrk_start
                0x1fff8de0        0x4 c:/program files (x86)/cypress/psoc creator/3.3/psoc creator/import/gnu/arm/4.9.3/bin/../lib/gcc/arm-none-eabi/4.9.3/../../../../arm-none-eabi/lib/armv7-m\libg_nano.a(lib_a-nano-mallocr.o)
                0x1fff8de0                __malloc_sbrk_start
 .bss.__malloc_free_list
                0x1fff8de4        0x4 c:/program files (x86)/cypress/psoc creator/3.3/psoc creator/import/gnu/arm/4.9.3/bin/../lib/gcc/arm-none-eabi/4.9.3/../../../../arm-none-eabi/lib/armv7-m\libg_nano.a(lib_a-nano-mallocr.o)
                0x1fff8de4                __malloc_free_list
 *(COMMON)
 COMMON         0x1fff8de8      0x100 .\CortexM3\ARM_GCC_493\Debug\main.o
                0x1fff8de8                formatted_string
 COMMON         0x1fff8ee8        0xd .\CortexM3\ARM_GCC_493\Debug\freesoc.a(EZI2C_Slave.o)
                0x1fff8ee8                EZI2C_Slave_wrProtectS1
                0x1fff8eea                EZI2C_Slave_curState
                0x1fff8eeb                EZI2C_Slave_rwOffsetS1
                0x1fff8eec                EZI2C_Slave_dataPtrS1
                0x1fff8ef0                EZI2C_Slave_rwIndexS1
                0x1fff8ef2                EZI2C_Slave_bufSizeS1
                0x1fff8ef4                EZI2C_Slave_curStatus
 *fill*         0x1fff8ef5        0x3 
 COMMON         0x1fff8ef8        0x4 c:/program files (x86)/cypress/psoc creator/3.3/psoc creator/import/gnu/arm/4.9.3/bin/../lib/gcc/arm-none-eabi/4.9.3/../../../../arm-none-eabi/lib/armv7-m\libg_nano.a(lib_a-reent.o)
                0x1fff8ef8                errno
                0x1fff8f00                . = ALIGN (0x8)
 *fill*         0x1fff8efc        0x4 
 *(.ram.b)
                0x1fff8f00                _end = .
                0x1fff8f00                __end = .
                0x1fff8f00                PROVIDE (end, .)
                0x1fff8f00                PROVIDE (__bss_end__, .)
                0x000081c0                __cy_region_init_ram = LOADADDR (.data)
                0x00000708                __cy_region_init_size_ram = (_edata - ADDR (.data))
                0x000006f0                __cy_region_zero_size_ram = (_end - _edata)

.heap           0x1fff8f00       0x80 load address 0x000088c8
                0x1fff8f00                . = _end
                0x1fff8f80                . = (. + 0x80)
 *fill*         0x1fff8f00       0x80 
                0x1fff8f80                __cy_heap_limit = .

.stack          0x20007800      0x800
                0x20007800                __cy_stack_limit = .
                0x20008000                . = (. + 0x800)
 *fill*         0x20007800      0x800 
                0x00000001                ASSERT ((__cy_stack_limit >= __cy_heap_limit), region RAM overflowed with stack)
                0x00000000                cy_checksum_exclude_size = (CY_APPL_LOADABLE == 0x1)?SIZEOF (.cy_checksum_exclude):0x0
                0x00000001                ASSERT ((cy_checksum_exclude_size <= CY_CHECKSUM_EXCLUDE_SIZE), CY_BOOT: Section .cy_checksum_exclude size exceedes specified limit.)

.cyloadermeta
 *(.cyloadermeta)

.cyloadablemeta
 *(.cyloadablemeta)

.cyconfigecc    0x80000000     0x11ec
 *(.cyconfigecc)
 .cyconfigecc   0x80000000     0x11ec .\CortexM3\ARM_GCC_493\Debug\cymetadata.o
                0x80000000                cy_meta_configecc

.cycustnvl      0x90000000        0x4
 *(.cycustnvl)
 .cycustnvl     0x90000000        0x4 .\CortexM3\ARM_GCC_493\Debug\cymetadata.o
                0x90000000                cy_meta_custnvl

.cywolatch      0x90100000        0x4
 *(.cywolatch)
 .cywolatch     0x90100000        0x4 .\CortexM3\ARM_GCC_493\Debug\cymetadata.o
                0x90100000                cy_meta_wonvl

.cyeeprom       0x90200000        0x0
 *(.cyeeprom)
                0x00000001                ASSERT ((. <= ((0x90200000 + ee_offset) + ee_size)), .cyeeprom data will not fit in EEPROM)

.cyflashprotect
                0x90400000      0x100
 *(.cyflashprotect)
 .cyflashprotect
                0x90400000      0x100 .\CortexM3\ARM_GCC_493\Debug\cymetadata.o
                0x90400000                cy_meta_flashprotect

.cymeta         0x90500000        0xc
 *(.cymeta)
 .cymeta        0x90500000        0xc .\CortexM3\ARM_GCC_493\Debug\cymetadata.o
                0x90500000                cy_metadata

.rel.dyn        0x000088c8        0x0 load address 0x9050000c
 .rel.iplt      0x00000000        0x0 c:/program files (x86)/cypress/psoc creator/3.3/psoc creator/import/gnu/arm/4.9.3/bin/../lib/gcc/arm-none-eabi/4.9.3/armv7-m/crtbegin.o

.stab
 *(.stab)

.stabstr
 *(.stabstr)

.debug
 *(.debug)

.line
 *(.line)

.debug_srcinfo
 *(.debug_srcinfo)

.debug_sfnames
 *(.debug_sfnames)

.debug_aranges  0x00000000     0x12f0
 *(.debug_aranges)
 .debug_aranges
                0x00000000       0x20 .\CortexM3\ARM_GCC_493\Debug\main.o
 .debug_aranges
                0x00000020       0x68 .\CortexM3\ARM_GCC_493\Debug\cal.o
 .debug_aranges
                0x00000088       0x30 .\CortexM3\ARM_GCC_493\Debug\control.o
 .debug_aranges
                0x000000b8       0x28 .\CortexM3\ARM_GCC_493\Debug\debug.o
 .debug_aranges
                0x000000e0       0x30 .\CortexM3\ARM_GCC_493\Debug\diag.o
 .debug_aranges
                0x00000110       0x88 .\CortexM3\ARM_GCC_493\Debug\encoder.o
 .debug_aranges
                0x00000198       0xc0 .\CortexM3\ARM_GCC_493\Debug\i2c.o
 .debug_aranges
                0x00000258       0xe0 .\CortexM3\ARM_GCC_493\Debug\motor.o
 .debug_aranges
                0x00000338       0x38 .\CortexM3\ARM_GCC_493\Debug\odom.o
 .debug_aranges
                0x00000370       0x40 .\CortexM3\ARM_GCC_493\Debug\pid.o
 .debug_aranges
                0x000003b0       0x38 .\CortexM3\ARM_GCC_493\Debug\time.o
 .debug_aranges
                0x000003e8       0x50 .\CortexM3\ARM_GCC_493\Debug\ultrasonic.o
 .debug_aranges
                0x00000438       0x80 .\CortexM3\ARM_GCC_493\Debug\utils.o
 .debug_aranges
                0x000004b8       0xa8 .\CortexM3\ARM_GCC_493\Debug\pid_controller.o
 .debug_aranges
                0x00000560       0x18 .\CortexM3\ARM_GCC_493\Debug\cymetadata.o
 .debug_aranges
                0x00000578       0x48 .\CortexM3\ARM_GCC_493\Debug\Cm3Start.o
 .debug_aranges
                0x000005c0       0x58 .\CortexM3\ARM_GCC_493\Debug\freesoc.a(cyfitter_cfg.o)
 .debug_aranges
                0x00000618       0x38 .\CortexM3\ARM_GCC_493\Debug\freesoc.a(Left_HB25_Enable_Pin.o)
 .debug_aranges
                0x00000650       0x70 .\CortexM3\ARM_GCC_493\Debug\freesoc.a(Left_HB25_PWM.o)
 .debug_aranges
                0x000006c0       0x38 .\CortexM3\ARM_GCC_493\Debug\freesoc.a(Right_HB25_Enable_Pin.o)
 .debug_aranges
                0x000006f8       0x70 .\CortexM3\ARM_GCC_493\Debug\freesoc.a(Right_HB25_PWM.o)
 .debug_aranges
                0x00000768       0x20 .\CortexM3\ARM_GCC_493\Debug\freesoc.a(CyBootAsmGnu.o)
 .debug_aranges
                0x00000788      0x298 .\CortexM3\ARM_GCC_493\Debug\freesoc.a(CyLib.o)
 .debug_aranges
                0x00000a20       0x98 .\CortexM3\ARM_GCC_493\Debug\freesoc.a(cyPm.o)
 .debug_aranges
                0x00000ab8       0xf0 .\CortexM3\ARM_GCC_493\Debug\freesoc.a(UART_Debug.o)
 .debug_aranges
                0x00000ba8       0x70 .\CortexM3\ARM_GCC_493\Debug\freesoc.a(UART_Debug_IntClock.o)
 .debug_aranges
                0x00000c18       0x58 .\CortexM3\ARM_GCC_493\Debug\freesoc.a(EZI2C_Slave.o)
 .debug_aranges
                0x00000c70       0x38 .\CortexM3\ARM_GCC_493\Debug\freesoc.a(EZI2C_Slave_PM.o)
 .debug_aranges
                0x00000ca8       0x20 .\CortexM3\ARM_GCC_493\Debug\freesoc.a(EZI2C_Slave_INT.o)
 .debug_aranges
                0x00000cc8       0x80 .\CortexM3\ARM_GCC_493\Debug\freesoc.a(Front_Echo_Intr.o)
 .debug_aranges
                0x00000d48       0x28 .\CortexM3\ARM_GCC_493\Debug\freesoc.a(Front_Trigger_Reg.o)
 .debug_aranges
                0x00000d70       0x28 .\CortexM3\ARM_GCC_493\Debug\freesoc.a(Front_Trigger_Select_Reg.o)
 .debug_aranges
                0x00000d98       0x90 .\CortexM3\ARM_GCC_493\Debug\freesoc.a(Front_Echo_Timer.o)
 .debug_aranges
                0x00000e28       0x28 .\CortexM3\ARM_GCC_493\Debug\freesoc.a(Rear_Trigger_Reg.o)
 .debug_aranges
                0x00000e50       0x28 .\CortexM3\ARM_GCC_493\Debug\freesoc.a(Rear_Trigger_Select_Reg.o)
 .debug_aranges
                0x00000e78       0x80 .\CortexM3\ARM_GCC_493\Debug\freesoc.a(Rear_Echo_Intr.o)
 .debug_aranges
                0x00000ef8       0x98 .\CortexM3\ARM_GCC_493\Debug\freesoc.a(Rear_Echo_Timer.o)
 .debug_aranges
                0x00000f90       0x38 .\CortexM3\ARM_GCC_493\Debug\freesoc.a(Mainloop_Pin.o)
 .debug_aranges
                0x00000fc8       0x60 .\CortexM3\ARM_GCC_493\Debug\freesoc.a(Right_QuadDec.o)
 .debug_aranges
                0x00001028       0x20 .\CortexM3\ARM_GCC_493\Debug\freesoc.a(Right_QuadDec_INT.o)
 .debug_aranges
                0x00001048       0x98 .\CortexM3\ARM_GCC_493\Debug\freesoc.a(Right_QuadDec_Cnt16.o)
 .debug_aranges
                0x000010e0       0x60 .\CortexM3\ARM_GCC_493\Debug\freesoc.a(Left_QuadDec.o)
 .debug_aranges
                0x00001140       0x20 .\CortexM3\ARM_GCC_493\Debug\freesoc.a(Left_QuadDec_INT.o)
 .debug_aranges
                0x00001160       0x98 .\CortexM3\ARM_GCC_493\Debug\freesoc.a(Left_QuadDec_Cnt16.o)
 .debug_aranges
                0x000011f8       0x80 .\CortexM3\ARM_GCC_493\Debug\freesoc.a(CyFlash.o)
 .debug_aranges
                0x00001278       0x78 .\CortexM3\ARM_GCC_493\Debug\freesoc.a(CySpc.o)

.debug_pubnames
 *(.debug_pubnames)

.debug_info     0x00000000     0xb5bb
 *(.debug_info .gnu.linkonce.wi.*)
 .debug_info    0x00000000      0x45b .\CortexM3\ARM_GCC_493\Debug\main.o
 .debug_info    0x0000045b      0x705 .\CortexM3\ARM_GCC_493\Debug\cal.o
 .debug_info    0x00000b60      0x186 .\CortexM3\ARM_GCC_493\Debug\control.o
 .debug_info    0x00000ce6      0x14a .\CortexM3\ARM_GCC_493\Debug\debug.o
 .debug_info    0x00000e30      0x12a .\CortexM3\ARM_GCC_493\Debug\diag.o
 .debug_info    0x00000f5a      0x6bc .\CortexM3\ARM_GCC_493\Debug\encoder.o
 .debug_info    0x00001616      0x750 .\CortexM3\ARM_GCC_493\Debug\i2c.o
 .debug_info    0x00001d66     0x10dc .\CortexM3\ARM_GCC_493\Debug\motor.o
 .debug_info    0x00002e42      0x3af .\CortexM3\ARM_GCC_493\Debug\odom.o
 .debug_info    0x000031f1      0x7ce .\CortexM3\ARM_GCC_493\Debug\pid.o
 .debug_info    0x000039bf      0x1b1 .\CortexM3\ARM_GCC_493\Debug\time.o
 .debug_info    0x00003b70      0x44a .\CortexM3\ARM_GCC_493\Debug\ultrasonic.o
 .debug_info    0x00003fba      0x5df .\CortexM3\ARM_GCC_493\Debug\utils.o
 .debug_info    0x00004599      0x62d .\CortexM3\ARM_GCC_493\Debug\pid_controller.o
 .debug_info    0x00004bc6      0x13f .\CortexM3\ARM_GCC_493\Debug\cymetadata.o
 .debug_info    0x00004d05      0x3a5 .\CortexM3\ARM_GCC_493\Debug\Cm3Start.o
 .debug_info    0x000050aa      0x690 .\CortexM3\ARM_GCC_493\Debug\freesoc.a(cyfitter_cfg.o)
 .debug_info    0x0000573a      0x11f .\CortexM3\ARM_GCC_493\Debug\freesoc.a(Left_HB25_Enable_Pin.o)
 .debug_info    0x00005859      0x22c .\CortexM3\ARM_GCC_493\Debug\freesoc.a(Left_HB25_PWM.o)
 .debug_info    0x00005a85      0x11f .\CortexM3\ARM_GCC_493\Debug\freesoc.a(Right_HB25_Enable_Pin.o)