Archive member included because of file (symbol)

.\CortexM3\ARM_GCC_493\Debug\freesoc.a(cyfitter_cfg.o)
                              .\CortexM3\ARM_GCC_493\Debug\infrared.o (Front_AMuxSeq_DisconnectAll)
.\CortexM3\ARM_GCC_493\Debug\freesoc.a(Left_HB25_Enable_Pin.o)
                              .\CortexM3\ARM_GCC_493\Debug\motor.o (Left_HB25_Enable_Pin_Write)
.\CortexM3\ARM_GCC_493\Debug\freesoc.a(Left_HB25_PWM.o)
                              .\CortexM3\ARM_GCC_493\Debug\motor.o (Left_HB25_PWM_Stop)
.\CortexM3\ARM_GCC_493\Debug\freesoc.a(Right_HB25_Enable_Pin.o)
                              .\CortexM3\ARM_GCC_493\Debug\motor.o (Right_HB25_Enable_Pin_Write)
.\CortexM3\ARM_GCC_493\Debug\freesoc.a(Right_HB25_PWM.o)
                              .\CortexM3\ARM_GCC_493\Debug\motor.o (Right_HB25_PWM_Stop)
.\CortexM3\ARM_GCC_493\Debug\freesoc.a(CyBootAsmGnu.o)
                              .\CortexM3\ARM_GCC_493\Debug\freesoc.a(cyfitter_cfg.o) (CyDelayCycles)
.\CortexM3\ARM_GCC_493\Debug\freesoc.a(CyLib.o)
                              .\CortexM3\ARM_GCC_493\Debug\Cm3Start.o (CyHalt)
.\CortexM3\ARM_GCC_493\Debug\freesoc.a(cyPm.o)
                              .\CortexM3\ARM_GCC_493\Debug\freesoc.a(CyLib.o) (CyPmReadStatus)
.\CortexM3\ARM_GCC_493\Debug\freesoc.a(UART_Debug.o)
                              .\CortexM3\ARM_GCC_493\Debug\debug.o (UART_Debug_Start)
.\CortexM3\ARM_GCC_493\Debug\freesoc.a(UART_Debug_IntClock.o)
                              .\CortexM3\ARM_GCC_493\Debug\freesoc.a(UART_Debug.o) (UART_Debug_IntClock_Start)
.\CortexM3\ARM_GCC_493\Debug\freesoc.a(EZI2C_Slave.o)
                              .\CortexM3\ARM_GCC_493\Debug\i2c.o (EZI2C_Slave_Start)
.\CortexM3\ARM_GCC_493\Debug\freesoc.a(EZI2C_Slave_PM.o)
                              .\CortexM3\ARM_GCC_493\Debug\freesoc.a(EZI2C_Slave.o) (EZI2C_Slave_backup)
.\CortexM3\ARM_GCC_493\Debug\freesoc.a(EZI2C_Slave_INT.o)
                              .\CortexM3\ARM_GCC_493\Debug\freesoc.a(EZI2C_Slave.o) (EZI2C_Slave_ISR)
.\CortexM3\ARM_GCC_493\Debug\freesoc.a(Front_Echo_Intr.o)
                              .\CortexM3\ARM_GCC_493\Debug\ultrasonic.o (Front_Echo_Intr_StartEx)
.\CortexM3\ARM_GCC_493\Debug\freesoc.a(Front_Trigger_Reg.o)
                              .\CortexM3\ARM_GCC_493\Debug\ultrasonic.o (Front_Trigger_Reg_Write)
.\CortexM3\ARM_GCC_493\Debug\freesoc.a(Front_Trigger_Select_Reg.o)
                              .\CortexM3\ARM_GCC_493\Debug\ultrasonic.o (Front_Trigger_Select_Reg_Write)
.\CortexM3\ARM_GCC_493\Debug\freesoc.a(Front_Echo_Timer.o)
                              .\CortexM3\ARM_GCC_493\Debug\ultrasonic.o (Front_Echo_Timer_ReadCounter)
.\CortexM3\ARM_GCC_493\Debug\freesoc.a(Rear_Trigger_Reg.o)
                              .\CortexM3\ARM_GCC_493\Debug\ultrasonic.o (Rear_Trigger_Reg_Write)
.\CortexM3\ARM_GCC_493\Debug\freesoc.a(Rear_Trigger_Select_Reg.o)
                              .\CortexM3\ARM_GCC_493\Debug\ultrasonic.o (Rear_Trigger_Select_Reg_Write)
.\CortexM3\ARM_GCC_493\Debug\freesoc.a(Rear_Echo_Intr.o)
                              .\CortexM3\ARM_GCC_493\Debug\ultrasonic.o (Rear_Echo_Intr_StartEx)
.\CortexM3\ARM_GCC_493\Debug\freesoc.a(Rear_Echo_Timer.o)
                              .\CortexM3\ARM_GCC_493\Debug\ultrasonic.o (Rear_Echo_Timer_ReadCounter)
.\CortexM3\ARM_GCC_493\Debug\freesoc.a(Front_ADC_SAR.o)
                              .\CortexM3\ARM_GCC_493\Debug\infrared.o (Front_ADC_SAR_Start)
.\CortexM3\ARM_GCC_493\Debug\freesoc.a(Front_ADC_SAR_INT.o)
                              .\CortexM3\ARM_GCC_493\Debug\freesoc.a(Front_ADC_SAR.o) (Front_ADC_SAR_ISR)
.\CortexM3\ARM_GCC_493\Debug\freesoc.a(Front_AMuxSeq.o)
                              .\CortexM3\ARM_GCC_493\Debug\infrared.o (Front_AMuxSeq_Start)
.\CortexM3\ARM_GCC_493\Debug\freesoc.a(Rear_ADC_SAR.o)
                              .\CortexM3\ARM_GCC_493\Debug\infrared.o (Rear_ADC_SAR_Start)
.\CortexM3\ARM_GCC_493\Debug\freesoc.a(Rear_ADC_SAR_INT.o)
                              .\CortexM3\ARM_GCC_493\Debug\freesoc.a(Rear_ADC_SAR.o) (Rear_ADC_SAR_ISR)
.\CortexM3\ARM_GCC_493\Debug\freesoc.a(Rear_AMuxSeq.o)
                              .\CortexM3\ARM_GCC_493\Debug\infrared.o (Rear_AMuxSeq_Start)
.\CortexM3\ARM_GCC_493\Debug\freesoc.a(Front_ADC_SAR_IRQ.o)
                              .\CortexM3\ARM_GCC_493\Debug\infrared.o (Front_ADC_SAR_IRQ_StartEx)
.\CortexM3\ARM_GCC_493\Debug\freesoc.a(Front_ADC_SAR_theACLK.o)
                              .\CortexM3\ARM_GCC_493\Debug\freesoc.a(Front_ADC_SAR.o) (Front_ADC_SAR_theACLK_SetModeRegister)
.\CortexM3\ARM_GCC_493\Debug\freesoc.a(Rear_ADC_SAR_IRQ.o)
                              .\CortexM3\ARM_GCC_493\Debug\infrared.o (Rear_ADC_SAR_IRQ_StartEx)
.\CortexM3\ARM_GCC_493\Debug\freesoc.a(Rear_ADC_SAR_theACLK.o)
                              .\CortexM3\ARM_GCC_493\Debug\freesoc.a(Rear_ADC_SAR.o) (Rear_ADC_SAR_theACLK_SetModeRegister)
[...]
Memory Configuration

Name             Origin             Length             Attributes
rom              0x00000000         0x00040000         xr
ram              0x1fff8000         0x00010000         xrw
*default*        0x00000000         0xffffffff

Linker script and memory map

LOAD c:/program files (x86)/cypress/psoc creator/3.3/psoc creator/import/gnu/arm/4.9.3/bin/../lib/gcc/arm-none-eabi/4.9.3/armv7-m/crti.o
LOAD c:/program files (x86)/cypress/psoc creator/3.3/psoc creator/import/gnu/arm/4.9.3/bin/../lib/gcc/arm-none-eabi/4.9.3/armv7-m/crtbegin.o
LOAD c:/program files (x86)/cypress/psoc creator/3.3/psoc creator/import/gnu/arm/4.9.3/bin/../lib/gcc/arm-none-eabi/4.9.3/../../../../arm-none-eabi/lib/armv7-m/crt0.o
START GROUP
LOAD .\CortexM3\ARM_GCC_493\Debug\main.o
LOAD .\CortexM3\ARM_GCC_493\Debug\cal.o
LOAD .\CortexM3\ARM_GCC_493\Debug\control.o
LOAD .\CortexM3\ARM_GCC_493\Debug\debug.o
LOAD .\CortexM3\ARM_GCC_493\Debug\diag.o
LOAD .\CortexM3\ARM_GCC_493\Debug\encoder.o
LOAD .\CortexM3\ARM_GCC_493\Debug\i2c.o
LOAD .\CortexM3\ARM_GCC_493\Debug\motor.o
LOAD .\CortexM3\ARM_GCC_493\Debug\odom.o
LOAD .\CortexM3\ARM_GCC_493\Debug\pid.o
LOAD .\CortexM3\ARM_GCC_493\Debug\time.o
LOAD .\CortexM3\ARM_GCC_493\Debug\ultrasonic.o
LOAD .\CortexM3\ARM_GCC_493\Debug\utils.o
LOAD .\CortexM3\ARM_GCC_493\Debug\infrared.o
LOAD .\CortexM3\ARM_GCC_493\Debug\pid_controller.o
LOAD .\CortexM3\ARM_GCC_493\Debug\cymetadata.o
LOAD .\CortexM3\ARM_GCC_493\Debug\Cm3Start.o
LOAD .\CortexM3\ARM_GCC_493\Debug\freesoc.a
LOAD C:\Program Files (x86)\Cypress\PSoC Creator\3.3\PSoC Creator\psoc\content\cycomponentlibrary\CyComponentLibrary.cylib\CortexM3\ARM_GCC_493\Debug\CyComponentLibrary.a
LOAD c:/program files (x86)/cypress/psoc creator/3.3/psoc creator/import/gnu/arm/4.9.3/bin/../lib/gcc/arm-none-eabi/4.9.3/../../../../arm-none-eabi/lib/armv7-m\libm.a
END GROUP
START GROUP
LOAD c:/program files (x86)/cypress/psoc creator/3.3/psoc creator/import/gnu/arm/4.9.3/bin/../lib/gcc/arm-none-eabi/4.9.3/armv7-m\libgcc.a
LOAD c:/program files (x86)/cypress/psoc creator/3.3/psoc creator/import/gnu/arm/4.9.3/bin/../lib/gcc/arm-none-eabi/4.9.3/../../../../arm-none-eabi/lib/armv7-m\libg_nano.a
LOAD c:/program files (x86)/cypress/psoc creator/3.3/psoc creator/import/gnu/arm/4.9.3/bin/../lib/gcc/arm-none-eabi/4.9.3/../../../../arm-none-eabi/lib/armv7-m\libc_nano.a
END GROUP
START GROUP
LOAD c:/program files (x86)/cypress/psoc creator/3.3/psoc creator/import/gnu/arm/4.9.3/bin/../lib/gcc/arm-none-eabi/4.9.3/armv7-m\libgcc.a
LOAD c:/program files (x86)/cypress/psoc creator/3.3/psoc creator/import/gnu/arm/4.9.3/bin/../lib/gcc/arm-none-eabi/4.9.3/../../../../arm-none-eabi/lib/armv7-m\libc_nano.a
END GROUP
LOAD c:/program files (x86)/cypress/psoc creator/3.3/psoc creator/import/gnu/arm/4.9.3/bin/../lib/gcc/arm-none-eabi/4.9.3/armv7-m/crtend.o
LOAD c:/program files (x86)/cypress/psoc creator/3.3/psoc creator/import/gnu/arm/4.9.3/bin/../lib/gcc/arm-none-eabi/4.9.3/armv7-m/crtn.o
START GROUP
LOAD c:/program files (x86)/cypress/psoc creator/3.3/psoc creator/import/gnu/arm/4.9.3/bin/../lib/gcc/arm-none-eabi/4.9.3/armv7-m\libgcc.a
LOAD c:/program files (x86)/cypress/psoc creator/3.3/psoc creator/import/gnu/arm/4.9.3/bin/../lib/gcc/arm-none-eabi/4.9.3/../../../../arm-none-eabi/lib/armv7-m\libc.a
LOAD c:/program files (x86)/cypress/psoc creator/3.3/psoc creator/import/gnu/arm/4.9.3/bin/../lib/gcc/arm-none-eabi/4.9.3/../../../../arm-none-eabi/lib/armv7-m\libnosys.a
END GROUP
                0x00000000                CY_APPL_ORIGIN = 0x0
                0x00000100                CY_FLASH_ROW_SIZE = 0x100
                0x00000020                CY_ECC_ROW_SIZE = 0x20
                0x00000000                CY_EE_IN_BTLDR = 0x0
                0x00000000                CY_APPL_LOADABLE = 0x0
                0x00000800                CY_EE_SIZE = 0x800
                0x00000001                CY_APPL_NUM = 0x1
                0x00000001                CY_APPL_MAX = 0x1
                0x00000040                CY_METADATA_SIZE = 0x40
                0x00000000                CY_APPL_LOADABLE = 0x0
                0x00000000                CY_CHECKSUM_EXCLUDE_SIZE = ALIGN (0x0, CY_FLASH_ROW_SIZE)
                0x1fff8f28                PROVIDE (__cy_heap_start, _end)
                0x00000001                PROVIDE (__cy_region_num, ((__cy_regions_end - __cy_regions) / 0x10))
                0x20008000                PROVIDE (__cy_stack, (ORIGIN (ram) + 0x10000))
                0x20007800                PROVIDE (__cy_heap_end, (__cy_stack - 0x800))

.cybootloader   0x00000000        0x0
 *(.cybootloader)
                0x00000000                appl1_start = CY_APPL_ORIGIN?CY_APPL_ORIGIN:ALIGN (CY_FLASH_ROW_SIZE)
                0x0001ff00                appl2_start = (appl1_start + ALIGN ((((0x40000 - appl1_start) - (0x2 * CY_FLASH_ROW_SIZE)) / 0x2), CY_FLASH_ROW_SIZE))
                0x00000000                appl_start = (CY_APPL_NUM == 0x1)?appl1_start:appl2_start
                0x00000000                ecc_offset = ((appl_start / CY_FLASH_ROW_SIZE) * CY_ECC_ROW_SIZE)
                0x00000000                ee_offset = (CY_APPL_LOADABLE && ! (CY_EE_IN_BTLDR))?((CY_EE_SIZE / CY_APPL_MAX) * (CY_APPL_NUM - 0x1)):0x0
                0x00000800                ee_size = (CY_APPL_LOADABLE && ! (CY_EE_IN_BTLDR))?(CY_EE_SIZE / CY_APPL_MAX):CY_EE_SIZE
                0x00000000                PROVIDE (CY_ECC_OFFSET, ecc_offset)

.text           0x00000000     0x85c6
 CREATE_OBJECT_SYMBOLS
                0x00000000                PROVIDE (__cy_interrupt_vector, RomVectors)
 *(.romvectors)
 .romvectors    0x00000000       0x10 .\CortexM3\ARM_GCC_493\Debug\Cm3Start.o
                0x00000000                RomVectors
                0x00000001                ASSERT ((. != __cy_interrupt_vector), No interrupt vector)
                0x00000001                ASSERT (CY_APPL_ORIGIN?(SIZEOF (.cybootloader) <= CY_APPL_ORIGIN):0x1, Wrong image location)
                0x00000010                PROVIDE (__cy_reset, Reset)
 *(.text.Reset)
 .text.Reset    0x00000010       0x18 .\CortexM3\ARM_GCC_493\Debug\Cm3Start.o
                0x00000010                Reset
                0x00000001                ASSERT ((. != __cy_reset), No reset code)
 *(.dma_init)
                0x00000001                ASSERT ((((appl_start + .) <= 0x10000) || 0x1), DMA Init must be within the first 64k of flash)
 *(.text .text.* .gnu.linkonce.t.*)
 .text          0x00000028       0x5c c:/program files (x86)/cypress/psoc creator/3.3/psoc creator/import/gnu/arm/4.9.3/bin/../lib/gcc/arm-none-eabi/4.9.3/armv7-m/crtbegin.o
 .text.main     0x00000084       0xc4 .\CortexM3\ARM_GCC_493\Debug\main.o
                0x00000084                main
 .text.CalculatePwmSamples
                0x00000148       0x64 .\CortexM3\ARM_GCC_493\Debug\cal.o
 .text.AddSamplesToSum
                0x000001ac       0x24 .\CortexM3\ARM_GCC_493\Debug\cal.o
 .text.CalculateAvgCpsSamples
                0x000001d0       0x20 .\CortexM3\ARM_GCC_493\Debug\cal.o
 .text.CalibrateWheelSpeed
                0x000001f0       0xa0 .\CortexM3\ARM_GCC_493\Debug\cal.o
 .text.Cal_Update
                0x00000290       0x6c .\CortexM3\ARM_GCC_493\Debug\cal.o
                0x00000290                Cal_Update
 .text.Cal_Download
                0x000002fc        0x4 .\CortexM3\ARM_GCC_493\Debug\cal.o
                0x000002fc                Cal_Download
 .text.Cal_Upload
                0x00000300        0x4 .\CortexM3\ARM_GCC_493\Debug\cal.o
                0x00000300                Cal_Upload
 .text.Cal_Validate
                0x00000304        0x4 .\CortexM3\ARM_GCC_493\Debug\cal.o
                0x00000304                Cal_Validate
 .text.Control_Init
                0x00000308        0x4 .\CortexM3\ARM_GCC_493\Debug\control.o
                0x00000308                Control_Init
 .text.Control_Start
                0x0000030c        0x4 .\CortexM3\ARM_GCC_493\Debug\control.o
                0x0000030c                Control_Start
 .text.Control_Update
                0x00000310       0x48 .\CortexM3\ARM_GCC_493\Debug\control.o
                0x00000310                Control_Update
 .text.Debug_Init
                0x00000358       0x14 .\CortexM3\ARM_GCC_493\Debug\debug.o
                0x00000358                Debug_Init
 .text.Debug_Start
                0x0000036c        0x8 .\CortexM3\ARM_GCC_493\Debug\debug.o
                0x0000036c                Debug_Start
 .text.Diag_Init
                0x00000374        0x4 .\CortexM3\ARM_GCC_493\Debug\diag.o
                0x00000374                Diag_Init
 .text.Diag_Start
                0x00000378        0x4 .\CortexM3\ARM_GCC_493\Debug\diag.o
                0x00000378                Diag_Start
 .text.Diag_Update
                0x0000037c        0x8 .\CortexM3\ARM_GCC_493\Debug\diag.o
                0x0000037c                Diag_Update
 *fill*         0x00000384        0x4 
 .text.Encoder_Sample
                0x00000388       0x70 .\CortexM3\ARM_GCC_493\Debug\encoder.o
 .text.DumpEncoder
                0x000003f8       0x64 .\CortexM3\ARM_GCC_493\Debug\encoder.o
 .text.Encoder_Init
                0x0000045c       0x58 .\CortexM3\ARM_GCC_493\Debug\encoder.o
                0x0000045c                Encoder_Init
 .text.Encoder_Start
                0x000004b4       0x20 .\CortexM3\ARM_GCC_493\Debug\encoder.o
                0x000004b4                Encoder_Start
 .text.Encoder_Update
                0x000004d4       0x68 .\CortexM3\ARM_GCC_493\Debug\encoder.o
                0x000004d4                Encoder_Update
 .text.Encoder_LeftGetCntsPerSec
                0x0000053c        0xc .\CortexM3\ARM_GCC_493\Debug\encoder.o
                0x0000053c                Encoder_LeftGetCntsPerSec
 .text.Encoder_RightGetCntsPerSec
                0x00000548        0xc .\CortexM3\ARM_GCC_493\Debug\encoder.o
                0x00000548                Encoder_RightGetCntsPerSec
 .text.Encoder_LeftGetMmPerSec
                0x00000554        0xc .\CortexM3\ARM_GCC_493\Debug\encoder.o
                0x00000554                Encoder_LeftGetMmPerSec
 .text.Encoder_RightGetMmPerSec
                0x00000560        0xc .\CortexM3\ARM_GCC_493\Debug\encoder.o
                0x00000560                Encoder_RightGetMmPerSec
 .text.Encoder_LeftGetCount
                0x0000056c       0x10 .\CortexM3\ARM_GCC_493\Debug\encoder.o
                0x0000056c                Encoder_LeftGetCount
 .text.Encoder_RightGetCount
                0x0000057c       0x10 .\CortexM3\ARM_GCC_493\Debug\encoder.o
                0x0000057c                Encoder_RightGetCount
 .text.Encoder_Reset
                0x0000058c       0x48 .\CortexM3\ARM_GCC_493\Debug\encoder.o
                0x0000058c                Encoder_Reset
 .text.I2c_Init
                0x000005d4       0x1c .\CortexM3\ARM_GCC_493\Debug\i2c.o
                0x000005d4                I2c_Init
 .text.I2c_Start
                0x000005f0       0x18 .\CortexM3\ARM_GCC_493\Debug\i2c.o
                0x000005f0                I2c_Start
 .text.I2c_ReadControl
                0x00000608       0x10 .\CortexM3\ARM_GCC_493\Debug\i2c.o
                0x00000608                I2c_ReadControl
 .text.I2c_WriteOdom
                0x00000618       0x24 .\CortexM3\ARM_GCC_493\Debug\i2c.o
                0x00000618                I2c_WriteOdom
 .text.I2c_WriteFrontUltrasonicDistance
                0x0000063c       0x14 .\CortexM3\ARM_GCC_493\Debug\i2c.o
                0x0000063c                I2c_WriteFrontUltrasonicDistance
 .text.I2c_WriteRearUltrasonicDistance
                0x00000650       0x14 .\CortexM3\ARM_GCC_493\Debug\i2c.o
                0x00000650                I2c_WriteRearUltrasonicDistance
 .text.I2c_WriteFrontInfraredDistance
                0x00000664       0x14 .\CortexM3\ARM_GCC_493\Debug\i2c.o
                0x00000664                I2c_WriteFrontInfraredDistance
 .text.I2c_WriteRearInfraredDistance
                0x00000678       0x14 .\CortexM3\ARM_GCC_493\Debug\i2c.o
                0x00000678                I2c_WriteRearInfraredDistance
 .text.I2c_LeftReadCmdVelocity
                0x0000068c        0x4 .\CortexM3\ARM_GCC_493\Debug\i2c.o
                0x0000068c                I2c_LeftReadCmdVelocity
 .text.I2c_RightReadCmdVelocity
                0x00000690        0x4 .\CortexM3\ARM_GCC_493\Debug\i2c.o
                0x00000690                I2c_RightReadCmdVelocity
 .text.I2c_LeftWriteOutput
                0x00000694       0x14 .\CortexM3\ARM_GCC_493\Debug\i2c.o
                0x00000694                I2c_LeftWriteOutput
 .text.I2c_RightWriteOutput
                0x000006a8       0x14 .\CortexM3\ARM_GCC_493\Debug\i2c.o
                0x000006a8                I2c_RightWriteOutput
 .text.Interpolate
                0x000006bc       0x3c .\CortexM3\ARM_GCC_493\Debug\motor.o
 .text.calculate_pwm
                0x000006f8       0x74 .\CortexM3\ARM_GCC_493\Debug\motor.o
 .text.DumpMotor
                0x0000076c       0x2c .\CortexM3\ARM_GCC_493\Debug\motor.o
 .text.calc_motor_output_from_cps
                0x00000798       0xb0 .\CortexM3\ARM_GCC_493\Debug\motor.o
 .text.WriteTwoValues
                0x00000848       0x2c .\CortexM3\ARM_GCC_493\Debug\motor.o
 .text.PrintFormatDataInt32
                0x00000874       0x8c .\CortexM3\ARM_GCC_493\Debug\motor.o
 .text.PrintFormatDataUint16
                0x00000900       0x8c .\CortexM3\ARM_GCC_493\Debug\motor.o
 .text.DumpMotorCal
                0x0000098c       0x4c .\CortexM3\ARM_GCC_493\Debug\motor.o
 .text.RampSpeed
                0x000009d8       0x44 .\CortexM3\ARM_GCC_493\Debug\motor.o
 .text.CollectCpsPwmSamples
                0x00000a1c       0x70 .\CortexM3\ARM_GCC_493\Debug\motor.o
 .text.Motor_Init
                0x00000a8c       0x1c .\CortexM3\ARM_GCC_493\Debug\motor.o
                0x00000a8c                Motor_Init
 .text.Motor_Start
                0x00000aa8       0x3c .\CortexM3\ARM_GCC_493\Debug\motor.o
                0x00000aa8                Motor_Start
 .text.Motor_LeftSetCntsPerSec
                0x00000ae4       0x18 .\CortexM3\ARM_GCC_493\Debug\motor.o
                0x00000ae4                Motor_LeftSetCntsPerSec
 .text.Motor_RightSetCntsPerSec
                0x00000afc       0x1c .\CortexM3\ARM_GCC_493\Debug\motor.o
                0x00000afc                Motor_RightSetCntsPerSec
 .text.Motor_LeftSetMmPerSec
                0x00000b18       0x28 .\CortexM3\ARM_GCC_493\Debug\motor.o
                0x00000b18                Motor_LeftSetMmPerSec
 .text.Motor_RightSetMmPerSec
                0x00000b40       0x28 .\CortexM3\ARM_GCC_493\Debug\motor.o
                0x00000b40                Motor_RightSetMmPerSec
 .text.Motor_LeftGetPwm
                0x00000b68        0xc .\CortexM3\ARM_GCC_493\Debug\motor.o
                0x00000b68                Motor_LeftGetPwm
 .text.Motor_RightGetPwm
                0x00000b74        0xc .\CortexM3\ARM_GCC_493\Debug\motor.o
                0x00000b74                Motor_RightGetPwm
 .text.Motor_CollectPwmCpsSamples
                0x00000b80       0xb8 .\CortexM3\ARM_GCC_493\Debug\motor.o
                0x00000b80                Motor_CollectPwmCpsSamples
 .text.Motor_LeftSetCalibration
                0x00000c38       0x8c .\CortexM3\ARM_GCC_493\Debug\motor.o
                0x00000c38                Motor_LeftSetCalibration
 .text.Motor_RightSetCalibration
                0x00000cc4       0x90 .\CortexM3\ARM_GCC_493\Debug\motor.o
                0x00000cc4                Motor_RightSetCalibration
 .text.Odom_Init
                0x00000d54       0x20 .\CortexM3\ARM_GCC_493\Debug\odom.o
                0x00000d54                Odom_Init
 .text.Odom_Start
                0x00000d74        0x4 .\CortexM3\ARM_GCC_493\Debug\odom.o
                0x00000d74                Odom_Start
 .text.calc_odom
                0x00000d78      0x100 .\CortexM3\ARM_GCC_493\Debug\odom.o
                0x00000d78                calc_odom
 .text.Odom_Update
                0x00000e78       0x5c .\CortexM3\ARM_GCC_493\Debug\odom.o
                0x00000e78                Odom_Update
 *fill*         0x00000ed4        0x4 
 .text.ProcessPid
                0x00000ed8       0xb0 .\CortexM3\ARM_GCC_493\Debug\pid.o
 .text.DumpPid  0x00000f88       0x88 .\CortexM3\ARM_GCC_493\Debug\pid.o
 .text.Pid_Init
                0x00001010       0x84 .\CortexM3\ARM_GCC_493\Debug\pid.o
                0x00001010                Pid_Init
 .text.Pid_Start
                0x00001094        0x4 .\CortexM3\ARM_GCC_493\Debug\pid.o
                0x00001094                Pid_Start
 .text.Pid_Update
                0x00001098       0x60 .\CortexM3\ARM_GCC_493\Debug\pid.o
                0x00001098                Pid_Update
 .text.SysTickIsrHandler
                0x000010f8       0x10 .\CortexM3\ARM_GCC_493\Debug\time.o
 .text.Time_Init
                0x00001108        0xc .\CortexM3\ARM_GCC_493\Debug\time.o
                0x00001108                Time_Init
 .text.Time_Start
                0x00001114       0x2c .\CortexM3\ARM_GCC_493\Debug\time.o
                0x00001114                Time_Start
 .text.millis   0x00001140        0xc .\CortexM3\ARM_GCC_493\Debug\time.o
                0x00001140                millis
 .text.Front_Trigger_Next
                0x0000114c       0x34 .\CortexM3\ARM_GCC_493\Debug\ultrasonic.o
 .text.Front_Echo_Interrupt
                0x00001180       0x4c .\CortexM3\ARM_GCC_493\Debug\ultrasonic.o
 .text.Rear_Trigger_Next
                0x000011cc       0x34 .\CortexM3\ARM_GCC_493\Debug\ultrasonic.o
 .text.Rear_Echo_Interrupt
                0x00001200       0x4c .\CortexM3\ARM_GCC_493\Debug\ultrasonic.o
 .text.Ultrasonic_Init
                0x0000124c        0x4 .\CortexM3\ARM_GCC_493\Debug\ultrasonic.o
                0x0000124c                Ultrasonic_Init
 .text.Ultrasonic_Start
                0x00001250       0x28 .\CortexM3\ARM_GCC_493\Debug\ultrasonic.o
                0x00001250                Ultrasonic_Start
 .text.insert_zeros
                0x00001278       0x30 .\CortexM3\ARM_GCC_493\Debug\utils.o
 .text.MovingAverageFloat
                0x000012a8       0x2c .\CortexM3\ARM_GCC_493\Debug\utils.o
                0x000012a8                MovingAverageFloat
 .text.ftoa     0x000012d4       0xa4 .\CortexM3\ARM_GCC_493\Debug\utils.o
                0x000012d4                ftoa
 .text.BinaryRangeSearch
                0x00001378       0x50 .\CortexM3\ARM_GCC_493\Debug\utils.o
                0x00001378                BinaryRangeSearch
 .text.Rear_EOS_Interrupt
                0x000013c8       0x1c .\CortexM3\ARM_GCC_493\Debug\infrared.o
 .text.Front_EOS_Interrupt
                0x000013e4       0x1c .\CortexM3\ARM_GCC_493\Debug\infrared.o
 .text.Rear_EOC_Interrupt
                0x00001400       0x90 .\CortexM3\ARM_GCC_493\Debug\infrared.o
 .text.Front_EOC_Interrupt
                0x00001490       0x90 .\CortexM3\ARM_GCC_493\Debug\infrared.o
 .text.Infrared_Init
                0x00001520        0xc .\CortexM3\ARM_GCC_493\Debug\infrared.o
                0x00001520                Infrared_Init
 .text.Infrared_Start
                0x0000152c       0x4c .\CortexM3\ARM_GCC_493\Debug\infrared.o
                0x0000152c                Infrared_Start
 .text.PIDCompute
                0x00001578       0xa4 .\CortexM3\ARM_GCC_493\Debug\pid_controller.o
                0x00001578                PIDCompute
 .text.PIDOutputLimitsSet
                0x0000161c       0x5c .\CortexM3\ARM_GCC_493\Debug\pid_controller.o
                0x0000161c                PIDOutputLimitsSet
 .text.PIDTuningsSet
                0x00001678       0x6c .\CortexM3\ARM_GCC_493\Debug\pid_controller.o
                0x00001678                PIDTuningsSet
 .text.PIDInit  0x000016e4       0x54 .\CortexM3\ARM_GCC_493\Debug\pid_controller.o
                0x000016e4                PIDInit
 .text.PIDSetpointSet
                0x00001738        0x4 .\CortexM3\ARM_GCC_493\Debug\pid_controller.o
                0x00001738                PIDSetpointSet
 .text.PIDInputSet
                0x0000173c        0x4 .\CortexM3\ARM_GCC_493\Debug\pid_controller.o
                0x0000173c                PIDInputSet
 .text.IntDefaultHandler
                0x00001740        0x4 .\CortexM3\ARM_GCC_493\Debug\Cm3Start.o
                0x00001740                IntDefaultHandler
 .text._sbrk    0x00001744       0x30 .\CortexM3\ARM_GCC_493\Debug\Cm3Start.o
                0x00001744                _sbrk
 .text.Start_c  0x00001774       0x4c .\CortexM3\ARM_GCC_493\Debug\Cm3Start.o
                0x00001774                Start_c
 .text.initialize_psoc
                0x000017c0       0x74 .\CortexM3\ARM_GCC_493\Debug\Cm3Start.o
                0x000017c0                initialize_psoc
 .text.CyClockStartupError
                0x00001834        0x4 .\CortexM3\ARM_GCC_493\Debug\freesoc.a(cyfitter_cfg.o)
 .text.cfg_write_bytes32
                0x00001838       0x34 .\CortexM3\ARM_GCC_493\Debug\freesoc.a(cyfitter_cfg.o)
 .text.AnalogSetDefault
                0x0000186c       0x78 .\CortexM3\ARM_GCC_493\Debug\freesoc.a(cyfitter_cfg.o)
 .text.CYMEMZERO
                0x000018e4        0xc .\CortexM3\ARM_GCC_493\Debug\freesoc.a(cyfitter_cfg.o)
 .text.ClockSetup
                0x000018f0      0x100 .\CortexM3\ARM_GCC_493\Debug\freesoc.a(cyfitter_cfg.o)
 .text.CYCONFIGCPY
                0x000019f0        0x8 .\CortexM3\ARM_GCC_493\Debug\freesoc.a(cyfitter_cfg.o)
 .text.Front_AMuxSeq_DisconnectAll
                0x000019f8       0x1c .\CortexM3\ARM_GCC_493\Debug\freesoc.a(cyfitter_cfg.o)
                0x000019f8                Front_AMuxSeq_DisconnectAll
 .text.Front_AMuxSeq_Next
                0x00001a14       0x88 .\CortexM3\ARM_GCC_493\Debug\freesoc.a(cyfitter_cfg.o)
                0x00001a14                Front_AMuxSeq_Next
 .text.Rear_AMuxSeq_DisconnectAll
                0x00001a9c       0x1c .\CortexM3\ARM_GCC_493\Debug\freesoc.a(cyfitter_cfg.o)
                0x00001a9c                Rear_AMuxSeq_DisconnectAll
 .text.Rear_AMuxSeq_Next
                0x00001ab8       0x94 .\CortexM3\ARM_GCC_493\Debug\freesoc.a(cyfitter_cfg.o)
                0x00001ab8                Rear_AMuxSeq_Next
 .text.cyfitter_cfg
                0x00001b4c      0x198 .\CortexM3\ARM_GCC_493\Debug\freesoc.a(cyfitter_cfg.o)
                0x00001b4c                cyfitter_cfg
 .text.Left_HB25_Enable_Pin_Write
                0x00001ce4       0x18 .\CortexM3\ARM_GCC_493\Debug\freesoc.a(Left_HB25_Enable_Pin.o)
                0x00001ce4                Left_HB25_Enable_Pin_Write
 .text.Left_HB25_PWM_Stop
                0x00001cfc        0x4 .\CortexM3\ARM_GCC_493\Debug\freesoc.a(Left_HB25_PWM.o)
                0x00001cfc                Left_HB25_PWM_Stop
 .text.Left_HB25_PWM_WriteCounter
                0x00001d00        0xc .\CortexM3\ARM_GCC_493\Debug\freesoc.a(Left_HB25_PWM.o)
                0x00001d00                Left_HB25_PWM_WriteCounter
 .text.Left_HB25_PWM_WritePeriod
                0x00001d0c        0xc .\CortexM3\ARM_GCC_493\Debug\freesoc.a(Left_HB25_PWM.o)
                0x00001d0c                Left_HB25_PWM_WritePeriod
 .text.Left_HB25_PWM_WriteCompare
                0x00001d18        0xc .\CortexM3\ARM_GCC_493\Debug\freesoc.a(Left_HB25_PWM.o)
                0x00001d18                Left_HB25_PWM_WriteCompare
 .text.Left_HB25_PWM_Init
                0x00001d24       0x34 .\CortexM3\ARM_GCC_493\Debug\freesoc.a(Left_HB25_PWM.o)
                0x00001d24                Left_HB25_PWM_Init
 .text.Left_HB25_PWM_Start
                0x00001d58       0x18 .\CortexM3\ARM_GCC_493\Debug\freesoc.a(Left_HB25_PWM.o)
                0x00001d58                Left_HB25_PWM_Start
 .text.Right_HB25_Enable_Pin_Write
                0x00001d70       0x18 .\CortexM3\ARM_GCC_493\Debug\freesoc.a(Right_HB25_Enable_Pin.o)
                0x00001d70                Right_HB25_Enable_Pin_Write
 .text.Right_HB25_PWM_Stop
                0x00001d88        0x4 .\CortexM3\ARM_GCC_493\Debug\freesoc.a(Right_HB25_PWM.o)
                0x00001d88                Right_HB25_PWM_Stop
 .text.Right_HB25_PWM_WriteCounter
                0x00001d8c        0xc .\CortexM3\ARM_GCC_493\Debug\freesoc.a(Right_HB25_PWM.o)
                0x00001d8c                Right_HB25_PWM_WriteCounter
 .text.Right_HB25_PWM_WritePeriod
                0x00001d98        0xc .\CortexM3\ARM_GCC_493\Debug\freesoc.a(Right_HB25_PWM.o)
                0x00001d98                Right_HB25_PWM_WritePeriod
 .text.Right_HB25_PWM_WriteCompare
                0x00001da4        0xc .\CortexM3\ARM_GCC_493\Debug\freesoc.a(Right_HB25_PWM.o)
                0x00001da4                Right_HB25_PWM_WriteCompare
 .text.Right_HB25_PWM_Init
                0x00001db0       0x34 .\CortexM3\ARM_GCC_493\Debug\freesoc.a(Right_HB25_PWM.o)
                0x00001db0                Right_HB25_PWM_Init
 .text.Right_HB25_PWM_Start
                0x00001de4       0x18 .\CortexM3\ARM_GCC_493\Debug\freesoc.a(Right_HB25_PWM.o)
                0x00001de4                Right_HB25_PWM_Start
 *fill*         0x00001dfc        0x4 
 .text          0x00001e00       0x20 .\CortexM3\ARM_GCC_493\Debug\freesoc.a(CyBootAsmGnu.o)
                0x00001e00                CyDelayCycles
                0x00001e10                CyEnterCriticalSection
                0x00001e18                CyExitCriticalSection
 .text.CyHalt   0x00001e20        0x4 .\CortexM3\ARM_GCC_493\Debug\freesoc.a(CyLib.o)
                0x00001e20                CyHalt
 .text.CyDelay  0x00001e24       0x2c .\CortexM3\ARM_GCC_493\Debug\freesoc.a(CyLib.o)
                0x00001e24                CyDelay
 .text.CyDelayUs
                0x00001e50       0x14 .\CortexM3\ARM_GCC_493\Debug\freesoc.a(CyLib.o)
                0x00001e50                CyDelayUs
 .text.CyIntSetSysVector
                0x00001e64       0x28 .\CortexM3\ARM_GCC_493\Debug\freesoc.a(CyLib.o)
                0x00001e64                CyIntSetSysVector
 .text.CyIntSetVector
                0x00001e8c       0x28 .\CortexM3\ARM_GCC_493\Debug\freesoc.a(CyLib.o)
                0x00001e8c                CyIntSetVector
 .text.CyIntSetPriority
                0x00001eb4       0x30 .\CortexM3\ARM_GCC_493\Debug\freesoc.a(CyLib.o)
                0x00001eb4                CyIntSetPriority
 .text.CySysTickEnableInterrupt
                0x00001ee4       0x10 .\CortexM3\ARM_GCC_493\Debug\freesoc.a(CyLib.o)
                0x00001ee4                CySysTickEnableInterrupt
 .text.CySysTickEnable
                0x00001ef4       0x18 .\CortexM3\ARM_GCC_493\Debug\freesoc.a(CyLib.o)
                0x00001ef4                CySysTickEnable
 .text.CySysTickSetReload
                0x00001f0c       0x10 .\CortexM3\ARM_GCC_493\Debug\freesoc.a(CyLib.o)
                0x00001f0c                CySysTickSetReload
 .text.CySysTickSetClockSource
                0x00001f1c       0x20 .\CortexM3\ARM_GCC_493\Debug\freesoc.a(CyLib.o)
                0x00001f1c                CySysTickSetClockSource
 .text.CySysTickGetCountFlag
                0x00001f3c       0x10 .\CortexM3\ARM_GCC_493\Debug\freesoc.a(CyLib.o)
                0x00001f3c                CySysTickGetCountFlag
 .text.CySysTickServiceCallbacks
                0x00001f4c       0x28 .\CortexM3\ARM_GCC_493\Debug\freesoc.a(CyLib.o)
 .text.CySysTickClear
                0x00001f74        0xc .\CortexM3\ARM_GCC_493\Debug\freesoc.a(CyLib.o)
                0x00001f74                CySysTickClear
 .text.CySysTickInit
                0x00001f80       0x58 .\CortexM3\ARM_GCC_493\Debug\freesoc.a(CyLib.o)
                0x00001f80                CySysTickInit
 .text.CySysTickStart
                0x00001fd8       0x1c .\CortexM3\ARM_GCC_493\Debug\freesoc.a(CyLib.o)
                0x00001fd8                CySysTickStart
 .text.CySysTickSetCallback
                0x00001ff4       0x10 .\CortexM3\ARM_GCC_493\Debug\freesoc.a(CyLib.o)
                0x00001ff4                CySysTickSetCallback
 .text.CySysTickGetCallback
                0x00002004       0x10 .\CortexM3\ARM_GCC_493\Debug\freesoc.a(CyLib.o)
                0x00002004                CySysTickGetCallback
 .text.UART_Debug_Init
                0x00002014       0x28 .\CortexM3\ARM_GCC_493\Debug\freesoc.a(UART_Debug.o)
                0x00002014                UART_Debug_Init
 .text.UART_Debug_Enable
                0x0000203c       0x38 .\CortexM3\ARM_GCC_493\Debug\freesoc.a(UART_Debug.o)
                0x0000203c                UART_Debug_Enable
 .text.UART_Debug_Start
                0x00002074       0x1c .\CortexM3\ARM_GCC_493\Debug\freesoc.a(UART_Debug.o)
                0x00002074                UART_Debug_Start
 .text.UART_Debug_PutChar
                0x00002090       0x18 .\CortexM3\ARM_GCC_493\Debug\freesoc.a(UART_Debug.o)
                0x00002090                UART_Debug_PutChar
 .text.UART_Debug_PutString
                0x000020a8       0x24 .\CortexM3\ARM_GCC_493\Debug\freesoc.a(UART_Debug.o)
                0x000020a8                UART_Debug_PutString
 .text.UART_Debug_IntClock_Start
                0x000020cc       0x1c .\CortexM3\ARM_GCC_493\Debug\freesoc.a(UART_Debug_IntClock.o)
                0x000020cc                UART_Debug_IntClock_Start
 .text.EZI2C_Slave_Init
                0x000020e8       0x70 .\CortexM3\ARM_GCC_493\Debug\freesoc.a(EZI2C_Slave.o)
                0x000020e8                EZI2C_Slave_Init
 .text.EZI2C_Slave_Enable
                0x00002158       0x30 .\CortexM3\ARM_GCC_493\Debug\freesoc.a(EZI2C_Slave.o)
                0x00002158                EZI2C_Slave_Enable
 .text.EZI2C_Slave_Start
                0x00002188       0x1c .\CortexM3\ARM_GCC_493\Debug\freesoc.a(EZI2C_Slave.o)
                0x00002188                EZI2C_Slave_Start
 .text.EZI2C_Slave_SetBuffer1
                0x000021a4       0x50 .\CortexM3\ARM_GCC_493\Debug\freesoc.a(EZI2C_Slave.o)
                0x000021a4                EZI2C_Slave_SetBuffer1
 .text.EZI2C_Slave_ISR
                0x000021f4      0x1c4 .\CortexM3\ARM_GCC_493\Debug\freesoc.a(EZI2C_Slave_INT.o)
                0x000021f4                EZI2C_Slave_ISR
 .text.Front_Echo_Intr_SetVector
                0x000023b8        0xc .\CortexM3\ARM_GCC_493\Debug\freesoc.a(Front_Echo_Intr.o)
                0x000023b8                Front_Echo_Intr_SetVector
 .text.Front_Echo_Intr_SetPriority
                0x000023c4       0x10 .\CortexM3\ARM_GCC_493\Debug\freesoc.a(Front_Echo_Intr.o)
                0x000023c4                Front_Echo_Intr_SetPriority
 .text.Front_Echo_Intr_Enable
                0x000023d4        0xc .\CortexM3\ARM_GCC_493\Debug\freesoc.a(Front_Echo_Intr.o)
                0x000023d4                Front_Echo_Intr_Enable
 .text.Front_Echo_Intr_Disable
                0x000023e0        0xc .\CortexM3\ARM_GCC_493\Debug\freesoc.a(Front_Echo_Intr.o)
                0x000023e0                Front_Echo_Intr_Disable
 .text.Front_Echo_Intr_StartEx
                0x000023ec       0x1c .\CortexM3\ARM_GCC_493\Debug\freesoc.a(Front_Echo_Intr.o)
                0x000023ec                Front_Echo_Intr_StartEx
 .text.Front_Echo_Intr_ClearPending
                0x00002408        0xc .\CortexM3\ARM_GCC_493\Debug\freesoc.a(Front_Echo_Intr.o)
                0x00002408                Front_Echo_Intr_ClearPending
 .text.Front_Trigger_Reg_Write
                0x00002414        0xc .\CortexM3\ARM_GCC_493\Debug\freesoc.a(Front_Trigger_Reg.o)
                0x00002414                Front_Trigger_Reg_Write
 .text.Front_Trigger_Select_Reg_Write
                0x00002420        0xc .\CortexM3\ARM_GCC_493\Debug\freesoc.a(Front_Trigger_Select_Reg.o)
                0x00002420                Front_Trigger_Select_Reg_Write
 .text.Front_Trigger_Select_Reg_Read
                0x0000242c        0xc .\CortexM3\ARM_GCC_493\Debug\freesoc.a(Front_Trigger_Select_Reg.o)
                0x0000242c                Front_Trigger_Select_Reg_Read
 .text.Front_Echo_Timer_SetInterruptMode
                0x00002438        0xc .\CortexM3\ARM_GCC_493\Debug\freesoc.a(Front_Echo_Timer.o)
                0x00002438                Front_Echo_Timer_SetInterruptMode
 .text.Front_Echo_Timer_ReadStatusRegister
                0x00002444        0xc .\CortexM3\ARM_GCC_493\Debug\freesoc.a(Front_Echo_Timer.o)
                0x00002444                Front_Echo_Timer_ReadStatusRegister
 .text.Front_Echo_Timer_WritePeriod
                0x00002450        0xc .\CortexM3\ARM_GCC_493\Debug\freesoc.a(Front_Echo_Timer.o)
                0x00002450                Front_Echo_Timer_WritePeriod
 .text.Front_Echo_Timer_ReadCapture
                0x0000245c        0xc .\CortexM3\ARM_GCC_493\Debug\freesoc.a(Front_Echo_Timer.o)
                0x0000245c                Front_Echo_Timer_ReadCapture
 .text.Front_Echo_Timer_WriteCounter
                0x00002468        0xc .\CortexM3\ARM_GCC_493\Debug\freesoc.a(Front_Echo_Timer.o)
                0x00002468                Front_Echo_Timer_WriteCounter
 .text.Front_Echo_Timer_ReadCounter
                0x00002474       0x14 .\CortexM3\ARM_GCC_493\Debug\freesoc.a(Front_Echo_Timer.o)
                0x00002474                Front_Echo_Timer_ReadCounter
 .text.Front_Echo_Timer_ClearFIFO
                0x00002488       0x14 .\CortexM3\ARM_GCC_493\Debug\freesoc.a(Front_Echo_Timer.o)
                0x00002488                Front_Echo_Timer_ClearFIFO
 .text.Front_Echo_Timer_Init
                0x0000249c       0x34 .\CortexM3\ARM_GCC_493\Debug\freesoc.a(Front_Echo_Timer.o)
                0x0000249c                Front_Echo_Timer_Init
 .text.Front_Echo_Timer_Start
                0x000024d0       0x18 .\CortexM3\ARM_GCC_493\Debug\freesoc.a(Front_Echo_Timer.o)
                0x000024d0                Front_Echo_Timer_Start
 .text.Rear_Trigger_Reg_Write
                0x000024e8        0xc .\CortexM3\ARM_GCC_493\Debug\freesoc.a(Rear_Trigger_Reg.o)
                0x000024e8                Rear_Trigger_Reg_Write
 .text.Rear_Trigger_Select_Reg_Write
                0x000024f4        0xc .\CortexM3\ARM_GCC_493\Debug\freesoc.a(Rear_Trigger_Select_Reg.o)
                0x000024f4                Rear_Trigger_Select_Reg_Write
 .text.Rear_Trigger_Select_Reg_Read
                0x00002500        0xc .\CortexM3\ARM_GCC_493\Debug\freesoc.a(Rear_Trigger_Select_Reg.o)
                0x00002500                Rear_Trigger_Select_Reg_Read
 .text.Rear_Echo_Intr_SetVector
                0x0000250c        0xc .\CortexM3\ARM_GCC_493\Debug\freesoc.a(Rear_Echo_Intr.o)
                0x0000250c                Rear_Echo_Intr_SetVector
 .text.Rear_Echo_Intr_SetPriority
                0x00002518       0x10 .\CortexM3\ARM_GCC_493\Debug\freesoc.a(Rear_Echo_Intr.o)
                0x00002518                Rear_Echo_Intr_SetPriority
 .text.Rear_Echo_Intr_Enable
                0x00002528        0xc .\CortexM3\ARM_GCC_493\Debug\freesoc.a(Rear_Echo_Intr.o)
                0x00002528                Rear_Echo_Intr_Enable
 .text.Rear_Echo_Intr_Disable
                0x00002534        0xc .\CortexM3\ARM_GCC_493\Debug\freesoc.a(Rear_Echo_Intr.o)
                0x00002534                Rear_Echo_Intr_Disable
 .text.Rear_Echo_Intr_StartEx
                0x00002540       0x1c .\CortexM3\ARM_GCC_493\Debug\freesoc.a(Rear_Echo_Intr.o)
                0x00002540                Rear_Echo_Intr_StartEx
 .text.Rear_Echo_Intr_ClearPending
                0x0000255c        0xc .\CortexM3\ARM_GCC_493\Debug\freesoc.a(Rear_Echo_Intr.o)
                0x0000255c                Rear_Echo_Intr_ClearPending
 .text.Rear_Echo_Timer_SetInterruptMode
                0x00002568        0xc .\CortexM3\ARM_GCC_493\Debug\freesoc.a(Rear_Echo_Timer.o)
                0x00002568                Rear_Echo_Timer_SetInterruptMode
 .text.Rear_Echo_Timer_ReadStatusRegister
                0x00002574        0xc .\CortexM3\ARM_GCC_493\Debug\freesoc.a(Rear_Echo_Timer.o)
                0x00002574                Rear_Echo_Timer_ReadStatusRegister
 .text.Rear_Echo_Timer_WritePeriod
                0x00002580        0xc .\CortexM3\ARM_GCC_493\Debug\freesoc.a(Rear_Echo_Timer.o)
                0x00002580                Rear_Echo_Timer_WritePeriod
 .text.Rear_Echo_Timer_ReadCapture
                0x0000258c        0xc .\CortexM3\ARM_GCC_493\Debug\freesoc.a(Rear_Echo_Timer.o)
                0x0000258c                Rear_Echo_Timer_ReadCapture
 .text.Rear_Echo_Timer_WriteCounter
                0x00002598        0xc .\CortexM3\ARM_GCC_493\Debug\freesoc.a(Rear_Echo_Timer.o)
                0x00002598                Rear_Echo_Timer_WriteCounter
 .text.Rear_Echo_Timer_ReadCounter
                0x000025a4       0x14 .\CortexM3\ARM_GCC_493\Debug\freesoc.a(Rear_Echo_Timer.o)
                0x000025a4                Rear_Echo_Timer_ReadCounter
 .text.Rear_Echo_Timer_ClearFIFO
                0x000025b8       0x14 .\CortexM3\ARM_GCC_493\Debug\freesoc.a(Rear_Echo_Timer.o)
                0x000025b8                Rear_Echo_Timer_ClearFIFO
 .text.Rear_Echo_Timer_Init
                0x000025cc       0x34 .\CortexM3\ARM_GCC_493\Debug\freesoc.a(Rear_Echo_Timer.o)
                0x000025cc                Rear_Echo_Timer_Init
 .text.Rear_Echo_Timer_Start
                0x00002600       0x18 .\CortexM3\ARM_GCC_493\Debug\freesoc.a(Rear_Echo_Timer.o)
                0x00002600                Rear_Echo_Timer_Start
 .text.Front_ADC_SAR_CalcGain
                0x00002618       0x5c .\CortexM3\ARM_GCC_493\Debug\freesoc.a(Front_ADC_SAR.o)
 .text.Front_ADC_SAR_Enable
                0x00002674       0x94 .\CortexM3\ARM_GCC_493\Debug\freesoc.a(Front_ADC_SAR.o)
                0x00002674                Front_ADC_SAR_Enable
 .text.Front_ADC_SAR_SetResolution
                0x00002708       0x38 .\CortexM3\ARM_GCC_493\Debug\freesoc.a(Front_ADC_SAR.o)
                0x00002708                Front_ADC_SAR_SetResolution
 .text.Front_ADC_SAR_Init
                0x00002740       0x3c .\CortexM3\ARM_GCC_493\Debug\freesoc.a(Front_ADC_SAR.o)
                0x00002740                Front_ADC_SAR_Init
 .text.Front_ADC_SAR_Start
                0x0000277c       0x1c .\CortexM3\ARM_GCC_493\Debug\freesoc.a(Front_ADC_SAR.o)
                0x0000277c                Front_ADC_SAR_Start
 .text.Front_ADC_SAR_StartConvert
                0x00002798       0x10 .\CortexM3\ARM_GCC_493\Debug\freesoc.a(Front_ADC_SAR.o)
                0x00002798                Front_ADC_SAR_StartConvert
 .text.Front_ADC_SAR_GetResult16
                0x000027a8       0x18 .\CortexM3\ARM_GCC_493\Debug\freesoc.a(Front_ADC_SAR.o)
                0x000027a8                Front_ADC_SAR_GetResult16
 .text.Front_ADC_SAR_CountsTo_Volts
                0x000027c0       0x50 .\CortexM3\ARM_GCC_493\Debug\freesoc.a(Front_ADC_SAR.o)
                0x000027c0                Front_ADC_SAR_CountsTo_Volts
 .text.Front_ADC_SAR_ISR
                0x00002810        0x4 .\CortexM3\ARM_GCC_493\Debug\freesoc.a(Front_ADC_SAR_INT.o)
                0x00002810                Front_ADC_SAR_ISR
 .text.Front_AMuxSeq_Start
                0x00002814       0x14 .\CortexM3\ARM_GCC_493\Debug\freesoc.a(Front_AMuxSeq.o)
                0x00002814                Front_AMuxSeq_Start
 .text.Front_AMuxSeq_GetChannel
                0x00002828        0xc .\CortexM3\ARM_GCC_493\Debug\freesoc.a(Front_AMuxSeq.o)
                0x00002828                Front_AMuxSeq_GetChannel
 .text.Rear_ADC_SAR_CalcGain
                0x00002834       0x5c .\CortexM3\ARM_GCC_493\Debug\freesoc.a(Rear_ADC_SAR.o)
 .text.Rear_ADC_SAR_Enable
                0x00002890       0x94 .\CortexM3\ARM_GCC_493\Debug\freesoc.a(Rear_ADC_SAR.o)
                0x00002890                Rear_ADC_SAR_Enable
 .text.Rear_ADC_SAR_SetResolution
                0x00002924       0x38 .\CortexM3\ARM_GCC_493\Debug\freesoc.a(Rear_ADC_SAR.o)
                0x00002924                Rear_ADC_SAR_SetResolution
 .text.Rear_ADC_SAR_Init
                0x0000295c       0x3c .\CortexM3\ARM_GCC_493\Debug\freesoc.a(Rear_ADC_SAR.o)
                0x0000295c                Rear_ADC_SAR_Init
 .text.Rear_ADC_SAR_Start
                0x00002998       0x1c .\CortexM3\ARM_GCC_493\Debug\freesoc.a(Rear_ADC_SAR.o)
                0x00002998                Rear_ADC_SAR_Start
 .text.Rear_ADC_SAR_StartConvert
                0x000029b4       0x10 .\CortexM3\ARM_GCC_493\Debug\freesoc.a(Rear_ADC_SAR.o)
                0x000029b4                Rear_ADC_SAR_StartConvert
 .text.Rear_ADC_SAR_GetResult16
                0x000029c4       0x18 .\CortexM3\ARM_GCC_493\Debug\freesoc.a(Rear_ADC_SAR.o)
                0x000029c4                Rear_ADC_SAR_GetResult16
 .text.Rear_ADC_SAR_CountsTo_Volts
                0x000029dc       0x50 .\CortexM3\ARM_GCC_493\Debug\freesoc.a(Rear_ADC_SAR.o)
                0x000029dc                Rear_ADC_SAR_CountsTo_Volts
 .text.Rear_ADC_SAR_ISR
                0x00002a2c        0x4 .\CortexM3\ARM_GCC_493\Debug\freesoc.a(Rear_ADC_SAR_INT.o)
                0x00002a2c                Rear_ADC_SAR_ISR
 .text.Rear_AMuxSeq_Start
                0x00002a30       0x14 .\CortexM3\ARM_GCC_493\Debug\freesoc.a(Rear_AMuxSeq.o)
                0x00002a30                Rear_AMuxSeq_Start
 .text.Rear_AMuxSeq_GetChannel
                0x00002a44        0xc .\CortexM3\ARM_GCC_493\Debug\freesoc.a(Rear_AMuxSeq.o)
                0x00002a44                Rear_AMuxSeq_GetChannel
 .text.Front_ADC_SAR_IRQ_SetVector
                0x00002a50        0xc .\CortexM3\ARM_GCC_493\Debug\freesoc.a(Front_ADC_SAR_IRQ.o)
                0x00002a50                Front_ADC_SAR_IRQ_SetVector
 .text.Front_ADC_SAR_IRQ_SetPriority
                0x00002a5c       0x10 .\CortexM3\ARM_GCC_493\Debug\freesoc.a(Front_ADC_SAR_IRQ.o)
                0x00002a5c                Front_ADC_SAR_IRQ_SetPriority
 .text.Front_ADC_SAR_IRQ_Enable
                0x00002a6c        0xc .\CortexM3\ARM_GCC_493\Debug\freesoc.a(Front_ADC_SAR_IRQ.o)
                0x00002a6c                Front_ADC_SAR_IRQ_Enable
 .text.Front_ADC_SAR_IRQ_Disable
                0x00002a78        0xc .\CortexM3\ARM_GCC_493\Debug\freesoc.a(Front_ADC_SAR_IRQ.o)
                0x00002a78                Front_ADC_SAR_IRQ_Disable
 .text.Front_ADC_SAR_IRQ_StartEx
                0x00002a84       0x1c .\CortexM3\ARM_GCC_493\Debug\freesoc.a(Front_ADC_SAR_IRQ.o)
                0x00002a84                Front_ADC_SAR_IRQ_StartEx
 .text.Front_ADC_SAR_IRQ_ClearPending
                0x00002aa0        0xc .\CortexM3\ARM_GCC_493\Debug\freesoc.a(Front_ADC_SAR_IRQ.o)
                0x00002aa0                Front_ADC_SAR_IRQ_ClearPending
 .text.Front_ADC_SAR_theACLK_SetModeRegister
                0x00002aac       0x14 .\CortexM3\ARM_GCC_493\Debug\freesoc.a(Front_ADC_SAR_theACLK.o)
                0x00002aac                Front_ADC_SAR_theACLK_SetModeRegister
 .text.Rear_ADC_SAR_IRQ_SetVector
                0x00002ac0        0xc .\CortexM3\ARM_GCC_493\Debug\freesoc.a(Rear_ADC_SAR_IRQ.o)
                0x00002ac0                Rear_ADC_SAR_IRQ_SetVector
 .text.Rear_ADC_SAR_IRQ_SetPriority
                0x00002acc       0x10 .\CortexM3\ARM_GCC_493\Debug\freesoc.a(Rear_ADC_SAR_IRQ.o)
                0x00002acc                Rear_ADC_SAR_IRQ_SetPriority
 .text.Rear_ADC_SAR_IRQ_Enable
                0x00002adc        0xc .\CortexM3\ARM_GCC_493\Debug\freesoc.a(Rear_ADC_SAR_IRQ.o)
                0x00002adc                Rear_ADC_SAR_IRQ_Enable
 .text.Rear_ADC_SAR_IRQ_Disable
                0x00002ae8        0xc .\CortexM3\ARM_GCC_493\Debug\freesoc.a(Rear_ADC_SAR_IRQ.o)
                0x00002ae8                Rear_ADC_SAR_IRQ_Disable
 .text.Rear_ADC_SAR_IRQ_StartEx
                0x00002af4       0x1c .\CortexM3\ARM_GCC_493\Debug\freesoc.a(Rear_ADC_SAR_IRQ.o)
                0x00002af4                Rear_ADC_SAR_IRQ_StartEx
 .text.Rear_ADC_SAR_IRQ_ClearPending
                0x00002b10        0xc .\CortexM3\ARM_GCC_493\Debug\freesoc.a(Rear_ADC_SAR_IRQ.o)
                0x00002b10                Rear_ADC_SAR_IRQ_ClearPending
 .text.Rear_ADC_SAR_theACLK_SetModeRegister
                0x00002b1c       0x14 .\CortexM3\ARM_GCC_493\Debug\freesoc.a(Rear_ADC_SAR_theACLK.o)
                0x00002b1c                Rear_ADC_SAR_theACLK_SetModeRegister
 .text.Rear_EOS_Intr_SetVector
                0x00002b30        0xc .\CortexM3\ARM_GCC_493\Debug\freesoc.a(Rear_EOS_Intr.o)
                0x00002b30                Rear_EOS_Intr_SetVector
 .text.Rear_EOS_Intr_SetPriority
                0x00002b3c       0x10 .\CortexM3\ARM_GCC_493\Debug\freesoc.a(Rear_EOS_Intr.o)
                0x00002b3c                Rear_EOS_Intr_SetPriority
 .text.Rear_EOS_Intr_Enable
                0x00002b4c        0xc .\CortexM3\ARM_GCC_493\Debug\freesoc.a(Rear_EOS_Intr.o)
                0x00002b4c                Rear_EOS_Intr_Enable
 .text.Rear_EOS_Intr_Disable
                0x00002b58        0xc .\CortexM3\ARM_GCC_493\Debug\freesoc.a(Rear_EOS_Intr.o)
                0x00002b58                Rear_EOS_Intr_Disable
 .text.Rear_EOS_Intr_StartEx
                0x00002b64       0x1c .\CortexM3\ARM_GCC_493\Debug\freesoc.a(Rear_EOS_Intr.o)
                0x00002b64                Rear_EOS_Intr_StartEx
 .text.Rear_EOS_Intr_ClearPending
                0x00002b80        0xc .\CortexM3\ARM_GCC_493\Debug\freesoc.a(Rear_EOS_Intr.o)
                0x00002b80                Rear_EOS_Intr_ClearPending
 .text.Front_EOS_Intr_SetVector
                0x00002b8c        0xc .\CortexM3\ARM_GCC_493\Debug\freesoc.a(Front_EOS_Intr.o)
                0x00002b8c                Front_EOS_Intr_SetVector
 .text.Front_EOS_Intr_SetPriority
                0x00002b98       0x10 .\CortexM3\ARM_GCC_493\Debug\freesoc.a(Front_EOS_Intr.o)
                0x00002b98                Front_EOS_Intr_SetPriority
 .text.Front_EOS_Intr_Enable
                0x00002ba8        0xc .\CortexM3\ARM_GCC_493\Debug\freesoc.a(Front_EOS_Intr.o)
                0x00002ba8                Front_EOS_Intr_Enable
 .text.Front_EOS_Intr_Disable
                0x00002bb4        0xc .\CortexM3\ARM_GCC_493\Debug\freesoc.a(Front_EOS_Intr.o)
                0x00002bb4                Front_EOS_Intr_Disable
 .text.Front_EOS_Intr_StartEx
                0x00002bc0       0x1c .\CortexM3\ARM_GCC_493\Debug\freesoc.a(Front_EOS_Intr.o)
                0x00002bc0                Front_EOS_Intr_StartEx
 .text.Front_EOS_Intr_ClearPending
                0x00002bdc        0xc .\CortexM3\ARM_GCC_493\Debug\freesoc.a(Front_EOS_Intr.o)
                0x00002bdc                Front_EOS_Intr_ClearPending
 .text.Mainloop_Pin_Write
                0x00002be8       0x18 .\CortexM3\ARM_GCC_493\Debug\freesoc.a(Mainloop_Pin.o)
                0x00002be8                Mainloop_Pin_Write
 .text.Right_QuadDec_Init
                0x00002c00       0x24 .\CortexM3\ARM_GCC_493\Debug\freesoc.a(Right_QuadDec.o)
                0x00002c00                Right_QuadDec_Init
 .text.Right_QuadDec_GetCounter
                0x00002c24       0x2c .\CortexM3\ARM_GCC_493\Debug\freesoc.a(Right_QuadDec.o)
                0x00002c24                Right_QuadDec_GetCounter
 .text.Right_QuadDec_SetCounter
                0x00002c50       0x28 .\CortexM3\ARM_GCC_493\Debug\freesoc.a(Right_QuadDec.o)
                0x00002c50                Right_QuadDec_SetCounter
 .text.Right_QuadDec_GetEvents
                0x00002c78       0x10 .\CortexM3\ARM_GCC_493\Debug\freesoc.a(Right_QuadDec.o)
                0x00002c78                Right_QuadDec_GetEvents
 .text.Right_QuadDec_SetInterruptMask
                0x00002c88       0x10 .\CortexM3\ARM_GCC_493\Debug\freesoc.a(Right_QuadDec.o)
                0x00002c88                Right_QuadDec_SetInterruptMask
 .text.Right_QuadDec_Enable
                0x00002c98       0x30 .\CortexM3\ARM_GCC_493\Debug\freesoc.a(Right_QuadDec.o)
                0x00002c98                Right_QuadDec_Enable
 .text.Right_QuadDec_Start
                0x00002cc8       0x34 .\CortexM3\ARM_GCC_493\Debug\freesoc.a(Right_QuadDec.o)
                0x00002cc8                Right_QuadDec_Start
 .text.Right_QuadDec_ISR
                0x00002cfc       0x40 .\CortexM3\ARM_GCC_493\Debug\freesoc.a(Right_QuadDec_INT.o)
                0x00002cfc                Right_QuadDec_ISR
 .text.Right_QuadDec_Cnt16_Enable
                0x00002d3c       0x10 .\CortexM3\ARM_GCC_493\Debug\freesoc.a(Right_QuadDec_Cnt16.o)
                0x00002d3c                Right_QuadDec_Cnt16_Enable
 .text.Right_QuadDec_Cnt16_SetInterruptMode
                0x00002d4c        0xc .\CortexM3\ARM_GCC_493\Debug\freesoc.a(Right_QuadDec_Cnt16.o)
                0x00002d4c                Right_QuadDec_Cnt16_SetInterruptMode
 .text.Right_QuadDec_Cnt16_ReadStatusRegister
                0x00002d58        0xc .\CortexM3\ARM_GCC_493\Debug\freesoc.a(Right_QuadDec_Cnt16.o)
                0x00002d58                Right_QuadDec_Cnt16_ReadStatusRegister
 .text.Right_QuadDec_Cnt16_WriteCounter
                0x00002d64        0xc .\CortexM3\ARM_GCC_493\Debug\freesoc.a(Right_QuadDec_Cnt16.o)
                0x00002d64                Right_QuadDec_Cnt16_WriteCounter
 .text.Right_QuadDec_Cnt16_ReadCounter
                0x00002d70       0x14 .\CortexM3\ARM_GCC_493\Debug\freesoc.a(Right_QuadDec_Cnt16.o)
                0x00002d70                Right_QuadDec_Cnt16_ReadCounter
 .text.Right_QuadDec_Cnt16_ReadCapture
                0x00002d84        0xc .\CortexM3\ARM_GCC_493\Debug\freesoc.a(Right_QuadDec_Cnt16.o)
                0x00002d84                Right_QuadDec_Cnt16_ReadCapture
 .text.Right_QuadDec_Cnt16_WritePeriod
                0x00002d90        0xc .\CortexM3\ARM_GCC_493\Debug\freesoc.a(Right_QuadDec_Cnt16.o)
                0x00002d90                Right_QuadDec_Cnt16_WritePeriod
 .text.Right_QuadDec_Cnt16_WriteCompare
                0x00002d9c        0xc .\CortexM3\ARM_GCC_493\Debug\freesoc.a(Right_QuadDec_Cnt16.o)
                0x00002d9c                Right_QuadDec_Cnt16_WriteCompare
 .text.Right_QuadDec_Cnt16_ClearFIFO
                0x00002da8       0x14 .\CortexM3\ARM_GCC_493\Debug\freesoc.a(Right_QuadDec_Cnt16.o)
                0x00002da8                Right_QuadDec_Cnt16_ClearFIFO
 .text.Right_QuadDec_Cnt16_Init
                0x00002dbc       0x58 .\CortexM3\ARM_GCC_493\Debug\freesoc.a(Right_QuadDec_Cnt16.o)
                0x00002dbc                Right_QuadDec_Cnt16_Init
 .text.Right_QuadDec_Cnt16_Start
                0x00002e14       0x1c .\CortexM3\ARM_GCC_493\Debug\freesoc.a(Right_QuadDec_Cnt16.o)
                0x00002e14                Right_QuadDec_Cnt16_Start
 .text.Left_QuadDec_Init
                0x00002e30       0x24 .\CortexM3\ARM_GCC_493\Debug\freesoc.a(Left_QuadDec.o)
                0x00002e30                Left_QuadDec_Init
 .text.Left_QuadDec_GetCounter
                0x00002e54       0x2c .\CortexM3\ARM_GCC_493\Debug\freesoc.a(Left_QuadDec.o)
                0x00002e54                Left_QuadDec_GetCounter
 .text.Left_QuadDec_SetCounter
                0x00002e80       0x28 .\CortexM3\ARM_GCC_493\Debug\freesoc.a(Left_QuadDec.o)
                0x00002e80                Left_QuadDec_SetCounter
 .text.Left_QuadDec_GetEvents
                0x00002ea8       0x10 .\CortexM3\ARM_GCC_493\Debug\freesoc.a(Left_QuadDec.o)
                0x00002ea8                Left_QuadDec_GetEvents
 .text.Left_QuadDec_SetInterruptMask
                0x00002eb8       0x10 .\CortexM3\ARM_GCC_493\Debug\freesoc.a(Left_QuadDec.o)
                0x00002eb8                Left_QuadDec_SetInterruptMask
 .text.Left_QuadDec_Enable
                0x00002ec8       0x30 .\CortexM3\ARM_GCC_493\Debug\freesoc.a(Left_QuadDec.o)
                0x00002ec8                Left_QuadDec_Enable
 .text.Left_QuadDec_Start
                0x00002ef8       0x34 .\CortexM3\ARM_GCC_493\Debug\freesoc.a(Left_QuadDec.o)
                0x00002ef8                Left_QuadDec_Start
 .text.Left_QuadDec_ISR
                0x00002f2c       0x40 .\CortexM3\ARM_GCC_493\Debug\freesoc.a(Left_QuadDec_INT.o)
                0x00002f2c                Left_QuadDec_ISR
 .text.Left_QuadDec_Cnt16_Enable
                0x00002f6c       0x10 .\CortexM3\ARM_GCC_493\Debug\freesoc.a(Left_QuadDec_Cnt16.o)
                0x00002f6c                Left_QuadDec_Cnt16_Enable
 .text.Left_QuadDec_Cnt16_SetInterruptMode
                0x00002f7c        0xc .\CortexM3\ARM_GCC_493\Debug\freesoc.a(Left_QuadDec_Cnt16.o)
                0x00002f7c                Left_QuadDec_Cnt16_SetInterruptMode
 .text.Left_QuadDec_Cnt16_ReadStatusRegister
                0x00002f88        0xc .\CortexM3\ARM_GCC_493\Debug\freesoc.a(Left_QuadDec_Cnt16.o)
                0x00002f88                Left_QuadDec_Cnt16_ReadStatusRegister
 .text.Left_QuadDec_Cnt16_WriteCounter
                0x00002f94        0xc .\CortexM3\ARM_GCC_493\Debug\freesoc.a(Left_QuadDec_Cnt16.o)
                0x00002f94                Left_QuadDec_Cnt16_WriteCounter
 .text.Left_QuadDec_Cnt16_ReadCounter
                0x00002fa0       0x14 .\CortexM3\ARM_GCC_493\Debug\freesoc.a(Left_QuadDec_Cnt16.o)
                0x00002fa0                Left_QuadDec_Cnt16_ReadCounter
 .text.Left_QuadDec_Cnt16_ReadCapture
                0x00002fb4        0xc .\CortexM3\ARM_GCC_493\Debug\freesoc.a(Left_QuadDec_Cnt16.o)
                0x00002fb4                Left_QuadDec_Cnt16_ReadCapture
 .text.Left_QuadDec_Cnt16_WritePeriod
                0x00002fc0        0xc .\CortexM3\ARM_GCC_493\Debug\freesoc.a(Left_QuadDec_Cnt16.o)
                0x00002fc0                Left_QuadDec_Cnt16_WritePeriod
 .text.Left_QuadDec_Cnt16_WriteCompare
                0x00002fcc        0xc .\CortexM3\ARM_GCC_493\Debug\freesoc.a(Left_QuadDec_Cnt16.o)
                0x00002fcc                Left_QuadDec_Cnt16_WriteCompare
 .text.Left_QuadDec_Cnt16_ClearFIFO
                0x00002fd8       0x14 .\CortexM3\ARM_GCC_493\Debug\freesoc.a(Left_QuadDec_Cnt16.o)
                0x00002fd8                Left_QuadDec_Cnt16_ClearFIFO
 .text.Left_QuadDec_Cnt16_Init
                0x00002fec       0x58 .\CortexM3\ARM_GCC_493\Debug\freesoc.a(Left_QuadDec_Cnt16.o)
                0x00002fec                Left_QuadDec_Cnt16_Init
 .text.Left_QuadDec_Cnt16_Start
                0x00003044       0x1c .\CortexM3\ARM_GCC_493\Debug\freesoc.a(Left_QuadDec_Cnt16.o)
                0x00003044                Left_QuadDec_Cnt16_Start
 .text.cos      0x00003060       0x90 c:/program files (x86)/cypress/psoc creator/3.3/psoc creator/import/gnu/arm/4.9.3/bin/../lib/gcc/arm-none-eabi/4.9.3/../../../../arm-none-eabi/lib/armv7-m\libm.a(lib_a-s_cos.o)
                0x00003060                cos
 .text.sin      0x000030f0       0x94 c:/program files (x86)/cypress/psoc creator/3.3/psoc creator/import/gnu/arm/4.9.3/bin/../lib/gcc/arm-none-eabi/4.9.3/../../../../arm-none-eabi/lib/armv7-m\libm.a(lib_a-s_sin.o)
                0x000030f0                sin
 .text.pow      0x00003184      0x2f0 c:/program files (x86)/cypress/psoc creator/3.3/psoc creator/import/gnu/arm/4.9.3/bin/../lib/gcc/arm-none-eabi/4.9.3/../../../../arm-none-eabi/lib/armv7-m\libm.a(lib_a-w_pow.o)
                0x00003184                pow
 *fill*         0x00003474        0x4 
 .text.__ieee754_pow
                0x00003478      0xaa0 c:/program files (x86)/cypress/psoc creator/3.3/psoc creator/import/gnu/arm/4.9.3/bin/../lib/gcc/arm-none-eabi/4.9.3/../../../../arm-none-eabi/lib/armv7-m\libm.a(lib_a-e_pow.o)
                0x00003478                __ieee754_pow
 .text.__ieee754_rem_pio2
                0x00003f18      0x428 c:/program files (x86)/cypress/psoc creator/3.3/psoc creator/import/gnu/arm/4.9.3/bin/../lib/gcc/arm-none-eabi/4.9.3/../../../../arm-none-eabi/lib/armv7-m\libm.a(lib_a-e_rem_pio2.o)
                0x00003f18                __ieee754_rem_pio2
 .text.__ieee754_sqrt
                0x00004340      0x18c c:/program files (x86)/cypress/psoc creator/3.3/psoc creator/import/gnu/arm/4.9.3/bin/../lib/gcc/arm-none-eabi/4.9.3/../../../../arm-none-eabi/lib/armv7-m\libm.a(lib_a-e_sqrt.o)
                0x00004340                __ieee754_sqrt
 *fill*         0x000044cc        0x4 
 .text.__kernel_cos
                0x000044d0      0x248 c:/program files (x86)/cypress/psoc creator/3.3/psoc creator/import/gnu/arm/4.9.3/bin/../lib/gcc/arm-none-eabi/4.9.3/../../../../arm-none-eabi/lib/armv7-m\libm.a(lib_a-k_cos.o)
                0x000044d0                __kernel_cos
 .text.__kernel_rem_pio2
                0x00004718      0x808 c:/program files (x86)/cypress/psoc creator/3.3/psoc creator/import/gnu/arm/4.9.3/bin/../lib/gcc/arm-none-eabi/4.9.3/../../../../arm-none-eabi/lib/armv7-m\libm.a(lib_a-k_rem_pio2.o)
                0x00004718                __kernel_rem_pio2
 .text.__kernel_sin
                0x00004f20      0x170 c:/program files (x86)/cypress/psoc creator/3.3/psoc creator/import/gnu/arm/4.9.3/bin/../lib/gcc/arm-none-eabi/4.9.3/../../../../arm-none-eabi/lib/armv7-m\libm.a(lib_a-k_sin.o)
                0x00004f20                __kernel_sin
 .text.fabs     0x00005090        0x8 c:/program files (x86)/cypress/psoc creator/3.3/psoc creator/import/gnu/arm/4.9.3/bin/../lib/gcc/arm-none-eabi/4.9.3/../../../../arm-none-eabi/lib/armv7-m\libm.a(lib_a-s_fabs.o)
                0x00005090                fabs
 .text.finite   0x00005098        0xc c:/program files (x86)/cypress/psoc creator/3.3/psoc creator/import/gnu/arm/4.9.3/bin/../lib/gcc/arm-none-eabi/4.9.3/../../../../arm-none-eabi/lib/armv7-m\libm.a(lib_a-s_finite.o)
                0x00005098                finite
 *fill*         0x000050a4        0x4 
 .text.floor    0x000050a8      0x118 c:/program files (x86)/cypress/psoc creator/3.3/psoc creator/import/gnu/arm/4.9.3/bin/../lib/gcc/arm-none-eabi/4.9.3/../../../../arm-none-eabi/lib/armv7-m\libm.a(lib_a-s_floor.o)
                0x000050a8                floor
 .text.__fpclassifyd
                0x000051c0       0x58 c:/program files (x86)/cypress/psoc creator/3.3/psoc creator/import/gnu/arm/4.9.3/bin/../lib/gcc/arm-none-eabi/4.9.3/../../../../arm-none-eabi/lib/armv7-m\libm.a(lib_a-s_fpclassify.o)
                0x000051c0                __fpclassifyd
 .text.matherr  0x00005218        0x4 c:/program files (x86)/cypress/psoc creator/3.3/psoc creator/import/gnu/arm/4.9.3/bin/../lib/gcc/arm-none-eabi/4.9.3/../../../../arm-none-eabi/lib/armv7-m\libm.a(lib_a-s_matherr.o)
                0x00005218                matherr
 .text.nan      0x0000521c        0xc c:/program files (x86)/cypress/psoc creator/3.3/psoc creator/import/gnu/arm/4.9.3/bin/../lib/gcc/arm-none-eabi/4.9.3/../../../../arm-none-eabi/lib/armv7-m\libm.a(lib_a-s_nan.o)
                0x0000521c                nan
 .text.rint     0x00005228      0x11c c:/program files (x86)/cypress/psoc creator/3.3/psoc creator/import/gnu/arm/4.9.3/bin/../lib/gcc/arm-none-eabi/4.9.3/../../../../arm-none-eabi/lib/armv7-m\libm.a(lib_a-s_rint.o)
                0x00005228                rint
 *fill*         0x00005344        0x4 
 .text.scalbn   0x00005348       0xf0 c:/program files (x86)/cypress/psoc creator/3.3/psoc creator/import/gnu/arm/4.9.3/bin/../lib/gcc/arm-none-eabi/4.9.3/../../../../arm-none-eabi/lib/armv7-m\libm.a(lib_a-s_scalbn.o)
                0x00005348                scalbn
 .text.copysign
                0x00005438       0x10 c:/program files (x86)/cypress/psoc creator/3.3/psoc creator/import/gnu/arm/4.9.3/bin/../lib/gcc/arm-none-eabi/4.9.3/../../../../arm-none-eabi/lib/armv7-m\libm.a(lib_a-s_copysign.o)
                0x00005438                copysign
 .text          0x00005448      0x370 c:/program files (x86)/cypress/psoc creator/3.3/psoc creator/import/gnu/arm/4.9.3/bin/../lib/gcc/arm-none-eabi/4.9.3/armv7-m\libgcc.a(_arm_addsubdf3.o)
                0x00005448                __aeabi_drsub
                0x00005450                __aeabi_dsub
                0x00005450                __subdf3
                0x00005454                __aeabi_dadd
                0x00005454                __adddf3
                0x000056cc                __floatunsidf
                0x000056cc                __aeabi_ui2d
                0x000056ec                __floatsidf
                0x000056ec                __aeabi_i2d
                0x00005710                __aeabi_f2d
                0x00005710                __extendsfdf2
                0x0000574c                __floatundidf
                0x0000574c                __aeabi_ul2d
                0x0000575c                __floatdidf
                0x0000575c                __aeabi_l2d
 .text          0x000057b8      0x424 c:/program files (x86)/cypress/psoc creator/3.3/psoc creator/import/gnu/arm/4.9.3/bin/../lib/gcc/arm-none-eabi/4.9.3/armv7-m\libgcc.a(_arm_muldivdf3.o)
                0x000057b8                __aeabi_dmul
                0x000057b8                __muldf3
                0x00005a0c                __divdf3
                0x00005a0c                __aeabi_ddiv
 .text          0x00005bdc      0x110 c:/program files (x86)/cypress/psoc creator/3.3/psoc creator/import/gnu/arm/4.9.3/bin/../lib/gcc/arm-none-eabi/4.9.3/armv7-m\libgcc.a(_arm_cmpdf2.o)
                0x00005bdc                __gtdf2
                0x00005bdc                __gedf2
                0x00005be4                __ltdf2
                0x00005be4                __ledf2
                0x00005bec                __nedf2
                0x00005bec                __eqdf2
                0x00005bec                __cmpdf2
                0x00005c68                __aeabi_cdrcmple
                0x00005c78                __aeabi_cdcmpeq
                0x00005c78                __aeabi_cdcmple
                0x00005c88                __aeabi_dcmpeq
                0x00005c9c                __aeabi_dcmplt
                0x00005cb0                __aeabi_dcmple
                0x00005cc4                __aeabi_dcmpge
                0x00005cd8                __aeabi_dcmpgt
 .text          0x00005cec       0x50 c:/program files (x86)/cypress/psoc creator/3.3/psoc creator/import/gnu/arm/4.9.3/bin/../lib/gcc/arm-none-eabi/4.9.3/armv7-m\libgcc.a(_arm_fixdfsi.o)
                0x00005cec                __aeabi_d2iz
                0x00005cec                __fixdfsi
 .text          0x00005d3c       0x40 c:/program files (x86)/cypress/psoc creator/3.3/psoc creator/import/gnu/arm/4.9.3/bin/../lib/gcc/arm-none-eabi/4.9.3/armv7-m\libgcc.a(_arm_fixunsdfsi.o)
                0x00005d3c                __aeabi_d2uiz
                0x00005d3c                __fixunsdfsi
 .text          0x00005d7c       0xa0 c:/program files (x86)/cypress/psoc creator/3.3/psoc creator/import/gnu/arm/4.9.3/bin/../lib/gcc/arm-none-eabi/4.9.3/armv7-m\libgcc.a(_arm_truncdfsf2.o)
                0x00005d7c                __truncdfsf2
                0x00005d7c                __aeabi_d2f
 .text          0x00005e1c      0x21c c:/program files (x86)/cypress/psoc creator/3.3/psoc creator/import/gnu/arm/4.9.3/bin/../lib/gcc/arm-none-eabi/4.9.3/armv7-m\libgcc.a(_arm_addsubsf3.o)
                0x00005e1c                __aeabi_frsub
                0x00005e24                __subsf3
                0x00005e24                __aeabi_fsub
                0x00005e28                __aeabi_fadd
                0x00005e28                __addsf3
                0x00005f88                __aeabi_ui2f
                0x00005f88                __floatunsisf
                0x00005f90                __aeabi_i2f
                0x00005f90                __floatsisf
                0x00005fac                __aeabi_ul2f
                0x00005fac                __floatundisf
                0x00005fbc                __aeabi_l2f
                0x00005fbc                __floatdisf
 .text          0x00006038      0x2a0 c:/program files (x86)/cypress/psoc creator/3.3/psoc creator/import/gnu/arm/4.9.3/bin/../lib/gcc/arm-none-eabi/4.9.3/armv7-m\libgcc.a(_arm_muldivsf3.o)
                0x00006038                __mulsf3
                0x00006038                __aeabi_fmul
                0x000061a0                __aeabi_fdiv
                0x000061a0                __divsf3
 .text          0x000062d8       0xec c:/program files (x86)/cypress/psoc creator/3.3/psoc creator/import/gnu/arm/4.9.3/bin/../lib/gcc/arm-none-eabi/4.9.3/armv7-m\libgcc.a(_arm_cmpsf2.o)
                0x000062d8                __gesf2
                0x000062d8                __gtsf2
                0x000062e0                __lesf2
                0x000062e0                __ltsf2
                0x000062e8                __nesf2
                0x000062e8                __eqsf2
                0x000062e8                __cmpsf2
                0x00006348                __aeabi_cfrcmple
                0x00006350                __aeabi_cfcmpeq
                0x00006350                __aeabi_cfcmple
                0x00006360                __aeabi_fcmpeq
                0x00006374                __aeabi_fcmplt
                0x00006388                __aeabi_fcmple
                0x0000639c                __aeabi_fcmpge
                0x000063b0                __aeabi_fcmpgt
 .text          0x000063c4       0x4c c:/program files (x86)/cypress/psoc creator/3.3/psoc creator/import/gnu/arm/4.9.3/bin/../lib/gcc/arm-none-eabi/4.9.3/armv7-m\libgcc.a(_arm_fixsfsi.o)
                0x000063c4                __aeabi_f2iz
                0x000063c4                __fixsfsi
 .text          0x00006410       0x40 c:/program files (x86)/cypress/psoc creator/3.3/psoc creator/import/gnu/arm/4.9.3/bin/../lib/gcc/arm-none-eabi/4.9.3/armv7-m\libgcc.a(_arm_fixunssfsi.o)
                0x00006410                __fixunssfsi
                0x00006410                __aeabi_f2uiz
 .text.__errno  0x00006450        0xc c:/program files (x86)/cypress/psoc creator/3.3/psoc creator/import/gnu/arm/4.9.3/bin/../lib/gcc/arm-none-eabi/4.9.3/../../../../arm-none-eabi/lib/armv7-m\libg_nano.a(lib_a-errno.o)
                0x00006450                __errno
 .text.__libc_init_array
                0x0000645c       0x4c c:/program files (x86)/cypress/psoc creator/3.3/psoc creator/import/gnu/arm/4.9.3/bin/../lib/gcc/arm-none-eabi/4.9.3/../../../../arm-none-eabi/lib/armv7-m\libg_nano.a(lib_a-init.o)
                0x0000645c                __libc_init_array
 .text.__itoa   0x000064a8       0x2e c:/program files (x86)/cypress/psoc creator/3.3/psoc creator/import/gnu/arm/4.9.3/bin/../lib/gcc/arm-none-eabi/4.9.3/../../../../arm-none-eabi/lib/armv7-m\libg_nano.a(lib_a-itoa.o)
                0x000064a8                __itoa
 .text.itoa     0x000064d6        0x4 c:/program files (x86)/cypress/psoc creator/3.3/psoc creator/import/gnu/arm/4.9.3/bin/../lib/gcc/arm-none-eabi/4.9.3/../../../../arm-none-eabi/lib/armv7-m\libg_nano.a(lib_a-itoa.o)
                0x000064d6                itoa
 .text.memcpy   0x000064da       0x16 c:/program files (x86)/cypress/psoc creator/3.3/psoc creator/import/gnu/arm/4.9.3/bin/../lib/gcc/arm-none-eabi/4.9.3/../../../../arm-none-eabi/lib/armv7-m\libg_nano.a(lib_a-memcpy.o)
                0x000064da                memcpy
 .text.memset   0x000064f0       0x10 c:/program files (x86)/cypress/psoc creator/3.3/psoc creator/import/gnu/arm/4.9.3/bin/../lib/gcc/arm-none-eabi/4.9.3/../../../../arm-none-eabi/lib/armv7-m\libg_nano.a(lib_a-memset.o)
                0x000064f0                memset
 .text.__cvt    0x00006500       0xbc c:/program files (x86)/cypress/psoc creator/3.3/psoc creator/import/gnu/arm/4.9.3/bin/../lib/gcc/arm-none-eabi/4.9.3/../../../../arm-none-eabi/lib/armv7-m\libg_nano.a(lib_a-nano-vfprintf_float.o)
                0x00006500                __cvt
 .text.__exponent
                0x000065bc       0x62 c:/program files (x86)/cypress/psoc creator/3.3/psoc creator/import/gnu/arm/4.9.3/bin/../lib/gcc/arm-none-eabi/4.9.3/../../../../arm-none-eabi/lib/armv7-m\libg_nano.a(lib_a-nano-vfprintf_float.o)
                0x000065bc                __exponent
 *fill*         0x0000661e        0x2 
 .text._printf_float
                0x00006620      0x48c c:/program files (x86)/cypress/psoc creator/3.3/psoc creator/import/gnu/arm/4.9.3/bin/../lib/gcc/arm-none-eabi/4.9.3/../../../../arm-none-eabi/lib/armv7-m\libg_nano.a(lib_a-nano-vfprintf_float.o)
                0x00006620                _printf_float
 .text._printf_common
                0x00006aac       0xea c:/program files (x86)/cypress/psoc creator/3.3/psoc creator/import/gnu/arm/4.9.3/bin/../lib/gcc/arm-none-eabi/4.9.3/../../../../arm-none-eabi/lib/armv7-m\libg_nano.a(lib_a-nano-vfprintf_i.o)
                0x00006aac                _printf_common
 *fill*         0x00006b96        0x2 
 .text._printf_i
                0x00006b98      0x240 c:/program files (x86)/cypress/psoc creator/3.3/psoc creator/import/gnu/arm/4.9.3/bin/../lib/gcc/arm-none-eabi/4.9.3/../../../../arm-none-eabi/lib/armv7-m\libg_nano.a(lib_a-nano-vfprintf_i.o)
                0x00006b98                _printf_i
 .text.sprintf  0x00006dd8       0x48 c:/program files (x86)/cypress/psoc creator/3.3/psoc creator/import/gnu/arm/4.9.3/bin/../lib/gcc/arm-none-eabi/4.9.3/../../../../arm-none-eabi/lib/armv7-m\libg_nano.a(lib_a-sprintf.o)
                0x00006dd8                siprintf
                0x00006dd8                sprintf
 .text.strlen   0x00006e20       0x10 c:/program files (x86)/cypress/psoc creator/3.3/psoc creator/import/gnu/arm/4.9.3/bin/../lib/gcc/arm-none-eabi/4.9.3/../../../../arm-none-eabi/lib/armv7-m\libg_nano.a(lib_a-strlen.o)
                0x00006e20                strlen
 .text.__utoa   0x00006e30       0x78 c:/program files (x86)/cypress/psoc creator/3.3/psoc creator/import/gnu/arm/4.9.3/bin/../lib/gcc/arm-none-eabi/4.9.3/../../../../arm-none-eabi/lib/armv7-m\libg_nano.a(lib_a-utoa.o)
                0x00006e30                __utoa
 .text.quorem   0x00006ea8      0x114 c:/program files (x86)/cypress/psoc creator/3.3/psoc creator/import/gnu/arm/4.9.3/bin/../lib/gcc/arm-none-eabi/4.9.3/../../../../arm-none-eabi/lib/armv7-m\libg_nano.a(lib_a-dtoa.o)
 *fill*         0x00006fbc        0x4 
 .text._dtoa_r  0x00006fc0      0xb78 c:/program files (x86)/cypress/psoc creator/3.3/psoc creator/import/gnu/arm/4.9.3/bin/../lib/gcc/arm-none-eabi/4.9.3/../../../../arm-none-eabi/lib/armv7-m\libg_nano.a(lib_a-dtoa.o)
                0x00006fc0                _dtoa_r
 .text._localeconv_r
                0x00007b38        0x8 c:/program files (x86)/cypress/psoc creator/3.3/psoc creator/import/gnu/arm/4.9.3/bin/../lib/gcc/arm-none-eabi/4.9.3/../../../../arm-none-eabi/lib/armv7-m\libg_nano.a(lib_a-locale.o)
                0x00007b38                _localeconv_r
 .text.malloc   0x00007b40       0x10 c:/program files (x86)/cypress/psoc creator/3.3/psoc creator/import/gnu/arm/4.9.3/bin/../lib/gcc/arm-none-eabi/4.9.3/../../../../arm-none-eabi/lib/armv7-m\libg_nano.a(lib_a-malloc.o)
                0x00007b40                malloc
 .text.memchr   0x00007b50       0x1c c:/program files (x86)/cypress/psoc creator/3.3/psoc creator/import/gnu/arm/4.9.3/bin/../lib/gcc/arm-none-eabi/4.9.3/../../../../arm-none-eabi/lib/armv7-m\libg_nano.a(lib_a-memchr.o)
                0x00007b50                memchr
 .text._Balloc  0x00007b6c       0x6a c:/program files (x86)/cypress/psoc creator/3.3/psoc creator/import/gnu/arm/4.9.3/bin/../lib/gcc/arm-none-eabi/4.9.3/../../../../arm-none-eabi/lib/armv7-m\libg_nano.a(lib_a-mprec.o)
                0x00007b6c                _Balloc
 .text._Bfree   0x00007bd6       0x2e c:/program files (x86)/cypress/psoc creator/3.3/psoc creator/import/gnu/arm/4.9.3/bin/../lib/gcc/arm-none-eabi/4.9.3/../../../../arm-none-eabi/lib/armv7-m\libg_nano.a(lib_a-mprec.o)
                0x00007bd6                _Bfree
 .text.__multadd
                0x00007c04       0x7c c:/program files (x86)/cypress/psoc creator/3.3/psoc creator/import/gnu/arm/4.9.3/bin/../lib/gcc/arm-none-eabi/4.9.3/../../../../arm-none-eabi/lib/armv7-m\libg_nano.a(lib_a-mprec.o)
                0x00007c04                __multadd
 .text.__hi0bits
                0x00007c80       0x40 c:/program files (x86)/cypress/psoc creator/3.3/psoc creator/import/gnu/arm/4.9.3/bin/../lib/gcc/arm-none-eabi/4.9.3/../../../../arm-none-eabi/lib/armv7-m\libg_nano.a(lib_a-mprec.o)
                0x00007c80                __hi0bits
 .text.__lo0bits
                0x00007cc0       0x5a c:/program files (x86)/cypress/psoc creator/3.3/psoc creator/import/gnu/arm/4.9.3/bin/../lib/gcc/arm-none-eabi/4.9.3/../../../../arm-none-eabi/lib/armv7-m\libg_nano.a(lib_a-mprec.o)
                0x00007cc0                __lo0bits
 .text.__i2b    0x00007d1a       0x12 c:/program files (x86)/cypress/psoc creator/3.3/psoc creator/import/gnu/arm/4.9.3/bin/../lib/gcc/arm-none-eabi/4.9.3/../../../../arm-none-eabi/lib/armv7-m\libg_nano.a(lib_a-mprec.o)
                0x00007d1a                __i2b
 .text.__multiply
                0x00007d2c      0x120 c:/program files (x86)/cypress/psoc creator/3.3/psoc creator/import/gnu/arm/4.9.3/bin/../lib/gcc/arm-none-eabi/4.9.3/../../../../arm-none-eabi/lib/armv7-m\libg_nano.a(lib_a-mprec.o)
                0x00007d2c                __multiply
 .text.__pow5mult
                0x00007e4c       0x9c c:/program files (x86)/cypress/psoc creator/3.3/psoc creator/import/gnu/arm/4.9.3/bin/../lib/gcc/arm-none-eabi/4.9.3/../../../../arm-none-eabi/lib/armv7-m\libg_nano.a(lib_a-mprec.o)
                0x00007e4c                __pow5mult
 .text.__lshift
                0x00007ee8       0xa6 c:/program files (x86)/cypress/psoc creator/3.3/psoc creator/import/gnu/arm/4.9.3/bin/../lib/gcc/arm-none-eabi/4.9.3/../../../../arm-none-eabi/lib/armv7-m\libg_nano.a(lib_a-mprec.o)
                0x00007ee8                __lshift
 .text.__mcmp   0x00007f8e       0x38 c:/program files (x86)/cypress/psoc creator/3.3/psoc creator/import/gnu/arm/4.9.3/bin/../lib/gcc/arm-none-eabi/4.9.3/../../../../arm-none-eabi/lib/armv7-m\libg_nano.a(lib_a-mprec.o)
                0x00007f8e                __mcmp
 .text.__mdiff  0x00007fc6       0xbe c:/program files (x86)/cypress/psoc creator/3.3/psoc creator/import/gnu/arm/4.9.3/bin/../lib/gcc/arm-none-eabi/4.9.3/../../../../arm-none-eabi/lib/armv7-m\libg_nano.a(lib_a-mprec.o)
                0x00007fc6                __mdiff
 .text.__d2b    0x00008084       0xa4 c:/program files (x86)/cypress/psoc creator/3.3/psoc creator/import/gnu/arm/4.9.3/bin/../lib/gcc/arm-none-eabi/4.9.3/../../../../arm-none-eabi/lib/armv7-m\libg_nano.a(lib_a-mprec.o)
                0x00008084                __d2b
 .text._calloc_r
                0x00008128       0x1c c:/program files (x86)/cypress/psoc creator/3.3/psoc creator/import/gnu/arm/4.9.3/bin/../lib/gcc/arm-none-eabi/4.9.3/../../../../arm-none-eabi/lib/armv7-m\libg_nano.a(lib_a-nano-callocr.o)
                0x00008128                _calloc_r
 .text._free_r  0x00008144       0x88 c:/program files (x86)/cypress/psoc creator/3.3/psoc creator/import/gnu/arm/4.9.3/bin/../lib/gcc/arm-none-eabi/4.9.3/../../../../arm-none-eabi/lib/armv7-m\libg_nano.a(lib_a-nano-freer.o)
                0x00008144                _free_r
 .text._malloc_r
                0x000081cc       0xac c:/program files (x86)/cypress/psoc creator/3.3/psoc creator/import/gnu/arm/4.9.3/bin/../lib/gcc/arm-none-eabi/4.9.3/../../../../arm-none-eabi/lib/armv7-m\libg_nano.a(lib_a-nano-mallocr.o)
                0x000081cc                _malloc_r
 .text.__ssputs_r
                0x00008278       0xb2 c:/program files (x86)/cypress/psoc creator/3.3/psoc creator/import/gnu/arm/4.9.3/bin/../lib/gcc/arm-none-eabi/4.9.3/../../../../arm-none-eabi/lib/armv7-m\libg_nano.a(lib_a-nano-svfprintf.o)
                0x00008278                __ssputs_r
 *fill*         0x0000832a        0x2 
 .text._svfprintf_r
                0x0000832c      0x1e4 c:/program files (x86)/cypress/psoc creator/3.3/psoc creator/import/gnu/arm/4.9.3/bin/../lib/gcc/arm-none-eabi/4.9.3/../../../../arm-none-eabi/lib/armv7-m\libg_nano.a(lib_a-nano-svfprintf.o)
                0x0000832c                _svfiprintf_r
                0x0000832c                _svfprintf_r
 .text._sbrk_r  0x00008510       0x20 c:/program files (x86)/cypress/psoc creator/3.3/psoc creator/import/gnu/arm/4.9.3/bin/../lib/gcc/arm-none-eabi/4.9.3/../../../../arm-none-eabi/lib/armv7-m\libg_nano.a(lib_a-sbrkr.o)
                0x00008510                _sbrk_r
 .text.memmove  0x00008530       0x36 c:/program files (x86)/cypress/psoc creator/3.3/psoc creator/import/gnu/arm/4.9.3/bin/../lib/gcc/arm-none-eabi/4.9.3/../../../../arm-none-eabi/lib/armv7-m\libg_nano.a(lib_a-memmove.o)
                0x00008530                memmove
 .text._realloc_r
                0x00008566       0x4c c:/program files (x86)/cypress/psoc creator/3.3/psoc creator/import/gnu/arm/4.9.3/bin/../lib/gcc/arm-none-eabi/4.9.3/../../../../arm-none-eabi/lib/armv7-m\libg_nano.a(lib_a-nano-reallocr.o)
                0x00008566                _realloc_r
 .text._malloc_usable_size_r
                0x000085b2       0x14 c:/program files (x86)/cypress/psoc creator/3.3/psoc creator/import/gnu/arm/4.9.3/bin/../lib/gcc/arm-none-eabi/4.9.3/../../../../arm-none-eabi/lib/armv7-m\libg_nano.a(lib_a-nano-msizer.o)
                0x000085b2                _malloc_usable_size_r
 *(.plt)
 *(.gnu.warning)
 *(.glue_7t)
 .glue_7t       0x00000000        0x0 linker stubs
 *(.glue_7)
 .glue_7        0x00000000        0x0 linker stubs
 *(.vfp11_veneer)
 .vfp11_veneer  0x00000000        0x0 linker stubs
 *(.bootloader)
 *(.ARM.extab* .gnu.linkonce.armextab.*)
 *(.gcc_except_table)

.v4_bx          0x000085c8        0x0
 .v4_bx         0x00000000        0x0 linker stubs

.iplt           0x000085c8        0x0
 .iplt          0x00000000        0x0 c:/program files (x86)/cypress/psoc creator/3.3/psoc creator/import/gnu/arm/4.9.3/bin/../lib/gcc/arm-none-eabi/4.9.3/armv7-m/crtbegin.o

.eh_frame_hdr
 *(.eh_frame_hdr)

.eh_frame       0x000085c8        0x4
 *(.eh_frame)
 .eh_frame      0x000085c8        0x0 c:/program files (x86)/cypress/psoc creator/3.3/psoc creator/import/gnu/arm/4.9.3/bin/../lib/gcc/arm-none-eabi/4.9.3/armv7-m/crtbegin.o
 .eh_frame      0x000085c8        0x0 c:/program files (x86)/cypress/psoc creator/3.3/psoc creator/import/gnu/arm/4.9.3/bin/../lib/gcc/arm-none-eabi/4.9.3/../../../../arm-none-eabi/lib/armv7-m\libg_nano.a(lib_a-strcmp.o)
                                 0x28 (size before relaxing)
 .eh_frame      0x000085c8        0x4 c:/program files (x86)/cypress/psoc creator/3.3/psoc creator/import/gnu/arm/4.9.3/bin/../lib/gcc/arm-none-eabi/4.9.3/armv7-m/crtend.o
                0x000085cc                PROVIDE (__exidx_start, .)

.ARM.exidx
 *(.ARM.exidx* .gnu.linkonce.armexidx.*)
                0x000085cc                __exidx_end = .

.rodata         0x000085d0      0x5a8
 *(.rodata .rodata.* .gnu.linkonce.r.*)
 .rodata.str1.4
                0x000085d0       0xb1 .\CortexM3\ARM_GCC_493\Debug\main.o
                                 0xb4 (size before relaxing)
 *fill*         0x00008681        0x3 
 .rodata.str1.4
                0x00008684       0x20 .\CortexM3\ARM_GCC_493\Debug\encoder.o
 .rodata.str1.4
                0x000086a4       0x98 .\CortexM3\ARM_GCC_493\Debug\motor.o
 .rodata.str1.4
                0x0000873c       0x20 .\CortexM3\ARM_GCC_493\Debug\pid.o
 .rodata        0x0000875c       0x44 .\CortexM3\ARM_GCC_493\Debug\freesoc.a(cyfitter_cfg.o)
 .rodata.str1.4
                0x000087a0        0x4 c:/program files (x86)/cypress/psoc creator/3.3/psoc creator/import/gnu/arm/4.9.3/bin/../lib/gcc/arm-none-eabi/4.9.3/../../../../arm-none-eabi/lib/armv7-m\libm.a(lib_a-w_pow.o)
 *fill*         0x000087a4        0x4 
 .rodata.dp_h   0x000087a8       0x10 c:/program files (x86)/cypress/psoc creator/3.3/psoc creator/import/gnu/arm/4.9.3/bin/../lib/gcc/arm-none-eabi/4.9.3/../../../../arm-none-eabi/lib/armv7-m\libm.a(lib_a-e_pow.o)
 .rodata.dp_l   0x000087b8       0x10 c:/program files (x86)/cypress/psoc creator/3.3/psoc creator/import/gnu/arm/4.9.3/bin/../lib/gcc/arm-none-eabi/4.9.3/../../../../arm-none-eabi/lib/armv7-m\libm.a(lib_a-e_pow.o)
 .rodata.bp     0x000087c8       0x10 c:/program files (x86)/cypress/psoc creator/3.3/psoc creator/import/gnu/arm/4.9.3/bin/../lib/gcc/arm-none-eabi/4.9.3/../../../../arm-none-eabi/lib/armv7-m\libm.a(lib_a-e_pow.o)
 .rodata.str1.4
                0x00000000        0x4 c:/program files (x86)/cypress/psoc creator/3.3/psoc creator/import/gnu/arm/4.9.3/bin/../lib/gcc/arm-none-eabi/4.9.3/../../../../arm-none-eabi/lib/armv7-m\libm.a(lib_a-e_pow.o)
 .rodata.npio2_hw
                0x000087d8       0x80 c:/program files (x86)/cypress/psoc creator/3.3/psoc creator/import/gnu/arm/4.9.3/bin/../lib/gcc/arm-none-eabi/4.9.3/../../../../arm-none-eabi/lib/armv7-m\libm.a(lib_a-e_rem_pio2.o)
 .rodata.two_over_pi
                0x00008858      0x108 c:/program files (x86)/cypress/psoc creator/3.3/psoc creator/import/gnu/arm/4.9.3/bin/../lib/gcc/arm-none-eabi/4.9.3/../../../../arm-none-eabi/lib/armv7-m\libm.a(lib_a-e_rem_pio2.o)
 .rodata.init_jk
                0x00008960       0x10 c:/program files (x86)/cypress/psoc creator/3.3/psoc creator/import/gnu/arm/4.9.3/bin/../lib/gcc/arm-none-eabi/4.9.3/../../../../arm-none-eabi/lib/armv7-m\libm.a(lib_a-k_rem_pio2.o)
 .rodata.PIo2   0x00008970       0x40 c:/program files (x86)/cypress/psoc creator/3.3/psoc creator/import/gnu/arm/4.9.3/bin/../lib/gcc/arm-none-eabi/4.9.3/../../../../arm-none-eabi/lib/armv7-m\libm.a(lib_a-k_rem_pio2.o)
 .rodata.TWO52  0x000089b0       0x10 c:/program files (x86)/cypress/psoc creator/3.3/psoc creator/import/gnu/arm/4.9.3/bin/../lib/gcc/arm-none-eabi/4.9.3/../../../../arm-none-eabi/lib/armv7-m\libm.a(lib_a-s_rint.o)
 .rodata.str1.1
                0x000089c0        0x2 c:/program files (x86)/cypress/psoc creator/3.3/psoc creator/import/gnu/arm/4.9.3/bin/../lib/gcc/arm-none-eabi/4.9.3/../../../../arm-none-eabi/lib/armv7-m\libg_nano.a(lib_a-impure.o)
 .rodata.str1.1
                0x000089c2       0x12 c:/program files (x86)/cypress/psoc creator/3.3/psoc creator/import/gnu/arm/4.9.3/bin/../lib/gcc/arm-none-eabi/4.9.3/../../../../arm-none-eabi/lib/armv7-m\libg_nano.a(lib_a-nano-vfprintf_float.o)
 .rodata.str1.1
                0x000089d4       0x22 c:/program files (x86)/cypress/psoc creator/3.3/psoc creator/import/gnu/arm/4.9.3/bin/../lib/gcc/arm-none-eabi/4.9.3/../../../../arm-none-eabi/lib/armv7-m\libg_nano.a(lib_a-nano-vfprintf_i.o)
 .rodata.str1.1
                0x000089f6       0x25 c:/program files (x86)/cypress/psoc creator/3.3/psoc creator/import/gnu/arm/4.9.3/bin/../lib/gcc/arm-none-eabi/4.9.3/../../../../arm-none-eabi/lib/armv7-m\libg_nano.a(lib_a-utoa.o)
 .rodata.str1.1
                0x00008a1b        0xd c:/program files (x86)/cypress/psoc creator/3.3/psoc creator/import/gnu/arm/4.9.3/bin/../lib/gcc/arm-none-eabi/4.9.3/../../../../arm-none-eabi/lib/armv7-m\libg_nano.a(lib_a-dtoa.o)
                                  0xf (size before relaxing)
 .rodata.str1.1
                0x00008a28        0x8 c:/program files (x86)/cypress/psoc creator/3.3/psoc creator/import/gnu/arm/4.9.3/bin/../lib/gcc/arm-none-eabi/4.9.3/../../../../arm-none-eabi/lib/armv7-m\libg_nano.a(lib_a-locale.o)
                                  0xb (size before relaxing)
 .rodata.__mprec_tens
                0x00008a30       0xc8 c:/program files (x86)/cypress/psoc creator/3.3/psoc creator/import/gnu/arm/4.9.3/bin/../lib/gcc/arm-none-eabi/4.9.3/../../../../arm-none-eabi/lib/armv7-m\libg_nano.a(lib_a-mprec.o)
                0x00008a30                __mprec_tens
 .rodata.__mprec_bigtens
                0x00008af8       0x28 c:/program files (x86)/cypress/psoc creator/3.3/psoc creator/import/gnu/arm/4.9.3/bin/../lib/gcc/arm-none-eabi/4.9.3/../../../../arm-none-eabi/lib/armv7-m\libg_nano.a(lib_a-mprec.o)
                0x00008af8                __mprec_bigtens
 .rodata.p05.5308
                0x00008b20        0xc c:/program files (x86)/cypress/psoc creator/3.3/psoc creator/import/gnu/arm/4.9.3/bin/../lib/gcc/arm-none-eabi/4.9.3/../../../../arm-none-eabi/lib/armv7-m\libg_nano.a(lib_a-mprec.o)
 .rodata.str1.1
                0x00008b2c       0x11 c:/program files (x86)/cypress/psoc creator/3.3/psoc creator/import/gnu/arm/4.9.3/bin/../lib/gcc/arm-none-eabi/4.9.3/../../../../arm-none-eabi/lib/armv7-m\libg_nano.a(lib_a-nano-svfprintf.o)
                0x00008b40                . = ALIGN (0x4)
 *fill*         0x00008b3d        0x3 
 *(.init)
 .init          0x00008b40        0x4 c:/program files (x86)/cypress/psoc creator/3.3/psoc creator/import/gnu/arm/4.9.3/bin/../lib/gcc/arm-none-eabi/4.9.3/armv7-m/crti.o
                0x00008b40                _init
 .init          0x00008b44        0x8 c:/program files (x86)/cypress/psoc creator/3.3/psoc creator/import/gnu/arm/4.9.3/bin/../lib/gcc/arm-none-eabi/4.9.3/armv7-m/crtn.o
                0x00008b4c                . = ALIGN (0x4)
                0x00008b4c                __preinit_array_start = .
 *(.preinit_array)
                0x00008b4c                __preinit_array_end = .
                0x00008b4c                . = ALIGN (0x4)
                0x00008b4c                __init_array_start = .
 *(SORT(.init_array.*))
 *(.init_array)
 .init_array    0x00008b4c        0x4 c:/program files (x86)/cypress/psoc creator/3.3/psoc creator/import/gnu/arm/4.9.3/bin/../lib/gcc/arm-none-eabi/4.9.3/armv7-m/crtbegin.o
 .init_array    0x00008b50        0x4 .\CortexM3\ARM_GCC_493\Debug\Cm3Start.o
                0x00008b54                __init_array_end = .
                0x00008b54                . = ALIGN (0x4)
 *(.fini)
 .fini          0x00008b54        0x4 c:/program files (x86)/cypress/psoc creator/3.3/psoc creator/import/gnu/arm/4.9.3/bin/../lib/gcc/arm-none-eabi/4.9.3/armv7-m/crti.o
                0x00008b54                _fini
 .fini          0x00008b58        0x8 c:/program files (x86)/cypress/psoc creator/3.3/psoc creator/import/gnu/arm/4.9.3/bin/../lib/gcc/arm-none-eabi/4.9.3/armv7-m/crtn.o
                0x00008b60                . = ALIGN (0x4)
                0x00008b60                __fini_array_start = .
 *(.fini_array)
 .fini_array    0x00008b60        0x4 c:/program files (x86)/cypress/psoc creator/3.3/psoc creator/import/gnu/arm/4.9.3/bin/../lib/gcc/arm-none-eabi/4.9.3/armv7-m/crtbegin.o
 *(SORT(.fini_array.*))
                0x00008b64                __fini_array_end = .
                0x00008b64                . = ALIGN (0x4)
 *crtbegin.o(.ctors)
 *(EXCLUDE_FILE(*crtend.o) .ctors)
 *(SORT(.ctors.*))
 *crtend.o(.ctors)
                0x00008b64                . = ALIGN (0x4)
 *crtbegin.o(.dtors)
 *(EXCLUDE_FILE(*crtend.o) .dtors)
 *(SORT(.dtors.*))
 *crtend.o(.dtors)
                0x00008b64                . = ALIGN (0x4)
                0x00008b64                __cy_regions = .
                0x00008b64        0x4 LONG 0x8b78 __cy_region_init_ram
                0x00008b68        0x4 LONG 0x1fff8108 __cy_region_start_data
                0x00008b6c        0x4 LONG 0x710 __cy_region_init_size_ram
                0x00008b70        0x4 LONG 0x710 __cy_region_zero_size_ram
                0x00008b74                __cy_regions_end = .
                0x00008b78                . = ALIGN (0x8)
 *fill*         0x00008b74        0x4 
                0x00008b78                _etext = .

.cy_checksum_exclude
                0x00008b78        0x0
 *(.cy_checksum_exclude)

.ramvectors     0x1fff8000      0x100
                0x1fff8000                __cy_region_start_ram = .
 *(.ramvectors)
 .ramvectors    0x1fff8000      0x100 .\CortexM3\ARM_GCC_493\Debug\Cm3Start.o
                0x1fff8000                CyRamVectors

.noinit         0x1fff8100        0x5
 *(.noinit)
 .noinit        0x1fff8100        0x4 .\CortexM3\ARM_GCC_493\Debug\Cm3Start.o
 .noinit        0x1fff8104        0x1 .\CortexM3\ARM_GCC_493\Debug\freesoc.a(CyLib.o)
                0x1fff8104                CyResetStatus

.data           0x1fff8108      0x710 load address 0x00008b78
                0x1fff8108                __cy_region_start_data = .
 *(.jcr)
 .jcr           0x1fff8108        0x0 c:/program files (x86)/cypress/psoc creator/3.3/psoc creator/import/gnu/arm/4.9.3/bin/../lib/gcc/arm-none-eabi/4.9.3/armv7-m/crtbegin.o
 .jcr           0x1fff8108        0x4 c:/program files (x86)/cypress/psoc creator/3.3/psoc creator/import/gnu/arm/4.9.3/bin/../lib/gcc/arm-none-eabi/4.9.3/armv7-m/crtend.o
 *(.got.plt)
 *(.got)
 *(.shdata)
 *(.data .data.* .gnu.linkonce.d.*)
 .data          0x1fff810c       0x78 .\CortexM3\ARM_GCC_493\Debug\encoder.o
 .data          0x1fff8184      0x530 .\CortexM3\ARM_GCC_493\Debug\motor.o
 .data          0x1fff86b4       0xa8 .\CortexM3\ARM_GCC_493\Debug\pid.o
 .data          0x1fff875c        0x4 .\CortexM3\ARM_GCC_493\Debug\Cm3Start.o
 .data          0x1fff8760        0x2 .\CortexM3\ARM_GCC_493\Debug\freesoc.a(cyfitter_cfg.o)
                0x1fff8760                Front_AMuxSeq_curChannel
                0x1fff8761                Rear_AMuxSeq_curChannel
 *fill*         0x1fff8762        0x2 
 .data          0x1fff8764       0x10 .\CortexM3\ARM_GCC_493\Debug\freesoc.a(CyLib.o)
                0x1fff8764                cydelay_32k_ms
                0x1fff8768                cydelay_freq_khz
                0x1fff876c                cydelay_freq_mhz
                0x1fff8770                cydelay_freq_hz
 .data.__fdlib_version
                0x1fff8774        0x1 c:/program files (x86)/cypress/psoc creator/3.3/psoc creator/import/gnu/arm/4.9.3/bin/../lib/gcc/arm-none-eabi/4.9.3/../../../../arm-none-eabi/lib/armv7-m\libm.a(lib_a-s_lib_ver.o)
                0x1fff8774                __fdlib_version
 *fill*         0x1fff8775        0x3 
 .data.impure_data
                0x1fff8778       0x60 c:/program files (x86)/cypress/psoc creator/3.3/psoc creator/import/gnu/arm/4.9.3/bin/../lib/gcc/arm-none-eabi/4.9.3/../../../../arm-none-eabi/lib/armv7-m\libg_nano.a(lib_a-impure.o)
 .data._impure_ptr
                0x1fff87d8        0x4 c:/program files (x86)/cypress/psoc creator/3.3/psoc creator/import/gnu/arm/4.9.3/bin/../lib/gcc/arm-none-eabi/4.9.3/../../../../arm-none-eabi/lib/armv7-m\libg_nano.a(lib_a-impure.o)
                0x1fff87d8                _impure_ptr
 .data.lconv    0x1fff87dc       0x38 c:/program files (x86)/cypress/psoc creator/3.3/psoc creator/import/gnu/arm/4.9.3/bin/../lib/gcc/arm-none-eabi/4.9.3/../../../../arm-none-eabi/lib/armv7-m\libg_nano.a(lib_a-locale.o)
                0x1fff8818                . = ALIGN (0x8)
 *fill*         0x1fff8814        0x4 
 *(.ram)
                0x1fff8818                _edata = .

.igot.plt       0x1fff8818        0x0 load address 0x00009288
 .igot.plt      0x00000000        0x0 c:/program files (x86)/cypress/psoc creator/3.3/psoc creator/import/gnu/arm/4.9.3/bin/../lib/gcc/arm-none-eabi/4.9.3/armv7-m/crtbegin.o

.bss            0x1fff8818      0x710 load address 0x00009288
                0x1fff8818                PROVIDE (__bss_start__, .)
 *(.shbss)
 *(.bss .bss.* .gnu.linkonce.b.*)
 .bss           0x1fff8818       0x1c c:/program files (x86)/cypress/psoc creator/3.3/psoc creator/import/gnu/arm/4.9.3/bin/../lib/gcc/arm-none-eabi/4.9.3/armv7-m/crtbegin.o
 .bss           0x1fff8834      0x4d0 .\CortexM3\ARM_GCC_493\Debug\cal.o
 .bss           0x1fff8d04        0xc .\CortexM3\ARM_GCC_493\Debug\encoder.o
 .bss           0x1fff8d10       0x68 .\CortexM3\ARM_GCC_493\Debug\i2c.o
 .bss           0x1fff8d78       0x2c .\CortexM3\ARM_GCC_493\Debug\odom.o
 .bss           0x1fff8da4        0x8 .\CortexM3\ARM_GCC_493\Debug\pid.o
 .bss           0x1fff8dac        0x4 .\CortexM3\ARM_GCC_493\Debug\time.o
 .bss           0x1fff8db0        0x2 .\CortexM3\ARM_GCC_493\Debug\ultrasonic.o
 .bss           0x1fff8db2        0x2 .\CortexM3\ARM_GCC_493\Debug\infrared.o
 .bss           0x1fff8db4        0x1 .\CortexM3\ARM_GCC_493\Debug\freesoc.a(Left_HB25_PWM.o)
                0x1fff8db4                Left_HB25_PWM_initVar
 .bss           0x1fff8db5        0x1 .\CortexM3\ARM_GCC_493\Debug\freesoc.a(Right_HB25_PWM.o)
                0x1fff8db5                Right_HB25_PWM_initVar
 *fill*         0x1fff8db6        0x2 
 .bss           0x1fff8db8       0x1c .\CortexM3\ARM_GCC_493\Debug\freesoc.a(CyLib.o)
                0x1fff8dd0                CySysTickInitVar
 .bss           0x1fff8dd4        0x2 .\CortexM3\ARM_GCC_493\Debug\freesoc.a(UART_Debug.o)
                0x1fff8dd4                UART_Debug_initVar
 .bss           0x1fff8dd6        0x1 .\CortexM3\ARM_GCC_493\Debug\freesoc.a(EZI2C_Slave.o)
                0x1fff8dd6                EZI2C_Slave_initVar
 .bss           0x1fff8dd7        0x2 .\CortexM3\ARM_GCC_493\Debug\freesoc.a(EZI2C_Slave_INT.o)
 .bss           0x1fff8dd9        0x1 .\CortexM3\ARM_GCC_493\Debug\freesoc.a(Front_Echo_Timer.o)
                0x1fff8dd9                Front_Echo_Timer_initVar
 .bss           0x1fff8dda        0x1 .\CortexM3\ARM_GCC_493\Debug\freesoc.a(Rear_Echo_Timer.o)
                0x1fff8dda                Rear_Echo_Timer_initVar
 .bss           0x1fff8ddb        0x1 .\CortexM3\ARM_GCC_493\Debug\freesoc.a(Front_ADC_SAR.o)
                0x1fff8ddb                Front_ADC_SAR_initVar
 .bss           0x1fff8ddc        0x1 .\CortexM3\ARM_GCC_493\Debug\freesoc.a(Front_AMuxSeq.o)
                0x1fff8ddc                Front_AMuxSeq_initVar
 .bss           0x1fff8ddd        0x1 .\CortexM3\ARM_GCC_493\Debug\freesoc.a(Rear_ADC_SAR.o)
                0x1fff8ddd                Rear_ADC_SAR_initVar