Archive member included because of file (symbol)

.\CortexM3\ARM_GCC_493\Debug\freesoc.a(cyfitter_cfg.o)
                              .\CortexM3\ARM_GCC_493\Debug\infrared.o (Front_AMuxSeq_DisconnectAll)
.\CortexM3\ARM_GCC_493\Debug\freesoc.a(Left_HB25_Enable_Pin.o)
                              .\CortexM3\ARM_GCC_493\Debug\motor.o (Left_HB25_Enable_Pin_Write)
.\CortexM3\ARM_GCC_493\Debug\freesoc.a(Left_HB25_PWM.o)
                              .\CortexM3\ARM_GCC_493\Debug\motor.o (Left_HB25_PWM_Stop)
.\CortexM3\ARM_GCC_493\Debug\freesoc.a(Right_HB25_Enable_Pin.o)
                              .\CortexM3\ARM_GCC_493\Debug\motor.o (Right_HB25_Enable_Pin_Write)
.\CortexM3\ARM_GCC_493\Debug\freesoc.a(Right_HB25_PWM.o)
                              .\CortexM3\ARM_GCC_493\Debug\motor.o (Right_HB25_PWM_Stop)
.\CortexM3\ARM_GCC_493\Debug\freesoc.a(CyBootAsmGnu.o)
                              .\CortexM3\ARM_GCC_493\Debug\freesoc.a(cyfitter_cfg.o) (CyDelayCycles)
.\CortexM3\ARM_GCC_493\Debug\freesoc.a(CyLib.o)
                              .\CortexM3\ARM_GCC_493\Debug\Cm3Start.o (CyHalt)
.\CortexM3\ARM_GCC_493\Debug\freesoc.a(cyPm.o)
                              .\CortexM3\ARM_GCC_493\Debug\freesoc.a(CyLib.o) (CyPmReadStatus)
.\CortexM3\ARM_GCC_493\Debug\freesoc.a(EZI2C_Slave.o)
                              .\CortexM3\ARM_GCC_493\Debug\i2c.o (EZI2C_Slave_Start)
.\CortexM3\ARM_GCC_493\Debug\freesoc.a(EZI2C_Slave_PM.o)
                              .\CortexM3\ARM_GCC_493\Debug\freesoc.a(EZI2C_Slave.o) (EZI2C_Slave_backup)
.\CortexM3\ARM_GCC_493\Debug\freesoc.a(EZI2C_Slave_INT.o)
                              .\CortexM3\ARM_GCC_493\Debug\freesoc.a(EZI2C_Slave.o) (EZI2C_Slave_ISR)
.\CortexM3\ARM_GCC_493\Debug\freesoc.a(Front_Echo_Intr.o)
                              .\CortexM3\ARM_GCC_493\Debug\ultrasonic.o (Front_Echo_Intr_StartEx)
.\CortexM3\ARM_GCC_493\Debug\freesoc.a(Front_Trigger_Reg.o)
                              .\CortexM3\ARM_GCC_493\Debug\ultrasonic.o (Front_Trigger_Reg_Write)
.\CortexM3\ARM_GCC_493\Debug\freesoc.a(Front_Trigger_Select_Reg.o)
                              .\CortexM3\ARM_GCC_493\Debug\ultrasonic.o (Front_Trigger_Select_Reg_Write)
.\CortexM3\ARM_GCC_493\Debug\freesoc.a(Front_Echo_Timer.o)
                              .\CortexM3\ARM_GCC_493\Debug\ultrasonic.o (Front_Echo_Timer_ReadCounter)
.\CortexM3\ARM_GCC_493\Debug\freesoc.a(Rear_Trigger_Reg.o)
                              .\CortexM3\ARM_GCC_493\Debug\ultrasonic.o (Rear_Trigger_Reg_Write)
.\CortexM3\ARM_GCC_493\Debug\freesoc.a(Rear_Trigger_Select_Reg.o)
                              .\CortexM3\ARM_GCC_493\Debug\ultrasonic.o (Rear_Trigger_Select_Reg_Write)
.\CortexM3\ARM_GCC_493\Debug\freesoc.a(Rear_Echo_Intr.o)
                              .\CortexM3\ARM_GCC_493\Debug\ultrasonic.o (Rear_Echo_Intr_StartEx)
.\CortexM3\ARM_GCC_493\Debug\freesoc.a(Rear_Echo_Timer.o)
                              .\CortexM3\ARM_GCC_493\Debug\ultrasonic.o (Rear_Echo_Timer_ReadCounter)
.\CortexM3\ARM_GCC_493\Debug\freesoc.a(Front_ADC_SAR.o)
                              .\CortexM3\ARM_GCC_493\Debug\infrared.o (Front_ADC_SAR_Start)
.\CortexM3\ARM_GCC_493\Debug\freesoc.a(Front_ADC_SAR_INT.o)
                              .\CortexM3\ARM_GCC_493\Debug\freesoc.a(Front_ADC_SAR.o) (Front_ADC_SAR_ISR)
.\CortexM3\ARM_GCC_493\Debug\freesoc.a(Front_AMuxSeq.o)
                              .\CortexM3\ARM_GCC_493\Debug\infrared.o (Front_AMuxSeq_Start)
.\CortexM3\ARM_GCC_493\Debug\freesoc.a(Rear_ADC_SAR.o)
                              .\CortexM3\ARM_GCC_493\Debug\infrared.o (Rear_ADC_SAR_Start)
.\CortexM3\ARM_GCC_493\Debug\freesoc.a(Rear_ADC_SAR_INT.o)
                              .\CortexM3\ARM_GCC_493\Debug\freesoc.a(Rear_ADC_SAR.o) (Rear_ADC_SAR_ISR)
.\CortexM3\ARM_GCC_493\Debug\freesoc.a(Rear_AMuxSeq.o)
                              .\CortexM3\ARM_GCC_493\Debug\infrared.o (Rear_AMuxSeq_Start)
.\CortexM3\ARM_GCC_493\Debug\freesoc.a(Front_ADC_SAR_IRQ.o)
                              .\CortexM3\ARM_GCC_493\Debug\infrared.o (Front_ADC_SAR_IRQ_StartEx)
.\CortexM3\ARM_GCC_493\Debug\freesoc.a(Front_ADC_SAR_theACLK.o)
                              .\CortexM3\ARM_GCC_493\Debug\freesoc.a(Front_ADC_SAR.o) (Front_ADC_SAR_theACLK_SetModeRegister)
.\CortexM3\ARM_GCC_493\Debug\freesoc.a(Rear_ADC_SAR_IRQ.o)
                              .\CortexM3\ARM_GCC_493\Debug\infrared.o (Rear_ADC_SAR_IRQ_StartEx)
.\CortexM3\ARM_GCC_493\Debug\freesoc.a(Rear_ADC_SAR_theACLK.o)
                              .\CortexM3\ARM_GCC_493\Debug\freesoc.a(Rear_ADC_SAR.o) (Rear_ADC_SAR_theACLK_SetModeRegister)
.\CortexM3\ARM_GCC_493\Debug\freesoc.a(Rear_EOS_Intr.o)
                              .\CortexM3\ARM_GCC_493\Debug\infrared.o (Rear_EOS_Intr_StartEx)
.\CortexM3\ARM_GCC_493\Debug\freesoc.a(Front_EOS_Intr.o)
                              .\CortexM3\ARM_GCC_493\Debug\infrared.o (Front_EOS_Intr_StartEx)
[...]
Memory Configuration

Name             Origin             Length             Attributes
rom              0x00000000         0x00040000         xr
ram              0x1fff8000         0x00010000         xrw
*default*        0x00000000         0xffffffff

Linker script and memory map

LOAD c:/program files (x86)/cypress/psoc creator/3.3/psoc creator/import/gnu/arm/4.9.3/bin/../lib/gcc/arm-none-eabi/4.9.3/armv7-m/crti.o
LOAD c:/program files (x86)/cypress/psoc creator/3.3/psoc creator/import/gnu/arm/4.9.3/bin/../lib/gcc/arm-none-eabi/4.9.3/armv7-m/crtbegin.o
LOAD c:/program files (x86)/cypress/psoc creator/3.3/psoc creator/import/gnu/arm/4.9.3/bin/../lib/gcc/arm-none-eabi/4.9.3/../../../../arm-none-eabi/lib/armv7-m/crt0.o
START GROUP
LOAD .\CortexM3\ARM_GCC_493\Debug\main.o
LOAD .\CortexM3\ARM_GCC_493\Debug\cal.o
LOAD .\CortexM3\ARM_GCC_493\Debug\control.o
LOAD .\CortexM3\ARM_GCC_493\Debug\debug.o
LOAD .\CortexM3\ARM_GCC_493\Debug\diag.o
LOAD .\CortexM3\ARM_GCC_493\Debug\encoder.o
LOAD .\CortexM3\ARM_GCC_493\Debug\i2c.o
LOAD .\CortexM3\ARM_GCC_493\Debug\motor.o
LOAD .\CortexM3\ARM_GCC_493\Debug\odom.o
LOAD .\CortexM3\ARM_GCC_493\Debug\pid.o
LOAD .\CortexM3\ARM_GCC_493\Debug\time.o
LOAD .\CortexM3\ARM_GCC_493\Debug\ultrasonic.o
LOAD .\CortexM3\ARM_GCC_493\Debug\utils.o
LOAD .\CortexM3\ARM_GCC_493\Debug\infrared.o
LOAD .\CortexM3\ARM_GCC_493\Debug\pid_controller.o
LOAD .\CortexM3\ARM_GCC_493\Debug\serial.o
LOAD .\CortexM3\ARM_GCC_493\Debug\cymetadata.o
LOAD .\CortexM3\ARM_GCC_493\Debug\Cm3Start.o
LOAD .\CortexM3\ARM_GCC_493\Debug\freesoc.a
LOAD C:\Program Files (x86)\Cypress\PSoC Creator\3.3\PSoC Creator\psoc\content\cycomponentlibrary\CyComponentLibrary.cylib\CortexM3\ARM_GCC_493\Debug\CyComponentLibrary.a
LOAD c:/program files (x86)/cypress/psoc creator/3.3/psoc creator/import/gnu/arm/4.9.3/bin/../lib/gcc/arm-none-eabi/4.9.3/../../../../arm-none-eabi/lib/armv7-m\libm.a
END GROUP
START GROUP
LOAD c:/program files (x86)/cypress/psoc creator/3.3/psoc creator/import/gnu/arm/4.9.3/bin/../lib/gcc/arm-none-eabi/4.9.3/armv7-m\libgcc.a
LOAD c:/program files (x86)/cypress/psoc creator/3.3/psoc creator/import/gnu/arm/4.9.3/bin/../lib/gcc/arm-none-eabi/4.9.3/../../../../arm-none-eabi/lib/armv7-m\libg_nano.a
LOAD c:/program files (x86)/cypress/psoc creator/3.3/psoc creator/import/gnu/arm/4.9.3/bin/../lib/gcc/arm-none-eabi/4.9.3/../../../../arm-none-eabi/lib/armv7-m\libc_nano.a
END GROUP
START GROUP
LOAD c:/program files (x86)/cypress/psoc creator/3.3/psoc creator/import/gnu/arm/4.9.3/bin/../lib/gcc/arm-none-eabi/4.9.3/armv7-m\libgcc.a
LOAD c:/program files (x86)/cypress/psoc creator/3.3/psoc creator/import/gnu/arm/4.9.3/bin/../lib/gcc/arm-none-eabi/4.9.3/../../../../arm-none-eabi/lib/armv7-m\libc_nano.a
END GROUP
LOAD c:/program files (x86)/cypress/psoc creator/3.3/psoc creator/import/gnu/arm/4.9.3/bin/../lib/gcc/arm-none-eabi/4.9.3/armv7-m/crtend.o
LOAD c:/program files (x86)/cypress/psoc creator/3.3/psoc creator/import/gnu/arm/4.9.3/bin/../lib/gcc/arm-none-eabi/4.9.3/armv7-m/crtn.o
START GROUP
LOAD c:/program files (x86)/cypress/psoc creator/3.3/psoc creator/import/gnu/arm/4.9.3/bin/../lib/gcc/arm-none-eabi/4.9.3/armv7-m\libgcc.a
LOAD c:/program files (x86)/cypress/psoc creator/3.3/psoc creator/import/gnu/arm/4.9.3/bin/../lib/gcc/arm-none-eabi/4.9.3/../../../../arm-none-eabi/lib/armv7-m\libc.a
LOAD c:/program files (x86)/cypress/psoc creator/3.3/psoc creator/import/gnu/arm/4.9.3/bin/../lib/gcc/arm-none-eabi/4.9.3/../../../../arm-none-eabi/lib/armv7-m\libnosys.a
END GROUP
                0x00000000                CY_APPL_ORIGIN = 0x0
                0x00000100                CY_FLASH_ROW_SIZE = 0x100
                0x00000020                CY_ECC_ROW_SIZE = 0x20
                0x00000000                CY_EE_IN_BTLDR = 0x0
                0x00000000                CY_APPL_LOADABLE = 0x0
                0x00000800                CY_EE_SIZE = 0x800
                0x00000001                CY_APPL_NUM = 0x1
                0x00000001                CY_APPL_MAX = 0x1
                0x00000040                CY_METADATA_SIZE = 0x40
                0x00000000                CY_APPL_LOADABLE = 0x0
                0x00000000                CY_CHECKSUM_EXCLUDE_SIZE = ALIGN (0x0, CY_FLASH_ROW_SIZE)
                0x1fff9020                PROVIDE (__cy_heap_start, _end)
                0x00000001                PROVIDE (__cy_region_num, ((__cy_regions_end - __cy_regions) / 0x10))
                0x20008000                PROVIDE (__cy_stack, (ORIGIN (ram) + 0x10000))
                0x20007800                PROVIDE (__cy_heap_end, (__cy_stack - 0x800))

.cybootloader   0x00000000        0x0
 *(.cybootloader)
                0x00000000                appl1_start = CY_APPL_ORIGIN?CY_APPL_ORIGIN:ALIGN (CY_FLASH_ROW_SIZE)
                0x0001ff00                appl2_start = (appl1_start + ALIGN ((((0x40000 - appl1_start) - (0x2 * CY_FLASH_ROW_SIZE)) / 0x2), CY_FLASH_ROW_SIZE))
                0x00000000                appl_start = (CY_APPL_NUM == 0x1)?appl1_start:appl2_start
                0x00000000                ecc_offset = ((appl_start / CY_FLASH_ROW_SIZE) * CY_ECC_ROW_SIZE)
                0x00000000                ee_offset = (CY_APPL_LOADABLE && ! (CY_EE_IN_BTLDR))?((CY_EE_SIZE / CY_APPL_MAX) * (CY_APPL_NUM - 0x1)):0x0
                0x00000800                ee_size = (CY_APPL_LOADABLE && ! (CY_EE_IN_BTLDR))?(CY_EE_SIZE / CY_APPL_MAX):CY_EE_SIZE
                0x00000000                PROVIDE (CY_ECC_OFFSET, ecc_offset)

.text           0x00000000     0x9d7e
 CREATE_OBJECT_SYMBOLS
                0x00000000                PROVIDE (__cy_interrupt_vector, RomVectors)
 *(.romvectors)
 .romvectors    0x00000000       0x10 .\CortexM3\ARM_GCC_493\Debug\Cm3Start.o
                0x00000000                RomVectors
                0x00000001                ASSERT ((. != __cy_interrupt_vector), No interrupt vector)
                0x00000001                ASSERT (CY_APPL_ORIGIN?(SIZEOF (.cybootloader) <= CY_APPL_ORIGIN):0x1, Wrong image location)
                0x00000010                PROVIDE (__cy_reset, Reset)
 *(.text.Reset)
 .text.Reset    0x00000010       0x18 .\CortexM3\ARM_GCC_493\Debug\Cm3Start.o
                0x00000010                Reset
                0x00000001                ASSERT ((. != __cy_reset), No reset code)
 *(.dma_init)
                0x00000001                ASSERT ((((appl_start + .) <= 0x10000) || 0x1), DMA Init must be within the first 64k of flash)
 *(.text .text.* .gnu.linkonce.t.*)
 .text          0x00000028       0x5c c:/program files (x86)/cypress/psoc creator/3.3/psoc creator/import/gnu/arm/4.9.3/bin/../lib/gcc/arm-none-eabi/4.9.3/armv7-m/crtbegin.o
 .text.main     0x00000084       0xbc .\CortexM3\ARM_GCC_493\Debug\main.o
                0x00000084                main
 .text.CalculatePwmSamples
                0x00000140       0x64 .\CortexM3\ARM_GCC_493\Debug\cal.o
 .text.AddSamplesToSum
                0x000001a4       0x24 .\CortexM3\ARM_GCC_493\Debug\cal.o
 .text.CalculateAvgCpsSamples
                0x000001c8       0x20 .\CortexM3\ARM_GCC_493\Debug\cal.o
 .text.CalibrateWheelSpeed
                0x000001e8       0xa0 .\CortexM3\ARM_GCC_493\Debug\cal.o
 .text.Cal_Update
                0x00000288       0x6c .\CortexM3\ARM_GCC_493\Debug\cal.o
                0x00000288                Cal_Update
 .text.Cal_Download
                0x000002f4        0x4 .\CortexM3\ARM_GCC_493\Debug\cal.o
                0x000002f4                Cal_Download
 .text.Cal_Upload
                0x000002f8        0x4 .\CortexM3\ARM_GCC_493\Debug\cal.o
                0x000002f8                Cal_Upload
 .text.Cal_Validate
                0x000002fc        0x4 .\CortexM3\ARM_GCC_493\Debug\cal.o
                0x000002fc                Cal_Validate
 .text.Control_Init
                0x00000300        0x4 .\CortexM3\ARM_GCC_493\Debug\control.o
                0x00000300                Control_Init
 .text.Control_Start
                0x00000304        0x4 .\CortexM3\ARM_GCC_493\Debug\control.o
                0x00000304                Control_Start
 .text.Control_Update
                0x00000308       0x48 .\CortexM3\ARM_GCC_493\Debug\control.o
                0x00000308                Control_Update
 .text.Debug_Init
                0x00000350       0x14 .\CortexM3\ARM_GCC_493\Debug\debug.o
                0x00000350                Debug_Init
 .text.Debug_Start
                0x00000364        0x4 .\CortexM3\ARM_GCC_493\Debug\debug.o
                0x00000364                Debug_Start
 .text.Diag_Init
                0x00000368        0xc .\CortexM3\ARM_GCC_493\Debug\diag.o
                0x00000368                Diag_Init
 .text.Diag_Start
                0x00000374        0x4 .\CortexM3\ARM_GCC_493\Debug\diag.o
                0x00000374                Diag_Start
 .text.Diag_Update
                0x00000378        0x8 .\CortexM3\ARM_GCC_493\Debug\diag.o
                0x00000378                Diag_Update
 .text.Encoder_Sample
                0x00000380       0x80 .\CortexM3\ARM_GCC_493\Debug\encoder.o
 .text.DumpEncoder
                0x00000400       0x78 .\CortexM3\ARM_GCC_493\Debug\encoder.o
 .text.Encoder_Init
                0x00000478       0x48 .\CortexM3\ARM_GCC_493\Debug\encoder.o
                0x00000478                Encoder_Init
 .text.Encoder_Start
                0x000004c0       0x20 .\CortexM3\ARM_GCC_493\Debug\encoder.o
                0x000004c0                Encoder_Start
 .text.Encoder_Update
                0x000004e0       0x80 .\CortexM3\ARM_GCC_493\Debug\encoder.o
                0x000004e0                Encoder_Update
 .text.Encoder_LeftGetCntsPerSec
                0x00000560        0xc .\CortexM3\ARM_GCC_493\Debug\encoder.o
                0x00000560                Encoder_LeftGetCntsPerSec
 .text.Encoder_RightGetCntsPerSec
                0x0000056c        0xc .\CortexM3\ARM_GCC_493\Debug\encoder.o
                0x0000056c                Encoder_RightGetCntsPerSec
 .text.Encoder_LeftGetMmPerSec
                0x00000578        0xc .\CortexM3\ARM_GCC_493\Debug\encoder.o
                0x00000578                Encoder_LeftGetMmPerSec
 .text.Encoder_RightGetMmPerSec
                0x00000584        0xc .\CortexM3\ARM_GCC_493\Debug\encoder.o
                0x00000584                Encoder_RightGetMmPerSec
 .text.Encoder_LeftGetCount
                0x00000590       0x10 .\CortexM3\ARM_GCC_493\Debug\encoder.o
                0x00000590                Encoder_LeftGetCount
 .text.Encoder_RightGetCount
                0x000005a0       0x10 .\CortexM3\ARM_GCC_493\Debug\encoder.o
                0x000005a0                Encoder_RightGetCount
 .text.Encoder_Reset
                0x000005b0       0x48 .\CortexM3\ARM_GCC_493\Debug\encoder.o
                0x000005b0                Encoder_Reset
 .text.I2c_Init
                0x000005f8       0x1c .\CortexM3\ARM_GCC_493\Debug\i2c.o
                0x000005f8                I2c_Init
 .text.I2c_Start
                0x00000614       0x18 .\CortexM3\ARM_GCC_493\Debug\i2c.o
                0x00000614                I2c_Start
 .text.I2c_ReadControl
                0x0000062c       0x10 .\CortexM3\ARM_GCC_493\Debug\i2c.o
                0x0000062c                I2c_ReadControl
 .text.I2c_LeftReadCmdVelocity
                0x0000063c        0x8 .\CortexM3\ARM_GCC_493\Debug\i2c.o
                0x0000063c                I2c_LeftReadCmdVelocity
 .text.I2c_RightReadCmdVelocity
                0x00000644        0x8 .\CortexM3\ARM_GCC_493\Debug\i2c.o
                0x00000644                I2c_RightReadCmdVelocity
 .text.I2c_LeftWriteOutput
                0x0000064c        0xc .\CortexM3\ARM_GCC_493\Debug\i2c.o
                0x0000064c                I2c_LeftWriteOutput
 .text.I2c_RightWriteOutput
                0x00000658        0xc .\CortexM3\ARM_GCC_493\Debug\i2c.o
                0x00000658                I2c_RightWriteOutput
 .text.I2c_WriteOdom
                0x00000664       0x24 .\CortexM3\ARM_GCC_493\Debug\i2c.o
                0x00000664                I2c_WriteOdom
 .text.I2c_WriteFrontUltrasonicDistance
                0x00000688       0x14 .\CortexM3\ARM_GCC_493\Debug\i2c.o
                0x00000688                I2c_WriteFrontUltrasonicDistance
 .text.I2c_WriteRearUltrasonicDistance
                0x0000069c       0x14 .\CortexM3\ARM_GCC_493\Debug\i2c.o
                0x0000069c                I2c_WriteRearUltrasonicDistance
 .text.I2c_WriteFrontInfraredDistance
                0x000006b0       0x14 .\CortexM3\ARM_GCC_493\Debug\i2c.o
                0x000006b0                I2c_WriteFrontInfraredDistance
 .text.I2c_WriteRearInfraredDistance
                0x000006c4       0x14 .\CortexM3\ARM_GCC_493\Debug\i2c.o
                0x000006c4                I2c_WriteRearInfraredDistance
 .text.Interpolate
                0x000006d8       0x3c .\CortexM3\ARM_GCC_493\Debug\motor.o
 .text.calculate_pwm
                0x00000714       0x74 .\CortexM3\ARM_GCC_493\Debug\motor.o
 .text.DumpMotor
                0x00000788       0x4c .\CortexM3\ARM_GCC_493\Debug\motor.o
 .text.calc_motor_output_from_cps
                0x000007d4       0xb0 .\CortexM3\ARM_GCC_493\Debug\motor.o
 .text.WriteTwoValues
                0x00000884       0x4c .\CortexM3\ARM_GCC_493\Debug\motor.o
 .text.RampSpeed
                0x000008d0       0x44 .\CortexM3\ARM_GCC_493\Debug\motor.o
 .text.CollectCpsPwmSamples
                0x00000914       0x70 .\CortexM3\ARM_GCC_493\Debug\motor.o
 .text.PrintFormatDataInt32
                0x00000984       0x8c .\CortexM3\ARM_GCC_493\Debug\motor.o
 .text.PrintFormatDataUint16
                0x00000a10       0x8c .\CortexM3\ARM_GCC_493\Debug\motor.o
 .text.DumpMotorCal
                0x00000a9c       0x4c .\CortexM3\ARM_GCC_493\Debug\motor.o
 .text.Motor_Init
                0x00000ae8       0x1c .\CortexM3\ARM_GCC_493\Debug\motor.o
                0x00000ae8                Motor_Init
 .text.Motor_Start
                0x00000b04       0x3c .\CortexM3\ARM_GCC_493\Debug\motor.o
                0x00000b04                Motor_Start
 .text.Motor_LeftSetCntsPerSec
                0x00000b40       0x18 .\CortexM3\ARM_GCC_493\Debug\motor.o
                0x00000b40                Motor_LeftSetCntsPerSec
 .text.Motor_RightSetCntsPerSec
                0x00000b58       0x1c .\CortexM3\ARM_GCC_493\Debug\motor.o
                0x00000b58                Motor_RightSetCntsPerSec
 .text.Motor_LeftGetPwm
                0x00000b74        0xc .\CortexM3\ARM_GCC_493\Debug\motor.o
                0x00000b74                Motor_LeftGetPwm
 .text.Motor_RightGetPwm
                0x00000b80        0xc .\CortexM3\ARM_GCC_493\Debug\motor.o
                0x00000b80                Motor_RightGetPwm
 .text.Motor_CollectPwmCpsSamples
                0x00000b8c       0xb8 .\CortexM3\ARM_GCC_493\Debug\motor.o
                0x00000b8c                Motor_CollectPwmCpsSamples
 .text.Motor_LeftSetCalibration
                0x00000c44       0x8c .\CortexM3\ARM_GCC_493\Debug\motor.o
                0x00000c44                Motor_LeftSetCalibration
 .text.Motor_RightSetCalibration
                0x00000cd0       0x90 .\CortexM3\ARM_GCC_493\Debug\motor.o
                0x00000cd0                Motor_RightSetCalibration
 .text.Odom_Init
                0x00000d60       0x20 .\CortexM3\ARM_GCC_493\Debug\odom.o
                0x00000d60                Odom_Init
 .text.Odom_Start
                0x00000d80        0x4 .\CortexM3\ARM_GCC_493\Debug\odom.o
                0x00000d80                Odom_Start
 *fill*         0x00000d84        0x4 
 .text.calc_odom
                0x00000d88      0x100 .\CortexM3\ARM_GCC_493\Debug\odom.o
                0x00000d88                calc_odom
 .text.Odom_Update
                0x00000e88       0x78 .\CortexM3\ARM_GCC_493\Debug\odom.o
                0x00000e88                Odom_Update
 .text.ProcessPid
                0x00000f00       0xb0 .\CortexM3\ARM_GCC_493\Debug\pid.o
 .text.DumpPid  0x00000fb0       0xb0 .\CortexM3\ARM_GCC_493\Debug\pid.o
 .text.Pid_Init
                0x00001060       0x84 .\CortexM3\ARM_GCC_493\Debug\pid.o
                0x00001060                Pid_Init
 .text.Pid_Start
                0x000010e4        0x4 .\CortexM3\ARM_GCC_493\Debug\pid.o
                0x000010e4                Pid_Start
 .text.Pid_Update
                0x000010e8       0x80 .\CortexM3\ARM_GCC_493\Debug\pid.o
                0x000010e8                Pid_Update
 .text.SysTickIsrHandler
                0x00001168       0x10 .\CortexM3\ARM_GCC_493\Debug\time.o
 .text.Time_Init
                0x00001178        0xc .\CortexM3\ARM_GCC_493\Debug\time.o
                0x00001178                Time_Init
 .text.Time_Start
                0x00001184       0x2c .\CortexM3\ARM_GCC_493\Debug\time.o
                0x00001184                Time_Start
 .text.millis   0x000011b0        0xc .\CortexM3\ARM_GCC_493\Debug\time.o
                0x000011b0                millis
 .text.Front_Trigger_Next
                0x000011bc       0x34 .\CortexM3\ARM_GCC_493\Debug\ultrasonic.o
 .text.Front_Echo_Interrupt
                0x000011f0       0x4c .\CortexM3\ARM_GCC_493\Debug\ultrasonic.o
 .text.Rear_Trigger_Next
                0x0000123c       0x34 .\CortexM3\ARM_GCC_493\Debug\ultrasonic.o
 .text.Rear_Echo_Interrupt
                0x00001270       0x4c .\CortexM3\ARM_GCC_493\Debug\ultrasonic.o
 .text.Ultrasonic_Init
                0x000012bc        0x4 .\CortexM3\ARM_GCC_493\Debug\ultrasonic.o
                0x000012bc                Ultrasonic_Init
 .text.Ultrasonic_Start
                0x000012c0       0x28 .\CortexM3\ARM_GCC_493\Debug\ultrasonic.o
                0x000012c0                Ultrasonic_Start
 .text.insert_zeros
                0x000012e8       0x30 .\CortexM3\ARM_GCC_493\Debug\utils.o
 .text.MovingAverageFloat
                0x00001318       0x2c .\CortexM3\ARM_GCC_493\Debug\utils.o
                0x00001318                MovingAverageFloat
 .text.ftoa     0x00001344       0xa4 .\CortexM3\ARM_GCC_493\Debug\utils.o
                0x00001344                ftoa
 .text.BinaryRangeSearch
                0x000013e8       0x50 .\CortexM3\ARM_GCC_493\Debug\utils.o
                0x000013e8                BinaryRangeSearch
 .text.Rear_EOS_Interrupt
                0x00001438       0x1c .\CortexM3\ARM_GCC_493\Debug\infrared.o
 .text.Front_EOS_Interrupt
                0x00001454       0x1c .\CortexM3\ARM_GCC_493\Debug\infrared.o
 .text.Rear_EOC_Interrupt
                0x00001470       0x90 .\CortexM3\ARM_GCC_493\Debug\infrared.o
 .text.Front_EOC_Interrupt
                0x00001500       0x90 .\CortexM3\ARM_GCC_493\Debug\infrared.o
 .text.Infrared_Init
                0x00001590        0xc .\CortexM3\ARM_GCC_493\Debug\infrared.o
                0x00001590                Infrared_Init
 .text.Infrared_Start
                0x0000159c       0x4c .\CortexM3\ARM_GCC_493\Debug\infrared.o
                0x0000159c                Infrared_Start
 .text.PIDCompute
                0x000015e8       0xa4 .\CortexM3\ARM_GCC_493\Debug\pid_controller.o
                0x000015e8                PIDCompute
 .text.PIDOutputLimitsSet
                0x0000168c       0x5c .\CortexM3\ARM_GCC_493\Debug\pid_controller.o
                0x0000168c                PIDOutputLimitsSet
 .text.PIDTuningsSet
                0x000016e8       0x6c .\CortexM3\ARM_GCC_493\Debug\pid_controller.o
                0x000016e8                PIDTuningsSet
 .text.PIDInit  0x00001754       0x54 .\CortexM3\ARM_GCC_493\Debug\pid_controller.o
                0x00001754                PIDInit
 .text.PIDSetpointSet
                0x000017a8        0x4 .\CortexM3\ARM_GCC_493\Debug\pid_controller.o
                0x000017a8                PIDSetpointSet
 .text.PIDInputSet
                0x000017ac        0x4 .\CortexM3\ARM_GCC_493\Debug\pid_controller.o
                0x000017ac                PIDInputSet
 .text.Ser_Init
                0x000017b0        0x4 .\CortexM3\ARM_GCC_493\Debug\serial.o
                0x000017b0                Ser_Init
 .text.Ser_Start
                0x000017b4       0x2c .\CortexM3\ARM_GCC_493\Debug\serial.o
                0x000017b4                Ser_Start
 .text.Ser_PutString
                0x000017e0       0x14 .\CortexM3\ARM_GCC_493\Debug\serial.o
                0x000017e0                Ser_PutString
 .text.IntDefaultHandler
                0x000017f4        0x4 .\CortexM3\ARM_GCC_493\Debug\Cm3Start.o
                0x000017f4                IntDefaultHandler
 .text._sbrk    0x000017f8       0x30 .\CortexM3\ARM_GCC_493\Debug\Cm3Start.o
                0x000017f8                _sbrk
 .text.Start_c  0x00001828       0x4c .\CortexM3\ARM_GCC_493\Debug\Cm3Start.o
                0x00001828                Start_c
 .text.initialize_psoc
                0x00001874       0x74 .\CortexM3\ARM_GCC_493\Debug\Cm3Start.o
                0x00001874                initialize_psoc
 .text.cfg_write_bytes32
                0x000018e8       0x34 .\CortexM3\ARM_GCC_493\Debug\freesoc.a(cyfitter_cfg.o)
 .text.AnalogSetDefault
                0x0000191c       0x7c .\CortexM3\ARM_GCC_493\Debug\freesoc.a(cyfitter_cfg.o)
 .text.CYMEMZERO
                0x00001998        0xc .\CortexM3\ARM_GCC_493\Debug\freesoc.a(cyfitter_cfg.o)
 .text.ClockSetup
                0x000019a4       0xf4 .\CortexM3\ARM_GCC_493\Debug\freesoc.a(cyfitter_cfg.o)
 .text.CYCONFIGCPY
                0x00001a98        0x8 .\CortexM3\ARM_GCC_493\Debug\freesoc.a(cyfitter_cfg.o)
 .text.Front_AMuxSeq_DisconnectAll
                0x00001aa0       0x18 .\CortexM3\ARM_GCC_493\Debug\freesoc.a(cyfitter_cfg.o)
                0x00001aa0                Front_AMuxSeq_DisconnectAll
 .text.Front_AMuxSeq_Next
                0x00001ab8       0x6c .\CortexM3\ARM_GCC_493\Debug\freesoc.a(cyfitter_cfg.o)
                0x00001ab8                Front_AMuxSeq_Next
 .text.Rear_AMuxSeq_DisconnectAll
                0x00001b24       0x18 .\CortexM3\ARM_GCC_493\Debug\freesoc.a(cyfitter_cfg.o)
                0x00001b24                Rear_AMuxSeq_DisconnectAll
 .text.Rear_AMuxSeq_Next
                0x00001b3c       0x6c .\CortexM3\ARM_GCC_493\Debug\freesoc.a(cyfitter_cfg.o)
                0x00001b3c                Rear_AMuxSeq_Next
 .text.cyfitter_cfg
                0x00001ba8      0x198 .\CortexM3\ARM_GCC_493\Debug\freesoc.a(cyfitter_cfg.o)
                0x00001ba8                cyfitter_cfg
 .text.Left_HB25_Enable_Pin_Write
                0x00001d40       0x18 .\CortexM3\ARM_GCC_493\Debug\freesoc.a(Left_HB25_Enable_Pin.o)
                0x00001d40                Left_HB25_Enable_Pin_Write
 .text.Left_HB25_PWM_Stop
                0x00001d58        0x4 .\CortexM3\ARM_GCC_493\Debug\freesoc.a(Left_HB25_PWM.o)
                0x00001d58                Left_HB25_PWM_Stop
 .text.Left_HB25_PWM_WriteCounter
                0x00001d5c        0xc .\CortexM3\ARM_GCC_493\Debug\freesoc.a(Left_HB25_PWM.o)
                0x00001d5c                Left_HB25_PWM_WriteCounter
 .text.Left_HB25_PWM_WritePeriod
                0x00001d68        0xc .\CortexM3\ARM_GCC_493\Debug\freesoc.a(Left_HB25_PWM.o)
                0x00001d68                Left_HB25_PWM_WritePeriod
 .text.Left_HB25_PWM_WriteCompare
                0x00001d74        0xc .\CortexM3\ARM_GCC_493\Debug\freesoc.a(Left_HB25_PWM.o)
                0x00001d74                Left_HB25_PWM_WriteCompare
 .text.Left_HB25_PWM_Init
                0x00001d80       0x34 .\CortexM3\ARM_GCC_493\Debug\freesoc.a(Left_HB25_PWM.o)
                0x00001d80                Left_HB25_PWM_Init
 .text.Left_HB25_PWM_Start
                0x00001db4       0x18 .\CortexM3\ARM_GCC_493\Debug\freesoc.a(Left_HB25_PWM.o)
                0x00001db4                Left_HB25_PWM_Start
 .text.Right_HB25_Enable_Pin_Write
                0x00001dcc       0x18 .\CortexM3\ARM_GCC_493\Debug\freesoc.a(Right_HB25_Enable_Pin.o)
                0x00001dcc                Right_HB25_Enable_Pin_Write
 .text.Right_HB25_PWM_Stop
                0x00001de4        0x4 .\CortexM3\ARM_GCC_493\Debug\freesoc.a(Right_HB25_PWM.o)
                0x00001de4                Right_HB25_PWM_Stop
 .text.Right_HB25_PWM_WriteCounter
                0x00001de8        0xc .\CortexM3\ARM_GCC_493\Debug\freesoc.a(Right_HB25_PWM.o)
                0x00001de8                Right_HB25_PWM_WriteCounter
 .text.Right_HB25_PWM_WritePeriod
                0x00001df4        0xc .\CortexM3\ARM_GCC_493\Debug\freesoc.a(Right_HB25_PWM.o)
                0x00001df4                Right_HB25_PWM_WritePeriod
 .text.Right_HB25_PWM_WriteCompare
                0x00001e00        0xc .\CortexM3\ARM_GCC_493\Debug\freesoc.a(Right_HB25_PWM.o)
                0x00001e00                Right_HB25_PWM_WriteCompare
 .text.Right_HB25_PWM_Init
                0x00001e0c       0x34 .\CortexM3\ARM_GCC_493\Debug\freesoc.a(Right_HB25_PWM.o)
                0x00001e0c                Right_HB25_PWM_Init
 .text.Right_HB25_PWM_Start
                0x00001e40       0x18 .\CortexM3\ARM_GCC_493\Debug\freesoc.a(Right_HB25_PWM.o)
                0x00001e40                Right_HB25_PWM_Start
 .text          0x00001e58       0x20 .\CortexM3\ARM_GCC_493\Debug\freesoc.a(CyBootAsmGnu.o)
                0x00001e58                CyDelayCycles
                0x00001e68                CyEnterCriticalSection
                0x00001e70                CyExitCriticalSection
 .text.CyHalt   0x00001e78        0x4 .\CortexM3\ARM_GCC_493\Debug\freesoc.a(CyLib.o)
                0x00001e78                CyHalt
 .text.CyDelay  0x00001e7c       0x2c .\CortexM3\ARM_GCC_493\Debug\freesoc.a(CyLib.o)
                0x00001e7c                CyDelay
 .text.CyDelayUs
                0x00001ea8       0x14 .\CortexM3\ARM_GCC_493\Debug\freesoc.a(CyLib.o)
                0x00001ea8                CyDelayUs
 .text.CyIntSetSysVector
                0x00001ebc       0x28 .\CortexM3\ARM_GCC_493\Debug\freesoc.a(CyLib.o)
                0x00001ebc                CyIntSetSysVector
 .text.CyIntSetVector
                0x00001ee4       0x28 .\CortexM3\ARM_GCC_493\Debug\freesoc.a(CyLib.o)
                0x00001ee4                CyIntSetVector
 .text.CyIntSetPriority
                0x00001f0c       0x30 .\CortexM3\ARM_GCC_493\Debug\freesoc.a(CyLib.o)
                0x00001f0c                CyIntSetPriority
 .text.CySysTickEnableInterrupt
                0x00001f3c       0x10 .\CortexM3\ARM_GCC_493\Debug\freesoc.a(CyLib.o)
                0x00001f3c                CySysTickEnableInterrupt
 .text.CySysTickEnable
                0x00001f4c       0x18 .\CortexM3\ARM_GCC_493\Debug\freesoc.a(CyLib.o)
                0x00001f4c                CySysTickEnable
 .text.CySysTickSetReload
                0x00001f64       0x10 .\CortexM3\ARM_GCC_493\Debug\freesoc.a(CyLib.o)
                0x00001f64                CySysTickSetReload
 .text.CySysTickSetClockSource
                0x00001f74       0x20 .\CortexM3\ARM_GCC_493\Debug\freesoc.a(CyLib.o)
                0x00001f74                CySysTickSetClockSource
 .text.CySysTickGetCountFlag
                0x00001f94       0x10 .\CortexM3\ARM_GCC_493\Debug\freesoc.a(CyLib.o)
                0x00001f94                CySysTickGetCountFlag
 .text.CySysTickServiceCallbacks
                0x00001fa4       0x28 .\CortexM3\ARM_GCC_493\Debug\freesoc.a(CyLib.o)
 .text.CySysTickClear
                0x00001fcc        0xc .\CortexM3\ARM_GCC_493\Debug\freesoc.a(CyLib.o)
                0x00001fcc                CySysTickClear
 .text.CySysTickInit
                0x00001fd8       0x58 .\CortexM3\ARM_GCC_493\Debug\freesoc.a(CyLib.o)
                0x00001fd8                CySysTickInit
 .text.CySysTickStart
                0x00002030       0x1c .\CortexM3\ARM_GCC_493\Debug\freesoc.a(CyLib.o)
                0x00002030                CySysTickStart
 .text.CySysTickSetCallback
                0x0000204c       0x10 .\CortexM3\ARM_GCC_493\Debug\freesoc.a(CyLib.o)
                0x0000204c                CySysTickSetCallback
 .text.CySysTickGetCallback
                0x0000205c       0x10 .\CortexM3\ARM_GCC_493\Debug\freesoc.a(CyLib.o)
                0x0000205c                CySysTickGetCallback
 .text.CyGetUniqueId
                0x0000206c       0x70 .\CortexM3\ARM_GCC_493\Debug\freesoc.a(CyLib.o)
                0x0000206c                CyGetUniqueId
 .text.EZI2C_Slave_Init
                0x000020dc       0x70 .\CortexM3\ARM_GCC_493\Debug\freesoc.a(EZI2C_Slave.o)
                0x000020dc                EZI2C_Slave_Init
 .text.EZI2C_Slave_Enable
                0x0000214c       0x30 .\CortexM3\ARM_GCC_493\Debug\freesoc.a(EZI2C_Slave.o)
                0x0000214c                EZI2C_Slave_Enable
 .text.EZI2C_Slave_Start
                0x0000217c       0x1c .\CortexM3\ARM_GCC_493\Debug\freesoc.a(EZI2C_Slave.o)
                0x0000217c                EZI2C_Slave_Start
 .text.EZI2C_Slave_SetBuffer1
                0x00002198       0x50 .\CortexM3\ARM_GCC_493\Debug\freesoc.a(EZI2C_Slave.o)
                0x00002198                EZI2C_Slave_SetBuffer1
 .text.EZI2C_Slave_ISR
                0x000021e8      0x1c4 .\CortexM3\ARM_GCC_493\Debug\freesoc.a(EZI2C_Slave_INT.o)
                0x000021e8                EZI2C_Slave_ISR
 .text.Front_Echo_Intr_SetVector
                0x000023ac        0xc .\CortexM3\ARM_GCC_493\Debug\freesoc.a(Front_Echo_Intr.o)
                0x000023ac                Front_Echo_Intr_SetVector
 .text.Front_Echo_Intr_SetPriority
                0x000023b8       0x10 .\CortexM3\ARM_GCC_493\Debug\freesoc.a(Front_Echo_Intr.o)
                0x000023b8                Front_Echo_Intr_SetPriority
 .text.Front_Echo_Intr_Enable
                0x000023c8        0xc .\CortexM3\ARM_GCC_493\Debug\freesoc.a(Front_Echo_Intr.o)
                0x000023c8                Front_Echo_Intr_Enable
 .text.Front_Echo_Intr_Disable
                0x000023d4        0xc .\CortexM3\ARM_GCC_493\Debug\freesoc.a(Front_Echo_Intr.o)
                0x000023d4                Front_Echo_Intr_Disable
 .text.Front_Echo_Intr_StartEx
                0x000023e0       0x1c .\CortexM3\ARM_GCC_493\Debug\freesoc.a(Front_Echo_Intr.o)
                0x000023e0                Front_Echo_Intr_StartEx
 .text.Front_Echo_Intr_ClearPending
                0x000023fc        0xc .\CortexM3\ARM_GCC_493\Debug\freesoc.a(Front_Echo_Intr.o)
                0x000023fc                Front_Echo_Intr_ClearPending
 .text.Front_Trigger_Reg_Write
                0x00002408        0xc .\CortexM3\ARM_GCC_493\Debug\freesoc.a(Front_Trigger_Reg.o)
                0x00002408                Front_Trigger_Reg_Write
 .text.Front_Trigger_Select_Reg_Write
                0x00002414        0xc .\CortexM3\ARM_GCC_493\Debug\freesoc.a(Front_Trigger_Select_Reg.o)
                0x00002414                Front_Trigger_Select_Reg_Write
 .text.Front_Trigger_Select_Reg_Read
                0x00002420        0xc .\CortexM3\ARM_GCC_493\Debug\freesoc.a(Front_Trigger_Select_Reg.o)
                0x00002420                Front_Trigger_Select_Reg_Read
 .text.Front_Echo_Timer_SetInterruptMode
                0x0000242c        0xc .\CortexM3\ARM_GCC_493\Debug\freesoc.a(Front_Echo_Timer.o)
                0x0000242c                Front_Echo_Timer_SetInterruptMode
 .text.Front_Echo_Timer_ReadStatusRegister
                0x00002438        0xc .\CortexM3\ARM_GCC_493\Debug\freesoc.a(Front_Echo_Timer.o)
                0x00002438                Front_Echo_Timer_ReadStatusRegister
 .text.Front_Echo_Timer_WritePeriod
                0x00002444        0xc .\CortexM3\ARM_GCC_493\Debug\freesoc.a(Front_Echo_Timer.o)
                0x00002444                Front_Echo_Timer_WritePeriod
 .text.Front_Echo_Timer_ReadCapture
                0x00002450        0xc .\CortexM3\ARM_GCC_493\Debug\freesoc.a(Front_Echo_Timer.o)
                0x00002450                Front_Echo_Timer_ReadCapture
 .text.Front_Echo_Timer_WriteCounter
                0x0000245c        0xc .\CortexM3\ARM_GCC_493\Debug\freesoc.a(Front_Echo_Timer.o)
                0x0000245c                Front_Echo_Timer_WriteCounter
 .text.Front_Echo_Timer_ReadCounter
                0x00002468       0x14 .\CortexM3\ARM_GCC_493\Debug\freesoc.a(Front_Echo_Timer.o)
                0x00002468                Front_Echo_Timer_ReadCounter
 .text.Front_Echo_Timer_ClearFIFO
                0x0000247c       0x14 .\CortexM3\ARM_GCC_493\Debug\freesoc.a(Front_Echo_Timer.o)
                0x0000247c                Front_Echo_Timer_ClearFIFO
 .text.Front_Echo_Timer_Init
                0x00002490       0x34 .\CortexM3\ARM_GCC_493\Debug\freesoc.a(Front_Echo_Timer.o)
                0x00002490                Front_Echo_Timer_Init
 .text.Front_Echo_Timer_Start
                0x000024c4       0x18 .\CortexM3\ARM_GCC_493\Debug\freesoc.a(Front_Echo_Timer.o)
                0x000024c4                Front_Echo_Timer_Start
 .text.Rear_Trigger_Reg_Write
                0x000024dc        0xc .\CortexM3\ARM_GCC_493\Debug\freesoc.a(Rear_Trigger_Reg.o)
                0x000024dc                Rear_Trigger_Reg_Write
 .text.Rear_Trigger_Select_Reg_Write
                0x000024e8        0xc .\CortexM3\ARM_GCC_493\Debug\freesoc.a(Rear_Trigger_Select_Reg.o)
                0x000024e8                Rear_Trigger_Select_Reg_Write
 .text.Rear_Trigger_Select_Reg_Read
                0x000024f4        0xc .\CortexM3\ARM_GCC_493\Debug\freesoc.a(Rear_Trigger_Select_Reg.o)
                0x000024f4                Rear_Trigger_Select_Reg_Read
 .text.Rear_Echo_Intr_SetVector
                0x00002500        0xc .\CortexM3\ARM_GCC_493\Debug\freesoc.a(Rear_Echo_Intr.o)
                0x00002500                Rear_Echo_Intr_SetVector
 .text.Rear_Echo_Intr_SetPriority
                0x0000250c       0x10 .\CortexM3\ARM_GCC_493\Debug\freesoc.a(Rear_Echo_Intr.o)
                0x0000250c                Rear_Echo_Intr_SetPriority
 .text.Rear_Echo_Intr_Enable
                0x0000251c        0xc .\CortexM3\ARM_GCC_493\Debug\freesoc.a(Rear_Echo_Intr.o)
                0x0000251c                Rear_Echo_Intr_Enable
 .text.Rear_Echo_Intr_Disable
                0x00002528        0xc .\CortexM3\ARM_GCC_493\Debug\freesoc.a(Rear_Echo_Intr.o)
                0x00002528                Rear_Echo_Intr_Disable
 .text.Rear_Echo_Intr_StartEx
                0x00002534       0x1c .\CortexM3\ARM_GCC_493\Debug\freesoc.a(Rear_Echo_Intr.o)
                0x00002534                Rear_Echo_Intr_StartEx
 .text.Rear_Echo_Intr_ClearPending
                0x00002550        0xc .\CortexM3\ARM_GCC_493\Debug\freesoc.a(Rear_Echo_Intr.o)
                0x00002550                Rear_Echo_Intr_ClearPending
 .text.Rear_Echo_Timer_SetInterruptMode
                0x0000255c        0xc .\CortexM3\ARM_GCC_493\Debug\freesoc.a(Rear_Echo_Timer.o)
                0x0000255c                Rear_Echo_Timer_SetInterruptMode
 .text.Rear_Echo_Timer_ReadStatusRegister
                0x00002568        0xc .\CortexM3\ARM_GCC_493\Debug\freesoc.a(Rear_Echo_Timer.o)
                0x00002568                Rear_Echo_Timer_ReadStatusRegister
 .text.Rear_Echo_Timer_WritePeriod
                0x00002574        0xc .\CortexM3\ARM_GCC_493\Debug\freesoc.a(Rear_Echo_Timer.o)
                0x00002574                Rear_Echo_Timer_WritePeriod
 .text.Rear_Echo_Timer_ReadCapture
                0x00002580        0xc .\CortexM3\ARM_GCC_493\Debug\freesoc.a(Rear_Echo_Timer.o)
                0x00002580                Rear_Echo_Timer_ReadCapture
 .text.Rear_Echo_Timer_WriteCounter
                0x0000258c        0xc .\CortexM3\ARM_GCC_493\Debug\freesoc.a(Rear_Echo_Timer.o)
                0x0000258c                Rear_Echo_Timer_WriteCounter
 .text.Rear_Echo_Timer_ReadCounter
                0x00002598       0x14 .\CortexM3\ARM_GCC_493\Debug\freesoc.a(Rear_Echo_Timer.o)
                0x00002598                Rear_Echo_Timer_ReadCounter
 .text.Rear_Echo_Timer_ClearFIFO
                0x000025ac       0x14 .\CortexM3\ARM_GCC_493\Debug\freesoc.a(Rear_Echo_Timer.o)
                0x000025ac                Rear_Echo_Timer_ClearFIFO
 .text.Rear_Echo_Timer_Init
                0x000025c0       0x34 .\CortexM3\ARM_GCC_493\Debug\freesoc.a(Rear_Echo_Timer.o)
                0x000025c0                Rear_Echo_Timer_Init
 .text.Rear_Echo_Timer_Start
                0x000025f4       0x18 .\CortexM3\ARM_GCC_493\Debug\freesoc.a(Rear_Echo_Timer.o)
                0x000025f4                Rear_Echo_Timer_Start
 .text.Front_ADC_SAR_CalcGain
                0x0000260c       0x5c .\CortexM3\ARM_GCC_493\Debug\freesoc.a(Front_ADC_SAR.o)
 .text.Front_ADC_SAR_Enable
                0x00002668       0x94 .\CortexM3\ARM_GCC_493\Debug\freesoc.a(Front_ADC_SAR.o)
                0x00002668                Front_ADC_SAR_Enable
 .text.Front_ADC_SAR_SetResolution
                0x000026fc       0x38 .\CortexM3\ARM_GCC_493\Debug\freesoc.a(Front_ADC_SAR.o)
                0x000026fc                Front_ADC_SAR_SetResolution
 .text.Front_ADC_SAR_Init
                0x00002734       0x3c .\CortexM3\ARM_GCC_493\Debug\freesoc.a(Front_ADC_SAR.o)
                0x00002734                Front_ADC_SAR_Init
 .text.Front_ADC_SAR_Start
                0x00002770       0x1c .\CortexM3\ARM_GCC_493\Debug\freesoc.a(Front_ADC_SAR.o)
                0x00002770                Front_ADC_SAR_Start
 .text.Front_ADC_SAR_StartConvert
                0x0000278c       0x10 .\CortexM3\ARM_GCC_493\Debug\freesoc.a(Front_ADC_SAR.o)
                0x0000278c                Front_ADC_SAR_StartConvert
 .text.Front_ADC_SAR_GetResult16
                0x0000279c       0x18 .\CortexM3\ARM_GCC_493\Debug\freesoc.a(Front_ADC_SAR.o)
                0x0000279c                Front_ADC_SAR_GetResult16
 .text.Front_ADC_SAR_CountsTo_Volts
                0x000027b4       0x50 .\CortexM3\ARM_GCC_493\Debug\freesoc.a(Front_ADC_SAR.o)
                0x000027b4                Front_ADC_SAR_CountsTo_Volts
 .text.Front_ADC_SAR_ISR
                0x00002804        0x4 .\CortexM3\ARM_GCC_493\Debug\freesoc.a(Front_ADC_SAR_INT.o)
                0x00002804                Front_ADC_SAR_ISR
 .text.Front_AMuxSeq_Start
                0x00002808       0x14 .\CortexM3\ARM_GCC_493\Debug\freesoc.a(Front_AMuxSeq.o)
                0x00002808                Front_AMuxSeq_Start
 .text.Front_AMuxSeq_GetChannel
                0x0000281c        0xc .\CortexM3\ARM_GCC_493\Debug\freesoc.a(Front_AMuxSeq.o)
                0x0000281c                Front_AMuxSeq_GetChannel
 .text.Rear_ADC_SAR_CalcGain
                0x00002828       0x5c .\CortexM3\ARM_GCC_493\Debug\freesoc.a(Rear_ADC_SAR.o)
 .text.Rear_ADC_SAR_Enable
                0x00002884       0x94 .\CortexM3\ARM_GCC_493\Debug\freesoc.a(Rear_ADC_SAR.o)
                0x00002884                Rear_ADC_SAR_Enable
 .text.Rear_ADC_SAR_SetResolution
                0x00002918       0x38 .\CortexM3\ARM_GCC_493\Debug\freesoc.a(Rear_ADC_SAR.o)
                0x00002918                Rear_ADC_SAR_SetResolution
 .text.Rear_ADC_SAR_Init
                0x00002950       0x3c .\CortexM3\ARM_GCC_493\Debug\freesoc.a(Rear_ADC_SAR.o)
                0x00002950                Rear_ADC_SAR_Init
 .text.Rear_ADC_SAR_Start
                0x0000298c       0x1c .\CortexM3\ARM_GCC_493\Debug\freesoc.a(Rear_ADC_SAR.o)
                0x0000298c                Rear_ADC_SAR_Start
 .text.Rear_ADC_SAR_StartConvert
                0x000029a8       0x10 .\CortexM3\ARM_GCC_493\Debug\freesoc.a(Rear_ADC_SAR.o)
                0x000029a8                Rear_ADC_SAR_StartConvert
 .text.Rear_ADC_SAR_GetResult16
                0x000029b8       0x18 .\CortexM3\ARM_GCC_493\Debug\freesoc.a(Rear_ADC_SAR.o)
                0x000029b8                Rear_ADC_SAR_GetResult16
 .text.Rear_ADC_SAR_CountsTo_Volts
                0x000029d0       0x50 .\CortexM3\ARM_GCC_493\Debug\freesoc.a(Rear_ADC_SAR.o)
                0x000029d0                Rear_ADC_SAR_CountsTo_Volts
 .text.Rear_ADC_SAR_ISR
                0x00002a20        0x4 .\CortexM3\ARM_GCC_493\Debug\freesoc.a(Rear_ADC_SAR_INT.o)
                0x00002a20                Rear_ADC_SAR_ISR
 .text.Rear_AMuxSeq_Start
                0x00002a24       0x14 .\CortexM3\ARM_GCC_493\Debug\freesoc.a(Rear_AMuxSeq.o)
                0x00002a24                Rear_AMuxSeq_Start
 .text.Rear_AMuxSeq_GetChannel
                0x00002a38        0xc .\CortexM3\ARM_GCC_493\Debug\freesoc.a(Rear_AMuxSeq.o)
                0x00002a38                Rear_AMuxSeq_GetChannel
 .text.Front_ADC_SAR_IRQ_SetVector
                0x00002a44        0xc .\CortexM3\ARM_GCC_493\Debug\freesoc.a(Front_ADC_SAR_IRQ.o)
                0x00002a44                Front_ADC_SAR_IRQ_SetVector
 .text.Front_ADC_SAR_IRQ_SetPriority
                0x00002a50       0x10 .\CortexM3\ARM_GCC_493\Debug\freesoc.a(Front_ADC_SAR_IRQ.o)
                0x00002a50                Front_ADC_SAR_IRQ_SetPriority
 .text.Front_ADC_SAR_IRQ_Enable
                0x00002a60        0xc .\CortexM3\ARM_GCC_493\Debug\freesoc.a(Front_ADC_SAR_IRQ.o)
                0x00002a60                Front_ADC_SAR_IRQ_Enable
 .text.Front_ADC_SAR_IRQ_Disable
                0x00002a6c        0xc .\CortexM3\ARM_GCC_493\Debug\freesoc.a(Front_ADC_SAR_IRQ.o)
                0x00002a6c                Front_ADC_SAR_IRQ_Disable
 .text.Front_ADC_SAR_IRQ_StartEx
                0x00002a78       0x1c .\CortexM3\ARM_GCC_493\Debug\freesoc.a(Front_ADC_SAR_IRQ.o)
                0x00002a78                Front_ADC_SAR_IRQ_StartEx
 .text.Front_ADC_SAR_IRQ_ClearPending
                0x00002a94        0xc .\CortexM3\ARM_GCC_493\Debug\freesoc.a(Front_ADC_SAR_IRQ.o)
                0x00002a94                Front_ADC_SAR_IRQ_ClearPending
 .text.Front_ADC_SAR_theACLK_SetModeRegister
                0x00002aa0       0x14 .\CortexM3\ARM_GCC_493\Debug\freesoc.a(Front_ADC_SAR_theACLK.o)
                0x00002aa0                Front_ADC_SAR_theACLK_SetModeRegister
 .text.Rear_ADC_SAR_IRQ_SetVector
                0x00002ab4        0xc .\CortexM3\ARM_GCC_493\Debug\freesoc.a(Rear_ADC_SAR_IRQ.o)
                0x00002ab4                Rear_ADC_SAR_IRQ_SetVector
 .text.Rear_ADC_SAR_IRQ_SetPriority
                0x00002ac0       0x10 .\CortexM3\ARM_GCC_493\Debug\freesoc.a(Rear_ADC_SAR_IRQ.o)
                0x00002ac0                Rear_ADC_SAR_IRQ_SetPriority
 .text.Rear_ADC_SAR_IRQ_Enable
                0x00002ad0        0xc .\CortexM3\ARM_GCC_493\Debug\freesoc.a(Rear_ADC_SAR_IRQ.o)
                0x00002ad0                Rear_ADC_SAR_IRQ_Enable
 .text.Rear_ADC_SAR_IRQ_Disable
                0x00002adc        0xc .\CortexM3\ARM_GCC_493\Debug\freesoc.a(Rear_ADC_SAR_IRQ.o)
                0x00002adc                Rear_ADC_SAR_IRQ_Disable
 .text.Rear_ADC_SAR_IRQ_StartEx
                0x00002ae8       0x1c .\CortexM3\ARM_GCC_493\Debug\freesoc.a(Rear_ADC_SAR_IRQ.o)
                0x00002ae8                Rear_ADC_SAR_IRQ_StartEx
 .text.Rear_ADC_SAR_IRQ_ClearPending
                0x00002b04        0xc .\CortexM3\ARM_GCC_493\Debug\freesoc.a(Rear_ADC_SAR_IRQ.o)
                0x00002b04                Rear_ADC_SAR_IRQ_ClearPending
 .text.Rear_ADC_SAR_theACLK_SetModeRegister
                0x00002b10       0x14 .\CortexM3\ARM_GCC_493\Debug\freesoc.a(Rear_ADC_SAR_theACLK.o)
                0x00002b10                Rear_ADC_SAR_theACLK_SetModeRegister
 .text.Rear_EOS_Intr_SetVector
                0x00002b24        0xc .\CortexM3\ARM_GCC_493\Debug\freesoc.a(Rear_EOS_Intr.o)
                0x00002b24                Rear_EOS_Intr_SetVector
 .text.Rear_EOS_Intr_SetPriority
                0x00002b30       0x10 .\CortexM3\ARM_GCC_493\Debug\freesoc.a(Rear_EOS_Intr.o)
                0x00002b30                Rear_EOS_Intr_SetPriority
 .text.Rear_EOS_Intr_Enable
                0x00002b40        0xc .\CortexM3\ARM_GCC_493\Debug\freesoc.a(Rear_EOS_Intr.o)
                0x00002b40                Rear_EOS_Intr_Enable
 .text.Rear_EOS_Intr_Disable
                0x00002b4c        0xc .\CortexM3\ARM_GCC_493\Debug\freesoc.a(Rear_EOS_Intr.o)
                0x00002b4c                Rear_EOS_Intr_Disable
 .text.Rear_EOS_Intr_StartEx
                0x00002b58       0x1c .\CortexM3\ARM_GCC_493\Debug\freesoc.a(Rear_EOS_Intr.o)
                0x00002b58                Rear_EOS_Intr_StartEx
 .text.Rear_EOS_Intr_ClearPending
                0x00002b74        0xc .\CortexM3\ARM_GCC_493\Debug\freesoc.a(Rear_EOS_Intr.o)
                0x00002b74                Rear_EOS_Intr_ClearPending
 .text.Front_EOS_Intr_SetVector
                0x00002b80        0xc .\CortexM3\ARM_GCC_493\Debug\freesoc.a(Front_EOS_Intr.o)
                0x00002b80                Front_EOS_Intr_SetVector
 .text.Front_EOS_Intr_SetPriority
                0x00002b8c       0x10 .\CortexM3\ARM_GCC_493\Debug\freesoc.a(Front_EOS_Intr.o)
                0x00002b8c                Front_EOS_Intr_SetPriority
 .text.Front_EOS_Intr_Enable
                0x00002b9c        0xc .\CortexM3\ARM_GCC_493\Debug\freesoc.a(Front_EOS_Intr.o)
                0x00002b9c                Front_EOS_Intr_Enable
 .text.Front_EOS_Intr_Disable
                0x00002ba8        0xc .\CortexM3\ARM_GCC_493\Debug\freesoc.a(Front_EOS_Intr.o)
                0x00002ba8                Front_EOS_Intr_Disable
 .text.Front_EOS_Intr_StartEx
                0x00002bb4       0x1c .\CortexM3\ARM_GCC_493\Debug\freesoc.a(Front_EOS_Intr.o)
                0x00002bb4                Front_EOS_Intr_StartEx
 .text.Front_EOS_Intr_ClearPending
                0x00002bd0        0xc .\CortexM3\ARM_GCC_493\Debug\freesoc.a(Front_EOS_Intr.o)
                0x00002bd0                Front_EOS_Intr_ClearPending
 .text.Mainloop_Pin_Write
                0x00002bdc       0x18 .\CortexM3\ARM_GCC_493\Debug\freesoc.a(Mainloop_Pin.o)
                0x00002bdc                Mainloop_Pin_Write
 .text.Right_QuadDec_Init
                0x00002bf4       0x24 .\CortexM3\ARM_GCC_493\Debug\freesoc.a(Right_QuadDec.o)
                0x00002bf4                Right_QuadDec_Init
 .text.Right_QuadDec_GetCounter
                0x00002c18       0x2c .\CortexM3\ARM_GCC_493\Debug\freesoc.a(Right_QuadDec.o)
                0x00002c18                Right_QuadDec_GetCounter
 .text.Right_QuadDec_SetCounter
                0x00002c44       0x28 .\CortexM3\ARM_GCC_493\Debug\freesoc.a(Right_QuadDec.o)
                0x00002c44                Right_QuadDec_SetCounter
 .text.Right_QuadDec_GetEvents
                0x00002c6c       0x10 .\CortexM3\ARM_GCC_493\Debug\freesoc.a(Right_QuadDec.o)
                0x00002c6c                Right_QuadDec_GetEvents
 .text.Right_QuadDec_SetInterruptMask
                0x00002c7c       0x10 .\CortexM3\ARM_GCC_493\Debug\freesoc.a(Right_QuadDec.o)
                0x00002c7c                Right_QuadDec_SetInterruptMask
 .text.Right_QuadDec_Enable
                0x00002c8c       0x30 .\CortexM3\ARM_GCC_493\Debug\freesoc.a(Right_QuadDec.o)
                0x00002c8c                Right_QuadDec_Enable
 .text.Right_QuadDec_Start
                0x00002cbc       0x34 .\CortexM3\ARM_GCC_493\Debug\freesoc.a(Right_QuadDec.o)
                0x00002cbc                Right_QuadDec_Start
 .text.Right_QuadDec_ISR
                0x00002cf0       0x40 .\CortexM3\ARM_GCC_493\Debug\freesoc.a(Right_QuadDec_INT.o)
                0x00002cf0                Right_QuadDec_ISR
 .text.Right_QuadDec_Cnt16_Enable
                0x00002d30       0x10 .\CortexM3\ARM_GCC_493\Debug\freesoc.a(Right_QuadDec_Cnt16.o)
                0x00002d30                Right_QuadDec_Cnt16_Enable
 .text.Right_QuadDec_Cnt16_SetInterruptMode
                0x00002d40        0xc .\CortexM3\ARM_GCC_493\Debug\freesoc.a(Right_QuadDec_Cnt16.o)
                0x00002d40                Right_QuadDec_Cnt16_SetInterruptMode
 .text.Right_QuadDec_Cnt16_ReadStatusRegister
                0x00002d4c        0xc .\CortexM3\ARM_GCC_493\Debug\freesoc.a(Right_QuadDec_Cnt16.o)
                0x00002d4c                Right_QuadDec_Cnt16_ReadStatusRegister
 .text.Right_QuadDec_Cnt16_WriteCounter
                0x00002d58        0xc .\CortexM3\ARM_GCC_493\Debug\freesoc.a(Right_QuadDec_Cnt16.o)
                0x00002d58                Right_QuadDec_Cnt16_WriteCounter
 .text.Right_QuadDec_Cnt16_ReadCounter
                0x00002d64       0x14 .\CortexM3\ARM_GCC_493\Debug\freesoc.a(Right_QuadDec_Cnt16.o)
                0x00002d64                Right_QuadDec_Cnt16_ReadCounter
 .text.Right_QuadDec_Cnt16_ReadCapture
                0x00002d78        0xc .\CortexM3\ARM_GCC_493\Debug\freesoc.a(Right_QuadDec_Cnt16.o)
                0x00002d78                Right_QuadDec_Cnt16_ReadCapture
 .text.Right_QuadDec_Cnt16_WritePeriod
                0x00002d84        0xc .\CortexM3\ARM_GCC_493\Debug\freesoc.a(Right_QuadDec_Cnt16.o)
                0x00002d84                Right_QuadDec_Cnt16_WritePeriod
 .text.Right_QuadDec_Cnt16_WriteCompare
                0x00002d90        0xc .\CortexM3\ARM_GCC_493\Debug\freesoc.a(Right_QuadDec_Cnt16.o)
                0x00002d90                Right_QuadDec_Cnt16_WriteCompare
 .text.Right_QuadDec_Cnt16_ClearFIFO
                0x00002d9c       0x14 .\CortexM3\ARM_GCC_493\Debug\freesoc.a(Right_QuadDec_Cnt16.o)
                0x00002d9c                Right_QuadDec_Cnt16_ClearFIFO
 .text.Right_QuadDec_Cnt16_Init
                0x00002db0       0x58 .\CortexM3\ARM_GCC_493\Debug\freesoc.a(Right_QuadDec_Cnt16.o)
                0x00002db0                Right_QuadDec_Cnt16_Init
 .text.Right_QuadDec_Cnt16_Start
                0x00002e08       0x1c .\CortexM3\ARM_GCC_493\Debug\freesoc.a(Right_QuadDec_Cnt16.o)
                0x00002e08                Right_QuadDec_Cnt16_Start
 .text.Left_QuadDec_Init
                0x00002e24       0x24 .\CortexM3\ARM_GCC_493\Debug\freesoc.a(Left_QuadDec.o)
                0x00002e24                Left_QuadDec_Init
 .text.Left_QuadDec_GetCounter
                0x00002e48       0x2c .\CortexM3\ARM_GCC_493\Debug\freesoc.a(Left_QuadDec.o)
                0x00002e48                Left_QuadDec_GetCounter
 .text.Left_QuadDec_SetCounter
                0x00002e74       0x28 .\CortexM3\ARM_GCC_493\Debug\freesoc.a(Left_QuadDec.o)
                0x00002e74                Left_QuadDec_SetCounter
 .text.Left_QuadDec_GetEvents
                0x00002e9c       0x10 .\CortexM3\ARM_GCC_493\Debug\freesoc.a(Left_QuadDec.o)
                0x00002e9c                Left_QuadDec_GetEvents
 .text.Left_QuadDec_SetInterruptMask
                0x00002eac       0x10 .\CortexM3\ARM_GCC_493\Debug\freesoc.a(Left_QuadDec.o)
                0x00002eac                Left_QuadDec_SetInterruptMask
 .text.Left_QuadDec_Enable
                0x00002ebc       0x30 .\CortexM3\ARM_GCC_493\Debug\freesoc.a(Left_QuadDec.o)
                0x00002ebc                Left_QuadDec_Enable
 .text.Left_QuadDec_Start
                0x00002eec       0x34 .\CortexM3\ARM_GCC_493\Debug\freesoc.a(Left_QuadDec.o)
                0x00002eec                Left_QuadDec_Start
 .text.Left_QuadDec_ISR
                0x00002f20       0x40 .\CortexM3\ARM_GCC_493\Debug\freesoc.a(Left_QuadDec_INT.o)
                0x00002f20                Left_QuadDec_ISR
 .text.Left_QuadDec_Cnt16_Enable
                0x00002f60       0x10 .\CortexM3\ARM_GCC_493\Debug\freesoc.a(Left_QuadDec_Cnt16.o)
                0x00002f60                Left_QuadDec_Cnt16_Enable
 .text.Left_QuadDec_Cnt16_SetInterruptMode
                0x00002f70        0xc .\CortexM3\ARM_GCC_493\Debug\freesoc.a(Left_QuadDec_Cnt16.o)
                0x00002f70                Left_QuadDec_Cnt16_SetInterruptMode
 .text.Left_QuadDec_Cnt16_ReadStatusRegister
                0x00002f7c        0xc .\CortexM3\ARM_GCC_493\Debug\freesoc.a(Left_QuadDec_Cnt16.o)
                0x00002f7c                Left_QuadDec_Cnt16_ReadStatusRegister
 .text.Left_QuadDec_Cnt16_WriteCounter
                0x00002f88        0xc .\CortexM3\ARM_GCC_493\Debug\freesoc.a(Left_QuadDec_Cnt16.o)
                0x00002f88                Left_QuadDec_Cnt16_WriteCounter
 .text.Left_QuadDec_Cnt16_ReadCounter
                0x00002f94       0x14 .\CortexM3\ARM_GCC_493\Debug\freesoc.a(Left_QuadDec_Cnt16.o)
                0x00002f94                Left_QuadDec_Cnt16_ReadCounter
 .text.Left_QuadDec_Cnt16_ReadCapture
                0x00002fa8        0xc .\CortexM3\ARM_GCC_493\Debug\freesoc.a(Left_QuadDec_Cnt16.o)
                0x00002fa8                Left_QuadDec_Cnt16_ReadCapture
 .text.Left_QuadDec_Cnt16_WritePeriod
                0x00002fb4        0xc .\CortexM3\ARM_GCC_493\Debug\freesoc.a(Left_QuadDec_Cnt16.o)
                0x00002fb4                Left_QuadDec_Cnt16_WritePeriod
 .text.Left_QuadDec_Cnt16_WriteCompare
                0x00002fc0        0xc .\CortexM3\ARM_GCC_493\Debug\freesoc.a(Left_QuadDec_Cnt16.o)
                0x00002fc0                Left_QuadDec_Cnt16_WriteCompare
 .text.Left_QuadDec_Cnt16_ClearFIFO
                0x00002fcc       0x14 .\CortexM3\ARM_GCC_493\Debug\freesoc.a(Left_QuadDec_Cnt16.o)
                0x00002fcc                Left_QuadDec_Cnt16_ClearFIFO
 .text.Left_QuadDec_Cnt16_Init
                0x00002fe0       0x58 .\CortexM3\ARM_GCC_493\Debug\freesoc.a(Left_QuadDec_Cnt16.o)
                0x00002fe0                Left_QuadDec_Cnt16_Init
 .text.Left_QuadDec_Cnt16_Start
                0x00003038       0x1c .\CortexM3\ARM_GCC_493\Debug\freesoc.a(Left_QuadDec_Cnt16.o)
                0x00003038                Left_QuadDec_Cnt16_Start
 .text.USBUART_Init
                0x00003054      0x140 .\CortexM3\ARM_GCC_493\Debug\freesoc.a(USBUART.o)
                0x00003054                USBUART_Init
 .text.USBUART_InitComponent
                0x00003194       0xd4 .\CortexM3\ARM_GCC_493\Debug\freesoc.a(USBUART.o)
                0x00003194                USBUART_InitComponent
 .text.USBUART_Start
                0x00003268       0x24 .\CortexM3\ARM_GCC_493\Debug\freesoc.a(USBUART.o)
                0x00003268                USBUART_Start
 .text.USBUART_ReInitComponent
                0x0000328c       0x64 .\CortexM3\ARM_GCC_493\Debug\freesoc.a(USBUART.o)
                0x0000328c                USBUART_ReInitComponent
 .text.USBUART_GetConfiguration
                0x000032f0        0xc .\CortexM3\ARM_GCC_493\Debug\freesoc.a(USBUART.o)
                0x000032f0                USBUART_GetConfiguration
 .text.USBUART_IsConfigurationChanged
                0x000032fc       0x20 .\CortexM3\ARM_GCC_493\Debug\freesoc.a(USBUART.o)
                0x000032fc                USBUART_IsConfigurationChanged
 .text.USBUART_GetEPState
                0x0000331c       0x14 .\CortexM3\ARM_GCC_493\Debug\freesoc.a(USBUART.o)
                0x0000331c                USBUART_GetEPState
 .text.USBUART_LoadInEP
                0x00003330       0x94 .\CortexM3\ARM_GCC_493\Debug\freesoc.a(USBUART.o)
                0x00003330                USBUART_LoadInEP
 .text.USBUART_EnableOutEP
                0x000033c4       0x2c .\CortexM3\ARM_GCC_493\Debug\freesoc.a(USBUART.o)
                0x000033c4                USBUART_EnableOutEP
 .text.USBUART_StrLen
                0x000033f0       0x14 .\CortexM3\ARM_GCC_493\Debug\freesoc.a(USBUART_cdc.o)
 .text.USBUART_GetInterfaceComPort
                0x00003404       0x3c .\CortexM3\ARM_GCC_493\Debug\freesoc.a(USBUART_cdc.o)
                0x00003404                USBUART_GetInterfaceComPort
 .text.USBUART_DispatchCDCClassRqst
                0x00003440       0x98 .\CortexM3\ARM_GCC_493\Debug\freesoc.a(USBUART_cdc.o)
                0x00003440                USBUART_DispatchCDCClassRqst
 .text.USBUART_CDC_Init
                0x000034d8       0x98 .\CortexM3\ARM_GCC_493\Debug\freesoc.a(USBUART_cdc.o)
                0x000034d8                USBUART_CDC_Init
 .text.USBUART_PutString
                0x00003570       0x9c .\CortexM3\ARM_GCC_493\Debug\freesoc.a(USBUART_cdc.o)
                0x00003570                USBUART_PutString
 .text.USBUART_CDCIsReady
                0x0000360c       0x18 .\CortexM3\ARM_GCC_493\Debug\freesoc.a(USBUART_cdc.o)
                0x0000360c                USBUART_CDCIsReady
 .text.USBUART_Cdc_EpInit
                0x00003624       0x50 .\CortexM3\ARM_GCC_493\Debug\freesoc.a(USBUART_cdc.o)
                0x00003624                USBUART_Cdc_EpInit
 .text.USBUART_LoadEP0
                0x00003674       0x94 .\CortexM3\ARM_GCC_493\Debug\freesoc.a(USBUART_drv.o)
                0x00003674                USBUART_LoadEP0
 .text.USBUART_InitZeroLengthControlTransfer
                0x00003708       0x34 .\CortexM3\ARM_GCC_493\Debug\freesoc.a(USBUART_drv.o)
                0x00003708                USBUART_InitZeroLengthControlTransfer
 .text.USBUART_ControlReadDataStage
                0x0000373c        0x8 .\CortexM3\ARM_GCC_493\Debug\freesoc.a(USBUART_drv.o)
                0x0000373c                USBUART_ControlReadDataStage
 .text.USBUART_ControlWriteDataStage
                0x00003744       0x80 .\CortexM3\ARM_GCC_493\Debug\freesoc.a(USBUART_drv.o)
                0x00003744                USBUART_ControlWriteDataStage
 .text.USBUART_InitNoDataControlTransfer
                0x000037c4       0x2c .\CortexM3\ARM_GCC_493\Debug\freesoc.a(USBUART_drv.o)
                0x000037c4                USBUART_InitNoDataControlTransfer
 .text.USBUART_UpdateStatusBlock
                0x000037f0       0x24 .\CortexM3\ARM_GCC_493\Debug\freesoc.a(USBUART_drv.o)
                0x000037f0                USBUART_UpdateStatusBlock
 .text.USBUART_HandleSetup
                0x00003814       0x5c .\CortexM3\ARM_GCC_493\Debug\freesoc.a(USBUART_drv.o)
                0x00003814                USBUART_HandleSetup
 .text.USBUART_ControlReadStatusStage
                0x00003870       0x34 .\CortexM3\ARM_GCC_493\Debug\freesoc.a(USBUART_drv.o)
                0x00003870                USBUART_ControlReadStatusStage
 .text.USBUART_HandleOUT
                0x000038a4       0x38 .\CortexM3\ARM_GCC_493\Debug\freesoc.a(USBUART_drv.o)
                0x000038a4                USBUART_HandleOUT
 .text.USBUART_ControlWriteStatusStage
                0x000038dc       0x20 .\CortexM3\ARM_GCC_493\Debug\freesoc.a(USBUART_drv.o)
                0x000038dc                USBUART_ControlWriteStatusStage
 .text.USBUART_NoDataControlStatusStage
                0x000038fc       0x40 .\CortexM3\ARM_GCC_493\Debug\freesoc.a(USBUART_drv.o)
                0x000038fc                USBUART_NoDataControlStatusStage
 .text.USBUART_HandleIN
                0x0000393c       0x2c .\CortexM3\ARM_GCC_493\Debug\freesoc.a(USBUART_drv.o)
                0x0000393c                USBUART_HandleIN
 .text.USBUART_EP_0_ISR
                0x00003968       0xb8 .\CortexM3\ARM_GCC_493\Debug\freesoc.a(USBUART_drv.o)
                0x00003968                USBUART_EP_0_ISR
 .text.USBUART_InitializeStatusBlock
                0x00003a20       0x24 .\CortexM3\ARM_GCC_493\Debug\freesoc.a(USBUART_drv.o)
                0x00003a20                USBUART_InitializeStatusBlock
 .text.USBUART_InitControlRead
                0x00003a44       0x50 .\CortexM3\ARM_GCC_493\Debug\freesoc.a(USBUART_drv.o)
                0x00003a44                USBUART_InitControlRead
 .text.USBUART_InitControlWrite
                0x00003a94       0x48 .\CortexM3\ARM_GCC_493\Debug\freesoc.a(USBUART_drv.o)
                0x00003a94                USBUART_InitControlWrite
 .text.USBUART_EP_1_ISR
                0x00003adc       0x38 .\CortexM3\ARM_GCC_493\Debug\freesoc.a(USBUART_episr.o)
                0x00003adc                USBUART_EP_1_ISR
 .text.USBUART_EP_2_ISR
                0x00003b14       0x3c .\CortexM3\ARM_GCC_493\Debug\freesoc.a(USBUART_episr.o)
                0x00003b14                USBUART_EP_2_ISR
 .text.USBUART_EP_3_ISR
                0x00003b50       0x44 .\CortexM3\ARM_GCC_493\Debug\freesoc.a(USBUART_episr.o)
                0x00003b50                USBUART_EP_3_ISR
 .text.USBUART_SOF_ISR
                0x00003b94        0x4 .\CortexM3\ARM_GCC_493\Debug\freesoc.a(USBUART_episr.o)
                0x00003b94                USBUART_SOF_ISR
 .text.USBUART_BUS_RESET_ISR
                0x00003b98        0x8 .\CortexM3\ARM_GCC_493\Debug\freesoc.a(USBUART_episr.o)
                0x00003b98                USBUART_BUS_RESET_ISR
 .text.USBUART_FindHidClassDecriptor
                0x00003ba0       0x40 .\CortexM3\ARM_GCC_493\Debug\freesoc.a(USBUART_hid.o)
                0x00003ba0                USBUART_FindHidClassDecriptor
 .text.USBUART_FindReportDescriptor
                0x00003be0       0x48 .\CortexM3\ARM_GCC_493\Debug\freesoc.a(USBUART_hid.o)
                0x00003be0                USBUART_FindReportDescriptor
 .text.USBUART_FindReport
                0x00003c28       0x7c .\CortexM3\ARM_GCC_493\Debug\freesoc.a(USBUART_hid.o)
                0x00003c28                USBUART_FindReport
 .text.USBUART_DispatchHIDClassRqst
                0x00003ca4      0x184 .\CortexM3\ARM_GCC_493\Debug\freesoc.a(USBUART_hid.o)
                0x00003ca4                USBUART_DispatchHIDClassRqst
 .text.USBUART_DP_ISR
                0x00003e28        0x8 .\CortexM3\ARM_GCC_493\Debug\freesoc.a(USBUART_pm.o)
                0x00003e28                USBUART_DP_ISR
 .text.USBUART_ReadDieID
                0x00003e30       0x6c .\CortexM3\ARM_GCC_493\Debug\freesoc.a(USBUART_std.o)
                0x00003e30                USBUART_ReadDieID
 .text.USBUART_ConfigReg
                0x00003e9c       0xa4 .\CortexM3\ARM_GCC_493\Debug\freesoc.a(USBUART_std.o)
                0x00003e9c                USBUART_ConfigReg
 .text.USBUART_GetConfigTablePtr
                0x00003f40       0x28 .\CortexM3\ARM_GCC_493\Debug\freesoc.a(USBUART_std.o)
                0x00003f40                USBUART_GetConfigTablePtr
 .text.USBUART_ConfigAltChanged
                0x00003f68      0x11c .\CortexM3\ARM_GCC_493\Debug\freesoc.a(USBUART_std.o)
                0x00003f68                USBUART_ConfigAltChanged
 .text.USBUART_GetDeviceTablePtr
                0x00004084       0x18 .\CortexM3\ARM_GCC_493\Debug\freesoc.a(USBUART_std.o)
                0x00004084                USBUART_GetDeviceTablePtr
 .text.USBUART_GetInterfaceClassTablePtr
                0x0000409c       0x24 .\CortexM3\ARM_GCC_493\Debug\freesoc.a(USBUART_std.o)
                0x0000409c                USBUART_GetInterfaceClassTablePtr
 .text.USBUART_Config
                0x000040c0      0x1dc .\CortexM3\ARM_GCC_493\Debug\freesoc.a(USBUART_std.o)
                0x000040c0                USBUART_Config
 .text.USBUART_SetEndpointHalt
                0x0000429c       0x64 .\CortexM3\ARM_GCC_493\Debug\freesoc.a(USBUART_std.o)
                0x0000429c                USBUART_SetEndpointHalt
 .text.USBUART_ClearEndpointHalt
                0x00004300       0xa8 .\CortexM3\ARM_GCC_493\Debug\freesoc.a(USBUART_std.o)
                0x00004300                USBUART_ClearEndpointHalt
 .text.USBUART_ValidateAlternateSetting
                0x000043a8       0x4c .\CortexM3\ARM_GCC_493\Debug\freesoc.a(USBUART_std.o)
                0x000043a8                USBUART_ValidateAlternateSetting
 .text.USBUART_HandleStandardRqst
                0x000043f4      0x35c .\CortexM3\ARM_GCC_493\Debug\freesoc.a(USBUART_std.o)
                0x000043f4                USBUART_HandleStandardRqst
 .text.USBUART_HandleVendorRqst
                0x00004750       0x3c .\CortexM3\ARM_GCC_493\Debug\freesoc.a(USBUART_vnd.o)
                0x00004750                USBUART_HandleVendorRqst
 .text.USBUART_Dp_ClearInterrupt
                0x0000478c       0x10 .\CortexM3\ARM_GCC_493\Debug\freesoc.a(USBUART_Dp.o)
                0x0000478c                USBUART_Dp_ClearInterrupt
 .text.USBUART_DispatchClassRqst
                0x0000479c       0x60 .\CortexM3\ARM_GCC_493\Debug\freesoc.a(USBUART_cls.o)
                0x0000479c                USBUART_DispatchClassRqst
 .text.cos      0x000047fc       0x90 c:/program files (x86)/cypress/psoc creator/3.3/psoc creator/import/gnu/arm/4.9.3/bin/../lib/gcc/arm-none-eabi/4.9.3/../../../../arm-none-eabi/lib/armv7-m\libm.a(lib_a-s_cos.o)
                0x000047fc                cos
 .text.sin      0x0000488c       0x94 c:/program files (x86)/cypress/psoc creator/3.3/psoc creator/import/gnu/arm/4.9.3/bin/../lib/gcc/arm-none-eabi/4.9.3/../../../../arm-none-eabi/lib/armv7-m\libm.a(lib_a-s_sin.o)
                0x0000488c                sin
 .text.pow      0x00004920      0x2f0 c:/program files (x86)/cypress/psoc creator/3.3/psoc creator/import/gnu/arm/4.9.3/bin/../lib/gcc/arm-none-eabi/4.9.3/../../../../arm-none-eabi/lib/armv7-m\libm.a(lib_a-w_pow.o)
                0x00004920                pow
 .text.__ieee754_pow
                0x00004c10      0xaa0 c:/program files (x86)/cypress/psoc creator/3.3/psoc creator/import/gnu/arm/4.9.3/bin/../lib/gcc/arm-none-eabi/4.9.3/../../../../arm-none-eabi/lib/armv7-m\libm.a(lib_a-e_pow.o)
                0x00004c10                __ieee754_pow
 .text.__ieee754_rem_pio2
                0x000056b0      0x428 c:/program files (x86)/cypress/psoc creator/3.3/psoc creator/import/gnu/arm/4.9.3/bin/../lib/gcc/arm-none-eabi/4.9.3/../../../../arm-none-eabi/lib/armv7-m\libm.a(lib_a-e_rem_pio2.o)
                0x000056b0                __ieee754_rem_pio2
 .text.__ieee754_sqrt
                0x00005ad8      0x18c c:/program files (x86)/cypress/psoc creator/3.3/psoc creator/import/gnu/arm/4.9.3/bin/../lib/gcc/arm-none-eabi/4.9.3/../../../../arm-none-eabi/lib/armv7-m\libm.a(lib_a-e_sqrt.o)
                0x00005ad8                __ieee754_sqrt
 *fill*         0x00005c64        0x4 
 .text.__kernel_cos
                0x00005c68      0x248 c:/program files (x86)/cypress/psoc creator/3.3/psoc creator/import/gnu/arm/4.9.3/bin/../lib/gcc/arm-none-eabi/4.9.3/../../../../arm-none-eabi/lib/armv7-m\libm.a(lib_a-k_cos.o)
                0x00005c68                __kernel_cos
 .text.__kernel_rem_pio2
                0x00005eb0      0x808 c:/program files (x86)/cypress/psoc creator/3.3/psoc creator/import/gnu/arm/4.9.3/bin/../lib/gcc/arm-none-eabi/4.9.3/../../../../arm-none-eabi/lib/armv7-m\libm.a(lib_a-k_rem_pio2.o)
                0x00005eb0                __kernel_rem_pio2
 .text.__kernel_sin
                0x000066b8      0x170 c:/program files (x86)/cypress/psoc creator/3.3/psoc creator/import/gnu/arm/4.9.3/bin/../lib/gcc/arm-none-eabi/4.9.3/../../../../arm-none-eabi/lib/armv7-m\libm.a(lib_a-k_sin.o)
                0x000066b8                __kernel_sin
 .text.fabs     0x00006828        0x8 c:/program files (x86)/cypress/psoc creator/3.3/psoc creator/import/gnu/arm/4.9.3/bin/../lib/gcc/arm-none-eabi/4.9.3/../../../../arm-none-eabi/lib/armv7-m\libm.a(lib_a-s_fabs.o)
                0x00006828                fabs
 .text.finite   0x00006830        0xc c:/program files (x86)/cypress/psoc creator/3.3/psoc creator/import/gnu/arm/4.9.3/bin/../lib/gcc/arm-none-eabi/4.9.3/../../../../arm-none-eabi/lib/armv7-m\libm.a(lib_a-s_finite.o)
                0x00006830                finite
 *fill*         0x0000683c        0x4 
 .text.floor    0x00006840      0x118 c:/program files (x86)/cypress/psoc creator/3.3/psoc creator/import/gnu/arm/4.9.3/bin/../lib/gcc/arm-none-eabi/4.9.3/../../../../arm-none-eabi/lib/armv7-m\libm.a(lib_a-s_floor.o)
                0x00006840                floor
 .text.__fpclassifyd
                0x00006958       0x58 c:/program files (x86)/cypress/psoc creator/3.3/psoc creator/import/gnu/arm/4.9.3/bin/../lib/gcc/arm-none-eabi/4.9.3/../../../../arm-none-eabi/lib/armv7-m\libm.a(lib_a-s_fpclassify.o)
                0x00006958                __fpclassifyd
 .text.matherr  0x000069b0        0x4 c:/program files (x86)/cypress/psoc creator/3.3/psoc creator/import/gnu/arm/4.9.3/bin/../lib/gcc/arm-none-eabi/4.9.3/../../../../arm-none-eabi/lib/armv7-m\libm.a(lib_a-s_matherr.o)
                0x000069b0                matherr
 .text.nan      0x000069b4        0xc c:/program files (x86)/cypress/psoc creator/3.3/psoc creator/import/gnu/arm/4.9.3/bin/../lib/gcc/arm-none-eabi/4.9.3/../../../../arm-none-eabi/lib/armv7-m\libm.a(lib_a-s_nan.o)
                0x000069b4                nan
 .text.rint     0x000069c0      0x11c c:/program files (x86)/cypress/psoc creator/3.3/psoc creator/import/gnu/arm/4.9.3/bin/../lib/gcc/arm-none-eabi/4.9.3/../../../../arm-none-eabi/lib/armv7-m\libm.a(lib_a-s_rint.o)
                0x000069c0                rint
 *fill*         0x00006adc        0x4 
 .text.scalbn   0x00006ae0       0xf0 c:/program files (x86)/cypress/psoc creator/3.3/psoc creator/import/gnu/arm/4.9.3/bin/../lib/gcc/arm-none-eabi/4.9.3/../../../../arm-none-eabi/lib/armv7-m\libm.a(lib_a-s_scalbn.o)
                0x00006ae0                scalbn
 .text.copysign
                0x00006bd0       0x10 c:/program files (x86)/cypress/psoc creator/3.3/psoc creator/import/gnu/arm/4.9.3/bin/../lib/gcc/arm-none-eabi/4.9.3/../../../../arm-none-eabi/lib/armv7-m\libm.a(lib_a-s_copysign.o)
                0x00006bd0                copysign
 .text          0x00006be0      0x370 c:/program files (x86)/cypress/psoc creator/3.3/psoc creator/import/gnu/arm/4.9.3/bin/../lib/gcc/arm-none-eabi/4.9.3/armv7-m\libgcc.a(_arm_addsubdf3.o)
                0x00006be0                __aeabi_drsub
                0x00006be8                __aeabi_dsub
                0x00006be8                __subdf3
                0x00006bec                __aeabi_dadd
                0x00006bec                __adddf3
                0x00006e64                __floatunsidf
                0x00006e64                __aeabi_ui2d
                0x00006e84                __floatsidf
                0x00006e84                __aeabi_i2d
                0x00006ea8                __aeabi_f2d
                0x00006ea8                __extendsfdf2
                0x00006ee4                __floatundidf
                0x00006ee4                __aeabi_ul2d
                0x00006ef4                __floatdidf
                0x00006ef4                __aeabi_l2d
 .text          0x00006f50      0x424 c:/program files (x86)/cypress/psoc creator/3.3/psoc creator/import/gnu/arm/4.9.3/bin/../lib/gcc/arm-none-eabi/4.9.3/armv7-m\libgcc.a(_arm_muldivdf3.o)
                0x00006f50                __aeabi_dmul
                0x00006f50                __muldf3
                0x000071a4                __divdf3
                0x000071a4                __aeabi_ddiv
 .text          0x00007374      0x110 c:/program files (x86)/cypress/psoc creator/3.3/psoc creator/import/gnu/arm/4.9.3/bin/../lib/gcc/arm-none-eabi/4.9.3/armv7-m\libgcc.a(_arm_cmpdf2.o)
                0x00007374                __gtdf2
                0x00007374                __gedf2
                0x0000737c                __ltdf2
                0x0000737c                __ledf2
                0x00007384                __nedf2
                0x00007384                __eqdf2
                0x00007384                __cmpdf2
                0x00007400                __aeabi_cdrcmple
                0x00007410                __aeabi_cdcmpeq
                0x00007410                __aeabi_cdcmple
                0x00007420                __aeabi_dcmpeq
                0x00007434                __aeabi_dcmplt
                0x00007448                __aeabi_dcmple
                0x0000745c                __aeabi_dcmpge
                0x00007470                __aeabi_dcmpgt
 .text          0x00007484       0x50 c:/program files (x86)/cypress/psoc creator/3.3/psoc creator/import/gnu/arm/4.9.3/bin/../lib/gcc/arm-none-eabi/4.9.3/armv7-m\libgcc.a(_arm_fixdfsi.o)
                0x00007484                __aeabi_d2iz
                0x00007484                __fixdfsi
 .text          0x000074d4       0x40 c:/program files (x86)/cypress/psoc creator/3.3/psoc creator/import/gnu/arm/4.9.3/bin/../lib/gcc/arm-none-eabi/4.9.3/armv7-m\libgcc.a(_arm_fixunsdfsi.o)
                0x000074d4                __aeabi_d2uiz
                0x000074d4                __fixunsdfsi
 .text          0x00007514       0xa0 c:/program files (x86)/cypress/psoc creator/3.3/psoc creator/import/gnu/arm/4.9.3/bin/../lib/gcc/arm-none-eabi/4.9.3/armv7-m\libgcc.a(_arm_truncdfsf2.o)
                0x00007514                __truncdfsf2
                0x00007514                __aeabi_d2f
 .text          0x000075b4      0x21c c:/program files (x86)/cypress/psoc creator/3.3/psoc creator/import/gnu/arm/4.9.3/bin/../lib/gcc/arm-none-eabi/4.9.3/armv7-m\libgcc.a(_arm_addsubsf3.o)
                0x000075b4                __aeabi_frsub
                0x000075bc                __subsf3
                0x000075bc                __aeabi_fsub
                0x000075c0                __aeabi_fadd
                0x000075c0                __addsf3
                0x00007720                __aeabi_ui2f
                0x00007720                __floatunsisf
                0x00007728                __aeabi_i2f
                0x00007728                __floatsisf
                0x00007744                __aeabi_ul2f
                0x00007744                __floatundisf
                0x00007754                __aeabi_l2f
                0x00007754                __floatdisf
 .text          0x000077d0      0x2a0 c:/program files (x86)/cypress/psoc creator/3.3/psoc creator/import/gnu/arm/4.9.3/bin/../lib/gcc/arm-none-eabi/4.9.3/armv7-m\libgcc.a(_arm_muldivsf3.o)
                0x000077d0                __mulsf3
                0x000077d0                __aeabi_fmul
                0x00007938                __aeabi_fdiv
                0x00007938                __divsf3
 .text          0x00007a70       0xec c:/program files (x86)/cypress/psoc creator/3.3/psoc creator/import/gnu/arm/4.9.3/bin/../lib/gcc/arm-none-eabi/4.9.3/armv7-m\libgcc.a(_arm_cmpsf2.o)
                0x00007a70                __gesf2
                0x00007a70                __gtsf2
                0x00007a78                __lesf2
                0x00007a78                __ltsf2
                0x00007a80                __nesf2
                0x00007a80                __eqsf2
                0x00007a80                __cmpsf2
                0x00007ae0                __aeabi_cfrcmple
                0x00007ae8                __aeabi_cfcmpeq
                0x00007ae8                __aeabi_cfcmple
                0x00007af8                __aeabi_fcmpeq
                0x00007b0c                __aeabi_fcmplt
                0x00007b20                __aeabi_fcmple
                0x00007b34                __aeabi_fcmpge
                0x00007b48                __aeabi_fcmpgt
 .text          0x00007b5c       0x4c c:/program files (x86)/cypress/psoc creator/3.3/psoc creator/import/gnu/arm/4.9.3/bin/../lib/gcc/arm-none-eabi/4.9.3/armv7-m\libgcc.a(_arm_fixsfsi.o)
                0x00007b5c                __aeabi_f2iz
                0x00007b5c                __fixsfsi
 .text.__errno  0x00007ba8        0xc c:/program files (x86)/cypress/psoc creator/3.3/psoc creator/import/gnu/arm/4.9.3/bin/../lib/gcc/arm-none-eabi/4.9.3/../../../../arm-none-eabi/lib/armv7-m\libg_nano.a(lib_a-errno.o)
                0x00007ba8                __errno
 .text.__libc_init_array
                0x00007bb4       0x4c c:/program files (x86)/cypress/psoc creator/3.3/psoc creator/import/gnu/arm/4.9.3/bin/../lib/gcc/arm-none-eabi/4.9.3/../../../../arm-none-eabi/lib/armv7-m\libg_nano.a(lib_a-init.o)
                0x00007bb4                __libc_init_array
 .text.__itoa   0x00007c00       0x2e c:/program files (x86)/cypress/psoc creator/3.3/psoc creator/import/gnu/arm/4.9.3/bin/../lib/gcc/arm-none-eabi/4.9.3/../../../../arm-none-eabi/lib/armv7-m\libg_nano.a(lib_a-itoa.o)
                0x00007c00                __itoa
 .text.itoa     0x00007c2e        0x4 c:/program files (x86)/cypress/psoc creator/3.3/psoc creator/import/gnu/arm/4.9.3/bin/../lib/gcc/arm-none-eabi/4.9.3/../../../../arm-none-eabi/lib/armv7-m\libg_nano.a(lib_a-itoa.o)
                0x00007c2e                itoa
 .text.memcpy   0x00007c32       0x16 c:/program files (x86)/cypress/psoc creator/3.3/psoc creator/import/gnu/arm/4.9.3/bin/../lib/gcc/arm-none-eabi/4.9.3/../../../../arm-none-eabi/lib/armv7-m\libg_nano.a(lib_a-memcpy.o)
                0x00007c32                memcpy
 .text.memset   0x00007c48       0x10 c:/program files (x86)/cypress/psoc creator/3.3/psoc creator/import/gnu/arm/4.9.3/bin/../lib/gcc/arm-none-eabi/4.9.3/../../../../arm-none-eabi/lib/armv7-m\libg_nano.a(lib_a-memset.o)
                0x00007c48                memset
 .text.__cvt    0x00007c58       0xbc c:/program files (x86)/cypress/psoc creator/3.3/psoc creator/import/gnu/arm/4.9.3/bin/../lib/gcc/arm-none-eabi/4.9.3/../../../../arm-none-eabi/lib/armv7-m\libg_nano.a(lib_a-nano-vfprintf_float.o)
                0x00007c58                __cvt
 .text.__exponent
                0x00007d14       0x62 c:/program files (x86)/cypress/psoc creator/3.3/psoc creator/import/gnu/arm/4.9.3/bin/../lib/gcc/arm-none-eabi/4.9.3/../../../../arm-none-eabi/lib/armv7-m\libg_nano.a(lib_a-nano-vfprintf_float.o)
                0x00007d14                __exponent
 *fill*         0x00007d76        0x2 
 .text._printf_float
                0x00007d78      0x48c c:/program files (x86)/cypress/psoc creator/3.3/psoc creator/import/gnu/arm/4.9.3/bin/../lib/gcc/arm-none-eabi/4.9.3/../../../../arm-none-eabi/lib/armv7-m\libg_nano.a(lib_a-nano-vfprintf_float.o)
                0x00007d78                _printf_float
 .text._printf_common
                0x00008204       0xea c:/program files (x86)/cypress/psoc creator/3.3/psoc creator/import/gnu/arm/4.9.3/bin/../lib/gcc/arm-none-eabi/4.9.3/../../../../arm-none-eabi/lib/armv7-m\libg_nano.a(lib_a-nano-vfprintf_i.o)
                0x00008204                _printf_common
 *fill*         0x000082ee        0x2 
 .text._printf_i
                0x000082f0      0x240 c:/program files (x86)/cypress/psoc creator/3.3/psoc creator/import/gnu/arm/4.9.3/bin/../lib/gcc/arm-none-eabi/4.9.3/../../../../arm-none-eabi/lib/armv7-m\libg_nano.a(lib_a-nano-vfprintf_i.o)
                0x000082f0                _printf_i
 .text.snprintf
                0x00008530       0x64 c:/program files (x86)/cypress/psoc creator/3.3/psoc creator/import/gnu/arm/4.9.3/bin/../lib/gcc/arm-none-eabi/4.9.3/../../../../arm-none-eabi/lib/armv7-m\libg_nano.a(lib_a-snprintf.o)
                0x00008530                sniprintf
                0x00008530                snprintf
 .text.sprintf  0x00008594       0x48 c:/program files (x86)/cypress/psoc creator/3.3/psoc creator/import/gnu/arm/4.9.3/bin/../lib/gcc/arm-none-eabi/4.9.3/../../../../arm-none-eabi/lib/armv7-m\libg_nano.a(lib_a-sprintf.o)
                0x00008594                siprintf
                0x00008594                sprintf
 .text.strlen   0x000085dc       0x10 c:/program files (x86)/cypress/psoc creator/3.3/psoc creator/import/gnu/arm/4.9.3/bin/../lib/gcc/arm-none-eabi/4.9.3/../../../../arm-none-eabi/lib/armv7-m\libg_nano.a(lib_a-strlen.o)
                0x000085dc                strlen
 .text.__utoa   0x000085ec       0x78 c:/program files (x86)/cypress/psoc creator/3.3/psoc creator/import/gnu/arm/4.9.3/bin/../lib/gcc/arm-none-eabi/4.9.3/../../../../arm-none-eabi/lib/armv7-m\libg_nano.a(lib_a-utoa.o)
                0x000085ec                __utoa
 .text.quorem   0x00008664      0x114 c:/program files (x86)/cypress/psoc creator/3.3/psoc creator/import/gnu/arm/4.9.3/bin/../lib/gcc/arm-none-eabi/4.9.3/../../../../arm-none-eabi/lib/armv7-m\libg_nano.a(lib_a-dtoa.o)
 .text._dtoa_r  0x00008778      0xb78 c:/program files (x86)/cypress/psoc creator/3.3/psoc creator/import/gnu/arm/4.9.3/bin/../lib/gcc/arm-none-eabi/4.9.3/../../../../arm-none-eabi/lib/armv7-m\libg_nano.a(lib_a-dtoa.o)
                0x00008778                _dtoa_r
 .text._localeconv_r
                0x000092f0        0x8 c:/program files (x86)/cypress/psoc creator/3.3/psoc creator/import/gnu/arm/4.9.3/bin/../lib/gcc/arm-none-eabi/4.9.3/../../../../arm-none-eabi/lib/armv7-m\libg_nano.a(lib_a-locale.o)
                0x000092f0                _localeconv_r
 .text.malloc   0x000092f8       0x10 c:/program files (x86)/cypress/psoc creator/3.3/psoc creator/import/gnu/arm/4.9.3/bin/../lib/gcc/arm-none-eabi/4.9.3/../../../../arm-none-eabi/lib/armv7-m\libg_nano.a(lib_a-malloc.o)
                0x000092f8                malloc
 .text.memchr   0x00009308       0x1c c:/program files (x86)/cypress/psoc creator/3.3/psoc creator/import/gnu/arm/4.9.3/bin/../lib/gcc/arm-none-eabi/4.9.3/../../../../arm-none-eabi/lib/armv7-m\libg_nano.a(lib_a-memchr.o)
                0x00009308                memchr
 .text._Balloc  0x00009324       0x6a c:/program files (x86)/cypress/psoc creator/3.3/psoc creator/import/gnu/arm/4.9.3/bin/../lib/gcc/arm-none-eabi/4.9.3/../../../../arm-none-eabi/lib/armv7-m\libg_nano.a(lib_a-mprec.o)
                0x00009324                _Balloc
 .text._Bfree   0x0000938e       0x2e c:/program files (x86)/cypress/psoc creator/3.3/psoc creator/import/gnu/arm/4.9.3/bin/../lib/gcc/arm-none-eabi/4.9.3/../../../../arm-none-eabi/lib/armv7-m\libg_nano.a(lib_a-mprec.o)
                0x0000938e                _Bfree
 .text.__multadd
                0x000093bc       0x7c c:/program files (x86)/cypress/psoc creator/3.3/psoc creator/import/gnu/arm/4.9.3/bin/../lib/gcc/arm-none-eabi/4.9.3/../../../../arm-none-eabi/lib/armv7-m\libg_nano.a(lib_a-mprec.o)
                0x000093bc                __multadd
 .text.__hi0bits
                0x00009438       0x40 c:/program files (x86)/cypress/psoc creator/3.3/psoc creator/import/gnu/arm/4.9.3/bin/../lib/gcc/arm-none-eabi/4.9.3/../../../../arm-none-eabi/lib/armv7-m\libg_nano.a(lib_a-mprec.o)
                0x00009438                __hi0bits
 .text.__lo0bits
                0x00009478       0x5a c:/program files (x86)/cypress/psoc creator/3.3/psoc creator/import/gnu/arm/4.9.3/bin/../lib/gcc/arm-none-eabi/4.9.3/../../../../arm-none-eabi/lib/armv7-m\libg_nano.a(lib_a-mprec.o)
                0x00009478                __lo0bits
 .text.__i2b    0x000094d2       0x12 c:/program files (x86)/cypress/psoc creator/3.3/psoc creator/import/gnu/arm/4.9.3/bin/../lib/gcc/arm-none-eabi/4.9.3/../../../../arm-none-eabi/lib/armv7-m\libg_nano.a(lib_a-mprec.o)
                0x000094d2                __i2b
 .text.__multiply
                0x000094e4      0x120 c:/program files (x86)/cypress/psoc creator/3.3/psoc creator/import/gnu/arm/4.9.3/bin/../lib/gcc/arm-none-eabi/4.9.3/../../../../arm-none-eabi/lib/armv7-m\libg_nano.a(lib_a-mprec.o)
                0x000094e4                __multiply
 .text.__pow5mult
                0x00009604       0x9c c:/program files (x86)/cypress/psoc creator/3.3/psoc creator/import/gnu/arm/4.9.3/bin/../lib/gcc/arm-none-eabi/4.9.3/../../../../arm-none-eabi/lib/armv7-m\libg_nano.a(lib_a-mprec.o)
                0x00009604                __pow5mult
 .text.__lshift
                0x000096a0       0xa6 c:/program files (x86)/cypress/psoc creator/3.3/psoc creator/import/gnu/arm/4.9.3/bin/../lib/gcc/arm-none-eabi/4.9.3/../../../../arm-none-eabi/lib/armv7-m\libg_nano.a(lib_a-mprec.o)
                0x000096a0                __lshift
 .text.__mcmp   0x00009746       0x38 c:/program files (x86)/cypress/psoc creator/3.3/psoc creator/import/gnu/arm/4.9.3/bin/../lib/gcc/arm-none-eabi/4.9.3/../../../../arm-none-eabi/lib/armv7-m\libg_nano.a(lib_a-mprec.o)
                0x00009746                __mcmp
 .text.__mdiff  0x0000977e       0xbe c:/program files (x86)/cypress/psoc creator/3.3/psoc creator/import/gnu/arm/4.9.3/bin/../lib/gcc/arm-none-eabi/4.9.3/../../../../arm-none-eabi/lib/armv7-m\libg_nano.a(lib_a-mprec.o)
                0x0000977e                __mdiff
 .text.__d2b    0x0000983c       0xa4 c:/program files (x86)/cypress/psoc creator/3.3/psoc creator/import/gnu/arm/4.9.3/bin/../lib/gcc/arm-none-eabi/4.9.3/../../../../arm-none-eabi/lib/armv7-m\libg_nano.a(lib_a-mprec.o)
                0x0000983c                __d2b
 .text._calloc_r
                0x000098e0       0x1c c:/program files (x86)/cypress/psoc creator/3.3/psoc creator/import/gnu/arm/4.9.3/bin/../lib/gcc/arm-none-eabi/4.9.3/../../../../arm-none-eabi/lib/armv7-m\libg_nano.a(lib_a-nano-callocr.o)
                0x000098e0                _calloc_r
 .text._free_r  0x000098fc       0x88 c:/program files (x86)/cypress/psoc creator/3.3/psoc creator/import/gnu/arm/4.9.3/bin/../lib/gcc/arm-none-eabi/4.9.3/../../../../arm-none-eabi/lib/armv7-m\libg_nano.a(lib_a-nano-freer.o)
                0x000098fc                _free_r
 .text._malloc_r
                0x00009984       0xac c:/program files (x86)/cypress/psoc creator/3.3/psoc creator/import/gnu/arm/4.9.3/bin/../lib/gcc/arm-none-eabi/4.9.3/../../../../arm-none-eabi/lib/armv7-m\libg_nano.a(lib_a-nano-mallocr.o)
                0x00009984                _malloc_r
 .text.__ssputs_r
                0x00009a30       0xb2 c:/program files (x86)/cypress/psoc creator/3.3/psoc creator/import/gnu/arm/4.9.3/bin/../lib/gcc/arm-none-eabi/4.9.3/../../../../arm-none-eabi/lib/armv7-m\libg_nano.a(lib_a-nano-svfprintf.o)
                0x00009a30                __ssputs_r
 *fill*         0x00009ae2        0x2 
 .text._svfprintf_r
                0x00009ae4      0x1e4 c:/program files (x86)/cypress/psoc creator/3.3/psoc creator/import/gnu/arm/4.9.3/bin/../lib/gcc/arm-none-eabi/4.9.3/../../../../arm-none-eabi/lib/armv7-m\libg_nano.a(lib_a-nano-svfprintf.o)
                0x00009ae4                _svfiprintf_r
                0x00009ae4                _svfprintf_r
 .text._sbrk_r  0x00009cc8       0x20 c:/program files (x86)/cypress/psoc creator/3.3/psoc creator/import/gnu/arm/4.9.3/bin/../lib/gcc/arm-none-eabi/4.9.3/../../../../arm-none-eabi/lib/armv7-m\libg_nano.a(lib_a-sbrkr.o)
                0x00009cc8                _sbrk_r
 .text.memmove  0x00009ce8       0x36 c:/program files (x86)/cypress/psoc creator/3.3/psoc creator/import/gnu/arm/4.9.3/bin/../lib/gcc/arm-none-eabi/4.9.3/../../../../arm-none-eabi/lib/armv7-m\libg_nano.a(lib_a-memmove.o)
                0x00009ce8                memmove
 .text._realloc_r
                0x00009d1e       0x4c c:/program files (x86)/cypress/psoc creator/3.3/psoc creator/import/gnu/arm/4.9.3/bin/../lib/gcc/arm-none-eabi/4.9.3/../../../../arm-none-eabi/lib/armv7-m\libg_nano.a(lib_a-nano-reallocr.o)
                0x00009d1e                _realloc_r
 .text._malloc_usable_size_r
                0x00009d6a       0x14 c:/program files (x86)/cypress/psoc creator/3.3/psoc creator/import/gnu/arm/4.9.3/bin/../lib/gcc/arm-none-eabi/4.9.3/../../../../arm-none-eabi/lib/armv7-m\libg_nano.a(lib_a-nano-msizer.o)
                0x00009d6a                _malloc_usable_size_r
 *(.plt)
 *(.gnu.warning)
 *(.glue_7t)
 .glue_7t       0x00000000        0x0 linker stubs
 *(.glue_7)
 .glue_7        0x00000000        0x0 linker stubs
 *(.vfp11_veneer)
 .vfp11_veneer  0x00000000        0x0 linker stubs
 *(.bootloader)
 *(.ARM.extab* .gnu.linkonce.armextab.*)
 *(.gcc_except_table)

.v4_bx          0x00009d80        0x0
 .v4_bx         0x00000000        0x0 linker stubs

.iplt           0x00009d80        0x0
 .iplt          0x00000000        0x0 c:/program files (x86)/cypress/psoc creator/3.3/psoc creator/import/gnu/arm/4.9.3/bin/../lib/gcc/arm-none-eabi/4.9.3/armv7-m/crtbegin.o

.eh_frame_hdr
 *(.eh_frame_hdr)

.eh_frame       0x00009d80        0x4
 *(.eh_frame)
 .eh_frame      0x00009d80        0x0 c:/program files (x86)/cypress/psoc creator/3.3/psoc creator/import/gnu/arm/4.9.3/bin/../lib/gcc/arm-none-eabi/4.9.3/armv7-m/crtbegin.o
 .eh_frame      0x00009d80        0x0 c:/program files (x86)/cypress/psoc creator/3.3/psoc creator/import/gnu/arm/4.9.3/bin/../lib/gcc/arm-none-eabi/4.9.3/../../../../arm-none-eabi/lib/armv7-m\libg_nano.a(lib_a-strcmp.o)
                                 0x28 (size before relaxing)
 .eh_frame      0x00009d80        0x4 c:/program files (x86)/cypress/psoc creator/3.3/psoc creator/import/gnu/arm/4.9.3/bin/../lib/gcc/arm-none-eabi/4.9.3/armv7-m/crtend.o
                0x00009d84                PROVIDE (__exidx_start, .)

.ARM.exidx
 *(.ARM.exidx* .gnu.linkonce.armexidx.*)
                0x00009d84                __exidx_end = .

.rodata         0x00009d88      0x8c8
 *(.rodata .rodata.* .gnu.linkonce.r.*)
 .rodata.str1.4
                0x00009d88       0xb1 .\CortexM3\ARM_GCC_493\Debug\main.o
                                 0xb4 (size before relaxing)
 *fill*         0x00009e39        0x3 
 .rodata        0x00009e3c        0xc .\CortexM3\ARM_GCC_493\Debug\encoder.o
 .rodata.str1.4
                0x00009e48       0x68 .\CortexM3\ARM_GCC_493\Debug\encoder.o
 .rodata        0x00009eb0       0x1c .\CortexM3\ARM_GCC_493\Debug\motor.o
 .rodata.str1.4
                0x00009ecc       0xec .\CortexM3\ARM_GCC_493\Debug\motor.o
 .rodata.str1.4
                0x00009fb8        0x5 .\CortexM3\ARM_GCC_493\Debug\odom.o
                                 0x14 (size before relaxing)
 *fill*         0x00009fbd        0x3 
 .rodata        0x00009fc0        0x8 .\CortexM3\ARM_GCC_493\Debug\pid.o
 .rodata.str1.4
                0x00009fc8       0x58 .\CortexM3\ARM_GCC_493\Debug\pid.o
                                 0x64 (size before relaxing)
 .rodata.str1.4
                0x0000a020       0x1a .\CortexM3\ARM_GCC_493\Debug\serial.o
                                 0x1c (size before relaxing)
 *fill*         0x0000a03a        0x2 
 .rodata        0x0000a03c       0x54 .\CortexM3\ARM_GCC_493\Debug\freesoc.a(cyfitter_cfg.o)
 .rodata.str1.4
                0x0000a090       0x11 .\CortexM3\ARM_GCC_493\Debug\freesoc.a(USBUART_std.o)
                                 0x14 (size before relaxing)
 *fill*         0x0000a0a1        0x3 
 .rodata        0x0000a0a4      0x1d4 .\CortexM3\ARM_GCC_493\Debug\freesoc.a(USBUART_descr.o)
                0x0000a0a4                USBUART_MSOS_CONFIGURATION_DESCR
                0x0000a0cc                USBUART_MSOS_DESCRIPTOR
                0x0000a0e0                USBUART_TABLE
                0x0000a0e8                USBUART_DEVICE0_TABLE
                0x0000a100                USBUART_DEVICE0_CONFIGURATION0_TABLE
                0x0000a128                USBUART_DEVICE0_CONFIGURATION0_INTERFACE_CLASS
                0x0000a12c                USBUART_DEVICE0_CONFIGURATION0_EP_SETTINGS_TABLE
                0x0000a144                USBUART_HIDREPORT_DESCRIPTOR1
                0x0000a17c                USBUART_SN_STRING_DESCRIPTOR
                0x0000a180                USBUART_STRING_DESCRIPTORS
                0x0000a220                USBUART_DEVICE0_CONFIGURATION0_DESCR
                0x0000a264                USBUART_DEVICE0_DESCR
 .rodata.str1.4
                0x0000a278        0x4 c:/program files (x86)/cypress/psoc creator/3.3/psoc creator/import/gnu/arm/4.9.3/bin/../lib/gcc/arm-none-eabi/4.9.3/../../../../arm-none-eabi/lib/armv7-m\libm.a(lib_a-w_pow.o)
 *fill*         0x0000a27c        0x4 
 .rodata.dp_h   0x0000a280       0x10 c:/program files (x86)/cypress/psoc creator/3.3/psoc creator/import/gnu/arm/4.9.3/bin/../lib/gcc/arm-none-eabi/4.9.3/../../../../arm-none-eabi/lib/armv7-m\libm.a(lib_a-e_pow.o)
 .rodata.dp_l   0x0000a290       0x10 c:/program files (x86)/cypress/psoc creator/3.3/psoc creator/import/gnu/arm/4.9.3/bin/../lib/gcc/arm-none-eabi/4.9.3/../../../../arm-none-eabi/lib/armv7-m\libm.a(lib_a-e_pow.o)
 .rodata.bp     0x0000a2a0       0x10 c:/program files (x86)/cypress/psoc creator/3.3/psoc creator/import/gnu/arm/4.9.3/bin/../lib/gcc/arm-none-eabi/4.9.3/../../../../arm-none-eabi/lib/armv7-m\libm.a(lib_a-e_pow.o)
 .rodata.str1.4
                0x00000000        0x4 c:/program files (x86)/cypress/psoc creator/3.3/psoc creator/import/gnu/arm/4.9.3/bin/../lib/gcc/arm-none-eabi/4.9.3/../../../../arm-none-eabi/lib/armv7-m\libm.a(lib_a-e_pow.o)
 .rodata.npio2_hw
                0x0000a2b0       0x80 c:/program files (x86)/cypress/psoc creator/3.3/psoc creator/import/gnu/arm/4.9.3/bin/../lib/gcc/arm-none-eabi/4.9.3/../../../../arm-none-eabi/lib/armv7-m\libm.a(lib_a-e_rem_pio2.o)
 .rodata.two_over_pi
                0x0000a330      0x108 c:/program files (x86)/cypress/psoc creator/3.3/psoc creator/import/gnu/arm/4.9.3/bin/../lib/gcc/arm-none-eabi/4.9.3/../../../../arm-none-eabi/lib/armv7-m\libm.a(lib_a-e_rem_pio2.o)
 .rodata.init_jk
                0x0000a438       0x10 c:/program files (x86)/cypress/psoc creator/3.3/psoc creator/import/gnu/arm/4.9.3/bin/../lib/gcc/arm-none-eabi/4.9.3/../../../../arm-none-eabi/lib/armv7-m\libm.a(lib_a-k_rem_pio2.o)
 .rodata.PIo2   0x0000a448       0x40 c:/program files (x86)/cypress/psoc creator/3.3/psoc creator/import/gnu/arm/4.9.3/bin/../lib/gcc/arm-none-eabi/4.9.3/../../../../arm-none-eabi/lib/armv7-m\libm.a(lib_a-k_rem_pio2.o)
 .rodata.TWO52  0x0000a488       0x10 c:/program files (x86)/cypress/psoc creator/3.3/psoc creator/import/gnu/arm/4.9.3/bin/../lib/gcc/arm-none-eabi/4.9.3/../../../../arm-none-eabi/lib/armv7-m\libm.a(lib_a-s_rint.o)
 .rodata.str1.1
                0x0000a498        0x2 c:/program files (x86)/cypress/psoc creator/3.3/psoc creator/import/gnu/arm/4.9.3/bin/../lib/gcc/arm-none-eabi/4.9.3/../../../../arm-none-eabi/lib/armv7-m\libg_nano.a(lib_a-impure.o)
 .rodata.str1.1
                0x0000a49a       0x12 c:/program files (x86)/cypress/psoc creator/3.3/psoc creator/import/gnu/arm/4.9.3/bin/../lib/gcc/arm-none-eabi/4.9.3/../../../../arm-none-eabi/lib/armv7-m\libg_nano.a(lib_a-nano-vfprintf_float.o)
 .rodata.str1.1