Archive member included because of file (symbol)

.\CortexM3\ARM_GCC_493\Debug\freesoc.a(cyfitter_cfg.o)
                              .\CortexM3\ARM_GCC_493\Debug\infrared.o (Front_AMuxSeq_DisconnectAll)
.\CortexM3\ARM_GCC_493\Debug\freesoc.a(Left_HB25_Enable_Pin.o)
                              .\CortexM3\ARM_GCC_493\Debug\motor.o (Left_HB25_Enable_Pin_Write)
.\CortexM3\ARM_GCC_493\Debug\freesoc.a(Left_HB25_PWM.o)
                              .\CortexM3\ARM_GCC_493\Debug\motor.o (Left_HB25_PWM_Stop)
.\CortexM3\ARM_GCC_493\Debug\freesoc.a(Right_HB25_Enable_Pin.o)
                              .\CortexM3\ARM_GCC_493\Debug\motor.o (Right_HB25_Enable_Pin_Write)
.\CortexM3\ARM_GCC_493\Debug\freesoc.a(Right_HB25_PWM.o)
                              .\CortexM3\ARM_GCC_493\Debug\motor.o (Right_HB25_PWM_Stop)
.\CortexM3\ARM_GCC_493\Debug\freesoc.a(CyBootAsmGnu.o)
                              .\CortexM3\ARM_GCC_493\Debug\freesoc.a(cyfitter_cfg.o) (CyDelayCycles)
.\CortexM3\ARM_GCC_493\Debug\freesoc.a(CyLib.o)
                              .\CortexM3\ARM_GCC_493\Debug\Cm3Start.o (CyHalt)
.\CortexM3\ARM_GCC_493\Debug\freesoc.a(cyPm.o)
                              .\CortexM3\ARM_GCC_493\Debug\freesoc.a(CyLib.o) (CyPmReadStatus)
.\CortexM3\ARM_GCC_493\Debug\freesoc.a(EZI2C_Slave.o)
                              .\CortexM3\ARM_GCC_493\Debug\i2c.o (EZI2C_Slave_Start)
.\CortexM3\ARM_GCC_493\Debug\freesoc.a(EZI2C_Slave_PM.o)
                              .\CortexM3\ARM_GCC_493\Debug\freesoc.a(EZI2C_Slave.o) (EZI2C_Slave_backup)
.\CortexM3\ARM_GCC_493\Debug\freesoc.a(EZI2C_Slave_INT.o)
                              .\CortexM3\ARM_GCC_493\Debug\freesoc.a(EZI2C_Slave.o) (EZI2C_Slave_ISR)
.\CortexM3\ARM_GCC_493\Debug\freesoc.a(Front_Echo_Intr.o)
                              .\CortexM3\ARM_GCC_493\Debug\ultrasonic.o (Front_Echo_Intr_StartEx)
.\CortexM3\ARM_GCC_493\Debug\freesoc.a(Front_Trigger_Reg.o)
                              .\CortexM3\ARM_GCC_493\Debug\ultrasonic.o (Front_Trigger_Reg_Write)
.\CortexM3\ARM_GCC_493\Debug\freesoc.a(Front_Trigger_Select_Reg.o)
                              .\CortexM3\ARM_GCC_493\Debug\ultrasonic.o (Front_Trigger_Select_Reg_Write)
.\CortexM3\ARM_GCC_493\Debug\freesoc.a(Front_Echo_Timer.o)
                              .\CortexM3\ARM_GCC_493\Debug\ultrasonic.o (Front_Echo_Timer_ReadCounter)
.\CortexM3\ARM_GCC_493\Debug\freesoc.a(Rear_Trigger_Reg.o)
                              .\CortexM3\ARM_GCC_493\Debug\ultrasonic.o (Rear_Trigger_Reg_Write)
.\CortexM3\ARM_GCC_493\Debug\freesoc.a(Rear_Trigger_Select_Reg.o)
                              .\CortexM3\ARM_GCC_493\Debug\ultrasonic.o (Rear_Trigger_Select_Reg_Write)
.\CortexM3\ARM_GCC_493\Debug\freesoc.a(Rear_Echo_Intr.o)
                              .\CortexM3\ARM_GCC_493\Debug\ultrasonic.o (Rear_Echo_Intr_StartEx)
.\CortexM3\ARM_GCC_493\Debug\freesoc.a(Rear_Echo_Timer.o)
                              .\CortexM3\ARM_GCC_493\Debug\ultrasonic.o (Rear_Echo_Timer_ReadCounter)
.\CortexM3\ARM_GCC_493\Debug\freesoc.a(Front_ADC_SAR.o)
                              .\CortexM3\ARM_GCC_493\Debug\infrared.o (Front_ADC_SAR_Start)
.\CortexM3\ARM_GCC_493\Debug\freesoc.a(Front_ADC_SAR_INT.o)
                              .\CortexM3\ARM_GCC_493\Debug\freesoc.a(Front_ADC_SAR.o) (Front_ADC_SAR_ISR)
.\CortexM3\ARM_GCC_493\Debug\freesoc.a(Front_AMuxSeq.o)
                              .\CortexM3\ARM_GCC_493\Debug\infrared.o (Front_AMuxSeq_Start)
.\CortexM3\ARM_GCC_493\Debug\freesoc.a(Rear_ADC_SAR.o)
                              .\CortexM3\ARM_GCC_493\Debug\infrared.o (Rear_ADC_SAR_Start)
.\CortexM3\ARM_GCC_493\Debug\freesoc.a(Rear_ADC_SAR_INT.o)
                              .\CortexM3\ARM_GCC_493\Debug\freesoc.a(Rear_ADC_SAR.o) (Rear_ADC_SAR_ISR)
.\CortexM3\ARM_GCC_493\Debug\freesoc.a(Rear_AMuxSeq.o)
                              .\CortexM3\ARM_GCC_493\Debug\infrared.o (Rear_AMuxSeq_Start)
.\CortexM3\ARM_GCC_493\Debug\freesoc.a(Front_ADC_SAR_IRQ.o)
                              .\CortexM3\ARM_GCC_493\Debug\infrared.o (Front_ADC_SAR_IRQ_StartEx)
.\CortexM3\ARM_GCC_493\Debug\freesoc.a(Front_ADC_SAR_theACLK.o)
                              .\CortexM3\ARM_GCC_493\Debug\freesoc.a(Front_ADC_SAR.o) (Front_ADC_SAR_theACLK_SetModeRegister)
.\CortexM3\ARM_GCC_493\Debug\freesoc.a(Rear_ADC_SAR_IRQ.o)
                              .\CortexM3\ARM_GCC_493\Debug\infrared.o (Rear_ADC_SAR_IRQ_StartEx)
.\CortexM3\ARM_GCC_493\Debug\freesoc.a(Rear_ADC_SAR_theACLK.o)
                              .\CortexM3\ARM_GCC_493\Debug\freesoc.a(Rear_ADC_SAR.o) (Rear_ADC_SAR_theACLK_SetModeRegister)
.\CortexM3\ARM_GCC_493\Debug\freesoc.a(Rear_EOS_Intr.o)
                              .\CortexM3\ARM_GCC_493\Debug\infrared.o (Rear_EOS_Intr_StartEx)
.\CortexM3\ARM_GCC_493\Debug\freesoc.a(Front_EOS_Intr.o)
                              .\CortexM3\ARM_GCC_493\Debug\infrared.o (Front_EOS_Intr_StartEx)
[...]
Memory Configuration

Name             Origin             Length             Attributes
rom              0x00000000         0x00040000         xr
ram              0x1fff8000         0x00010000         xrw
*default*        0x00000000         0xffffffff

Linker script and memory map

LOAD c:/program files (x86)/cypress/psoc creator/3.3/psoc creator/import/gnu/arm/4.9.3/bin/../lib/gcc/arm-none-eabi/4.9.3/armv7-m/crti.o
LOAD c:/program files (x86)/cypress/psoc creator/3.3/psoc creator/import/gnu/arm/4.9.3/bin/../lib/gcc/arm-none-eabi/4.9.3/armv7-m/crtbegin.o
LOAD c:/program files (x86)/cypress/psoc creator/3.3/psoc creator/import/gnu/arm/4.9.3/bin/../lib/gcc/arm-none-eabi/4.9.3/../../../../arm-none-eabi/lib/armv7-m/crt0.o
START GROUP
LOAD .\CortexM3\ARM_GCC_493\Debug\main.o
LOAD .\CortexM3\ARM_GCC_493\Debug\cal.o
LOAD .\CortexM3\ARM_GCC_493\Debug\control.o
LOAD .\CortexM3\ARM_GCC_493\Debug\debug.o
LOAD .\CortexM3\ARM_GCC_493\Debug\diag.o
LOAD .\CortexM3\ARM_GCC_493\Debug\encoder.o
LOAD .\CortexM3\ARM_GCC_493\Debug\i2c.o
LOAD .\CortexM3\ARM_GCC_493\Debug\motor.o
LOAD .\CortexM3\ARM_GCC_493\Debug\odom.o
LOAD .\CortexM3\ARM_GCC_493\Debug\pid.o
LOAD .\CortexM3\ARM_GCC_493\Debug\time.o
LOAD .\CortexM3\ARM_GCC_493\Debug\ultrasonic.o
LOAD .\CortexM3\ARM_GCC_493\Debug\utils.o
LOAD .\CortexM3\ARM_GCC_493\Debug\infrared.o
LOAD .\CortexM3\ARM_GCC_493\Debug\pid_controller.o
LOAD .\CortexM3\ARM_GCC_493\Debug\serial.o
LOAD .\CortexM3\ARM_GCC_493\Debug\cymetadata.o
LOAD .\CortexM3\ARM_GCC_493\Debug\Cm3Start.o
LOAD .\CortexM3\ARM_GCC_493\Debug\freesoc.a
LOAD C:\Program Files (x86)\Cypress\PSoC Creator\3.3\PSoC Creator\psoc\content\cycomponentlibrary\CyComponentLibrary.cylib\CortexM3\ARM_GCC_493\Debug\CyComponentLibrary.a
LOAD c:/program files (x86)/cypress/psoc creator/3.3/psoc creator/import/gnu/arm/4.9.3/bin/../lib/gcc/arm-none-eabi/4.9.3/../../../../arm-none-eabi/lib/armv7-m\libm.a
END GROUP
START GROUP
LOAD c:/program files (x86)/cypress/psoc creator/3.3/psoc creator/import/gnu/arm/4.9.3/bin/../lib/gcc/arm-none-eabi/4.9.3/armv7-m\libgcc.a
LOAD c:/program files (x86)/cypress/psoc creator/3.3/psoc creator/import/gnu/arm/4.9.3/bin/../lib/gcc/arm-none-eabi/4.9.3/../../../../arm-none-eabi/lib/armv7-m\libg_nano.a
LOAD c:/program files (x86)/cypress/psoc creator/3.3/psoc creator/import/gnu/arm/4.9.3/bin/../lib/gcc/arm-none-eabi/4.9.3/../../../../arm-none-eabi/lib/armv7-m\libc_nano.a
END GROUP
START GROUP
LOAD c:/program files (x86)/cypress/psoc creator/3.3/psoc creator/import/gnu/arm/4.9.3/bin/../lib/gcc/arm-none-eabi/4.9.3/armv7-m\libgcc.a
LOAD c:/program files (x86)/cypress/psoc creator/3.3/psoc creator/import/gnu/arm/4.9.3/bin/../lib/gcc/arm-none-eabi/4.9.3/../../../../arm-none-eabi/lib/armv7-m\libc_nano.a
END GROUP
LOAD c:/program files (x86)/cypress/psoc creator/3.3/psoc creator/import/gnu/arm/4.9.3/bin/../lib/gcc/arm-none-eabi/4.9.3/armv7-m/crtend.o
LOAD c:/program files (x86)/cypress/psoc creator/3.3/psoc creator/import/gnu/arm/4.9.3/bin/../lib/gcc/arm-none-eabi/4.9.3/armv7-m/crtn.o
START GROUP
LOAD c:/program files (x86)/cypress/psoc creator/3.3/psoc creator/import/gnu/arm/4.9.3/bin/../lib/gcc/arm-none-eabi/4.9.3/armv7-m\libgcc.a
LOAD c:/program files (x86)/cypress/psoc creator/3.3/psoc creator/import/gnu/arm/4.9.3/bin/../lib/gcc/arm-none-eabi/4.9.3/../../../../arm-none-eabi/lib/armv7-m\libc.a
LOAD c:/program files (x86)/cypress/psoc creator/3.3/psoc creator/import/gnu/arm/4.9.3/bin/../lib/gcc/arm-none-eabi/4.9.3/../../../../arm-none-eabi/lib/armv7-m\libnosys.a
END GROUP
                0x00000000                CY_APPL_ORIGIN = 0x0
                0x00000100                CY_FLASH_ROW_SIZE = 0x100
                0x00000020                CY_ECC_ROW_SIZE = 0x20
                0x00000000                CY_EE_IN_BTLDR = 0x0
                0x00000000                CY_APPL_LOADABLE = 0x0
                0x00000800                CY_EE_SIZE = 0x800
                0x00000001                CY_APPL_NUM = 0x1
                0x00000001                CY_APPL_MAX = 0x1
                0x00000040                CY_METADATA_SIZE = 0x40
                0x00000000                CY_APPL_LOADABLE = 0x0
                0x00000000                CY_CHECKSUM_EXCLUDE_SIZE = ALIGN (0x0, CY_FLASH_ROW_SIZE)
                0x1ffff2b0                PROVIDE (__cy_heap_start, _end)
                0x00000001                PROVIDE (__cy_region_num, ((__cy_regions_end - __cy_regions) / 0x10))
                0x20008000                PROVIDE (__cy_stack, (ORIGIN (ram) + 0x10000))
                0x20007800                PROVIDE (__cy_heap_end, (__cy_stack - 0x800))

.cybootloader   0x00000000        0x0
 *(.cybootloader)
                0x00000000                appl1_start = CY_APPL_ORIGIN?CY_APPL_ORIGIN:ALIGN (CY_FLASH_ROW_SIZE)
                0x0001ff00                appl2_start = (appl1_start + ALIGN ((((0x40000 - appl1_start) - (0x2 * CY_FLASH_ROW_SIZE)) / 0x2), CY_FLASH_ROW_SIZE))
                0x00000000                appl_start = (CY_APPL_NUM == 0x1)?appl1_start:appl2_start
                0x00000000                ecc_offset = ((appl_start / CY_FLASH_ROW_SIZE) * CY_ECC_ROW_SIZE)
                0x00000000                ee_offset = (CY_APPL_LOADABLE && ! (CY_EE_IN_BTLDR))?((CY_EE_SIZE / CY_APPL_MAX) * (CY_APPL_NUM - 0x1)):0x0
                0x00000800                ee_size = (CY_APPL_LOADABLE && ! (CY_EE_IN_BTLDR))?(CY_EE_SIZE / CY_APPL_MAX):CY_EE_SIZE
                0x00000000                PROVIDE (CY_ECC_OFFSET, ecc_offset)

.text           0x00000000     0xa5f6
 CREATE_OBJECT_SYMBOLS
                0x00000000                PROVIDE (__cy_interrupt_vector, RomVectors)
 *(.romvectors)
 .romvectors    0x00000000       0x10 .\CortexM3\ARM_GCC_493\Debug\Cm3Start.o
                0x00000000                RomVectors
                0x00000001                ASSERT ((. != __cy_interrupt_vector), No interrupt vector)
                0x00000001                ASSERT (CY_APPL_ORIGIN?(SIZEOF (.cybootloader) <= CY_APPL_ORIGIN):0x1, Wrong image location)
                0x00000010                PROVIDE (__cy_reset, Reset)
 *(.text.Reset)
 .text.Reset    0x00000010       0x18 .\CortexM3\ARM_GCC_493\Debug\Cm3Start.o
                0x00000010                Reset
                0x00000001                ASSERT ((. != __cy_reset), No reset code)
 *(.dma_init)
                0x00000001                ASSERT ((((appl_start + .) <= 0x10000) || 0x1), DMA Init must be within the first 64k of flash)
 *(.text .text.* .gnu.linkonce.t.*)
 .text          0x00000028       0x5c c:/program files (x86)/cypress/psoc creator/3.3/psoc creator/import/gnu/arm/4.9.3/bin/../lib/gcc/arm-none-eabi/4.9.3/armv7-m/crtbegin.o
 .text.main     0x00000084      0x118 .\CortexM3\ARM_GCC_493\Debug\main.o
                0x00000084                main
 .text.CalculatePwmSamples
                0x0000019c       0x64 .\CortexM3\ARM_GCC_493\Debug\cal.o
 .text.AddSamplesToSum
                0x00000200       0x24 .\CortexM3\ARM_GCC_493\Debug\cal.o
 .text.CalculateAvgCpsSamples
                0x00000224       0x20 .\CortexM3\ARM_GCC_493\Debug\cal.o
 .text.CalculateMinMaxCpsSample
                0x00000244       0x38 .\CortexM3\ARM_GCC_493\Debug\cal.o
 .text.StartCalibration
                0x0000027c       0x24 .\CortexM3\ARM_GCC_493\Debug\cal.o
 .text.EndCalibration
                0x000002a0       0x30 .\CortexM3\ARM_GCC_493\Debug\cal.o
 .text.CalibrateWheelSpeed
                0x000002d0       0x5c .\CortexM3\ARM_GCC_493\Debug\cal.o
 .text.StoreWheelSpeed
                0x0000032c       0xb4 .\CortexM3\ARM_GCC_493\Debug\cal.o
 .text.Cal_Init
                0x000003e0       0x14 .\CortexM3\ARM_GCC_493\Debug\cal.o
                0x000003e0                Cal_Init
 .text.Cal_Start
                0x000003f4       0x2c .\CortexM3\ARM_GCC_493\Debug\cal.o
                0x000003f4                Cal_Start
 .text.Cal_Update
                0x00000420       0xa8 .\CortexM3\ARM_GCC_493\Debug\cal.o
                0x00000420                Cal_Update
 .text.Cal_LeftGetCalData
                0x000004c8       0x10 .\CortexM3\ARM_GCC_493\Debug\cal.o
                0x000004c8                Cal_LeftGetCalData
 .text.Cal_RightGetCalData
                0x000004d8       0x14 .\CortexM3\ARM_GCC_493\Debug\cal.o
                0x000004d8                Cal_RightGetCalData
 .text.Cal_Validate
                0x000004ec        0x4 .\CortexM3\ARM_GCC_493\Debug\cal.o
                0x000004ec                Cal_Validate
 .text.CalculateLeftRightSpeed
                0x000004f0       0x70 .\CortexM3\ARM_GCC_493\Debug\control.o
 .text.Control_Init
                0x00000560        0x4 .\CortexM3\ARM_GCC_493\Debug\control.o
                0x00000560                Control_Init
 .text.Control_Start
                0x00000564        0x4 .\CortexM3\ARM_GCC_493\Debug\control.o
                0x00000564                Control_Start
 .text.Control_Update
                0x00000568       0x3c .\CortexM3\ARM_GCC_493\Debug\control.o
                0x00000568                Control_Update
 .text.Control_LeftGetCmdVelocity
                0x000005a4        0xc .\CortexM3\ARM_GCC_493\Debug\control.o
                0x000005a4                Control_LeftGetCmdVelocity
 .text.Control_RightGetCmdVelocity
                0x000005b0        0xc .\CortexM3\ARM_GCC_493\Debug\control.o
                0x000005b0                Control_RightGetCmdVelocity
 .text.Debug_Init
                0x000005bc       0x14 .\CortexM3\ARM_GCC_493\Debug\debug.o
                0x000005bc                Debug_Init
 .text.Debug_Start
                0x000005d0        0x4 .\CortexM3\ARM_GCC_493\Debug\debug.o
                0x000005d0                Debug_Start
 .text.Diag_Init
                0x000005d4       0x18 .\CortexM3\ARM_GCC_493\Debug\diag.o
                0x000005d4                Diag_Init
 .text.Diag_Start
                0x000005ec        0x4 .\CortexM3\ARM_GCC_493\Debug\diag.o
                0x000005ec                Diag_Start
 .text.Diag_Update
                0x000005f0        0x8 .\CortexM3\ARM_GCC_493\Debug\diag.o
                0x000005f0                Diag_Update
 .text.Encoder_Sample
                0x000005f8       0x70 .\CortexM3\ARM_GCC_493\Debug\encoder.o
 .text.Encoder_Init
                0x00000668       0x48 .\CortexM3\ARM_GCC_493\Debug\encoder.o
                0x00000668                Encoder_Init
 .text.Encoder_Start
                0x000006b0       0x20 .\CortexM3\ARM_GCC_493\Debug\encoder.o
                0x000006b0                Encoder_Start
 .text.Encoder_Update
                0x000006d0       0x58 .\CortexM3\ARM_GCC_493\Debug\encoder.o
                0x000006d0                Encoder_Update
 .text.Encoder_LeftGetCntsPerSec
                0x00000728        0xc .\CortexM3\ARM_GCC_493\Debug\encoder.o
                0x00000728                Encoder_LeftGetCntsPerSec
 .text.Encoder_RightGetCntsPerSec
                0x00000734        0xc .\CortexM3\ARM_GCC_493\Debug\encoder.o
                0x00000734                Encoder_RightGetCntsPerSec
 .text.Encoder_LeftGetMeterPerSec
                0x00000740        0xc .\CortexM3\ARM_GCC_493\Debug\encoder.o
                0x00000740                Encoder_LeftGetMeterPerSec
 .text.Encoder_RightGetMeterPerSec
                0x0000074c        0xc .\CortexM3\ARM_GCC_493\Debug\encoder.o
                0x0000074c                Encoder_RightGetMeterPerSec
 .text.Encoder_Reset
                0x00000758       0x3c .\CortexM3\ARM_GCC_493\Debug\encoder.o
                0x00000758                Encoder_Reset
 .text.I2c_Init
                0x00000794       0x1c .\CortexM3\ARM_GCC_493\Debug\i2c.o
                0x00000794                I2c_Init
 .text.I2c_Start
                0x000007b0       0x18 .\CortexM3\ARM_GCC_493\Debug\i2c.o
                0x000007b0                I2c_Start
 .text.I2c_ReadControl
                0x000007c8       0x2c .\CortexM3\ARM_GCC_493\Debug\i2c.o
                0x000007c8                I2c_ReadControl
 *fill*         0x000007f4        0x4 
 .text.I2c_ReadCmdVelocity
                0x000007f8       0xf8 .\CortexM3\ARM_GCC_493\Debug\i2c.o
                0x000007f8                I2c_ReadCmdVelocity
 .text.I2c_SetStatusBit
                0x000008f0       0x38 .\CortexM3\ARM_GCC_493\Debug\i2c.o
                0x000008f0                I2c_SetStatusBit
 .text.I2c_ClearStatusBit
                0x00000928       0x3c .\CortexM3\ARM_GCC_493\Debug\i2c.o
                0x00000928                I2c_ClearStatusBit
 .text.I2c_WriteOdom
                0x00000964       0x48 .\CortexM3\ARM_GCC_493\Debug\i2c.o
                0x00000964                I2c_WriteOdom
 .text.I2c_WriteFrontUltrasonicDistance
                0x000009ac       0x34 .\CortexM3\ARM_GCC_493\Debug\i2c.o
                0x000009ac                I2c_WriteFrontUltrasonicDistance
 .text.I2c_WriteRearUltrasonicDistance
                0x000009e0       0x34 .\CortexM3\ARM_GCC_493\Debug\i2c.o
                0x000009e0                I2c_WriteRearUltrasonicDistance
 .text.I2c_WriteFrontInfraredDistance
                0x00000a14       0x34 .\CortexM3\ARM_GCC_493\Debug\i2c.o
                0x00000a14                I2c_WriteFrontInfraredDistance
 .text.I2c_WriteRearInfraredDistance
                0x00000a48       0x34 .\CortexM3\ARM_GCC_493\Debug\i2c.o
                0x00000a48                I2c_WriteRearInfraredDistance
 .text.I2c_UpdateHeartbeat
                0x00000a7c       0x30 .\CortexM3\ARM_GCC_493\Debug\i2c.o
                0x00000a7c                I2c_UpdateHeartbeat
 .text.Interpolate
                0x00000aac       0x3c .\CortexM3\ARM_GCC_493\Debug\motor.o
 .text.calculate_pwm
                0x00000ae8       0x74 .\CortexM3\ARM_GCC_493\Debug\motor.o
 .text.calc_motor_output_from_cps
                0x00000b5c       0xa8 .\CortexM3\ARM_GCC_493\Debug\motor.o
 .text.RampSpeed
                0x00000c04       0x44 .\CortexM3\ARM_GCC_493\Debug\motor.o
 .text.CollectCpsPwmSamples
                0x00000c48       0x58 .\CortexM3\ARM_GCC_493\Debug\motor.o
 .text.PrintFormatDataInt32
                0x00000ca0       0x8c .\CortexM3\ARM_GCC_493\Debug\motor.o
 .text.PrintFormatDataUint16
                0x00000d2c       0x8c .\CortexM3\ARM_GCC_493\Debug\motor.o
 .text.DumpMotorCal
                0x00000db8       0x4c .\CortexM3\ARM_GCC_493\Debug\motor.o
 .text.Motor_Init
                0x00000e04       0x18 .\CortexM3\ARM_GCC_493\Debug\motor.o
                0x00000e04                Motor_Init
 .text.Motor_Start
                0x00000e1c       0x48 .\CortexM3\ARM_GCC_493\Debug\motor.o
                0x00000e1c                Motor_Start
 .text.Motor_LeftSetCntsPerSec
                0x00000e64       0x18 .\CortexM3\ARM_GCC_493\Debug\motor.o
                0x00000e64                Motor_LeftSetCntsPerSec
 .text.Motor_RightSetCntsPerSec
                0x00000e7c       0x18 .\CortexM3\ARM_GCC_493\Debug\motor.o
                0x00000e7c                Motor_RightSetCntsPerSec
 .text.Motor_LeftGetPwm
                0x00000e94        0xc .\CortexM3\ARM_GCC_493\Debug\motor.o
                0x00000e94                Motor_LeftGetPwm
 .text.Motor_RightGetPwm
                0x00000ea0        0xc .\CortexM3\ARM_GCC_493\Debug\motor.o
                0x00000ea0                Motor_RightGetPwm
 .text.Motor_Stop
                0x00000eac       0x20 .\CortexM3\ARM_GCC_493\Debug\motor.o
                0x00000eac                Motor_Stop
 .text.Motor_CollectPwmCpsSamples
                0x00000ecc       0xb4 .\CortexM3\ARM_GCC_493\Debug\motor.o
                0x00000ecc                Motor_CollectPwmCpsSamples
 .text.Motor_LeftSetCalibration
                0x00000f80       0x1c .\CortexM3\ARM_GCC_493\Debug\motor.o
                0x00000f80                Motor_LeftSetCalibration
 .text.Motor_RightSetCalibration
                0x00000f9c       0x1c .\CortexM3\ARM_GCC_493\Debug\motor.o
                0x00000f9c                Motor_RightSetCalibration
 .text.DumpOdom
                0x00000fb8       0x78 .\CortexM3\ARM_GCC_493\Debug\odom.o
 .text.Odom_Init
                0x00001030       0x14 .\CortexM3\ARM_GCC_493\Debug\odom.o
                0x00001030                Odom_Init
 .text.Odom_Start
                0x00001044        0x4 .\CortexM3\ARM_GCC_493\Debug\odom.o
                0x00001044                Odom_Start
 .text.calc_odom
                0x00001048      0x250 .\CortexM3\ARM_GCC_493\Debug\odom.o
                0x00001048                calc_odom
 .text.Odom_Update
                0x00001298       0x60 .\CortexM3\ARM_GCC_493\Debug\odom.o
                0x00001298                Odom_Update
 .text.Odom_Reset
                0x000012f8       0x28 .\CortexM3\ARM_GCC_493\Debug\odom.o
                0x000012f8                Odom_Reset
 .text.ProcessPid
                0x00001320       0xb0 .\CortexM3\ARM_GCC_493\Debug\pid.o
 .text.Pid_Init
                0x000013d0       0x84 .\CortexM3\ARM_GCC_493\Debug\pid.o
                0x000013d0                Pid_Init
 .text.Pid_Start
                0x00001454        0x4 .\CortexM3\ARM_GCC_493\Debug\pid.o
                0x00001454                Pid_Start
 .text.Pid_Update
                0x00001458       0x50 .\CortexM3\ARM_GCC_493\Debug\pid.o
                0x00001458                Pid_Update
 .text.SysTickIsrHandler
                0x000014a8       0x10 .\CortexM3\ARM_GCC_493\Debug\time.o
 .text.Time_Init
                0x000014b8        0xc .\CortexM3\ARM_GCC_493\Debug\time.o
                0x000014b8                Time_Init
 .text.Time_Start
                0x000014c4       0x2c .\CortexM3\ARM_GCC_493\Debug\time.o
                0x000014c4                Time_Start
 .text.millis   0x000014f0        0xc .\CortexM3\ARM_GCC_493\Debug\time.o
                0x000014f0                millis
 .text.Front_Trigger_Next
                0x000014fc       0x34 .\CortexM3\ARM_GCC_493\Debug\ultrasonic.o
 .text.Front_Echo_Interrupt
                0x00001530       0x4c .\CortexM3\ARM_GCC_493\Debug\ultrasonic.o
 .text.Rear_Trigger_Next
                0x0000157c       0x34 .\CortexM3\ARM_GCC_493\Debug\ultrasonic.o
 .text.Rear_Echo_Interrupt
                0x000015b0       0x4c .\CortexM3\ARM_GCC_493\Debug\ultrasonic.o
 .text.Ultrasonic_Init
                0x000015fc        0x4 .\CortexM3\ARM_GCC_493\Debug\ultrasonic.o
                0x000015fc                Ultrasonic_Init
 .text.Ultrasonic_Start
                0x00001600       0x28 .\CortexM3\ARM_GCC_493\Debug\ultrasonic.o
                0x00001600                Ultrasonic_Start
 .text.insert_zeros
                0x00001628       0x30 .\CortexM3\ARM_GCC_493\Debug\utils.o
 .text.MovingAverageFloat
                0x00001658       0x2c .\CortexM3\ARM_GCC_493\Debug\utils.o
                0x00001658                MovingAverageFloat
 .text.ftoa     0x00001684       0xa4 .\CortexM3\ARM_GCC_493\Debug\utils.o
                0x00001684                ftoa
 .text.BinaryRangeSearch
                0x00001728       0x50 .\CortexM3\ARM_GCC_493\Debug\utils.o
                0x00001728                BinaryRangeSearch
 .text.Rear_EOS_Interrupt
                0x00001778       0x1c .\CortexM3\ARM_GCC_493\Debug\infrared.o
 .text.Front_EOS_Interrupt
                0x00001794       0x1c .\CortexM3\ARM_GCC_493\Debug\infrared.o
 .text.Rear_EOC_Interrupt
                0x000017b0       0x90 .\CortexM3\ARM_GCC_493\Debug\infrared.o
 .text.Front_EOC_Interrupt
                0x00001840       0x90 .\CortexM3\ARM_GCC_493\Debug\infrared.o
 .text.Infrared_Init
                0x000018d0        0xc .\CortexM3\ARM_GCC_493\Debug\infrared.o
                0x000018d0                Infrared_Init
 .text.Infrared_Start
                0x000018dc       0x4c .\CortexM3\ARM_GCC_493\Debug\infrared.o
                0x000018dc                Infrared_Start
 .text.PIDCompute
                0x00001928       0xa4 .\CortexM3\ARM_GCC_493\Debug\pid_controller.o
                0x00001928                PIDCompute
 .text.PIDOutputLimitsSet
                0x000019cc       0x5c .\CortexM3\ARM_GCC_493\Debug\pid_controller.o
                0x000019cc                PIDOutputLimitsSet
 .text.PIDTuningsSet
                0x00001a28       0x6c .\CortexM3\ARM_GCC_493\Debug\pid_controller.o
                0x00001a28                PIDTuningsSet
 .text.PIDInit  0x00001a94       0x54 .\CortexM3\ARM_GCC_493\Debug\pid_controller.o
                0x00001a94                PIDInit
 .text.PIDSetpointSet
                0x00001ae8        0x4 .\CortexM3\ARM_GCC_493\Debug\pid_controller.o
                0x00001ae8                PIDSetpointSet
 .text.PIDInputSet
                0x00001aec        0x4 .\CortexM3\ARM_GCC_493\Debug\pid_controller.o
                0x00001aec                PIDInputSet
 .text.Ser_Init
                0x00001af0       0x24 .\CortexM3\ARM_GCC_493\Debug\serial.o
                0x00001af0                Ser_Init
 .text.Ser_Start
                0x00001b14       0x2c .\CortexM3\ARM_GCC_493\Debug\serial.o
                0x00001b14                Ser_Start
 .text.Ser_PutString
                0x00001b40       0x18 .\CortexM3\ARM_GCC_493\Debug\serial.o
                0x00001b40                Ser_PutString
 .text.IntDefaultHandler
                0x00001b58        0x4 .\CortexM3\ARM_GCC_493\Debug\Cm3Start.o
                0x00001b58                IntDefaultHandler
 .text._sbrk    0x00001b5c       0x30 .\CortexM3\ARM_GCC_493\Debug\Cm3Start.o
                0x00001b5c                _sbrk
 .text.Start_c  0x00001b8c       0x4c .\CortexM3\ARM_GCC_493\Debug\Cm3Start.o
                0x00001b8c                Start_c
 .text.initialize_psoc
                0x00001bd8       0x74 .\CortexM3\ARM_GCC_493\Debug\Cm3Start.o
                0x00001bd8                initialize_psoc
 .text.cfg_write_bytes32
                0x00001c4c       0x34 .\CortexM3\ARM_GCC_493\Debug\freesoc.a(cyfitter_cfg.o)
 .text.CYMEMZERO
                0x00001c80        0xc .\CortexM3\ARM_GCC_493\Debug\freesoc.a(cyfitter_cfg.o)
 .text.ClockSetup
                0x00001c8c       0xe4 .\CortexM3\ARM_GCC_493\Debug\freesoc.a(cyfitter_cfg.o)
 .text.AnalogSetDefault
                0x00001d70       0x80 .\CortexM3\ARM_GCC_493\Debug\freesoc.a(cyfitter_cfg.o)
 .text.CYCONFIGCPY
                0x00001df0        0x8 .\CortexM3\ARM_GCC_493\Debug\freesoc.a(cyfitter_cfg.o)
 .text.Front_AMuxSeq_DisconnectAll
                0x00001df8       0x18 .\CortexM3\ARM_GCC_493\Debug\freesoc.a(cyfitter_cfg.o)
                0x00001df8                Front_AMuxSeq_DisconnectAll
 .text.Front_AMuxSeq_Next
                0x00001e10       0x6c .\CortexM3\ARM_GCC_493\Debug\freesoc.a(cyfitter_cfg.o)
                0x00001e10                Front_AMuxSeq_Next
 .text.Rear_AMuxSeq_DisconnectAll
                0x00001e7c       0x18 .\CortexM3\ARM_GCC_493\Debug\freesoc.a(cyfitter_cfg.o)
                0x00001e7c                Rear_AMuxSeq_DisconnectAll
 .text.Rear_AMuxSeq_Next
                0x00001e94       0x6c .\CortexM3\ARM_GCC_493\Debug\freesoc.a(cyfitter_cfg.o)
                0x00001e94                Rear_AMuxSeq_Next
 .text.cyfitter_cfg
                0x00001f00      0x188 .\CortexM3\ARM_GCC_493\Debug\freesoc.a(cyfitter_cfg.o)
                0x00001f00                cyfitter_cfg
 .text.Left_HB25_Enable_Pin_Write
                0x00002088       0x18 .\CortexM3\ARM_GCC_493\Debug\freesoc.a(Left_HB25_Enable_Pin.o)
                0x00002088                Left_HB25_Enable_Pin_Write
 .text.Left_HB25_PWM_Stop
                0x000020a0        0x4 .\CortexM3\ARM_GCC_493\Debug\freesoc.a(Left_HB25_PWM.o)
                0x000020a0                Left_HB25_PWM_Stop
 .text.Left_HB25_PWM_WriteCounter
                0x000020a4        0xc .\CortexM3\ARM_GCC_493\Debug\freesoc.a(Left_HB25_PWM.o)
                0x000020a4                Left_HB25_PWM_WriteCounter
 .text.Left_HB25_PWM_WritePeriod
                0x000020b0        0xc .\CortexM3\ARM_GCC_493\Debug\freesoc.a(Left_HB25_PWM.o)
                0x000020b0                Left_HB25_PWM_WritePeriod
 .text.Left_HB25_PWM_WriteCompare
                0x000020bc        0xc .\CortexM3\ARM_GCC_493\Debug\freesoc.a(Left_HB25_PWM.o)
                0x000020bc                Left_HB25_PWM_WriteCompare
 .text.Left_HB25_PWM_Init
                0x000020c8       0x34 .\CortexM3\ARM_GCC_493\Debug\freesoc.a(Left_HB25_PWM.o)
                0x000020c8                Left_HB25_PWM_Init
 .text.Left_HB25_PWM_Start
                0x000020fc       0x18 .\CortexM3\ARM_GCC_493\Debug\freesoc.a(Left_HB25_PWM.o)
                0x000020fc                Left_HB25_PWM_Start
 .text.Right_HB25_Enable_Pin_Write
                0x00002114       0x18 .\CortexM3\ARM_GCC_493\Debug\freesoc.a(Right_HB25_Enable_Pin.o)
                0x00002114                Right_HB25_Enable_Pin_Write
 .text.Right_HB25_PWM_Stop
                0x0000212c        0x4 .\CortexM3\ARM_GCC_493\Debug\freesoc.a(Right_HB25_PWM.o)
                0x0000212c                Right_HB25_PWM_Stop
 .text.Right_HB25_PWM_WriteCounter
                0x00002130        0xc .\CortexM3\ARM_GCC_493\Debug\freesoc.a(Right_HB25_PWM.o)
                0x00002130                Right_HB25_PWM_WriteCounter
 .text.Right_HB25_PWM_WritePeriod
                0x0000213c        0xc .\CortexM3\ARM_GCC_493\Debug\freesoc.a(Right_HB25_PWM.o)
                0x0000213c                Right_HB25_PWM_WritePeriod
 .text.Right_HB25_PWM_WriteCompare
                0x00002148        0xc .\CortexM3\ARM_GCC_493\Debug\freesoc.a(Right_HB25_PWM.o)
                0x00002148                Right_HB25_PWM_WriteCompare
 .text.Right_HB25_PWM_Init
                0x00002154       0x34 .\CortexM3\ARM_GCC_493\Debug\freesoc.a(Right_HB25_PWM.o)
                0x00002154                Right_HB25_PWM_Init
 .text.Right_HB25_PWM_Start
                0x00002188       0x18 .\CortexM3\ARM_GCC_493\Debug\freesoc.a(Right_HB25_PWM.o)
                0x00002188                Right_HB25_PWM_Start
 .text          0x000021a0       0x20 .\CortexM3\ARM_GCC_493\Debug\freesoc.a(CyBootAsmGnu.o)
                0x000021a0                CyDelayCycles
                0x000021b0                CyEnterCriticalSection
                0x000021b8                CyExitCriticalSection
 .text.CyHalt   0x000021c0        0x4 .\CortexM3\ARM_GCC_493\Debug\freesoc.a(CyLib.o)
                0x000021c0                CyHalt
 .text.CyDelay  0x000021c4       0x2c .\CortexM3\ARM_GCC_493\Debug\freesoc.a(CyLib.o)
                0x000021c4                CyDelay
 .text.CyDelayUs
                0x000021f0       0x14 .\CortexM3\ARM_GCC_493\Debug\freesoc.a(CyLib.o)
                0x000021f0                CyDelayUs
 .text.CyIntSetSysVector
                0x00002204       0x28 .\CortexM3\ARM_GCC_493\Debug\freesoc.a(CyLib.o)
                0x00002204                CyIntSetSysVector
 .text.CyIntSetVector
                0x0000222c       0x28 .\CortexM3\ARM_GCC_493\Debug\freesoc.a(CyLib.o)
                0x0000222c                CyIntSetVector
 .text.CyIntSetPriority
                0x00002254       0x30 .\CortexM3\ARM_GCC_493\Debug\freesoc.a(CyLib.o)
                0x00002254                CyIntSetPriority
 .text.CySysTickEnableInterrupt
                0x00002284       0x10 .\CortexM3\ARM_GCC_493\Debug\freesoc.a(CyLib.o)
                0x00002284                CySysTickEnableInterrupt
 .text.CySysTickEnable
                0x00002294       0x18 .\CortexM3\ARM_GCC_493\Debug\freesoc.a(CyLib.o)
                0x00002294                CySysTickEnable
 .text.CySysTickSetReload
                0x000022ac       0x10 .\CortexM3\ARM_GCC_493\Debug\freesoc.a(CyLib.o)
                0x000022ac                CySysTickSetReload
 .text.CySysTickSetClockSource
                0x000022bc       0x20 .\CortexM3\ARM_GCC_493\Debug\freesoc.a(CyLib.o)
                0x000022bc                CySysTickSetClockSource
 .text.CySysTickGetCountFlag
                0x000022dc       0x10 .\CortexM3\ARM_GCC_493\Debug\freesoc.a(CyLib.o)
                0x000022dc                CySysTickGetCountFlag
 .text.CySysTickServiceCallbacks
                0x000022ec       0x28 .\CortexM3\ARM_GCC_493\Debug\freesoc.a(CyLib.o)
 .text.CySysTickClear
                0x00002314        0xc .\CortexM3\ARM_GCC_493\Debug\freesoc.a(CyLib.o)
                0x00002314                CySysTickClear
 .text.CySysTickInit
                0x00002320       0x58 .\CortexM3\ARM_GCC_493\Debug\freesoc.a(CyLib.o)
                0x00002320                CySysTickInit
 .text.CySysTickStart
                0x00002378       0x1c .\CortexM3\ARM_GCC_493\Debug\freesoc.a(CyLib.o)
                0x00002378                CySysTickStart
 .text.CySysTickSetCallback
                0x00002394       0x10 .\CortexM3\ARM_GCC_493\Debug\freesoc.a(CyLib.o)
                0x00002394                CySysTickSetCallback
 .text.CySysTickGetCallback
                0x000023a4       0x10 .\CortexM3\ARM_GCC_493\Debug\freesoc.a(CyLib.o)
                0x000023a4                CySysTickGetCallback
 .text.CyGetUniqueId
                0x000023b4       0x70 .\CortexM3\ARM_GCC_493\Debug\freesoc.a(CyLib.o)
                0x000023b4                CyGetUniqueId
 .text.EZI2C_Slave_Init
                0x00002424       0x70 .\CortexM3\ARM_GCC_493\Debug\freesoc.a(EZI2C_Slave.o)
                0x00002424                EZI2C_Slave_Init
 .text.EZI2C_Slave_Enable
                0x00002494       0x30 .\CortexM3\ARM_GCC_493\Debug\freesoc.a(EZI2C_Slave.o)
                0x00002494                EZI2C_Slave_Enable
 .text.EZI2C_Slave_Start
                0x000024c4       0x1c .\CortexM3\ARM_GCC_493\Debug\freesoc.a(EZI2C_Slave.o)
                0x000024c4                EZI2C_Slave_Start
 .text.EZI2C_Slave_GetActivity
                0x000024e0       0x28 .\CortexM3\ARM_GCC_493\Debug\freesoc.a(EZI2C_Slave.o)
                0x000024e0                EZI2C_Slave_GetActivity
 .text.EZI2C_Slave_SetBuffer1
                0x00002508       0x50 .\CortexM3\ARM_GCC_493\Debug\freesoc.a(EZI2C_Slave.o)
                0x00002508                EZI2C_Slave_SetBuffer1
 .text.EZI2C_Slave_ISR
                0x00002558      0x1c4 .\CortexM3\ARM_GCC_493\Debug\freesoc.a(EZI2C_Slave_INT.o)
                0x00002558                EZI2C_Slave_ISR
 .text.Front_Echo_Intr_SetVector
                0x0000271c        0xc .\CortexM3\ARM_GCC_493\Debug\freesoc.a(Front_Echo_Intr.o)
                0x0000271c                Front_Echo_Intr_SetVector
 .text.Front_Echo_Intr_SetPriority
                0x00002728       0x10 .\CortexM3\ARM_GCC_493\Debug\freesoc.a(Front_Echo_Intr.o)
                0x00002728                Front_Echo_Intr_SetPriority
 .text.Front_Echo_Intr_Enable
                0x00002738        0xc .\CortexM3\ARM_GCC_493\Debug\freesoc.a(Front_Echo_Intr.o)
                0x00002738                Front_Echo_Intr_Enable
 .text.Front_Echo_Intr_Disable
                0x00002744        0xc .\CortexM3\ARM_GCC_493\Debug\freesoc.a(Front_Echo_Intr.o)
                0x00002744                Front_Echo_Intr_Disable
 .text.Front_Echo_Intr_StartEx
                0x00002750       0x1c .\CortexM3\ARM_GCC_493\Debug\freesoc.a(Front_Echo_Intr.o)
                0x00002750                Front_Echo_Intr_StartEx
 .text.Front_Echo_Intr_ClearPending
                0x0000276c        0xc .\CortexM3\ARM_GCC_493\Debug\freesoc.a(Front_Echo_Intr.o)
                0x0000276c                Front_Echo_Intr_ClearPending
 .text.Front_Trigger_Reg_Write
                0x00002778        0xc .\CortexM3\ARM_GCC_493\Debug\freesoc.a(Front_Trigger_Reg.o)
                0x00002778                Front_Trigger_Reg_Write
 .text.Front_Trigger_Select_Reg_Write
                0x00002784        0xc .\CortexM3\ARM_GCC_493\Debug\freesoc.a(Front_Trigger_Select_Reg.o)
                0x00002784                Front_Trigger_Select_Reg_Write
 .text.Front_Trigger_Select_Reg_Read
                0x00002790        0xc .\CortexM3\ARM_GCC_493\Debug\freesoc.a(Front_Trigger_Select_Reg.o)
                0x00002790                Front_Trigger_Select_Reg_Read
 .text.Front_Echo_Timer_SetInterruptMode
                0x0000279c        0xc .\CortexM3\ARM_GCC_493\Debug\freesoc.a(Front_Echo_Timer.o)
                0x0000279c                Front_Echo_Timer_SetInterruptMode
 .text.Front_Echo_Timer_ReadStatusRegister
                0x000027a8        0xc .\CortexM3\ARM_GCC_493\Debug\freesoc.a(Front_Echo_Timer.o)
                0x000027a8                Front_Echo_Timer_ReadStatusRegister
 .text.Front_Echo_Timer_WritePeriod
                0x000027b4        0xc .\CortexM3\ARM_GCC_493\Debug\freesoc.a(Front_Echo_Timer.o)
                0x000027b4                Front_Echo_Timer_WritePeriod
 .text.Front_Echo_Timer_ReadCapture
                0x000027c0        0xc .\CortexM3\ARM_GCC_493\Debug\freesoc.a(Front_Echo_Timer.o)
                0x000027c0                Front_Echo_Timer_ReadCapture
 .text.Front_Echo_Timer_WriteCounter
                0x000027cc        0xc .\CortexM3\ARM_GCC_493\Debug\freesoc.a(Front_Echo_Timer.o)
                0x000027cc                Front_Echo_Timer_WriteCounter
 .text.Front_Echo_Timer_ReadCounter
                0x000027d8       0x14 .\CortexM3\ARM_GCC_493\Debug\freesoc.a(Front_Echo_Timer.o)
                0x000027d8                Front_Echo_Timer_ReadCounter
 .text.Front_Echo_Timer_ClearFIFO
                0x000027ec       0x14 .\CortexM3\ARM_GCC_493\Debug\freesoc.a(Front_Echo_Timer.o)
                0x000027ec                Front_Echo_Timer_ClearFIFO
 .text.Front_Echo_Timer_Init
                0x00002800       0x34 .\CortexM3\ARM_GCC_493\Debug\freesoc.a(Front_Echo_Timer.o)
                0x00002800                Front_Echo_Timer_Init
 .text.Front_Echo_Timer_Start
                0x00002834       0x18 .\CortexM3\ARM_GCC_493\Debug\freesoc.a(Front_Echo_Timer.o)
                0x00002834                Front_Echo_Timer_Start
 .text.Rear_Trigger_Reg_Write
                0x0000284c        0xc .\CortexM3\ARM_GCC_493\Debug\freesoc.a(Rear_Trigger_Reg.o)
                0x0000284c                Rear_Trigger_Reg_Write
 .text.Rear_Trigger_Select_Reg_Write
                0x00002858        0xc .\CortexM3\ARM_GCC_493\Debug\freesoc.a(Rear_Trigger_Select_Reg.o)
                0x00002858                Rear_Trigger_Select_Reg_Write
 .text.Rear_Trigger_Select_Reg_Read
                0x00002864        0xc .\CortexM3\ARM_GCC_493\Debug\freesoc.a(Rear_Trigger_Select_Reg.o)
                0x00002864                Rear_Trigger_Select_Reg_Read
 .text.Rear_Echo_Intr_SetVector
                0x00002870        0xc .\CortexM3\ARM_GCC_493\Debug\freesoc.a(Rear_Echo_Intr.o)
                0x00002870                Rear_Echo_Intr_SetVector
 .text.Rear_Echo_Intr_SetPriority
                0x0000287c       0x10 .\CortexM3\ARM_GCC_493\Debug\freesoc.a(Rear_Echo_Intr.o)
                0x0000287c                Rear_Echo_Intr_SetPriority
 .text.Rear_Echo_Intr_Enable
                0x0000288c        0xc .\CortexM3\ARM_GCC_493\Debug\freesoc.a(Rear_Echo_Intr.o)
                0x0000288c                Rear_Echo_Intr_Enable
 .text.Rear_Echo_Intr_Disable
                0x00002898        0xc .\CortexM3\ARM_GCC_493\Debug\freesoc.a(Rear_Echo_Intr.o)
                0x00002898                Rear_Echo_Intr_Disable
 .text.Rear_Echo_Intr_StartEx
                0x000028a4       0x1c .\CortexM3\ARM_GCC_493\Debug\freesoc.a(Rear_Echo_Intr.o)
                0x000028a4                Rear_Echo_Intr_StartEx
 .text.Rear_Echo_Intr_ClearPending
                0x000028c0        0xc .\CortexM3\ARM_GCC_493\Debug\freesoc.a(Rear_Echo_Intr.o)
                0x000028c0                Rear_Echo_Intr_ClearPending
 .text.Rear_Echo_Timer_SetInterruptMode
                0x000028cc        0xc .\CortexM3\ARM_GCC_493\Debug\freesoc.a(Rear_Echo_Timer.o)
                0x000028cc                Rear_Echo_Timer_SetInterruptMode
 .text.Rear_Echo_Timer_ReadStatusRegister
                0x000028d8        0xc .\CortexM3\ARM_GCC_493\Debug\freesoc.a(Rear_Echo_Timer.o)
                0x000028d8                Rear_Echo_Timer_ReadStatusRegister
 .text.Rear_Echo_Timer_WritePeriod
                0x000028e4        0xc .\CortexM3\ARM_GCC_493\Debug\freesoc.a(Rear_Echo_Timer.o)
                0x000028e4                Rear_Echo_Timer_WritePeriod
 .text.Rear_Echo_Timer_ReadCapture
                0x000028f0        0xc .\CortexM3\ARM_GCC_493\Debug\freesoc.a(Rear_Echo_Timer.o)
                0x000028f0                Rear_Echo_Timer_ReadCapture
 .text.Rear_Echo_Timer_WriteCounter
                0x000028fc        0xc .\CortexM3\ARM_GCC_493\Debug\freesoc.a(Rear_Echo_Timer.o)
                0x000028fc                Rear_Echo_Timer_WriteCounter
 .text.Rear_Echo_Timer_ReadCounter
                0x00002908       0x14 .\CortexM3\ARM_GCC_493\Debug\freesoc.a(Rear_Echo_Timer.o)
                0x00002908                Rear_Echo_Timer_ReadCounter
 .text.Rear_Echo_Timer_ClearFIFO
                0x0000291c       0x14 .\CortexM3\ARM_GCC_493\Debug\freesoc.a(Rear_Echo_Timer.o)
                0x0000291c                Rear_Echo_Timer_ClearFIFO
 .text.Rear_Echo_Timer_Init
                0x00002930       0x34 .\CortexM3\ARM_GCC_493\Debug\freesoc.a(Rear_Echo_Timer.o)
                0x00002930                Rear_Echo_Timer_Init
 .text.Rear_Echo_Timer_Start
                0x00002964       0x18 .\CortexM3\ARM_GCC_493\Debug\freesoc.a(Rear_Echo_Timer.o)
                0x00002964                Rear_Echo_Timer_Start
 .text.Front_ADC_SAR_CalcGain
                0x0000297c       0x5c .\CortexM3\ARM_GCC_493\Debug\freesoc.a(Front_ADC_SAR.o)
 .text.Front_ADC_SAR_Enable
                0x000029d8       0x94 .\CortexM3\ARM_GCC_493\Debug\freesoc.a(Front_ADC_SAR.o)
                0x000029d8                Front_ADC_SAR_Enable
 .text.Front_ADC_SAR_SetResolution
                0x00002a6c       0x38 .\CortexM3\ARM_GCC_493\Debug\freesoc.a(Front_ADC_SAR.o)
                0x00002a6c                Front_ADC_SAR_SetResolution
 .text.Front_ADC_SAR_Init
                0x00002aa4       0x3c .\CortexM3\ARM_GCC_493\Debug\freesoc.a(Front_ADC_SAR.o)
                0x00002aa4                Front_ADC_SAR_Init
 .text.Front_ADC_SAR_Start
                0x00002ae0       0x1c .\CortexM3\ARM_GCC_493\Debug\freesoc.a(Front_ADC_SAR.o)
                0x00002ae0                Front_ADC_SAR_Start
 .text.Front_ADC_SAR_StartConvert
                0x00002afc       0x10 .\CortexM3\ARM_GCC_493\Debug\freesoc.a(Front_ADC_SAR.o)
                0x00002afc                Front_ADC_SAR_StartConvert
 .text.Front_ADC_SAR_GetResult16
                0x00002b0c       0x18 .\CortexM3\ARM_GCC_493\Debug\freesoc.a(Front_ADC_SAR.o)
                0x00002b0c                Front_ADC_SAR_GetResult16
 .text.Front_ADC_SAR_CountsTo_Volts
                0x00002b24       0x50 .\CortexM3\ARM_GCC_493\Debug\freesoc.a(Front_ADC_SAR.o)
                0x00002b24                Front_ADC_SAR_CountsTo_Volts
 .text.Front_ADC_SAR_ISR
                0x00002b74        0x4 .\CortexM3\ARM_GCC_493\Debug\freesoc.a(Front_ADC_SAR_INT.o)
                0x00002b74                Front_ADC_SAR_ISR
 .text.Front_AMuxSeq_Start
                0x00002b78       0x14 .\CortexM3\ARM_GCC_493\Debug\freesoc.a(Front_AMuxSeq.o)
                0x00002b78                Front_AMuxSeq_Start
 .text.Front_AMuxSeq_GetChannel
                0x00002b8c        0xc .\CortexM3\ARM_GCC_493\Debug\freesoc.a(Front_AMuxSeq.o)
                0x00002b8c                Front_AMuxSeq_GetChannel
 .text.Rear_ADC_SAR_CalcGain
                0x00002b98       0x5c .\CortexM3\ARM_GCC_493\Debug\freesoc.a(Rear_ADC_SAR.o)
 .text.Rear_ADC_SAR_Enable
                0x00002bf4       0x94 .\CortexM3\ARM_GCC_493\Debug\freesoc.a(Rear_ADC_SAR.o)
                0x00002bf4                Rear_ADC_SAR_Enable
 .text.Rear_ADC_SAR_SetResolution
                0x00002c88       0x38 .\CortexM3\ARM_GCC_493\Debug\freesoc.a(Rear_ADC_SAR.o)
                0x00002c88                Rear_ADC_SAR_SetResolution
 .text.Rear_ADC_SAR_Init
                0x00002cc0       0x3c .\CortexM3\ARM_GCC_493\Debug\freesoc.a(Rear_ADC_SAR.o)
                0x00002cc0                Rear_ADC_SAR_Init
 .text.Rear_ADC_SAR_Start
                0x00002cfc       0x1c .\CortexM3\ARM_GCC_493\Debug\freesoc.a(Rear_ADC_SAR.o)
                0x00002cfc                Rear_ADC_SAR_Start
 .text.Rear_ADC_SAR_StartConvert
                0x00002d18       0x10 .\CortexM3\ARM_GCC_493\Debug\freesoc.a(Rear_ADC_SAR.o)
                0x00002d18                Rear_ADC_SAR_StartConvert
 .text.Rear_ADC_SAR_GetResult16
                0x00002d28       0x18 .\CortexM3\ARM_GCC_493\Debug\freesoc.a(Rear_ADC_SAR.o)
                0x00002d28                Rear_ADC_SAR_GetResult16
 .text.Rear_ADC_SAR_CountsTo_Volts
                0x00002d40       0x50 .\CortexM3\ARM_GCC_493\Debug\freesoc.a(Rear_ADC_SAR.o)
                0x00002d40                Rear_ADC_SAR_CountsTo_Volts
 .text.Rear_ADC_SAR_ISR
                0x00002d90        0x4 .\CortexM3\ARM_GCC_493\Debug\freesoc.a(Rear_ADC_SAR_INT.o)
                0x00002d90                Rear_ADC_SAR_ISR
 .text.Rear_AMuxSeq_Start
                0x00002d94       0x14 .\CortexM3\ARM_GCC_493\Debug\freesoc.a(Rear_AMuxSeq.o)
                0x00002d94                Rear_AMuxSeq_Start
 .text.Rear_AMuxSeq_GetChannel
                0x00002da8        0xc .\CortexM3\ARM_GCC_493\Debug\freesoc.a(Rear_AMuxSeq.o)
                0x00002da8                Rear_AMuxSeq_GetChannel
 .text.Front_ADC_SAR_IRQ_SetVector
                0x00002db4        0xc .\CortexM3\ARM_GCC_493\Debug\freesoc.a(Front_ADC_SAR_IRQ.o)
                0x00002db4                Front_ADC_SAR_IRQ_SetVector
 .text.Front_ADC_SAR_IRQ_SetPriority
                0x00002dc0       0x10 .\CortexM3\ARM_GCC_493\Debug\freesoc.a(Front_ADC_SAR_IRQ.o)
                0x00002dc0                Front_ADC_SAR_IRQ_SetPriority
 .text.Front_ADC_SAR_IRQ_Enable
                0x00002dd0        0xc .\CortexM3\ARM_GCC_493\Debug\freesoc.a(Front_ADC_SAR_IRQ.o)
                0x00002dd0                Front_ADC_SAR_IRQ_Enable
 .text.Front_ADC_SAR_IRQ_Disable
                0x00002ddc        0xc .\CortexM3\ARM_GCC_493\Debug\freesoc.a(Front_ADC_SAR_IRQ.o)
                0x00002ddc                Front_ADC_SAR_IRQ_Disable
 .text.Front_ADC_SAR_IRQ_StartEx
                0x00002de8       0x1c .\CortexM3\ARM_GCC_493\Debug\freesoc.a(Front_ADC_SAR_IRQ.o)
                0x00002de8                Front_ADC_SAR_IRQ_StartEx
 .text.Front_ADC_SAR_IRQ_ClearPending
                0x00002e04        0xc .\CortexM3\ARM_GCC_493\Debug\freesoc.a(Front_ADC_SAR_IRQ.o)
                0x00002e04                Front_ADC_SAR_IRQ_ClearPending
 .text.Front_ADC_SAR_theACLK_SetModeRegister
                0x00002e10       0x14 .\CortexM3\ARM_GCC_493\Debug\freesoc.a(Front_ADC_SAR_theACLK.o)
                0x00002e10                Front_ADC_SAR_theACLK_SetModeRegister
 .text.Rear_ADC_SAR_IRQ_SetVector
                0x00002e24        0xc .\CortexM3\ARM_GCC_493\Debug\freesoc.a(Rear_ADC_SAR_IRQ.o)
                0x00002e24                Rear_ADC_SAR_IRQ_SetVector
 .text.Rear_ADC_SAR_IRQ_SetPriority
                0x00002e30       0x10 .\CortexM3\ARM_GCC_493\Debug\freesoc.a(Rear_ADC_SAR_IRQ.o)
                0x00002e30                Rear_ADC_SAR_IRQ_SetPriority
 .text.Rear_ADC_SAR_IRQ_Enable
                0x00002e40        0xc .\CortexM3\ARM_GCC_493\Debug\freesoc.a(Rear_ADC_SAR_IRQ.o)
                0x00002e40                Rear_ADC_SAR_IRQ_Enable
 .text.Rear_ADC_SAR_IRQ_Disable
                0x00002e4c        0xc .\CortexM3\ARM_GCC_493\Debug\freesoc.a(Rear_ADC_SAR_IRQ.o)
                0x00002e4c                Rear_ADC_SAR_IRQ_Disable
 .text.Rear_ADC_SAR_IRQ_StartEx
                0x00002e58       0x1c .\CortexM3\ARM_GCC_493\Debug\freesoc.a(Rear_ADC_SAR_IRQ.o)
                0x00002e58                Rear_ADC_SAR_IRQ_StartEx
 .text.Rear_ADC_SAR_IRQ_ClearPending
                0x00002e74        0xc .\CortexM3\ARM_GCC_493\Debug\freesoc.a(Rear_ADC_SAR_IRQ.o)
                0x00002e74                Rear_ADC_SAR_IRQ_ClearPending
 .text.Rear_ADC_SAR_theACLK_SetModeRegister
                0x00002e80       0x14 .\CortexM3\ARM_GCC_493\Debug\freesoc.a(Rear_ADC_SAR_theACLK.o)
                0x00002e80                Rear_ADC_SAR_theACLK_SetModeRegister
 .text.Rear_EOS_Intr_SetVector
                0x00002e94        0xc .\CortexM3\ARM_GCC_493\Debug\freesoc.a(Rear_EOS_Intr.o)
                0x00002e94                Rear_EOS_Intr_SetVector
 .text.Rear_EOS_Intr_SetPriority
                0x00002ea0       0x10 .\CortexM3\ARM_GCC_493\Debug\freesoc.a(Rear_EOS_Intr.o)
                0x00002ea0                Rear_EOS_Intr_SetPriority
 .text.Rear_EOS_Intr_Enable
                0x00002eb0        0xc .\CortexM3\ARM_GCC_493\Debug\freesoc.a(Rear_EOS_Intr.o)
                0x00002eb0                Rear_EOS_Intr_Enable
 .text.Rear_EOS_Intr_Disable
                0x00002ebc        0xc .\CortexM3\ARM_GCC_493\Debug\freesoc.a(Rear_EOS_Intr.o)
                0x00002ebc                Rear_EOS_Intr_Disable
 .text.Rear_EOS_Intr_StartEx
                0x00002ec8       0x1c .\CortexM3\ARM_GCC_493\Debug\freesoc.a(Rear_EOS_Intr.o)
                0x00002ec8                Rear_EOS_Intr_StartEx
 .text.Rear_EOS_Intr_ClearPending
                0x00002ee4        0xc .\CortexM3\ARM_GCC_493\Debug\freesoc.a(Rear_EOS_Intr.o)
                0x00002ee4                Rear_EOS_Intr_ClearPending
 .text.Front_EOS_Intr_SetVector
                0x00002ef0        0xc .\CortexM3\ARM_GCC_493\Debug\freesoc.a(Front_EOS_Intr.o)
                0x00002ef0                Front_EOS_Intr_SetVector
 .text.Front_EOS_Intr_SetPriority
                0x00002efc       0x10 .\CortexM3\ARM_GCC_493\Debug\freesoc.a(Front_EOS_Intr.o)
                0x00002efc                Front_EOS_Intr_SetPriority
 .text.Front_EOS_Intr_Enable
                0x00002f0c        0xc .\CortexM3\ARM_GCC_493\Debug\freesoc.a(Front_EOS_Intr.o)
                0x00002f0c                Front_EOS_Intr_Enable
 .text.Front_EOS_Intr_Disable
                0x00002f18        0xc .\CortexM3\ARM_GCC_493\Debug\freesoc.a(Front_EOS_Intr.o)
                0x00002f18                Front_EOS_Intr_Disable
 .text.Front_EOS_Intr_StartEx
                0x00002f24       0x1c .\CortexM3\ARM_GCC_493\Debug\freesoc.a(Front_EOS_Intr.o)
                0x00002f24                Front_EOS_Intr_StartEx
 .text.Front_EOS_Intr_ClearPending
                0x00002f40        0xc .\CortexM3\ARM_GCC_493\Debug\freesoc.a(Front_EOS_Intr.o)
                0x00002f40                Front_EOS_Intr_ClearPending
 .text.Mainloop_Pin_Write
                0x00002f4c       0x18 .\CortexM3\ARM_GCC_493\Debug\freesoc.a(Mainloop_Pin.o)
                0x00002f4c                Mainloop_Pin_Write
 .text.EEPROM_Enable
                0x00002f64        0xc .\CortexM3\ARM_GCC_493\Debug\freesoc.a(EEPROM.o)
                0x00002f64                EEPROM_Enable
 .text.EEPROM_Start
                0x00002f70        0x8 .\CortexM3\ARM_GCC_493\Debug\freesoc.a(EEPROM.o)
                0x00002f70                EEPROM_Start
 .text.EEPROM_WriteByte
                0x00002f78       0xd4 .\CortexM3\ARM_GCC_493\Debug\freesoc.a(EEPROM.o)
                0x00002f78                EEPROM_WriteByte
 .text.EEPROM_Write
                0x0000304c       0xb4 .\CortexM3\ARM_GCC_493\Debug\freesoc.a(EEPROM.o)
                0x0000304c                EEPROM_Write
 .text.Right_QuadDec_Init
                0x00003100       0x24 .\CortexM3\ARM_GCC_493\Debug\freesoc.a(Right_QuadDec.o)
                0x00003100                Right_QuadDec_Init
 .text.Right_QuadDec_GetCounter
                0x00003124       0x2c .\CortexM3\ARM_GCC_493\Debug\freesoc.a(Right_QuadDec.o)
                0x00003124                Right_QuadDec_GetCounter
 .text.Right_QuadDec_SetCounter
                0x00003150       0x28 .\CortexM3\ARM_GCC_493\Debug\freesoc.a(Right_QuadDec.o)
                0x00003150                Right_QuadDec_SetCounter
 .text.Right_QuadDec_GetEvents
                0x00003178       0x10 .\CortexM3\ARM_GCC_493\Debug\freesoc.a(Right_QuadDec.o)
                0x00003178                Right_QuadDec_GetEvents
 .text.Right_QuadDec_SetInterruptMask
                0x00003188       0x10 .\CortexM3\ARM_GCC_493\Debug\freesoc.a(Right_QuadDec.o)
                0x00003188                Right_QuadDec_SetInterruptMask
 .text.Right_QuadDec_Enable
                0x00003198       0x30 .\CortexM3\ARM_GCC_493\Debug\freesoc.a(Right_QuadDec.o)
                0x00003198                Right_QuadDec_Enable
 .text.Right_QuadDec_Start
                0x000031c8       0x34 .\CortexM3\ARM_GCC_493\Debug\freesoc.a(Right_QuadDec.o)
                0x000031c8                Right_QuadDec_Start
 .text.Right_QuadDec_ISR
                0x000031fc       0x40 .\CortexM3\ARM_GCC_493\Debug\freesoc.a(Right_QuadDec_INT.o)
                0x000031fc                Right_QuadDec_ISR
 .text.Right_QuadDec_Cnt16_Enable
                0x0000323c       0x10 .\CortexM3\ARM_GCC_493\Debug\freesoc.a(Right_QuadDec_Cnt16.o)
                0x0000323c                Right_QuadDec_Cnt16_Enable
 .text.Right_QuadDec_Cnt16_SetInterruptMode
                0x0000324c        0xc .\CortexM3\ARM_GCC_493\Debug\freesoc.a(Right_QuadDec_Cnt16.o)
                0x0000324c                Right_QuadDec_Cnt16_SetInterruptMode
 .text.Right_QuadDec_Cnt16_ReadStatusRegister
                0x00003258        0xc .\CortexM3\ARM_GCC_493\Debug\freesoc.a(Right_QuadDec_Cnt16.o)
                0x00003258                Right_QuadDec_Cnt16_ReadStatusRegister
 .text.Right_QuadDec_Cnt16_WriteCounter
                0x00003264        0xc .\CortexM3\ARM_GCC_493\Debug\freesoc.a(Right_QuadDec_Cnt16.o)
                0x00003264                Right_QuadDec_Cnt16_WriteCounter
 .text.Right_QuadDec_Cnt16_ReadCounter
                0x00003270       0x14 .\CortexM3\ARM_GCC_493\Debug\freesoc.a(Right_QuadDec_Cnt16.o)
                0x00003270                Right_QuadDec_Cnt16_ReadCounter
 .text.Right_QuadDec_Cnt16_ReadCapture
                0x00003284        0xc .\CortexM3\ARM_GCC_493\Debug\freesoc.a(Right_QuadDec_Cnt16.o)
                0x00003284                Right_QuadDec_Cnt16_ReadCapture
 .text.Right_QuadDec_Cnt16_WritePeriod
                0x00003290        0xc .\CortexM3\ARM_GCC_493\Debug\freesoc.a(Right_QuadDec_Cnt16.o)
                0x00003290                Right_QuadDec_Cnt16_WritePeriod
 .text.Right_QuadDec_Cnt16_WriteCompare
                0x0000329c        0xc .\CortexM3\ARM_GCC_493\Debug\freesoc.a(Right_QuadDec_Cnt16.o)
                0x0000329c                Right_QuadDec_Cnt16_WriteCompare
 .text.Right_QuadDec_Cnt16_ClearFIFO
                0x000032a8       0x14 .\CortexM3\ARM_GCC_493\Debug\freesoc.a(Right_QuadDec_Cnt16.o)
                0x000032a8                Right_QuadDec_Cnt16_ClearFIFO
 .text.Right_QuadDec_Cnt16_Init
                0x000032bc       0x58 .\CortexM3\ARM_GCC_493\Debug\freesoc.a(Right_QuadDec_Cnt16.o)
                0x000032bc                Right_QuadDec_Cnt16_Init
 .text.Right_QuadDec_Cnt16_Start
                0x00003314       0x1c .\CortexM3\ARM_GCC_493\Debug\freesoc.a(Right_QuadDec_Cnt16.o)
                0x00003314                Right_QuadDec_Cnt16_Start
 .text.Left_QuadDec_Init
                0x00003330       0x24 .\CortexM3\ARM_GCC_493\Debug\freesoc.a(Left_QuadDec.o)
                0x00003330                Left_QuadDec_Init
 .text.Left_QuadDec_GetCounter
                0x00003354       0x2c .\CortexM3\ARM_GCC_493\Debug\freesoc.a(Left_QuadDec.o)
                0x00003354                Left_QuadDec_GetCounter
 .text.Left_QuadDec_SetCounter
                0x00003380       0x28 .\CortexM3\ARM_GCC_493\Debug\freesoc.a(Left_QuadDec.o)
                0x00003380                Left_QuadDec_SetCounter
 .text.Left_QuadDec_GetEvents
                0x000033a8       0x10 .\CortexM3\ARM_GCC_493\Debug\freesoc.a(Left_QuadDec.o)
                0x000033a8                Left_QuadDec_GetEvents
 .text.Left_QuadDec_SetInterruptMask
                0x000033b8       0x10 .\CortexM3\ARM_GCC_493\Debug\freesoc.a(Left_QuadDec.o)
                0x000033b8                Left_QuadDec_SetInterruptMask
 .text.Left_QuadDec_Enable
                0x000033c8       0x30 .\CortexM3\ARM_GCC_493\Debug\freesoc.a(Left_QuadDec.o)
                0x000033c8                Left_QuadDec_Enable
 .text.Left_QuadDec_Start
                0x000033f8       0x34 .\CortexM3\ARM_GCC_493\Debug\freesoc.a(Left_QuadDec.o)
                0x000033f8                Left_QuadDec_Start
 .text.Left_QuadDec_ISR
                0x0000342c       0x40 .\CortexM3\ARM_GCC_493\Debug\freesoc.a(Left_QuadDec_INT.o)
                0x0000342c                Left_QuadDec_ISR
 .text.Left_QuadDec_Cnt16_Enable
                0x0000346c       0x10 .\CortexM3\ARM_GCC_493\Debug\freesoc.a(Left_QuadDec_Cnt16.o)
                0x0000346c                Left_QuadDec_Cnt16_Enable
 .text.Left_QuadDec_Cnt16_SetInterruptMode
                0x0000347c        0xc .\CortexM3\ARM_GCC_493\Debug\freesoc.a(Left_QuadDec_Cnt16.o)
                0x0000347c                Left_QuadDec_Cnt16_SetInterruptMode
 .text.Left_QuadDec_Cnt16_ReadStatusRegister
                0x00003488        0xc .\CortexM3\ARM_GCC_493\Debug\freesoc.a(Left_QuadDec_Cnt16.o)
                0x00003488                Left_QuadDec_Cnt16_ReadStatusRegister
 .text.Left_QuadDec_Cnt16_WriteCounter
                0x00003494        0xc .\CortexM3\ARM_GCC_493\Debug\freesoc.a(Left_QuadDec_Cnt16.o)
                0x00003494                Left_QuadDec_Cnt16_WriteCounter
 .text.Left_QuadDec_Cnt16_ReadCounter
                0x000034a0       0x14 .\CortexM3\ARM_GCC_493\Debug\freesoc.a(Left_QuadDec_Cnt16.o)
                0x000034a0                Left_QuadDec_Cnt16_ReadCounter
 .text.Left_QuadDec_Cnt16_ReadCapture
                0x000034b4        0xc .\CortexM3\ARM_GCC_493\Debug\freesoc.a(Left_QuadDec_Cnt16.o)
                0x000034b4                Left_QuadDec_Cnt16_ReadCapture
 .text.Left_QuadDec_Cnt16_WritePeriod
                0x000034c0        0xc .\CortexM3\ARM_GCC_493\Debug\freesoc.a(Left_QuadDec_Cnt16.o)
                0x000034c0                Left_QuadDec_Cnt16_WritePeriod
 .text.Left_QuadDec_Cnt16_WriteCompare
                0x000034cc        0xc .\CortexM3\ARM_GCC_493\Debug\freesoc.a(Left_QuadDec_Cnt16.o)
                0x000034cc                Left_QuadDec_Cnt16_WriteCompare
 .text.Left_QuadDec_Cnt16_ClearFIFO
                0x000034d8       0x14 .\CortexM3\ARM_GCC_493\Debug\freesoc.a(Left_QuadDec_Cnt16.o)
                0x000034d8                Left_QuadDec_Cnt16_ClearFIFO
 .text.Left_QuadDec_Cnt16_Init
                0x000034ec       0x58 .\CortexM3\ARM_GCC_493\Debug\freesoc.a(Left_QuadDec_Cnt16.o)
                0x000034ec                Left_QuadDec_Cnt16_Init
 .text.Left_QuadDec_Cnt16_Start
                0x00003544       0x1c .\CortexM3\ARM_GCC_493\Debug\freesoc.a(Left_QuadDec_Cnt16.o)
                0x00003544                Left_QuadDec_Cnt16_Start
 .text.USBUART_Init
                0x00003560      0x140 .\CortexM3\ARM_GCC_493\Debug\freesoc.a(USBUART.o)
                0x00003560                USBUART_Init
 .text.USBUART_InitComponent
                0x000036a0       0xd4 .\CortexM3\ARM_GCC_493\Debug\freesoc.a(USBUART.o)
                0x000036a0                USBUART_InitComponent
 .text.USBUART_Start
                0x00003774       0x24 .\CortexM3\ARM_GCC_493\Debug\freesoc.a(USBUART.o)
                0x00003774                USBUART_Start
 .text.USBUART_ReInitComponent
                0x00003798       0x64 .\CortexM3\ARM_GCC_493\Debug\freesoc.a(USBUART.o)
                0x00003798                USBUART_ReInitComponent
 .text.USBUART_GetConfiguration
                0x000037fc        0xc .\CortexM3\ARM_GCC_493\Debug\freesoc.a(USBUART.o)
                0x000037fc                USBUART_GetConfiguration
 .text.USBUART_IsConfigurationChanged
                0x00003808       0x20 .\CortexM3\ARM_GCC_493\Debug\freesoc.a(USBUART.o)
                0x00003808                USBUART_IsConfigurationChanged
 .text.USBUART_GetEPState
                0x00003828       0x14 .\CortexM3\ARM_GCC_493\Debug\freesoc.a(USBUART.o)
                0x00003828                USBUART_GetEPState
 .text.USBUART_LoadInEP
                0x0000383c       0x94 .\CortexM3\ARM_GCC_493\Debug\freesoc.a(USBUART.o)
                0x0000383c                USBUART_LoadInEP
 .text.USBUART_EnableOutEP
                0x000038d0       0x2c .\CortexM3\ARM_GCC_493\Debug\freesoc.a(USBUART.o)
                0x000038d0                USBUART_EnableOutEP
 .text.USBUART_StrLen
                0x000038fc       0x14 .\CortexM3\ARM_GCC_493\Debug\freesoc.a(USBUART_cdc.o)
 .text.USBUART_GetInterfaceComPort
                0x00003910       0x3c .\CortexM3\ARM_GCC_493\Debug\freesoc.a(USBUART_cdc.o)
                0x00003910                USBUART_GetInterfaceComPort
 .text.USBUART_DispatchCDCClassRqst
                0x0000394c       0x98 .\CortexM3\ARM_GCC_493\Debug\freesoc.a(USBUART_cdc.o)
                0x0000394c                USBUART_DispatchCDCClassRqst
 .text.USBUART_CDC_Init
                0x000039e4       0x98 .\CortexM3\ARM_GCC_493\Debug\freesoc.a(USBUART_cdc.o)
                0x000039e4                USBUART_CDC_Init
 .text.USBUART_PutString
                0x00003a7c       0x9c .\CortexM3\ARM_GCC_493\Debug\freesoc.a(USBUART_cdc.o)
                0x00003a7c                USBUART_PutString
 .text.USBUART_CDCIsReady
                0x00003b18       0x18 .\CortexM3\ARM_GCC_493\Debug\freesoc.a(USBUART_cdc.o)
                0x00003b18                USBUART_CDCIsReady
 .text.USBUART_Cdc_EpInit
                0x00003b30       0x50 .\CortexM3\ARM_GCC_493\Debug\freesoc.a(USBUART_cdc.o)
                0x00003b30                USBUART_Cdc_EpInit
 .text.USBUART_LoadEP0
                0x00003b80       0x94 .\CortexM3\ARM_GCC_493\Debug\freesoc.a(USBUART_drv.o)
                0x00003b80                USBUART_LoadEP0
 .text.USBUART_InitZeroLengthControlTransfer
                0x00003c14       0x34 .\CortexM3\ARM_GCC_493\Debug\freesoc.a(USBUART_drv.o)
                0x00003c14                USBUART_InitZeroLengthControlTransfer
 .text.USBUART_ControlReadDataStage
                0x00003c48        0x8 .\CortexM3\ARM_GCC_493\Debug\freesoc.a(USBUART_drv.o)
                0x00003c48                USBUART_ControlReadDataStage
 .text.USBUART_ControlWriteDataStage
                0x00003c50       0x80 .\CortexM3\ARM_GCC_493\Debug\freesoc.a(USBUART_drv.o)
                0x00003c50                USBUART_ControlWriteDataStage
 .text.USBUART_InitNoDataControlTransfer
                0x00003cd0       0x2c .\CortexM3\ARM_GCC_493\Debug\freesoc.a(USBUART_drv.o)
                0x00003cd0                USBUART_InitNoDataControlTransfer
 .text.USBUART_UpdateStatusBlock
                0x00003cfc       0x24 .\CortexM3\ARM_GCC_493\Debug\freesoc.a(USBUART_drv.o)
                0x00003cfc                USBUART_UpdateStatusBlock
 .text.USBUART_HandleSetup
                0x00003d20       0x5c .\CortexM3\ARM_GCC_493\Debug\freesoc.a(USBUART_drv.o)
                0x00003d20                USBUART_HandleSetup
 .text.USBUART_ControlReadStatusStage
                0x00003d7c       0x34 .\CortexM3\ARM_GCC_493\Debug\freesoc.a(USBUART_drv.o)
                0x00003d7c                USBUART_ControlReadStatusStage
 .text.USBUART_HandleOUT
                0x00003db0       0x38 .\CortexM3\ARM_GCC_493\Debug\freesoc.a(USBUART_drv.o)
                0x00003db0                USBUART_HandleOUT
 .text.USBUART_ControlWriteStatusStage
                0x00003de8       0x20 .\CortexM3\ARM_GCC_493\Debug\freesoc.a(USBUART_drv.o)
                0x00003de8                USBUART_ControlWriteStatusStage
 .text.USBUART_NoDataControlStatusStage
                0x00003e08       0x40 .\CortexM3\ARM_GCC_493\Debug\freesoc.a(USBUART_drv.o)
                0x00003e08                USBUART_NoDataControlStatusStage
 .text.USBUART_HandleIN
                0x00003e48       0x2c .\CortexM3\ARM_GCC_493\Debug\freesoc.a(USBUART_drv.o)
                0x00003e48                USBUART_HandleIN
 .text.USBUART_EP_0_ISR
                0x00003e74       0xb8 .\CortexM3\ARM_GCC_493\Debug\freesoc.a(USBUART_drv.o)
                0x00003e74                USBUART_EP_0_ISR
 .text.USBUART_InitializeStatusBlock
                0x00003f2c       0x24 .\CortexM3\ARM_GCC_493\Debug\freesoc.a(USBUART_drv.o)
                0x00003f2c                USBUART_InitializeStatusBlock
 .text.USBUART_InitControlRead
                0x00003f50       0x50 .\CortexM3\ARM_GCC_493\Debug\freesoc.a(USBUART_drv.o)
                0x00003f50                USBUART_InitControlRead
 .text.USBUART_InitControlWrite
                0x00003fa0       0x48 .\CortexM3\ARM_GCC_493\Debug\freesoc.a(USBUART_drv.o)
                0x00003fa0                USBUART_InitControlWrite
 .text.USBUART_EP_1_ISR
                0x00003fe8       0x38 .\CortexM3\ARM_GCC_493\Debug\freesoc.a(USBUART_episr.o)
                0x00003fe8                USBUART_EP_1_ISR
 .text.USBUART_EP_2_ISR
                0x00004020       0x3c .\CortexM3\ARM_GCC_493\Debug\freesoc.a(USBUART_episr.o)
                0x00004020                USBUART_EP_2_ISR
 .text.USBUART_EP_3_ISR
                0x0000405c       0x44 .\CortexM3\ARM_GCC_493\Debug\freesoc.a(USBUART_episr.o)
                0x0000405c                USBUART_EP_3_ISR
 .text.USBUART_SOF_ISR
                0x000040a0        0x4 .\CortexM3\ARM_GCC_493\Debug\freesoc.a(USBUART_episr.o)
                0x000040a0                USBUART_SOF_ISR
 .text.USBUART_BUS_RESET_ISR
                0x000040a4        0x8 .\CortexM3\ARM_GCC_493\Debug\freesoc.a(USBUART_episr.o)
                0x000040a4                USBUART_BUS_RESET_ISR
 .text.USBUART_FindHidClassDecriptor
                0x000040ac       0x40 .\CortexM3\ARM_GCC_493\Debug\freesoc.a(USBUART_hid.o)
                0x000040ac                USBUART_FindHidClassDecriptor
 .text.USBUART_FindReportDescriptor
                0x000040ec       0x48 .\CortexM3\ARM_GCC_493\Debug\freesoc.a(USBUART_hid.o)
                0x000040ec                USBUART_FindReportDescriptor
 .text.USBUART_FindReport
                0x00004134       0x7c .\CortexM3\ARM_GCC_493\Debug\freesoc.a(USBUART_hid.o)
                0x00004134                USBUART_FindReport
 .text.USBUART_DispatchHIDClassRqst
                0x000041b0      0x184 .\CortexM3\ARM_GCC_493\Debug\freesoc.a(USBUART_hid.o)
                0x000041b0                USBUART_DispatchHIDClassRqst
 .text.USBUART_DP_ISR
                0x00004334        0x8 .\CortexM3\ARM_GCC_493\Debug\freesoc.a(USBUART_pm.o)
                0x00004334                USBUART_DP_ISR
 .text.USBUART_ReadDieID
                0x0000433c       0x6c .\CortexM3\ARM_GCC_493\Debug\freesoc.a(USBUART_std.o)
                0x0000433c                USBUART_ReadDieID
 .text.USBUART_ConfigReg
                0x000043a8       0xa4 .\CortexM3\ARM_GCC_493\Debug\freesoc.a(USBUART_std.o)
                0x000043a8                USBUART_ConfigReg
 .text.USBUART_GetConfigTablePtr
                0x0000444c       0x28 .\CortexM3\ARM_GCC_493\Debug\freesoc.a(USBUART_std.o)
                0x0000444c                USBUART_GetConfigTablePtr
 .text.USBUART_ConfigAltChanged
                0x00004474      0x11c .\CortexM3\ARM_GCC_493\Debug\freesoc.a(USBUART_std.o)
                0x00004474                USBUART_ConfigAltChanged
 .text.USBUART_GetDeviceTablePtr
                0x00004590       0x18 .\CortexM3\ARM_GCC_493\Debug\freesoc.a(USBUART_std.o)
                0x00004590                USBUART_GetDeviceTablePtr
 .text.USBUART_GetInterfaceClassTablePtr
                0x000045a8       0x24 .\CortexM3\ARM_GCC_493\Debug\freesoc.a(USBUART_std.o)
                0x000045a8                USBUART_GetInterfaceClassTablePtr
 .text.USBUART_Config
                0x000045cc      0x1dc .\CortexM3\ARM_GCC_493\Debug\freesoc.a(USBUART_std.o)
                0x000045cc                USBUART_Config
 .text.USBUART_SetEndpointHalt
                0x000047a8       0x64 .\CortexM3\ARM_GCC_493\Debug\freesoc.a(USBUART_std.o)
                0x000047a8                USBUART_SetEndpointHalt
 .text.USBUART_ClearEndpointHalt
                0x0000480c       0xa8 .\CortexM3\ARM_GCC_493\Debug\freesoc.a(USBUART_std.o)
                0x0000480c                USBUART_ClearEndpointHalt
 .text.USBUART_ValidateAlternateSetting
                0x000048b4       0x4c .\CortexM3\ARM_GCC_493\Debug\freesoc.a(USBUART_std.o)
                0x000048b4                USBUART_ValidateAlternateSetting
 .text.USBUART_HandleStandardRqst
                0x00004900      0x35c .\CortexM3\ARM_GCC_493\Debug\freesoc.a(USBUART_std.o)
                0x00004900                USBUART_HandleStandardRqst
 .text.USBUART_HandleVendorRqst
                0x00004c5c       0x3c .\CortexM3\ARM_GCC_493\Debug\freesoc.a(USBUART_vnd.o)
                0x00004c5c                USBUART_HandleVendorRqst
 .text.USBUART_Dp_ClearInterrupt
                0x00004c98       0x10 .\CortexM3\ARM_GCC_493\Debug\freesoc.a(USBUART_Dp.o)
                0x00004c98                USBUART_Dp_ClearInterrupt
 .text.CyFlashGetSpcAlgorithm
                0x00004ca8       0x4c .\CortexM3\ARM_GCC_493\Debug\freesoc.a(CyFlash.o)
 .text.CySetTempInt
                0x00004cf4       0x60 .\CortexM3\ARM_GCC_493\Debug\freesoc.a(CyFlash.o)
 .text.CySetTemp
                0x00004d54       0x14 .\CortexM3\ARM_GCC_493\Debug\freesoc.a(CyFlash.o)
                0x00004d54                CySetTemp
 .text.CyEEPROM_Start
                0x00004d68       0x54 .\CortexM3\ARM_GCC_493\Debug\freesoc.a(CyFlash.o)
                0x00004d68                CyEEPROM_Start
 .text.CySpcStart
                0x00004dbc       0x24 .\CortexM3\ARM_GCC_493\Debug\freesoc.a(CySpc.o)
                0x00004dbc                CySpcStart
 .text.CySpcReadData
                0x00004de0       0x34 .\CortexM3\ARM_GCC_493\Debug\freesoc.a(CySpc.o)
                0x00004de0                CySpcReadData
 .text.CySpcLoadMultiByte
                0x00004e14       0x78 .\CortexM3\ARM_GCC_493\Debug\freesoc.a(CySpc.o)
                0x00004e14                CySpcLoadMultiByte
 .text.CySpcLoadRow
                0x00004e8c       0x54 .\CortexM3\ARM_GCC_493\Debug\freesoc.a(CySpc.o)
                0x00004e8c                CySpcLoadRow
 .text.CySpcWriteRow
                0x00004ee0       0x4c .\CortexM3\ARM_GCC_493\Debug\freesoc.a(CySpc.o)
                0x00004ee0                CySpcWriteRow
 .text.CySpcGetTemp
                0x00004f2c       0x3c .\CortexM3\ARM_GCC_493\Debug\freesoc.a(CySpc.o)
                0x00004f2c                CySpcGetTemp
 .text.CySpcLock
                0x00004f68       0x4c .\CortexM3\ARM_GCC_493\Debug\freesoc.a(CySpc.o)
                0x00004f68                CySpcLock
 .text.CySpcUnlock
                0x00004fb4       0x38 .\CortexM3\ARM_GCC_493\Debug\freesoc.a(CySpc.o)
                0x00004fb4                CySpcUnlock
 .text.CySpcGetAlgorithm
                0x00004fec       0x28 .\CortexM3\ARM_GCC_493\Debug\freesoc.a(CySpc.o)
                0x00004fec                CySpcGetAlgorithm
 .text.USBUART_DispatchClassRqst
                0x00005014       0x60 .\CortexM3\ARM_GCC_493\Debug\freesoc.a(USBUART_cls.o)
                0x00005014                USBUART_DispatchClassRqst
 .text.cos      0x00005074       0x90 c:/program files (x86)/cypress/psoc creator/3.3/psoc creator/import/gnu/arm/4.9.3/bin/../lib/gcc/arm-none-eabi/4.9.3/../../../../arm-none-eabi/lib/armv7-m\libm.a(lib_a-s_cos.o)
                0x00005074                cos
 .text.sin      0x00005104       0x94 c:/program files (x86)/cypress/psoc creator/3.3/psoc creator/import/gnu/arm/4.9.3/bin/../lib/gcc/arm-none-eabi/4.9.3/../../../../arm-none-eabi/lib/armv7-m\libm.a(lib_a-s_sin.o)
                0x00005104                sin
 .text.pow      0x00005198      0x2f0 c:/program files (x86)/cypress/psoc creator/3.3/psoc creator/import/gnu/arm/4.9.3/bin/../lib/gcc/arm-none-eabi/4.9.3/../../../../arm-none-eabi/lib/armv7-m\libm.a(lib_a-w_pow.o)
                0x00005198                pow
 .text.__ieee754_pow
                0x00005488      0xaa0 c:/program files (x86)/cypress/psoc creator/3.3/psoc creator/import/gnu/arm/4.9.3/bin/../lib/gcc/arm-none-eabi/4.9.3/../../../../arm-none-eabi/lib/armv7-m\libm.a(lib_a-e_pow.o)
                0x00005488                __ieee754_pow
 .text.__ieee754_rem_pio2
                0x00005f28      0x428 c:/program files (x86)/cypress/psoc creator/3.3/psoc creator/import/gnu/arm/4.9.3/bin/../lib/gcc/arm-none-eabi/4.9.3/../../../../arm-none-eabi/lib/armv7-m\libm.a(lib_a-e_rem_pio2.o)
                0x00005f28                __ieee754_rem_pio2
 .text.__ieee754_sqrt
                0x00006350      0x18c c:/program files (x86)/cypress/psoc creator/3.3/psoc creator/import/gnu/arm/4.9.3/bin/../lib/gcc/arm-none-eabi/4.9.3/../../../../arm-none-eabi/lib/armv7-m\libm.a(lib_a-e_sqrt.o)
                0x00006350                __ieee754_sqrt
 *fill*         0x000064dc        0x4 
 .text.__kernel_cos
                0x000064e0      0x248 c:/program files (x86)/cypress/psoc creator/3.3/psoc creator/import/gnu/arm/4.9.3/bin/../lib/gcc/arm-none-eabi/4.9.3/../../../../arm-none-eabi/lib/armv7-m\libm.a(lib_a-k_cos.o)
                0x000064e0                __kernel_cos
 .text.__kernel_rem_pio2
                0x00006728      0x808 c:/program files (x86)/cypress/psoc creator/3.3/psoc creator/import/gnu/arm/4.9.3/bin/../lib/gcc/arm-none-eabi/4.9.3/../../../../arm-none-eabi/lib/armv7-m\libm.a(lib_a-k_rem_pio2.o)
                0x00006728                __kernel_rem_pio2
 .text.__kernel_sin
                0x00006f30      0x170 c:/program files (x86)/cypress/psoc creator/3.3/psoc creator/import/gnu/arm/4.9.3/bin/../lib/gcc/arm-none-eabi/4.9.3/../../../../arm-none-eabi/lib/armv7-m\libm.a(lib_a-k_sin.o)
                0x00006f30                __kernel_sin
 .text.fabs     0x000070a0        0x8 c:/program files (x86)/cypress/psoc creator/3.3/psoc creator/import/gnu/arm/4.9.3/bin/../lib/gcc/arm-none-eabi/4.9.3/../../../../arm-none-eabi/lib/armv7-m\libm.a(lib_a-s_fabs.o)
                0x000070a0                fabs
 .text.finite   0x000070a8        0xc c:/program files (x86)/cypress/psoc creator/3.3/psoc creator/import/gnu/arm/4.9.3/bin/../lib/gcc/arm-none-eabi/4.9.3/../../../../arm-none-eabi/lib/armv7-m\libm.a(lib_a-s_finite.o)
                0x000070a8                finite
 *fill*         0x000070b4        0x4 
 .text.floor    0x000070b8      0x118 c:/program files (x86)/cypress/psoc creator/3.3/psoc creator/import/gnu/arm/4.9.3/bin/../lib/gcc/arm-none-eabi/4.9.3/../../../../arm-none-eabi/lib/armv7-m\libm.a(lib_a-s_floor.o)
                0x000070b8                floor
 .text.__fpclassifyd
                0x000071d0       0x58 c:/program files (x86)/cypress/psoc creator/3.3/psoc creator/import/gnu/arm/4.9.3/bin/../lib/gcc/arm-none-eabi/4.9.3/../../../../arm-none-eabi/lib/armv7-m\libm.a(lib_a-s_fpclassify.o)
                0x000071d0                __fpclassifyd
 .text.matherr  0x00007228        0x4 c:/program files (x86)/cypress/psoc creator/3.3/psoc creator/import/gnu/arm/4.9.3/bin/../lib/gcc/arm-none-eabi/4.9.3/../../../../arm-none-eabi/lib/armv7-m\libm.a(lib_a-s_matherr.o)
                0x00007228                matherr
 .text.nan      0x0000722c        0xc c:/program files (x86)/cypress/psoc creator/3.3/psoc creator/import/gnu/arm/4.9.3/bin/../lib/gcc/arm-none-eabi/4.9.3/../../../../arm-none-eabi/lib/armv7-m\libm.a(lib_a-s_nan.o)
                0x0000722c                nan
 .text.rint     0x00007238      0x11c c:/program files (x86)/cypress/psoc creator/3.3/psoc creator/import/gnu/arm/4.9.3/bin/../lib/gcc/arm-none-eabi/4.9.3/../../../../arm-none-eabi/lib/armv7-m\libm.a(lib_a-s_rint.o)
                0x00007238                rint
 *fill*         0x00007354        0x4 
 .text.scalbn   0x00007358       0xf0 c:/program files (x86)/cypress/psoc creator/3.3/psoc creator/import/gnu/arm/4.9.3/bin/../lib/gcc/arm-none-eabi/4.9.3/../../../../arm-none-eabi/lib/armv7-m\libm.a(lib_a-s_scalbn.o)
                0x00007358                scalbn
 .text.copysign
                0x00007448       0x10 c:/program files (x86)/cypress/psoc creator/3.3/psoc creator/import/gnu/arm/4.9.3/bin/../lib/gcc/arm-none-eabi/4.9.3/../../../../arm-none-eabi/lib/armv7-m\libm.a(lib_a-s_copysign.o)
                0x00007448                copysign
 .text          0x00007458      0x370 c:/program files (x86)/cypress/psoc creator/3.3/psoc creator/import/gnu/arm/4.9.3/bin/../lib/gcc/arm-none-eabi/4.9.3/armv7-m\libgcc.a(_arm_addsubdf3.o)
                0x00007458                __aeabi_drsub
                0x00007460                __aeabi_dsub
                0x00007460                __subdf3
                0x00007464                __aeabi_dadd
                0x00007464                __adddf3
                0x000076dc                __floatunsidf
                0x000076dc                __aeabi_ui2d
                0x000076fc                __floatsidf
                0x000076fc                __aeabi_i2d
                0x00007720                __aeabi_f2d
                0x00007720                __extendsfdf2
                0x0000775c                __floatundidf
                0x0000775c                __aeabi_ul2d
                0x0000776c                __floatdidf
                0x0000776c                __aeabi_l2d
 .text          0x000077c8      0x424 c:/program files (x86)/cypress/psoc creator/3.3/psoc creator/import/gnu/arm/4.9.3/bin/../lib/gcc/arm-none-eabi/4.9.3/armv7-m\libgcc.a(_arm_muldivdf3.o)
                0x000077c8                __aeabi_dmul
                0x000077c8                __muldf3
                0x00007a1c                __divdf3
                0x00007a1c                __aeabi_ddiv
 .text          0x00007bec      0x110 c:/program files (x86)/cypress/psoc creator/3.3/psoc creator/import/gnu/arm/4.9.3/bin/../lib/gcc/arm-none-eabi/4.9.3/armv7-m\libgcc.a(_arm_cmpdf2.o)
                0x00007bec                __gtdf2
                0x00007bec                __gedf2
                0x00007bf4                __ltdf2
                0x00007bf4                __ledf2
                0x00007bfc                __nedf2
                0x00007bfc                __eqdf2
                0x00007bfc                __cmpdf2
                0x00007c78                __aeabi_cdrcmple
                0x00007c88                __aeabi_cdcmpeq
                0x00007c88                __aeabi_cdcmple
                0x00007c98                __aeabi_dcmpeq
                0x00007cac                __aeabi_dcmplt
                0x00007cc0                __aeabi_dcmple
                0x00007cd4                __aeabi_dcmpge
                0x00007ce8                __aeabi_dcmpgt
 .text          0x00007cfc       0x50 c:/program files (x86)/cypress/psoc creator/3.3/psoc creator/import/gnu/arm/4.9.3/bin/../lib/gcc/arm-none-eabi/4.9.3/armv7-m\libgcc.a(_arm_fixdfsi.o)
                0x00007cfc                __aeabi_d2iz
                0x00007cfc                __fixdfsi
 .text          0x00007d4c       0x40 c:/program files (x86)/cypress/psoc creator/3.3/psoc creator/import/gnu/arm/4.9.3/bin/../lib/gcc/arm-none-eabi/4.9.3/armv7-m\libgcc.a(_arm_fixunsdfsi.o)
                0x00007d4c                __aeabi_d2uiz
                0x00007d4c                __fixunsdfsi
 .text          0x00007d8c       0xa0 c:/program files (x86)/cypress/psoc creator/3.3/psoc creator/import/gnu/arm/4.9.3/bin/../lib/gcc/arm-none-eabi/4.9.3/armv7-m\libgcc.a(_arm_truncdfsf2.o)
                0x00007d8c                __truncdfsf2
                0x00007d8c                __aeabi_d2f
 .text          0x00007e2c      0x21c c:/program files (x86)/cypress/psoc creator/3.3/psoc creator/import/gnu/arm/4.9.3/bin/../lib/gcc/arm-none-eabi/4.9.3/armv7-m\libgcc.a(_arm_addsubsf3.o)
                0x00007e2c                __aeabi_frsub
                0x00007e34                __subsf3
                0x00007e34                __aeabi_fsub
                0x00007e38                __aeabi_fadd
                0x00007e38                __addsf3
                0x00007f98                __aeabi_ui2f
                0x00007f98                __floatunsisf
                0x00007fa0                __aeabi_i2f
                0x00007fa0                __floatsisf
                0x00007fbc                __aeabi_ul2f
                0x00007fbc                __floatundisf
                0x00007fcc                __aeabi_l2f
                0x00007fcc                __floatdisf
 .text          0x00008048      0x2a0 c:/program files (x86)/cypress/psoc creator/3.3/psoc creator/import/gnu/arm/4.9.3/bin/../lib/gcc/arm-none-eabi/4.9.3/armv7-m\libgcc.a(_arm_muldivsf3.o)
                0x00008048                __mulsf3
                0x00008048                __aeabi_fmul
                0x000081b0                __aeabi_fdiv
                0x000081b0                __divsf3
 .text          0x000082e8       0xec c:/program files (x86)/cypress/psoc creator/3.3/psoc creator/import/gnu/arm/4.9.3/bin/../lib/gcc/arm-none-eabi/4.9.3/armv7-m\libgcc.a(_arm_cmpsf2.o)
                0x000082e8                __gesf2
                0x000082e8                __gtsf2
                0x000082f0                __lesf2
                0x000082f0                __ltsf2
                0x000082f8                __nesf2
                0x000082f8                __eqsf2
                0x000082f8                __cmpsf2
                0x00008358                __aeabi_cfrcmple
                0x00008360                __aeabi_cfcmpeq
                0x00008360                __aeabi_cfcmple
                0x00008370                __aeabi_fcmpeq
                0x00008384                __aeabi_fcmplt
                0x00008398                __aeabi_fcmple
                0x000083ac                __aeabi_fcmpge
                0x000083c0                __aeabi_fcmpgt
 .text          0x000083d4       0x4c c:/program files (x86)/cypress/psoc creator/3.3/psoc creator/import/gnu/arm/4.9.3/bin/../lib/gcc/arm-none-eabi/4.9.3/armv7-m\libgcc.a(_arm_fixsfsi.o)
                0x000083d4                __aeabi_f2iz
                0x000083d4                __fixsfsi
 .text.__errno  0x00008420        0xc c:/program files (x86)/cypress/psoc creator/3.3/psoc creator/import/gnu/arm/4.9.3/bin/../lib/gcc/arm-none-eabi/4.9.3/../../../../arm-none-eabi/lib/armv7-m\libg_nano.a(lib_a-errno.o)
                0x00008420                __errno
 .text.__libc_init_array
                0x0000842c       0x4c c:/program files (x86)/cypress/psoc creator/3.3/psoc creator/import/gnu/arm/4.9.3/bin/../lib/gcc/arm-none-eabi/4.9.3/../../../../arm-none-eabi/lib/armv7-m\libg_nano.a(lib_a-init.o)
                0x0000842c                __libc_init_array
 .text.__itoa   0x00008478       0x2e c:/program files (x86)/cypress/psoc creator/3.3/psoc creator/import/gnu/arm/4.9.3/bin/../lib/gcc/arm-none-eabi/4.9.3/../../../../arm-none-eabi/lib/armv7-m\libg_nano.a(lib_a-itoa.o)
                0x00008478                __itoa
 .text.itoa     0x000084a6        0x4 c:/program files (x86)/cypress/psoc creator/3.3/psoc creator/import/gnu/arm/4.9.3/bin/../lib/gcc/arm-none-eabi/4.9.3/../../../../arm-none-eabi/lib/armv7-m\libg_nano.a(lib_a-itoa.o)
                0x000084a6                itoa
 .text.memcpy   0x000084aa       0x16 c:/program files (x86)/cypress/psoc creator/3.3/psoc creator/import/gnu/arm/4.9.3/bin/../lib/gcc/arm-none-eabi/4.9.3/../../../../arm-none-eabi/lib/armv7-m\libg_nano.a(lib_a-memcpy.o)
                0x000084aa                memcpy
 .text.memset   0x000084c0       0x10 c:/program files (x86)/cypress/psoc creator/3.3/psoc creator/import/gnu/arm/4.9.3/bin/../lib/gcc/arm-none-eabi/4.9.3/../../../../arm-none-eabi/lib/armv7-m\libg_nano.a(lib_a-memset.o)
                0x000084c0                memset
 .text.__cvt    0x000084d0       0xbc c:/program files (x86)/cypress/psoc creator/3.3/psoc creator/import/gnu/arm/4.9.3/bin/../lib/gcc/arm-none-eabi/4.9.3/../../../../arm-none-eabi/lib/armv7-m\libg_nano.a(lib_a-nano-vfprintf_float.o)
                0x000084d0                __cvt
 .text.__exponent
                0x0000858c       0x62 c:/program files (x86)/cypress/psoc creator/3.3/psoc creator/import/gnu/arm/4.9.3/bin/../lib/gcc/arm-none-eabi/4.9.3/../../../../arm-none-eabi/lib/armv7-m\libg_nano.a(lib_a-nano-vfprintf_float.o)
                0x0000858c                __exponent
 *fill*         0x000085ee        0x2 
 .text._printf_float
                0x000085f0      0x48c c:/program files (x86)/cypress/psoc creator/3.3/psoc creator/import/gnu/arm/4.9.3/bin/../lib/gcc/arm-none-eabi/4.9.3/../../../../arm-none-eabi/lib/armv7-m\libg_nano.a(lib_a-nano-vfprintf_float.o)
                0x000085f0                _printf_float
 .text._printf_common
                0x00008a7c       0xea c:/program files (x86)/cypress/psoc creator/3.3/psoc creator/import/gnu/arm/4.9.3/bin/../lib/gcc/arm-none-eabi/4.9.3/../../../../arm-none-eabi/lib/armv7-m\libg_nano.a(lib_a-nano-vfprintf_i.o)
                0x00008a7c                _printf_common
 *fill*         0x00008b66        0x2 
 .text._printf_i
                0x00008b68      0x240 c:/program files (x86)/cypress/psoc creator/3.3/psoc creator/import/gnu/arm/4.9.3/bin/../lib/gcc/arm-none-eabi/4.9.3/../../../../arm-none-eabi/lib/armv7-m\libg_nano.a(lib_a-nano-vfprintf_i.o)
                0x00008b68                _printf_i
 .text.snprintf
                0x00008da8       0x64 c:/program files (x86)/cypress/psoc creator/3.3/psoc creator/import/gnu/arm/4.9.3/bin/../lib/gcc/arm-none-eabi/4.9.3/../../../../arm-none-eabi/lib/armv7-m\libg_nano.a(lib_a-snprintf.o)
                0x00008da8                sniprintf
                0x00008da8                snprintf
 .text.sprintf  0x00008e0c       0x48 c:/program files (x86)/cypress/psoc creator/3.3/psoc creator/import/gnu/arm/4.9.3/bin/../lib/gcc/arm-none-eabi/4.9.3/../../../../arm-none-eabi/lib/armv7-m\libg_nano.a(lib_a-sprintf.o)
                0x00008e0c                siprintf
                0x00008e0c                sprintf
 .text.strlen   0x00008e54       0x10 c:/program files (x86)/cypress/psoc creator/3.3/psoc creator/import/gnu/arm/4.9.3/bin/../lib/gcc/arm-none-eabi/4.9.3/../../../../arm-none-eabi/lib/armv7-m\libg_nano.a(lib_a-strlen.o)
                0x00008e54                strlen
 .text.__utoa   0x00008e64       0x78 c:/program files (x86)/cypress/psoc creator/3.3/psoc creator/import/gnu/arm/4.9.3/bin/../lib/gcc/arm-none-eabi/4.9.3/../../../../arm-none-eabi/lib/armv7-m\libg_nano.a(lib_a-utoa.o)
                0x00008e64                __utoa
 .text.quorem   0x00008edc      0x114 c:/program files (x86)/cypress/psoc creator/3.3/psoc creator/import/gnu/arm/4.9.3/bin/../lib/gcc/arm-none-eabi/4.9.3/../../../../arm-none-eabi/lib/armv7-m\libg_nano.a(lib_a-dtoa.o)
 .text._dtoa_r  0x00008ff0      0xb78 c:/program files (x86)/cypress/psoc creator/3.3/psoc creator/import/gnu/arm/4.9.3/bin/../lib/gcc/arm-none-eabi/4.9.3/../../../../arm-none-eabi/lib/armv7-m\libg_nano.a(lib_a-dtoa.o)
                0x00008ff0                _dtoa_r
 .text._localeconv_r
                0x00009b68        0x8 c:/program files (x86)/cypress/psoc creator/3.3/psoc creator/import/gnu/arm/4.9.3/bin/../lib/gcc/arm-none-eabi/4.9.3/../../../../arm-none-eabi/lib/armv7-m\libg_nano.a(lib_a-locale.o)
                0x00009b68                _localeconv_r
 .text.malloc   0x00009b70       0x10 c:/program files (x86)/cypress/psoc creator/3.3/psoc creator/import/gnu/arm/4.9.3/bin/../lib/gcc/arm-none-eabi/4.9.3/../../../../arm-none-eabi/lib/armv7-m\libg_nano.a(lib_a-malloc.o)
                0x00009b70                malloc
 .text.memchr   0x00009b80       0x1c c:/program files (x86)/cypress/psoc creator/3.3/psoc creator/import/gnu/arm/4.9.3/bin/../lib/gcc/arm-none-eabi/4.9.3/../../../../arm-none-eabi/lib/armv7-m\libg_nano.a(lib_a-memchr.o)
                0x00009b80                memchr
 .text._Balloc  0x00009b9c       0x6a c:/program files (x86)/cypress/psoc creator/3.3/psoc creator/import/gnu/arm/4.9.3/bin/../lib/gcc/arm-none-eabi/4.9.3/../../../../arm-none-eabi/lib/armv7-m\libg_nano.a(lib_a-mprec.o)
                0x00009b9c                _Balloc
 .text._Bfree   0x00009c06       0x2e c:/program files (x86)/cypress/psoc creator/3.3/psoc creator/import/gnu/arm/4.9.3/bin/../lib/gcc/arm-none-eabi/4.9.3/../../../../arm-none-eabi/lib/armv7-m\libg_nano.a(lib_a-mprec.o)
                0x00009c06                _Bfree
 .text.__multadd
                0x00009c34       0x7c c:/program files (x86)/cypress/psoc creator/3.3/psoc creator/import/gnu/arm/4.9.3/bin/../lib/gcc/arm-none-eabi/4.9.3/../../../../arm-none-eabi/lib/armv7-m\libg_nano.a(lib_a-mprec.o)
                0x00009c34                __multadd
 .text.__hi0bits
                0x00009cb0       0x40 c:/program files (x86)/cypress/psoc creator/3.3/psoc creator/import/gnu/arm/4.9.3/bin/../lib/gcc/arm-none-eabi/4.9.3/../../../../arm-none-eabi/lib/armv7-m\libg_nano.a(lib_a-mprec.o)
                0x00009cb0                __hi0bits
 .text.__lo0bits
                0x00009cf0       0x5a c:/program files (x86)/cypress/psoc creator/3.3/psoc creator/import/gnu/arm/4.9.3/bin/../lib/gcc/arm-none-eabi/4.9.3/../../../../arm-none-eabi/lib/armv7-m\libg_nano.a(lib_a-mprec.o)
                0x00009cf0                __lo0bits
 .text.__i2b    0x00009d4a       0x12 c:/program files (x86)/cypress/psoc creator/3.3/psoc creator/import/gnu/arm/4.9.3/bin/../lib/gcc/arm-none-eabi/4.9.3/../../../../arm-none-eabi/lib/armv7-m\libg_nano.a(lib_a-mprec.o)
                0x00009d4a                __i2b
 .text.__multiply
                0x00009d5c      0x120 c:/program files (x86)/cypress/psoc creator/3.3/psoc creator/import/gnu/arm/4.9.3/bin/../lib/gcc/arm-none-eabi/4.9.3/../../../../arm-none-eabi/lib/armv7-m\libg_nano.a(lib_a-mprec.o)
                0x00009d5c                __multiply
 .text.__pow5mult
                0x00009e7c       0x9c c:/program files (x86)/cypress/psoc creator/3.3/psoc creator/import/gnu/arm/4.9.3/bin/../lib/gcc/arm-none-eabi/4.9.3/../../../../arm-none-eabi/lib/armv7-m\libg_nano.a(lib_a-mprec.o)
                0x00009e7c                __pow5mult
 .text.__lshift
                0x00009f18       0xa6 c:/program files (x86)/cypress/psoc creator/3.3/psoc creator/import/gnu/arm/4.9.3/bin/../lib/gcc/arm-none-eabi/4.9.3/../../../../arm-none-eabi/lib/armv7-m\libg_nano.a(lib_a-mprec.o)
                0x00009f18                __lshift
 .text.__mcmp   0x00009fbe       0x38 c:/program files (x86)/cypress/psoc creator/3.3/psoc creator/import/gnu/arm/4.9.3/bin/../lib/gcc/arm-none-eabi/4.9.3/../../../../arm-none-eabi/lib/armv7-m\libg_nano.a(lib_a-mprec.o)
                0x00009fbe                __mcmp
 .text.__mdiff  0x00009ff6       0xbe c:/program files (x86)/cypress/psoc creator/3.3/psoc creator/import/gnu/arm/4.9.3/bin/../lib/gcc/arm-none-eabi/4.9.3/../../../../arm-none-eabi/lib/armv7-m\libg_nano.a(lib_a-mprec.o)
                0x00009ff6                __mdiff
 .text.__d2b    0x0000a0b4       0xa4 c:/program files (x86)/cypress/psoc creator/3.3/psoc creator/import/gnu/arm/4.9.3/bin/../lib/gcc/arm-none-eabi/4.9.3/../../../../arm-none-eabi/lib/armv7-m\libg_nano.a(lib_a-mprec.o)
                0x0000a0b4                __d2b
 .text._calloc_r
                0x0000a158       0x1c c:/program files (x86)/cypress/psoc creator/3.3/psoc creator/import/gnu/arm/4.9.3/bin/../lib/gcc/arm-none-eabi/4.9.3/../../../../arm-none-eabi/lib/armv7-m\libg_nano.a(lib_a-nano-callocr.o)
                0x0000a158                _calloc_r
 .text._free_r  0x0000a174       0x88 c:/program files (x86)/cypress/psoc creator/3.3/psoc creator/import/gnu/arm/4.9.3/bin/../lib/gcc/arm-none-eabi/4.9.3/../../../../arm-none-eabi/lib/armv7-m\libg_nano.a(lib_a-nano-freer.o)
                0x0000a174                _free_r
 .text._malloc_r
                0x0000a1fc       0xac c:/program files (x86)/cypress/psoc creator/3.3/psoc creator/import/gnu/arm/4.9.3/bin/../lib/gcc/arm-none-eabi/4.9.3/../../../../arm-none-eabi/lib/armv7-m\libg_nano.a(lib_a-nano-mallocr.o)
                0x0000a1fc                _malloc_r
 .text.__ssputs_r
                0x0000a2a8       0xb2 c:/program files (x86)/cypress/psoc creator/3.3/psoc creator/import/gnu/arm/4.9.3/bin/../lib/gcc/arm-none-eabi/4.9.3/../../../../arm-none-eabi/lib/armv7-m\libg_nano.a(lib_a-nano-svfprintf.o)
                0x0000a2a8                __ssputs_r
 *fill*         0x0000a35a        0x2 
 .text._svfprintf_r
                0x0000a35c      0x1e4 c:/program files (x86)/cypress/psoc creator/3.3/psoc creator/import/gnu/arm/4.9.3/bin/../lib/gcc/arm-none-eabi/4.9.3/../../../../arm-none-eabi/lib/armv7-m\libg_nano.a(lib_a-nano-svfprintf.o)
                0x0000a35c                _svfiprintf_r
                0x0000a35c                _svfprintf_r
 .text._sbrk_r  0x0000a540       0x20 c:/program files (x86)/cypress/psoc creator/3.3/psoc creator/import/gnu/arm/4.9.3/bin/../lib/gcc/arm-none-eabi/4.9.3/../../../../arm-none-eabi/lib/armv7-m\libg_nano.a(lib_a-sbrkr.o)
                0x0000a540                _sbrk_r
 .text.memmove  0x0000a560       0x36 c:/program files (x86)/cypress/psoc creator/3.3/psoc creator/import/gnu/arm/4.9.3/bin/../lib/gcc/arm-none-eabi/4.9.3/../../../../arm-none-eabi/lib/armv7-m\libg_nano.a(lib_a-memmove.o)
                0x0000a560                memmove
 .text._realloc_r
                0x0000a596       0x4c c:/program files (x86)/cypress/psoc creator/3.3/psoc creator/import/gnu/arm/4.9.3/bin/../lib/gcc/arm-none-eabi/4.9.3/../../../../arm-none-eabi/lib/armv7-m\libg_nano.a(lib_a-nano-reallocr.o)
                0x0000a596                _realloc_r
 .text._malloc_usable_size_r
                0x0000a5e2       0x14 c:/program files (x86)/cypress/psoc creator/3.3/psoc creator/import/gnu/arm/4.9.3/bin/../lib/gcc/arm-none-eabi/4.9.3/../../../../arm-none-eabi/lib/armv7-m\libg_nano.a(lib_a-nano-msizer.o)
                0x0000a5e2                _malloc_usable_size_r
 *(.plt)
 *(.gnu.warning)
 *(.glue_7t)
 .glue_7t       0x00000000        0x0 linker stubs
 *(.glue_7)
 .glue_7        0x00000000        0x0 linker stubs
 *(.vfp11_veneer)
 .vfp11_veneer  0x00000000        0x0 linker stubs
 *(.bootloader)
 *(.ARM.extab* .gnu.linkonce.armextab.*)
 *(.gcc_except_table)

.v4_bx          0x0000a5f8        0x0
 .v4_bx         0x00000000        0x0 linker stubs

.iplt           0x0000a5f8        0x0
 .iplt          0x00000000        0x0 c:/program files (x86)/cypress/psoc creator/3.3/psoc creator/import/gnu/arm/4.9.3/bin/../lib/gcc/arm-none-eabi/4.9.3/armv7-m/crtbegin.o

.eh_frame_hdr
 *(.eh_frame_hdr)

.eh_frame       0x0000a5f8        0x4
 *(.eh_frame)
 .eh_frame      0x0000a5f8        0x0 c:/program files (x86)/cypress/psoc creator/3.3/psoc creator/import/gnu/arm/4.9.3/bin/../lib/gcc/arm-none-eabi/4.9.3/armv7-m/crtbegin.o
 .eh_frame      0x0000a5f8        0x0 c:/program files (x86)/cypress/psoc creator/3.3/psoc creator/import/gnu/arm/4.9.3/bin/../lib/gcc/arm-none-eabi/4.9.3/../../../../arm-none-eabi/lib/armv7-m\libg_nano.a(lib_a-strcmp.o)
                                 0x28 (size before relaxing)
 .eh_frame      0x0000a5f8        0x4 c:/program files (x86)/cypress/psoc creator/3.3/psoc creator/import/gnu/arm/4.9.3/bin/../lib/gcc/arm-none-eabi/4.9.3/armv7-m/crtend.o
                0x0000a5fc                PROVIDE (__exidx_start, .)

.ARM.exidx
 *(.ARM.exidx* .gnu.linkonce.armexidx.*)
                0x0000a5fc                __exidx_end = .

.rodata         0x0000a600      0x778
 *(.rodata .rodata.* .gnu.linkonce.r.*)
 .rodata.str1.4
                0x0000a600       0x69 .\CortexM3\ARM_GCC_493\Debug\main.o
                                 0x6c (size before relaxing)
 *fill*         0x0000a669        0x3 
 .rodata        0x0000a66c        0x8 .\CortexM3\ARM_GCC_493\Debug\cal.o
 .rodata.str1.4
                0x0000a674       0x4d .\CortexM3\ARM_GCC_493\Debug\cal.o
                                 0x50 (size before relaxing)
 *fill*         0x0000a6c1        0x3 
 .rodata.str1.4
                0x0000a6c4       0x80 .\CortexM3\ARM_GCC_493\Debug\motor.o
 .rodata.str1.4
                0x0000a744       0x24 .\CortexM3\ARM_GCC_493\Debug\odom.o
 .rodata.str1.4
                0x0000a768       0x1a .\CortexM3\ARM_GCC_493\Debug\serial.o
                                 0x1c (size before relaxing)
 *fill*         0x0000a782        0x2 
 .rodata        0x0000a784       0x38 .\CortexM3\ARM_GCC_493\Debug\freesoc.a(cyfitter_cfg.o)
 .rodata.str1.4
                0x0000a7bc       0x11 .\CortexM3\ARM_GCC_493\Debug\freesoc.a(USBUART_std.o)
                                 0x14 (size before relaxing)
 *fill*         0x0000a7cd        0x3 
 .rodata        0x0000a7d0      0x1d4 .\CortexM3\ARM_GCC_493\Debug\freesoc.a(USBUART_descr.o)
                0x0000a7d0                USBUART_MSOS_CONFIGURATION_DESCR
                0x0000a7f8                USBUART_MSOS_DESCRIPTOR
                0x0000a80c                USBUART_TABLE
                0x0000a814                USBUART_DEVICE0_TABLE