Archive member included because of file (symbol)

.\CortexM3\ARM_GCC_493\Debug\freesoc.a(cyfitter_cfg.o)
                              .\CortexM3\ARM_GCC_493\Debug\Cm3Start.o (cyfitter_cfg)
.\CortexM3\ARM_GCC_493\Debug\freesoc.a(Left_HB25_Enable_Pin.o)
                              .\CortexM3\ARM_GCC_493\Debug\motor.o (Left_HB25_Enable_Pin_Write)
.\CortexM3\ARM_GCC_493\Debug\freesoc.a(Left_HB25_PWM.o)
                              .\CortexM3\ARM_GCC_493\Debug\motor.o (Left_HB25_PWM_Stop)
.\CortexM3\ARM_GCC_493\Debug\freesoc.a(Right_HB25_Enable_Pin.o)
                              .\CortexM3\ARM_GCC_493\Debug\motor.o (Right_HB25_Enable_Pin_Write)
.\CortexM3\ARM_GCC_493\Debug\freesoc.a(Right_HB25_PWM.o)
                              .\CortexM3\ARM_GCC_493\Debug\motor.o (Right_HB25_PWM_Stop)
.\CortexM3\ARM_GCC_493\Debug\freesoc.a(CyBootAsmGnu.o)
                              .\CortexM3\ARM_GCC_493\Debug\freesoc.a(cyfitter_cfg.o) (CyDelayCycles)
.\CortexM3\ARM_GCC_493\Debug\freesoc.a(CyLib.o)
                              .\CortexM3\ARM_GCC_493\Debug\Cm3Start.o (CyHalt)
.\CortexM3\ARM_GCC_493\Debug\freesoc.a(cyPm.o)
                              .\CortexM3\ARM_GCC_493\Debug\freesoc.a(CyLib.o) (CyPmReadStatus)
.\CortexM3\ARM_GCC_493\Debug\freesoc.a(EZI2C_Slave.o)
                              .\CortexM3\ARM_GCC_493\Debug\i2c.o (EZI2C_Slave_Start)
.\CortexM3\ARM_GCC_493\Debug\freesoc.a(EZI2C_Slave_PM.o)
                              .\CortexM3\ARM_GCC_493\Debug\freesoc.a(EZI2C_Slave.o) (EZI2C_Slave_backup)
.\CortexM3\ARM_GCC_493\Debug\freesoc.a(EZI2C_Slave_INT.o)
                              .\CortexM3\ARM_GCC_493\Debug\freesoc.a(EZI2C_Slave.o) (EZI2C_Slave_ISR)
.\CortexM3\ARM_GCC_493\Debug\freesoc.a(Mainloop_Pin.o)
                              .\CortexM3\ARM_GCC_493\Debug\main.o (Mainloop_Pin_Write)
.\CortexM3\ARM_GCC_493\Debug\freesoc.a(EEPROM.o)
                              .\CortexM3\ARM_GCC_493\Debug\nvstore.o (EEPROM_Start)
.\CortexM3\ARM_GCC_493\Debug\freesoc.a(Right_QuadDec.o)
                              .\CortexM3\ARM_GCC_493\Debug\encoder.o (Right_QuadDec_GetCounter)
.\CortexM3\ARM_GCC_493\Debug\freesoc.a(Right_QuadDec_INT.o)
                              .\CortexM3\ARM_GCC_493\Debug\freesoc.a(Right_QuadDec.o) (Right_QuadDec_ISR)
.\CortexM3\ARM_GCC_493\Debug\freesoc.a(Right_QuadDec_Cnt16.o)
                              .\CortexM3\ARM_GCC_493\Debug\freesoc.a(Right_QuadDec.o) (Right_QuadDec_Cnt16_Stop)
.\CortexM3\ARM_GCC_493\Debug\freesoc.a(Left_QuadDec.o)
                              .\CortexM3\ARM_GCC_493\Debug\encoder.o (Left_QuadDec_GetCounter)
.\CortexM3\ARM_GCC_493\Debug\freesoc.a(Left_QuadDec_INT.o)
                              .\CortexM3\ARM_GCC_493\Debug\freesoc.a(Left_QuadDec.o) (Left_QuadDec_ISR)
.\CortexM3\ARM_GCC_493\Debug\freesoc.a(Left_QuadDec_Cnt16.o)
                              .\CortexM3\ARM_GCC_493\Debug\freesoc.a(Left_QuadDec.o) (Left_QuadDec_Cnt16_Stop)
.\CortexM3\ARM_GCC_493\Debug\freesoc.a(USBUART.o)
                              .\CortexM3\ARM_GCC_493\Debug\serial.o (USBUART_Start)
.\CortexM3\ARM_GCC_493\Debug\freesoc.a(USBUART_cdc.o)
                              .\CortexM3\ARM_GCC_493\Debug\serial.o (USBUART_CDC_Init)
.\CortexM3\ARM_GCC_493\Debug\freesoc.a(USBUART_drv.o)
                              .\CortexM3\ARM_GCC_493\Debug\freesoc.a(USBUART.o) (USBUART_lastPacketSize)
.\CortexM3\ARM_GCC_493\Debug\freesoc.a(USBUART_episr.o)
                              .\CortexM3\ARM_GCC_493\Debug\freesoc.a(USBUART.o) (USBUART_EP_1_ISR)
.\CortexM3\ARM_GCC_493\Debug\freesoc.a(USBUART_hid.o)
                              .\CortexM3\ARM_GCC_493\Debug\freesoc.a(USBUART.o) (USBUART_hidProtocol)
.\CortexM3\ARM_GCC_493\Debug\freesoc.a(USBUART_pm.o)
                              .\CortexM3\ARM_GCC_493\Debug\freesoc.a(USBUART.o) (USBUART_DP_ISR)
.\CortexM3\ARM_GCC_493\Debug\freesoc.a(USBUART_std.o)
                              .\CortexM3\ARM_GCC_493\Debug\freesoc.a(USBUART_pm.o) (USBUART_ConfigReg)
.\CortexM3\ARM_GCC_493\Debug\freesoc.a(USBUART_vnd.o)
                              .\CortexM3\ARM_GCC_493\Debug\freesoc.a(USBUART_drv.o) (USBUART_HandleVendorRqst)
.\CortexM3\ARM_GCC_493\Debug\freesoc.a(USBUART_Dp.o)
                              .\CortexM3\ARM_GCC_493\Debug\freesoc.a(USBUART_pm.o) (USBUART_Dp_ClearInterrupt)
.\CortexM3\ARM_GCC_493\Debug\freesoc.a(SPIM.o)
                              .\CortexM3\ARM_GCC_493\Debug\spi.o (SPIM_WriteTxData)
.\CortexM3\ARM_GCC_493\Debug\freesoc.a(SPIM_INT.o)
                              .\CortexM3\ARM_GCC_493\Debug\freesoc.a(SPIM.o) (SPIM_RX_ISR)
.\CortexM3\ARM_GCC_493\Debug\freesoc.a(Slave_Select.o)
                              .\CortexM3\ARM_GCC_493\Debug\spi.o (Slave_Select_Write)
.\CortexM3\ARM_GCC_493\Debug\freesoc.a(CyFlash.o)
                              .\CortexM3\ARM_GCC_493\Debug\freesoc.a(EEPROM.o) (dieTemperature)
.\CortexM3\ARM_GCC_493\Debug\freesoc.a(CySpc.o)
[...]
Memory Configuration

Name             Origin             Length             Attributes
rom              0x00000000         0x00040000         xr
ram              0x1fff8000         0x00010000         xrw
*default*        0x00000000         0xffffffff

Linker script and memory map

LOAD c:/program files (x86)/cypress/psoc creator/3.3/psoc creator/import/gnu/arm/4.9.3/bin/../lib/gcc/arm-none-eabi/4.9.3/armv7-m/crti.o
LOAD c:/program files (x86)/cypress/psoc creator/3.3/psoc creator/import/gnu/arm/4.9.3/bin/../lib/gcc/arm-none-eabi/4.9.3/armv7-m/crtbegin.o
LOAD c:/program files (x86)/cypress/psoc creator/3.3/psoc creator/import/gnu/arm/4.9.3/bin/../lib/gcc/arm-none-eabi/4.9.3/../../../../arm-none-eabi/lib/armv7-m/crt0.o
START GROUP
LOAD .\CortexM3\ARM_GCC_493\Debug\main.o
LOAD .\CortexM3\ARM_GCC_493\Debug\cal.o
LOAD .\CortexM3\ARM_GCC_493\Debug\control.o
LOAD .\CortexM3\ARM_GCC_493\Debug\debug.o
LOAD .\CortexM3\ARM_GCC_493\Debug\diag.o
LOAD .\CortexM3\ARM_GCC_493\Debug\encoder.o
LOAD .\CortexM3\ARM_GCC_493\Debug\i2c.o
LOAD .\CortexM3\ARM_GCC_493\Debug\motor.o
LOAD .\CortexM3\ARM_GCC_493\Debug\odom.o
LOAD .\CortexM3\ARM_GCC_493\Debug\pid.o
LOAD .\CortexM3\ARM_GCC_493\Debug\time.o
LOAD .\CortexM3\ARM_GCC_493\Debug\utils.o
LOAD .\CortexM3\ARM_GCC_493\Debug\pid_controller.o
LOAD .\CortexM3\ARM_GCC_493\Debug\serial.o
LOAD .\CortexM3\ARM_GCC_493\Debug\nvstore.o
LOAD .\CortexM3\ARM_GCC_493\Debug\calpid.o
LOAD .\CortexM3\ARM_GCC_493\Debug\calmotor.o
LOAD .\CortexM3\ARM_GCC_493\Debug\pidutil.o
LOAD .\CortexM3\ARM_GCC_493\Debug\spi.o
LOAD .\CortexM3\ARM_GCC_493\Debug\callin.o
LOAD .\CortexM3\ARM_GCC_493\Debug\cymetadata.o
LOAD .\CortexM3\ARM_GCC_493\Debug\Cm3Start.o
LOAD .\CortexM3\ARM_GCC_493\Debug\freesoc.a
LOAD C:\Program Files (x86)\Cypress\PSoC Creator\3.3\PSoC Creator\psoc\content\cycomponentlibrary\CyComponentLibrary.cylib\CortexM3\ARM_GCC_493\Debug\CyComponentLibrary.a
LOAD c:/program files (x86)/cypress/psoc creator/3.3/psoc creator/import/gnu/arm/4.9.3/bin/../lib/gcc/arm-none-eabi/4.9.3/../../../../arm-none-eabi/lib/armv7-m\libm.a
END GROUP
START GROUP
LOAD c:/program files (x86)/cypress/psoc creator/3.3/psoc creator/import/gnu/arm/4.9.3/bin/../lib/gcc/arm-none-eabi/4.9.3/armv7-m\libgcc.a
LOAD c:/program files (x86)/cypress/psoc creator/3.3/psoc creator/import/gnu/arm/4.9.3/bin/../lib/gcc/arm-none-eabi/4.9.3/../../../../arm-none-eabi/lib/armv7-m\libg_nano.a
LOAD c:/program files (x86)/cypress/psoc creator/3.3/psoc creator/import/gnu/arm/4.9.3/bin/../lib/gcc/arm-none-eabi/4.9.3/../../../../arm-none-eabi/lib/armv7-m\libc_nano.a
END GROUP
START GROUP
LOAD c:/program files (x86)/cypress/psoc creator/3.3/psoc creator/import/gnu/arm/4.9.3/bin/../lib/gcc/arm-none-eabi/4.9.3/armv7-m\libgcc.a
LOAD c:/program files (x86)/cypress/psoc creator/3.3/psoc creator/import/gnu/arm/4.9.3/bin/../lib/gcc/arm-none-eabi/4.9.3/../../../../arm-none-eabi/lib/armv7-m\libc_nano.a
END GROUP
LOAD c:/program files (x86)/cypress/psoc creator/3.3/psoc creator/import/gnu/arm/4.9.3/bin/../lib/gcc/arm-none-eabi/4.9.3/armv7-m/crtend.o
LOAD c:/program files (x86)/cypress/psoc creator/3.3/psoc creator/import/gnu/arm/4.9.3/bin/../lib/gcc/arm-none-eabi/4.9.3/armv7-m/crtn.o
START GROUP
LOAD c:/program files (x86)/cypress/psoc creator/3.3/psoc creator/import/gnu/arm/4.9.3/bin/../lib/gcc/arm-none-eabi/4.9.3/armv7-m\libgcc.a
LOAD c:/program files (x86)/cypress/psoc creator/3.3/psoc creator/import/gnu/arm/4.9.3/bin/../lib/gcc/arm-none-eabi/4.9.3/../../../../arm-none-eabi/lib/armv7-m\libc.a
LOAD c:/program files (x86)/cypress/psoc creator/3.3/psoc creator/import/gnu/arm/4.9.3/bin/../lib/gcc/arm-none-eabi/4.9.3/../../../../arm-none-eabi/lib/armv7-m\libnosys.a
END GROUP
                0x00000000                CY_APPL_ORIGIN = 0x0
                0x00000100                CY_FLASH_ROW_SIZE = 0x100
                0x00000020                CY_ECC_ROW_SIZE = 0x20
                0x00000000                CY_EE_IN_BTLDR = 0x0
                0x00000000                CY_APPL_LOADABLE = 0x0
                0x00000800                CY_EE_SIZE = 0x800
                0x00000001                CY_APPL_NUM = 0x1
                0x00000001                CY_APPL_MAX = 0x1
                0x00000040                CY_METADATA_SIZE = 0x40
                0x00000000                CY_APPL_LOADABLE = 0x0
                0x00000000                CY_CHECKSUM_EXCLUDE_SIZE = ALIGN (0x0, CY_FLASH_ROW_SIZE)
                0x1fff8ce8                PROVIDE (__cy_heap_start, _end)
                0x00000001                PROVIDE (__cy_region_num, ((__cy_regions_end - __cy_regions) / 0x10))
                0x20008000                PROVIDE (__cy_stack, (ORIGIN (ram) + 0x10000))
                0x20007800                PROVIDE (__cy_heap_end, (__cy_stack - 0x800))

.cybootloader   0x00000000        0x0
 *(.cybootloader)
                0x00000000                appl1_start = CY_APPL_ORIGIN?CY_APPL_ORIGIN:ALIGN (CY_FLASH_ROW_SIZE)
                0x0001ff00                appl2_start = (appl1_start + ALIGN ((((0x40000 - appl1_start) - (0x2 * CY_FLASH_ROW_SIZE)) / 0x2), CY_FLASH_ROW_SIZE))
                0x00000000                appl_start = (CY_APPL_NUM == 0x1)?appl1_start:appl2_start
                0x00000000                ecc_offset = ((appl_start / CY_FLASH_ROW_SIZE) * CY_ECC_ROW_SIZE)
                0x00000000                ee_offset = (CY_APPL_LOADABLE && ! (CY_EE_IN_BTLDR))?((CY_EE_SIZE / CY_APPL_MAX) * (CY_APPL_NUM - 0x1)):0x0
                0x00000800                ee_size = (CY_APPL_LOADABLE && ! (CY_EE_IN_BTLDR))?(CY_EE_SIZE / CY_APPL_MAX):CY_EE_SIZE
                0x00000000                PROVIDE (CY_ECC_OFFSET, ecc_offset)

.text           0x00000000     0xc264
 CREATE_OBJECT_SYMBOLS
                0x00000000                PROVIDE (__cy_interrupt_vector, RomVectors)
 *(.romvectors)
 .romvectors    0x00000000       0x10 .\CortexM3\ARM_GCC_493\Debug\Cm3Start.o
                0x00000000                RomVectors
                0x00000001                ASSERT ((. != __cy_interrupt_vector), No interrupt vector)
                0x00000001                ASSERT (CY_APPL_ORIGIN?(SIZEOF (.cybootloader) <= CY_APPL_ORIGIN):0x1, Wrong image location)
                0x00000010                PROVIDE (__cy_reset, Reset)
 *(.text.Reset)
 .text.Reset    0x00000010       0x18 .\CortexM3\ARM_GCC_493\Debug\Cm3Start.o
                0x00000010                Reset
                0x00000001                ASSERT ((. != __cy_reset), No reset code)
 *(.dma_init)
                0x00000001                ASSERT ((((appl_start + .) <= 0x10000) || 0x1), DMA Init must be within the first 64k of flash)
 *(.text .text.* .gnu.linkonce.t.*)
 .text          0x00000028       0x5c c:/program files (x86)/cypress/psoc creator/3.3/psoc creator/import/gnu/arm/4.9.3/bin/../lib/gcc/arm-none-eabi/4.9.3/armv7-m/crtbegin.o
 .text.main     0x00000084      0x118 .\CortexM3\ARM_GCC_493\Debug\main.o
                0x00000084                main
 .text.LeftTarget
                0x0000019c        0xc .\CortexM3\ARM_GCC_493\Debug\cal.o
 .text.RightTarget
                0x000001a8        0xc .\CortexM3\ARM_GCC_493\Debug\cal.o
 .text.DisplayCalMenu
                0x000001b4       0x5c .\CortexM3\ARM_GCC_493\Debug\cal.o
 .text.DisplayValMenu
                0x00000210       0x90 .\CortexM3\ARM_GCC_493\Debug\cal.o
 .text.DisplayMenu
                0x000002a0       0x20 .\CortexM3\ARM_GCC_493\Debug\cal.o
 .text.DisplaySettingsMenu
                0x000002c0       0x68 .\CortexM3\ARM_GCC_493\Debug\cal.o
 .text.HandleError
                0x00000328       0x30 .\CortexM3\ARM_GCC_493\Debug\cal.o
 .text.Process  0x00000358       0xa4 .\CortexM3\ARM_GCC_493\Debug\cal.o
 .text.DisplayExit
                0x000003fc       0x18 .\CortexM3\ARM_GCC_493\Debug\cal.o
 .text.GetCommand
                0x00000414       0x58 .\CortexM3\ARM_GCC_493\Debug\cal.o
 .text.GetCalibration
                0x0000046c       0x50 .\CortexM3\ARM_GCC_493\Debug\cal.o
 .text.GetValidation
                0x000004bc      0x148 .\CortexM3\ARM_GCC_493\Debug\cal.o
 .text.CpsToPwm
                0x00000604       0x74 .\CortexM3\ARM_GCC_493\Debug\cal.o
 .text.ClearCalibrationStatusBit
                0x00000678       0x2c .\CortexM3\ARM_GCC_493\Debug\cal.o
                0x00000678                ClearCalibrationStatusBit
 .text.SetCalibrationStatusBit
                0x000006a4       0x24 .\CortexM3\ARM_GCC_493\Debug\cal.o
                0x000006a4                SetCalibrationStatusBit
 .text.Cal_PrintSamples
                0x000006c8       0x64 .\CortexM3\ARM_GCC_493\Debug\cal.o
                0x000006c8                Cal_PrintSamples
 .text.Cal_PrintGains
                0x0000072c       0x48 .\CortexM3\ARM_GCC_493\Debug\cal.o
                0x0000072c                Cal_PrintGains
 .text.ProcessSettingsCmd
                0x00000774      0x104 .\CortexM3\ARM_GCC_493\Debug\cal.o
 .text.Cal_Init
                0x00000878       0x3c .\CortexM3\ARM_GCC_493\Debug\cal.o
                0x00000878                Cal_Init
 .text.Cal_Start
                0x000008b4       0x14 .\CortexM3\ARM_GCC_493\Debug\cal.o
                0x000008b4                Cal_Start
 .text.Cal_Update
                0x000008c8       0xd4 .\CortexM3\ARM_GCC_493\Debug\cal.o
                0x000008c8                Cal_Update
 .text.Cal_ReadResponse
                0x0000099c       0x48 .\CortexM3\ARM_GCC_493\Debug\cal.o
                0x0000099c                Cal_ReadResponse
 .text.Cal_LeftGetPidGains
                0x000009e4        0xc .\CortexM3\ARM_GCC_493\Debug\cal.o
                0x000009e4                Cal_LeftGetPidGains
 .text.Cal_RightGetPidGains
                0x000009f0        0xc .\CortexM3\ARM_GCC_493\Debug\cal.o
                0x000009f0                Cal_RightGetPidGains
 .text.Cal_SetLeftRightVelocity
                0x000009fc        0xc .\CortexM3\ARM_GCC_493\Debug\cal.o
                0x000009fc                Cal_SetLeftRightVelocity
 .text.Cal_CpsToPwm
                0x00000a08       0x9c .\CortexM3\ARM_GCC_493\Debug\cal.o
                0x00000a08                Cal_CpsToPwm
 .text.Cal_Clear
                0x00000aa4       0x10 .\CortexM3\ARM_GCC_493\Debug\cal.o
                0x00000aa4                Cal_Clear
 .text.Cal_CalcTriangularProfile
                0x00000ab4      0x154 .\CortexM3\ARM_GCC_493\Debug\cal.o
                0x00000ab4                Cal_CalcTriangularProfile
 .text.Control_Init
                0x00000c08       0x10 .\CortexM3\ARM_GCC_493\Debug\control.o
                0x00000c08                Control_Init
 .text.Control_Start
                0x00000c18        0x4 .\CortexM3\ARM_GCC_493\Debug\control.o
                0x00000c18                Control_Start
 *fill*         0x00000c1c        0x4 
 .text.Control_Update
                0x00000c20      0x188 .\CortexM3\ARM_GCC_493\Debug\control.o
                0x00000c20                Control_Update
 .text.Control_LeftGetCmdVelocity
                0x00000da8        0xc .\CortexM3\ARM_GCC_493\Debug\control.o
                0x00000da8                Control_LeftGetCmdVelocity
 .text.Control_RightGetCmdVelocity
                0x00000db4        0xc .\CortexM3\ARM_GCC_493\Debug\control.o
                0x00000db4                Control_RightGetCmdVelocity
 .text.Control_OverrideDebug
                0x00000dc0        0xc .\CortexM3\ARM_GCC_493\Debug\control.o
                0x00000dc0                Control_OverrideDebug
 .text.Debug_Init
                0x00000dcc       0x24 .\CortexM3\ARM_GCC_493\Debug\debug.o
                0x00000dcc                Debug_Init
 .text.Debug_Start
                0x00000df0        0x4 .\CortexM3\ARM_GCC_493\Debug\debug.o
                0x00000df0                Debug_Start
 .text.Diag_Init
                0x00000df4       0x18 .\CortexM3\ARM_GCC_493\Debug\diag.o
                0x00000df4                Diag_Init
 .text.Diag_Start
                0x00000e0c        0x4 .\CortexM3\ARM_GCC_493\Debug\diag.o
                0x00000e0c                Diag_Start
 .text.Diag_Update
                0x00000e10       0x38 .\CortexM3\ARM_GCC_493\Debug\diag.o
                0x00000e10                Diag_Update
 .text.Encoder_Sample
                0x00000e48       0xa8 .\CortexM3\ARM_GCC_493\Debug\encoder.o
 .text.DumpEncoder
                0x00000ef0       0x74 .\CortexM3\ARM_GCC_493\Debug\encoder.o
 .text.Encoder_Init
                0x00000f64       0x4c .\CortexM3\ARM_GCC_493\Debug\encoder.o
                0x00000f64                Encoder_Init
 .text.Encoder_Start
                0x00000fb0       0x20 .\CortexM3\ARM_GCC_493\Debug\encoder.o
                0x00000fb0                Encoder_Start
 .text.Encoder_Update
                0x00000fd0       0x84 .\CortexM3\ARM_GCC_493\Debug\encoder.o
                0x00000fd0                Encoder_Update
 .text.Encoder_LeftGetCntsPerSec
                0x00001054        0xc .\CortexM3\ARM_GCC_493\Debug\encoder.o
                0x00001054                Encoder_LeftGetCntsPerSec
 .text.Encoder_RightGetCntsPerSec
                0x00001060        0xc .\CortexM3\ARM_GCC_493\Debug\encoder.o
                0x00001060                Encoder_RightGetCntsPerSec
 .text.Encoder_LeftGetMeterPerSec
                0x0000106c        0xc .\CortexM3\ARM_GCC_493\Debug\encoder.o
                0x0000106c                Encoder_LeftGetMeterPerSec
 .text.Encoder_RightGetMeterPerSec
                0x00001078        0xc .\CortexM3\ARM_GCC_493\Debug\encoder.o
                0x00001078                Encoder_RightGetMeterPerSec
 .text.Encoder_LeftGetDist
                0x00001084        0xc .\CortexM3\ARM_GCC_493\Debug\encoder.o
                0x00001084                Encoder_LeftGetDist
 .text.Encoder_RightGetDist
                0x00001090        0xc .\CortexM3\ARM_GCC_493\Debug\encoder.o
                0x00001090                Encoder_RightGetDist
 .text.Encoder_Reset
                0x0000109c       0x68 .\CortexM3\ARM_GCC_493\Debug\encoder.o
                0x0000109c                Encoder_Reset
 .text.I2c_Init
                0x00001104       0x24 .\CortexM3\ARM_GCC_493\Debug\i2c.o
                0x00001104                I2c_Init
 .text.I2c_Start
                0x00001128       0x18 .\CortexM3\ARM_GCC_493\Debug\i2c.o
                0x00001128                I2c_Start
 .text.I2c_ReadDeviceControl
                0x00001140       0x2c .\CortexM3\ARM_GCC_493\Debug\i2c.o
                0x00001140                I2c_ReadDeviceControl
 .text.I2c_ReadDebugControl
                0x0000116c       0x94 .\CortexM3\ARM_GCC_493\Debug\i2c.o
                0x0000116c                I2c_ReadDebugControl
 .text.I2c_ReadCmdVelocity
                0x00001200       0x9c .\CortexM3\ARM_GCC_493\Debug\i2c.o
                0x00001200                I2c_ReadCmdVelocity
 .text.I2c_SetCalibrationStatusBit
                0x0000129c       0x38 .\CortexM3\ARM_GCC_493\Debug\i2c.o
                0x0000129c                I2c_SetCalibrationStatusBit
 .text.I2c_ClearCalibrationStatusBit
                0x000012d4       0x3c .\CortexM3\ARM_GCC_493\Debug\i2c.o
                0x000012d4                I2c_ClearCalibrationStatusBit
 .text.I2c_SetCalibrationStatus
                0x00001310       0x34 .\CortexM3\ARM_GCC_493\Debug\i2c.o
                0x00001310                I2c_SetCalibrationStatus
 .text.I2c_WriteOdom
                0x00001344       0x94 .\CortexM3\ARM_GCC_493\Debug\i2c.o
                0x00001344                I2c_WriteOdom
 .text.I2c_WriteInfraredDistances
                0x000013d8       0x3c .\CortexM3\ARM_GCC_493\Debug\i2c.o
                0x000013d8                I2c_WriteInfraredDistances
 .text.I2c_WriteUltrasonicDistances
                0x00001414       0x3c .\CortexM3\ARM_GCC_493\Debug\i2c.o
                0x00001414                I2c_WriteUltrasonicDistances
 .text.I2c_UpdateHeartbeat
                0x00001450       0x2c .\CortexM3\ARM_GCC_493\Debug\i2c.o
                0x00001450                I2c_UpdateHeartbeat
 .text.RampDown
                0x0000147c       0x78 .\CortexM3\ARM_GCC_493\Debug\motor.o
 .text.Motor_Init
                0x000014f4       0x18 .\CortexM3\ARM_GCC_493\Debug\motor.o
                0x000014f4                Motor_Init
 .text.Motor_Start
                0x0000150c       0x30 .\CortexM3\ARM_GCC_493\Debug\motor.o
                0x0000150c                Motor_Start
 .text.Motor_LeftSetPwm
                0x0000153c       0x2c .\CortexM3\ARM_GCC_493\Debug\motor.o
                0x0000153c                Motor_LeftSetPwm
 .text.Motor_RightSetPwm
                0x00001568       0x2c .\CortexM3\ARM_GCC_493\Debug\motor.o
                0x00001568                Motor_RightSetPwm
 .text.Motor_SetPwm
                0x00001594       0x10 .\CortexM3\ARM_GCC_493\Debug\motor.o
                0x00001594                Motor_SetPwm
 .text.Motor_LeftGetPwm
                0x000015a4       0x10 .\CortexM3\ARM_GCC_493\Debug\motor.o
                0x000015a4                Motor_LeftGetPwm
 .text.Motor_RightGetPwm
                0x000015b4       0x10 .\CortexM3\ARM_GCC_493\Debug\motor.o
                0x000015b4                Motor_RightGetPwm
 .text.Motor_Stop
                0x000015c4       0x30 .\CortexM3\ARM_GCC_493\Debug\motor.o
                0x000015c4                Motor_Stop
 .text.Motor_LeftRampDown
                0x000015f4       0x10 .\CortexM3\ARM_GCC_493\Debug\motor.o
                0x000015f4                Motor_LeftRampDown
 .text.Motor_RightRampDown
                0x00001604       0x10 .\CortexM3\ARM_GCC_493\Debug\motor.o
                0x00001604                Motor_RightRampDown
 *fill*         0x00001614        0x4 
 .text.CalculateOdometry
                0x00001618       0x68 .\CortexM3\ARM_GCC_493\Debug\odom.o
 .text.DumpOdom
                0x00001680       0x80 .\CortexM3\ARM_GCC_493\Debug\odom.o
 .text.Odom_Init
                0x00001700       0x14 .\CortexM3\ARM_GCC_493\Debug\odom.o
                0x00001700                Odom_Init
 .text.Odom_Start
                0x00001714        0x4 .\CortexM3\ARM_GCC_493\Debug\odom.o
                0x00001714                Odom_Start
 .text.Odom_Update
                0x00001718       0x64 .\CortexM3\ARM_GCC_493\Debug\odom.o
                0x00001718                Odom_Update
 .text.Odom_Reset
                0x0000177c       0x28 .\CortexM3\ARM_GCC_493\Debug\odom.o
                0x0000177c                Odom_Reset
 *fill*         0x000017a4        0x4 
 .text.ProcessPid
                0x000017a8       0xb8 .\CortexM3\ARM_GCC_493\Debug\pid.o
 .text.Pid_Init
                0x00001860       0x7c .\CortexM3\ARM_GCC_493\Debug\pid.o
                0x00001860                Pid_Init
 .text.Pid_Start
                0x000018dc       0x30 .\CortexM3\ARM_GCC_493\Debug\pid.o
                0x000018dc                Pid_Start
 *fill*         0x0000190c        0x4 
 .text.Pid_Update
                0x00001910       0xa0 .\CortexM3\ARM_GCC_493\Debug\pid.o
                0x00001910                Pid_Update
 .text.Pid_SetLeftRightTarget
                0x000019b0       0x10 .\CortexM3\ARM_GCC_493\Debug\pid.o
                0x000019b0                Pid_SetLeftRightTarget
 .text.Pid_RestoreLeftRightTarget
                0x000019c0       0x1c .\CortexM3\ARM_GCC_493\Debug\pid.o
                0x000019c0                Pid_RestoreLeftRightTarget
 .text.Pid_Reset
                0x000019dc       0x24 .\CortexM3\ARM_GCC_493\Debug\pid.o
                0x000019dc                Pid_Reset
 .text.Pid_Enable
                0x00001a00       0x28 .\CortexM3\ARM_GCC_493\Debug\pid.o
                0x00001a00                Pid_Enable
 .text.Pid_LeftSetGains
                0x00001a28       0x18 .\CortexM3\ARM_GCC_493\Debug\pid.o
                0x00001a28                Pid_LeftSetGains
 .text.Pid_RightSetGains
                0x00001a40       0x18 .\CortexM3\ARM_GCC_493\Debug\pid.o
                0x00001a40                Pid_RightSetGains
 .text.Pid_LeftGetGains
                0x00001a58       0x1c .\CortexM3\ARM_GCC_493\Debug\pid.o
                0x00001a58                Pid_LeftGetGains
 .text.Pid_RightGetGains
                0x00001a74       0x1c .\CortexM3\ARM_GCC_493\Debug\pid.o
                0x00001a74                Pid_RightGetGains
 .text.SysTickIsrHandler
                0x00001a90       0x10 .\CortexM3\ARM_GCC_493\Debug\time.o
 .text.Time_Init
                0x00001aa0        0xc .\CortexM3\ARM_GCC_493\Debug\time.o
                0x00001aa0                Time_Init
 .text.Time_Start
                0x00001aac       0x2c .\CortexM3\ARM_GCC_493\Debug\time.o
                0x00001aac                Time_Start
 .text.millis   0x00001ad8        0xc .\CortexM3\ARM_GCC_493\Debug\time.o
                0x00001ad8                millis
 .text.insert_zeros
                0x00001ae4       0x30 .\CortexM3\ARM_GCC_493\Debug\utils.o
 .text.MovingAverageFloat
                0x00001b14       0x2c .\CortexM3\ARM_GCC_493\Debug\utils.o
                0x00001b14                MovingAverageFloat
 .text.Uint16ToTwoBytes
                0x00001b40        0x8 .\CortexM3\ARM_GCC_493\Debug\utils.o
                0x00001b40                Uint16ToTwoBytes
 .text.FloatToFourBytes
                0x00001b48       0x20 .\CortexM3\ARM_GCC_493\Debug\utils.o
                0x00001b48                FloatToFourBytes
 .text.ftoa     0x00001b68       0xa4 .\CortexM3\ARM_GCC_493\Debug\utils.o
                0x00001b68                ftoa
 .text.BinaryRangeSearch
                0x00001c0c       0x50 .\CortexM3\ARM_GCC_493\Debug\utils.o
                0x00001c0c                BinaryRangeSearch
 .text.Interpolate
                0x00001c5c       0x3c .\CortexM3\ARM_GCC_493\Debug\utils.o
                0x00001c5c                Interpolate
 .text.PIDCompute
                0x00001c98       0xa4 .\CortexM3\ARM_GCC_493\Debug\pid_controller.o
                0x00001c98                PIDCompute
 .text.PIDModeSet
                0x00001d3c       0x40 .\CortexM3\ARM_GCC_493\Debug\pid_controller.o
                0x00001d3c                PIDModeSet
 .text.PIDOutputLimitsSet
                0x00001d7c       0x5c .\CortexM3\ARM_GCC_493\Debug\pid_controller.o
                0x00001d7c                PIDOutputLimitsSet
 .text.PIDTuningsSet
                0x00001dd8       0x6c .\CortexM3\ARM_GCC_493\Debug\pid_controller.o
                0x00001dd8                PIDTuningsSet
 .text.PIDInit  0x00001e44       0x54 .\CortexM3\ARM_GCC_493\Debug\pid_controller.o
                0x00001e44                PIDInit
 .text.PIDSetpointSet
                0x00001e98        0x4 .\CortexM3\ARM_GCC_493\Debug\pid_controller.o
                0x00001e98                PIDSetpointSet
 .text.PIDInputSet
                0x00001e9c        0x4 .\CortexM3\ARM_GCC_493\Debug\pid_controller.o
                0x00001e9c                PIDInputSet
 .text.Ser_Init
                0x00001ea0        0x4 .\CortexM3\ARM_GCC_493\Debug\serial.o
                0x00001ea0                Ser_Init
 .text.Ser_Start
                0x00001ea4       0x2c .\CortexM3\ARM_GCC_493\Debug\serial.o
                0x00001ea4                Ser_Start
 .text.Ser_Update
                0x00001ed0       0x14 .\CortexM3\ARM_GCC_493\Debug\serial.o
                0x00001ed0                Ser_Update
 .text.Ser_PutString
                0x00001ee4       0x20 .\CortexM3\ARM_GCC_493\Debug\serial.o
                0x00001ee4                Ser_PutString
 .text.Ser_ReadByte
                0x00001f04       0x1c .\CortexM3\ARM_GCC_493\Debug\serial.o
                0x00001f04                Ser_ReadByte
 .text.Ser_WriteByte
                0x00001f20       0x1c .\CortexM3\ARM_GCC_493\Debug\serial.o
                0x00001f20                Ser_WriteByte
 .text.Nvstore_Init
                0x00001f3c        0x4 .\CortexM3\ARM_GCC_493\Debug\nvstore.o
                0x00001f3c                Nvstore_Init
 .text.Nvstore_Start
                0x00001f40        0x8 .\CortexM3\ARM_GCC_493\Debug\nvstore.o
                0x00001f40                Nvstore_Start
 .text.Nvstore_WriteBytes
                0x00001f48       0xc8 .\CortexM3\ARM_GCC_493\Debug\nvstore.o
                0x00001f48                Nvstore_WriteBytes
 .text.Nvstore_WriteUint16
                0x00002010       0x28 .\CortexM3\ARM_GCC_493\Debug\nvstore.o
                0x00002010                Nvstore_WriteUint16
 .text.Nvstore_WriteFloat
                0x00002038       0x2c .\CortexM3\ARM_GCC_493\Debug\nvstore.o
                0x00002038                Nvstore_WriteFloat
 *fill*         0x00002064        0x4 
 .text.GetStepVelocity
                0x00002068      0x118 .\CortexM3\ARM_GCC_493\Debug\calpid.o
 .text.ResetPidValidationVelocity
                0x00002180       0x10 .\CortexM3\ARM_GCC_493\Debug\calpid.o
 .text.GetNextValidationVelocity
                0x00002190       0x38 .\CortexM3\ARM_GCC_493\Debug\calpid.o
 .text.Results  0x000021c8       0x64 .\CortexM3\ARM_GCC_493\Debug\calpid.o
 .text.StoreLeftGains
                0x0000222c       0x3c .\CortexM3\ARM_GCC_493\Debug\calpid.o
 .text.StoreRightGains
                0x00002268       0x3c .\CortexM3\ARM_GCC_493\Debug\calpid.o
 .text.Stop     0x000022a4       0x8c .\CortexM3\ARM_GCC_493\Debug\calpid.o
 .text.SetNextValidationVelocity
                0x00002330       0x5c .\CortexM3\ARM_GCC_493\Debug\calpid.o
 .text.Update   0x0000238c       0x58 .\CortexM3\ARM_GCC_493\Debug\calpid.o
 .text.Start    0x000023e4       0xe4 .\CortexM3\ARM_GCC_493\Debug\calpid.o
 .text.Init     0x000024c8       0xd8 .\CortexM3\ARM_GCC_493\Debug\calpid.o
 .text.CalPid_Init
                0x000025a0       0x2c .\CortexM3\ARM_GCC_493\Debug\calpid.o
                0x000025a0                CalPid_Init
 .text.CalculatePwmSamples
                0x000025cc       0x44 .\CortexM3\ARM_GCC_493\Debug\calmotor.o
 .text.AddSamplesToSum
                0x00002610       0x24 .\CortexM3\ARM_GCC_493\Debug\calmotor.o
 .text.CalculateAvgCpsSamples
                0x00002634       0x20 .\CortexM3\ARM_GCC_493\Debug\calmotor.o
 .text.CalculateMinMaxCpsSample
                0x00002654       0x38 .\CortexM3\ARM_GCC_493\Debug\calmotor.o
 .text.GetNextCps
                0x0000268c       0x48 .\CortexM3\ARM_GCC_493\Debug\calmotor.o
 .text.Start    0x000026d4       0x24 .\CortexM3\ARM_GCC_493\Debug\calmotor.o
 .text.PrintAllMotorParams
                0x000026f8       0x64 .\CortexM3\ARM_GCC_493\Debug\calmotor.o
 .text.Results  0x0000275c       0x28 .\CortexM3\ARM_GCC_493\Debug\calmotor.o
 .text.Stop     0x00002784       0x2c .\CortexM3\ARM_GCC_493\Debug\calmotor.o
 .text.CalcCpsAvgAtPwm
                0x000027b0       0x58 .\CortexM3\ARM_GCC_493\Debug\calmotor.o
 .text.CollectCpsSamples
                0x00002808       0x60 .\CortexM3\ARM_GCC_493\Debug\calmotor.o
 .text.StoreWheelSpeedCalibration
                0x00002868       0x50 .\CortexM3\ARM_GCC_493\Debug\calmotor.o
 .text.CalibrateWheelSpeed
                0x000028b8       0xb8 .\CortexM3\ARM_GCC_493\Debug\calmotor.o
 .text.PrintWheelVelocity
                0x00002970       0x40 .\CortexM3\ARM_GCC_493\Debug\calmotor.o
 .text.ValidateMotorCalibration
                0x000029b0       0xdc .\CortexM3\ARM_GCC_493\Debug\calmotor.o
 .text.Update   0x00002a8c       0xb8 .\CortexM3\ARM_GCC_493\Debug\calmotor.o
 .text.Init     0x00002b44       0x50 .\CortexM3\ARM_GCC_493\Debug\calmotor.o
 .text.CalMotor_Init
                0x00002b94       0x40 .\CortexM3\ARM_GCC_493\Debug\calmotor.o
                0x00002b94                CalMotor_Init
 .text.DumpPid  0x00002bd4      0x104 .\CortexM3\ARM_GCC_493\Debug\pidutil.o
                0x00002bd4                DumpPid
 .text.SendRequest
                0x00002cd8       0x24 .\CortexM3\ARM_GCC_493\Debug\spi.o
 .text.ProcessResponse
                0x00002cfc       0x38 .\CortexM3\ARM_GCC_493\Debug\spi.o
 .text.RecvResponse
                0x00002d34       0x50 .\CortexM3\ARM_GCC_493\Debug\spi.o
 .text.Spi_Init
                0x00002d84        0x4 .\CortexM3\ARM_GCC_493\Debug\spi.o
                0x00002d84                Spi_Init
 .text.Spi_Start
                0x00002d88       0x14 .\CortexM3\ARM_GCC_493\Debug\spi.o
                0x00002d88                Spi_Start
 .text.Spi_Update
                0x00002d9c       0x30 .\CortexM3\ARM_GCC_493\Debug\spi.o
                0x00002d9c                Spi_Update
 .text.Results  0x00002dcc       0x18 .\CortexM3\ARM_GCC_493\Debug\callin.o
 *fill*         0x00002de4        0x4 
 .text.Stop     0x00002de8       0xe0 .\CortexM3\ARM_GCC_493\Debug\callin.o
 .text.Update   0x00002ec8       0x94 .\CortexM3\ARM_GCC_493\Debug\callin.o
 .text.Start    0x00002f5c       0x60 .\CortexM3\ARM_GCC_493\Debug\callin.o
 .text.Init     0x00002fbc       0x68 .\CortexM3\ARM_GCC_493\Debug\callin.o
 .text.CalLin_Init
                0x00003024       0x10 .\CortexM3\ARM_GCC_493\Debug\callin.o
                0x00003024                CalLin_Init
 .text.IntDefaultHandler
                0x00003034        0x4 .\CortexM3\ARM_GCC_493\Debug\Cm3Start.o
                0x00003034                IntDefaultHandler
 .text._exit    0x00003038        0xc .\CortexM3\ARM_GCC_493\Debug\Cm3Start.o
                0x00003038                _exit
 .text._sbrk    0x00003044       0x30 .\CortexM3\ARM_GCC_493\Debug\Cm3Start.o
                0x00003044                _sbrk
 .text.Start_c  0x00003074       0x4c .\CortexM3\ARM_GCC_493\Debug\Cm3Start.o
                0x00003074                Start_c
 .text.initialize_psoc
                0x000030c0       0x74 .\CortexM3\ARM_GCC_493\Debug\Cm3Start.o
                0x000030c0                initialize_psoc
 .text.cfg_write_bytes32
                0x00003134       0x34 .\CortexM3\ARM_GCC_493\Debug\freesoc.a(cyfitter_cfg.o)
 .text.AnalogSetDefault
                0x00003168       0x28 .\CortexM3\ARM_GCC_493\Debug\freesoc.a(cyfitter_cfg.o)
 .text.CYMEMZERO
                0x00003190        0xc .\CortexM3\ARM_GCC_493\Debug\freesoc.a(cyfitter_cfg.o)
 .text.ClockSetup
                0x0000319c       0xd0 .\CortexM3\ARM_GCC_493\Debug\freesoc.a(cyfitter_cfg.o)
 .text.CYCONFIGCPY
                0x0000326c        0x8 .\CortexM3\ARM_GCC_493\Debug\freesoc.a(cyfitter_cfg.o)
 .text.cyfitter_cfg
                0x00003274      0x130 .\CortexM3\ARM_GCC_493\Debug\freesoc.a(cyfitter_cfg.o)
                0x00003274                cyfitter_cfg
 .text.Left_HB25_Enable_Pin_Write
                0x000033a4       0x18 .\CortexM3\ARM_GCC_493\Debug\freesoc.a(Left_HB25_Enable_Pin.o)
                0x000033a4                Left_HB25_Enable_Pin_Write
 .text.Left_HB25_PWM_Stop
                0x000033bc        0x4 .\CortexM3\ARM_GCC_493\Debug\freesoc.a(Left_HB25_PWM.o)
                0x000033bc                Left_HB25_PWM_Stop
 .text.Left_HB25_PWM_WriteCounter
                0x000033c0        0xc .\CortexM3\ARM_GCC_493\Debug\freesoc.a(Left_HB25_PWM.o)
                0x000033c0                Left_HB25_PWM_WriteCounter
 .text.Left_HB25_PWM_WritePeriod
                0x000033cc        0xc .\CortexM3\ARM_GCC_493\Debug\freesoc.a(Left_HB25_PWM.o)
                0x000033cc                Left_HB25_PWM_WritePeriod
 .text.Left_HB25_PWM_WriteCompare
                0x000033d8        0xc .\CortexM3\ARM_GCC_493\Debug\freesoc.a(Left_HB25_PWM.o)
                0x000033d8                Left_HB25_PWM_WriteCompare
 .text.Left_HB25_PWM_Init
                0x000033e4       0x34 .\CortexM3\ARM_GCC_493\Debug\freesoc.a(Left_HB25_PWM.o)
                0x000033e4                Left_HB25_PWM_Init
 .text.Left_HB25_PWM_Start
                0x00003418       0x18 .\CortexM3\ARM_GCC_493\Debug\freesoc.a(Left_HB25_PWM.o)
                0x00003418                Left_HB25_PWM_Start
 .text.Left_HB25_PWM_ReadCompare
                0x00003430        0xc .\CortexM3\ARM_GCC_493\Debug\freesoc.a(Left_HB25_PWM.o)
                0x00003430                Left_HB25_PWM_ReadCompare
 .text.Right_HB25_Enable_Pin_Write
                0x0000343c       0x18 .\CortexM3\ARM_GCC_493\Debug\freesoc.a(Right_HB25_Enable_Pin.o)
                0x0000343c                Right_HB25_Enable_Pin_Write
 .text.Right_HB25_PWM_Stop
                0x00003454        0x4 .\CortexM3\ARM_GCC_493\Debug\freesoc.a(Right_HB25_PWM.o)
                0x00003454                Right_HB25_PWM_Stop
 .text.Right_HB25_PWM_WriteCounter
                0x00003458        0xc .\CortexM3\ARM_GCC_493\Debug\freesoc.a(Right_HB25_PWM.o)
                0x00003458                Right_HB25_PWM_WriteCounter
 .text.Right_HB25_PWM_WritePeriod
                0x00003464        0xc .\CortexM3\ARM_GCC_493\Debug\freesoc.a(Right_HB25_PWM.o)
                0x00003464                Right_HB25_PWM_WritePeriod
 .text.Right_HB25_PWM_WriteCompare
                0x00003470        0xc .\CortexM3\ARM_GCC_493\Debug\freesoc.a(Right_HB25_PWM.o)
                0x00003470                Right_HB25_PWM_WriteCompare
 .text.Right_HB25_PWM_Init
                0x0000347c       0x34 .\CortexM3\ARM_GCC_493\Debug\freesoc.a(Right_HB25_PWM.o)
                0x0000347c                Right_HB25_PWM_Init
 .text.Right_HB25_PWM_Start
                0x000034b0       0x18 .\CortexM3\ARM_GCC_493\Debug\freesoc.a(Right_HB25_PWM.o)
                0x000034b0                Right_HB25_PWM_Start
 .text.Right_HB25_PWM_ReadCompare
                0x000034c8        0xc .\CortexM3\ARM_GCC_493\Debug\freesoc.a(Right_HB25_PWM.o)
                0x000034c8                Right_HB25_PWM_ReadCompare
 *fill*         0x000034d4        0x4 
 .text          0x000034d8       0x20 .\CortexM3\ARM_GCC_493\Debug\freesoc.a(CyBootAsmGnu.o)
                0x000034d8                CyDelayCycles
                0x000034e8                CyEnterCriticalSection
                0x000034f0                CyExitCriticalSection
 .text.CyHalt   0x000034f8        0x4 .\CortexM3\ARM_GCC_493\Debug\freesoc.a(CyLib.o)
                0x000034f8                CyHalt
 .text.CyDelay  0x000034fc       0x2c .\CortexM3\ARM_GCC_493\Debug\freesoc.a(CyLib.o)
                0x000034fc                CyDelay
 .text.CyDelayUs
                0x00003528       0x14 .\CortexM3\ARM_GCC_493\Debug\freesoc.a(CyLib.o)
                0x00003528                CyDelayUs
 .text.CyIntSetSysVector
                0x0000353c       0x28 .\CortexM3\ARM_GCC_493\Debug\freesoc.a(CyLib.o)
                0x0000353c                CyIntSetSysVector
 .text.CyIntSetVector
                0x00003564       0x28 .\CortexM3\ARM_GCC_493\Debug\freesoc.a(CyLib.o)
                0x00003564                CyIntSetVector
 .text.CyIntSetPriority
                0x0000358c       0x30 .\CortexM3\ARM_GCC_493\Debug\freesoc.a(CyLib.o)
                0x0000358c                CyIntSetPriority
 .text.CySysTickEnableInterrupt
                0x000035bc       0x10 .\CortexM3\ARM_GCC_493\Debug\freesoc.a(CyLib.o)
                0x000035bc                CySysTickEnableInterrupt
 .text.CySysTickEnable
                0x000035cc       0x18 .\CortexM3\ARM_GCC_493\Debug\freesoc.a(CyLib.o)
                0x000035cc                CySysTickEnable
 .text.CySysTickSetReload
                0x000035e4       0x10 .\CortexM3\ARM_GCC_493\Debug\freesoc.a(CyLib.o)
                0x000035e4                CySysTickSetReload
 .text.CySysTickSetClockSource
                0x000035f4       0x20 .\CortexM3\ARM_GCC_493\Debug\freesoc.a(CyLib.o)
                0x000035f4                CySysTickSetClockSource
 .text.CySysTickGetCountFlag
                0x00003614       0x10 .\CortexM3\ARM_GCC_493\Debug\freesoc.a(CyLib.o)
                0x00003614                CySysTickGetCountFlag
 .text.CySysTickServiceCallbacks
                0x00003624       0x28 .\CortexM3\ARM_GCC_493\Debug\freesoc.a(CyLib.o)
 .text.CySysTickClear
                0x0000364c        0xc .\CortexM3\ARM_GCC_493\Debug\freesoc.a(CyLib.o)
                0x0000364c                CySysTickClear
 .text.CySysTickInit
                0x00003658       0x58 .\CortexM3\ARM_GCC_493\Debug\freesoc.a(CyLib.o)
                0x00003658                CySysTickInit
 .text.CySysTickStart
                0x000036b0       0x1c .\CortexM3\ARM_GCC_493\Debug\freesoc.a(CyLib.o)
                0x000036b0                CySysTickStart
 .text.CySysTickSetCallback
                0x000036cc       0x10 .\CortexM3\ARM_GCC_493\Debug\freesoc.a(CyLib.o)
                0x000036cc                CySysTickSetCallback
 .text.CySysTickGetCallback
                0x000036dc       0x10 .\CortexM3\ARM_GCC_493\Debug\freesoc.a(CyLib.o)
                0x000036dc                CySysTickGetCallback
 .text.CyGetUniqueId
                0x000036ec       0x70 .\CortexM3\ARM_GCC_493\Debug\freesoc.a(CyLib.o)
                0x000036ec                CyGetUniqueId
 .text.EZI2C_Slave_Init
                0x0000375c       0x70 .\CortexM3\ARM_GCC_493\Debug\freesoc.a(EZI2C_Slave.o)
                0x0000375c                EZI2C_Slave_Init
 .text.EZI2C_Slave_Enable
                0x000037cc       0x30 .\CortexM3\ARM_GCC_493\Debug\freesoc.a(EZI2C_Slave.o)
                0x000037cc                EZI2C_Slave_Enable
 .text.EZI2C_Slave_Start
                0x000037fc       0x1c .\CortexM3\ARM_GCC_493\Debug\freesoc.a(EZI2C_Slave.o)
                0x000037fc                EZI2C_Slave_Start
 .text.EZI2C_Slave_GetActivity
                0x00003818       0x28 .\CortexM3\ARM_GCC_493\Debug\freesoc.a(EZI2C_Slave.o)
                0x00003818                EZI2C_Slave_GetActivity
 .text.EZI2C_Slave_SetBuffer1
                0x00003840       0x50 .\CortexM3\ARM_GCC_493\Debug\freesoc.a(EZI2C_Slave.o)
                0x00003840                EZI2C_Slave_SetBuffer1
 .text.EZI2C_Slave_ISR
                0x00003890      0x1c4 .\CortexM3\ARM_GCC_493\Debug\freesoc.a(EZI2C_Slave_INT.o)
                0x00003890                EZI2C_Slave_ISR
 .text.Mainloop_Pin_Write
                0x00003a54       0x18 .\CortexM3\ARM_GCC_493\Debug\freesoc.a(Mainloop_Pin.o)
                0x00003a54                Mainloop_Pin_Write
 .text.EEPROM_Enable
                0x00003a6c        0xc .\CortexM3\ARM_GCC_493\Debug\freesoc.a(EEPROM.o)
                0x00003a6c                EEPROM_Enable
 .text.EEPROM_Start
                0x00003a78        0x8 .\CortexM3\ARM_GCC_493\Debug\freesoc.a(EEPROM.o)
                0x00003a78                EEPROM_Start
 .text.EEPROM_WriteByte
                0x00003a80       0xd4 .\CortexM3\ARM_GCC_493\Debug\freesoc.a(EEPROM.o)
                0x00003a80                EEPROM_WriteByte
 .text.EEPROM_Write
                0x00003b54       0xb4 .\CortexM3\ARM_GCC_493\Debug\freesoc.a(EEPROM.o)
                0x00003b54                EEPROM_Write
 .text.Right_QuadDec_Init
                0x00003c08       0x24 .\CortexM3\ARM_GCC_493\Debug\freesoc.a(Right_QuadDec.o)
                0x00003c08                Right_QuadDec_Init
 .text.Right_QuadDec_GetCounter
                0x00003c2c       0x2c .\CortexM3\ARM_GCC_493\Debug\freesoc.a(Right_QuadDec.o)
                0x00003c2c                Right_QuadDec_GetCounter
 .text.Right_QuadDec_SetCounter
                0x00003c58       0x28 .\CortexM3\ARM_GCC_493\Debug\freesoc.a(Right_QuadDec.o)
                0x00003c58                Right_QuadDec_SetCounter
 .text.Right_QuadDec_GetEvents
                0x00003c80       0x10 .\CortexM3\ARM_GCC_493\Debug\freesoc.a(Right_QuadDec.o)
                0x00003c80                Right_QuadDec_GetEvents
 .text.Right_QuadDec_SetInterruptMask
                0x00003c90       0x10 .\CortexM3\ARM_GCC_493\Debug\freesoc.a(Right_QuadDec.o)
                0x00003c90                Right_QuadDec_SetInterruptMask
 .text.Right_QuadDec_Enable
                0x00003ca0       0x30 .\CortexM3\ARM_GCC_493\Debug\freesoc.a(Right_QuadDec.o)
                0x00003ca0                Right_QuadDec_Enable
 .text.Right_QuadDec_Start
                0x00003cd0       0x34 .\CortexM3\ARM_GCC_493\Debug\freesoc.a(Right_QuadDec.o)
                0x00003cd0                Right_QuadDec_Start
 .text.Right_QuadDec_ISR
                0x00003d04       0x40 .\CortexM3\ARM_GCC_493\Debug\freesoc.a(Right_QuadDec_INT.o)
                0x00003d04                Right_QuadDec_ISR
 .text.Right_QuadDec_Cnt16_Enable
                0x00003d44       0x10 .\CortexM3\ARM_GCC_493\Debug\freesoc.a(Right_QuadDec_Cnt16.o)
                0x00003d44                Right_QuadDec_Cnt16_Enable
 .text.Right_QuadDec_Cnt16_SetInterruptMode
                0x00003d54        0xc .\CortexM3\ARM_GCC_493\Debug\freesoc.a(Right_QuadDec_Cnt16.o)
                0x00003d54                Right_QuadDec_Cnt16_SetInterruptMode
 .text.Right_QuadDec_Cnt16_ReadStatusRegister
                0x00003d60        0xc .\CortexM3\ARM_GCC_493\Debug\freesoc.a(Right_QuadDec_Cnt16.o)
                0x00003d60                Right_QuadDec_Cnt16_ReadStatusRegister
 .text.Right_QuadDec_Cnt16_WriteCounter
                0x00003d6c        0xc .\CortexM3\ARM_GCC_493\Debug\freesoc.a(Right_QuadDec_Cnt16.o)
                0x00003d6c                Right_QuadDec_Cnt16_WriteCounter
 .text.Right_QuadDec_Cnt16_ReadCounter
                0x00003d78       0x14 .\CortexM3\ARM_GCC_493\Debug\freesoc.a(Right_QuadDec_Cnt16.o)
                0x00003d78                Right_QuadDec_Cnt16_ReadCounter
 .text.Right_QuadDec_Cnt16_ReadCapture
                0x00003d8c        0xc .\CortexM3\ARM_GCC_493\Debug\freesoc.a(Right_QuadDec_Cnt16.o)
                0x00003d8c                Right_QuadDec_Cnt16_ReadCapture
 .text.Right_QuadDec_Cnt16_WritePeriod
                0x00003d98        0xc .\CortexM3\ARM_GCC_493\Debug\freesoc.a(Right_QuadDec_Cnt16.o)
                0x00003d98                Right_QuadDec_Cnt16_WritePeriod
 .text.Right_QuadDec_Cnt16_WriteCompare
                0x00003da4        0xc .\CortexM3\ARM_GCC_493\Debug\freesoc.a(Right_QuadDec_Cnt16.o)
                0x00003da4                Right_QuadDec_Cnt16_WriteCompare
 .text.Right_QuadDec_Cnt16_ClearFIFO
                0x00003db0       0x14 .\CortexM3\ARM_GCC_493\Debug\freesoc.a(Right_QuadDec_Cnt16.o)
                0x00003db0                Right_QuadDec_Cnt16_ClearFIFO
 .text.Right_QuadDec_Cnt16_Init
                0x00003dc4       0x58 .\CortexM3\ARM_GCC_493\Debug\freesoc.a(Right_QuadDec_Cnt16.o)
                0x00003dc4                Right_QuadDec_Cnt16_Init
 .text.Right_QuadDec_Cnt16_Start
                0x00003e1c       0x1c .\CortexM3\ARM_GCC_493\Debug\freesoc.a(Right_QuadDec_Cnt16.o)
                0x00003e1c                Right_QuadDec_Cnt16_Start
 .text.Left_QuadDec_Init
                0x00003e38       0x24 .\CortexM3\ARM_GCC_493\Debug\freesoc.a(Left_QuadDec.o)
                0x00003e38                Left_QuadDec_Init
 .text.Left_QuadDec_GetCounter
                0x00003e5c       0x2c .\CortexM3\ARM_GCC_493\Debug\freesoc.a(Left_QuadDec.o)
                0x00003e5c                Left_QuadDec_GetCounter
 .text.Left_QuadDec_SetCounter
                0x00003e88       0x28 .\CortexM3\ARM_GCC_493\Debug\freesoc.a(Left_QuadDec.o)
                0x00003e88                Left_QuadDec_SetCounter
 .text.Left_QuadDec_GetEvents
                0x00003eb0       0x10 .\CortexM3\ARM_GCC_493\Debug\freesoc.a(Left_QuadDec.o)
                0x00003eb0                Left_QuadDec_GetEvents
 .text.Left_QuadDec_SetInterruptMask
                0x00003ec0       0x10 .\CortexM3\ARM_GCC_493\Debug\freesoc.a(Left_QuadDec.o)
                0x00003ec0                Left_QuadDec_SetInterruptMask
 .text.Left_QuadDec_Enable
                0x00003ed0       0x30 .\CortexM3\ARM_GCC_493\Debug\freesoc.a(Left_QuadDec.o)
                0x00003ed0                Left_QuadDec_Enable
 .text.Left_QuadDec_Start
                0x00003f00       0x34 .\CortexM3\ARM_GCC_493\Debug\freesoc.a(Left_QuadDec.o)
                0x00003f00                Left_QuadDec_Start
 .text.Left_QuadDec_ISR
                0x00003f34       0x40 .\CortexM3\ARM_GCC_493\Debug\freesoc.a(Left_QuadDec_INT.o)
                0x00003f34                Left_QuadDec_ISR
 .text.Left_QuadDec_Cnt16_Enable
                0x00003f74       0x10 .\CortexM3\ARM_GCC_493\Debug\freesoc.a(Left_QuadDec_Cnt16.o)
                0x00003f74                Left_QuadDec_Cnt16_Enable
 .text.Left_QuadDec_Cnt16_SetInterruptMode
                0x00003f84        0xc .\CortexM3\ARM_GCC_493\Debug\freesoc.a(Left_QuadDec_Cnt16.o)
                0x00003f84                Left_QuadDec_Cnt16_SetInterruptMode
 .text.Left_QuadDec_Cnt16_ReadStatusRegister
                0x00003f90        0xc .\CortexM3\ARM_GCC_493\Debug\freesoc.a(Left_QuadDec_Cnt16.o)
                0x00003f90                Left_QuadDec_Cnt16_ReadStatusRegister
 .text.Left_QuadDec_Cnt16_WriteCounter
                0x00003f9c        0xc .\CortexM3\ARM_GCC_493\Debug\freesoc.a(Left_QuadDec_Cnt16.o)
                0x00003f9c                Left_QuadDec_Cnt16_WriteCounter
 .text.Left_QuadDec_Cnt16_ReadCounter
                0x00003fa8       0x14 .\CortexM3\ARM_GCC_493\Debug\freesoc.a(Left_QuadDec_Cnt16.o)
                0x00003fa8                Left_QuadDec_Cnt16_ReadCounter
 .text.Left_QuadDec_Cnt16_ReadCapture
                0x00003fbc        0xc .\CortexM3\ARM_GCC_493\Debug\freesoc.a(Left_QuadDec_Cnt16.o)
                0x00003fbc                Left_QuadDec_Cnt16_ReadCapture
 .text.Left_QuadDec_Cnt16_WritePeriod
                0x00003fc8        0xc .\CortexM3\ARM_GCC_493\Debug\freesoc.a(Left_QuadDec_Cnt16.o)
                0x00003fc8                Left_QuadDec_Cnt16_WritePeriod
 .text.Left_QuadDec_Cnt16_WriteCompare
                0x00003fd4        0xc .\CortexM3\ARM_GCC_493\Debug\freesoc.a(Left_QuadDec_Cnt16.o)
                0x00003fd4                Left_QuadDec_Cnt16_WriteCompare
 .text.Left_QuadDec_Cnt16_ClearFIFO
                0x00003fe0       0x14 .\CortexM3\ARM_GCC_493\Debug\freesoc.a(Left_QuadDec_Cnt16.o)
                0x00003fe0                Left_QuadDec_Cnt16_ClearFIFO
 .text.Left_QuadDec_Cnt16_Init
                0x00003ff4       0x58 .\CortexM3\ARM_GCC_493\Debug\freesoc.a(Left_QuadDec_Cnt16.o)
                0x00003ff4                Left_QuadDec_Cnt16_Init
 .text.Left_QuadDec_Cnt16_Start
                0x0000404c       0x1c .\CortexM3\ARM_GCC_493\Debug\freesoc.a(Left_QuadDec_Cnt16.o)
                0x0000404c                Left_QuadDec_Cnt16_Start
 .text.USBUART_Init
                0x00004068      0x140 .\CortexM3\ARM_GCC_493\Debug\freesoc.a(USBUART.o)
                0x00004068                USBUART_Init
 .text.USBUART_InitComponent
                0x000041a8       0xd0 .\CortexM3\ARM_GCC_493\Debug\freesoc.a(USBUART.o)
                0x000041a8                USBUART_InitComponent
 .text.USBUART_Start
                0x00004278       0x24 .\CortexM3\ARM_GCC_493\Debug\freesoc.a(USBUART.o)
                0x00004278                USBUART_Start
 .text.USBUART_ReInitComponent
                0x0000429c       0x64 .\CortexM3\ARM_GCC_493\Debug\freesoc.a(USBUART.o)
                0x0000429c                USBUART_ReInitComponent
 .text.USBUART_GetConfiguration
                0x00004300        0xc .\CortexM3\ARM_GCC_493\Debug\freesoc.a(USBUART.o)
                0x00004300                USBUART_GetConfiguration
 .text.USBUART_IsConfigurationChanged
                0x0000430c       0x20 .\CortexM3\ARM_GCC_493\Debug\freesoc.a(USBUART.o)
                0x0000430c                USBUART_IsConfigurationChanged
 .text.USBUART_GetEPState
                0x0000432c       0x14 .\CortexM3\ARM_GCC_493\Debug\freesoc.a(USBUART.o)
                0x0000432c                USBUART_GetEPState
 .text.USBUART_GetEPCount
                0x00004340       0x28 .\CortexM3\ARM_GCC_493\Debug\freesoc.a(USBUART.o)
                0x00004340                USBUART_GetEPCount
 .text.USBUART_LoadInEP
                0x00004368       0x94 .\CortexM3\ARM_GCC_493\Debug\freesoc.a(USBUART.o)
                0x00004368                USBUART_LoadInEP
 .text.USBUART_EnableOutEP
                0x000043fc       0x2c .\CortexM3\ARM_GCC_493\Debug\freesoc.a(USBUART.o)
                0x000043fc                USBUART_EnableOutEP
 .text.USBUART_ReadOutEP
                0x00004428       0x50 .\CortexM3\ARM_GCC_493\Debug\freesoc.a(USBUART.o)
                0x00004428                USBUART_ReadOutEP
 .text.USBUART_StrLen
                0x00004478       0x14 .\CortexM3\ARM_GCC_493\Debug\freesoc.a(USBUART_cdc.o)
 .text.USBUART_GetInterfaceComPort
                0x0000448c       0x3c .\CortexM3\ARM_GCC_493\Debug\freesoc.a(USBUART_cdc.o)
                0x0000448c                USBUART_GetInterfaceComPort
 .text.USBUART_DispatchCDCClassRqst
                0x000044c8       0x98 .\CortexM3\ARM_GCC_493\Debug\freesoc.a(USBUART_cdc.o)
                0x000044c8                USBUART_DispatchCDCClassRqst
 .text.USBUART_CDC_Init
                0x00004560       0x98 .\CortexM3\ARM_GCC_493\Debug\freesoc.a(USBUART_cdc.o)
                0x00004560                USBUART_CDC_Init
 .text.USBUART_PutString
                0x000045f8       0x9c .\CortexM3\ARM_GCC_493\Debug\freesoc.a(USBUART_cdc.o)
                0x000045f8                USBUART_PutString
 .text.USBUART_PutChar
                0x00004694       0x28 .\CortexM3\ARM_GCC_493\Debug\freesoc.a(USBUART_cdc.o)
                0x00004694                USBUART_PutChar
 .text.USBUART_DataIsReady
                0x000046bc       0x18 .\CortexM3\ARM_GCC_493\Debug\freesoc.a(USBUART_cdc.o)
                0x000046bc                USBUART_DataIsReady
 .text.USBUART_CDCIsReady
                0x000046d4       0x18 .\CortexM3\ARM_GCC_493\Debug\freesoc.a(USBUART_cdc.o)
                0x000046d4                USBUART_CDCIsReady
 .text.USBUART_GetChar
                0x000046ec       0x28 .\CortexM3\ARM_GCC_493\Debug\freesoc.a(USBUART_cdc.o)
                0x000046ec                USBUART_GetChar
 .text.USBUART_Cdc_EpInit
                0x00004714       0x50 .\CortexM3\ARM_GCC_493\Debug\freesoc.a(USBUART_cdc.o)
                0x00004714                USBUART_Cdc_EpInit
 .text.USBUART_LoadEP0
                0x00004764       0x94 .\CortexM3\ARM_GCC_493\Debug\freesoc.a(USBUART_drv.o)
                0x00004764                USBUART_LoadEP0
 .text.USBUART_InitZeroLengthControlTransfer
                0x000047f8       0x34 .\CortexM3\ARM_GCC_493\Debug\freesoc.a(USBUART_drv.o)
                0x000047f8                USBUART_InitZeroLengthControlTransfer
 .text.USBUART_ControlReadDataStage
                0x0000482c        0x8 .\CortexM3\ARM_GCC_493\Debug\freesoc.a(USBUART_drv.o)
                0x0000482c                USBUART_ControlReadDataStage
 .text.USBUART_ControlWriteDataStage
                0x00004834       0x80 .\CortexM3\ARM_GCC_493\Debug\freesoc.a(USBUART_drv.o)
                0x00004834                USBUART_ControlWriteDataStage
 .text.USBUART_InitNoDataControlTransfer
                0x000048b4       0x2c .\CortexM3\ARM_GCC_493\Debug\freesoc.a(USBUART_drv.o)
                0x000048b4                USBUART_InitNoDataControlTransfer
 .text.USBUART_UpdateStatusBlock
                0x000048e0       0x24 .\CortexM3\ARM_GCC_493\Debug\freesoc.a(USBUART_drv.o)
                0x000048e0                USBUART_UpdateStatusBlock
 .text.USBUART_HandleSetup
                0x00004904       0x5c .\CortexM3\ARM_GCC_493\Debug\freesoc.a(USBUART_drv.o)
                0x00004904                USBUART_HandleSetup
 .text.USBUART_ControlReadStatusStage
                0x00004960       0x34 .\CortexM3\ARM_GCC_493\Debug\freesoc.a(USBUART_drv.o)
                0x00004960                USBUART_ControlReadStatusStage
 .text.USBUART_HandleOUT
                0x00004994       0x38 .\CortexM3\ARM_GCC_493\Debug\freesoc.a(USBUART_drv.o)
                0x00004994                USBUART_HandleOUT
 .text.USBUART_ControlWriteStatusStage
                0x000049cc       0x20 .\CortexM3\ARM_GCC_493\Debug\freesoc.a(USBUART_drv.o)
                0x000049cc                USBUART_ControlWriteStatusStage
 .text.USBUART_NoDataControlStatusStage
                0x000049ec       0x40 .\CortexM3\ARM_GCC_493\Debug\freesoc.a(USBUART_drv.o)
                0x000049ec                USBUART_NoDataControlStatusStage
 .text.USBUART_HandleIN
                0x00004a2c       0x2c .\CortexM3\ARM_GCC_493\Debug\freesoc.a(USBUART_drv.o)
                0x00004a2c                USBUART_HandleIN
 .text.USBUART_EP_0_ISR
                0x00004a58       0xb8 .\CortexM3\ARM_GCC_493\Debug\freesoc.a(USBUART_drv.o)
                0x00004a58                USBUART_EP_0_ISR
 .text.USBUART_InitializeStatusBlock
                0x00004b10       0x24 .\CortexM3\ARM_GCC_493\Debug\freesoc.a(USBUART_drv.o)
                0x00004b10                USBUART_InitializeStatusBlock
 .text.USBUART_InitControlRead
                0x00004b34       0x50 .\CortexM3\ARM_GCC_493\Debug\freesoc.a(USBUART_drv.o)
                0x00004b34                USBUART_InitControlRead
 .text.USBUART_InitControlWrite
                0x00004b84       0x48 .\CortexM3\ARM_GCC_493\Debug\freesoc.a(USBUART_drv.o)
                0x00004b84                USBUART_InitControlWrite
 .text.USBUART_EP_1_ISR
                0x00004bcc       0x38 .\CortexM3\ARM_GCC_493\Debug\freesoc.a(USBUART_episr.o)
                0x00004bcc                USBUART_EP_1_ISR
 .text.USBUART_EP_2_ISR
                0x00004c04       0x3c .\CortexM3\ARM_GCC_493\Debug\freesoc.a(USBUART_episr.o)
                0x00004c04                USBUART_EP_2_ISR
 .text.USBUART_EP_3_ISR
                0x00004c40       0x44 .\CortexM3\ARM_GCC_493\Debug\freesoc.a(USBUART_episr.o)
                0x00004c40                USBUART_EP_3_ISR
 .text.USBUART_SOF_ISR
                0x00004c84        0x4 .\CortexM3\ARM_GCC_493\Debug\freesoc.a(USBUART_episr.o)
                0x00004c84                USBUART_SOF_ISR
 .text.USBUART_BUS_RESET_ISR
                0x00004c88        0x8 .\CortexM3\ARM_GCC_493\Debug\freesoc.a(USBUART_episr.o)
                0x00004c88                USBUART_BUS_RESET_ISR
 .text.USBUART_FindHidClassDecriptor
                0x00004c90       0x40 .\CortexM3\ARM_GCC_493\Debug\freesoc.a(USBUART_hid.o)
                0x00004c90                USBUART_FindHidClassDecriptor
 .text.USBUART_FindReportDescriptor
                0x00004cd0       0x48 .\CortexM3\ARM_GCC_493\Debug\freesoc.a(USBUART_hid.o)
                0x00004cd0                USBUART_FindReportDescriptor
 .text.USBUART_FindReport
                0x00004d18       0x7c .\CortexM3\ARM_GCC_493\Debug\freesoc.a(USBUART_hid.o)
                0x00004d18                USBUART_FindReport
 .text.USBUART_DispatchHIDClassRqst
                0x00004d94      0x184 .\CortexM3\ARM_GCC_493\Debug\freesoc.a(USBUART_hid.o)
                0x00004d94                USBUART_DispatchHIDClassRqst
 .text.USBUART_DP_ISR
                0x00004f18        0x8 .\CortexM3\ARM_GCC_493\Debug\freesoc.a(USBUART_pm.o)
                0x00004f18                USBUART_DP_ISR
 .text.USBUART_ReadDieID
                0x00004f20       0x6c .\CortexM3\ARM_GCC_493\Debug\freesoc.a(USBUART_std.o)
                0x00004f20                USBUART_ReadDieID
 .text.USBUART_ConfigReg
                0x00004f8c       0xa4 .\CortexM3\ARM_GCC_493\Debug\freesoc.a(USBUART_std.o)
                0x00004f8c                USBUART_ConfigReg
 .text.USBUART_GetConfigTablePtr
                0x00005030       0x28 .\CortexM3\ARM_GCC_493\Debug\freesoc.a(USBUART_std.o)
                0x00005030                USBUART_GetConfigTablePtr
 .text.USBUART_ConfigAltChanged
                0x00005058      0x11c .\CortexM3\ARM_GCC_493\Debug\freesoc.a(USBUART_std.o)
                0x00005058                USBUART_ConfigAltChanged
 .text.USBUART_GetDeviceTablePtr
                0x00005174       0x18 .\CortexM3\ARM_GCC_493\Debug\freesoc.a(USBUART_std.o)
                0x00005174                USBUART_GetDeviceTablePtr
 .text.USBUART_GetInterfaceClassTablePtr
                0x0000518c       0x24 .\CortexM3\ARM_GCC_493\Debug\freesoc.a(USBUART_std.o)
                0x0000518c                USBUART_GetInterfaceClassTablePtr
 .text.USBUART_Config
                0x000051b0      0x1dc .\CortexM3\ARM_GCC_493\Debug\freesoc.a(USBUART_std.o)
                0x000051b0                USBUART_Config
 .text.USBUART_SetEndpointHalt
                0x0000538c       0x64 .\CortexM3\ARM_GCC_493\Debug\freesoc.a(USBUART_std.o)
                0x0000538c                USBUART_SetEndpointHalt
 .text.USBUART_ClearEndpointHalt
                0x000053f0       0xa8 .\CortexM3\ARM_GCC_493\Debug\freesoc.a(USBUART_std.o)
                0x000053f0                USBUART_ClearEndpointHalt
 .text.USBUART_ValidateAlternateSetting
                0x00005498       0x4c .\CortexM3\ARM_GCC_493\Debug\freesoc.a(USBUART_std.o)
                0x00005498                USBUART_ValidateAlternateSetting
 .text.USBUART_HandleStandardRqst
                0x000054e4      0x35c .\CortexM3\ARM_GCC_493\Debug\freesoc.a(USBUART_std.o)
                0x000054e4                USBUART_HandleStandardRqst
 .text.USBUART_HandleVendorRqst
                0x00005840       0x3c .\CortexM3\ARM_GCC_493\Debug\freesoc.a(USBUART_vnd.o)
                0x00005840                USBUART_HandleVendorRqst
 .text.USBUART_Dp_ClearInterrupt
                0x0000587c       0x10 .\CortexM3\ARM_GCC_493\Debug\freesoc.a(USBUART_Dp.o)
                0x0000587c                USBUART_Dp_ClearInterrupt
 .text.SPIM_EnableRxInt
                0x0000588c        0xc .\CortexM3\ARM_GCC_493\Debug\freesoc.a(SPIM.o)
                0x0000588c                SPIM_EnableRxInt
 .text.SPIM_Enable
                0x00005898       0x38 .\CortexM3\ARM_GCC_493\Debug\freesoc.a(SPIM.o)
                0x00005898                SPIM_Enable
 .text.SPIM_DisableRxInt
                0x000058d0        0xc .\CortexM3\ARM_GCC_493\Debug\freesoc.a(SPIM.o)
                0x000058d0                SPIM_DisableRxInt
 .text.SPIM_ReadTxStatus
                0x000058dc        0xc .\CortexM3\ARM_GCC_493\Debug\freesoc.a(SPIM.o)
                0x000058dc                SPIM_ReadTxStatus
 .text.SPIM_ReadRxStatus
                0x000058e8       0x28 .\CortexM3\ARM_GCC_493\Debug\freesoc.a(SPIM.o)
                0x000058e8                SPIM_ReadRxStatus
 .text.SPIM_WriteTxData
                0x00005910       0x18 .\CortexM3\ARM_GCC_493\Debug\freesoc.a(SPIM.o)
                0x00005910                SPIM_WriteTxData
 .text.SPIM_ReadRxData
                0x00005928       0x64 .\CortexM3\ARM_GCC_493\Debug\freesoc.a(SPIM.o)
                0x00005928                SPIM_ReadRxData
 .text.SPIM_GetTxBufferSize
                0x0000598c       0x24 .\CortexM3\ARM_GCC_493\Debug\freesoc.a(SPIM.o)
                0x0000598c                SPIM_GetTxBufferSize
 .text.SPIM_ClearRxBuffer
                0x000059b0       0x40 .\CortexM3\ARM_GCC_493\Debug\freesoc.a(SPIM.o)
                0x000059b0                SPIM_ClearRxBuffer
 .text.SPIM_ClearTxBuffer
                0x000059f0       0x24 .\CortexM3\ARM_GCC_493\Debug\freesoc.a(SPIM.o)
                0x000059f0                SPIM_ClearTxBuffer
 .text.SPIM_PutArray
                0x00005a14       0x20 .\CortexM3\ARM_GCC_493\Debug\freesoc.a(SPIM.o)
                0x00005a14                SPIM_PutArray
 .text.SPIM_ClearFIFO
                0x00005a34       0x3c .\CortexM3\ARM_GCC_493\Debug\freesoc.a(SPIM.o)
                0x00005a34                SPIM_ClearFIFO
 .text.SPIM_Init
                0x00005a70       0x64 .\CortexM3\ARM_GCC_493\Debug\freesoc.a(SPIM.o)
                0x00005a70                SPIM_Init
 .text.SPIM_Start
                0x00005ad4       0x1c .\CortexM3\ARM_GCC_493\Debug\freesoc.a(SPIM.o)
                0x00005ad4                SPIM_Start
 .text.SPIM_RX_ISR
                0x00005af0       0xa0 .\CortexM3\ARM_GCC_493\Debug\freesoc.a(SPIM_INT.o)
                0x00005af0                SPIM_RX_ISR
 .text.Slave_Select_Write
                0x00005b90        0xc .\CortexM3\ARM_GCC_493\Debug\freesoc.a(Slave_Select.o)
                0x00005b90                Slave_Select_Write
 .text.CyFlashGetSpcAlgorithm
                0x00005b9c       0x4c .\CortexM3\ARM_GCC_493\Debug\freesoc.a(CyFlash.o)
 .text.CySetTempInt
                0x00005be8       0x60 .\CortexM3\ARM_GCC_493\Debug\freesoc.a(CyFlash.o)
 .text.CySetTemp
                0x00005c48       0x14 .\CortexM3\ARM_GCC_493\Debug\freesoc.a(CyFlash.o)
                0x00005c48                CySetTemp
 .text.CyEEPROM_Start
                0x00005c5c       0x54 .\CortexM3\ARM_GCC_493\Debug\freesoc.a(CyFlash.o)
                0x00005c5c                CyEEPROM_Start
 .text.CySpcStart
                0x00005cb0       0x24 .\CortexM3\ARM_GCC_493\Debug\freesoc.a(CySpc.o)
                0x00005cb0                CySpcStart
 .text.CySpcReadData
                0x00005cd4       0x34 .\CortexM3\ARM_GCC_493\Debug\freesoc.a(CySpc.o)
                0x00005cd4                CySpcReadData
 .text.CySpcLoadMultiByte
                0x00005d08       0x78 .\CortexM3\ARM_GCC_493\Debug\freesoc.a(CySpc.o)
                0x00005d08                CySpcLoadMultiByte
 .text.CySpcLoadRow
                0x00005d80       0x54 .\CortexM3\ARM_GCC_493\Debug\freesoc.a(CySpc.o)
                0x00005d80                CySpcLoadRow
 .text.CySpcWriteRow
                0x00005dd4       0x4c .\CortexM3\ARM_GCC_493\Debug\freesoc.a(CySpc.o)
                0x00005dd4                CySpcWriteRow
 .text.CySpcGetTemp
                0x00005e20       0x3c .\CortexM3\ARM_GCC_493\Debug\freesoc.a(CySpc.o)
                0x00005e20                CySpcGetTemp
 .text.CySpcLock
                0x00005e5c       0x4c .\CortexM3\ARM_GCC_493\Debug\freesoc.a(CySpc.o)
                0x00005e5c                CySpcLock
 .text.CySpcUnlock
                0x00005ea8       0x38 .\CortexM3\ARM_GCC_493\Debug\freesoc.a(CySpc.o)
                0x00005ea8                CySpcUnlock
 .text.CySpcGetAlgorithm
                0x00005ee0       0x28 .\CortexM3\ARM_GCC_493\Debug\freesoc.a(CySpc.o)
                0x00005ee0                CySpcGetAlgorithm
 .text.USBUART_DispatchClassRqst
                0x00005f08       0x60 .\CortexM3\ARM_GCC_493\Debug\freesoc.a(USBUART_cls.o)
                0x00005f08                USBUART_DispatchClassRqst
 .text.__fpclassifyf
                0x00005f68       0x34 c:/program files (x86)/cypress/psoc creator/3.3/psoc creator/import/gnu/arm/4.9.3/bin/../lib/gcc/arm-none-eabi/4.9.3/../../../../arm-none-eabi/lib/armv7-m\libm.a(lib_a-sf_fpclassify.o)
                0x00005f68                __fpclassifyf
 .text.pow      0x00005f9c      0x2f0 c:/program files (x86)/cypress/psoc creator/3.3/psoc creator/import/gnu/arm/4.9.3/bin/../lib/gcc/arm-none-eabi/4.9.3/../../../../arm-none-eabi/lib/armv7-m\libm.a(lib_a-w_pow.o)
                0x00005f9c                pow
 *fill*         0x0000628c        0x4 
 .text.__ieee754_pow
                0x00006290      0xaa0 c:/program files (x86)/cypress/psoc creator/3.3/psoc creator/import/gnu/arm/4.9.3/bin/../lib/gcc/arm-none-eabi/4.9.3/../../../../arm-none-eabi/lib/armv7-m\libm.a(lib_a-e_pow.o)
                0x00006290                __ieee754_pow
 .text.__ieee754_sqrt
                0x00006d30      0x18c c:/program files (x86)/cypress/psoc creator/3.3/psoc creator/import/gnu/arm/4.9.3/bin/../lib/gcc/arm-none-eabi/4.9.3/../../../../arm-none-eabi/lib/armv7-m\libm.a(lib_a-e_sqrt.o)
                0x00006d30                __ieee754_sqrt
 .text.fabs     0x00006ebc        0x8 c:/program files (x86)/cypress/psoc creator/3.3/psoc creator/import/gnu/arm/4.9.3/bin/../lib/gcc/arm-none-eabi/4.9.3/../../../../arm-none-eabi/lib/armv7-m\libm.a(lib_a-s_fabs.o)
                0x00006ebc                fabs
 .text.finite   0x00006ec4        0xc c:/program files (x86)/cypress/psoc creator/3.3/psoc creator/import/gnu/arm/4.9.3/bin/../lib/gcc/arm-none-eabi/4.9.3/../../../../arm-none-eabi/lib/armv7-m\libm.a(lib_a-s_finite.o)
                0x00006ec4                finite
 .text.__fpclassifyd
                0x00006ed0       0x58 c:/program files (x86)/cypress/psoc creator/3.3/psoc creator/import/gnu/arm/4.9.3/bin/../lib/gcc/arm-none-eabi/4.9.3/../../../../arm-none-eabi/lib/armv7-m\libm.a(lib_a-s_fpclassify.o)
                0x00006ed0                __fpclassifyd
 .text.matherr  0x00006f28        0x4 c:/program files (x86)/cypress/psoc creator/3.3/psoc creator/import/gnu/arm/4.9.3/bin/../lib/gcc/arm-none-eabi/4.9.3/../../../../arm-none-eabi/lib/armv7-m\libm.a(lib_a-s_matherr.o)
                0x00006f28                matherr
 .text.nan      0x00006f2c        0xc c:/program files (x86)/cypress/psoc creator/3.3/psoc creator/import/gnu/arm/4.9.3/bin/../lib/gcc/arm-none-eabi/4.9.3/../../../../arm-none-eabi/lib/armv7-m\libm.a(lib_a-s_nan.o)
                0x00006f2c                nan
 .text.rint     0x00006f38      0x11c c:/program files (x86)/cypress/psoc creator/3.3/psoc creator/import/gnu/arm/4.9.3/bin/../lib/gcc/arm-none-eabi/4.9.3/../../../../arm-none-eabi/lib/armv7-m\libm.a(lib_a-s_rint.o)
                0x00006f38                rint
 *fill*         0x00007054        0x4 
 .text.scalbn   0x00007058       0xf0 c:/program files (x86)/cypress/psoc creator/3.3/psoc creator/import/gnu/arm/4.9.3/bin/../lib/gcc/arm-none-eabi/4.9.3/../../../../arm-none-eabi/lib/armv7-m\libm.a(lib_a-s_scalbn.o)
                0x00007058                scalbn
 .text.copysign
                0x00007148       0x10 c:/program files (x86)/cypress/psoc creator/3.3/psoc creator/import/gnu/arm/4.9.3/bin/../lib/gcc/arm-none-eabi/4.9.3/../../../../arm-none-eabi/lib/armv7-m\libm.a(lib_a-s_copysign.o)
                0x00007148                copysign
 .text          0x00007158      0x370 c:/program files (x86)/cypress/psoc creator/3.3/psoc creator/import/gnu/arm/4.9.3/bin/../lib/gcc/arm-none-eabi/4.9.3/armv7-m\libgcc.a(_arm_addsubdf3.o)
                0x00007158                __aeabi_drsub
                0x00007160                __aeabi_dsub
                0x00007160                __subdf3
                0x00007164                __aeabi_dadd
                0x00007164                __adddf3
                0x000073dc                __floatunsidf
                0x000073dc                __aeabi_ui2d
                0x000073fc                __floatsidf
                0x000073fc                __aeabi_i2d
                0x00007420                __aeabi_f2d
                0x00007420                __extendsfdf2
                0x0000745c                __floatundidf
                0x0000745c                __aeabi_ul2d
                0x0000746c                __floatdidf
                0x0000746c                __aeabi_l2d
 .text          0x000074c8      0x424 c:/program files (x86)/cypress/psoc creator/3.3/psoc creator/import/gnu/arm/4.9.3/bin/../lib/gcc/arm-none-eabi/4.9.3/armv7-m\libgcc.a(_arm_muldivdf3.o)
                0x000074c8                __aeabi_dmul
                0x000074c8                __muldf3
                0x0000771c                __divdf3
                0x0000771c                __aeabi_ddiv
 .text          0x000078ec      0x110 c:/program files (x86)/cypress/psoc creator/3.3/psoc creator/import/gnu/arm/4.9.3/bin/../lib/gcc/arm-none-eabi/4.9.3/armv7-m\libgcc.a(_arm_cmpdf2.o)
                0x000078ec                __gtdf2
                0x000078ec                __gedf2
                0x000078f4                __ltdf2
                0x000078f4                __ledf2
                0x000078fc                __nedf2
                0x000078fc                __eqdf2
                0x000078fc                __cmpdf2
                0x00007978                __aeabi_cdrcmple
                0x00007988                __aeabi_cdcmpeq
                0x00007988                __aeabi_cdcmple
                0x00007998                __aeabi_dcmpeq
                0x000079ac                __aeabi_dcmplt
                0x000079c0                __aeabi_dcmple
                0x000079d4                __aeabi_dcmpge
                0x000079e8                __aeabi_dcmpgt
 .text          0x000079fc       0x50 c:/program files (x86)/cypress/psoc creator/3.3/psoc creator/import/gnu/arm/4.9.3/bin/../lib/gcc/arm-none-eabi/4.9.3/armv7-m\libgcc.a(_arm_fixdfsi.o)
                0x000079fc                __aeabi_d2iz
                0x000079fc                __fixdfsi
 .text          0x00007a4c       0xa0 c:/program files (x86)/cypress/psoc creator/3.3/psoc creator/import/gnu/arm/4.9.3/bin/../lib/gcc/arm-none-eabi/4.9.3/armv7-m\libgcc.a(_arm_truncdfsf2.o)
                0x00007a4c                __truncdfsf2
                0x00007a4c                __aeabi_d2f
 .text          0x00007aec      0x21c c:/program files (x86)/cypress/psoc creator/3.3/psoc creator/import/gnu/arm/4.9.3/bin/../lib/gcc/arm-none-eabi/4.9.3/armv7-m\libgcc.a(_arm_addsubsf3.o)
                0x00007aec                __aeabi_frsub
                0x00007af4                __subsf3
                0x00007af4                __aeabi_fsub
                0x00007af8                __aeabi_fadd
                0x00007af8                __addsf3
                0x00007c58                __aeabi_ui2f
                0x00007c58                __floatunsisf
                0x00007c60                __aeabi_i2f
                0x00007c60                __floatsisf
                0x00007c7c                __aeabi_ul2f
                0x00007c7c                __floatundisf
                0x00007c8c                __aeabi_l2f
                0x00007c8c                __floatdisf
 .text          0x00007d08      0x2a0 c:/program files (x86)/cypress/psoc creator/3.3/psoc creator/import/gnu/arm/4.9.3/bin/../lib/gcc/arm-none-eabi/4.9.3/armv7-m\libgcc.a(_arm_muldivsf3.o)
                0x00007d08                __mulsf3
                0x00007d08                __aeabi_fmul
                0x00007e70                __aeabi_fdiv
                0x00007e70                __divsf3
 .text          0x00007fa8       0xec c:/program files (x86)/cypress/psoc creator/3.3/psoc creator/import/gnu/arm/4.9.3/bin/../lib/gcc/arm-none-eabi/4.9.3/armv7-m\libgcc.a(_arm_cmpsf2.o)
                0x00007fa8                __gesf2
                0x00007fa8                __gtsf2
                0x00007fb0                __lesf2
                0x00007fb0                __ltsf2
                0x00007fb8                __nesf2
                0x00007fb8                __eqsf2
                0x00007fb8                __cmpsf2
                0x00008018                __aeabi_cfrcmple
                0x00008020                __aeabi_cfcmpeq
                0x00008020                __aeabi_cfcmple
                0x00008030                __aeabi_fcmpeq
                0x00008044                __aeabi_fcmplt
                0x00008058                __aeabi_fcmple
                0x0000806c                __aeabi_fcmpge
                0x00008080                __aeabi_fcmpgt
 .text          0x00008094       0x4c c:/program files (x86)/cypress/psoc creator/3.3/psoc creator/import/gnu/arm/4.9.3/bin/../lib/gcc/arm-none-eabi/4.9.3/armv7-m\libgcc.a(_arm_fixsfsi.o)
                0x00008094                __aeabi_f2iz
                0x00008094                __fixsfsi
 .text.__assert_func
                0x000080e0       0x38 c:/program files (x86)/cypress/psoc creator/3.3/psoc creator/import/gnu/arm/4.9.3/bin/../lib/gcc/arm-none-eabi/4.9.3/../../../../arm-none-eabi/lib/armv7-m\libg_nano.a(lib_a-assert.o)
                0x000080e0                __assert_func
 .text.atof     0x00008118        0x6 c:/program files (x86)/cypress/psoc creator/3.3/psoc creator/import/gnu/arm/4.9.3/bin/../lib/gcc/arm-none-eabi/4.9.3/../../../../arm-none-eabi/lib/armv7-m\libg_nano.a(lib_a-atof.o)
                0x00008118                atof
 *fill*         0x0000811e        0x2 
 .text.__errno  0x00008120        0xc c:/program files (x86)/cypress/psoc creator/3.3/psoc creator/import/gnu/arm/4.9.3/bin/../lib/gcc/arm-none-eabi/4.9.3/../../../../arm-none-eabi/lib/armv7-m\libg_nano.a(lib_a-errno.o)
                0x00008120                __errno
 .text.fprintf  0x0000812c       0x24 c:/program files (x86)/cypress/psoc creator/3.3/psoc creator/import/gnu/arm/4.9.3/bin/../lib/gcc/arm-none-eabi/4.9.3/../../../../arm-none-eabi/lib/armv7-m\libg_nano.a(lib_a-fprintf.o)
                0x0000812c                fiprintf
                0x0000812c                fprintf
 .text.__libc_init_array
                0x00008150       0x4c c:/program files (x86)/cypress/psoc creator/3.3/psoc creator/import/gnu/arm/4.9.3/bin/../lib/gcc/arm-none-eabi/4.9.3/../../../../arm-none-eabi/lib/armv7-m\libg_nano.a(lib_a-init.o)
                0x00008150                __libc_init_array
 .text.__itoa   0x0000819c       0x2e c:/program files (x86)/cypress/psoc creator/3.3/psoc creator/import/gnu/arm/4.9.3/bin/../lib/gcc/arm-none-eabi/4.9.3/../../../../arm-none-eabi/lib/armv7-m\libg_nano.a(lib_a-itoa.o)
                0x0000819c                __itoa
 .text.itoa     0x000081ca        0x4 c:/program files (x86)/cypress/psoc creator/3.3/psoc creator/import/gnu/arm/4.9.3/bin/../lib/gcc/arm-none-eabi/4.9.3/../../../../arm-none-eabi/lib/armv7-m\libg_nano.a(lib_a-itoa.o)
                0x000081ca                itoa
 .text.memcpy   0x000081ce       0x16 c:/program files (x86)/cypress/psoc creator/3.3/psoc creator/import/gnu/arm/4.9.3/bin/../lib/gcc/arm-none-eabi/4.9.3/../../../../arm-none-eabi/lib/armv7-m\libg_nano.a(lib_a-memcpy.o)
                0x000081ce                memcpy
 .text.memset   0x000081e4       0x10 c:/program files (x86)/cypress/psoc creator/3.3/psoc creator/import/gnu/arm/4.9.3/bin/../lib/gcc/arm-none-eabi/4.9.3/../../../../arm-none-eabi/lib/armv7-m\libg_nano.a(lib_a-memset.o)
                0x000081e4                memset
 .text.__sfputc_r
                0x000081f4       0x2c c:/program files (x86)/cypress/psoc creator/3.3/psoc creator/import/gnu/arm/4.9.3/bin/../lib/gcc/arm-none-eabi/4.9.3/../../../../arm-none-eabi/lib/armv7-m\libg_nano.a(lib_a-nano-vfprintf.o)
 .text.__sfputs_r
                0x00008220       0x24 c:/program files (x86)/cypress/psoc creator/3.3/psoc creator/import/gnu/arm/4.9.3/bin/../lib/gcc/arm-none-eabi/4.9.3/../../../../arm-none-eabi/lib/armv7-m\libg_nano.a(lib_a-nano-vfprintf.o)
                0x00008220                __sfputs_r
 .text._vfprintf_r
                0x00008244      0x210 c:/program files (x86)/cypress/psoc creator/3.3/psoc creator/import/gnu/arm/4.9.3/bin/../lib/gcc/arm-none-eabi/4.9.3/../../../../arm-none-eabi/lib/armv7-m\libg_nano.a(lib_a-nano-vfprintf.o)
                0x00008244                _vfprintf_r
                0x00008244                _vfiprintf_r
 .text.__cvt    0x00008454       0xbc c:/program files (x86)/cypress/psoc creator/3.3/psoc creator/import/gnu/arm/4.9.3/bin/../lib/gcc/arm-none-eabi/4.9.3/../../../../arm-none-eabi/lib/armv7-m\libg_nano.a(lib_a-nano-vfprintf_float.o)
                0x00008454                __cvt
 .text.__exponent
                0x00008510       0x62 c:/program files (x86)/cypress/psoc creator/3.3/psoc creator/import/gnu/arm/4.9.3/bin/../lib/gcc/arm-none-eabi/4.9.3/../../../../arm-none-eabi/lib/armv7-m\libg_nano.a(lib_a-nano-vfprintf_float.o)
                0x00008510                __exponent
 *fill*         0x00008572        0x2 
 .text._printf_float
                0x00008574      0x48c c:/program files (x86)/cypress/psoc creator/3.3/psoc creator/import/gnu/arm/4.9.3/bin/../lib/gcc/arm-none-eabi/4.9.3/../../../../arm-none-eabi/lib/armv7-m\libg_nano.a(lib_a-nano-vfprintf_float.o)
                0x00008574                _printf_float
 .text._printf_common
                0x00008a00       0xea c:/program files (x86)/cypress/psoc creator/3.3/psoc creator/import/gnu/arm/4.9.3/bin/../lib/gcc/arm-none-eabi/4.9.3/../../../../arm-none-eabi/lib/armv7-m\libg_nano.a(lib_a-nano-vfprintf_i.o)
                0x00008a00                _printf_common
 *fill*         0x00008aea        0x2 
 .text._printf_i
                0x00008aec      0x240 c:/program files (x86)/cypress/psoc creator/3.3/psoc creator/import/gnu/arm/4.9.3/bin/../lib/gcc/arm-none-eabi/4.9.3/../../../../arm-none-eabi/lib/armv7-m\libg_nano.a(lib_a-nano-vfprintf_i.o)
                0x00008aec                _printf_i
 .text.snprintf
                0x00008d2c       0x64 c:/program files (x86)/cypress/psoc creator/3.3/psoc creator/import/gnu/arm/4.9.3/bin/../lib/gcc/arm-none-eabi/4.9.3/../../../../arm-none-eabi/lib/armv7-m\libg_nano.a(lib_a-snprintf.o)
                0x00008d2c                sniprintf
                0x00008d2c                snprintf
 .text.sprintf  0x00008d90       0x48 c:/program files (x86)/cypress/psoc creator/3.3/psoc creator/import/gnu/arm/4.9.3/bin/../lib/gcc/arm-none-eabi/4.9.3/../../../../arm-none-eabi/lib/armv7-m\libg_nano.a(lib_a-sprintf.o)
                0x00008d90                siprintf
                0x00008d90                sprintf
 .text.strlen   0x00008dd8       0x10 c:/program files (x86)/cypress/psoc creator/3.3/psoc creator/import/gnu/arm/4.9.3/bin/../lib/gcc/arm-none-eabi/4.9.3/../../../../arm-none-eabi/lib/armv7-m\libg_nano.a(lib_a-strlen.o)
                0x00008dd8                strlen
 .text.match    0x00008de8       0x26 c:/program files (x86)/cypress/psoc creator/3.3/psoc creator/import/gnu/arm/4.9.3/bin/../lib/gcc/arm-none-eabi/4.9.3/../../../../arm-none-eabi/lib/armv7-m\libg_nano.a(lib_a-strtod.o)
 .text.sulp     0x00008e0e       0x42 c:/program files (x86)/cypress/psoc creator/3.3/psoc creator/import/gnu/arm/4.9.3/bin/../lib/gcc/arm-none-eabi/4.9.3/../../../../arm-none-eabi/lib/armv7-m\libg_nano.a(lib_a-strtod.o)
 .text._strtod_r
                0x00008e50      0xc40 c:/program files (x86)/cypress/psoc creator/3.3/psoc creator/import/gnu/arm/4.9.3/bin/../lib/gcc/arm-none-eabi/4.9.3/../../../../arm-none-eabi/lib/armv7-m\libg_nano.a(lib_a-strtod.o)
                0x00008e50                _strtod_r
 .text.strtod   0x00009a90       0x14 c:/program files (x86)/cypress/psoc creator/3.3/psoc creator/import/gnu/arm/4.9.3/bin/../lib/gcc/arm-none-eabi/4.9.3/../../../../arm-none-eabi/lib/armv7-m\libg_nano.a(lib_a-strtod.o)
                0x00009a90                strtod
 .text.__utoa   0x00009aa4       0x78 c:/program files (x86)/cypress/psoc creator/3.3/psoc creator/import/gnu/arm/4.9.3/bin/../lib/gcc/arm-none-eabi/4.9.3/../../../../arm-none-eabi/lib/armv7-m\libg_nano.a(lib_a-utoa.o)
                0x00009aa4                __utoa
 .text.__swbuf_r
                0x00009b1c       0xa8 c:/program files (x86)/cypress/psoc creator/3.3/psoc creator/import/gnu/arm/4.9.3/bin/../lib/gcc/arm-none-eabi/4.9.3/../../../../arm-none-eabi/lib/armv7-m\libg_nano.a(lib_a-wbuf.o)
                0x00009b1c                __swbuf_r
 .text.__swsetup_r
                0x00009bc4       0xd8 c:/program files (x86)/cypress/psoc creator/3.3/psoc creator/import/gnu/arm/4.9.3/bin/../lib/gcc/arm-none-eabi/4.9.3/../../../../arm-none-eabi/lib/armv7-m\libg_nano.a(lib_a-wsetup.o)
                0x00009bc4                __swsetup_r
 .text.abort    0x00009c9c        0xe c:/program files (x86)/cypress/psoc creator/3.3/psoc creator/import/gnu/arm/4.9.3/bin/../lib/gcc/arm-none-eabi/4.9.3/../../../../arm-none-eabi/lib/armv7-m\libg_nano.a(lib_a-abort.o)
                0x00009c9c                abort
 .text.quorem   0x00009caa      0x114 c:/program files (x86)/cypress/psoc creator/3.3/psoc creator/import/gnu/arm/4.9.3/bin/../lib/gcc/arm-none-eabi/4.9.3/../../../../arm-none-eabi/lib/armv7-m\libg_nano.a(lib_a-dtoa.o)
 *fill*         0x00009dbe        0x2 
 .text._dtoa_r  0x00009dc0      0xb78 c:/program files (x86)/cypress/psoc creator/3.3/psoc creator/import/gnu/arm/4.9.3/bin/../lib/gcc/arm-none-eabi/4.9.3/../../../../arm-none-eabi/lib/armv7-m\libg_nano.a(lib_a-dtoa.o)
                0x00009dc0                _dtoa_r
 .text.__sflush_r
                0x0000a938      0x106 c:/program files (x86)/cypress/psoc creator/3.3/psoc creator/import/gnu/arm/4.9.3/bin/../lib/gcc/arm-none-eabi/4.9.3/../../../../arm-none-eabi/lib/armv7-m\libg_nano.a(lib_a-fflush.o)
                0x0000a938                __sflush_r
 *fill*         0x0000aa3e        0x2 
 .text._fflush_r
                0x0000aa40       0x54 c:/program files (x86)/cypress/psoc creator/3.3/psoc creator/import/gnu/arm/4.9.3/bin/../lib/gcc/arm-none-eabi/4.9.3/../../../../arm-none-eabi/lib/armv7-m\libg_nano.a(lib_a-fflush.o)
                0x0000aa40                _fflush_r
 .text._cleanup_r
                0x0000aa94        0xc c:/program files (x86)/cypress/psoc creator/3.3/psoc creator/import/gnu/arm/4.9.3/bin/../lib/gcc/arm-none-eabi/4.9.3/../../../../arm-none-eabi/lib/armv7-m\libg_nano.a(lib_a-findfp.o)
                0x0000aa94                _cleanup_r
 .text.std.isra.0
                0x0000aaa0       0x48 c:/program files (x86)/cypress/psoc creator/3.3/psoc creator/import/gnu/arm/4.9.3/bin/../lib/gcc/arm-none-eabi/4.9.3/../../../../arm-none-eabi/lib/armv7-m\libg_nano.a(lib_a-findfp.o)
 .text.__sfmoreglue
                0x0000aae8       0x2c c:/program files (x86)/cypress/psoc creator/3.3/psoc creator/import/gnu/arm/4.9.3/bin/../lib/gcc/arm-none-eabi/4.9.3/../../../../arm-none-eabi/lib/armv7-m\libg_nano.a(lib_a-findfp.o)
                0x0000aae8                __sfmoreglue
 .text.__sinit  0x0000ab14       0x60 c:/program files (x86)/cypress/psoc creator/3.3/psoc creator/import/gnu/arm/4.9.3/bin/../lib/gcc/arm-none-eabi/4.9.3/../../../../arm-none-eabi/lib/armv7-m\libg_nano.a(lib_a-findfp.o)
                0x0000ab14                __sinit
 .text.__sfp    0x0000ab74       0x74 c:/program files (x86)/cypress/psoc creator/3.3/psoc creator/import/gnu/arm/4.9.3/bin/../lib/gcc/arm-none-eabi/4.9.3/../../../../arm-none-eabi/lib/armv7-m\libg_nano.a(lib_a-findfp.o)
                0x0000ab74                __sfp
 .text._fwalk_reent
                0x0000abe8       0x3c c:/program files (x86)/cypress/psoc creator/3.3/psoc creator/import/gnu/arm/4.9.3/bin/../lib/gcc/arm-none-eabi/4.9.3/../../../../arm-none-eabi/lib/armv7-m\libg_nano.a(lib_a-fwalk.o)
                0x0000abe8                _fwalk_reent
 .text.rshift   0x0000ac24       0x6c c:/program files (x86)/cypress/psoc creator/3.3/psoc creator/import/gnu/arm/4.9.3/bin/../lib/gcc/arm-none-eabi/4.9.3/../../../../arm-none-eabi/lib/armv7-m\libg_nano.a(lib_a-gdtoa-gethex.o)
 .text.__hexdig_fun
                0x0000ac90       0x2a c:/program files (x86)/cypress/psoc creator/3.3/psoc creator/import/gnu/arm/4.9.3/bin/../lib/gcc/arm-none-eabi/4.9.3/../../../../arm-none-eabi/lib/armv7-m\libg_nano.a(lib_a-gdtoa-gethex.o)
                0x0000ac90                __hexdig_fun
 .text.__gethex
                0x0000acba      0x44a c:/program files (x86)/cypress/psoc creator/3.3/psoc creator/import/gnu/arm/4.9.3/bin/../lib/gcc/arm-none-eabi/4.9.3/../../../../arm-none-eabi/lib/armv7-m\libg_nano.a(lib_a-gdtoa-gethex.o)
                0x0000acba                __gethex
 .text.L_shift  0x0000b104       0x24 c:/program files (x86)/cypress/psoc creator/3.3/psoc creator/import/gnu/arm/4.9.3/bin/../lib/gcc/arm-none-eabi/4.9.3/../../../../arm-none-eabi/lib/armv7-m\libg_nano.a(lib_a-gdtoa-hexnan.o)
 .text.__hexnan
                0x0000b128      0x114 c:/program files (x86)/cypress/psoc creator/3.3/psoc creator/import/gnu/arm/4.9.3/bin/../lib/gcc/arm-none-eabi/4.9.3/../../../../arm-none-eabi/lib/armv7-m\libg_nano.a(lib_a-gdtoa-hexnan.o)
                0x0000b128                __hexnan
 .text._localeconv_r
                0x0000b23c        0x8 c:/program files (x86)/cypress/psoc creator/3.3/psoc creator/import/gnu/arm/4.9.3/bin/../lib/gcc/arm-none-eabi/4.9.3/../../../../arm-none-eabi/lib/armv7-m\libg_nano.a(lib_a-locale.o)
                0x0000b23c                _localeconv_r
 .text.__smakebuf_r
                0x0000b244       0x98 c:/program files (x86)/cypress/psoc creator/3.3/psoc creator/import/gnu/arm/4.9.3/bin/../lib/gcc/arm-none-eabi/4.9.3/../../../../arm-none-eabi/lib/armv7-m\libg_nano.a(lib_a-makebuf.o)
                0x0000b244                __smakebuf_r
 .text.malloc   0x0000b2dc       0x10 c:/program files (x86)/cypress/psoc creator/3.3/psoc creator/import/gnu/arm/4.9.3/bin/../lib/gcc/arm-none-eabi/4.9.3/../../../../arm-none-eabi/lib/armv7-m\libg_nano.a(lib_a-malloc.o)
                0x0000b2dc                malloc
 .text.memchr   0x0000b2ec       0x1c c:/program files (x86)/cypress/psoc creator/3.3/psoc creator/import/gnu/arm/4.9.3/bin/../lib/gcc/arm-none-eabi/4.9.3/../../../../arm-none-eabi/lib/armv7-m\libg_nano.a(lib_a-memchr.o)
                0x0000b2ec                memchr
 .text.memmove  0x0000b308       0x36 c:/program files (x86)/cypress/psoc creator/3.3/psoc creator/import/gnu/arm/4.9.3/bin/../lib/gcc/arm-none-eabi/4.9.3/../../../../arm-none-eabi/lib/armv7-m\libg_nano.a(lib_a-memmove.o)
                0x0000b308                memmove
 .text._Balloc  0x0000b33e       0x6a c:/program files (x86)/cypress/psoc creator/3.3/psoc creator/import/gnu/arm/4.9.3/bin/../lib/gcc/arm-none-eabi/4.9.3/../../../../arm-none-eabi/lib/armv7-m\libg_nano.a(lib_a-mprec.o)
                0x0000b33e                _Balloc
 .text._Bfree   0x0000b3a8       0x2e c:/program files (x86)/cypress/psoc creator/3.3/psoc creator/import/gnu/arm/4.9.3/bin/../lib/gcc/arm-none-eabi/4.9.3/../../../../arm-none-eabi/lib/armv7-m\libg_nano.a(lib_a-mprec.o)
                0x0000b3a8                _Bfree
 .text.__multadd
                0x0000b3d6       0x7c c:/program files (x86)/cypress/psoc creator/3.3/psoc creator/import/gnu/arm/4.9.3/bin/../lib/gcc/arm-none-eabi/4.9.3/../../../../arm-none-eabi/lib/armv7-m\libg_nano.a(lib_a-mprec.o)
                0x0000b3d6                __multadd
 .text.__s2b    0x0000b452       0x80 c:/program files (x86)/cypress/psoc creator/3.3/psoc creator/import/gnu/arm/4.9.3/bin/../lib/gcc/arm-none-eabi/4.9.3/../../../../arm-none-eabi/lib/armv7-m\libg_nano.a(lib_a-mprec.o)
                0x0000b452                __s2b
 .text.__hi0bits
                0x0000b4d2       0x40 c:/program files (x86)/cypress/psoc creator/3.3/psoc creator/import/gnu/arm/4.9.3/bin/../lib/gcc/arm-none-eabi/4.9.3/../../../../arm-none-eabi/lib/armv7-m\libg_nano.a(lib_a-mprec.o)
                0x0000b4d2                __hi0bits
 .text.__lo0bits
                0x0000b512       0x5a c:/program files (x86)/cypress/psoc creator/3.3/psoc creator/import/gnu/arm/4.9.3/bin/../lib/gcc/arm-none-eabi/4.9.3/../../../../arm-none-eabi/lib/armv7-m\libg_nano.a(lib_a-mprec.o)
                0x0000b512                __lo0bits
 .text.__i2b    0x0000b56c       0x12 c:/program files (x86)/cypress/psoc creator/3.3/psoc creator/import/gnu/arm/4.9.3/bin/../lib/gcc/arm-none-eabi/4.9.3/../../../../arm-none-eabi/lib/armv7-m\libg_nano.a(lib_a-mprec.o)
                0x0000b56c                __i2b
 .text.__multiply
                0x0000b57e      0x120 c:/program files (x86)/cypress/psoc creator/3.3/psoc creator/import/gnu/arm/4.9.3/bin/../lib/gcc/arm-none-eabi/4.9.3/../../../../arm-none-eabi/lib/armv7-m\libg_nano.a(lib_a-mprec.o)
                0x0000b57e                __multiply
 *fill*         0x0000b69e        0x2 
 .text.__pow5mult
                0x0000b6a0       0x9c c:/program files (x86)/cypress/psoc creator/3.3/psoc creator/import/gnu/arm/4.9.3/bin/../lib/gcc/arm-none-eabi/4.9.3/../../../../arm-none-eabi/lib/armv7-m\libg_nano.a(lib_a-mprec.o)
                0x0000b6a0                __pow5mult
 .text.__lshift
                0x0000b73c       0xa6 c:/program files (x86)/cypress/psoc creator/3.3/psoc creator/import/gnu/arm/4.9.3/bin/../lib/gcc/arm-none-eabi/4.9.3/../../../../arm-none-eabi/lib/armv7-m\libg_nano.a(lib_a-mprec.o)
                0x0000b73c                __lshift
 .text.__mcmp   0x0000b7e2       0x38 c:/program files (x86)/cypress/psoc creator/3.3/psoc creator/import/gnu/arm/4.9.3/bin/../lib/gcc/arm-none-eabi/4.9.3/../../../../arm-none-eabi/lib/armv7-m\libg_nano.a(lib_a-mprec.o)
                0x0000b7e2                __mcmp
 .text.__mdiff  0x0000b81a       0xbe c:/program files (x86)/cypress/psoc creator/3.3/psoc creator/import/gnu/arm/4.9.3/bin/../lib/gcc/arm-none-eabi/4.9.3/../../../../arm-none-eabi/lib/armv7-m\libg_nano.a(lib_a-mprec.o)
                0x0000b81a                __mdiff
 .text.__ulp    0x0000b8d8       0x48 c:/program files (x86)/cypress/psoc creator/3.3/psoc creator/import/gnu/arm/4.9.3/bin/../lib/gcc/arm-none-eabi/4.9.3/../../../../arm-none-eabi/lib/armv7-m\libg_nano.a(lib_a-mprec.o)
                0x0000b8d8                __ulp
 .text.__b2d    0x0000b920       0x9e c:/program files (x86)/cypress/psoc creator/3.3/psoc creator/import/gnu/arm/4.9.3/bin/../lib/gcc/arm-none-eabi/4.9.3/../../../../arm-none-eabi/lib/armv7-m\libg_nano.a(lib_a-mprec.o)
                0x0000b920                __b2d
 .text.__d2b    0x0000b9be       0xa4 c:/program files (x86)/cypress/psoc creator/3.3/psoc creator/import/gnu/arm/4.9.3/bin/../lib/gcc/arm-none-eabi/4.9.3/../../../../arm-none-eabi/lib/armv7-m\libg_nano.a(lib_a-mprec.o)
                0x0000b9be                __d2b
 .text.__ratio  0x0000ba62       0x50 c:/program files (x86)/cypress/psoc creator/3.3/psoc creator/import/gnu/arm/4.9.3/bin/../lib/gcc/arm-none-eabi/4.9.3/../../../../arm-none-eabi/lib/armv7-m\libg_nano.a(lib_a-mprec.o)
                0x0000ba62                __ratio
 .text.__copybits
                0x0000bab2       0x34 c:/program files (x86)/cypress/psoc creator/3.3/psoc creator/import/gnu/arm/4.9.3/bin/../lib/gcc/arm-none-eabi/4.9.3/../../../../arm-none-eabi/lib/armv7-m\libg_nano.a(lib_a-mprec.o)
                0x0000bab2                __copybits
 .text.__any_on
                0x0000bae6       0x44 c:/program files (x86)/cypress/psoc creator/3.3/psoc creator/import/gnu/arm/4.9.3/bin/../lib/gcc/arm-none-eabi/4.9.3/../../../../arm-none-eabi/lib/armv7-m\libg_nano.a(lib_a-mprec.o)
                0x0000bae6                __any_on
 .text._calloc_r
                0x0000bb2a       0x1c c:/program files (x86)/cypress/psoc creator/3.3/psoc creator/import/gnu/arm/4.9.3/bin/../lib/gcc/arm-none-eabi/4.9.3/../../../../arm-none-eabi/lib/armv7-m\libg_nano.a(lib_a-nano-callocr.o)
                0x0000bb2a                _calloc_r
 *fill*         0x0000bb46        0x2 
 .text._free_r  0x0000bb48       0x88 c:/program files (x86)/cypress/psoc creator/3.3/psoc creator/import/gnu/arm/4.9.3/bin/../lib/gcc/arm-none-eabi/4.9.3/../../../../arm-none-eabi/lib/armv7-m\libg_nano.a(lib_a-nano-freer.o)
                0x0000bb48                _free_r
 .text._malloc_r
                0x0000bbd0       0xac c:/program files (x86)/cypress/psoc creator/3.3/psoc creator/import/gnu/arm/4.9.3/bin/../lib/gcc/arm-none-eabi/4.9.3/../../../../arm-none-eabi/lib/armv7-m\libg_nano.a(lib_a-nano-mallocr.o)
                0x0000bbd0                _malloc_r
 .text._realloc_r
                0x0000bc7c       0x4c c:/program files (x86)/cypress/psoc creator/3.3/psoc creator/import/gnu/arm/4.9.3/bin/../lib/gcc/arm-none-eabi/4.9.3/../../../../arm-none-eabi/lib/armv7-m\libg_nano.a(lib_a-nano-reallocr.o)
                0x0000bc7c                _realloc_r
 .text.__ssputs_r
                0x0000bcc8       0xb2 c:/program files (x86)/cypress/psoc creator/3.3/psoc creator/import/gnu/arm/4.9.3/bin/../lib/gcc/arm-none-eabi/4.9.3/../../../../arm-none-eabi/lib/armv7-m\libg_nano.a(lib_a-nano-svfprintf.o)
                0x0000bcc8                __ssputs_r
 *fill*         0x0000bd7a        0x2 
 .text._svfprintf_r
                0x0000bd7c      0x1e4 c:/program files (x86)/cypress/psoc creator/3.3/psoc creator/import/gnu/arm/4.9.3/bin/../lib/gcc/arm-none-eabi/4.9.3/../../../../arm-none-eabi/lib/armv7-m\libg_nano.a(lib_a-nano-svfprintf.o)
                0x0000bd7c                _svfiprintf_r
                0x0000bd7c                _svfprintf_r
 .text._sbrk_r  0x0000bf60       0x20 c:/program files (x86)/cypress/psoc creator/3.3/psoc creator/import/gnu/arm/4.9.3/bin/../lib/gcc/arm-none-eabi/4.9.3/../../../../arm-none-eabi/lib/armv7-m\libg_nano.a(lib_a-sbrkr.o)
                0x0000bf60                _sbrk_r
 .text._raise_r
                0x0000bf80       0x50 c:/program files (x86)/cypress/psoc creator/3.3/psoc creator/import/gnu/arm/4.9.3/bin/../lib/gcc/arm-none-eabi/4.9.3/../../../../arm-none-eabi/lib/armv7-m\libg_nano.a(lib_a-signal.o)
                0x0000bf80                _raise_r
 .text.raise    0x0000bfd0       0x10 c:/program files (x86)/cypress/psoc creator/3.3/psoc creator/import/gnu/arm/4.9.3/bin/../lib/gcc/arm-none-eabi/4.9.3/../../../../arm-none-eabi/lib/armv7-m\libg_nano.a(lib_a-signal.o)
                0x0000bfd0                raise
 .text._kill_r  0x0000bfe0       0x24 c:/program files (x86)/cypress/psoc creator/3.3/psoc creator/import/gnu/arm/4.9.3/bin/../lib/gcc/arm-none-eabi/4.9.3/../../../../arm-none-eabi/lib/armv7-m\libg_nano.a(lib_a-signalr.o)
                0x0000bfe0                _kill_r
 .text._getpid_r
                0x0000c004        0x4 c:/program files (x86)/cypress/psoc creator/3.3/psoc creator/import/gnu/arm/4.9.3/bin/../lib/gcc/arm-none-eabi/4.9.3/../../../../arm-none-eabi/lib/armv7-m\libg_nano.a(lib_a-signalr.o)
                0x0000c004                _getpid_r