Archive member included because of file (symbol)

.\CortexM3\ARM_GCC_493\Debug\freesoc.a(cyfitter_cfg.o)
                              .\CortexM3\ARM_GCC_493\Debug\Cm3Start.o (cyfitter_cfg)
.\CortexM3\ARM_GCC_493\Debug\freesoc.a(Left_HB25_Enable_Pin.o)
                              .\CortexM3\ARM_GCC_493\Debug\motor.o (Left_HB25_Enable_Pin_Write)
.\CortexM3\ARM_GCC_493\Debug\freesoc.a(Left_HB25_PWM.o)
                              .\CortexM3\ARM_GCC_493\Debug\motor.o (Left_HB25_PWM_Stop)
.\CortexM3\ARM_GCC_493\Debug\freesoc.a(Right_HB25_Enable_Pin.o)
                              .\CortexM3\ARM_GCC_493\Debug\motor.o (Right_HB25_Enable_Pin_Write)
.\CortexM3\ARM_GCC_493\Debug\freesoc.a(Right_HB25_PWM.o)
                              .\CortexM3\ARM_GCC_493\Debug\motor.o (Right_HB25_PWM_Stop)
.\CortexM3\ARM_GCC_493\Debug\freesoc.a(CyBootAsmGnu.o)
                              .\CortexM3\ARM_GCC_493\Debug\freesoc.a(cyfitter_cfg.o) (CyDelayCycles)
.\CortexM3\ARM_GCC_493\Debug\freesoc.a(CyLib.o)
                              .\CortexM3\ARM_GCC_493\Debug\Cm3Start.o (CyHalt)
.\CortexM3\ARM_GCC_493\Debug\freesoc.a(cyPm.o)
                              .\CortexM3\ARM_GCC_493\Debug\freesoc.a(CyLib.o) (CyPmReadStatus)
.\CortexM3\ARM_GCC_493\Debug\freesoc.a(EZI2C_Slave.o)
                              .\CortexM3\ARM_GCC_493\Debug\i2c.o (EZI2C_Slave_Start)
.\CortexM3\ARM_GCC_493\Debug\freesoc.a(EZI2C_Slave_PM.o)
                              .\CortexM3\ARM_GCC_493\Debug\freesoc.a(EZI2C_Slave.o) (EZI2C_Slave_backup)
.\CortexM3\ARM_GCC_493\Debug\freesoc.a(EZI2C_Slave_INT.o)
                              .\CortexM3\ARM_GCC_493\Debug\freesoc.a(EZI2C_Slave.o) (EZI2C_Slave_ISR)
.\CortexM3\ARM_GCC_493\Debug\freesoc.a(Mainloop_Pin.o)
                              .\CortexM3\ARM_GCC_493\Debug\main.o (Mainloop_Pin_Write)
.\CortexM3\ARM_GCC_493\Debug\freesoc.a(EEPROM.o)
                              .\CortexM3\ARM_GCC_493\Debug\nvstore.o (EEPROM_Start)
.\CortexM3\ARM_GCC_493\Debug\freesoc.a(Right_QuadDec.o)
                              .\CortexM3\ARM_GCC_493\Debug\encoder.o (Right_QuadDec_GetCounter)
.\CortexM3\ARM_GCC_493\Debug\freesoc.a(Right_QuadDec_INT.o)
                              .\CortexM3\ARM_GCC_493\Debug\freesoc.a(Right_QuadDec.o) (Right_QuadDec_ISR)
.\CortexM3\ARM_GCC_493\Debug\freesoc.a(Right_QuadDec_Cnt16.o)
                              .\CortexM3\ARM_GCC_493\Debug\freesoc.a(Right_QuadDec.o) (Right_QuadDec_Cnt16_Stop)
.\CortexM3\ARM_GCC_493\Debug\freesoc.a(Left_QuadDec.o)
                              .\CortexM3\ARM_GCC_493\Debug\encoder.o (Left_QuadDec_GetCounter)
.\CortexM3\ARM_GCC_493\Debug\freesoc.a(Left_QuadDec_INT.o)
                              .\CortexM3\ARM_GCC_493\Debug\freesoc.a(Left_QuadDec.o) (Left_QuadDec_ISR)
.\CortexM3\ARM_GCC_493\Debug\freesoc.a(Left_QuadDec_Cnt16.o)
                              .\CortexM3\ARM_GCC_493\Debug\freesoc.a(Left_QuadDec.o) (Left_QuadDec_Cnt16_Stop)
.\CortexM3\ARM_GCC_493\Debug\freesoc.a(USBUART.o)
                              .\CortexM3\ARM_GCC_493\Debug\serial.o (USBUART_Start)
.\CortexM3\ARM_GCC_493\Debug\freesoc.a(USBUART_cdc.o)
                              .\CortexM3\ARM_GCC_493\Debug\serial.o (USBUART_CDC_Init)
.\CortexM3\ARM_GCC_493\Debug\freesoc.a(USBUART_drv.o)
                              .\CortexM3\ARM_GCC_493\Debug\freesoc.a(USBUART.o) (USBUART_lastPacketSize)
.\CortexM3\ARM_GCC_493\Debug\freesoc.a(USBUART_episr.o)
                              .\CortexM3\ARM_GCC_493\Debug\freesoc.a(USBUART.o) (USBUART_EP_1_ISR)
.\CortexM3\ARM_GCC_493\Debug\freesoc.a(USBUART_hid.o)
                              .\CortexM3\ARM_GCC_493\Debug\freesoc.a(USBUART.o) (USBUART_hidProtocol)
.\CortexM3\ARM_GCC_493\Debug\freesoc.a(USBUART_pm.o)
                              .\CortexM3\ARM_GCC_493\Debug\freesoc.a(USBUART.o) (USBUART_DP_ISR)
.\CortexM3\ARM_GCC_493\Debug\freesoc.a(USBUART_std.o)
                              .\CortexM3\ARM_GCC_493\Debug\freesoc.a(USBUART_pm.o) (USBUART_ConfigReg)
.\CortexM3\ARM_GCC_493\Debug\freesoc.a(USBUART_vnd.o)
                              .\CortexM3\ARM_GCC_493\Debug\freesoc.a(USBUART_drv.o) (USBUART_HandleVendorRqst)
.\CortexM3\ARM_GCC_493\Debug\freesoc.a(USBUART_Dp.o)
                              .\CortexM3\ARM_GCC_493\Debug\freesoc.a(USBUART_pm.o) (USBUART_Dp_ClearInterrupt)
.\CortexM3\ARM_GCC_493\Debug\freesoc.a(SPIM.o)
                              .\CortexM3\ARM_GCC_493\Debug\spi.o (SPIM_WriteTxData)
.\CortexM3\ARM_GCC_493\Debug\freesoc.a(SPIM_INT.o)
                              .\CortexM3\ARM_GCC_493\Debug\freesoc.a(SPIM.o) (SPIM_RX_ISR)
.\CortexM3\ARM_GCC_493\Debug\freesoc.a(Slave_Select.o)
                              .\CortexM3\ARM_GCC_493\Debug\spi.o (Slave_Select_Write)
.\CortexM3\ARM_GCC_493\Debug\freesoc.a(CyFlash.o)
                              .\CortexM3\ARM_GCC_493\Debug\freesoc.a(EEPROM.o) (dieTemperature)
.\CortexM3\ARM_GCC_493\Debug\freesoc.a(CySpc.o)
[...]
Memory Configuration

Name             Origin             Length             Attributes
rom              0x00000000         0x00040000         xr
ram              0x1fff8000         0x00010000         xrw
*default*        0x00000000         0xffffffff

Linker script and memory map

LOAD c:/program files (x86)/cypress/psoc creator/3.3/psoc creator/import/gnu/arm/4.9.3/bin/../lib/gcc/arm-none-eabi/4.9.3/armv7-m/crti.o
LOAD c:/program files (x86)/cypress/psoc creator/3.3/psoc creator/import/gnu/arm/4.9.3/bin/../lib/gcc/arm-none-eabi/4.9.3/armv7-m/crtbegin.o
LOAD c:/program files (x86)/cypress/psoc creator/3.3/psoc creator/import/gnu/arm/4.9.3/bin/../lib/gcc/arm-none-eabi/4.9.3/../../../../arm-none-eabi/lib/armv7-m/crt0.o
START GROUP
LOAD .\CortexM3\ARM_GCC_493\Debug\main.o
LOAD .\CortexM3\ARM_GCC_493\Debug\cal.o
LOAD .\CortexM3\ARM_GCC_493\Debug\control.o
LOAD .\CortexM3\ARM_GCC_493\Debug\debug.o
LOAD .\CortexM3\ARM_GCC_493\Debug\diag.o
LOAD .\CortexM3\ARM_GCC_493\Debug\encoder.o
LOAD .\CortexM3\ARM_GCC_493\Debug\i2c.o
LOAD .\CortexM3\ARM_GCC_493\Debug\motor.o
LOAD .\CortexM3\ARM_GCC_493\Debug\odom.o
LOAD .\CortexM3\ARM_GCC_493\Debug\pid.o
LOAD .\CortexM3\ARM_GCC_493\Debug\time.o
LOAD .\CortexM3\ARM_GCC_493\Debug\utils.o
LOAD .\CortexM3\ARM_GCC_493\Debug\pid_controller.o
LOAD .\CortexM3\ARM_GCC_493\Debug\serial.o
LOAD .\CortexM3\ARM_GCC_493\Debug\nvstore.o
LOAD .\CortexM3\ARM_GCC_493\Debug\calpid.o
LOAD .\CortexM3\ARM_GCC_493\Debug\calmotor.o
LOAD .\CortexM3\ARM_GCC_493\Debug\pidutil.o
LOAD .\CortexM3\ARM_GCC_493\Debug\spi.o
LOAD .\CortexM3\ARM_GCC_493\Debug\cymetadata.o
LOAD .\CortexM3\ARM_GCC_493\Debug\Cm3Start.o
LOAD .\CortexM3\ARM_GCC_493\Debug\freesoc.a
LOAD C:\Program Files (x86)\Cypress\PSoC Creator\3.3\PSoC Creator\psoc\content\cycomponentlibrary\CyComponentLibrary.cylib\CortexM3\ARM_GCC_493\Debug\CyComponentLibrary.a
LOAD c:/program files (x86)/cypress/psoc creator/3.3/psoc creator/import/gnu/arm/4.9.3/bin/../lib/gcc/arm-none-eabi/4.9.3/../../../../arm-none-eabi/lib/armv7-m\libm.a
END GROUP
START GROUP
LOAD c:/program files (x86)/cypress/psoc creator/3.3/psoc creator/import/gnu/arm/4.9.3/bin/../lib/gcc/arm-none-eabi/4.9.3/armv7-m\libgcc.a
LOAD c:/program files (x86)/cypress/psoc creator/3.3/psoc creator/import/gnu/arm/4.9.3/bin/../lib/gcc/arm-none-eabi/4.9.3/../../../../arm-none-eabi/lib/armv7-m\libg_nano.a
LOAD c:/program files (x86)/cypress/psoc creator/3.3/psoc creator/import/gnu/arm/4.9.3/bin/../lib/gcc/arm-none-eabi/4.9.3/../../../../arm-none-eabi/lib/armv7-m\libc_nano.a
END GROUP
START GROUP
LOAD c:/program files (x86)/cypress/psoc creator/3.3/psoc creator/import/gnu/arm/4.9.3/bin/../lib/gcc/arm-none-eabi/4.9.3/armv7-m\libgcc.a
LOAD c:/program files (x86)/cypress/psoc creator/3.3/psoc creator/import/gnu/arm/4.9.3/bin/../lib/gcc/arm-none-eabi/4.9.3/../../../../arm-none-eabi/lib/armv7-m\libc_nano.a
END GROUP
LOAD c:/program files (x86)/cypress/psoc creator/3.3/psoc creator/import/gnu/arm/4.9.3/bin/../lib/gcc/arm-none-eabi/4.9.3/armv7-m/crtend.o
LOAD c:/program files (x86)/cypress/psoc creator/3.3/psoc creator/import/gnu/arm/4.9.3/bin/../lib/gcc/arm-none-eabi/4.9.3/armv7-m/crtn.o
START GROUP
LOAD c:/program files (x86)/cypress/psoc creator/3.3/psoc creator/import/gnu/arm/4.9.3/bin/../lib/gcc/arm-none-eabi/4.9.3/armv7-m\libgcc.a
LOAD c:/program files (x86)/cypress/psoc creator/3.3/psoc creator/import/gnu/arm/4.9.3/bin/../lib/gcc/arm-none-eabi/4.9.3/../../../../arm-none-eabi/lib/armv7-m\libc.a
LOAD c:/program files (x86)/cypress/psoc creator/3.3/psoc creator/import/gnu/arm/4.9.3/bin/../lib/gcc/arm-none-eabi/4.9.3/../../../../arm-none-eabi/lib/armv7-m\libnosys.a
END GROUP
                0x00000000                CY_APPL_ORIGIN = 0x0
                0x00000100                CY_FLASH_ROW_SIZE = 0x100
                0x00000020                CY_ECC_ROW_SIZE = 0x20
                0x00000000                CY_EE_IN_BTLDR = 0x0
                0x00000000                CY_APPL_LOADABLE = 0x0
                0x00000800                CY_EE_SIZE = 0x800
                0x00000001                CY_APPL_NUM = 0x1
                0x00000001                CY_APPL_MAX = 0x1
                0x00000040                CY_METADATA_SIZE = 0x40
                0x00000000                CY_APPL_LOADABLE = 0x0
                0x00000000                CY_CHECKSUM_EXCLUDE_SIZE = ALIGN (0x0, CY_FLASH_ROW_SIZE)
                0x1fff8b80                PROVIDE (__cy_heap_start, _end)
                0x00000001                PROVIDE (__cy_region_num, ((__cy_regions_end - __cy_regions) / 0x10))
                0x20008000                PROVIDE (__cy_stack, (ORIGIN (ram) + 0x10000))
                0x20007800                PROVIDE (__cy_heap_end, (__cy_stack - 0x800))

.cybootloader   0x00000000        0x0
 *(.cybootloader)
                0x00000000                appl1_start = CY_APPL_ORIGIN?CY_APPL_ORIGIN:ALIGN (CY_FLASH_ROW_SIZE)
                0x0001ff00                appl2_start = (appl1_start + ALIGN ((((0x40000 - appl1_start) - (0x2 * CY_FLASH_ROW_SIZE)) / 0x2), CY_FLASH_ROW_SIZE))
                0x00000000                appl_start = (CY_APPL_NUM == 0x1)?appl1_start:appl2_start
                0x00000000                ecc_offset = ((appl_start / CY_FLASH_ROW_SIZE) * CY_ECC_ROW_SIZE)
                0x00000000                ee_offset = (CY_APPL_LOADABLE && ! (CY_EE_IN_BTLDR))?((CY_EE_SIZE / CY_APPL_MAX) * (CY_APPL_NUM - 0x1)):0x0
                0x00000800                ee_size = (CY_APPL_LOADABLE && ! (CY_EE_IN_BTLDR))?(CY_EE_SIZE / CY_APPL_MAX):CY_EE_SIZE
                0x00000000                PROVIDE (CY_ECC_OFFSET, ecc_offset)

.text           0x00000000     0xbe44
 CREATE_OBJECT_SYMBOLS
                0x00000000                PROVIDE (__cy_interrupt_vector, RomVectors)
 *(.romvectors)
 .romvectors    0x00000000       0x10 .\CortexM3\ARM_GCC_493\Debug\Cm3Start.o
                0x00000000                RomVectors
                0x00000001                ASSERT ((. != __cy_interrupt_vector), No interrupt vector)
                0x00000001                ASSERT (CY_APPL_ORIGIN?(SIZEOF (.cybootloader) <= CY_APPL_ORIGIN):0x1, Wrong image location)
                0x00000010                PROVIDE (__cy_reset, Reset)
 *(.text.Reset)
 .text.Reset    0x00000010       0x18 .\CortexM3\ARM_GCC_493\Debug\Cm3Start.o
                0x00000010                Reset
                0x00000001                ASSERT ((. != __cy_reset), No reset code)
 *(.dma_init)
                0x00000001                ASSERT ((((appl_start + .) <= 0x10000) || 0x1), DMA Init must be within the first 64k of flash)
 *(.text .text.* .gnu.linkonce.t.*)
 .text          0x00000028       0x5c c:/program files (x86)/cypress/psoc creator/3.3/psoc creator/import/gnu/arm/4.9.3/bin/../lib/gcc/arm-none-eabi/4.9.3/armv7-m/crtbegin.o
 .text.main     0x00000084      0x118 .\CortexM3\ARM_GCC_493\Debug\main.o
                0x00000084                main
 .text.LeftTarget
                0x0000019c        0xc .\CortexM3\ARM_GCC_493\Debug\cal.o
 .text.RightTarget
                0x000001a8        0xc .\CortexM3\ARM_GCC_493\Debug\cal.o
 .text.DisplayCalMenu
                0x000001b4       0x5c .\CortexM3\ARM_GCC_493\Debug\cal.o
 .text.DisplayValMenu
                0x00000210       0x7c .\CortexM3\ARM_GCC_493\Debug\cal.o
 .text.DisplayMenu
                0x0000028c       0x20 .\CortexM3\ARM_GCC_493\Debug\cal.o
 .text.DisplaySettingsMenu
                0x000002ac       0x68 .\CortexM3\ARM_GCC_493\Debug\cal.o
 .text.HandleError
                0x00000314       0x30 .\CortexM3\ARM_GCC_493\Debug\cal.o
 .text.ProcessCalibration
                0x00000344       0xa4 .\CortexM3\ARM_GCC_493\Debug\cal.o
 .text.DisplayExit
                0x000003e8       0x18 .\CortexM3\ARM_GCC_493\Debug\cal.o
 .text.GetCommand
                0x00000400       0x58 .\CortexM3\ARM_GCC_493\Debug\cal.o
 .text.GetCalibration
                0x00000458       0x50 .\CortexM3\ARM_GCC_493\Debug\cal.o
 .text.GetValidation
                0x000004a8       0xf4 .\CortexM3\ARM_GCC_493\Debug\cal.o
 .text.CalcPwm  0x0000059c       0x74 .\CortexM3\ARM_GCC_493\Debug\cal.o
 .text.ClearCalibrationStatusBit
                0x00000610       0x2c .\CortexM3\ARM_GCC_493\Debug\cal.o
                0x00000610                ClearCalibrationStatusBit
 .text.SetCalibrationStatusBit
                0x0000063c       0x24 .\CortexM3\ARM_GCC_493\Debug\cal.o
                0x0000063c                SetCalibrationStatusBit
 .text.Cal_PrintSamples
                0x00000660       0x64 .\CortexM3\ARM_GCC_493\Debug\cal.o
                0x00000660                Cal_PrintSamples
 .text.Cal_PrintGains
                0x000006c4       0x48 .\CortexM3\ARM_GCC_493\Debug\cal.o
                0x000006c4                Cal_PrintGains
 .text.ProcessSettings
                0x0000070c      0x104 .\CortexM3\ARM_GCC_493\Debug\cal.o
 .text.Cal_Init
                0x00000810       0x38 .\CortexM3\ARM_GCC_493\Debug\cal.o
                0x00000810                Cal_Init
 .text.Cal_Start
                0x00000848       0x14 .\CortexM3\ARM_GCC_493\Debug\cal.o
                0x00000848                Cal_Start
 .text.Cal_Update
                0x0000085c       0xd4 .\CortexM3\ARM_GCC_493\Debug\cal.o
                0x0000085c                Cal_Update
 .text.Cal_ReadResponse
                0x00000930       0x48 .\CortexM3\ARM_GCC_493\Debug\cal.o
                0x00000930                Cal_ReadResponse
 .text.Cal_LeftGetPidGains
                0x00000978        0xc .\CortexM3\ARM_GCC_493\Debug\cal.o
                0x00000978                Cal_LeftGetPidGains
 .text.Cal_RightGetPidGains
                0x00000984        0xc .\CortexM3\ARM_GCC_493\Debug\cal.o
                0x00000984                Cal_RightGetPidGains
 .text.Cal_SetLeftRightVelocity
                0x00000990        0xc .\CortexM3\ARM_GCC_493\Debug\cal.o
                0x00000990                Cal_SetLeftRightVelocity
 .text.Cal_CpsToPwm
                0x0000099c       0x84 .\CortexM3\ARM_GCC_493\Debug\cal.o
                0x0000099c                Cal_CpsToPwm
 .text.Cal_Clear
                0x00000a20       0x10 .\CortexM3\ARM_GCC_493\Debug\cal.o
                0x00000a20                Cal_Clear
 .text.Control_Init
                0x00000a30       0x10 .\CortexM3\ARM_GCC_493\Debug\control.o
                0x00000a30                Control_Init
 .text.Control_Start
                0x00000a40        0x4 .\CortexM3\ARM_GCC_493\Debug\control.o
                0x00000a40                Control_Start
 *fill*         0x00000a44        0x4 
 .text.Control_Update
                0x00000a48      0x100 .\CortexM3\ARM_GCC_493\Debug\control.o
                0x00000a48                Control_Update
 .text.Control_LeftGetCmdVelocity
                0x00000b48        0xc .\CortexM3\ARM_GCC_493\Debug\control.o
                0x00000b48                Control_LeftGetCmdVelocity
 .text.Control_RightGetCmdVelocity
                0x00000b54        0xc .\CortexM3\ARM_GCC_493\Debug\control.o
                0x00000b54                Control_RightGetCmdVelocity
 .text.Control_OverrideDebug
                0x00000b60        0xc .\CortexM3\ARM_GCC_493\Debug\control.o
                0x00000b60                Control_OverrideDebug
 .text.Debug_Init
                0x00000b6c       0x24 .\CortexM3\ARM_GCC_493\Debug\debug.o
                0x00000b6c                Debug_Init
 .text.Debug_Start
                0x00000b90        0x4 .\CortexM3\ARM_GCC_493\Debug\debug.o
                0x00000b90                Debug_Start
 .text.Diag_Init
                0x00000b94       0x18 .\CortexM3\ARM_GCC_493\Debug\diag.o
                0x00000b94                Diag_Init
 .text.Diag_Start
                0x00000bac        0x4 .\CortexM3\ARM_GCC_493\Debug\diag.o
                0x00000bac                Diag_Start
 .text.Diag_Update
                0x00000bb0       0x38 .\CortexM3\ARM_GCC_493\Debug\diag.o
                0x00000bb0                Diag_Update
 .text.Encoder_Sample
                0x00000be8       0xa8 .\CortexM3\ARM_GCC_493\Debug\encoder.o
 .text.DumpEncoder
                0x00000c90       0x74 .\CortexM3\ARM_GCC_493\Debug\encoder.o
 .text.Encoder_Init
                0x00000d04       0x4c .\CortexM3\ARM_GCC_493\Debug\encoder.o
                0x00000d04                Encoder_Init
 .text.Encoder_Start
                0x00000d50       0x20 .\CortexM3\ARM_GCC_493\Debug\encoder.o
                0x00000d50                Encoder_Start
 .text.Encoder_Update
                0x00000d70       0x84 .\CortexM3\ARM_GCC_493\Debug\encoder.o
                0x00000d70                Encoder_Update
 .text.Encoder_LeftGetCntsPerSec
                0x00000df4        0xc .\CortexM3\ARM_GCC_493\Debug\encoder.o
                0x00000df4                Encoder_LeftGetCntsPerSec
 .text.Encoder_RightGetCntsPerSec
                0x00000e00        0xc .\CortexM3\ARM_GCC_493\Debug\encoder.o
                0x00000e00                Encoder_RightGetCntsPerSec
 .text.Encoder_LeftGetMeterPerSec
                0x00000e0c        0xc .\CortexM3\ARM_GCC_493\Debug\encoder.o
                0x00000e0c                Encoder_LeftGetMeterPerSec
 .text.Encoder_RightGetMeterPerSec
                0x00000e18        0xc .\CortexM3\ARM_GCC_493\Debug\encoder.o
                0x00000e18                Encoder_RightGetMeterPerSec
 .text.Encoder_LeftGetDist
                0x00000e24        0xc .\CortexM3\ARM_GCC_493\Debug\encoder.o
                0x00000e24                Encoder_LeftGetDist
 .text.Encoder_RightGetDist
                0x00000e30        0xc .\CortexM3\ARM_GCC_493\Debug\encoder.o
                0x00000e30                Encoder_RightGetDist
 .text.Encoder_Reset
                0x00000e3c       0x64 .\CortexM3\ARM_GCC_493\Debug\encoder.o
                0x00000e3c                Encoder_Reset
 .text.I2c_Init
                0x00000ea0       0x24 .\CortexM3\ARM_GCC_493\Debug\i2c.o
                0x00000ea0                I2c_Init
 .text.I2c_Start
                0x00000ec4       0x18 .\CortexM3\ARM_GCC_493\Debug\i2c.o
                0x00000ec4                I2c_Start
 .text.I2c_ReadDeviceControl
                0x00000edc       0x2c .\CortexM3\ARM_GCC_493\Debug\i2c.o
                0x00000edc                I2c_ReadDeviceControl
 .text.I2c_ReadDebugControl
                0x00000f08       0x94 .\CortexM3\ARM_GCC_493\Debug\i2c.o
                0x00000f08                I2c_ReadDebugControl
 .text.I2c_ReadCmdVelocity
                0x00000f9c       0x6c .\CortexM3\ARM_GCC_493\Debug\i2c.o
                0x00000f9c                I2c_ReadCmdVelocity
 .text.I2c_SetCalibrationStatusBit
                0x00001008       0x38 .\CortexM3\ARM_GCC_493\Debug\i2c.o
                0x00001008                I2c_SetCalibrationStatusBit
 .text.I2c_ClearCalibrationStatusBit
                0x00001040       0x3c .\CortexM3\ARM_GCC_493\Debug\i2c.o
                0x00001040                I2c_ClearCalibrationStatusBit
 .text.I2c_SetCalibrationStatus
                0x0000107c       0x34 .\CortexM3\ARM_GCC_493\Debug\i2c.o
                0x0000107c                I2c_SetCalibrationStatus
 .text.I2c_WriteOdom
                0x000010b0       0x78 .\CortexM3\ARM_GCC_493\Debug\i2c.o
                0x000010b0                I2c_WriteOdom
 .text.I2c_WriteInfraredDistances
                0x00001128       0x3c .\CortexM3\ARM_GCC_493\Debug\i2c.o
                0x00001128                I2c_WriteInfraredDistances
 .text.I2c_WriteUltrasonicDistances
                0x00001164       0x3c .\CortexM3\ARM_GCC_493\Debug\i2c.o
                0x00001164                I2c_WriteUltrasonicDistances
 .text.I2c_UpdateHeartbeat
                0x000011a0       0x2c .\CortexM3\ARM_GCC_493\Debug\i2c.o
                0x000011a0                I2c_UpdateHeartbeat
 .text.RampDown
                0x000011cc       0x7c .\CortexM3\ARM_GCC_493\Debug\motor.o
 .text.Motor_Init
                0x00001248       0x18 .\CortexM3\ARM_GCC_493\Debug\motor.o
                0x00001248                Motor_Init
 .text.Motor_Start
                0x00001260       0x30 .\CortexM3\ARM_GCC_493\Debug\motor.o
                0x00001260                Motor_Start
 .text.Motor_LeftSetPwm
                0x00001290       0x2c .\CortexM3\ARM_GCC_493\Debug\motor.o
                0x00001290                Motor_LeftSetPwm
 .text.Motor_RightSetPwm
                0x000012bc       0x2c .\CortexM3\ARM_GCC_493\Debug\motor.o
                0x000012bc                Motor_RightSetPwm
 .text.Motor_LeftGetPwm
                0x000012e8       0x10 .\CortexM3\ARM_GCC_493\Debug\motor.o
                0x000012e8                Motor_LeftGetPwm
 .text.Motor_RightGetPwm
                0x000012f8       0x10 .\CortexM3\ARM_GCC_493\Debug\motor.o
                0x000012f8                Motor_RightGetPwm
 .text.Motor_Stop
                0x00001308       0x30 .\CortexM3\ARM_GCC_493\Debug\motor.o
                0x00001308                Motor_Stop
 .text.Motor_LeftRampDown
                0x00001338       0x10 .\CortexM3\ARM_GCC_493\Debug\motor.o
                0x00001338                Motor_LeftRampDown
 .text.Motor_RightRampDown
                0x00001348       0x10 .\CortexM3\ARM_GCC_493\Debug\motor.o
                0x00001348                Motor_RightRampDown
 .text.CalculateOdometry
                0x00001358       0x3c .\CortexM3\ARM_GCC_493\Debug\odom.o
 .text.DumpOdom
                0x00001394       0x70 .\CortexM3\ARM_GCC_493\Debug\odom.o
 .text.Odom_Init
                0x00001404       0x14 .\CortexM3\ARM_GCC_493\Debug\odom.o
                0x00001404                Odom_Init
 .text.Odom_Start
                0x00001418        0x4 .\CortexM3\ARM_GCC_493\Debug\odom.o
                0x00001418                Odom_Start
 .text.Odom_Update
                0x0000141c       0x58 .\CortexM3\ARM_GCC_493\Debug\odom.o
                0x0000141c                Odom_Update
 .text.Odom_Reset
                0x00001474       0x20 .\CortexM3\ARM_GCC_493\Debug\odom.o
                0x00001474                Odom_Reset
 *fill*         0x00001494        0x4 
 .text.ProcessPid
                0x00001498       0xb8 .\CortexM3\ARM_GCC_493\Debug\pid.o
 .text.Pid_Init
                0x00001550       0x7c .\CortexM3\ARM_GCC_493\Debug\pid.o
                0x00001550                Pid_Init
 .text.Pid_Start
                0x000015cc       0x30 .\CortexM3\ARM_GCC_493\Debug\pid.o
                0x000015cc                Pid_Start
 *fill*         0x000015fc        0x4 
 .text.Pid_Update
                0x00001600       0xa0 .\CortexM3\ARM_GCC_493\Debug\pid.o
                0x00001600                Pid_Update
 .text.Pid_SetLeftRightTarget
                0x000016a0       0x10 .\CortexM3\ARM_GCC_493\Debug\pid.o
                0x000016a0                Pid_SetLeftRightTarget
 .text.Pid_RestoreLeftRightTarget
                0x000016b0       0x1c .\CortexM3\ARM_GCC_493\Debug\pid.o
                0x000016b0                Pid_RestoreLeftRightTarget
 .text.Pid_Reset
                0x000016cc       0x24 .\CortexM3\ARM_GCC_493\Debug\pid.o
                0x000016cc                Pid_Reset
 .text.Pid_Enable
                0x000016f0       0x28 .\CortexM3\ARM_GCC_493\Debug\pid.o
                0x000016f0                Pid_Enable
 .text.Pid_LeftSetGains
                0x00001718       0x18 .\CortexM3\ARM_GCC_493\Debug\pid.o
                0x00001718                Pid_LeftSetGains
 .text.Pid_RightSetGains
                0x00001730       0x18 .\CortexM3\ARM_GCC_493\Debug\pid.o
                0x00001730                Pid_RightSetGains
 .text.Pid_LeftGetGains
                0x00001748       0x1c .\CortexM3\ARM_GCC_493\Debug\pid.o
                0x00001748                Pid_LeftGetGains
 .text.Pid_RightGetGains
                0x00001764       0x1c .\CortexM3\ARM_GCC_493\Debug\pid.o
                0x00001764                Pid_RightGetGains
 .text.SysTickIsrHandler
                0x00001780       0x10 .\CortexM3\ARM_GCC_493\Debug\time.o
 .text.Time_Init
                0x00001790        0xc .\CortexM3\ARM_GCC_493\Debug\time.o
                0x00001790                Time_Init
 .text.Time_Start
                0x0000179c       0x2c .\CortexM3\ARM_GCC_493\Debug\time.o
                0x0000179c                Time_Start
 .text.millis   0x000017c8        0xc .\CortexM3\ARM_GCC_493\Debug\time.o
                0x000017c8                millis
 .text.insert_zeros
                0x000017d4       0x30 .\CortexM3\ARM_GCC_493\Debug\utils.o
 .text.MovingAverageFloat
                0x00001804       0x2c .\CortexM3\ARM_GCC_493\Debug\utils.o
                0x00001804                MovingAverageFloat
 .text.Uint16ToTwoBytes
                0x00001830        0x8 .\CortexM3\ARM_GCC_493\Debug\utils.o
                0x00001830                Uint16ToTwoBytes
 .text.FloatToFourBytes
                0x00001838       0x20 .\CortexM3\ARM_GCC_493\Debug\utils.o
                0x00001838                FloatToFourBytes
 .text.ftoa     0x00001858       0xa4 .\CortexM3\ARM_GCC_493\Debug\utils.o
                0x00001858                ftoa
 .text.BinaryRangeSearch
                0x000018fc       0x50 .\CortexM3\ARM_GCC_493\Debug\utils.o
                0x000018fc                BinaryRangeSearch
 .text.Interpolate
                0x0000194c       0x3c .\CortexM3\ARM_GCC_493\Debug\utils.o
                0x0000194c                Interpolate
 .text.PIDCompute
                0x00001988       0xa4 .\CortexM3\ARM_GCC_493\Debug\pid_controller.o
                0x00001988                PIDCompute
 .text.PIDModeSet
                0x00001a2c       0x40 .\CortexM3\ARM_GCC_493\Debug\pid_controller.o
                0x00001a2c                PIDModeSet
 .text.PIDOutputLimitsSet
                0x00001a6c       0x5c .\CortexM3\ARM_GCC_493\Debug\pid_controller.o
                0x00001a6c                PIDOutputLimitsSet
 .text.PIDTuningsSet
                0x00001ac8       0x6c .\CortexM3\ARM_GCC_493\Debug\pid_controller.o
                0x00001ac8                PIDTuningsSet
 .text.PIDInit  0x00001b34       0x54 .\CortexM3\ARM_GCC_493\Debug\pid_controller.o
                0x00001b34                PIDInit
 .text.PIDSetpointSet
                0x00001b88        0x4 .\CortexM3\ARM_GCC_493\Debug\pid_controller.o
                0x00001b88                PIDSetpointSet
 .text.PIDInputSet
                0x00001b8c        0x4 .\CortexM3\ARM_GCC_493\Debug\pid_controller.o
                0x00001b8c                PIDInputSet
 .text.Ser_Init
                0x00001b90        0x4 .\CortexM3\ARM_GCC_493\Debug\serial.o
                0x00001b90                Ser_Init
 .text.Ser_Start
                0x00001b94       0x2c .\CortexM3\ARM_GCC_493\Debug\serial.o
                0x00001b94                Ser_Start
 .text.Ser_Update
                0x00001bc0       0x14 .\CortexM3\ARM_GCC_493\Debug\serial.o
                0x00001bc0                Ser_Update
 .text.Ser_PutString
                0x00001bd4       0x20 .\CortexM3\ARM_GCC_493\Debug\serial.o
                0x00001bd4                Ser_PutString
 .text.Ser_ReadByte
                0x00001bf4       0x1c .\CortexM3\ARM_GCC_493\Debug\serial.o
                0x00001bf4                Ser_ReadByte
 .text.Ser_WriteByte
                0x00001c10       0x1c .\CortexM3\ARM_GCC_493\Debug\serial.o
                0x00001c10                Ser_WriteByte
 .text.Nvstore_Init
                0x00001c2c        0x4 .\CortexM3\ARM_GCC_493\Debug\nvstore.o
                0x00001c2c                Nvstore_Init
 .text.Nvstore_Start
                0x00001c30        0x8 .\CortexM3\ARM_GCC_493\Debug\nvstore.o
                0x00001c30                Nvstore_Start
 .text.Nvstore_WriteBytes
                0x00001c38       0xc8 .\CortexM3\ARM_GCC_493\Debug\nvstore.o
                0x00001c38                Nvstore_WriteBytes
 .text.Nvstore_WriteUint16
                0x00001d00       0x28 .\CortexM3\ARM_GCC_493\Debug\nvstore.o
                0x00001d00                Nvstore_WriteUint16
 .text.Nvstore_WriteFloat
                0x00001d28       0x2c .\CortexM3\ARM_GCC_493\Debug\nvstore.o
                0x00001d28                Nvstore_WriteFloat
 *fill*         0x00001d54        0x4 
 .text.GetStepVelocity
                0x00001d58      0x118 .\CortexM3\ARM_GCC_493\Debug\calpid.o
 .text.ResetPidValidationVelocity
                0x00001e70       0x10 .\CortexM3\ARM_GCC_493\Debug\calpid.o
 .text.GetNextValidationVelocity
                0x00001e80       0x3c .\CortexM3\ARM_GCC_493\Debug\calpid.o
 .text.Results  0x00001ebc       0x64 .\CortexM3\ARM_GCC_493\Debug\calpid.o
 .text.StoreLeftGains
                0x00001f20       0x3c .\CortexM3\ARM_GCC_493\Debug\calpid.o
 .text.StoreRightGains
                0x00001f5c       0x3c .\CortexM3\ARM_GCC_493\Debug\calpid.o
 .text.Stop     0x00001f98       0x88 .\CortexM3\ARM_GCC_493\Debug\calpid.o
 .text.SetNextValidationVelocity
                0x00002020       0x5c .\CortexM3\ARM_GCC_493\Debug\calpid.o
 .text.Update   0x0000207c       0x58 .\CortexM3\ARM_GCC_493\Debug\calpid.o
 .text.Start    0x000020d4       0xe4 .\CortexM3\ARM_GCC_493\Debug\calpid.o
 .text.Init     0x000021b8       0xbc .\CortexM3\ARM_GCC_493\Debug\calpid.o
 .text.CalPid_Init
                0x00002274       0x2c .\CortexM3\ARM_GCC_493\Debug\calpid.o
                0x00002274                CalPid_Init
 .text.CalculateValidationValues
                0x000022a0      0x178 .\CortexM3\ARM_GCC_493\Debug\calmotor.o
 .text.CalculatePwmSamples
                0x00002418       0x64 .\CortexM3\ARM_GCC_493\Debug\calmotor.o
 .text.AddSamplesToSum
                0x0000247c       0x24 .\CortexM3\ARM_GCC_493\Debug\calmotor.o
 .text.CalculateAvgCpsSamples
                0x000024a0       0x20 .\CortexM3\ARM_GCC_493\Debug\calmotor.o
 .text.CalculateMinMaxCpsSample
                0x000024c0       0x38 .\CortexM3\ARM_GCC_493\Debug\calmotor.o
 .text.Start    0x000024f8       0x24 .\CortexM3\ARM_GCC_493\Debug\calmotor.o
 .text.PrintAllMotorParams
                0x0000251c       0x64 .\CortexM3\ARM_GCC_493\Debug\calmotor.o
 .text.Results  0x00002580       0x28 .\CortexM3\ARM_GCC_493\Debug\calmotor.o
 .text.Stop     0x000025a8       0x2c .\CortexM3\ARM_GCC_493\Debug\calmotor.o
 .text.CollectCpsPwmSamples
                0x000025d4       0x58 .\CortexM3\ARM_GCC_493\Debug\calmotor.o
 .text.CollectPwmCpsSamples
                0x0000262c       0xb4 .\CortexM3\ARM_GCC_493\Debug\calmotor.o
 .text.CalibrateWheelSpeed
                0x000026e0       0x5c .\CortexM3\ARM_GCC_493\Debug\calmotor.o
 .text.StoreWheelSpeedSamples
                0x0000273c       0x64 .\CortexM3\ARM_GCC_493\Debug\calmotor.o
 .text.PrintVelocityParams
                0x000027a0       0x40 .\CortexM3\ARM_GCC_493\Debug\calmotor.o
 .text.DoVelocityValidation
                0x000027e0       0xa8 .\CortexM3\ARM_GCC_493\Debug\calmotor.o
 .text.Update   0x00002888      0x120 .\CortexM3\ARM_GCC_493\Debug\calmotor.o
 .text.Init     0x000029a8       0x34 .\CortexM3\ARM_GCC_493\Debug\calmotor.o
 .text.CalMotor_Init
                0x000029dc       0x40 .\CortexM3\ARM_GCC_493\Debug\calmotor.o
                0x000029dc                CalMotor_Init
 .text.DumpPid  0x00002a1c      0x104 .\CortexM3\ARM_GCC_493\Debug\pidutil.o
                0x00002a1c                DumpPid
 .text.SendRequest
                0x00002b20       0x24 .\CortexM3\ARM_GCC_493\Debug\spi.o
 .text.ProcessResponse
                0x00002b44       0x38 .\CortexM3\ARM_GCC_493\Debug\spi.o
 .text.RecvResponse
                0x00002b7c       0x50 .\CortexM3\ARM_GCC_493\Debug\spi.o
 .text.Spi_Init
                0x00002bcc        0x4 .\CortexM3\ARM_GCC_493\Debug\spi.o
                0x00002bcc                Spi_Init
 .text.Spi_Start
                0x00002bd0       0x14 .\CortexM3\ARM_GCC_493\Debug\spi.o
                0x00002bd0                Spi_Start
 .text.Spi_Update
                0x00002be4       0x30 .\CortexM3\ARM_GCC_493\Debug\spi.o
                0x00002be4                Spi_Update
 .text.IntDefaultHandler
                0x00002c14        0x4 .\CortexM3\ARM_GCC_493\Debug\Cm3Start.o
                0x00002c14                IntDefaultHandler
 .text._exit    0x00002c18        0xc .\CortexM3\ARM_GCC_493\Debug\Cm3Start.o
                0x00002c18                _exit
 .text._sbrk    0x00002c24       0x30 .\CortexM3\ARM_GCC_493\Debug\Cm3Start.o
                0x00002c24                _sbrk
 .text.Start_c  0x00002c54       0x4c .\CortexM3\ARM_GCC_493\Debug\Cm3Start.o
                0x00002c54                Start_c
 .text.initialize_psoc
                0x00002ca0       0x74 .\CortexM3\ARM_GCC_493\Debug\Cm3Start.o
                0x00002ca0                initialize_psoc
 .text.cfg_write_bytes32
                0x00002d14       0x34 .\CortexM3\ARM_GCC_493\Debug\freesoc.a(cyfitter_cfg.o)
 .text.AnalogSetDefault
                0x00002d48       0x28 .\CortexM3\ARM_GCC_493\Debug\freesoc.a(cyfitter_cfg.o)
 .text.CYMEMZERO
                0x00002d70        0xc .\CortexM3\ARM_GCC_493\Debug\freesoc.a(cyfitter_cfg.o)
 .text.ClockSetup
                0x00002d7c       0xd0 .\CortexM3\ARM_GCC_493\Debug\freesoc.a(cyfitter_cfg.o)
 .text.CYCONFIGCPY
                0x00002e4c        0x8 .\CortexM3\ARM_GCC_493\Debug\freesoc.a(cyfitter_cfg.o)
 .text.cyfitter_cfg
                0x00002e54      0x130 .\CortexM3\ARM_GCC_493\Debug\freesoc.a(cyfitter_cfg.o)
                0x00002e54                cyfitter_cfg
 .text.Left_HB25_Enable_Pin_Write
                0x00002f84       0x18 .\CortexM3\ARM_GCC_493\Debug\freesoc.a(Left_HB25_Enable_Pin.o)
                0x00002f84                Left_HB25_Enable_Pin_Write
 .text.Left_HB25_PWM_Stop
                0x00002f9c        0x4 .\CortexM3\ARM_GCC_493\Debug\freesoc.a(Left_HB25_PWM.o)
                0x00002f9c                Left_HB25_PWM_Stop
 .text.Left_HB25_PWM_WriteCounter
                0x00002fa0        0xc .\CortexM3\ARM_GCC_493\Debug\freesoc.a(Left_HB25_PWM.o)
                0x00002fa0                Left_HB25_PWM_WriteCounter
 .text.Left_HB25_PWM_WritePeriod
                0x00002fac        0xc .\CortexM3\ARM_GCC_493\Debug\freesoc.a(Left_HB25_PWM.o)
                0x00002fac                Left_HB25_PWM_WritePeriod
 .text.Left_HB25_PWM_WriteCompare
                0x00002fb8        0xc .\CortexM3\ARM_GCC_493\Debug\freesoc.a(Left_HB25_PWM.o)
                0x00002fb8                Left_HB25_PWM_WriteCompare
 .text.Left_HB25_PWM_Init
                0x00002fc4       0x34 .\CortexM3\ARM_GCC_493\Debug\freesoc.a(Left_HB25_PWM.o)
                0x00002fc4                Left_HB25_PWM_Init
 .text.Left_HB25_PWM_Start
                0x00002ff8       0x18 .\CortexM3\ARM_GCC_493\Debug\freesoc.a(Left_HB25_PWM.o)
                0x00002ff8                Left_HB25_PWM_Start
 .text.Left_HB25_PWM_ReadCompare
                0x00003010        0xc .\CortexM3\ARM_GCC_493\Debug\freesoc.a(Left_HB25_PWM.o)
                0x00003010                Left_HB25_PWM_ReadCompare
 .text.Right_HB25_Enable_Pin_Write
                0x0000301c       0x18 .\CortexM3\ARM_GCC_493\Debug\freesoc.a(Right_HB25_Enable_Pin.o)
                0x0000301c                Right_HB25_Enable_Pin_Write
 .text.Right_HB25_PWM_Stop
                0x00003034        0x4 .\CortexM3\ARM_GCC_493\Debug\freesoc.a(Right_HB25_PWM.o)
                0x00003034                Right_HB25_PWM_Stop
 .text.Right_HB25_PWM_WriteCounter
                0x00003038        0xc .\CortexM3\ARM_GCC_493\Debug\freesoc.a(Right_HB25_PWM.o)
                0x00003038                Right_HB25_PWM_WriteCounter
 .text.Right_HB25_PWM_WritePeriod
                0x00003044        0xc .\CortexM3\ARM_GCC_493\Debug\freesoc.a(Right_HB25_PWM.o)
                0x00003044                Right_HB25_PWM_WritePeriod
 .text.Right_HB25_PWM_WriteCompare
                0x00003050        0xc .\CortexM3\ARM_GCC_493\Debug\freesoc.a(Right_HB25_PWM.o)
                0x00003050                Right_HB25_PWM_WriteCompare
 .text.Right_HB25_PWM_Init
                0x0000305c       0x34 .\CortexM3\ARM_GCC_493\Debug\freesoc.a(Right_HB25_PWM.o)
                0x0000305c                Right_HB25_PWM_Init
 .text.Right_HB25_PWM_Start
                0x00003090       0x18 .\CortexM3\ARM_GCC_493\Debug\freesoc.a(Right_HB25_PWM.o)
                0x00003090                Right_HB25_PWM_Start
 .text.Right_HB25_PWM_ReadCompare
                0x000030a8        0xc .\CortexM3\ARM_GCC_493\Debug\freesoc.a(Right_HB25_PWM.o)
                0x000030a8                Right_HB25_PWM_ReadCompare
 *fill*         0x000030b4        0x4 
 .text          0x000030b8       0x20 .\CortexM3\ARM_GCC_493\Debug\freesoc.a(CyBootAsmGnu.o)
                0x000030b8                CyDelayCycles
                0x000030c8                CyEnterCriticalSection
                0x000030d0                CyExitCriticalSection
 .text.CyHalt   0x000030d8        0x4 .\CortexM3\ARM_GCC_493\Debug\freesoc.a(CyLib.o)
                0x000030d8                CyHalt
 .text.CyDelay  0x000030dc       0x2c .\CortexM3\ARM_GCC_493\Debug\freesoc.a(CyLib.o)
                0x000030dc                CyDelay
 .text.CyDelayUs
                0x00003108       0x14 .\CortexM3\ARM_GCC_493\Debug\freesoc.a(CyLib.o)
                0x00003108                CyDelayUs
 .text.CyIntSetSysVector
                0x0000311c       0x28 .\CortexM3\ARM_GCC_493\Debug\freesoc.a(CyLib.o)
                0x0000311c                CyIntSetSysVector
 .text.CyIntSetVector
                0x00003144       0x28 .\CortexM3\ARM_GCC_493\Debug\freesoc.a(CyLib.o)
                0x00003144                CyIntSetVector
 .text.CyIntSetPriority
                0x0000316c       0x30 .\CortexM3\ARM_GCC_493\Debug\freesoc.a(CyLib.o)
                0x0000316c                CyIntSetPriority
 .text.CySysTickEnableInterrupt
                0x0000319c       0x10 .\CortexM3\ARM_GCC_493\Debug\freesoc.a(CyLib.o)
                0x0000319c                CySysTickEnableInterrupt
 .text.CySysTickEnable
                0x000031ac       0x18 .\CortexM3\ARM_GCC_493\Debug\freesoc.a(CyLib.o)
                0x000031ac                CySysTickEnable
 .text.CySysTickSetReload
                0x000031c4       0x10 .\CortexM3\ARM_GCC_493\Debug\freesoc.a(CyLib.o)
                0x000031c4                CySysTickSetReload
 .text.CySysTickSetClockSource
                0x000031d4       0x20 .\CortexM3\ARM_GCC_493\Debug\freesoc.a(CyLib.o)
                0x000031d4                CySysTickSetClockSource
 .text.CySysTickGetCountFlag
                0x000031f4       0x10 .\CortexM3\ARM_GCC_493\Debug\freesoc.a(CyLib.o)
                0x000031f4                CySysTickGetCountFlag
 .text.CySysTickServiceCallbacks
                0x00003204       0x28 .\CortexM3\ARM_GCC_493\Debug\freesoc.a(CyLib.o)
 .text.CySysTickClear
                0x0000322c        0xc .\CortexM3\ARM_GCC_493\Debug\freesoc.a(CyLib.o)
                0x0000322c                CySysTickClear
 .text.CySysTickInit
                0x00003238       0x58 .\CortexM3\ARM_GCC_493\Debug\freesoc.a(CyLib.o)
                0x00003238                CySysTickInit
 .text.CySysTickStart
                0x00003290       0x1c .\CortexM3\ARM_GCC_493\Debug\freesoc.a(CyLib.o)
                0x00003290                CySysTickStart
 .text.CySysTickSetCallback
                0x000032ac       0x10 .\CortexM3\ARM_GCC_493\Debug\freesoc.a(CyLib.o)
                0x000032ac                CySysTickSetCallback
 .text.CySysTickGetCallback
                0x000032bc       0x10 .\CortexM3\ARM_GCC_493\Debug\freesoc.a(CyLib.o)
                0x000032bc                CySysTickGetCallback
 .text.CyGetUniqueId
                0x000032cc       0x70 .\CortexM3\ARM_GCC_493\Debug\freesoc.a(CyLib.o)
                0x000032cc                CyGetUniqueId
 .text.EZI2C_Slave_Init
                0x0000333c       0x70 .\CortexM3\ARM_GCC_493\Debug\freesoc.a(EZI2C_Slave.o)
                0x0000333c                EZI2C_Slave_Init
 .text.EZI2C_Slave_Enable
                0x000033ac       0x30 .\CortexM3\ARM_GCC_493\Debug\freesoc.a(EZI2C_Slave.o)
                0x000033ac                EZI2C_Slave_Enable
 .text.EZI2C_Slave_Start
                0x000033dc       0x1c .\CortexM3\ARM_GCC_493\Debug\freesoc.a(EZI2C_Slave.o)
                0x000033dc                EZI2C_Slave_Start
 .text.EZI2C_Slave_GetActivity
                0x000033f8       0x28 .\CortexM3\ARM_GCC_493\Debug\freesoc.a(EZI2C_Slave.o)
                0x000033f8                EZI2C_Slave_GetActivity
 .text.EZI2C_Slave_SetBuffer1
                0x00003420       0x50 .\CortexM3\ARM_GCC_493\Debug\freesoc.a(EZI2C_Slave.o)
                0x00003420                EZI2C_Slave_SetBuffer1
 .text.EZI2C_Slave_ISR
                0x00003470      0x1c4 .\CortexM3\ARM_GCC_493\Debug\freesoc.a(EZI2C_Slave_INT.o)
                0x00003470                EZI2C_Slave_ISR
 .text.Mainloop_Pin_Write
                0x00003634       0x18 .\CortexM3\ARM_GCC_493\Debug\freesoc.a(Mainloop_Pin.o)
                0x00003634                Mainloop_Pin_Write
 .text.EEPROM_Enable
                0x0000364c        0xc .\CortexM3\ARM_GCC_493\Debug\freesoc.a(EEPROM.o)
                0x0000364c                EEPROM_Enable
 .text.EEPROM_Start
                0x00003658        0x8 .\CortexM3\ARM_GCC_493\Debug\freesoc.a(EEPROM.o)
                0x00003658                EEPROM_Start
 .text.EEPROM_WriteByte
                0x00003660       0xd4 .\CortexM3\ARM_GCC_493\Debug\freesoc.a(EEPROM.o)
                0x00003660                EEPROM_WriteByte
 .text.EEPROM_Write
                0x00003734       0xb4 .\CortexM3\ARM_GCC_493\Debug\freesoc.a(EEPROM.o)
                0x00003734                EEPROM_Write
 .text.Right_QuadDec_Init
                0x000037e8       0x24 .\CortexM3\ARM_GCC_493\Debug\freesoc.a(Right_QuadDec.o)
                0x000037e8                Right_QuadDec_Init
 .text.Right_QuadDec_GetCounter
                0x0000380c       0x2c .\CortexM3\ARM_GCC_493\Debug\freesoc.a(Right_QuadDec.o)
                0x0000380c                Right_QuadDec_GetCounter
 .text.Right_QuadDec_SetCounter
                0x00003838       0x28 .\CortexM3\ARM_GCC_493\Debug\freesoc.a(Right_QuadDec.o)
                0x00003838                Right_QuadDec_SetCounter
 .text.Right_QuadDec_GetEvents
                0x00003860       0x10 .\CortexM3\ARM_GCC_493\Debug\freesoc.a(Right_QuadDec.o)
                0x00003860                Right_QuadDec_GetEvents
 .text.Right_QuadDec_SetInterruptMask
                0x00003870       0x10 .\CortexM3\ARM_GCC_493\Debug\freesoc.a(Right_QuadDec.o)
                0x00003870                Right_QuadDec_SetInterruptMask
 .text.Right_QuadDec_Enable
                0x00003880       0x30 .\CortexM3\ARM_GCC_493\Debug\freesoc.a(Right_QuadDec.o)
                0x00003880                Right_QuadDec_Enable
 .text.Right_QuadDec_Start
                0x000038b0       0x34 .\CortexM3\ARM_GCC_493\Debug\freesoc.a(Right_QuadDec.o)
                0x000038b0                Right_QuadDec_Start
 .text.Right_QuadDec_ISR
                0x000038e4       0x40 .\CortexM3\ARM_GCC_493\Debug\freesoc.a(Right_QuadDec_INT.o)
                0x000038e4                Right_QuadDec_ISR
 .text.Right_QuadDec_Cnt16_Enable
                0x00003924       0x10 .\CortexM3\ARM_GCC_493\Debug\freesoc.a(Right_QuadDec_Cnt16.o)
                0x00003924                Right_QuadDec_Cnt16_Enable
 .text.Right_QuadDec_Cnt16_SetInterruptMode
                0x00003934        0xc .\CortexM3\ARM_GCC_493\Debug\freesoc.a(Right_QuadDec_Cnt16.o)
                0x00003934                Right_QuadDec_Cnt16_SetInterruptMode
 .text.Right_QuadDec_Cnt16_ReadStatusRegister
                0x00003940        0xc .\CortexM3\ARM_GCC_493\Debug\freesoc.a(Right_QuadDec_Cnt16.o)
                0x00003940                Right_QuadDec_Cnt16_ReadStatusRegister
 .text.Right_QuadDec_Cnt16_WriteCounter
                0x0000394c        0xc .\CortexM3\ARM_GCC_493\Debug\freesoc.a(Right_QuadDec_Cnt16.o)
                0x0000394c                Right_QuadDec_Cnt16_WriteCounter
 .text.Right_QuadDec_Cnt16_ReadCounter
                0x00003958       0x14 .\CortexM3\ARM_GCC_493\Debug\freesoc.a(Right_QuadDec_Cnt16.o)
                0x00003958                Right_QuadDec_Cnt16_ReadCounter
 .text.Right_QuadDec_Cnt16_ReadCapture
                0x0000396c        0xc .\CortexM3\ARM_GCC_493\Debug\freesoc.a(Right_QuadDec_Cnt16.o)
                0x0000396c                Right_QuadDec_Cnt16_ReadCapture
 .text.Right_QuadDec_Cnt16_WritePeriod
                0x00003978        0xc .\CortexM3\ARM_GCC_493\Debug\freesoc.a(Right_QuadDec_Cnt16.o)
                0x00003978                Right_QuadDec_Cnt16_WritePeriod
 .text.Right_QuadDec_Cnt16_WriteCompare
                0x00003984        0xc .\CortexM3\ARM_GCC_493\Debug\freesoc.a(Right_QuadDec_Cnt16.o)
                0x00003984                Right_QuadDec_Cnt16_WriteCompare
 .text.Right_QuadDec_Cnt16_ClearFIFO
                0x00003990       0x14 .\CortexM3\ARM_GCC_493\Debug\freesoc.a(Right_QuadDec_Cnt16.o)
                0x00003990                Right_QuadDec_Cnt16_ClearFIFO
 .text.Right_QuadDec_Cnt16_Init
                0x000039a4       0x58 .\CortexM3\ARM_GCC_493\Debug\freesoc.a(Right_QuadDec_Cnt16.o)
                0x000039a4                Right_QuadDec_Cnt16_Init
 .text.Right_QuadDec_Cnt16_Start
                0x000039fc       0x1c .\CortexM3\ARM_GCC_493\Debug\freesoc.a(Right_QuadDec_Cnt16.o)
                0x000039fc                Right_QuadDec_Cnt16_Start
 .text.Left_QuadDec_Init
                0x00003a18       0x24 .\CortexM3\ARM_GCC_493\Debug\freesoc.a(Left_QuadDec.o)
                0x00003a18                Left_QuadDec_Init
 .text.Left_QuadDec_GetCounter
                0x00003a3c       0x2c .\CortexM3\ARM_GCC_493\Debug\freesoc.a(Left_QuadDec.o)
                0x00003a3c                Left_QuadDec_GetCounter
 .text.Left_QuadDec_SetCounter
                0x00003a68       0x28 .\CortexM3\ARM_GCC_493\Debug\freesoc.a(Left_QuadDec.o)
                0x00003a68                Left_QuadDec_SetCounter
 .text.Left_QuadDec_GetEvents
                0x00003a90       0x10 .\CortexM3\ARM_GCC_493\Debug\freesoc.a(Left_QuadDec.o)
                0x00003a90                Left_QuadDec_GetEvents
 .text.Left_QuadDec_SetInterruptMask
                0x00003aa0       0x10 .\CortexM3\ARM_GCC_493\Debug\freesoc.a(Left_QuadDec.o)
                0x00003aa0                Left_QuadDec_SetInterruptMask
 .text.Left_QuadDec_Enable
                0x00003ab0       0x30 .\CortexM3\ARM_GCC_493\Debug\freesoc.a(Left_QuadDec.o)
                0x00003ab0                Left_QuadDec_Enable
 .text.Left_QuadDec_Start
                0x00003ae0       0x34 .\CortexM3\ARM_GCC_493\Debug\freesoc.a(Left_QuadDec.o)
                0x00003ae0                Left_QuadDec_Start
 .text.Left_QuadDec_ISR
                0x00003b14       0x40 .\CortexM3\ARM_GCC_493\Debug\freesoc.a(Left_QuadDec_INT.o)
                0x00003b14                Left_QuadDec_ISR
 .text.Left_QuadDec_Cnt16_Enable
                0x00003b54       0x10 .\CortexM3\ARM_GCC_493\Debug\freesoc.a(Left_QuadDec_Cnt16.o)
                0x00003b54                Left_QuadDec_Cnt16_Enable
 .text.Left_QuadDec_Cnt16_SetInterruptMode
                0x00003b64        0xc .\CortexM3\ARM_GCC_493\Debug\freesoc.a(Left_QuadDec_Cnt16.o)
                0x00003b64                Left_QuadDec_Cnt16_SetInterruptMode
 .text.Left_QuadDec_Cnt16_ReadStatusRegister
                0x00003b70        0xc .\CortexM3\ARM_GCC_493\Debug\freesoc.a(Left_QuadDec_Cnt16.o)
                0x00003b70                Left_QuadDec_Cnt16_ReadStatusRegister
 .text.Left_QuadDec_Cnt16_WriteCounter
                0x00003b7c        0xc .\CortexM3\ARM_GCC_493\Debug\freesoc.a(Left_QuadDec_Cnt16.o)
                0x00003b7c                Left_QuadDec_Cnt16_WriteCounter
 .text.Left_QuadDec_Cnt16_ReadCounter
                0x00003b88       0x14 .\CortexM3\ARM_GCC_493\Debug\freesoc.a(Left_QuadDec_Cnt16.o)
                0x00003b88                Left_QuadDec_Cnt16_ReadCounter
 .text.Left_QuadDec_Cnt16_ReadCapture
                0x00003b9c        0xc .\CortexM3\ARM_GCC_493\Debug\freesoc.a(Left_QuadDec_Cnt16.o)
                0x00003b9c                Left_QuadDec_Cnt16_ReadCapture
 .text.Left_QuadDec_Cnt16_WritePeriod
                0x00003ba8        0xc .\CortexM3\ARM_GCC_493\Debug\freesoc.a(Left_QuadDec_Cnt16.o)
                0x00003ba8                Left_QuadDec_Cnt16_WritePeriod
 .text.Left_QuadDec_Cnt16_WriteCompare
                0x00003bb4        0xc .\CortexM3\ARM_GCC_493\Debug\freesoc.a(Left_QuadDec_Cnt16.o)
                0x00003bb4                Left_QuadDec_Cnt16_WriteCompare
 .text.Left_QuadDec_Cnt16_ClearFIFO
                0x00003bc0       0x14 .\CortexM3\ARM_GCC_493\Debug\freesoc.a(Left_QuadDec_Cnt16.o)
                0x00003bc0                Left_QuadDec_Cnt16_ClearFIFO
 .text.Left_QuadDec_Cnt16_Init
                0x00003bd4       0x58 .\CortexM3\ARM_GCC_493\Debug\freesoc.a(Left_QuadDec_Cnt16.o)
                0x00003bd4                Left_QuadDec_Cnt16_Init
 .text.Left_QuadDec_Cnt16_Start
                0x00003c2c       0x1c .\CortexM3\ARM_GCC_493\Debug\freesoc.a(Left_QuadDec_Cnt16.o)
                0x00003c2c                Left_QuadDec_Cnt16_Start
 .text.USBUART_Init
                0x00003c48      0x140 .\CortexM3\ARM_GCC_493\Debug\freesoc.a(USBUART.o)
                0x00003c48                USBUART_Init
 .text.USBUART_InitComponent
                0x00003d88       0xd0 .\CortexM3\ARM_GCC_493\Debug\freesoc.a(USBUART.o)
                0x00003d88                USBUART_InitComponent
 .text.USBUART_Start
                0x00003e58       0x24 .\CortexM3\ARM_GCC_493\Debug\freesoc.a(USBUART.o)
                0x00003e58                USBUART_Start
 .text.USBUART_ReInitComponent
                0x00003e7c       0x64 .\CortexM3\ARM_GCC_493\Debug\freesoc.a(USBUART.o)
                0x00003e7c                USBUART_ReInitComponent
 .text.USBUART_GetConfiguration
                0x00003ee0        0xc .\CortexM3\ARM_GCC_493\Debug\freesoc.a(USBUART.o)
                0x00003ee0                USBUART_GetConfiguration
 .text.USBUART_IsConfigurationChanged
                0x00003eec       0x20 .\CortexM3\ARM_GCC_493\Debug\freesoc.a(USBUART.o)
                0x00003eec                USBUART_IsConfigurationChanged
 .text.USBUART_GetEPState
                0x00003f0c       0x14 .\CortexM3\ARM_GCC_493\Debug\freesoc.a(USBUART.o)
                0x00003f0c                USBUART_GetEPState
 .text.USBUART_GetEPCount
                0x00003f20       0x28 .\CortexM3\ARM_GCC_493\Debug\freesoc.a(USBUART.o)
                0x00003f20                USBUART_GetEPCount
 .text.USBUART_LoadInEP
                0x00003f48       0x94 .\CortexM3\ARM_GCC_493\Debug\freesoc.a(USBUART.o)
                0x00003f48                USBUART_LoadInEP
 .text.USBUART_EnableOutEP
                0x00003fdc       0x2c .\CortexM3\ARM_GCC_493\Debug\freesoc.a(USBUART.o)
                0x00003fdc                USBUART_EnableOutEP
 .text.USBUART_ReadOutEP
                0x00004008       0x50 .\CortexM3\ARM_GCC_493\Debug\freesoc.a(USBUART.o)
                0x00004008                USBUART_ReadOutEP
 .text.USBUART_StrLen
                0x00004058       0x14 .\CortexM3\ARM_GCC_493\Debug\freesoc.a(USBUART_cdc.o)
 .text.USBUART_GetInterfaceComPort
                0x0000406c       0x3c .\CortexM3\ARM_GCC_493\Debug\freesoc.a(USBUART_cdc.o)
                0x0000406c                USBUART_GetInterfaceComPort
 .text.USBUART_DispatchCDCClassRqst
                0x000040a8       0x98 .\CortexM3\ARM_GCC_493\Debug\freesoc.a(USBUART_cdc.o)
                0x000040a8                USBUART_DispatchCDCClassRqst
 .text.USBUART_CDC_Init
                0x00004140       0x98 .\CortexM3\ARM_GCC_493\Debug\freesoc.a(USBUART_cdc.o)
                0x00004140                USBUART_CDC_Init
 .text.USBUART_PutString
                0x000041d8       0x9c .\CortexM3\ARM_GCC_493\Debug\freesoc.a(USBUART_cdc.o)
                0x000041d8                USBUART_PutString
 .text.USBUART_PutChar
                0x00004274       0x28 .\CortexM3\ARM_GCC_493\Debug\freesoc.a(USBUART_cdc.o)
                0x00004274                USBUART_PutChar
 .text.USBUART_DataIsReady
                0x0000429c       0x18 .\CortexM3\ARM_GCC_493\Debug\freesoc.a(USBUART_cdc.o)
                0x0000429c                USBUART_DataIsReady
 .text.USBUART_CDCIsReady
                0x000042b4       0x18 .\CortexM3\ARM_GCC_493\Debug\freesoc.a(USBUART_cdc.o)
                0x000042b4                USBUART_CDCIsReady
 .text.USBUART_GetChar
                0x000042cc       0x28 .\CortexM3\ARM_GCC_493\Debug\freesoc.a(USBUART_cdc.o)
                0x000042cc                USBUART_GetChar
 .text.USBUART_Cdc_EpInit
                0x000042f4       0x50 .\CortexM3\ARM_GCC_493\Debug\freesoc.a(USBUART_cdc.o)
                0x000042f4                USBUART_Cdc_EpInit
 .text.USBUART_LoadEP0
                0x00004344       0x94 .\CortexM3\ARM_GCC_493\Debug\freesoc.a(USBUART_drv.o)
                0x00004344                USBUART_LoadEP0
 .text.USBUART_InitZeroLengthControlTransfer
                0x000043d8       0x34 .\CortexM3\ARM_GCC_493\Debug\freesoc.a(USBUART_drv.o)
                0x000043d8                USBUART_InitZeroLengthControlTransfer
 .text.USBUART_ControlReadDataStage
                0x0000440c        0x8 .\CortexM3\ARM_GCC_493\Debug\freesoc.a(USBUART_drv.o)
                0x0000440c                USBUART_ControlReadDataStage
 .text.USBUART_ControlWriteDataStage
                0x00004414       0x80 .\CortexM3\ARM_GCC_493\Debug\freesoc.a(USBUART_drv.o)
                0x00004414                USBUART_ControlWriteDataStage
 .text.USBUART_InitNoDataControlTransfer
                0x00004494       0x2c .\CortexM3\ARM_GCC_493\Debug\freesoc.a(USBUART_drv.o)
                0x00004494                USBUART_InitNoDataControlTransfer
 .text.USBUART_UpdateStatusBlock
                0x000044c0       0x24 .\CortexM3\ARM_GCC_493\Debug\freesoc.a(USBUART_drv.o)
                0x000044c0                USBUART_UpdateStatusBlock
 .text.USBUART_HandleSetup
                0x000044e4       0x5c .\CortexM3\ARM_GCC_493\Debug\freesoc.a(USBUART_drv.o)
                0x000044e4                USBUART_HandleSetup
 .text.USBUART_ControlReadStatusStage
                0x00004540       0x34 .\CortexM3\ARM_GCC_493\Debug\freesoc.a(USBUART_drv.o)
                0x00004540                USBUART_ControlReadStatusStage
 .text.USBUART_HandleOUT
                0x00004574       0x38 .\CortexM3\ARM_GCC_493\Debug\freesoc.a(USBUART_drv.o)
                0x00004574                USBUART_HandleOUT
 .text.USBUART_ControlWriteStatusStage
                0x000045ac       0x20 .\CortexM3\ARM_GCC_493\Debug\freesoc.a(USBUART_drv.o)
                0x000045ac                USBUART_ControlWriteStatusStage
 .text.USBUART_NoDataControlStatusStage
                0x000045cc       0x40 .\CortexM3\ARM_GCC_493\Debug\freesoc.a(USBUART_drv.o)
                0x000045cc                USBUART_NoDataControlStatusStage
 .text.USBUART_HandleIN
                0x0000460c       0x2c .\CortexM3\ARM_GCC_493\Debug\freesoc.a(USBUART_drv.o)
                0x0000460c                USBUART_HandleIN
 .text.USBUART_EP_0_ISR
                0x00004638       0xb8 .\CortexM3\ARM_GCC_493\Debug\freesoc.a(USBUART_drv.o)
                0x00004638                USBUART_EP_0_ISR
 .text.USBUART_InitializeStatusBlock
                0x000046f0       0x24 .\CortexM3\ARM_GCC_493\Debug\freesoc.a(USBUART_drv.o)
                0x000046f0                USBUART_InitializeStatusBlock
 .text.USBUART_InitControlRead
                0x00004714       0x50 .\CortexM3\ARM_GCC_493\Debug\freesoc.a(USBUART_drv.o)
                0x00004714                USBUART_InitControlRead
 .text.USBUART_InitControlWrite
                0x00004764       0x48 .\CortexM3\ARM_GCC_493\Debug\freesoc.a(USBUART_drv.o)
                0x00004764                USBUART_InitControlWrite
 .text.USBUART_EP_1_ISR
                0x000047ac       0x38 .\CortexM3\ARM_GCC_493\Debug\freesoc.a(USBUART_episr.o)
                0x000047ac                USBUART_EP_1_ISR
 .text.USBUART_EP_2_ISR
                0x000047e4       0x3c .\CortexM3\ARM_GCC_493\Debug\freesoc.a(USBUART_episr.o)
                0x000047e4                USBUART_EP_2_ISR
 .text.USBUART_EP_3_ISR
                0x00004820       0x44 .\CortexM3\ARM_GCC_493\Debug\freesoc.a(USBUART_episr.o)
                0x00004820                USBUART_EP_3_ISR
 .text.USBUART_SOF_ISR
                0x00004864        0x4 .\CortexM3\ARM_GCC_493\Debug\freesoc.a(USBUART_episr.o)
                0x00004864                USBUART_SOF_ISR
 .text.USBUART_BUS_RESET_ISR
                0x00004868        0x8 .\CortexM3\ARM_GCC_493\Debug\freesoc.a(USBUART_episr.o)
                0x00004868                USBUART_BUS_RESET_ISR
 .text.USBUART_FindHidClassDecriptor
                0x00004870       0x40 .\CortexM3\ARM_GCC_493\Debug\freesoc.a(USBUART_hid.o)
                0x00004870                USBUART_FindHidClassDecriptor
 .text.USBUART_FindReportDescriptor
                0x000048b0       0x48 .\CortexM3\ARM_GCC_493\Debug\freesoc.a(USBUART_hid.o)
                0x000048b0                USBUART_FindReportDescriptor
 .text.USBUART_FindReport
                0x000048f8       0x7c .\CortexM3\ARM_GCC_493\Debug\freesoc.a(USBUART_hid.o)
                0x000048f8                USBUART_FindReport
 .text.USBUART_DispatchHIDClassRqst
                0x00004974      0x184 .\CortexM3\ARM_GCC_493\Debug\freesoc.a(USBUART_hid.o)
                0x00004974                USBUART_DispatchHIDClassRqst
 .text.USBUART_DP_ISR
                0x00004af8        0x8 .\CortexM3\ARM_GCC_493\Debug\freesoc.a(USBUART_pm.o)
                0x00004af8                USBUART_DP_ISR
 .text.USBUART_ReadDieID
                0x00004b00       0x6c .\CortexM3\ARM_GCC_493\Debug\freesoc.a(USBUART_std.o)
                0x00004b00                USBUART_ReadDieID
 .text.USBUART_ConfigReg
                0x00004b6c       0xa4 .\CortexM3\ARM_GCC_493\Debug\freesoc.a(USBUART_std.o)
                0x00004b6c                USBUART_ConfigReg
 .text.USBUART_GetConfigTablePtr
                0x00004c10       0x28 .\CortexM3\ARM_GCC_493\Debug\freesoc.a(USBUART_std.o)
                0x00004c10                USBUART_GetConfigTablePtr
 .text.USBUART_ConfigAltChanged
                0x00004c38      0x11c .\CortexM3\ARM_GCC_493\Debug\freesoc.a(USBUART_std.o)
                0x00004c38                USBUART_ConfigAltChanged
 .text.USBUART_GetDeviceTablePtr
                0x00004d54       0x18 .\CortexM3\ARM_GCC_493\Debug\freesoc.a(USBUART_std.o)
                0x00004d54                USBUART_GetDeviceTablePtr
 .text.USBUART_GetInterfaceClassTablePtr
                0x00004d6c       0x24 .\CortexM3\ARM_GCC_493\Debug\freesoc.a(USBUART_std.o)
                0x00004d6c                USBUART_GetInterfaceClassTablePtr
 .text.USBUART_Config
                0x00004d90      0x1dc .\CortexM3\ARM_GCC_493\Debug\freesoc.a(USBUART_std.o)
                0x00004d90                USBUART_Config
 .text.USBUART_SetEndpointHalt
                0x00004f6c       0x64 .\CortexM3\ARM_GCC_493\Debug\freesoc.a(USBUART_std.o)
                0x00004f6c                USBUART_SetEndpointHalt
 .text.USBUART_ClearEndpointHalt
                0x00004fd0       0xa8 .\CortexM3\ARM_GCC_493\Debug\freesoc.a(USBUART_std.o)
                0x00004fd0                USBUART_ClearEndpointHalt
 .text.USBUART_ValidateAlternateSetting
                0x00005078       0x4c .\CortexM3\ARM_GCC_493\Debug\freesoc.a(USBUART_std.o)
                0x00005078                USBUART_ValidateAlternateSetting
 .text.USBUART_HandleStandardRqst
                0x000050c4      0x35c .\CortexM3\ARM_GCC_493\Debug\freesoc.a(USBUART_std.o)
                0x000050c4                USBUART_HandleStandardRqst
 .text.USBUART_HandleVendorRqst
                0x00005420       0x3c .\CortexM3\ARM_GCC_493\Debug\freesoc.a(USBUART_vnd.o)
                0x00005420                USBUART_HandleVendorRqst
 .text.USBUART_Dp_ClearInterrupt
                0x0000545c       0x10 .\CortexM3\ARM_GCC_493\Debug\freesoc.a(USBUART_Dp.o)
                0x0000545c                USBUART_Dp_ClearInterrupt
 .text.SPIM_EnableRxInt
                0x0000546c        0xc .\CortexM3\ARM_GCC_493\Debug\freesoc.a(SPIM.o)
                0x0000546c                SPIM_EnableRxInt
 .text.SPIM_Enable
                0x00005478       0x38 .\CortexM3\ARM_GCC_493\Debug\freesoc.a(SPIM.o)
                0x00005478                SPIM_Enable
 .text.SPIM_DisableRxInt
                0x000054b0        0xc .\CortexM3\ARM_GCC_493\Debug\freesoc.a(SPIM.o)
                0x000054b0                SPIM_DisableRxInt
 .text.SPIM_ReadTxStatus
                0x000054bc        0xc .\CortexM3\ARM_GCC_493\Debug\freesoc.a(SPIM.o)
                0x000054bc                SPIM_ReadTxStatus
 .text.SPIM_ReadRxStatus
                0x000054c8       0x28 .\CortexM3\ARM_GCC_493\Debug\freesoc.a(SPIM.o)
                0x000054c8                SPIM_ReadRxStatus
 .text.SPIM_WriteTxData
                0x000054f0       0x18 .\CortexM3\ARM_GCC_493\Debug\freesoc.a(SPIM.o)
                0x000054f0                SPIM_WriteTxData
 .text.SPIM_ReadRxData
                0x00005508       0x64 .\CortexM3\ARM_GCC_493\Debug\freesoc.a(SPIM.o)
                0x00005508                SPIM_ReadRxData
 .text.SPIM_GetTxBufferSize
                0x0000556c       0x24 .\CortexM3\ARM_GCC_493\Debug\freesoc.a(SPIM.o)
                0x0000556c                SPIM_GetTxBufferSize
 .text.SPIM_ClearRxBuffer
                0x00005590       0x40 .\CortexM3\ARM_GCC_493\Debug\freesoc.a(SPIM.o)
                0x00005590                SPIM_ClearRxBuffer
 .text.SPIM_ClearTxBuffer
                0x000055d0       0x24 .\CortexM3\ARM_GCC_493\Debug\freesoc.a(SPIM.o)
                0x000055d0                SPIM_ClearTxBuffer
 .text.SPIM_PutArray
                0x000055f4       0x20 .\CortexM3\ARM_GCC_493\Debug\freesoc.a(SPIM.o)
                0x000055f4                SPIM_PutArray
 .text.SPIM_ClearFIFO
                0x00005614       0x3c .\CortexM3\ARM_GCC_493\Debug\freesoc.a(SPIM.o)
                0x00005614                SPIM_ClearFIFO
 .text.SPIM_Init
                0x00005650       0x64 .\CortexM3\ARM_GCC_493\Debug\freesoc.a(SPIM.o)
                0x00005650                SPIM_Init
 .text.SPIM_Start
                0x000056b4       0x1c .\CortexM3\ARM_GCC_493\Debug\freesoc.a(SPIM.o)
                0x000056b4                SPIM_Start
 .text.SPIM_RX_ISR
                0x000056d0       0xa0 .\CortexM3\ARM_GCC_493\Debug\freesoc.a(SPIM_INT.o)
                0x000056d0                SPIM_RX_ISR
 .text.Slave_Select_Write
                0x00005770        0xc .\CortexM3\ARM_GCC_493\Debug\freesoc.a(Slave_Select.o)
                0x00005770                Slave_Select_Write
 .text.CyFlashGetSpcAlgorithm
                0x0000577c       0x4c .\CortexM3\ARM_GCC_493\Debug\freesoc.a(CyFlash.o)
 .text.CySetTempInt
                0x000057c8       0x60 .\CortexM3\ARM_GCC_493\Debug\freesoc.a(CyFlash.o)
 .text.CySetTemp
                0x00005828       0x14 .\CortexM3\ARM_GCC_493\Debug\freesoc.a(CyFlash.o)
                0x00005828                CySetTemp
 .text.CyEEPROM_Start
                0x0000583c       0x54 .\CortexM3\ARM_GCC_493\Debug\freesoc.a(CyFlash.o)
                0x0000583c                CyEEPROM_Start
 .text.CySpcStart
                0x00005890       0x24 .\CortexM3\ARM_GCC_493\Debug\freesoc.a(CySpc.o)
                0x00005890                CySpcStart
 .text.CySpcReadData
                0x000058b4       0x34 .\CortexM3\ARM_GCC_493\Debug\freesoc.a(CySpc.o)
                0x000058b4                CySpcReadData
 .text.CySpcLoadMultiByte
                0x000058e8       0x78 .\CortexM3\ARM_GCC_493\Debug\freesoc.a(CySpc.o)
                0x000058e8                CySpcLoadMultiByte
 .text.CySpcLoadRow
                0x00005960       0x54 .\CortexM3\ARM_GCC_493\Debug\freesoc.a(CySpc.o)
                0x00005960                CySpcLoadRow
 .text.CySpcWriteRow
                0x000059b4       0x4c .\CortexM3\ARM_GCC_493\Debug\freesoc.a(CySpc.o)
                0x000059b4                CySpcWriteRow
 .text.CySpcGetTemp
                0x00005a00       0x3c .\CortexM3\ARM_GCC_493\Debug\freesoc.a(CySpc.o)
                0x00005a00                CySpcGetTemp
 .text.CySpcLock
                0x00005a3c       0x4c .\CortexM3\ARM_GCC_493\Debug\freesoc.a(CySpc.o)
                0x00005a3c                CySpcLock
 .text.CySpcUnlock
                0x00005a88       0x38 .\CortexM3\ARM_GCC_493\Debug\freesoc.a(CySpc.o)
                0x00005a88                CySpcUnlock
 .text.CySpcGetAlgorithm
                0x00005ac0       0x28 .\CortexM3\ARM_GCC_493\Debug\freesoc.a(CySpc.o)
                0x00005ac0                CySpcGetAlgorithm
 .text.USBUART_DispatchClassRqst
                0x00005ae8       0x60 .\CortexM3\ARM_GCC_493\Debug\freesoc.a(USBUART_cls.o)
                0x00005ae8                USBUART_DispatchClassRqst
 .text.__fpclassifyf
                0x00005b48       0x34 c:/program files (x86)/cypress/psoc creator/3.3/psoc creator/import/gnu/arm/4.9.3/bin/../lib/gcc/arm-none-eabi/4.9.3/../../../../arm-none-eabi/lib/armv7-m\libm.a(lib_a-sf_fpclassify.o)
                0x00005b48                __fpclassifyf
 .text.pow      0x00005b7c      0x2f0 c:/program files (x86)/cypress/psoc creator/3.3/psoc creator/import/gnu/arm/4.9.3/bin/../lib/gcc/arm-none-eabi/4.9.3/../../../../arm-none-eabi/lib/armv7-m\libm.a(lib_a-w_pow.o)
                0x00005b7c                pow
 *fill*         0x00005e6c        0x4 
 .text.__ieee754_pow
                0x00005e70      0xaa0 c:/program files (x86)/cypress/psoc creator/3.3/psoc creator/import/gnu/arm/4.9.3/bin/../lib/gcc/arm-none-eabi/4.9.3/../../../../arm-none-eabi/lib/armv7-m\libm.a(lib_a-e_pow.o)
                0x00005e70                __ieee754_pow
 .text.__ieee754_sqrt
                0x00006910      0x18c c:/program files (x86)/cypress/psoc creator/3.3/psoc creator/import/gnu/arm/4.9.3/bin/../lib/gcc/arm-none-eabi/4.9.3/../../../../arm-none-eabi/lib/armv7-m\libm.a(lib_a-e_sqrt.o)
                0x00006910                __ieee754_sqrt
 .text.fabs     0x00006a9c        0x8 c:/program files (x86)/cypress/psoc creator/3.3/psoc creator/import/gnu/arm/4.9.3/bin/../lib/gcc/arm-none-eabi/4.9.3/../../../../arm-none-eabi/lib/armv7-m\libm.a(lib_a-s_fabs.o)
                0x00006a9c                fabs
 .text.finite   0x00006aa4        0xc c:/program files (x86)/cypress/psoc creator/3.3/psoc creator/import/gnu/arm/4.9.3/bin/../lib/gcc/arm-none-eabi/4.9.3/../../../../arm-none-eabi/lib/armv7-m\libm.a(lib_a-s_finite.o)
                0x00006aa4                finite
 .text.__fpclassifyd
                0x00006ab0       0x58 c:/program files (x86)/cypress/psoc creator/3.3/psoc creator/import/gnu/arm/4.9.3/bin/../lib/gcc/arm-none-eabi/4.9.3/../../../../arm-none-eabi/lib/armv7-m\libm.a(lib_a-s_fpclassify.o)
                0x00006ab0                __fpclassifyd
 .text.matherr  0x00006b08        0x4 c:/program files (x86)/cypress/psoc creator/3.3/psoc creator/import/gnu/arm/4.9.3/bin/../lib/gcc/arm-none-eabi/4.9.3/../../../../arm-none-eabi/lib/armv7-m\libm.a(lib_a-s_matherr.o)
                0x00006b08                matherr
 .text.nan      0x00006b0c        0xc c:/program files (x86)/cypress/psoc creator/3.3/psoc creator/import/gnu/arm/4.9.3/bin/../lib/gcc/arm-none-eabi/4.9.3/../../../../arm-none-eabi/lib/armv7-m\libm.a(lib_a-s_nan.o)
                0x00006b0c                nan
 .text.rint     0x00006b18      0x11c c:/program files (x86)/cypress/psoc creator/3.3/psoc creator/import/gnu/arm/4.9.3/bin/../lib/gcc/arm-none-eabi/4.9.3/../../../../arm-none-eabi/lib/armv7-m\libm.a(lib_a-s_rint.o)
                0x00006b18                rint
 *fill*         0x00006c34        0x4 
 .text.scalbn   0x00006c38       0xf0 c:/program files (x86)/cypress/psoc creator/3.3/psoc creator/import/gnu/arm/4.9.3/bin/../lib/gcc/arm-none-eabi/4.9.3/../../../../arm-none-eabi/lib/armv7-m\libm.a(lib_a-s_scalbn.o)
                0x00006c38                scalbn
 .text.copysign
                0x00006d28       0x10 c:/program files (x86)/cypress/psoc creator/3.3/psoc creator/import/gnu/arm/4.9.3/bin/../lib/gcc/arm-none-eabi/4.9.3/../../../../arm-none-eabi/lib/armv7-m\libm.a(lib_a-s_copysign.o)
                0x00006d28                copysign
 .text          0x00006d38      0x370 c:/program files (x86)/cypress/psoc creator/3.3/psoc creator/import/gnu/arm/4.9.3/bin/../lib/gcc/arm-none-eabi/4.9.3/armv7-m\libgcc.a(_arm_addsubdf3.o)
                0x00006d38                __aeabi_drsub
                0x00006d40                __aeabi_dsub
                0x00006d40                __subdf3
                0x00006d44                __aeabi_dadd
                0x00006d44                __adddf3
                0x00006fbc                __floatunsidf
                0x00006fbc                __aeabi_ui2d
                0x00006fdc                __floatsidf
                0x00006fdc                __aeabi_i2d
                0x00007000                __aeabi_f2d
                0x00007000                __extendsfdf2
                0x0000703c                __floatundidf
                0x0000703c                __aeabi_ul2d
                0x0000704c                __floatdidf
                0x0000704c                __aeabi_l2d
 .text          0x000070a8      0x424 c:/program files (x86)/cypress/psoc creator/3.3/psoc creator/import/gnu/arm/4.9.3/bin/../lib/gcc/arm-none-eabi/4.9.3/armv7-m\libgcc.a(_arm_muldivdf3.o)
                0x000070a8                __aeabi_dmul
                0x000070a8                __muldf3
                0x000072fc                __divdf3
                0x000072fc                __aeabi_ddiv
 .text          0x000074cc      0x110 c:/program files (x86)/cypress/psoc creator/3.3/psoc creator/import/gnu/arm/4.9.3/bin/../lib/gcc/arm-none-eabi/4.9.3/armv7-m\libgcc.a(_arm_cmpdf2.o)
                0x000074cc                __gtdf2
                0x000074cc                __gedf2
                0x000074d4                __ltdf2
                0x000074d4                __ledf2
                0x000074dc                __nedf2
                0x000074dc                __eqdf2
                0x000074dc                __cmpdf2
                0x00007558                __aeabi_cdrcmple
                0x00007568                __aeabi_cdcmpeq
                0x00007568                __aeabi_cdcmple
                0x00007578                __aeabi_dcmpeq
                0x0000758c                __aeabi_dcmplt
                0x000075a0                __aeabi_dcmple
                0x000075b4                __aeabi_dcmpge
                0x000075c8                __aeabi_dcmpgt
 .text          0x000075dc       0x50 c:/program files (x86)/cypress/psoc creator/3.3/psoc creator/import/gnu/arm/4.9.3/bin/../lib/gcc/arm-none-eabi/4.9.3/armv7-m\libgcc.a(_arm_fixdfsi.o)
                0x000075dc                __aeabi_d2iz
                0x000075dc                __fixdfsi
 .text          0x0000762c       0xa0 c:/program files (x86)/cypress/psoc creator/3.3/psoc creator/import/gnu/arm/4.9.3/bin/../lib/gcc/arm-none-eabi/4.9.3/armv7-m\libgcc.a(_arm_truncdfsf2.o)
                0x0000762c                __truncdfsf2
                0x0000762c                __aeabi_d2f
 .text          0x000076cc      0x21c c:/program files (x86)/cypress/psoc creator/3.3/psoc creator/import/gnu/arm/4.9.3/bin/../lib/gcc/arm-none-eabi/4.9.3/armv7-m\libgcc.a(_arm_addsubsf3.o)
                0x000076cc                __aeabi_frsub
                0x000076d4                __subsf3
                0x000076d4                __aeabi_fsub
                0x000076d8                __aeabi_fadd
                0x000076d8                __addsf3
                0x00007838                __aeabi_ui2f
                0x00007838                __floatunsisf
                0x00007840                __aeabi_i2f
                0x00007840                __floatsisf
                0x0000785c                __aeabi_ul2f
                0x0000785c                __floatundisf
                0x0000786c                __aeabi_l2f
                0x0000786c                __floatdisf
 .text          0x000078e8      0x2a0 c:/program files (x86)/cypress/psoc creator/3.3/psoc creator/import/gnu/arm/4.9.3/bin/../lib/gcc/arm-none-eabi/4.9.3/armv7-m\libgcc.a(_arm_muldivsf3.o)
                0x000078e8                __mulsf3
                0x000078e8                __aeabi_fmul
                0x00007a50                __aeabi_fdiv
                0x00007a50                __divsf3
 .text          0x00007b88       0xec c:/program files (x86)/cypress/psoc creator/3.3/psoc creator/import/gnu/arm/4.9.3/bin/../lib/gcc/arm-none-eabi/4.9.3/armv7-m\libgcc.a(_arm_cmpsf2.o)
                0x00007b88                __gesf2
                0x00007b88                __gtsf2
                0x00007b90                __lesf2
                0x00007b90                __ltsf2
                0x00007b98                __nesf2
                0x00007b98                __eqsf2
                0x00007b98                __cmpsf2
                0x00007bf8                __aeabi_cfrcmple
                0x00007c00                __aeabi_cfcmpeq
                0x00007c00                __aeabi_cfcmple
                0x00007c10                __aeabi_fcmpeq
                0x00007c24                __aeabi_fcmplt
                0x00007c38                __aeabi_fcmple
                0x00007c4c                __aeabi_fcmpge
                0x00007c60                __aeabi_fcmpgt
 .text          0x00007c74       0x4c c:/program files (x86)/cypress/psoc creator/3.3/psoc creator/import/gnu/arm/4.9.3/bin/../lib/gcc/arm-none-eabi/4.9.3/armv7-m\libgcc.a(_arm_fixsfsi.o)
                0x00007c74                __aeabi_f2iz
                0x00007c74                __fixsfsi
 .text.__assert_func
                0x00007cc0       0x38 c:/program files (x86)/cypress/psoc creator/3.3/psoc creator/import/gnu/arm/4.9.3/bin/../lib/gcc/arm-none-eabi/4.9.3/../../../../arm-none-eabi/lib/armv7-m\libg_nano.a(lib_a-assert.o)
                0x00007cc0                __assert_func
 .text.atof     0x00007cf8        0x6 c:/program files (x86)/cypress/psoc creator/3.3/psoc creator/import/gnu/arm/4.9.3/bin/../lib/gcc/arm-none-eabi/4.9.3/../../../../arm-none-eabi/lib/armv7-m\libg_nano.a(lib_a-atof.o)
                0x00007cf8                atof
 *fill*         0x00007cfe        0x2 
 .text.__errno  0x00007d00        0xc c:/program files (x86)/cypress/psoc creator/3.3/psoc creator/import/gnu/arm/4.9.3/bin/../lib/gcc/arm-none-eabi/4.9.3/../../../../arm-none-eabi/lib/armv7-m\libg_nano.a(lib_a-errno.o)
                0x00007d00                __errno
 .text.fprintf  0x00007d0c       0x24 c:/program files (x86)/cypress/psoc creator/3.3/psoc creator/import/gnu/arm/4.9.3/bin/../lib/gcc/arm-none-eabi/4.9.3/../../../../arm-none-eabi/lib/armv7-m\libg_nano.a(lib_a-fprintf.o)
                0x00007d0c                fiprintf
                0x00007d0c                fprintf
 .text.__libc_init_array
                0x00007d30       0x4c c:/program files (x86)/cypress/psoc creator/3.3/psoc creator/import/gnu/arm/4.9.3/bin/../lib/gcc/arm-none-eabi/4.9.3/../../../../arm-none-eabi/lib/armv7-m\libg_nano.a(lib_a-init.o)
                0x00007d30                __libc_init_array
 .text.__itoa   0x00007d7c       0x2e c:/program files (x86)/cypress/psoc creator/3.3/psoc creator/import/gnu/arm/4.9.3/bin/../lib/gcc/arm-none-eabi/4.9.3/../../../../arm-none-eabi/lib/armv7-m\libg_nano.a(lib_a-itoa.o)
                0x00007d7c                __itoa
 .text.itoa     0x00007daa        0x4 c:/program files (x86)/cypress/psoc creator/3.3/psoc creator/import/gnu/arm/4.9.3/bin/../lib/gcc/arm-none-eabi/4.9.3/../../../../arm-none-eabi/lib/armv7-m\libg_nano.a(lib_a-itoa.o)
                0x00007daa                itoa
 .text.memcpy   0x00007dae       0x16 c:/program files (x86)/cypress/psoc creator/3.3/psoc creator/import/gnu/arm/4.9.3/bin/../lib/gcc/arm-none-eabi/4.9.3/../../../../arm-none-eabi/lib/armv7-m\libg_nano.a(lib_a-memcpy.o)
                0x00007dae                memcpy
 .text.memset   0x00007dc4       0x10 c:/program files (x86)/cypress/psoc creator/3.3/psoc creator/import/gnu/arm/4.9.3/bin/../lib/gcc/arm-none-eabi/4.9.3/../../../../arm-none-eabi/lib/armv7-m\libg_nano.a(lib_a-memset.o)
                0x00007dc4                memset
 .text.__sfputc_r
                0x00007dd4       0x2c c:/program files (x86)/cypress/psoc creator/3.3/psoc creator/import/gnu/arm/4.9.3/bin/../lib/gcc/arm-none-eabi/4.9.3/../../../../arm-none-eabi/lib/armv7-m\libg_nano.a(lib_a-nano-vfprintf.o)
 .text.__sfputs_r
                0x00007e00       0x24 c:/program files (x86)/cypress/psoc creator/3.3/psoc creator/import/gnu/arm/4.9.3/bin/../lib/gcc/arm-none-eabi/4.9.3/../../../../arm-none-eabi/lib/armv7-m\libg_nano.a(lib_a-nano-vfprintf.o)
                0x00007e00                __sfputs_r
 .text._vfprintf_r
                0x00007e24      0x210 c:/program files (x86)/cypress/psoc creator/3.3/psoc creator/import/gnu/arm/4.9.3/bin/../lib/gcc/arm-none-eabi/4.9.3/../../../../arm-none-eabi/lib/armv7-m\libg_nano.a(lib_a-nano-vfprintf.o)
                0x00007e24                _vfprintf_r
                0x00007e24                _vfiprintf_r
 .text.__cvt    0x00008034       0xbc c:/program files (x86)/cypress/psoc creator/3.3/psoc creator/import/gnu/arm/4.9.3/bin/../lib/gcc/arm-none-eabi/4.9.3/../../../../arm-none-eabi/lib/armv7-m\libg_nano.a(lib_a-nano-vfprintf_float.o)
                0x00008034                __cvt
 .text.__exponent
                0x000080f0       0x62 c:/program files (x86)/cypress/psoc creator/3.3/psoc creator/import/gnu/arm/4.9.3/bin/../lib/gcc/arm-none-eabi/4.9.3/../../../../arm-none-eabi/lib/armv7-m\libg_nano.a(lib_a-nano-vfprintf_float.o)
                0x000080f0                __exponent
 *fill*         0x00008152        0x2 
 .text._printf_float
                0x00008154      0x48c c:/program files (x86)/cypress/psoc creator/3.3/psoc creator/import/gnu/arm/4.9.3/bin/../lib/gcc/arm-none-eabi/4.9.3/../../../../arm-none-eabi/lib/armv7-m\libg_nano.a(lib_a-nano-vfprintf_float.o)
                0x00008154                _printf_float
 .text._printf_common
                0x000085e0       0xea c:/program files (x86)/cypress/psoc creator/3.3/psoc creator/import/gnu/arm/4.9.3/bin/../lib/gcc/arm-none-eabi/4.9.3/../../../../arm-none-eabi/lib/armv7-m\libg_nano.a(lib_a-nano-vfprintf_i.o)
                0x000085e0                _printf_common
 *fill*         0x000086ca        0x2 
 .text._printf_i
                0x000086cc      0x240 c:/program files (x86)/cypress/psoc creator/3.3/psoc creator/import/gnu/arm/4.9.3/bin/../lib/gcc/arm-none-eabi/4.9.3/../../../../arm-none-eabi/lib/armv7-m\libg_nano.a(lib_a-nano-vfprintf_i.o)
                0x000086cc                _printf_i
 .text.snprintf
                0x0000890c       0x64 c:/program files (x86)/cypress/psoc creator/3.3/psoc creator/import/gnu/arm/4.9.3/bin/../lib/gcc/arm-none-eabi/4.9.3/../../../../arm-none-eabi/lib/armv7-m\libg_nano.a(lib_a-snprintf.o)
                0x0000890c                sniprintf
                0x0000890c                snprintf
 .text.sprintf  0x00008970       0x48 c:/program files (x86)/cypress/psoc creator/3.3/psoc creator/import/gnu/arm/4.9.3/bin/../lib/gcc/arm-none-eabi/4.9.3/../../../../arm-none-eabi/lib/armv7-m\libg_nano.a(lib_a-sprintf.o)
                0x00008970                siprintf
                0x00008970                sprintf
 .text.strlen   0x000089b8       0x10 c:/program files (x86)/cypress/psoc creator/3.3/psoc creator/import/gnu/arm/4.9.3/bin/../lib/gcc/arm-none-eabi/4.9.3/../../../../arm-none-eabi/lib/armv7-m\libg_nano.a(lib_a-strlen.o)
                0x000089b8                strlen
 .text.match    0x000089c8       0x26 c:/program files (x86)/cypress/psoc creator/3.3/psoc creator/import/gnu/arm/4.9.3/bin/../lib/gcc/arm-none-eabi/4.9.3/../../../../arm-none-eabi/lib/armv7-m\libg_nano.a(lib_a-strtod.o)
 .text.sulp     0x000089ee       0x42 c:/program files (x86)/cypress/psoc creator/3.3/psoc creator/import/gnu/arm/4.9.3/bin/../lib/gcc/arm-none-eabi/4.9.3/../../../../arm-none-eabi/lib/armv7-m\libg_nano.a(lib_a-strtod.o)
 .text._strtod_r
                0x00008a30      0xc40 c:/program files (x86)/cypress/psoc creator/3.3/psoc creator/import/gnu/arm/4.9.3/bin/../lib/gcc/arm-none-eabi/4.9.3/../../../../arm-none-eabi/lib/armv7-m\libg_nano.a(lib_a-strtod.o)
                0x00008a30                _strtod_r
 .text.strtod   0x00009670       0x14 c:/program files (x86)/cypress/psoc creator/3.3/psoc creator/import/gnu/arm/4.9.3/bin/../lib/gcc/arm-none-eabi/4.9.3/../../../../arm-none-eabi/lib/armv7-m\libg_nano.a(lib_a-strtod.o)
                0x00009670                strtod
 .text.__utoa   0x00009684       0x78 c:/program files (x86)/cypress/psoc creator/3.3/psoc creator/import/gnu/arm/4.9.3/bin/../lib/gcc/arm-none-eabi/4.9.3/../../../../arm-none-eabi/lib/armv7-m\libg_nano.a(lib_a-utoa.o)
                0x00009684                __utoa
 .text.__swbuf_r
                0x000096fc       0xa8 c:/program files (x86)/cypress/psoc creator/3.3/psoc creator/import/gnu/arm/4.9.3/bin/../lib/gcc/arm-none-eabi/4.9.3/../../../../arm-none-eabi/lib/armv7-m\libg_nano.a(lib_a-wbuf.o)
                0x000096fc                __swbuf_r
 .text.__swsetup_r
                0x000097a4       0xd8 c:/program files (x86)/cypress/psoc creator/3.3/psoc creator/import/gnu/arm/4.9.3/bin/../lib/gcc/arm-none-eabi/4.9.3/../../../../arm-none-eabi/lib/armv7-m\libg_nano.a(lib_a-wsetup.o)
                0x000097a4                __swsetup_r
 .text.abort    0x0000987c        0xe c:/program files (x86)/cypress/psoc creator/3.3/psoc creator/import/gnu/arm/4.9.3/bin/../lib/gcc/arm-none-eabi/4.9.3/../../../../arm-none-eabi/lib/armv7-m\libg_nano.a(lib_a-abort.o)
                0x0000987c                abort
 .text.quorem   0x0000988a      0x114 c:/program files (x86)/cypress/psoc creator/3.3/psoc creator/import/gnu/arm/4.9.3/bin/../lib/gcc/arm-none-eabi/4.9.3/../../../../arm-none-eabi/lib/armv7-m\libg_nano.a(lib_a-dtoa.o)
 *fill*         0x0000999e        0x2 
 .text._dtoa_r  0x000099a0      0xb78 c:/program files (x86)/cypress/psoc creator/3.3/psoc creator/import/gnu/arm/4.9.3/bin/../lib/gcc/arm-none-eabi/4.9.3/../../../../arm-none-eabi/lib/armv7-m\libg_nano.a(lib_a-dtoa.o)
                0x000099a0                _dtoa_r
 .text.__sflush_r
                0x0000a518      0x106 c:/program files (x86)/cypress/psoc creator/3.3/psoc creator/import/gnu/arm/4.9.3/bin/../lib/gcc/arm-none-eabi/4.9.3/../../../../arm-none-eabi/lib/armv7-m\libg_nano.a(lib_a-fflush.o)
                0x0000a518                __sflush_r
 *fill*         0x0000a61e        0x2 
 .text._fflush_r
                0x0000a620       0x54 c:/program files (x86)/cypress/psoc creator/3.3/psoc creator/import/gnu/arm/4.9.3/bin/../lib/gcc/arm-none-eabi/4.9.3/../../../../arm-none-eabi/lib/armv7-m\libg_nano.a(lib_a-fflush.o)
                0x0000a620                _fflush_r
 .text._cleanup_r
                0x0000a674        0xc c:/program files (x86)/cypress/psoc creator/3.3/psoc creator/import/gnu/arm/4.9.3/bin/../lib/gcc/arm-none-eabi/4.9.3/../../../../arm-none-eabi/lib/armv7-m\libg_nano.a(lib_a-findfp.o)
                0x0000a674                _cleanup_r
 .text.std.isra.0
                0x0000a680       0x48 c:/program files (x86)/cypress/psoc creator/3.3/psoc creator/import/gnu/arm/4.9.3/bin/../lib/gcc/arm-none-eabi/4.9.3/../../../../arm-none-eabi/lib/armv7-m\libg_nano.a(lib_a-findfp.o)
 .text.__sfmoreglue
                0x0000a6c8       0x2c c:/program files (x86)/cypress/psoc creator/3.3/psoc creator/import/gnu/arm/4.9.3/bin/../lib/gcc/arm-none-eabi/4.9.3/../../../../arm-none-eabi/lib/armv7-m\libg_nano.a(lib_a-findfp.o)
                0x0000a6c8                __sfmoreglue
 .text.__sinit  0x0000a6f4       0x60 c:/program files (x86)/cypress/psoc creator/3.3/psoc creator/import/gnu/arm/4.9.3/bin/../lib/gcc/arm-none-eabi/4.9.3/../../../../arm-none-eabi/lib/armv7-m\libg_nano.a(lib_a-findfp.o)
                0x0000a6f4                __sinit
 .text.__sfp    0x0000a754       0x74 c:/program files (x86)/cypress/psoc creator/3.3/psoc creator/import/gnu/arm/4.9.3/bin/../lib/gcc/arm-none-eabi/4.9.3/../../../../arm-none-eabi/lib/armv7-m\libg_nano.a(lib_a-findfp.o)
                0x0000a754                __sfp
 .text._fwalk_reent
                0x0000a7c8       0x3c c:/program files (x86)/cypress/psoc creator/3.3/psoc creator/import/gnu/arm/4.9.3/bin/../lib/gcc/arm-none-eabi/4.9.3/../../../../arm-none-eabi/lib/armv7-m\libg_nano.a(lib_a-fwalk.o)
                0x0000a7c8                _fwalk_reent
 .text.rshift   0x0000a804       0x6c c:/program files (x86)/cypress/psoc creator/3.3/psoc creator/import/gnu/arm/4.9.3/bin/../lib/gcc/arm-none-eabi/4.9.3/../../../../arm-none-eabi/lib/armv7-m\libg_nano.a(lib_a-gdtoa-gethex.o)
 .text.__hexdig_fun
                0x0000a870       0x2a c:/program files (x86)/cypress/psoc creator/3.3/psoc creator/import/gnu/arm/4.9.3/bin/../lib/gcc/arm-none-eabi/4.9.3/../../../../arm-none-eabi/lib/armv7-m\libg_nano.a(lib_a-gdtoa-gethex.o)
                0x0000a870                __hexdig_fun
 .text.__gethex
                0x0000a89a      0x44a c:/program files (x86)/cypress/psoc creator/3.3/psoc creator/import/gnu/arm/4.9.3/bin/../lib/gcc/arm-none-eabi/4.9.3/../../../../arm-none-eabi/lib/armv7-m\libg_nano.a(lib_a-gdtoa-gethex.o)
                0x0000a89a                __gethex
 .text.L_shift  0x0000ace4       0x24 c:/program files (x86)/cypress/psoc creator/3.3/psoc creator/import/gnu/arm/4.9.3/bin/../lib/gcc/arm-none-eabi/4.9.3/../../../../arm-none-eabi/lib/armv7-m\libg_nano.a(lib_a-gdtoa-hexnan.o)
 .text.__hexnan
                0x0000ad08      0x114 c:/program files (x86)/cypress/psoc creator/3.3/psoc creator/import/gnu/arm/4.9.3/bin/../lib/gcc/arm-none-eabi/4.9.3/../../../../arm-none-eabi/lib/armv7-m\libg_nano.a(lib_a-gdtoa-hexnan.o)
                0x0000ad08                __hexnan
 .text._localeconv_r
                0x0000ae1c        0x8 c:/program files (x86)/cypress/psoc creator/3.3/psoc creator/import/gnu/arm/4.9.3/bin/../lib/gcc/arm-none-eabi/4.9.3/../../../../arm-none-eabi/lib/armv7-m\libg_nano.a(lib_a-locale.o)
                0x0000ae1c                _localeconv_r
 .text.__smakebuf_r
                0x0000ae24       0x98 c:/program files (x86)/cypress/psoc creator/3.3/psoc creator/import/gnu/arm/4.9.3/bin/../lib/gcc/arm-none-eabi/4.9.3/../../../../arm-none-eabi/lib/armv7-m\libg_nano.a(lib_a-makebuf.o)
                0x0000ae24                __smakebuf_r
 .text.malloc   0x0000aebc       0x10 c:/program files (x86)/cypress/psoc creator/3.3/psoc creator/import/gnu/arm/4.9.3/bin/../lib/gcc/arm-none-eabi/4.9.3/../../../../arm-none-eabi/lib/armv7-m\libg_nano.a(lib_a-malloc.o)
                0x0000aebc                malloc
 .text.memchr   0x0000aecc       0x1c c:/program files (x86)/cypress/psoc creator/3.3/psoc creator/import/gnu/arm/4.9.3/bin/../lib/gcc/arm-none-eabi/4.9.3/../../../../arm-none-eabi/lib/armv7-m\libg_nano.a(lib_a-memchr.o)
                0x0000aecc                memchr
 .text.memmove  0x0000aee8       0x36 c:/program files (x86)/cypress/psoc creator/3.3/psoc creator/import/gnu/arm/4.9.3/bin/../lib/gcc/arm-none-eabi/4.9.3/../../../../arm-none-eabi/lib/armv7-m\libg_nano.a(lib_a-memmove.o)
                0x0000aee8                memmove
 .text._Balloc  0x0000af1e       0x6a c:/program files (x86)/cypress/psoc creator/3.3/psoc creator/import/gnu/arm/4.9.3/bin/../lib/gcc/arm-none-eabi/4.9.3/../../../../arm-none-eabi/lib/armv7-m\libg_nano.a(lib_a-mprec.o)
                0x0000af1e                _Balloc
 .text._Bfree   0x0000af88       0x2e c:/program files (x86)/cypress/psoc creator/3.3/psoc creator/import/gnu/arm/4.9.3/bin/../lib/gcc/arm-none-eabi/4.9.3/../../../../arm-none-eabi/lib/armv7-m\libg_nano.a(lib_a-mprec.o)
                0x0000af88                _Bfree
 .text.__multadd
                0x0000afb6       0x7c c:/program files (x86)/cypress/psoc creator/3.3/psoc creator/import/gnu/arm/4.9.3/bin/../lib/gcc/arm-none-eabi/4.9.3/../../../../arm-none-eabi/lib/armv7-m\libg_nano.a(lib_a-mprec.o)
                0x0000afb6                __multadd
 .text.__s2b    0x0000b032       0x80 c:/program files (x86)/cypress/psoc creator/3.3/psoc creator/import/gnu/arm/4.9.3/bin/../lib/gcc/arm-none-eabi/4.9.3/../../../../arm-none-eabi/lib/armv7-m\libg_nano.a(lib_a-mprec.o)
                0x0000b032                __s2b
 .text.__hi0bits
                0x0000b0b2       0x40 c:/program files (x86)/cypress/psoc creator/3.3/psoc creator/import/gnu/arm/4.9.3/bin/../lib/gcc/arm-none-eabi/4.9.3/../../../../arm-none-eabi/lib/armv7-m\libg_nano.a(lib_a-mprec.o)
                0x0000b0b2                __hi0bits
 .text.__lo0bits
                0x0000b0f2       0x5a c:/program files (x86)/cypress/psoc creator/3.3/psoc creator/import/gnu/arm/4.9.3/bin/../lib/gcc/arm-none-eabi/4.9.3/../../../../arm-none-eabi/lib/armv7-m\libg_nano.a(lib_a-mprec.o)
                0x0000b0f2                __lo0bits
 .text.__i2b    0x0000b14c       0x12 c:/program files (x86)/cypress/psoc creator/3.3/psoc creator/import/gnu/arm/4.9.3/bin/../lib/gcc/arm-none-eabi/4.9.3/../../../../arm-none-eabi/lib/armv7-m\libg_nano.a(lib_a-mprec.o)
                0x0000b14c                __i2b
 .text.__multiply
                0x0000b15e      0x120 c:/program files (x86)/cypress/psoc creator/3.3/psoc creator/import/gnu/arm/4.9.3/bin/../lib/gcc/arm-none-eabi/4.9.3/../../../../arm-none-eabi/lib/armv7-m\libg_nano.a(lib_a-mprec.o)
                0x0000b15e                __multiply
 *fill*         0x0000b27e        0x2 
 .text.__pow5mult
                0x0000b280       0x9c c:/program files (x86)/cypress/psoc creator/3.3/psoc creator/import/gnu/arm/4.9.3/bin/../lib/gcc/arm-none-eabi/4.9.3/../../../../arm-none-eabi/lib/armv7-m\libg_nano.a(lib_a-mprec.o)
                0x0000b280                __pow5mult
 .text.__lshift
                0x0000b31c       0xa6 c:/program files (x86)/cypress/psoc creator/3.3/psoc creator/import/gnu/arm/4.9.3/bin/../lib/gcc/arm-none-eabi/4.9.3/../../../../arm-none-eabi/lib/armv7-m\libg_nano.a(lib_a-mprec.o)
                0x0000b31c                __lshift
 .text.__mcmp   0x0000b3c2       0x38 c:/program files (x86)/cypress/psoc creator/3.3/psoc creator/import/gnu/arm/4.9.3/bin/../lib/gcc/arm-none-eabi/4.9.3/../../../../arm-none-eabi/lib/armv7-m\libg_nano.a(lib_a-mprec.o)
                0x0000b3c2                __mcmp
 .text.__mdiff  0x0000b3fa       0xbe c:/program files (x86)/cypress/psoc creator/3.3/psoc creator/import/gnu/arm/4.9.3/bin/../lib/gcc/arm-none-eabi/4.9.3/../../../../arm-none-eabi/lib/armv7-m\libg_nano.a(lib_a-mprec.o)
                0x0000b3fa                __mdiff
 .text.__ulp    0x0000b4b8       0x48 c:/program files (x86)/cypress/psoc creator/3.3/psoc creator/import/gnu/arm/4.9.3/bin/../lib/gcc/arm-none-eabi/4.9.3/../../../../arm-none-eabi/lib/armv7-m\libg_nano.a(lib_a-mprec.o)
                0x0000b4b8                __ulp
 .text.__b2d    0x0000b500       0x9e c:/program files (x86)/cypress/psoc creator/3.3/psoc creator/import/gnu/arm/4.9.3/bin/../lib/gcc/arm-none-eabi/4.9.3/../../../../arm-none-eabi/lib/armv7-m\libg_nano.a(lib_a-mprec.o)
                0x0000b500                __b2d
 .text.__d2b    0x0000b59e       0xa4 c:/program files (x86)/cypress/psoc creator/3.3/psoc creator/import/gnu/arm/4.9.3/bin/../lib/gcc/arm-none-eabi/4.9.3/../../../../arm-none-eabi/lib/armv7-m\libg_nano.a(lib_a-mprec.o)
                0x0000b59e                __d2b
 .text.__ratio  0x0000b642       0x50 c:/program files (x86)/cypress/psoc creator/3.3/psoc creator/import/gnu/arm/4.9.3/bin/../lib/gcc/arm-none-eabi/4.9.3/../../../../arm-none-eabi/lib/armv7-m\libg_nano.a(lib_a-mprec.o)
                0x0000b642                __ratio
 .text.__copybits
                0x0000b692       0x34 c:/program files (x86)/cypress/psoc creator/3.3/psoc creator/import/gnu/arm/4.9.3/bin/../lib/gcc/arm-none-eabi/4.9.3/../../../../arm-none-eabi/lib/armv7-m\libg_nano.a(lib_a-mprec.o)
                0x0000b692                __copybits
 .text.__any_on
                0x0000b6c6       0x44 c:/program files (x86)/cypress/psoc creator/3.3/psoc creator/import/gnu/arm/4.9.3/bin/../lib/gcc/arm-none-eabi/4.9.3/../../../../arm-none-eabi/lib/armv7-m\libg_nano.a(lib_a-mprec.o)
                0x0000b6c6                __any_on
 .text._calloc_r
                0x0000b70a       0x1c c:/program files (x86)/cypress/psoc creator/3.3/psoc creator/import/gnu/arm/4.9.3/bin/../lib/gcc/arm-none-eabi/4.9.3/../../../../arm-none-eabi/lib/armv7-m\libg_nano.a(lib_a-nano-callocr.o)
                0x0000b70a                _calloc_r
 *fill*         0x0000b726        0x2 
 .text._free_r  0x0000b728       0x88 c:/program files (x86)/cypress/psoc creator/3.3/psoc creator/import/gnu/arm/4.9.3/bin/../lib/gcc/arm-none-eabi/4.9.3/../../../../arm-none-eabi/lib/armv7-m\libg_nano.a(lib_a-nano-freer.o)
                0x0000b728                _free_r
 .text._malloc_r
                0x0000b7b0       0xac c:/program files (x86)/cypress/psoc creator/3.3/psoc creator/import/gnu/arm/4.9.3/bin/../lib/gcc/arm-none-eabi/4.9.3/../../../../arm-none-eabi/lib/armv7-m\libg_nano.a(lib_a-nano-mallocr.o)
                0x0000b7b0                _malloc_r
 .text._realloc_r
                0x0000b85c       0x4c c:/program files (x86)/cypress/psoc creator/3.3/psoc creator/import/gnu/arm/4.9.3/bin/../lib/gcc/arm-none-eabi/4.9.3/../../../../arm-none-eabi/lib/armv7-m\libg_nano.a(lib_a-nano-reallocr.o)
                0x0000b85c                _realloc_r
 .text.__ssputs_r
                0x0000b8a8       0xb2 c:/program files (x86)/cypress/psoc creator/3.3/psoc creator/import/gnu/arm/4.9.3/bin/../lib/gcc/arm-none-eabi/4.9.3/../../../../arm-none-eabi/lib/armv7-m\libg_nano.a(lib_a-nano-svfprintf.o)
                0x0000b8a8                __ssputs_r
 *fill*         0x0000b95a        0x2 
 .text._svfprintf_r
                0x0000b95c      0x1e4 c:/program files (x86)/cypress/psoc creator/3.3/psoc creator/import/gnu/arm/4.9.3/bin/../lib/gcc/arm-none-eabi/4.9.3/../../../../arm-none-eabi/lib/armv7-m\libg_nano.a(lib_a-nano-svfprintf.o)
                0x0000b95c                _svfiprintf_r
                0x0000b95c                _svfprintf_r
 .text._sbrk_r  0x0000bb40       0x20 c:/program files (x86)/cypress/psoc creator/3.3/psoc creator/import/gnu/arm/4.9.3/bin/../lib/gcc/arm-none-eabi/4.9.3/../../../../arm-none-eabi/lib/armv7-m\libg_nano.a(lib_a-sbrkr.o)
                0x0000bb40                _sbrk_r
 .text._raise_r
                0x0000bb60       0x50 c:/program files (x86)/cypress/psoc creator/3.3/psoc creator/import/gnu/arm/4.9.3/bin/../lib/gcc/arm-none-eabi/4.9.3/../../../../arm-none-eabi/lib/armv7-m\libg_nano.a(lib_a-signal.o)
                0x0000bb60                _raise_r
 .text.raise    0x0000bbb0       0x10 c:/program files (x86)/cypress/psoc creator/3.3/psoc creator/import/gnu/arm/4.9.3/bin/../lib/gcc/arm-none-eabi/4.9.3/../../../../arm-none-eabi/lib/armv7-m\libg_nano.a(lib_a-signal.o)
                0x0000bbb0                raise
 .text._kill_r  0x0000bbc0       0x24 c:/program files (x86)/cypress/psoc creator/3.3/psoc creator/import/gnu/arm/4.9.3/bin/../lib/gcc/arm-none-eabi/4.9.3/../../../../arm-none-eabi/lib/armv7-m\libg_nano.a(lib_a-signalr.o)
                0x0000bbc0                _kill_r
 .text._getpid_r
                0x0000bbe4        0x4 c:/program files (x86)/cypress/psoc creator/3.3/psoc creator/import/gnu/arm/4.9.3/bin/../lib/gcc/arm-none-eabi/4.9.3/../../../../arm-none-eabi/lib/armv7-m\libg_nano.a(lib_a-signalr.o)
                0x0000bbe4                _getpid_r
 .text.__sread  0x0000bbe8       0x22 c:/program files (x86)/cypress/psoc creator/3.3/psoc creator/import/gnu/arm/4.9.3/bin/../lib/gcc/arm-none-eabi/4.9.3/../../../../arm-none-eabi/lib/armv7-m\libg_nano.a(lib_a-stdio.o)
                0x0000bbe8                __sread
 .text.__swrite
                0x0000bc0a       0x38 c:/program files (x86)/cypress/psoc creator/3.3/psoc creator/import/gnu/arm/4.9.3/bin/../lib/gcc/arm-none-eabi/4.9.3/../../../../arm-none-eabi/lib/armv7-m\libg_nano.a(lib_a-stdio.o)
                0x0000bc0a                __swrite
 .text.__sseek  0x0000bc42       0x24 c:/program files (x86)/cypress/psoc creator/3.3/psoc creator/import/gnu/arm/4.9.3/bin/../lib/gcc/arm-none-eabi/4.9.3/../../../../arm-none-eabi/lib/armv7-m\libg_nano.a(lib_a-stdio.o)
                0x0000bc42                __sseek
 .text.__sclose
                0x0000bc66        0x8 c:/program files (x86)/cypress/psoc creator/3.3/psoc creator/import/gnu/arm/4.9.3/bin/../lib/gcc/arm-none-eabi/4.9.3/../../../../arm-none-eabi/lib/armv7-m\libg_nano.a(lib_a-stdio.o)
                0x0000bc66                __sclose