Archive member included because of file (symbol)

.\CortexM3\ARM_GCC_493\Debug\freesoc.a(cyfitter_cfg.o)
                              .\CortexM3\ARM_GCC_493\Debug\infrared.o (Front_AMuxSeq_DisconnectAll)
.\CortexM3\ARM_GCC_493\Debug\freesoc.a(Left_HB25_Enable_Pin.o)
                              .\CortexM3\ARM_GCC_493\Debug\motor.o (Left_HB25_Enable_Pin_Write)
.\CortexM3\ARM_GCC_493\Debug\freesoc.a(Left_HB25_PWM.o)
                              .\CortexM3\ARM_GCC_493\Debug\motor.o (Left_HB25_PWM_Stop)
.\CortexM3\ARM_GCC_493\Debug\freesoc.a(Right_HB25_Enable_Pin.o)
                              .\CortexM3\ARM_GCC_493\Debug\motor.o (Right_HB25_Enable_Pin_Write)
.\CortexM3\ARM_GCC_493\Debug\freesoc.a(Right_HB25_PWM.o)
                              .\CortexM3\ARM_GCC_493\Debug\motor.o (Right_HB25_PWM_Stop)
.\CortexM3\ARM_GCC_493\Debug\freesoc.a(CyBootAsmGnu.o)
                              .\CortexM3\ARM_GCC_493\Debug\freesoc.a(cyfitter_cfg.o) (CyDelayCycles)
.\CortexM3\ARM_GCC_493\Debug\freesoc.a(CyLib.o)
                              .\CortexM3\ARM_GCC_493\Debug\Cm3Start.o (CyHalt)
.\CortexM3\ARM_GCC_493\Debug\freesoc.a(cyPm.o)
                              .\CortexM3\ARM_GCC_493\Debug\freesoc.a(CyLib.o) (CyPmReadStatus)
.\CortexM3\ARM_GCC_493\Debug\freesoc.a(EZI2C_Slave.o)
                              .\CortexM3\ARM_GCC_493\Debug\i2c.o (EZI2C_Slave_Start)
.\CortexM3\ARM_GCC_493\Debug\freesoc.a(EZI2C_Slave_PM.o)
                              .\CortexM3\ARM_GCC_493\Debug\freesoc.a(EZI2C_Slave.o) (EZI2C_Slave_backup)
.\CortexM3\ARM_GCC_493\Debug\freesoc.a(EZI2C_Slave_INT.o)
                              .\CortexM3\ARM_GCC_493\Debug\freesoc.a(EZI2C_Slave.o) (EZI2C_Slave_ISR)
.\CortexM3\ARM_GCC_493\Debug\freesoc.a(Front_Echo_Intr.o)
                              .\CortexM3\ARM_GCC_493\Debug\ultrasonic.o (Front_Echo_Intr_StartEx)
.\CortexM3\ARM_GCC_493\Debug\freesoc.a(Front_Trigger_Reg.o)
                              .\CortexM3\ARM_GCC_493\Debug\ultrasonic.o (Front_Trigger_Reg_Write)
.\CortexM3\ARM_GCC_493\Debug\freesoc.a(Front_Trigger_Select_Reg.o)
                              .\CortexM3\ARM_GCC_493\Debug\ultrasonic.o (Front_Trigger_Select_Reg_Write)
.\CortexM3\ARM_GCC_493\Debug\freesoc.a(Front_Echo_Timer.o)
                              .\CortexM3\ARM_GCC_493\Debug\ultrasonic.o (Front_Echo_Timer_ReadCounter)
.\CortexM3\ARM_GCC_493\Debug\freesoc.a(Rear_Trigger_Reg.o)
                              .\CortexM3\ARM_GCC_493\Debug\ultrasonic.o (Rear_Trigger_Reg_Write)
.\CortexM3\ARM_GCC_493\Debug\freesoc.a(Rear_Trigger_Select_Reg.o)
                              .\CortexM3\ARM_GCC_493\Debug\ultrasonic.o (Rear_Trigger_Select_Reg_Write)
.\CortexM3\ARM_GCC_493\Debug\freesoc.a(Rear_Echo_Intr.o)
                              .\CortexM3\ARM_GCC_493\Debug\ultrasonic.o (Rear_Echo_Intr_StartEx)
.\CortexM3\ARM_GCC_493\Debug\freesoc.a(Rear_Echo_Timer.o)
                              .\CortexM3\ARM_GCC_493\Debug\ultrasonic.o (Rear_Echo_Timer_ReadCounter)
.\CortexM3\ARM_GCC_493\Debug\freesoc.a(Front_ADC_SAR.o)
                              .\CortexM3\ARM_GCC_493\Debug\infrared.o (Front_ADC_SAR_Start)
.\CortexM3\ARM_GCC_493\Debug\freesoc.a(Front_ADC_SAR_INT.o)
                              .\CortexM3\ARM_GCC_493\Debug\freesoc.a(Front_ADC_SAR.o) (Front_ADC_SAR_ISR)
.\CortexM3\ARM_GCC_493\Debug\freesoc.a(Front_AMuxSeq.o)
                              .\CortexM3\ARM_GCC_493\Debug\infrared.o (Front_AMuxSeq_Start)
.\CortexM3\ARM_GCC_493\Debug\freesoc.a(Rear_ADC_SAR.o)
                              .\CortexM3\ARM_GCC_493\Debug\infrared.o (Rear_ADC_SAR_Start)
.\CortexM3\ARM_GCC_493\Debug\freesoc.a(Rear_ADC_SAR_INT.o)
                              .\CortexM3\ARM_GCC_493\Debug\freesoc.a(Rear_ADC_SAR.o) (Rear_ADC_SAR_ISR)
.\CortexM3\ARM_GCC_493\Debug\freesoc.a(Rear_AMuxSeq.o)
                              .\CortexM3\ARM_GCC_493\Debug\infrared.o (Rear_AMuxSeq_Start)
.\CortexM3\ARM_GCC_493\Debug\freesoc.a(Front_ADC_SAR_IRQ.o)
                              .\CortexM3\ARM_GCC_493\Debug\infrared.o (Front_ADC_SAR_IRQ_StartEx)
.\CortexM3\ARM_GCC_493\Debug\freesoc.a(Front_ADC_SAR_theACLK.o)
                              .\CortexM3\ARM_GCC_493\Debug\freesoc.a(Front_ADC_SAR.o) (Front_ADC_SAR_theACLK_SetModeRegister)
.\CortexM3\ARM_GCC_493\Debug\freesoc.a(Rear_ADC_SAR_IRQ.o)
                              .\CortexM3\ARM_GCC_493\Debug\infrared.o (Rear_ADC_SAR_IRQ_StartEx)
.\CortexM3\ARM_GCC_493\Debug\freesoc.a(Rear_ADC_SAR_theACLK.o)
                              .\CortexM3\ARM_GCC_493\Debug\freesoc.a(Rear_ADC_SAR.o) (Rear_ADC_SAR_theACLK_SetModeRegister)
.\CortexM3\ARM_GCC_493\Debug\freesoc.a(Rear_EOS_Intr.o)
                              .\CortexM3\ARM_GCC_493\Debug\infrared.o (Rear_EOS_Intr_StartEx)
.\CortexM3\ARM_GCC_493\Debug\freesoc.a(Front_EOS_Intr.o)
                              .\CortexM3\ARM_GCC_493\Debug\infrared.o (Front_EOS_Intr_StartEx)
[...]
Memory Configuration

Name             Origin             Length             Attributes
rom              0x00000000         0x00040000         xr
ram              0x1fff8000         0x00010000         xrw
*default*        0x00000000         0xffffffff

Linker script and memory map

LOAD c:/program files (x86)/cypress/psoc creator/3.3/psoc creator/import/gnu/arm/4.9.3/bin/../lib/gcc/arm-none-eabi/4.9.3/armv7-m/crti.o
LOAD c:/program files (x86)/cypress/psoc creator/3.3/psoc creator/import/gnu/arm/4.9.3/bin/../lib/gcc/arm-none-eabi/4.9.3/armv7-m/crtbegin.o
LOAD c:/program files (x86)/cypress/psoc creator/3.3/psoc creator/import/gnu/arm/4.9.3/bin/../lib/gcc/arm-none-eabi/4.9.3/../../../../arm-none-eabi/lib/armv7-m/crt0.o
START GROUP
LOAD .\CortexM3\ARM_GCC_493\Debug\main.o
LOAD .\CortexM3\ARM_GCC_493\Debug\cal.o
LOAD .\CortexM3\ARM_GCC_493\Debug\control.o
LOAD .\CortexM3\ARM_GCC_493\Debug\debug.o
LOAD .\CortexM3\ARM_GCC_493\Debug\diag.o
LOAD .\CortexM3\ARM_GCC_493\Debug\encoder.o
LOAD .\CortexM3\ARM_GCC_493\Debug\i2c.o
LOAD .\CortexM3\ARM_GCC_493\Debug\motor.o
LOAD .\CortexM3\ARM_GCC_493\Debug\odom.o
LOAD .\CortexM3\ARM_GCC_493\Debug\pid.o
LOAD .\CortexM3\ARM_GCC_493\Debug\time.o
LOAD .\CortexM3\ARM_GCC_493\Debug\ultrasonic.o
LOAD .\CortexM3\ARM_GCC_493\Debug\utils.o
LOAD .\CortexM3\ARM_GCC_493\Debug\infrared.o
LOAD .\CortexM3\ARM_GCC_493\Debug\pid_controller.o
LOAD .\CortexM3\ARM_GCC_493\Debug\serial.o
LOAD .\CortexM3\ARM_GCC_493\Debug\cymetadata.o
LOAD .\CortexM3\ARM_GCC_493\Debug\Cm3Start.o
LOAD .\CortexM3\ARM_GCC_493\Debug\freesoc.a
LOAD C:\Program Files (x86)\Cypress\PSoC Creator\3.3\PSoC Creator\psoc\content\cycomponentlibrary\CyComponentLibrary.cylib\CortexM3\ARM_GCC_493\Debug\CyComponentLibrary.a
LOAD c:/program files (x86)/cypress/psoc creator/3.3/psoc creator/import/gnu/arm/4.9.3/bin/../lib/gcc/arm-none-eabi/4.9.3/../../../../arm-none-eabi/lib/armv7-m\libm.a
END GROUP
START GROUP
LOAD c:/program files (x86)/cypress/psoc creator/3.3/psoc creator/import/gnu/arm/4.9.3/bin/../lib/gcc/arm-none-eabi/4.9.3/armv7-m\libgcc.a
LOAD c:/program files (x86)/cypress/psoc creator/3.3/psoc creator/import/gnu/arm/4.9.3/bin/../lib/gcc/arm-none-eabi/4.9.3/../../../../arm-none-eabi/lib/armv7-m\libg_nano.a
LOAD c:/program files (x86)/cypress/psoc creator/3.3/psoc creator/import/gnu/arm/4.9.3/bin/../lib/gcc/arm-none-eabi/4.9.3/../../../../arm-none-eabi/lib/armv7-m\libc_nano.a
END GROUP
START GROUP
LOAD c:/program files (x86)/cypress/psoc creator/3.3/psoc creator/import/gnu/arm/4.9.3/bin/../lib/gcc/arm-none-eabi/4.9.3/armv7-m\libgcc.a
LOAD c:/program files (x86)/cypress/psoc creator/3.3/psoc creator/import/gnu/arm/4.9.3/bin/../lib/gcc/arm-none-eabi/4.9.3/../../../../arm-none-eabi/lib/armv7-m\libc_nano.a
END GROUP
LOAD c:/program files (x86)/cypress/psoc creator/3.3/psoc creator/import/gnu/arm/4.9.3/bin/../lib/gcc/arm-none-eabi/4.9.3/armv7-m/crtend.o
LOAD c:/program files (x86)/cypress/psoc creator/3.3/psoc creator/import/gnu/arm/4.9.3/bin/../lib/gcc/arm-none-eabi/4.9.3/armv7-m/crtn.o
START GROUP
LOAD c:/program files (x86)/cypress/psoc creator/3.3/psoc creator/import/gnu/arm/4.9.3/bin/../lib/gcc/arm-none-eabi/4.9.3/armv7-m\libgcc.a
LOAD c:/program files (x86)/cypress/psoc creator/3.3/psoc creator/import/gnu/arm/4.9.3/bin/../lib/gcc/arm-none-eabi/4.9.3/../../../../arm-none-eabi/lib/armv7-m\libc.a
LOAD c:/program files (x86)/cypress/psoc creator/3.3/psoc creator/import/gnu/arm/4.9.3/bin/../lib/gcc/arm-none-eabi/4.9.3/../../../../arm-none-eabi/lib/armv7-m\libnosys.a
END GROUP
                0x00000000                CY_APPL_ORIGIN = 0x0
                0x00000100                CY_FLASH_ROW_SIZE = 0x100
                0x00000020                CY_ECC_ROW_SIZE = 0x20
                0x00000000                CY_EE_IN_BTLDR = 0x0
                0x00000000                CY_APPL_LOADABLE = 0x0
                0x00000800                CY_EE_SIZE = 0x800
                0x00000001                CY_APPL_NUM = 0x1
                0x00000001                CY_APPL_MAX = 0x1
                0x00000040                CY_METADATA_SIZE = 0x40
                0x00000000                CY_APPL_LOADABLE = 0x0
                0x00000000                CY_CHECKSUM_EXCLUDE_SIZE = ALIGN (0x0, CY_FLASH_ROW_SIZE)
                0x1ffff3a0                PROVIDE (__cy_heap_start, _end)
                0x00000001                PROVIDE (__cy_region_num, ((__cy_regions_end - __cy_regions) / 0x10))
                0x20008000                PROVIDE (__cy_stack, (ORIGIN (ram) + 0x10000))
                0x20007800                PROVIDE (__cy_heap_end, (__cy_stack - 0x800))

.cybootloader   0x00000000        0x0
 *(.cybootloader)
                0x00000000                appl1_start = CY_APPL_ORIGIN?CY_APPL_ORIGIN:ALIGN (CY_FLASH_ROW_SIZE)
                0x0001ff00                appl2_start = (appl1_start + ALIGN ((((0x40000 - appl1_start) - (0x2 * CY_FLASH_ROW_SIZE)) / 0x2), CY_FLASH_ROW_SIZE))
                0x00000000                appl_start = (CY_APPL_NUM == 0x1)?appl1_start:appl2_start
                0x00000000                ecc_offset = ((appl_start / CY_FLASH_ROW_SIZE) * CY_ECC_ROW_SIZE)
                0x00000000                ee_offset = (CY_APPL_LOADABLE && ! (CY_EE_IN_BTLDR))?((CY_EE_SIZE / CY_APPL_MAX) * (CY_APPL_NUM - 0x1)):0x0
                0x00000800                ee_size = (CY_APPL_LOADABLE && ! (CY_EE_IN_BTLDR))?(CY_EE_SIZE / CY_APPL_MAX):CY_EE_SIZE
                0x00000000                PROVIDE (CY_ECC_OFFSET, ecc_offset)

.text           0x00000000     0x9f46
 CREATE_OBJECT_SYMBOLS
                0x00000000                PROVIDE (__cy_interrupt_vector, RomVectors)
 *(.romvectors)
 .romvectors    0x00000000       0x10 .\CortexM3\ARM_GCC_493\Debug\Cm3Start.o
                0x00000000                RomVectors
                0x00000001                ASSERT ((. != __cy_interrupt_vector), No interrupt vector)
                0x00000001                ASSERT (CY_APPL_ORIGIN?(SIZEOF (.cybootloader) <= CY_APPL_ORIGIN):0x1, Wrong image location)
                0x00000010                PROVIDE (__cy_reset, Reset)
 *(.text.Reset)
 .text.Reset    0x00000010       0x18 .\CortexM3\ARM_GCC_493\Debug\Cm3Start.o
                0x00000010                Reset
                0x00000001                ASSERT ((. != __cy_reset), No reset code)
 *(.dma_init)
                0x00000001                ASSERT ((((appl_start + .) <= 0x10000) || 0x1), DMA Init must be within the first 64k of flash)
 *(.text .text.* .gnu.linkonce.t.*)
 .text          0x00000028       0x5c c:/program files (x86)/cypress/psoc creator/3.3/psoc creator/import/gnu/arm/4.9.3/bin/../lib/gcc/arm-none-eabi/4.9.3/armv7-m/crtbegin.o
 .text.main     0x00000084      0x118 .\CortexM3\ARM_GCC_493\Debug\main.o
                0x00000084                main
 .text.CalculatePwmSamples
                0x0000019c       0x64 .\CortexM3\ARM_GCC_493\Debug\cal.o
 .text.AddSamplesToSum
                0x00000200       0x24 .\CortexM3\ARM_GCC_493\Debug\cal.o
 .text.CalculateAvgCpsSamples
                0x00000224       0x20 .\CortexM3\ARM_GCC_493\Debug\cal.o
 .text.CalculateMinMaxCpsSample
                0x00000244       0x38 .\CortexM3\ARM_GCC_493\Debug\cal.o
 .text.StartCalibration
                0x0000027c       0x24 .\CortexM3\ARM_GCC_493\Debug\cal.o
 .text.EndCalibration
                0x000002a0       0x30 .\CortexM3\ARM_GCC_493\Debug\cal.o
 .text.CalibrateWheelSpeed
                0x000002d0       0x5c .\CortexM3\ARM_GCC_493\Debug\cal.o
 .text.StoreWheelSpeed
                0x0000032c       0xb4 .\CortexM3\ARM_GCC_493\Debug\cal.o
 .text.Cal_Init
                0x000003e0       0x14 .\CortexM3\ARM_GCC_493\Debug\cal.o
                0x000003e0                Cal_Init
 .text.Cal_Start
                0x000003f4       0x2c .\CortexM3\ARM_GCC_493\Debug\cal.o
                0x000003f4                Cal_Start
 .text.Cal_Update
                0x00000420       0xa8 .\CortexM3\ARM_GCC_493\Debug\cal.o
                0x00000420                Cal_Update
 .text.Cal_LeftGetCalData
                0x000004c8       0x10 .\CortexM3\ARM_GCC_493\Debug\cal.o
                0x000004c8                Cal_LeftGetCalData
 .text.Cal_RightGetCalData
                0x000004d8       0x14 .\CortexM3\ARM_GCC_493\Debug\cal.o
                0x000004d8                Cal_RightGetCalData
 .text.Cal_Validate
                0x000004ec        0x4 .\CortexM3\ARM_GCC_493\Debug\cal.o
                0x000004ec                Cal_Validate
 .text.CalculateLeftRightSpeed
                0x000004f0       0x70 .\CortexM3\ARM_GCC_493\Debug\control.o
 .text.Control_Init
                0x00000560        0x4 .\CortexM3\ARM_GCC_493\Debug\control.o
                0x00000560                Control_Init
 .text.Control_Start
                0x00000564        0x4 .\CortexM3\ARM_GCC_493\Debug\control.o
                0x00000564                Control_Start
 .text.Control_Update
                0x00000568       0x3c .\CortexM3\ARM_GCC_493\Debug\control.o
                0x00000568                Control_Update
 .text.Control_LeftGetCmdVelocity
                0x000005a4        0xc .\CortexM3\ARM_GCC_493\Debug\control.o
                0x000005a4                Control_LeftGetCmdVelocity
 .text.Control_RightGetCmdVelocity
                0x000005b0        0xc .\CortexM3\ARM_GCC_493\Debug\control.o
                0x000005b0                Control_RightGetCmdVelocity
 .text.Debug_Init
                0x000005bc       0x14 .\CortexM3\ARM_GCC_493\Debug\debug.o
                0x000005bc                Debug_Init
 .text.Debug_Start
                0x000005d0        0x4 .\CortexM3\ARM_GCC_493\Debug\debug.o
                0x000005d0                Debug_Start
 .text.Diag_Init
                0x000005d4       0x18 .\CortexM3\ARM_GCC_493\Debug\diag.o
                0x000005d4                Diag_Init
 .text.Diag_Start
                0x000005ec        0x4 .\CortexM3\ARM_GCC_493\Debug\diag.o
                0x000005ec                Diag_Start
 .text.Diag_Update
                0x000005f0       0x38 .\CortexM3\ARM_GCC_493\Debug\diag.o
                0x000005f0                Diag_Update
 .text.Encoder_Sample
                0x00000628       0x70 .\CortexM3\ARM_GCC_493\Debug\encoder.o
 .text.Encoder_Init
                0x00000698       0x48 .\CortexM3\ARM_GCC_493\Debug\encoder.o
                0x00000698                Encoder_Init
 .text.Encoder_Start
                0x000006e0       0x20 .\CortexM3\ARM_GCC_493\Debug\encoder.o
                0x000006e0                Encoder_Start
 .text.Encoder_Update
                0x00000700       0x58 .\CortexM3\ARM_GCC_493\Debug\encoder.o
                0x00000700                Encoder_Update
 .text.Encoder_LeftGetCntsPerSec
                0x00000758        0xc .\CortexM3\ARM_GCC_493\Debug\encoder.o
                0x00000758                Encoder_LeftGetCntsPerSec
 .text.Encoder_RightGetCntsPerSec
                0x00000764        0xc .\CortexM3\ARM_GCC_493\Debug\encoder.o
                0x00000764                Encoder_RightGetCntsPerSec
 .text.Encoder_LeftGetMeterPerSec
                0x00000770        0xc .\CortexM3\ARM_GCC_493\Debug\encoder.o
                0x00000770                Encoder_LeftGetMeterPerSec
 .text.Encoder_RightGetMeterPerSec
                0x0000077c        0xc .\CortexM3\ARM_GCC_493\Debug\encoder.o
                0x0000077c                Encoder_RightGetMeterPerSec
 .text.Encoder_Reset
                0x00000788       0x3c .\CortexM3\ARM_GCC_493\Debug\encoder.o
                0x00000788                Encoder_Reset
 .text.I2c_Init
                0x000007c4       0x1c .\CortexM3\ARM_GCC_493\Debug\i2c.o
                0x000007c4                I2c_Init
 .text.I2c_Start
                0x000007e0       0x18 .\CortexM3\ARM_GCC_493\Debug\i2c.o
                0x000007e0                I2c_Start
 .text.I2c_ReadControl
                0x000007f8       0x2c .\CortexM3\ARM_GCC_493\Debug\i2c.o
                0x000007f8                I2c_ReadControl
 *fill*         0x00000824        0x4 
 .text.I2c_ReadCmdVelocity
                0x00000828       0xf8 .\CortexM3\ARM_GCC_493\Debug\i2c.o
                0x00000828                I2c_ReadCmdVelocity
 .text.I2c_SetStatusBit
                0x00000920       0x38 .\CortexM3\ARM_GCC_493\Debug\i2c.o
                0x00000920                I2c_SetStatusBit
 .text.I2c_ClearStatusBit
                0x00000958       0x3c .\CortexM3\ARM_GCC_493\Debug\i2c.o
                0x00000958                I2c_ClearStatusBit
 .text.I2c_WriteOdom
                0x00000994       0x48 .\CortexM3\ARM_GCC_493\Debug\i2c.o
                0x00000994                I2c_WriteOdom
 .text.I2c_WriteFrontUltrasonicDistance
                0x000009dc       0x34 .\CortexM3\ARM_GCC_493\Debug\i2c.o
                0x000009dc                I2c_WriteFrontUltrasonicDistance
 .text.I2c_WriteRearUltrasonicDistance
                0x00000a10       0x34 .\CortexM3\ARM_GCC_493\Debug\i2c.o
                0x00000a10                I2c_WriteRearUltrasonicDistance
 .text.I2c_UpdateHeartbeat
                0x00000a44       0x2c .\CortexM3\ARM_GCC_493\Debug\i2c.o
                0x00000a44                I2c_UpdateHeartbeat
 .text.Interpolate
                0x00000a70       0x3c .\CortexM3\ARM_GCC_493\Debug\motor.o
 .text.calculate_pwm
                0x00000aac       0x74 .\CortexM3\ARM_GCC_493\Debug\motor.o
 .text.calc_motor_output_from_cps
                0x00000b20       0xa8 .\CortexM3\ARM_GCC_493\Debug\motor.o
 .text.RampSpeed
                0x00000bc8       0x44 .\CortexM3\ARM_GCC_493\Debug\motor.o
 .text.CollectCpsPwmSamples
                0x00000c0c       0x58 .\CortexM3\ARM_GCC_493\Debug\motor.o
 .text.PrintFormatDataInt32
                0x00000c64       0x8c .\CortexM3\ARM_GCC_493\Debug\motor.o
 .text.PrintFormatDataUint16
                0x00000cf0       0x8c .\CortexM3\ARM_GCC_493\Debug\motor.o
 .text.DumpMotorCal
                0x00000d7c       0x4c .\CortexM3\ARM_GCC_493\Debug\motor.o
 .text.Motor_Init
                0x00000dc8       0x18 .\CortexM3\ARM_GCC_493\Debug\motor.o
                0x00000dc8                Motor_Init
 .text.Motor_Start
                0x00000de0       0x48 .\CortexM3\ARM_GCC_493\Debug\motor.o
                0x00000de0                Motor_Start
 .text.Motor_LeftSetCntsPerSec
                0x00000e28       0x18 .\CortexM3\ARM_GCC_493\Debug\motor.o
                0x00000e28                Motor_LeftSetCntsPerSec
 .text.Motor_RightSetCntsPerSec
                0x00000e40       0x18 .\CortexM3\ARM_GCC_493\Debug\motor.o
                0x00000e40                Motor_RightSetCntsPerSec
 .text.Motor_LeftGetPwm
                0x00000e58        0xc .\CortexM3\ARM_GCC_493\Debug\motor.o
                0x00000e58                Motor_LeftGetPwm
 .text.Motor_RightGetPwm
                0x00000e64        0xc .\CortexM3\ARM_GCC_493\Debug\motor.o
                0x00000e64                Motor_RightGetPwm
 .text.Motor_Stop
                0x00000e70       0x20 .\CortexM3\ARM_GCC_493\Debug\motor.o
                0x00000e70                Motor_Stop
 .text.Motor_CollectPwmCpsSamples
                0x00000e90       0xb4 .\CortexM3\ARM_GCC_493\Debug\motor.o
                0x00000e90                Motor_CollectPwmCpsSamples
 .text.Motor_LeftSetCalibration
                0x00000f44       0x1c .\CortexM3\ARM_GCC_493\Debug\motor.o
                0x00000f44                Motor_LeftSetCalibration
 .text.Motor_RightSetCalibration
                0x00000f60       0x1c .\CortexM3\ARM_GCC_493\Debug\motor.o
                0x00000f60                Motor_RightSetCalibration
 .text.DumpOdom
                0x00000f7c       0x78 .\CortexM3\ARM_GCC_493\Debug\odom.o
 .text.Odom_Init
                0x00000ff4       0x14 .\CortexM3\ARM_GCC_493\Debug\odom.o
                0x00000ff4                Odom_Init
 .text.Odom_Start
                0x00001008        0x4 .\CortexM3\ARM_GCC_493\Debug\odom.o
                0x00001008                Odom_Start
 *fill*         0x0000100c        0x4 
 .text.calc_odom
                0x00001010      0x250 .\CortexM3\ARM_GCC_493\Debug\odom.o
                0x00001010                calc_odom
 .text.Odom_Update
                0x00001260       0x60 .\CortexM3\ARM_GCC_493\Debug\odom.o
                0x00001260                Odom_Update
 .text.Odom_Reset
                0x000012c0       0x28 .\CortexM3\ARM_GCC_493\Debug\odom.o
                0x000012c0                Odom_Reset
 .text.ProcessPid
                0x000012e8       0xb0 .\CortexM3\ARM_GCC_493\Debug\pid.o
 .text.Pid_Init
                0x00001398       0x84 .\CortexM3\ARM_GCC_493\Debug\pid.o
                0x00001398                Pid_Init
 .text.Pid_Start
                0x0000141c        0x4 .\CortexM3\ARM_GCC_493\Debug\pid.o
                0x0000141c                Pid_Start
 .text.Pid_Update
                0x00001420       0x50 .\CortexM3\ARM_GCC_493\Debug\pid.o
                0x00001420                Pid_Update
 .text.SysTickIsrHandler
                0x00001470       0x10 .\CortexM3\ARM_GCC_493\Debug\time.o
 .text.Time_Init
                0x00001480        0xc .\CortexM3\ARM_GCC_493\Debug\time.o
                0x00001480                Time_Init
 .text.Time_Start
                0x0000148c       0x2c .\CortexM3\ARM_GCC_493\Debug\time.o
                0x0000148c                Time_Start
 .text.millis   0x000014b8        0xc .\CortexM3\ARM_GCC_493\Debug\time.o
                0x000014b8                millis
 .text.Front_Trigger_Next
                0x000014c4       0x34 .\CortexM3\ARM_GCC_493\Debug\ultrasonic.o
 .text.Front_Echo_Interrupt
                0x000014f8       0x4c .\CortexM3\ARM_GCC_493\Debug\ultrasonic.o
 .text.Rear_Trigger_Next
                0x00001544       0x34 .\CortexM3\ARM_GCC_493\Debug\ultrasonic.o
 .text.Rear_Echo_Interrupt
                0x00001578       0x4c .\CortexM3\ARM_GCC_493\Debug\ultrasonic.o
 .text.Ultrasonic_Init
                0x000015c4        0x4 .\CortexM3\ARM_GCC_493\Debug\ultrasonic.o
                0x000015c4                Ultrasonic_Init
 .text.Ultrasonic_Start
                0x000015c8       0x28 .\CortexM3\ARM_GCC_493\Debug\ultrasonic.o
                0x000015c8                Ultrasonic_Start
 .text.insert_zeros
                0x000015f0       0x30 .\CortexM3\ARM_GCC_493\Debug\utils.o
 .text.MovingAverageFloat
                0x00001620       0x2c .\CortexM3\ARM_GCC_493\Debug\utils.o
                0x00001620                MovingAverageFloat
 .text.ftoa     0x0000164c       0xa4 .\CortexM3\ARM_GCC_493\Debug\utils.o
                0x0000164c                ftoa
 .text.BinaryRangeSearch
                0x000016f0       0x50 .\CortexM3\ARM_GCC_493\Debug\utils.o
                0x000016f0                BinaryRangeSearch
 .text.initializeQueue
                0x00001740       0x10 .\CortexM3\ARM_GCC_493\Debug\infrared.o
                0x00001740                initializeQueue
 .text.isEmpty  0x00001750       0x18 .\CortexM3\ARM_GCC_493\Debug\infrared.o
                0x00001750                isEmpty
 .text.getItem  0x00001768       0x3c .\CortexM3\ARM_GCC_493\Debug\infrared.o
                0x00001768                getItem
 .text.Infrared_Init
                0x000017a4       0x30 .\CortexM3\ARM_GCC_493\Debug\infrared.o
                0x000017a4                Infrared_Init
 *fill*         0x000017d4        0x4 
 .text.Infrared_Update
                0x000017d8      0x148 .\CortexM3\ARM_GCC_493\Debug\infrared.o
                0x000017d8                Infrared_Update
 .text.PIDCompute
                0x00001920       0xa4 .\CortexM3\ARM_GCC_493\Debug\pid_controller.o
                0x00001920                PIDCompute
 .text.PIDOutputLimitsSet
                0x000019c4       0x5c .\CortexM3\ARM_GCC_493\Debug\pid_controller.o
                0x000019c4                PIDOutputLimitsSet
 .text.PIDTuningsSet
                0x00001a20       0x6c .\CortexM3\ARM_GCC_493\Debug\pid_controller.o
                0x00001a20                PIDTuningsSet
 .text.PIDInit  0x00001a8c       0x54 .\CortexM3\ARM_GCC_493\Debug\pid_controller.o
                0x00001a8c                PIDInit
 .text.PIDSetpointSet
                0x00001ae0        0x4 .\CortexM3\ARM_GCC_493\Debug\pid_controller.o
                0x00001ae0                PIDSetpointSet
 .text.PIDInputSet
                0x00001ae4        0x4 .\CortexM3\ARM_GCC_493\Debug\pid_controller.o
                0x00001ae4                PIDInputSet
 .text.Ser_Init
                0x00001ae8       0x24 .\CortexM3\ARM_GCC_493\Debug\serial.o
                0x00001ae8                Ser_Init
 .text.Ser_Start
                0x00001b0c       0x2c .\CortexM3\ARM_GCC_493\Debug\serial.o
                0x00001b0c                Ser_Start
 .text.Ser_PutString
                0x00001b38       0x18 .\CortexM3\ARM_GCC_493\Debug\serial.o
                0x00001b38                Ser_PutString
 .text.IntDefaultHandler
                0x00001b50        0x4 .\CortexM3\ARM_GCC_493\Debug\Cm3Start.o
                0x00001b50                IntDefaultHandler
 .text._sbrk    0x00001b54       0x30 .\CortexM3\ARM_GCC_493\Debug\Cm3Start.o
                0x00001b54                _sbrk
 .text.Start_c  0x00001b84       0x4c .\CortexM3\ARM_GCC_493\Debug\Cm3Start.o
                0x00001b84                Start_c
 .text.initialize_psoc
                0x00001bd0       0x74 .\CortexM3\ARM_GCC_493\Debug\Cm3Start.o
                0x00001bd0                initialize_psoc
 .text.cfg_write_bytes32
                0x00001c44       0x34 .\CortexM3\ARM_GCC_493\Debug\freesoc.a(cyfitter_cfg.o)
 .text.CYMEMZERO
                0x00001c78        0xc .\CortexM3\ARM_GCC_493\Debug\freesoc.a(cyfitter_cfg.o)
 .text.ClockSetup
                0x00001c84       0xe4 .\CortexM3\ARM_GCC_493\Debug\freesoc.a(cyfitter_cfg.o)
 .text.AnalogSetDefault
                0x00001d68       0x80 .\CortexM3\ARM_GCC_493\Debug\freesoc.a(cyfitter_cfg.o)
 .text.CYCONFIGCPY
                0x00001de8        0x8 .\CortexM3\ARM_GCC_493\Debug\freesoc.a(cyfitter_cfg.o)
 .text.Front_AMuxSeq_DisconnectAll
                0x00001df0       0x18 .\CortexM3\ARM_GCC_493\Debug\freesoc.a(cyfitter_cfg.o)
                0x00001df0                Front_AMuxSeq_DisconnectAll
 .text.Rear_AMuxSeq_DisconnectAll
                0x00001e08       0x18 .\CortexM3\ARM_GCC_493\Debug\freesoc.a(cyfitter_cfg.o)
                0x00001e08                Rear_AMuxSeq_DisconnectAll
 .text.cyfitter_cfg
                0x00001e20      0x188 .\CortexM3\ARM_GCC_493\Debug\freesoc.a(cyfitter_cfg.o)
                0x00001e20                cyfitter_cfg
 .text.Left_HB25_Enable_Pin_Write
                0x00001fa8       0x18 .\CortexM3\ARM_GCC_493\Debug\freesoc.a(Left_HB25_Enable_Pin.o)
                0x00001fa8                Left_HB25_Enable_Pin_Write
 .text.Left_HB25_PWM_Stop
                0x00001fc0        0x4 .\CortexM3\ARM_GCC_493\Debug\freesoc.a(Left_HB25_PWM.o)
                0x00001fc0                Left_HB25_PWM_Stop
 .text.Left_HB25_PWM_WriteCounter
                0x00001fc4        0xc .\CortexM3\ARM_GCC_493\Debug\freesoc.a(Left_HB25_PWM.o)
                0x00001fc4                Left_HB25_PWM_WriteCounter
 .text.Left_HB25_PWM_WritePeriod
                0x00001fd0        0xc .\CortexM3\ARM_GCC_493\Debug\freesoc.a(Left_HB25_PWM.o)
                0x00001fd0                Left_HB25_PWM_WritePeriod
 .text.Left_HB25_PWM_WriteCompare
                0x00001fdc        0xc .\CortexM3\ARM_GCC_493\Debug\freesoc.a(Left_HB25_PWM.o)
                0x00001fdc                Left_HB25_PWM_WriteCompare
 .text.Left_HB25_PWM_Init
                0x00001fe8       0x34 .\CortexM3\ARM_GCC_493\Debug\freesoc.a(Left_HB25_PWM.o)
                0x00001fe8                Left_HB25_PWM_Init
 .text.Left_HB25_PWM_Start
                0x0000201c       0x18 .\CortexM3\ARM_GCC_493\Debug\freesoc.a(Left_HB25_PWM.o)
                0x0000201c                Left_HB25_PWM_Start
 .text.Right_HB25_Enable_Pin_Write
                0x00002034       0x18 .\CortexM3\ARM_GCC_493\Debug\freesoc.a(Right_HB25_Enable_Pin.o)
                0x00002034                Right_HB25_Enable_Pin_Write
 .text.Right_HB25_PWM_Stop
                0x0000204c        0x4 .\CortexM3\ARM_GCC_493\Debug\freesoc.a(Right_HB25_PWM.o)
                0x0000204c                Right_HB25_PWM_Stop
 .text.Right_HB25_PWM_WriteCounter
                0x00002050        0xc .\CortexM3\ARM_GCC_493\Debug\freesoc.a(Right_HB25_PWM.o)
                0x00002050                Right_HB25_PWM_WriteCounter
 .text.Right_HB25_PWM_WritePeriod
                0x0000205c        0xc .\CortexM3\ARM_GCC_493\Debug\freesoc.a(Right_HB25_PWM.o)
                0x0000205c                Right_HB25_PWM_WritePeriod
 .text.Right_HB25_PWM_WriteCompare
                0x00002068        0xc .\CortexM3\ARM_GCC_493\Debug\freesoc.a(Right_HB25_PWM.o)
                0x00002068                Right_HB25_PWM_WriteCompare
 .text.Right_HB25_PWM_Init
                0x00002074       0x34 .\CortexM3\ARM_GCC_493\Debug\freesoc.a(Right_HB25_PWM.o)
                0x00002074                Right_HB25_PWM_Init
 .text.Right_HB25_PWM_Start
                0x000020a8       0x18 .\CortexM3\ARM_GCC_493\Debug\freesoc.a(Right_HB25_PWM.o)
                0x000020a8                Right_HB25_PWM_Start
 .text          0x000020c0       0x20 .\CortexM3\ARM_GCC_493\Debug\freesoc.a(CyBootAsmGnu.o)
                0x000020c0                CyDelayCycles
                0x000020d0                CyEnterCriticalSection
                0x000020d8                CyExitCriticalSection
 .text.CyHalt   0x000020e0        0x4 .\CortexM3\ARM_GCC_493\Debug\freesoc.a(CyLib.o)
                0x000020e0                CyHalt
 .text.CyDelay  0x000020e4       0x2c .\CortexM3\ARM_GCC_493\Debug\freesoc.a(CyLib.o)
                0x000020e4                CyDelay
 .text.CyDelayUs
                0x00002110       0x14 .\CortexM3\ARM_GCC_493\Debug\freesoc.a(CyLib.o)
                0x00002110                CyDelayUs
 .text.CyIntSetSysVector
                0x00002124       0x28 .\CortexM3\ARM_GCC_493\Debug\freesoc.a(CyLib.o)
                0x00002124                CyIntSetSysVector
 .text.CyIntSetVector
                0x0000214c       0x28 .\CortexM3\ARM_GCC_493\Debug\freesoc.a(CyLib.o)
                0x0000214c                CyIntSetVector
 .text.CyIntSetPriority
                0x00002174       0x30 .\CortexM3\ARM_GCC_493\Debug\freesoc.a(CyLib.o)
                0x00002174                CyIntSetPriority
 .text.CySysTickEnableInterrupt
                0x000021a4       0x10 .\CortexM3\ARM_GCC_493\Debug\freesoc.a(CyLib.o)
                0x000021a4                CySysTickEnableInterrupt
 .text.CySysTickEnable
                0x000021b4       0x18 .\CortexM3\ARM_GCC_493\Debug\freesoc.a(CyLib.o)
                0x000021b4                CySysTickEnable
 .text.CySysTickSetReload
                0x000021cc       0x10 .\CortexM3\ARM_GCC_493\Debug\freesoc.a(CyLib.o)
                0x000021cc                CySysTickSetReload
 .text.CySysTickSetClockSource
                0x000021dc       0x20 .\CortexM3\ARM_GCC_493\Debug\freesoc.a(CyLib.o)
                0x000021dc                CySysTickSetClockSource
 .text.CySysTickGetCountFlag
                0x000021fc       0x10 .\CortexM3\ARM_GCC_493\Debug\freesoc.a(CyLib.o)
                0x000021fc                CySysTickGetCountFlag
 .text.CySysTickServiceCallbacks
                0x0000220c       0x28 .\CortexM3\ARM_GCC_493\Debug\freesoc.a(CyLib.o)
 .text.CySysTickClear
                0x00002234        0xc .\CortexM3\ARM_GCC_493\Debug\freesoc.a(CyLib.o)
                0x00002234                CySysTickClear
 .text.CySysTickInit
                0x00002240       0x58 .\CortexM3\ARM_GCC_493\Debug\freesoc.a(CyLib.o)
                0x00002240                CySysTickInit
 .text.CySysTickStart
                0x00002298       0x1c .\CortexM3\ARM_GCC_493\Debug\freesoc.a(CyLib.o)
                0x00002298                CySysTickStart
 .text.CySysTickSetCallback
                0x000022b4       0x10 .\CortexM3\ARM_GCC_493\Debug\freesoc.a(CyLib.o)
                0x000022b4                CySysTickSetCallback
 .text.CySysTickGetCallback
                0x000022c4       0x10 .\CortexM3\ARM_GCC_493\Debug\freesoc.a(CyLib.o)
                0x000022c4                CySysTickGetCallback
 .text.CyGetUniqueId
                0x000022d4       0x70 .\CortexM3\ARM_GCC_493\Debug\freesoc.a(CyLib.o)
                0x000022d4                CyGetUniqueId
 .text.EZI2C_Slave_Init
                0x00002344       0x70 .\CortexM3\ARM_GCC_493\Debug\freesoc.a(EZI2C_Slave.o)
                0x00002344                EZI2C_Slave_Init
 .text.EZI2C_Slave_Enable
                0x000023b4       0x30 .\CortexM3\ARM_GCC_493\Debug\freesoc.a(EZI2C_Slave.o)
                0x000023b4                EZI2C_Slave_Enable
 .text.EZI2C_Slave_Start
                0x000023e4       0x1c .\CortexM3\ARM_GCC_493\Debug\freesoc.a(EZI2C_Slave.o)
                0x000023e4                EZI2C_Slave_Start
 .text.EZI2C_Slave_GetActivity
                0x00002400       0x28 .\CortexM3\ARM_GCC_493\Debug\freesoc.a(EZI2C_Slave.o)
                0x00002400                EZI2C_Slave_GetActivity
 .text.EZI2C_Slave_SetBuffer1
                0x00002428       0x50 .\CortexM3\ARM_GCC_493\Debug\freesoc.a(EZI2C_Slave.o)
                0x00002428                EZI2C_Slave_SetBuffer1
 .text.EZI2C_Slave_ISR
                0x00002478      0x1c4 .\CortexM3\ARM_GCC_493\Debug\freesoc.a(EZI2C_Slave_INT.o)
                0x00002478                EZI2C_Slave_ISR
 .text.Front_Echo_Intr_SetVector
                0x0000263c        0xc .\CortexM3\ARM_GCC_493\Debug\freesoc.a(Front_Echo_Intr.o)
                0x0000263c                Front_Echo_Intr_SetVector
 .text.Front_Echo_Intr_SetPriority
                0x00002648       0x10 .\CortexM3\ARM_GCC_493\Debug\freesoc.a(Front_Echo_Intr.o)
                0x00002648                Front_Echo_Intr_SetPriority
 .text.Front_Echo_Intr_Enable
                0x00002658        0xc .\CortexM3\ARM_GCC_493\Debug\freesoc.a(Front_Echo_Intr.o)
                0x00002658                Front_Echo_Intr_Enable
 .text.Front_Echo_Intr_Disable
                0x00002664        0xc .\CortexM3\ARM_GCC_493\Debug\freesoc.a(Front_Echo_Intr.o)
                0x00002664                Front_Echo_Intr_Disable
 .text.Front_Echo_Intr_StartEx
                0x00002670       0x1c .\CortexM3\ARM_GCC_493\Debug\freesoc.a(Front_Echo_Intr.o)
                0x00002670                Front_Echo_Intr_StartEx
 .text.Front_Echo_Intr_ClearPending
                0x0000268c        0xc .\CortexM3\ARM_GCC_493\Debug\freesoc.a(Front_Echo_Intr.o)
                0x0000268c                Front_Echo_Intr_ClearPending
 .text.Front_Trigger_Reg_Write
                0x00002698        0xc .\CortexM3\ARM_GCC_493\Debug\freesoc.a(Front_Trigger_Reg.o)
                0x00002698                Front_Trigger_Reg_Write
 .text.Front_Trigger_Select_Reg_Write
                0x000026a4        0xc .\CortexM3\ARM_GCC_493\Debug\freesoc.a(Front_Trigger_Select_Reg.o)
                0x000026a4                Front_Trigger_Select_Reg_Write
 .text.Front_Trigger_Select_Reg_Read
                0x000026b0        0xc .\CortexM3\ARM_GCC_493\Debug\freesoc.a(Front_Trigger_Select_Reg.o)
                0x000026b0                Front_Trigger_Select_Reg_Read
 .text.Front_Echo_Timer_SetInterruptMode
                0x000026bc        0xc .\CortexM3\ARM_GCC_493\Debug\freesoc.a(Front_Echo_Timer.o)
                0x000026bc                Front_Echo_Timer_SetInterruptMode
 .text.Front_Echo_Timer_ReadStatusRegister
                0x000026c8        0xc .\CortexM3\ARM_GCC_493\Debug\freesoc.a(Front_Echo_Timer.o)
                0x000026c8                Front_Echo_Timer_ReadStatusRegister
 .text.Front_Echo_Timer_WritePeriod
                0x000026d4        0xc .\CortexM3\ARM_GCC_493\Debug\freesoc.a(Front_Echo_Timer.o)
                0x000026d4                Front_Echo_Timer_WritePeriod
 .text.Front_Echo_Timer_ReadCapture
                0x000026e0        0xc .\CortexM3\ARM_GCC_493\Debug\freesoc.a(Front_Echo_Timer.o)
                0x000026e0                Front_Echo_Timer_ReadCapture
 .text.Front_Echo_Timer_WriteCounter
                0x000026ec        0xc .\CortexM3\ARM_GCC_493\Debug\freesoc.a(Front_Echo_Timer.o)
                0x000026ec                Front_Echo_Timer_WriteCounter
 .text.Front_Echo_Timer_ReadCounter
                0x000026f8       0x14 .\CortexM3\ARM_GCC_493\Debug\freesoc.a(Front_Echo_Timer.o)
                0x000026f8                Front_Echo_Timer_ReadCounter
 .text.Front_Echo_Timer_ClearFIFO
                0x0000270c       0x14 .\CortexM3\ARM_GCC_493\Debug\freesoc.a(Front_Echo_Timer.o)
                0x0000270c                Front_Echo_Timer_ClearFIFO
 .text.Front_Echo_Timer_Init
                0x00002720       0x34 .\CortexM3\ARM_GCC_493\Debug\freesoc.a(Front_Echo_Timer.o)
                0x00002720                Front_Echo_Timer_Init
 .text.Front_Echo_Timer_Start
                0x00002754       0x18 .\CortexM3\ARM_GCC_493\Debug\freesoc.a(Front_Echo_Timer.o)
                0x00002754                Front_Echo_Timer_Start
 .text.Rear_Trigger_Reg_Write
                0x0000276c        0xc .\CortexM3\ARM_GCC_493\Debug\freesoc.a(Rear_Trigger_Reg.o)
                0x0000276c                Rear_Trigger_Reg_Write
 .text.Rear_Trigger_Select_Reg_Write
                0x00002778        0xc .\CortexM3\ARM_GCC_493\Debug\freesoc.a(Rear_Trigger_Select_Reg.o)
                0x00002778                Rear_Trigger_Select_Reg_Write
 .text.Rear_Trigger_Select_Reg_Read
                0x00002784        0xc .\CortexM3\ARM_GCC_493\Debug\freesoc.a(Rear_Trigger_Select_Reg.o)
                0x00002784                Rear_Trigger_Select_Reg_Read
 .text.Rear_Echo_Intr_SetVector
                0x00002790        0xc .\CortexM3\ARM_GCC_493\Debug\freesoc.a(Rear_Echo_Intr.o)
                0x00002790                Rear_Echo_Intr_SetVector
 .text.Rear_Echo_Intr_SetPriority
                0x0000279c       0x10 .\CortexM3\ARM_GCC_493\Debug\freesoc.a(Rear_Echo_Intr.o)
                0x0000279c                Rear_Echo_Intr_SetPriority
 .text.Rear_Echo_Intr_Enable
                0x000027ac        0xc .\CortexM3\ARM_GCC_493\Debug\freesoc.a(Rear_Echo_Intr.o)
                0x000027ac                Rear_Echo_Intr_Enable
 .text.Rear_Echo_Intr_Disable
                0x000027b8        0xc .\CortexM3\ARM_GCC_493\Debug\freesoc.a(Rear_Echo_Intr.o)
                0x000027b8                Rear_Echo_Intr_Disable
 .text.Rear_Echo_Intr_StartEx
                0x000027c4       0x1c .\CortexM3\ARM_GCC_493\Debug\freesoc.a(Rear_Echo_Intr.o)
                0x000027c4                Rear_Echo_Intr_StartEx
 .text.Rear_Echo_Intr_ClearPending
                0x000027e0        0xc .\CortexM3\ARM_GCC_493\Debug\freesoc.a(Rear_Echo_Intr.o)
                0x000027e0                Rear_Echo_Intr_ClearPending
 .text.Rear_Echo_Timer_SetInterruptMode
                0x000027ec        0xc .\CortexM3\ARM_GCC_493\Debug\freesoc.a(Rear_Echo_Timer.o)
                0x000027ec                Rear_Echo_Timer_SetInterruptMode
 .text.Rear_Echo_Timer_ReadStatusRegister
                0x000027f8        0xc .\CortexM3\ARM_GCC_493\Debug\freesoc.a(Rear_Echo_Timer.o)
                0x000027f8                Rear_Echo_Timer_ReadStatusRegister
 .text.Rear_Echo_Timer_WritePeriod
                0x00002804        0xc .\CortexM3\ARM_GCC_493\Debug\freesoc.a(Rear_Echo_Timer.o)
                0x00002804                Rear_Echo_Timer_WritePeriod
 .text.Rear_Echo_Timer_ReadCapture
                0x00002810        0xc .\CortexM3\ARM_GCC_493\Debug\freesoc.a(Rear_Echo_Timer.o)
                0x00002810                Rear_Echo_Timer_ReadCapture
 .text.Rear_Echo_Timer_WriteCounter
                0x0000281c        0xc .\CortexM3\ARM_GCC_493\Debug\freesoc.a(Rear_Echo_Timer.o)
                0x0000281c                Rear_Echo_Timer_WriteCounter
 .text.Rear_Echo_Timer_ReadCounter
                0x00002828       0x14 .\CortexM3\ARM_GCC_493\Debug\freesoc.a(Rear_Echo_Timer.o)
                0x00002828                Rear_Echo_Timer_ReadCounter
 .text.Rear_Echo_Timer_ClearFIFO
                0x0000283c       0x14 .\CortexM3\ARM_GCC_493\Debug\freesoc.a(Rear_Echo_Timer.o)
                0x0000283c                Rear_Echo_Timer_ClearFIFO
 .text.Rear_Echo_Timer_Init
                0x00002850       0x34 .\CortexM3\ARM_GCC_493\Debug\freesoc.a(Rear_Echo_Timer.o)
                0x00002850                Rear_Echo_Timer_Init
 .text.Rear_Echo_Timer_Start
                0x00002884       0x18 .\CortexM3\ARM_GCC_493\Debug\freesoc.a(Rear_Echo_Timer.o)
                0x00002884                Rear_Echo_Timer_Start
 .text.Mainloop_Pin_Write
                0x0000289c       0x18 .\CortexM3\ARM_GCC_493\Debug\freesoc.a(Mainloop_Pin.o)
                0x0000289c                Mainloop_Pin_Write
 .text.EEPROM_Enable
                0x000028b4        0xc .\CortexM3\ARM_GCC_493\Debug\freesoc.a(EEPROM.o)
                0x000028b4                EEPROM_Enable
 .text.EEPROM_Start
                0x000028c0        0x8 .\CortexM3\ARM_GCC_493\Debug\freesoc.a(EEPROM.o)
                0x000028c0                EEPROM_Start
 .text.EEPROM_WriteByte
                0x000028c8       0xd4 .\CortexM3\ARM_GCC_493\Debug\freesoc.a(EEPROM.o)
                0x000028c8                EEPROM_WriteByte
 .text.EEPROM_Write
                0x0000299c       0xb4 .\CortexM3\ARM_GCC_493\Debug\freesoc.a(EEPROM.o)
                0x0000299c                EEPROM_Write
 .text.Right_QuadDec_Init
                0x00002a50       0x24 .\CortexM3\ARM_GCC_493\Debug\freesoc.a(Right_QuadDec.o)
                0x00002a50                Right_QuadDec_Init
 .text.Right_QuadDec_GetCounter
                0x00002a74       0x2c .\CortexM3\ARM_GCC_493\Debug\freesoc.a(Right_QuadDec.o)
                0x00002a74                Right_QuadDec_GetCounter
 .text.Right_QuadDec_SetCounter
                0x00002aa0       0x28 .\CortexM3\ARM_GCC_493\Debug\freesoc.a(Right_QuadDec.o)
                0x00002aa0                Right_QuadDec_SetCounter
 .text.Right_QuadDec_GetEvents
                0x00002ac8       0x10 .\CortexM3\ARM_GCC_493\Debug\freesoc.a(Right_QuadDec.o)
                0x00002ac8                Right_QuadDec_GetEvents
 .text.Right_QuadDec_SetInterruptMask
                0x00002ad8       0x10 .\CortexM3\ARM_GCC_493\Debug\freesoc.a(Right_QuadDec.o)
                0x00002ad8                Right_QuadDec_SetInterruptMask
 .text.Right_QuadDec_Enable
                0x00002ae8       0x30 .\CortexM3\ARM_GCC_493\Debug\freesoc.a(Right_QuadDec.o)
                0x00002ae8                Right_QuadDec_Enable
 .text.Right_QuadDec_Start
                0x00002b18       0x34 .\CortexM3\ARM_GCC_493\Debug\freesoc.a(Right_QuadDec.o)
                0x00002b18                Right_QuadDec_Start
 .text.Right_QuadDec_ISR
                0x00002b4c       0x40 .\CortexM3\ARM_GCC_493\Debug\freesoc.a(Right_QuadDec_INT.o)
                0x00002b4c                Right_QuadDec_ISR
 .text.Right_QuadDec_Cnt16_Enable
                0x00002b8c       0x10 .\CortexM3\ARM_GCC_493\Debug\freesoc.a(Right_QuadDec_Cnt16.o)
                0x00002b8c                Right_QuadDec_Cnt16_Enable
 .text.Right_QuadDec_Cnt16_SetInterruptMode
                0x00002b9c        0xc .\CortexM3\ARM_GCC_493\Debug\freesoc.a(Right_QuadDec_Cnt16.o)
                0x00002b9c                Right_QuadDec_Cnt16_SetInterruptMode
 .text.Right_QuadDec_Cnt16_ReadStatusRegister
                0x00002ba8        0xc .\CortexM3\ARM_GCC_493\Debug\freesoc.a(Right_QuadDec_Cnt16.o)
                0x00002ba8                Right_QuadDec_Cnt16_ReadStatusRegister
 .text.Right_QuadDec_Cnt16_WriteCounter
                0x00002bb4        0xc .\CortexM3\ARM_GCC_493\Debug\freesoc.a(Right_QuadDec_Cnt16.o)
                0x00002bb4                Right_QuadDec_Cnt16_WriteCounter
 .text.Right_QuadDec_Cnt16_ReadCounter
                0x00002bc0       0x14 .\CortexM3\ARM_GCC_493\Debug\freesoc.a(Right_QuadDec_Cnt16.o)
                0x00002bc0                Right_QuadDec_Cnt16_ReadCounter
 .text.Right_QuadDec_Cnt16_ReadCapture
                0x00002bd4        0xc .\CortexM3\ARM_GCC_493\Debug\freesoc.a(Right_QuadDec_Cnt16.o)
                0x00002bd4                Right_QuadDec_Cnt16_ReadCapture
 .text.Right_QuadDec_Cnt16_WritePeriod
                0x00002be0        0xc .\CortexM3\ARM_GCC_493\Debug\freesoc.a(Right_QuadDec_Cnt16.o)
                0x00002be0                Right_QuadDec_Cnt16_WritePeriod
 .text.Right_QuadDec_Cnt16_WriteCompare
                0x00002bec        0xc .\CortexM3\ARM_GCC_493\Debug\freesoc.a(Right_QuadDec_Cnt16.o)
                0x00002bec                Right_QuadDec_Cnt16_WriteCompare
 .text.Right_QuadDec_Cnt16_ClearFIFO
                0x00002bf8       0x14 .\CortexM3\ARM_GCC_493\Debug\freesoc.a(Right_QuadDec_Cnt16.o)
                0x00002bf8                Right_QuadDec_Cnt16_ClearFIFO
 .text.Right_QuadDec_Cnt16_Init
                0x00002c0c       0x58 .\CortexM3\ARM_GCC_493\Debug\freesoc.a(Right_QuadDec_Cnt16.o)
                0x00002c0c                Right_QuadDec_Cnt16_Init
 .text.Right_QuadDec_Cnt16_Start
                0x00002c64       0x1c .\CortexM3\ARM_GCC_493\Debug\freesoc.a(Right_QuadDec_Cnt16.o)
                0x00002c64                Right_QuadDec_Cnt16_Start
 .text.Left_QuadDec_Init
                0x00002c80       0x24 .\CortexM3\ARM_GCC_493\Debug\freesoc.a(Left_QuadDec.o)
                0x00002c80                Left_QuadDec_Init
 .text.Left_QuadDec_GetCounter
                0x00002ca4       0x2c .\CortexM3\ARM_GCC_493\Debug\freesoc.a(Left_QuadDec.o)
                0x00002ca4                Left_QuadDec_GetCounter
 .text.Left_QuadDec_SetCounter
                0x00002cd0       0x28 .\CortexM3\ARM_GCC_493\Debug\freesoc.a(Left_QuadDec.o)
                0x00002cd0                Left_QuadDec_SetCounter
 .text.Left_QuadDec_GetEvents
                0x00002cf8       0x10 .\CortexM3\ARM_GCC_493\Debug\freesoc.a(Left_QuadDec.o)
                0x00002cf8                Left_QuadDec_GetEvents
 .text.Left_QuadDec_SetInterruptMask
                0x00002d08       0x10 .\CortexM3\ARM_GCC_493\Debug\freesoc.a(Left_QuadDec.o)
                0x00002d08                Left_QuadDec_SetInterruptMask
 .text.Left_QuadDec_Enable
                0x00002d18       0x30 .\CortexM3\ARM_GCC_493\Debug\freesoc.a(Left_QuadDec.o)
                0x00002d18                Left_QuadDec_Enable
 .text.Left_QuadDec_Start
                0x00002d48       0x34 .\CortexM3\ARM_GCC_493\Debug\freesoc.a(Left_QuadDec.o)
                0x00002d48                Left_QuadDec_Start
 .text.Left_QuadDec_ISR
                0x00002d7c       0x40 .\CortexM3\ARM_GCC_493\Debug\freesoc.a(Left_QuadDec_INT.o)
                0x00002d7c                Left_QuadDec_ISR
 .text.Left_QuadDec_Cnt16_Enable
                0x00002dbc       0x10 .\CortexM3\ARM_GCC_493\Debug\freesoc.a(Left_QuadDec_Cnt16.o)
                0x00002dbc                Left_QuadDec_Cnt16_Enable
 .text.Left_QuadDec_Cnt16_SetInterruptMode
                0x00002dcc        0xc .\CortexM3\ARM_GCC_493\Debug\freesoc.a(Left_QuadDec_Cnt16.o)
                0x00002dcc                Left_QuadDec_Cnt16_SetInterruptMode
 .text.Left_QuadDec_Cnt16_ReadStatusRegister
                0x00002dd8        0xc .\CortexM3\ARM_GCC_493\Debug\freesoc.a(Left_QuadDec_Cnt16.o)
                0x00002dd8                Left_QuadDec_Cnt16_ReadStatusRegister
 .text.Left_QuadDec_Cnt16_WriteCounter
                0x00002de4        0xc .\CortexM3\ARM_GCC_493\Debug\freesoc.a(Left_QuadDec_Cnt16.o)
                0x00002de4                Left_QuadDec_Cnt16_WriteCounter
 .text.Left_QuadDec_Cnt16_ReadCounter
                0x00002df0       0x14 .\CortexM3\ARM_GCC_493\Debug\freesoc.a(Left_QuadDec_Cnt16.o)
                0x00002df0                Left_QuadDec_Cnt16_ReadCounter
 .text.Left_QuadDec_Cnt16_ReadCapture
                0x00002e04        0xc .\CortexM3\ARM_GCC_493\Debug\freesoc.a(Left_QuadDec_Cnt16.o)
                0x00002e04                Left_QuadDec_Cnt16_ReadCapture
 .text.Left_QuadDec_Cnt16_WritePeriod
                0x00002e10        0xc .\CortexM3\ARM_GCC_493\Debug\freesoc.a(Left_QuadDec_Cnt16.o)
                0x00002e10                Left_QuadDec_Cnt16_WritePeriod
 .text.Left_QuadDec_Cnt16_WriteCompare
                0x00002e1c        0xc .\CortexM3\ARM_GCC_493\Debug\freesoc.a(Left_QuadDec_Cnt16.o)
                0x00002e1c                Left_QuadDec_Cnt16_WriteCompare
 .text.Left_QuadDec_Cnt16_ClearFIFO
                0x00002e28       0x14 .\CortexM3\ARM_GCC_493\Debug\freesoc.a(Left_QuadDec_Cnt16.o)
                0x00002e28                Left_QuadDec_Cnt16_ClearFIFO
 .text.Left_QuadDec_Cnt16_Init
                0x00002e3c       0x58 .\CortexM3\ARM_GCC_493\Debug\freesoc.a(Left_QuadDec_Cnt16.o)
                0x00002e3c                Left_QuadDec_Cnt16_Init
 .text.Left_QuadDec_Cnt16_Start
                0x00002e94       0x1c .\CortexM3\ARM_GCC_493\Debug\freesoc.a(Left_QuadDec_Cnt16.o)
                0x00002e94                Left_QuadDec_Cnt16_Start
 .text.USBUART_Init
                0x00002eb0      0x140 .\CortexM3\ARM_GCC_493\Debug\freesoc.a(USBUART.o)
                0x00002eb0                USBUART_Init
 .text.USBUART_InitComponent
                0x00002ff0       0xd4 .\CortexM3\ARM_GCC_493\Debug\freesoc.a(USBUART.o)
                0x00002ff0                USBUART_InitComponent
 .text.USBUART_Start
                0x000030c4       0x24 .\CortexM3\ARM_GCC_493\Debug\freesoc.a(USBUART.o)
                0x000030c4                USBUART_Start
 .text.USBUART_ReInitComponent
                0x000030e8       0x64 .\CortexM3\ARM_GCC_493\Debug\freesoc.a(USBUART.o)
                0x000030e8                USBUART_ReInitComponent
 .text.USBUART_GetConfiguration
                0x0000314c        0xc .\CortexM3\ARM_GCC_493\Debug\freesoc.a(USBUART.o)
                0x0000314c                USBUART_GetConfiguration
 .text.USBUART_IsConfigurationChanged
                0x00003158       0x20 .\CortexM3\ARM_GCC_493\Debug\freesoc.a(USBUART.o)
                0x00003158                USBUART_IsConfigurationChanged
 .text.USBUART_GetEPState
                0x00003178       0x14 .\CortexM3\ARM_GCC_493\Debug\freesoc.a(USBUART.o)
                0x00003178                USBUART_GetEPState
 .text.USBUART_LoadInEP
                0x0000318c       0x94 .\CortexM3\ARM_GCC_493\Debug\freesoc.a(USBUART.o)
                0x0000318c                USBUART_LoadInEP
 .text.USBUART_EnableOutEP
                0x00003220       0x2c .\CortexM3\ARM_GCC_493\Debug\freesoc.a(USBUART.o)
                0x00003220                USBUART_EnableOutEP
 .text.USBUART_StrLen
                0x0000324c       0x14 .\CortexM3\ARM_GCC_493\Debug\freesoc.a(USBUART_cdc.o)
 .text.USBUART_GetInterfaceComPort
                0x00003260       0x3c .\CortexM3\ARM_GCC_493\Debug\freesoc.a(USBUART_cdc.o)
                0x00003260                USBUART_GetInterfaceComPort
 .text.USBUART_DispatchCDCClassRqst
                0x0000329c       0x98 .\CortexM3\ARM_GCC_493\Debug\freesoc.a(USBUART_cdc.o)
                0x0000329c                USBUART_DispatchCDCClassRqst
 .text.USBUART_CDC_Init
                0x00003334       0x98 .\CortexM3\ARM_GCC_493\Debug\freesoc.a(USBUART_cdc.o)
                0x00003334                USBUART_CDC_Init
 .text.USBUART_PutString
                0x000033cc       0x9c .\CortexM3\ARM_GCC_493\Debug\freesoc.a(USBUART_cdc.o)
                0x000033cc                USBUART_PutString
 .text.USBUART_CDCIsReady
                0x00003468       0x18 .\CortexM3\ARM_GCC_493\Debug\freesoc.a(USBUART_cdc.o)
                0x00003468                USBUART_CDCIsReady
 .text.USBUART_Cdc_EpInit
                0x00003480       0x50 .\CortexM3\ARM_GCC_493\Debug\freesoc.a(USBUART_cdc.o)
                0x00003480                USBUART_Cdc_EpInit
 .text.USBUART_LoadEP0
                0x000034d0       0x94 .\CortexM3\ARM_GCC_493\Debug\freesoc.a(USBUART_drv.o)
                0x000034d0                USBUART_LoadEP0
 .text.USBUART_InitZeroLengthControlTransfer
                0x00003564       0x34 .\CortexM3\ARM_GCC_493\Debug\freesoc.a(USBUART_drv.o)
                0x00003564                USBUART_InitZeroLengthControlTransfer
 .text.USBUART_ControlReadDataStage
                0x00003598        0x8 .\CortexM3\ARM_GCC_493\Debug\freesoc.a(USBUART_drv.o)
                0x00003598                USBUART_ControlReadDataStage
 .text.USBUART_ControlWriteDataStage
                0x000035a0       0x80 .\CortexM3\ARM_GCC_493\Debug\freesoc.a(USBUART_drv.o)
                0x000035a0                USBUART_ControlWriteDataStage
 .text.USBUART_InitNoDataControlTransfer
                0x00003620       0x2c .\CortexM3\ARM_GCC_493\Debug\freesoc.a(USBUART_drv.o)
                0x00003620                USBUART_InitNoDataControlTransfer
 .text.USBUART_UpdateStatusBlock
                0x0000364c       0x24 .\CortexM3\ARM_GCC_493\Debug\freesoc.a(USBUART_drv.o)
                0x0000364c                USBUART_UpdateStatusBlock
 .text.USBUART_HandleSetup
                0x00003670       0x5c .\CortexM3\ARM_GCC_493\Debug\freesoc.a(USBUART_drv.o)
                0x00003670                USBUART_HandleSetup
 .text.USBUART_ControlReadStatusStage
                0x000036cc       0x34 .\CortexM3\ARM_GCC_493\Debug\freesoc.a(USBUART_drv.o)
                0x000036cc                USBUART_ControlReadStatusStage
 .text.USBUART_HandleOUT
                0x00003700       0x38 .\CortexM3\ARM_GCC_493\Debug\freesoc.a(USBUART_drv.o)
                0x00003700                USBUART_HandleOUT
 .text.USBUART_ControlWriteStatusStage
                0x00003738       0x20 .\CortexM3\ARM_GCC_493\Debug\freesoc.a(USBUART_drv.o)
                0x00003738                USBUART_ControlWriteStatusStage
 .text.USBUART_NoDataControlStatusStage
                0x00003758       0x40 .\CortexM3\ARM_GCC_493\Debug\freesoc.a(USBUART_drv.o)
                0x00003758                USBUART_NoDataControlStatusStage
 .text.USBUART_HandleIN
                0x00003798       0x2c .\CortexM3\ARM_GCC_493\Debug\freesoc.a(USBUART_drv.o)
                0x00003798                USBUART_HandleIN
 .text.USBUART_EP_0_ISR
                0x000037c4       0xb8 .\CortexM3\ARM_GCC_493\Debug\freesoc.a(USBUART_drv.o)
                0x000037c4                USBUART_EP_0_ISR
 .text.USBUART_InitializeStatusBlock
                0x0000387c       0x24 .\CortexM3\ARM_GCC_493\Debug\freesoc.a(USBUART_drv.o)
                0x0000387c                USBUART_InitializeStatusBlock
 .text.USBUART_InitControlRead
                0x000038a0       0x50 .\CortexM3\ARM_GCC_493\Debug\freesoc.a(USBUART_drv.o)
                0x000038a0                USBUART_InitControlRead
 .text.USBUART_InitControlWrite
                0x000038f0       0x48 .\CortexM3\ARM_GCC_493\Debug\freesoc.a(USBUART_drv.o)
                0x000038f0                USBUART_InitControlWrite
 .text.USBUART_EP_1_ISR
                0x00003938       0x38 .\CortexM3\ARM_GCC_493\Debug\freesoc.a(USBUART_episr.o)
                0x00003938                USBUART_EP_1_ISR
 .text.USBUART_EP_2_ISR
                0x00003970       0x3c .\CortexM3\ARM_GCC_493\Debug\freesoc.a(USBUART_episr.o)
                0x00003970                USBUART_EP_2_ISR
 .text.USBUART_EP_3_ISR
                0x000039ac       0x44 .\CortexM3\ARM_GCC_493\Debug\freesoc.a(USBUART_episr.o)
                0x000039ac                USBUART_EP_3_ISR
 .text.USBUART_SOF_ISR
                0x000039f0        0x4 .\CortexM3\ARM_GCC_493\Debug\freesoc.a(USBUART_episr.o)
                0x000039f0                USBUART_SOF_ISR
 .text.USBUART_BUS_RESET_ISR
                0x000039f4        0x8 .\CortexM3\ARM_GCC_493\Debug\freesoc.a(USBUART_episr.o)
                0x000039f4                USBUART_BUS_RESET_ISR
 .text.USBUART_FindHidClassDecriptor
                0x000039fc       0x40 .\CortexM3\ARM_GCC_493\Debug\freesoc.a(USBUART_hid.o)
                0x000039fc                USBUART_FindHidClassDecriptor
 .text.USBUART_FindReportDescriptor
                0x00003a3c       0x48 .\CortexM3\ARM_GCC_493\Debug\freesoc.a(USBUART_hid.o)
                0x00003a3c                USBUART_FindReportDescriptor
 .text.USBUART_FindReport
                0x00003a84       0x7c .\CortexM3\ARM_GCC_493\Debug\freesoc.a(USBUART_hid.o)
                0x00003a84                USBUART_FindReport
 .text.USBUART_DispatchHIDClassRqst
                0x00003b00      0x184 .\CortexM3\ARM_GCC_493\Debug\freesoc.a(USBUART_hid.o)
                0x00003b00                USBUART_DispatchHIDClassRqst
 .text.USBUART_DP_ISR
                0x00003c84        0x8 .\CortexM3\ARM_GCC_493\Debug\freesoc.a(USBUART_pm.o)
                0x00003c84                USBUART_DP_ISR
 .text.USBUART_ReadDieID
                0x00003c8c       0x6c .\CortexM3\ARM_GCC_493\Debug\freesoc.a(USBUART_std.o)
                0x00003c8c                USBUART_ReadDieID
 .text.USBUART_ConfigReg
                0x00003cf8       0xa4 .\CortexM3\ARM_GCC_493\Debug\freesoc.a(USBUART_std.o)
                0x00003cf8                USBUART_ConfigReg
 .text.USBUART_GetConfigTablePtr
                0x00003d9c       0x28 .\CortexM3\ARM_GCC_493\Debug\freesoc.a(USBUART_std.o)
                0x00003d9c                USBUART_GetConfigTablePtr
 .text.USBUART_ConfigAltChanged
                0x00003dc4      0x11c .\CortexM3\ARM_GCC_493\Debug\freesoc.a(USBUART_std.o)
                0x00003dc4                USBUART_ConfigAltChanged
 .text.USBUART_GetDeviceTablePtr
                0x00003ee0       0x18 .\CortexM3\ARM_GCC_493\Debug\freesoc.a(USBUART_std.o)
                0x00003ee0                USBUART_GetDeviceTablePtr
 .text.USBUART_GetInterfaceClassTablePtr
                0x00003ef8       0x24 .\CortexM3\ARM_GCC_493\Debug\freesoc.a(USBUART_std.o)
                0x00003ef8                USBUART_GetInterfaceClassTablePtr
 .text.USBUART_Config
                0x00003f1c      0x1dc .\CortexM3\ARM_GCC_493\Debug\freesoc.a(USBUART_std.o)
                0x00003f1c                USBUART_Config
 .text.USBUART_SetEndpointHalt
                0x000040f8       0x64 .\CortexM3\ARM_GCC_493\Debug\freesoc.a(USBUART_std.o)
                0x000040f8                USBUART_SetEndpointHalt
 .text.USBUART_ClearEndpointHalt
                0x0000415c       0xa8 .\CortexM3\ARM_GCC_493\Debug\freesoc.a(USBUART_std.o)
                0x0000415c                USBUART_ClearEndpointHalt
 .text.USBUART_ValidateAlternateSetting
                0x00004204       0x4c .\CortexM3\ARM_GCC_493\Debug\freesoc.a(USBUART_std.o)
                0x00004204                USBUART_ValidateAlternateSetting
 .text.USBUART_HandleStandardRqst
                0x00004250      0x35c .\CortexM3\ARM_GCC_493\Debug\freesoc.a(USBUART_std.o)
                0x00004250                USBUART_HandleStandardRqst
 .text.USBUART_HandleVendorRqst
                0x000045ac       0x3c .\CortexM3\ARM_GCC_493\Debug\freesoc.a(USBUART_vnd.o)
                0x000045ac                USBUART_HandleVendorRqst
 .text.USBUART_Dp_ClearInterrupt
                0x000045e8       0x10 .\CortexM3\ARM_GCC_493\Debug\freesoc.a(USBUART_Dp.o)
                0x000045e8                USBUART_Dp_ClearInterrupt
 .text.CyFlashGetSpcAlgorithm
                0x000045f8       0x4c .\CortexM3\ARM_GCC_493\Debug\freesoc.a(CyFlash.o)
 .text.CySetTempInt
                0x00004644       0x60 .\CortexM3\ARM_GCC_493\Debug\freesoc.a(CyFlash.o)
 .text.CySetTemp
                0x000046a4       0x14 .\CortexM3\ARM_GCC_493\Debug\freesoc.a(CyFlash.o)
                0x000046a4                CySetTemp
 .text.CyEEPROM_Start
                0x000046b8       0x54 .\CortexM3\ARM_GCC_493\Debug\freesoc.a(CyFlash.o)
                0x000046b8                CyEEPROM_Start
 .text.CySpcStart
                0x0000470c       0x24 .\CortexM3\ARM_GCC_493\Debug\freesoc.a(CySpc.o)
                0x0000470c                CySpcStart
 .text.CySpcReadData
                0x00004730       0x34 .\CortexM3\ARM_GCC_493\Debug\freesoc.a(CySpc.o)
                0x00004730                CySpcReadData
 .text.CySpcLoadMultiByte
                0x00004764       0x78 .\CortexM3\ARM_GCC_493\Debug\freesoc.a(CySpc.o)
                0x00004764                CySpcLoadMultiByte
 .text.CySpcLoadRow
                0x000047dc       0x54 .\CortexM3\ARM_GCC_493\Debug\freesoc.a(CySpc.o)
                0x000047dc                CySpcLoadRow
 .text.CySpcWriteRow
                0x00004830       0x4c .\CortexM3\ARM_GCC_493\Debug\freesoc.a(CySpc.o)
                0x00004830                CySpcWriteRow
 .text.CySpcGetTemp
                0x0000487c       0x3c .\CortexM3\ARM_GCC_493\Debug\freesoc.a(CySpc.o)
                0x0000487c                CySpcGetTemp
 .text.CySpcLock
                0x000048b8       0x4c .\CortexM3\ARM_GCC_493\Debug\freesoc.a(CySpc.o)
                0x000048b8                CySpcLock
 .text.CySpcUnlock
                0x00004904       0x38 .\CortexM3\ARM_GCC_493\Debug\freesoc.a(CySpc.o)
                0x00004904                CySpcUnlock
 .text.CySpcGetAlgorithm
                0x0000493c       0x28 .\CortexM3\ARM_GCC_493\Debug\freesoc.a(CySpc.o)
                0x0000493c                CySpcGetAlgorithm
 .text.USBUART_DispatchClassRqst
                0x00004964       0x60 .\CortexM3\ARM_GCC_493\Debug\freesoc.a(USBUART_cls.o)
                0x00004964                USBUART_DispatchClassRqst
 .text.cos      0x000049c4       0x90 c:/program files (x86)/cypress/psoc creator/3.3/psoc creator/import/gnu/arm/4.9.3/bin/../lib/gcc/arm-none-eabi/4.9.3/../../../../arm-none-eabi/lib/armv7-m\libm.a(lib_a-s_cos.o)
                0x000049c4                cos
 .text.sin      0x00004a54       0x94 c:/program files (x86)/cypress/psoc creator/3.3/psoc creator/import/gnu/arm/4.9.3/bin/../lib/gcc/arm-none-eabi/4.9.3/../../../../arm-none-eabi/lib/armv7-m\libm.a(lib_a-s_sin.o)
                0x00004a54                sin
 .text.pow      0x00004ae8      0x2f0 c:/program files (x86)/cypress/psoc creator/3.3/psoc creator/import/gnu/arm/4.9.3/bin/../lib/gcc/arm-none-eabi/4.9.3/../../../../arm-none-eabi/lib/armv7-m\libm.a(lib_a-w_pow.o)
                0x00004ae8                pow
 .text.__ieee754_pow
                0x00004dd8      0xaa0 c:/program files (x86)/cypress/psoc creator/3.3/psoc creator/import/gnu/arm/4.9.3/bin/../lib/gcc/arm-none-eabi/4.9.3/../../../../arm-none-eabi/lib/armv7-m\libm.a(lib_a-e_pow.o)
                0x00004dd8                __ieee754_pow
 .text.__ieee754_rem_pio2
                0x00005878      0x428 c:/program files (x86)/cypress/psoc creator/3.3/psoc creator/import/gnu/arm/4.9.3/bin/../lib/gcc/arm-none-eabi/4.9.3/../../../../arm-none-eabi/lib/armv7-m\libm.a(lib_a-e_rem_pio2.o)
                0x00005878                __ieee754_rem_pio2
 .text.__ieee754_sqrt
                0x00005ca0      0x18c c:/program files (x86)/cypress/psoc creator/3.3/psoc creator/import/gnu/arm/4.9.3/bin/../lib/gcc/arm-none-eabi/4.9.3/../../../../arm-none-eabi/lib/armv7-m\libm.a(lib_a-e_sqrt.o)
                0x00005ca0                __ieee754_sqrt
 *fill*         0x00005e2c        0x4 
 .text.__kernel_cos
                0x00005e30      0x248 c:/program files (x86)/cypress/psoc creator/3.3/psoc creator/import/gnu/arm/4.9.3/bin/../lib/gcc/arm-none-eabi/4.9.3/../../../../arm-none-eabi/lib/armv7-m\libm.a(lib_a-k_cos.o)
                0x00005e30                __kernel_cos
 .text.__kernel_rem_pio2
                0x00006078      0x808 c:/program files (x86)/cypress/psoc creator/3.3/psoc creator/import/gnu/arm/4.9.3/bin/../lib/gcc/arm-none-eabi/4.9.3/../../../../arm-none-eabi/lib/armv7-m\libm.a(lib_a-k_rem_pio2.o)
                0x00006078                __kernel_rem_pio2
 .text.__kernel_sin
                0x00006880      0x170 c:/program files (x86)/cypress/psoc creator/3.3/psoc creator/import/gnu/arm/4.9.3/bin/../lib/gcc/arm-none-eabi/4.9.3/../../../../arm-none-eabi/lib/armv7-m\libm.a(lib_a-k_sin.o)
                0x00006880                __kernel_sin
 .text.fabs     0x000069f0        0x8 c:/program files (x86)/cypress/psoc creator/3.3/psoc creator/import/gnu/arm/4.9.3/bin/../lib/gcc/arm-none-eabi/4.9.3/../../../../arm-none-eabi/lib/armv7-m\libm.a(lib_a-s_fabs.o)
                0x000069f0                fabs
 .text.finite   0x000069f8        0xc c:/program files (x86)/cypress/psoc creator/3.3/psoc creator/import/gnu/arm/4.9.3/bin/../lib/gcc/arm-none-eabi/4.9.3/../../../../arm-none-eabi/lib/armv7-m\libm.a(lib_a-s_finite.o)
                0x000069f8                finite
 *fill*         0x00006a04        0x4 
 .text.floor    0x00006a08      0x118 c:/program files (x86)/cypress/psoc creator/3.3/psoc creator/import/gnu/arm/4.9.3/bin/../lib/gcc/arm-none-eabi/4.9.3/../../../../arm-none-eabi/lib/armv7-m\libm.a(lib_a-s_floor.o)
                0x00006a08                floor
 .text.__fpclassifyd
                0x00006b20       0x58 c:/program files (x86)/cypress/psoc creator/3.3/psoc creator/import/gnu/arm/4.9.3/bin/../lib/gcc/arm-none-eabi/4.9.3/../../../../arm-none-eabi/lib/armv7-m\libm.a(lib_a-s_fpclassify.o)
                0x00006b20                __fpclassifyd
 .text.matherr  0x00006b78        0x4 c:/program files (x86)/cypress/psoc creator/3.3/psoc creator/import/gnu/arm/4.9.3/bin/../lib/gcc/arm-none-eabi/4.9.3/../../../../arm-none-eabi/lib/armv7-m\libm.a(lib_a-s_matherr.o)
                0x00006b78                matherr
 .text.nan      0x00006b7c        0xc c:/program files (x86)/cypress/psoc creator/3.3/psoc creator/import/gnu/arm/4.9.3/bin/../lib/gcc/arm-none-eabi/4.9.3/../../../../arm-none-eabi/lib/armv7-m\libm.a(lib_a-s_nan.o)
                0x00006b7c                nan
 .text.rint     0x00006b88      0x11c c:/program files (x86)/cypress/psoc creator/3.3/psoc creator/import/gnu/arm/4.9.3/bin/../lib/gcc/arm-none-eabi/4.9.3/../../../../arm-none-eabi/lib/armv7-m\libm.a(lib_a-s_rint.o)
                0x00006b88                rint
 *fill*         0x00006ca4        0x4 
 .text.scalbn   0x00006ca8       0xf0 c:/program files (x86)/cypress/psoc creator/3.3/psoc creator/import/gnu/arm/4.9.3/bin/../lib/gcc/arm-none-eabi/4.9.3/../../../../arm-none-eabi/lib/armv7-m\libm.a(lib_a-s_scalbn.o)
                0x00006ca8                scalbn
 .text.copysign
                0x00006d98       0x10 c:/program files (x86)/cypress/psoc creator/3.3/psoc creator/import/gnu/arm/4.9.3/bin/../lib/gcc/arm-none-eabi/4.9.3/../../../../arm-none-eabi/lib/armv7-m\libm.a(lib_a-s_copysign.o)
                0x00006d98                copysign
 .text          0x00006da8      0x370 c:/program files (x86)/cypress/psoc creator/3.3/psoc creator/import/gnu/arm/4.9.3/bin/../lib/gcc/arm-none-eabi/4.9.3/armv7-m\libgcc.a(_arm_addsubdf3.o)
                0x00006da8                __aeabi_drsub
                0x00006db0                __aeabi_dsub
                0x00006db0                __subdf3
                0x00006db4                __aeabi_dadd
                0x00006db4                __adddf3
                0x0000702c                __floatunsidf
                0x0000702c                __aeabi_ui2d
                0x0000704c                __floatsidf
                0x0000704c                __aeabi_i2d
                0x00007070                __aeabi_f2d
                0x00007070                __extendsfdf2
                0x000070ac                __floatundidf
                0x000070ac                __aeabi_ul2d
                0x000070bc                __floatdidf
                0x000070bc                __aeabi_l2d
 .text          0x00007118      0x424 c:/program files (x86)/cypress/psoc creator/3.3/psoc creator/import/gnu/arm/4.9.3/bin/../lib/gcc/arm-none-eabi/4.9.3/armv7-m\libgcc.a(_arm_muldivdf3.o)
                0x00007118                __aeabi_dmul
                0x00007118                __muldf3
                0x0000736c                __divdf3
                0x0000736c                __aeabi_ddiv
 .text          0x0000753c      0x110 c:/program files (x86)/cypress/psoc creator/3.3/psoc creator/import/gnu/arm/4.9.3/bin/../lib/gcc/arm-none-eabi/4.9.3/armv7-m\libgcc.a(_arm_cmpdf2.o)
                0x0000753c                __gtdf2
                0x0000753c                __gedf2
                0x00007544                __ltdf2
                0x00007544                __ledf2
                0x0000754c                __nedf2
                0x0000754c                __eqdf2
                0x0000754c                __cmpdf2
                0x000075c8                __aeabi_cdrcmple
                0x000075d8                __aeabi_cdcmpeq
                0x000075d8                __aeabi_cdcmple
                0x000075e8                __aeabi_dcmpeq
                0x000075fc                __aeabi_dcmplt
                0x00007610                __aeabi_dcmple
                0x00007624                __aeabi_dcmpge
                0x00007638                __aeabi_dcmpgt
 .text          0x0000764c       0x50 c:/program files (x86)/cypress/psoc creator/3.3/psoc creator/import/gnu/arm/4.9.3/bin/../lib/gcc/arm-none-eabi/4.9.3/armv7-m\libgcc.a(_arm_fixdfsi.o)
                0x0000764c                __aeabi_d2iz
                0x0000764c                __fixdfsi
 .text          0x0000769c       0x40 c:/program files (x86)/cypress/psoc creator/3.3/psoc creator/import/gnu/arm/4.9.3/bin/../lib/gcc/arm-none-eabi/4.9.3/armv7-m\libgcc.a(_arm_fixunsdfsi.o)
                0x0000769c                __aeabi_d2uiz
                0x0000769c                __fixunsdfsi
 .text          0x000076dc       0xa0 c:/program files (x86)/cypress/psoc creator/3.3/psoc creator/import/gnu/arm/4.9.3/bin/../lib/gcc/arm-none-eabi/4.9.3/armv7-m\libgcc.a(_arm_truncdfsf2.o)
                0x000076dc                __truncdfsf2
                0x000076dc                __aeabi_d2f
 .text          0x0000777c      0x21c c:/program files (x86)/cypress/psoc creator/3.3/psoc creator/import/gnu/arm/4.9.3/bin/../lib/gcc/arm-none-eabi/4.9.3/armv7-m\libgcc.a(_arm_addsubsf3.o)
                0x0000777c                __aeabi_frsub
                0x00007784                __subsf3
                0x00007784                __aeabi_fsub
                0x00007788                __aeabi_fadd
                0x00007788                __addsf3
                0x000078e8                __aeabi_ui2f
                0x000078e8                __floatunsisf
                0x000078f0                __aeabi_i2f
                0x000078f0                __floatsisf
                0x0000790c                __aeabi_ul2f
                0x0000790c                __floatundisf
                0x0000791c                __aeabi_l2f
                0x0000791c                __floatdisf
 .text          0x00007998      0x2a0 c:/program files (x86)/cypress/psoc creator/3.3/psoc creator/import/gnu/arm/4.9.3/bin/../lib/gcc/arm-none-eabi/4.9.3/armv7-m\libgcc.a(_arm_muldivsf3.o)
                0x00007998                __mulsf3
                0x00007998                __aeabi_fmul
                0x00007b00                __aeabi_fdiv
                0x00007b00                __divsf3
 .text          0x00007c38       0xec c:/program files (x86)/cypress/psoc creator/3.3/psoc creator/import/gnu/arm/4.9.3/bin/../lib/gcc/arm-none-eabi/4.9.3/armv7-m\libgcc.a(_arm_cmpsf2.o)
                0x00007c38                __gesf2
                0x00007c38                __gtsf2
                0x00007c40                __lesf2
                0x00007c40                __ltsf2
                0x00007c48                __nesf2
                0x00007c48                __eqsf2
                0x00007c48                __cmpsf2
                0x00007ca8                __aeabi_cfrcmple
                0x00007cb0                __aeabi_cfcmpeq
                0x00007cb0                __aeabi_cfcmple
                0x00007cc0                __aeabi_fcmpeq
                0x00007cd4                __aeabi_fcmplt
                0x00007ce8                __aeabi_fcmple
                0x00007cfc                __aeabi_fcmpge
                0x00007d10                __aeabi_fcmpgt
 .text          0x00007d24       0x4c c:/program files (x86)/cypress/psoc creator/3.3/psoc creator/import/gnu/arm/4.9.3/bin/../lib/gcc/arm-none-eabi/4.9.3/armv7-m\libgcc.a(_arm_fixsfsi.o)
                0x00007d24                __aeabi_f2iz
                0x00007d24                __fixsfsi
 .text.__errno  0x00007d70        0xc c:/program files (x86)/cypress/psoc creator/3.3/psoc creator/import/gnu/arm/4.9.3/bin/../lib/gcc/arm-none-eabi/4.9.3/../../../../arm-none-eabi/lib/armv7-m\libg_nano.a(lib_a-errno.o)
                0x00007d70                __errno
 .text.__libc_init_array
                0x00007d7c       0x4c c:/program files (x86)/cypress/psoc creator/3.3/psoc creator/import/gnu/arm/4.9.3/bin/../lib/gcc/arm-none-eabi/4.9.3/../../../../arm-none-eabi/lib/armv7-m\libg_nano.a(lib_a-init.o)
                0x00007d7c                __libc_init_array
 .text.__itoa   0x00007dc8       0x2e c:/program files (x86)/cypress/psoc creator/3.3/psoc creator/import/gnu/arm/4.9.3/bin/../lib/gcc/arm-none-eabi/4.9.3/../../../../arm-none-eabi/lib/armv7-m\libg_nano.a(lib_a-itoa.o)
                0x00007dc8                __itoa
 .text.itoa     0x00007df6        0x4 c:/program files (x86)/cypress/psoc creator/3.3/psoc creator/import/gnu/arm/4.9.3/bin/../lib/gcc/arm-none-eabi/4.9.3/../../../../arm-none-eabi/lib/armv7-m\libg_nano.a(lib_a-itoa.o)
                0x00007df6                itoa
 .text.memcpy   0x00007dfa       0x16 c:/program files (x86)/cypress/psoc creator/3.3/psoc creator/import/gnu/arm/4.9.3/bin/../lib/gcc/arm-none-eabi/4.9.3/../../../../arm-none-eabi/lib/armv7-m\libg_nano.a(lib_a-memcpy.o)
                0x00007dfa                memcpy
 .text.memset   0x00007e10       0x10 c:/program files (x86)/cypress/psoc creator/3.3/psoc creator/import/gnu/arm/4.9.3/bin/../lib/gcc/arm-none-eabi/4.9.3/../../../../arm-none-eabi/lib/armv7-m\libg_nano.a(lib_a-memset.o)
                0x00007e10                memset
 .text.__cvt    0x00007e20       0xbc c:/program files (x86)/cypress/psoc creator/3.3/psoc creator/import/gnu/arm/4.9.3/bin/../lib/gcc/arm-none-eabi/4.9.3/../../../../arm-none-eabi/lib/armv7-m\libg_nano.a(lib_a-nano-vfprintf_float.o)
                0x00007e20                __cvt
 .text.__exponent
                0x00007edc       0x62 c:/program files (x86)/cypress/psoc creator/3.3/psoc creator/import/gnu/arm/4.9.3/bin/../lib/gcc/arm-none-eabi/4.9.3/../../../../arm-none-eabi/lib/armv7-m\libg_nano.a(lib_a-nano-vfprintf_float.o)
                0x00007edc                __exponent
 *fill*         0x00007f3e        0x2 
 .text._printf_float
                0x00007f40      0x48c c:/program files (x86)/cypress/psoc creator/3.3/psoc creator/import/gnu/arm/4.9.3/bin/../lib/gcc/arm-none-eabi/4.9.3/../../../../arm-none-eabi/lib/armv7-m\libg_nano.a(lib_a-nano-vfprintf_float.o)
                0x00007f40                _printf_float
 .text._printf_common
                0x000083cc       0xea c:/program files (x86)/cypress/psoc creator/3.3/psoc creator/import/gnu/arm/4.9.3/bin/../lib/gcc/arm-none-eabi/4.9.3/../../../../arm-none-eabi/lib/armv7-m\libg_nano.a(lib_a-nano-vfprintf_i.o)
                0x000083cc                _printf_common
 *fill*         0x000084b6        0x2 
 .text._printf_i
                0x000084b8      0x240 c:/program files (x86)/cypress/psoc creator/3.3/psoc creator/import/gnu/arm/4.9.3/bin/../lib/gcc/arm-none-eabi/4.9.3/../../../../arm-none-eabi/lib/armv7-m\libg_nano.a(lib_a-nano-vfprintf_i.o)
                0x000084b8                _printf_i
 .text.snprintf
                0x000086f8       0x64 c:/program files (x86)/cypress/psoc creator/3.3/psoc creator/import/gnu/arm/4.9.3/bin/../lib/gcc/arm-none-eabi/4.9.3/../../../../arm-none-eabi/lib/armv7-m\libg_nano.a(lib_a-snprintf.o)
                0x000086f8                sniprintf
                0x000086f8                snprintf
 .text.sprintf  0x0000875c       0x48 c:/program files (x86)/cypress/psoc creator/3.3/psoc creator/import/gnu/arm/4.9.3/bin/../lib/gcc/arm-none-eabi/4.9.3/../../../../arm-none-eabi/lib/armv7-m\libg_nano.a(lib_a-sprintf.o)
                0x0000875c                siprintf
                0x0000875c                sprintf
 .text.strlen   0x000087a4       0x10 c:/program files (x86)/cypress/psoc creator/3.3/psoc creator/import/gnu/arm/4.9.3/bin/../lib/gcc/arm-none-eabi/4.9.3/../../../../arm-none-eabi/lib/armv7-m\libg_nano.a(lib_a-strlen.o)
                0x000087a4                strlen
 .text.__utoa   0x000087b4       0x78 c:/program files (x86)/cypress/psoc creator/3.3/psoc creator/import/gnu/arm/4.9.3/bin/../lib/gcc/arm-none-eabi/4.9.3/../../../../arm-none-eabi/lib/armv7-m\libg_nano.a(lib_a-utoa.o)
                0x000087b4                __utoa
 .text.quorem   0x0000882c      0x114 c:/program files (x86)/cypress/psoc creator/3.3/psoc creator/import/gnu/arm/4.9.3/bin/../lib/gcc/arm-none-eabi/4.9.3/../../../../arm-none-eabi/lib/armv7-m\libg_nano.a(lib_a-dtoa.o)
 .text._dtoa_r  0x00008940      0xb78 c:/program files (x86)/cypress/psoc creator/3.3/psoc creator/import/gnu/arm/4.9.3/bin/../lib/gcc/arm-none-eabi/4.9.3/../../../../arm-none-eabi/lib/armv7-m\libg_nano.a(lib_a-dtoa.o)
                0x00008940                _dtoa_r
 .text._localeconv_r
                0x000094b8        0x8 c:/program files (x86)/cypress/psoc creator/3.3/psoc creator/import/gnu/arm/4.9.3/bin/../lib/gcc/arm-none-eabi/4.9.3/../../../../arm-none-eabi/lib/armv7-m\libg_nano.a(lib_a-locale.o)
                0x000094b8                _localeconv_r
 .text.malloc   0x000094c0       0x10 c:/program files (x86)/cypress/psoc creator/3.3/psoc creator/import/gnu/arm/4.9.3/bin/../lib/gcc/arm-none-eabi/4.9.3/../../../../arm-none-eabi/lib/armv7-m\libg_nano.a(lib_a-malloc.o)
                0x000094c0                malloc
 .text.memchr   0x000094d0       0x1c c:/program files (x86)/cypress/psoc creator/3.3/psoc creator/import/gnu/arm/4.9.3/bin/../lib/gcc/arm-none-eabi/4.9.3/../../../../arm-none-eabi/lib/armv7-m\libg_nano.a(lib_a-memchr.o)
                0x000094d0                memchr
 .text._Balloc  0x000094ec       0x6a c:/program files (x86)/cypress/psoc creator/3.3/psoc creator/import/gnu/arm/4.9.3/bin/../lib/gcc/arm-none-eabi/4.9.3/../../../../arm-none-eabi/lib/armv7-m\libg_nano.a(lib_a-mprec.o)
                0x000094ec                _Balloc
 .text._Bfree   0x00009556       0x2e c:/program files (x86)/cypress/psoc creator/3.3/psoc creator/import/gnu/arm/4.9.3/bin/../lib/gcc/arm-none-eabi/4.9.3/../../../../arm-none-eabi/lib/armv7-m\libg_nano.a(lib_a-mprec.o)
                0x00009556                _Bfree
 .text.__multadd
                0x00009584       0x7c c:/program files (x86)/cypress/psoc creator/3.3/psoc creator/import/gnu/arm/4.9.3/bin/../lib/gcc/arm-none-eabi/4.9.3/../../../../arm-none-eabi/lib/armv7-m\libg_nano.a(lib_a-mprec.o)
                0x00009584                __multadd
 .text.__hi0bits
                0x00009600       0x40 c:/program files (x86)/cypress/psoc creator/3.3/psoc creator/import/gnu/arm/4.9.3/bin/../lib/gcc/arm-none-eabi/4.9.3/../../../../arm-none-eabi/lib/armv7-m\libg_nano.a(lib_a-mprec.o)
                0x00009600                __hi0bits
 .text.__lo0bits
                0x00009640       0x5a c:/program files (x86)/cypress/psoc creator/3.3/psoc creator/import/gnu/arm/4.9.3/bin/../lib/gcc/arm-none-eabi/4.9.3/../../../../arm-none-eabi/lib/armv7-m\libg_nano.a(lib_a-mprec.o)
                0x00009640                __lo0bits
 .text.__i2b    0x0000969a       0x12 c:/program files (x86)/cypress/psoc creator/3.3/psoc creator/import/gnu/arm/4.9.3/bin/../lib/gcc/arm-none-eabi/4.9.3/../../../../arm-none-eabi/lib/armv7-m\libg_nano.a(lib_a-mprec.o)
                0x0000969a                __i2b
 .text.__multiply
                0x000096ac      0x120 c:/program files (x86)/cypress/psoc creator/3.3/psoc creator/import/gnu/arm/4.9.3/bin/../lib/gcc/arm-none-eabi/4.9.3/../../../../arm-none-eabi/lib/armv7-m\libg_nano.a(lib_a-mprec.o)
                0x000096ac                __multiply
 .text.__pow5mult
                0x000097cc       0x9c c:/program files (x86)/cypress/psoc creator/3.3/psoc creator/import/gnu/arm/4.9.3/bin/../lib/gcc/arm-none-eabi/4.9.3/../../../../arm-none-eabi/lib/armv7-m\libg_nano.a(lib_a-mprec.o)
                0x000097cc                __pow5mult
 .text.__lshift
                0x00009868       0xa6 c:/program files (x86)/cypress/psoc creator/3.3/psoc creator/import/gnu/arm/4.9.3/bin/../lib/gcc/arm-none-eabi/4.9.3/../../../../arm-none-eabi/lib/armv7-m\libg_nano.a(lib_a-mprec.o)
                0x00009868                __lshift
 .text.__mcmp   0x0000990e       0x38 c:/program files (x86)/cypress/psoc creator/3.3/psoc creator/import/gnu/arm/4.9.3/bin/../lib/gcc/arm-none-eabi/4.9.3/../../../../arm-none-eabi/lib/armv7-m\libg_nano.a(lib_a-mprec.o)
                0x0000990e                __mcmp
 .text.__mdiff  0x00009946       0xbe c:/program files (x86)/cypress/psoc creator/3.3/psoc creator/import/gnu/arm/4.9.3/bin/../lib/gcc/arm-none-eabi/4.9.3/../../../../arm-none-eabi/lib/armv7-m\libg_nano.a(lib_a-mprec.o)
                0x00009946                __mdiff
 .text.__d2b    0x00009a04       0xa4 c:/program files (x86)/cypress/psoc creator/3.3/psoc creator/import/gnu/arm/4.9.3/bin/../lib/gcc/arm-none-eabi/4.9.3/../../../../arm-none-eabi/lib/armv7-m\libg_nano.a(lib_a-mprec.o)
                0x00009a04                __d2b
 .text._calloc_r
                0x00009aa8       0x1c c:/program files (x86)/cypress/psoc creator/3.3/psoc creator/import/gnu/arm/4.9.3/bin/../lib/gcc/arm-none-eabi/4.9.3/../../../../arm-none-eabi/lib/armv7-m\libg_nano.a(lib_a-nano-callocr.o)
                0x00009aa8                _calloc_r
 .text._free_r  0x00009ac4       0x88 c:/program files (x86)/cypress/psoc creator/3.3/psoc creator/import/gnu/arm/4.9.3/bin/../lib/gcc/arm-none-eabi/4.9.3/../../../../arm-none-eabi/lib/armv7-m\libg_nano.a(lib_a-nano-freer.o)
                0x00009ac4                _free_r
 .text._malloc_r
                0x00009b4c       0xac c:/program files (x86)/cypress/psoc creator/3.3/psoc creator/import/gnu/arm/4.9.3/bin/../lib/gcc/arm-none-eabi/4.9.3/../../../../arm-none-eabi/lib/armv7-m\libg_nano.a(lib_a-nano-mallocr.o)
                0x00009b4c                _malloc_r
 .text.__ssputs_r
                0x00009bf8       0xb2 c:/program files (x86)/cypress/psoc creator/3.3/psoc creator/import/gnu/arm/4.9.3/bin/../lib/gcc/arm-none-eabi/4.9.3/../../../../arm-none-eabi/lib/armv7-m\libg_nano.a(lib_a-nano-svfprintf.o)
                0x00009bf8                __ssputs_r
 *fill*         0x00009caa        0x2 
 .text._svfprintf_r
                0x00009cac      0x1e4 c:/program files (x86)/cypress/psoc creator/3.3/psoc creator/import/gnu/arm/4.9.3/bin/../lib/gcc/arm-none-eabi/4.9.3/../../../../arm-none-eabi/lib/armv7-m\libg_nano.a(lib_a-nano-svfprintf.o)
                0x00009cac                _svfiprintf_r
                0x00009cac                _svfprintf_r
 .text._sbrk_r  0x00009e90       0x20 c:/program files (x86)/cypress/psoc creator/3.3/psoc creator/import/gnu/arm/4.9.3/bin/../lib/gcc/arm-none-eabi/4.9.3/../../../../arm-none-eabi/lib/armv7-m\libg_nano.a(lib_a-sbrkr.o)
                0x00009e90                _sbrk_r
 .text.memmove  0x00009eb0       0x36 c:/program files (x86)/cypress/psoc creator/3.3/psoc creator/import/gnu/arm/4.9.3/bin/../lib/gcc/arm-none-eabi/4.9.3/../../../../arm-none-eabi/lib/armv7-m\libg_nano.a(lib_a-memmove.o)
                0x00009eb0                memmove
 .text._realloc_r
                0x00009ee6       0x4c c:/program files (x86)/cypress/psoc creator/3.3/psoc creator/import/gnu/arm/4.9.3/bin/../lib/gcc/arm-none-eabi/4.9.3/../../../../arm-none-eabi/lib/armv7-m\libg_nano.a(lib_a-nano-reallocr.o)
                0x00009ee6                _realloc_r
 .text._malloc_usable_size_r
                0x00009f32       0x14 c:/program files (x86)/cypress/psoc creator/3.3/psoc creator/import/gnu/arm/4.9.3/bin/../lib/gcc/arm-none-eabi/4.9.3/../../../../arm-none-eabi/lib/armv7-m\libg_nano.a(lib_a-nano-msizer.o)
                0x00009f32                _malloc_usable_size_r
 *(.plt)
 *(.gnu.warning)
 *(.glue_7t)
 .glue_7t       0x00000000        0x0 linker stubs
 *(.glue_7)
 .glue_7        0x00000000        0x0 linker stubs
 *(.vfp11_veneer)
 .vfp11_veneer  0x00000000        0x0 linker stubs
 *(.bootloader)
 *(.ARM.extab* .gnu.linkonce.armextab.*)
 *(.gcc_except_table)

.v4_bx          0x00009f48        0x0
 .v4_bx         0x00000000        0x0 linker stubs

.iplt           0x00009f48        0x0
 .iplt          0x00000000        0x0 c:/program files (x86)/cypress/psoc creator/3.3/psoc creator/import/gnu/arm/4.9.3/bin/../lib/gcc/arm-none-eabi/4.9.3/armv7-m/crtbegin.o

.eh_frame_hdr
 *(.eh_frame_hdr)

.eh_frame       0x00009f48        0x4
 *(.eh_frame)
 .eh_frame      0x00009f48        0x0 c:/program files (x86)/cypress/psoc creator/3.3/psoc creator/import/gnu/arm/4.9.3/bin/../lib/gcc/arm-none-eabi/4.9.3/armv7-m/crtbegin.o
 .eh_frame      0x00009f48        0x0 c:/program files (x86)/cypress/psoc creator/3.3/psoc creator/import/gnu/arm/4.9.3/bin/../lib/gcc/arm-none-eabi/4.9.3/../../../../arm-none-eabi/lib/armv7-m\libg_nano.a(lib_a-strcmp.o)
                                 0x28 (size before relaxing)
 .eh_frame      0x00009f48        0x4 c:/program files (x86)/cypress/psoc creator/3.3/psoc creator/import/gnu/arm/4.9.3/bin/../lib/gcc/arm-none-eabi/4.9.3/armv7-m/crtend.o
                0x00009f4c                PROVIDE (__exidx_start, .)

.ARM.exidx
 *(.ARM.exidx* .gnu.linkonce.armexidx.*)
                0x00009f4c                __exidx_end = .

.rodata         0x00009f50      0x778
 *(.rodata .rodata.* .gnu.linkonce.r.*)
 .rodata.str1.4
                0x00009f50       0x69 .\CortexM3\ARM_GCC_493\Debug\main.o
                                 0x6c (size before relaxing)
 *fill*         0x00009fb9        0x3 
 .rodata        0x00009fbc        0x8 .\CortexM3\ARM_GCC_493\Debug\cal.o
 .rodata.str1.4
                0x00009fc4       0x4d .\CortexM3\ARM_GCC_493\Debug\cal.o
                                 0x50 (size before relaxing)
 *fill*         0x0000a011        0x3 
 .rodata.str1.4
                0x0000a014       0x80 .\CortexM3\ARM_GCC_493\Debug\motor.o
 .rodata.str1.4
                0x0000a094       0x24 .\CortexM3\ARM_GCC_493\Debug\odom.o
 .rodata.str1.4
                0x0000a0b8       0x1a .\CortexM3\ARM_GCC_493\Debug\serial.o
                                 0x1c (size before relaxing)
 *fill*         0x0000a0d2        0x2 
 .rodata        0x0000a0d4       0x38 .\CortexM3\ARM_GCC_493\Debug\freesoc.a(cyfitter_cfg.o)
 .rodata.str1.4
                0x0000a10c       0x11 .\CortexM3\ARM_GCC_493\Debug\freesoc.a(USBUART_std.o)
                                 0x14 (size before relaxing)
 *fill*         0x0000a11d        0x3 
 .rodata        0x0000a120      0x1d4 .\CortexM3\ARM_GCC_493\Debug\freesoc.a(USBUART_descr.o)
                0x0000a120                USBUART_MSOS_CONFIGURATION_DESCR
                0x0000a148                USBUART_MSOS_DESCRIPTOR
                0x0000a15c                USBUART_TABLE
                0x0000a164                USBUART_DEVICE0_TABLE
                0x0000a17c                USBUART_DEVICE0_CONFIGURATION0_TABLE
                0x0000a1a4                USBUART_DEVICE0_CONFIGURATION0_INTERFACE_CLASS
                0x0000a1a8                USBUART_DEVICE0_CONFIGURATION0_EP_SETTINGS_TABLE
                0x0000a1c0                USBUART_HIDREPORT_DESCRIPTOR1
                0x0000a1f8                USBUART_SN_STRING_DESCRIPTOR
                0x0000a1fc                USBUART_STRING_DESCRIPTORS
                0x0000a29c                USBUART_DEVICE0_CONFIGURATION0_DESCR
                0x0000a2e0                USBUART_DEVICE0_DESCR
 .rodata.str1.4
                0x0000a2f4        0x4 c:/program files (x86)/cypress/psoc creator/3.3/psoc creator/import/gnu/arm/4.9.3/bin/../lib/gcc/arm-none-eabi/4.9.3/../../../../arm-none-eabi/lib/armv7-m\libm.a(lib_a-w_pow.o)
 .rodata.dp_h   0x0000a2f8       0x10 c:/program files (x86)/cypress/psoc creator/3.3/psoc creator/import/gnu/arm/4.9.3/bin/../lib/gcc/arm-none-eabi/4.9.3/../../../../arm-none-eabi/lib/armv7-m\libm.a(lib_a-e_pow.o)
 .rodata.dp_l   0x0000a308       0x10 c:/program files (x86)/cypress/psoc creator/3.3/psoc creator/import/gnu/arm/4.9.3/bin/../lib/gcc/arm-none-eabi/4.9.3/../../../../arm-none-eabi/lib/armv7-m\libm.a(lib_a-e_pow.o)
 .rodata.bp     0x0000a318       0x10 c:/program files (x86)/cypress/psoc creator/3.3/psoc creator/import/gnu/arm/4.9.3/bin/../lib/gcc/arm-none-eabi/4.9.3/../../../../arm-none-eabi/lib/armv7-m\libm.a(lib_a-e_pow.o)
 .rodata.str1.4
                0x00000000        0x4 c:/program files (x86)/cypress/psoc creator/3.3/psoc creator/import/gnu/arm/4.9.3/bin/../lib/gcc/arm-none-eabi/4.9.3/../../../../arm-none-eabi/lib/armv7-m\libm.a(lib_a-e_pow.o)
 .rodata.npio2_hw
                0x0000a328       0x80 c:/program files (x86)/cypress/psoc creator/3.3/psoc creator/import/gnu/arm/4.9.3/bin/../lib/gcc/arm-none-eabi/4.9.3/../../../../arm-none-eabi/lib/armv7-m\libm.a(lib_a-e_rem_pio2.o)
 .rodata.two_over_pi
                0x0000a3a8      0x108 c:/program files (x86)/cypress/psoc creator/3.3/psoc creator/import/gnu/arm/4.9.3/bin/../lib/gcc/arm-none-eabi/4.9.3/../../../../arm-none-eabi/lib/armv7-m\libm.a(lib_a-e_rem_pio2.o)
 .rodata.init_jk
                0x0000a4b0       0x10 c:/program files (x86)/cypress/psoc creator/3.3/psoc creator/import/gnu/arm/4.9.3/bin/../lib/gcc/arm-none-eabi/4.9.3/../../../../arm-none-eabi/lib/armv7-m\libm.a(lib_a-k_rem_pio2.o)
 .rodata.PIo2   0x0000a4c0       0x40 c:/program files (x86)/cypress/psoc creator/3.3/psoc creator/import/gnu/arm/4.9.3/bin/../lib/gcc/arm-none-eabi/4.9.3/../../../../arm-none-eabi/lib/armv7-m\libm.a(lib_a-k_rem_pio2.o)
 .rodata.TWO52  0x0000a500       0x10 c:/program files (x86)/cypress/psoc creator/3.3/psoc creator/import/gnu/arm/4.9.3/bin/../lib/gcc/arm-none-eabi/4.9.3/../../../../arm-none-eabi/lib/armv7-m\libm.a(lib_a-s_rint.o)
 .rodata.str1.1
                0x0000a510        0x2 c:/program files (x86)/cypress/psoc creator/3.3/psoc creator/import/gnu/arm/4.9.3/bin/../lib/gcc/arm-none-eabi/4.9.3/../../../../arm-none-eabi/lib/armv7-m\libg_nano.a(lib_a-impure.o)
 .rodata.str1.1
                0x0000a512       0x12 c:/program files (x86)/cypress/psoc creator/3.3/psoc creator/import/gnu/arm/4.9.3/bin/../lib/gcc/arm-none-eabi/4.9.3/../../../../arm-none-eabi/lib/armv7-m\libg_nano.a(lib_a-nano-vfprintf_float.o)
 .rodata.str1.1
                0x0000a524       0x22 c:/program files (x86)/cypress/psoc creator/3.3/psoc creator/import/gnu/arm/4.9.3/bin/../lib/gcc/arm-none-eabi/4.9.3/../../../../arm-none-eabi/lib/armv7-m\libg_nano.a(lib_a-nano-vfprintf_i.o)
 .rodata.str1.1
                0x0000a546       0x25 c:/program files (x86)/cypress/psoc creator/3.3/psoc creator/import/gnu/arm/4.9.3/bin/../lib/gcc/arm-none-eabi/4.9.3/../../../../arm-none-eabi/lib/armv7-m\libg_nano.a(lib_a-utoa.o)
 .rodata.str1.1
                0x0000a56b        0xd c:/program files (x86)/cypress/psoc creator/3.3/psoc creator/import/gnu/arm/4.9.3/bin/../lib/gcc/arm-none-eabi/4.9.3/../../../../arm-none-eabi/lib/armv7-m\libg_nano.a(lib_a-dtoa.o)
                                  0xf (size before relaxing)
 .rodata.str1.1
                0x0000a578        0x8 c:/program files (x86)/cypress/psoc creator/3.3/psoc creator/import/gnu/arm/4.9.3/bin/../lib/gcc/arm-none-eabi/4.9.3/../../../../arm-none-eabi/lib/armv7-m\libg_nano.a(lib_a-locale.o)
                                  0xb (size before relaxing)
 .rodata.__mprec_tens
                0x0000a580       0xc8 c:/program files (x86)/cypress/psoc creator/3.3/psoc creator/import/gnu/arm/4.9.3/bin/../lib/gcc/arm-none-eabi/4.9.3/../../../../arm-none-eabi/lib/armv7-m\libg_nano.a(lib_a-mprec.o)
                0x0000a580                __mprec_tens
 .rodata.__mprec_bigtens
                0x0000a648       0x28 c:/program files (x86)/cypress/psoc creator/3.3/psoc creator/import/gnu/arm/4.9.3/bin/../lib/gcc/arm-none-eabi/4.9.3/../../../../arm-none-eabi/lib/armv7-m\libg_nano.a(lib_a-mprec.o)
                0x0000a648                __mprec_bigtens
 .rodata.p05.5308
                0x0000a670        0xc c:/program files (x86)/cypress/psoc creator/3.3/psoc creator/import/gnu/arm/4.9.3/bin/../lib/gcc/arm-none-eabi/4.9.3/../../../../arm-none-eabi/lib/armv7-m\libg_nano.a(lib_a-mprec.o)
 .rodata.str1.1
                0x0000a67c       0x11 c:/program files (x86)/cypress/psoc creator/3.3/psoc creator/import/gnu/arm/4.9.3/bin/../lib/gcc/arm-none-eabi/4.9.3/../../../../arm-none-eabi/lib/armv7-m\libg_nano.a(lib_a-nano-svfprintf.o)
                0x0000a690                . = ALIGN (0x4)
 *fill*         0x0000a68d        0x3 
 *(.init)
 .init          0x0000a690        0x4 c:/program files (x86)/cypress/psoc creator/3.3/psoc creator/import/gnu/arm/4.9.3/bin/../lib/gcc/arm-none-eabi/4.9.3/armv7-m/crti.o
                0x0000a690                _init
 .init          0x0000a694        0x8 c:/program files (x86)/cypress/psoc creator/3.3/psoc creator/import/gnu/arm/4.9.3/bin/../lib/gcc/arm-none-eabi/4.9.3/armv7-m/crtn.o
                0x0000a69c                . = ALIGN (0x4)
                0x0000a69c                __preinit_array_start = .
 *(.preinit_array)
                0x0000a69c                __preinit_array_end = .
                0x0000a69c                . = ALIGN (0x4)
                0x0000a69c                __init_array_start = .
 *(SORT(.init_array.*))
 *(.init_array)
 .init_array    0x0000a69c        0x4 c:/program files (x86)/cypress/psoc creator/3.3/psoc creator/import/gnu/arm/4.9.3/bin/../lib/gcc/arm-none-eabi/4.9.3/armv7-m/crtbegin.o
 .init_array    0x0000a6a0        0x4 .\CortexM3\ARM_GCC_493\Debug\Cm3Start.o
                0x0000a6a4                __init_array_end = .
                0x0000a6a4                . = ALIGN (0x4)
 *(.fini)
 .fini          0x0000a6a4        0x4 c:/program files (x86)/cypress/psoc creator/3.3/psoc creator/import/gnu/arm/4.9.3/bin/../lib/gcc/arm-none-eabi/4.9.3/armv7-m/crti.o
                0x0000a6a4                _fini
 .fini          0x0000a6a8        0x8 c:/program files (x86)/cypress/psoc creator/3.3/psoc creator/import/gnu/arm/4.9.3/bin/../lib/gcc/arm-none-eabi/4.9.3/armv7-m/crtn.o
                0x0000a6b0                . = ALIGN (0x4)
                0x0000a6b0                __fini_array_start = .
 *(.fini_array)
 .fini_array    0x0000a6b0        0x4 c:/program files (x86)/cypress/psoc creator/3.3/psoc creator/import/gnu/arm/4.9.3/bin/../lib/gcc/arm-none-eabi/4.9.3/armv7-m/crtbegin.o
 *(SORT(.fini_array.*))
                0x0000a6b4                __fini_array_end = .
                0x0000a6b4                . = ALIGN (0x4)
 *crtbegin.o(.ctors)
 *(EXCLUDE_FILE(*crtend.o) .ctors)
 *(SORT(.ctors.*))
 *crtend.o(.ctors)
                0x0000a6b4                . = ALIGN (0x4)
 *crtbegin.o(.dtors)
 *(EXCLUDE_FILE(*crtend.o) .dtors)
 *(SORT(.dtors.*))
 *crtend.o(.dtors)
                0x0000a6b4                . = ALIGN (0x4)
                0x0000a6b4                __cy_regions = .
                0x0000a6b4        0x4 LONG 0xa6c8 __cy_region_init_ram
                0x0000a6b8        0x4 LONG 0x1fff8108 __cy_region_start_data
                0x0000a6bc        0x4 LONG 0x738 __cy_region_init_size_ram
                0x0000a6c0        0x4 LONG 0x6b60 __cy_region_zero_size_ram
                0x0000a6c4                __cy_regions_end = .
                0x0000a6c8                . = ALIGN (0x8)
 *fill*         0x0000a6c4        0x4 
                0x0000a6c8                _etext = .

.cy_checksum_exclude
                0x0000a6c8        0x0
 *(.cy_checksum_exclude)

.ramvectors     0x1fff8000      0x100
                0x1fff8000                __cy_region_start_ram = .
 *(.ramvectors)
 .ramvectors    0x1fff8000      0x100 .\CortexM3\ARM_GCC_493\Debug\Cm3Start.o
                0x1fff8000                CyRamVectors

.noinit         0x1fff8100        0x5
 *(.noinit)
 .noinit        0x1fff8100        0x4 .\CortexM3\ARM_GCC_493\Debug\Cm3Start.o
 .noinit        0x1fff8104        0x1 .\CortexM3\ARM_GCC_493\Debug\freesoc.a(CyLib.o)
                0x1fff8104                CyResetStatus

.data           0x1fff8108      0x738 load address 0x0000a6c8
                0x1fff8108                __cy_region_start_data = .
 *(.jcr)
 .jcr           0x1fff8108        0x0 c:/program files (x86)/cypress/psoc creator/3.3/psoc creator/import/gnu/arm/4.9.3/bin/../lib/gcc/arm-none-eabi/4.9.3/armv7-m/crtbegin.o
 .jcr           0x1fff8108        0x4 c:/program files (x86)/cypress/psoc creator/3.3/psoc creator/import/gnu/arm/4.9.3/bin/../lib/gcc/arm-none-eabi/4.9.3/armv7-m/crtend.o
 *(.got.plt)
 *(.got)
 *(.shdata)
 *(.data .data.* .gnu.linkonce.d.*)
 .data          0x1fff810c      0x500 .\CortexM3\ARM_GCC_493\Debug\cal.o
 .data          0x1fff860c       0x70 .\CortexM3\ARM_GCC_493\Debug\encoder.o