Archive member included because of file (symbol)

.\CortexM3\ARM_GCC_493\Debug\freesoc.a(cyfitter_cfg.o)
                              .\CortexM3\ARM_GCC_493\Debug\infrared.o (Front_AMuxSeq_DisconnectAll)
.\CortexM3\ARM_GCC_493\Debug\freesoc.a(Left_HB25_Enable_Pin.o)
                              .\CortexM3\ARM_GCC_493\Debug\motor.o (Left_HB25_Enable_Pin_Write)
.\CortexM3\ARM_GCC_493\Debug\freesoc.a(Left_HB25_PWM.o)
                              .\CortexM3\ARM_GCC_493\Debug\motor.o (Left_HB25_PWM_Stop)
.\CortexM3\ARM_GCC_493\Debug\freesoc.a(Right_HB25_Enable_Pin.o)
                              .\CortexM3\ARM_GCC_493\Debug\motor.o (Right_HB25_Enable_Pin_Write)
.\CortexM3\ARM_GCC_493\Debug\freesoc.a(Right_HB25_PWM.o)
                              .\CortexM3\ARM_GCC_493\Debug\motor.o (Right_HB25_PWM_Stop)
.\CortexM3\ARM_GCC_493\Debug\freesoc.a(CyBootAsmGnu.o)
                              .\CortexM3\ARM_GCC_493\Debug\freesoc.a(cyfitter_cfg.o) (CyDelayCycles)
.\CortexM3\ARM_GCC_493\Debug\freesoc.a(CyLib.o)
                              .\CortexM3\ARM_GCC_493\Debug\Cm3Start.o (CyHalt)
.\CortexM3\ARM_GCC_493\Debug\freesoc.a(cyPm.o)
                              .\CortexM3\ARM_GCC_493\Debug\freesoc.a(CyLib.o) (CyPmReadStatus)
.\CortexM3\ARM_GCC_493\Debug\freesoc.a(EZI2C_Slave.o)
                              .\CortexM3\ARM_GCC_493\Debug\i2c.o (EZI2C_Slave_Start)
.\CortexM3\ARM_GCC_493\Debug\freesoc.a(EZI2C_Slave_PM.o)
                              .\CortexM3\ARM_GCC_493\Debug\freesoc.a(EZI2C_Slave.o) (EZI2C_Slave_backup)
.\CortexM3\ARM_GCC_493\Debug\freesoc.a(EZI2C_Slave_INT.o)
                              .\CortexM3\ARM_GCC_493\Debug\freesoc.a(EZI2C_Slave.o) (EZI2C_Slave_ISR)
.\CortexM3\ARM_GCC_493\Debug\freesoc.a(Front_Echo_Intr.o)
                              .\CortexM3\ARM_GCC_493\Debug\ultrasonic.o (Front_Echo_Intr_StartEx)
.\CortexM3\ARM_GCC_493\Debug\freesoc.a(Front_Trigger_Reg.o)
                              .\CortexM3\ARM_GCC_493\Debug\ultrasonic.o (Front_Trigger_Reg_Write)
.\CortexM3\ARM_GCC_493\Debug\freesoc.a(Front_Trigger_Select_Reg.o)
                              .\CortexM3\ARM_GCC_493\Debug\ultrasonic.o (Front_Trigger_Select_Reg_Write)
.\CortexM3\ARM_GCC_493\Debug\freesoc.a(Front_Echo_Timer.o)
                              .\CortexM3\ARM_GCC_493\Debug\ultrasonic.o (Front_Echo_Timer_ReadCounter)
.\CortexM3\ARM_GCC_493\Debug\freesoc.a(Rear_Trigger_Reg.o)
                              .\CortexM3\ARM_GCC_493\Debug\ultrasonic.o (Rear_Trigger_Reg_Write)
.\CortexM3\ARM_GCC_493\Debug\freesoc.a(Rear_Trigger_Select_Reg.o)
                              .\CortexM3\ARM_GCC_493\Debug\ultrasonic.o (Rear_Trigger_Select_Reg_Write)
.\CortexM3\ARM_GCC_493\Debug\freesoc.a(Rear_Echo_Intr.o)
                              .\CortexM3\ARM_GCC_493\Debug\ultrasonic.o (Rear_Echo_Intr_StartEx)
.\CortexM3\ARM_GCC_493\Debug\freesoc.a(Rear_Echo_Timer.o)
                              .\CortexM3\ARM_GCC_493\Debug\ultrasonic.o (Rear_Echo_Timer_ReadCounter)
.\CortexM3\ARM_GCC_493\Debug\freesoc.a(Front_ADC_SAR.o)
                              .\CortexM3\ARM_GCC_493\Debug\infrared.o (Front_ADC_SAR_Start)
.\CortexM3\ARM_GCC_493\Debug\freesoc.a(Front_ADC_SAR_INT.o)
                              .\CortexM3\ARM_GCC_493\Debug\freesoc.a(Front_ADC_SAR.o) (Front_ADC_SAR_ISR)
.\CortexM3\ARM_GCC_493\Debug\freesoc.a(Front_AMuxSeq.o)
                              .\CortexM3\ARM_GCC_493\Debug\infrared.o (Front_AMuxSeq_Start)
.\CortexM3\ARM_GCC_493\Debug\freesoc.a(Rear_ADC_SAR.o)
                              .\CortexM3\ARM_GCC_493\Debug\infrared.o (Rear_ADC_SAR_Start)
.\CortexM3\ARM_GCC_493\Debug\freesoc.a(Rear_ADC_SAR_INT.o)
                              .\CortexM3\ARM_GCC_493\Debug\freesoc.a(Rear_ADC_SAR.o) (Rear_ADC_SAR_ISR)
.\CortexM3\ARM_GCC_493\Debug\freesoc.a(Rear_AMuxSeq.o)
                              .\CortexM3\ARM_GCC_493\Debug\infrared.o (Rear_AMuxSeq_Start)
.\CortexM3\ARM_GCC_493\Debug\freesoc.a(Front_ADC_SAR_IRQ.o)
                              .\CortexM3\ARM_GCC_493\Debug\infrared.o (Front_ADC_SAR_IRQ_StartEx)
.\CortexM3\ARM_GCC_493\Debug\freesoc.a(Front_ADC_SAR_theACLK.o)
                              .\CortexM3\ARM_GCC_493\Debug\freesoc.a(Front_ADC_SAR.o) (Front_ADC_SAR_theACLK_SetModeRegister)
.\CortexM3\ARM_GCC_493\Debug\freesoc.a(Rear_ADC_SAR_IRQ.o)
                              .\CortexM3\ARM_GCC_493\Debug\infrared.o (Rear_ADC_SAR_IRQ_StartEx)
.\CortexM3\ARM_GCC_493\Debug\freesoc.a(Rear_ADC_SAR_theACLK.o)
                              .\CortexM3\ARM_GCC_493\Debug\freesoc.a(Rear_ADC_SAR.o) (Rear_ADC_SAR_theACLK_SetModeRegister)
.\CortexM3\ARM_GCC_493\Debug\freesoc.a(Rear_EOS_Intr.o)
                              .\CortexM3\ARM_GCC_493\Debug\infrared.o (Rear_EOS_Intr_StartEx)
.\CortexM3\ARM_GCC_493\Debug\freesoc.a(Front_EOS_Intr.o)
                              .\CortexM3\ARM_GCC_493\Debug\infrared.o (Front_EOS_Intr_StartEx)
[...]
Memory Configuration

Name             Origin             Length             Attributes
rom              0x00000000         0x00040000         xr
ram              0x1fff8000         0x00010000         xrw
*default*        0x00000000         0xffffffff

Linker script and memory map

LOAD c:/program files (x86)/cypress/psoc creator/3.3/psoc creator/import/gnu/arm/4.9.3/bin/../lib/gcc/arm-none-eabi/4.9.3/armv7-m/crti.o
LOAD c:/program files (x86)/cypress/psoc creator/3.3/psoc creator/import/gnu/arm/4.9.3/bin/../lib/gcc/arm-none-eabi/4.9.3/armv7-m/crtbegin.o
LOAD c:/program files (x86)/cypress/psoc creator/3.3/psoc creator/import/gnu/arm/4.9.3/bin/../lib/gcc/arm-none-eabi/4.9.3/../../../../arm-none-eabi/lib/armv7-m/crt0.o
START GROUP
LOAD .\CortexM3\ARM_GCC_493\Debug\main.o
LOAD .\CortexM3\ARM_GCC_493\Debug\cal.o
LOAD .\CortexM3\ARM_GCC_493\Debug\control.o
LOAD .\CortexM3\ARM_GCC_493\Debug\debug.o
LOAD .\CortexM3\ARM_GCC_493\Debug\diag.o
LOAD .\CortexM3\ARM_GCC_493\Debug\encoder.o
LOAD .\CortexM3\ARM_GCC_493\Debug\i2c.o
LOAD .\CortexM3\ARM_GCC_493\Debug\motor.o
LOAD .\CortexM3\ARM_GCC_493\Debug\odom.o
LOAD .\CortexM3\ARM_GCC_493\Debug\pid.o
LOAD .\CortexM3\ARM_GCC_493\Debug\time.o
LOAD .\CortexM3\ARM_GCC_493\Debug\ultrasonic.o
LOAD .\CortexM3\ARM_GCC_493\Debug\utils.o
LOAD .\CortexM3\ARM_GCC_493\Debug\infrared.o
LOAD .\CortexM3\ARM_GCC_493\Debug\pid_controller.o
LOAD .\CortexM3\ARM_GCC_493\Debug\serial.o
LOAD .\CortexM3\ARM_GCC_493\Debug\cymetadata.o
LOAD .\CortexM3\ARM_GCC_493\Debug\Cm3Start.o
LOAD .\CortexM3\ARM_GCC_493\Debug\freesoc.a
LOAD C:\Program Files (x86)\Cypress\PSoC Creator\3.3\PSoC Creator\psoc\content\cycomponentlibrary\CyComponentLibrary.cylib\CortexM3\ARM_GCC_493\Debug\CyComponentLibrary.a
LOAD c:/program files (x86)/cypress/psoc creator/3.3/psoc creator/import/gnu/arm/4.9.3/bin/../lib/gcc/arm-none-eabi/4.9.3/../../../../arm-none-eabi/lib/armv7-m\libm.a
END GROUP
START GROUP
LOAD c:/program files (x86)/cypress/psoc creator/3.3/psoc creator/import/gnu/arm/4.9.3/bin/../lib/gcc/arm-none-eabi/4.9.3/armv7-m\libgcc.a
LOAD c:/program files (x86)/cypress/psoc creator/3.3/psoc creator/import/gnu/arm/4.9.3/bin/../lib/gcc/arm-none-eabi/4.9.3/../../../../arm-none-eabi/lib/armv7-m\libg_nano.a
LOAD c:/program files (x86)/cypress/psoc creator/3.3/psoc creator/import/gnu/arm/4.9.3/bin/../lib/gcc/arm-none-eabi/4.9.3/../../../../arm-none-eabi/lib/armv7-m\libc_nano.a
END GROUP
START GROUP
LOAD c:/program files (x86)/cypress/psoc creator/3.3/psoc creator/import/gnu/arm/4.9.3/bin/../lib/gcc/arm-none-eabi/4.9.3/armv7-m\libgcc.a
LOAD c:/program files (x86)/cypress/psoc creator/3.3/psoc creator/import/gnu/arm/4.9.3/bin/../lib/gcc/arm-none-eabi/4.9.3/../../../../arm-none-eabi/lib/armv7-m\libc_nano.a
END GROUP
LOAD c:/program files (x86)/cypress/psoc creator/3.3/psoc creator/import/gnu/arm/4.9.3/bin/../lib/gcc/arm-none-eabi/4.9.3/armv7-m/crtend.o
LOAD c:/program files (x86)/cypress/psoc creator/3.3/psoc creator/import/gnu/arm/4.9.3/bin/../lib/gcc/arm-none-eabi/4.9.3/armv7-m/crtn.o
START GROUP
LOAD c:/program files (x86)/cypress/psoc creator/3.3/psoc creator/import/gnu/arm/4.9.3/bin/../lib/gcc/arm-none-eabi/4.9.3/armv7-m\libgcc.a
LOAD c:/program files (x86)/cypress/psoc creator/3.3/psoc creator/import/gnu/arm/4.9.3/bin/../lib/gcc/arm-none-eabi/4.9.3/../../../../arm-none-eabi/lib/armv7-m\libc.a
LOAD c:/program files (x86)/cypress/psoc creator/3.3/psoc creator/import/gnu/arm/4.9.3/bin/../lib/gcc/arm-none-eabi/4.9.3/../../../../arm-none-eabi/lib/armv7-m\libnosys.a
END GROUP
                0x00000000                CY_APPL_ORIGIN = 0x0
                0x00000100                CY_FLASH_ROW_SIZE = 0x100
                0x00000020                CY_ECC_ROW_SIZE = 0x20
                0x00000000                CY_EE_IN_BTLDR = 0x0
                0x00000000                CY_APPL_LOADABLE = 0x0
                0x00000800                CY_EE_SIZE = 0x800
                0x00000001                CY_APPL_NUM = 0x1
                0x00000001                CY_APPL_MAX = 0x1
                0x00000040                CY_METADATA_SIZE = 0x40
                0x00000000                CY_APPL_LOADABLE = 0x0
                0x00000000                CY_CHECKSUM_EXCLUDE_SIZE = ALIGN (0x0, CY_FLASH_ROW_SIZE)
                0x1fff9020                PROVIDE (__cy_heap_start, _end)
                0x00000001                PROVIDE (__cy_region_num, ((__cy_regions_end - __cy_regions) / 0x10))
                0x20008000                PROVIDE (__cy_stack, (ORIGIN (ram) + 0x10000))
                0x20007800                PROVIDE (__cy_heap_end, (__cy_stack - 0x800))

.cybootloader   0x00000000        0x0
 *(.cybootloader)
                0x00000000                appl1_start = CY_APPL_ORIGIN?CY_APPL_ORIGIN:ALIGN (CY_FLASH_ROW_SIZE)
                0x0001ff00                appl2_start = (appl1_start + ALIGN ((((0x40000 - appl1_start) - (0x2 * CY_FLASH_ROW_SIZE)) / 0x2), CY_FLASH_ROW_SIZE))
                0x00000000                appl_start = (CY_APPL_NUM == 0x1)?appl1_start:appl2_start
                0x00000000                ecc_offset = ((appl_start / CY_FLASH_ROW_SIZE) * CY_ECC_ROW_SIZE)
                0x00000000                ee_offset = (CY_APPL_LOADABLE && ! (CY_EE_IN_BTLDR))?((CY_EE_SIZE / CY_APPL_MAX) * (CY_APPL_NUM - 0x1)):0x0
                0x00000800                ee_size = (CY_APPL_LOADABLE && ! (CY_EE_IN_BTLDR))?(CY_EE_SIZE / CY_APPL_MAX):CY_EE_SIZE
                0x00000000                PROVIDE (CY_ECC_OFFSET, ecc_offset)

.text           0x00000000     0x9de6
 CREATE_OBJECT_SYMBOLS
                0x00000000                PROVIDE (__cy_interrupt_vector, RomVectors)
 *(.romvectors)
 .romvectors    0x00000000       0x10 .\CortexM3\ARM_GCC_493\Debug\Cm3Start.o
                0x00000000                RomVectors
                0x00000001                ASSERT ((. != __cy_interrupt_vector), No interrupt vector)
                0x00000001                ASSERT (CY_APPL_ORIGIN?(SIZEOF (.cybootloader) <= CY_APPL_ORIGIN):0x1, Wrong image location)
                0x00000010                PROVIDE (__cy_reset, Reset)
 *(.text.Reset)
 .text.Reset    0x00000010       0x18 .\CortexM3\ARM_GCC_493\Debug\Cm3Start.o
                0x00000010                Reset
                0x00000001                ASSERT ((. != __cy_reset), No reset code)
 *(.dma_init)
                0x00000001                ASSERT ((((appl_start + .) <= 0x10000) || 0x1), DMA Init must be within the first 64k of flash)
 *(.text .text.* .gnu.linkonce.t.*)
 .text          0x00000028       0x5c c:/program files (x86)/cypress/psoc creator/3.3/psoc creator/import/gnu/arm/4.9.3/bin/../lib/gcc/arm-none-eabi/4.9.3/armv7-m/crtbegin.o
 .text.main     0x00000084       0xbc .\CortexM3\ARM_GCC_493\Debug\main.o
                0x00000084                main
 .text.CalculatePwmSamples
                0x00000140       0x64 .\CortexM3\ARM_GCC_493\Debug\cal.o
 .text.AddSamplesToSum
                0x000001a4       0x24 .\CortexM3\ARM_GCC_493\Debug\cal.o
 .text.CalculateAvgCpsSamples
                0x000001c8       0x20 .\CortexM3\ARM_GCC_493\Debug\cal.o
 .text.CalibrateWheelSpeed
                0x000001e8       0xa0 .\CortexM3\ARM_GCC_493\Debug\cal.o
 .text.Cal_Update
                0x00000288       0x6c .\CortexM3\ARM_GCC_493\Debug\cal.o
                0x00000288                Cal_Update
 .text.Cal_Download
                0x000002f4        0x4 .\CortexM3\ARM_GCC_493\Debug\cal.o
                0x000002f4                Cal_Download
 .text.Cal_Upload
                0x000002f8        0x4 .\CortexM3\ARM_GCC_493\Debug\cal.o
                0x000002f8                Cal_Upload
 .text.Cal_Validate
                0x000002fc        0x4 .\CortexM3\ARM_GCC_493\Debug\cal.o
                0x000002fc                Cal_Validate
 .text.Control_Init
                0x00000300        0x4 .\CortexM3\ARM_GCC_493\Debug\control.o
                0x00000300                Control_Init
 .text.Control_Start
                0x00000304        0x4 .\CortexM3\ARM_GCC_493\Debug\control.o
                0x00000304                Control_Start
 .text.Control_Update
                0x00000308       0x48 .\CortexM3\ARM_GCC_493\Debug\control.o
                0x00000308                Control_Update
 .text.Debug_Init
                0x00000350       0x14 .\CortexM3\ARM_GCC_493\Debug\debug.o
                0x00000350                Debug_Init
 .text.Debug_Start
                0x00000364        0x4 .\CortexM3\ARM_GCC_493\Debug\debug.o
                0x00000364                Debug_Start
 .text.Diag_Init
                0x00000368        0xc .\CortexM3\ARM_GCC_493\Debug\diag.o
                0x00000368                Diag_Init
 .text.Diag_Start
                0x00000374        0x4 .\CortexM3\ARM_GCC_493\Debug\diag.o
                0x00000374                Diag_Start
 .text.Diag_Update
                0x00000378        0x8 .\CortexM3\ARM_GCC_493\Debug\diag.o
                0x00000378                Diag_Update
 .text.Encoder_Sample
                0x00000380       0x80 .\CortexM3\ARM_GCC_493\Debug\encoder.o
 .text.DumpEncoder
                0x00000400       0x78 .\CortexM3\ARM_GCC_493\Debug\encoder.o
 .text.Encoder_Init
                0x00000478       0x48 .\CortexM3\ARM_GCC_493\Debug\encoder.o
                0x00000478                Encoder_Init
 .text.Encoder_Start
                0x000004c0       0x20 .\CortexM3\ARM_GCC_493\Debug\encoder.o
                0x000004c0                Encoder_Start
 .text.Encoder_Update
                0x000004e0       0x80 .\CortexM3\ARM_GCC_493\Debug\encoder.o
                0x000004e0                Encoder_Update
 .text.Encoder_LeftGetCntsPerSec
                0x00000560        0xc .\CortexM3\ARM_GCC_493\Debug\encoder.o
                0x00000560                Encoder_LeftGetCntsPerSec
 .text.Encoder_RightGetCntsPerSec
                0x0000056c        0xc .\CortexM3\ARM_GCC_493\Debug\encoder.o
                0x0000056c                Encoder_RightGetCntsPerSec
 .text.Encoder_LeftGetMmPerSec
                0x00000578        0xc .\CortexM3\ARM_GCC_493\Debug\encoder.o
                0x00000578                Encoder_LeftGetMmPerSec
 .text.Encoder_RightGetMmPerSec
                0x00000584        0xc .\CortexM3\ARM_GCC_493\Debug\encoder.o
                0x00000584                Encoder_RightGetMmPerSec
 .text.Encoder_LeftGetCount
                0x00000590       0x10 .\CortexM3\ARM_GCC_493\Debug\encoder.o
                0x00000590                Encoder_LeftGetCount
 .text.Encoder_RightGetCount
                0x000005a0       0x10 .\CortexM3\ARM_GCC_493\Debug\encoder.o
                0x000005a0                Encoder_RightGetCount
 .text.Encoder_Reset
                0x000005b0       0x48 .\CortexM3\ARM_GCC_493\Debug\encoder.o
                0x000005b0                Encoder_Reset
 .text.I2c_Init
                0x000005f8       0x1c .\CortexM3\ARM_GCC_493\Debug\i2c.o
                0x000005f8                I2c_Init
 .text.I2c_Start
                0x00000614       0x18 .\CortexM3\ARM_GCC_493\Debug\i2c.o
                0x00000614                I2c_Start
 .text.I2c_ReadControl
                0x0000062c       0x10 .\CortexM3\ARM_GCC_493\Debug\i2c.o
                0x0000062c                I2c_ReadControl
 .text.I2c_LeftReadCmdVelocity
                0x0000063c        0x8 .\CortexM3\ARM_GCC_493\Debug\i2c.o
                0x0000063c                I2c_LeftReadCmdVelocity
 .text.I2c_RightReadCmdVelocity
                0x00000644        0x8 .\CortexM3\ARM_GCC_493\Debug\i2c.o
                0x00000644                I2c_RightReadCmdVelocity
 .text.I2c_LeftWriteOutput
                0x0000064c       0x40 .\CortexM3\ARM_GCC_493\Debug\i2c.o
                0x0000064c                I2c_LeftWriteOutput
 .text.I2c_RightWriteOutput
                0x0000068c       0x40 .\CortexM3\ARM_GCC_493\Debug\i2c.o
                0x0000068c                I2c_RightWriteOutput
 .text.I2c_WriteOdom
                0x000006cc       0x24 .\CortexM3\ARM_GCC_493\Debug\i2c.o
                0x000006cc                I2c_WriteOdom
 .text.I2c_WriteFrontUltrasonicDistance
                0x000006f0       0x14 .\CortexM3\ARM_GCC_493\Debug\i2c.o
                0x000006f0                I2c_WriteFrontUltrasonicDistance
 .text.I2c_WriteRearUltrasonicDistance
                0x00000704       0x14 .\CortexM3\ARM_GCC_493\Debug\i2c.o
                0x00000704                I2c_WriteRearUltrasonicDistance
 .text.I2c_WriteFrontInfraredDistance
                0x00000718       0x14 .\CortexM3\ARM_GCC_493\Debug\i2c.o
                0x00000718                I2c_WriteFrontInfraredDistance
 .text.I2c_WriteRearInfraredDistance
                0x0000072c       0x14 .\CortexM3\ARM_GCC_493\Debug\i2c.o
                0x0000072c                I2c_WriteRearInfraredDistance
 .text.Interpolate
                0x00000740       0x3c .\CortexM3\ARM_GCC_493\Debug\motor.o
 .text.calculate_pwm
                0x0000077c       0x74 .\CortexM3\ARM_GCC_493\Debug\motor.o
 .text.DumpMotor
                0x000007f0       0x4c .\CortexM3\ARM_GCC_493\Debug\motor.o
 .text.calc_motor_output_from_cps
                0x0000083c       0xb0 .\CortexM3\ARM_GCC_493\Debug\motor.o
 .text.WriteTwoValues
                0x000008ec       0x4c .\CortexM3\ARM_GCC_493\Debug\motor.o
 .text.RampSpeed
                0x00000938       0x44 .\CortexM3\ARM_GCC_493\Debug\motor.o
 .text.CollectCpsPwmSamples
                0x0000097c       0x70 .\CortexM3\ARM_GCC_493\Debug\motor.o
 .text.PrintFormatDataInt32
                0x000009ec       0x8c .\CortexM3\ARM_GCC_493\Debug\motor.o
 .text.PrintFormatDataUint16
                0x00000a78       0x8c .\CortexM3\ARM_GCC_493\Debug\motor.o
 .text.DumpMotorCal
                0x00000b04       0x4c .\CortexM3\ARM_GCC_493\Debug\motor.o
 .text.Motor_Init
                0x00000b50       0x1c .\CortexM3\ARM_GCC_493\Debug\motor.o
                0x00000b50                Motor_Init
 .text.Motor_Start
                0x00000b6c       0x3c .\CortexM3\ARM_GCC_493\Debug\motor.o
                0x00000b6c                Motor_Start
 .text.Motor_LeftSetCntsPerSec
                0x00000ba8       0x18 .\CortexM3\ARM_GCC_493\Debug\motor.o
                0x00000ba8                Motor_LeftSetCntsPerSec
 .text.Motor_RightSetCntsPerSec
                0x00000bc0       0x1c .\CortexM3\ARM_GCC_493\Debug\motor.o
                0x00000bc0                Motor_RightSetCntsPerSec
 .text.Motor_LeftGetPwm
                0x00000bdc        0xc .\CortexM3\ARM_GCC_493\Debug\motor.o
                0x00000bdc                Motor_LeftGetPwm
 .text.Motor_RightGetPwm
                0x00000be8        0xc .\CortexM3\ARM_GCC_493\Debug\motor.o
                0x00000be8                Motor_RightGetPwm
 .text.Motor_CollectPwmCpsSamples
                0x00000bf4       0xb8 .\CortexM3\ARM_GCC_493\Debug\motor.o
                0x00000bf4                Motor_CollectPwmCpsSamples
 .text.Motor_LeftSetCalibration
                0x00000cac       0x8c .\CortexM3\ARM_GCC_493\Debug\motor.o
                0x00000cac                Motor_LeftSetCalibration
 .text.Motor_RightSetCalibration
                0x00000d38       0x90 .\CortexM3\ARM_GCC_493\Debug\motor.o
                0x00000d38                Motor_RightSetCalibration
 .text.Odom_Init
                0x00000dc8       0x20 .\CortexM3\ARM_GCC_493\Debug\odom.o
                0x00000dc8                Odom_Init
 .text.Odom_Start
                0x00000de8        0x4 .\CortexM3\ARM_GCC_493\Debug\odom.o
                0x00000de8                Odom_Start
 *fill*         0x00000dec        0x4 
 .text.calc_odom
                0x00000df0      0x100 .\CortexM3\ARM_GCC_493\Debug\odom.o
                0x00000df0                calc_odom
 .text.Odom_Update
                0x00000ef0       0x78 .\CortexM3\ARM_GCC_493\Debug\odom.o
                0x00000ef0                Odom_Update
 .text.ProcessPid
                0x00000f68       0xb0 .\CortexM3\ARM_GCC_493\Debug\pid.o
 .text.DumpPid  0x00001018       0xb0 .\CortexM3\ARM_GCC_493\Debug\pid.o
 .text.Pid_Init
                0x000010c8       0x84 .\CortexM3\ARM_GCC_493\Debug\pid.o
                0x000010c8                Pid_Init
 .text.Pid_Start
                0x0000114c        0x4 .\CortexM3\ARM_GCC_493\Debug\pid.o
                0x0000114c                Pid_Start
 .text.Pid_Update
                0x00001150       0x80 .\CortexM3\ARM_GCC_493\Debug\pid.o
                0x00001150                Pid_Update
 .text.SysTickIsrHandler
                0x000011d0       0x10 .\CortexM3\ARM_GCC_493\Debug\time.o
 .text.Time_Init
                0x000011e0        0xc .\CortexM3\ARM_GCC_493\Debug\time.o
                0x000011e0                Time_Init
 .text.Time_Start
                0x000011ec       0x2c .\CortexM3\ARM_GCC_493\Debug\time.o
                0x000011ec                Time_Start
 .text.millis   0x00001218        0xc .\CortexM3\ARM_GCC_493\Debug\time.o
                0x00001218                millis
 .text.Front_Trigger_Next
                0x00001224       0x34 .\CortexM3\ARM_GCC_493\Debug\ultrasonic.o
 .text.Front_Echo_Interrupt
                0x00001258       0x4c .\CortexM3\ARM_GCC_493\Debug\ultrasonic.o
 .text.Rear_Trigger_Next
                0x000012a4       0x34 .\CortexM3\ARM_GCC_493\Debug\ultrasonic.o
 .text.Rear_Echo_Interrupt
                0x000012d8       0x4c .\CortexM3\ARM_GCC_493\Debug\ultrasonic.o
 .text.Ultrasonic_Init
                0x00001324        0x4 .\CortexM3\ARM_GCC_493\Debug\ultrasonic.o
                0x00001324                Ultrasonic_Init
 .text.Ultrasonic_Start
                0x00001328       0x28 .\CortexM3\ARM_GCC_493\Debug\ultrasonic.o
                0x00001328                Ultrasonic_Start
 .text.insert_zeros
                0x00001350       0x30 .\CortexM3\ARM_GCC_493\Debug\utils.o
 .text.MovingAverageFloat
                0x00001380       0x2c .\CortexM3\ARM_GCC_493\Debug\utils.o
                0x00001380                MovingAverageFloat
 .text.ftoa     0x000013ac       0xa4 .\CortexM3\ARM_GCC_493\Debug\utils.o
                0x000013ac                ftoa
 .text.BinaryRangeSearch
                0x00001450       0x50 .\CortexM3\ARM_GCC_493\Debug\utils.o
                0x00001450                BinaryRangeSearch
 .text.Rear_EOS_Interrupt
                0x000014a0       0x1c .\CortexM3\ARM_GCC_493\Debug\infrared.o
 .text.Front_EOS_Interrupt
                0x000014bc       0x1c .\CortexM3\ARM_GCC_493\Debug\infrared.o
 .text.Rear_EOC_Interrupt
                0x000014d8       0x90 .\CortexM3\ARM_GCC_493\Debug\infrared.o
 .text.Front_EOC_Interrupt
                0x00001568       0x90 .\CortexM3\ARM_GCC_493\Debug\infrared.o
 .text.Infrared_Init
                0x000015f8        0xc .\CortexM3\ARM_GCC_493\Debug\infrared.o
                0x000015f8                Infrared_Init
 .text.Infrared_Start
                0x00001604       0x4c .\CortexM3\ARM_GCC_493\Debug\infrared.o
                0x00001604                Infrared_Start
 .text.PIDCompute
                0x00001650       0xa4 .\CortexM3\ARM_GCC_493\Debug\pid_controller.o
                0x00001650                PIDCompute
 .text.PIDOutputLimitsSet
                0x000016f4       0x5c .\CortexM3\ARM_GCC_493\Debug\pid_controller.o
                0x000016f4                PIDOutputLimitsSet
 .text.PIDTuningsSet
                0x00001750       0x6c .\CortexM3\ARM_GCC_493\Debug\pid_controller.o
                0x00001750                PIDTuningsSet
 .text.PIDInit  0x000017bc       0x54 .\CortexM3\ARM_GCC_493\Debug\pid_controller.o
                0x000017bc                PIDInit
 .text.PIDSetpointSet
                0x00001810        0x4 .\CortexM3\ARM_GCC_493\Debug\pid_controller.o
                0x00001810                PIDSetpointSet
 .text.PIDInputSet
                0x00001814        0x4 .\CortexM3\ARM_GCC_493\Debug\pid_controller.o
                0x00001814                PIDInputSet
 .text.Ser_Init
                0x00001818        0x4 .\CortexM3\ARM_GCC_493\Debug\serial.o
                0x00001818                Ser_Init
 .text.Ser_Start
                0x0000181c       0x2c .\CortexM3\ARM_GCC_493\Debug\serial.o
                0x0000181c                Ser_Start
 .text.Ser_PutString
                0x00001848       0x14 .\CortexM3\ARM_GCC_493\Debug\serial.o
                0x00001848                Ser_PutString
 .text.IntDefaultHandler
                0x0000185c        0x4 .\CortexM3\ARM_GCC_493\Debug\Cm3Start.o
                0x0000185c                IntDefaultHandler
 .text._sbrk    0x00001860       0x30 .\CortexM3\ARM_GCC_493\Debug\Cm3Start.o
                0x00001860                _sbrk
 .text.Start_c  0x00001890       0x4c .\CortexM3\ARM_GCC_493\Debug\Cm3Start.o
                0x00001890                Start_c
 .text.initialize_psoc
                0x000018dc       0x74 .\CortexM3\ARM_GCC_493\Debug\Cm3Start.o
                0x000018dc                initialize_psoc
 .text.cfg_write_bytes32
                0x00001950       0x34 .\CortexM3\ARM_GCC_493\Debug\freesoc.a(cyfitter_cfg.o)
 .text.AnalogSetDefault
                0x00001984       0x7c .\CortexM3\ARM_GCC_493\Debug\freesoc.a(cyfitter_cfg.o)
 .text.CYMEMZERO
                0x00001a00        0xc .\CortexM3\ARM_GCC_493\Debug\freesoc.a(cyfitter_cfg.o)
 .text.ClockSetup
                0x00001a0c       0xf4 .\CortexM3\ARM_GCC_493\Debug\freesoc.a(cyfitter_cfg.o)
 .text.CYCONFIGCPY
                0x00001b00        0x8 .\CortexM3\ARM_GCC_493\Debug\freesoc.a(cyfitter_cfg.o)
 .text.Front_AMuxSeq_DisconnectAll
                0x00001b08       0x18 .\CortexM3\ARM_GCC_493\Debug\freesoc.a(cyfitter_cfg.o)
                0x00001b08                Front_AMuxSeq_DisconnectAll
 .text.Front_AMuxSeq_Next
                0x00001b20       0x6c .\CortexM3\ARM_GCC_493\Debug\freesoc.a(cyfitter_cfg.o)
                0x00001b20                Front_AMuxSeq_Next
 .text.Rear_AMuxSeq_DisconnectAll
                0x00001b8c       0x18 .\CortexM3\ARM_GCC_493\Debug\freesoc.a(cyfitter_cfg.o)
                0x00001b8c                Rear_AMuxSeq_DisconnectAll
 .text.Rear_AMuxSeq_Next
                0x00001ba4       0x6c .\CortexM3\ARM_GCC_493\Debug\freesoc.a(cyfitter_cfg.o)
                0x00001ba4                Rear_AMuxSeq_Next
 .text.cyfitter_cfg
                0x00001c10      0x198 .\CortexM3\ARM_GCC_493\Debug\freesoc.a(cyfitter_cfg.o)
                0x00001c10                cyfitter_cfg
 .text.Left_HB25_Enable_Pin_Write
                0x00001da8       0x18 .\CortexM3\ARM_GCC_493\Debug\freesoc.a(Left_HB25_Enable_Pin.o)
                0x00001da8                Left_HB25_Enable_Pin_Write
 .text.Left_HB25_PWM_Stop
                0x00001dc0        0x4 .\CortexM3\ARM_GCC_493\Debug\freesoc.a(Left_HB25_PWM.o)
                0x00001dc0                Left_HB25_PWM_Stop
 .text.Left_HB25_PWM_WriteCounter
                0x00001dc4        0xc .\CortexM3\ARM_GCC_493\Debug\freesoc.a(Left_HB25_PWM.o)
                0x00001dc4                Left_HB25_PWM_WriteCounter
 .text.Left_HB25_PWM_WritePeriod
                0x00001dd0        0xc .\CortexM3\ARM_GCC_493\Debug\freesoc.a(Left_HB25_PWM.o)
                0x00001dd0                Left_HB25_PWM_WritePeriod
 .text.Left_HB25_PWM_WriteCompare
                0x00001ddc        0xc .\CortexM3\ARM_GCC_493\Debug\freesoc.a(Left_HB25_PWM.o)
                0x00001ddc                Left_HB25_PWM_WriteCompare
 .text.Left_HB25_PWM_Init
                0x00001de8       0x34 .\CortexM3\ARM_GCC_493\Debug\freesoc.a(Left_HB25_PWM.o)
                0x00001de8                Left_HB25_PWM_Init
 .text.Left_HB25_PWM_Start
                0x00001e1c       0x18 .\CortexM3\ARM_GCC_493\Debug\freesoc.a(Left_HB25_PWM.o)
                0x00001e1c                Left_HB25_PWM_Start
 .text.Right_HB25_Enable_Pin_Write
                0x00001e34       0x18 .\CortexM3\ARM_GCC_493\Debug\freesoc.a(Right_HB25_Enable_Pin.o)
                0x00001e34                Right_HB25_Enable_Pin_Write
 .text.Right_HB25_PWM_Stop
                0x00001e4c        0x4 .\CortexM3\ARM_GCC_493\Debug\freesoc.a(Right_HB25_PWM.o)
                0x00001e4c                Right_HB25_PWM_Stop
 .text.Right_HB25_PWM_WriteCounter
                0x00001e50        0xc .\CortexM3\ARM_GCC_493\Debug\freesoc.a(Right_HB25_PWM.o)
                0x00001e50                Right_HB25_PWM_WriteCounter
 .text.Right_HB25_PWM_WritePeriod
                0x00001e5c        0xc .\CortexM3\ARM_GCC_493\Debug\freesoc.a(Right_HB25_PWM.o)
                0x00001e5c                Right_HB25_PWM_WritePeriod
 .text.Right_HB25_PWM_WriteCompare
                0x00001e68        0xc .\CortexM3\ARM_GCC_493\Debug\freesoc.a(Right_HB25_PWM.o)
                0x00001e68                Right_HB25_PWM_WriteCompare
 .text.Right_HB25_PWM_Init
                0x00001e74       0x34 .\CortexM3\ARM_GCC_493\Debug\freesoc.a(Right_HB25_PWM.o)
                0x00001e74                Right_HB25_PWM_Init
 .text.Right_HB25_PWM_Start
                0x00001ea8       0x18 .\CortexM3\ARM_GCC_493\Debug\freesoc.a(Right_HB25_PWM.o)
                0x00001ea8                Right_HB25_PWM_Start
 .text          0x00001ec0       0x20 .\CortexM3\ARM_GCC_493\Debug\freesoc.a(CyBootAsmGnu.o)
                0x00001ec0                CyDelayCycles
                0x00001ed0                CyEnterCriticalSection
                0x00001ed8                CyExitCriticalSection
 .text.CyHalt   0x00001ee0        0x4 .\CortexM3\ARM_GCC_493\Debug\freesoc.a(CyLib.o)
                0x00001ee0                CyHalt
 .text.CyDelay  0x00001ee4       0x2c .\CortexM3\ARM_GCC_493\Debug\freesoc.a(CyLib.o)
                0x00001ee4                CyDelay
 .text.CyDelayUs
                0x00001f10       0x14 .\CortexM3\ARM_GCC_493\Debug\freesoc.a(CyLib.o)
                0x00001f10                CyDelayUs
 .text.CyIntSetSysVector
                0x00001f24       0x28 .\CortexM3\ARM_GCC_493\Debug\freesoc.a(CyLib.o)
                0x00001f24                CyIntSetSysVector
 .text.CyIntSetVector
                0x00001f4c       0x28 .\CortexM3\ARM_GCC_493\Debug\freesoc.a(CyLib.o)
                0x00001f4c                CyIntSetVector
 .text.CyIntSetPriority
                0x00001f74       0x30 .\CortexM3\ARM_GCC_493\Debug\freesoc.a(CyLib.o)
                0x00001f74                CyIntSetPriority
 .text.CySysTickEnableInterrupt
                0x00001fa4       0x10 .\CortexM3\ARM_GCC_493\Debug\freesoc.a(CyLib.o)
                0x00001fa4                CySysTickEnableInterrupt
 .text.CySysTickEnable
                0x00001fb4       0x18 .\CortexM3\ARM_GCC_493\Debug\freesoc.a(CyLib.o)
                0x00001fb4                CySysTickEnable
 .text.CySysTickSetReload
                0x00001fcc       0x10 .\CortexM3\ARM_GCC_493\Debug\freesoc.a(CyLib.o)
                0x00001fcc                CySysTickSetReload
 .text.CySysTickSetClockSource
                0x00001fdc       0x20 .\CortexM3\ARM_GCC_493\Debug\freesoc.a(CyLib.o)
                0x00001fdc                CySysTickSetClockSource
 .text.CySysTickGetCountFlag
                0x00001ffc       0x10 .\CortexM3\ARM_GCC_493\Debug\freesoc.a(CyLib.o)
                0x00001ffc                CySysTickGetCountFlag
 .text.CySysTickServiceCallbacks
                0x0000200c       0x28 .\CortexM3\ARM_GCC_493\Debug\freesoc.a(CyLib.o)
 .text.CySysTickClear
                0x00002034        0xc .\CortexM3\ARM_GCC_493\Debug\freesoc.a(CyLib.o)
                0x00002034                CySysTickClear
 .text.CySysTickInit
                0x00002040       0x58 .\CortexM3\ARM_GCC_493\Debug\freesoc.a(CyLib.o)
                0x00002040                CySysTickInit
 .text.CySysTickStart
                0x00002098       0x1c .\CortexM3\ARM_GCC_493\Debug\freesoc.a(CyLib.o)
                0x00002098                CySysTickStart
 .text.CySysTickSetCallback
                0x000020b4       0x10 .\CortexM3\ARM_GCC_493\Debug\freesoc.a(CyLib.o)
                0x000020b4                CySysTickSetCallback
 .text.CySysTickGetCallback
                0x000020c4       0x10 .\CortexM3\ARM_GCC_493\Debug\freesoc.a(CyLib.o)
                0x000020c4                CySysTickGetCallback
 .text.CyGetUniqueId
                0x000020d4       0x70 .\CortexM3\ARM_GCC_493\Debug\freesoc.a(CyLib.o)
                0x000020d4                CyGetUniqueId
 .text.EZI2C_Slave_Init
                0x00002144       0x70 .\CortexM3\ARM_GCC_493\Debug\freesoc.a(EZI2C_Slave.o)
                0x00002144                EZI2C_Slave_Init
 .text.EZI2C_Slave_Enable
                0x000021b4       0x30 .\CortexM3\ARM_GCC_493\Debug\freesoc.a(EZI2C_Slave.o)
                0x000021b4                EZI2C_Slave_Enable
 .text.EZI2C_Slave_Start
                0x000021e4       0x1c .\CortexM3\ARM_GCC_493\Debug\freesoc.a(EZI2C_Slave.o)
                0x000021e4                EZI2C_Slave_Start
 .text.EZI2C_Slave_SetBuffer1
                0x00002200       0x50 .\CortexM3\ARM_GCC_493\Debug\freesoc.a(EZI2C_Slave.o)
                0x00002200                EZI2C_Slave_SetBuffer1
 .text.EZI2C_Slave_ISR
                0x00002250      0x1c4 .\CortexM3\ARM_GCC_493\Debug\freesoc.a(EZI2C_Slave_INT.o)
                0x00002250                EZI2C_Slave_ISR
 .text.Front_Echo_Intr_SetVector
                0x00002414        0xc .\CortexM3\ARM_GCC_493\Debug\freesoc.a(Front_Echo_Intr.o)
                0x00002414                Front_Echo_Intr_SetVector
 .text.Front_Echo_Intr_SetPriority
                0x00002420       0x10 .\CortexM3\ARM_GCC_493\Debug\freesoc.a(Front_Echo_Intr.o)
                0x00002420                Front_Echo_Intr_SetPriority
 .text.Front_Echo_Intr_Enable
                0x00002430        0xc .\CortexM3\ARM_GCC_493\Debug\freesoc.a(Front_Echo_Intr.o)
                0x00002430                Front_Echo_Intr_Enable
 .text.Front_Echo_Intr_Disable
                0x0000243c        0xc .\CortexM3\ARM_GCC_493\Debug\freesoc.a(Front_Echo_Intr.o)
                0x0000243c                Front_Echo_Intr_Disable
 .text.Front_Echo_Intr_StartEx
                0x00002448       0x1c .\CortexM3\ARM_GCC_493\Debug\freesoc.a(Front_Echo_Intr.o)
                0x00002448                Front_Echo_Intr_StartEx
 .text.Front_Echo_Intr_ClearPending
                0x00002464        0xc .\CortexM3\ARM_GCC_493\Debug\freesoc.a(Front_Echo_Intr.o)
                0x00002464                Front_Echo_Intr_ClearPending
 .text.Front_Trigger_Reg_Write
                0x00002470        0xc .\CortexM3\ARM_GCC_493\Debug\freesoc.a(Front_Trigger_Reg.o)
                0x00002470                Front_Trigger_Reg_Write
 .text.Front_Trigger_Select_Reg_Write
                0x0000247c        0xc .\CortexM3\ARM_GCC_493\Debug\freesoc.a(Front_Trigger_Select_Reg.o)
                0x0000247c                Front_Trigger_Select_Reg_Write
 .text.Front_Trigger_Select_Reg_Read
                0x00002488        0xc .\CortexM3\ARM_GCC_493\Debug\freesoc.a(Front_Trigger_Select_Reg.o)
                0x00002488                Front_Trigger_Select_Reg_Read
 .text.Front_Echo_Timer_SetInterruptMode
                0x00002494        0xc .\CortexM3\ARM_GCC_493\Debug\freesoc.a(Front_Echo_Timer.o)
                0x00002494                Front_Echo_Timer_SetInterruptMode
 .text.Front_Echo_Timer_ReadStatusRegister
                0x000024a0        0xc .\CortexM3\ARM_GCC_493\Debug\freesoc.a(Front_Echo_Timer.o)
                0x000024a0                Front_Echo_Timer_ReadStatusRegister
 .text.Front_Echo_Timer_WritePeriod
                0x000024ac        0xc .\CortexM3\ARM_GCC_493\Debug\freesoc.a(Front_Echo_Timer.o)
                0x000024ac                Front_Echo_Timer_WritePeriod
 .text.Front_Echo_Timer_ReadCapture
                0x000024b8        0xc .\CortexM3\ARM_GCC_493\Debug\freesoc.a(Front_Echo_Timer.o)
                0x000024b8                Front_Echo_Timer_ReadCapture
 .text.Front_Echo_Timer_WriteCounter
                0x000024c4        0xc .\CortexM3\ARM_GCC_493\Debug\freesoc.a(Front_Echo_Timer.o)
                0x000024c4                Front_Echo_Timer_WriteCounter
 .text.Front_Echo_Timer_ReadCounter
                0x000024d0       0x14 .\CortexM3\ARM_GCC_493\Debug\freesoc.a(Front_Echo_Timer.o)
                0x000024d0                Front_Echo_Timer_ReadCounter
 .text.Front_Echo_Timer_ClearFIFO
                0x000024e4       0x14 .\CortexM3\ARM_GCC_493\Debug\freesoc.a(Front_Echo_Timer.o)
                0x000024e4                Front_Echo_Timer_ClearFIFO
 .text.Front_Echo_Timer_Init
                0x000024f8       0x34 .\CortexM3\ARM_GCC_493\Debug\freesoc.a(Front_Echo_Timer.o)
                0x000024f8                Front_Echo_Timer_Init
 .text.Front_Echo_Timer_Start
                0x0000252c       0x18 .\CortexM3\ARM_GCC_493\Debug\freesoc.a(Front_Echo_Timer.o)
                0x0000252c                Front_Echo_Timer_Start
 .text.Rear_Trigger_Reg_Write
                0x00002544        0xc .\CortexM3\ARM_GCC_493\Debug\freesoc.a(Rear_Trigger_Reg.o)
                0x00002544                Rear_Trigger_Reg_Write
 .text.Rear_Trigger_Select_Reg_Write
                0x00002550        0xc .\CortexM3\ARM_GCC_493\Debug\freesoc.a(Rear_Trigger_Select_Reg.o)
                0x00002550                Rear_Trigger_Select_Reg_Write
 .text.Rear_Trigger_Select_Reg_Read
                0x0000255c        0xc .\CortexM3\ARM_GCC_493\Debug\freesoc.a(Rear_Trigger_Select_Reg.o)
                0x0000255c                Rear_Trigger_Select_Reg_Read
 .text.Rear_Echo_Intr_SetVector
                0x00002568        0xc .\CortexM3\ARM_GCC_493\Debug\freesoc.a(Rear_Echo_Intr.o)
                0x00002568                Rear_Echo_Intr_SetVector
 .text.Rear_Echo_Intr_SetPriority
                0x00002574       0x10 .\CortexM3\ARM_GCC_493\Debug\freesoc.a(Rear_Echo_Intr.o)
                0x00002574                Rear_Echo_Intr_SetPriority
 .text.Rear_Echo_Intr_Enable
                0x00002584        0xc .\CortexM3\ARM_GCC_493\Debug\freesoc.a(Rear_Echo_Intr.o)
                0x00002584                Rear_Echo_Intr_Enable
 .text.Rear_Echo_Intr_Disable
                0x00002590        0xc .\CortexM3\ARM_GCC_493\Debug\freesoc.a(Rear_Echo_Intr.o)
                0x00002590                Rear_Echo_Intr_Disable
 .text.Rear_Echo_Intr_StartEx
                0x0000259c       0x1c .\CortexM3\ARM_GCC_493\Debug\freesoc.a(Rear_Echo_Intr.o)
                0x0000259c                Rear_Echo_Intr_StartEx
 .text.Rear_Echo_Intr_ClearPending
                0x000025b8        0xc .\CortexM3\ARM_GCC_493\Debug\freesoc.a(Rear_Echo_Intr.o)
                0x000025b8                Rear_Echo_Intr_ClearPending
 .text.Rear_Echo_Timer_SetInterruptMode
                0x000025c4        0xc .\CortexM3\ARM_GCC_493\Debug\freesoc.a(Rear_Echo_Timer.o)
                0x000025c4                Rear_Echo_Timer_SetInterruptMode
 .text.Rear_Echo_Timer_ReadStatusRegister
                0x000025d0        0xc .\CortexM3\ARM_GCC_493\Debug\freesoc.a(Rear_Echo_Timer.o)
                0x000025d0                Rear_Echo_Timer_ReadStatusRegister
 .text.Rear_Echo_Timer_WritePeriod
                0x000025dc        0xc .\CortexM3\ARM_GCC_493\Debug\freesoc.a(Rear_Echo_Timer.o)
                0x000025dc                Rear_Echo_Timer_WritePeriod
 .text.Rear_Echo_Timer_ReadCapture
                0x000025e8        0xc .\CortexM3\ARM_GCC_493\Debug\freesoc.a(Rear_Echo_Timer.o)
                0x000025e8                Rear_Echo_Timer_ReadCapture
 .text.Rear_Echo_Timer_WriteCounter
                0x000025f4        0xc .\CortexM3\ARM_GCC_493\Debug\freesoc.a(Rear_Echo_Timer.o)
                0x000025f4                Rear_Echo_Timer_WriteCounter
 .text.Rear_Echo_Timer_ReadCounter
                0x00002600       0x14 .\CortexM3\ARM_GCC_493\Debug\freesoc.a(Rear_Echo_Timer.o)
                0x00002600                Rear_Echo_Timer_ReadCounter
 .text.Rear_Echo_Timer_ClearFIFO
                0x00002614       0x14 .\CortexM3\ARM_GCC_493\Debug\freesoc.a(Rear_Echo_Timer.o)
                0x00002614                Rear_Echo_Timer_ClearFIFO
 .text.Rear_Echo_Timer_Init
                0x00002628       0x34 .\CortexM3\ARM_GCC_493\Debug\freesoc.a(Rear_Echo_Timer.o)
                0x00002628                Rear_Echo_Timer_Init
 .text.Rear_Echo_Timer_Start
                0x0000265c       0x18 .\CortexM3\ARM_GCC_493\Debug\freesoc.a(Rear_Echo_Timer.o)
                0x0000265c                Rear_Echo_Timer_Start
 .text.Front_ADC_SAR_CalcGain
                0x00002674       0x5c .\CortexM3\ARM_GCC_493\Debug\freesoc.a(Front_ADC_SAR.o)
 .text.Front_ADC_SAR_Enable
                0x000026d0       0x94 .\CortexM3\ARM_GCC_493\Debug\freesoc.a(Front_ADC_SAR.o)
                0x000026d0                Front_ADC_SAR_Enable
 .text.Front_ADC_SAR_SetResolution
                0x00002764       0x38 .\CortexM3\ARM_GCC_493\Debug\freesoc.a(Front_ADC_SAR.o)
                0x00002764                Front_ADC_SAR_SetResolution
 .text.Front_ADC_SAR_Init
                0x0000279c       0x3c .\CortexM3\ARM_GCC_493\Debug\freesoc.a(Front_ADC_SAR.o)
                0x0000279c                Front_ADC_SAR_Init
 .text.Front_ADC_SAR_Start
                0x000027d8       0x1c .\CortexM3\ARM_GCC_493\Debug\freesoc.a(Front_ADC_SAR.o)
                0x000027d8                Front_ADC_SAR_Start
 .text.Front_ADC_SAR_StartConvert
                0x000027f4       0x10 .\CortexM3\ARM_GCC_493\Debug\freesoc.a(Front_ADC_SAR.o)
                0x000027f4                Front_ADC_SAR_StartConvert
 .text.Front_ADC_SAR_GetResult16
                0x00002804       0x18 .\CortexM3\ARM_GCC_493\Debug\freesoc.a(Front_ADC_SAR.o)
                0x00002804                Front_ADC_SAR_GetResult16
 .text.Front_ADC_SAR_CountsTo_Volts
                0x0000281c       0x50 .\CortexM3\ARM_GCC_493\Debug\freesoc.a(Front_ADC_SAR.o)
                0x0000281c                Front_ADC_SAR_CountsTo_Volts
 .text.Front_ADC_SAR_ISR
                0x0000286c        0x4 .\CortexM3\ARM_GCC_493\Debug\freesoc.a(Front_ADC_SAR_INT.o)
                0x0000286c                Front_ADC_SAR_ISR
 .text.Front_AMuxSeq_Start
                0x00002870       0x14 .\CortexM3\ARM_GCC_493\Debug\freesoc.a(Front_AMuxSeq.o)
                0x00002870                Front_AMuxSeq_Start
 .text.Front_AMuxSeq_GetChannel
                0x00002884        0xc .\CortexM3\ARM_GCC_493\Debug\freesoc.a(Front_AMuxSeq.o)
                0x00002884                Front_AMuxSeq_GetChannel
 .text.Rear_ADC_SAR_CalcGain
                0x00002890       0x5c .\CortexM3\ARM_GCC_493\Debug\freesoc.a(Rear_ADC_SAR.o)
 .text.Rear_ADC_SAR_Enable
                0x000028ec       0x94 .\CortexM3\ARM_GCC_493\Debug\freesoc.a(Rear_ADC_SAR.o)
                0x000028ec                Rear_ADC_SAR_Enable
 .text.Rear_ADC_SAR_SetResolution
                0x00002980       0x38 .\CortexM3\ARM_GCC_493\Debug\freesoc.a(Rear_ADC_SAR.o)
                0x00002980                Rear_ADC_SAR_SetResolution
 .text.Rear_ADC_SAR_Init
                0x000029b8       0x3c .\CortexM3\ARM_GCC_493\Debug\freesoc.a(Rear_ADC_SAR.o)
                0x000029b8                Rear_ADC_SAR_Init
 .text.Rear_ADC_SAR_Start
                0x000029f4       0x1c .\CortexM3\ARM_GCC_493\Debug\freesoc.a(Rear_ADC_SAR.o)
                0x000029f4                Rear_ADC_SAR_Start
 .text.Rear_ADC_SAR_StartConvert
                0x00002a10       0x10 .\CortexM3\ARM_GCC_493\Debug\freesoc.a(Rear_ADC_SAR.o)
                0x00002a10                Rear_ADC_SAR_StartConvert
 .text.Rear_ADC_SAR_GetResult16
                0x00002a20       0x18 .\CortexM3\ARM_GCC_493\Debug\freesoc.a(Rear_ADC_SAR.o)
                0x00002a20                Rear_ADC_SAR_GetResult16
 .text.Rear_ADC_SAR_CountsTo_Volts
                0x00002a38       0x50 .\CortexM3\ARM_GCC_493\Debug\freesoc.a(Rear_ADC_SAR.o)
                0x00002a38                Rear_ADC_SAR_CountsTo_Volts
 .text.Rear_ADC_SAR_ISR
                0x00002a88        0x4 .\CortexM3\ARM_GCC_493\Debug\freesoc.a(Rear_ADC_SAR_INT.o)
                0x00002a88                Rear_ADC_SAR_ISR
 .text.Rear_AMuxSeq_Start
                0x00002a8c       0x14 .\CortexM3\ARM_GCC_493\Debug\freesoc.a(Rear_AMuxSeq.o)
                0x00002a8c                Rear_AMuxSeq_Start
 .text.Rear_AMuxSeq_GetChannel
                0x00002aa0        0xc .\CortexM3\ARM_GCC_493\Debug\freesoc.a(Rear_AMuxSeq.o)
                0x00002aa0                Rear_AMuxSeq_GetChannel
 .text.Front_ADC_SAR_IRQ_SetVector
                0x00002aac        0xc .\CortexM3\ARM_GCC_493\Debug\freesoc.a(Front_ADC_SAR_IRQ.o)
                0x00002aac                Front_ADC_SAR_IRQ_SetVector
 .text.Front_ADC_SAR_IRQ_SetPriority
                0x00002ab8       0x10 .\CortexM3\ARM_GCC_493\Debug\freesoc.a(Front_ADC_SAR_IRQ.o)
                0x00002ab8                Front_ADC_SAR_IRQ_SetPriority
 .text.Front_ADC_SAR_IRQ_Enable
                0x00002ac8        0xc .\CortexM3\ARM_GCC_493\Debug\freesoc.a(Front_ADC_SAR_IRQ.o)
                0x00002ac8                Front_ADC_SAR_IRQ_Enable
 .text.Front_ADC_SAR_IRQ_Disable
                0x00002ad4        0xc .\CortexM3\ARM_GCC_493\Debug\freesoc.a(Front_ADC_SAR_IRQ.o)
                0x00002ad4                Front_ADC_SAR_IRQ_Disable
 .text.Front_ADC_SAR_IRQ_StartEx
                0x00002ae0       0x1c .\CortexM3\ARM_GCC_493\Debug\freesoc.a(Front_ADC_SAR_IRQ.o)
                0x00002ae0                Front_ADC_SAR_IRQ_StartEx
 .text.Front_ADC_SAR_IRQ_ClearPending
                0x00002afc        0xc .\CortexM3\ARM_GCC_493\Debug\freesoc.a(Front_ADC_SAR_IRQ.o)
                0x00002afc                Front_ADC_SAR_IRQ_ClearPending
 .text.Front_ADC_SAR_theACLK_SetModeRegister
                0x00002b08       0x14 .\CortexM3\ARM_GCC_493\Debug\freesoc.a(Front_ADC_SAR_theACLK.o)
                0x00002b08                Front_ADC_SAR_theACLK_SetModeRegister
 .text.Rear_ADC_SAR_IRQ_SetVector
                0x00002b1c        0xc .\CortexM3\ARM_GCC_493\Debug\freesoc.a(Rear_ADC_SAR_IRQ.o)
                0x00002b1c                Rear_ADC_SAR_IRQ_SetVector
 .text.Rear_ADC_SAR_IRQ_SetPriority
                0x00002b28       0x10 .\CortexM3\ARM_GCC_493\Debug\freesoc.a(Rear_ADC_SAR_IRQ.o)
                0x00002b28                Rear_ADC_SAR_IRQ_SetPriority
 .text.Rear_ADC_SAR_IRQ_Enable
                0x00002b38        0xc .\CortexM3\ARM_GCC_493\Debug\freesoc.a(Rear_ADC_SAR_IRQ.o)
                0x00002b38                Rear_ADC_SAR_IRQ_Enable
 .text.Rear_ADC_SAR_IRQ_Disable
                0x00002b44        0xc .\CortexM3\ARM_GCC_493\Debug\freesoc.a(Rear_ADC_SAR_IRQ.o)
                0x00002b44                Rear_ADC_SAR_IRQ_Disable
 .text.Rear_ADC_SAR_IRQ_StartEx
                0x00002b50       0x1c .\CortexM3\ARM_GCC_493\Debug\freesoc.a(Rear_ADC_SAR_IRQ.o)
                0x00002b50                Rear_ADC_SAR_IRQ_StartEx
 .text.Rear_ADC_SAR_IRQ_ClearPending
                0x00002b6c        0xc .\CortexM3\ARM_GCC_493\Debug\freesoc.a(Rear_ADC_SAR_IRQ.o)
                0x00002b6c                Rear_ADC_SAR_IRQ_ClearPending
 .text.Rear_ADC_SAR_theACLK_SetModeRegister
                0x00002b78       0x14 .\CortexM3\ARM_GCC_493\Debug\freesoc.a(Rear_ADC_SAR_theACLK.o)
                0x00002b78                Rear_ADC_SAR_theACLK_SetModeRegister
 .text.Rear_EOS_Intr_SetVector
                0x00002b8c        0xc .\CortexM3\ARM_GCC_493\Debug\freesoc.a(Rear_EOS_Intr.o)
                0x00002b8c                Rear_EOS_Intr_SetVector
 .text.Rear_EOS_Intr_SetPriority
                0x00002b98       0x10 .\CortexM3\ARM_GCC_493\Debug\freesoc.a(Rear_EOS_Intr.o)
                0x00002b98                Rear_EOS_Intr_SetPriority
 .text.Rear_EOS_Intr_Enable
                0x00002ba8        0xc .\CortexM3\ARM_GCC_493\Debug\freesoc.a(Rear_EOS_Intr.o)
                0x00002ba8                Rear_EOS_Intr_Enable
 .text.Rear_EOS_Intr_Disable
                0x00002bb4        0xc .\CortexM3\ARM_GCC_493\Debug\freesoc.a(Rear_EOS_Intr.o)
                0x00002bb4                Rear_EOS_Intr_Disable
 .text.Rear_EOS_Intr_StartEx
                0x00002bc0       0x1c .\CortexM3\ARM_GCC_493\Debug\freesoc.a(Rear_EOS_Intr.o)
                0x00002bc0                Rear_EOS_Intr_StartEx
 .text.Rear_EOS_Intr_ClearPending
                0x00002bdc        0xc .\CortexM3\ARM_GCC_493\Debug\freesoc.a(Rear_EOS_Intr.o)
                0x00002bdc                Rear_EOS_Intr_ClearPending
 .text.Front_EOS_Intr_SetVector
                0x00002be8        0xc .\CortexM3\ARM_GCC_493\Debug\freesoc.a(Front_EOS_Intr.o)
                0x00002be8                Front_EOS_Intr_SetVector
 .text.Front_EOS_Intr_SetPriority
                0x00002bf4       0x10 .\CortexM3\ARM_GCC_493\Debug\freesoc.a(Front_EOS_Intr.o)
                0x00002bf4                Front_EOS_Intr_SetPriority
 .text.Front_EOS_Intr_Enable
                0x00002c04        0xc .\CortexM3\ARM_GCC_493\Debug\freesoc.a(Front_EOS_Intr.o)
                0x00002c04                Front_EOS_Intr_Enable
 .text.Front_EOS_Intr_Disable
                0x00002c10        0xc .\CortexM3\ARM_GCC_493\Debug\freesoc.a(Front_EOS_Intr.o)
                0x00002c10                Front_EOS_Intr_Disable
 .text.Front_EOS_Intr_StartEx
                0x00002c1c       0x1c .\CortexM3\ARM_GCC_493\Debug\freesoc.a(Front_EOS_Intr.o)
                0x00002c1c                Front_EOS_Intr_StartEx
 .text.Front_EOS_Intr_ClearPending
                0x00002c38        0xc .\CortexM3\ARM_GCC_493\Debug\freesoc.a(Front_EOS_Intr.o)
                0x00002c38                Front_EOS_Intr_ClearPending
 .text.Mainloop_Pin_Write
                0x00002c44       0x18 .\CortexM3\ARM_GCC_493\Debug\freesoc.a(Mainloop_Pin.o)
                0x00002c44                Mainloop_Pin_Write
 .text.Right_QuadDec_Init
                0x00002c5c       0x24 .\CortexM3\ARM_GCC_493\Debug\freesoc.a(Right_QuadDec.o)
                0x00002c5c                Right_QuadDec_Init
 .text.Right_QuadDec_GetCounter
                0x00002c80       0x2c .\CortexM3\ARM_GCC_493\Debug\freesoc.a(Right_QuadDec.o)
                0x00002c80                Right_QuadDec_GetCounter
 .text.Right_QuadDec_SetCounter
                0x00002cac       0x28 .\CortexM3\ARM_GCC_493\Debug\freesoc.a(Right_QuadDec.o)
                0x00002cac                Right_QuadDec_SetCounter
 .text.Right_QuadDec_GetEvents
                0x00002cd4       0x10 .\CortexM3\ARM_GCC_493\Debug\freesoc.a(Right_QuadDec.o)
                0x00002cd4                Right_QuadDec_GetEvents
 .text.Right_QuadDec_SetInterruptMask
                0x00002ce4       0x10 .\CortexM3\ARM_GCC_493\Debug\freesoc.a(Right_QuadDec.o)
                0x00002ce4                Right_QuadDec_SetInterruptMask
 .text.Right_QuadDec_Enable
                0x00002cf4       0x30 .\CortexM3\ARM_GCC_493\Debug\freesoc.a(Right_QuadDec.o)
                0x00002cf4                Right_QuadDec_Enable
 .text.Right_QuadDec_Start
                0x00002d24       0x34 .\CortexM3\ARM_GCC_493\Debug\freesoc.a(Right_QuadDec.o)
                0x00002d24                Right_QuadDec_Start
 .text.Right_QuadDec_ISR
                0x00002d58       0x40 .\CortexM3\ARM_GCC_493\Debug\freesoc.a(Right_QuadDec_INT.o)
                0x00002d58                Right_QuadDec_ISR
 .text.Right_QuadDec_Cnt16_Enable
                0x00002d98       0x10 .\CortexM3\ARM_GCC_493\Debug\freesoc.a(Right_QuadDec_Cnt16.o)
                0x00002d98                Right_QuadDec_Cnt16_Enable
 .text.Right_QuadDec_Cnt16_SetInterruptMode
                0x00002da8        0xc .\CortexM3\ARM_GCC_493\Debug\freesoc.a(Right_QuadDec_Cnt16.o)
                0x00002da8                Right_QuadDec_Cnt16_SetInterruptMode
 .text.Right_QuadDec_Cnt16_ReadStatusRegister
                0x00002db4        0xc .\CortexM3\ARM_GCC_493\Debug\freesoc.a(Right_QuadDec_Cnt16.o)
                0x00002db4                Right_QuadDec_Cnt16_ReadStatusRegister
 .text.Right_QuadDec_Cnt16_WriteCounter
                0x00002dc0        0xc .\CortexM3\ARM_GCC_493\Debug\freesoc.a(Right_QuadDec_Cnt16.o)
                0x00002dc0                Right_QuadDec_Cnt16_WriteCounter
 .text.Right_QuadDec_Cnt16_ReadCounter
                0x00002dcc       0x14 .\CortexM3\ARM_GCC_493\Debug\freesoc.a(Right_QuadDec_Cnt16.o)
                0x00002dcc                Right_QuadDec_Cnt16_ReadCounter
 .text.Right_QuadDec_Cnt16_ReadCapture
                0x00002de0        0xc .\CortexM3\ARM_GCC_493\Debug\freesoc.a(Right_QuadDec_Cnt16.o)
                0x00002de0                Right_QuadDec_Cnt16_ReadCapture
 .text.Right_QuadDec_Cnt16_WritePeriod
                0x00002dec        0xc .\CortexM3\ARM_GCC_493\Debug\freesoc.a(Right_QuadDec_Cnt16.o)
                0x00002dec                Right_QuadDec_Cnt16_WritePeriod
 .text.Right_QuadDec_Cnt16_WriteCompare
                0x00002df8        0xc .\CortexM3\ARM_GCC_493\Debug\freesoc.a(Right_QuadDec_Cnt16.o)
                0x00002df8                Right_QuadDec_Cnt16_WriteCompare
 .text.Right_QuadDec_Cnt16_ClearFIFO
                0x00002e04       0x14 .\CortexM3\ARM_GCC_493\Debug\freesoc.a(Right_QuadDec_Cnt16.o)
                0x00002e04                Right_QuadDec_Cnt16_ClearFIFO
 .text.Right_QuadDec_Cnt16_Init
                0x00002e18       0x58 .\CortexM3\ARM_GCC_493\Debug\freesoc.a(Right_QuadDec_Cnt16.o)
                0x00002e18                Right_QuadDec_Cnt16_Init
 .text.Right_QuadDec_Cnt16_Start
                0x00002e70       0x1c .\CortexM3\ARM_GCC_493\Debug\freesoc.a(Right_QuadDec_Cnt16.o)
                0x00002e70                Right_QuadDec_Cnt16_Start
 .text.Left_QuadDec_Init
                0x00002e8c       0x24 .\CortexM3\ARM_GCC_493\Debug\freesoc.a(Left_QuadDec.o)
                0x00002e8c                Left_QuadDec_Init
 .text.Left_QuadDec_GetCounter
                0x00002eb0       0x2c .\CortexM3\ARM_GCC_493\Debug\freesoc.a(Left_QuadDec.o)
                0x00002eb0                Left_QuadDec_GetCounter
 .text.Left_QuadDec_SetCounter
                0x00002edc       0x28 .\CortexM3\ARM_GCC_493\Debug\freesoc.a(Left_QuadDec.o)
                0x00002edc                Left_QuadDec_SetCounter
 .text.Left_QuadDec_GetEvents
                0x00002f04       0x10 .\CortexM3\ARM_GCC_493\Debug\freesoc.a(Left_QuadDec.o)
                0x00002f04                Left_QuadDec_GetEvents
 .text.Left_QuadDec_SetInterruptMask
                0x00002f14       0x10 .\CortexM3\ARM_GCC_493\Debug\freesoc.a(Left_QuadDec.o)
                0x00002f14                Left_QuadDec_SetInterruptMask
 .text.Left_QuadDec_Enable
                0x00002f24       0x30 .\CortexM3\ARM_GCC_493\Debug\freesoc.a(Left_QuadDec.o)
                0x00002f24                Left_QuadDec_Enable
 .text.Left_QuadDec_Start
                0x00002f54       0x34 .\CortexM3\ARM_GCC_493\Debug\freesoc.a(Left_QuadDec.o)
                0x00002f54                Left_QuadDec_Start
 .text.Left_QuadDec_ISR
                0x00002f88       0x40 .\CortexM3\ARM_GCC_493\Debug\freesoc.a(Left_QuadDec_INT.o)
                0x00002f88                Left_QuadDec_ISR
 .text.Left_QuadDec_Cnt16_Enable
                0x00002fc8       0x10 .\CortexM3\ARM_GCC_493\Debug\freesoc.a(Left_QuadDec_Cnt16.o)
                0x00002fc8                Left_QuadDec_Cnt16_Enable
 .text.Left_QuadDec_Cnt16_SetInterruptMode
                0x00002fd8        0xc .\CortexM3\ARM_GCC_493\Debug\freesoc.a(Left_QuadDec_Cnt16.o)
                0x00002fd8                Left_QuadDec_Cnt16_SetInterruptMode
 .text.Left_QuadDec_Cnt16_ReadStatusRegister
                0x00002fe4        0xc .\CortexM3\ARM_GCC_493\Debug\freesoc.a(Left_QuadDec_Cnt16.o)
                0x00002fe4                Left_QuadDec_Cnt16_ReadStatusRegister
 .text.Left_QuadDec_Cnt16_WriteCounter
                0x00002ff0        0xc .\CortexM3\ARM_GCC_493\Debug\freesoc.a(Left_QuadDec_Cnt16.o)
                0x00002ff0                Left_QuadDec_Cnt16_WriteCounter
 .text.Left_QuadDec_Cnt16_ReadCounter
                0x00002ffc       0x14 .\CortexM3\ARM_GCC_493\Debug\freesoc.a(Left_QuadDec_Cnt16.o)
                0x00002ffc                Left_QuadDec_Cnt16_ReadCounter
 .text.Left_QuadDec_Cnt16_ReadCapture
                0x00003010        0xc .\CortexM3\ARM_GCC_493\Debug\freesoc.a(Left_QuadDec_Cnt16.o)
                0x00003010                Left_QuadDec_Cnt16_ReadCapture
 .text.Left_QuadDec_Cnt16_WritePeriod
                0x0000301c        0xc .\CortexM3\ARM_GCC_493\Debug\freesoc.a(Left_QuadDec_Cnt16.o)
                0x0000301c                Left_QuadDec_Cnt16_WritePeriod
 .text.Left_QuadDec_Cnt16_WriteCompare
                0x00003028        0xc .\CortexM3\ARM_GCC_493\Debug\freesoc.a(Left_QuadDec_Cnt16.o)
                0x00003028                Left_QuadDec_Cnt16_WriteCompare
 .text.Left_QuadDec_Cnt16_ClearFIFO
                0x00003034       0x14 .\CortexM3\ARM_GCC_493\Debug\freesoc.a(Left_QuadDec_Cnt16.o)
                0x00003034                Left_QuadDec_Cnt16_ClearFIFO
 .text.Left_QuadDec_Cnt16_Init
                0x00003048       0x58 .\CortexM3\ARM_GCC_493\Debug\freesoc.a(Left_QuadDec_Cnt16.o)
                0x00003048                Left_QuadDec_Cnt16_Init
 .text.Left_QuadDec_Cnt16_Start
                0x000030a0       0x1c .\CortexM3\ARM_GCC_493\Debug\freesoc.a(Left_QuadDec_Cnt16.o)
                0x000030a0                Left_QuadDec_Cnt16_Start
 .text.USBUART_Init
                0x000030bc      0x140 .\CortexM3\ARM_GCC_493\Debug\freesoc.a(USBUART.o)
                0x000030bc                USBUART_Init
 .text.USBUART_InitComponent
                0x000031fc       0xd4 .\CortexM3\ARM_GCC_493\Debug\freesoc.a(USBUART.o)
                0x000031fc                USBUART_InitComponent
 .text.USBUART_Start
                0x000032d0       0x24 .\CortexM3\ARM_GCC_493\Debug\freesoc.a(USBUART.o)
                0x000032d0                USBUART_Start
 .text.USBUART_ReInitComponent
                0x000032f4       0x64 .\CortexM3\ARM_GCC_493\Debug\freesoc.a(USBUART.o)
                0x000032f4                USBUART_ReInitComponent
 .text.USBUART_GetConfiguration
                0x00003358        0xc .\CortexM3\ARM_GCC_493\Debug\freesoc.a(USBUART.o)
                0x00003358                USBUART_GetConfiguration
 .text.USBUART_IsConfigurationChanged
                0x00003364       0x20 .\CortexM3\ARM_GCC_493\Debug\freesoc.a(USBUART.o)
                0x00003364                USBUART_IsConfigurationChanged
 .text.USBUART_GetEPState
                0x00003384       0x14 .\CortexM3\ARM_GCC_493\Debug\freesoc.a(USBUART.o)
                0x00003384                USBUART_GetEPState
 .text.USBUART_LoadInEP
                0x00003398       0x94 .\CortexM3\ARM_GCC_493\Debug\freesoc.a(USBUART.o)
                0x00003398                USBUART_LoadInEP
 .text.USBUART_EnableOutEP
                0x0000342c       0x2c .\CortexM3\ARM_GCC_493\Debug\freesoc.a(USBUART.o)
                0x0000342c                USBUART_EnableOutEP
 .text.USBUART_StrLen
                0x00003458       0x14 .\CortexM3\ARM_GCC_493\Debug\freesoc.a(USBUART_cdc.o)
 .text.USBUART_GetInterfaceComPort
                0x0000346c       0x3c .\CortexM3\ARM_GCC_493\Debug\freesoc.a(USBUART_cdc.o)
                0x0000346c                USBUART_GetInterfaceComPort
 .text.USBUART_DispatchCDCClassRqst
                0x000034a8       0x98 .\CortexM3\ARM_GCC_493\Debug\freesoc.a(USBUART_cdc.o)
                0x000034a8                USBUART_DispatchCDCClassRqst
 .text.USBUART_CDC_Init
                0x00003540       0x98 .\CortexM3\ARM_GCC_493\Debug\freesoc.a(USBUART_cdc.o)
                0x00003540                USBUART_CDC_Init
 .text.USBUART_PutString
                0x000035d8       0x9c .\CortexM3\ARM_GCC_493\Debug\freesoc.a(USBUART_cdc.o)
                0x000035d8                USBUART_PutString
 .text.USBUART_CDCIsReady
                0x00003674       0x18 .\CortexM3\ARM_GCC_493\Debug\freesoc.a(USBUART_cdc.o)
                0x00003674                USBUART_CDCIsReady
 .text.USBUART_Cdc_EpInit
                0x0000368c       0x50 .\CortexM3\ARM_GCC_493\Debug\freesoc.a(USBUART_cdc.o)
                0x0000368c                USBUART_Cdc_EpInit
 .text.USBUART_LoadEP0
                0x000036dc       0x94 .\CortexM3\ARM_GCC_493\Debug\freesoc.a(USBUART_drv.o)
                0x000036dc                USBUART_LoadEP0
 .text.USBUART_InitZeroLengthControlTransfer
                0x00003770       0x34 .\CortexM3\ARM_GCC_493\Debug\freesoc.a(USBUART_drv.o)
                0x00003770                USBUART_InitZeroLengthControlTransfer
 .text.USBUART_ControlReadDataStage
                0x000037a4        0x8 .\CortexM3\ARM_GCC_493\Debug\freesoc.a(USBUART_drv.o)
                0x000037a4                USBUART_ControlReadDataStage
 .text.USBUART_ControlWriteDataStage
                0x000037ac       0x80 .\CortexM3\ARM_GCC_493\Debug\freesoc.a(USBUART_drv.o)
                0x000037ac                USBUART_ControlWriteDataStage
 .text.USBUART_InitNoDataControlTransfer
                0x0000382c       0x2c .\CortexM3\ARM_GCC_493\Debug\freesoc.a(USBUART_drv.o)
                0x0000382c                USBUART_InitNoDataControlTransfer
 .text.USBUART_UpdateStatusBlock
                0x00003858       0x24 .\CortexM3\ARM_GCC_493\Debug\freesoc.a(USBUART_drv.o)
                0x00003858                USBUART_UpdateStatusBlock
 .text.USBUART_HandleSetup
                0x0000387c       0x5c .\CortexM3\ARM_GCC_493\Debug\freesoc.a(USBUART_drv.o)
                0x0000387c                USBUART_HandleSetup
 .text.USBUART_ControlReadStatusStage
                0x000038d8       0x34 .\CortexM3\ARM_GCC_493\Debug\freesoc.a(USBUART_drv.o)
                0x000038d8                USBUART_ControlReadStatusStage
 .text.USBUART_HandleOUT
                0x0000390c       0x38 .\CortexM3\ARM_GCC_493\Debug\freesoc.a(USBUART_drv.o)
                0x0000390c                USBUART_HandleOUT
 .text.USBUART_ControlWriteStatusStage
                0x00003944       0x20 .\CortexM3\ARM_GCC_493\Debug\freesoc.a(USBUART_drv.o)
                0x00003944                USBUART_ControlWriteStatusStage
 .text.USBUART_NoDataControlStatusStage
                0x00003964       0x40 .\CortexM3\ARM_GCC_493\Debug\freesoc.a(USBUART_drv.o)
                0x00003964                USBUART_NoDataControlStatusStage
 .text.USBUART_HandleIN
                0x000039a4       0x2c .\CortexM3\ARM_GCC_493\Debug\freesoc.a(USBUART_drv.o)
                0x000039a4                USBUART_HandleIN
 .text.USBUART_EP_0_ISR
                0x000039d0       0xb8 .\CortexM3\ARM_GCC_493\Debug\freesoc.a(USBUART_drv.o)
                0x000039d0                USBUART_EP_0_ISR
 .text.USBUART_InitializeStatusBlock
                0x00003a88       0x24 .\CortexM3\ARM_GCC_493\Debug\freesoc.a(USBUART_drv.o)
                0x00003a88                USBUART_InitializeStatusBlock
 .text.USBUART_InitControlRead
                0x00003aac       0x50 .\CortexM3\ARM_GCC_493\Debug\freesoc.a(USBUART_drv.o)
                0x00003aac                USBUART_InitControlRead
 .text.USBUART_InitControlWrite
                0x00003afc       0x48 .\CortexM3\ARM_GCC_493\Debug\freesoc.a(USBUART_drv.o)
                0x00003afc                USBUART_InitControlWrite
 .text.USBUART_EP_1_ISR
                0x00003b44       0x38 .\CortexM3\ARM_GCC_493\Debug\freesoc.a(USBUART_episr.o)
                0x00003b44                USBUART_EP_1_ISR
 .text.USBUART_EP_2_ISR
                0x00003b7c       0x3c .\CortexM3\ARM_GCC_493\Debug\freesoc.a(USBUART_episr.o)
                0x00003b7c                USBUART_EP_2_ISR
 .text.USBUART_EP_3_ISR
                0x00003bb8       0x44 .\CortexM3\ARM_GCC_493\Debug\freesoc.a(USBUART_episr.o)
                0x00003bb8                USBUART_EP_3_ISR
 .text.USBUART_SOF_ISR
                0x00003bfc        0x4 .\CortexM3\ARM_GCC_493\Debug\freesoc.a(USBUART_episr.o)
                0x00003bfc                USBUART_SOF_ISR
 .text.USBUART_BUS_RESET_ISR
                0x00003c00        0x8 .\CortexM3\ARM_GCC_493\Debug\freesoc.a(USBUART_episr.o)
                0x00003c00                USBUART_BUS_RESET_ISR
 .text.USBUART_FindHidClassDecriptor
                0x00003c08       0x40 .\CortexM3\ARM_GCC_493\Debug\freesoc.a(USBUART_hid.o)
                0x00003c08                USBUART_FindHidClassDecriptor
 .text.USBUART_FindReportDescriptor
                0x00003c48       0x48 .\CortexM3\ARM_GCC_493\Debug\freesoc.a(USBUART_hid.o)
                0x00003c48                USBUART_FindReportDescriptor
 .text.USBUART_FindReport
                0x00003c90       0x7c .\CortexM3\ARM_GCC_493\Debug\freesoc.a(USBUART_hid.o)
                0x00003c90                USBUART_FindReport
 .text.USBUART_DispatchHIDClassRqst
                0x00003d0c      0x184 .\CortexM3\ARM_GCC_493\Debug\freesoc.a(USBUART_hid.o)
                0x00003d0c                USBUART_DispatchHIDClassRqst
 .text.USBUART_DP_ISR
                0x00003e90        0x8 .\CortexM3\ARM_GCC_493\Debug\freesoc.a(USBUART_pm.o)
                0x00003e90                USBUART_DP_ISR
 .text.USBUART_ReadDieID
                0x00003e98       0x6c .\CortexM3\ARM_GCC_493\Debug\freesoc.a(USBUART_std.o)
                0x00003e98                USBUART_ReadDieID
 .text.USBUART_ConfigReg
                0x00003f04       0xa4 .\CortexM3\ARM_GCC_493\Debug\freesoc.a(USBUART_std.o)
                0x00003f04                USBUART_ConfigReg
 .text.USBUART_GetConfigTablePtr
                0x00003fa8       0x28 .\CortexM3\ARM_GCC_493\Debug\freesoc.a(USBUART_std.o)
                0x00003fa8                USBUART_GetConfigTablePtr
 .text.USBUART_ConfigAltChanged
                0x00003fd0      0x11c .\CortexM3\ARM_GCC_493\Debug\freesoc.a(USBUART_std.o)
                0x00003fd0                USBUART_ConfigAltChanged
 .text.USBUART_GetDeviceTablePtr
                0x000040ec       0x18 .\CortexM3\ARM_GCC_493\Debug\freesoc.a(USBUART_std.o)
                0x000040ec                USBUART_GetDeviceTablePtr
 .text.USBUART_GetInterfaceClassTablePtr
                0x00004104       0x24 .\CortexM3\ARM_GCC_493\Debug\freesoc.a(USBUART_std.o)
                0x00004104                USBUART_GetInterfaceClassTablePtr
 .text.USBUART_Config
                0x00004128      0x1dc .\CortexM3\ARM_GCC_493\Debug\freesoc.a(USBUART_std.o)
                0x00004128                USBUART_Config
 .text.USBUART_SetEndpointHalt
                0x00004304       0x64 .\CortexM3\ARM_GCC_493\Debug\freesoc.a(USBUART_std.o)
                0x00004304                USBUART_SetEndpointHalt
 .text.USBUART_ClearEndpointHalt
                0x00004368       0xa8 .\CortexM3\ARM_GCC_493\Debug\freesoc.a(USBUART_std.o)
                0x00004368                USBUART_ClearEndpointHalt
 .text.USBUART_ValidateAlternateSetting
                0x00004410       0x4c .\CortexM3\ARM_GCC_493\Debug\freesoc.a(USBUART_std.o)
                0x00004410                USBUART_ValidateAlternateSetting
 .text.USBUART_HandleStandardRqst
                0x0000445c      0x35c .\CortexM3\ARM_GCC_493\Debug\freesoc.a(USBUART_std.o)
                0x0000445c                USBUART_HandleStandardRqst
 .text.USBUART_HandleVendorRqst
                0x000047b8       0x3c .\CortexM3\ARM_GCC_493\Debug\freesoc.a(USBUART_vnd.o)
                0x000047b8                USBUART_HandleVendorRqst
 .text.USBUART_Dp_ClearInterrupt
                0x000047f4       0x10 .\CortexM3\ARM_GCC_493\Debug\freesoc.a(USBUART_Dp.o)
                0x000047f4                USBUART_Dp_ClearInterrupt
 .text.USBUART_DispatchClassRqst
                0x00004804       0x60 .\CortexM3\ARM_GCC_493\Debug\freesoc.a(USBUART_cls.o)
                0x00004804                USBUART_DispatchClassRqst
 .text.cos      0x00004864       0x90 c:/program files (x86)/cypress/psoc creator/3.3/psoc creator/import/gnu/arm/4.9.3/bin/../lib/gcc/arm-none-eabi/4.9.3/../../../../arm-none-eabi/lib/armv7-m\libm.a(lib_a-s_cos.o)
                0x00004864                cos
 .text.sin      0x000048f4       0x94 c:/program files (x86)/cypress/psoc creator/3.3/psoc creator/import/gnu/arm/4.9.3/bin/../lib/gcc/arm-none-eabi/4.9.3/../../../../arm-none-eabi/lib/armv7-m\libm.a(lib_a-s_sin.o)
                0x000048f4                sin
 .text.pow      0x00004988      0x2f0 c:/program files (x86)/cypress/psoc creator/3.3/psoc creator/import/gnu/arm/4.9.3/bin/../lib/gcc/arm-none-eabi/4.9.3/../../../../arm-none-eabi/lib/armv7-m\libm.a(lib_a-w_pow.o)
                0x00004988                pow
 .text.__ieee754_pow
                0x00004c78      0xaa0 c:/program files (x86)/cypress/psoc creator/3.3/psoc creator/import/gnu/arm/4.9.3/bin/../lib/gcc/arm-none-eabi/4.9.3/../../../../arm-none-eabi/lib/armv7-m\libm.a(lib_a-e_pow.o)
                0x00004c78                __ieee754_pow
 .text.__ieee754_rem_pio2
                0x00005718      0x428 c:/program files (x86)/cypress/psoc creator/3.3/psoc creator/import/gnu/arm/4.9.3/bin/../lib/gcc/arm-none-eabi/4.9.3/../../../../arm-none-eabi/lib/armv7-m\libm.a(lib_a-e_rem_pio2.o)
                0x00005718                __ieee754_rem_pio2
 .text.__ieee754_sqrt
                0x00005b40      0x18c c:/program files (x86)/cypress/psoc creator/3.3/psoc creator/import/gnu/arm/4.9.3/bin/../lib/gcc/arm-none-eabi/4.9.3/../../../../arm-none-eabi/lib/armv7-m\libm.a(lib_a-e_sqrt.o)
                0x00005b40                __ieee754_sqrt
 *fill*         0x00005ccc        0x4 
 .text.__kernel_cos
                0x00005cd0      0x248 c:/program files (x86)/cypress/psoc creator/3.3/psoc creator/import/gnu/arm/4.9.3/bin/../lib/gcc/arm-none-eabi/4.9.3/../../../../arm-none-eabi/lib/armv7-m\libm.a(lib_a-k_cos.o)
                0x00005cd0                __kernel_cos
 .text.__kernel_rem_pio2
                0x00005f18      0x808 c:/program files (x86)/cypress/psoc creator/3.3/psoc creator/import/gnu/arm/4.9.3/bin/../lib/gcc/arm-none-eabi/4.9.3/../../../../arm-none-eabi/lib/armv7-m\libm.a(lib_a-k_rem_pio2.o)
                0x00005f18                __kernel_rem_pio2
 .text.__kernel_sin
                0x00006720      0x170 c:/program files (x86)/cypress/psoc creator/3.3/psoc creator/import/gnu/arm/4.9.3/bin/../lib/gcc/arm-none-eabi/4.9.3/../../../../arm-none-eabi/lib/armv7-m\libm.a(lib_a-k_sin.o)
                0x00006720                __kernel_sin
 .text.fabs     0x00006890        0x8 c:/program files (x86)/cypress/psoc creator/3.3/psoc creator/import/gnu/arm/4.9.3/bin/../lib/gcc/arm-none-eabi/4.9.3/../../../../arm-none-eabi/lib/armv7-m\libm.a(lib_a-s_fabs.o)
                0x00006890                fabs
 .text.finite   0x00006898        0xc c:/program files (x86)/cypress/psoc creator/3.3/psoc creator/import/gnu/arm/4.9.3/bin/../lib/gcc/arm-none-eabi/4.9.3/../../../../arm-none-eabi/lib/armv7-m\libm.a(lib_a-s_finite.o)
                0x00006898                finite
 *fill*         0x000068a4        0x4 
 .text.floor    0x000068a8      0x118 c:/program files (x86)/cypress/psoc creator/3.3/psoc creator/import/gnu/arm/4.9.3/bin/../lib/gcc/arm-none-eabi/4.9.3/../../../../arm-none-eabi/lib/armv7-m\libm.a(lib_a-s_floor.o)
                0x000068a8                floor
 .text.__fpclassifyd
                0x000069c0       0x58 c:/program files (x86)/cypress/psoc creator/3.3/psoc creator/import/gnu/arm/4.9.3/bin/../lib/gcc/arm-none-eabi/4.9.3/../../../../arm-none-eabi/lib/armv7-m\libm.a(lib_a-s_fpclassify.o)
                0x000069c0                __fpclassifyd
 .text.matherr  0x00006a18        0x4 c:/program files (x86)/cypress/psoc creator/3.3/psoc creator/import/gnu/arm/4.9.3/bin/../lib/gcc/arm-none-eabi/4.9.3/../../../../arm-none-eabi/lib/armv7-m\libm.a(lib_a-s_matherr.o)
                0x00006a18                matherr
 .text.nan      0x00006a1c        0xc c:/program files (x86)/cypress/psoc creator/3.3/psoc creator/import/gnu/arm/4.9.3/bin/../lib/gcc/arm-none-eabi/4.9.3/../../../../arm-none-eabi/lib/armv7-m\libm.a(lib_a-s_nan.o)
                0x00006a1c                nan
 .text.rint     0x00006a28      0x11c c:/program files (x86)/cypress/psoc creator/3.3/psoc creator/import/gnu/arm/4.9.3/bin/../lib/gcc/arm-none-eabi/4.9.3/../../../../arm-none-eabi/lib/armv7-m\libm.a(lib_a-s_rint.o)
                0x00006a28                rint
 *fill*         0x00006b44        0x4 
 .text.scalbn   0x00006b48       0xf0 c:/program files (x86)/cypress/psoc creator/3.3/psoc creator/import/gnu/arm/4.9.3/bin/../lib/gcc/arm-none-eabi/4.9.3/../../../../arm-none-eabi/lib/armv7-m\libm.a(lib_a-s_scalbn.o)
                0x00006b48                scalbn
 .text.copysign
                0x00006c38       0x10 c:/program files (x86)/cypress/psoc creator/3.3/psoc creator/import/gnu/arm/4.9.3/bin/../lib/gcc/arm-none-eabi/4.9.3/../../../../arm-none-eabi/lib/armv7-m\libm.a(lib_a-s_copysign.o)
                0x00006c38                copysign
 .text          0x00006c48      0x370 c:/program files (x86)/cypress/psoc creator/3.3/psoc creator/import/gnu/arm/4.9.3/bin/../lib/gcc/arm-none-eabi/4.9.3/armv7-m\libgcc.a(_arm_addsubdf3.o)
                0x00006c48                __aeabi_drsub
                0x00006c50                __aeabi_dsub
                0x00006c50                __subdf3
                0x00006c54                __aeabi_dadd
                0x00006c54                __adddf3
                0x00006ecc                __floatunsidf
                0x00006ecc                __aeabi_ui2d
                0x00006eec                __floatsidf
                0x00006eec                __aeabi_i2d
                0x00006f10                __aeabi_f2d
                0x00006f10                __extendsfdf2
                0x00006f4c                __floatundidf
                0x00006f4c                __aeabi_ul2d
                0x00006f5c                __floatdidf
                0x00006f5c                __aeabi_l2d
 .text          0x00006fb8      0x424 c:/program files (x86)/cypress/psoc creator/3.3/psoc creator/import/gnu/arm/4.9.3/bin/../lib/gcc/arm-none-eabi/4.9.3/armv7-m\libgcc.a(_arm_muldivdf3.o)
                0x00006fb8                __aeabi_dmul
                0x00006fb8                __muldf3
                0x0000720c                __divdf3
                0x0000720c                __aeabi_ddiv
 .text          0x000073dc      0x110 c:/program files (x86)/cypress/psoc creator/3.3/psoc creator/import/gnu/arm/4.9.3/bin/../lib/gcc/arm-none-eabi/4.9.3/armv7-m\libgcc.a(_arm_cmpdf2.o)
                0x000073dc                __gtdf2
                0x000073dc                __gedf2
                0x000073e4                __ltdf2
                0x000073e4                __ledf2
                0x000073ec                __nedf2
                0x000073ec                __eqdf2
                0x000073ec                __cmpdf2
                0x00007468                __aeabi_cdrcmple
                0x00007478                __aeabi_cdcmpeq
                0x00007478                __aeabi_cdcmple
                0x00007488                __aeabi_dcmpeq
                0x0000749c                __aeabi_dcmplt
                0x000074b0                __aeabi_dcmple
                0x000074c4                __aeabi_dcmpge
                0x000074d8                __aeabi_dcmpgt
 .text          0x000074ec       0x50 c:/program files (x86)/cypress/psoc creator/3.3/psoc creator/import/gnu/arm/4.9.3/bin/../lib/gcc/arm-none-eabi/4.9.3/armv7-m\libgcc.a(_arm_fixdfsi.o)
                0x000074ec                __aeabi_d2iz
                0x000074ec                __fixdfsi
 .text          0x0000753c       0x40 c:/program files (x86)/cypress/psoc creator/3.3/psoc creator/import/gnu/arm/4.9.3/bin/../lib/gcc/arm-none-eabi/4.9.3/armv7-m\libgcc.a(_arm_fixunsdfsi.o)
                0x0000753c                __aeabi_d2uiz
                0x0000753c                __fixunsdfsi
 .text          0x0000757c       0xa0 c:/program files (x86)/cypress/psoc creator/3.3/psoc creator/import/gnu/arm/4.9.3/bin/../lib/gcc/arm-none-eabi/4.9.3/armv7-m\libgcc.a(_arm_truncdfsf2.o)
                0x0000757c                __truncdfsf2
                0x0000757c                __aeabi_d2f
 .text          0x0000761c      0x21c c:/program files (x86)/cypress/psoc creator/3.3/psoc creator/import/gnu/arm/4.9.3/bin/../lib/gcc/arm-none-eabi/4.9.3/armv7-m\libgcc.a(_arm_addsubsf3.o)
                0x0000761c                __aeabi_frsub
                0x00007624                __subsf3
                0x00007624                __aeabi_fsub
                0x00007628                __aeabi_fadd
                0x00007628                __addsf3
                0x00007788                __aeabi_ui2f
                0x00007788                __floatunsisf
                0x00007790                __aeabi_i2f
                0x00007790                __floatsisf
                0x000077ac                __aeabi_ul2f
                0x000077ac                __floatundisf
                0x000077bc                __aeabi_l2f
                0x000077bc                __floatdisf
 .text          0x00007838      0x2a0 c:/program files (x86)/cypress/psoc creator/3.3/psoc creator/import/gnu/arm/4.9.3/bin/../lib/gcc/arm-none-eabi/4.9.3/armv7-m\libgcc.a(_arm_muldivsf3.o)
                0x00007838                __mulsf3
                0x00007838                __aeabi_fmul
                0x000079a0                __aeabi_fdiv
                0x000079a0                __divsf3
 .text          0x00007ad8       0xec c:/program files (x86)/cypress/psoc creator/3.3/psoc creator/import/gnu/arm/4.9.3/bin/../lib/gcc/arm-none-eabi/4.9.3/armv7-m\libgcc.a(_arm_cmpsf2.o)
                0x00007ad8                __gesf2
                0x00007ad8                __gtsf2
                0x00007ae0                __lesf2
                0x00007ae0                __ltsf2
                0x00007ae8                __nesf2
                0x00007ae8                __eqsf2
                0x00007ae8                __cmpsf2
                0x00007b48                __aeabi_cfrcmple
                0x00007b50                __aeabi_cfcmpeq
                0x00007b50                __aeabi_cfcmple
                0x00007b60                __aeabi_fcmpeq
                0x00007b74                __aeabi_fcmplt
                0x00007b88                __aeabi_fcmple
                0x00007b9c                __aeabi_fcmpge
                0x00007bb0                __aeabi_fcmpgt
 .text          0x00007bc4       0x4c c:/program files (x86)/cypress/psoc creator/3.3/psoc creator/import/gnu/arm/4.9.3/bin/../lib/gcc/arm-none-eabi/4.9.3/armv7-m\libgcc.a(_arm_fixsfsi.o)
                0x00007bc4                __aeabi_f2iz
                0x00007bc4                __fixsfsi
 .text.__errno  0x00007c10        0xc c:/program files (x86)/cypress/psoc creator/3.3/psoc creator/import/gnu/arm/4.9.3/bin/../lib/gcc/arm-none-eabi/4.9.3/../../../../arm-none-eabi/lib/armv7-m\libg_nano.a(lib_a-errno.o)
                0x00007c10                __errno
 .text.__libc_init_array
                0x00007c1c       0x4c c:/program files (x86)/cypress/psoc creator/3.3/psoc creator/import/gnu/arm/4.9.3/bin/../lib/gcc/arm-none-eabi/4.9.3/../../../../arm-none-eabi/lib/armv7-m\libg_nano.a(lib_a-init.o)
                0x00007c1c                __libc_init_array
 .text.__itoa   0x00007c68       0x2e c:/program files (x86)/cypress/psoc creator/3.3/psoc creator/import/gnu/arm/4.9.3/bin/../lib/gcc/arm-none-eabi/4.9.3/../../../../arm-none-eabi/lib/armv7-m\libg_nano.a(lib_a-itoa.o)
                0x00007c68                __itoa
 .text.itoa     0x00007c96        0x4 c:/program files (x86)/cypress/psoc creator/3.3/psoc creator/import/gnu/arm/4.9.3/bin/../lib/gcc/arm-none-eabi/4.9.3/../../../../arm-none-eabi/lib/armv7-m\libg_nano.a(lib_a-itoa.o)
                0x00007c96                itoa
 .text.memcpy   0x00007c9a       0x16 c:/program files (x86)/cypress/psoc creator/3.3/psoc creator/import/gnu/arm/4.9.3/bin/../lib/gcc/arm-none-eabi/4.9.3/../../../../arm-none-eabi/lib/armv7-m\libg_nano.a(lib_a-memcpy.o)
                0x00007c9a                memcpy
 .text.memset   0x00007cb0       0x10 c:/program files (x86)/cypress/psoc creator/3.3/psoc creator/import/gnu/arm/4.9.3/bin/../lib/gcc/arm-none-eabi/4.9.3/../../../../arm-none-eabi/lib/armv7-m\libg_nano.a(lib_a-memset.o)
                0x00007cb0                memset
 .text.__cvt    0x00007cc0       0xbc c:/program files (x86)/cypress/psoc creator/3.3/psoc creator/import/gnu/arm/4.9.3/bin/../lib/gcc/arm-none-eabi/4.9.3/../../../../arm-none-eabi/lib/armv7-m\libg_nano.a(lib_a-nano-vfprintf_float.o)
                0x00007cc0                __cvt
 .text.__exponent
                0x00007d7c       0x62 c:/program files (x86)/cypress/psoc creator/3.3/psoc creator/import/gnu/arm/4.9.3/bin/../lib/gcc/arm-none-eabi/4.9.3/../../../../arm-none-eabi/lib/armv7-m\libg_nano.a(lib_a-nano-vfprintf_float.o)
                0x00007d7c                __exponent
 *fill*         0x00007dde        0x2 
 .text._printf_float
                0x00007de0      0x48c c:/program files (x86)/cypress/psoc creator/3.3/psoc creator/import/gnu/arm/4.9.3/bin/../lib/gcc/arm-none-eabi/4.9.3/../../../../arm-none-eabi/lib/armv7-m\libg_nano.a(lib_a-nano-vfprintf_float.o)
                0x00007de0                _printf_float
 .text._printf_common
                0x0000826c       0xea c:/program files (x86)/cypress/psoc creator/3.3/psoc creator/import/gnu/arm/4.9.3/bin/../lib/gcc/arm-none-eabi/4.9.3/../../../../arm-none-eabi/lib/armv7-m\libg_nano.a(lib_a-nano-vfprintf_i.o)
                0x0000826c                _printf_common
 *fill*         0x00008356        0x2 
 .text._printf_i
                0x00008358      0x240 c:/program files (x86)/cypress/psoc creator/3.3/psoc creator/import/gnu/arm/4.9.3/bin/../lib/gcc/arm-none-eabi/4.9.3/../../../../arm-none-eabi/lib/armv7-m\libg_nano.a(lib_a-nano-vfprintf_i.o)
                0x00008358                _printf_i
 .text.snprintf
                0x00008598       0x64 c:/program files (x86)/cypress/psoc creator/3.3/psoc creator/import/gnu/arm/4.9.3/bin/../lib/gcc/arm-none-eabi/4.9.3/../../../../arm-none-eabi/lib/armv7-m\libg_nano.a(lib_a-snprintf.o)
                0x00008598                sniprintf
                0x00008598                snprintf
 .text.sprintf  0x000085fc       0x48 c:/program files (x86)/cypress/psoc creator/3.3/psoc creator/import/gnu/arm/4.9.3/bin/../lib/gcc/arm-none-eabi/4.9.3/../../../../arm-none-eabi/lib/armv7-m\libg_nano.a(lib_a-sprintf.o)
                0x000085fc                siprintf
                0x000085fc                sprintf
 .text.strlen   0x00008644       0x10 c:/program files (x86)/cypress/psoc creator/3.3/psoc creator/import/gnu/arm/4.9.3/bin/../lib/gcc/arm-none-eabi/4.9.3/../../../../arm-none-eabi/lib/armv7-m\libg_nano.a(lib_a-strlen.o)
                0x00008644                strlen
 .text.__utoa   0x00008654       0x78 c:/program files (x86)/cypress/psoc creator/3.3/psoc creator/import/gnu/arm/4.9.3/bin/../lib/gcc/arm-none-eabi/4.9.3/../../../../arm-none-eabi/lib/armv7-m\libg_nano.a(lib_a-utoa.o)
                0x00008654                __utoa
 .text.quorem   0x000086cc      0x114 c:/program files (x86)/cypress/psoc creator/3.3/psoc creator/import/gnu/arm/4.9.3/bin/../lib/gcc/arm-none-eabi/4.9.3/../../../../arm-none-eabi/lib/armv7-m\libg_nano.a(lib_a-dtoa.o)
 .text._dtoa_r  0x000087e0      0xb78 c:/program files (x86)/cypress/psoc creator/3.3/psoc creator/import/gnu/arm/4.9.3/bin/../lib/gcc/arm-none-eabi/4.9.3/../../../../arm-none-eabi/lib/armv7-m\libg_nano.a(lib_a-dtoa.o)
                0x000087e0                _dtoa_r
 .text._localeconv_r
                0x00009358        0x8 c:/program files (x86)/cypress/psoc creator/3.3/psoc creator/import/gnu/arm/4.9.3/bin/../lib/gcc/arm-none-eabi/4.9.3/../../../../arm-none-eabi/lib/armv7-m\libg_nano.a(lib_a-locale.o)
                0x00009358                _localeconv_r
 .text.malloc   0x00009360       0x10 c:/program files (x86)/cypress/psoc creator/3.3/psoc creator/import/gnu/arm/4.9.3/bin/../lib/gcc/arm-none-eabi/4.9.3/../../../../arm-none-eabi/lib/armv7-m\libg_nano.a(lib_a-malloc.o)
                0x00009360                malloc
 .text.memchr   0x00009370       0x1c c:/program files (x86)/cypress/psoc creator/3.3/psoc creator/import/gnu/arm/4.9.3/bin/../lib/gcc/arm-none-eabi/4.9.3/../../../../arm-none-eabi/lib/armv7-m\libg_nano.a(lib_a-memchr.o)
                0x00009370                memchr
 .text._Balloc  0x0000938c       0x6a c:/program files (x86)/cypress/psoc creator/3.3/psoc creator/import/gnu/arm/4.9.3/bin/../lib/gcc/arm-none-eabi/4.9.3/../../../../arm-none-eabi/lib/armv7-m\libg_nano.a(lib_a-mprec.o)
                0x0000938c                _Balloc
 .text._Bfree   0x000093f6       0x2e c:/program files (x86)/cypress/psoc creator/3.3/psoc creator/import/gnu/arm/4.9.3/bin/../lib/gcc/arm-none-eabi/4.9.3/../../../../arm-none-eabi/lib/armv7-m\libg_nano.a(lib_a-mprec.o)
                0x000093f6                _Bfree
 .text.__multadd
                0x00009424       0x7c c:/program files (x86)/cypress/psoc creator/3.3/psoc creator/import/gnu/arm/4.9.3/bin/../lib/gcc/arm-none-eabi/4.9.3/../../../../arm-none-eabi/lib/armv7-m\libg_nano.a(lib_a-mprec.o)
                0x00009424                __multadd
 .text.__hi0bits
                0x000094a0       0x40 c:/program files (x86)/cypress/psoc creator/3.3/psoc creator/import/gnu/arm/4.9.3/bin/../lib/gcc/arm-none-eabi/4.9.3/../../../../arm-none-eabi/lib/armv7-m\libg_nano.a(lib_a-mprec.o)
                0x000094a0                __hi0bits
 .text.__lo0bits
                0x000094e0       0x5a c:/program files (x86)/cypress/psoc creator/3.3/psoc creator/import/gnu/arm/4.9.3/bin/../lib/gcc/arm-none-eabi/4.9.3/../../../../arm-none-eabi/lib/armv7-m\libg_nano.a(lib_a-mprec.o)
                0x000094e0                __lo0bits
 .text.__i2b    0x0000953a       0x12 c:/program files (x86)/cypress/psoc creator/3.3/psoc creator/import/gnu/arm/4.9.3/bin/../lib/gcc/arm-none-eabi/4.9.3/../../../../arm-none-eabi/lib/armv7-m\libg_nano.a(lib_a-mprec.o)
                0x0000953a                __i2b
 .text.__multiply
                0x0000954c      0x120 c:/program files (x86)/cypress/psoc creator/3.3/psoc creator/import/gnu/arm/4.9.3/bin/../lib/gcc/arm-none-eabi/4.9.3/../../../../arm-none-eabi/lib/armv7-m\libg_nano.a(lib_a-mprec.o)
                0x0000954c                __multiply
 .text.__pow5mult
                0x0000966c       0x9c c:/program files (x86)/cypress/psoc creator/3.3/psoc creator/import/gnu/arm/4.9.3/bin/../lib/gcc/arm-none-eabi/4.9.3/../../../../arm-none-eabi/lib/armv7-m\libg_nano.a(lib_a-mprec.o)
                0x0000966c                __pow5mult
 .text.__lshift
                0x00009708       0xa6 c:/program files (x86)/cypress/psoc creator/3.3/psoc creator/import/gnu/arm/4.9.3/bin/../lib/gcc/arm-none-eabi/4.9.3/../../../../arm-none-eabi/lib/armv7-m\libg_nano.a(lib_a-mprec.o)
                0x00009708                __lshift
 .text.__mcmp   0x000097ae       0x38 c:/program files (x86)/cypress/psoc creator/3.3/psoc creator/import/gnu/arm/4.9.3/bin/../lib/gcc/arm-none-eabi/4.9.3/../../../../arm-none-eabi/lib/armv7-m\libg_nano.a(lib_a-mprec.o)
                0x000097ae                __mcmp
 .text.__mdiff  0x000097e6       0xbe c:/program files (x86)/cypress/psoc creator/3.3/psoc creator/import/gnu/arm/4.9.3/bin/../lib/gcc/arm-none-eabi/4.9.3/../../../../arm-none-eabi/lib/armv7-m\libg_nano.a(lib_a-mprec.o)
                0x000097e6                __mdiff
 .text.__d2b    0x000098a4       0xa4 c:/program files (x86)/cypress/psoc creator/3.3/psoc creator/import/gnu/arm/4.9.3/bin/../lib/gcc/arm-none-eabi/4.9.3/../../../../arm-none-eabi/lib/armv7-m\libg_nano.a(lib_a-mprec.o)
                0x000098a4                __d2b
 .text._calloc_r
                0x00009948       0x1c c:/program files (x86)/cypress/psoc creator/3.3/psoc creator/import/gnu/arm/4.9.3/bin/../lib/gcc/arm-none-eabi/4.9.3/../../../../arm-none-eabi/lib/armv7-m\libg_nano.a(lib_a-nano-callocr.o)
                0x00009948                _calloc_r
 .text._free_r  0x00009964       0x88 c:/program files (x86)/cypress/psoc creator/3.3/psoc creator/import/gnu/arm/4.9.3/bin/../lib/gcc/arm-none-eabi/4.9.3/../../../../arm-none-eabi/lib/armv7-m\libg_nano.a(lib_a-nano-freer.o)
                0x00009964                _free_r
 .text._malloc_r
                0x000099ec       0xac c:/program files (x86)/cypress/psoc creator/3.3/psoc creator/import/gnu/arm/4.9.3/bin/../lib/gcc/arm-none-eabi/4.9.3/../../../../arm-none-eabi/lib/armv7-m\libg_nano.a(lib_a-nano-mallocr.o)
                0x000099ec                _malloc_r
 .text.__ssputs_r
                0x00009a98       0xb2 c:/program files (x86)/cypress/psoc creator/3.3/psoc creator/import/gnu/arm/4.9.3/bin/../lib/gcc/arm-none-eabi/4.9.3/../../../../arm-none-eabi/lib/armv7-m\libg_nano.a(lib_a-nano-svfprintf.o)
                0x00009a98                __ssputs_r
 *fill*         0x00009b4a        0x2 
 .text._svfprintf_r
                0x00009b4c      0x1e4 c:/program files (x86)/cypress/psoc creator/3.3/psoc creator/import/gnu/arm/4.9.3/bin/../lib/gcc/arm-none-eabi/4.9.3/../../../../arm-none-eabi/lib/armv7-m\libg_nano.a(lib_a-nano-svfprintf.o)
                0x00009b4c                _svfiprintf_r
                0x00009b4c                _svfprintf_r
 .text._sbrk_r  0x00009d30       0x20 c:/program files (x86)/cypress/psoc creator/3.3/psoc creator/import/gnu/arm/4.9.3/bin/../lib/gcc/arm-none-eabi/4.9.3/../../../../arm-none-eabi/lib/armv7-m\libg_nano.a(lib_a-sbrkr.o)
                0x00009d30                _sbrk_r
 .text.memmove  0x00009d50       0x36 c:/program files (x86)/cypress/psoc creator/3.3/psoc creator/import/gnu/arm/4.9.3/bin/../lib/gcc/arm-none-eabi/4.9.3/../../../../arm-none-eabi/lib/armv7-m\libg_nano.a(lib_a-memmove.o)
                0x00009d50                memmove
 .text._realloc_r
                0x00009d86       0x4c c:/program files (x86)/cypress/psoc creator/3.3/psoc creator/import/gnu/arm/4.9.3/bin/../lib/gcc/arm-none-eabi/4.9.3/../../../../arm-none-eabi/lib/armv7-m\libg_nano.a(lib_a-nano-reallocr.o)
                0x00009d86                _realloc_r
 .text._malloc_usable_size_r
                0x00009dd2       0x14 c:/program files (x86)/cypress/psoc creator/3.3/psoc creator/import/gnu/arm/4.9.3/bin/../lib/gcc/arm-none-eabi/4.9.3/../../../../arm-none-eabi/lib/armv7-m\libg_nano.a(lib_a-nano-msizer.o)
                0x00009dd2                _malloc_usable_size_r
 *(.plt)
 *(.gnu.warning)
 *(.glue_7t)
 .glue_7t       0x00000000        0x0 linker stubs
 *(.glue_7)
 .glue_7        0x00000000        0x0 linker stubs
 *(.vfp11_veneer)
 .vfp11_veneer  0x00000000        0x0 linker stubs
 *(.bootloader)
 *(.ARM.extab* .gnu.linkonce.armextab.*)
 *(.gcc_except_table)

.v4_bx          0x00009de8        0x0
 .v4_bx         0x00000000        0x0 linker stubs

.iplt           0x00009de8        0x0
 .iplt          0x00000000        0x0 c:/program files (x86)/cypress/psoc creator/3.3/psoc creator/import/gnu/arm/4.9.3/bin/../lib/gcc/arm-none-eabi/4.9.3/armv7-m/crtbegin.o

.eh_frame_hdr
 *(.eh_frame_hdr)

.eh_frame       0x00009de8        0x4
 *(.eh_frame)
 .eh_frame      0x00009de8        0x0 c:/program files (x86)/cypress/psoc creator/3.3/psoc creator/import/gnu/arm/4.9.3/bin/../lib/gcc/arm-none-eabi/4.9.3/armv7-m/crtbegin.o
 .eh_frame      0x00009de8        0x0 c:/program files (x86)/cypress/psoc creator/3.3/psoc creator/import/gnu/arm/4.9.3/bin/../lib/gcc/arm-none-eabi/4.9.3/../../../../arm-none-eabi/lib/armv7-m\libg_nano.a(lib_a-strcmp.o)
                                 0x28 (size before relaxing)
 .eh_frame      0x00009de8        0x4 c:/program files (x86)/cypress/psoc creator/3.3/psoc creator/import/gnu/arm/4.9.3/bin/../lib/gcc/arm-none-eabi/4.9.3/armv7-m/crtend.o
                0x00009dec                PROVIDE (__exidx_start, .)

.ARM.exidx
 *(.ARM.exidx* .gnu.linkonce.armexidx.*)
                0x00009dec                __exidx_end = .

.rodata         0x00009df0      0x968
 *(.rodata .rodata.* .gnu.linkonce.r.*)
 .rodata.str1.4
                0x00009df0       0xb1 .\CortexM3\ARM_GCC_493\Debug\main.o
                                 0xb4 (size before relaxing)
 *fill*         0x00009ea1        0x3 
 .rodata        0x00009ea4        0xc .\CortexM3\ARM_GCC_493\Debug\encoder.o
 .rodata.str1.4
                0x00009eb0       0x68 .\CortexM3\ARM_GCC_493\Debug\encoder.o
 .rodata        0x00009f18       0x2c .\CortexM3\ARM_GCC_493\Debug\i2c.o
 .rodata.str1.4
                0x00009f44       0x77 .\CortexM3\ARM_GCC_493\Debug\i2c.o
                                 0x78 (size before relaxing)
 *fill*         0x00009fbb        0x1 
 .rodata        0x00009fbc       0x1c .\CortexM3\ARM_GCC_493\Debug\motor.o
 .rodata.str1.4
                0x00009fd8       0xec .\CortexM3\ARM_GCC_493\Debug\motor.o
 .rodata.str1.4
                0x0000a0c4        0x5 .\CortexM3\ARM_GCC_493\Debug\odom.o
                                 0x14 (size before relaxing)
 *fill*         0x0000a0c9        0x3 
 .rodata        0x0000a0cc        0x8 .\CortexM3\ARM_GCC_493\Debug\pid.o
 .rodata.str1.4
                0x0000a0d4       0x58 .\CortexM3\ARM_GCC_493\Debug\pid.o
                                 0x64 (size before relaxing)
 .rodata.str1.4
                0x0000a12c       0x1a .\CortexM3\ARM_GCC_493\Debug\serial.o
                                 0x1c (size before relaxing)
 *fill*         0x0000a146        0x2 
 .rodata        0x0000a148       0x54 .\CortexM3\ARM_GCC_493\Debug\freesoc.a(cyfitter_cfg.o)
 .rodata.str1.4
                0x0000a19c       0x11 .\CortexM3\ARM_GCC_493\Debug\freesoc.a(USBUART_std.o)
                                 0x14 (size before relaxing)
 *fill*         0x0000a1ad        0x3 
 .rodata        0x0000a1b0      0x1d4 .\CortexM3\ARM_GCC_493\Debug\freesoc.a(USBUART_descr.o)
                0x0000a1b0                USBUART_MSOS_CONFIGURATION_DESCR
                0x0000a1d8                USBUART_MSOS_DESCRIPTOR
                0x0000a1ec                USBUART_TABLE
                0x0000a1f4                USBUART_DEVICE0_TABLE
                0x0000a20c                USBUART_DEVICE0_CONFIGURATION0_TABLE
                0x0000a234                USBUART_DEVICE0_CONFIGURATION0_INTERFACE_CLASS
                0x0000a238                USBUART_DEVICE0_CONFIGURATION0_EP_SETTINGS_TABLE
                0x0000a250                USBUART_HIDREPORT_DESCRIPTOR1
                0x0000a288                USBUART_SN_STRING_DESCRIPTOR
                0x0000a28c                USBUART_STRING_DESCRIPTORS
                0x0000a32c                USBUART_DEVICE0_CONFIGURATION0_DESCR
                0x0000a370                USBUART_DEVICE0_DESCR
 .rodata.str1.4
                0x0000a384        0x4 c:/program files (x86)/cypress/psoc creator/3.3/psoc creator/import/gnu/arm/4.9.3/bin/../lib/gcc/arm-none-eabi/4.9.3/../../../../arm-none-eabi/lib/armv7-m\libm.a(lib_a-w_pow.o)
 .rodata.dp_h   0x0000a388       0x10 c:/program files (x86)/cypress/psoc creator/3.3/psoc creator/import/gnu/arm/4.9.3/bin/../lib/gcc/arm-none-eabi/4.9.3/../../../../arm-none-eabi/lib/armv7-m\libm.a(lib_a-e_pow.o)
 .rodata.dp_l   0x0000a398       0x10 c:/program files (x86)/cypress/psoc creator/3.3/psoc creator/import/gnu/arm/4.9.3/bin/../lib/gcc/arm-none-eabi/4.9.3/../../../../arm-none-eabi/lib/armv7-m\libm.a(lib_a-e_pow.o)
 .rodata.bp     0x0000a3a8       0x10 c:/program files (x86)/cypress/psoc creator/3.3/psoc creator/import/gnu/arm/4.9.3/bin/../lib/gcc/arm-none-eabi/4.9.3/../../../../arm-none-eabi/lib/armv7-m\libm.a(lib_a-e_pow.o)
 .rodata.str1.4
                0x00000000        0x4 c:/program files (x86)/cypress/psoc creator/3.3/psoc creator/import/gnu/arm/4.9.3/bin/../lib/gcc/arm-none-eabi/4.9.3/../../../../arm-none-eabi/lib/armv7-m\libm.a(lib_a-e_pow.o)
 .rodata.npio2_hw
                0x0000a3b8       0x80 c:/program files (x86)/cypress/psoc creator/3.3/psoc creator/import/gnu/arm/4.9.3/bin/../lib/gcc/arm-none-eabi/4.9.3/../../../../arm-none-eabi/lib/armv7-m\libm.a(lib_a-e_rem_pio2.o)
 .rodata.two_over_pi
                0x0000a438      0x108 c:/program files (x86)/cypress/psoc creator/3.3/psoc creator/import/gnu/arm/4.9.3/bin/../lib/gcc/arm-none-eabi/4.9.3/../../../../arm-none-eabi/lib/armv7-m\libm.a(lib_a-e_rem_pio2.o)
 .rodata.init_jk
                0x0000a540       0x10 c:/program files (x86)/cypress/psoc creator/3.3/psoc creator/import/gnu/arm/4.9.3/bin/../lib/gcc/arm-none-eabi/4.9.3/../../../../arm-none-eabi/lib/armv7-m\libm.a(lib_a-k_rem_pio2.o)
 .rodata.PIo2   0x0000a550       0x40 c:/program files (x86)/cypress/psoc creator/3.3/psoc creator/import/gnu/arm/4.9.3/bin/../lib/gcc/arm-none-eabi/4.9.3/../../../../arm-none-eabi/lib/armv7-m\libm.a(lib_a-k_rem_pio2.o)
 .rodata.TWO52  0x0000a590       0x10 c:/program files (x86)/cypress/psoc creator/3.3/psoc creator/import/gnu/arm/4.9.3/bin/../lib/gcc/arm-none-eabi/4.9.3/../../../../arm-none-eabi/lib/armv7-m\libm.a(lib_a-s_rint.o)
 .rodata.str1.1
                0x0000a5a0        0x2 c:/program files (x86)/cypress/psoc creator/3.3/psoc creator/import/gnu/arm/4.9.3/bin/../lib/gcc/arm-none-eabi/4.9.3/../../../../arm-none-eabi/lib/armv7-m\libg_nano.a(lib_a-impure.o)
 .rodata.str1.1