Archive member included because of file (symbol)

.\CortexM3\ARM_GCC_493\Debug\freesoc.a(cyfitter_cfg.o)
                              .\CortexM3\ARM_GCC_493\Debug\infrared.o (Front_AMuxSeq_DisconnectAll)
.\CortexM3\ARM_GCC_493\Debug\freesoc.a(Left_HB25_Enable_Pin.o)
                              .\CortexM3\ARM_GCC_493\Debug\motor.o (Left_HB25_Enable_Pin_Write)
.\CortexM3\ARM_GCC_493\Debug\freesoc.a(Left_HB25_PWM.o)
                              .\CortexM3\ARM_GCC_493\Debug\motor.o (Left_HB25_PWM_Stop)
.\CortexM3\ARM_GCC_493\Debug\freesoc.a(Right_HB25_Enable_Pin.o)
                              .\CortexM3\ARM_GCC_493\Debug\motor.o (Right_HB25_Enable_Pin_Write)
.\CortexM3\ARM_GCC_493\Debug\freesoc.a(Right_HB25_PWM.o)
                              .\CortexM3\ARM_GCC_493\Debug\motor.o (Right_HB25_PWM_Stop)
.\CortexM3\ARM_GCC_493\Debug\freesoc.a(CyBootAsmGnu.o)
                              .\CortexM3\ARM_GCC_493\Debug\freesoc.a(cyfitter_cfg.o) (CyDelayCycles)
.\CortexM3\ARM_GCC_493\Debug\freesoc.a(CyLib.o)
                              .\CortexM3\ARM_GCC_493\Debug\Cm3Start.o (CyHalt)
.\CortexM3\ARM_GCC_493\Debug\freesoc.a(cyPm.o)
                              .\CortexM3\ARM_GCC_493\Debug\freesoc.a(CyLib.o) (CyPmReadStatus)
.\CortexM3\ARM_GCC_493\Debug\freesoc.a(EZI2C_Slave.o)
                              .\CortexM3\ARM_GCC_493\Debug\i2c.o (EZI2C_Slave_Start)
.\CortexM3\ARM_GCC_493\Debug\freesoc.a(EZI2C_Slave_PM.o)
                              .\CortexM3\ARM_GCC_493\Debug\freesoc.a(EZI2C_Slave.o) (EZI2C_Slave_backup)
.\CortexM3\ARM_GCC_493\Debug\freesoc.a(EZI2C_Slave_INT.o)
                              .\CortexM3\ARM_GCC_493\Debug\freesoc.a(EZI2C_Slave.o) (EZI2C_Slave_ISR)
.\CortexM3\ARM_GCC_493\Debug\freesoc.a(Front_Echo_Intr.o)
                              .\CortexM3\ARM_GCC_493\Debug\ultrasonic.o (Front_Echo_Intr_StartEx)
.\CortexM3\ARM_GCC_493\Debug\freesoc.a(Front_Trigger_Reg.o)
                              .\CortexM3\ARM_GCC_493\Debug\ultrasonic.o (Front_Trigger_Reg_Write)
.\CortexM3\ARM_GCC_493\Debug\freesoc.a(Front_Trigger_Select_Reg.o)
                              .\CortexM3\ARM_GCC_493\Debug\ultrasonic.o (Front_Trigger_Select_Reg_Write)
.\CortexM3\ARM_GCC_493\Debug\freesoc.a(Front_Echo_Timer.o)
                              .\CortexM3\ARM_GCC_493\Debug\ultrasonic.o (Front_Echo_Timer_ReadCounter)
.\CortexM3\ARM_GCC_493\Debug\freesoc.a(Rear_Trigger_Reg.o)
                              .\CortexM3\ARM_GCC_493\Debug\ultrasonic.o (Rear_Trigger_Reg_Write)
.\CortexM3\ARM_GCC_493\Debug\freesoc.a(Rear_Trigger_Select_Reg.o)
                              .\CortexM3\ARM_GCC_493\Debug\ultrasonic.o (Rear_Trigger_Select_Reg_Write)
.\CortexM3\ARM_GCC_493\Debug\freesoc.a(Rear_Echo_Intr.o)
                              .\CortexM3\ARM_GCC_493\Debug\ultrasonic.o (Rear_Echo_Intr_StartEx)
.\CortexM3\ARM_GCC_493\Debug\freesoc.a(Rear_Echo_Timer.o)
                              .\CortexM3\ARM_GCC_493\Debug\ultrasonic.o (Rear_Echo_Timer_ReadCounter)
.\CortexM3\ARM_GCC_493\Debug\freesoc.a(Front_ADC_SAR.o)
                              .\CortexM3\ARM_GCC_493\Debug\infrared.o (Front_ADC_SAR_Start)
.\CortexM3\ARM_GCC_493\Debug\freesoc.a(Front_ADC_SAR_INT.o)
                              .\CortexM3\ARM_GCC_493\Debug\freesoc.a(Front_ADC_SAR.o) (Front_ADC_SAR_ISR)
.\CortexM3\ARM_GCC_493\Debug\freesoc.a(Front_AMuxSeq.o)
                              .\CortexM3\ARM_GCC_493\Debug\infrared.o (Front_AMuxSeq_Start)
.\CortexM3\ARM_GCC_493\Debug\freesoc.a(Rear_ADC_SAR.o)
                              .\CortexM3\ARM_GCC_493\Debug\infrared.o (Rear_ADC_SAR_Start)
.\CortexM3\ARM_GCC_493\Debug\freesoc.a(Rear_ADC_SAR_INT.o)
                              .\CortexM3\ARM_GCC_493\Debug\freesoc.a(Rear_ADC_SAR.o) (Rear_ADC_SAR_ISR)
.\CortexM3\ARM_GCC_493\Debug\freesoc.a(Rear_AMuxSeq.o)
                              .\CortexM3\ARM_GCC_493\Debug\infrared.o (Rear_AMuxSeq_Start)
.\CortexM3\ARM_GCC_493\Debug\freesoc.a(Front_ADC_SAR_IRQ.o)
                              .\CortexM3\ARM_GCC_493\Debug\infrared.o (Front_ADC_SAR_IRQ_StartEx)
.\CortexM3\ARM_GCC_493\Debug\freesoc.a(Front_ADC_SAR_theACLK.o)
                              .\CortexM3\ARM_GCC_493\Debug\freesoc.a(Front_ADC_SAR.o) (Front_ADC_SAR_theACLK_SetModeRegister)
.\CortexM3\ARM_GCC_493\Debug\freesoc.a(Rear_ADC_SAR_IRQ.o)
                              .\CortexM3\ARM_GCC_493\Debug\infrared.o (Rear_ADC_SAR_IRQ_StartEx)
.\CortexM3\ARM_GCC_493\Debug\freesoc.a(Rear_ADC_SAR_theACLK.o)
                              .\CortexM3\ARM_GCC_493\Debug\freesoc.a(Rear_ADC_SAR.o) (Rear_ADC_SAR_theACLK_SetModeRegister)
.\CortexM3\ARM_GCC_493\Debug\freesoc.a(Rear_EOS_Intr.o)
                              .\CortexM3\ARM_GCC_493\Debug\infrared.o (Rear_EOS_Intr_StartEx)
.\CortexM3\ARM_GCC_493\Debug\freesoc.a(Front_EOS_Intr.o)
                              .\CortexM3\ARM_GCC_493\Debug\infrared.o (Front_EOS_Intr_StartEx)
[...]
Memory Configuration

Name             Origin             Length             Attributes
rom              0x00000000         0x00040000         xr
ram              0x1fff8000         0x00010000         xrw
*default*        0x00000000         0xffffffff

Linker script and memory map

LOAD c:/program files (x86)/cypress/psoc creator/3.3/psoc creator/import/gnu/arm/4.9.3/bin/../lib/gcc/arm-none-eabi/4.9.3/armv7-m/crti.o
LOAD c:/program files (x86)/cypress/psoc creator/3.3/psoc creator/import/gnu/arm/4.9.3/bin/../lib/gcc/arm-none-eabi/4.9.3/armv7-m/crtbegin.o
LOAD c:/program files (x86)/cypress/psoc creator/3.3/psoc creator/import/gnu/arm/4.9.3/bin/../lib/gcc/arm-none-eabi/4.9.3/../../../../arm-none-eabi/lib/armv7-m/crt0.o
START GROUP
LOAD .\CortexM3\ARM_GCC_493\Debug\main.o
LOAD .\CortexM3\ARM_GCC_493\Debug\cal.o
LOAD .\CortexM3\ARM_GCC_493\Debug\control.o
LOAD .\CortexM3\ARM_GCC_493\Debug\debug.o
LOAD .\CortexM3\ARM_GCC_493\Debug\diag.o
LOAD .\CortexM3\ARM_GCC_493\Debug\encoder.o
LOAD .\CortexM3\ARM_GCC_493\Debug\i2c.o
LOAD .\CortexM3\ARM_GCC_493\Debug\motor.o
LOAD .\CortexM3\ARM_GCC_493\Debug\odom.o
LOAD .\CortexM3\ARM_GCC_493\Debug\pid.o
LOAD .\CortexM3\ARM_GCC_493\Debug\time.o
LOAD .\CortexM3\ARM_GCC_493\Debug\ultrasonic.o
LOAD .\CortexM3\ARM_GCC_493\Debug\utils.o
LOAD .\CortexM3\ARM_GCC_493\Debug\infrared.o
LOAD .\CortexM3\ARM_GCC_493\Debug\pid_controller.o
LOAD .\CortexM3\ARM_GCC_493\Debug\serial.o
LOAD .\CortexM3\ARM_GCC_493\Debug\nvstore.o
LOAD .\CortexM3\ARM_GCC_493\Debug\calpid.o
LOAD .\CortexM3\ARM_GCC_493\Debug\calang.o
LOAD .\CortexM3\ARM_GCC_493\Debug\callin.o
LOAD .\CortexM3\ARM_GCC_493\Debug\calmotor.o
LOAD .\CortexM3\ARM_GCC_493\Debug\cymetadata.o
LOAD .\CortexM3\ARM_GCC_493\Debug\Cm3Start.o
LOAD .\CortexM3\ARM_GCC_493\Debug\freesoc.a
LOAD C:\Program Files (x86)\Cypress\PSoC Creator\3.3\PSoC Creator\psoc\content\cycomponentlibrary\CyComponentLibrary.cylib\CortexM3\ARM_GCC_493\Debug\CyComponentLibrary.a
LOAD c:/program files (x86)/cypress/psoc creator/3.3/psoc creator/import/gnu/arm/4.9.3/bin/../lib/gcc/arm-none-eabi/4.9.3/../../../../arm-none-eabi/lib/armv7-m\libm.a
END GROUP
START GROUP
LOAD c:/program files (x86)/cypress/psoc creator/3.3/psoc creator/import/gnu/arm/4.9.3/bin/../lib/gcc/arm-none-eabi/4.9.3/armv7-m\libgcc.a
LOAD c:/program files (x86)/cypress/psoc creator/3.3/psoc creator/import/gnu/arm/4.9.3/bin/../lib/gcc/arm-none-eabi/4.9.3/../../../../arm-none-eabi/lib/armv7-m\libg_nano.a
LOAD c:/program files (x86)/cypress/psoc creator/3.3/psoc creator/import/gnu/arm/4.9.3/bin/../lib/gcc/arm-none-eabi/4.9.3/../../../../arm-none-eabi/lib/armv7-m\libc_nano.a
END GROUP
START GROUP
LOAD c:/program files (x86)/cypress/psoc creator/3.3/psoc creator/import/gnu/arm/4.9.3/bin/../lib/gcc/arm-none-eabi/4.9.3/armv7-m\libgcc.a
LOAD c:/program files (x86)/cypress/psoc creator/3.3/psoc creator/import/gnu/arm/4.9.3/bin/../lib/gcc/arm-none-eabi/4.9.3/../../../../arm-none-eabi/lib/armv7-m\libc_nano.a
END GROUP
LOAD c:/program files (x86)/cypress/psoc creator/3.3/psoc creator/import/gnu/arm/4.9.3/bin/../lib/gcc/arm-none-eabi/4.9.3/armv7-m/crtend.o
LOAD c:/program files (x86)/cypress/psoc creator/3.3/psoc creator/import/gnu/arm/4.9.3/bin/../lib/gcc/arm-none-eabi/4.9.3/armv7-m/crtn.o
START GROUP
LOAD c:/program files (x86)/cypress/psoc creator/3.3/psoc creator/import/gnu/arm/4.9.3/bin/../lib/gcc/arm-none-eabi/4.9.3/armv7-m\libgcc.a
LOAD c:/program files (x86)/cypress/psoc creator/3.3/psoc creator/import/gnu/arm/4.9.3/bin/../lib/gcc/arm-none-eabi/4.9.3/../../../../arm-none-eabi/lib/armv7-m\libc.a
LOAD c:/program files (x86)/cypress/psoc creator/3.3/psoc creator/import/gnu/arm/4.9.3/bin/../lib/gcc/arm-none-eabi/4.9.3/../../../../arm-none-eabi/lib/armv7-m\libnosys.a
END GROUP
                0x00000000                CY_APPL_ORIGIN = 0x0
                0x00000100                CY_FLASH_ROW_SIZE = 0x100
                0x00000020                CY_ECC_ROW_SIZE = 0x20
                0x00000000                CY_EE_IN_BTLDR = 0x0
                0x00000000                CY_APPL_LOADABLE = 0x0
                0x00000800                CY_EE_SIZE = 0x800
                0x00000001                CY_APPL_NUM = 0x1
                0x00000001                CY_APPL_MAX = 0x1
                0x00000040                CY_METADATA_SIZE = 0x40
                0x00000000                CY_APPL_LOADABLE = 0x0
                0x00000000                CY_CHECKSUM_EXCLUDE_SIZE = ALIGN (0x0, CY_FLASH_ROW_SIZE)
                0x1fff89c0                PROVIDE (__cy_heap_start, _end)
                0x00000001                PROVIDE (__cy_region_num, ((__cy_regions_end - __cy_regions) / 0x10))
                0x20008000                PROVIDE (__cy_stack, (ORIGIN (ram) + 0x10000))
                0x20007800                PROVIDE (__cy_heap_end, (__cy_stack - 0x800))

.cybootloader   0x00000000        0x0
 *(.cybootloader)
                0x00000000                appl1_start = CY_APPL_ORIGIN?CY_APPL_ORIGIN:ALIGN (CY_FLASH_ROW_SIZE)
                0x0001ff00                appl2_start = (appl1_start + ALIGN ((((0x40000 - appl1_start) - (0x2 * CY_FLASH_ROW_SIZE)) / 0x2), CY_FLASH_ROW_SIZE))
                0x00000000                appl_start = (CY_APPL_NUM == 0x1)?appl1_start:appl2_start
                0x00000000                ecc_offset = ((appl_start / CY_FLASH_ROW_SIZE) * CY_ECC_ROW_SIZE)
                0x00000000                ee_offset = (CY_APPL_LOADABLE && ! (CY_EE_IN_BTLDR))?((CY_EE_SIZE / CY_APPL_MAX) * (CY_APPL_NUM - 0x1)):0x0
                0x00000800                ee_size = (CY_APPL_LOADABLE && ! (CY_EE_IN_BTLDR))?(CY_EE_SIZE / CY_APPL_MAX):CY_EE_SIZE
                0x00000000                PROVIDE (CY_ECC_OFFSET, ecc_offset)

.text           0x00000000     0xc434
 CREATE_OBJECT_SYMBOLS
                0x00000000                PROVIDE (__cy_interrupt_vector, RomVectors)
 *(.romvectors)
 .romvectors    0x00000000       0x10 .\CortexM3\ARM_GCC_493\Debug\Cm3Start.o
                0x00000000                RomVectors
                0x00000001                ASSERT ((. != __cy_interrupt_vector), No interrupt vector)
                0x00000001                ASSERT (CY_APPL_ORIGIN?(SIZEOF (.cybootloader) <= CY_APPL_ORIGIN):0x1, Wrong image location)
                0x00000010                PROVIDE (__cy_reset, Reset)
 *(.text.Reset)
 .text.Reset    0x00000010       0x18 .\CortexM3\ARM_GCC_493\Debug\Cm3Start.o
                0x00000010                Reset
                0x00000001                ASSERT ((. != __cy_reset), No reset code)
 *(.dma_init)
                0x00000001                ASSERT ((((appl_start + .) <= 0x10000) || 0x1), DMA Init must be within the first 64k of flash)
 *(.text .text.* .gnu.linkonce.t.*)
 .text          0x00000028       0x5c c:/program files (x86)/cypress/psoc creator/3.3/psoc creator/import/gnu/arm/4.9.3/bin/../lib/gcc/arm-none-eabi/4.9.3/armv7-m/crtbegin.o
 .text.main     0x00000084       0xa0 .\CortexM3\ARM_GCC_493\Debug\main.o
                0x00000084                main
 .text.DisplayMenu
                0x00000124       0x74 .\CortexM3\ARM_GCC_493\Debug\cal.o
 .text.GetCommand
                0x00000198       0xb4 .\CortexM3\ARM_GCC_493\Debug\cal.o
 .text.SetCalibrationStatusBit
                0x0000024c       0x24 .\CortexM3\ARM_GCC_493\Debug\cal.o
 .text.ClearCalibrationStatusBit
                0x00000270       0x2c .\CortexM3\ARM_GCC_493\Debug\cal.o
 .text.ReadResponse
                0x0000029c       0x48 .\CortexM3\ARM_GCC_493\Debug\cal.o
 .text.DisplayBias
                0x000002e4       0x2c .\CortexM3\ARM_GCC_493\Debug\cal.o
 .text.Cal_Init
                0x00000310       0x10 .\CortexM3\ARM_GCC_493\Debug\cal.o
                0x00000310                Cal_Init
 .text.Cal_Start
                0x00000320       0x14 .\CortexM3\ARM_GCC_493\Debug\cal.o
                0x00000320                Cal_Start
 .text.Cal_CheckRequest
                0x00000334      0x168 .\CortexM3\ARM_GCC_493\Debug\cal.o
                0x00000334                Cal_CheckRequest
 .text.Cal_LeftGetMotorCalData
                0x0000049c       0x18 .\CortexM3\ARM_GCC_493\Debug\cal.o
                0x0000049c                Cal_LeftGetMotorCalData
 .text.Cal_RightGetMotorCalData
                0x000004b4       0x18 .\CortexM3\ARM_GCC_493\Debug\cal.o
                0x000004b4                Cal_RightGetMotorCalData
 .text.Cal_LeftGetPidGains
                0x000004cc        0xc .\CortexM3\ARM_GCC_493\Debug\cal.o
                0x000004cc                Cal_LeftGetPidGains
 .text.Cal_RightGetPidGains
                0x000004d8        0xc .\CortexM3\ARM_GCC_493\Debug\cal.o
                0x000004d8                Cal_RightGetPidGains
 .text.CalculateLeftRightSpeed
                0x000004e4       0x24 .\CortexM3\ARM_GCC_493\Debug\control.o
 .text.Control_Init
                0x00000508        0x4 .\CortexM3\ARM_GCC_493\Debug\control.o
                0x00000508                Control_Init
 .text.Control_Start
                0x0000050c        0x4 .\CortexM3\ARM_GCC_493\Debug\control.o
                0x0000050c                Control_Start
 .text.Control_Update
                0x00000510       0x28 .\CortexM3\ARM_GCC_493\Debug\control.o
                0x00000510                Control_Update
 .text.Control_LeftGetCmdVelocity
                0x00000538        0xc .\CortexM3\ARM_GCC_493\Debug\control.o
                0x00000538                Control_LeftGetCmdVelocity
 .text.Control_RightGetCmdVelocity
                0x00000544        0xc .\CortexM3\ARM_GCC_493\Debug\control.o
                0x00000544                Control_RightGetCmdVelocity
 .text.Debug_Init
                0x00000550        0x4 .\CortexM3\ARM_GCC_493\Debug\debug.o
                0x00000550                Debug_Init
 .text.Debug_Start
                0x00000554        0x4 .\CortexM3\ARM_GCC_493\Debug\debug.o
                0x00000554                Debug_Start
 .text.Diag_Init
                0x00000558       0x18 .\CortexM3\ARM_GCC_493\Debug\diag.o
                0x00000558                Diag_Init
 .text.Diag_Start
                0x00000570        0x4 .\CortexM3\ARM_GCC_493\Debug\diag.o
                0x00000570                Diag_Start
 .text.Diag_Update
                0x00000574       0x38 .\CortexM3\ARM_GCC_493\Debug\diag.o
                0x00000574                Diag_Update
 *fill*         0x000005ac        0x4 
 .text.Encoder_Sample
                0x000005b0       0x70 .\CortexM3\ARM_GCC_493\Debug\encoder.o
 .text.Encoder_Init
                0x00000620       0x48 .\CortexM3\ARM_GCC_493\Debug\encoder.o
                0x00000620                Encoder_Init
 .text.Encoder_Start
                0x00000668       0x20 .\CortexM3\ARM_GCC_493\Debug\encoder.o
                0x00000668                Encoder_Start
 .text.Encoder_Update
                0x00000688       0x58 .\CortexM3\ARM_GCC_493\Debug\encoder.o
                0x00000688                Encoder_Update
 .text.Encoder_LeftGetCntsPerSec
                0x000006e0        0xc .\CortexM3\ARM_GCC_493\Debug\encoder.o
                0x000006e0                Encoder_LeftGetCntsPerSec
 .text.Encoder_RightGetCntsPerSec
                0x000006ec        0xc .\CortexM3\ARM_GCC_493\Debug\encoder.o
                0x000006ec                Encoder_RightGetCntsPerSec
 .text.Encoder_LeftGetMeterPerSec
                0x000006f8        0xc .\CortexM3\ARM_GCC_493\Debug\encoder.o
                0x000006f8                Encoder_LeftGetMeterPerSec
 .text.Encoder_RightGetMeterPerSec
                0x00000704        0xc .\CortexM3\ARM_GCC_493\Debug\encoder.o
                0x00000704                Encoder_RightGetMeterPerSec
 .text.Encoder_Reset
                0x00000710       0x3c .\CortexM3\ARM_GCC_493\Debug\encoder.o
                0x00000710                Encoder_Reset
 .text.I2c_Init
                0x0000074c       0x20 .\CortexM3\ARM_GCC_493\Debug\i2c.o
                0x0000074c                I2c_Init
 .text.I2c_Start
                0x0000076c       0x24 .\CortexM3\ARM_GCC_493\Debug\i2c.o
                0x0000076c                I2c_Start
 .text.I2c_ReadDeviceControl
                0x00000790       0x2c .\CortexM3\ARM_GCC_493\Debug\i2c.o
                0x00000790                I2c_ReadDeviceControl
 *fill*         0x000007bc        0x4 
 .text.I2c_ReadCmdVelocity
                0x000007c0      0x130 .\CortexM3\ARM_GCC_493\Debug\i2c.o
                0x000007c0                I2c_ReadCmdVelocity
 .text.I2c_SetCalibrationStatusBit
                0x000008f0       0x38 .\CortexM3\ARM_GCC_493\Debug\i2c.o
                0x000008f0                I2c_SetCalibrationStatusBit
 .text.I2c_ClearCalibrationStatusBit
                0x00000928       0x3c .\CortexM3\ARM_GCC_493\Debug\i2c.o
                0x00000928                I2c_ClearCalibrationStatusBit
 .text.I2c_WriteOdom
                0x00000964       0x94 .\CortexM3\ARM_GCC_493\Debug\i2c.o
                0x00000964                I2c_WriteOdom
 .text.I2c_UpdateHeartbeat
                0x000009f8       0x2c .\CortexM3\ARM_GCC_493\Debug\i2c.o
                0x000009f8                I2c_UpdateHeartbeat
 .text.Interpolate
                0x00000a24       0x3c .\CortexM3\ARM_GCC_493\Debug\motor.o
 .text.calculate_pwm
                0x00000a60       0x74 .\CortexM3\ARM_GCC_493\Debug\motor.o
 .text.calc_motor_output_from_cps
                0x00000ad4       0xa8 .\CortexM3\ARM_GCC_493\Debug\motor.o
 .text.RampSpeed
                0x00000b7c       0x44 .\CortexM3\ARM_GCC_493\Debug\motor.o
 .text.CollectCpsPwmSamples
                0x00000bc0       0x58 .\CortexM3\ARM_GCC_493\Debug\motor.o
 .text.Motor_Init
                0x00000c18       0x18 .\CortexM3\ARM_GCC_493\Debug\motor.o
                0x00000c18                Motor_Init
 .text.Motor_Start
                0x00000c30       0x48 .\CortexM3\ARM_GCC_493\Debug\motor.o
                0x00000c30                Motor_Start
 .text.Motor_LeftSetCntsPerSec
                0x00000c78       0x18 .\CortexM3\ARM_GCC_493\Debug\motor.o
                0x00000c78                Motor_LeftSetCntsPerSec
 .text.Motor_RightSetCntsPerSec
                0x00000c90       0x18 .\CortexM3\ARM_GCC_493\Debug\motor.o
                0x00000c90                Motor_RightSetCntsPerSec
 .text.Motor_LeftSetMeterPerSec
                0x00000ca8       0x28 .\CortexM3\ARM_GCC_493\Debug\motor.o
                0x00000ca8                Motor_LeftSetMeterPerSec
 .text.Motor_RightSetMeterPerSec
                0x00000cd0       0x28 .\CortexM3\ARM_GCC_493\Debug\motor.o
                0x00000cd0                Motor_RightSetMeterPerSec
 .text.Motor_LeftGetPwm
                0x00000cf8        0xc .\CortexM3\ARM_GCC_493\Debug\motor.o
                0x00000cf8                Motor_LeftGetPwm
 .text.Motor_RightGetPwm
                0x00000d04        0xc .\CortexM3\ARM_GCC_493\Debug\motor.o
                0x00000d04                Motor_RightGetPwm
 .text.Motor_Stop
                0x00000d10       0x20 .\CortexM3\ARM_GCC_493\Debug\motor.o
                0x00000d10                Motor_Stop
 .text.Motor_CollectPwmCpsSamples
                0x00000d30       0xb4 .\CortexM3\ARM_GCC_493\Debug\motor.o
                0x00000d30                Motor_CollectPwmCpsSamples
 .text.Motor_LeftSetCalibration
                0x00000de4        0xc .\CortexM3\ARM_GCC_493\Debug\motor.o
                0x00000de4                Motor_LeftSetCalibration
 .text.Motor_RightSetCalibration
                0x00000df0        0xc .\CortexM3\ARM_GCC_493\Debug\motor.o
                0x00000df0                Motor_RightSetCalibration
 .text.Odom_Init
                0x00000dfc       0x14 .\CortexM3\ARM_GCC_493\Debug\odom.o
                0x00000dfc                Odom_Init
 .text.Odom_Start
                0x00000e10        0x4 .\CortexM3\ARM_GCC_493\Debug\odom.o
                0x00000e10                Odom_Start
 *fill*         0x00000e14        0x4 
 .text.calc_odom
                0x00000e18      0x298 .\CortexM3\ARM_GCC_493\Debug\odom.o
                0x00000e18                calc_odom
 .text.Odom_Update
                0x000010b0       0x5c .\CortexM3\ARM_GCC_493\Debug\odom.o
                0x000010b0                Odom_Update
 .text.Odom_Reset
                0x0000110c       0x28 .\CortexM3\ARM_GCC_493\Debug\odom.o
                0x0000110c                Odom_Reset
 .text.Odom_GetPosition
                0x00001134       0x10 .\CortexM3\ARM_GCC_493\Debug\odom.o
                0x00001134                Odom_GetPosition
 .text.Odom_GetHeading
                0x00001144        0xc .\CortexM3\ARM_GCC_493\Debug\odom.o
                0x00001144                Odom_GetHeading
 .text.ProcessPid
                0x00001150       0xb0 .\CortexM3\ARM_GCC_493\Debug\pid.o
 .text.Pid_Init
                0x00001200       0x68 .\CortexM3\ARM_GCC_493\Debug\pid.o
                0x00001200                Pid_Init
 .text.Pid_Start
                0x00001268       0x30 .\CortexM3\ARM_GCC_493\Debug\pid.o
                0x00001268                Pid_Start
 .text.Pid_Update
                0x00001298       0x50 .\CortexM3\ARM_GCC_493\Debug\pid.o
                0x00001298                Pid_Update
 .text.StepImpulse
                0x000012e8       0x80 .\CortexM3\ARM_GCC_493\Debug\pid.o
 .text.Pid_LeftStepInput
                0x00001368       0x28 .\CortexM3\ARM_GCC_493\Debug\pid.o
                0x00001368                Pid_LeftStepInput
 .text.Pid_RightStepInput
                0x00001390       0x28 .\CortexM3\ARM_GCC_493\Debug\pid.o
                0x00001390                Pid_RightStepInput
 .text.SysTickIsrHandler
                0x000013b8       0x10 .\CortexM3\ARM_GCC_493\Debug\time.o
 .text.Time_Init
                0x000013c8        0xc .\CortexM3\ARM_GCC_493\Debug\time.o
                0x000013c8                Time_Init
 .text.Time_Start
                0x000013d4       0x2c .\CortexM3\ARM_GCC_493\Debug\time.o
                0x000013d4                Time_Start
 .text.millis   0x00001400        0xc .\CortexM3\ARM_GCC_493\Debug\time.o
                0x00001400                millis
 .text.Ultrasonic_Init
                0x0000140c        0x4 .\CortexM3\ARM_GCC_493\Debug\ultrasonic.o
                0x0000140c                Ultrasonic_Init
 .text.insert_zeros
                0x00001410       0x30 .\CortexM3\ARM_GCC_493\Debug\utils.o
 .text.MovingAverageFloat
                0x00001440       0x2c .\CortexM3\ARM_GCC_493\Debug\utils.o
                0x00001440                MovingAverageFloat
 .text.Uint16ToTwoBytes
                0x0000146c        0x8 .\CortexM3\ARM_GCC_493\Debug\utils.o
                0x0000146c                Uint16ToTwoBytes
 .text.FloatToFourBytes
                0x00001474       0x20 .\CortexM3\ARM_GCC_493\Debug\utils.o
                0x00001474                FloatToFourBytes
 .text.ftoa     0x00001494       0xa4 .\CortexM3\ARM_GCC_493\Debug\utils.o
                0x00001494                ftoa
 .text.BinaryRangeSearch
                0x00001538       0x50 .\CortexM3\ARM_GCC_493\Debug\utils.o
                0x00001538                BinaryRangeSearch
 .text.ConvertLinearAngularToDifferential
                0x00001588       0x70 .\CortexM3\ARM_GCC_493\Debug\utils.o
                0x00001588                ConvertLinearAngularToDifferential
 .text.initializeQueue
                0x000015f8       0x10 .\CortexM3\ARM_GCC_493\Debug\infrared.o
                0x000015f8                initializeQueue
 .text.Infrared_Init
                0x00001608       0x30 .\CortexM3\ARM_GCC_493\Debug\infrared.o
                0x00001608                Infrared_Init
 .text.PIDCompute
                0x00001638       0xa4 .\CortexM3\ARM_GCC_493\Debug\pid_controller.o
                0x00001638                PIDCompute
 .text.PIDOutputLimitsSet
                0x000016dc       0x5c .\CortexM3\ARM_GCC_493\Debug\pid_controller.o
                0x000016dc                PIDOutputLimitsSet
 .text.PIDTuningsSet
                0x00001738       0x6c .\CortexM3\ARM_GCC_493\Debug\pid_controller.o
                0x00001738                PIDTuningsSet
 .text.PIDInit  0x000017a4       0x54 .\CortexM3\ARM_GCC_493\Debug\pid_controller.o
                0x000017a4                PIDInit
 .text.PIDSetpointSet
                0x000017f8        0x4 .\CortexM3\ARM_GCC_493\Debug\pid_controller.o
                0x000017f8                PIDSetpointSet
 .text.PIDInputSet
                0x000017fc        0x4 .\CortexM3\ARM_GCC_493\Debug\pid_controller.o
                0x000017fc                PIDInputSet
 .text.Ser_Init
                0x00001800        0x4 .\CortexM3\ARM_GCC_493\Debug\serial.o
                0x00001800                Ser_Init
 .text.Ser_Start
                0x00001804       0x2c .\CortexM3\ARM_GCC_493\Debug\serial.o
                0x00001804                Ser_Start
 .text.Ser_Update
                0x00001830       0x14 .\CortexM3\ARM_GCC_493\Debug\serial.o
                0x00001830                Ser_Update
 .text.Ser_PutString
                0x00001844       0x20 .\CortexM3\ARM_GCC_493\Debug\serial.o
                0x00001844                Ser_PutString
 .text.Ser_ReadByte
                0x00001864       0x1c .\CortexM3\ARM_GCC_493\Debug\serial.o
                0x00001864                Ser_ReadByte
 .text.Ser_WriteByte
                0x00001880       0x1c .\CortexM3\ARM_GCC_493\Debug\serial.o
                0x00001880                Ser_WriteByte
 .text.Nvstore_Init
                0x0000189c        0x4 .\CortexM3\ARM_GCC_493\Debug\nvstore.o
                0x0000189c                Nvstore_Init
 .text.Nvstore_Start
                0x000018a0        0x8 .\CortexM3\ARM_GCC_493\Debug\nvstore.o
                0x000018a0                Nvstore_Start
 .text.Nvstore_WriteBytes
                0x000018a8       0xc8 .\CortexM3\ARM_GCC_493\Debug\nvstore.o
                0x000018a8                Nvstore_WriteBytes
 .text.Nvstore_WriteUint16
                0x00001970       0x28 .\CortexM3\ARM_GCC_493\Debug\nvstore.o
                0x00001970                Nvstore_WriteUint16
 .text.Nvstore_WriteFloat
                0x00001998       0x2c .\CortexM3\ARM_GCC_493\Debug\nvstore.o
                0x00001998                Nvstore_WriteFloat
 *fill*         0x000019c4        0x4 
 .text.Twiddle  0x000019c8      0x160 .\CortexM3\ARM_GCC_493\Debug\calpid.o
 .text.StoreLeftGains
                0x00001b28       0x3c .\CortexM3\ARM_GCC_493\Debug\calpid.o
 .text.StoreRightGains
                0x00001b64       0x3c .\CortexM3\ARM_GCC_493\Debug\calpid.o
 .text.OutputGains
                0x00001ba0       0x48 .\CortexM3\ARM_GCC_493\Debug\calpid.o
 .text.DoLeftTwiddle
                0x00001be8       0x34 .\CortexM3\ARM_GCC_493\Debug\calpid.o
 .text.DoRightTwiddle
                0x00001c1c       0x34 .\CortexM3\ARM_GCC_493\Debug\calpid.o
 .text.PerformPidCalibration
                0x00001c50       0x34 .\CortexM3\ARM_GCC_493\Debug\calpid.o
                0x00001c50                PerformPidCalibration
 *fill*         0x00001c84        0x4 
 .text.DoAngularBiasMotion
                0x00001c88      0x100 .\CortexM3\ARM_GCC_493\Debug\calang.o
                0x00001c88                DoAngularBiasMotion
 .text.CalibrateAngularBias
                0x00001d88       0x20 .\CortexM3\ARM_GCC_493\Debug\calang.o
                0x00001d88                CalibrateAngularBias
 .text.ValidateAngularBias
                0x00001da8        0x8 .\CortexM3\ARM_GCC_493\Debug\calang.o
                0x00001da8                ValidateAngularBias
 .text.DoLinearBiasMotion
                0x00001db0       0xe0 .\CortexM3\ARM_GCC_493\Debug\callin.o
                0x00001db0                DoLinearBiasMotion
 .text.CalibrateLinearBias
                0x00001e90       0x20 .\CortexM3\ARM_GCC_493\Debug\callin.o
                0x00001e90                CalibrateLinearBias
 .text.ValidateLinearBias
                0x00001eb0        0x8 .\CortexM3\ARM_GCC_493\Debug\callin.o
                0x00001eb0                ValidateLinearBias
 .text.Init     0x00001eb8       0x28 .\CortexM3\ARM_GCC_493\Debug\calmotor.o
 .text.CalculatePwmSamples
                0x00001ee0       0x64 .\CortexM3\ARM_GCC_493\Debug\calmotor.o
 .text.AddSamplesToSum
                0x00001f44       0x24 .\CortexM3\ARM_GCC_493\Debug\calmotor.o
 .text.CalculateAvgCpsSamples
                0x00001f68       0x20 .\CortexM3\ARM_GCC_493\Debug\calmotor.o
 .text.CalculateMinMaxCpsSample
                0x00001f88       0x38 .\CortexM3\ARM_GCC_493\Debug\calmotor.o
 .text.CalibrateWheelSpeed
                0x00001fc0       0x5c .\CortexM3\ARM_GCC_493\Debug\calmotor.o
 .text.StoreWheelSpeedSamples
                0x0000201c       0x5c .\CortexM3\ARM_GCC_493\Debug\calmotor.o
 .text.OutputSamples
                0x00002078       0x64 .\CortexM3\ARM_GCC_493\Debug\calmotor.o
 .text.PerformMotorCalibration
                0x000020dc      0x118 .\CortexM3\ARM_GCC_493\Debug\calmotor.o
                0x000020dc                PerformMotorCalibration
 .text.IntDefaultHandler
                0x000021f4        0x4 .\CortexM3\ARM_GCC_493\Debug\Cm3Start.o
                0x000021f4                IntDefaultHandler
 .text._exit    0x000021f8        0xc .\CortexM3\ARM_GCC_493\Debug\Cm3Start.o
                0x000021f8                _exit
 .text._sbrk    0x00002204       0x30 .\CortexM3\ARM_GCC_493\Debug\Cm3Start.o
                0x00002204                _sbrk
 .text.Start_c  0x00002234       0x4c .\CortexM3\ARM_GCC_493\Debug\Cm3Start.o
                0x00002234                Start_c
 .text.initialize_psoc
                0x00002280       0x74 .\CortexM3\ARM_GCC_493\Debug\Cm3Start.o
                0x00002280                initialize_psoc
 .text.cfg_write_bytes32
                0x000022f4       0x34 .\CortexM3\ARM_GCC_493\Debug\freesoc.a(cyfitter_cfg.o)
 .text.CYMEMZERO
                0x00002328        0xc .\CortexM3\ARM_GCC_493\Debug\freesoc.a(cyfitter_cfg.o)
 .text.ClockSetup
                0x00002334       0xe4 .\CortexM3\ARM_GCC_493\Debug\freesoc.a(cyfitter_cfg.o)
 .text.AnalogSetDefault
                0x00002418       0x80 .\CortexM3\ARM_GCC_493\Debug\freesoc.a(cyfitter_cfg.o)
 .text.CYCONFIGCPY
                0x00002498        0x8 .\CortexM3\ARM_GCC_493\Debug\freesoc.a(cyfitter_cfg.o)
 .text.Front_AMuxSeq_DisconnectAll
                0x000024a0       0x18 .\CortexM3\ARM_GCC_493\Debug\freesoc.a(cyfitter_cfg.o)
                0x000024a0                Front_AMuxSeq_DisconnectAll
 .text.Rear_AMuxSeq_DisconnectAll
                0x000024b8       0x18 .\CortexM3\ARM_GCC_493\Debug\freesoc.a(cyfitter_cfg.o)
                0x000024b8                Rear_AMuxSeq_DisconnectAll
 .text.cyfitter_cfg
                0x000024d0      0x188 .\CortexM3\ARM_GCC_493\Debug\freesoc.a(cyfitter_cfg.o)
                0x000024d0                cyfitter_cfg
 .text.Left_HB25_Enable_Pin_Write
                0x00002658       0x18 .\CortexM3\ARM_GCC_493\Debug\freesoc.a(Left_HB25_Enable_Pin.o)
                0x00002658                Left_HB25_Enable_Pin_Write
 .text.Left_HB25_PWM_Stop
                0x00002670        0x4 .\CortexM3\ARM_GCC_493\Debug\freesoc.a(Left_HB25_PWM.o)
                0x00002670                Left_HB25_PWM_Stop
 .text.Left_HB25_PWM_WriteCounter
                0x00002674        0xc .\CortexM3\ARM_GCC_493\Debug\freesoc.a(Left_HB25_PWM.o)
                0x00002674                Left_HB25_PWM_WriteCounter
 .text.Left_HB25_PWM_WritePeriod
                0x00002680        0xc .\CortexM3\ARM_GCC_493\Debug\freesoc.a(Left_HB25_PWM.o)
                0x00002680                Left_HB25_PWM_WritePeriod
 .text.Left_HB25_PWM_WriteCompare
                0x0000268c        0xc .\CortexM3\ARM_GCC_493\Debug\freesoc.a(Left_HB25_PWM.o)
                0x0000268c                Left_HB25_PWM_WriteCompare
 .text.Left_HB25_PWM_Init
                0x00002698       0x34 .\CortexM3\ARM_GCC_493\Debug\freesoc.a(Left_HB25_PWM.o)
                0x00002698                Left_HB25_PWM_Init
 .text.Left_HB25_PWM_Start
                0x000026cc       0x18 .\CortexM3\ARM_GCC_493\Debug\freesoc.a(Left_HB25_PWM.o)
                0x000026cc                Left_HB25_PWM_Start
 .text.Right_HB25_Enable_Pin_Write
                0x000026e4       0x18 .\CortexM3\ARM_GCC_493\Debug\freesoc.a(Right_HB25_Enable_Pin.o)
                0x000026e4                Right_HB25_Enable_Pin_Write
 .text.Right_HB25_PWM_Stop
                0x000026fc        0x4 .\CortexM3\ARM_GCC_493\Debug\freesoc.a(Right_HB25_PWM.o)
                0x000026fc                Right_HB25_PWM_Stop
 .text.Right_HB25_PWM_WriteCounter
                0x00002700        0xc .\CortexM3\ARM_GCC_493\Debug\freesoc.a(Right_HB25_PWM.o)
                0x00002700                Right_HB25_PWM_WriteCounter
 .text.Right_HB25_PWM_WritePeriod
                0x0000270c        0xc .\CortexM3\ARM_GCC_493\Debug\freesoc.a(Right_HB25_PWM.o)
                0x0000270c                Right_HB25_PWM_WritePeriod
 .text.Right_HB25_PWM_WriteCompare
                0x00002718        0xc .\CortexM3\ARM_GCC_493\Debug\freesoc.a(Right_HB25_PWM.o)
                0x00002718                Right_HB25_PWM_WriteCompare
 .text.Right_HB25_PWM_Init
                0x00002724       0x34 .\CortexM3\ARM_GCC_493\Debug\freesoc.a(Right_HB25_PWM.o)
                0x00002724                Right_HB25_PWM_Init
 .text.Right_HB25_PWM_Start
                0x00002758       0x18 .\CortexM3\ARM_GCC_493\Debug\freesoc.a(Right_HB25_PWM.o)
                0x00002758                Right_HB25_PWM_Start
 .text          0x00002770       0x20 .\CortexM3\ARM_GCC_493\Debug\freesoc.a(CyBootAsmGnu.o)
                0x00002770                CyDelayCycles
                0x00002780                CyEnterCriticalSection
                0x00002788                CyExitCriticalSection
 .text.CyHalt   0x00002790        0x4 .\CortexM3\ARM_GCC_493\Debug\freesoc.a(CyLib.o)
                0x00002790                CyHalt
 .text.CyDelay  0x00002794       0x2c .\CortexM3\ARM_GCC_493\Debug\freesoc.a(CyLib.o)
                0x00002794                CyDelay
 .text.CyDelayUs
                0x000027c0       0x14 .\CortexM3\ARM_GCC_493\Debug\freesoc.a(CyLib.o)
                0x000027c0                CyDelayUs
 .text.CyIntSetSysVector
                0x000027d4       0x28 .\CortexM3\ARM_GCC_493\Debug\freesoc.a(CyLib.o)
                0x000027d4                CyIntSetSysVector
 .text.CyIntSetVector
                0x000027fc       0x28 .\CortexM3\ARM_GCC_493\Debug\freesoc.a(CyLib.o)
                0x000027fc                CyIntSetVector
 .text.CyIntSetPriority
                0x00002824       0x30 .\CortexM3\ARM_GCC_493\Debug\freesoc.a(CyLib.o)
                0x00002824                CyIntSetPriority
 .text.CySysTickEnableInterrupt
                0x00002854       0x10 .\CortexM3\ARM_GCC_493\Debug\freesoc.a(CyLib.o)
                0x00002854                CySysTickEnableInterrupt
 .text.CySysTickEnable
                0x00002864       0x18 .\CortexM3\ARM_GCC_493\Debug\freesoc.a(CyLib.o)
                0x00002864                CySysTickEnable
 .text.CySysTickSetReload
                0x0000287c       0x10 .\CortexM3\ARM_GCC_493\Debug\freesoc.a(CyLib.o)
                0x0000287c                CySysTickSetReload
 .text.CySysTickSetClockSource
                0x0000288c       0x20 .\CortexM3\ARM_GCC_493\Debug\freesoc.a(CyLib.o)
                0x0000288c                CySysTickSetClockSource
 .text.CySysTickGetCountFlag
                0x000028ac       0x10 .\CortexM3\ARM_GCC_493\Debug\freesoc.a(CyLib.o)
                0x000028ac                CySysTickGetCountFlag
 .text.CySysTickServiceCallbacks
                0x000028bc       0x28 .\CortexM3\ARM_GCC_493\Debug\freesoc.a(CyLib.o)
 .text.CySysTickClear
                0x000028e4        0xc .\CortexM3\ARM_GCC_493\Debug\freesoc.a(CyLib.o)
                0x000028e4                CySysTickClear
 .text.CySysTickInit
                0x000028f0       0x58 .\CortexM3\ARM_GCC_493\Debug\freesoc.a(CyLib.o)
                0x000028f0                CySysTickInit
 .text.CySysTickStart
                0x00002948       0x1c .\CortexM3\ARM_GCC_493\Debug\freesoc.a(CyLib.o)
                0x00002948                CySysTickStart
 .text.CySysTickSetCallback
                0x00002964       0x10 .\CortexM3\ARM_GCC_493\Debug\freesoc.a(CyLib.o)
                0x00002964                CySysTickSetCallback
 .text.CySysTickGetCallback
                0x00002974       0x10 .\CortexM3\ARM_GCC_493\Debug\freesoc.a(CyLib.o)
                0x00002974                CySysTickGetCallback
 .text.CyGetUniqueId
                0x00002984       0x70 .\CortexM3\ARM_GCC_493\Debug\freesoc.a(CyLib.o)
                0x00002984                CyGetUniqueId
 .text.EZI2C_Slave_Init
                0x000029f4       0x70 .\CortexM3\ARM_GCC_493\Debug\freesoc.a(EZI2C_Slave.o)
                0x000029f4                EZI2C_Slave_Init
 .text.EZI2C_Slave_Enable
                0x00002a64       0x30 .\CortexM3\ARM_GCC_493\Debug\freesoc.a(EZI2C_Slave.o)
                0x00002a64                EZI2C_Slave_Enable
 .text.EZI2C_Slave_Start
                0x00002a94       0x1c .\CortexM3\ARM_GCC_493\Debug\freesoc.a(EZI2C_Slave.o)
                0x00002a94                EZI2C_Slave_Start
 .text.EZI2C_Slave_GetActivity
                0x00002ab0       0x28 .\CortexM3\ARM_GCC_493\Debug\freesoc.a(EZI2C_Slave.o)
                0x00002ab0                EZI2C_Slave_GetActivity
 .text.EZI2C_Slave_SetBuffer1
                0x00002ad8       0x50 .\CortexM3\ARM_GCC_493\Debug\freesoc.a(EZI2C_Slave.o)
                0x00002ad8                EZI2C_Slave_SetBuffer1
 .text.EZI2C_Slave_ISR
                0x00002b28      0x1c4 .\CortexM3\ARM_GCC_493\Debug\freesoc.a(EZI2C_Slave_INT.o)
                0x00002b28                EZI2C_Slave_ISR
 .text.Mainloop_Pin_Write
                0x00002cec       0x18 .\CortexM3\ARM_GCC_493\Debug\freesoc.a(Mainloop_Pin.o)
                0x00002cec                Mainloop_Pin_Write
 .text.EEPROM_Enable
                0x00002d04        0xc .\CortexM3\ARM_GCC_493\Debug\freesoc.a(EEPROM.o)
                0x00002d04                EEPROM_Enable
 .text.EEPROM_Start
                0x00002d10        0x8 .\CortexM3\ARM_GCC_493\Debug\freesoc.a(EEPROM.o)
                0x00002d10                EEPROM_Start
 .text.EEPROM_WriteByte
                0x00002d18       0xd4 .\CortexM3\ARM_GCC_493\Debug\freesoc.a(EEPROM.o)
                0x00002d18                EEPROM_WriteByte
 .text.EEPROM_Write
                0x00002dec       0xb4 .\CortexM3\ARM_GCC_493\Debug\freesoc.a(EEPROM.o)
                0x00002dec                EEPROM_Write
 .text.Right_QuadDec_Init
                0x00002ea0       0x24 .\CortexM3\ARM_GCC_493\Debug\freesoc.a(Right_QuadDec.o)
                0x00002ea0                Right_QuadDec_Init
 .text.Right_QuadDec_GetCounter
                0x00002ec4       0x2c .\CortexM3\ARM_GCC_493\Debug\freesoc.a(Right_QuadDec.o)
                0x00002ec4                Right_QuadDec_GetCounter
 .text.Right_QuadDec_SetCounter
                0x00002ef0       0x28 .\CortexM3\ARM_GCC_493\Debug\freesoc.a(Right_QuadDec.o)
                0x00002ef0                Right_QuadDec_SetCounter
 .text.Right_QuadDec_GetEvents
                0x00002f18       0x10 .\CortexM3\ARM_GCC_493\Debug\freesoc.a(Right_QuadDec.o)
                0x00002f18                Right_QuadDec_GetEvents
 .text.Right_QuadDec_SetInterruptMask
                0x00002f28       0x10 .\CortexM3\ARM_GCC_493\Debug\freesoc.a(Right_QuadDec.o)
                0x00002f28                Right_QuadDec_SetInterruptMask
 .text.Right_QuadDec_Enable
                0x00002f38       0x30 .\CortexM3\ARM_GCC_493\Debug\freesoc.a(Right_QuadDec.o)
                0x00002f38                Right_QuadDec_Enable
 .text.Right_QuadDec_Start
                0x00002f68       0x34 .\CortexM3\ARM_GCC_493\Debug\freesoc.a(Right_QuadDec.o)
                0x00002f68                Right_QuadDec_Start
 .text.Right_QuadDec_ISR
                0x00002f9c       0x40 .\CortexM3\ARM_GCC_493\Debug\freesoc.a(Right_QuadDec_INT.o)
                0x00002f9c                Right_QuadDec_ISR
 .text.Right_QuadDec_Cnt16_Enable
                0x00002fdc       0x10 .\CortexM3\ARM_GCC_493\Debug\freesoc.a(Right_QuadDec_Cnt16.o)
                0x00002fdc                Right_QuadDec_Cnt16_Enable
 .text.Right_QuadDec_Cnt16_SetInterruptMode
                0x00002fec        0xc .\CortexM3\ARM_GCC_493\Debug\freesoc.a(Right_QuadDec_Cnt16.o)
                0x00002fec                Right_QuadDec_Cnt16_SetInterruptMode
 .text.Right_QuadDec_Cnt16_ReadStatusRegister
                0x00002ff8        0xc .\CortexM3\ARM_GCC_493\Debug\freesoc.a(Right_QuadDec_Cnt16.o)
                0x00002ff8                Right_QuadDec_Cnt16_ReadStatusRegister
 .text.Right_QuadDec_Cnt16_WriteCounter
                0x00003004        0xc .\CortexM3\ARM_GCC_493\Debug\freesoc.a(Right_QuadDec_Cnt16.o)
                0x00003004                Right_QuadDec_Cnt16_WriteCounter
 .text.Right_QuadDec_Cnt16_ReadCounter
                0x00003010       0x14 .\CortexM3\ARM_GCC_493\Debug\freesoc.a(Right_QuadDec_Cnt16.o)
                0x00003010                Right_QuadDec_Cnt16_ReadCounter
 .text.Right_QuadDec_Cnt16_ReadCapture
                0x00003024        0xc .\CortexM3\ARM_GCC_493\Debug\freesoc.a(Right_QuadDec_Cnt16.o)
                0x00003024                Right_QuadDec_Cnt16_ReadCapture
 .text.Right_QuadDec_Cnt16_WritePeriod
                0x00003030        0xc .\CortexM3\ARM_GCC_493\Debug\freesoc.a(Right_QuadDec_Cnt16.o)
                0x00003030                Right_QuadDec_Cnt16_WritePeriod
 .text.Right_QuadDec_Cnt16_WriteCompare
                0x0000303c        0xc .\CortexM3\ARM_GCC_493\Debug\freesoc.a(Right_QuadDec_Cnt16.o)
                0x0000303c                Right_QuadDec_Cnt16_WriteCompare
 .text.Right_QuadDec_Cnt16_ClearFIFO
                0x00003048       0x14 .\CortexM3\ARM_GCC_493\Debug\freesoc.a(Right_QuadDec_Cnt16.o)
                0x00003048                Right_QuadDec_Cnt16_ClearFIFO
 .text.Right_QuadDec_Cnt16_Init
                0x0000305c       0x58 .\CortexM3\ARM_GCC_493\Debug\freesoc.a(Right_QuadDec_Cnt16.o)
                0x0000305c                Right_QuadDec_Cnt16_Init
 .text.Right_QuadDec_Cnt16_Start
                0x000030b4       0x1c .\CortexM3\ARM_GCC_493\Debug\freesoc.a(Right_QuadDec_Cnt16.o)
                0x000030b4                Right_QuadDec_Cnt16_Start
 .text.Left_QuadDec_Init
                0x000030d0       0x24 .\CortexM3\ARM_GCC_493\Debug\freesoc.a(Left_QuadDec.o)
                0x000030d0                Left_QuadDec_Init
 .text.Left_QuadDec_GetCounter
                0x000030f4       0x2c .\CortexM3\ARM_GCC_493\Debug\freesoc.a(Left_QuadDec.o)
                0x000030f4                Left_QuadDec_GetCounter
 .text.Left_QuadDec_SetCounter
                0x00003120       0x28 .\CortexM3\ARM_GCC_493\Debug\freesoc.a(Left_QuadDec.o)
                0x00003120                Left_QuadDec_SetCounter
 .text.Left_QuadDec_GetEvents
                0x00003148       0x10 .\CortexM3\ARM_GCC_493\Debug\freesoc.a(Left_QuadDec.o)
                0x00003148                Left_QuadDec_GetEvents
 .text.Left_QuadDec_SetInterruptMask
                0x00003158       0x10 .\CortexM3\ARM_GCC_493\Debug\freesoc.a(Left_QuadDec.o)
                0x00003158                Left_QuadDec_SetInterruptMask
 .text.Left_QuadDec_Enable
                0x00003168       0x30 .\CortexM3\ARM_GCC_493\Debug\freesoc.a(Left_QuadDec.o)
                0x00003168                Left_QuadDec_Enable
 .text.Left_QuadDec_Start
                0x00003198       0x34 .\CortexM3\ARM_GCC_493\Debug\freesoc.a(Left_QuadDec.o)
                0x00003198                Left_QuadDec_Start
 .text.Left_QuadDec_ISR
                0x000031cc       0x40 .\CortexM3\ARM_GCC_493\Debug\freesoc.a(Left_QuadDec_INT.o)
                0x000031cc                Left_QuadDec_ISR
 .text.Left_QuadDec_Cnt16_Enable
                0x0000320c       0x10 .\CortexM3\ARM_GCC_493\Debug\freesoc.a(Left_QuadDec_Cnt16.o)
                0x0000320c                Left_QuadDec_Cnt16_Enable
 .text.Left_QuadDec_Cnt16_SetInterruptMode
                0x0000321c        0xc .\CortexM3\ARM_GCC_493\Debug\freesoc.a(Left_QuadDec_Cnt16.o)
                0x0000321c                Left_QuadDec_Cnt16_SetInterruptMode
 .text.Left_QuadDec_Cnt16_ReadStatusRegister
                0x00003228        0xc .\CortexM3\ARM_GCC_493\Debug\freesoc.a(Left_QuadDec_Cnt16.o)
                0x00003228                Left_QuadDec_Cnt16_ReadStatusRegister
 .text.Left_QuadDec_Cnt16_WriteCounter
                0x00003234        0xc .\CortexM3\ARM_GCC_493\Debug\freesoc.a(Left_QuadDec_Cnt16.o)
                0x00003234                Left_QuadDec_Cnt16_WriteCounter
 .text.Left_QuadDec_Cnt16_ReadCounter
                0x00003240       0x14 .\CortexM3\ARM_GCC_493\Debug\freesoc.a(Left_QuadDec_Cnt16.o)
                0x00003240                Left_QuadDec_Cnt16_ReadCounter
 .text.Left_QuadDec_Cnt16_ReadCapture
                0x00003254        0xc .\CortexM3\ARM_GCC_493\Debug\freesoc.a(Left_QuadDec_Cnt16.o)
                0x00003254                Left_QuadDec_Cnt16_ReadCapture
 .text.Left_QuadDec_Cnt16_WritePeriod
                0x00003260        0xc .\CortexM3\ARM_GCC_493\Debug\freesoc.a(Left_QuadDec_Cnt16.o)
                0x00003260                Left_QuadDec_Cnt16_WritePeriod
 .text.Left_QuadDec_Cnt16_WriteCompare
                0x0000326c        0xc .\CortexM3\ARM_GCC_493\Debug\freesoc.a(Left_QuadDec_Cnt16.o)
                0x0000326c                Left_QuadDec_Cnt16_WriteCompare
 .text.Left_QuadDec_Cnt16_ClearFIFO
                0x00003278       0x14 .\CortexM3\ARM_GCC_493\Debug\freesoc.a(Left_QuadDec_Cnt16.o)
                0x00003278                Left_QuadDec_Cnt16_ClearFIFO
 .text.Left_QuadDec_Cnt16_Init
                0x0000328c       0x58 .\CortexM3\ARM_GCC_493\Debug\freesoc.a(Left_QuadDec_Cnt16.o)
                0x0000328c                Left_QuadDec_Cnt16_Init
 .text.Left_QuadDec_Cnt16_Start
                0x000032e4       0x1c .\CortexM3\ARM_GCC_493\Debug\freesoc.a(Left_QuadDec_Cnt16.o)
                0x000032e4                Left_QuadDec_Cnt16_Start
 .text.USBUART_Init
                0x00003300      0x140 .\CortexM3\ARM_GCC_493\Debug\freesoc.a(USBUART.o)
                0x00003300                USBUART_Init
 .text.USBUART_InitComponent
                0x00003440       0xd4 .\CortexM3\ARM_GCC_493\Debug\freesoc.a(USBUART.o)
                0x00003440                USBUART_InitComponent
 .text.USBUART_Start
                0x00003514       0x24 .\CortexM3\ARM_GCC_493\Debug\freesoc.a(USBUART.o)
                0x00003514                USBUART_Start
 .text.USBUART_ReInitComponent
                0x00003538       0x64 .\CortexM3\ARM_GCC_493\Debug\freesoc.a(USBUART.o)
                0x00003538                USBUART_ReInitComponent
 .text.USBUART_GetConfiguration
                0x0000359c        0xc .\CortexM3\ARM_GCC_493\Debug\freesoc.a(USBUART.o)
                0x0000359c                USBUART_GetConfiguration
 .text.USBUART_IsConfigurationChanged
                0x000035a8       0x20 .\CortexM3\ARM_GCC_493\Debug\freesoc.a(USBUART.o)
                0x000035a8                USBUART_IsConfigurationChanged
 .text.USBUART_GetEPState
                0x000035c8       0x14 .\CortexM3\ARM_GCC_493\Debug\freesoc.a(USBUART.o)
                0x000035c8                USBUART_GetEPState
 .text.USBUART_GetEPCount
                0x000035dc       0x28 .\CortexM3\ARM_GCC_493\Debug\freesoc.a(USBUART.o)
                0x000035dc                USBUART_GetEPCount
 .text.USBUART_LoadInEP
                0x00003604       0x94 .\CortexM3\ARM_GCC_493\Debug\freesoc.a(USBUART.o)
                0x00003604                USBUART_LoadInEP
 .text.USBUART_EnableOutEP
                0x00003698       0x2c .\CortexM3\ARM_GCC_493\Debug\freesoc.a(USBUART.o)
                0x00003698                USBUART_EnableOutEP
 .text.USBUART_ReadOutEP
                0x000036c4       0x50 .\CortexM3\ARM_GCC_493\Debug\freesoc.a(USBUART.o)
                0x000036c4                USBUART_ReadOutEP
 .text.USBUART_StrLen
                0x00003714       0x14 .\CortexM3\ARM_GCC_493\Debug\freesoc.a(USBUART_cdc.o)
 .text.USBUART_GetInterfaceComPort
                0x00003728       0x3c .\CortexM3\ARM_GCC_493\Debug\freesoc.a(USBUART_cdc.o)
                0x00003728                USBUART_GetInterfaceComPort
 .text.USBUART_DispatchCDCClassRqst
                0x00003764       0x98 .\CortexM3\ARM_GCC_493\Debug\freesoc.a(USBUART_cdc.o)
                0x00003764                USBUART_DispatchCDCClassRqst
 .text.USBUART_CDC_Init
                0x000037fc       0x98 .\CortexM3\ARM_GCC_493\Debug\freesoc.a(USBUART_cdc.o)
                0x000037fc                USBUART_CDC_Init
 .text.USBUART_PutString
                0x00003894       0x9c .\CortexM3\ARM_GCC_493\Debug\freesoc.a(USBUART_cdc.o)
                0x00003894                USBUART_PutString
 .text.USBUART_PutChar
                0x00003930       0x28 .\CortexM3\ARM_GCC_493\Debug\freesoc.a(USBUART_cdc.o)
                0x00003930                USBUART_PutChar
 .text.USBUART_DataIsReady
                0x00003958       0x18 .\CortexM3\ARM_GCC_493\Debug\freesoc.a(USBUART_cdc.o)
                0x00003958                USBUART_DataIsReady
 .text.USBUART_CDCIsReady
                0x00003970       0x18 .\CortexM3\ARM_GCC_493\Debug\freesoc.a(USBUART_cdc.o)
                0x00003970                USBUART_CDCIsReady
 .text.USBUART_GetChar
                0x00003988       0x28 .\CortexM3\ARM_GCC_493\Debug\freesoc.a(USBUART_cdc.o)
                0x00003988                USBUART_GetChar
 .text.USBUART_Cdc_EpInit
                0x000039b0       0x50 .\CortexM3\ARM_GCC_493\Debug\freesoc.a(USBUART_cdc.o)
                0x000039b0                USBUART_Cdc_EpInit
 .text.USBUART_LoadEP0
                0x00003a00       0x94 .\CortexM3\ARM_GCC_493\Debug\freesoc.a(USBUART_drv.o)
                0x00003a00                USBUART_LoadEP0
 .text.USBUART_InitZeroLengthControlTransfer
                0x00003a94       0x34 .\CortexM3\ARM_GCC_493\Debug\freesoc.a(USBUART_drv.o)
                0x00003a94                USBUART_InitZeroLengthControlTransfer
 .text.USBUART_ControlReadDataStage
                0x00003ac8        0x8 .\CortexM3\ARM_GCC_493\Debug\freesoc.a(USBUART_drv.o)
                0x00003ac8                USBUART_ControlReadDataStage
 .text.USBUART_ControlWriteDataStage
                0x00003ad0       0x80 .\CortexM3\ARM_GCC_493\Debug\freesoc.a(USBUART_drv.o)
                0x00003ad0                USBUART_ControlWriteDataStage
 .text.USBUART_InitNoDataControlTransfer
                0x00003b50       0x2c .\CortexM3\ARM_GCC_493\Debug\freesoc.a(USBUART_drv.o)
                0x00003b50                USBUART_InitNoDataControlTransfer
 .text.USBUART_UpdateStatusBlock
                0x00003b7c       0x24 .\CortexM3\ARM_GCC_493\Debug\freesoc.a(USBUART_drv.o)
                0x00003b7c                USBUART_UpdateStatusBlock
 .text.USBUART_HandleSetup
                0x00003ba0       0x5c .\CortexM3\ARM_GCC_493\Debug\freesoc.a(USBUART_drv.o)
                0x00003ba0                USBUART_HandleSetup
 .text.USBUART_ControlReadStatusStage
                0x00003bfc       0x34 .\CortexM3\ARM_GCC_493\Debug\freesoc.a(USBUART_drv.o)
                0x00003bfc                USBUART_ControlReadStatusStage
 .text.USBUART_HandleOUT
                0x00003c30       0x38 .\CortexM3\ARM_GCC_493\Debug\freesoc.a(USBUART_drv.o)
                0x00003c30                USBUART_HandleOUT
 .text.USBUART_ControlWriteStatusStage
                0x00003c68       0x20 .\CortexM3\ARM_GCC_493\Debug\freesoc.a(USBUART_drv.o)
                0x00003c68                USBUART_ControlWriteStatusStage
 .text.USBUART_NoDataControlStatusStage
                0x00003c88       0x40 .\CortexM3\ARM_GCC_493\Debug\freesoc.a(USBUART_drv.o)
                0x00003c88                USBUART_NoDataControlStatusStage
 .text.USBUART_HandleIN
                0x00003cc8       0x2c .\CortexM3\ARM_GCC_493\Debug\freesoc.a(USBUART_drv.o)
                0x00003cc8                USBUART_HandleIN
 .text.USBUART_EP_0_ISR
                0x00003cf4       0xb8 .\CortexM3\ARM_GCC_493\Debug\freesoc.a(USBUART_drv.o)
                0x00003cf4                USBUART_EP_0_ISR
 .text.USBUART_InitializeStatusBlock
                0x00003dac       0x24 .\CortexM3\ARM_GCC_493\Debug\freesoc.a(USBUART_drv.o)
                0x00003dac                USBUART_InitializeStatusBlock
 .text.USBUART_InitControlRead
                0x00003dd0       0x50 .\CortexM3\ARM_GCC_493\Debug\freesoc.a(USBUART_drv.o)
                0x00003dd0                USBUART_InitControlRead
 .text.USBUART_InitControlWrite
                0x00003e20       0x48 .\CortexM3\ARM_GCC_493\Debug\freesoc.a(USBUART_drv.o)
                0x00003e20                USBUART_InitControlWrite
 .text.USBUART_EP_1_ISR
                0x00003e68       0x38 .\CortexM3\ARM_GCC_493\Debug\freesoc.a(USBUART_episr.o)
                0x00003e68                USBUART_EP_1_ISR
 .text.USBUART_EP_2_ISR
                0x00003ea0       0x3c .\CortexM3\ARM_GCC_493\Debug\freesoc.a(USBUART_episr.o)
                0x00003ea0                USBUART_EP_2_ISR
 .text.USBUART_EP_3_ISR
                0x00003edc       0x44 .\CortexM3\ARM_GCC_493\Debug\freesoc.a(USBUART_episr.o)
                0x00003edc                USBUART_EP_3_ISR
 .text.USBUART_SOF_ISR
                0x00003f20        0x4 .\CortexM3\ARM_GCC_493\Debug\freesoc.a(USBUART_episr.o)
                0x00003f20                USBUART_SOF_ISR
 .text.USBUART_BUS_RESET_ISR
                0x00003f24        0x8 .\CortexM3\ARM_GCC_493\Debug\freesoc.a(USBUART_episr.o)
                0x00003f24                USBUART_BUS_RESET_ISR
 .text.USBUART_FindHidClassDecriptor
                0x00003f2c       0x40 .\CortexM3\ARM_GCC_493\Debug\freesoc.a(USBUART_hid.o)
                0x00003f2c                USBUART_FindHidClassDecriptor
 .text.USBUART_FindReportDescriptor
                0x00003f6c       0x48 .\CortexM3\ARM_GCC_493\Debug\freesoc.a(USBUART_hid.o)
                0x00003f6c                USBUART_FindReportDescriptor
 .text.USBUART_FindReport
                0x00003fb4       0x7c .\CortexM3\ARM_GCC_493\Debug\freesoc.a(USBUART_hid.o)
                0x00003fb4                USBUART_FindReport
 .text.USBUART_DispatchHIDClassRqst
                0x00004030      0x184 .\CortexM3\ARM_GCC_493\Debug\freesoc.a(USBUART_hid.o)
                0x00004030                USBUART_DispatchHIDClassRqst
 .text.USBUART_DP_ISR
                0x000041b4        0x8 .\CortexM3\ARM_GCC_493\Debug\freesoc.a(USBUART_pm.o)
                0x000041b4                USBUART_DP_ISR
 .text.USBUART_ReadDieID
                0x000041bc       0x6c .\CortexM3\ARM_GCC_493\Debug\freesoc.a(USBUART_std.o)
                0x000041bc                USBUART_ReadDieID
 .text.USBUART_ConfigReg
                0x00004228       0xa4 .\CortexM3\ARM_GCC_493\Debug\freesoc.a(USBUART_std.o)
                0x00004228                USBUART_ConfigReg
 .text.USBUART_GetConfigTablePtr
                0x000042cc       0x28 .\CortexM3\ARM_GCC_493\Debug\freesoc.a(USBUART_std.o)
                0x000042cc                USBUART_GetConfigTablePtr
 .text.USBUART_ConfigAltChanged
                0x000042f4      0x11c .\CortexM3\ARM_GCC_493\Debug\freesoc.a(USBUART_std.o)
                0x000042f4                USBUART_ConfigAltChanged
 .text.USBUART_GetDeviceTablePtr
                0x00004410       0x18 .\CortexM3\ARM_GCC_493\Debug\freesoc.a(USBUART_std.o)
                0x00004410                USBUART_GetDeviceTablePtr
 .text.USBUART_GetInterfaceClassTablePtr
                0x00004428       0x24 .\CortexM3\ARM_GCC_493\Debug\freesoc.a(USBUART_std.o)
                0x00004428                USBUART_GetInterfaceClassTablePtr
 .text.USBUART_Config
                0x0000444c      0x1dc .\CortexM3\ARM_GCC_493\Debug\freesoc.a(USBUART_std.o)
                0x0000444c                USBUART_Config
 .text.USBUART_SetEndpointHalt
                0x00004628       0x64 .\CortexM3\ARM_GCC_493\Debug\freesoc.a(USBUART_std.o)
                0x00004628                USBUART_SetEndpointHalt
 .text.USBUART_ClearEndpointHalt
                0x0000468c       0xa8 .\CortexM3\ARM_GCC_493\Debug\freesoc.a(USBUART_std.o)
                0x0000468c                USBUART_ClearEndpointHalt
 .text.USBUART_ValidateAlternateSetting
                0x00004734       0x4c .\CortexM3\ARM_GCC_493\Debug\freesoc.a(USBUART_std.o)
                0x00004734                USBUART_ValidateAlternateSetting
 .text.USBUART_HandleStandardRqst
                0x00004780      0x35c .\CortexM3\ARM_GCC_493\Debug\freesoc.a(USBUART_std.o)
                0x00004780                USBUART_HandleStandardRqst
 .text.USBUART_HandleVendorRqst
                0x00004adc       0x3c .\CortexM3\ARM_GCC_493\Debug\freesoc.a(USBUART_vnd.o)
                0x00004adc                USBUART_HandleVendorRqst
 .text.USBUART_Dp_ClearInterrupt
                0x00004b18       0x10 .\CortexM3\ARM_GCC_493\Debug\freesoc.a(USBUART_Dp.o)
                0x00004b18                USBUART_Dp_ClearInterrupt
 .text.CyFlashGetSpcAlgorithm
                0x00004b28       0x4c .\CortexM3\ARM_GCC_493\Debug\freesoc.a(CyFlash.o)
 .text.CySetTempInt
                0x00004b74       0x60 .\CortexM3\ARM_GCC_493\Debug\freesoc.a(CyFlash.o)
 .text.CySetTemp
                0x00004bd4       0x14 .\CortexM3\ARM_GCC_493\Debug\freesoc.a(CyFlash.o)
                0x00004bd4                CySetTemp
 .text.CyEEPROM_Start
                0x00004be8       0x54 .\CortexM3\ARM_GCC_493\Debug\freesoc.a(CyFlash.o)
                0x00004be8                CyEEPROM_Start
 .text.CySpcStart
                0x00004c3c       0x24 .\CortexM3\ARM_GCC_493\Debug\freesoc.a(CySpc.o)
                0x00004c3c                CySpcStart
 .text.CySpcReadData
                0x00004c60       0x34 .\CortexM3\ARM_GCC_493\Debug\freesoc.a(CySpc.o)
                0x00004c60                CySpcReadData
 .text.CySpcLoadMultiByte
                0x00004c94       0x78 .\CortexM3\ARM_GCC_493\Debug\freesoc.a(CySpc.o)
                0x00004c94                CySpcLoadMultiByte
 .text.CySpcLoadRow
                0x00004d0c       0x54 .\CortexM3\ARM_GCC_493\Debug\freesoc.a(CySpc.o)
                0x00004d0c                CySpcLoadRow
 .text.CySpcWriteRow
                0x00004d60       0x4c .\CortexM3\ARM_GCC_493\Debug\freesoc.a(CySpc.o)
                0x00004d60                CySpcWriteRow
 .text.CySpcGetTemp
                0x00004dac       0x3c .\CortexM3\ARM_GCC_493\Debug\freesoc.a(CySpc.o)
                0x00004dac                CySpcGetTemp
 .text.CySpcLock
                0x00004de8       0x4c .\CortexM3\ARM_GCC_493\Debug\freesoc.a(CySpc.o)
                0x00004de8                CySpcLock
 .text.CySpcUnlock
                0x00004e34       0x38 .\CortexM3\ARM_GCC_493\Debug\freesoc.a(CySpc.o)
                0x00004e34                CySpcUnlock
 .text.CySpcGetAlgorithm
                0x00004e6c       0x28 .\CortexM3\ARM_GCC_493\Debug\freesoc.a(CySpc.o)
                0x00004e6c                CySpcGetAlgorithm
 .text.USBUART_DispatchClassRqst
                0x00004e94       0x60 .\CortexM3\ARM_GCC_493\Debug\freesoc.a(USBUART_cls.o)
                0x00004e94                USBUART_DispatchClassRqst
 .text.cos      0x00004ef4       0x90 c:/program files (x86)/cypress/psoc creator/3.3/psoc creator/import/gnu/arm/4.9.3/bin/../lib/gcc/arm-none-eabi/4.9.3/../../../../arm-none-eabi/lib/armv7-m\libm.a(lib_a-s_cos.o)
                0x00004ef4                cos
 .text.sin      0x00004f84       0x94 c:/program files (x86)/cypress/psoc creator/3.3/psoc creator/import/gnu/arm/4.9.3/bin/../lib/gcc/arm-none-eabi/4.9.3/../../../../arm-none-eabi/lib/armv7-m\libm.a(lib_a-s_sin.o)
                0x00004f84                sin
 .text.pow      0x00005018      0x2f0 c:/program files (x86)/cypress/psoc creator/3.3/psoc creator/import/gnu/arm/4.9.3/bin/../lib/gcc/arm-none-eabi/4.9.3/../../../../arm-none-eabi/lib/armv7-m\libm.a(lib_a-w_pow.o)
                0x00005018                pow
 .text.sqrt     0x00005308       0xac c:/program files (x86)/cypress/psoc creator/3.3/psoc creator/import/gnu/arm/4.9.3/bin/../lib/gcc/arm-none-eabi/4.9.3/../../../../arm-none-eabi/lib/armv7-m\libm.a(lib_a-w_sqrt.o)
                0x00005308                sqrt
 *fill*         0x000053b4        0x4 
 .text.__ieee754_pow
                0x000053b8      0xaa0 c:/program files (x86)/cypress/psoc creator/3.3/psoc creator/import/gnu/arm/4.9.3/bin/../lib/gcc/arm-none-eabi/4.9.3/../../../../arm-none-eabi/lib/armv7-m\libm.a(lib_a-e_pow.o)
                0x000053b8                __ieee754_pow
 .text.__ieee754_rem_pio2
                0x00005e58      0x428 c:/program files (x86)/cypress/psoc creator/3.3/psoc creator/import/gnu/arm/4.9.3/bin/../lib/gcc/arm-none-eabi/4.9.3/../../../../arm-none-eabi/lib/armv7-m\libm.a(lib_a-e_rem_pio2.o)
                0x00005e58                __ieee754_rem_pio2
 .text.__ieee754_sqrt
                0x00006280      0x18c c:/program files (x86)/cypress/psoc creator/3.3/psoc creator/import/gnu/arm/4.9.3/bin/../lib/gcc/arm-none-eabi/4.9.3/../../../../arm-none-eabi/lib/armv7-m\libm.a(lib_a-e_sqrt.o)
                0x00006280                __ieee754_sqrt
 *fill*         0x0000640c        0x4 
 .text.__kernel_cos
                0x00006410      0x248 c:/program files (x86)/cypress/psoc creator/3.3/psoc creator/import/gnu/arm/4.9.3/bin/../lib/gcc/arm-none-eabi/4.9.3/../../../../arm-none-eabi/lib/armv7-m\libm.a(lib_a-k_cos.o)
                0x00006410                __kernel_cos
 .text.__kernel_rem_pio2
                0x00006658      0x808 c:/program files (x86)/cypress/psoc creator/3.3/psoc creator/import/gnu/arm/4.9.3/bin/../lib/gcc/arm-none-eabi/4.9.3/../../../../arm-none-eabi/lib/armv7-m\libm.a(lib_a-k_rem_pio2.o)
                0x00006658                __kernel_rem_pio2
 .text.__kernel_sin
                0x00006e60      0x170 c:/program files (x86)/cypress/psoc creator/3.3/psoc creator/import/gnu/arm/4.9.3/bin/../lib/gcc/arm-none-eabi/4.9.3/../../../../arm-none-eabi/lib/armv7-m\libm.a(lib_a-k_sin.o)
                0x00006e60                __kernel_sin
 .text.fabs     0x00006fd0        0x8 c:/program files (x86)/cypress/psoc creator/3.3/psoc creator/import/gnu/arm/4.9.3/bin/../lib/gcc/arm-none-eabi/4.9.3/../../../../arm-none-eabi/lib/armv7-m\libm.a(lib_a-s_fabs.o)
                0x00006fd0                fabs
 .text.finite   0x00006fd8        0xc c:/program files (x86)/cypress/psoc creator/3.3/psoc creator/import/gnu/arm/4.9.3/bin/../lib/gcc/arm-none-eabi/4.9.3/../../../../arm-none-eabi/lib/armv7-m\libm.a(lib_a-s_finite.o)
                0x00006fd8                finite
 *fill*         0x00006fe4        0x4 
 .text.floor    0x00006fe8      0x118 c:/program files (x86)/cypress/psoc creator/3.3/psoc creator/import/gnu/arm/4.9.3/bin/../lib/gcc/arm-none-eabi/4.9.3/../../../../arm-none-eabi/lib/armv7-m\libm.a(lib_a-s_floor.o)
                0x00006fe8                floor
 .text.__fpclassifyd
                0x00007100       0x58 c:/program files (x86)/cypress/psoc creator/3.3/psoc creator/import/gnu/arm/4.9.3/bin/../lib/gcc/arm-none-eabi/4.9.3/../../../../arm-none-eabi/lib/armv7-m\libm.a(lib_a-s_fpclassify.o)
                0x00007100                __fpclassifyd
 .text.matherr  0x00007158        0x4 c:/program files (x86)/cypress/psoc creator/3.3/psoc creator/import/gnu/arm/4.9.3/bin/../lib/gcc/arm-none-eabi/4.9.3/../../../../arm-none-eabi/lib/armv7-m\libm.a(lib_a-s_matherr.o)
                0x00007158                matherr
 .text.nan      0x0000715c        0xc c:/program files (x86)/cypress/psoc creator/3.3/psoc creator/import/gnu/arm/4.9.3/bin/../lib/gcc/arm-none-eabi/4.9.3/../../../../arm-none-eabi/lib/armv7-m\libm.a(lib_a-s_nan.o)
                0x0000715c                nan
 .text.rint     0x00007168      0x11c c:/program files (x86)/cypress/psoc creator/3.3/psoc creator/import/gnu/arm/4.9.3/bin/../lib/gcc/arm-none-eabi/4.9.3/../../../../arm-none-eabi/lib/armv7-m\libm.a(lib_a-s_rint.o)
                0x00007168                rint
 *fill*         0x00007284        0x4 
 .text.scalbn   0x00007288       0xf0 c:/program files (x86)/cypress/psoc creator/3.3/psoc creator/import/gnu/arm/4.9.3/bin/../lib/gcc/arm-none-eabi/4.9.3/../../../../arm-none-eabi/lib/armv7-m\libm.a(lib_a-s_scalbn.o)
                0x00007288                scalbn
 .text.copysign
                0x00007378       0x10 c:/program files (x86)/cypress/psoc creator/3.3/psoc creator/import/gnu/arm/4.9.3/bin/../lib/gcc/arm-none-eabi/4.9.3/../../../../arm-none-eabi/lib/armv7-m\libm.a(lib_a-s_copysign.o)
                0x00007378                copysign
 .text          0x00007388      0x370 c:/program files (x86)/cypress/psoc creator/3.3/psoc creator/import/gnu/arm/4.9.3/bin/../lib/gcc/arm-none-eabi/4.9.3/armv7-m\libgcc.a(_arm_addsubdf3.o)
                0x00007388                __aeabi_drsub
                0x00007390                __aeabi_dsub
                0x00007390                __subdf3
                0x00007394                __aeabi_dadd
                0x00007394                __adddf3
                0x0000760c                __floatunsidf
                0x0000760c                __aeabi_ui2d
                0x0000762c                __floatsidf
                0x0000762c                __aeabi_i2d
                0x00007650                __aeabi_f2d
                0x00007650                __extendsfdf2
                0x0000768c                __floatundidf
                0x0000768c                __aeabi_ul2d
                0x0000769c                __floatdidf
                0x0000769c                __aeabi_l2d
 .text          0x000076f8      0x424 c:/program files (x86)/cypress/psoc creator/3.3/psoc creator/import/gnu/arm/4.9.3/bin/../lib/gcc/arm-none-eabi/4.9.3/armv7-m\libgcc.a(_arm_muldivdf3.o)
                0x000076f8                __aeabi_dmul
                0x000076f8                __muldf3
                0x0000794c                __divdf3
                0x0000794c                __aeabi_ddiv
 .text          0x00007b1c      0x110 c:/program files (x86)/cypress/psoc creator/3.3/psoc creator/import/gnu/arm/4.9.3/bin/../lib/gcc/arm-none-eabi/4.9.3/armv7-m\libgcc.a(_arm_cmpdf2.o)
                0x00007b1c                __gtdf2
                0x00007b1c                __gedf2
                0x00007b24                __ltdf2
                0x00007b24                __ledf2
                0x00007b2c                __nedf2
                0x00007b2c                __eqdf2
                0x00007b2c                __cmpdf2
                0x00007ba8                __aeabi_cdrcmple
                0x00007bb8                __aeabi_cdcmpeq
                0x00007bb8                __aeabi_cdcmple
                0x00007bc8                __aeabi_dcmpeq
                0x00007bdc                __aeabi_dcmplt
                0x00007bf0                __aeabi_dcmple
                0x00007c04                __aeabi_dcmpge
                0x00007c18                __aeabi_dcmpgt
 .text          0x00007c2c       0x50 c:/program files (x86)/cypress/psoc creator/3.3/psoc creator/import/gnu/arm/4.9.3/bin/../lib/gcc/arm-none-eabi/4.9.3/armv7-m\libgcc.a(_arm_fixdfsi.o)
                0x00007c2c                __aeabi_d2iz
                0x00007c2c                __fixdfsi
 .text          0x00007c7c       0x40 c:/program files (x86)/cypress/psoc creator/3.3/psoc creator/import/gnu/arm/4.9.3/bin/../lib/gcc/arm-none-eabi/4.9.3/armv7-m\libgcc.a(_arm_fixunsdfsi.o)
                0x00007c7c                __aeabi_d2uiz
                0x00007c7c                __fixunsdfsi
 .text          0x00007cbc       0xa0 c:/program files (x86)/cypress/psoc creator/3.3/psoc creator/import/gnu/arm/4.9.3/bin/../lib/gcc/arm-none-eabi/4.9.3/armv7-m\libgcc.a(_arm_truncdfsf2.o)
                0x00007cbc                __truncdfsf2
                0x00007cbc                __aeabi_d2f
 .text          0x00007d5c      0x21c c:/program files (x86)/cypress/psoc creator/3.3/psoc creator/import/gnu/arm/4.9.3/bin/../lib/gcc/arm-none-eabi/4.9.3/armv7-m\libgcc.a(_arm_addsubsf3.o)
                0x00007d5c                __aeabi_frsub
                0x00007d64                __subsf3
                0x00007d64                __aeabi_fsub
                0x00007d68                __aeabi_fadd
                0x00007d68                __addsf3
                0x00007ec8                __aeabi_ui2f
                0x00007ec8                __floatunsisf
                0x00007ed0                __aeabi_i2f
                0x00007ed0                __floatsisf
                0x00007eec                __aeabi_ul2f
                0x00007eec                __floatundisf
                0x00007efc                __aeabi_l2f
                0x00007efc                __floatdisf
 .text          0x00007f78      0x2a0 c:/program files (x86)/cypress/psoc creator/3.3/psoc creator/import/gnu/arm/4.9.3/bin/../lib/gcc/arm-none-eabi/4.9.3/armv7-m\libgcc.a(_arm_muldivsf3.o)
                0x00007f78                __mulsf3
                0x00007f78                __aeabi_fmul
                0x000080e0                __aeabi_fdiv
                0x000080e0                __divsf3
 .text          0x00008218       0xec c:/program files (x86)/cypress/psoc creator/3.3/psoc creator/import/gnu/arm/4.9.3/bin/../lib/gcc/arm-none-eabi/4.9.3/armv7-m\libgcc.a(_arm_cmpsf2.o)
                0x00008218                __gesf2
                0x00008218                __gtsf2
                0x00008220                __lesf2
                0x00008220                __ltsf2
                0x00008228                __nesf2
                0x00008228                __eqsf2
                0x00008228                __cmpsf2
                0x00008288                __aeabi_cfrcmple
                0x00008290                __aeabi_cfcmpeq
                0x00008290                __aeabi_cfcmple
                0x000082a0                __aeabi_fcmpeq
                0x000082b4                __aeabi_fcmplt
                0x000082c8                __aeabi_fcmple
                0x000082dc                __aeabi_fcmpge
                0x000082f0                __aeabi_fcmpgt
 .text          0x00008304       0x4c c:/program files (x86)/cypress/psoc creator/3.3/psoc creator/import/gnu/arm/4.9.3/bin/../lib/gcc/arm-none-eabi/4.9.3/armv7-m\libgcc.a(_arm_fixsfsi.o)
                0x00008304                __aeabi_f2iz
                0x00008304                __fixsfsi
 .text.__assert_func
                0x00008350       0x38 c:/program files (x86)/cypress/psoc creator/3.3/psoc creator/import/gnu/arm/4.9.3/bin/../lib/gcc/arm-none-eabi/4.9.3/../../../../arm-none-eabi/lib/armv7-m\libg_nano.a(lib_a-assert.o)
                0x00008350                __assert_func
 .text.atof     0x00008388        0x6 c:/program files (x86)/cypress/psoc creator/3.3/psoc creator/import/gnu/arm/4.9.3/bin/../lib/gcc/arm-none-eabi/4.9.3/../../../../arm-none-eabi/lib/armv7-m\libg_nano.a(lib_a-atof.o)
                0x00008388                atof
 *fill*         0x0000838e        0x2 
 .text.__errno  0x00008390        0xc c:/program files (x86)/cypress/psoc creator/3.3/psoc creator/import/gnu/arm/4.9.3/bin/../lib/gcc/arm-none-eabi/4.9.3/../../../../arm-none-eabi/lib/armv7-m\libg_nano.a(lib_a-errno.o)
                0x00008390                __errno
 .text.fprintf  0x0000839c       0x24 c:/program files (x86)/cypress/psoc creator/3.3/psoc creator/import/gnu/arm/4.9.3/bin/../lib/gcc/arm-none-eabi/4.9.3/../../../../arm-none-eabi/lib/armv7-m\libg_nano.a(lib_a-fprintf.o)
                0x0000839c                fiprintf
                0x0000839c                fprintf
 .text.__libc_init_array
                0x000083c0       0x4c c:/program files (x86)/cypress/psoc creator/3.3/psoc creator/import/gnu/arm/4.9.3/bin/../lib/gcc/arm-none-eabi/4.9.3/../../../../arm-none-eabi/lib/armv7-m\libg_nano.a(lib_a-init.o)
                0x000083c0                __libc_init_array
 .text.__itoa   0x0000840c       0x2e c:/program files (x86)/cypress/psoc creator/3.3/psoc creator/import/gnu/arm/4.9.3/bin/../lib/gcc/arm-none-eabi/4.9.3/../../../../arm-none-eabi/lib/armv7-m\libg_nano.a(lib_a-itoa.o)
                0x0000840c                __itoa
 .text.itoa     0x0000843a        0x4 c:/program files (x86)/cypress/psoc creator/3.3/psoc creator/import/gnu/arm/4.9.3/bin/../lib/gcc/arm-none-eabi/4.9.3/../../../../arm-none-eabi/lib/armv7-m\libg_nano.a(lib_a-itoa.o)
                0x0000843a                itoa
 .text.memcpy   0x0000843e       0x16 c:/program files (x86)/cypress/psoc creator/3.3/psoc creator/import/gnu/arm/4.9.3/bin/../lib/gcc/arm-none-eabi/4.9.3/../../../../arm-none-eabi/lib/armv7-m\libg_nano.a(lib_a-memcpy.o)
                0x0000843e                memcpy
 .text.memset   0x00008454       0x10 c:/program files (x86)/cypress/psoc creator/3.3/psoc creator/import/gnu/arm/4.9.3/bin/../lib/gcc/arm-none-eabi/4.9.3/../../../../arm-none-eabi/lib/armv7-m\libg_nano.a(lib_a-memset.o)
                0x00008454                memset
 .text.__sfputc_r
                0x00008464       0x2c c:/program files (x86)/cypress/psoc creator/3.3/psoc creator/import/gnu/arm/4.9.3/bin/../lib/gcc/arm-none-eabi/4.9.3/../../../../arm-none-eabi/lib/armv7-m\libg_nano.a(lib_a-nano-vfprintf.o)
 .text.__sfputs_r
                0x00008490       0x24 c:/program files (x86)/cypress/psoc creator/3.3/psoc creator/import/gnu/arm/4.9.3/bin/../lib/gcc/arm-none-eabi/4.9.3/../../../../arm-none-eabi/lib/armv7-m\libg_nano.a(lib_a-nano-vfprintf.o)
                0x00008490                __sfputs_r
 .text._vfprintf_r
                0x000084b4      0x210 c:/program files (x86)/cypress/psoc creator/3.3/psoc creator/import/gnu/arm/4.9.3/bin/../lib/gcc/arm-none-eabi/4.9.3/../../../../arm-none-eabi/lib/armv7-m\libg_nano.a(lib_a-nano-vfprintf.o)
                0x000084b4                _vfprintf_r
                0x000084b4                _vfiprintf_r
 .text.__cvt    0x000086c4       0xbc c:/program files (x86)/cypress/psoc creator/3.3/psoc creator/import/gnu/arm/4.9.3/bin/../lib/gcc/arm-none-eabi/4.9.3/../../../../arm-none-eabi/lib/armv7-m\libg_nano.a(lib_a-nano-vfprintf_float.o)
                0x000086c4                __cvt
 .text.__exponent
                0x00008780       0x62 c:/program files (x86)/cypress/psoc creator/3.3/psoc creator/import/gnu/arm/4.9.3/bin/../lib/gcc/arm-none-eabi/4.9.3/../../../../arm-none-eabi/lib/armv7-m\libg_nano.a(lib_a-nano-vfprintf_float.o)
                0x00008780                __exponent
 *fill*         0x000087e2        0x2 
 .text._printf_float
                0x000087e4      0x48c c:/program files (x86)/cypress/psoc creator/3.3/psoc creator/import/gnu/arm/4.9.3/bin/../lib/gcc/arm-none-eabi/4.9.3/../../../../arm-none-eabi/lib/armv7-m\libg_nano.a(lib_a-nano-vfprintf_float.o)
                0x000087e4                _printf_float
 .text._printf_common
                0x00008c70       0xea c:/program files (x86)/cypress/psoc creator/3.3/psoc creator/import/gnu/arm/4.9.3/bin/../lib/gcc/arm-none-eabi/4.9.3/../../../../arm-none-eabi/lib/armv7-m\libg_nano.a(lib_a-nano-vfprintf_i.o)
                0x00008c70                _printf_common
 *fill*         0x00008d5a        0x2 
 .text._printf_i
                0x00008d5c      0x240 c:/program files (x86)/cypress/psoc creator/3.3/psoc creator/import/gnu/arm/4.9.3/bin/../lib/gcc/arm-none-eabi/4.9.3/../../../../arm-none-eabi/lib/armv7-m\libg_nano.a(lib_a-nano-vfprintf_i.o)
                0x00008d5c                _printf_i
 .text.sprintf  0x00008f9c       0x48 c:/program files (x86)/cypress/psoc creator/3.3/psoc creator/import/gnu/arm/4.9.3/bin/../lib/gcc/arm-none-eabi/4.9.3/../../../../arm-none-eabi/lib/armv7-m\libg_nano.a(lib_a-sprintf.o)
                0x00008f9c                siprintf
                0x00008f9c                sprintf
 .text.strlen   0x00008fe4       0x10 c:/program files (x86)/cypress/psoc creator/3.3/psoc creator/import/gnu/arm/4.9.3/bin/../lib/gcc/arm-none-eabi/4.9.3/../../../../arm-none-eabi/lib/armv7-m\libg_nano.a(lib_a-strlen.o)
                0x00008fe4                strlen
 .text.match    0x00008ff4       0x26 c:/program files (x86)/cypress/psoc creator/3.3/psoc creator/import/gnu/arm/4.9.3/bin/../lib/gcc/arm-none-eabi/4.9.3/../../../../arm-none-eabi/lib/armv7-m\libg_nano.a(lib_a-strtod.o)
 .text.sulp     0x0000901a       0x42 c:/program files (x86)/cypress/psoc creator/3.3/psoc creator/import/gnu/arm/4.9.3/bin/../lib/gcc/arm-none-eabi/4.9.3/../../../../arm-none-eabi/lib/armv7-m\libg_nano.a(lib_a-strtod.o)
 *fill*         0x0000905c        0x4 
 .text._strtod_r
                0x00009060      0xc40 c:/program files (x86)/cypress/psoc creator/3.3/psoc creator/import/gnu/arm/4.9.3/bin/../lib/gcc/arm-none-eabi/4.9.3/../../../../arm-none-eabi/lib/armv7-m\libg_nano.a(lib_a-strtod.o)
                0x00009060                _strtod_r
 .text.strtod   0x00009ca0       0x14 c:/program files (x86)/cypress/psoc creator/3.3/psoc creator/import/gnu/arm/4.9.3/bin/../lib/gcc/arm-none-eabi/4.9.3/../../../../arm-none-eabi/lib/armv7-m\libg_nano.a(lib_a-strtod.o)
                0x00009ca0                strtod
 .text.__utoa   0x00009cb4       0x78 c:/program files (x86)/cypress/psoc creator/3.3/psoc creator/import/gnu/arm/4.9.3/bin/../lib/gcc/arm-none-eabi/4.9.3/../../../../arm-none-eabi/lib/armv7-m\libg_nano.a(lib_a-utoa.o)
                0x00009cb4                __utoa
 .text.__swbuf_r
                0x00009d2c       0xa8 c:/program files (x86)/cypress/psoc creator/3.3/psoc creator/import/gnu/arm/4.9.3/bin/../lib/gcc/arm-none-eabi/4.9.3/../../../../arm-none-eabi/lib/armv7-m\libg_nano.a(lib_a-wbuf.o)
                0x00009d2c                __swbuf_r
 .text.__swsetup_r
                0x00009dd4       0xd8 c:/program files (x86)/cypress/psoc creator/3.3/psoc creator/import/gnu/arm/4.9.3/bin/../lib/gcc/arm-none-eabi/4.9.3/../../../../arm-none-eabi/lib/armv7-m\libg_nano.a(lib_a-wsetup.o)
                0x00009dd4                __swsetup_r
 .text.abort    0x00009eac        0xe c:/program files (x86)/cypress/psoc creator/3.3/psoc creator/import/gnu/arm/4.9.3/bin/../lib/gcc/arm-none-eabi/4.9.3/../../../../arm-none-eabi/lib/armv7-m\libg_nano.a(lib_a-abort.o)
                0x00009eac                abort
 .text.quorem   0x00009eba      0x114 c:/program files (x86)/cypress/psoc creator/3.3/psoc creator/import/gnu/arm/4.9.3/bin/../lib/gcc/arm-none-eabi/4.9.3/../../../../arm-none-eabi/lib/armv7-m\libg_nano.a(lib_a-dtoa.o)
 *fill*         0x00009fce        0x2 
 .text._dtoa_r  0x00009fd0      0xb78 c:/program files (x86)/cypress/psoc creator/3.3/psoc creator/import/gnu/arm/4.9.3/bin/../lib/gcc/arm-none-eabi/4.9.3/../../../../arm-none-eabi/lib/armv7-m\libg_nano.a(lib_a-dtoa.o)
                0x00009fd0                _dtoa_r
 .text.__sflush_r
                0x0000ab48      0x106 c:/program files (x86)/cypress/psoc creator/3.3/psoc creator/import/gnu/arm/4.9.3/bin/../lib/gcc/arm-none-eabi/4.9.3/../../../../arm-none-eabi/lib/armv7-m\libg_nano.a(lib_a-fflush.o)
                0x0000ab48                __sflush_r
 *fill*         0x0000ac4e        0x2 
 .text._fflush_r
                0x0000ac50       0x54 c:/program files (x86)/cypress/psoc creator/3.3/psoc creator/import/gnu/arm/4.9.3/bin/../lib/gcc/arm-none-eabi/4.9.3/../../../../arm-none-eabi/lib/armv7-m\libg_nano.a(lib_a-fflush.o)
                0x0000ac50                _fflush_r
 .text._cleanup_r
                0x0000aca4        0xc c:/program files (x86)/cypress/psoc creator/3.3/psoc creator/import/gnu/arm/4.9.3/bin/../lib/gcc/arm-none-eabi/4.9.3/../../../../arm-none-eabi/lib/armv7-m\libg_nano.a(lib_a-findfp.o)
                0x0000aca4                _cleanup_r
 .text.std.isra.0
                0x0000acb0       0x48 c:/program files (x86)/cypress/psoc creator/3.3/psoc creator/import/gnu/arm/4.9.3/bin/../lib/gcc/arm-none-eabi/4.9.3/../../../../arm-none-eabi/lib/armv7-m\libg_nano.a(lib_a-findfp.o)
 .text.__sfmoreglue
                0x0000acf8       0x2c c:/program files (x86)/cypress/psoc creator/3.3/psoc creator/import/gnu/arm/4.9.3/bin/../lib/gcc/arm-none-eabi/4.9.3/../../../../arm-none-eabi/lib/armv7-m\libg_nano.a(lib_a-findfp.o)
                0x0000acf8                __sfmoreglue
 .text.__sinit  0x0000ad24       0x60 c:/program files (x86)/cypress/psoc creator/3.3/psoc creator/import/gnu/arm/4.9.3/bin/../lib/gcc/arm-none-eabi/4.9.3/../../../../arm-none-eabi/lib/armv7-m\libg_nano.a(lib_a-findfp.o)
                0x0000ad24                __sinit
 .text.__sfp    0x0000ad84       0x74 c:/program files (x86)/cypress/psoc creator/3.3/psoc creator/import/gnu/arm/4.9.3/bin/../lib/gcc/arm-none-eabi/4.9.3/../../../../arm-none-eabi/lib/armv7-m\libg_nano.a(lib_a-findfp.o)
                0x0000ad84                __sfp
 .text._fwalk_reent
                0x0000adf8       0x3c c:/program files (x86)/cypress/psoc creator/3.3/psoc creator/import/gnu/arm/4.9.3/bin/../lib/gcc/arm-none-eabi/4.9.3/../../../../arm-none-eabi/lib/armv7-m\libg_nano.a(lib_a-fwalk.o)
                0x0000adf8                _fwalk_reent
 .text.rshift   0x0000ae34       0x6c c:/program files (x86)/cypress/psoc creator/3.3/psoc creator/import/gnu/arm/4.9.3/bin/../lib/gcc/arm-none-eabi/4.9.3/../../../../arm-none-eabi/lib/armv7-m\libg_nano.a(lib_a-gdtoa-gethex.o)
 .text.__hexdig_fun
                0x0000aea0       0x2a c:/program files (x86)/cypress/psoc creator/3.3/psoc creator/import/gnu/arm/4.9.3/bin/../lib/gcc/arm-none-eabi/4.9.3/../../../../arm-none-eabi/lib/armv7-m\libg_nano.a(lib_a-gdtoa-gethex.o)
                0x0000aea0                __hexdig_fun
 .text.__gethex
                0x0000aeca      0x44a c:/program files (x86)/cypress/psoc creator/3.3/psoc creator/import/gnu/arm/4.9.3/bin/../lib/gcc/arm-none-eabi/4.9.3/../../../../arm-none-eabi/lib/armv7-m\libg_nano.a(lib_a-gdtoa-gethex.o)
                0x0000aeca                __gethex
 .text.L_shift  0x0000b314       0x24 c:/program files (x86)/cypress/psoc creator/3.3/psoc creator/import/gnu/arm/4.9.3/bin/../lib/gcc/arm-none-eabi/4.9.3/../../../../arm-none-eabi/lib/armv7-m\libg_nano.a(lib_a-gdtoa-hexnan.o)
 .text.__hexnan
                0x0000b338      0x114 c:/program files (x86)/cypress/psoc creator/3.3/psoc creator/import/gnu/arm/4.9.3/bin/../lib/gcc/arm-none-eabi/4.9.3/../../../../arm-none-eabi/lib/armv7-m\libg_nano.a(lib_a-gdtoa-hexnan.o)
                0x0000b338                __hexnan
 .text._localeconv_r
                0x0000b44c        0x8 c:/program files (x86)/cypress/psoc creator/3.3/psoc creator/import/gnu/arm/4.9.3/bin/../lib/gcc/arm-none-eabi/4.9.3/../../../../arm-none-eabi/lib/armv7-m\libg_nano.a(lib_a-locale.o)
                0x0000b44c                _localeconv_r
 .text.__smakebuf_r
                0x0000b454       0x98 c:/program files (x86)/cypress/psoc creator/3.3/psoc creator/import/gnu/arm/4.9.3/bin/../lib/gcc/arm-none-eabi/4.9.3/../../../../arm-none-eabi/lib/armv7-m\libg_nano.a(lib_a-makebuf.o)
                0x0000b454                __smakebuf_r
 .text.malloc   0x0000b4ec       0x10 c:/program files (x86)/cypress/psoc creator/3.3/psoc creator/import/gnu/arm/4.9.3/bin/../lib/gcc/arm-none-eabi/4.9.3/../../../../arm-none-eabi/lib/armv7-m\libg_nano.a(lib_a-malloc.o)
                0x0000b4ec                malloc
 .text.memchr   0x0000b4fc       0x1c c:/program files (x86)/cypress/psoc creator/3.3/psoc creator/import/gnu/arm/4.9.3/bin/../lib/gcc/arm-none-eabi/4.9.3/../../../../arm-none-eabi/lib/armv7-m\libg_nano.a(lib_a-memchr.o)
                0x0000b4fc                memchr
 .text.memmove  0x0000b518       0x36 c:/program files (x86)/cypress/psoc creator/3.3/psoc creator/import/gnu/arm/4.9.3/bin/../lib/gcc/arm-none-eabi/4.9.3/../../../../arm-none-eabi/lib/armv7-m\libg_nano.a(lib_a-memmove.o)
                0x0000b518                memmove
 .text._Balloc  0x0000b54e       0x6a c:/program files (x86)/cypress/psoc creator/3.3/psoc creator/import/gnu/arm/4.9.3/bin/../lib/gcc/arm-none-eabi/4.9.3/../../../../arm-none-eabi/lib/armv7-m\libg_nano.a(lib_a-mprec.o)
                0x0000b54e                _Balloc
 .text._Bfree   0x0000b5b8       0x2e c:/program files (x86)/cypress/psoc creator/3.3/psoc creator/import/gnu/arm/4.9.3/bin/../lib/gcc/arm-none-eabi/4.9.3/../../../../arm-none-eabi/lib/armv7-m\libg_nano.a(lib_a-mprec.o)
                0x0000b5b8                _Bfree
 .text.__multadd
                0x0000b5e6       0x7c c:/program files (x86)/cypress/psoc creator/3.3/psoc creator/import/gnu/arm/4.9.3/bin/../lib/gcc/arm-none-eabi/4.9.3/../../../../arm-none-eabi/lib/armv7-m\libg_nano.a(lib_a-mprec.o)
                0x0000b5e6                __multadd
 .text.__s2b    0x0000b662       0x80 c:/program files (x86)/cypress/psoc creator/3.3/psoc creator/import/gnu/arm/4.9.3/bin/../lib/gcc/arm-none-eabi/4.9.3/../../../../arm-none-eabi/lib/armv7-m\libg_nano.a(lib_a-mprec.o)
                0x0000b662                __s2b
 .text.__hi0bits
                0x0000b6e2       0x40 c:/program files (x86)/cypress/psoc creator/3.3/psoc creator/import/gnu/arm/4.9.3/bin/../lib/gcc/arm-none-eabi/4.9.3/../../../../arm-none-eabi/lib/armv7-m\libg_nano.a(lib_a-mprec.o)
                0x0000b6e2                __hi0bits
 .text.__lo0bits
                0x0000b722       0x5a c:/program files (x86)/cypress/psoc creator/3.3/psoc creator/import/gnu/arm/4.9.3/bin/../lib/gcc/arm-none-eabi/4.9.3/../../../../arm-none-eabi/lib/armv7-m\libg_nano.a(lib_a-mprec.o)
                0x0000b722                __lo0bits
 .text.__i2b    0x0000b77c       0x12 c:/program files (x86)/cypress/psoc creator/3.3/psoc creator/import/gnu/arm/4.9.3/bin/../lib/gcc/arm-none-eabi/4.9.3/../../../../arm-none-eabi/lib/armv7-m\libg_nano.a(lib_a-mprec.o)
                0x0000b77c                __i2b
 .text.__multiply
                0x0000b78e      0x120 c:/program files (x86)/cypress/psoc creator/3.3/psoc creator/import/gnu/arm/4.9.3/bin/../lib/gcc/arm-none-eabi/4.9.3/../../../../arm-none-eabi/lib/armv7-m\libg_nano.a(lib_a-mprec.o)
                0x0000b78e                __multiply
 *fill*         0x0000b8ae        0x2 
 .text.__pow5mult
                0x0000b8b0       0x9c c:/program files (x86)/cypress/psoc creator/3.3/psoc creator/import/gnu/arm/4.9.3/bin/../lib/gcc/arm-none-eabi/4.9.3/../../../../arm-none-eabi/lib/armv7-m\libg_nano.a(lib_a-mprec.o)
                0x0000b8b0                __pow5mult
 .text.__lshift
                0x0000b94c       0xa6 c:/program files (x86)/cypress/psoc creator/3.3/psoc creator/import/gnu/arm/4.9.3/bin/../lib/gcc/arm-none-eabi/4.9.3/../../../../arm-none-eabi/lib/armv7-m\libg_nano.a(lib_a-mprec.o)
                0x0000b94c                __lshift
 .text.__mcmp   0x0000b9f2       0x38 c:/program files (x86)/cypress/psoc creator/3.3/psoc creator/import/gnu/arm/4.9.3/bin/../lib/gcc/arm-none-eabi/4.9.3/../../../../arm-none-eabi/lib/armv7-m\libg_nano.a(lib_a-mprec.o)
                0x0000b9f2                __mcmp
 .text.__mdiff  0x0000ba2a       0xbe c:/program files (x86)/cypress/psoc creator/3.3/psoc creator/import/gnu/arm/4.9.3/bin/../lib/gcc/arm-none-eabi/4.9.3/../../../../arm-none-eabi/lib/armv7-m\libg_nano.a(lib_a-mprec.o)
                0x0000ba2a                __mdiff
 .text.__ulp    0x0000bae8       0x48 c:/program files (x86)/cypress/psoc creator/3.3/psoc creator/import/gnu/arm/4.9.3/bin/../lib/gcc/arm-none-eabi/4.9.3/../../../../arm-none-eabi/lib/armv7-m\libg_nano.a(lib_a-mprec.o)
                0x0000bae8                __ulp
 .text.__b2d    0x0000bb30       0x9e c:/program files (x86)/cypress/psoc creator/3.3/psoc creator/import/gnu/arm/4.9.3/bin/../lib/gcc/arm-none-eabi/4.9.3/../../../../arm-none-eabi/lib/armv7-m\libg_nano.a(lib_a-mprec.o)
                0x0000bb30                __b2d
 .text.__d2b    0x0000bbce       0xa4 c:/program files (x86)/cypress/psoc creator/3.3/psoc creator/import/gnu/arm/4.9.3/bin/../lib/gcc/arm-none-eabi/4.9.3/../../../../arm-none-eabi/lib/armv7-m\libg_nano.a(lib_a-mprec.o)
                0x0000bbce                __d2b
 .text.__ratio  0x0000bc72       0x50 c:/program files (x86)/cypress/psoc creator/3.3/psoc creator/import/gnu/arm/4.9.3/bin/../lib/gcc/arm-none-eabi/4.9.3/../../../../arm-none-eabi/lib/armv7-m\libg_nano.a(lib_a-mprec.o)
                0x0000bc72                __ratio
 .text.__copybits
                0x0000bcc2       0x34 c:/program files (x86)/cypress/psoc creator/3.3/psoc creator/import/gnu/arm/4.9.3/bin/../lib/gcc/arm-none-eabi/4.9.3/../../../../arm-none-eabi/lib/armv7-m\libg_nano.a(lib_a-mprec.o)
                0x0000bcc2                __copybits
 .text.__any_on
                0x0000bcf6       0x44 c:/program files (x86)/cypress/psoc creator/3.3/psoc creator/import/gnu/arm/4.9.3/bin/../lib/gcc/arm-none-eabi/4.9.3/../../../../arm-none-eabi/lib/armv7-m\libg_nano.a(lib_a-mprec.o)
                0x0000bcf6                __any_on
 .text._calloc_r
                0x0000bd3a       0x1c c:/program files (x86)/cypress/psoc creator/3.3/psoc creator/import/gnu/arm/4.9.3/bin/../lib/gcc/arm-none-eabi/4.9.3/../../../../arm-none-eabi/lib/armv7-m\libg_nano.a(lib_a-nano-callocr.o)
                0x0000bd3a                _calloc_r
 *fill*         0x0000bd56        0x2 
 .text._free_r  0x0000bd58       0x88 c:/program files (x86)/cypress/psoc creator/3.3/psoc creator/import/gnu/arm/4.9.3/bin/../lib/gcc/arm-none-eabi/4.9.3/../../../../arm-none-eabi/lib/armv7-m\libg_nano.a(lib_a-nano-freer.o)
                0x0000bd58                _free_r
 .text._malloc_r
                0x0000bde0       0xac c:/program files (x86)/cypress/psoc creator/3.3/psoc creator/import/gnu/arm/4.9.3/bin/../lib/gcc/arm-none-eabi/4.9.3/../../../../arm-none-eabi/lib/armv7-m\libg_nano.a(lib_a-nano-mallocr.o)
                0x0000bde0                _malloc_r
 .text._realloc_r
                0x0000be8c       0x4c c:/program files (x86)/cypress/psoc creator/3.3/psoc creator/import/gnu/arm/4.9.3/bin/../lib/gcc/arm-none-eabi/4.9.3/../../../../arm-none-eabi/lib/armv7-m\libg_nano.a(lib_a-nano-reallocr.o)
                0x0000be8c                _realloc_r
 .text.__ssputs_r
                0x0000bed8       0xb2 c:/program files (x86)/cypress/psoc creator/3.3/psoc creator/import/gnu/arm/4.9.3/bin/../lib/gcc/arm-none-eabi/4.9.3/../../../../arm-none-eabi/lib/armv7-m\libg_nano.a(lib_a-nano-svfprintf.o)
                0x0000bed8                __ssputs_r
 *fill*         0x0000bf8a        0x2 
 .text._svfprintf_r
                0x0000bf8c      0x1e4 c:/program files (x86)/cypress/psoc creator/3.3/psoc creator/import/gnu/arm/4.9.3/bin/../lib/gcc/arm-none-eabi/4.9.3/../../../../arm-none-eabi/lib/armv7-m\libg_nano.a(lib_a-nano-svfprintf.o)
                0x0000bf8c                _svfiprintf_r
                0x0000bf8c                _svfprintf_r
 .text._sbrk_r  0x0000c170       0x20 c:/program files (x86)/cypress/psoc creator/3.3/psoc creator/import/gnu/arm/4.9.3/bin/../lib/gcc/arm-none-eabi/4.9.3/../../../../arm-none-eabi/lib/armv7-m\libg_nano.a(lib_a-sbrkr.o)
                0x0000c170                _sbrk_r
 .text._raise_r
                0x0000c190       0x50 c:/program files (x86)/cypress/psoc creator/3.3/psoc creator/import/gnu/arm/4.9.3/bin/../lib/gcc/arm-none-eabi/4.9.3/../../../../arm-none-eabi/lib/armv7-m\libg_nano.a(lib_a-signal.o)
                0x0000c190                _raise_r
 .text.raise    0x0000c1e0       0x10 c:/program files (x86)/cypress/psoc creator/3.3/psoc creator/import/gnu/arm/4.9.3/bin/../lib/gcc/arm-none-eabi/4.9.3/../../../../arm-none-eabi/lib/armv7-m\libg_nano.a(lib_a-signal.o)
                0x0000c1e0                raise
 .text._kill_r  0x0000c1f0       0x24 c:/program files (x86)/cypress/psoc creator/3.3/psoc creator/import/gnu/arm/4.9.3/bin/../lib/gcc/arm-none-eabi/4.9.3/../../../../arm-none-eabi/lib/armv7-m\libg_nano.a(lib_a-signalr.o)
                0x0000c1f0                _kill_r
 .text._getpid_r
                0x0000c214        0x4 c:/program files (x86)/cypress/psoc creator/3.3/psoc creator/import/gnu/arm/4.9.3/bin/../lib/gcc/arm-none-eabi/4.9.3/../../../../arm-none-eabi/lib/armv7-m\libg_nano.a(lib_a-signalr.o)
                0x0000c214                _getpid_r
 .text.__sread  0x0000c218       0x22 c:/program files (x86)/cypress/psoc creator/3.3/psoc creator/import/gnu/arm/4.9.3/bin/../lib/gcc/arm-none-eabi/4.9.3/../../../../arm-none-eabi/lib/armv7-m\libg_nano.a(lib_a-stdio.o)
                0x0000c218                __sread
 .text.__swrite
                0x0000c23a       0x38 c:/program files (x86)/cypress/psoc creator/3.3/psoc creator/import/gnu/arm/4.9.3/bin/../lib/gcc/arm-none-eabi/4.9.3/../../../../arm-none-eabi/lib/armv7-m\libg_nano.a(lib_a-stdio.o)
                0x0000c23a                __swrite
 .text.__sseek  0x0000c272       0x24 c:/program files (x86)/cypress/psoc creator/3.3/psoc creator/import/gnu/arm/4.9.3/bin/../lib/gcc/arm-none-eabi/4.9.3/../../../../arm-none-eabi/lib/armv7-m\libg_nano.a(lib_a-stdio.o)
                0x0000c272                __sseek
 .text.__sclose
                0x0000c296        0x8 c:/program files (x86)/cypress/psoc creator/3.3/psoc creator/import/gnu/arm/4.9.3/bin/../lib/gcc/arm-none-eabi/4.9.3/../../../../arm-none-eabi/lib/armv7-m\libg_nano.a(lib_a-stdio.o)
                0x0000c296                __sclose
 .text.strncmp  0x0000c29e       0x32 c:/program files (x86)/cypress/psoc creator/3.3/psoc creator/import/gnu/arm/4.9.3/bin/../lib/gcc/arm-none-eabi/4.9.3/../../../../arm-none-eabi/lib/armv7-m\libg_nano.a(lib_a-strncmp.o)
                0x0000c29e                strncmp
 .text._write_r
                0x0000c2d0       0x24 c:/program files (x86)/cypress/psoc creator/3.3/psoc creator/import/gnu/arm/4.9.3/bin/../lib/gcc/arm-none-eabi/4.9.3/../../../../arm-none-eabi/lib/armv7-m\libg_nano.a(lib_a-writer.o)
                0x0000c2d0                _write_r
 .text._close_r
                0x0000c2f4       0x20 c:/program files (x86)/cypress/psoc creator/3.3/psoc creator/import/gnu/arm/4.9.3/bin/../lib/gcc/arm-none-eabi/4.9.3/../../../../arm-none-eabi/lib/armv7-m\libg_nano.a(lib_a-closer.o)
                0x0000c2f4                _close_r
 .text._fstat_r
                0x0000c314       0x24 c:/program files (x86)/cypress/psoc creator/3.3/psoc creator/import/gnu/arm/4.9.3/bin/../lib/gcc/arm-none-eabi/4.9.3/../../../../arm-none-eabi/lib/armv7-m\libg_nano.a(lib_a-fstatr.o)
                0x0000c314                _fstat_r
 .text._isatty_r
                0x0000c338       0x20 c:/program files (x86)/cypress/psoc creator/3.3/psoc creator/import/gnu/arm/4.9.3/bin/../lib/gcc/arm-none-eabi/4.9.3/../../../../arm-none-eabi/lib/armv7-m\libg_nano.a(lib_a-isattyr.o)
                0x0000c338                _isatty_r
 .text._lseek_r
                0x0000c358       0x24 c:/program files (x86)/cypress/psoc creator/3.3/psoc creator/import/gnu/arm/4.9.3/bin/../lib/gcc/arm-none-eabi/4.9.3/../../../../arm-none-eabi/lib/armv7-m\libg_nano.a(lib_a-lseekr.o)
                0x0000c358                _lseek_r
 .text._malloc_usable_size_r
                0x0000c37c       0x14 c:/program files (x86)/cypress/psoc creator/3.3/psoc creator/import/gnu/arm/4.9.3/bin/../lib/gcc/arm-none-eabi/4.9.3/../../../../arm-none-eabi/lib/armv7-m\libg_nano.a(lib_a-nano-msizer.o)
                0x0000c37c                _malloc_usable_size_r
 .text._read_r  0x0000c390       0x24 c:/program files (x86)/cypress/psoc creator/3.3/psoc creator/import/gnu/arm/4.9.3/bin/../lib/gcc/arm-none-eabi/4.9.3/../../../../arm-none-eabi/lib/armv7-m\libg_nano.a(lib_a-readr.o)
                0x0000c390                _read_r
 .text._close   0x0000c3b4       0x10 c:/program files (x86)/cypress/psoc creator/3.3/psoc creator/import/gnu/arm/4.9.3/bin/../lib/gcc/arm-none-eabi/4.9.3/../../../../arm-none-eabi/lib/armv7-m\libnosys.a(close.o)
                0x0000c3b4                _close
 .text._fstat   0x0000c3c4       0x10 c:/program files (x86)/cypress/psoc creator/3.3/psoc creator/import/gnu/arm/4.9.3/bin/../lib/gcc/arm-none-eabi/4.9.3/../../../../arm-none-eabi/lib/armv7-m\libnosys.a(fstat.o)
                0x0000c3c4                _fstat
 .text._getpid  0x0000c3d4       0x10 c:/program files (x86)/cypress/psoc creator/3.3/psoc creator/import/gnu/arm/4.9.3/bin/../lib/gcc/arm-none-eabi/4.9.3/../../../../arm-none-eabi/lib/armv7-m\libnosys.a(getpid.o)
                0x0000c3d4                _getpid
 .text._isatty  0x0000c3e4       0x10 c:/program files (x86)/cypress/psoc creator/3.3/psoc creator/import/gnu/arm/4.9.3/bin/../lib/gcc/arm-none-eabi/4.9.3/../../../../arm-none-eabi/lib/armv7-m\libnosys.a(isatty.o)
                0x0000c3e4                _isatty
 .text._kill    0x0000c3f4       0x10 c:/program files (x86)/cypress/psoc creator/3.3/psoc creator/import/gnu/arm/4.9.3/bin/../lib/gcc/arm-none-eabi/4.9.3/../../../../arm-none-eabi/lib/armv7-m\libnosys.a(kill.o)
                0x0000c3f4                _kill