Archive member included because of file (symbol)

.\CortexM3\ARM_GCC_493\Debug\freesoc.a(cyfitter_cfg.o)
                              .\CortexM3\ARM_GCC_493\Debug\infrared.o (Front_AMuxSeq_DisconnectAll)
.\CortexM3\ARM_GCC_493\Debug\freesoc.a(Left_HB25_Enable_Pin.o)
                              .\CortexM3\ARM_GCC_493\Debug\motor.o (Left_HB25_Enable_Pin_Write)
.\CortexM3\ARM_GCC_493\Debug\freesoc.a(Left_HB25_PWM.o)
                              .\CortexM3\ARM_GCC_493\Debug\motor.o (Left_HB25_PWM_Stop)
.\CortexM3\ARM_GCC_493\Debug\freesoc.a(Right_HB25_Enable_Pin.o)
                              .\CortexM3\ARM_GCC_493\Debug\motor.o (Right_HB25_Enable_Pin_Write)
.\CortexM3\ARM_GCC_493\Debug\freesoc.a(Right_HB25_PWM.o)
                              .\CortexM3\ARM_GCC_493\Debug\motor.o (Right_HB25_PWM_Stop)
.\CortexM3\ARM_GCC_493\Debug\freesoc.a(CyBootAsmGnu.o)
                              .\CortexM3\ARM_GCC_493\Debug\freesoc.a(cyfitter_cfg.o) (CyDelayCycles)
.\CortexM3\ARM_GCC_493\Debug\freesoc.a(CyLib.o)
                              .\CortexM3\ARM_GCC_493\Debug\Cm3Start.o (CyHalt)
.\CortexM3\ARM_GCC_493\Debug\freesoc.a(cyPm.o)
                              .\CortexM3\ARM_GCC_493\Debug\freesoc.a(CyLib.o) (CyPmReadStatus)
.\CortexM3\ARM_GCC_493\Debug\freesoc.a(UART_Debug.o)
                              .\CortexM3\ARM_GCC_493\Debug\debug.o (UART_Debug_Start)
.\CortexM3\ARM_GCC_493\Debug\freesoc.a(UART_Debug_IntClock.o)
                              .\CortexM3\ARM_GCC_493\Debug\freesoc.a(UART_Debug.o) (UART_Debug_IntClock_Start)
.\CortexM3\ARM_GCC_493\Debug\freesoc.a(EZI2C_Slave.o)
                              .\CortexM3\ARM_GCC_493\Debug\i2c.o (EZI2C_Slave_Start)
.\CortexM3\ARM_GCC_493\Debug\freesoc.a(EZI2C_Slave_PM.o)
                              .\CortexM3\ARM_GCC_493\Debug\freesoc.a(EZI2C_Slave.o) (EZI2C_Slave_backup)
.\CortexM3\ARM_GCC_493\Debug\freesoc.a(EZI2C_Slave_INT.o)
                              .\CortexM3\ARM_GCC_493\Debug\freesoc.a(EZI2C_Slave.o) (EZI2C_Slave_ISR)
.\CortexM3\ARM_GCC_493\Debug\freesoc.a(Front_Echo_Intr.o)
                              .\CortexM3\ARM_GCC_493\Debug\ultrasonic.o (Front_Echo_Intr_StartEx)
.\CortexM3\ARM_GCC_493\Debug\freesoc.a(Front_Trigger_Reg.o)
                              .\CortexM3\ARM_GCC_493\Debug\ultrasonic.o (Front_Trigger_Reg_Write)
.\CortexM3\ARM_GCC_493\Debug\freesoc.a(Front_Trigger_Select_Reg.o)
                              .\CortexM3\ARM_GCC_493\Debug\ultrasonic.o (Front_Trigger_Select_Reg_Write)
.\CortexM3\ARM_GCC_493\Debug\freesoc.a(Front_Echo_Timer.o)
                              .\CortexM3\ARM_GCC_493\Debug\ultrasonic.o (Front_Echo_Timer_ReadCounter)
.\CortexM3\ARM_GCC_493\Debug\freesoc.a(Rear_Trigger_Reg.o)
                              .\CortexM3\ARM_GCC_493\Debug\ultrasonic.o (Rear_Trigger_Reg_Write)
.\CortexM3\ARM_GCC_493\Debug\freesoc.a(Rear_Trigger_Select_Reg.o)
                              .\CortexM3\ARM_GCC_493\Debug\ultrasonic.o (Rear_Trigger_Select_Reg_Write)
.\CortexM3\ARM_GCC_493\Debug\freesoc.a(Rear_Echo_Intr.o)
                              .\CortexM3\ARM_GCC_493\Debug\ultrasonic.o (Rear_Echo_Intr_StartEx)
.\CortexM3\ARM_GCC_493\Debug\freesoc.a(Rear_Echo_Timer.o)
                              .\CortexM3\ARM_GCC_493\Debug\ultrasonic.o (Rear_Echo_Timer_ReadCounter)
.\CortexM3\ARM_GCC_493\Debug\freesoc.a(Front_ADC_SAR.o)
                              .\CortexM3\ARM_GCC_493\Debug\infrared.o (Front_ADC_SAR_Start)
.\CortexM3\ARM_GCC_493\Debug\freesoc.a(Front_ADC_SAR_INT.o)
                              .\CortexM3\ARM_GCC_493\Debug\freesoc.a(Front_ADC_SAR.o) (Front_ADC_SAR_ISR)
.\CortexM3\ARM_GCC_493\Debug\freesoc.a(Front_AMuxSeq.o)
                              .\CortexM3\ARM_GCC_493\Debug\infrared.o (Front_AMuxSeq_Start)
.\CortexM3\ARM_GCC_493\Debug\freesoc.a(Rear_ADC_SAR.o)
                              .\CortexM3\ARM_GCC_493\Debug\infrared.o (Rear_ADC_SAR_Start)
.\CortexM3\ARM_GCC_493\Debug\freesoc.a(Rear_ADC_SAR_INT.o)
                              .\CortexM3\ARM_GCC_493\Debug\freesoc.a(Rear_ADC_SAR.o) (Rear_ADC_SAR_ISR)
.\CortexM3\ARM_GCC_493\Debug\freesoc.a(Rear_AMuxSeq.o)
                              .\CortexM3\ARM_GCC_493\Debug\infrared.o (Rear_AMuxSeq_Start)
.\CortexM3\ARM_GCC_493\Debug\freesoc.a(Front_ADC_SAR_IRQ.o)
                              .\CortexM3\ARM_GCC_493\Debug\infrared.o (Front_ADC_SAR_IRQ_StartEx)
.\CortexM3\ARM_GCC_493\Debug\freesoc.a(Front_ADC_SAR_theACLK.o)
                              .\CortexM3\ARM_GCC_493\Debug\freesoc.a(Front_ADC_SAR.o) (Front_ADC_SAR_theACLK_SetModeRegister)
.\CortexM3\ARM_GCC_493\Debug\freesoc.a(Rear_ADC_SAR_IRQ.o)
                              .\CortexM3\ARM_GCC_493\Debug\infrared.o (Rear_ADC_SAR_IRQ_StartEx)
.\CortexM3\ARM_GCC_493\Debug\freesoc.a(Rear_ADC_SAR_theACLK.o)
                              .\CortexM3\ARM_GCC_493\Debug\freesoc.a(Rear_ADC_SAR.o) (Rear_ADC_SAR_theACLK_SetModeRegister)
[...]
Memory Configuration

Name             Origin             Length             Attributes
rom              0x00000000         0x00040000         xr
ram              0x1fff8000         0x00010000         xrw
*default*        0x00000000         0xffffffff

Linker script and memory map

LOAD c:/program files (x86)/cypress/psoc creator/3.3/psoc creator/import/gnu/arm/4.9.3/bin/../lib/gcc/arm-none-eabi/4.9.3/armv7-m/crti.o
LOAD c:/program files (x86)/cypress/psoc creator/3.3/psoc creator/import/gnu/arm/4.9.3/bin/../lib/gcc/arm-none-eabi/4.9.3/armv7-m/crtbegin.o
LOAD c:/program files (x86)/cypress/psoc creator/3.3/psoc creator/import/gnu/arm/4.9.3/bin/../lib/gcc/arm-none-eabi/4.9.3/../../../../arm-none-eabi/lib/armv7-m/crt0.o
START GROUP
LOAD .\CortexM3\ARM_GCC_493\Debug\main.o
LOAD .\CortexM3\ARM_GCC_493\Debug\cal.o
LOAD .\CortexM3\ARM_GCC_493\Debug\control.o
LOAD .\CortexM3\ARM_GCC_493\Debug\debug.o
LOAD .\CortexM3\ARM_GCC_493\Debug\diag.o
LOAD .\CortexM3\ARM_GCC_493\Debug\encoder.o
LOAD .\CortexM3\ARM_GCC_493\Debug\i2c.o
LOAD .\CortexM3\ARM_GCC_493\Debug\motor.o
LOAD .\CortexM3\ARM_GCC_493\Debug\odom.o
LOAD .\CortexM3\ARM_GCC_493\Debug\pid.o
LOAD .\CortexM3\ARM_GCC_493\Debug\time.o
LOAD .\CortexM3\ARM_GCC_493\Debug\ultrasonic.o
LOAD .\CortexM3\ARM_GCC_493\Debug\utils.o
LOAD .\CortexM3\ARM_GCC_493\Debug\infrared.o
LOAD .\CortexM3\ARM_GCC_493\Debug\pid_controller.o
LOAD .\CortexM3\ARM_GCC_493\Debug\cymetadata.o
LOAD .\CortexM3\ARM_GCC_493\Debug\Cm3Start.o
LOAD .\CortexM3\ARM_GCC_493\Debug\freesoc.a
LOAD C:\Program Files (x86)\Cypress\PSoC Creator\3.3\PSoC Creator\psoc\content\cycomponentlibrary\CyComponentLibrary.cylib\CortexM3\ARM_GCC_493\Debug\CyComponentLibrary.a
LOAD c:/program files (x86)/cypress/psoc creator/3.3/psoc creator/import/gnu/arm/4.9.3/bin/../lib/gcc/arm-none-eabi/4.9.3/../../../../arm-none-eabi/lib/armv7-m\libm.a
END GROUP
START GROUP
LOAD c:/program files (x86)/cypress/psoc creator/3.3/psoc creator/import/gnu/arm/4.9.3/bin/../lib/gcc/arm-none-eabi/4.9.3/armv7-m\libgcc.a
LOAD c:/program files (x86)/cypress/psoc creator/3.3/psoc creator/import/gnu/arm/4.9.3/bin/../lib/gcc/arm-none-eabi/4.9.3/../../../../arm-none-eabi/lib/armv7-m\libg_nano.a
LOAD c:/program files (x86)/cypress/psoc creator/3.3/psoc creator/import/gnu/arm/4.9.3/bin/../lib/gcc/arm-none-eabi/4.9.3/../../../../arm-none-eabi/lib/armv7-m\libc_nano.a
END GROUP
START GROUP
LOAD c:/program files (x86)/cypress/psoc creator/3.3/psoc creator/import/gnu/arm/4.9.3/bin/../lib/gcc/arm-none-eabi/4.9.3/armv7-m\libgcc.a
LOAD c:/program files (x86)/cypress/psoc creator/3.3/psoc creator/import/gnu/arm/4.9.3/bin/../lib/gcc/arm-none-eabi/4.9.3/../../../../arm-none-eabi/lib/armv7-m\libc_nano.a
END GROUP
LOAD c:/program files (x86)/cypress/psoc creator/3.3/psoc creator/import/gnu/arm/4.9.3/bin/../lib/gcc/arm-none-eabi/4.9.3/armv7-m/crtend.o
LOAD c:/program files (x86)/cypress/psoc creator/3.3/psoc creator/import/gnu/arm/4.9.3/bin/../lib/gcc/arm-none-eabi/4.9.3/armv7-m/crtn.o
START GROUP
LOAD c:/program files (x86)/cypress/psoc creator/3.3/psoc creator/import/gnu/arm/4.9.3/bin/../lib/gcc/arm-none-eabi/4.9.3/armv7-m\libgcc.a
LOAD c:/program files (x86)/cypress/psoc creator/3.3/psoc creator/import/gnu/arm/4.9.3/bin/../lib/gcc/arm-none-eabi/4.9.3/../../../../arm-none-eabi/lib/armv7-m\libc.a
LOAD c:/program files (x86)/cypress/psoc creator/3.3/psoc creator/import/gnu/arm/4.9.3/bin/../lib/gcc/arm-none-eabi/4.9.3/../../../../arm-none-eabi/lib/armv7-m\libnosys.a
END GROUP
                0x00000000                CY_APPL_ORIGIN = 0x0
                0x00000100                CY_FLASH_ROW_SIZE = 0x100
                0x00000020                CY_ECC_ROW_SIZE = 0x20
                0x00000000                CY_EE_IN_BTLDR = 0x0
                0x00000000                CY_APPL_LOADABLE = 0x0
                0x00000800                CY_EE_SIZE = 0x800
                0x00000001                CY_APPL_NUM = 0x1
                0x00000001                CY_APPL_MAX = 0x1
                0x00000040                CY_METADATA_SIZE = 0x40
                0x00000000                CY_APPL_LOADABLE = 0x0
                0x00000000                CY_CHECKSUM_EXCLUDE_SIZE = ALIGN (0x0, CY_FLASH_ROW_SIZE)
                0x1fff8f20                PROVIDE (__cy_heap_start, _end)
                0x00000001                PROVIDE (__cy_region_num, ((__cy_regions_end - __cy_regions) / 0x10))
                0x20008000                PROVIDE (__cy_stack, (ORIGIN (ram) + 0x10000))
                0x20007800                PROVIDE (__cy_heap_end, (__cy_stack - 0x800))

.cybootloader   0x00000000        0x0
 *(.cybootloader)
                0x00000000                appl1_start = CY_APPL_ORIGIN?CY_APPL_ORIGIN:ALIGN (CY_FLASH_ROW_SIZE)
                0x0001ff00                appl2_start = (appl1_start + ALIGN ((((0x40000 - appl1_start) - (0x2 * CY_FLASH_ROW_SIZE)) / 0x2), CY_FLASH_ROW_SIZE))
                0x00000000                appl_start = (CY_APPL_NUM == 0x1)?appl1_start:appl2_start
                0x00000000                ecc_offset = ((appl_start / CY_FLASH_ROW_SIZE) * CY_ECC_ROW_SIZE)
                0x00000000                ee_offset = (CY_APPL_LOADABLE && ! (CY_EE_IN_BTLDR))?((CY_EE_SIZE / CY_APPL_MAX) * (CY_APPL_NUM - 0x1)):0x0
                0x00000800                ee_size = (CY_APPL_LOADABLE && ! (CY_EE_IN_BTLDR))?(CY_EE_SIZE / CY_APPL_MAX):CY_EE_SIZE
                0x00000000                PROVIDE (CY_ECC_OFFSET, ecc_offset)

.text           0x00000000     0x8516
 CREATE_OBJECT_SYMBOLS
                0x00000000                PROVIDE (__cy_interrupt_vector, RomVectors)
 *(.romvectors)
 .romvectors    0x00000000       0x10 .\CortexM3\ARM_GCC_493\Debug\Cm3Start.o
                0x00000000                RomVectors
                0x00000001                ASSERT ((. != __cy_interrupt_vector), No interrupt vector)
                0x00000001                ASSERT (CY_APPL_ORIGIN?(SIZEOF (.cybootloader) <= CY_APPL_ORIGIN):0x1, Wrong image location)
                0x00000010                PROVIDE (__cy_reset, Reset)
 *(.text.Reset)
 .text.Reset    0x00000010       0x18 .\CortexM3\ARM_GCC_493\Debug\Cm3Start.o
                0x00000010                Reset
                0x00000001                ASSERT ((. != __cy_reset), No reset code)
 *(.dma_init)
                0x00000001                ASSERT ((((appl_start + .) <= 0x10000) || 0x1), DMA Init must be within the first 64k of flash)
 *(.text .text.* .gnu.linkonce.t.*)
 .text          0x00000028       0x5c c:/program files (x86)/cypress/psoc creator/3.3/psoc creator/import/gnu/arm/4.9.3/bin/../lib/gcc/arm-none-eabi/4.9.3/armv7-m/crtbegin.o
 .text.main     0x00000084       0xb4 .\CortexM3\ARM_GCC_493\Debug\main.o
                0x00000084                main
 .text.CalculatePwmSamples
                0x00000138       0x64 .\CortexM3\ARM_GCC_493\Debug\cal.o
 .text.AddSamplesToSum
                0x0000019c       0x24 .\CortexM3\ARM_GCC_493\Debug\cal.o
 .text.CalculateAvgCpsSamples
                0x000001c0       0x20 .\CortexM3\ARM_GCC_493\Debug\cal.o
 .text.CalibrateWheelSpeed
                0x000001e0       0xa0 .\CortexM3\ARM_GCC_493\Debug\cal.o
 .text.Cal_Update
                0x00000280       0x6c .\CortexM3\ARM_GCC_493\Debug\cal.o
                0x00000280                Cal_Update
 .text.Cal_Download
                0x000002ec        0x4 .\CortexM3\ARM_GCC_493\Debug\cal.o
                0x000002ec                Cal_Download
 .text.Cal_Upload
                0x000002f0        0x4 .\CortexM3\ARM_GCC_493\Debug\cal.o
                0x000002f0                Cal_Upload
 .text.Cal_Validate
                0x000002f4        0x4 .\CortexM3\ARM_GCC_493\Debug\cal.o
                0x000002f4                Cal_Validate
 .text.Control_Init
                0x000002f8        0x4 .\CortexM3\ARM_GCC_493\Debug\control.o
                0x000002f8                Control_Init
 .text.Control_Start
                0x000002fc        0x4 .\CortexM3\ARM_GCC_493\Debug\control.o
                0x000002fc                Control_Start
 .text.Control_Update
                0x00000300       0x48 .\CortexM3\ARM_GCC_493\Debug\control.o
                0x00000300                Control_Update
 .text.Debug_Init
                0x00000348       0x14 .\CortexM3\ARM_GCC_493\Debug\debug.o
                0x00000348                Debug_Init
 .text.Debug_Start
                0x0000035c        0x8 .\CortexM3\ARM_GCC_493\Debug\debug.o
                0x0000035c                Debug_Start
 .text.Diag_Init
                0x00000364        0xc .\CortexM3\ARM_GCC_493\Debug\diag.o
                0x00000364                Diag_Init
 .text.Diag_Start
                0x00000370        0x4 .\CortexM3\ARM_GCC_493\Debug\diag.o
                0x00000370                Diag_Start
 .text.Diag_Update
                0x00000374        0x8 .\CortexM3\ARM_GCC_493\Debug\diag.o
                0x00000374                Diag_Update
 *fill*         0x0000037c        0x4 
 .text.Encoder_Sample
                0x00000380       0x70 .\CortexM3\ARM_GCC_493\Debug\encoder.o
 .text.DumpEncoder
                0x000003f0       0x60 .\CortexM3\ARM_GCC_493\Debug\encoder.o
 .text.Encoder_Init
                0x00000450       0x48 .\CortexM3\ARM_GCC_493\Debug\encoder.o
                0x00000450                Encoder_Init
 .text.Encoder_Start
                0x00000498       0x20 .\CortexM3\ARM_GCC_493\Debug\encoder.o
                0x00000498                Encoder_Start
 .text.Encoder_Update
                0x000004b8       0x80 .\CortexM3\ARM_GCC_493\Debug\encoder.o
                0x000004b8                Encoder_Update
 .text.Encoder_LeftGetCntsPerSec
                0x00000538        0xc .\CortexM3\ARM_GCC_493\Debug\encoder.o
                0x00000538                Encoder_LeftGetCntsPerSec
 .text.Encoder_RightGetCntsPerSec
                0x00000544        0xc .\CortexM3\ARM_GCC_493\Debug\encoder.o
                0x00000544                Encoder_RightGetCntsPerSec
 .text.Encoder_LeftGetMmPerSec
                0x00000550        0xc .\CortexM3\ARM_GCC_493\Debug\encoder.o
                0x00000550                Encoder_LeftGetMmPerSec
 .text.Encoder_RightGetMmPerSec
                0x0000055c        0xc .\CortexM3\ARM_GCC_493\Debug\encoder.o
                0x0000055c                Encoder_RightGetMmPerSec
 .text.Encoder_LeftGetCount
                0x00000568       0x10 .\CortexM3\ARM_GCC_493\Debug\encoder.o
                0x00000568                Encoder_LeftGetCount
 .text.Encoder_RightGetCount
                0x00000578       0x10 .\CortexM3\ARM_GCC_493\Debug\encoder.o
                0x00000578                Encoder_RightGetCount
 .text.Encoder_Reset
                0x00000588       0x48 .\CortexM3\ARM_GCC_493\Debug\encoder.o
                0x00000588                Encoder_Reset
 .text.I2c_Init
                0x000005d0       0x1c .\CortexM3\ARM_GCC_493\Debug\i2c.o
                0x000005d0                I2c_Init
 .text.I2c_Start
                0x000005ec       0x18 .\CortexM3\ARM_GCC_493\Debug\i2c.o
                0x000005ec                I2c_Start
 .text.I2c_ReadControl
                0x00000604       0x10 .\CortexM3\ARM_GCC_493\Debug\i2c.o
                0x00000604                I2c_ReadControl
 .text.I2c_LeftReadCmdVelocity
                0x00000614        0x8 .\CortexM3\ARM_GCC_493\Debug\i2c.o
                0x00000614                I2c_LeftReadCmdVelocity
 .text.I2c_RightReadCmdVelocity
                0x0000061c        0x4 .\CortexM3\ARM_GCC_493\Debug\i2c.o
                0x0000061c                I2c_RightReadCmdVelocity
 .text.I2c_LeftWriteOutput
                0x00000620        0xc .\CortexM3\ARM_GCC_493\Debug\i2c.o
                0x00000620                I2c_LeftWriteOutput
 .text.I2c_RightWriteOutput
                0x0000062c        0xc .\CortexM3\ARM_GCC_493\Debug\i2c.o
                0x0000062c                I2c_RightWriteOutput
 .text.I2c_WriteOdom
                0x00000638       0x24 .\CortexM3\ARM_GCC_493\Debug\i2c.o
                0x00000638                I2c_WriteOdom
 .text.I2c_WriteFrontUltrasonicDistance
                0x0000065c       0x14 .\CortexM3\ARM_GCC_493\Debug\i2c.o
                0x0000065c                I2c_WriteFrontUltrasonicDistance
 .text.I2c_WriteRearUltrasonicDistance
                0x00000670       0x14 .\CortexM3\ARM_GCC_493\Debug\i2c.o
                0x00000670                I2c_WriteRearUltrasonicDistance
 .text.I2c_WriteFrontInfraredDistance
                0x00000684       0x14 .\CortexM3\ARM_GCC_493\Debug\i2c.o
                0x00000684                I2c_WriteFrontInfraredDistance
 .text.I2c_WriteRearInfraredDistance
                0x00000698       0x14 .\CortexM3\ARM_GCC_493\Debug\i2c.o
                0x00000698                I2c_WriteRearInfraredDistance
 .text.Interpolate
                0x000006ac       0x3c .\CortexM3\ARM_GCC_493\Debug\motor.o
 .text.calculate_pwm
                0x000006e8       0x74 .\CortexM3\ARM_GCC_493\Debug\motor.o
 .text.DumpMotor
                0x0000075c       0x2c .\CortexM3\ARM_GCC_493\Debug\motor.o
 .text.calc_motor_output_from_cps
                0x00000788       0xb0 .\CortexM3\ARM_GCC_493\Debug\motor.o
 .text.WriteTwoValues
                0x00000838       0x2c .\CortexM3\ARM_GCC_493\Debug\motor.o
 .text.PrintFormatDataInt32
                0x00000864       0x8c .\CortexM3\ARM_GCC_493\Debug\motor.o
 .text.PrintFormatDataUint16
                0x000008f0       0x8c .\CortexM3\ARM_GCC_493\Debug\motor.o
 .text.DumpMotorCal
                0x0000097c       0x4c .\CortexM3\ARM_GCC_493\Debug\motor.o
 .text.RampSpeed
                0x000009c8       0x44 .\CortexM3\ARM_GCC_493\Debug\motor.o
 .text.CollectCpsPwmSamples
                0x00000a0c       0x70 .\CortexM3\ARM_GCC_493\Debug\motor.o
 .text.Motor_Init
                0x00000a7c       0x1c .\CortexM3\ARM_GCC_493\Debug\motor.o
                0x00000a7c                Motor_Init
 .text.Motor_Start
                0x00000a98       0x3c .\CortexM3\ARM_GCC_493\Debug\motor.o
                0x00000a98                Motor_Start
 .text.Motor_LeftSetCntsPerSec
                0x00000ad4       0x18 .\CortexM3\ARM_GCC_493\Debug\motor.o
                0x00000ad4                Motor_LeftSetCntsPerSec
 .text.Motor_RightSetCntsPerSec
                0x00000aec       0x1c .\CortexM3\ARM_GCC_493\Debug\motor.o
                0x00000aec                Motor_RightSetCntsPerSec
 .text.Motor_LeftGetPwm
                0x00000b08        0xc .\CortexM3\ARM_GCC_493\Debug\motor.o
                0x00000b08                Motor_LeftGetPwm
 .text.Motor_RightGetPwm
                0x00000b14        0xc .\CortexM3\ARM_GCC_493\Debug\motor.o
                0x00000b14                Motor_RightGetPwm
 .text.Motor_CollectPwmCpsSamples
                0x00000b20       0xb8 .\CortexM3\ARM_GCC_493\Debug\motor.o
                0x00000b20                Motor_CollectPwmCpsSamples
 .text.Motor_LeftSetCalibration
                0x00000bd8       0x8c .\CortexM3\ARM_GCC_493\Debug\motor.o
                0x00000bd8                Motor_LeftSetCalibration
 .text.Motor_RightSetCalibration
                0x00000c64       0x90 .\CortexM3\ARM_GCC_493\Debug\motor.o
                0x00000c64                Motor_RightSetCalibration
 .text.Odom_Init
                0x00000cf4       0x20 .\CortexM3\ARM_GCC_493\Debug\odom.o
                0x00000cf4                Odom_Init
 .text.Odom_Start
                0x00000d14        0x4 .\CortexM3\ARM_GCC_493\Debug\odom.o
                0x00000d14                Odom_Start
 .text.calc_odom
                0x00000d18      0x100 .\CortexM3\ARM_GCC_493\Debug\odom.o
                0x00000d18                calc_odom
 .text.Odom_Update
                0x00000e18       0x78 .\CortexM3\ARM_GCC_493\Debug\odom.o
                0x00000e18                Odom_Update
 .text.ProcessPid
                0x00000e90       0xb0 .\CortexM3\ARM_GCC_493\Debug\pid.o
 .text.DumpPid  0x00000f40       0x88 .\CortexM3\ARM_GCC_493\Debug\pid.o
 .text.Pid_Init
                0x00000fc8       0x84 .\CortexM3\ARM_GCC_493\Debug\pid.o
                0x00000fc8                Pid_Init
 .text.Pid_Start
                0x0000104c        0x4 .\CortexM3\ARM_GCC_493\Debug\pid.o
                0x0000104c                Pid_Start
 .text.Pid_Update
                0x00001050       0x80 .\CortexM3\ARM_GCC_493\Debug\pid.o
                0x00001050                Pid_Update
 .text.SysTickIsrHandler
                0x000010d0       0x10 .\CortexM3\ARM_GCC_493\Debug\time.o
 .text.Time_Init
                0x000010e0        0xc .\CortexM3\ARM_GCC_493\Debug\time.o
                0x000010e0                Time_Init
 .text.Time_Start
                0x000010ec       0x2c .\CortexM3\ARM_GCC_493\Debug\time.o
                0x000010ec                Time_Start
 .text.millis   0x00001118        0xc .\CortexM3\ARM_GCC_493\Debug\time.o
                0x00001118                millis
 .text.Front_Trigger_Next
                0x00001124       0x34 .\CortexM3\ARM_GCC_493\Debug\ultrasonic.o
 .text.Front_Echo_Interrupt
                0x00001158       0x4c .\CortexM3\ARM_GCC_493\Debug\ultrasonic.o
 .text.Rear_Trigger_Next
                0x000011a4       0x34 .\CortexM3\ARM_GCC_493\Debug\ultrasonic.o
 .text.Rear_Echo_Interrupt
                0x000011d8       0x4c .\CortexM3\ARM_GCC_493\Debug\ultrasonic.o
 .text.Ultrasonic_Init
                0x00001224        0x4 .\CortexM3\ARM_GCC_493\Debug\ultrasonic.o
                0x00001224                Ultrasonic_Init
 .text.Ultrasonic_Start
                0x00001228       0x28 .\CortexM3\ARM_GCC_493\Debug\ultrasonic.o
                0x00001228                Ultrasonic_Start
 .text.insert_zeros
                0x00001250       0x30 .\CortexM3\ARM_GCC_493\Debug\utils.o
 .text.MovingAverageFloat
                0x00001280       0x2c .\CortexM3\ARM_GCC_493\Debug\utils.o
                0x00001280                MovingAverageFloat
 .text.ftoa     0x000012ac       0xa4 .\CortexM3\ARM_GCC_493\Debug\utils.o
                0x000012ac                ftoa
 .text.BinaryRangeSearch
                0x00001350       0x50 .\CortexM3\ARM_GCC_493\Debug\utils.o
                0x00001350                BinaryRangeSearch
 .text.Rear_EOS_Interrupt
                0x000013a0       0x1c .\CortexM3\ARM_GCC_493\Debug\infrared.o
 .text.Front_EOS_Interrupt
                0x000013bc       0x1c .\CortexM3\ARM_GCC_493\Debug\infrared.o
 .text.Rear_EOC_Interrupt
                0x000013d8       0x90 .\CortexM3\ARM_GCC_493\Debug\infrared.o
 .text.Front_EOC_Interrupt
                0x00001468       0x90 .\CortexM3\ARM_GCC_493\Debug\infrared.o
 .text.Infrared_Init
                0x000014f8        0xc .\CortexM3\ARM_GCC_493\Debug\infrared.o
                0x000014f8                Infrared_Init
 .text.Infrared_Start
                0x00001504       0x4c .\CortexM3\ARM_GCC_493\Debug\infrared.o
                0x00001504                Infrared_Start
 .text.PIDCompute
                0x00001550       0xa4 .\CortexM3\ARM_GCC_493\Debug\pid_controller.o
                0x00001550                PIDCompute
 .text.PIDOutputLimitsSet
                0x000015f4       0x5c .\CortexM3\ARM_GCC_493\Debug\pid_controller.o
                0x000015f4                PIDOutputLimitsSet
 .text.PIDTuningsSet
                0x00001650       0x6c .\CortexM3\ARM_GCC_493\Debug\pid_controller.o
                0x00001650                PIDTuningsSet
 .text.PIDInit  0x000016bc       0x54 .\CortexM3\ARM_GCC_493\Debug\pid_controller.o
                0x000016bc                PIDInit
 .text.PIDSetpointSet
                0x00001710        0x4 .\CortexM3\ARM_GCC_493\Debug\pid_controller.o
                0x00001710                PIDSetpointSet
 .text.PIDInputSet
                0x00001714        0x4 .\CortexM3\ARM_GCC_493\Debug\pid_controller.o
                0x00001714                PIDInputSet
 .text.IntDefaultHandler
                0x00001718        0x4 .\CortexM3\ARM_GCC_493\Debug\Cm3Start.o
                0x00001718                IntDefaultHandler
 .text._sbrk    0x0000171c       0x30 .\CortexM3\ARM_GCC_493\Debug\Cm3Start.o
                0x0000171c                _sbrk
 .text.Start_c  0x0000174c       0x4c .\CortexM3\ARM_GCC_493\Debug\Cm3Start.o
                0x0000174c                Start_c
 .text.initialize_psoc
                0x00001798       0x74 .\CortexM3\ARM_GCC_493\Debug\Cm3Start.o
                0x00001798                initialize_psoc
 .text.CyClockStartupError
                0x0000180c        0x4 .\CortexM3\ARM_GCC_493\Debug\freesoc.a(cyfitter_cfg.o)
 .text.cfg_write_bytes32
                0x00001810       0x34 .\CortexM3\ARM_GCC_493\Debug\freesoc.a(cyfitter_cfg.o)
 .text.AnalogSetDefault
                0x00001844       0x7c .\CortexM3\ARM_GCC_493\Debug\freesoc.a(cyfitter_cfg.o)
 .text.CYMEMZERO
                0x000018c0        0xc .\CortexM3\ARM_GCC_493\Debug\freesoc.a(cyfitter_cfg.o)
 .text.ClockSetup
                0x000018cc      0x100 .\CortexM3\ARM_GCC_493\Debug\freesoc.a(cyfitter_cfg.o)
 .text.CYCONFIGCPY
                0x000019cc        0x8 .\CortexM3\ARM_GCC_493\Debug\freesoc.a(cyfitter_cfg.o)
 .text.Front_AMuxSeq_DisconnectAll
                0x000019d4       0x18 .\CortexM3\ARM_GCC_493\Debug\freesoc.a(cyfitter_cfg.o)
                0x000019d4                Front_AMuxSeq_DisconnectAll
 .text.Front_AMuxSeq_Next
                0x000019ec       0x6c .\CortexM3\ARM_GCC_493\Debug\freesoc.a(cyfitter_cfg.o)
                0x000019ec                Front_AMuxSeq_Next
 .text.Rear_AMuxSeq_DisconnectAll
                0x00001a58       0x18 .\CortexM3\ARM_GCC_493\Debug\freesoc.a(cyfitter_cfg.o)
                0x00001a58                Rear_AMuxSeq_DisconnectAll
 .text.Rear_AMuxSeq_Next
                0x00001a70       0x6c .\CortexM3\ARM_GCC_493\Debug\freesoc.a(cyfitter_cfg.o)
                0x00001a70                Rear_AMuxSeq_Next
 .text.cyfitter_cfg
                0x00001adc      0x19c .\CortexM3\ARM_GCC_493\Debug\freesoc.a(cyfitter_cfg.o)
                0x00001adc                cyfitter_cfg
 .text.Left_HB25_Enable_Pin_Write
                0x00001c78       0x18 .\CortexM3\ARM_GCC_493\Debug\freesoc.a(Left_HB25_Enable_Pin.o)
                0x00001c78                Left_HB25_Enable_Pin_Write
 .text.Left_HB25_PWM_Stop
                0x00001c90        0x4 .\CortexM3\ARM_GCC_493\Debug\freesoc.a(Left_HB25_PWM.o)
                0x00001c90                Left_HB25_PWM_Stop
 .text.Left_HB25_PWM_WriteCounter
                0x00001c94        0xc .\CortexM3\ARM_GCC_493\Debug\freesoc.a(Left_HB25_PWM.o)
                0x00001c94                Left_HB25_PWM_WriteCounter
 .text.Left_HB25_PWM_WritePeriod
                0x00001ca0        0xc .\CortexM3\ARM_GCC_493\Debug\freesoc.a(Left_HB25_PWM.o)
                0x00001ca0                Left_HB25_PWM_WritePeriod
 .text.Left_HB25_PWM_WriteCompare
                0x00001cac        0xc .\CortexM3\ARM_GCC_493\Debug\freesoc.a(Left_HB25_PWM.o)
                0x00001cac                Left_HB25_PWM_WriteCompare
 .text.Left_HB25_PWM_Init
                0x00001cb8       0x34 .\CortexM3\ARM_GCC_493\Debug\freesoc.a(Left_HB25_PWM.o)
                0x00001cb8                Left_HB25_PWM_Init
 .text.Left_HB25_PWM_Start
                0x00001cec       0x18 .\CortexM3\ARM_GCC_493\Debug\freesoc.a(Left_HB25_PWM.o)
                0x00001cec                Left_HB25_PWM_Start
 .text.Right_HB25_Enable_Pin_Write
                0x00001d04       0x18 .\CortexM3\ARM_GCC_493\Debug\freesoc.a(Right_HB25_Enable_Pin.o)
                0x00001d04                Right_HB25_Enable_Pin_Write
 .text.Right_HB25_PWM_Stop
                0x00001d1c        0x4 .\CortexM3\ARM_GCC_493\Debug\freesoc.a(Right_HB25_PWM.o)
                0x00001d1c                Right_HB25_PWM_Stop
 .text.Right_HB25_PWM_WriteCounter
                0x00001d20        0xc .\CortexM3\ARM_GCC_493\Debug\freesoc.a(Right_HB25_PWM.o)
                0x00001d20                Right_HB25_PWM_WriteCounter
 .text.Right_HB25_PWM_WritePeriod
                0x00001d2c        0xc .\CortexM3\ARM_GCC_493\Debug\freesoc.a(Right_HB25_PWM.o)
                0x00001d2c                Right_HB25_PWM_WritePeriod
 .text.Right_HB25_PWM_WriteCompare
                0x00001d38        0xc .\CortexM3\ARM_GCC_493\Debug\freesoc.a(Right_HB25_PWM.o)
                0x00001d38                Right_HB25_PWM_WriteCompare
 .text.Right_HB25_PWM_Init
                0x00001d44       0x34 .\CortexM3\ARM_GCC_493\Debug\freesoc.a(Right_HB25_PWM.o)
                0x00001d44                Right_HB25_PWM_Init
 .text.Right_HB25_PWM_Start
                0x00001d78       0x18 .\CortexM3\ARM_GCC_493\Debug\freesoc.a(Right_HB25_PWM.o)
                0x00001d78                Right_HB25_PWM_Start
 .text          0x00001d90       0x20 .\CortexM3\ARM_GCC_493\Debug\freesoc.a(CyBootAsmGnu.o)
                0x00001d90                CyDelayCycles
                0x00001da0                CyEnterCriticalSection
                0x00001da8                CyExitCriticalSection
 .text.CyHalt   0x00001db0        0x4 .\CortexM3\ARM_GCC_493\Debug\freesoc.a(CyLib.o)
                0x00001db0                CyHalt
 .text.CyDelay  0x00001db4       0x2c .\CortexM3\ARM_GCC_493\Debug\freesoc.a(CyLib.o)
                0x00001db4                CyDelay
 .text.CyDelayUs
                0x00001de0       0x14 .\CortexM3\ARM_GCC_493\Debug\freesoc.a(CyLib.o)
                0x00001de0                CyDelayUs
 .text.CyIntSetSysVector
                0x00001df4       0x28 .\CortexM3\ARM_GCC_493\Debug\freesoc.a(CyLib.o)
                0x00001df4                CyIntSetSysVector
 .text.CyIntSetVector
                0x00001e1c       0x28 .\CortexM3\ARM_GCC_493\Debug\freesoc.a(CyLib.o)
                0x00001e1c                CyIntSetVector
 .text.CyIntSetPriority
                0x00001e44       0x30 .\CortexM3\ARM_GCC_493\Debug\freesoc.a(CyLib.o)
                0x00001e44                CyIntSetPriority
 .text.CySysTickEnableInterrupt
                0x00001e74       0x10 .\CortexM3\ARM_GCC_493\Debug\freesoc.a(CyLib.o)
                0x00001e74                CySysTickEnableInterrupt
 .text.CySysTickEnable
                0x00001e84       0x18 .\CortexM3\ARM_GCC_493\Debug\freesoc.a(CyLib.o)
                0x00001e84                CySysTickEnable
 .text.CySysTickSetReload
                0x00001e9c       0x10 .\CortexM3\ARM_GCC_493\Debug\freesoc.a(CyLib.o)
                0x00001e9c                CySysTickSetReload
 .text.CySysTickSetClockSource
                0x00001eac       0x20 .\CortexM3\ARM_GCC_493\Debug\freesoc.a(CyLib.o)
                0x00001eac                CySysTickSetClockSource
 .text.CySysTickGetCountFlag
                0x00001ecc       0x10 .\CortexM3\ARM_GCC_493\Debug\freesoc.a(CyLib.o)
                0x00001ecc                CySysTickGetCountFlag
 .text.CySysTickServiceCallbacks
                0x00001edc       0x28 .\CortexM3\ARM_GCC_493\Debug\freesoc.a(CyLib.o)
 .text.CySysTickClear
                0x00001f04        0xc .\CortexM3\ARM_GCC_493\Debug\freesoc.a(CyLib.o)
                0x00001f04                CySysTickClear
 .text.CySysTickInit
                0x00001f10       0x58 .\CortexM3\ARM_GCC_493\Debug\freesoc.a(CyLib.o)
                0x00001f10                CySysTickInit
 .text.CySysTickStart
                0x00001f68       0x1c .\CortexM3\ARM_GCC_493\Debug\freesoc.a(CyLib.o)
                0x00001f68                CySysTickStart
 .text.CySysTickSetCallback
                0x00001f84       0x10 .\CortexM3\ARM_GCC_493\Debug\freesoc.a(CyLib.o)
                0x00001f84                CySysTickSetCallback
 .text.CySysTickGetCallback
                0x00001f94       0x10 .\CortexM3\ARM_GCC_493\Debug\freesoc.a(CyLib.o)
                0x00001f94                CySysTickGetCallback
 .text.UART_Debug_Init
                0x00001fa4       0x28 .\CortexM3\ARM_GCC_493\Debug\freesoc.a(UART_Debug.o)
                0x00001fa4                UART_Debug_Init
 .text.UART_Debug_Enable
                0x00001fcc       0x38 .\CortexM3\ARM_GCC_493\Debug\freesoc.a(UART_Debug.o)
                0x00001fcc                UART_Debug_Enable
 .text.UART_Debug_Start
                0x00002004       0x1c .\CortexM3\ARM_GCC_493\Debug\freesoc.a(UART_Debug.o)
                0x00002004                UART_Debug_Start
 .text.UART_Debug_PutChar
                0x00002020       0x18 .\CortexM3\ARM_GCC_493\Debug\freesoc.a(UART_Debug.o)
                0x00002020                UART_Debug_PutChar
 .text.UART_Debug_PutString
                0x00002038       0x24 .\CortexM3\ARM_GCC_493\Debug\freesoc.a(UART_Debug.o)
                0x00002038                UART_Debug_PutString
 .text.UART_Debug_IntClock_Start
                0x0000205c       0x1c .\CortexM3\ARM_GCC_493\Debug\freesoc.a(UART_Debug_IntClock.o)
                0x0000205c                UART_Debug_IntClock_Start
 .text.EZI2C_Slave_Init
                0x00002078       0x70 .\CortexM3\ARM_GCC_493\Debug\freesoc.a(EZI2C_Slave.o)
                0x00002078                EZI2C_Slave_Init
 .text.EZI2C_Slave_Enable
                0x000020e8       0x30 .\CortexM3\ARM_GCC_493\Debug\freesoc.a(EZI2C_Slave.o)
                0x000020e8                EZI2C_Slave_Enable
 .text.EZI2C_Slave_Start
                0x00002118       0x1c .\CortexM3\ARM_GCC_493\Debug\freesoc.a(EZI2C_Slave.o)
                0x00002118                EZI2C_Slave_Start
 .text.EZI2C_Slave_SetBuffer1
                0x00002134       0x50 .\CortexM3\ARM_GCC_493\Debug\freesoc.a(EZI2C_Slave.o)
                0x00002134                EZI2C_Slave_SetBuffer1
 .text.EZI2C_Slave_ISR
                0x00002184      0x1c4 .\CortexM3\ARM_GCC_493\Debug\freesoc.a(EZI2C_Slave_INT.o)
                0x00002184                EZI2C_Slave_ISR
 .text.Front_Echo_Intr_SetVector
                0x00002348        0xc .\CortexM3\ARM_GCC_493\Debug\freesoc.a(Front_Echo_Intr.o)
                0x00002348                Front_Echo_Intr_SetVector
 .text.Front_Echo_Intr_SetPriority
                0x00002354       0x10 .\CortexM3\ARM_GCC_493\Debug\freesoc.a(Front_Echo_Intr.o)
                0x00002354                Front_Echo_Intr_SetPriority
 .text.Front_Echo_Intr_Enable
                0x00002364        0xc .\CortexM3\ARM_GCC_493\Debug\freesoc.a(Front_Echo_Intr.o)
                0x00002364                Front_Echo_Intr_Enable
 .text.Front_Echo_Intr_Disable
                0x00002370        0xc .\CortexM3\ARM_GCC_493\Debug\freesoc.a(Front_Echo_Intr.o)
                0x00002370                Front_Echo_Intr_Disable
 .text.Front_Echo_Intr_StartEx
                0x0000237c       0x1c .\CortexM3\ARM_GCC_493\Debug\freesoc.a(Front_Echo_Intr.o)
                0x0000237c                Front_Echo_Intr_StartEx
 .text.Front_Echo_Intr_ClearPending
                0x00002398        0xc .\CortexM3\ARM_GCC_493\Debug\freesoc.a(Front_Echo_Intr.o)
                0x00002398                Front_Echo_Intr_ClearPending
 .text.Front_Trigger_Reg_Write
                0x000023a4        0xc .\CortexM3\ARM_GCC_493\Debug\freesoc.a(Front_Trigger_Reg.o)
                0x000023a4                Front_Trigger_Reg_Write
 .text.Front_Trigger_Select_Reg_Write
                0x000023b0        0xc .\CortexM3\ARM_GCC_493\Debug\freesoc.a(Front_Trigger_Select_Reg.o)
                0x000023b0                Front_Trigger_Select_Reg_Write
 .text.Front_Trigger_Select_Reg_Read
                0x000023bc        0xc .\CortexM3\ARM_GCC_493\Debug\freesoc.a(Front_Trigger_Select_Reg.o)
                0x000023bc                Front_Trigger_Select_Reg_Read
 .text.Front_Echo_Timer_SetInterruptMode
                0x000023c8        0xc .\CortexM3\ARM_GCC_493\Debug\freesoc.a(Front_Echo_Timer.o)
                0x000023c8                Front_Echo_Timer_SetInterruptMode
 .text.Front_Echo_Timer_ReadStatusRegister
                0x000023d4        0xc .\CortexM3\ARM_GCC_493\Debug\freesoc.a(Front_Echo_Timer.o)
                0x000023d4                Front_Echo_Timer_ReadStatusRegister
 .text.Front_Echo_Timer_WritePeriod
                0x000023e0        0xc .\CortexM3\ARM_GCC_493\Debug\freesoc.a(Front_Echo_Timer.o)
                0x000023e0                Front_Echo_Timer_WritePeriod
 .text.Front_Echo_Timer_ReadCapture
                0x000023ec        0xc .\CortexM3\ARM_GCC_493\Debug\freesoc.a(Front_Echo_Timer.o)
                0x000023ec                Front_Echo_Timer_ReadCapture
 .text.Front_Echo_Timer_WriteCounter
                0x000023f8        0xc .\CortexM3\ARM_GCC_493\Debug\freesoc.a(Front_Echo_Timer.o)
                0x000023f8                Front_Echo_Timer_WriteCounter
 .text.Front_Echo_Timer_ReadCounter
                0x00002404       0x14 .\CortexM3\ARM_GCC_493\Debug\freesoc.a(Front_Echo_Timer.o)
                0x00002404                Front_Echo_Timer_ReadCounter
 .text.Front_Echo_Timer_ClearFIFO
                0x00002418       0x14 .\CortexM3\ARM_GCC_493\Debug\freesoc.a(Front_Echo_Timer.o)
                0x00002418                Front_Echo_Timer_ClearFIFO
 .text.Front_Echo_Timer_Init
                0x0000242c       0x34 .\CortexM3\ARM_GCC_493\Debug\freesoc.a(Front_Echo_Timer.o)
                0x0000242c                Front_Echo_Timer_Init
 .text.Front_Echo_Timer_Start
                0x00002460       0x18 .\CortexM3\ARM_GCC_493\Debug\freesoc.a(Front_Echo_Timer.o)
                0x00002460                Front_Echo_Timer_Start
 .text.Rear_Trigger_Reg_Write
                0x00002478        0xc .\CortexM3\ARM_GCC_493\Debug\freesoc.a(Rear_Trigger_Reg.o)
                0x00002478                Rear_Trigger_Reg_Write
 .text.Rear_Trigger_Select_Reg_Write
                0x00002484        0xc .\CortexM3\ARM_GCC_493\Debug\freesoc.a(Rear_Trigger_Select_Reg.o)
                0x00002484                Rear_Trigger_Select_Reg_Write
 .text.Rear_Trigger_Select_Reg_Read
                0x00002490        0xc .\CortexM3\ARM_GCC_493\Debug\freesoc.a(Rear_Trigger_Select_Reg.o)
                0x00002490                Rear_Trigger_Select_Reg_Read
 .text.Rear_Echo_Intr_SetVector
                0x0000249c        0xc .\CortexM3\ARM_GCC_493\Debug\freesoc.a(Rear_Echo_Intr.o)
                0x0000249c                Rear_Echo_Intr_SetVector
 .text.Rear_Echo_Intr_SetPriority
                0x000024a8       0x10 .\CortexM3\ARM_GCC_493\Debug\freesoc.a(Rear_Echo_Intr.o)
                0x000024a8                Rear_Echo_Intr_SetPriority
 .text.Rear_Echo_Intr_Enable
                0x000024b8        0xc .\CortexM3\ARM_GCC_493\Debug\freesoc.a(Rear_Echo_Intr.o)
                0x000024b8                Rear_Echo_Intr_Enable
 .text.Rear_Echo_Intr_Disable
                0x000024c4        0xc .\CortexM3\ARM_GCC_493\Debug\freesoc.a(Rear_Echo_Intr.o)
                0x000024c4                Rear_Echo_Intr_Disable
 .text.Rear_Echo_Intr_StartEx
                0x000024d0       0x1c .\CortexM3\ARM_GCC_493\Debug\freesoc.a(Rear_Echo_Intr.o)
                0x000024d0                Rear_Echo_Intr_StartEx
 .text.Rear_Echo_Intr_ClearPending
                0x000024ec        0xc .\CortexM3\ARM_GCC_493\Debug\freesoc.a(Rear_Echo_Intr.o)
                0x000024ec                Rear_Echo_Intr_ClearPending
 .text.Rear_Echo_Timer_SetInterruptMode
                0x000024f8        0xc .\CortexM3\ARM_GCC_493\Debug\freesoc.a(Rear_Echo_Timer.o)
                0x000024f8                Rear_Echo_Timer_SetInterruptMode
 .text.Rear_Echo_Timer_ReadStatusRegister
                0x00002504        0xc .\CortexM3\ARM_GCC_493\Debug\freesoc.a(Rear_Echo_Timer.o)
                0x00002504                Rear_Echo_Timer_ReadStatusRegister
 .text.Rear_Echo_Timer_WritePeriod
                0x00002510        0xc .\CortexM3\ARM_GCC_493\Debug\freesoc.a(Rear_Echo_Timer.o)
                0x00002510                Rear_Echo_Timer_WritePeriod
 .text.Rear_Echo_Timer_ReadCapture
                0x0000251c        0xc .\CortexM3\ARM_GCC_493\Debug\freesoc.a(Rear_Echo_Timer.o)
                0x0000251c                Rear_Echo_Timer_ReadCapture
 .text.Rear_Echo_Timer_WriteCounter
                0x00002528        0xc .\CortexM3\ARM_GCC_493\Debug\freesoc.a(Rear_Echo_Timer.o)
                0x00002528                Rear_Echo_Timer_WriteCounter
 .text.Rear_Echo_Timer_ReadCounter
                0x00002534       0x14 .\CortexM3\ARM_GCC_493\Debug\freesoc.a(Rear_Echo_Timer.o)
                0x00002534                Rear_Echo_Timer_ReadCounter
 .text.Rear_Echo_Timer_ClearFIFO
                0x00002548       0x14 .\CortexM3\ARM_GCC_493\Debug\freesoc.a(Rear_Echo_Timer.o)
                0x00002548                Rear_Echo_Timer_ClearFIFO
 .text.Rear_Echo_Timer_Init
                0x0000255c       0x34 .\CortexM3\ARM_GCC_493\Debug\freesoc.a(Rear_Echo_Timer.o)
                0x0000255c                Rear_Echo_Timer_Init
 .text.Rear_Echo_Timer_Start
                0x00002590       0x18 .\CortexM3\ARM_GCC_493\Debug\freesoc.a(Rear_Echo_Timer.o)
                0x00002590                Rear_Echo_Timer_Start
 .text.Front_ADC_SAR_CalcGain
                0x000025a8       0x5c .\CortexM3\ARM_GCC_493\Debug\freesoc.a(Front_ADC_SAR.o)
 .text.Front_ADC_SAR_Enable
                0x00002604       0x94 .\CortexM3\ARM_GCC_493\Debug\freesoc.a(Front_ADC_SAR.o)
                0x00002604                Front_ADC_SAR_Enable
 .text.Front_ADC_SAR_SetResolution
                0x00002698       0x38 .\CortexM3\ARM_GCC_493\Debug\freesoc.a(Front_ADC_SAR.o)
                0x00002698                Front_ADC_SAR_SetResolution
 .text.Front_ADC_SAR_Init
                0x000026d0       0x3c .\CortexM3\ARM_GCC_493\Debug\freesoc.a(Front_ADC_SAR.o)
                0x000026d0                Front_ADC_SAR_Init
 .text.Front_ADC_SAR_Start
                0x0000270c       0x1c .\CortexM3\ARM_GCC_493\Debug\freesoc.a(Front_ADC_SAR.o)
                0x0000270c                Front_ADC_SAR_Start
 .text.Front_ADC_SAR_StartConvert
                0x00002728       0x10 .\CortexM3\ARM_GCC_493\Debug\freesoc.a(Front_ADC_SAR.o)
                0x00002728                Front_ADC_SAR_StartConvert
 .text.Front_ADC_SAR_GetResult16
                0x00002738       0x18 .\CortexM3\ARM_GCC_493\Debug\freesoc.a(Front_ADC_SAR.o)
                0x00002738                Front_ADC_SAR_GetResult16
 .text.Front_ADC_SAR_CountsTo_Volts
                0x00002750       0x50 .\CortexM3\ARM_GCC_493\Debug\freesoc.a(Front_ADC_SAR.o)
                0x00002750                Front_ADC_SAR_CountsTo_Volts
 .text.Front_ADC_SAR_ISR
                0x000027a0        0x4 .\CortexM3\ARM_GCC_493\Debug\freesoc.a(Front_ADC_SAR_INT.o)
                0x000027a0                Front_ADC_SAR_ISR
 .text.Front_AMuxSeq_Start
                0x000027a4       0x14 .\CortexM3\ARM_GCC_493\Debug\freesoc.a(Front_AMuxSeq.o)
                0x000027a4                Front_AMuxSeq_Start
 .text.Front_AMuxSeq_GetChannel
                0x000027b8        0xc .\CortexM3\ARM_GCC_493\Debug\freesoc.a(Front_AMuxSeq.o)
                0x000027b8                Front_AMuxSeq_GetChannel
 .text.Rear_ADC_SAR_CalcGain
                0x000027c4       0x5c .\CortexM3\ARM_GCC_493\Debug\freesoc.a(Rear_ADC_SAR.o)
 .text.Rear_ADC_SAR_Enable
                0x00002820       0x94 .\CortexM3\ARM_GCC_493\Debug\freesoc.a(Rear_ADC_SAR.o)
                0x00002820                Rear_ADC_SAR_Enable
 .text.Rear_ADC_SAR_SetResolution
                0x000028b4       0x38 .\CortexM3\ARM_GCC_493\Debug\freesoc.a(Rear_ADC_SAR.o)
                0x000028b4                Rear_ADC_SAR_SetResolution
 .text.Rear_ADC_SAR_Init
                0x000028ec       0x3c .\CortexM3\ARM_GCC_493\Debug\freesoc.a(Rear_ADC_SAR.o)
                0x000028ec                Rear_ADC_SAR_Init
 .text.Rear_ADC_SAR_Start
                0x00002928       0x1c .\CortexM3\ARM_GCC_493\Debug\freesoc.a(Rear_ADC_SAR.o)
                0x00002928                Rear_ADC_SAR_Start
 .text.Rear_ADC_SAR_StartConvert
                0x00002944       0x10 .\CortexM3\ARM_GCC_493\Debug\freesoc.a(Rear_ADC_SAR.o)
                0x00002944                Rear_ADC_SAR_StartConvert
 .text.Rear_ADC_SAR_GetResult16
                0x00002954       0x18 .\CortexM3\ARM_GCC_493\Debug\freesoc.a(Rear_ADC_SAR.o)
                0x00002954                Rear_ADC_SAR_GetResult16
 .text.Rear_ADC_SAR_CountsTo_Volts
                0x0000296c       0x50 .\CortexM3\ARM_GCC_493\Debug\freesoc.a(Rear_ADC_SAR.o)
                0x0000296c                Rear_ADC_SAR_CountsTo_Volts
 .text.Rear_ADC_SAR_ISR
                0x000029bc        0x4 .\CortexM3\ARM_GCC_493\Debug\freesoc.a(Rear_ADC_SAR_INT.o)
                0x000029bc                Rear_ADC_SAR_ISR
 .text.Rear_AMuxSeq_Start
                0x000029c0       0x14 .\CortexM3\ARM_GCC_493\Debug\freesoc.a(Rear_AMuxSeq.o)
                0x000029c0                Rear_AMuxSeq_Start
 .text.Rear_AMuxSeq_GetChannel
                0x000029d4        0xc .\CortexM3\ARM_GCC_493\Debug\freesoc.a(Rear_AMuxSeq.o)
                0x000029d4                Rear_AMuxSeq_GetChannel
 .text.Front_ADC_SAR_IRQ_SetVector
                0x000029e0        0xc .\CortexM3\ARM_GCC_493\Debug\freesoc.a(Front_ADC_SAR_IRQ.o)
                0x000029e0                Front_ADC_SAR_IRQ_SetVector
 .text.Front_ADC_SAR_IRQ_SetPriority
                0x000029ec       0x10 .\CortexM3\ARM_GCC_493\Debug\freesoc.a(Front_ADC_SAR_IRQ.o)
                0x000029ec                Front_ADC_SAR_IRQ_SetPriority
 .text.Front_ADC_SAR_IRQ_Enable
                0x000029fc        0xc .\CortexM3\ARM_GCC_493\Debug\freesoc.a(Front_ADC_SAR_IRQ.o)
                0x000029fc                Front_ADC_SAR_IRQ_Enable
 .text.Front_ADC_SAR_IRQ_Disable
                0x00002a08        0xc .\CortexM3\ARM_GCC_493\Debug\freesoc.a(Front_ADC_SAR_IRQ.o)
                0x00002a08                Front_ADC_SAR_IRQ_Disable
 .text.Front_ADC_SAR_IRQ_StartEx
                0x00002a14       0x1c .\CortexM3\ARM_GCC_493\Debug\freesoc.a(Front_ADC_SAR_IRQ.o)
                0x00002a14                Front_ADC_SAR_IRQ_StartEx
 .text.Front_ADC_SAR_IRQ_ClearPending
                0x00002a30        0xc .\CortexM3\ARM_GCC_493\Debug\freesoc.a(Front_ADC_SAR_IRQ.o)
                0x00002a30                Front_ADC_SAR_IRQ_ClearPending
 .text.Front_ADC_SAR_theACLK_SetModeRegister
                0x00002a3c       0x14 .\CortexM3\ARM_GCC_493\Debug\freesoc.a(Front_ADC_SAR_theACLK.o)
                0x00002a3c                Front_ADC_SAR_theACLK_SetModeRegister
 .text.Rear_ADC_SAR_IRQ_SetVector
                0x00002a50        0xc .\CortexM3\ARM_GCC_493\Debug\freesoc.a(Rear_ADC_SAR_IRQ.o)
                0x00002a50                Rear_ADC_SAR_IRQ_SetVector
 .text.Rear_ADC_SAR_IRQ_SetPriority
                0x00002a5c       0x10 .\CortexM3\ARM_GCC_493\Debug\freesoc.a(Rear_ADC_SAR_IRQ.o)
                0x00002a5c                Rear_ADC_SAR_IRQ_SetPriority
 .text.Rear_ADC_SAR_IRQ_Enable
                0x00002a6c        0xc .\CortexM3\ARM_GCC_493\Debug\freesoc.a(Rear_ADC_SAR_IRQ.o)
                0x00002a6c                Rear_ADC_SAR_IRQ_Enable
 .text.Rear_ADC_SAR_IRQ_Disable
                0x00002a78        0xc .\CortexM3\ARM_GCC_493\Debug\freesoc.a(Rear_ADC_SAR_IRQ.o)
                0x00002a78                Rear_ADC_SAR_IRQ_Disable
 .text.Rear_ADC_SAR_IRQ_StartEx
                0x00002a84       0x1c .\CortexM3\ARM_GCC_493\Debug\freesoc.a(Rear_ADC_SAR_IRQ.o)
                0x00002a84                Rear_ADC_SAR_IRQ_StartEx
 .text.Rear_ADC_SAR_IRQ_ClearPending
                0x00002aa0        0xc .\CortexM3\ARM_GCC_493\Debug\freesoc.a(Rear_ADC_SAR_IRQ.o)
                0x00002aa0                Rear_ADC_SAR_IRQ_ClearPending
 .text.Rear_ADC_SAR_theACLK_SetModeRegister
                0x00002aac       0x14 .\CortexM3\ARM_GCC_493\Debug\freesoc.a(Rear_ADC_SAR_theACLK.o)
                0x00002aac                Rear_ADC_SAR_theACLK_SetModeRegister
 .text.Rear_EOS_Intr_SetVector
                0x00002ac0        0xc .\CortexM3\ARM_GCC_493\Debug\freesoc.a(Rear_EOS_Intr.o)
                0x00002ac0                Rear_EOS_Intr_SetVector
 .text.Rear_EOS_Intr_SetPriority
                0x00002acc       0x10 .\CortexM3\ARM_GCC_493\Debug\freesoc.a(Rear_EOS_Intr.o)
                0x00002acc                Rear_EOS_Intr_SetPriority
 .text.Rear_EOS_Intr_Enable
                0x00002adc        0xc .\CortexM3\ARM_GCC_493\Debug\freesoc.a(Rear_EOS_Intr.o)
                0x00002adc                Rear_EOS_Intr_Enable
 .text.Rear_EOS_Intr_Disable
                0x00002ae8        0xc .\CortexM3\ARM_GCC_493\Debug\freesoc.a(Rear_EOS_Intr.o)
                0x00002ae8                Rear_EOS_Intr_Disable
 .text.Rear_EOS_Intr_StartEx
                0x00002af4       0x1c .\CortexM3\ARM_GCC_493\Debug\freesoc.a(Rear_EOS_Intr.o)
                0x00002af4                Rear_EOS_Intr_StartEx
 .text.Rear_EOS_Intr_ClearPending
                0x00002b10        0xc .\CortexM3\ARM_GCC_493\Debug\freesoc.a(Rear_EOS_Intr.o)
                0x00002b10                Rear_EOS_Intr_ClearPending
 .text.Front_EOS_Intr_SetVector
                0x00002b1c        0xc .\CortexM3\ARM_GCC_493\Debug\freesoc.a(Front_EOS_Intr.o)
                0x00002b1c                Front_EOS_Intr_SetVector
 .text.Front_EOS_Intr_SetPriority
                0x00002b28       0x10 .\CortexM3\ARM_GCC_493\Debug\freesoc.a(Front_EOS_Intr.o)
                0x00002b28                Front_EOS_Intr_SetPriority
 .text.Front_EOS_Intr_Enable
                0x00002b38        0xc .\CortexM3\ARM_GCC_493\Debug\freesoc.a(Front_EOS_Intr.o)
                0x00002b38                Front_EOS_Intr_Enable
 .text.Front_EOS_Intr_Disable
                0x00002b44        0xc .\CortexM3\ARM_GCC_493\Debug\freesoc.a(Front_EOS_Intr.o)
                0x00002b44                Front_EOS_Intr_Disable
 .text.Front_EOS_Intr_StartEx
                0x00002b50       0x1c .\CortexM3\ARM_GCC_493\Debug\freesoc.a(Front_EOS_Intr.o)
                0x00002b50                Front_EOS_Intr_StartEx
 .text.Front_EOS_Intr_ClearPending
                0x00002b6c        0xc .\CortexM3\ARM_GCC_493\Debug\freesoc.a(Front_EOS_Intr.o)
                0x00002b6c                Front_EOS_Intr_ClearPending
 .text.Mainloop_Pin_Write
                0x00002b78       0x18 .\CortexM3\ARM_GCC_493\Debug\freesoc.a(Mainloop_Pin.o)
                0x00002b78                Mainloop_Pin_Write
 .text.Right_QuadDec_Init
                0x00002b90       0x24 .\CortexM3\ARM_GCC_493\Debug\freesoc.a(Right_QuadDec.o)
                0x00002b90                Right_QuadDec_Init
 .text.Right_QuadDec_GetCounter
                0x00002bb4       0x2c .\CortexM3\ARM_GCC_493\Debug\freesoc.a(Right_QuadDec.o)
                0x00002bb4                Right_QuadDec_GetCounter
 .text.Right_QuadDec_SetCounter
                0x00002be0       0x28 .\CortexM3\ARM_GCC_493\Debug\freesoc.a(Right_QuadDec.o)
                0x00002be0                Right_QuadDec_SetCounter
 .text.Right_QuadDec_GetEvents
                0x00002c08       0x10 .\CortexM3\ARM_GCC_493\Debug\freesoc.a(Right_QuadDec.o)
                0x00002c08                Right_QuadDec_GetEvents
 .text.Right_QuadDec_SetInterruptMask
                0x00002c18       0x10 .\CortexM3\ARM_GCC_493\Debug\freesoc.a(Right_QuadDec.o)
                0x00002c18                Right_QuadDec_SetInterruptMask
 .text.Right_QuadDec_Enable
                0x00002c28       0x30 .\CortexM3\ARM_GCC_493\Debug\freesoc.a(Right_QuadDec.o)
                0x00002c28                Right_QuadDec_Enable
 .text.Right_QuadDec_Start
                0x00002c58       0x34 .\CortexM3\ARM_GCC_493\Debug\freesoc.a(Right_QuadDec.o)
                0x00002c58                Right_QuadDec_Start
 .text.Right_QuadDec_ISR
                0x00002c8c       0x40 .\CortexM3\ARM_GCC_493\Debug\freesoc.a(Right_QuadDec_INT.o)
                0x00002c8c                Right_QuadDec_ISR
 .text.Right_QuadDec_Cnt16_Enable
                0x00002ccc       0x10 .\CortexM3\ARM_GCC_493\Debug\freesoc.a(Right_QuadDec_Cnt16.o)
                0x00002ccc                Right_QuadDec_Cnt16_Enable
 .text.Right_QuadDec_Cnt16_SetInterruptMode
                0x00002cdc        0xc .\CortexM3\ARM_GCC_493\Debug\freesoc.a(Right_QuadDec_Cnt16.o)
                0x00002cdc                Right_QuadDec_Cnt16_SetInterruptMode
 .text.Right_QuadDec_Cnt16_ReadStatusRegister
                0x00002ce8        0xc .\CortexM3\ARM_GCC_493\Debug\freesoc.a(Right_QuadDec_Cnt16.o)
                0x00002ce8                Right_QuadDec_Cnt16_ReadStatusRegister
 .text.Right_QuadDec_Cnt16_WriteCounter
                0x00002cf4        0xc .\CortexM3\ARM_GCC_493\Debug\freesoc.a(Right_QuadDec_Cnt16.o)
                0x00002cf4                Right_QuadDec_Cnt16_WriteCounter
 .text.Right_QuadDec_Cnt16_ReadCounter
                0x00002d00       0x14 .\CortexM3\ARM_GCC_493\Debug\freesoc.a(Right_QuadDec_Cnt16.o)
                0x00002d00                Right_QuadDec_Cnt16_ReadCounter
 .text.Right_QuadDec_Cnt16_ReadCapture
                0x00002d14        0xc .\CortexM3\ARM_GCC_493\Debug\freesoc.a(Right_QuadDec_Cnt16.o)
                0x00002d14                Right_QuadDec_Cnt16_ReadCapture
 .text.Right_QuadDec_Cnt16_WritePeriod
                0x00002d20        0xc .\CortexM3\ARM_GCC_493\Debug\freesoc.a(Right_QuadDec_Cnt16.o)
                0x00002d20                Right_QuadDec_Cnt16_WritePeriod
 .text.Right_QuadDec_Cnt16_WriteCompare
                0x00002d2c        0xc .\CortexM3\ARM_GCC_493\Debug\freesoc.a(Right_QuadDec_Cnt16.o)
                0x00002d2c                Right_QuadDec_Cnt16_WriteCompare
 .text.Right_QuadDec_Cnt16_ClearFIFO
                0x00002d38       0x14 .\CortexM3\ARM_GCC_493\Debug\freesoc.a(Right_QuadDec_Cnt16.o)
                0x00002d38                Right_QuadDec_Cnt16_ClearFIFO
 .text.Right_QuadDec_Cnt16_Init
                0x00002d4c       0x58 .\CortexM3\ARM_GCC_493\Debug\freesoc.a(Right_QuadDec_Cnt16.o)
                0x00002d4c                Right_QuadDec_Cnt16_Init
 .text.Right_QuadDec_Cnt16_Start
                0x00002da4       0x1c .\CortexM3\ARM_GCC_493\Debug\freesoc.a(Right_QuadDec_Cnt16.o)
                0x00002da4                Right_QuadDec_Cnt16_Start
 .text.Left_QuadDec_Init
                0x00002dc0       0x24 .\CortexM3\ARM_GCC_493\Debug\freesoc.a(Left_QuadDec.o)
                0x00002dc0                Left_QuadDec_Init
 .text.Left_QuadDec_GetCounter
                0x00002de4       0x2c .\CortexM3\ARM_GCC_493\Debug\freesoc.a(Left_QuadDec.o)
                0x00002de4                Left_QuadDec_GetCounter
 .text.Left_QuadDec_SetCounter
                0x00002e10       0x28 .\CortexM3\ARM_GCC_493\Debug\freesoc.a(Left_QuadDec.o)
                0x00002e10                Left_QuadDec_SetCounter
 .text.Left_QuadDec_GetEvents
                0x00002e38       0x10 .\CortexM3\ARM_GCC_493\Debug\freesoc.a(Left_QuadDec.o)
                0x00002e38                Left_QuadDec_GetEvents
 .text.Left_QuadDec_SetInterruptMask
                0x00002e48       0x10 .\CortexM3\ARM_GCC_493\Debug\freesoc.a(Left_QuadDec.o)
                0x00002e48                Left_QuadDec_SetInterruptMask
 .text.Left_QuadDec_Enable
                0x00002e58       0x30 .\CortexM3\ARM_GCC_493\Debug\freesoc.a(Left_QuadDec.o)
                0x00002e58                Left_QuadDec_Enable
 .text.Left_QuadDec_Start
                0x00002e88       0x34 .\CortexM3\ARM_GCC_493\Debug\freesoc.a(Left_QuadDec.o)
                0x00002e88                Left_QuadDec_Start
 .text.Left_QuadDec_ISR
                0x00002ebc       0x40 .\CortexM3\ARM_GCC_493\Debug\freesoc.a(Left_QuadDec_INT.o)
                0x00002ebc                Left_QuadDec_ISR
 .text.Left_QuadDec_Cnt16_Enable
                0x00002efc       0x10 .\CortexM3\ARM_GCC_493\Debug\freesoc.a(Left_QuadDec_Cnt16.o)
                0x00002efc                Left_QuadDec_Cnt16_Enable
 .text.Left_QuadDec_Cnt16_SetInterruptMode
                0x00002f0c        0xc .\CortexM3\ARM_GCC_493\Debug\freesoc.a(Left_QuadDec_Cnt16.o)
                0x00002f0c                Left_QuadDec_Cnt16_SetInterruptMode
 .text.Left_QuadDec_Cnt16_ReadStatusRegister
                0x00002f18        0xc .\CortexM3\ARM_GCC_493\Debug\freesoc.a(Left_QuadDec_Cnt16.o)
                0x00002f18                Left_QuadDec_Cnt16_ReadStatusRegister
 .text.Left_QuadDec_Cnt16_WriteCounter
                0x00002f24        0xc .\CortexM3\ARM_GCC_493\Debug\freesoc.a(Left_QuadDec_Cnt16.o)
                0x00002f24                Left_QuadDec_Cnt16_WriteCounter
 .text.Left_QuadDec_Cnt16_ReadCounter
                0x00002f30       0x14 .\CortexM3\ARM_GCC_493\Debug\freesoc.a(Left_QuadDec_Cnt16.o)
                0x00002f30                Left_QuadDec_Cnt16_ReadCounter
 .text.Left_QuadDec_Cnt16_ReadCapture
                0x00002f44        0xc .\CortexM3\ARM_GCC_493\Debug\freesoc.a(Left_QuadDec_Cnt16.o)
                0x00002f44                Left_QuadDec_Cnt16_ReadCapture
 .text.Left_QuadDec_Cnt16_WritePeriod
                0x00002f50        0xc .\CortexM3\ARM_GCC_493\Debug\freesoc.a(Left_QuadDec_Cnt16.o)
                0x00002f50                Left_QuadDec_Cnt16_WritePeriod
 .text.Left_QuadDec_Cnt16_WriteCompare
                0x00002f5c        0xc .\CortexM3\ARM_GCC_493\Debug\freesoc.a(Left_QuadDec_Cnt16.o)
                0x00002f5c                Left_QuadDec_Cnt16_WriteCompare
 .text.Left_QuadDec_Cnt16_ClearFIFO
                0x00002f68       0x14 .\CortexM3\ARM_GCC_493\Debug\freesoc.a(Left_QuadDec_Cnt16.o)
                0x00002f68                Left_QuadDec_Cnt16_ClearFIFO
 .text.Left_QuadDec_Cnt16_Init
                0x00002f7c       0x58 .\CortexM3\ARM_GCC_493\Debug\freesoc.a(Left_QuadDec_Cnt16.o)
                0x00002f7c                Left_QuadDec_Cnt16_Init
 .text.Left_QuadDec_Cnt16_Start
                0x00002fd4       0x1c .\CortexM3\ARM_GCC_493\Debug\freesoc.a(Left_QuadDec_Cnt16.o)
                0x00002fd4                Left_QuadDec_Cnt16_Start
 .text.cos      0x00002ff0       0x90 c:/program files (x86)/cypress/psoc creator/3.3/psoc creator/import/gnu/arm/4.9.3/bin/../lib/gcc/arm-none-eabi/4.9.3/../../../../arm-none-eabi/lib/armv7-m\libm.a(lib_a-s_cos.o)
                0x00002ff0                cos
 .text.sin      0x00003080       0x94 c:/program files (x86)/cypress/psoc creator/3.3/psoc creator/import/gnu/arm/4.9.3/bin/../lib/gcc/arm-none-eabi/4.9.3/../../../../arm-none-eabi/lib/armv7-m\libm.a(lib_a-s_sin.o)
                0x00003080                sin
 .text.pow      0x00003114      0x2f0 c:/program files (x86)/cypress/psoc creator/3.3/psoc creator/import/gnu/arm/4.9.3/bin/../lib/gcc/arm-none-eabi/4.9.3/../../../../arm-none-eabi/lib/armv7-m\libm.a(lib_a-w_pow.o)
                0x00003114                pow
 *fill*         0x00003404        0x4 
 .text.__ieee754_pow
                0x00003408      0xaa0 c:/program files (x86)/cypress/psoc creator/3.3/psoc creator/import/gnu/arm/4.9.3/bin/../lib/gcc/arm-none-eabi/4.9.3/../../../../arm-none-eabi/lib/armv7-m\libm.a(lib_a-e_pow.o)
                0x00003408                __ieee754_pow
 .text.__ieee754_rem_pio2
                0x00003ea8      0x428 c:/program files (x86)/cypress/psoc creator/3.3/psoc creator/import/gnu/arm/4.9.3/bin/../lib/gcc/arm-none-eabi/4.9.3/../../../../arm-none-eabi/lib/armv7-m\libm.a(lib_a-e_rem_pio2.o)
                0x00003ea8                __ieee754_rem_pio2
 .text.__ieee754_sqrt
                0x000042d0      0x18c c:/program files (x86)/cypress/psoc creator/3.3/psoc creator/import/gnu/arm/4.9.3/bin/../lib/gcc/arm-none-eabi/4.9.3/../../../../arm-none-eabi/lib/armv7-m\libm.a(lib_a-e_sqrt.o)
                0x000042d0                __ieee754_sqrt
 *fill*         0x0000445c        0x4 
 .text.__kernel_cos
                0x00004460      0x248 c:/program files (x86)/cypress/psoc creator/3.3/psoc creator/import/gnu/arm/4.9.3/bin/../lib/gcc/arm-none-eabi/4.9.3/../../../../arm-none-eabi/lib/armv7-m\libm.a(lib_a-k_cos.o)
                0x00004460                __kernel_cos
 .text.__kernel_rem_pio2
                0x000046a8      0x808 c:/program files (x86)/cypress/psoc creator/3.3/psoc creator/import/gnu/arm/4.9.3/bin/../lib/gcc/arm-none-eabi/4.9.3/../../../../arm-none-eabi/lib/armv7-m\libm.a(lib_a-k_rem_pio2.o)
                0x000046a8                __kernel_rem_pio2
 .text.__kernel_sin
                0x00004eb0      0x170 c:/program files (x86)/cypress/psoc creator/3.3/psoc creator/import/gnu/arm/4.9.3/bin/../lib/gcc/arm-none-eabi/4.9.3/../../../../arm-none-eabi/lib/armv7-m\libm.a(lib_a-k_sin.o)
                0x00004eb0                __kernel_sin
 .text.fabs     0x00005020        0x8 c:/program files (x86)/cypress/psoc creator/3.3/psoc creator/import/gnu/arm/4.9.3/bin/../lib/gcc/arm-none-eabi/4.9.3/../../../../arm-none-eabi/lib/armv7-m\libm.a(lib_a-s_fabs.o)
                0x00005020                fabs
 .text.finite   0x00005028        0xc c:/program files (x86)/cypress/psoc creator/3.3/psoc creator/import/gnu/arm/4.9.3/bin/../lib/gcc/arm-none-eabi/4.9.3/../../../../arm-none-eabi/lib/armv7-m\libm.a(lib_a-s_finite.o)
                0x00005028                finite
 *fill*         0x00005034        0x4 
 .text.floor    0x00005038      0x118 c:/program files (x86)/cypress/psoc creator/3.3/psoc creator/import/gnu/arm/4.9.3/bin/../lib/gcc/arm-none-eabi/4.9.3/../../../../arm-none-eabi/lib/armv7-m\libm.a(lib_a-s_floor.o)
                0x00005038                floor
 .text.__fpclassifyd
                0x00005150       0x58 c:/program files (x86)/cypress/psoc creator/3.3/psoc creator/import/gnu/arm/4.9.3/bin/../lib/gcc/arm-none-eabi/4.9.3/../../../../arm-none-eabi/lib/armv7-m\libm.a(lib_a-s_fpclassify.o)
                0x00005150                __fpclassifyd
 .text.matherr  0x000051a8        0x4 c:/program files (x86)/cypress/psoc creator/3.3/psoc creator/import/gnu/arm/4.9.3/bin/../lib/gcc/arm-none-eabi/4.9.3/../../../../arm-none-eabi/lib/armv7-m\libm.a(lib_a-s_matherr.o)
                0x000051a8                matherr
 .text.nan      0x000051ac        0xc c:/program files (x86)/cypress/psoc creator/3.3/psoc creator/import/gnu/arm/4.9.3/bin/../lib/gcc/arm-none-eabi/4.9.3/../../../../arm-none-eabi/lib/armv7-m\libm.a(lib_a-s_nan.o)
                0x000051ac                nan
 .text.rint     0x000051b8      0x11c c:/program files (x86)/cypress/psoc creator/3.3/psoc creator/import/gnu/arm/4.9.3/bin/../lib/gcc/arm-none-eabi/4.9.3/../../../../arm-none-eabi/lib/armv7-m\libm.a(lib_a-s_rint.o)
                0x000051b8                rint
 *fill*         0x000052d4        0x4 
 .text.scalbn   0x000052d8       0xf0 c:/program files (x86)/cypress/psoc creator/3.3/psoc creator/import/gnu/arm/4.9.3/bin/../lib/gcc/arm-none-eabi/4.9.3/../../../../arm-none-eabi/lib/armv7-m\libm.a(lib_a-s_scalbn.o)
                0x000052d8                scalbn
 .text.copysign
                0x000053c8       0x10 c:/program files (x86)/cypress/psoc creator/3.3/psoc creator/import/gnu/arm/4.9.3/bin/../lib/gcc/arm-none-eabi/4.9.3/../../../../arm-none-eabi/lib/armv7-m\libm.a(lib_a-s_copysign.o)
                0x000053c8                copysign
 .text          0x000053d8      0x370 c:/program files (x86)/cypress/psoc creator/3.3/psoc creator/import/gnu/arm/4.9.3/bin/../lib/gcc/arm-none-eabi/4.9.3/armv7-m\libgcc.a(_arm_addsubdf3.o)
                0x000053d8                __aeabi_drsub
                0x000053e0                __aeabi_dsub
                0x000053e0                __subdf3
                0x000053e4                __aeabi_dadd
                0x000053e4                __adddf3
                0x0000565c                __floatunsidf
                0x0000565c                __aeabi_ui2d
                0x0000567c                __floatsidf
                0x0000567c                __aeabi_i2d
                0x000056a0                __aeabi_f2d
                0x000056a0                __extendsfdf2
                0x000056dc                __floatundidf
                0x000056dc                __aeabi_ul2d
                0x000056ec                __floatdidf
                0x000056ec                __aeabi_l2d
 .text          0x00005748      0x424 c:/program files (x86)/cypress/psoc creator/3.3/psoc creator/import/gnu/arm/4.9.3/bin/../lib/gcc/arm-none-eabi/4.9.3/armv7-m\libgcc.a(_arm_muldivdf3.o)
                0x00005748                __aeabi_dmul
                0x00005748                __muldf3
                0x0000599c                __divdf3
                0x0000599c                __aeabi_ddiv
 .text          0x00005b6c      0x110 c:/program files (x86)/cypress/psoc creator/3.3/psoc creator/import/gnu/arm/4.9.3/bin/../lib/gcc/arm-none-eabi/4.9.3/armv7-m\libgcc.a(_arm_cmpdf2.o)
                0x00005b6c                __gtdf2
                0x00005b6c                __gedf2
                0x00005b74                __ltdf2
                0x00005b74                __ledf2
                0x00005b7c                __nedf2
                0x00005b7c                __eqdf2
                0x00005b7c                __cmpdf2
                0x00005bf8                __aeabi_cdrcmple
                0x00005c08                __aeabi_cdcmpeq
                0x00005c08                __aeabi_cdcmple
                0x00005c18                __aeabi_dcmpeq
                0x00005c2c                __aeabi_dcmplt
                0x00005c40                __aeabi_dcmple
                0x00005c54                __aeabi_dcmpge
                0x00005c68                __aeabi_dcmpgt
 .text          0x00005c7c       0x50 c:/program files (x86)/cypress/psoc creator/3.3/psoc creator/import/gnu/arm/4.9.3/bin/../lib/gcc/arm-none-eabi/4.9.3/armv7-m\libgcc.a(_arm_fixdfsi.o)
                0x00005c7c                __aeabi_d2iz
                0x00005c7c                __fixdfsi
 .text          0x00005ccc       0x40 c:/program files (x86)/cypress/psoc creator/3.3/psoc creator/import/gnu/arm/4.9.3/bin/../lib/gcc/arm-none-eabi/4.9.3/armv7-m\libgcc.a(_arm_fixunsdfsi.o)
                0x00005ccc                __aeabi_d2uiz
                0x00005ccc                __fixunsdfsi
 .text          0x00005d0c       0xa0 c:/program files (x86)/cypress/psoc creator/3.3/psoc creator/import/gnu/arm/4.9.3/bin/../lib/gcc/arm-none-eabi/4.9.3/armv7-m\libgcc.a(_arm_truncdfsf2.o)
                0x00005d0c                __truncdfsf2
                0x00005d0c                __aeabi_d2f
 .text          0x00005dac      0x21c c:/program files (x86)/cypress/psoc creator/3.3/psoc creator/import/gnu/arm/4.9.3/bin/../lib/gcc/arm-none-eabi/4.9.3/armv7-m\libgcc.a(_arm_addsubsf3.o)
                0x00005dac                __aeabi_frsub
                0x00005db4                __subsf3
                0x00005db4                __aeabi_fsub
                0x00005db8                __aeabi_fadd
                0x00005db8                __addsf3
                0x00005f18                __aeabi_ui2f
                0x00005f18                __floatunsisf
                0x00005f20                __aeabi_i2f
                0x00005f20                __floatsisf
                0x00005f3c                __aeabi_ul2f
                0x00005f3c                __floatundisf
                0x00005f4c                __aeabi_l2f
                0x00005f4c                __floatdisf
 .text          0x00005fc8      0x2a0 c:/program files (x86)/cypress/psoc creator/3.3/psoc creator/import/gnu/arm/4.9.3/bin/../lib/gcc/arm-none-eabi/4.9.3/armv7-m\libgcc.a(_arm_muldivsf3.o)
                0x00005fc8                __mulsf3
                0x00005fc8                __aeabi_fmul
                0x00006130                __aeabi_fdiv
                0x00006130                __divsf3
 .text          0x00006268       0xec c:/program files (x86)/cypress/psoc creator/3.3/psoc creator/import/gnu/arm/4.9.3/bin/../lib/gcc/arm-none-eabi/4.9.3/armv7-m\libgcc.a(_arm_cmpsf2.o)
                0x00006268                __gesf2
                0x00006268                __gtsf2
                0x00006270                __lesf2
                0x00006270                __ltsf2
                0x00006278                __nesf2
                0x00006278                __eqsf2
                0x00006278                __cmpsf2
                0x000062d8                __aeabi_cfrcmple
                0x000062e0                __aeabi_cfcmpeq
                0x000062e0                __aeabi_cfcmple
                0x000062f0                __aeabi_fcmpeq
                0x00006304                __aeabi_fcmplt
                0x00006318                __aeabi_fcmple
                0x0000632c                __aeabi_fcmpge
                0x00006340                __aeabi_fcmpgt
 .text          0x00006354       0x4c c:/program files (x86)/cypress/psoc creator/3.3/psoc creator/import/gnu/arm/4.9.3/bin/../lib/gcc/arm-none-eabi/4.9.3/armv7-m\libgcc.a(_arm_fixsfsi.o)
                0x00006354                __aeabi_f2iz
                0x00006354                __fixsfsi
 .text.__errno  0x000063a0        0xc c:/program files (x86)/cypress/psoc creator/3.3/psoc creator/import/gnu/arm/4.9.3/bin/../lib/gcc/arm-none-eabi/4.9.3/../../../../arm-none-eabi/lib/armv7-m\libg_nano.a(lib_a-errno.o)
                0x000063a0                __errno
 .text.__libc_init_array
                0x000063ac       0x4c c:/program files (x86)/cypress/psoc creator/3.3/psoc creator/import/gnu/arm/4.9.3/bin/../lib/gcc/arm-none-eabi/4.9.3/../../../../arm-none-eabi/lib/armv7-m\libg_nano.a(lib_a-init.o)
                0x000063ac                __libc_init_array
 .text.__itoa   0x000063f8       0x2e c:/program files (x86)/cypress/psoc creator/3.3/psoc creator/import/gnu/arm/4.9.3/bin/../lib/gcc/arm-none-eabi/4.9.3/../../../../arm-none-eabi/lib/armv7-m\libg_nano.a(lib_a-itoa.o)
                0x000063f8                __itoa
 .text.itoa     0x00006426        0x4 c:/program files (x86)/cypress/psoc creator/3.3/psoc creator/import/gnu/arm/4.9.3/bin/../lib/gcc/arm-none-eabi/4.9.3/../../../../arm-none-eabi/lib/armv7-m\libg_nano.a(lib_a-itoa.o)
                0x00006426                itoa
 .text.memcpy   0x0000642a       0x16 c:/program files (x86)/cypress/psoc creator/3.3/psoc creator/import/gnu/arm/4.9.3/bin/../lib/gcc/arm-none-eabi/4.9.3/../../../../arm-none-eabi/lib/armv7-m\libg_nano.a(lib_a-memcpy.o)
                0x0000642a                memcpy
 .text.memset   0x00006440       0x10 c:/program files (x86)/cypress/psoc creator/3.3/psoc creator/import/gnu/arm/4.9.3/bin/../lib/gcc/arm-none-eabi/4.9.3/../../../../arm-none-eabi/lib/armv7-m\libg_nano.a(lib_a-memset.o)
                0x00006440                memset
 .text.__cvt    0x00006450       0xbc c:/program files (x86)/cypress/psoc creator/3.3/psoc creator/import/gnu/arm/4.9.3/bin/../lib/gcc/arm-none-eabi/4.9.3/../../../../arm-none-eabi/lib/armv7-m\libg_nano.a(lib_a-nano-vfprintf_float.o)
                0x00006450                __cvt
 .text.__exponent
                0x0000650c       0x62 c:/program files (x86)/cypress/psoc creator/3.3/psoc creator/import/gnu/arm/4.9.3/bin/../lib/gcc/arm-none-eabi/4.9.3/../../../../arm-none-eabi/lib/armv7-m\libg_nano.a(lib_a-nano-vfprintf_float.o)
                0x0000650c                __exponent
 *fill*         0x0000656e        0x2 
 .text._printf_float
                0x00006570      0x48c c:/program files (x86)/cypress/psoc creator/3.3/psoc creator/import/gnu/arm/4.9.3/bin/../lib/gcc/arm-none-eabi/4.9.3/../../../../arm-none-eabi/lib/armv7-m\libg_nano.a(lib_a-nano-vfprintf_float.o)
                0x00006570                _printf_float
 .text._printf_common
                0x000069fc       0xea c:/program files (x86)/cypress/psoc creator/3.3/psoc creator/import/gnu/arm/4.9.3/bin/../lib/gcc/arm-none-eabi/4.9.3/../../../../arm-none-eabi/lib/armv7-m\libg_nano.a(lib_a-nano-vfprintf_i.o)
                0x000069fc                _printf_common
 *fill*         0x00006ae6        0x2 
 .text._printf_i
                0x00006ae8      0x240 c:/program files (x86)/cypress/psoc creator/3.3/psoc creator/import/gnu/arm/4.9.3/bin/../lib/gcc/arm-none-eabi/4.9.3/../../../../arm-none-eabi/lib/armv7-m\libg_nano.a(lib_a-nano-vfprintf_i.o)
                0x00006ae8                _printf_i
 .text.sprintf  0x00006d28       0x48 c:/program files (x86)/cypress/psoc creator/3.3/psoc creator/import/gnu/arm/4.9.3/bin/../lib/gcc/arm-none-eabi/4.9.3/../../../../arm-none-eabi/lib/armv7-m\libg_nano.a(lib_a-sprintf.o)
                0x00006d28                siprintf
                0x00006d28                sprintf
 .text.strlen   0x00006d70       0x10 c:/program files (x86)/cypress/psoc creator/3.3/psoc creator/import/gnu/arm/4.9.3/bin/../lib/gcc/arm-none-eabi/4.9.3/../../../../arm-none-eabi/lib/armv7-m\libg_nano.a(lib_a-strlen.o)
                0x00006d70                strlen
 .text.__utoa   0x00006d80       0x78 c:/program files (x86)/cypress/psoc creator/3.3/psoc creator/import/gnu/arm/4.9.3/bin/../lib/gcc/arm-none-eabi/4.9.3/../../../../arm-none-eabi/lib/armv7-m\libg_nano.a(lib_a-utoa.o)
                0x00006d80                __utoa
 .text.quorem   0x00006df8      0x114 c:/program files (x86)/cypress/psoc creator/3.3/psoc creator/import/gnu/arm/4.9.3/bin/../lib/gcc/arm-none-eabi/4.9.3/../../../../arm-none-eabi/lib/armv7-m\libg_nano.a(lib_a-dtoa.o)
 *fill*         0x00006f0c        0x4 
 .text._dtoa_r  0x00006f10      0xb78 c:/program files (x86)/cypress/psoc creator/3.3/psoc creator/import/gnu/arm/4.9.3/bin/../lib/gcc/arm-none-eabi/4.9.3/../../../../arm-none-eabi/lib/armv7-m\libg_nano.a(lib_a-dtoa.o)
                0x00006f10                _dtoa_r
 .text._localeconv_r
                0x00007a88        0x8 c:/program files (x86)/cypress/psoc creator/3.3/psoc creator/import/gnu/arm/4.9.3/bin/../lib/gcc/arm-none-eabi/4.9.3/../../../../arm-none-eabi/lib/armv7-m\libg_nano.a(lib_a-locale.o)
                0x00007a88                _localeconv_r
 .text.malloc   0x00007a90       0x10 c:/program files (x86)/cypress/psoc creator/3.3/psoc creator/import/gnu/arm/4.9.3/bin/../lib/gcc/arm-none-eabi/4.9.3/../../../../arm-none-eabi/lib/armv7-m\libg_nano.a(lib_a-malloc.o)
                0x00007a90                malloc
 .text.memchr   0x00007aa0       0x1c c:/program files (x86)/cypress/psoc creator/3.3/psoc creator/import/gnu/arm/4.9.3/bin/../lib/gcc/arm-none-eabi/4.9.3/../../../../arm-none-eabi/lib/armv7-m\libg_nano.a(lib_a-memchr.o)
                0x00007aa0                memchr
 .text._Balloc  0x00007abc       0x6a c:/program files (x86)/cypress/psoc creator/3.3/psoc creator/import/gnu/arm/4.9.3/bin/../lib/gcc/arm-none-eabi/4.9.3/../../../../arm-none-eabi/lib/armv7-m\libg_nano.a(lib_a-mprec.o)
                0x00007abc                _Balloc
 .text._Bfree   0x00007b26       0x2e c:/program files (x86)/cypress/psoc creator/3.3/psoc creator/import/gnu/arm/4.9.3/bin/../lib/gcc/arm-none-eabi/4.9.3/../../../../arm-none-eabi/lib/armv7-m\libg_nano.a(lib_a-mprec.o)
                0x00007b26                _Bfree
 .text.__multadd
                0x00007b54       0x7c c:/program files (x86)/cypress/psoc creator/3.3/psoc creator/import/gnu/arm/4.9.3/bin/../lib/gcc/arm-none-eabi/4.9.3/../../../../arm-none-eabi/lib/armv7-m\libg_nano.a(lib_a-mprec.o)
                0x00007b54                __multadd
 .text.__hi0bits
                0x00007bd0       0x40 c:/program files (x86)/cypress/psoc creator/3.3/psoc creator/import/gnu/arm/4.9.3/bin/../lib/gcc/arm-none-eabi/4.9.3/../../../../arm-none-eabi/lib/armv7-m\libg_nano.a(lib_a-mprec.o)
                0x00007bd0                __hi0bits
 .text.__lo0bits
                0x00007c10       0x5a c:/program files (x86)/cypress/psoc creator/3.3/psoc creator/import/gnu/arm/4.9.3/bin/../lib/gcc/arm-none-eabi/4.9.3/../../../../arm-none-eabi/lib/armv7-m\libg_nano.a(lib_a-mprec.o)
                0x00007c10                __lo0bits
 .text.__i2b    0x00007c6a       0x12 c:/program files (x86)/cypress/psoc creator/3.3/psoc creator/import/gnu/arm/4.9.3/bin/../lib/gcc/arm-none-eabi/4.9.3/../../../../arm-none-eabi/lib/armv7-m\libg_nano.a(lib_a-mprec.o)
                0x00007c6a                __i2b
 .text.__multiply
                0x00007c7c      0x120 c:/program files (x86)/cypress/psoc creator/3.3/psoc creator/import/gnu/arm/4.9.3/bin/../lib/gcc/arm-none-eabi/4.9.3/../../../../arm-none-eabi/lib/armv7-m\libg_nano.a(lib_a-mprec.o)
                0x00007c7c                __multiply
 .text.__pow5mult
                0x00007d9c       0x9c c:/program files (x86)/cypress/psoc creator/3.3/psoc creator/import/gnu/arm/4.9.3/bin/../lib/gcc/arm-none-eabi/4.9.3/../../../../arm-none-eabi/lib/armv7-m\libg_nano.a(lib_a-mprec.o)
                0x00007d9c                __pow5mult
 .text.__lshift
                0x00007e38       0xa6 c:/program files (x86)/cypress/psoc creator/3.3/psoc creator/import/gnu/arm/4.9.3/bin/../lib/gcc/arm-none-eabi/4.9.3/../../../../arm-none-eabi/lib/armv7-m\libg_nano.a(lib_a-mprec.o)
                0x00007e38                __lshift
 .text.__mcmp   0x00007ede       0x38 c:/program files (x86)/cypress/psoc creator/3.3/psoc creator/import/gnu/arm/4.9.3/bin/../lib/gcc/arm-none-eabi/4.9.3/../../../../arm-none-eabi/lib/armv7-m\libg_nano.a(lib_a-mprec.o)
                0x00007ede                __mcmp
 .text.__mdiff  0x00007f16       0xbe c:/program files (x86)/cypress/psoc creator/3.3/psoc creator/import/gnu/arm/4.9.3/bin/../lib/gcc/arm-none-eabi/4.9.3/../../../../arm-none-eabi/lib/armv7-m\libg_nano.a(lib_a-mprec.o)
                0x00007f16                __mdiff
 .text.__d2b    0x00007fd4       0xa4 c:/program files (x86)/cypress/psoc creator/3.3/psoc creator/import/gnu/arm/4.9.3/bin/../lib/gcc/arm-none-eabi/4.9.3/../../../../arm-none-eabi/lib/armv7-m\libg_nano.a(lib_a-mprec.o)
                0x00007fd4                __d2b
 .text._calloc_r
                0x00008078       0x1c c:/program files (x86)/cypress/psoc creator/3.3/psoc creator/import/gnu/arm/4.9.3/bin/../lib/gcc/arm-none-eabi/4.9.3/../../../../arm-none-eabi/lib/armv7-m\libg_nano.a(lib_a-nano-callocr.o)
                0x00008078                _calloc_r
 .text._free_r  0x00008094       0x88 c:/program files (x86)/cypress/psoc creator/3.3/psoc creator/import/gnu/arm/4.9.3/bin/../lib/gcc/arm-none-eabi/4.9.3/../../../../arm-none-eabi/lib/armv7-m\libg_nano.a(lib_a-nano-freer.o)
                0x00008094                _free_r
 .text._malloc_r
                0x0000811c       0xac c:/program files (x86)/cypress/psoc creator/3.3/psoc creator/import/gnu/arm/4.9.3/bin/../lib/gcc/arm-none-eabi/4.9.3/../../../../arm-none-eabi/lib/armv7-m\libg_nano.a(lib_a-nano-mallocr.o)
                0x0000811c                _malloc_r
 .text.__ssputs_r
                0x000081c8       0xb2 c:/program files (x86)/cypress/psoc creator/3.3/psoc creator/import/gnu/arm/4.9.3/bin/../lib/gcc/arm-none-eabi/4.9.3/../../../../arm-none-eabi/lib/armv7-m\libg_nano.a(lib_a-nano-svfprintf.o)
                0x000081c8                __ssputs_r
 *fill*         0x0000827a        0x2 
 .text._svfprintf_r
                0x0000827c      0x1e4 c:/program files (x86)/cypress/psoc creator/3.3/psoc creator/import/gnu/arm/4.9.3/bin/../lib/gcc/arm-none-eabi/4.9.3/../../../../arm-none-eabi/lib/armv7-m\libg_nano.a(lib_a-nano-svfprintf.o)
                0x0000827c                _svfiprintf_r
                0x0000827c                _svfprintf_r
 .text._sbrk_r  0x00008460       0x20 c:/program files (x86)/cypress/psoc creator/3.3/psoc creator/import/gnu/arm/4.9.3/bin/../lib/gcc/arm-none-eabi/4.9.3/../../../../arm-none-eabi/lib/armv7-m\libg_nano.a(lib_a-sbrkr.o)
                0x00008460                _sbrk_r
 .text.memmove  0x00008480       0x36 c:/program files (x86)/cypress/psoc creator/3.3/psoc creator/import/gnu/arm/4.9.3/bin/../lib/gcc/arm-none-eabi/4.9.3/../../../../arm-none-eabi/lib/armv7-m\libg_nano.a(lib_a-memmove.o)
                0x00008480                memmove
 .text._realloc_r
                0x000084b6       0x4c c:/program files (x86)/cypress/psoc creator/3.3/psoc creator/import/gnu/arm/4.9.3/bin/../lib/gcc/arm-none-eabi/4.9.3/../../../../arm-none-eabi/lib/armv7-m\libg_nano.a(lib_a-nano-reallocr.o)
                0x000084b6                _realloc_r
 .text._malloc_usable_size_r
                0x00008502       0x14 c:/program files (x86)/cypress/psoc creator/3.3/psoc creator/import/gnu/arm/4.9.3/bin/../lib/gcc/arm-none-eabi/4.9.3/../../../../arm-none-eabi/lib/armv7-m\libg_nano.a(lib_a-nano-msizer.o)
                0x00008502                _malloc_usable_size_r
 *(.plt)
 *(.gnu.warning)
 *(.glue_7t)
 .glue_7t       0x00000000        0x0 linker stubs
 *(.glue_7)
 .glue_7        0x00000000        0x0 linker stubs
 *(.vfp11_veneer)
 .vfp11_veneer  0x00000000        0x0 linker stubs
 *(.bootloader)
 *(.ARM.extab* .gnu.linkonce.armextab.*)
 *(.gcc_except_table)

.v4_bx          0x00008518        0x0
 .v4_bx         0x00000000        0x0 linker stubs

.iplt           0x00008518        0x0
 .iplt          0x00000000        0x0 c:/program files (x86)/cypress/psoc creator/3.3/psoc creator/import/gnu/arm/4.9.3/bin/../lib/gcc/arm-none-eabi/4.9.3/armv7-m/crtbegin.o

.eh_frame_hdr
 *(.eh_frame_hdr)

.eh_frame       0x00008518        0x4
 *(.eh_frame)
 .eh_frame      0x00008518        0x0 c:/program files (x86)/cypress/psoc creator/3.3/psoc creator/import/gnu/arm/4.9.3/bin/../lib/gcc/arm-none-eabi/4.9.3/armv7-m/crtbegin.o
 .eh_frame      0x00008518        0x0 c:/program files (x86)/cypress/psoc creator/3.3/psoc creator/import/gnu/arm/4.9.3/bin/../lib/gcc/arm-none-eabi/4.9.3/../../../../arm-none-eabi/lib/armv7-m\libg_nano.a(lib_a-strcmp.o)
                                 0x28 (size before relaxing)
 .eh_frame      0x00008518        0x4 c:/program files (x86)/cypress/psoc creator/3.3/psoc creator/import/gnu/arm/4.9.3/bin/../lib/gcc/arm-none-eabi/4.9.3/armv7-m/crtend.o
                0x0000851c                PROVIDE (__exidx_start, .)

.ARM.exidx
 *(.ARM.exidx* .gnu.linkonce.armexidx.*)
                0x0000851c                __exidx_end = .

.rodata         0x00008520      0x5b8
 *(.rodata .rodata.* .gnu.linkonce.r.*)
 .rodata.str1.4
                0x00008520       0xb1 .\CortexM3\ARM_GCC_493\Debug\main.o
                                 0xb4 (size before relaxing)
 *fill*         0x000085d1        0x3 
 .rodata.str1.4
                0x000085d4       0x30 .\CortexM3\ARM_GCC_493\Debug\encoder.o
 .rodata.str1.4
                0x00008604       0x98 .\CortexM3\ARM_GCC_493\Debug\motor.o
 .rodata.str1.4
                0x0000869c        0x5 .\CortexM3\ARM_GCC_493\Debug\odom.o
                                 0x14 (size before relaxing)
 *fill*         0x000086a1        0x3 
 .rodata.str1.4
                0x000086a4       0x24 .\CortexM3\ARM_GCC_493\Debug\pid.o
                                 0x30 (size before relaxing)
 .rodata        0x000086c8       0x38 .\CortexM3\ARM_GCC_493\Debug\freesoc.a(cyfitter_cfg.o)
 .rodata.str1.4
                0x00008700        0x4 c:/program files (x86)/cypress/psoc creator/3.3/psoc creator/import/gnu/arm/4.9.3/bin/../lib/gcc/arm-none-eabi/4.9.3/../../../../arm-none-eabi/lib/armv7-m\libm.a(lib_a-w_pow.o)
 *fill*         0x00008704        0x4 
 .rodata.dp_h   0x00008708       0x10 c:/program files (x86)/cypress/psoc creator/3.3/psoc creator/import/gnu/arm/4.9.3/bin/../lib/gcc/arm-none-eabi/4.9.3/../../../../arm-none-eabi/lib/armv7-m\libm.a(lib_a-e_pow.o)
 .rodata.dp_l   0x00008718       0x10 c:/program files (x86)/cypress/psoc creator/3.3/psoc creator/import/gnu/arm/4.9.3/bin/../lib/gcc/arm-none-eabi/4.9.3/../../../../arm-none-eabi/lib/armv7-m\libm.a(lib_a-e_pow.o)
 .rodata.bp     0x00008728       0x10 c:/program files (x86)/cypress/psoc creator/3.3/psoc creator/import/gnu/arm/4.9.3/bin/../lib/gcc/arm-none-eabi/4.9.3/../../../../arm-none-eabi/lib/armv7-m\libm.a(lib_a-e_pow.o)
 .rodata.str1.4
                0x00000000        0x4 c:/program files (x86)/cypress/psoc creator/3.3/psoc creator/import/gnu/arm/4.9.3/bin/../lib/gcc/arm-none-eabi/4.9.3/../../../../arm-none-eabi/lib/armv7-m\libm.a(lib_a-e_pow.o)
 .rodata.npio2_hw
                0x00008738       0x80 c:/program files (x86)/cypress/psoc creator/3.3/psoc creator/import/gnu/arm/4.9.3/bin/../lib/gcc/arm-none-eabi/4.9.3/../../../../arm-none-eabi/lib/armv7-m\libm.a(lib_a-e_rem_pio2.o)
 .rodata.two_over_pi
                0x000087b8      0x108 c:/program files (x86)/cypress/psoc creator/3.3/psoc creator/import/gnu/arm/4.9.3/bin/../lib/gcc/arm-none-eabi/4.9.3/../../../../arm-none-eabi/lib/armv7-m\libm.a(lib_a-e_rem_pio2.o)
 .rodata.init_jk
                0x000088c0       0x10 c:/program files (x86)/cypress/psoc creator/3.3/psoc creator/import/gnu/arm/4.9.3/bin/../lib/gcc/arm-none-eabi/4.9.3/../../../../arm-none-eabi/lib/armv7-m\libm.a(lib_a-k_rem_pio2.o)
 .rodata.PIo2   0x000088d0       0x40 c:/program files (x86)/cypress/psoc creator/3.3/psoc creator/import/gnu/arm/4.9.3/bin/../lib/gcc/arm-none-eabi/4.9.3/../../../../arm-none-eabi/lib/armv7-m\libm.a(lib_a-k_rem_pio2.o)
 .rodata.TWO52  0x00008910       0x10 c:/program files (x86)/cypress/psoc creator/3.3/psoc creator/import/gnu/arm/4.9.3/bin/../lib/gcc/arm-none-eabi/4.9.3/../../../../arm-none-eabi/lib/armv7-m\libm.a(lib_a-s_rint.o)
 .rodata.str1.1
                0x00008920        0x2 c:/program files (x86)/cypress/psoc creator/3.3/psoc creator/import/gnu/arm/4.9.3/bin/../lib/gcc/arm-none-eabi/4.9.3/../../../../arm-none-eabi/lib/armv7-m\libg_nano.a(lib_a-impure.o)
 .rodata.str1.1
                0x00008922       0x12 c:/program files (x86)/cypress/psoc creator/3.3/psoc creator/import/gnu/arm/4.9.3/bin/../lib/gcc/arm-none-eabi/4.9.3/../../../../arm-none-eabi/lib/armv7-m\libg_nano.a(lib_a-nano-vfprintf_float.o)
 .rodata.str1.1
                0x00008934       0x22 c:/program files (x86)/cypress/psoc creator/3.3/psoc creator/import/gnu/arm/4.9.3/bin/../lib/gcc/arm-none-eabi/4.9.3/../../../../arm-none-eabi/lib/armv7-m\libg_nano.a(lib_a-nano-vfprintf_i.o)
 .rodata.str1.1
                0x00008956       0x25 c:/program files (x86)/cypress/psoc creator/3.3/psoc creator/import/gnu/arm/4.9.3/bin/../lib/gcc/arm-none-eabi/4.9.3/../../../../arm-none-eabi/lib/armv7-m\libg_nano.a(lib_a-utoa.o)
 .rodata.str1.1
                0x0000897b        0xd c:/program files (x86)/cypress/psoc creator/3.3/psoc creator/import/gnu/arm/4.9.3/bin/../lib/gcc/arm-none-eabi/4.9.3/../../../../arm-none-eabi/lib/armv7-m\libg_nano.a(lib_a-dtoa.o)
                                  0xf (size before relaxing)
 .rodata.str1.1
                0x00008988        0x8 c:/program files (x86)/cypress/psoc creator/3.3/psoc creator/import/gnu/arm/4.9.3/bin/../lib/gcc/arm-none-eabi/4.9.3/../../../../arm-none-eabi/lib/armv7-m\libg_nano.a(lib_a-locale.o)
                                  0xb (size before relaxing)
 .rodata.__mprec_tens
                0x00008990       0xc8 c:/program files (x86)/cypress/psoc creator/3.3/psoc creator/import/gnu/arm/4.9.3/bin/../lib/gcc/arm-none-eabi/4.9.3/../../../../arm-none-eabi/lib/armv7-m\libg_nano.a(lib_a-mprec.o)
                0x00008990                __mprec_tens
 .rodata.__mprec_bigtens
                0x00008a58       0x28 c:/program files (x86)/cypress/psoc creator/3.3/psoc creator/import/gnu/arm/4.9.3/bin/../lib/gcc/arm-none-eabi/4.9.3/../../../../arm-none-eabi/lib/armv7-m\libg_nano.a(lib_a-mprec.o)
                0x00008a58                __mprec_bigtens
 .rodata.p05.5308
                0x00008a80        0xc c:/program files (x86)/cypress/psoc creator/3.3/psoc creator/import/gnu/arm/4.9.3/bin/../lib/gcc/arm-none-eabi/4.9.3/../../../../arm-none-eabi/lib/armv7-m\libg_nano.a(lib_a-mprec.o)
 .rodata.str1.1
                0x00008a8c       0x11 c:/program files (x86)/cypress/psoc creator/3.3/psoc creator/import/gnu/arm/4.9.3/bin/../lib/gcc/arm-none-eabi/4.9.3/../../../../arm-none-eabi/lib/armv7-m\libg_nano.a(lib_a-nano-svfprintf.o)
                0x00008aa0                . = ALIGN (0x4)
 *fill*         0x00008a9d        0x3 
 *(.init)
 .init          0x00008aa0        0x4 c:/program files (x86)/cypress/psoc creator/3.3/psoc creator/import/gnu/arm/4.9.3/bin/../lib/gcc/arm-none-eabi/4.9.3/armv7-m/crti.o
                0x00008aa0                _init
 .init          0x00008aa4        0x8 c:/program files (x86)/cypress/psoc creator/3.3/psoc creator/import/gnu/arm/4.9.3/bin/../lib/gcc/arm-none-eabi/4.9.3/armv7-m/crtn.o
                0x00008aac                . = ALIGN (0x4)
                0x00008aac                __preinit_array_start = .
 *(.preinit_array)
                0x00008aac                __preinit_array_end = .
                0x00008aac                . = ALIGN (0x4)
                0x00008aac                __init_array_start = .
 *(SORT(.init_array.*))
 *(.init_array)
 .init_array    0x00008aac        0x4 c:/program files (x86)/cypress/psoc creator/3.3/psoc creator/import/gnu/arm/4.9.3/bin/../lib/gcc/arm-none-eabi/4.9.3/armv7-m/crtbegin.o
 .init_array    0x00008ab0        0x4 .\CortexM3\ARM_GCC_493\Debug\Cm3Start.o
                0x00008ab4                __init_array_end = .
                0x00008ab4                . = ALIGN (0x4)
 *(.fini)
 .fini          0x00008ab4        0x4 c:/program files (x86)/cypress/psoc creator/3.3/psoc creator/import/gnu/arm/4.9.3/bin/../lib/gcc/arm-none-eabi/4.9.3/armv7-m/crti.o
                0x00008ab4                _fini
 .fini          0x00008ab8        0x8 c:/program files (x86)/cypress/psoc creator/3.3/psoc creator/import/gnu/arm/4.9.3/bin/../lib/gcc/arm-none-eabi/4.9.3/armv7-m/crtn.o
                0x00008ac0                . = ALIGN (0x4)
                0x00008ac0                __fini_array_start = .
 *(.fini_array)
 .fini_array    0x00008ac0        0x4 c:/program files (x86)/cypress/psoc creator/3.3/psoc creator/import/gnu/arm/4.9.3/bin/../lib/gcc/arm-none-eabi/4.9.3/armv7-m/crtbegin.o
 *(SORT(.fini_array.*))
                0x00008ac4                __fini_array_end = .
                0x00008ac4                . = ALIGN (0x4)
 *crtbegin.o(.ctors)
 *(EXCLUDE_FILE(*crtend.o) .ctors)
 *(SORT(.ctors.*))
 *crtend.o(.ctors)
                0x00008ac4                . = ALIGN (0x4)
 *crtbegin.o(.dtors)
 *(EXCLUDE_FILE(*crtend.o) .dtors)
 *(SORT(.dtors.*))
 *crtend.o(.dtors)
                0x00008ac4                . = ALIGN (0x4)
                0x00008ac4                __cy_regions = .
                0x00008ac4        0x4 LONG 0x8ad8 __cy_region_init_ram
                0x00008ac8        0x4 LONG 0x1fff8108 __cy_region_start_data
                0x00008acc        0x4 LONG 0x710 __cy_region_init_size_ram
                0x00008ad0        0x4 LONG 0x708 __cy_region_zero_size_ram
                0x00008ad4                __cy_regions_end = .
                0x00008ad8                . = ALIGN (0x8)
 *fill*         0x00008ad4        0x4 
                0x00008ad8                _etext = .

.cy_checksum_exclude
                0x00008ad8        0x0
 *(.cy_checksum_exclude)

.ramvectors     0x1fff8000      0x100
                0x1fff8000                __cy_region_start_ram = .
 *(.ramvectors)
 .ramvectors    0x1fff8000      0x100 .\CortexM3\ARM_GCC_493\Debug\Cm3Start.o
                0x1fff8000                CyRamVectors

.noinit         0x1fff8100        0x5
 *(.noinit)
 .noinit        0x1fff8100        0x4 .\CortexM3\ARM_GCC_493\Debug\Cm3Start.o
 .noinit        0x1fff8104        0x1 .\CortexM3\ARM_GCC_493\Debug\freesoc.a(CyLib.o)
                0x1fff8104                CyResetStatus

.data           0x1fff8108      0x710 load address 0x00008ad8
                0x1fff8108                __cy_region_start_data = .
 *(.jcr)
 .jcr           0x1fff8108        0x0 c:/program files (x86)/cypress/psoc creator/3.3/psoc creator/import/gnu/arm/4.9.3/bin/../lib/gcc/arm-none-eabi/4.9.3/armv7-m/crtbegin.o
 .jcr           0x1fff8108        0x4 c:/program files (x86)/cypress/psoc creator/3.3/psoc creator/import/gnu/arm/4.9.3/bin/../lib/gcc/arm-none-eabi/4.9.3/armv7-m/crtend.o
 *(.got.plt)
 *(.got)
 *(.shdata)
 *(.data .data.* .gnu.linkonce.d.*)
 .data          0x1fff810c       0x78 .\CortexM3\ARM_GCC_493\Debug\encoder.o
 .data          0x1fff8184      0x530 .\CortexM3\ARM_GCC_493\Debug\motor.o
 .data          0x1fff86b4       0xa8 .\CortexM3\ARM_GCC_493\Debug\pid.o
 .data          0x1fff875c        0x4 .\CortexM3\ARM_GCC_493\Debug\Cm3Start.o
 .data          0x1fff8760        0x2 .\CortexM3\ARM_GCC_493\Debug\freesoc.a(cyfitter_cfg.o)
                0x1fff8760                Front_AMuxSeq_curChannel
                0x1fff8761                Rear_AMuxSeq_curChannel
 *fill*         0x1fff8762        0x2 
 .data          0x1fff8764       0x10 .\CortexM3\ARM_GCC_493\Debug\freesoc.a(CyLib.o)
                0x1fff8764                cydelay_32k_ms
                0x1fff8768                cydelay_freq_khz
                0x1fff876c                cydelay_freq_mhz
                0x1fff8770                cydelay_freq_hz
 .data.__fdlib_version
                0x1fff8774        0x1 c:/program files (x86)/cypress/psoc creator/3.3/psoc creator/import/gnu/arm/4.9.3/bin/../lib/gcc/arm-none-eabi/4.9.3/../../../../arm-none-eabi/lib/armv7-m\libm.a(lib_a-s_lib_ver.o)
                0x1fff8774                __fdlib_version
 *fill*         0x1fff8775        0x3 
 .data.impure_data
                0x1fff8778       0x60 c:/program files (x86)/cypress/psoc creator/3.3/psoc creator/import/gnu/arm/4.9.3/bin/../lib/gcc/arm-none-eabi/4.9.3/../../../../arm-none-eabi/lib/armv7-m\libg_nano.a(lib_a-impure.o)
 .data._impure_ptr
                0x1fff87d8        0x4 c:/program files (x86)/cypress/psoc creator/3.3/psoc creator/import/gnu/arm/4.9.3/bin/../lib/gcc/arm-none-eabi/4.9.3/../../../../arm-none-eabi/lib/armv7-m\libg_nano.a(lib_a-impure.o)
                0x1fff87d8                _impure_ptr
 .data.lconv    0x1fff87dc       0x38 c:/program files (x86)/cypress/psoc creator/3.3/psoc creator/import/gnu/arm/4.9.3/bin/../lib/gcc/arm-none-eabi/4.9.3/../../../../arm-none-eabi/lib/armv7-m\libg_nano.a(lib_a-locale.o)
                0x1fff8818                . = ALIGN (0x8)
 *fill*         0x1fff8814        0x4 
 *(.ram)
                0x1fff8818                _edata = .

.igot.plt       0x1fff8818        0x0 load address 0x000091e8
 .igot.plt      0x00000000        0x0 c:/program files (x86)/cypress/psoc creator/3.3/psoc creator/import/gnu/arm/4.9.3/bin/../lib/gcc/arm-none-eabi/4.9.3/armv7-m/crtbegin.o

.bss            0x1fff8818      0x708 load address 0x000091e8
                0x1fff8818                PROVIDE (__bss_start__, .)
 *(.shbss)
 *(.bss .bss.* .gnu.linkonce.b.*)
 .bss           0x1fff8818       0x1c c:/program files (x86)/cypress/psoc creator/3.3/psoc creator/import/gnu/arm/4.9.3/bin/../lib/gcc/arm-none-eabi/4.9.3/armv7-m/crtbegin.o
 .bss           0x1fff8834      0x4d0 .\CortexM3\ARM_GCC_493\Debug\cal.o
 .bss           0x1fff8d04        0xc .\CortexM3\ARM_GCC_493\Debug\encoder.o
 .bss           0x1fff8d10       0x60 .\CortexM3\ARM_GCC_493\Debug\i2c.o
 .bss           0x1fff8d70       0x2c .\CortexM3\ARM_GCC_493\Debug\odom.o
 .bss           0x1fff8d9c        0x8 .\CortexM3\ARM_GCC_493\Debug\pid.o
 .bss           0x1fff8da4        0x4 .\CortexM3\ARM_GCC_493\Debug\time.o
 .bss           0x1fff8da8        0x2 .\CortexM3\ARM_GCC_493\Debug\ultrasonic.o
 .bss           0x1fff8daa        0x2 .\CortexM3\ARM_GCC_493\Debug\infrared.o
 .bss           0x1fff8dac        0x1 .\CortexM3\ARM_GCC_493\Debug\freesoc.a(Left_HB25_PWM.o)
                0x1fff8dac                Left_HB25_PWM_initVar
 .bss           0x1fff8dad        0x1 .\CortexM3\ARM_GCC_493\Debug\freesoc.a(Right_HB25_PWM.o)
                0x1fff8dad                Right_HB25_PWM_initVar
 *fill*         0x1fff8dae        0x2 
 .bss           0x1fff8db0       0x1c .\CortexM3\ARM_GCC_493\Debug\freesoc.a(CyLib.o)
                0x1fff8dc8                CySysTickInitVar
 .bss           0x1fff8dcc        0x2 .\CortexM3\ARM_GCC_493\Debug\freesoc.a(UART_Debug.o)
                0x1fff8dcc                UART_Debug_initVar
 .bss           0x1fff8dce        0x1 .\CortexM3\ARM_GCC_493\Debug\freesoc.a(EZI2C_Slave.o)
                0x1fff8dce                EZI2C_Slave_initVar
 .bss           0x1fff8dcf        0x2 .\CortexM3\ARM_GCC_493\Debug\freesoc.a(EZI2C_Slave_INT.o)
 .bss           0x1fff8dd1        0x1 .\CortexM3\ARM_GCC_493\Debug\freesoc.a(Front_Echo_Timer.o)
                0x1fff8dd1                Front_Echo_Timer_initVar
 .bss           0x1fff8dd2        0x1 .\CortexM3\ARM_GCC_493\Debug\freesoc.a(Rear_Echo_Timer.o)
                0x1fff8dd2                Rear_Echo_Timer_initVar
 .bss           0x1fff8dd3        0x1 .\CortexM3\ARM_GCC_493\Debug\freesoc.a(Front_ADC_SAR.o)
                0x1fff8dd3                Front_ADC_SAR_initVar
 .bss           0x1fff8dd4        0x1 .\CortexM3\ARM_GCC_493\Debug\freesoc.a(Front_AMuxSeq.o)
                0x1fff8dd4                Front_AMuxSeq_initVar
 .bss           0x1fff8dd5        0x1 .\CortexM3\ARM_GCC_493\Debug\freesoc.a(Rear_ADC_SAR.o)
                0x1fff8dd5                Rear_ADC_SAR_initVar
 .bss           0x1fff8dd6        0x1 .\CortexM3\ARM_GCC_493\Debug\freesoc.a(Rear_AMuxSeq.o)
                0x1fff8dd6                Rear_AMuxSeq_initVar
 .bss           0x1fff8dd7        0x1 .\CortexM3\ARM_GCC_493\Debug\freesoc.a(Right_QuadDec.o)
                0x1fff8dd7                Right_QuadDec_initVar
 .bss           0x1fff8dd8        0x4 .\CortexM3\ARM_GCC_493\Debug\freesoc.a(Right_QuadDec_INT.o)