Archive member included because of file (symbol)

.\CortexM3\ARM_GCC_493\Debug\freesoc.a(cyfitter_cfg.o)
                              .\CortexM3\ARM_GCC_493\Debug\Cm3Start.o (cyfitter_cfg)
.\CortexM3\ARM_GCC_493\Debug\freesoc.a(Left_HB25_Enable_Pin.o)
                              .\CortexM3\ARM_GCC_493\Debug\motor.o (Left_HB25_Enable_Pin_Write)
.\CortexM3\ARM_GCC_493\Debug\freesoc.a(Left_HB25_PWM.o)
                              .\CortexM3\ARM_GCC_493\Debug\motor.o (Left_HB25_PWM_Stop)
.\CortexM3\ARM_GCC_493\Debug\freesoc.a(Right_HB25_Enable_Pin.o)
                              .\CortexM3\ARM_GCC_493\Debug\motor.o (Right_HB25_Enable_Pin_Write)
.\CortexM3\ARM_GCC_493\Debug\freesoc.a(Right_HB25_PWM.o)
                              .\CortexM3\ARM_GCC_493\Debug\motor.o (Right_HB25_PWM_Stop)
.\CortexM3\ARM_GCC_493\Debug\freesoc.a(CyBootAsmGnu.o)
                              .\CortexM3\ARM_GCC_493\Debug\freesoc.a(cyfitter_cfg.o) (CyDelayCycles)
.\CortexM3\ARM_GCC_493\Debug\freesoc.a(CyLib.o)
                              .\CortexM3\ARM_GCC_493\Debug\Cm3Start.o (CyHalt)
.\CortexM3\ARM_GCC_493\Debug\freesoc.a(cyPm.o)
                              .\CortexM3\ARM_GCC_493\Debug\freesoc.a(CyLib.o) (CyPmReadStatus)
.\CortexM3\ARM_GCC_493\Debug\freesoc.a(EZI2C_Slave.o)
                              .\CortexM3\ARM_GCC_493\Debug\i2c.o (EZI2C_Slave_Start)
.\CortexM3\ARM_GCC_493\Debug\freesoc.a(EZI2C_Slave_PM.o)
                              .\CortexM3\ARM_GCC_493\Debug\freesoc.a(EZI2C_Slave.o) (EZI2C_Slave_backup)
.\CortexM3\ARM_GCC_493\Debug\freesoc.a(EZI2C_Slave_INT.o)
                              .\CortexM3\ARM_GCC_493\Debug\freesoc.a(EZI2C_Slave.o) (EZI2C_Slave_ISR)
.\CortexM3\ARM_GCC_493\Debug\freesoc.a(Mainloop_Pin.o)
                              .\CortexM3\ARM_GCC_493\Debug\main.o (Mainloop_Pin_Write)
.\CortexM3\ARM_GCC_493\Debug\freesoc.a(EEPROM.o)
                              .\CortexM3\ARM_GCC_493\Debug\nvstore.o (EEPROM_Start)
.\CortexM3\ARM_GCC_493\Debug\freesoc.a(Right_QuadDec.o)
                              .\CortexM3\ARM_GCC_493\Debug\encoder.o (Right_QuadDec_GetCounter)
.\CortexM3\ARM_GCC_493\Debug\freesoc.a(Right_QuadDec_INT.o)
                              .\CortexM3\ARM_GCC_493\Debug\freesoc.a(Right_QuadDec.o) (Right_QuadDec_ISR)
.\CortexM3\ARM_GCC_493\Debug\freesoc.a(Right_QuadDec_Cnt16.o)
                              .\CortexM3\ARM_GCC_493\Debug\freesoc.a(Right_QuadDec.o) (Right_QuadDec_Cnt16_Stop)
.\CortexM3\ARM_GCC_493\Debug\freesoc.a(Left_QuadDec.o)
                              .\CortexM3\ARM_GCC_493\Debug\encoder.o (Left_QuadDec_GetCounter)
.\CortexM3\ARM_GCC_493\Debug\freesoc.a(Left_QuadDec_INT.o)
                              .\CortexM3\ARM_GCC_493\Debug\freesoc.a(Left_QuadDec.o) (Left_QuadDec_ISR)
.\CortexM3\ARM_GCC_493\Debug\freesoc.a(Left_QuadDec_Cnt16.o)
                              .\CortexM3\ARM_GCC_493\Debug\freesoc.a(Left_QuadDec.o) (Left_QuadDec_Cnt16_Stop)
.\CortexM3\ARM_GCC_493\Debug\freesoc.a(USBUART.o)
                              .\CortexM3\ARM_GCC_493\Debug\serial.o (USBUART_Start)
.\CortexM3\ARM_GCC_493\Debug\freesoc.a(USBUART_cdc.o)
                              .\CortexM3\ARM_GCC_493\Debug\serial.o (USBUART_CDC_Init)
.\CortexM3\ARM_GCC_493\Debug\freesoc.a(USBUART_drv.o)
                              .\CortexM3\ARM_GCC_493\Debug\freesoc.a(USBUART.o) (USBUART_lastPacketSize)
.\CortexM3\ARM_GCC_493\Debug\freesoc.a(USBUART_episr.o)
                              .\CortexM3\ARM_GCC_493\Debug\freesoc.a(USBUART.o) (USBUART_EP_1_ISR)
.\CortexM3\ARM_GCC_493\Debug\freesoc.a(USBUART_hid.o)
                              .\CortexM3\ARM_GCC_493\Debug\freesoc.a(USBUART.o) (USBUART_hidProtocol)
.\CortexM3\ARM_GCC_493\Debug\freesoc.a(USBUART_pm.o)
                              .\CortexM3\ARM_GCC_493\Debug\freesoc.a(USBUART.o) (USBUART_DP_ISR)
.\CortexM3\ARM_GCC_493\Debug\freesoc.a(USBUART_std.o)
                              .\CortexM3\ARM_GCC_493\Debug\freesoc.a(USBUART_pm.o) (USBUART_ConfigReg)
.\CortexM3\ARM_GCC_493\Debug\freesoc.a(USBUART_vnd.o)
                              .\CortexM3\ARM_GCC_493\Debug\freesoc.a(USBUART_drv.o) (USBUART_HandleVendorRqst)
.\CortexM3\ARM_GCC_493\Debug\freesoc.a(USBUART_Dp.o)
                              .\CortexM3\ARM_GCC_493\Debug\freesoc.a(USBUART_pm.o) (USBUART_Dp_ClearInterrupt)
.\CortexM3\ARM_GCC_493\Debug\freesoc.a(SPIM.o)
                              .\CortexM3\ARM_GCC_493\Debug\spi.o (SPIM_WriteTxData)
.\CortexM3\ARM_GCC_493\Debug\freesoc.a(SPIM_INT.o)
                              .\CortexM3\ARM_GCC_493\Debug\freesoc.a(SPIM.o) (SPIM_RX_ISR)
.\CortexM3\ARM_GCC_493\Debug\freesoc.a(Slave_Select.o)
                              .\CortexM3\ARM_GCC_493\Debug\spi.o (Slave_Select_Write)
.\CortexM3\ARM_GCC_493\Debug\freesoc.a(CyFlash.o)
                              .\CortexM3\ARM_GCC_493\Debug\freesoc.a(EEPROM.o) (dieTemperature)
.\CortexM3\ARM_GCC_493\Debug\freesoc.a(CySpc.o)
[...]
Memory Configuration

Name             Origin             Length             Attributes
rom              0x00000000         0x00040000         xr
ram              0x1fff8000         0x00010000         xrw
*default*        0x00000000         0xffffffff

Linker script and memory map

LOAD c:/program files (x86)/cypress/psoc creator/3.3/psoc creator/import/gnu/arm/4.9.3/bin/../lib/gcc/arm-none-eabi/4.9.3/armv7-m/crti.o
LOAD c:/program files (x86)/cypress/psoc creator/3.3/psoc creator/import/gnu/arm/4.9.3/bin/../lib/gcc/arm-none-eabi/4.9.3/armv7-m/crtbegin.o
LOAD c:/program files (x86)/cypress/psoc creator/3.3/psoc creator/import/gnu/arm/4.9.3/bin/../lib/gcc/arm-none-eabi/4.9.3/../../../../arm-none-eabi/lib/armv7-m/crt0.o
START GROUP
LOAD .\CortexM3\ARM_GCC_493\Debug\main.o
LOAD .\CortexM3\ARM_GCC_493\Debug\cal.o
LOAD .\CortexM3\ARM_GCC_493\Debug\control.o
LOAD .\CortexM3\ARM_GCC_493\Debug\debug.o
LOAD .\CortexM3\ARM_GCC_493\Debug\diag.o
LOAD .\CortexM3\ARM_GCC_493\Debug\encoder.o
LOAD .\CortexM3\ARM_GCC_493\Debug\i2c.o
LOAD .\CortexM3\ARM_GCC_493\Debug\motor.o
LOAD .\CortexM3\ARM_GCC_493\Debug\odom.o
LOAD .\CortexM3\ARM_GCC_493\Debug\pid.o
LOAD .\CortexM3\ARM_GCC_493\Debug\time.o
LOAD .\CortexM3\ARM_GCC_493\Debug\utils.o
LOAD .\CortexM3\ARM_GCC_493\Debug\pid_controller.o
LOAD .\CortexM3\ARM_GCC_493\Debug\serial.o
LOAD .\CortexM3\ARM_GCC_493\Debug\nvstore.o
LOAD .\CortexM3\ARM_GCC_493\Debug\calpid.o
LOAD .\CortexM3\ARM_GCC_493\Debug\calmotor.o
LOAD .\CortexM3\ARM_GCC_493\Debug\pidutil.o
LOAD .\CortexM3\ARM_GCC_493\Debug\spi.o
LOAD .\CortexM3\ARM_GCC_493\Debug\callin.o
LOAD .\CortexM3\ARM_GCC_493\Debug\cymetadata.o
LOAD .\CortexM3\ARM_GCC_493\Debug\Cm3Start.o
LOAD .\CortexM3\ARM_GCC_493\Debug\freesoc.a
LOAD C:\Program Files (x86)\Cypress\PSoC Creator\3.3\PSoC Creator\psoc\content\cycomponentlibrary\CyComponentLibrary.cylib\CortexM3\ARM_GCC_493\Debug\CyComponentLibrary.a
LOAD c:/program files (x86)/cypress/psoc creator/3.3/psoc creator/import/gnu/arm/4.9.3/bin/../lib/gcc/arm-none-eabi/4.9.3/../../../../arm-none-eabi/lib/armv7-m\libm.a
END GROUP
START GROUP
LOAD c:/program files (x86)/cypress/psoc creator/3.3/psoc creator/import/gnu/arm/4.9.3/bin/../lib/gcc/arm-none-eabi/4.9.3/armv7-m\libgcc.a
LOAD c:/program files (x86)/cypress/psoc creator/3.3/psoc creator/import/gnu/arm/4.9.3/bin/../lib/gcc/arm-none-eabi/4.9.3/../../../../arm-none-eabi/lib/armv7-m\libg_nano.a
LOAD c:/program files (x86)/cypress/psoc creator/3.3/psoc creator/import/gnu/arm/4.9.3/bin/../lib/gcc/arm-none-eabi/4.9.3/../../../../arm-none-eabi/lib/armv7-m\libc_nano.a
END GROUP
START GROUP
LOAD c:/program files (x86)/cypress/psoc creator/3.3/psoc creator/import/gnu/arm/4.9.3/bin/../lib/gcc/arm-none-eabi/4.9.3/armv7-m\libgcc.a
LOAD c:/program files (x86)/cypress/psoc creator/3.3/psoc creator/import/gnu/arm/4.9.3/bin/../lib/gcc/arm-none-eabi/4.9.3/../../../../arm-none-eabi/lib/armv7-m\libc_nano.a
END GROUP
LOAD c:/program files (x86)/cypress/psoc creator/3.3/psoc creator/import/gnu/arm/4.9.3/bin/../lib/gcc/arm-none-eabi/4.9.3/armv7-m/crtend.o
LOAD c:/program files (x86)/cypress/psoc creator/3.3/psoc creator/import/gnu/arm/4.9.3/bin/../lib/gcc/arm-none-eabi/4.9.3/armv7-m/crtn.o
START GROUP
LOAD c:/program files (x86)/cypress/psoc creator/3.3/psoc creator/import/gnu/arm/4.9.3/bin/../lib/gcc/arm-none-eabi/4.9.3/armv7-m\libgcc.a
LOAD c:/program files (x86)/cypress/psoc creator/3.3/psoc creator/import/gnu/arm/4.9.3/bin/../lib/gcc/arm-none-eabi/4.9.3/../../../../arm-none-eabi/lib/armv7-m\libc.a
LOAD c:/program files (x86)/cypress/psoc creator/3.3/psoc creator/import/gnu/arm/4.9.3/bin/../lib/gcc/arm-none-eabi/4.9.3/../../../../arm-none-eabi/lib/armv7-m\libnosys.a
END GROUP
                0x00000000                CY_APPL_ORIGIN = 0x0
                0x00000100                CY_FLASH_ROW_SIZE = 0x100
                0x00000020                CY_ECC_ROW_SIZE = 0x20
                0x00000000                CY_EE_IN_BTLDR = 0x0
                0x00000000                CY_APPL_LOADABLE = 0x0
                0x00000800                CY_EE_SIZE = 0x800
                0x00000001                CY_APPL_NUM = 0x1
                0x00000001                CY_APPL_MAX = 0x1
                0x00000040                CY_METADATA_SIZE = 0x40
                0x00000000                CY_APPL_LOADABLE = 0x0
                0x00000000                CY_CHECKSUM_EXCLUDE_SIZE = ALIGN (0x0, CY_FLASH_ROW_SIZE)
                0x1fff8cd8                PROVIDE (__cy_heap_start, _end)
                0x00000001                PROVIDE (__cy_region_num, ((__cy_regions_end - __cy_regions) / 0x10))
                0x20008000                PROVIDE (__cy_stack, (ORIGIN (ram) + 0x10000))
                0x20007800                PROVIDE (__cy_heap_end, (__cy_stack - 0x800))

.cybootloader   0x00000000        0x0
 *(.cybootloader)
                0x00000000                appl1_start = CY_APPL_ORIGIN?CY_APPL_ORIGIN:ALIGN (CY_FLASH_ROW_SIZE)
                0x0001ff00                appl2_start = (appl1_start + ALIGN ((((0x40000 - appl1_start) - (0x2 * CY_FLASH_ROW_SIZE)) / 0x2), CY_FLASH_ROW_SIZE))
                0x00000000                appl_start = (CY_APPL_NUM == 0x1)?appl1_start:appl2_start
                0x00000000                ecc_offset = ((appl_start / CY_FLASH_ROW_SIZE) * CY_ECC_ROW_SIZE)
                0x00000000                ee_offset = (CY_APPL_LOADABLE && ! (CY_EE_IN_BTLDR))?((CY_EE_SIZE / CY_APPL_MAX) * (CY_APPL_NUM - 0x1)):0x0
                0x00000800                ee_size = (CY_APPL_LOADABLE && ! (CY_EE_IN_BTLDR))?(CY_EE_SIZE / CY_APPL_MAX):CY_EE_SIZE
                0x00000000                PROVIDE (CY_ECC_OFFSET, ecc_offset)

.text           0x00000000     0xc0e4
 CREATE_OBJECT_SYMBOLS
                0x00000000                PROVIDE (__cy_interrupt_vector, RomVectors)
 *(.romvectors)
 .romvectors    0x00000000       0x10 .\CortexM3\ARM_GCC_493\Debug\Cm3Start.o
                0x00000000                RomVectors
                0x00000001                ASSERT ((. != __cy_interrupt_vector), No interrupt vector)
                0x00000001                ASSERT (CY_APPL_ORIGIN?(SIZEOF (.cybootloader) <= CY_APPL_ORIGIN):0x1, Wrong image location)
                0x00000010                PROVIDE (__cy_reset, Reset)
 *(.text.Reset)
 .text.Reset    0x00000010       0x18 .\CortexM3\ARM_GCC_493\Debug\Cm3Start.o
                0x00000010                Reset
                0x00000001                ASSERT ((. != __cy_reset), No reset code)
 *(.dma_init)
                0x00000001                ASSERT ((((appl_start + .) <= 0x10000) || 0x1), DMA Init must be within the first 64k of flash)
 *(.text .text.* .gnu.linkonce.t.*)
 .text          0x00000028       0x5c c:/program files (x86)/cypress/psoc creator/3.3/psoc creator/import/gnu/arm/4.9.3/bin/../lib/gcc/arm-none-eabi/4.9.3/armv7-m/crtbegin.o
 .text.main     0x00000084      0x118 .\CortexM3\ARM_GCC_493\Debug\main.o
                0x00000084                main
 .text.LeftTarget
                0x0000019c        0xc .\CortexM3\ARM_GCC_493\Debug\cal.o
 .text.RightTarget
                0x000001a8        0xc .\CortexM3\ARM_GCC_493\Debug\cal.o
 .text.DisplayCalMenu
                0x000001b4       0x5c .\CortexM3\ARM_GCC_493\Debug\cal.o
 .text.DisplayValMenu
                0x00000210       0x90 .\CortexM3\ARM_GCC_493\Debug\cal.o
 .text.DisplayMenu
                0x000002a0       0x20 .\CortexM3\ARM_GCC_493\Debug\cal.o
 .text.DisplaySettingsMenu
                0x000002c0       0x68 .\CortexM3\ARM_GCC_493\Debug\cal.o
 .text.HandleError
                0x00000328       0x30 .\CortexM3\ARM_GCC_493\Debug\cal.o
 .text.Process  0x00000358       0xa4 .\CortexM3\ARM_GCC_493\Debug\cal.o
 .text.DisplayExit
                0x000003fc       0x18 .\CortexM3\ARM_GCC_493\Debug\cal.o
 .text.GetCommand
                0x00000414       0x58 .\CortexM3\ARM_GCC_493\Debug\cal.o
 .text.GetCalibration
                0x0000046c       0x50 .\CortexM3\ARM_GCC_493\Debug\cal.o
 .text.GetValidation
                0x000004bc      0x148 .\CortexM3\ARM_GCC_493\Debug\cal.o
 .text.CpsToPwm
                0x00000604       0x74 .\CortexM3\ARM_GCC_493\Debug\cal.o
 .text.ClearCalibrationStatusBit
                0x00000678       0x2c .\CortexM3\ARM_GCC_493\Debug\cal.o
                0x00000678                ClearCalibrationStatusBit
 .text.SetCalibrationStatusBit
                0x000006a4       0x24 .\CortexM3\ARM_GCC_493\Debug\cal.o
                0x000006a4                SetCalibrationStatusBit
 .text.Cal_PrintSamples
                0x000006c8       0x64 .\CortexM3\ARM_GCC_493\Debug\cal.o
                0x000006c8                Cal_PrintSamples
 .text.Cal_PrintGains
                0x0000072c       0x48 .\CortexM3\ARM_GCC_493\Debug\cal.o
                0x0000072c                Cal_PrintGains
 .text.ProcessSettingsCmd
                0x00000774      0x104 .\CortexM3\ARM_GCC_493\Debug\cal.o
 .text.Cal_Init
                0x00000878       0x3c .\CortexM3\ARM_GCC_493\Debug\cal.o
                0x00000878                Cal_Init
 .text.Cal_Start
                0x000008b4       0x14 .\CortexM3\ARM_GCC_493\Debug\cal.o
                0x000008b4                Cal_Start
 .text.Cal_Update
                0x000008c8       0xd4 .\CortexM3\ARM_GCC_493\Debug\cal.o
                0x000008c8                Cal_Update
 .text.Cal_ReadResponse
                0x0000099c       0x48 .\CortexM3\ARM_GCC_493\Debug\cal.o
                0x0000099c                Cal_ReadResponse
 .text.Cal_LeftGetPidGains
                0x000009e4        0xc .\CortexM3\ARM_GCC_493\Debug\cal.o
                0x000009e4                Cal_LeftGetPidGains
 .text.Cal_RightGetPidGains
                0x000009f0        0xc .\CortexM3\ARM_GCC_493\Debug\cal.o
                0x000009f0                Cal_RightGetPidGains
 .text.Cal_SetLeftRightVelocity
                0x000009fc        0xc .\CortexM3\ARM_GCC_493\Debug\cal.o
                0x000009fc                Cal_SetLeftRightVelocity
 .text.Cal_CpsToPwm
                0x00000a08       0x84 .\CortexM3\ARM_GCC_493\Debug\cal.o
                0x00000a08                Cal_CpsToPwm
 .text.Cal_Clear
                0x00000a8c       0x10 .\CortexM3\ARM_GCC_493\Debug\cal.o
                0x00000a8c                Cal_Clear
 .text.Cal_CalcTriangularProfile
                0x00000a9c      0x15c .\CortexM3\ARM_GCC_493\Debug\cal.o
                0x00000a9c                Cal_CalcTriangularProfile
 .text.Control_Init
                0x00000bf8       0x10 .\CortexM3\ARM_GCC_493\Debug\control.o
                0x00000bf8                Control_Init
 .text.Control_Start
                0x00000c08        0x4 .\CortexM3\ARM_GCC_493\Debug\control.o
                0x00000c08                Control_Start
 *fill*         0x00000c0c        0x4 
 .text.Control_Update
                0x00000c10      0x100 .\CortexM3\ARM_GCC_493\Debug\control.o
                0x00000c10                Control_Update
 .text.Control_LeftGetCmdVelocity
                0x00000d10        0xc .\CortexM3\ARM_GCC_493\Debug\control.o
                0x00000d10                Control_LeftGetCmdVelocity
 .text.Control_RightGetCmdVelocity
                0x00000d1c        0xc .\CortexM3\ARM_GCC_493\Debug\control.o
                0x00000d1c                Control_RightGetCmdVelocity
 .text.Control_OverrideDebug
                0x00000d28        0xc .\CortexM3\ARM_GCC_493\Debug\control.o
                0x00000d28                Control_OverrideDebug
 .text.Debug_Init
                0x00000d34       0x24 .\CortexM3\ARM_GCC_493\Debug\debug.o
                0x00000d34                Debug_Init
 .text.Debug_Start
                0x00000d58        0x4 .\CortexM3\ARM_GCC_493\Debug\debug.o
                0x00000d58                Debug_Start
 .text.Diag_Init
                0x00000d5c       0x18 .\CortexM3\ARM_GCC_493\Debug\diag.o
                0x00000d5c                Diag_Init
 .text.Diag_Start
                0x00000d74        0x4 .\CortexM3\ARM_GCC_493\Debug\diag.o
                0x00000d74                Diag_Start
 .text.Diag_Update
                0x00000d78       0x38 .\CortexM3\ARM_GCC_493\Debug\diag.o
                0x00000d78                Diag_Update
 .text.Encoder_Sample
                0x00000db0       0xa8 .\CortexM3\ARM_GCC_493\Debug\encoder.o
 .text.DumpEncoder
                0x00000e58       0x74 .\CortexM3\ARM_GCC_493\Debug\encoder.o
 .text.Encoder_Init
                0x00000ecc       0x4c .\CortexM3\ARM_GCC_493\Debug\encoder.o
                0x00000ecc                Encoder_Init
 .text.Encoder_Start
                0x00000f18       0x20 .\CortexM3\ARM_GCC_493\Debug\encoder.o
                0x00000f18                Encoder_Start
 .text.Encoder_Update
                0x00000f38       0x84 .\CortexM3\ARM_GCC_493\Debug\encoder.o
                0x00000f38                Encoder_Update
 .text.Encoder_LeftGetCntsPerSec
                0x00000fbc        0xc .\CortexM3\ARM_GCC_493\Debug\encoder.o
                0x00000fbc                Encoder_LeftGetCntsPerSec
 .text.Encoder_RightGetCntsPerSec
                0x00000fc8        0xc .\CortexM3\ARM_GCC_493\Debug\encoder.o
                0x00000fc8                Encoder_RightGetCntsPerSec
 .text.Encoder_LeftGetMeterPerSec
                0x00000fd4        0xc .\CortexM3\ARM_GCC_493\Debug\encoder.o
                0x00000fd4                Encoder_LeftGetMeterPerSec
 .text.Encoder_RightGetMeterPerSec
                0x00000fe0        0xc .\CortexM3\ARM_GCC_493\Debug\encoder.o
                0x00000fe0                Encoder_RightGetMeterPerSec
 .text.Encoder_LeftGetDist
                0x00000fec        0xc .\CortexM3\ARM_GCC_493\Debug\encoder.o
                0x00000fec                Encoder_LeftGetDist
 .text.Encoder_RightGetDist
                0x00000ff8        0xc .\CortexM3\ARM_GCC_493\Debug\encoder.o
                0x00000ff8                Encoder_RightGetDist
 .text.Encoder_Reset
                0x00001004       0x68 .\CortexM3\ARM_GCC_493\Debug\encoder.o
                0x00001004                Encoder_Reset
 .text.I2c_Init
                0x0000106c       0x24 .\CortexM3\ARM_GCC_493\Debug\i2c.o
                0x0000106c                I2c_Init
 .text.I2c_Start
                0x00001090       0x18 .\CortexM3\ARM_GCC_493\Debug\i2c.o
                0x00001090                I2c_Start
 .text.I2c_ReadDeviceControl
                0x000010a8       0x2c .\CortexM3\ARM_GCC_493\Debug\i2c.o
                0x000010a8                I2c_ReadDeviceControl
 .text.I2c_ReadDebugControl
                0x000010d4       0x94 .\CortexM3\ARM_GCC_493\Debug\i2c.o
                0x000010d4                I2c_ReadDebugControl
 .text.I2c_ReadCmdVelocity
                0x00001168       0x6c .\CortexM3\ARM_GCC_493\Debug\i2c.o
                0x00001168                I2c_ReadCmdVelocity
 .text.I2c_SetCalibrationStatusBit
                0x000011d4       0x38 .\CortexM3\ARM_GCC_493\Debug\i2c.o
                0x000011d4                I2c_SetCalibrationStatusBit
 .text.I2c_ClearCalibrationStatusBit
                0x0000120c       0x3c .\CortexM3\ARM_GCC_493\Debug\i2c.o
                0x0000120c                I2c_ClearCalibrationStatusBit
 .text.I2c_SetCalibrationStatus
                0x00001248       0x34 .\CortexM3\ARM_GCC_493\Debug\i2c.o
                0x00001248                I2c_SetCalibrationStatus
 .text.I2c_WriteOdom
                0x0000127c       0x78 .\CortexM3\ARM_GCC_493\Debug\i2c.o
                0x0000127c                I2c_WriteOdom
 .text.I2c_WriteInfraredDistances
                0x000012f4       0x3c .\CortexM3\ARM_GCC_493\Debug\i2c.o
                0x000012f4                I2c_WriteInfraredDistances
 .text.I2c_WriteUltrasonicDistances
                0x00001330       0x3c .\CortexM3\ARM_GCC_493\Debug\i2c.o
                0x00001330                I2c_WriteUltrasonicDistances
 .text.I2c_UpdateHeartbeat
                0x0000136c       0x2c .\CortexM3\ARM_GCC_493\Debug\i2c.o
                0x0000136c                I2c_UpdateHeartbeat
 .text.RampDown
                0x00001398       0x7c .\CortexM3\ARM_GCC_493\Debug\motor.o
 .text.Motor_Init
                0x00001414       0x18 .\CortexM3\ARM_GCC_493\Debug\motor.o
                0x00001414                Motor_Init
 .text.Motor_Start
                0x0000142c       0x30 .\CortexM3\ARM_GCC_493\Debug\motor.o
                0x0000142c                Motor_Start
 .text.Motor_LeftSetPwm
                0x0000145c       0x2c .\CortexM3\ARM_GCC_493\Debug\motor.o
                0x0000145c                Motor_LeftSetPwm
 .text.Motor_RightSetPwm
                0x00001488       0x2c .\CortexM3\ARM_GCC_493\Debug\motor.o
                0x00001488                Motor_RightSetPwm
 .text.Motor_LeftGetPwm
                0x000014b4       0x10 .\CortexM3\ARM_GCC_493\Debug\motor.o
                0x000014b4                Motor_LeftGetPwm
 .text.Motor_RightGetPwm
                0x000014c4       0x10 .\CortexM3\ARM_GCC_493\Debug\motor.o
                0x000014c4                Motor_RightGetPwm
 .text.Motor_Stop
                0x000014d4       0x30 .\CortexM3\ARM_GCC_493\Debug\motor.o
                0x000014d4                Motor_Stop
 .text.Motor_LeftRampDown
                0x00001504       0x10 .\CortexM3\ARM_GCC_493\Debug\motor.o
                0x00001504                Motor_LeftRampDown
 .text.Motor_RightRampDown
                0x00001514       0x10 .\CortexM3\ARM_GCC_493\Debug\motor.o
                0x00001514                Motor_RightRampDown
 *fill*         0x00001524        0x4 
 .text.CalculateOdometry
                0x00001528       0x68 .\CortexM3\ARM_GCC_493\Debug\odom.o
 .text.DumpOdom
                0x00001590       0x80 .\CortexM3\ARM_GCC_493\Debug\odom.o
 .text.Odom_Init
                0x00001610       0x14 .\CortexM3\ARM_GCC_493\Debug\odom.o
                0x00001610                Odom_Init
 .text.Odom_Start
                0x00001624        0x4 .\CortexM3\ARM_GCC_493\Debug\odom.o
                0x00001624                Odom_Start
 .text.Odom_Update
                0x00001628       0x5c .\CortexM3\ARM_GCC_493\Debug\odom.o
                0x00001628                Odom_Update
 .text.Odom_Reset
                0x00001684       0x20 .\CortexM3\ARM_GCC_493\Debug\odom.o
                0x00001684                Odom_Reset
 *fill*         0x000016a4        0x4 
 .text.ProcessPid
                0x000016a8       0xb8 .\CortexM3\ARM_GCC_493\Debug\pid.o
 .text.Pid_Init
                0x00001760       0x7c .\CortexM3\ARM_GCC_493\Debug\pid.o
                0x00001760                Pid_Init
 .text.Pid_Start
                0x000017dc       0x30 .\CortexM3\ARM_GCC_493\Debug\pid.o
                0x000017dc                Pid_Start
 *fill*         0x0000180c        0x4 
 .text.Pid_Update
                0x00001810       0xa0 .\CortexM3\ARM_GCC_493\Debug\pid.o
                0x00001810                Pid_Update
 .text.Pid_SetLeftRightTarget
                0x000018b0       0x10 .\CortexM3\ARM_GCC_493\Debug\pid.o
                0x000018b0                Pid_SetLeftRightTarget
 .text.Pid_RestoreLeftRightTarget
                0x000018c0       0x1c .\CortexM3\ARM_GCC_493\Debug\pid.o
                0x000018c0                Pid_RestoreLeftRightTarget
 .text.Pid_Reset
                0x000018dc       0x24 .\CortexM3\ARM_GCC_493\Debug\pid.o
                0x000018dc                Pid_Reset
 .text.Pid_Enable
                0x00001900       0x28 .\CortexM3\ARM_GCC_493\Debug\pid.o
                0x00001900                Pid_Enable
 .text.Pid_LeftSetGains
                0x00001928       0x18 .\CortexM3\ARM_GCC_493\Debug\pid.o
                0x00001928                Pid_LeftSetGains
 .text.Pid_RightSetGains
                0x00001940       0x18 .\CortexM3\ARM_GCC_493\Debug\pid.o
                0x00001940                Pid_RightSetGains
 .text.Pid_LeftGetGains
                0x00001958       0x1c .\CortexM3\ARM_GCC_493\Debug\pid.o
                0x00001958                Pid_LeftGetGains
 .text.Pid_RightGetGains
                0x00001974       0x1c .\CortexM3\ARM_GCC_493\Debug\pid.o
                0x00001974                Pid_RightGetGains
 .text.SysTickIsrHandler
                0x00001990       0x10 .\CortexM3\ARM_GCC_493\Debug\time.o
 .text.Time_Init
                0x000019a0        0xc .\CortexM3\ARM_GCC_493\Debug\time.o
                0x000019a0                Time_Init
 .text.Time_Start
                0x000019ac       0x2c .\CortexM3\ARM_GCC_493\Debug\time.o
                0x000019ac                Time_Start
 .text.millis   0x000019d8        0xc .\CortexM3\ARM_GCC_493\Debug\time.o
                0x000019d8                millis
 .text.insert_zeros
                0x000019e4       0x30 .\CortexM3\ARM_GCC_493\Debug\utils.o
 .text.MovingAverageFloat
                0x00001a14       0x2c .\CortexM3\ARM_GCC_493\Debug\utils.o
                0x00001a14                MovingAverageFloat
 .text.Uint16ToTwoBytes
                0x00001a40        0x8 .\CortexM3\ARM_GCC_493\Debug\utils.o
                0x00001a40                Uint16ToTwoBytes
 .text.FloatToFourBytes
                0x00001a48       0x20 .\CortexM3\ARM_GCC_493\Debug\utils.o
                0x00001a48                FloatToFourBytes
 .text.ftoa     0x00001a68       0xa4 .\CortexM3\ARM_GCC_493\Debug\utils.o
                0x00001a68                ftoa
 .text.BinaryRangeSearch
                0x00001b0c       0x50 .\CortexM3\ARM_GCC_493\Debug\utils.o
                0x00001b0c                BinaryRangeSearch
 .text.Interpolate
                0x00001b5c       0x3c .\CortexM3\ARM_GCC_493\Debug\utils.o
                0x00001b5c                Interpolate
 .text.PIDCompute
                0x00001b98       0xa4 .\CortexM3\ARM_GCC_493\Debug\pid_controller.o
                0x00001b98                PIDCompute
 .text.PIDModeSet
                0x00001c3c       0x40 .\CortexM3\ARM_GCC_493\Debug\pid_controller.o
                0x00001c3c                PIDModeSet
 .text.PIDOutputLimitsSet
                0x00001c7c       0x5c .\CortexM3\ARM_GCC_493\Debug\pid_controller.o
                0x00001c7c                PIDOutputLimitsSet
 .text.PIDTuningsSet
                0x00001cd8       0x6c .\CortexM3\ARM_GCC_493\Debug\pid_controller.o
                0x00001cd8                PIDTuningsSet
 .text.PIDInit  0x00001d44       0x54 .\CortexM3\ARM_GCC_493\Debug\pid_controller.o
                0x00001d44                PIDInit
 .text.PIDSetpointSet
                0x00001d98        0x4 .\CortexM3\ARM_GCC_493\Debug\pid_controller.o
                0x00001d98                PIDSetpointSet
 .text.PIDInputSet
                0x00001d9c        0x4 .\CortexM3\ARM_GCC_493\Debug\pid_controller.o
                0x00001d9c                PIDInputSet
 .text.Ser_Init
                0x00001da0        0x4 .\CortexM3\ARM_GCC_493\Debug\serial.o
                0x00001da0                Ser_Init
 .text.Ser_Start
                0x00001da4       0x2c .\CortexM3\ARM_GCC_493\Debug\serial.o
                0x00001da4                Ser_Start
 .text.Ser_Update
                0x00001dd0       0x14 .\CortexM3\ARM_GCC_493\Debug\serial.o
                0x00001dd0                Ser_Update
 .text.Ser_PutString
                0x00001de4       0x20 .\CortexM3\ARM_GCC_493\Debug\serial.o
                0x00001de4                Ser_PutString
 .text.Ser_ReadByte
                0x00001e04       0x1c .\CortexM3\ARM_GCC_493\Debug\serial.o
                0x00001e04                Ser_ReadByte
 .text.Ser_WriteByte
                0x00001e20       0x1c .\CortexM3\ARM_GCC_493\Debug\serial.o
                0x00001e20                Ser_WriteByte
 .text.Nvstore_Init
                0x00001e3c        0x4 .\CortexM3\ARM_GCC_493\Debug\nvstore.o
                0x00001e3c                Nvstore_Init
 .text.Nvstore_Start
                0x00001e40        0x8 .\CortexM3\ARM_GCC_493\Debug\nvstore.o
                0x00001e40                Nvstore_Start
 .text.Nvstore_WriteBytes
                0x00001e48       0xc8 .\CortexM3\ARM_GCC_493\Debug\nvstore.o
                0x00001e48                Nvstore_WriteBytes
 .text.Nvstore_WriteUint16
                0x00001f10       0x28 .\CortexM3\ARM_GCC_493\Debug\nvstore.o
                0x00001f10                Nvstore_WriteUint16
 .text.Nvstore_WriteFloat
                0x00001f38       0x2c .\CortexM3\ARM_GCC_493\Debug\nvstore.o
                0x00001f38                Nvstore_WriteFloat
 *fill*         0x00001f64        0x4 
 .text.GetStepVelocity
                0x00001f68      0x118 .\CortexM3\ARM_GCC_493\Debug\calpid.o
 .text.ResetPidValidationVelocity
                0x00002080       0x10 .\CortexM3\ARM_GCC_493\Debug\calpid.o
 .text.GetNextValidationVelocity
                0x00002090       0x38 .\CortexM3\ARM_GCC_493\Debug\calpid.o
 .text.Results  0x000020c8       0x64 .\CortexM3\ARM_GCC_493\Debug\calpid.o
 .text.StoreLeftGains
                0x0000212c       0x3c .\CortexM3\ARM_GCC_493\Debug\calpid.o
 .text.StoreRightGains
                0x00002168       0x3c .\CortexM3\ARM_GCC_493\Debug\calpid.o
 .text.Stop     0x000021a4       0x8c .\CortexM3\ARM_GCC_493\Debug\calpid.o
 .text.SetNextValidationVelocity
                0x00002230       0x5c .\CortexM3\ARM_GCC_493\Debug\calpid.o
 .text.Update   0x0000228c       0x58 .\CortexM3\ARM_GCC_493\Debug\calpid.o
 .text.Start    0x000022e4       0xe4 .\CortexM3\ARM_GCC_493\Debug\calpid.o
 .text.Init     0x000023c8       0xd8 .\CortexM3\ARM_GCC_493\Debug\calpid.o
 .text.CalPid_Init
                0x000024a0       0x2c .\CortexM3\ARM_GCC_493\Debug\calpid.o
                0x000024a0                CalPid_Init
 .text.CalculatePwmSamples
                0x000024cc       0x44 .\CortexM3\ARM_GCC_493\Debug\calmotor.o
 .text.AddSamplesToSum
                0x00002510       0x24 .\CortexM3\ARM_GCC_493\Debug\calmotor.o
 .text.CalculateAvgCpsSamples
                0x00002534       0x20 .\CortexM3\ARM_GCC_493\Debug\calmotor.o
 .text.CalculateMinMaxCpsSample
                0x00002554       0x38 .\CortexM3\ARM_GCC_493\Debug\calmotor.o
 .text.GetNextCps
                0x0000258c       0x24 .\CortexM3\ARM_GCC_493\Debug\calmotor.o
 .text.Start    0x000025b0       0x24 .\CortexM3\ARM_GCC_493\Debug\calmotor.o
 .text.PrintAllMotorParams
                0x000025d4       0x64 .\CortexM3\ARM_GCC_493\Debug\calmotor.o
 .text.Results  0x00002638       0x28 .\CortexM3\ARM_GCC_493\Debug\calmotor.o
 .text.Stop     0x00002660       0x2c .\CortexM3\ARM_GCC_493\Debug\calmotor.o
 .text.CalcCpsAvgAtPwm
                0x0000268c       0x58 .\CortexM3\ARM_GCC_493\Debug\calmotor.o
 .text.CollectCpsSamples
                0x000026e4       0x60 .\CortexM3\ARM_GCC_493\Debug\calmotor.o
 .text.StoreWheelSpeedCalibration
                0x00002744       0x50 .\CortexM3\ARM_GCC_493\Debug\calmotor.o
 .text.CalibrateWheelSpeed
                0x00002794       0x88 .\CortexM3\ARM_GCC_493\Debug\calmotor.o
 .text.PrintWheelVelocity
                0x0000281c       0x40 .\CortexM3\ARM_GCC_493\Debug\calmotor.o
 .text.ValidateMotorCalibration
                0x0000285c       0xb0 .\CortexM3\ARM_GCC_493\Debug\calmotor.o
 .text.Update   0x0000290c       0xbc .\CortexM3\ARM_GCC_493\Debug\calmotor.o
 .text.Init     0x000029c8       0x50 .\CortexM3\ARM_GCC_493\Debug\calmotor.o
 .text.CalMotor_Init
                0x00002a18       0x40 .\CortexM3\ARM_GCC_493\Debug\calmotor.o
                0x00002a18                CalMotor_Init
 .text.DumpPid  0x00002a58      0x104 .\CortexM3\ARM_GCC_493\Debug\pidutil.o
                0x00002a58                DumpPid
 .text.SendRequest
                0x00002b5c       0x24 .\CortexM3\ARM_GCC_493\Debug\spi.o
 .text.ProcessResponse
                0x00002b80       0x38 .\CortexM3\ARM_GCC_493\Debug\spi.o
 .text.RecvResponse
                0x00002bb8       0x50 .\CortexM3\ARM_GCC_493\Debug\spi.o
 .text.Spi_Init
                0x00002c08        0x4 .\CortexM3\ARM_GCC_493\Debug\spi.o
                0x00002c08                Spi_Init
 .text.Spi_Start
                0x00002c0c       0x14 .\CortexM3\ARM_GCC_493\Debug\spi.o
                0x00002c0c                Spi_Start
 .text.Spi_Update
                0x00002c20       0x30 .\CortexM3\ARM_GCC_493\Debug\spi.o
                0x00002c20                Spi_Update
 .text.Results  0x00002c50       0x18 .\CortexM3\ARM_GCC_493\Debug\callin.o
 .text.Stop     0x00002c68       0xe0 .\CortexM3\ARM_GCC_493\Debug\callin.o
 .text.Update   0x00002d48       0x94 .\CortexM3\ARM_GCC_493\Debug\callin.o
 .text.Start    0x00002ddc       0x60 .\CortexM3\ARM_GCC_493\Debug\callin.o
 .text.Init     0x00002e3c       0x68 .\CortexM3\ARM_GCC_493\Debug\callin.o
 .text.CalLin_Init
                0x00002ea4       0x10 .\CortexM3\ARM_GCC_493\Debug\callin.o
                0x00002ea4                CalLin_Init
 .text.IntDefaultHandler
                0x00002eb4        0x4 .\CortexM3\ARM_GCC_493\Debug\Cm3Start.o
                0x00002eb4                IntDefaultHandler
 .text._exit    0x00002eb8        0xc .\CortexM3\ARM_GCC_493\Debug\Cm3Start.o
                0x00002eb8                _exit
 .text._sbrk    0x00002ec4       0x30 .\CortexM3\ARM_GCC_493\Debug\Cm3Start.o
                0x00002ec4                _sbrk
 .text.Start_c  0x00002ef4       0x4c .\CortexM3\ARM_GCC_493\Debug\Cm3Start.o
                0x00002ef4                Start_c
 .text.initialize_psoc
                0x00002f40       0x74 .\CortexM3\ARM_GCC_493\Debug\Cm3Start.o
                0x00002f40                initialize_psoc
 .text.cfg_write_bytes32
                0x00002fb4       0x34 .\CortexM3\ARM_GCC_493\Debug\freesoc.a(cyfitter_cfg.o)
 .text.AnalogSetDefault
                0x00002fe8       0x28 .\CortexM3\ARM_GCC_493\Debug\freesoc.a(cyfitter_cfg.o)
 .text.CYMEMZERO
                0x00003010        0xc .\CortexM3\ARM_GCC_493\Debug\freesoc.a(cyfitter_cfg.o)
 .text.ClockSetup
                0x0000301c       0xd0 .\CortexM3\ARM_GCC_493\Debug\freesoc.a(cyfitter_cfg.o)
 .text.CYCONFIGCPY
                0x000030ec        0x8 .\CortexM3\ARM_GCC_493\Debug\freesoc.a(cyfitter_cfg.o)
 .text.cyfitter_cfg
                0x000030f4      0x130 .\CortexM3\ARM_GCC_493\Debug\freesoc.a(cyfitter_cfg.o)
                0x000030f4                cyfitter_cfg
 .text.Left_HB25_Enable_Pin_Write
                0x00003224       0x18 .\CortexM3\ARM_GCC_493\Debug\freesoc.a(Left_HB25_Enable_Pin.o)
                0x00003224                Left_HB25_Enable_Pin_Write
 .text.Left_HB25_PWM_Stop
                0x0000323c        0x4 .\CortexM3\ARM_GCC_493\Debug\freesoc.a(Left_HB25_PWM.o)
                0x0000323c                Left_HB25_PWM_Stop
 .text.Left_HB25_PWM_WriteCounter
                0x00003240        0xc .\CortexM3\ARM_GCC_493\Debug\freesoc.a(Left_HB25_PWM.o)
                0x00003240                Left_HB25_PWM_WriteCounter
 .text.Left_HB25_PWM_WritePeriod
                0x0000324c        0xc .\CortexM3\ARM_GCC_493\Debug\freesoc.a(Left_HB25_PWM.o)
                0x0000324c                Left_HB25_PWM_WritePeriod
 .text.Left_HB25_PWM_WriteCompare
                0x00003258        0xc .\CortexM3\ARM_GCC_493\Debug\freesoc.a(Left_HB25_PWM.o)
                0x00003258                Left_HB25_PWM_WriteCompare
 .text.Left_HB25_PWM_Init
                0x00003264       0x34 .\CortexM3\ARM_GCC_493\Debug\freesoc.a(Left_HB25_PWM.o)
                0x00003264                Left_HB25_PWM_Init
 .text.Left_HB25_PWM_Start
                0x00003298       0x18 .\CortexM3\ARM_GCC_493\Debug\freesoc.a(Left_HB25_PWM.o)
                0x00003298                Left_HB25_PWM_Start
 .text.Left_HB25_PWM_ReadCompare
                0x000032b0        0xc .\CortexM3\ARM_GCC_493\Debug\freesoc.a(Left_HB25_PWM.o)
                0x000032b0                Left_HB25_PWM_ReadCompare
 .text.Right_HB25_Enable_Pin_Write
                0x000032bc       0x18 .\CortexM3\ARM_GCC_493\Debug\freesoc.a(Right_HB25_Enable_Pin.o)
                0x000032bc                Right_HB25_Enable_Pin_Write
 .text.Right_HB25_PWM_Stop
                0x000032d4        0x4 .\CortexM3\ARM_GCC_493\Debug\freesoc.a(Right_HB25_PWM.o)
                0x000032d4                Right_HB25_PWM_Stop
 .text.Right_HB25_PWM_WriteCounter
                0x000032d8        0xc .\CortexM3\ARM_GCC_493\Debug\freesoc.a(Right_HB25_PWM.o)
                0x000032d8                Right_HB25_PWM_WriteCounter
 .text.Right_HB25_PWM_WritePeriod
                0x000032e4        0xc .\CortexM3\ARM_GCC_493\Debug\freesoc.a(Right_HB25_PWM.o)
                0x000032e4                Right_HB25_PWM_WritePeriod
 .text.Right_HB25_PWM_WriteCompare
                0x000032f0        0xc .\CortexM3\ARM_GCC_493\Debug\freesoc.a(Right_HB25_PWM.o)
                0x000032f0                Right_HB25_PWM_WriteCompare
 .text.Right_HB25_PWM_Init
                0x000032fc       0x34 .\CortexM3\ARM_GCC_493\Debug\freesoc.a(Right_HB25_PWM.o)
                0x000032fc                Right_HB25_PWM_Init
 .text.Right_HB25_PWM_Start
                0x00003330       0x18 .\CortexM3\ARM_GCC_493\Debug\freesoc.a(Right_HB25_PWM.o)
                0x00003330                Right_HB25_PWM_Start
 .text.Right_HB25_PWM_ReadCompare
                0x00003348        0xc .\CortexM3\ARM_GCC_493\Debug\freesoc.a(Right_HB25_PWM.o)
                0x00003348                Right_HB25_PWM_ReadCompare
 *fill*         0x00003354        0x4 
 .text          0x00003358       0x20 .\CortexM3\ARM_GCC_493\Debug\freesoc.a(CyBootAsmGnu.o)
                0x00003358                CyDelayCycles
                0x00003368                CyEnterCriticalSection
                0x00003370                CyExitCriticalSection
 .text.CyHalt   0x00003378        0x4 .\CortexM3\ARM_GCC_493\Debug\freesoc.a(CyLib.o)
                0x00003378                CyHalt
 .text.CyDelay  0x0000337c       0x2c .\CortexM3\ARM_GCC_493\Debug\freesoc.a(CyLib.o)
                0x0000337c                CyDelay
 .text.CyDelayUs
                0x000033a8       0x14 .\CortexM3\ARM_GCC_493\Debug\freesoc.a(CyLib.o)
                0x000033a8                CyDelayUs
 .text.CyIntSetSysVector
                0x000033bc       0x28 .\CortexM3\ARM_GCC_493\Debug\freesoc.a(CyLib.o)
                0x000033bc                CyIntSetSysVector
 .text.CyIntSetVector
                0x000033e4       0x28 .\CortexM3\ARM_GCC_493\Debug\freesoc.a(CyLib.o)
                0x000033e4                CyIntSetVector
 .text.CyIntSetPriority
                0x0000340c       0x30 .\CortexM3\ARM_GCC_493\Debug\freesoc.a(CyLib.o)
                0x0000340c                CyIntSetPriority
 .text.CySysTickEnableInterrupt
                0x0000343c       0x10 .\CortexM3\ARM_GCC_493\Debug\freesoc.a(CyLib.o)
                0x0000343c                CySysTickEnableInterrupt
 .text.CySysTickEnable
                0x0000344c       0x18 .\CortexM3\ARM_GCC_493\Debug\freesoc.a(CyLib.o)
                0x0000344c                CySysTickEnable
 .text.CySysTickSetReload
                0x00003464       0x10 .\CortexM3\ARM_GCC_493\Debug\freesoc.a(CyLib.o)
                0x00003464                CySysTickSetReload
 .text.CySysTickSetClockSource
                0x00003474       0x20 .\CortexM3\ARM_GCC_493\Debug\freesoc.a(CyLib.o)
                0x00003474                CySysTickSetClockSource
 .text.CySysTickGetCountFlag
                0x00003494       0x10 .\CortexM3\ARM_GCC_493\Debug\freesoc.a(CyLib.o)
                0x00003494                CySysTickGetCountFlag
 .text.CySysTickServiceCallbacks
                0x000034a4       0x28 .\CortexM3\ARM_GCC_493\Debug\freesoc.a(CyLib.o)
 .text.CySysTickClear
                0x000034cc        0xc .\CortexM3\ARM_GCC_493\Debug\freesoc.a(CyLib.o)
                0x000034cc                CySysTickClear
 .text.CySysTickInit
                0x000034d8       0x58 .\CortexM3\ARM_GCC_493\Debug\freesoc.a(CyLib.o)
                0x000034d8                CySysTickInit
 .text.CySysTickStart
                0x00003530       0x1c .\CortexM3\ARM_GCC_493\Debug\freesoc.a(CyLib.o)
                0x00003530                CySysTickStart
 .text.CySysTickSetCallback
                0x0000354c       0x10 .\CortexM3\ARM_GCC_493\Debug\freesoc.a(CyLib.o)
                0x0000354c                CySysTickSetCallback
 .text.CySysTickGetCallback
                0x0000355c       0x10 .\CortexM3\ARM_GCC_493\Debug\freesoc.a(CyLib.o)
                0x0000355c                CySysTickGetCallback
 .text.CyGetUniqueId
                0x0000356c       0x70 .\CortexM3\ARM_GCC_493\Debug\freesoc.a(CyLib.o)
                0x0000356c                CyGetUniqueId
 .text.EZI2C_Slave_Init
                0x000035dc       0x70 .\CortexM3\ARM_GCC_493\Debug\freesoc.a(EZI2C_Slave.o)
                0x000035dc                EZI2C_Slave_Init
 .text.EZI2C_Slave_Enable
                0x0000364c       0x30 .\CortexM3\ARM_GCC_493\Debug\freesoc.a(EZI2C_Slave.o)
                0x0000364c                EZI2C_Slave_Enable
 .text.EZI2C_Slave_Start
                0x0000367c       0x1c .\CortexM3\ARM_GCC_493\Debug\freesoc.a(EZI2C_Slave.o)
                0x0000367c                EZI2C_Slave_Start
 .text.EZI2C_Slave_GetActivity
                0x00003698       0x28 .\CortexM3\ARM_GCC_493\Debug\freesoc.a(EZI2C_Slave.o)
                0x00003698                EZI2C_Slave_GetActivity
 .text.EZI2C_Slave_SetBuffer1
                0x000036c0       0x50 .\CortexM3\ARM_GCC_493\Debug\freesoc.a(EZI2C_Slave.o)
                0x000036c0                EZI2C_Slave_SetBuffer1
 .text.EZI2C_Slave_ISR
                0x00003710      0x1c4 .\CortexM3\ARM_GCC_493\Debug\freesoc.a(EZI2C_Slave_INT.o)
                0x00003710                EZI2C_Slave_ISR
 .text.Mainloop_Pin_Write
                0x000038d4       0x18 .\CortexM3\ARM_GCC_493\Debug\freesoc.a(Mainloop_Pin.o)
                0x000038d4                Mainloop_Pin_Write
 .text.EEPROM_Enable
                0x000038ec        0xc .\CortexM3\ARM_GCC_493\Debug\freesoc.a(EEPROM.o)
                0x000038ec                EEPROM_Enable
 .text.EEPROM_Start
                0x000038f8        0x8 .\CortexM3\ARM_GCC_493\Debug\freesoc.a(EEPROM.o)
                0x000038f8                EEPROM_Start
 .text.EEPROM_WriteByte
                0x00003900       0xd4 .\CortexM3\ARM_GCC_493\Debug\freesoc.a(EEPROM.o)
                0x00003900                EEPROM_WriteByte
 .text.EEPROM_Write
                0x000039d4       0xb4 .\CortexM3\ARM_GCC_493\Debug\freesoc.a(EEPROM.o)
                0x000039d4                EEPROM_Write
 .text.Right_QuadDec_Init
                0x00003a88       0x24 .\CortexM3\ARM_GCC_493\Debug\freesoc.a(Right_QuadDec.o)
                0x00003a88                Right_QuadDec_Init
 .text.Right_QuadDec_GetCounter
                0x00003aac       0x2c .\CortexM3\ARM_GCC_493\Debug\freesoc.a(Right_QuadDec.o)
                0x00003aac                Right_QuadDec_GetCounter
 .text.Right_QuadDec_SetCounter
                0x00003ad8       0x28 .\CortexM3\ARM_GCC_493\Debug\freesoc.a(Right_QuadDec.o)
                0x00003ad8                Right_QuadDec_SetCounter
 .text.Right_QuadDec_GetEvents
                0x00003b00       0x10 .\CortexM3\ARM_GCC_493\Debug\freesoc.a(Right_QuadDec.o)
                0x00003b00                Right_QuadDec_GetEvents
 .text.Right_QuadDec_SetInterruptMask
                0x00003b10       0x10 .\CortexM3\ARM_GCC_493\Debug\freesoc.a(Right_QuadDec.o)
                0x00003b10                Right_QuadDec_SetInterruptMask
 .text.Right_QuadDec_Enable
                0x00003b20       0x30 .\CortexM3\ARM_GCC_493\Debug\freesoc.a(Right_QuadDec.o)
                0x00003b20                Right_QuadDec_Enable
 .text.Right_QuadDec_Start
                0x00003b50       0x34 .\CortexM3\ARM_GCC_493\Debug\freesoc.a(Right_QuadDec.o)
                0x00003b50                Right_QuadDec_Start
 .text.Right_QuadDec_ISR
                0x00003b84       0x40 .\CortexM3\ARM_GCC_493\Debug\freesoc.a(Right_QuadDec_INT.o)
                0x00003b84                Right_QuadDec_ISR
 .text.Right_QuadDec_Cnt16_Enable
                0x00003bc4       0x10 .\CortexM3\ARM_GCC_493\Debug\freesoc.a(Right_QuadDec_Cnt16.o)
                0x00003bc4                Right_QuadDec_Cnt16_Enable
 .text.Right_QuadDec_Cnt16_SetInterruptMode
                0x00003bd4        0xc .\CortexM3\ARM_GCC_493\Debug\freesoc.a(Right_QuadDec_Cnt16.o)
                0x00003bd4                Right_QuadDec_Cnt16_SetInterruptMode
 .text.Right_QuadDec_Cnt16_ReadStatusRegister
                0x00003be0        0xc .\CortexM3\ARM_GCC_493\Debug\freesoc.a(Right_QuadDec_Cnt16.o)
                0x00003be0                Right_QuadDec_Cnt16_ReadStatusRegister
 .text.Right_QuadDec_Cnt16_WriteCounter
                0x00003bec        0xc .\CortexM3\ARM_GCC_493\Debug\freesoc.a(Right_QuadDec_Cnt16.o)
                0x00003bec                Right_QuadDec_Cnt16_WriteCounter
 .text.Right_QuadDec_Cnt16_ReadCounter
                0x00003bf8       0x14 .\CortexM3\ARM_GCC_493\Debug\freesoc.a(Right_QuadDec_Cnt16.o)
                0x00003bf8                Right_QuadDec_Cnt16_ReadCounter
 .text.Right_QuadDec_Cnt16_ReadCapture
                0x00003c0c        0xc .\CortexM3\ARM_GCC_493\Debug\freesoc.a(Right_QuadDec_Cnt16.o)
                0x00003c0c                Right_QuadDec_Cnt16_ReadCapture
 .text.Right_QuadDec_Cnt16_WritePeriod
                0x00003c18        0xc .\CortexM3\ARM_GCC_493\Debug\freesoc.a(Right_QuadDec_Cnt16.o)
                0x00003c18                Right_QuadDec_Cnt16_WritePeriod
 .text.Right_QuadDec_Cnt16_WriteCompare
                0x00003c24        0xc .\CortexM3\ARM_GCC_493\Debug\freesoc.a(Right_QuadDec_Cnt16.o)
                0x00003c24                Right_QuadDec_Cnt16_WriteCompare
 .text.Right_QuadDec_Cnt16_ClearFIFO
                0x00003c30       0x14 .\CortexM3\ARM_GCC_493\Debug\freesoc.a(Right_QuadDec_Cnt16.o)
                0x00003c30                Right_QuadDec_Cnt16_ClearFIFO
 .text.Right_QuadDec_Cnt16_Init
                0x00003c44       0x58 .\CortexM3\ARM_GCC_493\Debug\freesoc.a(Right_QuadDec_Cnt16.o)
                0x00003c44                Right_QuadDec_Cnt16_Init
 .text.Right_QuadDec_Cnt16_Start
                0x00003c9c       0x1c .\CortexM3\ARM_GCC_493\Debug\freesoc.a(Right_QuadDec_Cnt16.o)
                0x00003c9c                Right_QuadDec_Cnt16_Start
 .text.Left_QuadDec_Init
                0x00003cb8       0x24 .\CortexM3\ARM_GCC_493\Debug\freesoc.a(Left_QuadDec.o)
                0x00003cb8                Left_QuadDec_Init
 .text.Left_QuadDec_GetCounter
                0x00003cdc       0x2c .\CortexM3\ARM_GCC_493\Debug\freesoc.a(Left_QuadDec.o)
                0x00003cdc                Left_QuadDec_GetCounter
 .text.Left_QuadDec_SetCounter
                0x00003d08       0x28 .\CortexM3\ARM_GCC_493\Debug\freesoc.a(Left_QuadDec.o)
                0x00003d08                Left_QuadDec_SetCounter
 .text.Left_QuadDec_GetEvents
                0x00003d30       0x10 .\CortexM3\ARM_GCC_493\Debug\freesoc.a(Left_QuadDec.o)
                0x00003d30                Left_QuadDec_GetEvents
 .text.Left_QuadDec_SetInterruptMask
                0x00003d40       0x10 .\CortexM3\ARM_GCC_493\Debug\freesoc.a(Left_QuadDec.o)
                0x00003d40                Left_QuadDec_SetInterruptMask
 .text.Left_QuadDec_Enable
                0x00003d50       0x30 .\CortexM3\ARM_GCC_493\Debug\freesoc.a(Left_QuadDec.o)
                0x00003d50                Left_QuadDec_Enable
 .text.Left_QuadDec_Start
                0x00003d80       0x34 .\CortexM3\ARM_GCC_493\Debug\freesoc.a(Left_QuadDec.o)
                0x00003d80                Left_QuadDec_Start
 .text.Left_QuadDec_ISR
                0x00003db4       0x40 .\CortexM3\ARM_GCC_493\Debug\freesoc.a(Left_QuadDec_INT.o)
                0x00003db4                Left_QuadDec_ISR
 .text.Left_QuadDec_Cnt16_Enable
                0x00003df4       0x10 .\CortexM3\ARM_GCC_493\Debug\freesoc.a(Left_QuadDec_Cnt16.o)
                0x00003df4                Left_QuadDec_Cnt16_Enable
 .text.Left_QuadDec_Cnt16_SetInterruptMode
                0x00003e04        0xc .\CortexM3\ARM_GCC_493\Debug\freesoc.a(Left_QuadDec_Cnt16.o)
                0x00003e04                Left_QuadDec_Cnt16_SetInterruptMode
 .text.Left_QuadDec_Cnt16_ReadStatusRegister
                0x00003e10        0xc .\CortexM3\ARM_GCC_493\Debug\freesoc.a(Left_QuadDec_Cnt16.o)
                0x00003e10                Left_QuadDec_Cnt16_ReadStatusRegister
 .text.Left_QuadDec_Cnt16_WriteCounter
                0x00003e1c        0xc .\CortexM3\ARM_GCC_493\Debug\freesoc.a(Left_QuadDec_Cnt16.o)
                0x00003e1c                Left_QuadDec_Cnt16_WriteCounter
 .text.Left_QuadDec_Cnt16_ReadCounter
                0x00003e28       0x14 .\CortexM3\ARM_GCC_493\Debug\freesoc.a(Left_QuadDec_Cnt16.o)
                0x00003e28                Left_QuadDec_Cnt16_ReadCounter
 .text.Left_QuadDec_Cnt16_ReadCapture
                0x00003e3c        0xc .\CortexM3\ARM_GCC_493\Debug\freesoc.a(Left_QuadDec_Cnt16.o)
                0x00003e3c                Left_QuadDec_Cnt16_ReadCapture
 .text.Left_QuadDec_Cnt16_WritePeriod
                0x00003e48        0xc .\CortexM3\ARM_GCC_493\Debug\freesoc.a(Left_QuadDec_Cnt16.o)
                0x00003e48                Left_QuadDec_Cnt16_WritePeriod
 .text.Left_QuadDec_Cnt16_WriteCompare
                0x00003e54        0xc .\CortexM3\ARM_GCC_493\Debug\freesoc.a(Left_QuadDec_Cnt16.o)
                0x00003e54                Left_QuadDec_Cnt16_WriteCompare
 .text.Left_QuadDec_Cnt16_ClearFIFO
                0x00003e60       0x14 .\CortexM3\ARM_GCC_493\Debug\freesoc.a(Left_QuadDec_Cnt16.o)
                0x00003e60                Left_QuadDec_Cnt16_ClearFIFO
 .text.Left_QuadDec_Cnt16_Init
                0x00003e74       0x58 .\CortexM3\ARM_GCC_493\Debug\freesoc.a(Left_QuadDec_Cnt16.o)
                0x00003e74                Left_QuadDec_Cnt16_Init
 .text.Left_QuadDec_Cnt16_Start
                0x00003ecc       0x1c .\CortexM3\ARM_GCC_493\Debug\freesoc.a(Left_QuadDec_Cnt16.o)
                0x00003ecc                Left_QuadDec_Cnt16_Start
 .text.USBUART_Init
                0x00003ee8      0x140 .\CortexM3\ARM_GCC_493\Debug\freesoc.a(USBUART.o)
                0x00003ee8                USBUART_Init
 .text.USBUART_InitComponent
                0x00004028       0xd0 .\CortexM3\ARM_GCC_493\Debug\freesoc.a(USBUART.o)
                0x00004028                USBUART_InitComponent
 .text.USBUART_Start
                0x000040f8       0x24 .\CortexM3\ARM_GCC_493\Debug\freesoc.a(USBUART.o)
                0x000040f8                USBUART_Start
 .text.USBUART_ReInitComponent
                0x0000411c       0x64 .\CortexM3\ARM_GCC_493\Debug\freesoc.a(USBUART.o)
                0x0000411c                USBUART_ReInitComponent
 .text.USBUART_GetConfiguration
                0x00004180        0xc .\CortexM3\ARM_GCC_493\Debug\freesoc.a(USBUART.o)
                0x00004180                USBUART_GetConfiguration
 .text.USBUART_IsConfigurationChanged
                0x0000418c       0x20 .\CortexM3\ARM_GCC_493\Debug\freesoc.a(USBUART.o)
                0x0000418c                USBUART_IsConfigurationChanged
 .text.USBUART_GetEPState
                0x000041ac       0x14 .\CortexM3\ARM_GCC_493\Debug\freesoc.a(USBUART.o)
                0x000041ac                USBUART_GetEPState
 .text.USBUART_GetEPCount
                0x000041c0       0x28 .\CortexM3\ARM_GCC_493\Debug\freesoc.a(USBUART.o)
                0x000041c0                USBUART_GetEPCount
 .text.USBUART_LoadInEP
                0x000041e8       0x94 .\CortexM3\ARM_GCC_493\Debug\freesoc.a(USBUART.o)
                0x000041e8                USBUART_LoadInEP
 .text.USBUART_EnableOutEP
                0x0000427c       0x2c .\CortexM3\ARM_GCC_493\Debug\freesoc.a(USBUART.o)
                0x0000427c                USBUART_EnableOutEP
 .text.USBUART_ReadOutEP
                0x000042a8       0x50 .\CortexM3\ARM_GCC_493\Debug\freesoc.a(USBUART.o)
                0x000042a8                USBUART_ReadOutEP
 .text.USBUART_StrLen
                0x000042f8       0x14 .\CortexM3\ARM_GCC_493\Debug\freesoc.a(USBUART_cdc.o)
 .text.USBUART_GetInterfaceComPort
                0x0000430c       0x3c .\CortexM3\ARM_GCC_493\Debug\freesoc.a(USBUART_cdc.o)
                0x0000430c                USBUART_GetInterfaceComPort
 .text.USBUART_DispatchCDCClassRqst
                0x00004348       0x98 .\CortexM3\ARM_GCC_493\Debug\freesoc.a(USBUART_cdc.o)
                0x00004348                USBUART_DispatchCDCClassRqst
 .text.USBUART_CDC_Init
                0x000043e0       0x98 .\CortexM3\ARM_GCC_493\Debug\freesoc.a(USBUART_cdc.o)
                0x000043e0                USBUART_CDC_Init
 .text.USBUART_PutString
                0x00004478       0x9c .\CortexM3\ARM_GCC_493\Debug\freesoc.a(USBUART_cdc.o)
                0x00004478                USBUART_PutString
 .text.USBUART_PutChar
                0x00004514       0x28 .\CortexM3\ARM_GCC_493\Debug\freesoc.a(USBUART_cdc.o)
                0x00004514                USBUART_PutChar
 .text.USBUART_DataIsReady
                0x0000453c       0x18 .\CortexM3\ARM_GCC_493\Debug\freesoc.a(USBUART_cdc.o)
                0x0000453c                USBUART_DataIsReady
 .text.USBUART_CDCIsReady
                0x00004554       0x18 .\CortexM3\ARM_GCC_493\Debug\freesoc.a(USBUART_cdc.o)
                0x00004554                USBUART_CDCIsReady
 .text.USBUART_GetChar
                0x0000456c       0x28 .\CortexM3\ARM_GCC_493\Debug\freesoc.a(USBUART_cdc.o)
                0x0000456c                USBUART_GetChar
 .text.USBUART_Cdc_EpInit
                0x00004594       0x50 .\CortexM3\ARM_GCC_493\Debug\freesoc.a(USBUART_cdc.o)
                0x00004594                USBUART_Cdc_EpInit
 .text.USBUART_LoadEP0
                0x000045e4       0x94 .\CortexM3\ARM_GCC_493\Debug\freesoc.a(USBUART_drv.o)
                0x000045e4                USBUART_LoadEP0
 .text.USBUART_InitZeroLengthControlTransfer
                0x00004678       0x34 .\CortexM3\ARM_GCC_493\Debug\freesoc.a(USBUART_drv.o)
                0x00004678                USBUART_InitZeroLengthControlTransfer
 .text.USBUART_ControlReadDataStage
                0x000046ac        0x8 .\CortexM3\ARM_GCC_493\Debug\freesoc.a(USBUART_drv.o)
                0x000046ac                USBUART_ControlReadDataStage
 .text.USBUART_ControlWriteDataStage
                0x000046b4       0x80 .\CortexM3\ARM_GCC_493\Debug\freesoc.a(USBUART_drv.o)
                0x000046b4                USBUART_ControlWriteDataStage
 .text.USBUART_InitNoDataControlTransfer
                0x00004734       0x2c .\CortexM3\ARM_GCC_493\Debug\freesoc.a(USBUART_drv.o)
                0x00004734                USBUART_InitNoDataControlTransfer
 .text.USBUART_UpdateStatusBlock
                0x00004760       0x24 .\CortexM3\ARM_GCC_493\Debug\freesoc.a(USBUART_drv.o)
                0x00004760                USBUART_UpdateStatusBlock
 .text.USBUART_HandleSetup
                0x00004784       0x5c .\CortexM3\ARM_GCC_493\Debug\freesoc.a(USBUART_drv.o)
                0x00004784                USBUART_HandleSetup
 .text.USBUART_ControlReadStatusStage
                0x000047e0       0x34 .\CortexM3\ARM_GCC_493\Debug\freesoc.a(USBUART_drv.o)
                0x000047e0                USBUART_ControlReadStatusStage
 .text.USBUART_HandleOUT
                0x00004814       0x38 .\CortexM3\ARM_GCC_493\Debug\freesoc.a(USBUART_drv.o)
                0x00004814                USBUART_HandleOUT
 .text.USBUART_ControlWriteStatusStage
                0x0000484c       0x20 .\CortexM3\ARM_GCC_493\Debug\freesoc.a(USBUART_drv.o)
                0x0000484c                USBUART_ControlWriteStatusStage
 .text.USBUART_NoDataControlStatusStage
                0x0000486c       0x40 .\CortexM3\ARM_GCC_493\Debug\freesoc.a(USBUART_drv.o)
                0x0000486c                USBUART_NoDataControlStatusStage
 .text.USBUART_HandleIN
                0x000048ac       0x2c .\CortexM3\ARM_GCC_493\Debug\freesoc.a(USBUART_drv.o)
                0x000048ac                USBUART_HandleIN
 .text.USBUART_EP_0_ISR
                0x000048d8       0xb8 .\CortexM3\ARM_GCC_493\Debug\freesoc.a(USBUART_drv.o)
                0x000048d8                USBUART_EP_0_ISR
 .text.USBUART_InitializeStatusBlock
                0x00004990       0x24 .\CortexM3\ARM_GCC_493\Debug\freesoc.a(USBUART_drv.o)
                0x00004990                USBUART_InitializeStatusBlock
 .text.USBUART_InitControlRead
                0x000049b4       0x50 .\CortexM3\ARM_GCC_493\Debug\freesoc.a(USBUART_drv.o)
                0x000049b4                USBUART_InitControlRead
 .text.USBUART_InitControlWrite
                0x00004a04       0x48 .\CortexM3\ARM_GCC_493\Debug\freesoc.a(USBUART_drv.o)
                0x00004a04                USBUART_InitControlWrite
 .text.USBUART_EP_1_ISR
                0x00004a4c       0x38 .\CortexM3\ARM_GCC_493\Debug\freesoc.a(USBUART_episr.o)
                0x00004a4c                USBUART_EP_1_ISR
 .text.USBUART_EP_2_ISR
                0x00004a84       0x3c .\CortexM3\ARM_GCC_493\Debug\freesoc.a(USBUART_episr.o)
                0x00004a84                USBUART_EP_2_ISR
 .text.USBUART_EP_3_ISR
                0x00004ac0       0x44 .\CortexM3\ARM_GCC_493\Debug\freesoc.a(USBUART_episr.o)
                0x00004ac0                USBUART_EP_3_ISR
 .text.USBUART_SOF_ISR
                0x00004b04        0x4 .\CortexM3\ARM_GCC_493\Debug\freesoc.a(USBUART_episr.o)
                0x00004b04                USBUART_SOF_ISR
 .text.USBUART_BUS_RESET_ISR
                0x00004b08        0x8 .\CortexM3\ARM_GCC_493\Debug\freesoc.a(USBUART_episr.o)
                0x00004b08                USBUART_BUS_RESET_ISR
 .text.USBUART_FindHidClassDecriptor
                0x00004b10       0x40 .\CortexM3\ARM_GCC_493\Debug\freesoc.a(USBUART_hid.o)
                0x00004b10                USBUART_FindHidClassDecriptor
 .text.USBUART_FindReportDescriptor
                0x00004b50       0x48 .\CortexM3\ARM_GCC_493\Debug\freesoc.a(USBUART_hid.o)
                0x00004b50                USBUART_FindReportDescriptor
 .text.USBUART_FindReport
                0x00004b98       0x7c .\CortexM3\ARM_GCC_493\Debug\freesoc.a(USBUART_hid.o)
                0x00004b98                USBUART_FindReport
 .text.USBUART_DispatchHIDClassRqst
                0x00004c14      0x184 .\CortexM3\ARM_GCC_493\Debug\freesoc.a(USBUART_hid.o)
                0x00004c14                USBUART_DispatchHIDClassRqst
 .text.USBUART_DP_ISR
                0x00004d98        0x8 .\CortexM3\ARM_GCC_493\Debug\freesoc.a(USBUART_pm.o)
                0x00004d98                USBUART_DP_ISR
 .text.USBUART_ReadDieID
                0x00004da0       0x6c .\CortexM3\ARM_GCC_493\Debug\freesoc.a(USBUART_std.o)
                0x00004da0                USBUART_ReadDieID
 .text.USBUART_ConfigReg
                0x00004e0c       0xa4 .\CortexM3\ARM_GCC_493\Debug\freesoc.a(USBUART_std.o)
                0x00004e0c                USBUART_ConfigReg
 .text.USBUART_GetConfigTablePtr
                0x00004eb0       0x28 .\CortexM3\ARM_GCC_493\Debug\freesoc.a(USBUART_std.o)
                0x00004eb0                USBUART_GetConfigTablePtr
 .text.USBUART_ConfigAltChanged
                0x00004ed8      0x11c .\CortexM3\ARM_GCC_493\Debug\freesoc.a(USBUART_std.o)
                0x00004ed8                USBUART_ConfigAltChanged
 .text.USBUART_GetDeviceTablePtr
                0x00004ff4       0x18 .\CortexM3\ARM_GCC_493\Debug\freesoc.a(USBUART_std.o)
                0x00004ff4                USBUART_GetDeviceTablePtr
 .text.USBUART_GetInterfaceClassTablePtr
                0x0000500c       0x24 .\CortexM3\ARM_GCC_493\Debug\freesoc.a(USBUART_std.o)
                0x0000500c                USBUART_GetInterfaceClassTablePtr
 .text.USBUART_Config
                0x00005030      0x1dc .\CortexM3\ARM_GCC_493\Debug\freesoc.a(USBUART_std.o)
                0x00005030                USBUART_Config
 .text.USBUART_SetEndpointHalt
                0x0000520c       0x64 .\CortexM3\ARM_GCC_493\Debug\freesoc.a(USBUART_std.o)
                0x0000520c                USBUART_SetEndpointHalt
 .text.USBUART_ClearEndpointHalt
                0x00005270       0xa8 .\CortexM3\ARM_GCC_493\Debug\freesoc.a(USBUART_std.o)
                0x00005270                USBUART_ClearEndpointHalt
 .text.USBUART_ValidateAlternateSetting
                0x00005318       0x4c .\CortexM3\ARM_GCC_493\Debug\freesoc.a(USBUART_std.o)
                0x00005318                USBUART_ValidateAlternateSetting
 .text.USBUART_HandleStandardRqst
                0x00005364      0x35c .\CortexM3\ARM_GCC_493\Debug\freesoc.a(USBUART_std.o)
                0x00005364                USBUART_HandleStandardRqst
 .text.USBUART_HandleVendorRqst
                0x000056c0       0x3c .\CortexM3\ARM_GCC_493\Debug\freesoc.a(USBUART_vnd.o)
                0x000056c0                USBUART_HandleVendorRqst
 .text.USBUART_Dp_ClearInterrupt
                0x000056fc       0x10 .\CortexM3\ARM_GCC_493\Debug\freesoc.a(USBUART_Dp.o)
                0x000056fc                USBUART_Dp_ClearInterrupt
 .text.SPIM_EnableRxInt
                0x0000570c        0xc .\CortexM3\ARM_GCC_493\Debug\freesoc.a(SPIM.o)
                0x0000570c                SPIM_EnableRxInt
 .text.SPIM_Enable
                0x00005718       0x38 .\CortexM3\ARM_GCC_493\Debug\freesoc.a(SPIM.o)
                0x00005718                SPIM_Enable
 .text.SPIM_DisableRxInt
                0x00005750        0xc .\CortexM3\ARM_GCC_493\Debug\freesoc.a(SPIM.o)
                0x00005750                SPIM_DisableRxInt
 .text.SPIM_ReadTxStatus
                0x0000575c        0xc .\CortexM3\ARM_GCC_493\Debug\freesoc.a(SPIM.o)
                0x0000575c                SPIM_ReadTxStatus
 .text.SPIM_ReadRxStatus
                0x00005768       0x28 .\CortexM3\ARM_GCC_493\Debug\freesoc.a(SPIM.o)
                0x00005768                SPIM_ReadRxStatus
 .text.SPIM_WriteTxData
                0x00005790       0x18 .\CortexM3\ARM_GCC_493\Debug\freesoc.a(SPIM.o)
                0x00005790                SPIM_WriteTxData
 .text.SPIM_ReadRxData
                0x000057a8       0x64 .\CortexM3\ARM_GCC_493\Debug\freesoc.a(SPIM.o)
                0x000057a8                SPIM_ReadRxData
 .text.SPIM_GetTxBufferSize
                0x0000580c       0x24 .\CortexM3\ARM_GCC_493\Debug\freesoc.a(SPIM.o)
                0x0000580c                SPIM_GetTxBufferSize
 .text.SPIM_ClearRxBuffer
                0x00005830       0x40 .\CortexM3\ARM_GCC_493\Debug\freesoc.a(SPIM.o)
                0x00005830                SPIM_ClearRxBuffer
 .text.SPIM_ClearTxBuffer
                0x00005870       0x24 .\CortexM3\ARM_GCC_493\Debug\freesoc.a(SPIM.o)
                0x00005870                SPIM_ClearTxBuffer
 .text.SPIM_PutArray
                0x00005894       0x20 .\CortexM3\ARM_GCC_493\Debug\freesoc.a(SPIM.o)
                0x00005894                SPIM_PutArray
 .text.SPIM_ClearFIFO
                0x000058b4       0x3c .\CortexM3\ARM_GCC_493\Debug\freesoc.a(SPIM.o)
                0x000058b4                SPIM_ClearFIFO
 .text.SPIM_Init
                0x000058f0       0x64 .\CortexM3\ARM_GCC_493\Debug\freesoc.a(SPIM.o)
                0x000058f0                SPIM_Init
 .text.SPIM_Start
                0x00005954       0x1c .\CortexM3\ARM_GCC_493\Debug\freesoc.a(SPIM.o)
                0x00005954                SPIM_Start
 .text.SPIM_RX_ISR
                0x00005970       0xa0 .\CortexM3\ARM_GCC_493\Debug\freesoc.a(SPIM_INT.o)
                0x00005970                SPIM_RX_ISR
 .text.Slave_Select_Write
                0x00005a10        0xc .\CortexM3\ARM_GCC_493\Debug\freesoc.a(Slave_Select.o)
                0x00005a10                Slave_Select_Write
 .text.CyFlashGetSpcAlgorithm
                0x00005a1c       0x4c .\CortexM3\ARM_GCC_493\Debug\freesoc.a(CyFlash.o)
 .text.CySetTempInt
                0x00005a68       0x60 .\CortexM3\ARM_GCC_493\Debug\freesoc.a(CyFlash.o)
 .text.CySetTemp
                0x00005ac8       0x14 .\CortexM3\ARM_GCC_493\Debug\freesoc.a(CyFlash.o)
                0x00005ac8                CySetTemp
 .text.CyEEPROM_Start
                0x00005adc       0x54 .\CortexM3\ARM_GCC_493\Debug\freesoc.a(CyFlash.o)
                0x00005adc                CyEEPROM_Start
 .text.CySpcStart
                0x00005b30       0x24 .\CortexM3\ARM_GCC_493\Debug\freesoc.a(CySpc.o)
                0x00005b30                CySpcStart
 .text.CySpcReadData
                0x00005b54       0x34 .\CortexM3\ARM_GCC_493\Debug\freesoc.a(CySpc.o)
                0x00005b54                CySpcReadData
 .text.CySpcLoadMultiByte
                0x00005b88       0x78 .\CortexM3\ARM_GCC_493\Debug\freesoc.a(CySpc.o)
                0x00005b88                CySpcLoadMultiByte
 .text.CySpcLoadRow
                0x00005c00       0x54 .\CortexM3\ARM_GCC_493\Debug\freesoc.a(CySpc.o)
                0x00005c00                CySpcLoadRow
 .text.CySpcWriteRow
                0x00005c54       0x4c .\CortexM3\ARM_GCC_493\Debug\freesoc.a(CySpc.o)
                0x00005c54                CySpcWriteRow
 .text.CySpcGetTemp
                0x00005ca0       0x3c .\CortexM3\ARM_GCC_493\Debug\freesoc.a(CySpc.o)
                0x00005ca0                CySpcGetTemp
 .text.CySpcLock
                0x00005cdc       0x4c .\CortexM3\ARM_GCC_493\Debug\freesoc.a(CySpc.o)
                0x00005cdc                CySpcLock
 .text.CySpcUnlock
                0x00005d28       0x38 .\CortexM3\ARM_GCC_493\Debug\freesoc.a(CySpc.o)
                0x00005d28                CySpcUnlock
 .text.CySpcGetAlgorithm
                0x00005d60       0x28 .\CortexM3\ARM_GCC_493\Debug\freesoc.a(CySpc.o)
                0x00005d60                CySpcGetAlgorithm
 .text.USBUART_DispatchClassRqst
                0x00005d88       0x60 .\CortexM3\ARM_GCC_493\Debug\freesoc.a(USBUART_cls.o)
                0x00005d88                USBUART_DispatchClassRqst
 .text.__fpclassifyf
                0x00005de8       0x34 c:/program files (x86)/cypress/psoc creator/3.3/psoc creator/import/gnu/arm/4.9.3/bin/../lib/gcc/arm-none-eabi/4.9.3/../../../../arm-none-eabi/lib/armv7-m\libm.a(lib_a-sf_fpclassify.o)
                0x00005de8                __fpclassifyf
 .text.pow      0x00005e1c      0x2f0 c:/program files (x86)/cypress/psoc creator/3.3/psoc creator/import/gnu/arm/4.9.3/bin/../lib/gcc/arm-none-eabi/4.9.3/../../../../arm-none-eabi/lib/armv7-m\libm.a(lib_a-w_pow.o)
                0x00005e1c                pow
 *fill*         0x0000610c        0x4 
 .text.__ieee754_pow
                0x00006110      0xaa0 c:/program files (x86)/cypress/psoc creator/3.3/psoc creator/import/gnu/arm/4.9.3/bin/../lib/gcc/arm-none-eabi/4.9.3/../../../../arm-none-eabi/lib/armv7-m\libm.a(lib_a-e_pow.o)
                0x00006110                __ieee754_pow
 .text.__ieee754_sqrt
                0x00006bb0      0x18c c:/program files (x86)/cypress/psoc creator/3.3/psoc creator/import/gnu/arm/4.9.3/bin/../lib/gcc/arm-none-eabi/4.9.3/../../../../arm-none-eabi/lib/armv7-m\libm.a(lib_a-e_sqrt.o)
                0x00006bb0                __ieee754_sqrt
 .text.fabs     0x00006d3c        0x8 c:/program files (x86)/cypress/psoc creator/3.3/psoc creator/import/gnu/arm/4.9.3/bin/../lib/gcc/arm-none-eabi/4.9.3/../../../../arm-none-eabi/lib/armv7-m\libm.a(lib_a-s_fabs.o)
                0x00006d3c                fabs
 .text.finite   0x00006d44        0xc c:/program files (x86)/cypress/psoc creator/3.3/psoc creator/import/gnu/arm/4.9.3/bin/../lib/gcc/arm-none-eabi/4.9.3/../../../../arm-none-eabi/lib/armv7-m\libm.a(lib_a-s_finite.o)
                0x00006d44                finite
 .text.__fpclassifyd
                0x00006d50       0x58 c:/program files (x86)/cypress/psoc creator/3.3/psoc creator/import/gnu/arm/4.9.3/bin/../lib/gcc/arm-none-eabi/4.9.3/../../../../arm-none-eabi/lib/armv7-m\libm.a(lib_a-s_fpclassify.o)
                0x00006d50                __fpclassifyd
 .text.matherr  0x00006da8        0x4 c:/program files (x86)/cypress/psoc creator/3.3/psoc creator/import/gnu/arm/4.9.3/bin/../lib/gcc/arm-none-eabi/4.9.3/../../../../arm-none-eabi/lib/armv7-m\libm.a(lib_a-s_matherr.o)
                0x00006da8                matherr
 .text.nan      0x00006dac        0xc c:/program files (x86)/cypress/psoc creator/3.3/psoc creator/import/gnu/arm/4.9.3/bin/../lib/gcc/arm-none-eabi/4.9.3/../../../../arm-none-eabi/lib/armv7-m\libm.a(lib_a-s_nan.o)
                0x00006dac                nan
 .text.rint     0x00006db8      0x11c c:/program files (x86)/cypress/psoc creator/3.3/psoc creator/import/gnu/arm/4.9.3/bin/../lib/gcc/arm-none-eabi/4.9.3/../../../../arm-none-eabi/lib/armv7-m\libm.a(lib_a-s_rint.o)
                0x00006db8                rint
 *fill*         0x00006ed4        0x4 
 .text.scalbn   0x00006ed8       0xf0 c:/program files (x86)/cypress/psoc creator/3.3/psoc creator/import/gnu/arm/4.9.3/bin/../lib/gcc/arm-none-eabi/4.9.3/../../../../arm-none-eabi/lib/armv7-m\libm.a(lib_a-s_scalbn.o)
                0x00006ed8                scalbn
 .text.copysign
                0x00006fc8       0x10 c:/program files (x86)/cypress/psoc creator/3.3/psoc creator/import/gnu/arm/4.9.3/bin/../lib/gcc/arm-none-eabi/4.9.3/../../../../arm-none-eabi/lib/armv7-m\libm.a(lib_a-s_copysign.o)
                0x00006fc8                copysign
 .text          0x00006fd8      0x370 c:/program files (x86)/cypress/psoc creator/3.3/psoc creator/import/gnu/arm/4.9.3/bin/../lib/gcc/arm-none-eabi/4.9.3/armv7-m\libgcc.a(_arm_addsubdf3.o)
                0x00006fd8                __aeabi_drsub
                0x00006fe0                __aeabi_dsub
                0x00006fe0                __subdf3
                0x00006fe4                __aeabi_dadd
                0x00006fe4                __adddf3
                0x0000725c                __floatunsidf
                0x0000725c                __aeabi_ui2d
                0x0000727c                __floatsidf
                0x0000727c                __aeabi_i2d
                0x000072a0                __aeabi_f2d
                0x000072a0                __extendsfdf2
                0x000072dc                __floatundidf
                0x000072dc                __aeabi_ul2d
                0x000072ec                __floatdidf
                0x000072ec                __aeabi_l2d
 .text          0x00007348      0x424 c:/program files (x86)/cypress/psoc creator/3.3/psoc creator/import/gnu/arm/4.9.3/bin/../lib/gcc/arm-none-eabi/4.9.3/armv7-m\libgcc.a(_arm_muldivdf3.o)
                0x00007348                __aeabi_dmul
                0x00007348                __muldf3
                0x0000759c                __divdf3
                0x0000759c                __aeabi_ddiv
 .text          0x0000776c      0x110 c:/program files (x86)/cypress/psoc creator/3.3/psoc creator/import/gnu/arm/4.9.3/bin/../lib/gcc/arm-none-eabi/4.9.3/armv7-m\libgcc.a(_arm_cmpdf2.o)
                0x0000776c                __gtdf2
                0x0000776c                __gedf2
                0x00007774                __ltdf2
                0x00007774                __ledf2
                0x0000777c                __nedf2
                0x0000777c                __eqdf2
                0x0000777c                __cmpdf2
                0x000077f8                __aeabi_cdrcmple
                0x00007808                __aeabi_cdcmpeq
                0x00007808                __aeabi_cdcmple
                0x00007818                __aeabi_dcmpeq
                0x0000782c                __aeabi_dcmplt
                0x00007840                __aeabi_dcmple
                0x00007854                __aeabi_dcmpge
                0x00007868                __aeabi_dcmpgt
 .text          0x0000787c       0x50 c:/program files (x86)/cypress/psoc creator/3.3/psoc creator/import/gnu/arm/4.9.3/bin/../lib/gcc/arm-none-eabi/4.9.3/armv7-m\libgcc.a(_arm_fixdfsi.o)
                0x0000787c                __aeabi_d2iz
                0x0000787c                __fixdfsi
 .text          0x000078cc       0xa0 c:/program files (x86)/cypress/psoc creator/3.3/psoc creator/import/gnu/arm/4.9.3/bin/../lib/gcc/arm-none-eabi/4.9.3/armv7-m\libgcc.a(_arm_truncdfsf2.o)
                0x000078cc                __truncdfsf2
                0x000078cc                __aeabi_d2f
 .text          0x0000796c      0x21c c:/program files (x86)/cypress/psoc creator/3.3/psoc creator/import/gnu/arm/4.9.3/bin/../lib/gcc/arm-none-eabi/4.9.3/armv7-m\libgcc.a(_arm_addsubsf3.o)
                0x0000796c                __aeabi_frsub
                0x00007974                __subsf3
                0x00007974                __aeabi_fsub
                0x00007978                __aeabi_fadd
                0x00007978                __addsf3
                0x00007ad8                __aeabi_ui2f
                0x00007ad8                __floatunsisf
                0x00007ae0                __aeabi_i2f
                0x00007ae0                __floatsisf
                0x00007afc                __aeabi_ul2f
                0x00007afc                __floatundisf
                0x00007b0c                __aeabi_l2f
                0x00007b0c                __floatdisf
 .text          0x00007b88      0x2a0 c:/program files (x86)/cypress/psoc creator/3.3/psoc creator/import/gnu/arm/4.9.3/bin/../lib/gcc/arm-none-eabi/4.9.3/armv7-m\libgcc.a(_arm_muldivsf3.o)
                0x00007b88                __mulsf3
                0x00007b88                __aeabi_fmul
                0x00007cf0                __aeabi_fdiv
                0x00007cf0                __divsf3
 .text          0x00007e28       0xec c:/program files (x86)/cypress/psoc creator/3.3/psoc creator/import/gnu/arm/4.9.3/bin/../lib/gcc/arm-none-eabi/4.9.3/armv7-m\libgcc.a(_arm_cmpsf2.o)
                0x00007e28                __gesf2
                0x00007e28                __gtsf2
                0x00007e30                __lesf2
                0x00007e30                __ltsf2
                0x00007e38                __nesf2
                0x00007e38                __eqsf2
                0x00007e38                __cmpsf2
                0x00007e98                __aeabi_cfrcmple
                0x00007ea0                __aeabi_cfcmpeq
                0x00007ea0                __aeabi_cfcmple
                0x00007eb0                __aeabi_fcmpeq
                0x00007ec4                __aeabi_fcmplt
                0x00007ed8                __aeabi_fcmple
                0x00007eec                __aeabi_fcmpge
                0x00007f00                __aeabi_fcmpgt
 .text          0x00007f14       0x4c c:/program files (x86)/cypress/psoc creator/3.3/psoc creator/import/gnu/arm/4.9.3/bin/../lib/gcc/arm-none-eabi/4.9.3/armv7-m\libgcc.a(_arm_fixsfsi.o)
                0x00007f14                __aeabi_f2iz
                0x00007f14                __fixsfsi
 .text.__assert_func
                0x00007f60       0x38 c:/program files (x86)/cypress/psoc creator/3.3/psoc creator/import/gnu/arm/4.9.3/bin/../lib/gcc/arm-none-eabi/4.9.3/../../../../arm-none-eabi/lib/armv7-m\libg_nano.a(lib_a-assert.o)
                0x00007f60                __assert_func
 .text.atof     0x00007f98        0x6 c:/program files (x86)/cypress/psoc creator/3.3/psoc creator/import/gnu/arm/4.9.3/bin/../lib/gcc/arm-none-eabi/4.9.3/../../../../arm-none-eabi/lib/armv7-m\libg_nano.a(lib_a-atof.o)
                0x00007f98                atof
 *fill*         0x00007f9e        0x2 
 .text.__errno  0x00007fa0        0xc c:/program files (x86)/cypress/psoc creator/3.3/psoc creator/import/gnu/arm/4.9.3/bin/../lib/gcc/arm-none-eabi/4.9.3/../../../../arm-none-eabi/lib/armv7-m\libg_nano.a(lib_a-errno.o)
                0x00007fa0                __errno
 .text.fprintf  0x00007fac       0x24 c:/program files (x86)/cypress/psoc creator/3.3/psoc creator/import/gnu/arm/4.9.3/bin/../lib/gcc/arm-none-eabi/4.9.3/../../../../arm-none-eabi/lib/armv7-m\libg_nano.a(lib_a-fprintf.o)
                0x00007fac                fiprintf
                0x00007fac                fprintf
 .text.__libc_init_array
                0x00007fd0       0x4c c:/program files (x86)/cypress/psoc creator/3.3/psoc creator/import/gnu/arm/4.9.3/bin/../lib/gcc/arm-none-eabi/4.9.3/../../../../arm-none-eabi/lib/armv7-m\libg_nano.a(lib_a-init.o)
                0x00007fd0                __libc_init_array
 .text.__itoa   0x0000801c       0x2e c:/program files (x86)/cypress/psoc creator/3.3/psoc creator/import/gnu/arm/4.9.3/bin/../lib/gcc/arm-none-eabi/4.9.3/../../../../arm-none-eabi/lib/armv7-m\libg_nano.a(lib_a-itoa.o)
                0x0000801c                __itoa
 .text.itoa     0x0000804a        0x4 c:/program files (x86)/cypress/psoc creator/3.3/psoc creator/import/gnu/arm/4.9.3/bin/../lib/gcc/arm-none-eabi/4.9.3/../../../../arm-none-eabi/lib/armv7-m\libg_nano.a(lib_a-itoa.o)
                0x0000804a                itoa
 .text.memcpy   0x0000804e       0x16 c:/program files (x86)/cypress/psoc creator/3.3/psoc creator/import/gnu/arm/4.9.3/bin/../lib/gcc/arm-none-eabi/4.9.3/../../../../arm-none-eabi/lib/armv7-m\libg_nano.a(lib_a-memcpy.o)
                0x0000804e                memcpy
 .text.memset   0x00008064       0x10 c:/program files (x86)/cypress/psoc creator/3.3/psoc creator/import/gnu/arm/4.9.3/bin/../lib/gcc/arm-none-eabi/4.9.3/../../../../arm-none-eabi/lib/armv7-m\libg_nano.a(lib_a-memset.o)
                0x00008064                memset
 .text.__sfputc_r
                0x00008074       0x2c c:/program files (x86)/cypress/psoc creator/3.3/psoc creator/import/gnu/arm/4.9.3/bin/../lib/gcc/arm-none-eabi/4.9.3/../../../../arm-none-eabi/lib/armv7-m\libg_nano.a(lib_a-nano-vfprintf.o)
 .text.__sfputs_r
                0x000080a0       0x24 c:/program files (x86)/cypress/psoc creator/3.3/psoc creator/import/gnu/arm/4.9.3/bin/../lib/gcc/arm-none-eabi/4.9.3/../../../../arm-none-eabi/lib/armv7-m\libg_nano.a(lib_a-nano-vfprintf.o)
                0x000080a0                __sfputs_r
 .text._vfprintf_r
                0x000080c4      0x210 c:/program files (x86)/cypress/psoc creator/3.3/psoc creator/import/gnu/arm/4.9.3/bin/../lib/gcc/arm-none-eabi/4.9.3/../../../../arm-none-eabi/lib/armv7-m\libg_nano.a(lib_a-nano-vfprintf.o)
                0x000080c4                _vfprintf_r
                0x000080c4                _vfiprintf_r
 .text.__cvt    0x000082d4       0xbc c:/program files (x86)/cypress/psoc creator/3.3/psoc creator/import/gnu/arm/4.9.3/bin/../lib/gcc/arm-none-eabi/4.9.3/../../../../arm-none-eabi/lib/armv7-m\libg_nano.a(lib_a-nano-vfprintf_float.o)
                0x000082d4                __cvt
 .text.__exponent
                0x00008390       0x62 c:/program files (x86)/cypress/psoc creator/3.3/psoc creator/import/gnu/arm/4.9.3/bin/../lib/gcc/arm-none-eabi/4.9.3/../../../../arm-none-eabi/lib/armv7-m\libg_nano.a(lib_a-nano-vfprintf_float.o)
                0x00008390                __exponent
 *fill*         0x000083f2        0x2 
 .text._printf_float
                0x000083f4      0x48c c:/program files (x86)/cypress/psoc creator/3.3/psoc creator/import/gnu/arm/4.9.3/bin/../lib/gcc/arm-none-eabi/4.9.3/../../../../arm-none-eabi/lib/armv7-m\libg_nano.a(lib_a-nano-vfprintf_float.o)
                0x000083f4                _printf_float
 .text._printf_common
                0x00008880       0xea c:/program files (x86)/cypress/psoc creator/3.3/psoc creator/import/gnu/arm/4.9.3/bin/../lib/gcc/arm-none-eabi/4.9.3/../../../../arm-none-eabi/lib/armv7-m\libg_nano.a(lib_a-nano-vfprintf_i.o)
                0x00008880                _printf_common
 *fill*         0x0000896a        0x2 
 .text._printf_i
                0x0000896c      0x240 c:/program files (x86)/cypress/psoc creator/3.3/psoc creator/import/gnu/arm/4.9.3/bin/../lib/gcc/arm-none-eabi/4.9.3/../../../../arm-none-eabi/lib/armv7-m\libg_nano.a(lib_a-nano-vfprintf_i.o)
                0x0000896c                _printf_i
 .text.snprintf
                0x00008bac       0x64 c:/program files (x86)/cypress/psoc creator/3.3/psoc creator/import/gnu/arm/4.9.3/bin/../lib/gcc/arm-none-eabi/4.9.3/../../../../arm-none-eabi/lib/armv7-m\libg_nano.a(lib_a-snprintf.o)
                0x00008bac                sniprintf
                0x00008bac                snprintf
 .text.sprintf  0x00008c10       0x48 c:/program files (x86)/cypress/psoc creator/3.3/psoc creator/import/gnu/arm/4.9.3/bin/../lib/gcc/arm-none-eabi/4.9.3/../../../../arm-none-eabi/lib/armv7-m\libg_nano.a(lib_a-sprintf.o)
                0x00008c10                siprintf
                0x00008c10                sprintf
 .text.strlen   0x00008c58       0x10 c:/program files (x86)/cypress/psoc creator/3.3/psoc creator/import/gnu/arm/4.9.3/bin/../lib/gcc/arm-none-eabi/4.9.3/../../../../arm-none-eabi/lib/armv7-m\libg_nano.a(lib_a-strlen.o)
                0x00008c58                strlen
 .text.match    0x00008c68       0x26 c:/program files (x86)/cypress/psoc creator/3.3/psoc creator/import/gnu/arm/4.9.3/bin/../lib/gcc/arm-none-eabi/4.9.3/../../../../arm-none-eabi/lib/armv7-m\libg_nano.a(lib_a-strtod.o)
 .text.sulp     0x00008c8e       0x42 c:/program files (x86)/cypress/psoc creator/3.3/psoc creator/import/gnu/arm/4.9.3/bin/../lib/gcc/arm-none-eabi/4.9.3/../../../../arm-none-eabi/lib/armv7-m\libg_nano.a(lib_a-strtod.o)
 .text._strtod_r
                0x00008cd0      0xc40 c:/program files (x86)/cypress/psoc creator/3.3/psoc creator/import/gnu/arm/4.9.3/bin/../lib/gcc/arm-none-eabi/4.9.3/../../../../arm-none-eabi/lib/armv7-m\libg_nano.a(lib_a-strtod.o)
                0x00008cd0                _strtod_r
 .text.strtod   0x00009910       0x14 c:/program files (x86)/cypress/psoc creator/3.3/psoc creator/import/gnu/arm/4.9.3/bin/../lib/gcc/arm-none-eabi/4.9.3/../../../../arm-none-eabi/lib/armv7-m\libg_nano.a(lib_a-strtod.o)
                0x00009910                strtod
 .text.__utoa   0x00009924       0x78 c:/program files (x86)/cypress/psoc creator/3.3/psoc creator/import/gnu/arm/4.9.3/bin/../lib/gcc/arm-none-eabi/4.9.3/../../../../arm-none-eabi/lib/armv7-m\libg_nano.a(lib_a-utoa.o)
                0x00009924                __utoa
 .text.__swbuf_r
                0x0000999c       0xa8 c:/program files (x86)/cypress/psoc creator/3.3/psoc creator/import/gnu/arm/4.9.3/bin/../lib/gcc/arm-none-eabi/4.9.3/../../../../arm-none-eabi/lib/armv7-m\libg_nano.a(lib_a-wbuf.o)
                0x0000999c                __swbuf_r
 .text.__swsetup_r
                0x00009a44       0xd8 c:/program files (x86)/cypress/psoc creator/3.3/psoc creator/import/gnu/arm/4.9.3/bin/../lib/gcc/arm-none-eabi/4.9.3/../../../../arm-none-eabi/lib/armv7-m\libg_nano.a(lib_a-wsetup.o)
                0x00009a44                __swsetup_r
 .text.abort    0x00009b1c        0xe c:/program files (x86)/cypress/psoc creator/3.3/psoc creator/import/gnu/arm/4.9.3/bin/../lib/gcc/arm-none-eabi/4.9.3/../../../../arm-none-eabi/lib/armv7-m\libg_nano.a(lib_a-abort.o)
                0x00009b1c                abort
 .text.quorem   0x00009b2a      0x114 c:/program files (x86)/cypress/psoc creator/3.3/psoc creator/import/gnu/arm/4.9.3/bin/../lib/gcc/arm-none-eabi/4.9.3/../../../../arm-none-eabi/lib/armv7-m\libg_nano.a(lib_a-dtoa.o)
 *fill*         0x00009c3e        0x2 
 .text._dtoa_r  0x00009c40      0xb78 c:/program files (x86)/cypress/psoc creator/3.3/psoc creator/import/gnu/arm/4.9.3/bin/../lib/gcc/arm-none-eabi/4.9.3/../../../../arm-none-eabi/lib/armv7-m\libg_nano.a(lib_a-dtoa.o)
                0x00009c40                _dtoa_r
 .text.__sflush_r
                0x0000a7b8      0x106 c:/program files (x86)/cypress/psoc creator/3.3/psoc creator/import/gnu/arm/4.9.3/bin/../lib/gcc/arm-none-eabi/4.9.3/../../../../arm-none-eabi/lib/armv7-m\libg_nano.a(lib_a-fflush.o)
                0x0000a7b8                __sflush_r
 *fill*         0x0000a8be        0x2 
 .text._fflush_r
                0x0000a8c0       0x54 c:/program files (x86)/cypress/psoc creator/3.3/psoc creator/import/gnu/arm/4.9.3/bin/../lib/gcc/arm-none-eabi/4.9.3/../../../../arm-none-eabi/lib/armv7-m\libg_nano.a(lib_a-fflush.o)
                0x0000a8c0                _fflush_r
 .text._cleanup_r
                0x0000a914        0xc c:/program files (x86)/cypress/psoc creator/3.3/psoc creator/import/gnu/arm/4.9.3/bin/../lib/gcc/arm-none-eabi/4.9.3/../../../../arm-none-eabi/lib/armv7-m\libg_nano.a(lib_a-findfp.o)
                0x0000a914                _cleanup_r
 .text.std.isra.0
                0x0000a920       0x48 c:/program files (x86)/cypress/psoc creator/3.3/psoc creator/import/gnu/arm/4.9.3/bin/../lib/gcc/arm-none-eabi/4.9.3/../../../../arm-none-eabi/lib/armv7-m\libg_nano.a(lib_a-findfp.o)
 .text.__sfmoreglue
                0x0000a968       0x2c c:/program files (x86)/cypress/psoc creator/3.3/psoc creator/import/gnu/arm/4.9.3/bin/../lib/gcc/arm-none-eabi/4.9.3/../../../../arm-none-eabi/lib/armv7-m\libg_nano.a(lib_a-findfp.o)
                0x0000a968                __sfmoreglue
 .text.__sinit  0x0000a994       0x60 c:/program files (x86)/cypress/psoc creator/3.3/psoc creator/import/gnu/arm/4.9.3/bin/../lib/gcc/arm-none-eabi/4.9.3/../../../../arm-none-eabi/lib/armv7-m\libg_nano.a(lib_a-findfp.o)
                0x0000a994                __sinit
 .text.__sfp    0x0000a9f4       0x74 c:/program files (x86)/cypress/psoc creator/3.3/psoc creator/import/gnu/arm/4.9.3/bin/../lib/gcc/arm-none-eabi/4.9.3/../../../../arm-none-eabi/lib/armv7-m\libg_nano.a(lib_a-findfp.o)
                0x0000a9f4                __sfp
 .text._fwalk_reent
                0x0000aa68       0x3c c:/program files (x86)/cypress/psoc creator/3.3/psoc creator/import/gnu/arm/4.9.3/bin/../lib/gcc/arm-none-eabi/4.9.3/../../../../arm-none-eabi/lib/armv7-m\libg_nano.a(lib_a-fwalk.o)
                0x0000aa68                _fwalk_reent
 .text.rshift   0x0000aaa4       0x6c c:/program files (x86)/cypress/psoc creator/3.3/psoc creator/import/gnu/arm/4.9.3/bin/../lib/gcc/arm-none-eabi/4.9.3/../../../../arm-none-eabi/lib/armv7-m\libg_nano.a(lib_a-gdtoa-gethex.o)
 .text.__hexdig_fun
                0x0000ab10       0x2a c:/program files (x86)/cypress/psoc creator/3.3/psoc creator/import/gnu/arm/4.9.3/bin/../lib/gcc/arm-none-eabi/4.9.3/../../../../arm-none-eabi/lib/armv7-m\libg_nano.a(lib_a-gdtoa-gethex.o)
                0x0000ab10                __hexdig_fun
 .text.__gethex
                0x0000ab3a      0x44a c:/program files (x86)/cypress/psoc creator/3.3/psoc creator/import/gnu/arm/4.9.3/bin/../lib/gcc/arm-none-eabi/4.9.3/../../../../arm-none-eabi/lib/armv7-m\libg_nano.a(lib_a-gdtoa-gethex.o)
                0x0000ab3a                __gethex
 .text.L_shift  0x0000af84       0x24 c:/program files (x86)/cypress/psoc creator/3.3/psoc creator/import/gnu/arm/4.9.3/bin/../lib/gcc/arm-none-eabi/4.9.3/../../../../arm-none-eabi/lib/armv7-m\libg_nano.a(lib_a-gdtoa-hexnan.o)
 .text.__hexnan
                0x0000afa8      0x114 c:/program files (x86)/cypress/psoc creator/3.3/psoc creator/import/gnu/arm/4.9.3/bin/../lib/gcc/arm-none-eabi/4.9.3/../../../../arm-none-eabi/lib/armv7-m\libg_nano.a(lib_a-gdtoa-hexnan.o)
                0x0000afa8                __hexnan
 .text._localeconv_r
                0x0000b0bc        0x8 c:/program files (x86)/cypress/psoc creator/3.3/psoc creator/import/gnu/arm/4.9.3/bin/../lib/gcc/arm-none-eabi/4.9.3/../../../../arm-none-eabi/lib/armv7-m\libg_nano.a(lib_a-locale.o)
                0x0000b0bc                _localeconv_r
 .text.__smakebuf_r
                0x0000b0c4       0x98 c:/program files (x86)/cypress/psoc creator/3.3/psoc creator/import/gnu/arm/4.9.3/bin/../lib/gcc/arm-none-eabi/4.9.3/../../../../arm-none-eabi/lib/armv7-m\libg_nano.a(lib_a-makebuf.o)
                0x0000b0c4                __smakebuf_r
 .text.malloc   0x0000b15c       0x10 c:/program files (x86)/cypress/psoc creator/3.3/psoc creator/import/gnu/arm/4.9.3/bin/../lib/gcc/arm-none-eabi/4.9.3/../../../../arm-none-eabi/lib/armv7-m\libg_nano.a(lib_a-malloc.o)
                0x0000b15c                malloc
 .text.memchr   0x0000b16c       0x1c c:/program files (x86)/cypress/psoc creator/3.3/psoc creator/import/gnu/arm/4.9.3/bin/../lib/gcc/arm-none-eabi/4.9.3/../../../../arm-none-eabi/lib/armv7-m\libg_nano.a(lib_a-memchr.o)
                0x0000b16c                memchr
 .text.memmove  0x0000b188       0x36 c:/program files (x86)/cypress/psoc creator/3.3/psoc creator/import/gnu/arm/4.9.3/bin/../lib/gcc/arm-none-eabi/4.9.3/../../../../arm-none-eabi/lib/armv7-m\libg_nano.a(lib_a-memmove.o)
                0x0000b188                memmove
 .text._Balloc  0x0000b1be       0x6a c:/program files (x86)/cypress/psoc creator/3.3/psoc creator/import/gnu/arm/4.9.3/bin/../lib/gcc/arm-none-eabi/4.9.3/../../../../arm-none-eabi/lib/armv7-m\libg_nano.a(lib_a-mprec.o)
                0x0000b1be                _Balloc
 .text._Bfree   0x0000b228       0x2e c:/program files (x86)/cypress/psoc creator/3.3/psoc creator/import/gnu/arm/4.9.3/bin/../lib/gcc/arm-none-eabi/4.9.3/../../../../arm-none-eabi/lib/armv7-m\libg_nano.a(lib_a-mprec.o)
                0x0000b228                _Bfree
 .text.__multadd
                0x0000b256       0x7c c:/program files (x86)/cypress/psoc creator/3.3/psoc creator/import/gnu/arm/4.9.3/bin/../lib/gcc/arm-none-eabi/4.9.3/../../../../arm-none-eabi/lib/armv7-m\libg_nano.a(lib_a-mprec.o)
                0x0000b256                __multadd
 .text.__s2b    0x0000b2d2       0x80 c:/program files (x86)/cypress/psoc creator/3.3/psoc creator/import/gnu/arm/4.9.3/bin/../lib/gcc/arm-none-eabi/4.9.3/../../../../arm-none-eabi/lib/armv7-m\libg_nano.a(lib_a-mprec.o)
                0x0000b2d2                __s2b
 .text.__hi0bits
                0x0000b352       0x40 c:/program files (x86)/cypress/psoc creator/3.3/psoc creator/import/gnu/arm/4.9.3/bin/../lib/gcc/arm-none-eabi/4.9.3/../../../../arm-none-eabi/lib/armv7-m\libg_nano.a(lib_a-mprec.o)
                0x0000b352                __hi0bits
 .text.__lo0bits
                0x0000b392       0x5a c:/program files (x86)/cypress/psoc creator/3.3/psoc creator/import/gnu/arm/4.9.3/bin/../lib/gcc/arm-none-eabi/4.9.3/../../../../arm-none-eabi/lib/armv7-m\libg_nano.a(lib_a-mprec.o)
                0x0000b392                __lo0bits
 .text.__i2b    0x0000b3ec       0x12 c:/program files (x86)/cypress/psoc creator/3.3/psoc creator/import/gnu/arm/4.9.3/bin/../lib/gcc/arm-none-eabi/4.9.3/../../../../arm-none-eabi/lib/armv7-m\libg_nano.a(lib_a-mprec.o)
                0x0000b3ec                __i2b
 .text.__multiply
                0x0000b3fe      0x120 c:/program files (x86)/cypress/psoc creator/3.3/psoc creator/import/gnu/arm/4.9.3/bin/../lib/gcc/arm-none-eabi/4.9.3/../../../../arm-none-eabi/lib/armv7-m\libg_nano.a(lib_a-mprec.o)
                0x0000b3fe                __multiply
 *fill*         0x0000b51e        0x2 
 .text.__pow5mult
                0x0000b520       0x9c c:/program files (x86)/cypress/psoc creator/3.3/psoc creator/import/gnu/arm/4.9.3/bin/../lib/gcc/arm-none-eabi/4.9.3/../../../../arm-none-eabi/lib/armv7-m\libg_nano.a(lib_a-mprec.o)
                0x0000b520                __pow5mult
 .text.__lshift
                0x0000b5bc       0xa6 c:/program files (x86)/cypress/psoc creator/3.3/psoc creator/import/gnu/arm/4.9.3/bin/../lib/gcc/arm-none-eabi/4.9.3/../../../../arm-none-eabi/lib/armv7-m\libg_nano.a(lib_a-mprec.o)
                0x0000b5bc                __lshift
 .text.__mcmp   0x0000b662       0x38 c:/program files (x86)/cypress/psoc creator/3.3/psoc creator/import/gnu/arm/4.9.3/bin/../lib/gcc/arm-none-eabi/4.9.3/../../../../arm-none-eabi/lib/armv7-m\libg_nano.a(lib_a-mprec.o)
                0x0000b662                __mcmp
 .text.__mdiff  0x0000b69a       0xbe c:/program files (x86)/cypress/psoc creator/3.3/psoc creator/import/gnu/arm/4.9.3/bin/../lib/gcc/arm-none-eabi/4.9.3/../../../../arm-none-eabi/lib/armv7-m\libg_nano.a(lib_a-mprec.o)
                0x0000b69a                __mdiff
 .text.__ulp    0x0000b758       0x48 c:/program files (x86)/cypress/psoc creator/3.3/psoc creator/import/gnu/arm/4.9.3/bin/../lib/gcc/arm-none-eabi/4.9.3/../../../../arm-none-eabi/lib/armv7-m\libg_nano.a(lib_a-mprec.o)
                0x0000b758                __ulp
 .text.__b2d    0x0000b7a0       0x9e c:/program files (x86)/cypress/psoc creator/3.3/psoc creator/import/gnu/arm/4.9.3/bin/../lib/gcc/arm-none-eabi/4.9.3/../../../../arm-none-eabi/lib/armv7-m\libg_nano.a(lib_a-mprec.o)
                0x0000b7a0                __b2d
 .text.__d2b    0x0000b83e       0xa4 c:/program files (x86)/cypress/psoc creator/3.3/psoc creator/import/gnu/arm/4.9.3/bin/../lib/gcc/arm-none-eabi/4.9.3/../../../../arm-none-eabi/lib/armv7-m\libg_nano.a(lib_a-mprec.o)
                0x0000b83e                __d2b
 .text.__ratio  0x0000b8e2       0x50 c:/program files (x86)/cypress/psoc creator/3.3/psoc creator/import/gnu/arm/4.9.3/bin/../lib/gcc/arm-none-eabi/4.9.3/../../../../arm-none-eabi/lib/armv7-m\libg_nano.a(lib_a-mprec.o)
                0x0000b8e2                __ratio
 .text.__copybits
                0x0000b932       0x34 c:/program files (x86)/cypress/psoc creator/3.3/psoc creator/import/gnu/arm/4.9.3/bin/../lib/gcc/arm-none-eabi/4.9.3/../../../../arm-none-eabi/lib/armv7-m\libg_nano.a(lib_a-mprec.o)
                0x0000b932                __copybits
 .text.__any_on
                0x0000b966       0x44 c:/program files (x86)/cypress/psoc creator/3.3/psoc creator/import/gnu/arm/4.9.3/bin/../lib/gcc/arm-none-eabi/4.9.3/../../../../arm-none-eabi/lib/armv7-m\libg_nano.a(lib_a-mprec.o)
                0x0000b966                __any_on
 .text._calloc_r
                0x0000b9aa       0x1c c:/program files (x86)/cypress/psoc creator/3.3/psoc creator/import/gnu/arm/4.9.3/bin/../lib/gcc/arm-none-eabi/4.9.3/../../../../arm-none-eabi/lib/armv7-m\libg_nano.a(lib_a-nano-callocr.o)
                0x0000b9aa                _calloc_r
 *fill*         0x0000b9c6        0x2 
 .text._free_r  0x0000b9c8       0x88 c:/program files (x86)/cypress/psoc creator/3.3/psoc creator/import/gnu/arm/4.9.3/bin/../lib/gcc/arm-none-eabi/4.9.3/../../../../arm-none-eabi/lib/armv7-m\libg_nano.a(lib_a-nano-freer.o)
                0x0000b9c8                _free_r
 .text._malloc_r
                0x0000ba50       0xac c:/program files (x86)/cypress/psoc creator/3.3/psoc creator/import/gnu/arm/4.9.3/bin/../lib/gcc/arm-none-eabi/4.9.3/../../../../arm-none-eabi/lib/armv7-m\libg_nano.a(lib_a-nano-mallocr.o)
                0x0000ba50                _malloc_r
 .text._realloc_r
                0x0000bafc       0x4c c:/program files (x86)/cypress/psoc creator/3.3/psoc creator/import/gnu/arm/4.9.3/bin/../lib/gcc/arm-none-eabi/4.9.3/../../../../arm-none-eabi/lib/armv7-m\libg_nano.a(lib_a-nano-reallocr.o)
                0x0000bafc                _realloc_r
 .text.__ssputs_r
                0x0000bb48       0xb2 c:/program files (x86)/cypress/psoc creator/3.3/psoc creator/import/gnu/arm/4.9.3/bin/../lib/gcc/arm-none-eabi/4.9.3/../../../../arm-none-eabi/lib/armv7-m\libg_nano.a(lib_a-nano-svfprintf.o)
                0x0000bb48                __ssputs_r
 *fill*         0x0000bbfa        0x2 
 .text._svfprintf_r
                0x0000bbfc      0x1e4 c:/program files (x86)/cypress/psoc creator/3.3/psoc creator/import/gnu/arm/4.9.3/bin/../lib/gcc/arm-none-eabi/4.9.3/../../../../arm-none-eabi/lib/armv7-m\libg_nano.a(lib_a-nano-svfprintf.o)
                0x0000bbfc                _svfiprintf_r
                0x0000bbfc                _svfprintf_r
 .text._sbrk_r  0x0000bde0       0x20 c:/program files (x86)/cypress/psoc creator/3.3/psoc creator/import/gnu/arm/4.9.3/bin/../lib/gcc/arm-none-eabi/4.9.3/../../../../arm-none-eabi/lib/armv7-m\libg_nano.a(lib_a-sbrkr.o)
                0x0000bde0                _sbrk_r
 .text._raise_r
                0x0000be00       0x50 c:/program files (x86)/cypress/psoc creator/3.3/psoc creator/import/gnu/arm/4.9.3/bin/../lib/gcc/arm-none-eabi/4.9.3/../../../../arm-none-eabi/lib/armv7-m\libg_nano.a(lib_a-signal.o)
                0x0000be00                _raise_r
 .text.raise    0x0000be50       0x10 c:/program files (x86)/cypress/psoc creator/3.3/psoc creator/import/gnu/arm/4.9.3/bin/../lib/gcc/arm-none-eabi/4.9.3/../../../../arm-none-eabi/lib/armv7-m\libg_nano.a(lib_a-signal.o)
                0x0000be50                raise
 .text._kill_r  0x0000be60       0x24 c:/program files (x86)/cypress/psoc creator/3.3/psoc creator/import/gnu/arm/4.9.3/bin/../lib/gcc/arm-none-eabi/4.9.3/../../../../arm-none-eabi/lib/armv7-m\libg_nano.a(lib_a-signalr.o)
                0x0000be60                _kill_r
 .text._getpid_r
                0x0000be84        0x4 c:/program files (x86)/cypress/psoc creator/3.3/psoc creator/import/gnu/arm/4.9.3/bin/../lib/gcc/arm-none-eabi/4.9.3/../../../../arm-none-eabi/lib/armv7-m\libg_nano.a(lib_a-signalr.o)
                0x0000be84                _getpid_r
 .text.__sread  0x0000be88       0x22 c:/program files (x86)/cypress/psoc creator/3.3/psoc creator/import/gnu/arm/4.9.3/bin/../lib/gcc/arm-none-eabi/4.9.3/../../../../arm-none-eabi/lib/armv7-m\libg_nano.a(lib_a-stdio.o)
                0x0000be88                __sread
 .text.__swrite