Archive member included because of file (symbol)

.\CortexM3\ARM_GCC_493\Debug\freesoc.a(cyfitter_cfg.o)
                              .\CortexM3\ARM_GCC_493\Debug\infrared.o (Front_AMuxSeq_DisconnectAll)
.\CortexM3\ARM_GCC_493\Debug\freesoc.a(Left_HB25_Enable_Pin.o)
                              .\CortexM3\ARM_GCC_493\Debug\motor.o (Left_HB25_Enable_Pin_Write)
.\CortexM3\ARM_GCC_493\Debug\freesoc.a(Left_HB25_PWM.o)
                              .\CortexM3\ARM_GCC_493\Debug\motor.o (Left_HB25_PWM_Stop)
.\CortexM3\ARM_GCC_493\Debug\freesoc.a(Right_HB25_Enable_Pin.o)
                              .\CortexM3\ARM_GCC_493\Debug\motor.o (Right_HB25_Enable_Pin_Write)
.\CortexM3\ARM_GCC_493\Debug\freesoc.a(Right_HB25_PWM.o)
                              .\CortexM3\ARM_GCC_493\Debug\motor.o (Right_HB25_PWM_Stop)
.\CortexM3\ARM_GCC_493\Debug\freesoc.a(CyBootAsmGnu.o)
                              .\CortexM3\ARM_GCC_493\Debug\freesoc.a(cyfitter_cfg.o) (CyDelayCycles)
.\CortexM3\ARM_GCC_493\Debug\freesoc.a(CyLib.o)
                              .\CortexM3\ARM_GCC_493\Debug\Cm3Start.o (CyHalt)
.\CortexM3\ARM_GCC_493\Debug\freesoc.a(cyPm.o)
                              .\CortexM3\ARM_GCC_493\Debug\freesoc.a(CyLib.o) (CyPmReadStatus)
.\CortexM3\ARM_GCC_493\Debug\freesoc.a(EZI2C_Slave.o)
                              .\CortexM3\ARM_GCC_493\Debug\i2c.o (EZI2C_Slave_Start)
.\CortexM3\ARM_GCC_493\Debug\freesoc.a(EZI2C_Slave_PM.o)
                              .\CortexM3\ARM_GCC_493\Debug\freesoc.a(EZI2C_Slave.o) (EZI2C_Slave_backup)
.\CortexM3\ARM_GCC_493\Debug\freesoc.a(EZI2C_Slave_INT.o)
                              .\CortexM3\ARM_GCC_493\Debug\freesoc.a(EZI2C_Slave.o) (EZI2C_Slave_ISR)
.\CortexM3\ARM_GCC_493\Debug\freesoc.a(Front_Echo_Intr.o)
                              .\CortexM3\ARM_GCC_493\Debug\ultrasonic.o (Front_Echo_Intr_StartEx)
.\CortexM3\ARM_GCC_493\Debug\freesoc.a(Front_Trigger_Reg.o)
                              .\CortexM3\ARM_GCC_493\Debug\ultrasonic.o (Front_Trigger_Reg_Write)
.\CortexM3\ARM_GCC_493\Debug\freesoc.a(Front_Trigger_Select_Reg.o)
                              .\CortexM3\ARM_GCC_493\Debug\ultrasonic.o (Front_Trigger_Select_Reg_Write)
.\CortexM3\ARM_GCC_493\Debug\freesoc.a(Front_Echo_Timer.o)
                              .\CortexM3\ARM_GCC_493\Debug\ultrasonic.o (Front_Echo_Timer_ReadCounter)
.\CortexM3\ARM_GCC_493\Debug\freesoc.a(Rear_Trigger_Reg.o)
                              .\CortexM3\ARM_GCC_493\Debug\ultrasonic.o (Rear_Trigger_Reg_Write)
.\CortexM3\ARM_GCC_493\Debug\freesoc.a(Rear_Trigger_Select_Reg.o)
                              .\CortexM3\ARM_GCC_493\Debug\ultrasonic.o (Rear_Trigger_Select_Reg_Write)
.\CortexM3\ARM_GCC_493\Debug\freesoc.a(Rear_Echo_Intr.o)
                              .\CortexM3\ARM_GCC_493\Debug\ultrasonic.o (Rear_Echo_Intr_StartEx)
.\CortexM3\ARM_GCC_493\Debug\freesoc.a(Rear_Echo_Timer.o)
                              .\CortexM3\ARM_GCC_493\Debug\ultrasonic.o (Rear_Echo_Timer_ReadCounter)
.\CortexM3\ARM_GCC_493\Debug\freesoc.a(Front_ADC_SAR.o)
                              .\CortexM3\ARM_GCC_493\Debug\infrared.o (Front_ADC_SAR_Start)
.\CortexM3\ARM_GCC_493\Debug\freesoc.a(Front_ADC_SAR_INT.o)
                              .\CortexM3\ARM_GCC_493\Debug\freesoc.a(Front_ADC_SAR.o) (Front_ADC_SAR_ISR)
.\CortexM3\ARM_GCC_493\Debug\freesoc.a(Front_AMuxSeq.o)
                              .\CortexM3\ARM_GCC_493\Debug\infrared.o (Front_AMuxSeq_Start)
.\CortexM3\ARM_GCC_493\Debug\freesoc.a(Rear_ADC_SAR.o)
                              .\CortexM3\ARM_GCC_493\Debug\infrared.o (Rear_ADC_SAR_Start)
.\CortexM3\ARM_GCC_493\Debug\freesoc.a(Rear_ADC_SAR_INT.o)
                              .\CortexM3\ARM_GCC_493\Debug\freesoc.a(Rear_ADC_SAR.o) (Rear_ADC_SAR_ISR)
.\CortexM3\ARM_GCC_493\Debug\freesoc.a(Rear_AMuxSeq.o)
                              .\CortexM3\ARM_GCC_493\Debug\infrared.o (Rear_AMuxSeq_Start)
.\CortexM3\ARM_GCC_493\Debug\freesoc.a(Front_ADC_SAR_IRQ.o)
                              .\CortexM3\ARM_GCC_493\Debug\infrared.o (Front_ADC_SAR_IRQ_StartEx)
.\CortexM3\ARM_GCC_493\Debug\freesoc.a(Front_ADC_SAR_theACLK.o)
                              .\CortexM3\ARM_GCC_493\Debug\freesoc.a(Front_ADC_SAR.o) (Front_ADC_SAR_theACLK_SetModeRegister)
.\CortexM3\ARM_GCC_493\Debug\freesoc.a(Rear_ADC_SAR_IRQ.o)
                              .\CortexM3\ARM_GCC_493\Debug\infrared.o (Rear_ADC_SAR_IRQ_StartEx)
.\CortexM3\ARM_GCC_493\Debug\freesoc.a(Rear_ADC_SAR_theACLK.o)
                              .\CortexM3\ARM_GCC_493\Debug\freesoc.a(Rear_ADC_SAR.o) (Rear_ADC_SAR_theACLK_SetModeRegister)
.\CortexM3\ARM_GCC_493\Debug\freesoc.a(Rear_EOS_Intr.o)
                              .\CortexM3\ARM_GCC_493\Debug\infrared.o (Rear_EOS_Intr_StartEx)
.\CortexM3\ARM_GCC_493\Debug\freesoc.a(Front_EOS_Intr.o)
                              .\CortexM3\ARM_GCC_493\Debug\infrared.o (Front_EOS_Intr_StartEx)
[...]
Memory Configuration

Name             Origin             Length             Attributes
rom              0x00000000         0x00040000         xr
ram              0x1fff8000         0x00010000         xrw
*default*        0x00000000         0xffffffff

Linker script and memory map

LOAD c:/program files (x86)/cypress/psoc creator/3.3/psoc creator/import/gnu/arm/4.9.3/bin/../lib/gcc/arm-none-eabi/4.9.3/armv7-m/crti.o
LOAD c:/program files (x86)/cypress/psoc creator/3.3/psoc creator/import/gnu/arm/4.9.3/bin/../lib/gcc/arm-none-eabi/4.9.3/armv7-m/crtbegin.o
LOAD c:/program files (x86)/cypress/psoc creator/3.3/psoc creator/import/gnu/arm/4.9.3/bin/../lib/gcc/arm-none-eabi/4.9.3/../../../../arm-none-eabi/lib/armv7-m/crt0.o
START GROUP
LOAD .\CortexM3\ARM_GCC_493\Debug\main.o
LOAD .\CortexM3\ARM_GCC_493\Debug\cal.o
LOAD .\CortexM3\ARM_GCC_493\Debug\control.o
LOAD .\CortexM3\ARM_GCC_493\Debug\debug.o
LOAD .\CortexM3\ARM_GCC_493\Debug\diag.o
LOAD .\CortexM3\ARM_GCC_493\Debug\encoder.o
LOAD .\CortexM3\ARM_GCC_493\Debug\i2c.o
LOAD .\CortexM3\ARM_GCC_493\Debug\motor.o
LOAD .\CortexM3\ARM_GCC_493\Debug\odom.o
LOAD .\CortexM3\ARM_GCC_493\Debug\pid.o
LOAD .\CortexM3\ARM_GCC_493\Debug\time.o
LOAD .\CortexM3\ARM_GCC_493\Debug\ultrasonic.o
LOAD .\CortexM3\ARM_GCC_493\Debug\utils.o
LOAD .\CortexM3\ARM_GCC_493\Debug\infrared.o
LOAD .\CortexM3\ARM_GCC_493\Debug\pid_controller.o
LOAD .\CortexM3\ARM_GCC_493\Debug\serial.o
LOAD .\CortexM3\ARM_GCC_493\Debug\nvstore.o
LOAD .\CortexM3\ARM_GCC_493\Debug\calcps2pwm.o
LOAD .\CortexM3\ARM_GCC_493\Debug\calpid.o
LOAD .\CortexM3\ARM_GCC_493\Debug\calang.o
LOAD .\CortexM3\ARM_GCC_493\Debug\callin.o
LOAD .\CortexM3\ARM_GCC_493\Debug\cymetadata.o
LOAD .\CortexM3\ARM_GCC_493\Debug\Cm3Start.o
LOAD .\CortexM3\ARM_GCC_493\Debug\freesoc.a
LOAD C:\Program Files (x86)\Cypress\PSoC Creator\3.3\PSoC Creator\psoc\content\cycomponentlibrary\CyComponentLibrary.cylib\CortexM3\ARM_GCC_493\Debug\CyComponentLibrary.a
LOAD c:/program files (x86)/cypress/psoc creator/3.3/psoc creator/import/gnu/arm/4.9.3/bin/../lib/gcc/arm-none-eabi/4.9.3/../../../../arm-none-eabi/lib/armv7-m\libm.a
END GROUP
START GROUP
LOAD c:/program files (x86)/cypress/psoc creator/3.3/psoc creator/import/gnu/arm/4.9.3/bin/../lib/gcc/arm-none-eabi/4.9.3/armv7-m\libgcc.a
LOAD c:/program files (x86)/cypress/psoc creator/3.3/psoc creator/import/gnu/arm/4.9.3/bin/../lib/gcc/arm-none-eabi/4.9.3/../../../../arm-none-eabi/lib/armv7-m\libg_nano.a
LOAD c:/program files (x86)/cypress/psoc creator/3.3/psoc creator/import/gnu/arm/4.9.3/bin/../lib/gcc/arm-none-eabi/4.9.3/../../../../arm-none-eabi/lib/armv7-m\libc_nano.a
END GROUP
START GROUP
LOAD c:/program files (x86)/cypress/psoc creator/3.3/psoc creator/import/gnu/arm/4.9.3/bin/../lib/gcc/arm-none-eabi/4.9.3/armv7-m\libgcc.a
LOAD c:/program files (x86)/cypress/psoc creator/3.3/psoc creator/import/gnu/arm/4.9.3/bin/../lib/gcc/arm-none-eabi/4.9.3/../../../../arm-none-eabi/lib/armv7-m\libc_nano.a
END GROUP
LOAD c:/program files (x86)/cypress/psoc creator/3.3/psoc creator/import/gnu/arm/4.9.3/bin/../lib/gcc/arm-none-eabi/4.9.3/armv7-m/crtend.o
LOAD c:/program files (x86)/cypress/psoc creator/3.3/psoc creator/import/gnu/arm/4.9.3/bin/../lib/gcc/arm-none-eabi/4.9.3/armv7-m/crtn.o
START GROUP
LOAD c:/program files (x86)/cypress/psoc creator/3.3/psoc creator/import/gnu/arm/4.9.3/bin/../lib/gcc/arm-none-eabi/4.9.3/armv7-m\libgcc.a
LOAD c:/program files (x86)/cypress/psoc creator/3.3/psoc creator/import/gnu/arm/4.9.3/bin/../lib/gcc/arm-none-eabi/4.9.3/../../../../arm-none-eabi/lib/armv7-m\libc.a
LOAD c:/program files (x86)/cypress/psoc creator/3.3/psoc creator/import/gnu/arm/4.9.3/bin/../lib/gcc/arm-none-eabi/4.9.3/../../../../arm-none-eabi/lib/armv7-m\libnosys.a
END GROUP
                0x00000000                CY_APPL_ORIGIN = 0x0
                0x00000100                CY_FLASH_ROW_SIZE = 0x100
                0x00000020                CY_ECC_ROW_SIZE = 0x20
                0x00000000                CY_EE_IN_BTLDR = 0x0
                0x00000000                CY_APPL_LOADABLE = 0x0
                0x00000800                CY_EE_SIZE = 0x800
                0x00000001                CY_APPL_NUM = 0x1
                0x00000001                CY_APPL_MAX = 0x1
                0x00000040                CY_METADATA_SIZE = 0x40
                0x00000000                CY_APPL_LOADABLE = 0x0
                0x00000000                CY_CHECKSUM_EXCLUDE_SIZE = ALIGN (0x0, CY_FLASH_ROW_SIZE)
                0x1fff89c0                PROVIDE (__cy_heap_start, _end)
                0x00000001                PROVIDE (__cy_region_num, ((__cy_regions_end - __cy_regions) / 0x10))
                0x20008000                PROVIDE (__cy_stack, (ORIGIN (ram) + 0x10000))
                0x20007800                PROVIDE (__cy_heap_end, (__cy_stack - 0x800))

.cybootloader   0x00000000        0x0
 *(.cybootloader)
                0x00000000                appl1_start = CY_APPL_ORIGIN?CY_APPL_ORIGIN:ALIGN (CY_FLASH_ROW_SIZE)
                0x0001ff00                appl2_start = (appl1_start + ALIGN ((((0x40000 - appl1_start) - (0x2 * CY_FLASH_ROW_SIZE)) / 0x2), CY_FLASH_ROW_SIZE))
                0x00000000                appl_start = (CY_APPL_NUM == 0x1)?appl1_start:appl2_start
                0x00000000                ecc_offset = ((appl_start / CY_FLASH_ROW_SIZE) * CY_ECC_ROW_SIZE)
                0x00000000                ee_offset = (CY_APPL_LOADABLE && ! (CY_EE_IN_BTLDR))?((CY_EE_SIZE / CY_APPL_MAX) * (CY_APPL_NUM - 0x1)):0x0
                0x00000800                ee_size = (CY_APPL_LOADABLE && ! (CY_EE_IN_BTLDR))?(CY_EE_SIZE / CY_APPL_MAX):CY_EE_SIZE
                0x00000000                PROVIDE (CY_ECC_OFFSET, ecc_offset)

.text           0x00000000     0xc13c
 CREATE_OBJECT_SYMBOLS
                0x00000000                PROVIDE (__cy_interrupt_vector, RomVectors)
 *(.romvectors)
 .romvectors    0x00000000       0x10 .\CortexM3\ARM_GCC_493\Debug\Cm3Start.o
                0x00000000                RomVectors
                0x00000001                ASSERT ((. != __cy_interrupt_vector), No interrupt vector)
                0x00000001                ASSERT (CY_APPL_ORIGIN?(SIZEOF (.cybootloader) <= CY_APPL_ORIGIN):0x1, Wrong image location)
                0x00000010                PROVIDE (__cy_reset, Reset)
 *(.text.Reset)
 .text.Reset    0x00000010       0x18 .\CortexM3\ARM_GCC_493\Debug\Cm3Start.o
                0x00000010                Reset
                0x00000001                ASSERT ((. != __cy_reset), No reset code)
 *(.dma_init)
                0x00000001                ASSERT ((((appl_start + .) <= 0x10000) || 0x1), DMA Init must be within the first 64k of flash)
 *(.text .text.* .gnu.linkonce.t.*)
 .text          0x00000028       0x5c c:/program files (x86)/cypress/psoc creator/3.3/psoc creator/import/gnu/arm/4.9.3/bin/../lib/gcc/arm-none-eabi/4.9.3/armv7-m/crtbegin.o
 .text.main     0x00000084       0x9c .\CortexM3\ARM_GCC_493\Debug\main.o
                0x00000084                main
 .text.CalibrationRequested
                0x00000120       0x38 .\CortexM3\ARM_GCC_493\Debug\cal.o
 .text.SetCalibrationStatusBit
                0x00000158       0x24 .\CortexM3\ARM_GCC_493\Debug\cal.o
 .text.ClearCalibrationStatusBit
                0x0000017c       0x2c .\CortexM3\ARM_GCC_493\Debug\cal.o
 .text.ReadFloat
                0x000001a8       0x3c .\CortexM3\ARM_GCC_493\Debug\cal.o
 .text.Cal_Init
                0x000001e4       0x10 .\CortexM3\ARM_GCC_493\Debug\cal.o
                0x000001e4                Cal_Init
 .text.Cal_Start
                0x000001f4       0x14 .\CortexM3\ARM_GCC_493\Debug\cal.o
                0x000001f4                Cal_Start
 .text.Cal_ReadControl
                0x00000208      0x12c .\CortexM3\ARM_GCC_493\Debug\cal.o
                0x00000208                Cal_ReadControl
 .text.Cal_LeftGetMotorCalData
                0x00000334       0x18 .\CortexM3\ARM_GCC_493\Debug\cal.o
                0x00000334                Cal_LeftGetMotorCalData
 .text.Cal_RightGetMotorCalData
                0x0000034c       0x18 .\CortexM3\ARM_GCC_493\Debug\cal.o
                0x0000034c                Cal_RightGetMotorCalData
 .text.Cal_LeftGetPidGains
                0x00000364        0xc .\CortexM3\ARM_GCC_493\Debug\cal.o
                0x00000364                Cal_LeftGetPidGains
 .text.Cal_RightGetPidGains
                0x00000370        0xc .\CortexM3\ARM_GCC_493\Debug\cal.o
                0x00000370                Cal_RightGetPidGains
 .text.CalculateLeftRightSpeed
                0x0000037c       0x24 .\CortexM3\ARM_GCC_493\Debug\control.o
 .text.Control_Init
                0x000003a0        0x4 .\CortexM3\ARM_GCC_493\Debug\control.o
                0x000003a0                Control_Init
 .text.Control_Start
                0x000003a4        0x4 .\CortexM3\ARM_GCC_493\Debug\control.o
                0x000003a4                Control_Start
 .text.Control_Update
                0x000003a8       0x28 .\CortexM3\ARM_GCC_493\Debug\control.o
                0x000003a8                Control_Update
 .text.Control_LeftGetCmdVelocity
                0x000003d0        0xc .\CortexM3\ARM_GCC_493\Debug\control.o
                0x000003d0                Control_LeftGetCmdVelocity
 .text.Control_RightGetCmdVelocity
                0x000003dc        0xc .\CortexM3\ARM_GCC_493\Debug\control.o
                0x000003dc                Control_RightGetCmdVelocity
 .text.Debug_Init
                0x000003e8        0x4 .\CortexM3\ARM_GCC_493\Debug\debug.o
                0x000003e8                Debug_Init
 .text.Debug_Start
                0x000003ec        0x4 .\CortexM3\ARM_GCC_493\Debug\debug.o
                0x000003ec                Debug_Start
 .text.Diag_Init
                0x000003f0       0x18 .\CortexM3\ARM_GCC_493\Debug\diag.o
                0x000003f0                Diag_Init
 .text.Diag_Start
                0x00000408        0x4 .\CortexM3\ARM_GCC_493\Debug\diag.o
                0x00000408                Diag_Start
 .text.Diag_Update
                0x0000040c       0x38 .\CortexM3\ARM_GCC_493\Debug\diag.o
                0x0000040c                Diag_Update
 *fill*         0x00000444        0x4 
 .text.Encoder_Sample
                0x00000448       0x70 .\CortexM3\ARM_GCC_493\Debug\encoder.o
 .text.Encoder_Init
                0x000004b8       0x48 .\CortexM3\ARM_GCC_493\Debug\encoder.o
                0x000004b8                Encoder_Init
 .text.Encoder_Start
                0x00000500       0x20 .\CortexM3\ARM_GCC_493\Debug\encoder.o
                0x00000500                Encoder_Start
 .text.Encoder_Update
                0x00000520       0x58 .\CortexM3\ARM_GCC_493\Debug\encoder.o
                0x00000520                Encoder_Update
 .text.Encoder_LeftGetCntsPerSec
                0x00000578        0xc .\CortexM3\ARM_GCC_493\Debug\encoder.o
                0x00000578                Encoder_LeftGetCntsPerSec
 .text.Encoder_RightGetCntsPerSec
                0x00000584        0xc .\CortexM3\ARM_GCC_493\Debug\encoder.o
                0x00000584                Encoder_RightGetCntsPerSec
 .text.Encoder_LeftGetMeterPerSec
                0x00000590        0xc .\CortexM3\ARM_GCC_493\Debug\encoder.o
                0x00000590                Encoder_LeftGetMeterPerSec
 .text.Encoder_RightGetMeterPerSec
                0x0000059c        0xc .\CortexM3\ARM_GCC_493\Debug\encoder.o
                0x0000059c                Encoder_RightGetMeterPerSec
 .text.Encoder_Reset
                0x000005a8       0x3c .\CortexM3\ARM_GCC_493\Debug\encoder.o
                0x000005a8                Encoder_Reset
 .text.I2c_Init
                0x000005e4       0x20 .\CortexM3\ARM_GCC_493\Debug\i2c.o
                0x000005e4                I2c_Init
 .text.I2c_Start
                0x00000604       0x24 .\CortexM3\ARM_GCC_493\Debug\i2c.o
                0x00000604                I2c_Start
 .text.I2c_ReadDeviceControl
                0x00000628       0x2c .\CortexM3\ARM_GCC_493\Debug\i2c.o
                0x00000628                I2c_ReadDeviceControl
 *fill*         0x00000654        0x4 
 .text.I2c_ReadCmdVelocity
                0x00000658      0x130 .\CortexM3\ARM_GCC_493\Debug\i2c.o
                0x00000658                I2c_ReadCmdVelocity
 .text.I2c_SetCalibrationStatusBit
                0x00000788       0x38 .\CortexM3\ARM_GCC_493\Debug\i2c.o
                0x00000788                I2c_SetCalibrationStatusBit
 .text.I2c_ClearCalibrationStatusBit
                0x000007c0       0x3c .\CortexM3\ARM_GCC_493\Debug\i2c.o
                0x000007c0                I2c_ClearCalibrationStatusBit
 .text.I2c_WriteOdom
                0x000007fc       0x9c .\CortexM3\ARM_GCC_493\Debug\i2c.o
                0x000007fc                I2c_WriteOdom
 .text.I2c_UpdateHeartbeat
                0x00000898       0x2c .\CortexM3\ARM_GCC_493\Debug\i2c.o
                0x00000898                I2c_UpdateHeartbeat
 .text.Interpolate
                0x000008c4       0x3c .\CortexM3\ARM_GCC_493\Debug\motor.o
 .text.calculate_pwm
                0x00000900       0x74 .\CortexM3\ARM_GCC_493\Debug\motor.o
 .text.calc_motor_output_from_cps
                0x00000974       0xa8 .\CortexM3\ARM_GCC_493\Debug\motor.o
 .text.RampSpeed
                0x00000a1c       0x44 .\CortexM3\ARM_GCC_493\Debug\motor.o
 .text.CollectCpsPwmSamples
                0x00000a60       0x58 .\CortexM3\ARM_GCC_493\Debug\motor.o
 .text.Motor_Init
                0x00000ab8       0x18 .\CortexM3\ARM_GCC_493\Debug\motor.o
                0x00000ab8                Motor_Init
 .text.Motor_Start
                0x00000ad0       0x48 .\CortexM3\ARM_GCC_493\Debug\motor.o
                0x00000ad0                Motor_Start
 .text.Motor_LeftSetCntsPerSec
                0x00000b18       0x18 .\CortexM3\ARM_GCC_493\Debug\motor.o
                0x00000b18                Motor_LeftSetCntsPerSec
 .text.Motor_RightSetCntsPerSec
                0x00000b30       0x18 .\CortexM3\ARM_GCC_493\Debug\motor.o
                0x00000b30                Motor_RightSetCntsPerSec
 .text.Motor_LeftSetMeterPerSec
                0x00000b48       0x28 .\CortexM3\ARM_GCC_493\Debug\motor.o
                0x00000b48                Motor_LeftSetMeterPerSec
 .text.Motor_RightSetMeterPerSec
                0x00000b70       0x28 .\CortexM3\ARM_GCC_493\Debug\motor.o
                0x00000b70                Motor_RightSetMeterPerSec
 .text.Motor_LeftGetPwm
                0x00000b98        0xc .\CortexM3\ARM_GCC_493\Debug\motor.o
                0x00000b98                Motor_LeftGetPwm
 .text.Motor_RightGetPwm
                0x00000ba4        0xc .\CortexM3\ARM_GCC_493\Debug\motor.o
                0x00000ba4                Motor_RightGetPwm
 .text.Motor_Stop
                0x00000bb0       0x20 .\CortexM3\ARM_GCC_493\Debug\motor.o
                0x00000bb0                Motor_Stop
 .text.Motor_CollectPwmCpsSamples
                0x00000bd0       0xb4 .\CortexM3\ARM_GCC_493\Debug\motor.o
                0x00000bd0                Motor_CollectPwmCpsSamples
 .text.Motor_LeftSetCalibration
                0x00000c84        0xc .\CortexM3\ARM_GCC_493\Debug\motor.o
                0x00000c84                Motor_LeftSetCalibration
 .text.Motor_RightSetCalibration
                0x00000c90        0xc .\CortexM3\ARM_GCC_493\Debug\motor.o
                0x00000c90                Motor_RightSetCalibration
 .text.Odom_Init
                0x00000c9c       0x14 .\CortexM3\ARM_GCC_493\Debug\odom.o
                0x00000c9c                Odom_Init
 .text.Odom_Start
                0x00000cb0        0x4 .\CortexM3\ARM_GCC_493\Debug\odom.o
                0x00000cb0                Odom_Start
 *fill*         0x00000cb4        0x4 
 .text.calc_odom
                0x00000cb8      0x298 .\CortexM3\ARM_GCC_493\Debug\odom.o
                0x00000cb8                calc_odom
 .text.Odom_Update
                0x00000f50       0x5c .\CortexM3\ARM_GCC_493\Debug\odom.o
                0x00000f50                Odom_Update
 .text.Odom_Reset
                0x00000fac       0x28 .\CortexM3\ARM_GCC_493\Debug\odom.o
                0x00000fac                Odom_Reset
 .text.Odom_GetPosition
                0x00000fd4       0x10 .\CortexM3\ARM_GCC_493\Debug\odom.o
                0x00000fd4                Odom_GetPosition
 .text.Odom_GetHeading
                0x00000fe4        0xc .\CortexM3\ARM_GCC_493\Debug\odom.o
                0x00000fe4                Odom_GetHeading
 .text.ProcessPid
                0x00000ff0       0xb0 .\CortexM3\ARM_GCC_493\Debug\pid.o
 .text.Pid_Init
                0x000010a0       0x68 .\CortexM3\ARM_GCC_493\Debug\pid.o
                0x000010a0                Pid_Init
 .text.Pid_Start
                0x00001108       0x30 .\CortexM3\ARM_GCC_493\Debug\pid.o
                0x00001108                Pid_Start
 .text.Pid_Update
                0x00001138       0x50 .\CortexM3\ARM_GCC_493\Debug\pid.o
                0x00001138                Pid_Update
 .text.StepImpulse
                0x00001188       0x80 .\CortexM3\ARM_GCC_493\Debug\pid.o
 .text.Pid_LeftStepInput
                0x00001208       0x28 .\CortexM3\ARM_GCC_493\Debug\pid.o
                0x00001208                Pid_LeftStepInput
 .text.Pid_RightStepInput
                0x00001230       0x28 .\CortexM3\ARM_GCC_493\Debug\pid.o
                0x00001230                Pid_RightStepInput
 .text.SysTickIsrHandler
                0x00001258       0x10 .\CortexM3\ARM_GCC_493\Debug\time.o
 .text.Time_Init
                0x00001268        0xc .\CortexM3\ARM_GCC_493\Debug\time.o
                0x00001268                Time_Init
 .text.Time_Start
                0x00001274       0x2c .\CortexM3\ARM_GCC_493\Debug\time.o
                0x00001274                Time_Start
 .text.millis   0x000012a0        0xc .\CortexM3\ARM_GCC_493\Debug\time.o
                0x000012a0                millis
 .text.Ultrasonic_Init
                0x000012ac        0x4 .\CortexM3\ARM_GCC_493\Debug\ultrasonic.o
                0x000012ac                Ultrasonic_Init
 .text.MovingAverageFloat
                0x000012b0       0x2c .\CortexM3\ARM_GCC_493\Debug\utils.o
                0x000012b0                MovingAverageFloat
 .text.Uint16ToTwoBytes
                0x000012dc        0x8 .\CortexM3\ARM_GCC_493\Debug\utils.o
                0x000012dc                Uint16ToTwoBytes
 .text.FloatToFourBytes
                0x000012e4       0x20 .\CortexM3\ARM_GCC_493\Debug\utils.o
                0x000012e4                FloatToFourBytes
 .text.BinaryRangeSearch
                0x00001304       0x50 .\CortexM3\ARM_GCC_493\Debug\utils.o
                0x00001304                BinaryRangeSearch
 *fill*         0x00001354        0x4 
 .text.ConvertLinearAngularToDifferential
                0x00001358       0x70 .\CortexM3\ARM_GCC_493\Debug\utils.o
                0x00001358                ConvertLinearAngularToDifferential
 .text.initializeQueue
                0x000013c8       0x10 .\CortexM3\ARM_GCC_493\Debug\infrared.o
                0x000013c8                initializeQueue
 .text.Infrared_Init
                0x000013d8       0x30 .\CortexM3\ARM_GCC_493\Debug\infrared.o
                0x000013d8                Infrared_Init
 .text.PIDCompute
                0x00001408       0xa4 .\CortexM3\ARM_GCC_493\Debug\pid_controller.o
                0x00001408                PIDCompute
 .text.PIDOutputLimitsSet
                0x000014ac       0x5c .\CortexM3\ARM_GCC_493\Debug\pid_controller.o
                0x000014ac                PIDOutputLimitsSet
 .text.PIDTuningsSet
                0x00001508       0x6c .\CortexM3\ARM_GCC_493\Debug\pid_controller.o
                0x00001508                PIDTuningsSet
 .text.PIDInit  0x00001574       0x54 .\CortexM3\ARM_GCC_493\Debug\pid_controller.o
                0x00001574                PIDInit
 .text.PIDSetpointSet
                0x000015c8        0x4 .\CortexM3\ARM_GCC_493\Debug\pid_controller.o
                0x000015c8                PIDSetpointSet
 .text.PIDInputSet
                0x000015cc        0x4 .\CortexM3\ARM_GCC_493\Debug\pid_controller.o
                0x000015cc                PIDInputSet
 .text.Ser_Init
                0x000015d0        0x4 .\CortexM3\ARM_GCC_493\Debug\serial.o
                0x000015d0                Ser_Init
 .text.Ser_Start
                0x000015d4       0x2c .\CortexM3\ARM_GCC_493\Debug\serial.o
                0x000015d4                Ser_Start
 .text.Ser_PutString
                0x00001600       0x18 .\CortexM3\ARM_GCC_493\Debug\serial.o
                0x00001600                Ser_PutString
 .text.Ser_IsDataReady
                0x00001618       0x1c .\CortexM3\ARM_GCC_493\Debug\serial.o
                0x00001618                Ser_IsDataReady
 .text.Ser_ReadFloat
                0x00001634       0x18 .\CortexM3\ARM_GCC_493\Debug\serial.o
                0x00001634                Ser_ReadFloat
 .text.Ser_ReadChar
                0x0000164c       0x28 .\CortexM3\ARM_GCC_493\Debug\serial.o
                0x0000164c                Ser_ReadChar
 .text.Ser_FlushRead
                0x00001674       0x1c .\CortexM3\ARM_GCC_493\Debug\serial.o
                0x00001674                Ser_FlushRead
 .text.Nvstore_Init
                0x00001690        0x4 .\CortexM3\ARM_GCC_493\Debug\nvstore.o
                0x00001690                Nvstore_Init
 .text.Nvstore_Start
                0x00001694        0x8 .\CortexM3\ARM_GCC_493\Debug\nvstore.o
                0x00001694                Nvstore_Start
 .text.Nvstore_WriteBytes
                0x0000169c       0xc8 .\CortexM3\ARM_GCC_493\Debug\nvstore.o
                0x0000169c                Nvstore_WriteBytes
 .text.Nvstore_WriteUint16
                0x00001764       0x28 .\CortexM3\ARM_GCC_493\Debug\nvstore.o
                0x00001764                Nvstore_WriteUint16
 .text.Nvstore_WriteFloat
                0x0000178c       0x2c .\CortexM3\ARM_GCC_493\Debug\nvstore.o
                0x0000178c                Nvstore_WriteFloat
 .text.Init     0x000017b8       0x28 .\CortexM3\ARM_GCC_493\Debug\calcps2pwm.o
 .text.CalculatePwmSamples
                0x000017e0       0x64 .\CortexM3\ARM_GCC_493\Debug\calcps2pwm.o
 .text.AddSamplesToSum
                0x00001844       0x24 .\CortexM3\ARM_GCC_493\Debug\calcps2pwm.o
 .text.CalculateAvgCpsSamples
                0x00001868       0x20 .\CortexM3\ARM_GCC_493\Debug\calcps2pwm.o
 .text.CalculateMinMaxCpsSample
                0x00001888       0x38 .\CortexM3\ARM_GCC_493\Debug\calcps2pwm.o
 .text.CalibrateWheelSpeed
                0x000018c0       0x5c .\CortexM3\ARM_GCC_493\Debug\calcps2pwm.o
 .text.StoreWheelSpeedSamples
                0x0000191c       0x5c .\CortexM3\ARM_GCC_493\Debug\calcps2pwm.o
 .text.OutputSamples
                0x00001978       0x64 .\CortexM3\ARM_GCC_493\Debug\calcps2pwm.o
 .text.PerformCountPerSecToPwmCalibration
                0x000019dc      0x11c .\CortexM3\ARM_GCC_493\Debug\calcps2pwm.o
                0x000019dc                PerformCountPerSecToPwmCalibration
 .text.Twiddle  0x00001af8      0x160 .\CortexM3\ARM_GCC_493\Debug\calpid.o
 .text.StoreLeftGains
                0x00001c58       0x3c .\CortexM3\ARM_GCC_493\Debug\calpid.o
 .text.DoLeftTwiddle
                0x00001c94       0x28 .\CortexM3\ARM_GCC_493\Debug\calpid.o
 .text.StoreRightGains
                0x00001cbc       0x3c .\CortexM3\ARM_GCC_493\Debug\calpid.o
 .text.DoRightTwiddle
                0x00001cf8       0x28 .\CortexM3\ARM_GCC_493\Debug\calpid.o
 .text.PerformPidCalibration
                0x00001d20       0x28 .\CortexM3\ARM_GCC_493\Debug\calpid.o
                0x00001d20                PerformPidCalibration
 .text.PerformAngularBiasCalibration
                0x00001d48      0x120 .\CortexM3\ARM_GCC_493\Debug\calang.o
                0x00001d48                PerformAngularBiasCalibration
 .text.PerformLinearBiasCalibration
                0x00001e68      0x130 .\CortexM3\ARM_GCC_493\Debug\callin.o
                0x00001e68                PerformLinearBiasCalibration
 .text.IntDefaultHandler
                0x00001f98        0x4 .\CortexM3\ARM_GCC_493\Debug\Cm3Start.o
                0x00001f98                IntDefaultHandler
 .text._exit    0x00001f9c        0xc .\CortexM3\ARM_GCC_493\Debug\Cm3Start.o
                0x00001f9c                _exit
 .text._sbrk    0x00001fa8       0x30 .\CortexM3\ARM_GCC_493\Debug\Cm3Start.o
                0x00001fa8                _sbrk
 .text.Start_c  0x00001fd8       0x4c .\CortexM3\ARM_GCC_493\Debug\Cm3Start.o
                0x00001fd8                Start_c
 .text.initialize_psoc
                0x00002024       0x74 .\CortexM3\ARM_GCC_493\Debug\Cm3Start.o
                0x00002024                initialize_psoc
 .text.cfg_write_bytes32
                0x00002098       0x34 .\CortexM3\ARM_GCC_493\Debug\freesoc.a(cyfitter_cfg.o)
 .text.CYMEMZERO
                0x000020cc        0xc .\CortexM3\ARM_GCC_493\Debug\freesoc.a(cyfitter_cfg.o)
 .text.ClockSetup
                0x000020d8       0xe4 .\CortexM3\ARM_GCC_493\Debug\freesoc.a(cyfitter_cfg.o)
 .text.AnalogSetDefault
                0x000021bc       0x80 .\CortexM3\ARM_GCC_493\Debug\freesoc.a(cyfitter_cfg.o)
 .text.CYCONFIGCPY
                0x0000223c        0x8 .\CortexM3\ARM_GCC_493\Debug\freesoc.a(cyfitter_cfg.o)
 .text.Front_AMuxSeq_DisconnectAll
                0x00002244       0x18 .\CortexM3\ARM_GCC_493\Debug\freesoc.a(cyfitter_cfg.o)
                0x00002244                Front_AMuxSeq_DisconnectAll
 .text.Rear_AMuxSeq_DisconnectAll
                0x0000225c       0x18 .\CortexM3\ARM_GCC_493\Debug\freesoc.a(cyfitter_cfg.o)
                0x0000225c                Rear_AMuxSeq_DisconnectAll
 .text.cyfitter_cfg
                0x00002274      0x188 .\CortexM3\ARM_GCC_493\Debug\freesoc.a(cyfitter_cfg.o)
                0x00002274                cyfitter_cfg
 .text.Left_HB25_Enable_Pin_Write
                0x000023fc       0x18 .\CortexM3\ARM_GCC_493\Debug\freesoc.a(Left_HB25_Enable_Pin.o)
                0x000023fc                Left_HB25_Enable_Pin_Write
 .text.Left_HB25_PWM_Stop
                0x00002414        0x4 .\CortexM3\ARM_GCC_493\Debug\freesoc.a(Left_HB25_PWM.o)
                0x00002414                Left_HB25_PWM_Stop
 .text.Left_HB25_PWM_WriteCounter
                0x00002418        0xc .\CortexM3\ARM_GCC_493\Debug\freesoc.a(Left_HB25_PWM.o)
                0x00002418                Left_HB25_PWM_WriteCounter
 .text.Left_HB25_PWM_WritePeriod
                0x00002424        0xc .\CortexM3\ARM_GCC_493\Debug\freesoc.a(Left_HB25_PWM.o)
                0x00002424                Left_HB25_PWM_WritePeriod
 .text.Left_HB25_PWM_WriteCompare
                0x00002430        0xc .\CortexM3\ARM_GCC_493\Debug\freesoc.a(Left_HB25_PWM.o)
                0x00002430                Left_HB25_PWM_WriteCompare
 .text.Left_HB25_PWM_Init
                0x0000243c       0x34 .\CortexM3\ARM_GCC_493\Debug\freesoc.a(Left_HB25_PWM.o)
                0x0000243c                Left_HB25_PWM_Init
 .text.Left_HB25_PWM_Start
                0x00002470       0x18 .\CortexM3\ARM_GCC_493\Debug\freesoc.a(Left_HB25_PWM.o)
                0x00002470                Left_HB25_PWM_Start
 .text.Right_HB25_Enable_Pin_Write
                0x00002488       0x18 .\CortexM3\ARM_GCC_493\Debug\freesoc.a(Right_HB25_Enable_Pin.o)
                0x00002488                Right_HB25_Enable_Pin_Write
 .text.Right_HB25_PWM_Stop
                0x000024a0        0x4 .\CortexM3\ARM_GCC_493\Debug\freesoc.a(Right_HB25_PWM.o)
                0x000024a0                Right_HB25_PWM_Stop
 .text.Right_HB25_PWM_WriteCounter
                0x000024a4        0xc .\CortexM3\ARM_GCC_493\Debug\freesoc.a(Right_HB25_PWM.o)
                0x000024a4                Right_HB25_PWM_WriteCounter
 .text.Right_HB25_PWM_WritePeriod
                0x000024b0        0xc .\CortexM3\ARM_GCC_493\Debug\freesoc.a(Right_HB25_PWM.o)
                0x000024b0                Right_HB25_PWM_WritePeriod
 .text.Right_HB25_PWM_WriteCompare
                0x000024bc        0xc .\CortexM3\ARM_GCC_493\Debug\freesoc.a(Right_HB25_PWM.o)
                0x000024bc                Right_HB25_PWM_WriteCompare
 .text.Right_HB25_PWM_Init
                0x000024c8       0x34 .\CortexM3\ARM_GCC_493\Debug\freesoc.a(Right_HB25_PWM.o)
                0x000024c8                Right_HB25_PWM_Init
 .text.Right_HB25_PWM_Start
                0x000024fc       0x18 .\CortexM3\ARM_GCC_493\Debug\freesoc.a(Right_HB25_PWM.o)
                0x000024fc                Right_HB25_PWM_Start
 *fill*         0x00002514        0x4 
 .text          0x00002518       0x20 .\CortexM3\ARM_GCC_493\Debug\freesoc.a(CyBootAsmGnu.o)
                0x00002518                CyDelayCycles
                0x00002528                CyEnterCriticalSection
                0x00002530                CyExitCriticalSection
 .text.CyHalt   0x00002538        0x4 .\CortexM3\ARM_GCC_493\Debug\freesoc.a(CyLib.o)
                0x00002538                CyHalt
 .text.CyDelay  0x0000253c       0x2c .\CortexM3\ARM_GCC_493\Debug\freesoc.a(CyLib.o)
                0x0000253c                CyDelay
 .text.CyDelayUs
                0x00002568       0x14 .\CortexM3\ARM_GCC_493\Debug\freesoc.a(CyLib.o)
                0x00002568                CyDelayUs
 .text.CyIntSetSysVector
                0x0000257c       0x28 .\CortexM3\ARM_GCC_493\Debug\freesoc.a(CyLib.o)
                0x0000257c                CyIntSetSysVector
 .text.CyIntSetVector
                0x000025a4       0x28 .\CortexM3\ARM_GCC_493\Debug\freesoc.a(CyLib.o)
                0x000025a4                CyIntSetVector
 .text.CyIntSetPriority
                0x000025cc       0x30 .\CortexM3\ARM_GCC_493\Debug\freesoc.a(CyLib.o)
                0x000025cc                CyIntSetPriority
 .text.CySysTickEnableInterrupt
                0x000025fc       0x10 .\CortexM3\ARM_GCC_493\Debug\freesoc.a(CyLib.o)
                0x000025fc                CySysTickEnableInterrupt
 .text.CySysTickEnable
                0x0000260c       0x18 .\CortexM3\ARM_GCC_493\Debug\freesoc.a(CyLib.o)
                0x0000260c                CySysTickEnable
 .text.CySysTickSetReload
                0x00002624       0x10 .\CortexM3\ARM_GCC_493\Debug\freesoc.a(CyLib.o)
                0x00002624                CySysTickSetReload
 .text.CySysTickSetClockSource
                0x00002634       0x20 .\CortexM3\ARM_GCC_493\Debug\freesoc.a(CyLib.o)
                0x00002634                CySysTickSetClockSource
 .text.CySysTickGetCountFlag
                0x00002654       0x10 .\CortexM3\ARM_GCC_493\Debug\freesoc.a(CyLib.o)
                0x00002654                CySysTickGetCountFlag
 .text.CySysTickServiceCallbacks
                0x00002664       0x28 .\CortexM3\ARM_GCC_493\Debug\freesoc.a(CyLib.o)
 .text.CySysTickClear
                0x0000268c        0xc .\CortexM3\ARM_GCC_493\Debug\freesoc.a(CyLib.o)
                0x0000268c                CySysTickClear
 .text.CySysTickInit
                0x00002698       0x58 .\CortexM3\ARM_GCC_493\Debug\freesoc.a(CyLib.o)
                0x00002698                CySysTickInit
 .text.CySysTickStart
                0x000026f0       0x1c .\CortexM3\ARM_GCC_493\Debug\freesoc.a(CyLib.o)
                0x000026f0                CySysTickStart
 .text.CySysTickSetCallback
                0x0000270c       0x10 .\CortexM3\ARM_GCC_493\Debug\freesoc.a(CyLib.o)
                0x0000270c                CySysTickSetCallback
 .text.CySysTickGetCallback
                0x0000271c       0x10 .\CortexM3\ARM_GCC_493\Debug\freesoc.a(CyLib.o)
                0x0000271c                CySysTickGetCallback
 .text.CyGetUniqueId
                0x0000272c       0x70 .\CortexM3\ARM_GCC_493\Debug\freesoc.a(CyLib.o)
                0x0000272c                CyGetUniqueId
 .text.EZI2C_Slave_Init
                0x0000279c       0x70 .\CortexM3\ARM_GCC_493\Debug\freesoc.a(EZI2C_Slave.o)
                0x0000279c                EZI2C_Slave_Init
 .text.EZI2C_Slave_Enable
                0x0000280c       0x30 .\CortexM3\ARM_GCC_493\Debug\freesoc.a(EZI2C_Slave.o)
                0x0000280c                EZI2C_Slave_Enable
 .text.EZI2C_Slave_Start
                0x0000283c       0x1c .\CortexM3\ARM_GCC_493\Debug\freesoc.a(EZI2C_Slave.o)
                0x0000283c                EZI2C_Slave_Start
 .text.EZI2C_Slave_GetActivity
                0x00002858       0x28 .\CortexM3\ARM_GCC_493\Debug\freesoc.a(EZI2C_Slave.o)
                0x00002858                EZI2C_Slave_GetActivity
 .text.EZI2C_Slave_SetBuffer1
                0x00002880       0x50 .\CortexM3\ARM_GCC_493\Debug\freesoc.a(EZI2C_Slave.o)
                0x00002880                EZI2C_Slave_SetBuffer1
 .text.EZI2C_Slave_ISR
                0x000028d0      0x1c4 .\CortexM3\ARM_GCC_493\Debug\freesoc.a(EZI2C_Slave_INT.o)
                0x000028d0                EZI2C_Slave_ISR
 .text.Mainloop_Pin_Write
                0x00002a94       0x18 .\CortexM3\ARM_GCC_493\Debug\freesoc.a(Mainloop_Pin.o)
                0x00002a94                Mainloop_Pin_Write
 .text.EEPROM_Enable
                0x00002aac        0xc .\CortexM3\ARM_GCC_493\Debug\freesoc.a(EEPROM.o)
                0x00002aac                EEPROM_Enable
 .text.EEPROM_Start
                0x00002ab8        0x8 .\CortexM3\ARM_GCC_493\Debug\freesoc.a(EEPROM.o)
                0x00002ab8                EEPROM_Start
 .text.EEPROM_WriteByte
                0x00002ac0       0xd4 .\CortexM3\ARM_GCC_493\Debug\freesoc.a(EEPROM.o)
                0x00002ac0                EEPROM_WriteByte
 .text.EEPROM_Write
                0x00002b94       0xb4 .\CortexM3\ARM_GCC_493\Debug\freesoc.a(EEPROM.o)
                0x00002b94                EEPROM_Write
 .text.Right_QuadDec_Init
                0x00002c48       0x24 .\CortexM3\ARM_GCC_493\Debug\freesoc.a(Right_QuadDec.o)
                0x00002c48                Right_QuadDec_Init
 .text.Right_QuadDec_GetCounter
                0x00002c6c       0x2c .\CortexM3\ARM_GCC_493\Debug\freesoc.a(Right_QuadDec.o)
                0x00002c6c                Right_QuadDec_GetCounter
 .text.Right_QuadDec_SetCounter
                0x00002c98       0x28 .\CortexM3\ARM_GCC_493\Debug\freesoc.a(Right_QuadDec.o)
                0x00002c98                Right_QuadDec_SetCounter
 .text.Right_QuadDec_GetEvents
                0x00002cc0       0x10 .\CortexM3\ARM_GCC_493\Debug\freesoc.a(Right_QuadDec.o)
                0x00002cc0                Right_QuadDec_GetEvents
 .text.Right_QuadDec_SetInterruptMask
                0x00002cd0       0x10 .\CortexM3\ARM_GCC_493\Debug\freesoc.a(Right_QuadDec.o)
                0x00002cd0                Right_QuadDec_SetInterruptMask
 .text.Right_QuadDec_Enable
                0x00002ce0       0x30 .\CortexM3\ARM_GCC_493\Debug\freesoc.a(Right_QuadDec.o)
                0x00002ce0                Right_QuadDec_Enable
 .text.Right_QuadDec_Start
                0x00002d10       0x34 .\CortexM3\ARM_GCC_493\Debug\freesoc.a(Right_QuadDec.o)
                0x00002d10                Right_QuadDec_Start
 .text.Right_QuadDec_ISR
                0x00002d44       0x40 .\CortexM3\ARM_GCC_493\Debug\freesoc.a(Right_QuadDec_INT.o)
                0x00002d44                Right_QuadDec_ISR
 .text.Right_QuadDec_Cnt16_Enable
                0x00002d84       0x10 .\CortexM3\ARM_GCC_493\Debug\freesoc.a(Right_QuadDec_Cnt16.o)
                0x00002d84                Right_QuadDec_Cnt16_Enable
 .text.Right_QuadDec_Cnt16_SetInterruptMode
                0x00002d94        0xc .\CortexM3\ARM_GCC_493\Debug\freesoc.a(Right_QuadDec_Cnt16.o)
                0x00002d94                Right_QuadDec_Cnt16_SetInterruptMode
 .text.Right_QuadDec_Cnt16_ReadStatusRegister
                0x00002da0        0xc .\CortexM3\ARM_GCC_493\Debug\freesoc.a(Right_QuadDec_Cnt16.o)
                0x00002da0                Right_QuadDec_Cnt16_ReadStatusRegister
 .text.Right_QuadDec_Cnt16_WriteCounter
                0x00002dac        0xc .\CortexM3\ARM_GCC_493\Debug\freesoc.a(Right_QuadDec_Cnt16.o)
                0x00002dac                Right_QuadDec_Cnt16_WriteCounter
 .text.Right_QuadDec_Cnt16_ReadCounter
                0x00002db8       0x14 .\CortexM3\ARM_GCC_493\Debug\freesoc.a(Right_QuadDec_Cnt16.o)
                0x00002db8                Right_QuadDec_Cnt16_ReadCounter
 .text.Right_QuadDec_Cnt16_ReadCapture
                0x00002dcc        0xc .\CortexM3\ARM_GCC_493\Debug\freesoc.a(Right_QuadDec_Cnt16.o)
                0x00002dcc                Right_QuadDec_Cnt16_ReadCapture
 .text.Right_QuadDec_Cnt16_WritePeriod
                0x00002dd8        0xc .\CortexM3\ARM_GCC_493\Debug\freesoc.a(Right_QuadDec_Cnt16.o)
                0x00002dd8                Right_QuadDec_Cnt16_WritePeriod
 .text.Right_QuadDec_Cnt16_WriteCompare
                0x00002de4        0xc .\CortexM3\ARM_GCC_493\Debug\freesoc.a(Right_QuadDec_Cnt16.o)
                0x00002de4                Right_QuadDec_Cnt16_WriteCompare
 .text.Right_QuadDec_Cnt16_ClearFIFO
                0x00002df0       0x14 .\CortexM3\ARM_GCC_493\Debug\freesoc.a(Right_QuadDec_Cnt16.o)
                0x00002df0                Right_QuadDec_Cnt16_ClearFIFO
 .text.Right_QuadDec_Cnt16_Init
                0x00002e04       0x58 .\CortexM3\ARM_GCC_493\Debug\freesoc.a(Right_QuadDec_Cnt16.o)
                0x00002e04                Right_QuadDec_Cnt16_Init
 .text.Right_QuadDec_Cnt16_Start
                0x00002e5c       0x1c .\CortexM3\ARM_GCC_493\Debug\freesoc.a(Right_QuadDec_Cnt16.o)
                0x00002e5c                Right_QuadDec_Cnt16_Start
 .text.Left_QuadDec_Init
                0x00002e78       0x24 .\CortexM3\ARM_GCC_493\Debug\freesoc.a(Left_QuadDec.o)
                0x00002e78                Left_QuadDec_Init
 .text.Left_QuadDec_GetCounter
                0x00002e9c       0x2c .\CortexM3\ARM_GCC_493\Debug\freesoc.a(Left_QuadDec.o)
                0x00002e9c                Left_QuadDec_GetCounter
 .text.Left_QuadDec_SetCounter
                0x00002ec8       0x28 .\CortexM3\ARM_GCC_493\Debug\freesoc.a(Left_QuadDec.o)
                0x00002ec8                Left_QuadDec_SetCounter
 .text.Left_QuadDec_GetEvents
                0x00002ef0       0x10 .\CortexM3\ARM_GCC_493\Debug\freesoc.a(Left_QuadDec.o)
                0x00002ef0                Left_QuadDec_GetEvents
 .text.Left_QuadDec_SetInterruptMask
                0x00002f00       0x10 .\CortexM3\ARM_GCC_493\Debug\freesoc.a(Left_QuadDec.o)
                0x00002f00                Left_QuadDec_SetInterruptMask
 .text.Left_QuadDec_Enable
                0x00002f10       0x30 .\CortexM3\ARM_GCC_493\Debug\freesoc.a(Left_QuadDec.o)
                0x00002f10                Left_QuadDec_Enable
 .text.Left_QuadDec_Start
                0x00002f40       0x34 .\CortexM3\ARM_GCC_493\Debug\freesoc.a(Left_QuadDec.o)
                0x00002f40                Left_QuadDec_Start
 .text.Left_QuadDec_ISR
                0x00002f74       0x40 .\CortexM3\ARM_GCC_493\Debug\freesoc.a(Left_QuadDec_INT.o)
                0x00002f74                Left_QuadDec_ISR
 .text.Left_QuadDec_Cnt16_Enable
                0x00002fb4       0x10 .\CortexM3\ARM_GCC_493\Debug\freesoc.a(Left_QuadDec_Cnt16.o)
                0x00002fb4                Left_QuadDec_Cnt16_Enable
 .text.Left_QuadDec_Cnt16_SetInterruptMode
                0x00002fc4        0xc .\CortexM3\ARM_GCC_493\Debug\freesoc.a(Left_QuadDec_Cnt16.o)
                0x00002fc4                Left_QuadDec_Cnt16_SetInterruptMode
 .text.Left_QuadDec_Cnt16_ReadStatusRegister
                0x00002fd0        0xc .\CortexM3\ARM_GCC_493\Debug\freesoc.a(Left_QuadDec_Cnt16.o)
                0x00002fd0                Left_QuadDec_Cnt16_ReadStatusRegister
 .text.Left_QuadDec_Cnt16_WriteCounter
                0x00002fdc        0xc .\CortexM3\ARM_GCC_493\Debug\freesoc.a(Left_QuadDec_Cnt16.o)
                0x00002fdc                Left_QuadDec_Cnt16_WriteCounter
 .text.Left_QuadDec_Cnt16_ReadCounter
                0x00002fe8       0x14 .\CortexM3\ARM_GCC_493\Debug\freesoc.a(Left_QuadDec_Cnt16.o)
                0x00002fe8                Left_QuadDec_Cnt16_ReadCounter
 .text.Left_QuadDec_Cnt16_ReadCapture
                0x00002ffc        0xc .\CortexM3\ARM_GCC_493\Debug\freesoc.a(Left_QuadDec_Cnt16.o)
                0x00002ffc                Left_QuadDec_Cnt16_ReadCapture
 .text.Left_QuadDec_Cnt16_WritePeriod
                0x00003008        0xc .\CortexM3\ARM_GCC_493\Debug\freesoc.a(Left_QuadDec_Cnt16.o)
                0x00003008                Left_QuadDec_Cnt16_WritePeriod
 .text.Left_QuadDec_Cnt16_WriteCompare
                0x00003014        0xc .\CortexM3\ARM_GCC_493\Debug\freesoc.a(Left_QuadDec_Cnt16.o)
                0x00003014                Left_QuadDec_Cnt16_WriteCompare
 .text.Left_QuadDec_Cnt16_ClearFIFO
                0x00003020       0x14 .\CortexM3\ARM_GCC_493\Debug\freesoc.a(Left_QuadDec_Cnt16.o)
                0x00003020                Left_QuadDec_Cnt16_ClearFIFO
 .text.Left_QuadDec_Cnt16_Init
                0x00003034       0x58 .\CortexM3\ARM_GCC_493\Debug\freesoc.a(Left_QuadDec_Cnt16.o)
                0x00003034                Left_QuadDec_Cnt16_Init
 .text.Left_QuadDec_Cnt16_Start
                0x0000308c       0x1c .\CortexM3\ARM_GCC_493\Debug\freesoc.a(Left_QuadDec_Cnt16.o)
                0x0000308c                Left_QuadDec_Cnt16_Start
 .text.USBUART_Init
                0x000030a8      0x140 .\CortexM3\ARM_GCC_493\Debug\freesoc.a(USBUART.o)
                0x000030a8                USBUART_Init
 .text.USBUART_InitComponent
                0x000031e8       0xd4 .\CortexM3\ARM_GCC_493\Debug\freesoc.a(USBUART.o)
                0x000031e8                USBUART_InitComponent
 .text.USBUART_Start
                0x000032bc       0x24 .\CortexM3\ARM_GCC_493\Debug\freesoc.a(USBUART.o)
                0x000032bc                USBUART_Start
 .text.USBUART_ReInitComponent
                0x000032e0       0x64 .\CortexM3\ARM_GCC_493\Debug\freesoc.a(USBUART.o)
                0x000032e0                USBUART_ReInitComponent
 .text.USBUART_GetConfiguration
                0x00003344        0xc .\CortexM3\ARM_GCC_493\Debug\freesoc.a(USBUART.o)
                0x00003344                USBUART_GetConfiguration
 .text.USBUART_IsConfigurationChanged
                0x00003350       0x20 .\CortexM3\ARM_GCC_493\Debug\freesoc.a(USBUART.o)
                0x00003350                USBUART_IsConfigurationChanged
 .text.USBUART_GetEPState
                0x00003370       0x14 .\CortexM3\ARM_GCC_493\Debug\freesoc.a(USBUART.o)
                0x00003370                USBUART_GetEPState
 .text.USBUART_GetEPCount
                0x00003384       0x28 .\CortexM3\ARM_GCC_493\Debug\freesoc.a(USBUART.o)
                0x00003384                USBUART_GetEPCount
 .text.USBUART_LoadInEP
                0x000033ac       0x94 .\CortexM3\ARM_GCC_493\Debug\freesoc.a(USBUART.o)
                0x000033ac                USBUART_LoadInEP
 .text.USBUART_EnableOutEP
                0x00003440       0x2c .\CortexM3\ARM_GCC_493\Debug\freesoc.a(USBUART.o)
                0x00003440                USBUART_EnableOutEP
 .text.USBUART_ReadOutEP
                0x0000346c       0x50 .\CortexM3\ARM_GCC_493\Debug\freesoc.a(USBUART.o)
                0x0000346c                USBUART_ReadOutEP
 .text.USBUART_StrLen
                0x000034bc       0x14 .\CortexM3\ARM_GCC_493\Debug\freesoc.a(USBUART_cdc.o)
 .text.USBUART_GetInterfaceComPort
                0x000034d0       0x3c .\CortexM3\ARM_GCC_493\Debug\freesoc.a(USBUART_cdc.o)
                0x000034d0                USBUART_GetInterfaceComPort
 .text.USBUART_DispatchCDCClassRqst
                0x0000350c       0x98 .\CortexM3\ARM_GCC_493\Debug\freesoc.a(USBUART_cdc.o)
                0x0000350c                USBUART_DispatchCDCClassRqst
 .text.USBUART_CDC_Init
                0x000035a4       0x98 .\CortexM3\ARM_GCC_493\Debug\freesoc.a(USBUART_cdc.o)
                0x000035a4                USBUART_CDC_Init
 .text.USBUART_PutString
                0x0000363c       0x9c .\CortexM3\ARM_GCC_493\Debug\freesoc.a(USBUART_cdc.o)
                0x0000363c                USBUART_PutString
 .text.USBUART_DataIsReady
                0x000036d8       0x18 .\CortexM3\ARM_GCC_493\Debug\freesoc.a(USBUART_cdc.o)
                0x000036d8                USBUART_DataIsReady
 .text.USBUART_CDCIsReady
                0x000036f0       0x18 .\CortexM3\ARM_GCC_493\Debug\freesoc.a(USBUART_cdc.o)
                0x000036f0                USBUART_CDCIsReady
 .text.USBUART_GetAll
                0x00003708       0x30 .\CortexM3\ARM_GCC_493\Debug\freesoc.a(USBUART_cdc.o)
                0x00003708                USBUART_GetAll
 .text.USBUART_GetChar
                0x00003738       0x28 .\CortexM3\ARM_GCC_493\Debug\freesoc.a(USBUART_cdc.o)
                0x00003738                USBUART_GetChar
 .text.USBUART_Cdc_EpInit
                0x00003760       0x50 .\CortexM3\ARM_GCC_493\Debug\freesoc.a(USBUART_cdc.o)
                0x00003760                USBUART_Cdc_EpInit
 .text.USBUART_LoadEP0
                0x000037b0       0x94 .\CortexM3\ARM_GCC_493\Debug\freesoc.a(USBUART_drv.o)
                0x000037b0                USBUART_LoadEP0
 .text.USBUART_InitZeroLengthControlTransfer
                0x00003844       0x34 .\CortexM3\ARM_GCC_493\Debug\freesoc.a(USBUART_drv.o)
                0x00003844                USBUART_InitZeroLengthControlTransfer
 .text.USBUART_ControlReadDataStage
                0x00003878        0x8 .\CortexM3\ARM_GCC_493\Debug\freesoc.a(USBUART_drv.o)
                0x00003878                USBUART_ControlReadDataStage
 .text.USBUART_ControlWriteDataStage
                0x00003880       0x80 .\CortexM3\ARM_GCC_493\Debug\freesoc.a(USBUART_drv.o)
                0x00003880                USBUART_ControlWriteDataStage
 .text.USBUART_InitNoDataControlTransfer
                0x00003900       0x2c .\CortexM3\ARM_GCC_493\Debug\freesoc.a(USBUART_drv.o)
                0x00003900                USBUART_InitNoDataControlTransfer
 .text.USBUART_UpdateStatusBlock
                0x0000392c       0x24 .\CortexM3\ARM_GCC_493\Debug\freesoc.a(USBUART_drv.o)
                0x0000392c                USBUART_UpdateStatusBlock
 .text.USBUART_HandleSetup
                0x00003950       0x5c .\CortexM3\ARM_GCC_493\Debug\freesoc.a(USBUART_drv.o)
                0x00003950                USBUART_HandleSetup
 .text.USBUART_ControlReadStatusStage
                0x000039ac       0x34 .\CortexM3\ARM_GCC_493\Debug\freesoc.a(USBUART_drv.o)
                0x000039ac                USBUART_ControlReadStatusStage
 .text.USBUART_HandleOUT
                0x000039e0       0x38 .\CortexM3\ARM_GCC_493\Debug\freesoc.a(USBUART_drv.o)
                0x000039e0                USBUART_HandleOUT
 .text.USBUART_ControlWriteStatusStage
                0x00003a18       0x20 .\CortexM3\ARM_GCC_493\Debug\freesoc.a(USBUART_drv.o)
                0x00003a18                USBUART_ControlWriteStatusStage
 .text.USBUART_NoDataControlStatusStage
                0x00003a38       0x40 .\CortexM3\ARM_GCC_493\Debug\freesoc.a(USBUART_drv.o)
                0x00003a38                USBUART_NoDataControlStatusStage
 .text.USBUART_HandleIN
                0x00003a78       0x2c .\CortexM3\ARM_GCC_493\Debug\freesoc.a(USBUART_drv.o)
                0x00003a78                USBUART_HandleIN
 .text.USBUART_EP_0_ISR
                0x00003aa4       0xb8 .\CortexM3\ARM_GCC_493\Debug\freesoc.a(USBUART_drv.o)
                0x00003aa4                USBUART_EP_0_ISR
 .text.USBUART_InitializeStatusBlock
                0x00003b5c       0x24 .\CortexM3\ARM_GCC_493\Debug\freesoc.a(USBUART_drv.o)
                0x00003b5c                USBUART_InitializeStatusBlock
 .text.USBUART_InitControlRead
                0x00003b80       0x50 .\CortexM3\ARM_GCC_493\Debug\freesoc.a(USBUART_drv.o)
                0x00003b80                USBUART_InitControlRead
 .text.USBUART_InitControlWrite
                0x00003bd0       0x48 .\CortexM3\ARM_GCC_493\Debug\freesoc.a(USBUART_drv.o)
                0x00003bd0                USBUART_InitControlWrite
 .text.USBUART_EP_1_ISR
                0x00003c18       0x38 .\CortexM3\ARM_GCC_493\Debug\freesoc.a(USBUART_episr.o)
                0x00003c18                USBUART_EP_1_ISR
 .text.USBUART_EP_2_ISR
                0x00003c50       0x3c .\CortexM3\ARM_GCC_493\Debug\freesoc.a(USBUART_episr.o)
                0x00003c50                USBUART_EP_2_ISR
 .text.USBUART_EP_3_ISR
                0x00003c8c       0x44 .\CortexM3\ARM_GCC_493\Debug\freesoc.a(USBUART_episr.o)
                0x00003c8c                USBUART_EP_3_ISR
 .text.USBUART_SOF_ISR
                0x00003cd0        0x4 .\CortexM3\ARM_GCC_493\Debug\freesoc.a(USBUART_episr.o)
                0x00003cd0                USBUART_SOF_ISR
 .text.USBUART_BUS_RESET_ISR
                0x00003cd4        0x8 .\CortexM3\ARM_GCC_493\Debug\freesoc.a(USBUART_episr.o)
                0x00003cd4                USBUART_BUS_RESET_ISR
 .text.USBUART_FindHidClassDecriptor
                0x00003cdc       0x40 .\CortexM3\ARM_GCC_493\Debug\freesoc.a(USBUART_hid.o)
                0x00003cdc                USBUART_FindHidClassDecriptor
 .text.USBUART_FindReportDescriptor
                0x00003d1c       0x48 .\CortexM3\ARM_GCC_493\Debug\freesoc.a(USBUART_hid.o)
                0x00003d1c                USBUART_FindReportDescriptor
 .text.USBUART_FindReport
                0x00003d64       0x7c .\CortexM3\ARM_GCC_493\Debug\freesoc.a(USBUART_hid.o)
                0x00003d64                USBUART_FindReport
 .text.USBUART_DispatchHIDClassRqst
                0x00003de0      0x184 .\CortexM3\ARM_GCC_493\Debug\freesoc.a(USBUART_hid.o)
                0x00003de0                USBUART_DispatchHIDClassRqst
 .text.USBUART_DP_ISR
                0x00003f64        0x8 .\CortexM3\ARM_GCC_493\Debug\freesoc.a(USBUART_pm.o)
                0x00003f64                USBUART_DP_ISR
 .text.USBUART_ReadDieID
                0x00003f6c       0x6c .\CortexM3\ARM_GCC_493\Debug\freesoc.a(USBUART_std.o)
                0x00003f6c                USBUART_ReadDieID
 .text.USBUART_ConfigReg
                0x00003fd8       0xa4 .\CortexM3\ARM_GCC_493\Debug\freesoc.a(USBUART_std.o)
                0x00003fd8                USBUART_ConfigReg
 .text.USBUART_GetConfigTablePtr
                0x0000407c       0x28 .\CortexM3\ARM_GCC_493\Debug\freesoc.a(USBUART_std.o)
                0x0000407c                USBUART_GetConfigTablePtr
 .text.USBUART_ConfigAltChanged
                0x000040a4      0x11c .\CortexM3\ARM_GCC_493\Debug\freesoc.a(USBUART_std.o)
                0x000040a4                USBUART_ConfigAltChanged
 .text.USBUART_GetDeviceTablePtr
                0x000041c0       0x18 .\CortexM3\ARM_GCC_493\Debug\freesoc.a(USBUART_std.o)
                0x000041c0                USBUART_GetDeviceTablePtr
 .text.USBUART_GetInterfaceClassTablePtr
                0x000041d8       0x24 .\CortexM3\ARM_GCC_493\Debug\freesoc.a(USBUART_std.o)
                0x000041d8                USBUART_GetInterfaceClassTablePtr
 .text.USBUART_Config
                0x000041fc      0x1dc .\CortexM3\ARM_GCC_493\Debug\freesoc.a(USBUART_std.o)
                0x000041fc                USBUART_Config
 .text.USBUART_SetEndpointHalt
                0x000043d8       0x64 .\CortexM3\ARM_GCC_493\Debug\freesoc.a(USBUART_std.o)
                0x000043d8                USBUART_SetEndpointHalt
 .text.USBUART_ClearEndpointHalt
                0x0000443c       0xa8 .\CortexM3\ARM_GCC_493\Debug\freesoc.a(USBUART_std.o)
                0x0000443c                USBUART_ClearEndpointHalt
 .text.USBUART_ValidateAlternateSetting
                0x000044e4       0x4c .\CortexM3\ARM_GCC_493\Debug\freesoc.a(USBUART_std.o)
                0x000044e4                USBUART_ValidateAlternateSetting
 .text.USBUART_HandleStandardRqst
                0x00004530      0x35c .\CortexM3\ARM_GCC_493\Debug\freesoc.a(USBUART_std.o)
                0x00004530                USBUART_HandleStandardRqst
 .text.USBUART_HandleVendorRqst
                0x0000488c       0x3c .\CortexM3\ARM_GCC_493\Debug\freesoc.a(USBUART_vnd.o)
                0x0000488c                USBUART_HandleVendorRqst
 .text.USBUART_Dp_ClearInterrupt
                0x000048c8       0x10 .\CortexM3\ARM_GCC_493\Debug\freesoc.a(USBUART_Dp.o)
                0x000048c8                USBUART_Dp_ClearInterrupt
 .text.CyFlashGetSpcAlgorithm
                0x000048d8       0x4c .\CortexM3\ARM_GCC_493\Debug\freesoc.a(CyFlash.o)
 .text.CySetTempInt
                0x00004924       0x60 .\CortexM3\ARM_GCC_493\Debug\freesoc.a(CyFlash.o)
 .text.CySetTemp
                0x00004984       0x14 .\CortexM3\ARM_GCC_493\Debug\freesoc.a(CyFlash.o)
                0x00004984                CySetTemp
 .text.CyEEPROM_Start
                0x00004998       0x54 .\CortexM3\ARM_GCC_493\Debug\freesoc.a(CyFlash.o)
                0x00004998                CyEEPROM_Start
 .text.CySpcStart
                0x000049ec       0x24 .\CortexM3\ARM_GCC_493\Debug\freesoc.a(CySpc.o)
                0x000049ec                CySpcStart
 .text.CySpcReadData
                0x00004a10       0x34 .\CortexM3\ARM_GCC_493\Debug\freesoc.a(CySpc.o)
                0x00004a10                CySpcReadData
 .text.CySpcLoadMultiByte
                0x00004a44       0x78 .\CortexM3\ARM_GCC_493\Debug\freesoc.a(CySpc.o)
                0x00004a44                CySpcLoadMultiByte
 .text.CySpcLoadRow
                0x00004abc       0x54 .\CortexM3\ARM_GCC_493\Debug\freesoc.a(CySpc.o)
                0x00004abc                CySpcLoadRow
 .text.CySpcWriteRow
                0x00004b10       0x4c .\CortexM3\ARM_GCC_493\Debug\freesoc.a(CySpc.o)
                0x00004b10                CySpcWriteRow
 .text.CySpcGetTemp
                0x00004b5c       0x3c .\CortexM3\ARM_GCC_493\Debug\freesoc.a(CySpc.o)
                0x00004b5c                CySpcGetTemp
 .text.CySpcLock
                0x00004b98       0x4c .\CortexM3\ARM_GCC_493\Debug\freesoc.a(CySpc.o)
                0x00004b98                CySpcLock
 .text.CySpcUnlock
                0x00004be4       0x38 .\CortexM3\ARM_GCC_493\Debug\freesoc.a(CySpc.o)
                0x00004be4                CySpcUnlock
 .text.CySpcGetAlgorithm
                0x00004c1c       0x28 .\CortexM3\ARM_GCC_493\Debug\freesoc.a(CySpc.o)
                0x00004c1c                CySpcGetAlgorithm
 .text.USBUART_DispatchClassRqst
                0x00004c44       0x60 .\CortexM3\ARM_GCC_493\Debug\freesoc.a(USBUART_cls.o)
                0x00004c44                USBUART_DispatchClassRqst
 .text.cos      0x00004ca4       0x90 c:/program files (x86)/cypress/psoc creator/3.3/psoc creator/import/gnu/arm/4.9.3/bin/../lib/gcc/arm-none-eabi/4.9.3/../../../../arm-none-eabi/lib/armv7-m\libm.a(lib_a-s_cos.o)
                0x00004ca4                cos
 .text.sin      0x00004d34       0x94 c:/program files (x86)/cypress/psoc creator/3.3/psoc creator/import/gnu/arm/4.9.3/bin/../lib/gcc/arm-none-eabi/4.9.3/../../../../arm-none-eabi/lib/armv7-m\libm.a(lib_a-s_sin.o)
                0x00004d34                sin
 .text.pow      0x00004dc8      0x2f0 c:/program files (x86)/cypress/psoc creator/3.3/psoc creator/import/gnu/arm/4.9.3/bin/../lib/gcc/arm-none-eabi/4.9.3/../../../../arm-none-eabi/lib/armv7-m\libm.a(lib_a-w_pow.o)
                0x00004dc8                pow
 .text.sqrt     0x000050b8       0xac c:/program files (x86)/cypress/psoc creator/3.3/psoc creator/import/gnu/arm/4.9.3/bin/../lib/gcc/arm-none-eabi/4.9.3/../../../../arm-none-eabi/lib/armv7-m\libm.a(lib_a-w_sqrt.o)
                0x000050b8                sqrt
 *fill*         0x00005164        0x4 
 .text.__ieee754_pow
                0x00005168      0xaa0 c:/program files (x86)/cypress/psoc creator/3.3/psoc creator/import/gnu/arm/4.9.3/bin/../lib/gcc/arm-none-eabi/4.9.3/../../../../arm-none-eabi/lib/armv7-m\libm.a(lib_a-e_pow.o)
                0x00005168                __ieee754_pow
 .text.__ieee754_rem_pio2
                0x00005c08      0x428 c:/program files (x86)/cypress/psoc creator/3.3/psoc creator/import/gnu/arm/4.9.3/bin/../lib/gcc/arm-none-eabi/4.9.3/../../../../arm-none-eabi/lib/armv7-m\libm.a(lib_a-e_rem_pio2.o)
                0x00005c08                __ieee754_rem_pio2
 .text.__ieee754_sqrt
                0x00006030      0x18c c:/program files (x86)/cypress/psoc creator/3.3/psoc creator/import/gnu/arm/4.9.3/bin/../lib/gcc/arm-none-eabi/4.9.3/../../../../arm-none-eabi/lib/armv7-m\libm.a(lib_a-e_sqrt.o)
                0x00006030                __ieee754_sqrt
 *fill*         0x000061bc        0x4 
 .text.__kernel_cos
                0x000061c0      0x248 c:/program files (x86)/cypress/psoc creator/3.3/psoc creator/import/gnu/arm/4.9.3/bin/../lib/gcc/arm-none-eabi/4.9.3/../../../../arm-none-eabi/lib/armv7-m\libm.a(lib_a-k_cos.o)
                0x000061c0                __kernel_cos
 .text.__kernel_rem_pio2
                0x00006408      0x808 c:/program files (x86)/cypress/psoc creator/3.3/psoc creator/import/gnu/arm/4.9.3/bin/../lib/gcc/arm-none-eabi/4.9.3/../../../../arm-none-eabi/lib/armv7-m\libm.a(lib_a-k_rem_pio2.o)
                0x00006408                __kernel_rem_pio2
 .text.__kernel_sin
                0x00006c10      0x170 c:/program files (x86)/cypress/psoc creator/3.3/psoc creator/import/gnu/arm/4.9.3/bin/../lib/gcc/arm-none-eabi/4.9.3/../../../../arm-none-eabi/lib/armv7-m\libm.a(lib_a-k_sin.o)
                0x00006c10                __kernel_sin
 .text.fabs     0x00006d80        0x8 c:/program files (x86)/cypress/psoc creator/3.3/psoc creator/import/gnu/arm/4.9.3/bin/../lib/gcc/arm-none-eabi/4.9.3/../../../../arm-none-eabi/lib/armv7-m\libm.a(lib_a-s_fabs.o)
                0x00006d80                fabs
 .text.finite   0x00006d88        0xc c:/program files (x86)/cypress/psoc creator/3.3/psoc creator/import/gnu/arm/4.9.3/bin/../lib/gcc/arm-none-eabi/4.9.3/../../../../arm-none-eabi/lib/armv7-m\libm.a(lib_a-s_finite.o)
                0x00006d88                finite
 *fill*         0x00006d94        0x4 
 .text.floor    0x00006d98      0x118 c:/program files (x86)/cypress/psoc creator/3.3/psoc creator/import/gnu/arm/4.9.3/bin/../lib/gcc/arm-none-eabi/4.9.3/../../../../arm-none-eabi/lib/armv7-m\libm.a(lib_a-s_floor.o)
                0x00006d98                floor
 .text.__fpclassifyd
                0x00006eb0       0x58 c:/program files (x86)/cypress/psoc creator/3.3/psoc creator/import/gnu/arm/4.9.3/bin/../lib/gcc/arm-none-eabi/4.9.3/../../../../arm-none-eabi/lib/armv7-m\libm.a(lib_a-s_fpclassify.o)
                0x00006eb0                __fpclassifyd
 .text.matherr  0x00006f08        0x4 c:/program files (x86)/cypress/psoc creator/3.3/psoc creator/import/gnu/arm/4.9.3/bin/../lib/gcc/arm-none-eabi/4.9.3/../../../../arm-none-eabi/lib/armv7-m\libm.a(lib_a-s_matherr.o)
                0x00006f08                matherr
 .text.nan      0x00006f0c        0xc c:/program files (x86)/cypress/psoc creator/3.3/psoc creator/import/gnu/arm/4.9.3/bin/../lib/gcc/arm-none-eabi/4.9.3/../../../../arm-none-eabi/lib/armv7-m\libm.a(lib_a-s_nan.o)
                0x00006f0c                nan
 .text.rint     0x00006f18      0x11c c:/program files (x86)/cypress/psoc creator/3.3/psoc creator/import/gnu/arm/4.9.3/bin/../lib/gcc/arm-none-eabi/4.9.3/../../../../arm-none-eabi/lib/armv7-m\libm.a(lib_a-s_rint.o)
                0x00006f18                rint
 *fill*         0x00007034        0x4 
 .text.scalbn   0x00007038       0xf0 c:/program files (x86)/cypress/psoc creator/3.3/psoc creator/import/gnu/arm/4.9.3/bin/../lib/gcc/arm-none-eabi/4.9.3/../../../../arm-none-eabi/lib/armv7-m\libm.a(lib_a-s_scalbn.o)
                0x00007038                scalbn
 .text.copysign
                0x00007128       0x10 c:/program files (x86)/cypress/psoc creator/3.3/psoc creator/import/gnu/arm/4.9.3/bin/../lib/gcc/arm-none-eabi/4.9.3/../../../../arm-none-eabi/lib/armv7-m\libm.a(lib_a-s_copysign.o)
                0x00007128                copysign
 .text          0x00007138      0x370 c:/program files (x86)/cypress/psoc creator/3.3/psoc creator/import/gnu/arm/4.9.3/bin/../lib/gcc/arm-none-eabi/4.9.3/armv7-m\libgcc.a(_arm_addsubdf3.o)
                0x00007138                __aeabi_drsub
                0x00007140                __aeabi_dsub
                0x00007140                __subdf3
                0x00007144                __aeabi_dadd
                0x00007144                __adddf3
                0x000073bc                __floatunsidf
                0x000073bc                __aeabi_ui2d
                0x000073dc                __floatsidf
                0x000073dc                __aeabi_i2d
                0x00007400                __aeabi_f2d
                0x00007400                __extendsfdf2
                0x0000743c                __floatundidf
                0x0000743c                __aeabi_ul2d
                0x0000744c                __floatdidf
                0x0000744c                __aeabi_l2d
 .text          0x000074a8      0x424 c:/program files (x86)/cypress/psoc creator/3.3/psoc creator/import/gnu/arm/4.9.3/bin/../lib/gcc/arm-none-eabi/4.9.3/armv7-m\libgcc.a(_arm_muldivdf3.o)
                0x000074a8                __aeabi_dmul
                0x000074a8                __muldf3
                0x000076fc                __divdf3
                0x000076fc                __aeabi_ddiv
 .text          0x000078cc      0x110 c:/program files (x86)/cypress/psoc creator/3.3/psoc creator/import/gnu/arm/4.9.3/bin/../lib/gcc/arm-none-eabi/4.9.3/armv7-m\libgcc.a(_arm_cmpdf2.o)
                0x000078cc                __gtdf2
                0x000078cc                __gedf2
                0x000078d4                __ltdf2
                0x000078d4                __ledf2
                0x000078dc                __nedf2
                0x000078dc                __eqdf2
                0x000078dc                __cmpdf2
                0x00007958                __aeabi_cdrcmple
                0x00007968                __aeabi_cdcmpeq
                0x00007968                __aeabi_cdcmple
                0x00007978                __aeabi_dcmpeq
                0x0000798c                __aeabi_dcmplt
                0x000079a0                __aeabi_dcmple
                0x000079b4                __aeabi_dcmpge
                0x000079c8                __aeabi_dcmpgt
 .text          0x000079dc       0x50 c:/program files (x86)/cypress/psoc creator/3.3/psoc creator/import/gnu/arm/4.9.3/bin/../lib/gcc/arm-none-eabi/4.9.3/armv7-m\libgcc.a(_arm_fixdfsi.o)
                0x000079dc                __aeabi_d2iz
                0x000079dc                __fixdfsi
 .text          0x00007a2c       0x40 c:/program files (x86)/cypress/psoc creator/3.3/psoc creator/import/gnu/arm/4.9.3/bin/../lib/gcc/arm-none-eabi/4.9.3/armv7-m\libgcc.a(_arm_fixunsdfsi.o)
                0x00007a2c                __aeabi_d2uiz
                0x00007a2c                __fixunsdfsi
 .text          0x00007a6c       0xa0 c:/program files (x86)/cypress/psoc creator/3.3/psoc creator/import/gnu/arm/4.9.3/bin/../lib/gcc/arm-none-eabi/4.9.3/armv7-m\libgcc.a(_arm_truncdfsf2.o)
                0x00007a6c                __truncdfsf2
                0x00007a6c                __aeabi_d2f
 .text          0x00007b0c      0x21c c:/program files (x86)/cypress/psoc creator/3.3/psoc creator/import/gnu/arm/4.9.3/bin/../lib/gcc/arm-none-eabi/4.9.3/armv7-m\libgcc.a(_arm_addsubsf3.o)
                0x00007b0c                __aeabi_frsub
                0x00007b14                __subsf3
                0x00007b14                __aeabi_fsub
                0x00007b18                __aeabi_fadd
                0x00007b18                __addsf3
                0x00007c78                __aeabi_ui2f
                0x00007c78                __floatunsisf
                0x00007c80                __aeabi_i2f
                0x00007c80                __floatsisf
                0x00007c9c                __aeabi_ul2f
                0x00007c9c                __floatundisf
                0x00007cac                __aeabi_l2f
                0x00007cac                __floatdisf
 .text          0x00007d28      0x2a0 c:/program files (x86)/cypress/psoc creator/3.3/psoc creator/import/gnu/arm/4.9.3/bin/../lib/gcc/arm-none-eabi/4.9.3/armv7-m\libgcc.a(_arm_muldivsf3.o)
                0x00007d28                __mulsf3
                0x00007d28                __aeabi_fmul
                0x00007e90                __aeabi_fdiv
                0x00007e90                __divsf3
 .text          0x00007fc8       0xec c:/program files (x86)/cypress/psoc creator/3.3/psoc creator/import/gnu/arm/4.9.3/bin/../lib/gcc/arm-none-eabi/4.9.3/armv7-m\libgcc.a(_arm_cmpsf2.o)
                0x00007fc8                __gesf2
                0x00007fc8                __gtsf2
                0x00007fd0                __lesf2
                0x00007fd0                __ltsf2
                0x00007fd8                __nesf2
                0x00007fd8                __eqsf2
                0x00007fd8                __cmpsf2
                0x00008038                __aeabi_cfrcmple
                0x00008040                __aeabi_cfcmpeq
                0x00008040                __aeabi_cfcmple
                0x00008050                __aeabi_fcmpeq
                0x00008064                __aeabi_fcmplt
                0x00008078                __aeabi_fcmple
                0x0000808c                __aeabi_fcmpge
                0x000080a0                __aeabi_fcmpgt
 .text          0x000080b4       0x4c c:/program files (x86)/cypress/psoc creator/3.3/psoc creator/import/gnu/arm/4.9.3/bin/../lib/gcc/arm-none-eabi/4.9.3/armv7-m\libgcc.a(_arm_fixsfsi.o)
                0x000080b4                __aeabi_f2iz
                0x000080b4                __fixsfsi
 .text.__assert_func
                0x00008100       0x38 c:/program files (x86)/cypress/psoc creator/3.3/psoc creator/import/gnu/arm/4.9.3/bin/../lib/gcc/arm-none-eabi/4.9.3/../../../../arm-none-eabi/lib/armv7-m\libg_nano.a(lib_a-assert.o)
                0x00008100                __assert_func
 .text.atof     0x00008138        0x6 c:/program files (x86)/cypress/psoc creator/3.3/psoc creator/import/gnu/arm/4.9.3/bin/../lib/gcc/arm-none-eabi/4.9.3/../../../../arm-none-eabi/lib/armv7-m\libg_nano.a(lib_a-atof.o)
                0x00008138                atof
 *fill*         0x0000813e        0x2 
 .text.__errno  0x00008140        0xc c:/program files (x86)/cypress/psoc creator/3.3/psoc creator/import/gnu/arm/4.9.3/bin/../lib/gcc/arm-none-eabi/4.9.3/../../../../arm-none-eabi/lib/armv7-m\libg_nano.a(lib_a-errno.o)
                0x00008140                __errno
 .text.fprintf  0x0000814c       0x24 c:/program files (x86)/cypress/psoc creator/3.3/psoc creator/import/gnu/arm/4.9.3/bin/../lib/gcc/arm-none-eabi/4.9.3/../../../../arm-none-eabi/lib/armv7-m\libg_nano.a(lib_a-fprintf.o)
                0x0000814c                fiprintf
                0x0000814c                fprintf
 .text.__libc_init_array
                0x00008170       0x4c c:/program files (x86)/cypress/psoc creator/3.3/psoc creator/import/gnu/arm/4.9.3/bin/../lib/gcc/arm-none-eabi/4.9.3/../../../../arm-none-eabi/lib/armv7-m\libg_nano.a(lib_a-init.o)
                0x00008170                __libc_init_array
 .text.memcpy   0x000081bc       0x16 c:/program files (x86)/cypress/psoc creator/3.3/psoc creator/import/gnu/arm/4.9.3/bin/../lib/gcc/arm-none-eabi/4.9.3/../../../../arm-none-eabi/lib/armv7-m\libg_nano.a(lib_a-memcpy.o)
                0x000081bc                memcpy
 .text.memset   0x000081d2       0x10 c:/program files (x86)/cypress/psoc creator/3.3/psoc creator/import/gnu/arm/4.9.3/bin/../lib/gcc/arm-none-eabi/4.9.3/../../../../arm-none-eabi/lib/armv7-m\libg_nano.a(lib_a-memset.o)
                0x000081d2                memset
 .text.__sfputc_r
                0x000081e2       0x2c c:/program files (x86)/cypress/psoc creator/3.3/psoc creator/import/gnu/arm/4.9.3/bin/../lib/gcc/arm-none-eabi/4.9.3/../../../../arm-none-eabi/lib/armv7-m\libg_nano.a(lib_a-nano-vfprintf.o)
 .text.__sfputs_r
                0x0000820e       0x24 c:/program files (x86)/cypress/psoc creator/3.3/psoc creator/import/gnu/arm/4.9.3/bin/../lib/gcc/arm-none-eabi/4.9.3/../../../../arm-none-eabi/lib/armv7-m\libg_nano.a(lib_a-nano-vfprintf.o)
                0x0000820e                __sfputs_r
 *fill*         0x00008232        0x2 
 .text._vfprintf_r
                0x00008234      0x210 c:/program files (x86)/cypress/psoc creator/3.3/psoc creator/import/gnu/arm/4.9.3/bin/../lib/gcc/arm-none-eabi/4.9.3/../../../../arm-none-eabi/lib/armv7-m\libg_nano.a(lib_a-nano-vfprintf.o)
                0x00008234                _vfprintf_r
                0x00008234                _vfiprintf_r
 .text.__cvt    0x00008444       0xbc c:/program files (x86)/cypress/psoc creator/3.3/psoc creator/import/gnu/arm/4.9.3/bin/../lib/gcc/arm-none-eabi/4.9.3/../../../../arm-none-eabi/lib/armv7-m\libg_nano.a(lib_a-nano-vfprintf_float.o)
                0x00008444                __cvt
 .text.__exponent
                0x00008500       0x62 c:/program files (x86)/cypress/psoc creator/3.3/psoc creator/import/gnu/arm/4.9.3/bin/../lib/gcc/arm-none-eabi/4.9.3/../../../../arm-none-eabi/lib/armv7-m\libg_nano.a(lib_a-nano-vfprintf_float.o)
                0x00008500                __exponent
 *fill*         0x00008562        0x2 
 .text._printf_float
                0x00008564      0x48c c:/program files (x86)/cypress/psoc creator/3.3/psoc creator/import/gnu/arm/4.9.3/bin/../lib/gcc/arm-none-eabi/4.9.3/../../../../arm-none-eabi/lib/armv7-m\libg_nano.a(lib_a-nano-vfprintf_float.o)
                0x00008564                _printf_float
 .text._printf_common
                0x000089f0       0xea c:/program files (x86)/cypress/psoc creator/3.3/psoc creator/import/gnu/arm/4.9.3/bin/../lib/gcc/arm-none-eabi/4.9.3/../../../../arm-none-eabi/lib/armv7-m\libg_nano.a(lib_a-nano-vfprintf_i.o)
                0x000089f0                _printf_common
 *fill*         0x00008ada        0x2 
 .text._printf_i
                0x00008adc      0x240 c:/program files (x86)/cypress/psoc creator/3.3/psoc creator/import/gnu/arm/4.9.3/bin/../lib/gcc/arm-none-eabi/4.9.3/../../../../arm-none-eabi/lib/armv7-m\libg_nano.a(lib_a-nano-vfprintf_i.o)
                0x00008adc                _printf_i
 .text.sprintf  0x00008d1c       0x48 c:/program files (x86)/cypress/psoc creator/3.3/psoc creator/import/gnu/arm/4.9.3/bin/../lib/gcc/arm-none-eabi/4.9.3/../../../../arm-none-eabi/lib/armv7-m\libg_nano.a(lib_a-sprintf.o)
                0x00008d1c                siprintf
                0x00008d1c                sprintf
 .text.strlen   0x00008d64       0x10 c:/program files (x86)/cypress/psoc creator/3.3/psoc creator/import/gnu/arm/4.9.3/bin/../lib/gcc/arm-none-eabi/4.9.3/../../../../arm-none-eabi/lib/armv7-m\libg_nano.a(lib_a-strlen.o)
                0x00008d64                strlen
 .text.match    0x00008d74       0x26 c:/program files (x86)/cypress/psoc creator/3.3/psoc creator/import/gnu/arm/4.9.3/bin/../lib/gcc/arm-none-eabi/4.9.3/../../../../arm-none-eabi/lib/armv7-m\libg_nano.a(lib_a-strtod.o)
 .text.sulp     0x00008d9a       0x42 c:/program files (x86)/cypress/psoc creator/3.3/psoc creator/import/gnu/arm/4.9.3/bin/../lib/gcc/arm-none-eabi/4.9.3/../../../../arm-none-eabi/lib/armv7-m\libg_nano.a(lib_a-strtod.o)
 *fill*         0x00008ddc        0x4 
 .text._strtod_r
                0x00008de0      0xc40 c:/program files (x86)/cypress/psoc creator/3.3/psoc creator/import/gnu/arm/4.9.3/bin/../lib/gcc/arm-none-eabi/4.9.3/../../../../arm-none-eabi/lib/armv7-m\libg_nano.a(lib_a-strtod.o)
                0x00008de0                _strtod_r
 .text.strtod   0x00009a20       0x14 c:/program files (x86)/cypress/psoc creator/3.3/psoc creator/import/gnu/arm/4.9.3/bin/../lib/gcc/arm-none-eabi/4.9.3/../../../../arm-none-eabi/lib/armv7-m\libg_nano.a(lib_a-strtod.o)
                0x00009a20                strtod
 .text.__swbuf_r
                0x00009a34       0xa8 c:/program files (x86)/cypress/psoc creator/3.3/psoc creator/import/gnu/arm/4.9.3/bin/../lib/gcc/arm-none-eabi/4.9.3/../../../../arm-none-eabi/lib/armv7-m\libg_nano.a(lib_a-wbuf.o)
                0x00009a34                __swbuf_r
 .text.__swsetup_r
                0x00009adc       0xd8 c:/program files (x86)/cypress/psoc creator/3.3/psoc creator/import/gnu/arm/4.9.3/bin/../lib/gcc/arm-none-eabi/4.9.3/../../../../arm-none-eabi/lib/armv7-m\libg_nano.a(lib_a-wsetup.o)
                0x00009adc                __swsetup_r
 .text.abort    0x00009bb4        0xe c:/program files (x86)/cypress/psoc creator/3.3/psoc creator/import/gnu/arm/4.9.3/bin/../lib/gcc/arm-none-eabi/4.9.3/../../../../arm-none-eabi/lib/armv7-m\libg_nano.a(lib_a-abort.o)
                0x00009bb4                abort
 .text.quorem   0x00009bc2      0x114 c:/program files (x86)/cypress/psoc creator/3.3/psoc creator/import/gnu/arm/4.9.3/bin/../lib/gcc/arm-none-eabi/4.9.3/../../../../arm-none-eabi/lib/armv7-m\libg_nano.a(lib_a-dtoa.o)
 *fill*         0x00009cd6        0x2 
 .text._dtoa_r  0x00009cd8      0xb78 c:/program files (x86)/cypress/psoc creator/3.3/psoc creator/import/gnu/arm/4.9.3/bin/../lib/gcc/arm-none-eabi/4.9.3/../../../../arm-none-eabi/lib/armv7-m\libg_nano.a(lib_a-dtoa.o)
                0x00009cd8                _dtoa_r
 .text.__sflush_r
                0x0000a850      0x106 c:/program files (x86)/cypress/psoc creator/3.3/psoc creator/import/gnu/arm/4.9.3/bin/../lib/gcc/arm-none-eabi/4.9.3/../../../../arm-none-eabi/lib/armv7-m\libg_nano.a(lib_a-fflush.o)
                0x0000a850                __sflush_r
 *fill*         0x0000a956        0x2 
 .text._fflush_r
                0x0000a958       0x54 c:/program files (x86)/cypress/psoc creator/3.3/psoc creator/import/gnu/arm/4.9.3/bin/../lib/gcc/arm-none-eabi/4.9.3/../../../../arm-none-eabi/lib/armv7-m\libg_nano.a(lib_a-fflush.o)
                0x0000a958                _fflush_r
 .text._cleanup_r
                0x0000a9ac        0xc c:/program files (x86)/cypress/psoc creator/3.3/psoc creator/import/gnu/arm/4.9.3/bin/../lib/gcc/arm-none-eabi/4.9.3/../../../../arm-none-eabi/lib/armv7-m\libg_nano.a(lib_a-findfp.o)
                0x0000a9ac                _cleanup_r
 .text.std.isra.0
                0x0000a9b8       0x48 c:/program files (x86)/cypress/psoc creator/3.3/psoc creator/import/gnu/arm/4.9.3/bin/../lib/gcc/arm-none-eabi/4.9.3/../../../../arm-none-eabi/lib/armv7-m\libg_nano.a(lib_a-findfp.o)
 .text.__sfmoreglue
                0x0000aa00       0x2c c:/program files (x86)/cypress/psoc creator/3.3/psoc creator/import/gnu/arm/4.9.3/bin/../lib/gcc/arm-none-eabi/4.9.3/../../../../arm-none-eabi/lib/armv7-m\libg_nano.a(lib_a-findfp.o)
                0x0000aa00                __sfmoreglue
 .text.__sinit  0x0000aa2c       0x60 c:/program files (x86)/cypress/psoc creator/3.3/psoc creator/import/gnu/arm/4.9.3/bin/../lib/gcc/arm-none-eabi/4.9.3/../../../../arm-none-eabi/lib/armv7-m\libg_nano.a(lib_a-findfp.o)
                0x0000aa2c                __sinit
 .text.__sfp    0x0000aa8c       0x74 c:/program files (x86)/cypress/psoc creator/3.3/psoc creator/import/gnu/arm/4.9.3/bin/../lib/gcc/arm-none-eabi/4.9.3/../../../../arm-none-eabi/lib/armv7-m\libg_nano.a(lib_a-findfp.o)
                0x0000aa8c                __sfp
 .text._fwalk_reent
                0x0000ab00       0x3c c:/program files (x86)/cypress/psoc creator/3.3/psoc creator/import/gnu/arm/4.9.3/bin/../lib/gcc/arm-none-eabi/4.9.3/../../../../arm-none-eabi/lib/armv7-m\libg_nano.a(lib_a-fwalk.o)
                0x0000ab00                _fwalk_reent
 .text.rshift   0x0000ab3c       0x6c c:/program files (x86)/cypress/psoc creator/3.3/psoc creator/import/gnu/arm/4.9.3/bin/../lib/gcc/arm-none-eabi/4.9.3/../../../../arm-none-eabi/lib/armv7-m\libg_nano.a(lib_a-gdtoa-gethex.o)
 .text.__hexdig_fun
                0x0000aba8       0x2a c:/program files (x86)/cypress/psoc creator/3.3/psoc creator/import/gnu/arm/4.9.3/bin/../lib/gcc/arm-none-eabi/4.9.3/../../../../arm-none-eabi/lib/armv7-m\libg_nano.a(lib_a-gdtoa-gethex.o)
                0x0000aba8                __hexdig_fun
 .text.__gethex
                0x0000abd2      0x44a c:/program files (x86)/cypress/psoc creator/3.3/psoc creator/import/gnu/arm/4.9.3/bin/../lib/gcc/arm-none-eabi/4.9.3/../../../../arm-none-eabi/lib/armv7-m\libg_nano.a(lib_a-gdtoa-gethex.o)
                0x0000abd2                __gethex
 .text.L_shift  0x0000b01c       0x24 c:/program files (x86)/cypress/psoc creator/3.3/psoc creator/import/gnu/arm/4.9.3/bin/../lib/gcc/arm-none-eabi/4.9.3/../../../../arm-none-eabi/lib/armv7-m\libg_nano.a(lib_a-gdtoa-hexnan.o)
 .text.__hexnan
                0x0000b040      0x114 c:/program files (x86)/cypress/psoc creator/3.3/psoc creator/import/gnu/arm/4.9.3/bin/../lib/gcc/arm-none-eabi/4.9.3/../../../../arm-none-eabi/lib/armv7-m\libg_nano.a(lib_a-gdtoa-hexnan.o)
                0x0000b040                __hexnan
 .text._localeconv_r
                0x0000b154        0x8 c:/program files (x86)/cypress/psoc creator/3.3/psoc creator/import/gnu/arm/4.9.3/bin/../lib/gcc/arm-none-eabi/4.9.3/../../../../arm-none-eabi/lib/armv7-m\libg_nano.a(lib_a-locale.o)
                0x0000b154                _localeconv_r
 .text.__smakebuf_r
                0x0000b15c       0x98 c:/program files (x86)/cypress/psoc creator/3.3/psoc creator/import/gnu/arm/4.9.3/bin/../lib/gcc/arm-none-eabi/4.9.3/../../../../arm-none-eabi/lib/armv7-m\libg_nano.a(lib_a-makebuf.o)
                0x0000b15c                __smakebuf_r
 .text.malloc   0x0000b1f4       0x10 c:/program files (x86)/cypress/psoc creator/3.3/psoc creator/import/gnu/arm/4.9.3/bin/../lib/gcc/arm-none-eabi/4.9.3/../../../../arm-none-eabi/lib/armv7-m\libg_nano.a(lib_a-malloc.o)
                0x0000b1f4                malloc
 .text.memchr   0x0000b204       0x1c c:/program files (x86)/cypress/psoc creator/3.3/psoc creator/import/gnu/arm/4.9.3/bin/../lib/gcc/arm-none-eabi/4.9.3/../../../../arm-none-eabi/lib/armv7-m\libg_nano.a(lib_a-memchr.o)
                0x0000b204                memchr
 .text.memmove  0x0000b220       0x36 c:/program files (x86)/cypress/psoc creator/3.3/psoc creator/import/gnu/arm/4.9.3/bin/../lib/gcc/arm-none-eabi/4.9.3/../../../../arm-none-eabi/lib/armv7-m\libg_nano.a(lib_a-memmove.o)
                0x0000b220                memmove
 .text._Balloc  0x0000b256       0x6a c:/program files (x86)/cypress/psoc creator/3.3/psoc creator/import/gnu/arm/4.9.3/bin/../lib/gcc/arm-none-eabi/4.9.3/../../../../arm-none-eabi/lib/armv7-m\libg_nano.a(lib_a-mprec.o)
                0x0000b256                _Balloc
 .text._Bfree   0x0000b2c0       0x2e c:/program files (x86)/cypress/psoc creator/3.3/psoc creator/import/gnu/arm/4.9.3/bin/../lib/gcc/arm-none-eabi/4.9.3/../../../../arm-none-eabi/lib/armv7-m\libg_nano.a(lib_a-mprec.o)
                0x0000b2c0                _Bfree
 .text.__multadd
                0x0000b2ee       0x7c c:/program files (x86)/cypress/psoc creator/3.3/psoc creator/import/gnu/arm/4.9.3/bin/../lib/gcc/arm-none-eabi/4.9.3/../../../../arm-none-eabi/lib/armv7-m\libg_nano.a(lib_a-mprec.o)
                0x0000b2ee                __multadd
 .text.__s2b    0x0000b36a       0x80 c:/program files (x86)/cypress/psoc creator/3.3/psoc creator/import/gnu/arm/4.9.3/bin/../lib/gcc/arm-none-eabi/4.9.3/../../../../arm-none-eabi/lib/armv7-m\libg_nano.a(lib_a-mprec.o)
                0x0000b36a                __s2b
 .text.__hi0bits
                0x0000b3ea       0x40 c:/program files (x86)/cypress/psoc creator/3.3/psoc creator/import/gnu/arm/4.9.3/bin/../lib/gcc/arm-none-eabi/4.9.3/../../../../arm-none-eabi/lib/armv7-m\libg_nano.a(lib_a-mprec.o)
                0x0000b3ea                __hi0bits
 .text.__lo0bits
                0x0000b42a       0x5a c:/program files (x86)/cypress/psoc creator/3.3/psoc creator/import/gnu/arm/4.9.3/bin/../lib/gcc/arm-none-eabi/4.9.3/../../../../arm-none-eabi/lib/armv7-m\libg_nano.a(lib_a-mprec.o)
                0x0000b42a                __lo0bits
 .text.__i2b    0x0000b484       0x12 c:/program files (x86)/cypress/psoc creator/3.3/psoc creator/import/gnu/arm/4.9.3/bin/../lib/gcc/arm-none-eabi/4.9.3/../../../../arm-none-eabi/lib/armv7-m\libg_nano.a(lib_a-mprec.o)
                0x0000b484                __i2b
 .text.__multiply
                0x0000b496      0x120 c:/program files (x86)/cypress/psoc creator/3.3/psoc creator/import/gnu/arm/4.9.3/bin/../lib/gcc/arm-none-eabi/4.9.3/../../../../arm-none-eabi/lib/armv7-m\libg_nano.a(lib_a-mprec.o)
                0x0000b496                __multiply
 *fill*         0x0000b5b6        0x2 
 .text.__pow5mult
                0x0000b5b8       0x9c c:/program files (x86)/cypress/psoc creator/3.3/psoc creator/import/gnu/arm/4.9.3/bin/../lib/gcc/arm-none-eabi/4.9.3/../../../../arm-none-eabi/lib/armv7-m\libg_nano.a(lib_a-mprec.o)
                0x0000b5b8                __pow5mult
 .text.__lshift
                0x0000b654       0xa6 c:/program files (x86)/cypress/psoc creator/3.3/psoc creator/import/gnu/arm/4.9.3/bin/../lib/gcc/arm-none-eabi/4.9.3/../../../../arm-none-eabi/lib/armv7-m\libg_nano.a(lib_a-mprec.o)
                0x0000b654                __lshift
 .text.__mcmp   0x0000b6fa       0x38 c:/program files (x86)/cypress/psoc creator/3.3/psoc creator/import/gnu/arm/4.9.3/bin/../lib/gcc/arm-none-eabi/4.9.3/../../../../arm-none-eabi/lib/armv7-m\libg_nano.a(lib_a-mprec.o)
                0x0000b6fa                __mcmp
 .text.__mdiff  0x0000b732       0xbe c:/program files (x86)/cypress/psoc creator/3.3/psoc creator/import/gnu/arm/4.9.3/bin/../lib/gcc/arm-none-eabi/4.9.3/../../../../arm-none-eabi/lib/armv7-m\libg_nano.a(lib_a-mprec.o)
                0x0000b732                __mdiff
 .text.__ulp    0x0000b7f0       0x48 c:/program files (x86)/cypress/psoc creator/3.3/psoc creator/import/gnu/arm/4.9.3/bin/../lib/gcc/arm-none-eabi/4.9.3/../../../../arm-none-eabi/lib/armv7-m\libg_nano.a(lib_a-mprec.o)
                0x0000b7f0                __ulp
 .text.__b2d    0x0000b838       0x9e c:/program files (x86)/cypress/psoc creator/3.3/psoc creator/import/gnu/arm/4.9.3/bin/../lib/gcc/arm-none-eabi/4.9.3/../../../../arm-none-eabi/lib/armv7-m\libg_nano.a(lib_a-mprec.o)
                0x0000b838                __b2d
 .text.__d2b    0x0000b8d6       0xa4 c:/program files (x86)/cypress/psoc creator/3.3/psoc creator/import/gnu/arm/4.9.3/bin/../lib/gcc/arm-none-eabi/4.9.3/../../../../arm-none-eabi/lib/armv7-m\libg_nano.a(lib_a-mprec.o)
                0x0000b8d6                __d2b
 .text.__ratio  0x0000b97a       0x50 c:/program files (x86)/cypress/psoc creator/3.3/psoc creator/import/gnu/arm/4.9.3/bin/../lib/gcc/arm-none-eabi/4.9.3/../../../../arm-none-eabi/lib/armv7-m\libg_nano.a(lib_a-mprec.o)
                0x0000b97a                __ratio
 .text.__copybits
                0x0000b9ca       0x34 c:/program files (x86)/cypress/psoc creator/3.3/psoc creator/import/gnu/arm/4.9.3/bin/../lib/gcc/arm-none-eabi/4.9.3/../../../../arm-none-eabi/lib/armv7-m\libg_nano.a(lib_a-mprec.o)
                0x0000b9ca                __copybits
 .text.__any_on
                0x0000b9fe       0x44 c:/program files (x86)/cypress/psoc creator/3.3/psoc creator/import/gnu/arm/4.9.3/bin/../lib/gcc/arm-none-eabi/4.9.3/../../../../arm-none-eabi/lib/armv7-m\libg_nano.a(lib_a-mprec.o)
                0x0000b9fe                __any_on
 .text._calloc_r
                0x0000ba42       0x1c c:/program files (x86)/cypress/psoc creator/3.3/psoc creator/import/gnu/arm/4.9.3/bin/../lib/gcc/arm-none-eabi/4.9.3/../../../../arm-none-eabi/lib/armv7-m\libg_nano.a(lib_a-nano-callocr.o)
                0x0000ba42                _calloc_r
 *fill*         0x0000ba5e        0x2 
 .text._free_r  0x0000ba60       0x88 c:/program files (x86)/cypress/psoc creator/3.3/psoc creator/import/gnu/arm/4.9.3/bin/../lib/gcc/arm-none-eabi/4.9.3/../../../../arm-none-eabi/lib/armv7-m\libg_nano.a(lib_a-nano-freer.o)
                0x0000ba60                _free_r
 .text._malloc_r
                0x0000bae8       0xac c:/program files (x86)/cypress/psoc creator/3.3/psoc creator/import/gnu/arm/4.9.3/bin/../lib/gcc/arm-none-eabi/4.9.3/../../../../arm-none-eabi/lib/armv7-m\libg_nano.a(lib_a-nano-mallocr.o)
                0x0000bae8                _malloc_r
 .text._realloc_r
                0x0000bb94       0x4c c:/program files (x86)/cypress/psoc creator/3.3/psoc creator/import/gnu/arm/4.9.3/bin/../lib/gcc/arm-none-eabi/4.9.3/../../../../arm-none-eabi/lib/armv7-m\libg_nano.a(lib_a-nano-reallocr.o)
                0x0000bb94                _realloc_r
 .text.__ssputs_r
                0x0000bbe0       0xb2 c:/program files (x86)/cypress/psoc creator/3.3/psoc creator/import/gnu/arm/4.9.3/bin/../lib/gcc/arm-none-eabi/4.9.3/../../../../arm-none-eabi/lib/armv7-m\libg_nano.a(lib_a-nano-svfprintf.o)
                0x0000bbe0                __ssputs_r
 *fill*         0x0000bc92        0x2 
 .text._svfprintf_r
                0x0000bc94      0x1e4 c:/program files (x86)/cypress/psoc creator/3.3/psoc creator/import/gnu/arm/4.9.3/bin/../lib/gcc/arm-none-eabi/4.9.3/../../../../arm-none-eabi/lib/armv7-m\libg_nano.a(lib_a-nano-svfprintf.o)
                0x0000bc94                _svfiprintf_r
                0x0000bc94                _svfprintf_r
 .text._sbrk_r  0x0000be78       0x20 c:/program files (x86)/cypress/psoc creator/3.3/psoc creator/import/gnu/arm/4.9.3/bin/../lib/gcc/arm-none-eabi/4.9.3/../../../../arm-none-eabi/lib/armv7-m\libg_nano.a(lib_a-sbrkr.o)
                0x0000be78                _sbrk_r
 .text._raise_r
                0x0000be98       0x50 c:/program files (x86)/cypress/psoc creator/3.3/psoc creator/import/gnu/arm/4.9.3/bin/../lib/gcc/arm-none-eabi/4.9.3/../../../../arm-none-eabi/lib/armv7-m\libg_nano.a(lib_a-signal.o)
                0x0000be98                _raise_r
 .text.raise    0x0000bee8       0x10 c:/program files (x86)/cypress/psoc creator/3.3/psoc creator/import/gnu/arm/4.9.3/bin/../lib/gcc/arm-none-eabi/4.9.3/../../../../arm-none-eabi/lib/armv7-m\libg_nano.a(lib_a-signal.o)
                0x0000bee8                raise
 .text._kill_r  0x0000bef8       0x24 c:/program files (x86)/cypress/psoc creator/3.3/psoc creator/import/gnu/arm/4.9.3/bin/../lib/gcc/arm-none-eabi/4.9.3/../../../../arm-none-eabi/lib/armv7-m\libg_nano.a(lib_a-signalr.o)
                0x0000bef8                _kill_r
 .text._getpid_r
                0x0000bf1c        0x4 c:/program files (x86)/cypress/psoc creator/3.3/psoc creator/import/gnu/arm/4.9.3/bin/../lib/gcc/arm-none-eabi/4.9.3/../../../../arm-none-eabi/lib/armv7-m\libg_nano.a(lib_a-signalr.o)
                0x0000bf1c                _getpid_r
 .text.__sread  0x0000bf20       0x22 c:/program files (x86)/cypress/psoc creator/3.3/psoc creator/import/gnu/arm/4.9.3/bin/../lib/gcc/arm-none-eabi/4.9.3/../../../../arm-none-eabi/lib/armv7-m\libg_nano.a(lib_a-stdio.o)
                0x0000bf20                __sread
 .text.__swrite
                0x0000bf42       0x38 c:/program files (x86)/cypress/psoc creator/3.3/psoc creator/import/gnu/arm/4.9.3/bin/../lib/gcc/arm-none-eabi/4.9.3/../../../../arm-none-eabi/lib/armv7-m\libg_nano.a(lib_a-stdio.o)
                0x0000bf42                __swrite
 .text.__sseek  0x0000bf7a       0x24 c:/program files (x86)/cypress/psoc creator/3.3/psoc creator/import/gnu/arm/4.9.3/bin/../lib/gcc/arm-none-eabi/4.9.3/../../../../arm-none-eabi/lib/armv7-m\libg_nano.a(lib_a-stdio.o)
                0x0000bf7a                __sseek
 .text.__sclose
                0x0000bf9e        0x8 c:/program files (x86)/cypress/psoc creator/3.3/psoc creator/import/gnu/arm/4.9.3/bin/../lib/gcc/arm-none-eabi/4.9.3/../../../../arm-none-eabi/lib/armv7-m\libg_nano.a(lib_a-stdio.o)
                0x0000bf9e                __sclose
 .text.strncmp  0x0000bfa6       0x32 c:/program files (x86)/cypress/psoc creator/3.3/psoc creator/import/gnu/arm/4.9.3/bin/../lib/gcc/arm-none-eabi/4.9.3/../../../../arm-none-eabi/lib/armv7-m\libg_nano.a(lib_a-strncmp.o)
                0x0000bfa6                strncmp
 .text._write_r
                0x0000bfd8       0x24 c:/program files (x86)/cypress/psoc creator/3.3/psoc creator/import/gnu/arm/4.9.3/bin/../lib/gcc/arm-none-eabi/4.9.3/../../../../arm-none-eabi/lib/armv7-m\libg_nano.a(lib_a-writer.o)
                0x0000bfd8                _write_r
 .text._close_r
                0x0000bffc       0x20 c:/program files (x86)/cypress/psoc creator/3.3/psoc creator/import/gnu/arm/4.9.3/bin/../lib/gcc/arm-none-eabi/4.9.3/../../../../arm-none-eabi/lib/armv7-m\libg_nano.a(lib_a-closer.o)
                0x0000bffc                _close_r
 .text._fstat_r
                0x0000c01c       0x24 c:/program files (x86)/cypress/psoc creator/3.3/psoc creator/import/gnu/arm/4.9.3/bin/../lib/gcc/arm-none-eabi/4.9.3/../../../../arm-none-eabi/lib/armv7-m\libg_nano.a(lib_a-fstatr.o)
                0x0000c01c                _fstat_r
 .text._isatty_r
                0x0000c040       0x20 c:/program files (x86)/cypress/psoc creator/3.3/psoc creator/import/gnu/arm/4.9.3/bin/../lib/gcc/arm-none-eabi/4.9.3/../../../../arm-none-eabi/lib/armv7-m\libg_nano.a(lib_a-isattyr.o)
                0x0000c040                _isatty_r
 .text._lseek_r
                0x0000c060       0x24 c:/program files (x86)/cypress/psoc creator/3.3/psoc creator/import/gnu/arm/4.9.3/bin/../lib/gcc/arm-none-eabi/4.9.3/../../../../arm-none-eabi/lib/armv7-m\libg_nano.a(lib_a-lseekr.o)
                0x0000c060                _lseek_r
 .text._malloc_usable_size_r
                0x0000c084       0x14 c:/program files (x86)/cypress/psoc creator/3.3/psoc creator/import/gnu/arm/4.9.3/bin/../lib/gcc/arm-none-eabi/4.9.3/../../../../arm-none-eabi/lib/armv7-m\libg_nano.a(lib_a-nano-msizer.o)
                0x0000c084                _malloc_usable_size_r
 .text._read_r  0x0000c098       0x24 c:/program files (x86)/cypress/psoc creator/3.3/psoc creator/import/gnu/arm/4.9.3/bin/../lib/gcc/arm-none-eabi/4.9.3/../../../../arm-none-eabi/lib/armv7-m\libg_nano.a(lib_a-readr.o)
                0x0000c098                _read_r
 .text._close   0x0000c0bc       0x10 c:/program files (x86)/cypress/psoc creator/3.3/psoc creator/import/gnu/arm/4.9.3/bin/../lib/gcc/arm-none-eabi/4.9.3/../../../../arm-none-eabi/lib/armv7-m\libnosys.a(close.o)
                0x0000c0bc                _close
 .text._fstat   0x0000c0cc       0x10 c:/program files (x86)/cypress/psoc creator/3.3/psoc creator/import/gnu/arm/4.9.3/bin/../lib/gcc/arm-none-eabi/4.9.3/../../../../arm-none-eabi/lib/armv7-m\libnosys.a(fstat.o)
                0x0000c0cc                _fstat
 .text._getpid  0x0000c0dc       0x10 c:/program files (x86)/cypress/psoc creator/3.3/psoc creator/import/gnu/arm/4.9.3/bin/../lib/gcc/arm-none-eabi/4.9.3/../../../../arm-none-eabi/lib/armv7-m\libnosys.a(getpid.o)
                0x0000c0dc                _getpid
 .text._isatty  0x0000c0ec       0x10 c:/program files (x86)/cypress/psoc creator/3.3/psoc creator/import/gnu/arm/4.9.3/bin/../lib/gcc/arm-none-eabi/4.9.3/../../../../arm-none-eabi/lib/armv7-m\libnosys.a(isatty.o)
                0x0000c0ec                _isatty
 .text._kill    0x0000c0fc       0x10 c:/program files (x86)/cypress/psoc creator/3.3/psoc creator/import/gnu/arm/4.9.3/bin/../lib/gcc/arm-none-eabi/4.9.3/../../../../arm-none-eabi/lib/armv7-m\libnosys.a(kill.o)
                0x0000c0fc                _kill
 .text._lseek   0x0000c10c       0x10 c:/program files (x86)/cypress/psoc creator/3.3/psoc creator/import/gnu/arm/4.9.3/bin/../lib/gcc/arm-none-eabi/4.9.3/../../../../arm-none-eabi/lib/armv7-m\libnosys.a(lseek.o)
                0x0000c10c                _lseek
 .text._read    0x0000c11c       0x10 c:/program files (x86)/cypress/psoc creator/3.3/psoc creator/import/gnu/arm/4.9.3/bin/../lib/gcc/arm-none-eabi/4.9.3/../../../../arm-none-eabi/lib/armv7-m\libnosys.a(read.o)
                0x0000c11c                _read
 .text._write   0x0000c12c       0x10 c:/program files (x86)/cypress/psoc creator/3.3/psoc creator/import/gnu/arm/4.9.3/bin/../lib/gcc/arm-none-eabi/4.9.3/../../../../arm-none-eabi/lib/armv7-m\libnosys.a(write.o)
                0x0000c12c                _write
 *(.plt)
 *(.gnu.warning)
 *(.glue_7t)
 .glue_7t       0x00000000        0x0 linker stubs
 *(.glue_7)
 .glue_7        0x00000000        0x0 linker stubs
 *(.vfp11_veneer)
 .vfp11_veneer  0x00000000        0x0 linker stubs
 *(.bootloader)
 *(.ARM.extab* .gnu.linkonce.armextab.*)
 *(.gcc_except_table)

.v4_bx          0x0000c13c        0x0
 .v4_bx         0x00000000        0x0 linker stubs

.iplt           0x0000c13c        0x0
 .iplt          0x00000000        0x0 c:/program files (x86)/cypress/psoc creator/3.3/psoc creator/import/gnu/arm/4.9.3/bin/../lib/gcc/arm-none-eabi/4.9.3/armv7-m/crtbegin.o

.eh_frame_hdr
 *(.eh_frame_hdr)

.eh_frame       0x0000c13c        0x4
 *(.eh_frame)
 .eh_frame      0x0000c13c        0x0 c:/program files (x86)/cypress/psoc creator/3.3/psoc creator/import/gnu/arm/4.9.3/bin/../lib/gcc/arm-none-eabi/4.9.3/armv7-m/crtbegin.o