Archive member included because of file (symbol)

.\CortexM3\ARM_GCC_493\Debug\freesoc.a(cyfitter_cfg.o)
                              .\CortexM3\ARM_GCC_493\Debug\infrared.o (Front_AMuxSeq_DisconnectAll)
.\CortexM3\ARM_GCC_493\Debug\freesoc.a(Left_HB25_Enable_Pin.o)
                              .\CortexM3\ARM_GCC_493\Debug\motor.o (Left_HB25_Enable_Pin_Write)
.\CortexM3\ARM_GCC_493\Debug\freesoc.a(Left_HB25_PWM.o)
                              .\CortexM3\ARM_GCC_493\Debug\motor.o (Left_HB25_PWM_Stop)
.\CortexM3\ARM_GCC_493\Debug\freesoc.a(Right_HB25_Enable_Pin.o)
                              .\CortexM3\ARM_GCC_493\Debug\motor.o (Right_HB25_Enable_Pin_Write)
.\CortexM3\ARM_GCC_493\Debug\freesoc.a(Right_HB25_PWM.o)
                              .\CortexM3\ARM_GCC_493\Debug\motor.o (Right_HB25_PWM_Stop)
.\CortexM3\ARM_GCC_493\Debug\freesoc.a(CyBootAsmGnu.o)
                              .\CortexM3\ARM_GCC_493\Debug\freesoc.a(cyfitter_cfg.o) (CyDelayCycles)
.\CortexM3\ARM_GCC_493\Debug\freesoc.a(CyLib.o)
                              .\CortexM3\ARM_GCC_493\Debug\Cm3Start.o (CyHalt)
.\CortexM3\ARM_GCC_493\Debug\freesoc.a(cyPm.o)
                              .\CortexM3\ARM_GCC_493\Debug\freesoc.a(CyLib.o) (CyPmReadStatus)
.\CortexM3\ARM_GCC_493\Debug\freesoc.a(EZI2C_Slave.o)
                              .\CortexM3\ARM_GCC_493\Debug\i2c.o (EZI2C_Slave_Start)
.\CortexM3\ARM_GCC_493\Debug\freesoc.a(EZI2C_Slave_PM.o)
                              .\CortexM3\ARM_GCC_493\Debug\freesoc.a(EZI2C_Slave.o) (EZI2C_Slave_backup)
.\CortexM3\ARM_GCC_493\Debug\freesoc.a(EZI2C_Slave_INT.o)
                              .\CortexM3\ARM_GCC_493\Debug\freesoc.a(EZI2C_Slave.o) (EZI2C_Slave_ISR)
.\CortexM3\ARM_GCC_493\Debug\freesoc.a(Front_Echo_Intr.o)
                              .\CortexM3\ARM_GCC_493\Debug\ultrasonic.o (Front_Echo_Intr_StartEx)
.\CortexM3\ARM_GCC_493\Debug\freesoc.a(Front_Trigger_Reg.o)
                              .\CortexM3\ARM_GCC_493\Debug\ultrasonic.o (Front_Trigger_Reg_Write)
.\CortexM3\ARM_GCC_493\Debug\freesoc.a(Front_Trigger_Select_Reg.o)
                              .\CortexM3\ARM_GCC_493\Debug\ultrasonic.o (Front_Trigger_Select_Reg_Write)
.\CortexM3\ARM_GCC_493\Debug\freesoc.a(Front_Echo_Timer.o)
                              .\CortexM3\ARM_GCC_493\Debug\ultrasonic.o (Front_Echo_Timer_ReadCounter)
.\CortexM3\ARM_GCC_493\Debug\freesoc.a(Rear_Trigger_Reg.o)
                              .\CortexM3\ARM_GCC_493\Debug\ultrasonic.o (Rear_Trigger_Reg_Write)
.\CortexM3\ARM_GCC_493\Debug\freesoc.a(Rear_Trigger_Select_Reg.o)
                              .\CortexM3\ARM_GCC_493\Debug\ultrasonic.o (Rear_Trigger_Select_Reg_Write)
.\CortexM3\ARM_GCC_493\Debug\freesoc.a(Rear_Echo_Intr.o)
                              .\CortexM3\ARM_GCC_493\Debug\ultrasonic.o (Rear_Echo_Intr_StartEx)
.\CortexM3\ARM_GCC_493\Debug\freesoc.a(Rear_Echo_Timer.o)
                              .\CortexM3\ARM_GCC_493\Debug\ultrasonic.o (Rear_Echo_Timer_ReadCounter)
.\CortexM3\ARM_GCC_493\Debug\freesoc.a(Front_ADC_SAR.o)
                              .\CortexM3\ARM_GCC_493\Debug\infrared.o (Front_ADC_SAR_Start)
.\CortexM3\ARM_GCC_493\Debug\freesoc.a(Front_ADC_SAR_INT.o)
                              .\CortexM3\ARM_GCC_493\Debug\freesoc.a(Front_ADC_SAR.o) (Front_ADC_SAR_ISR)
.\CortexM3\ARM_GCC_493\Debug\freesoc.a(Front_AMuxSeq.o)
                              .\CortexM3\ARM_GCC_493\Debug\infrared.o (Front_AMuxSeq_Start)
.\CortexM3\ARM_GCC_493\Debug\freesoc.a(Rear_ADC_SAR.o)
                              .\CortexM3\ARM_GCC_493\Debug\infrared.o (Rear_ADC_SAR_Start)
.\CortexM3\ARM_GCC_493\Debug\freesoc.a(Rear_ADC_SAR_INT.o)
                              .\CortexM3\ARM_GCC_493\Debug\freesoc.a(Rear_ADC_SAR.o) (Rear_ADC_SAR_ISR)
.\CortexM3\ARM_GCC_493\Debug\freesoc.a(Rear_AMuxSeq.o)
                              .\CortexM3\ARM_GCC_493\Debug\infrared.o (Rear_AMuxSeq_Start)
.\CortexM3\ARM_GCC_493\Debug\freesoc.a(Front_ADC_SAR_IRQ.o)
                              .\CortexM3\ARM_GCC_493\Debug\infrared.o (Front_ADC_SAR_IRQ_StartEx)
.\CortexM3\ARM_GCC_493\Debug\freesoc.a(Front_ADC_SAR_theACLK.o)
                              .\CortexM3\ARM_GCC_493\Debug\freesoc.a(Front_ADC_SAR.o) (Front_ADC_SAR_theACLK_SetModeRegister)
.\CortexM3\ARM_GCC_493\Debug\freesoc.a(Rear_ADC_SAR_IRQ.o)
                              .\CortexM3\ARM_GCC_493\Debug\infrared.o (Rear_ADC_SAR_IRQ_StartEx)
.\CortexM3\ARM_GCC_493\Debug\freesoc.a(Rear_ADC_SAR_theACLK.o)
                              .\CortexM3\ARM_GCC_493\Debug\freesoc.a(Rear_ADC_SAR.o) (Rear_ADC_SAR_theACLK_SetModeRegister)
.\CortexM3\ARM_GCC_493\Debug\freesoc.a(Rear_EOS_Intr.o)
                              .\CortexM3\ARM_GCC_493\Debug\infrared.o (Rear_EOS_Intr_StartEx)
.\CortexM3\ARM_GCC_493\Debug\freesoc.a(Front_EOS_Intr.o)
                              .\CortexM3\ARM_GCC_493\Debug\infrared.o (Front_EOS_Intr_StartEx)
[...]
Memory Configuration

Name             Origin             Length             Attributes
rom              0x00000000         0x00040000         xr
ram              0x1fff8000         0x00010000         xrw
*default*        0x00000000         0xffffffff

Linker script and memory map

LOAD c:/program files (x86)/cypress/psoc creator/3.3/psoc creator/import/gnu/arm/4.9.3/bin/../lib/gcc/arm-none-eabi/4.9.3/armv7-m/crti.o
LOAD c:/program files (x86)/cypress/psoc creator/3.3/psoc creator/import/gnu/arm/4.9.3/bin/../lib/gcc/arm-none-eabi/4.9.3/armv7-m/crtbegin.o
LOAD c:/program files (x86)/cypress/psoc creator/3.3/psoc creator/import/gnu/arm/4.9.3/bin/../lib/gcc/arm-none-eabi/4.9.3/../../../../arm-none-eabi/lib/armv7-m/crt0.o
START GROUP
LOAD .\CortexM3\ARM_GCC_493\Debug\main.o
LOAD .\CortexM3\ARM_GCC_493\Debug\cal.o
LOAD .\CortexM3\ARM_GCC_493\Debug\control.o
LOAD .\CortexM3\ARM_GCC_493\Debug\debug.o
LOAD .\CortexM3\ARM_GCC_493\Debug\diag.o
LOAD .\CortexM3\ARM_GCC_493\Debug\encoder.o
LOAD .\CortexM3\ARM_GCC_493\Debug\i2c.o
LOAD .\CortexM3\ARM_GCC_493\Debug\motor.o
LOAD .\CortexM3\ARM_GCC_493\Debug\odom.o
LOAD .\CortexM3\ARM_GCC_493\Debug\pid.o
LOAD .\CortexM3\ARM_GCC_493\Debug\time.o
LOAD .\CortexM3\ARM_GCC_493\Debug\ultrasonic.o
LOAD .\CortexM3\ARM_GCC_493\Debug\utils.o
LOAD .\CortexM3\ARM_GCC_493\Debug\infrared.o
LOAD .\CortexM3\ARM_GCC_493\Debug\pid_controller.o
LOAD .\CortexM3\ARM_GCC_493\Debug\serial.o
LOAD .\CortexM3\ARM_GCC_493\Debug\cymetadata.o
LOAD .\CortexM3\ARM_GCC_493\Debug\Cm3Start.o
LOAD .\CortexM3\ARM_GCC_493\Debug\freesoc.a
LOAD C:\Program Files (x86)\Cypress\PSoC Creator\3.3\PSoC Creator\psoc\content\cycomponentlibrary\CyComponentLibrary.cylib\CortexM3\ARM_GCC_493\Debug\CyComponentLibrary.a
LOAD c:/program files (x86)/cypress/psoc creator/3.3/psoc creator/import/gnu/arm/4.9.3/bin/../lib/gcc/arm-none-eabi/4.9.3/../../../../arm-none-eabi/lib/armv7-m\libm.a
END GROUP
START GROUP
LOAD c:/program files (x86)/cypress/psoc creator/3.3/psoc creator/import/gnu/arm/4.9.3/bin/../lib/gcc/arm-none-eabi/4.9.3/armv7-m\libgcc.a
LOAD c:/program files (x86)/cypress/psoc creator/3.3/psoc creator/import/gnu/arm/4.9.3/bin/../lib/gcc/arm-none-eabi/4.9.3/../../../../arm-none-eabi/lib/armv7-m\libg_nano.a
LOAD c:/program files (x86)/cypress/psoc creator/3.3/psoc creator/import/gnu/arm/4.9.3/bin/../lib/gcc/arm-none-eabi/4.9.3/../../../../arm-none-eabi/lib/armv7-m\libc_nano.a
END GROUP
START GROUP
LOAD c:/program files (x86)/cypress/psoc creator/3.3/psoc creator/import/gnu/arm/4.9.3/bin/../lib/gcc/arm-none-eabi/4.9.3/armv7-m\libgcc.a
LOAD c:/program files (x86)/cypress/psoc creator/3.3/psoc creator/import/gnu/arm/4.9.3/bin/../lib/gcc/arm-none-eabi/4.9.3/../../../../arm-none-eabi/lib/armv7-m\libc_nano.a
END GROUP
LOAD c:/program files (x86)/cypress/psoc creator/3.3/psoc creator/import/gnu/arm/4.9.3/bin/../lib/gcc/arm-none-eabi/4.9.3/armv7-m/crtend.o
LOAD c:/program files (x86)/cypress/psoc creator/3.3/psoc creator/import/gnu/arm/4.9.3/bin/../lib/gcc/arm-none-eabi/4.9.3/armv7-m/crtn.o
START GROUP
LOAD c:/program files (x86)/cypress/psoc creator/3.3/psoc creator/import/gnu/arm/4.9.3/bin/../lib/gcc/arm-none-eabi/4.9.3/armv7-m\libgcc.a
LOAD c:/program files (x86)/cypress/psoc creator/3.3/psoc creator/import/gnu/arm/4.9.3/bin/../lib/gcc/arm-none-eabi/4.9.3/../../../../arm-none-eabi/lib/armv7-m\libc.a
LOAD c:/program files (x86)/cypress/psoc creator/3.3/psoc creator/import/gnu/arm/4.9.3/bin/../lib/gcc/arm-none-eabi/4.9.3/../../../../arm-none-eabi/lib/armv7-m\libnosys.a
END GROUP
                0x00000000                CY_APPL_ORIGIN = 0x0
                0x00000100                CY_FLASH_ROW_SIZE = 0x100
                0x00000020                CY_ECC_ROW_SIZE = 0x20
                0x00000000                CY_EE_IN_BTLDR = 0x0
                0x00000000                CY_APPL_LOADABLE = 0x0
                0x00000800                CY_EE_SIZE = 0x800
                0x00000001                CY_APPL_NUM = 0x1
                0x00000001                CY_APPL_MAX = 0x1
                0x00000040                CY_METADATA_SIZE = 0x40
                0x00000000                CY_APPL_LOADABLE = 0x0
                0x00000000                CY_CHECKSUM_EXCLUDE_SIZE = ALIGN (0x0, CY_FLASH_ROW_SIZE)
                0x1ffff2b0                PROVIDE (__cy_heap_start, _end)
                0x00000001                PROVIDE (__cy_region_num, ((__cy_regions_end - __cy_regions) / 0x10))
                0x20008000                PROVIDE (__cy_stack, (ORIGIN (ram) + 0x10000))
                0x20007800                PROVIDE (__cy_heap_end, (__cy_stack - 0x800))

.cybootloader   0x00000000        0x0
 *(.cybootloader)
                0x00000000                appl1_start = CY_APPL_ORIGIN?CY_APPL_ORIGIN:ALIGN (CY_FLASH_ROW_SIZE)
                0x0001ff00                appl2_start = (appl1_start + ALIGN ((((0x40000 - appl1_start) - (0x2 * CY_FLASH_ROW_SIZE)) / 0x2), CY_FLASH_ROW_SIZE))
                0x00000000                appl_start = (CY_APPL_NUM == 0x1)?appl1_start:appl2_start
                0x00000000                ecc_offset = ((appl_start / CY_FLASH_ROW_SIZE) * CY_ECC_ROW_SIZE)
                0x00000000                ee_offset = (CY_APPL_LOADABLE && ! (CY_EE_IN_BTLDR))?((CY_EE_SIZE / CY_APPL_MAX) * (CY_APPL_NUM - 0x1)):0x0
                0x00000800                ee_size = (CY_APPL_LOADABLE && ! (CY_EE_IN_BTLDR))?(CY_EE_SIZE / CY_APPL_MAX):CY_EE_SIZE
                0x00000000                PROVIDE (CY_ECC_OFFSET, ecc_offset)

.text           0x00000000     0xa68e
 CREATE_OBJECT_SYMBOLS
                0x00000000                PROVIDE (__cy_interrupt_vector, RomVectors)
 *(.romvectors)
 .romvectors    0x00000000       0x10 .\CortexM3\ARM_GCC_493\Debug\Cm3Start.o
                0x00000000                RomVectors
                0x00000001                ASSERT ((. != __cy_interrupt_vector), No interrupt vector)
                0x00000001                ASSERT (CY_APPL_ORIGIN?(SIZEOF (.cybootloader) <= CY_APPL_ORIGIN):0x1, Wrong image location)
                0x00000010                PROVIDE (__cy_reset, Reset)
 *(.text.Reset)
 .text.Reset    0x00000010       0x18 .\CortexM3\ARM_GCC_493\Debug\Cm3Start.o
                0x00000010                Reset
                0x00000001                ASSERT ((. != __cy_reset), No reset code)
 *(.dma_init)
                0x00000001                ASSERT ((((appl_start + .) <= 0x10000) || 0x1), DMA Init must be within the first 64k of flash)
 *(.text .text.* .gnu.linkonce.t.*)
 .text          0x00000028       0x5c c:/program files (x86)/cypress/psoc creator/3.3/psoc creator/import/gnu/arm/4.9.3/bin/../lib/gcc/arm-none-eabi/4.9.3/armv7-m/crtbegin.o
 .text.main     0x00000084      0x118 .\CortexM3\ARM_GCC_493\Debug\main.o
                0x00000084                main
 .text.CalculatePwmSamples
                0x0000019c       0x64 .\CortexM3\ARM_GCC_493\Debug\cal.o
 .text.AddSamplesToSum
                0x00000200       0x24 .\CortexM3\ARM_GCC_493\Debug\cal.o
 .text.CalculateAvgCpsSamples
                0x00000224       0x20 .\CortexM3\ARM_GCC_493\Debug\cal.o
 .text.CalculateMinMaxCpsSample
                0x00000244       0x38 .\CortexM3\ARM_GCC_493\Debug\cal.o
 .text.StartCalibration
                0x0000027c       0x24 .\CortexM3\ARM_GCC_493\Debug\cal.o
 .text.EndCalibration
                0x000002a0       0x30 .\CortexM3\ARM_GCC_493\Debug\cal.o
 .text.CalibrateWheelSpeed
                0x000002d0       0x5c .\CortexM3\ARM_GCC_493\Debug\cal.o
 .text.StoreWheelSpeed
                0x0000032c       0xb4 .\CortexM3\ARM_GCC_493\Debug\cal.o
 .text.Cal_Init
                0x000003e0       0x14 .\CortexM3\ARM_GCC_493\Debug\cal.o
                0x000003e0                Cal_Init
 .text.Cal_Start
                0x000003f4       0x2c .\CortexM3\ARM_GCC_493\Debug\cal.o
                0x000003f4                Cal_Start
 .text.Cal_Update
                0x00000420       0xa8 .\CortexM3\ARM_GCC_493\Debug\cal.o
                0x00000420                Cal_Update
 .text.Cal_LeftGetCalData
                0x000004c8       0x10 .\CortexM3\ARM_GCC_493\Debug\cal.o
                0x000004c8                Cal_LeftGetCalData
 .text.Cal_RightGetCalData
                0x000004d8       0x14 .\CortexM3\ARM_GCC_493\Debug\cal.o
                0x000004d8                Cal_RightGetCalData
 .text.Cal_Validate
                0x000004ec        0x4 .\CortexM3\ARM_GCC_493\Debug\cal.o
                0x000004ec                Cal_Validate
 .text.CalculateLeftRightSpeed
                0x000004f0       0x70 .\CortexM3\ARM_GCC_493\Debug\control.o
 .text.Control_Init
                0x00000560        0x4 .\CortexM3\ARM_GCC_493\Debug\control.o
                0x00000560                Control_Init
 .text.Control_Start
                0x00000564        0x4 .\CortexM3\ARM_GCC_493\Debug\control.o
                0x00000564                Control_Start
 .text.Control_Update
                0x00000568       0x3c .\CortexM3\ARM_GCC_493\Debug\control.o
                0x00000568                Control_Update
 .text.Control_LeftGetCmdVelocity
                0x000005a4        0xc .\CortexM3\ARM_GCC_493\Debug\control.o
                0x000005a4                Control_LeftGetCmdVelocity
 .text.Control_RightGetCmdVelocity
                0x000005b0        0xc .\CortexM3\ARM_GCC_493\Debug\control.o
                0x000005b0                Control_RightGetCmdVelocity
 .text.Debug_Init
                0x000005bc       0x14 .\CortexM3\ARM_GCC_493\Debug\debug.o
                0x000005bc                Debug_Init
 .text.Debug_Start
                0x000005d0        0x4 .\CortexM3\ARM_GCC_493\Debug\debug.o
                0x000005d0                Debug_Start
 .text.Diag_Init
                0x000005d4       0x18 .\CortexM3\ARM_GCC_493\Debug\diag.o
                0x000005d4                Diag_Init
 .text.Diag_Start
                0x000005ec        0x4 .\CortexM3\ARM_GCC_493\Debug\diag.o
                0x000005ec                Diag_Start
 .text.Diag_Update
                0x000005f0       0x34 .\CortexM3\ARM_GCC_493\Debug\diag.o
                0x000005f0                Diag_Update
 *fill*         0x00000624        0x4 
 .text.Encoder_Sample
                0x00000628       0x70 .\CortexM3\ARM_GCC_493\Debug\encoder.o
 .text.Encoder_Init
                0x00000698       0x48 .\CortexM3\ARM_GCC_493\Debug\encoder.o
                0x00000698                Encoder_Init
 .text.Encoder_Start
                0x000006e0       0x20 .\CortexM3\ARM_GCC_493\Debug\encoder.o
                0x000006e0                Encoder_Start
 .text.Encoder_Update
                0x00000700       0x58 .\CortexM3\ARM_GCC_493\Debug\encoder.o
                0x00000700                Encoder_Update
 .text.Encoder_LeftGetCntsPerSec
                0x00000758        0xc .\CortexM3\ARM_GCC_493\Debug\encoder.o
                0x00000758                Encoder_LeftGetCntsPerSec
 .text.Encoder_RightGetCntsPerSec
                0x00000764        0xc .\CortexM3\ARM_GCC_493\Debug\encoder.o
                0x00000764                Encoder_RightGetCntsPerSec
 .text.Encoder_LeftGetMeterPerSec
                0x00000770        0xc .\CortexM3\ARM_GCC_493\Debug\encoder.o
                0x00000770                Encoder_LeftGetMeterPerSec
 .text.Encoder_RightGetMeterPerSec
                0x0000077c        0xc .\CortexM3\ARM_GCC_493\Debug\encoder.o
                0x0000077c                Encoder_RightGetMeterPerSec
 .text.Encoder_Reset
                0x00000788       0x3c .\CortexM3\ARM_GCC_493\Debug\encoder.o
                0x00000788                Encoder_Reset
 .text.I2c_Init
                0x000007c4       0x1c .\CortexM3\ARM_GCC_493\Debug\i2c.o
                0x000007c4                I2c_Init
 .text.I2c_Start
                0x000007e0       0x18 .\CortexM3\ARM_GCC_493\Debug\i2c.o
                0x000007e0                I2c_Start
 .text.I2c_ReadControl
                0x000007f8       0x2c .\CortexM3\ARM_GCC_493\Debug\i2c.o
                0x000007f8                I2c_ReadControl
 *fill*         0x00000824        0x4 
 .text.I2c_ReadCmdVelocity
                0x00000828      0x100 .\CortexM3\ARM_GCC_493\Debug\i2c.o
                0x00000828                I2c_ReadCmdVelocity
 .text.I2c_SetStatusBit
                0x00000928       0x38 .\CortexM3\ARM_GCC_493\Debug\i2c.o
                0x00000928                I2c_SetStatusBit
 .text.I2c_ClearStatusBit
                0x00000960       0x3c .\CortexM3\ARM_GCC_493\Debug\i2c.o
                0x00000960                I2c_ClearStatusBit
 .text.I2c_WriteOdom
                0x0000099c       0x48 .\CortexM3\ARM_GCC_493\Debug\i2c.o
                0x0000099c                I2c_WriteOdom
 .text.I2c_WriteFrontUltrasonicDistance
                0x000009e4       0x34 .\CortexM3\ARM_GCC_493\Debug\i2c.o
                0x000009e4                I2c_WriteFrontUltrasonicDistance
 .text.I2c_WriteRearUltrasonicDistance
                0x00000a18       0x34 .\CortexM3\ARM_GCC_493\Debug\i2c.o
                0x00000a18                I2c_WriteRearUltrasonicDistance
 .text.I2c_WriteFrontInfraredDistance
                0x00000a4c       0x34 .\CortexM3\ARM_GCC_493\Debug\i2c.o
                0x00000a4c                I2c_WriteFrontInfraredDistance
 .text.I2c_WriteRearInfraredDistance
                0x00000a80       0x34 .\CortexM3\ARM_GCC_493\Debug\i2c.o
                0x00000a80                I2c_WriteRearInfraredDistance
 .text.I2c_UpdateHeartbeat
                0x00000ab4       0x30 .\CortexM3\ARM_GCC_493\Debug\i2c.o
                0x00000ab4                I2c_UpdateHeartbeat
 .text.Interpolate
                0x00000ae4       0x3c .\CortexM3\ARM_GCC_493\Debug\motor.o
 .text.calculate_pwm
                0x00000b20       0x74 .\CortexM3\ARM_GCC_493\Debug\motor.o
 .text.calc_motor_output_from_cps
                0x00000b94       0xa8 .\CortexM3\ARM_GCC_493\Debug\motor.o
 .text.RampSpeed
                0x00000c3c       0x44 .\CortexM3\ARM_GCC_493\Debug\motor.o
 .text.WriteTwoValues
                0x00000c80       0x4c .\CortexM3\ARM_GCC_493\Debug\motor.o
 .text.CollectCpsPwmSamples
                0x00000ccc       0x6c .\CortexM3\ARM_GCC_493\Debug\motor.o
 .text.PrintFormatDataInt32
                0x00000d38       0x8c .\CortexM3\ARM_GCC_493\Debug\motor.o
 .text.PrintFormatDataUint16
                0x00000dc4       0x8c .\CortexM3\ARM_GCC_493\Debug\motor.o
 .text.DumpMotorCal
                0x00000e50       0x4c .\CortexM3\ARM_GCC_493\Debug\motor.o
 .text.Motor_Init
                0x00000e9c       0x18 .\CortexM3\ARM_GCC_493\Debug\motor.o
                0x00000e9c                Motor_Init
 .text.Motor_Start
                0x00000eb4       0x48 .\CortexM3\ARM_GCC_493\Debug\motor.o
                0x00000eb4                Motor_Start
 .text.Motor_LeftSetCntsPerSec
                0x00000efc       0x18 .\CortexM3\ARM_GCC_493\Debug\motor.o
                0x00000efc                Motor_LeftSetCntsPerSec
 .text.Motor_RightSetCntsPerSec
                0x00000f14       0x18 .\CortexM3\ARM_GCC_493\Debug\motor.o
                0x00000f14                Motor_RightSetCntsPerSec
 .text.Motor_LeftGetPwm
                0x00000f2c        0xc .\CortexM3\ARM_GCC_493\Debug\motor.o
                0x00000f2c                Motor_LeftGetPwm
 .text.Motor_RightGetPwm
                0x00000f38        0xc .\CortexM3\ARM_GCC_493\Debug\motor.o
                0x00000f38                Motor_RightGetPwm
 .text.Motor_Stop
                0x00000f44       0x20 .\CortexM3\ARM_GCC_493\Debug\motor.o
                0x00000f44                Motor_Stop
 .text.Motor_CollectPwmCpsSamples
                0x00000f64       0xb4 .\CortexM3\ARM_GCC_493\Debug\motor.o
                0x00000f64                Motor_CollectPwmCpsSamples
 .text.Motor_LeftSetCalibration
                0x00001018       0x1c .\CortexM3\ARM_GCC_493\Debug\motor.o
                0x00001018                Motor_LeftSetCalibration
 .text.Motor_RightSetCalibration
                0x00001034       0x1c .\CortexM3\ARM_GCC_493\Debug\motor.o
                0x00001034                Motor_RightSetCalibration
 .text.DumpOdom
                0x00001050       0x78 .\CortexM3\ARM_GCC_493\Debug\odom.o
 .text.Odom_Init
                0x000010c8       0x14 .\CortexM3\ARM_GCC_493\Debug\odom.o
                0x000010c8                Odom_Init
 .text.Odom_Start
                0x000010dc        0x4 .\CortexM3\ARM_GCC_493\Debug\odom.o
                0x000010dc                Odom_Start
 .text.calc_odom
                0x000010e0      0x250 .\CortexM3\ARM_GCC_493\Debug\odom.o
                0x000010e0                calc_odom
 .text.Odom_Update
                0x00001330       0x60 .\CortexM3\ARM_GCC_493\Debug\odom.o
                0x00001330                Odom_Update
 .text.Odom_Reset
                0x00001390       0x28 .\CortexM3\ARM_GCC_493\Debug\odom.o
                0x00001390                Odom_Reset
 .text.ProcessPid
                0x000013b8       0xb0 .\CortexM3\ARM_GCC_493\Debug\pid.o
 .text.Pid_Init
                0x00001468       0x84 .\CortexM3\ARM_GCC_493\Debug\pid.o
                0x00001468                Pid_Init
 .text.Pid_Start
                0x000014ec        0x4 .\CortexM3\ARM_GCC_493\Debug\pid.o
                0x000014ec                Pid_Start
 .text.Pid_Update
                0x000014f0       0x50 .\CortexM3\ARM_GCC_493\Debug\pid.o
                0x000014f0                Pid_Update
 .text.SysTickIsrHandler
                0x00001540       0x10 .\CortexM3\ARM_GCC_493\Debug\time.o
 .text.Time_Init
                0x00001550        0xc .\CortexM3\ARM_GCC_493\Debug\time.o
                0x00001550                Time_Init
 .text.Time_Start
                0x0000155c       0x2c .\CortexM3\ARM_GCC_493\Debug\time.o
                0x0000155c                Time_Start
 .text.millis   0x00001588        0xc .\CortexM3\ARM_GCC_493\Debug\time.o
                0x00001588                millis
 .text.Front_Trigger_Next
                0x00001594       0x34 .\CortexM3\ARM_GCC_493\Debug\ultrasonic.o
 .text.Front_Echo_Interrupt
                0x000015c8       0x4c .\CortexM3\ARM_GCC_493\Debug\ultrasonic.o
 .text.Rear_Trigger_Next
                0x00001614       0x34 .\CortexM3\ARM_GCC_493\Debug\ultrasonic.o
 .text.Rear_Echo_Interrupt
                0x00001648       0x4c .\CortexM3\ARM_GCC_493\Debug\ultrasonic.o
 .text.Ultrasonic_Init
                0x00001694        0x4 .\CortexM3\ARM_GCC_493\Debug\ultrasonic.o
                0x00001694                Ultrasonic_Init
 .text.Ultrasonic_Start
                0x00001698       0x28 .\CortexM3\ARM_GCC_493\Debug\ultrasonic.o
                0x00001698                Ultrasonic_Start
 .text.insert_zeros
                0x000016c0       0x30 .\CortexM3\ARM_GCC_493\Debug\utils.o
 .text.MovingAverageFloat
                0x000016f0       0x2c .\CortexM3\ARM_GCC_493\Debug\utils.o
                0x000016f0                MovingAverageFloat
 .text.ftoa     0x0000171c       0xa4 .\CortexM3\ARM_GCC_493\Debug\utils.o
                0x0000171c                ftoa
 .text.BinaryRangeSearch
                0x000017c0       0x50 .\CortexM3\ARM_GCC_493\Debug\utils.o
                0x000017c0                BinaryRangeSearch
 .text.Rear_EOS_Interrupt
                0x00001810       0x1c .\CortexM3\ARM_GCC_493\Debug\infrared.o
 .text.Front_EOS_Interrupt
                0x0000182c       0x1c .\CortexM3\ARM_GCC_493\Debug\infrared.o
 .text.Rear_EOC_Interrupt
                0x00001848       0x90 .\CortexM3\ARM_GCC_493\Debug\infrared.o
 .text.Front_EOC_Interrupt
                0x000018d8       0x90 .\CortexM3\ARM_GCC_493\Debug\infrared.o
 .text.Infrared_Init
                0x00001968        0xc .\CortexM3\ARM_GCC_493\Debug\infrared.o
                0x00001968                Infrared_Init
 .text.Infrared_Start
                0x00001974       0x4c .\CortexM3\ARM_GCC_493\Debug\infrared.o
                0x00001974                Infrared_Start
 .text.PIDCompute
                0x000019c0       0xa4 .\CortexM3\ARM_GCC_493\Debug\pid_controller.o
                0x000019c0                PIDCompute
 .text.PIDOutputLimitsSet
                0x00001a64       0x5c .\CortexM3\ARM_GCC_493\Debug\pid_controller.o
                0x00001a64                PIDOutputLimitsSet
 .text.PIDTuningsSet
                0x00001ac0       0x6c .\CortexM3\ARM_GCC_493\Debug\pid_controller.o
                0x00001ac0                PIDTuningsSet
 .text.PIDInit  0x00001b2c       0x54 .\CortexM3\ARM_GCC_493\Debug\pid_controller.o
                0x00001b2c                PIDInit
 .text.PIDSetpointSet
                0x00001b80        0x4 .\CortexM3\ARM_GCC_493\Debug\pid_controller.o
                0x00001b80                PIDSetpointSet
 .text.PIDInputSet
                0x00001b84        0x4 .\CortexM3\ARM_GCC_493\Debug\pid_controller.o
                0x00001b84                PIDInputSet
 .text.Ser_Init
                0x00001b88       0x24 .\CortexM3\ARM_GCC_493\Debug\serial.o
                0x00001b88                Ser_Init
 .text.Ser_Start
                0x00001bac       0x2c .\CortexM3\ARM_GCC_493\Debug\serial.o
                0x00001bac                Ser_Start
 .text.Ser_PutString
                0x00001bd8       0x18 .\CortexM3\ARM_GCC_493\Debug\serial.o
                0x00001bd8                Ser_PutString
 .text.IntDefaultHandler
                0x00001bf0        0x4 .\CortexM3\ARM_GCC_493\Debug\Cm3Start.o
                0x00001bf0                IntDefaultHandler
 .text._sbrk    0x00001bf4       0x30 .\CortexM3\ARM_GCC_493\Debug\Cm3Start.o
                0x00001bf4                _sbrk
 .text.Start_c  0x00001c24       0x4c .\CortexM3\ARM_GCC_493\Debug\Cm3Start.o
                0x00001c24                Start_c
 .text.initialize_psoc
                0x00001c70       0x74 .\CortexM3\ARM_GCC_493\Debug\Cm3Start.o
                0x00001c70                initialize_psoc
 .text.cfg_write_bytes32
                0x00001ce4       0x34 .\CortexM3\ARM_GCC_493\Debug\freesoc.a(cyfitter_cfg.o)
 .text.CYMEMZERO
                0x00001d18        0xc .\CortexM3\ARM_GCC_493\Debug\freesoc.a(cyfitter_cfg.o)
 .text.ClockSetup
                0x00001d24       0xe4 .\CortexM3\ARM_GCC_493\Debug\freesoc.a(cyfitter_cfg.o)
 .text.AnalogSetDefault
                0x00001e08       0x80 .\CortexM3\ARM_GCC_493\Debug\freesoc.a(cyfitter_cfg.o)
 .text.CYCONFIGCPY
                0x00001e88        0x8 .\CortexM3\ARM_GCC_493\Debug\freesoc.a(cyfitter_cfg.o)
 .text.Front_AMuxSeq_DisconnectAll
                0x00001e90       0x18 .\CortexM3\ARM_GCC_493\Debug\freesoc.a(cyfitter_cfg.o)
                0x00001e90                Front_AMuxSeq_DisconnectAll
 .text.Front_AMuxSeq_Next
                0x00001ea8       0x6c .\CortexM3\ARM_GCC_493\Debug\freesoc.a(cyfitter_cfg.o)
                0x00001ea8                Front_AMuxSeq_Next
 .text.Rear_AMuxSeq_DisconnectAll
                0x00001f14       0x18 .\CortexM3\ARM_GCC_493\Debug\freesoc.a(cyfitter_cfg.o)
                0x00001f14                Rear_AMuxSeq_DisconnectAll
 .text.Rear_AMuxSeq_Next
                0x00001f2c       0x6c .\CortexM3\ARM_GCC_493\Debug\freesoc.a(cyfitter_cfg.o)
                0x00001f2c                Rear_AMuxSeq_Next
 .text.cyfitter_cfg
                0x00001f98      0x188 .\CortexM3\ARM_GCC_493\Debug\freesoc.a(cyfitter_cfg.o)
                0x00001f98                cyfitter_cfg
 .text.Left_HB25_Enable_Pin_Write
                0x00002120       0x18 .\CortexM3\ARM_GCC_493\Debug\freesoc.a(Left_HB25_Enable_Pin.o)
                0x00002120                Left_HB25_Enable_Pin_Write
 .text.Left_HB25_PWM_Stop
                0x00002138        0x4 .\CortexM3\ARM_GCC_493\Debug\freesoc.a(Left_HB25_PWM.o)
                0x00002138                Left_HB25_PWM_Stop
 .text.Left_HB25_PWM_WriteCounter
                0x0000213c        0xc .\CortexM3\ARM_GCC_493\Debug\freesoc.a(Left_HB25_PWM.o)
                0x0000213c                Left_HB25_PWM_WriteCounter
 .text.Left_HB25_PWM_WritePeriod
                0x00002148        0xc .\CortexM3\ARM_GCC_493\Debug\freesoc.a(Left_HB25_PWM.o)
                0x00002148                Left_HB25_PWM_WritePeriod
 .text.Left_HB25_PWM_WriteCompare
                0x00002154        0xc .\CortexM3\ARM_GCC_493\Debug\freesoc.a(Left_HB25_PWM.o)
                0x00002154                Left_HB25_PWM_WriteCompare
 .text.Left_HB25_PWM_Init
                0x00002160       0x34 .\CortexM3\ARM_GCC_493\Debug\freesoc.a(Left_HB25_PWM.o)
                0x00002160                Left_HB25_PWM_Init
 .text.Left_HB25_PWM_Start
                0x00002194       0x18 .\CortexM3\ARM_GCC_493\Debug\freesoc.a(Left_HB25_PWM.o)
                0x00002194                Left_HB25_PWM_Start
 .text.Right_HB25_Enable_Pin_Write
                0x000021ac       0x18 .\CortexM3\ARM_GCC_493\Debug\freesoc.a(Right_HB25_Enable_Pin.o)
                0x000021ac                Right_HB25_Enable_Pin_Write
 .text.Right_HB25_PWM_Stop
                0x000021c4        0x4 .\CortexM3\ARM_GCC_493\Debug\freesoc.a(Right_HB25_PWM.o)
                0x000021c4                Right_HB25_PWM_Stop
 .text.Right_HB25_PWM_WriteCounter
                0x000021c8        0xc .\CortexM3\ARM_GCC_493\Debug\freesoc.a(Right_HB25_PWM.o)
                0x000021c8                Right_HB25_PWM_WriteCounter
 .text.Right_HB25_PWM_WritePeriod
                0x000021d4        0xc .\CortexM3\ARM_GCC_493\Debug\freesoc.a(Right_HB25_PWM.o)
                0x000021d4                Right_HB25_PWM_WritePeriod
 .text.Right_HB25_PWM_WriteCompare
                0x000021e0        0xc .\CortexM3\ARM_GCC_493\Debug\freesoc.a(Right_HB25_PWM.o)
                0x000021e0                Right_HB25_PWM_WriteCompare
 .text.Right_HB25_PWM_Init
                0x000021ec       0x34 .\CortexM3\ARM_GCC_493\Debug\freesoc.a(Right_HB25_PWM.o)
                0x000021ec                Right_HB25_PWM_Init
 .text.Right_HB25_PWM_Start
                0x00002220       0x18 .\CortexM3\ARM_GCC_493\Debug\freesoc.a(Right_HB25_PWM.o)
                0x00002220                Right_HB25_PWM_Start
 .text          0x00002238       0x20 .\CortexM3\ARM_GCC_493\Debug\freesoc.a(CyBootAsmGnu.o)
                0x00002238                CyDelayCycles
                0x00002248                CyEnterCriticalSection
                0x00002250                CyExitCriticalSection
 .text.CyHalt   0x00002258        0x4 .\CortexM3\ARM_GCC_493\Debug\freesoc.a(CyLib.o)
                0x00002258                CyHalt
 .text.CyDelay  0x0000225c       0x2c .\CortexM3\ARM_GCC_493\Debug\freesoc.a(CyLib.o)
                0x0000225c                CyDelay
 .text.CyDelayUs
                0x00002288       0x14 .\CortexM3\ARM_GCC_493\Debug\freesoc.a(CyLib.o)
                0x00002288                CyDelayUs
 .text.CyIntSetSysVector
                0x0000229c       0x28 .\CortexM3\ARM_GCC_493\Debug\freesoc.a(CyLib.o)
                0x0000229c                CyIntSetSysVector
 .text.CyIntSetVector
                0x000022c4       0x28 .\CortexM3\ARM_GCC_493\Debug\freesoc.a(CyLib.o)
                0x000022c4                CyIntSetVector
 .text.CyIntSetPriority
                0x000022ec       0x30 .\CortexM3\ARM_GCC_493\Debug\freesoc.a(CyLib.o)
                0x000022ec                CyIntSetPriority
 .text.CySysTickEnableInterrupt
                0x0000231c       0x10 .\CortexM3\ARM_GCC_493\Debug\freesoc.a(CyLib.o)
                0x0000231c                CySysTickEnableInterrupt
 .text.CySysTickEnable
                0x0000232c       0x18 .\CortexM3\ARM_GCC_493\Debug\freesoc.a(CyLib.o)
                0x0000232c                CySysTickEnable
 .text.CySysTickSetReload
                0x00002344       0x10 .\CortexM3\ARM_GCC_493\Debug\freesoc.a(CyLib.o)
                0x00002344                CySysTickSetReload
 .text.CySysTickSetClockSource
                0x00002354       0x20 .\CortexM3\ARM_GCC_493\Debug\freesoc.a(CyLib.o)
                0x00002354                CySysTickSetClockSource
 .text.CySysTickGetCountFlag
                0x00002374       0x10 .\CortexM3\ARM_GCC_493\Debug\freesoc.a(CyLib.o)
                0x00002374                CySysTickGetCountFlag
 .text.CySysTickServiceCallbacks
                0x00002384       0x28 .\CortexM3\ARM_GCC_493\Debug\freesoc.a(CyLib.o)
 .text.CySysTickClear
                0x000023ac        0xc .\CortexM3\ARM_GCC_493\Debug\freesoc.a(CyLib.o)
                0x000023ac                CySysTickClear
 .text.CySysTickInit
                0x000023b8       0x58 .\CortexM3\ARM_GCC_493\Debug\freesoc.a(CyLib.o)
                0x000023b8                CySysTickInit
 .text.CySysTickStart
                0x00002410       0x1c .\CortexM3\ARM_GCC_493\Debug\freesoc.a(CyLib.o)
                0x00002410                CySysTickStart
 .text.CySysTickSetCallback
                0x0000242c       0x10 .\CortexM3\ARM_GCC_493\Debug\freesoc.a(CyLib.o)
                0x0000242c                CySysTickSetCallback
 .text.CySysTickGetCallback
                0x0000243c       0x10 .\CortexM3\ARM_GCC_493\Debug\freesoc.a(CyLib.o)
                0x0000243c                CySysTickGetCallback
 .text.CyGetUniqueId
                0x0000244c       0x70 .\CortexM3\ARM_GCC_493\Debug\freesoc.a(CyLib.o)
                0x0000244c                CyGetUniqueId
 .text.EZI2C_Slave_Init
                0x000024bc       0x70 .\CortexM3\ARM_GCC_493\Debug\freesoc.a(EZI2C_Slave.o)
                0x000024bc                EZI2C_Slave_Init
 .text.EZI2C_Slave_Enable
                0x0000252c       0x30 .\CortexM3\ARM_GCC_493\Debug\freesoc.a(EZI2C_Slave.o)
                0x0000252c                EZI2C_Slave_Enable
 .text.EZI2C_Slave_Start
                0x0000255c       0x1c .\CortexM3\ARM_GCC_493\Debug\freesoc.a(EZI2C_Slave.o)
                0x0000255c                EZI2C_Slave_Start
 .text.EZI2C_Slave_GetActivity
                0x00002578       0x28 .\CortexM3\ARM_GCC_493\Debug\freesoc.a(EZI2C_Slave.o)
                0x00002578                EZI2C_Slave_GetActivity
 .text.EZI2C_Slave_SetBuffer1
                0x000025a0       0x50 .\CortexM3\ARM_GCC_493\Debug\freesoc.a(EZI2C_Slave.o)
                0x000025a0                EZI2C_Slave_SetBuffer1
 .text.EZI2C_Slave_ISR
                0x000025f0      0x1c4 .\CortexM3\ARM_GCC_493\Debug\freesoc.a(EZI2C_Slave_INT.o)
                0x000025f0                EZI2C_Slave_ISR
 .text.Front_Echo_Intr_SetVector
                0x000027b4        0xc .\CortexM3\ARM_GCC_493\Debug\freesoc.a(Front_Echo_Intr.o)
                0x000027b4                Front_Echo_Intr_SetVector
 .text.Front_Echo_Intr_SetPriority
                0x000027c0       0x10 .\CortexM3\ARM_GCC_493\Debug\freesoc.a(Front_Echo_Intr.o)
                0x000027c0                Front_Echo_Intr_SetPriority
 .text.Front_Echo_Intr_Enable
                0x000027d0        0xc .\CortexM3\ARM_GCC_493\Debug\freesoc.a(Front_Echo_Intr.o)
                0x000027d0                Front_Echo_Intr_Enable
 .text.Front_Echo_Intr_Disable
                0x000027dc        0xc .\CortexM3\ARM_GCC_493\Debug\freesoc.a(Front_Echo_Intr.o)
                0x000027dc                Front_Echo_Intr_Disable
 .text.Front_Echo_Intr_StartEx
                0x000027e8       0x1c .\CortexM3\ARM_GCC_493\Debug\freesoc.a(Front_Echo_Intr.o)
                0x000027e8                Front_Echo_Intr_StartEx
 .text.Front_Echo_Intr_ClearPending
                0x00002804        0xc .\CortexM3\ARM_GCC_493\Debug\freesoc.a(Front_Echo_Intr.o)
                0x00002804                Front_Echo_Intr_ClearPending
 .text.Front_Trigger_Reg_Write
                0x00002810        0xc .\CortexM3\ARM_GCC_493\Debug\freesoc.a(Front_Trigger_Reg.o)
                0x00002810                Front_Trigger_Reg_Write
 .text.Front_Trigger_Select_Reg_Write
                0x0000281c        0xc .\CortexM3\ARM_GCC_493\Debug\freesoc.a(Front_Trigger_Select_Reg.o)
                0x0000281c                Front_Trigger_Select_Reg_Write
 .text.Front_Trigger_Select_Reg_Read
                0x00002828        0xc .\CortexM3\ARM_GCC_493\Debug\freesoc.a(Front_Trigger_Select_Reg.o)
                0x00002828                Front_Trigger_Select_Reg_Read
 .text.Front_Echo_Timer_SetInterruptMode
                0x00002834        0xc .\CortexM3\ARM_GCC_493\Debug\freesoc.a(Front_Echo_Timer.o)
                0x00002834                Front_Echo_Timer_SetInterruptMode
 .text.Front_Echo_Timer_ReadStatusRegister
                0x00002840        0xc .\CortexM3\ARM_GCC_493\Debug\freesoc.a(Front_Echo_Timer.o)
                0x00002840                Front_Echo_Timer_ReadStatusRegister
 .text.Front_Echo_Timer_WritePeriod
                0x0000284c        0xc .\CortexM3\ARM_GCC_493\Debug\freesoc.a(Front_Echo_Timer.o)
                0x0000284c                Front_Echo_Timer_WritePeriod
 .text.Front_Echo_Timer_ReadCapture
                0x00002858        0xc .\CortexM3\ARM_GCC_493\Debug\freesoc.a(Front_Echo_Timer.o)
                0x00002858                Front_Echo_Timer_ReadCapture
 .text.Front_Echo_Timer_WriteCounter
                0x00002864        0xc .\CortexM3\ARM_GCC_493\Debug\freesoc.a(Front_Echo_Timer.o)
                0x00002864                Front_Echo_Timer_WriteCounter
 .text.Front_Echo_Timer_ReadCounter
                0x00002870       0x14 .\CortexM3\ARM_GCC_493\Debug\freesoc.a(Front_Echo_Timer.o)
                0x00002870                Front_Echo_Timer_ReadCounter
 .text.Front_Echo_Timer_ClearFIFO
                0x00002884       0x14 .\CortexM3\ARM_GCC_493\Debug\freesoc.a(Front_Echo_Timer.o)
                0x00002884                Front_Echo_Timer_ClearFIFO
 .text.Front_Echo_Timer_Init
                0x00002898       0x34 .\CortexM3\ARM_GCC_493\Debug\freesoc.a(Front_Echo_Timer.o)
                0x00002898                Front_Echo_Timer_Init
 .text.Front_Echo_Timer_Start
                0x000028cc       0x18 .\CortexM3\ARM_GCC_493\Debug\freesoc.a(Front_Echo_Timer.o)
                0x000028cc                Front_Echo_Timer_Start
 .text.Rear_Trigger_Reg_Write
                0x000028e4        0xc .\CortexM3\ARM_GCC_493\Debug\freesoc.a(Rear_Trigger_Reg.o)
                0x000028e4                Rear_Trigger_Reg_Write
 .text.Rear_Trigger_Select_Reg_Write
                0x000028f0        0xc .\CortexM3\ARM_GCC_493\Debug\freesoc.a(Rear_Trigger_Select_Reg.o)
                0x000028f0                Rear_Trigger_Select_Reg_Write
 .text.Rear_Trigger_Select_Reg_Read
                0x000028fc        0xc .\CortexM3\ARM_GCC_493\Debug\freesoc.a(Rear_Trigger_Select_Reg.o)
                0x000028fc                Rear_Trigger_Select_Reg_Read
 .text.Rear_Echo_Intr_SetVector
                0x00002908        0xc .\CortexM3\ARM_GCC_493\Debug\freesoc.a(Rear_Echo_Intr.o)
                0x00002908                Rear_Echo_Intr_SetVector
 .text.Rear_Echo_Intr_SetPriority
                0x00002914       0x10 .\CortexM3\ARM_GCC_493\Debug\freesoc.a(Rear_Echo_Intr.o)
                0x00002914                Rear_Echo_Intr_SetPriority
 .text.Rear_Echo_Intr_Enable
                0x00002924        0xc .\CortexM3\ARM_GCC_493\Debug\freesoc.a(Rear_Echo_Intr.o)
                0x00002924                Rear_Echo_Intr_Enable
 .text.Rear_Echo_Intr_Disable
                0x00002930        0xc .\CortexM3\ARM_GCC_493\Debug\freesoc.a(Rear_Echo_Intr.o)
                0x00002930                Rear_Echo_Intr_Disable
 .text.Rear_Echo_Intr_StartEx
                0x0000293c       0x1c .\CortexM3\ARM_GCC_493\Debug\freesoc.a(Rear_Echo_Intr.o)
                0x0000293c                Rear_Echo_Intr_StartEx
 .text.Rear_Echo_Intr_ClearPending
                0x00002958        0xc .\CortexM3\ARM_GCC_493\Debug\freesoc.a(Rear_Echo_Intr.o)
                0x00002958                Rear_Echo_Intr_ClearPending
 .text.Rear_Echo_Timer_SetInterruptMode
                0x00002964        0xc .\CortexM3\ARM_GCC_493\Debug\freesoc.a(Rear_Echo_Timer.o)
                0x00002964                Rear_Echo_Timer_SetInterruptMode
 .text.Rear_Echo_Timer_ReadStatusRegister
                0x00002970        0xc .\CortexM3\ARM_GCC_493\Debug\freesoc.a(Rear_Echo_Timer.o)
                0x00002970                Rear_Echo_Timer_ReadStatusRegister
 .text.Rear_Echo_Timer_WritePeriod
                0x0000297c        0xc .\CortexM3\ARM_GCC_493\Debug\freesoc.a(Rear_Echo_Timer.o)
                0x0000297c                Rear_Echo_Timer_WritePeriod
 .text.Rear_Echo_Timer_ReadCapture
                0x00002988        0xc .\CortexM3\ARM_GCC_493\Debug\freesoc.a(Rear_Echo_Timer.o)
                0x00002988                Rear_Echo_Timer_ReadCapture
 .text.Rear_Echo_Timer_WriteCounter
                0x00002994        0xc .\CortexM3\ARM_GCC_493\Debug\freesoc.a(Rear_Echo_Timer.o)
                0x00002994                Rear_Echo_Timer_WriteCounter
 .text.Rear_Echo_Timer_ReadCounter
                0x000029a0       0x14 .\CortexM3\ARM_GCC_493\Debug\freesoc.a(Rear_Echo_Timer.o)
                0x000029a0                Rear_Echo_Timer_ReadCounter
 .text.Rear_Echo_Timer_ClearFIFO
                0x000029b4       0x14 .\CortexM3\ARM_GCC_493\Debug\freesoc.a(Rear_Echo_Timer.o)
                0x000029b4                Rear_Echo_Timer_ClearFIFO
 .text.Rear_Echo_Timer_Init
                0x000029c8       0x34 .\CortexM3\ARM_GCC_493\Debug\freesoc.a(Rear_Echo_Timer.o)
                0x000029c8                Rear_Echo_Timer_Init
 .text.Rear_Echo_Timer_Start
                0x000029fc       0x18 .\CortexM3\ARM_GCC_493\Debug\freesoc.a(Rear_Echo_Timer.o)
                0x000029fc                Rear_Echo_Timer_Start
 .text.Front_ADC_SAR_CalcGain
                0x00002a14       0x5c .\CortexM3\ARM_GCC_493\Debug\freesoc.a(Front_ADC_SAR.o)
 .text.Front_ADC_SAR_Enable
                0x00002a70       0x94 .\CortexM3\ARM_GCC_493\Debug\freesoc.a(Front_ADC_SAR.o)
                0x00002a70                Front_ADC_SAR_Enable
 .text.Front_ADC_SAR_SetResolution
                0x00002b04       0x38 .\CortexM3\ARM_GCC_493\Debug\freesoc.a(Front_ADC_SAR.o)
                0x00002b04                Front_ADC_SAR_SetResolution
 .text.Front_ADC_SAR_Init
                0x00002b3c       0x3c .\CortexM3\ARM_GCC_493\Debug\freesoc.a(Front_ADC_SAR.o)
                0x00002b3c                Front_ADC_SAR_Init
 .text.Front_ADC_SAR_Start
                0x00002b78       0x1c .\CortexM3\ARM_GCC_493\Debug\freesoc.a(Front_ADC_SAR.o)
                0x00002b78                Front_ADC_SAR_Start
 .text.Front_ADC_SAR_StartConvert
                0x00002b94       0x10 .\CortexM3\ARM_GCC_493\Debug\freesoc.a(Front_ADC_SAR.o)
                0x00002b94                Front_ADC_SAR_StartConvert
 .text.Front_ADC_SAR_GetResult16
                0x00002ba4       0x18 .\CortexM3\ARM_GCC_493\Debug\freesoc.a(Front_ADC_SAR.o)
                0x00002ba4                Front_ADC_SAR_GetResult16
 .text.Front_ADC_SAR_CountsTo_Volts
                0x00002bbc       0x50 .\CortexM3\ARM_GCC_493\Debug\freesoc.a(Front_ADC_SAR.o)
                0x00002bbc                Front_ADC_SAR_CountsTo_Volts
 .text.Front_ADC_SAR_ISR
                0x00002c0c        0x4 .\CortexM3\ARM_GCC_493\Debug\freesoc.a(Front_ADC_SAR_INT.o)
                0x00002c0c                Front_ADC_SAR_ISR
 .text.Front_AMuxSeq_Start
                0x00002c10       0x14 .\CortexM3\ARM_GCC_493\Debug\freesoc.a(Front_AMuxSeq.o)
                0x00002c10                Front_AMuxSeq_Start
 .text.Front_AMuxSeq_GetChannel
                0x00002c24        0xc .\CortexM3\ARM_GCC_493\Debug\freesoc.a(Front_AMuxSeq.o)
                0x00002c24                Front_AMuxSeq_GetChannel
 .text.Rear_ADC_SAR_CalcGain
                0x00002c30       0x5c .\CortexM3\ARM_GCC_493\Debug\freesoc.a(Rear_ADC_SAR.o)
 .text.Rear_ADC_SAR_Enable
                0x00002c8c       0x94 .\CortexM3\ARM_GCC_493\Debug\freesoc.a(Rear_ADC_SAR.o)
                0x00002c8c                Rear_ADC_SAR_Enable
 .text.Rear_ADC_SAR_SetResolution
                0x00002d20       0x38 .\CortexM3\ARM_GCC_493\Debug\freesoc.a(Rear_ADC_SAR.o)
                0x00002d20                Rear_ADC_SAR_SetResolution
 .text.Rear_ADC_SAR_Init
                0x00002d58       0x3c .\CortexM3\ARM_GCC_493\Debug\freesoc.a(Rear_ADC_SAR.o)
                0x00002d58                Rear_ADC_SAR_Init
 .text.Rear_ADC_SAR_Start
                0x00002d94       0x1c .\CortexM3\ARM_GCC_493\Debug\freesoc.a(Rear_ADC_SAR.o)
                0x00002d94                Rear_ADC_SAR_Start
 .text.Rear_ADC_SAR_StartConvert
                0x00002db0       0x10 .\CortexM3\ARM_GCC_493\Debug\freesoc.a(Rear_ADC_SAR.o)
                0x00002db0                Rear_ADC_SAR_StartConvert
 .text.Rear_ADC_SAR_GetResult16
                0x00002dc0       0x18 .\CortexM3\ARM_GCC_493\Debug\freesoc.a(Rear_ADC_SAR.o)
                0x00002dc0                Rear_ADC_SAR_GetResult16
 .text.Rear_ADC_SAR_CountsTo_Volts
                0x00002dd8       0x50 .\CortexM3\ARM_GCC_493\Debug\freesoc.a(Rear_ADC_SAR.o)
                0x00002dd8                Rear_ADC_SAR_CountsTo_Volts
 .text.Rear_ADC_SAR_ISR
                0x00002e28        0x4 .\CortexM3\ARM_GCC_493\Debug\freesoc.a(Rear_ADC_SAR_INT.o)
                0x00002e28                Rear_ADC_SAR_ISR
 .text.Rear_AMuxSeq_Start
                0x00002e2c       0x14 .\CortexM3\ARM_GCC_493\Debug\freesoc.a(Rear_AMuxSeq.o)
                0x00002e2c                Rear_AMuxSeq_Start
 .text.Rear_AMuxSeq_GetChannel
                0x00002e40        0xc .\CortexM3\ARM_GCC_493\Debug\freesoc.a(Rear_AMuxSeq.o)
                0x00002e40                Rear_AMuxSeq_GetChannel
 .text.Front_ADC_SAR_IRQ_SetVector
                0x00002e4c        0xc .\CortexM3\ARM_GCC_493\Debug\freesoc.a(Front_ADC_SAR_IRQ.o)
                0x00002e4c                Front_ADC_SAR_IRQ_SetVector
 .text.Front_ADC_SAR_IRQ_SetPriority
                0x00002e58       0x10 .\CortexM3\ARM_GCC_493\Debug\freesoc.a(Front_ADC_SAR_IRQ.o)
                0x00002e58                Front_ADC_SAR_IRQ_SetPriority
 .text.Front_ADC_SAR_IRQ_Enable
                0x00002e68        0xc .\CortexM3\ARM_GCC_493\Debug\freesoc.a(Front_ADC_SAR_IRQ.o)
                0x00002e68                Front_ADC_SAR_IRQ_Enable
 .text.Front_ADC_SAR_IRQ_Disable
                0x00002e74        0xc .\CortexM3\ARM_GCC_493\Debug\freesoc.a(Front_ADC_SAR_IRQ.o)
                0x00002e74                Front_ADC_SAR_IRQ_Disable
 .text.Front_ADC_SAR_IRQ_StartEx
                0x00002e80       0x1c .\CortexM3\ARM_GCC_493\Debug\freesoc.a(Front_ADC_SAR_IRQ.o)
                0x00002e80                Front_ADC_SAR_IRQ_StartEx
 .text.Front_ADC_SAR_IRQ_ClearPending
                0x00002e9c        0xc .\CortexM3\ARM_GCC_493\Debug\freesoc.a(Front_ADC_SAR_IRQ.o)
                0x00002e9c                Front_ADC_SAR_IRQ_ClearPending
 .text.Front_ADC_SAR_theACLK_SetModeRegister
                0x00002ea8       0x14 .\CortexM3\ARM_GCC_493\Debug\freesoc.a(Front_ADC_SAR_theACLK.o)
                0x00002ea8                Front_ADC_SAR_theACLK_SetModeRegister
 .text.Rear_ADC_SAR_IRQ_SetVector
                0x00002ebc        0xc .\CortexM3\ARM_GCC_493\Debug\freesoc.a(Rear_ADC_SAR_IRQ.o)
                0x00002ebc                Rear_ADC_SAR_IRQ_SetVector
 .text.Rear_ADC_SAR_IRQ_SetPriority
                0x00002ec8       0x10 .\CortexM3\ARM_GCC_493\Debug\freesoc.a(Rear_ADC_SAR_IRQ.o)
                0x00002ec8                Rear_ADC_SAR_IRQ_SetPriority
 .text.Rear_ADC_SAR_IRQ_Enable
                0x00002ed8        0xc .\CortexM3\ARM_GCC_493\Debug\freesoc.a(Rear_ADC_SAR_IRQ.o)
                0x00002ed8                Rear_ADC_SAR_IRQ_Enable
 .text.Rear_ADC_SAR_IRQ_Disable
                0x00002ee4        0xc .\CortexM3\ARM_GCC_493\Debug\freesoc.a(Rear_ADC_SAR_IRQ.o)
                0x00002ee4                Rear_ADC_SAR_IRQ_Disable
 .text.Rear_ADC_SAR_IRQ_StartEx
                0x00002ef0       0x1c .\CortexM3\ARM_GCC_493\Debug\freesoc.a(Rear_ADC_SAR_IRQ.o)
                0x00002ef0                Rear_ADC_SAR_IRQ_StartEx
 .text.Rear_ADC_SAR_IRQ_ClearPending
                0x00002f0c        0xc .\CortexM3\ARM_GCC_493\Debug\freesoc.a(Rear_ADC_SAR_IRQ.o)
                0x00002f0c                Rear_ADC_SAR_IRQ_ClearPending
 .text.Rear_ADC_SAR_theACLK_SetModeRegister
                0x00002f18       0x14 .\CortexM3\ARM_GCC_493\Debug\freesoc.a(Rear_ADC_SAR_theACLK.o)
                0x00002f18                Rear_ADC_SAR_theACLK_SetModeRegister
 .text.Rear_EOS_Intr_SetVector
                0x00002f2c        0xc .\CortexM3\ARM_GCC_493\Debug\freesoc.a(Rear_EOS_Intr.o)
                0x00002f2c                Rear_EOS_Intr_SetVector
 .text.Rear_EOS_Intr_SetPriority
                0x00002f38       0x10 .\CortexM3\ARM_GCC_493\Debug\freesoc.a(Rear_EOS_Intr.o)
                0x00002f38                Rear_EOS_Intr_SetPriority
 .text.Rear_EOS_Intr_Enable
                0x00002f48        0xc .\CortexM3\ARM_GCC_493\Debug\freesoc.a(Rear_EOS_Intr.o)
                0x00002f48                Rear_EOS_Intr_Enable
 .text.Rear_EOS_Intr_Disable
                0x00002f54        0xc .\CortexM3\ARM_GCC_493\Debug\freesoc.a(Rear_EOS_Intr.o)
                0x00002f54                Rear_EOS_Intr_Disable
 .text.Rear_EOS_Intr_StartEx
                0x00002f60       0x1c .\CortexM3\ARM_GCC_493\Debug\freesoc.a(Rear_EOS_Intr.o)
                0x00002f60                Rear_EOS_Intr_StartEx
 .text.Rear_EOS_Intr_ClearPending
                0x00002f7c        0xc .\CortexM3\ARM_GCC_493\Debug\freesoc.a(Rear_EOS_Intr.o)
                0x00002f7c                Rear_EOS_Intr_ClearPending
 .text.Front_EOS_Intr_SetVector
                0x00002f88        0xc .\CortexM3\ARM_GCC_493\Debug\freesoc.a(Front_EOS_Intr.o)
                0x00002f88                Front_EOS_Intr_SetVector
 .text.Front_EOS_Intr_SetPriority
                0x00002f94       0x10 .\CortexM3\ARM_GCC_493\Debug\freesoc.a(Front_EOS_Intr.o)
                0x00002f94                Front_EOS_Intr_SetPriority
 .text.Front_EOS_Intr_Enable
                0x00002fa4        0xc .\CortexM3\ARM_GCC_493\Debug\freesoc.a(Front_EOS_Intr.o)
                0x00002fa4                Front_EOS_Intr_Enable
 .text.Front_EOS_Intr_Disable
                0x00002fb0        0xc .\CortexM3\ARM_GCC_493\Debug\freesoc.a(Front_EOS_Intr.o)
                0x00002fb0                Front_EOS_Intr_Disable
 .text.Front_EOS_Intr_StartEx
                0x00002fbc       0x1c .\CortexM3\ARM_GCC_493\Debug\freesoc.a(Front_EOS_Intr.o)
                0x00002fbc                Front_EOS_Intr_StartEx
 .text.Front_EOS_Intr_ClearPending
                0x00002fd8        0xc .\CortexM3\ARM_GCC_493\Debug\freesoc.a(Front_EOS_Intr.o)
                0x00002fd8                Front_EOS_Intr_ClearPending
 .text.Mainloop_Pin_Write
                0x00002fe4       0x18 .\CortexM3\ARM_GCC_493\Debug\freesoc.a(Mainloop_Pin.o)
                0x00002fe4                Mainloop_Pin_Write
 .text.EEPROM_Enable
                0x00002ffc        0xc .\CortexM3\ARM_GCC_493\Debug\freesoc.a(EEPROM.o)
                0x00002ffc                EEPROM_Enable
 .text.EEPROM_Start
                0x00003008        0x8 .\CortexM3\ARM_GCC_493\Debug\freesoc.a(EEPROM.o)
                0x00003008                EEPROM_Start
 .text.EEPROM_WriteByte
                0x00003010       0xd4 .\CortexM3\ARM_GCC_493\Debug\freesoc.a(EEPROM.o)
                0x00003010                EEPROM_WriteByte
 .text.EEPROM_Write
                0x000030e4       0xb4 .\CortexM3\ARM_GCC_493\Debug\freesoc.a(EEPROM.o)
                0x000030e4                EEPROM_Write
 .text.Right_QuadDec_Init
                0x00003198       0x24 .\CortexM3\ARM_GCC_493\Debug\freesoc.a(Right_QuadDec.o)
                0x00003198                Right_QuadDec_Init
 .text.Right_QuadDec_GetCounter
                0x000031bc       0x2c .\CortexM3\ARM_GCC_493\Debug\freesoc.a(Right_QuadDec.o)
                0x000031bc                Right_QuadDec_GetCounter
 .text.Right_QuadDec_SetCounter
                0x000031e8       0x28 .\CortexM3\ARM_GCC_493\Debug\freesoc.a(Right_QuadDec.o)
                0x000031e8                Right_QuadDec_SetCounter
 .text.Right_QuadDec_GetEvents
                0x00003210       0x10 .\CortexM3\ARM_GCC_493\Debug\freesoc.a(Right_QuadDec.o)
                0x00003210                Right_QuadDec_GetEvents
 .text.Right_QuadDec_SetInterruptMask
                0x00003220       0x10 .\CortexM3\ARM_GCC_493\Debug\freesoc.a(Right_QuadDec.o)
                0x00003220                Right_QuadDec_SetInterruptMask
 .text.Right_QuadDec_Enable
                0x00003230       0x30 .\CortexM3\ARM_GCC_493\Debug\freesoc.a(Right_QuadDec.o)
                0x00003230                Right_QuadDec_Enable
 .text.Right_QuadDec_Start
                0x00003260       0x34 .\CortexM3\ARM_GCC_493\Debug\freesoc.a(Right_QuadDec.o)
                0x00003260                Right_QuadDec_Start
 .text.Right_QuadDec_ISR
                0x00003294       0x40 .\CortexM3\ARM_GCC_493\Debug\freesoc.a(Right_QuadDec_INT.o)
                0x00003294                Right_QuadDec_ISR
 .text.Right_QuadDec_Cnt16_Enable
                0x000032d4       0x10 .\CortexM3\ARM_GCC_493\Debug\freesoc.a(Right_QuadDec_Cnt16.o)
                0x000032d4                Right_QuadDec_Cnt16_Enable
 .text.Right_QuadDec_Cnt16_SetInterruptMode
                0x000032e4        0xc .\CortexM3\ARM_GCC_493\Debug\freesoc.a(Right_QuadDec_Cnt16.o)
                0x000032e4                Right_QuadDec_Cnt16_SetInterruptMode
 .text.Right_QuadDec_Cnt16_ReadStatusRegister
                0x000032f0        0xc .\CortexM3\ARM_GCC_493\Debug\freesoc.a(Right_QuadDec_Cnt16.o)
                0x000032f0                Right_QuadDec_Cnt16_ReadStatusRegister
 .text.Right_QuadDec_Cnt16_WriteCounter
                0x000032fc        0xc .\CortexM3\ARM_GCC_493\Debug\freesoc.a(Right_QuadDec_Cnt16.o)
                0x000032fc                Right_QuadDec_Cnt16_WriteCounter
 .text.Right_QuadDec_Cnt16_ReadCounter
                0x00003308       0x14 .\CortexM3\ARM_GCC_493\Debug\freesoc.a(Right_QuadDec_Cnt16.o)
                0x00003308                Right_QuadDec_Cnt16_ReadCounter
 .text.Right_QuadDec_Cnt16_ReadCapture
                0x0000331c        0xc .\CortexM3\ARM_GCC_493\Debug\freesoc.a(Right_QuadDec_Cnt16.o)
                0x0000331c                Right_QuadDec_Cnt16_ReadCapture
 .text.Right_QuadDec_Cnt16_WritePeriod
                0x00003328        0xc .\CortexM3\ARM_GCC_493\Debug\freesoc.a(Right_QuadDec_Cnt16.o)
                0x00003328                Right_QuadDec_Cnt16_WritePeriod
 .text.Right_QuadDec_Cnt16_WriteCompare
                0x00003334        0xc .\CortexM3\ARM_GCC_493\Debug\freesoc.a(Right_QuadDec_Cnt16.o)
                0x00003334                Right_QuadDec_Cnt16_WriteCompare
 .text.Right_QuadDec_Cnt16_ClearFIFO
                0x00003340       0x14 .\CortexM3\ARM_GCC_493\Debug\freesoc.a(Right_QuadDec_Cnt16.o)
                0x00003340                Right_QuadDec_Cnt16_ClearFIFO
 .text.Right_QuadDec_Cnt16_Init
                0x00003354       0x58 .\CortexM3\ARM_GCC_493\Debug\freesoc.a(Right_QuadDec_Cnt16.o)
                0x00003354                Right_QuadDec_Cnt16_Init
 .text.Right_QuadDec_Cnt16_Start
                0x000033ac       0x1c .\CortexM3\ARM_GCC_493\Debug\freesoc.a(Right_QuadDec_Cnt16.o)
                0x000033ac                Right_QuadDec_Cnt16_Start
 .text.Left_QuadDec_Init
                0x000033c8       0x24 .\CortexM3\ARM_GCC_493\Debug\freesoc.a(Left_QuadDec.o)
                0x000033c8                Left_QuadDec_Init
 .text.Left_QuadDec_GetCounter
                0x000033ec       0x2c .\CortexM3\ARM_GCC_493\Debug\freesoc.a(Left_QuadDec.o)
                0x000033ec                Left_QuadDec_GetCounter
 .text.Left_QuadDec_SetCounter
                0x00003418       0x28 .\CortexM3\ARM_GCC_493\Debug\freesoc.a(Left_QuadDec.o)
                0x00003418                Left_QuadDec_SetCounter
 .text.Left_QuadDec_GetEvents
                0x00003440       0x10 .\CortexM3\ARM_GCC_493\Debug\freesoc.a(Left_QuadDec.o)
                0x00003440                Left_QuadDec_GetEvents
 .text.Left_QuadDec_SetInterruptMask
                0x00003450       0x10 .\CortexM3\ARM_GCC_493\Debug\freesoc.a(Left_QuadDec.o)
                0x00003450                Left_QuadDec_SetInterruptMask
 .text.Left_QuadDec_Enable
                0x00003460       0x30 .\CortexM3\ARM_GCC_493\Debug\freesoc.a(Left_QuadDec.o)
                0x00003460                Left_QuadDec_Enable
 .text.Left_QuadDec_Start
                0x00003490       0x34 .\CortexM3\ARM_GCC_493\Debug\freesoc.a(Left_QuadDec.o)
                0x00003490                Left_QuadDec_Start
 .text.Left_QuadDec_ISR
                0x000034c4       0x40 .\CortexM3\ARM_GCC_493\Debug\freesoc.a(Left_QuadDec_INT.o)
                0x000034c4                Left_QuadDec_ISR
 .text.Left_QuadDec_Cnt16_Enable
                0x00003504       0x10 .\CortexM3\ARM_GCC_493\Debug\freesoc.a(Left_QuadDec_Cnt16.o)
                0x00003504                Left_QuadDec_Cnt16_Enable
 .text.Left_QuadDec_Cnt16_SetInterruptMode
                0x00003514        0xc .\CortexM3\ARM_GCC_493\Debug\freesoc.a(Left_QuadDec_Cnt16.o)
                0x00003514                Left_QuadDec_Cnt16_SetInterruptMode
 .text.Left_QuadDec_Cnt16_ReadStatusRegister
                0x00003520        0xc .\CortexM3\ARM_GCC_493\Debug\freesoc.a(Left_QuadDec_Cnt16.o)
                0x00003520                Left_QuadDec_Cnt16_ReadStatusRegister
 .text.Left_QuadDec_Cnt16_WriteCounter
                0x0000352c        0xc .\CortexM3\ARM_GCC_493\Debug\freesoc.a(Left_QuadDec_Cnt16.o)
                0x0000352c                Left_QuadDec_Cnt16_WriteCounter
 .text.Left_QuadDec_Cnt16_ReadCounter
                0x00003538       0x14 .\CortexM3\ARM_GCC_493\Debug\freesoc.a(Left_QuadDec_Cnt16.o)
                0x00003538                Left_QuadDec_Cnt16_ReadCounter
 .text.Left_QuadDec_Cnt16_ReadCapture
                0x0000354c        0xc .\CortexM3\ARM_GCC_493\Debug\freesoc.a(Left_QuadDec_Cnt16.o)
                0x0000354c                Left_QuadDec_Cnt16_ReadCapture
 .text.Left_QuadDec_Cnt16_WritePeriod
                0x00003558        0xc .\CortexM3\ARM_GCC_493\Debug\freesoc.a(Left_QuadDec_Cnt16.o)
                0x00003558                Left_QuadDec_Cnt16_WritePeriod
 .text.Left_QuadDec_Cnt16_WriteCompare
                0x00003564        0xc .\CortexM3\ARM_GCC_493\Debug\freesoc.a(Left_QuadDec_Cnt16.o)
                0x00003564                Left_QuadDec_Cnt16_WriteCompare
 .text.Left_QuadDec_Cnt16_ClearFIFO
                0x00003570       0x14 .\CortexM3\ARM_GCC_493\Debug\freesoc.a(Left_QuadDec_Cnt16.o)
                0x00003570                Left_QuadDec_Cnt16_ClearFIFO
 .text.Left_QuadDec_Cnt16_Init
                0x00003584       0x58 .\CortexM3\ARM_GCC_493\Debug\freesoc.a(Left_QuadDec_Cnt16.o)
                0x00003584                Left_QuadDec_Cnt16_Init
 .text.Left_QuadDec_Cnt16_Start
                0x000035dc       0x1c .\CortexM3\ARM_GCC_493\Debug\freesoc.a(Left_QuadDec_Cnt16.o)
                0x000035dc                Left_QuadDec_Cnt16_Start
 .text.USBUART_Init
                0x000035f8      0x140 .\CortexM3\ARM_GCC_493\Debug\freesoc.a(USBUART.o)
                0x000035f8                USBUART_Init
 .text.USBUART_InitComponent
                0x00003738       0xd4 .\CortexM3\ARM_GCC_493\Debug\freesoc.a(USBUART.o)
                0x00003738                USBUART_InitComponent
 .text.USBUART_Start
                0x0000380c       0x24 .\CortexM3\ARM_GCC_493\Debug\freesoc.a(USBUART.o)
                0x0000380c                USBUART_Start
 .text.USBUART_ReInitComponent
                0x00003830       0x64 .\CortexM3\ARM_GCC_493\Debug\freesoc.a(USBUART.o)
                0x00003830                USBUART_ReInitComponent
 .text.USBUART_GetConfiguration
                0x00003894        0xc .\CortexM3\ARM_GCC_493\Debug\freesoc.a(USBUART.o)
                0x00003894                USBUART_GetConfiguration
 .text.USBUART_IsConfigurationChanged
                0x000038a0       0x20 .\CortexM3\ARM_GCC_493\Debug\freesoc.a(USBUART.o)
                0x000038a0                USBUART_IsConfigurationChanged
 .text.USBUART_GetEPState
                0x000038c0       0x14 .\CortexM3\ARM_GCC_493\Debug\freesoc.a(USBUART.o)
                0x000038c0                USBUART_GetEPState
 .text.USBUART_LoadInEP
                0x000038d4       0x94 .\CortexM3\ARM_GCC_493\Debug\freesoc.a(USBUART.o)
                0x000038d4                USBUART_LoadInEP
 .text.USBUART_EnableOutEP
                0x00003968       0x2c .\CortexM3\ARM_GCC_493\Debug\freesoc.a(USBUART.o)
                0x00003968                USBUART_EnableOutEP
 .text.USBUART_StrLen
                0x00003994       0x14 .\CortexM3\ARM_GCC_493\Debug\freesoc.a(USBUART_cdc.o)
 .text.USBUART_GetInterfaceComPort
                0x000039a8       0x3c .\CortexM3\ARM_GCC_493\Debug\freesoc.a(USBUART_cdc.o)
                0x000039a8                USBUART_GetInterfaceComPort
 .text.USBUART_DispatchCDCClassRqst
                0x000039e4       0x98 .\CortexM3\ARM_GCC_493\Debug\freesoc.a(USBUART_cdc.o)
                0x000039e4                USBUART_DispatchCDCClassRqst
 .text.USBUART_CDC_Init
                0x00003a7c       0x98 .\CortexM3\ARM_GCC_493\Debug\freesoc.a(USBUART_cdc.o)
                0x00003a7c                USBUART_CDC_Init
 .text.USBUART_PutString
                0x00003b14       0x9c .\CortexM3\ARM_GCC_493\Debug\freesoc.a(USBUART_cdc.o)
                0x00003b14                USBUART_PutString
 .text.USBUART_CDCIsReady
                0x00003bb0       0x18 .\CortexM3\ARM_GCC_493\Debug\freesoc.a(USBUART_cdc.o)
                0x00003bb0                USBUART_CDCIsReady
 .text.USBUART_Cdc_EpInit
                0x00003bc8       0x50 .\CortexM3\ARM_GCC_493\Debug\freesoc.a(USBUART_cdc.o)
                0x00003bc8                USBUART_Cdc_EpInit
 .text.USBUART_LoadEP0
                0x00003c18       0x94 .\CortexM3\ARM_GCC_493\Debug\freesoc.a(USBUART_drv.o)
                0x00003c18                USBUART_LoadEP0
 .text.USBUART_InitZeroLengthControlTransfer
                0x00003cac       0x34 .\CortexM3\ARM_GCC_493\Debug\freesoc.a(USBUART_drv.o)
                0x00003cac                USBUART_InitZeroLengthControlTransfer
 .text.USBUART_ControlReadDataStage
                0x00003ce0        0x8 .\CortexM3\ARM_GCC_493\Debug\freesoc.a(USBUART_drv.o)
                0x00003ce0                USBUART_ControlReadDataStage
 .text.USBUART_ControlWriteDataStage
                0x00003ce8       0x80 .\CortexM3\ARM_GCC_493\Debug\freesoc.a(USBUART_drv.o)
                0x00003ce8                USBUART_ControlWriteDataStage
 .text.USBUART_InitNoDataControlTransfer
                0x00003d68       0x2c .\CortexM3\ARM_GCC_493\Debug\freesoc.a(USBUART_drv.o)
                0x00003d68                USBUART_InitNoDataControlTransfer
 .text.USBUART_UpdateStatusBlock
                0x00003d94       0x24 .\CortexM3\ARM_GCC_493\Debug\freesoc.a(USBUART_drv.o)
                0x00003d94                USBUART_UpdateStatusBlock
 .text.USBUART_HandleSetup
                0x00003db8       0x5c .\CortexM3\ARM_GCC_493\Debug\freesoc.a(USBUART_drv.o)
                0x00003db8                USBUART_HandleSetup
 .text.USBUART_ControlReadStatusStage
                0x00003e14       0x34 .\CortexM3\ARM_GCC_493\Debug\freesoc.a(USBUART_drv.o)
                0x00003e14                USBUART_ControlReadStatusStage
 .text.USBUART_HandleOUT
                0x00003e48       0x38 .\CortexM3\ARM_GCC_493\Debug\freesoc.a(USBUART_drv.o)
                0x00003e48                USBUART_HandleOUT
 .text.USBUART_ControlWriteStatusStage
                0x00003e80       0x20 .\CortexM3\ARM_GCC_493\Debug\freesoc.a(USBUART_drv.o)
                0x00003e80                USBUART_ControlWriteStatusStage
 .text.USBUART_NoDataControlStatusStage
                0x00003ea0       0x40 .\CortexM3\ARM_GCC_493\Debug\freesoc.a(USBUART_drv.o)
                0x00003ea0                USBUART_NoDataControlStatusStage
 .text.USBUART_HandleIN
                0x00003ee0       0x2c .\CortexM3\ARM_GCC_493\Debug\freesoc.a(USBUART_drv.o)
                0x00003ee0                USBUART_HandleIN
 .text.USBUART_EP_0_ISR
                0x00003f0c       0xb8 .\CortexM3\ARM_GCC_493\Debug\freesoc.a(USBUART_drv.o)
                0x00003f0c                USBUART_EP_0_ISR
 .text.USBUART_InitializeStatusBlock
                0x00003fc4       0x24 .\CortexM3\ARM_GCC_493\Debug\freesoc.a(USBUART_drv.o)
                0x00003fc4                USBUART_InitializeStatusBlock
 .text.USBUART_InitControlRead
                0x00003fe8       0x50 .\CortexM3\ARM_GCC_493\Debug\freesoc.a(USBUART_drv.o)
                0x00003fe8                USBUART_InitControlRead
 .text.USBUART_InitControlWrite
                0x00004038       0x48 .\CortexM3\ARM_GCC_493\Debug\freesoc.a(USBUART_drv.o)
                0x00004038                USBUART_InitControlWrite
 .text.USBUART_EP_1_ISR
                0x00004080       0x38 .\CortexM3\ARM_GCC_493\Debug\freesoc.a(USBUART_episr.o)
                0x00004080                USBUART_EP_1_ISR
 .text.USBUART_EP_2_ISR
                0x000040b8       0x3c .\CortexM3\ARM_GCC_493\Debug\freesoc.a(USBUART_episr.o)
                0x000040b8                USBUART_EP_2_ISR
 .text.USBUART_EP_3_ISR
                0x000040f4       0x44 .\CortexM3\ARM_GCC_493\Debug\freesoc.a(USBUART_episr.o)
                0x000040f4                USBUART_EP_3_ISR
 .text.USBUART_SOF_ISR
                0x00004138        0x4 .\CortexM3\ARM_GCC_493\Debug\freesoc.a(USBUART_episr.o)
                0x00004138                USBUART_SOF_ISR
 .text.USBUART_BUS_RESET_ISR
                0x0000413c        0x8 .\CortexM3\ARM_GCC_493\Debug\freesoc.a(USBUART_episr.o)
                0x0000413c                USBUART_BUS_RESET_ISR
 .text.USBUART_FindHidClassDecriptor
                0x00004144       0x40 .\CortexM3\ARM_GCC_493\Debug\freesoc.a(USBUART_hid.o)
                0x00004144                USBUART_FindHidClassDecriptor
 .text.USBUART_FindReportDescriptor
                0x00004184       0x48 .\CortexM3\ARM_GCC_493\Debug\freesoc.a(USBUART_hid.o)
                0x00004184                USBUART_FindReportDescriptor
 .text.USBUART_FindReport
                0x000041cc       0x7c .\CortexM3\ARM_GCC_493\Debug\freesoc.a(USBUART_hid.o)
                0x000041cc                USBUART_FindReport
 .text.USBUART_DispatchHIDClassRqst
                0x00004248      0x184 .\CortexM3\ARM_GCC_493\Debug\freesoc.a(USBUART_hid.o)
                0x00004248                USBUART_DispatchHIDClassRqst
 .text.USBUART_DP_ISR
                0x000043cc        0x8 .\CortexM3\ARM_GCC_493\Debug\freesoc.a(USBUART_pm.o)
                0x000043cc                USBUART_DP_ISR
 .text.USBUART_ReadDieID
                0x000043d4       0x6c .\CortexM3\ARM_GCC_493\Debug\freesoc.a(USBUART_std.o)
                0x000043d4                USBUART_ReadDieID
 .text.USBUART_ConfigReg
                0x00004440       0xa4 .\CortexM3\ARM_GCC_493\Debug\freesoc.a(USBUART_std.o)
                0x00004440                USBUART_ConfigReg
 .text.USBUART_GetConfigTablePtr
                0x000044e4       0x28 .\CortexM3\ARM_GCC_493\Debug\freesoc.a(USBUART_std.o)
                0x000044e4                USBUART_GetConfigTablePtr
 .text.USBUART_ConfigAltChanged
                0x0000450c      0x11c .\CortexM3\ARM_GCC_493\Debug\freesoc.a(USBUART_std.o)
                0x0000450c                USBUART_ConfigAltChanged
 .text.USBUART_GetDeviceTablePtr
                0x00004628       0x18 .\CortexM3\ARM_GCC_493\Debug\freesoc.a(USBUART_std.o)
                0x00004628                USBUART_GetDeviceTablePtr
 .text.USBUART_GetInterfaceClassTablePtr
                0x00004640       0x24 .\CortexM3\ARM_GCC_493\Debug\freesoc.a(USBUART_std.o)
                0x00004640                USBUART_GetInterfaceClassTablePtr
 .text.USBUART_Config
                0x00004664      0x1dc .\CortexM3\ARM_GCC_493\Debug\freesoc.a(USBUART_std.o)
                0x00004664                USBUART_Config
 .text.USBUART_SetEndpointHalt
                0x00004840       0x64 .\CortexM3\ARM_GCC_493\Debug\freesoc.a(USBUART_std.o)
                0x00004840                USBUART_SetEndpointHalt
 .text.USBUART_ClearEndpointHalt
                0x000048a4       0xa8 .\CortexM3\ARM_GCC_493\Debug\freesoc.a(USBUART_std.o)
                0x000048a4                USBUART_ClearEndpointHalt
 .text.USBUART_ValidateAlternateSetting
                0x0000494c       0x4c .\CortexM3\ARM_GCC_493\Debug\freesoc.a(USBUART_std.o)
                0x0000494c                USBUART_ValidateAlternateSetting
 .text.USBUART_HandleStandardRqst
                0x00004998      0x35c .\CortexM3\ARM_GCC_493\Debug\freesoc.a(USBUART_std.o)
                0x00004998                USBUART_HandleStandardRqst
 .text.USBUART_HandleVendorRqst
                0x00004cf4       0x3c .\CortexM3\ARM_GCC_493\Debug\freesoc.a(USBUART_vnd.o)
                0x00004cf4                USBUART_HandleVendorRqst
 .text.USBUART_Dp_ClearInterrupt
                0x00004d30       0x10 .\CortexM3\ARM_GCC_493\Debug\freesoc.a(USBUART_Dp.o)
                0x00004d30                USBUART_Dp_ClearInterrupt
 .text.CyFlashGetSpcAlgorithm
                0x00004d40       0x4c .\CortexM3\ARM_GCC_493\Debug\freesoc.a(CyFlash.o)
 .text.CySetTempInt
                0x00004d8c       0x60 .\CortexM3\ARM_GCC_493\Debug\freesoc.a(CyFlash.o)
 .text.CySetTemp
                0x00004dec       0x14 .\CortexM3\ARM_GCC_493\Debug\freesoc.a(CyFlash.o)
                0x00004dec                CySetTemp
 .text.CyEEPROM_Start
                0x00004e00       0x54 .\CortexM3\ARM_GCC_493\Debug\freesoc.a(CyFlash.o)
                0x00004e00                CyEEPROM_Start
 .text.CySpcStart
                0x00004e54       0x24 .\CortexM3\ARM_GCC_493\Debug\freesoc.a(CySpc.o)
                0x00004e54                CySpcStart
 .text.CySpcReadData
                0x00004e78       0x34 .\CortexM3\ARM_GCC_493\Debug\freesoc.a(CySpc.o)
                0x00004e78                CySpcReadData
 .text.CySpcLoadMultiByte
                0x00004eac       0x78 .\CortexM3\ARM_GCC_493\Debug\freesoc.a(CySpc.o)
                0x00004eac                CySpcLoadMultiByte
 .text.CySpcLoadRow
                0x00004f24       0x54 .\CortexM3\ARM_GCC_493\Debug\freesoc.a(CySpc.o)
                0x00004f24                CySpcLoadRow
 .text.CySpcWriteRow
                0x00004f78       0x4c .\CortexM3\ARM_GCC_493\Debug\freesoc.a(CySpc.o)
                0x00004f78                CySpcWriteRow
 .text.CySpcGetTemp
                0x00004fc4       0x3c .\CortexM3\ARM_GCC_493\Debug\freesoc.a(CySpc.o)
                0x00004fc4                CySpcGetTemp
 .text.CySpcLock
                0x00005000       0x4c .\CortexM3\ARM_GCC_493\Debug\freesoc.a(CySpc.o)
                0x00005000                CySpcLock
 .text.CySpcUnlock
                0x0000504c       0x38 .\CortexM3\ARM_GCC_493\Debug\freesoc.a(CySpc.o)
                0x0000504c                CySpcUnlock
 .text.CySpcGetAlgorithm
                0x00005084       0x28 .\CortexM3\ARM_GCC_493\Debug\freesoc.a(CySpc.o)
                0x00005084                CySpcGetAlgorithm
 .text.USBUART_DispatchClassRqst
                0x000050ac       0x60 .\CortexM3\ARM_GCC_493\Debug\freesoc.a(USBUART_cls.o)
                0x000050ac                USBUART_DispatchClassRqst
 .text.cos      0x0000510c       0x90 c:/program files (x86)/cypress/psoc creator/3.3/psoc creator/import/gnu/arm/4.9.3/bin/../lib/gcc/arm-none-eabi/4.9.3/../../../../arm-none-eabi/lib/armv7-m\libm.a(lib_a-s_cos.o)
                0x0000510c                cos
 .text.sin      0x0000519c       0x94 c:/program files (x86)/cypress/psoc creator/3.3/psoc creator/import/gnu/arm/4.9.3/bin/../lib/gcc/arm-none-eabi/4.9.3/../../../../arm-none-eabi/lib/armv7-m\libm.a(lib_a-s_sin.o)
                0x0000519c                sin
 .text.pow      0x00005230      0x2f0 c:/program files (x86)/cypress/psoc creator/3.3/psoc creator/import/gnu/arm/4.9.3/bin/../lib/gcc/arm-none-eabi/4.9.3/../../../../arm-none-eabi/lib/armv7-m\libm.a(lib_a-w_pow.o)
                0x00005230                pow
 .text.__ieee754_pow
                0x00005520      0xaa0 c:/program files (x86)/cypress/psoc creator/3.3/psoc creator/import/gnu/arm/4.9.3/bin/../lib/gcc/arm-none-eabi/4.9.3/../../../../arm-none-eabi/lib/armv7-m\libm.a(lib_a-e_pow.o)
                0x00005520                __ieee754_pow
 .text.__ieee754_rem_pio2
                0x00005fc0      0x428 c:/program files (x86)/cypress/psoc creator/3.3/psoc creator/import/gnu/arm/4.9.3/bin/../lib/gcc/arm-none-eabi/4.9.3/../../../../arm-none-eabi/lib/armv7-m\libm.a(lib_a-e_rem_pio2.o)
                0x00005fc0                __ieee754_rem_pio2
 .text.__ieee754_sqrt
                0x000063e8      0x18c c:/program files (x86)/cypress/psoc creator/3.3/psoc creator/import/gnu/arm/4.9.3/bin/../lib/gcc/arm-none-eabi/4.9.3/../../../../arm-none-eabi/lib/armv7-m\libm.a(lib_a-e_sqrt.o)
                0x000063e8                __ieee754_sqrt
 *fill*         0x00006574        0x4 
 .text.__kernel_cos
                0x00006578      0x248 c:/program files (x86)/cypress/psoc creator/3.3/psoc creator/import/gnu/arm/4.9.3/bin/../lib/gcc/arm-none-eabi/4.9.3/../../../../arm-none-eabi/lib/armv7-m\libm.a(lib_a-k_cos.o)
                0x00006578                __kernel_cos
 .text.__kernel_rem_pio2
                0x000067c0      0x808 c:/program files (x86)/cypress/psoc creator/3.3/psoc creator/import/gnu/arm/4.9.3/bin/../lib/gcc/arm-none-eabi/4.9.3/../../../../arm-none-eabi/lib/armv7-m\libm.a(lib_a-k_rem_pio2.o)
                0x000067c0                __kernel_rem_pio2
 .text.__kernel_sin
                0x00006fc8      0x170 c:/program files (x86)/cypress/psoc creator/3.3/psoc creator/import/gnu/arm/4.9.3/bin/../lib/gcc/arm-none-eabi/4.9.3/../../../../arm-none-eabi/lib/armv7-m\libm.a(lib_a-k_sin.o)
                0x00006fc8                __kernel_sin
 .text.fabs     0x00007138        0x8 c:/program files (x86)/cypress/psoc creator/3.3/psoc creator/import/gnu/arm/4.9.3/bin/../lib/gcc/arm-none-eabi/4.9.3/../../../../arm-none-eabi/lib/armv7-m\libm.a(lib_a-s_fabs.o)
                0x00007138                fabs
 .text.finite   0x00007140        0xc c:/program files (x86)/cypress/psoc creator/3.3/psoc creator/import/gnu/arm/4.9.3/bin/../lib/gcc/arm-none-eabi/4.9.3/../../../../arm-none-eabi/lib/armv7-m\libm.a(lib_a-s_finite.o)
                0x00007140                finite
 *fill*         0x0000714c        0x4 
 .text.floor    0x00007150      0x118 c:/program files (x86)/cypress/psoc creator/3.3/psoc creator/import/gnu/arm/4.9.3/bin/../lib/gcc/arm-none-eabi/4.9.3/../../../../arm-none-eabi/lib/armv7-m\libm.a(lib_a-s_floor.o)
                0x00007150                floor
 .text.__fpclassifyd
                0x00007268       0x58 c:/program files (x86)/cypress/psoc creator/3.3/psoc creator/import/gnu/arm/4.9.3/bin/../lib/gcc/arm-none-eabi/4.9.3/../../../../arm-none-eabi/lib/armv7-m\libm.a(lib_a-s_fpclassify.o)
                0x00007268                __fpclassifyd
 .text.matherr  0x000072c0        0x4 c:/program files (x86)/cypress/psoc creator/3.3/psoc creator/import/gnu/arm/4.9.3/bin/../lib/gcc/arm-none-eabi/4.9.3/../../../../arm-none-eabi/lib/armv7-m\libm.a(lib_a-s_matherr.o)
                0x000072c0                matherr
 .text.nan      0x000072c4        0xc c:/program files (x86)/cypress/psoc creator/3.3/psoc creator/import/gnu/arm/4.9.3/bin/../lib/gcc/arm-none-eabi/4.9.3/../../../../arm-none-eabi/lib/armv7-m\libm.a(lib_a-s_nan.o)
                0x000072c4                nan
 .text.rint     0x000072d0      0x11c c:/program files (x86)/cypress/psoc creator/3.3/psoc creator/import/gnu/arm/4.9.3/bin/../lib/gcc/arm-none-eabi/4.9.3/../../../../arm-none-eabi/lib/armv7-m\libm.a(lib_a-s_rint.o)
                0x000072d0                rint
 *fill*         0x000073ec        0x4 
 .text.scalbn   0x000073f0       0xf0 c:/program files (x86)/cypress/psoc creator/3.3/psoc creator/import/gnu/arm/4.9.3/bin/../lib/gcc/arm-none-eabi/4.9.3/../../../../arm-none-eabi/lib/armv7-m\libm.a(lib_a-s_scalbn.o)
                0x000073f0                scalbn
 .text.copysign
                0x000074e0       0x10 c:/program files (x86)/cypress/psoc creator/3.3/psoc creator/import/gnu/arm/4.9.3/bin/../lib/gcc/arm-none-eabi/4.9.3/../../../../arm-none-eabi/lib/armv7-m\libm.a(lib_a-s_copysign.o)
                0x000074e0                copysign
 .text          0x000074f0      0x370 c:/program files (x86)/cypress/psoc creator/3.3/psoc creator/import/gnu/arm/4.9.3/bin/../lib/gcc/arm-none-eabi/4.9.3/armv7-m\libgcc.a(_arm_addsubdf3.o)
                0x000074f0                __aeabi_drsub
                0x000074f8                __aeabi_dsub
                0x000074f8                __subdf3
                0x000074fc                __aeabi_dadd
                0x000074fc                __adddf3
                0x00007774                __floatunsidf
                0x00007774                __aeabi_ui2d
                0x00007794                __floatsidf
                0x00007794                __aeabi_i2d
                0x000077b8                __aeabi_f2d
                0x000077b8                __extendsfdf2
                0x000077f4                __floatundidf
                0x000077f4                __aeabi_ul2d
                0x00007804                __floatdidf
                0x00007804                __aeabi_l2d
 .text          0x00007860      0x424 c:/program files (x86)/cypress/psoc creator/3.3/psoc creator/import/gnu/arm/4.9.3/bin/../lib/gcc/arm-none-eabi/4.9.3/armv7-m\libgcc.a(_arm_muldivdf3.o)
                0x00007860                __aeabi_dmul
                0x00007860                __muldf3
                0x00007ab4                __divdf3
                0x00007ab4                __aeabi_ddiv
 .text          0x00007c84      0x110 c:/program files (x86)/cypress/psoc creator/3.3/psoc creator/import/gnu/arm/4.9.3/bin/../lib/gcc/arm-none-eabi/4.9.3/armv7-m\libgcc.a(_arm_cmpdf2.o)
                0x00007c84                __gtdf2
                0x00007c84                __gedf2
                0x00007c8c                __ltdf2
                0x00007c8c                __ledf2
                0x00007c94                __nedf2
                0x00007c94                __eqdf2
                0x00007c94                __cmpdf2
                0x00007d10                __aeabi_cdrcmple
                0x00007d20                __aeabi_cdcmpeq
                0x00007d20                __aeabi_cdcmple
                0x00007d30                __aeabi_dcmpeq
                0x00007d44                __aeabi_dcmplt
                0x00007d58                __aeabi_dcmple
                0x00007d6c                __aeabi_dcmpge
                0x00007d80                __aeabi_dcmpgt
 .text          0x00007d94       0x50 c:/program files (x86)/cypress/psoc creator/3.3/psoc creator/import/gnu/arm/4.9.3/bin/../lib/gcc/arm-none-eabi/4.9.3/armv7-m\libgcc.a(_arm_fixdfsi.o)
                0x00007d94                __aeabi_d2iz
                0x00007d94                __fixdfsi
 .text          0x00007de4       0x40 c:/program files (x86)/cypress/psoc creator/3.3/psoc creator/import/gnu/arm/4.9.3/bin/../lib/gcc/arm-none-eabi/4.9.3/armv7-m\libgcc.a(_arm_fixunsdfsi.o)
                0x00007de4                __aeabi_d2uiz
                0x00007de4                __fixunsdfsi
 .text          0x00007e24       0xa0 c:/program files (x86)/cypress/psoc creator/3.3/psoc creator/import/gnu/arm/4.9.3/bin/../lib/gcc/arm-none-eabi/4.9.3/armv7-m\libgcc.a(_arm_truncdfsf2.o)
                0x00007e24                __truncdfsf2
                0x00007e24                __aeabi_d2f
 .text          0x00007ec4      0x21c c:/program files (x86)/cypress/psoc creator/3.3/psoc creator/import/gnu/arm/4.9.3/bin/../lib/gcc/arm-none-eabi/4.9.3/armv7-m\libgcc.a(_arm_addsubsf3.o)
                0x00007ec4                __aeabi_frsub
                0x00007ecc                __subsf3
                0x00007ecc                __aeabi_fsub
                0x00007ed0                __aeabi_fadd
                0x00007ed0                __addsf3
                0x00008030                __aeabi_ui2f
                0x00008030                __floatunsisf
                0x00008038                __aeabi_i2f
                0x00008038                __floatsisf
                0x00008054                __aeabi_ul2f
                0x00008054                __floatundisf
                0x00008064                __aeabi_l2f
                0x00008064                __floatdisf
 .text          0x000080e0      0x2a0 c:/program files (x86)/cypress/psoc creator/3.3/psoc creator/import/gnu/arm/4.9.3/bin/../lib/gcc/arm-none-eabi/4.9.3/armv7-m\libgcc.a(_arm_muldivsf3.o)
                0x000080e0                __mulsf3
                0x000080e0                __aeabi_fmul
                0x00008248                __aeabi_fdiv
                0x00008248                __divsf3
 .text          0x00008380       0xec c:/program files (x86)/cypress/psoc creator/3.3/psoc creator/import/gnu/arm/4.9.3/bin/../lib/gcc/arm-none-eabi/4.9.3/armv7-m\libgcc.a(_arm_cmpsf2.o)
                0x00008380                __gesf2
                0x00008380                __gtsf2
                0x00008388                __lesf2
                0x00008388                __ltsf2
                0x00008390                __nesf2
                0x00008390                __eqsf2
                0x00008390                __cmpsf2
                0x000083f0                __aeabi_cfrcmple
                0x000083f8                __aeabi_cfcmpeq
                0x000083f8                __aeabi_cfcmple
                0x00008408                __aeabi_fcmpeq
                0x0000841c                __aeabi_fcmplt
                0x00008430                __aeabi_fcmple
                0x00008444                __aeabi_fcmpge
                0x00008458                __aeabi_fcmpgt
 .text          0x0000846c       0x4c c:/program files (x86)/cypress/psoc creator/3.3/psoc creator/import/gnu/arm/4.9.3/bin/../lib/gcc/arm-none-eabi/4.9.3/armv7-m\libgcc.a(_arm_fixsfsi.o)
                0x0000846c                __aeabi_f2iz
                0x0000846c                __fixsfsi
 .text.__errno  0x000084b8        0xc c:/program files (x86)/cypress/psoc creator/3.3/psoc creator/import/gnu/arm/4.9.3/bin/../lib/gcc/arm-none-eabi/4.9.3/../../../../arm-none-eabi/lib/armv7-m\libg_nano.a(lib_a-errno.o)
                0x000084b8                __errno
 .text.__libc_init_array
                0x000084c4       0x4c c:/program files (x86)/cypress/psoc creator/3.3/psoc creator/import/gnu/arm/4.9.3/bin/../lib/gcc/arm-none-eabi/4.9.3/../../../../arm-none-eabi/lib/armv7-m\libg_nano.a(lib_a-init.o)
                0x000084c4                __libc_init_array
 .text.__itoa   0x00008510       0x2e c:/program files (x86)/cypress/psoc creator/3.3/psoc creator/import/gnu/arm/4.9.3/bin/../lib/gcc/arm-none-eabi/4.9.3/../../../../arm-none-eabi/lib/armv7-m\libg_nano.a(lib_a-itoa.o)
                0x00008510                __itoa
 .text.itoa     0x0000853e        0x4 c:/program files (x86)/cypress/psoc creator/3.3/psoc creator/import/gnu/arm/4.9.3/bin/../lib/gcc/arm-none-eabi/4.9.3/../../../../arm-none-eabi/lib/armv7-m\libg_nano.a(lib_a-itoa.o)
                0x0000853e                itoa
 .text.memcpy   0x00008542       0x16 c:/program files (x86)/cypress/psoc creator/3.3/psoc creator/import/gnu/arm/4.9.3/bin/../lib/gcc/arm-none-eabi/4.9.3/../../../../arm-none-eabi/lib/armv7-m\libg_nano.a(lib_a-memcpy.o)
                0x00008542                memcpy
 .text.memset   0x00008558       0x10 c:/program files (x86)/cypress/psoc creator/3.3/psoc creator/import/gnu/arm/4.9.3/bin/../lib/gcc/arm-none-eabi/4.9.3/../../../../arm-none-eabi/lib/armv7-m\libg_nano.a(lib_a-memset.o)
                0x00008558                memset
 .text.__cvt    0x00008568       0xbc c:/program files (x86)/cypress/psoc creator/3.3/psoc creator/import/gnu/arm/4.9.3/bin/../lib/gcc/arm-none-eabi/4.9.3/../../../../arm-none-eabi/lib/armv7-m\libg_nano.a(lib_a-nano-vfprintf_float.o)
                0x00008568                __cvt
 .text.__exponent
                0x00008624       0x62 c:/program files (x86)/cypress/psoc creator/3.3/psoc creator/import/gnu/arm/4.9.3/bin/../lib/gcc/arm-none-eabi/4.9.3/../../../../arm-none-eabi/lib/armv7-m\libg_nano.a(lib_a-nano-vfprintf_float.o)
                0x00008624                __exponent
 *fill*         0x00008686        0x2 
 .text._printf_float
                0x00008688      0x48c c:/program files (x86)/cypress/psoc creator/3.3/psoc creator/import/gnu/arm/4.9.3/bin/../lib/gcc/arm-none-eabi/4.9.3/../../../../arm-none-eabi/lib/armv7-m\libg_nano.a(lib_a-nano-vfprintf_float.o)
                0x00008688                _printf_float
 .text._printf_common
                0x00008b14       0xea c:/program files (x86)/cypress/psoc creator/3.3/psoc creator/import/gnu/arm/4.9.3/bin/../lib/gcc/arm-none-eabi/4.9.3/../../../../arm-none-eabi/lib/armv7-m\libg_nano.a(lib_a-nano-vfprintf_i.o)
                0x00008b14                _printf_common
 *fill*         0x00008bfe        0x2 
 .text._printf_i
                0x00008c00      0x240 c:/program files (x86)/cypress/psoc creator/3.3/psoc creator/import/gnu/arm/4.9.3/bin/../lib/gcc/arm-none-eabi/4.9.3/../../../../arm-none-eabi/lib/armv7-m\libg_nano.a(lib_a-nano-vfprintf_i.o)
                0x00008c00                _printf_i
 .text.snprintf
                0x00008e40       0x64 c:/program files (x86)/cypress/psoc creator/3.3/psoc creator/import/gnu/arm/4.9.3/bin/../lib/gcc/arm-none-eabi/4.9.3/../../../../arm-none-eabi/lib/armv7-m\libg_nano.a(lib_a-snprintf.o)
                0x00008e40                sniprintf
                0x00008e40                snprintf
 .text.sprintf  0x00008ea4       0x48 c:/program files (x86)/cypress/psoc creator/3.3/psoc creator/import/gnu/arm/4.9.3/bin/../lib/gcc/arm-none-eabi/4.9.3/../../../../arm-none-eabi/lib/armv7-m\libg_nano.a(lib_a-sprintf.o)
                0x00008ea4                siprintf
                0x00008ea4                sprintf
 .text.strlen   0x00008eec       0x10 c:/program files (x86)/cypress/psoc creator/3.3/psoc creator/import/gnu/arm/4.9.3/bin/../lib/gcc/arm-none-eabi/4.9.3/../../../../arm-none-eabi/lib/armv7-m\libg_nano.a(lib_a-strlen.o)
                0x00008eec                strlen
 .text.__utoa   0x00008efc       0x78 c:/program files (x86)/cypress/psoc creator/3.3/psoc creator/import/gnu/arm/4.9.3/bin/../lib/gcc/arm-none-eabi/4.9.3/../../../../arm-none-eabi/lib/armv7-m\libg_nano.a(lib_a-utoa.o)
                0x00008efc                __utoa
 .text.quorem   0x00008f74      0x114 c:/program files (x86)/cypress/psoc creator/3.3/psoc creator/import/gnu/arm/4.9.3/bin/../lib/gcc/arm-none-eabi/4.9.3/../../../../arm-none-eabi/lib/armv7-m\libg_nano.a(lib_a-dtoa.o)
 .text._dtoa_r  0x00009088      0xb78 c:/program files (x86)/cypress/psoc creator/3.3/psoc creator/import/gnu/arm/4.9.3/bin/../lib/gcc/arm-none-eabi/4.9.3/../../../../arm-none-eabi/lib/armv7-m\libg_nano.a(lib_a-dtoa.o)
                0x00009088                _dtoa_r
 .text._localeconv_r
                0x00009c00        0x8 c:/program files (x86)/cypress/psoc creator/3.3/psoc creator/import/gnu/arm/4.9.3/bin/../lib/gcc/arm-none-eabi/4.9.3/../../../../arm-none-eabi/lib/armv7-m\libg_nano.a(lib_a-locale.o)
                0x00009c00                _localeconv_r
 .text.malloc   0x00009c08       0x10 c:/program files (x86)/cypress/psoc creator/3.3/psoc creator/import/gnu/arm/4.9.3/bin/../lib/gcc/arm-none-eabi/4.9.3/../../../../arm-none-eabi/lib/armv7-m\libg_nano.a(lib_a-malloc.o)
                0x00009c08                malloc
 .text.memchr   0x00009c18       0x1c c:/program files (x86)/cypress/psoc creator/3.3/psoc creator/import/gnu/arm/4.9.3/bin/../lib/gcc/arm-none-eabi/4.9.3/../../../../arm-none-eabi/lib/armv7-m\libg_nano.a(lib_a-memchr.o)
                0x00009c18                memchr
 .text._Balloc  0x00009c34       0x6a c:/program files (x86)/cypress/psoc creator/3.3/psoc creator/import/gnu/arm/4.9.3/bin/../lib/gcc/arm-none-eabi/4.9.3/../../../../arm-none-eabi/lib/armv7-m\libg_nano.a(lib_a-mprec.o)
                0x00009c34                _Balloc
 .text._Bfree   0x00009c9e       0x2e c:/program files (x86)/cypress/psoc creator/3.3/psoc creator/import/gnu/arm/4.9.3/bin/../lib/gcc/arm-none-eabi/4.9.3/../../../../arm-none-eabi/lib/armv7-m\libg_nano.a(lib_a-mprec.o)
                0x00009c9e                _Bfree
 .text.__multadd
                0x00009ccc       0x7c c:/program files (x86)/cypress/psoc creator/3.3/psoc creator/import/gnu/arm/4.9.3/bin/../lib/gcc/arm-none-eabi/4.9.3/../../../../arm-none-eabi/lib/armv7-m\libg_nano.a(lib_a-mprec.o)
                0x00009ccc                __multadd
 .text.__hi0bits
                0x00009d48       0x40 c:/program files (x86)/cypress/psoc creator/3.3/psoc creator/import/gnu/arm/4.9.3/bin/../lib/gcc/arm-none-eabi/4.9.3/../../../../arm-none-eabi/lib/armv7-m\libg_nano.a(lib_a-mprec.o)
                0x00009d48                __hi0bits
 .text.__lo0bits
                0x00009d88       0x5a c:/program files (x86)/cypress/psoc creator/3.3/psoc creator/import/gnu/arm/4.9.3/bin/../lib/gcc/arm-none-eabi/4.9.3/../../../../arm-none-eabi/lib/armv7-m\libg_nano.a(lib_a-mprec.o)
                0x00009d88                __lo0bits
 .text.__i2b    0x00009de2       0x12 c:/program files (x86)/cypress/psoc creator/3.3/psoc creator/import/gnu/arm/4.9.3/bin/../lib/gcc/arm-none-eabi/4.9.3/../../../../arm-none-eabi/lib/armv7-m\libg_nano.a(lib_a-mprec.o)
                0x00009de2                __i2b
 .text.__multiply
                0x00009df4      0x120 c:/program files (x86)/cypress/psoc creator/3.3/psoc creator/import/gnu/arm/4.9.3/bin/../lib/gcc/arm-none-eabi/4.9.3/../../../../arm-none-eabi/lib/armv7-m\libg_nano.a(lib_a-mprec.o)
                0x00009df4                __multiply
 .text.__pow5mult
                0x00009f14       0x9c c:/program files (x86)/cypress/psoc creator/3.3/psoc creator/import/gnu/arm/4.9.3/bin/../lib/gcc/arm-none-eabi/4.9.3/../../../../arm-none-eabi/lib/armv7-m\libg_nano.a(lib_a-mprec.o)
                0x00009f14                __pow5mult
 .text.__lshift
                0x00009fb0       0xa6 c:/program files (x86)/cypress/psoc creator/3.3/psoc creator/import/gnu/arm/4.9.3/bin/../lib/gcc/arm-none-eabi/4.9.3/../../../../arm-none-eabi/lib/armv7-m\libg_nano.a(lib_a-mprec.o)
                0x00009fb0                __lshift
 .text.__mcmp   0x0000a056       0x38 c:/program files (x86)/cypress/psoc creator/3.3/psoc creator/import/gnu/arm/4.9.3/bin/../lib/gcc/arm-none-eabi/4.9.3/../../../../arm-none-eabi/lib/armv7-m\libg_nano.a(lib_a-mprec.o)
                0x0000a056                __mcmp
 .text.__mdiff  0x0000a08e       0xbe c:/program files (x86)/cypress/psoc creator/3.3/psoc creator/import/gnu/arm/4.9.3/bin/../lib/gcc/arm-none-eabi/4.9.3/../../../../arm-none-eabi/lib/armv7-m\libg_nano.a(lib_a-mprec.o)
                0x0000a08e                __mdiff
 .text.__d2b    0x0000a14c       0xa4 c:/program files (x86)/cypress/psoc creator/3.3/psoc creator/import/gnu/arm/4.9.3/bin/../lib/gcc/arm-none-eabi/4.9.3/../../../../arm-none-eabi/lib/armv7-m\libg_nano.a(lib_a-mprec.o)
                0x0000a14c                __d2b
 .text._calloc_r
                0x0000a1f0       0x1c c:/program files (x86)/cypress/psoc creator/3.3/psoc creator/import/gnu/arm/4.9.3/bin/../lib/gcc/arm-none-eabi/4.9.3/../../../../arm-none-eabi/lib/armv7-m\libg_nano.a(lib_a-nano-callocr.o)
                0x0000a1f0                _calloc_r
 .text._free_r  0x0000a20c       0x88 c:/program files (x86)/cypress/psoc creator/3.3/psoc creator/import/gnu/arm/4.9.3/bin/../lib/gcc/arm-none-eabi/4.9.3/../../../../arm-none-eabi/lib/armv7-m\libg_nano.a(lib_a-nano-freer.o)
                0x0000a20c                _free_r
 .text._malloc_r
                0x0000a294       0xac c:/program files (x86)/cypress/psoc creator/3.3/psoc creator/import/gnu/arm/4.9.3/bin/../lib/gcc/arm-none-eabi/4.9.3/../../../../arm-none-eabi/lib/armv7-m\libg_nano.a(lib_a-nano-mallocr.o)
                0x0000a294                _malloc_r
 .text.__ssputs_r
                0x0000a340       0xb2 c:/program files (x86)/cypress/psoc creator/3.3/psoc creator/import/gnu/arm/4.9.3/bin/../lib/gcc/arm-none-eabi/4.9.3/../../../../arm-none-eabi/lib/armv7-m\libg_nano.a(lib_a-nano-svfprintf.o)
                0x0000a340                __ssputs_r
 *fill*         0x0000a3f2        0x2 
 .text._svfprintf_r
                0x0000a3f4      0x1e4 c:/program files (x86)/cypress/psoc creator/3.3/psoc creator/import/gnu/arm/4.9.3/bin/../lib/gcc/arm-none-eabi/4.9.3/../../../../arm-none-eabi/lib/armv7-m\libg_nano.a(lib_a-nano-svfprintf.o)
                0x0000a3f4                _svfiprintf_r
                0x0000a3f4                _svfprintf_r
 .text._sbrk_r  0x0000a5d8       0x20 c:/program files (x86)/cypress/psoc creator/3.3/psoc creator/import/gnu/arm/4.9.3/bin/../lib/gcc/arm-none-eabi/4.9.3/../../../../arm-none-eabi/lib/armv7-m\libg_nano.a(lib_a-sbrkr.o)
                0x0000a5d8                _sbrk_r
 .text.memmove  0x0000a5f8       0x36 c:/program files (x86)/cypress/psoc creator/3.3/psoc creator/import/gnu/arm/4.9.3/bin/../lib/gcc/arm-none-eabi/4.9.3/../../../../arm-none-eabi/lib/armv7-m\libg_nano.a(lib_a-memmove.o)
                0x0000a5f8                memmove
 .text._realloc_r
                0x0000a62e       0x4c c:/program files (x86)/cypress/psoc creator/3.3/psoc creator/import/gnu/arm/4.9.3/bin/../lib/gcc/arm-none-eabi/4.9.3/../../../../arm-none-eabi/lib/armv7-m\libg_nano.a(lib_a-nano-reallocr.o)
                0x0000a62e                _realloc_r
 .text._malloc_usable_size_r
                0x0000a67a       0x14 c:/program files (x86)/cypress/psoc creator/3.3/psoc creator/import/gnu/arm/4.9.3/bin/../lib/gcc/arm-none-eabi/4.9.3/../../../../arm-none-eabi/lib/armv7-m\libg_nano.a(lib_a-nano-msizer.o)
                0x0000a67a                _malloc_usable_size_r
 *(.plt)
 *(.gnu.warning)
 *(.glue_7t)
 .glue_7t       0x00000000        0x0 linker stubs
 *(.glue_7)
 .glue_7        0x00000000        0x0 linker stubs
 *(.vfp11_veneer)
 .vfp11_veneer  0x00000000        0x0 linker stubs
 *(.bootloader)
 *(.ARM.extab* .gnu.linkonce.armextab.*)
 *(.gcc_except_table)

.v4_bx          0x0000a690        0x0
 .v4_bx         0x00000000        0x0 linker stubs

.iplt           0x0000a690        0x0
 .iplt          0x00000000        0x0 c:/program files (x86)/cypress/psoc creator/3.3/psoc creator/import/gnu/arm/4.9.3/bin/../lib/gcc/arm-none-eabi/4.9.3/armv7-m/crtbegin.o

.eh_frame_hdr
 *(.eh_frame_hdr)

.eh_frame       0x0000a690        0x4
 *(.eh_frame)
 .eh_frame      0x0000a690        0x0 c:/program files (x86)/cypress/psoc creator/3.3/psoc creator/import/gnu/arm/4.9.3/bin/../lib/gcc/arm-none-eabi/4.9.3/armv7-m/crtbegin.o
 .eh_frame      0x0000a690        0x0 c:/program files (x86)/cypress/psoc creator/3.3/psoc creator/import/gnu/arm/4.9.3/bin/../lib/gcc/arm-none-eabi/4.9.3/../../../../arm-none-eabi/lib/armv7-m\libg_nano.a(lib_a-strcmp.o)
                                 0x28 (size before relaxing)
 .eh_frame      0x0000a690        0x4 c:/program files (x86)/cypress/psoc creator/3.3/psoc creator/import/gnu/arm/4.9.3/bin/../lib/gcc/arm-none-eabi/4.9.3/armv7-m/crtend.o
                0x0000a694                PROVIDE (__exidx_start, .)

.ARM.exidx
 *(.ARM.exidx* .gnu.linkonce.armexidx.*)
                0x0000a694                __exidx_end = .

.rodata         0x0000a698      0x7c8
 *(.rodata .rodata.* .gnu.linkonce.r.*)
 .rodata.str1.4
                0x0000a698       0x69 .\CortexM3\ARM_GCC_493\Debug\main.o
                                 0x6c (size before relaxing)
 *fill*         0x0000a701        0x3 
 .rodata        0x0000a704        0x8 .\CortexM3\ARM_GCC_493\Debug\cal.o
 .rodata.str1.4
                0x0000a70c       0x4d .\CortexM3\ARM_GCC_493\Debug\cal.o
                                 0x50 (size before relaxing)
 *fill*         0x0000a759        0x3 
 .rodata        0x0000a75c       0x10 .\CortexM3\ARM_GCC_493\Debug\motor.o
 .rodata.str1.4
                0x0000a76c       0xc0 .\CortexM3\ARM_GCC_493\Debug\motor.o
 .rodata.str1.4
                0x0000a82c       0x24 .\CortexM3\ARM_GCC_493\Debug\odom.o
 .rodata.str1.4
                0x0000a850       0x1a .\CortexM3\ARM_GCC_493\Debug\serial.o
                                 0x1c (size before relaxing)
 *fill*         0x0000a86a        0x2 
 .rodata        0x0000a86c       0x38 .\CortexM3\ARM_GCC_493\Debug\freesoc.a(cyfitter_cfg.o)
 .rodata.str1.4
                0x0000a8a4       0x11 .\CortexM3\ARM_GCC_493\Debug\freesoc.a(USBUART_std.o)
                                 0x14 (size before relaxing)
 *fill*         0x0000a8b5        0x3 
 .rodata        0x0000a8b8      0x1d4 .\CortexM3\ARM_GCC_493\Debug\freesoc.a(USBUART_descr.o)