Archive member included because of file (symbol)

.\CortexM3\ARM_GCC_493\Debug\freesoc.a(cyfitter_cfg.o)
                              .\CortexM3\ARM_GCC_493\Debug\Cm3Start.o (cyfitter_cfg)
.\CortexM3\ARM_GCC_493\Debug\freesoc.a(Left_HB25_Enable_Pin.o)
                              .\CortexM3\ARM_GCC_493\Debug\motor.o (Left_HB25_Enable_Pin_Write)
.\CortexM3\ARM_GCC_493\Debug\freesoc.a(Left_HB25_PWM.o)
                              .\CortexM3\ARM_GCC_493\Debug\motor.o (Left_HB25_PWM_Stop)
.\CortexM3\ARM_GCC_493\Debug\freesoc.a(Right_HB25_Enable_Pin.o)
                              .\CortexM3\ARM_GCC_493\Debug\motor.o (Right_HB25_Enable_Pin_Write)
.\CortexM3\ARM_GCC_493\Debug\freesoc.a(Right_HB25_PWM.o)
                              .\CortexM3\ARM_GCC_493\Debug\motor.o (Right_HB25_PWM_Stop)
.\CortexM3\ARM_GCC_493\Debug\freesoc.a(CyBootAsmGnu.o)
                              .\CortexM3\ARM_GCC_493\Debug\freesoc.a(cyfitter_cfg.o) (CyDelayCycles)
.\CortexM3\ARM_GCC_493\Debug\freesoc.a(CyLib.o)
                              .\CortexM3\ARM_GCC_493\Debug\Cm3Start.o (CyHalt)
.\CortexM3\ARM_GCC_493\Debug\freesoc.a(cyPm.o)
                              .\CortexM3\ARM_GCC_493\Debug\freesoc.a(CyLib.o) (CyPmReadStatus)
.\CortexM3\ARM_GCC_493\Debug\freesoc.a(EZI2C_Slave.o)
                              .\CortexM3\ARM_GCC_493\Debug\i2c.o (EZI2C_Slave_Start)
.\CortexM3\ARM_GCC_493\Debug\freesoc.a(EZI2C_Slave_PM.o)
                              .\CortexM3\ARM_GCC_493\Debug\freesoc.a(EZI2C_Slave.o) (EZI2C_Slave_backup)
.\CortexM3\ARM_GCC_493\Debug\freesoc.a(EZI2C_Slave_INT.o)
                              .\CortexM3\ARM_GCC_493\Debug\freesoc.a(EZI2C_Slave.o) (EZI2C_Slave_ISR)
.\CortexM3\ARM_GCC_493\Debug\freesoc.a(Mainloop_Pin.o)
                              .\CortexM3\ARM_GCC_493\Debug\main.o (Mainloop_Pin_Write)
.\CortexM3\ARM_GCC_493\Debug\freesoc.a(EEPROM.o)
                              .\CortexM3\ARM_GCC_493\Debug\nvstore.o (EEPROM_Start)
.\CortexM3\ARM_GCC_493\Debug\freesoc.a(Right_QuadDec.o)
                              .\CortexM3\ARM_GCC_493\Debug\encoder.o (Right_QuadDec_GetCounter)
.\CortexM3\ARM_GCC_493\Debug\freesoc.a(Right_QuadDec_INT.o)
                              .\CortexM3\ARM_GCC_493\Debug\freesoc.a(Right_QuadDec.o) (Right_QuadDec_ISR)
.\CortexM3\ARM_GCC_493\Debug\freesoc.a(Right_QuadDec_Cnt16.o)
                              .\CortexM3\ARM_GCC_493\Debug\freesoc.a(Right_QuadDec.o) (Right_QuadDec_Cnt16_Stop)
.\CortexM3\ARM_GCC_493\Debug\freesoc.a(Left_QuadDec.o)
                              .\CortexM3\ARM_GCC_493\Debug\encoder.o (Left_QuadDec_GetCounter)
.\CortexM3\ARM_GCC_493\Debug\freesoc.a(Left_QuadDec_INT.o)
                              .\CortexM3\ARM_GCC_493\Debug\freesoc.a(Left_QuadDec.o) (Left_QuadDec_ISR)
.\CortexM3\ARM_GCC_493\Debug\freesoc.a(Left_QuadDec_Cnt16.o)
                              .\CortexM3\ARM_GCC_493\Debug\freesoc.a(Left_QuadDec.o) (Left_QuadDec_Cnt16_Stop)
.\CortexM3\ARM_GCC_493\Debug\freesoc.a(USBUART.o)
                              .\CortexM3\ARM_GCC_493\Debug\serial.o (USBUART_Start)
.\CortexM3\ARM_GCC_493\Debug\freesoc.a(USBUART_cdc.o)
                              .\CortexM3\ARM_GCC_493\Debug\serial.o (USBUART_CDC_Init)
.\CortexM3\ARM_GCC_493\Debug\freesoc.a(USBUART_drv.o)
                              .\CortexM3\ARM_GCC_493\Debug\freesoc.a(USBUART.o) (USBUART_lastPacketSize)
.\CortexM3\ARM_GCC_493\Debug\freesoc.a(USBUART_episr.o)
                              .\CortexM3\ARM_GCC_493\Debug\freesoc.a(USBUART.o) (USBUART_EP_1_ISR)
.\CortexM3\ARM_GCC_493\Debug\freesoc.a(USBUART_hid.o)
                              .\CortexM3\ARM_GCC_493\Debug\freesoc.a(USBUART.o) (USBUART_hidProtocol)
.\CortexM3\ARM_GCC_493\Debug\freesoc.a(USBUART_pm.o)
                              .\CortexM3\ARM_GCC_493\Debug\freesoc.a(USBUART.o) (USBUART_DP_ISR)
.\CortexM3\ARM_GCC_493\Debug\freesoc.a(USBUART_std.o)
                              .\CortexM3\ARM_GCC_493\Debug\freesoc.a(USBUART_pm.o) (USBUART_ConfigReg)
.\CortexM3\ARM_GCC_493\Debug\freesoc.a(USBUART_vnd.o)
                              .\CortexM3\ARM_GCC_493\Debug\freesoc.a(USBUART_drv.o) (USBUART_HandleVendorRqst)
.\CortexM3\ARM_GCC_493\Debug\freesoc.a(USBUART_Dp.o)
                              .\CortexM3\ARM_GCC_493\Debug\freesoc.a(USBUART_pm.o) (USBUART_Dp_ClearInterrupt)
.\CortexM3\ARM_GCC_493\Debug\freesoc.a(SPIM.o)
                              .\CortexM3\ARM_GCC_493\Debug\spi.o (SPIM_ReadRxData)
.\CortexM3\ARM_GCC_493\Debug\freesoc.a(SPIM_INT.o)
                              .\CortexM3\ARM_GCC_493\Debug\freesoc.a(SPIM.o) (SPIM_RX_ISR)
.\CortexM3\ARM_GCC_493\Debug\freesoc.a(Slave_Select.o)
                              .\CortexM3\ARM_GCC_493\Debug\spi.o (Slave_Select_Write)
.\CortexM3\ARM_GCC_493\Debug\freesoc.a(CyFlash.o)
                              .\CortexM3\ARM_GCC_493\Debug\freesoc.a(EEPROM.o) (dieTemperature)
.\CortexM3\ARM_GCC_493\Debug\freesoc.a(CySpc.o)
[...]
Memory Configuration

Name             Origin             Length             Attributes
rom              0x00000000         0x00040000         xr
ram              0x1fff8000         0x00010000         xrw
*default*        0x00000000         0xffffffff

Linker script and memory map

LOAD c:/program files (x86)/cypress/psoc creator/3.3/psoc creator/import/gnu/arm/4.9.3/bin/../lib/gcc/arm-none-eabi/4.9.3/armv7-m/crti.o
LOAD c:/program files (x86)/cypress/psoc creator/3.3/psoc creator/import/gnu/arm/4.9.3/bin/../lib/gcc/arm-none-eabi/4.9.3/armv7-m/crtbegin.o
LOAD c:/program files (x86)/cypress/psoc creator/3.3/psoc creator/import/gnu/arm/4.9.3/bin/../lib/gcc/arm-none-eabi/4.9.3/../../../../arm-none-eabi/lib/armv7-m/crt0.o
START GROUP
LOAD .\CortexM3\ARM_GCC_493\Debug\main.o
LOAD .\CortexM3\ARM_GCC_493\Debug\cal.o
LOAD .\CortexM3\ARM_GCC_493\Debug\control.o
LOAD .\CortexM3\ARM_GCC_493\Debug\debug.o
LOAD .\CortexM3\ARM_GCC_493\Debug\diag.o
LOAD .\CortexM3\ARM_GCC_493\Debug\encoder.o
LOAD .\CortexM3\ARM_GCC_493\Debug\i2c.o
LOAD .\CortexM3\ARM_GCC_493\Debug\motor.o
LOAD .\CortexM3\ARM_GCC_493\Debug\odom.o
LOAD .\CortexM3\ARM_GCC_493\Debug\pid.o
LOAD .\CortexM3\ARM_GCC_493\Debug\time.o
LOAD .\CortexM3\ARM_GCC_493\Debug\utils.o
LOAD .\CortexM3\ARM_GCC_493\Debug\pid_controller.o
LOAD .\CortexM3\ARM_GCC_493\Debug\serial.o
LOAD .\CortexM3\ARM_GCC_493\Debug\nvstore.o
LOAD .\CortexM3\ARM_GCC_493\Debug\calpid.o
LOAD .\CortexM3\ARM_GCC_493\Debug\calmotor.o
LOAD .\CortexM3\ARM_GCC_493\Debug\pidutil.o
LOAD .\CortexM3\ARM_GCC_493\Debug\spi.o
LOAD .\CortexM3\ARM_GCC_493\Debug\callin.o
LOAD .\CortexM3\ARM_GCC_493\Debug\sensor.o
LOAD .\CortexM3\ARM_GCC_493\Debug\cymetadata.o
LOAD .\CortexM3\ARM_GCC_493\Debug\Cm3Start.o
LOAD .\CortexM3\ARM_GCC_493\Debug\freesoc.a
LOAD C:\Program Files (x86)\Cypress\PSoC Creator\3.3\PSoC Creator\psoc\content\cycomponentlibrary\CyComponentLibrary.cylib\CortexM3\ARM_GCC_493\Debug\CyComponentLibrary.a
LOAD c:/program files (x86)/cypress/psoc creator/3.3/psoc creator/import/gnu/arm/4.9.3/bin/../lib/gcc/arm-none-eabi/4.9.3/../../../../arm-none-eabi/lib/armv7-m\libm.a
END GROUP
START GROUP
LOAD c:/program files (x86)/cypress/psoc creator/3.3/psoc creator/import/gnu/arm/4.9.3/bin/../lib/gcc/arm-none-eabi/4.9.3/armv7-m\libgcc.a
LOAD c:/program files (x86)/cypress/psoc creator/3.3/psoc creator/import/gnu/arm/4.9.3/bin/../lib/gcc/arm-none-eabi/4.9.3/../../../../arm-none-eabi/lib/armv7-m\libg_nano.a
LOAD c:/program files (x86)/cypress/psoc creator/3.3/psoc creator/import/gnu/arm/4.9.3/bin/../lib/gcc/arm-none-eabi/4.9.3/../../../../arm-none-eabi/lib/armv7-m\libc_nano.a
END GROUP
START GROUP
LOAD c:/program files (x86)/cypress/psoc creator/3.3/psoc creator/import/gnu/arm/4.9.3/bin/../lib/gcc/arm-none-eabi/4.9.3/armv7-m\libgcc.a
LOAD c:/program files (x86)/cypress/psoc creator/3.3/psoc creator/import/gnu/arm/4.9.3/bin/../lib/gcc/arm-none-eabi/4.9.3/../../../../arm-none-eabi/lib/armv7-m\libc_nano.a
END GROUP
LOAD c:/program files (x86)/cypress/psoc creator/3.3/psoc creator/import/gnu/arm/4.9.3/bin/../lib/gcc/arm-none-eabi/4.9.3/armv7-m/crtend.o
LOAD c:/program files (x86)/cypress/psoc creator/3.3/psoc creator/import/gnu/arm/4.9.3/bin/../lib/gcc/arm-none-eabi/4.9.3/armv7-m/crtn.o
START GROUP
LOAD c:/program files (x86)/cypress/psoc creator/3.3/psoc creator/import/gnu/arm/4.9.3/bin/../lib/gcc/arm-none-eabi/4.9.3/armv7-m\libgcc.a
LOAD c:/program files (x86)/cypress/psoc creator/3.3/psoc creator/import/gnu/arm/4.9.3/bin/../lib/gcc/arm-none-eabi/4.9.3/../../../../arm-none-eabi/lib/armv7-m\libc.a
LOAD c:/program files (x86)/cypress/psoc creator/3.3/psoc creator/import/gnu/arm/4.9.3/bin/../lib/gcc/arm-none-eabi/4.9.3/../../../../arm-none-eabi/lib/armv7-m\libnosys.a
END GROUP
                0x00000000                CY_APPL_ORIGIN = 0x0
                0x00000100                CY_FLASH_ROW_SIZE = 0x100
                0x00000020                CY_ECC_ROW_SIZE = 0x20
                0x00000000                CY_EE_IN_BTLDR = 0x0
                0x00000000                CY_APPL_LOADABLE = 0x0
                0x00000800                CY_EE_SIZE = 0x800
                0x00000001                CY_APPL_NUM = 0x1
                0x00000001                CY_APPL_MAX = 0x1
                0x00000040                CY_METADATA_SIZE = 0x40
                0x00000000                CY_APPL_LOADABLE = 0x0
                0x00000000                CY_CHECKSUM_EXCLUDE_SIZE = ALIGN (0x0, CY_FLASH_ROW_SIZE)
                0x1fff8cc0                PROVIDE (__cy_heap_start, _end)
                0x00000001                PROVIDE (__cy_region_num, ((__cy_regions_end - __cy_regions) / 0x10))
                0x20008000                PROVIDE (__cy_stack, (ORIGIN (ram) + 0x10000))
                0x20007800                PROVIDE (__cy_heap_end, (__cy_stack - 0x800))

.cybootloader   0x00000000        0x0
 *(.cybootloader)
                0x00000000                appl1_start = CY_APPL_ORIGIN?CY_APPL_ORIGIN:ALIGN (CY_FLASH_ROW_SIZE)
                0x0001ff00                appl2_start = (appl1_start + ALIGN ((((0x40000 - appl1_start) - (0x2 * CY_FLASH_ROW_SIZE)) / 0x2), CY_FLASH_ROW_SIZE))
                0x00000000                appl_start = (CY_APPL_NUM == 0x1)?appl1_start:appl2_start
                0x00000000                ecc_offset = ((appl_start / CY_FLASH_ROW_SIZE) * CY_ECC_ROW_SIZE)
                0x00000000                ee_offset = (CY_APPL_LOADABLE && ! (CY_EE_IN_BTLDR))?((CY_EE_SIZE / CY_APPL_MAX) * (CY_APPL_NUM - 0x1)):0x0
                0x00000800                ee_size = (CY_APPL_LOADABLE && ! (CY_EE_IN_BTLDR))?(CY_EE_SIZE / CY_APPL_MAX):CY_EE_SIZE
                0x00000000                PROVIDE (CY_ECC_OFFSET, ecc_offset)

.text           0x00000000     0xbe8c
 CREATE_OBJECT_SYMBOLS
                0x00000000                PROVIDE (__cy_interrupt_vector, RomVectors)
 *(.romvectors)
 .romvectors    0x00000000       0x10 .\CortexM3\ARM_GCC_493\Debug\Cm3Start.o
                0x00000000                RomVectors
                0x00000001                ASSERT ((. != __cy_interrupt_vector), No interrupt vector)
                0x00000001                ASSERT (CY_APPL_ORIGIN?(SIZEOF (.cybootloader) <= CY_APPL_ORIGIN):0x1, Wrong image location)
                0x00000010                PROVIDE (__cy_reset, Reset)
 *(.text.Reset)
 .text.Reset    0x00000010       0x18 .\CortexM3\ARM_GCC_493\Debug\Cm3Start.o
                0x00000010                Reset
                0x00000001                ASSERT ((. != __cy_reset), No reset code)
 *(.dma_init)
                0x00000001                ASSERT ((((appl_start + .) <= 0x10000) || 0x1), DMA Init must be within the first 64k of flash)
 *(.text .text.* .gnu.linkonce.t.*)
 .text          0x00000028       0x5c c:/program files (x86)/cypress/psoc creator/3.3/psoc creator/import/gnu/arm/4.9.3/bin/../lib/gcc/arm-none-eabi/4.9.3/armv7-m/crtbegin.o
 .text.main     0x00000084      0x10c .\CortexM3\ARM_GCC_493\Debug\main.o
                0x00000084                main
 .text.LeftTarget
                0x00000190        0xc .\CortexM3\ARM_GCC_493\Debug\cal.o
 .text.RightTarget
                0x0000019c        0xc .\CortexM3\ARM_GCC_493\Debug\cal.o
 .text.DisplayCalMenu
                0x000001a8       0x5c .\CortexM3\ARM_GCC_493\Debug\cal.o
 .text.DisplayValMenu
                0x00000204       0x90 .\CortexM3\ARM_GCC_493\Debug\cal.o
 .text.DisplayMenu
                0x00000294       0x20 .\CortexM3\ARM_GCC_493\Debug\cal.o
 .text.DisplaySettingsMenu
                0x000002b4       0x68 .\CortexM3\ARM_GCC_493\Debug\cal.o
 .text.HandleError
                0x0000031c       0x30 .\CortexM3\ARM_GCC_493\Debug\cal.o
 .text.Process  0x0000034c       0xa4 .\CortexM3\ARM_GCC_493\Debug\cal.o
 .text.DisplayExit
                0x000003f0       0x18 .\CortexM3\ARM_GCC_493\Debug\cal.o
 .text.GetCommand
                0x00000408       0x58 .\CortexM3\ARM_GCC_493\Debug\cal.o
 .text.GetCalibration
                0x00000460       0x50 .\CortexM3\ARM_GCC_493\Debug\cal.o
 .text.GetValidation
                0x000004b0      0x148 .\CortexM3\ARM_GCC_493\Debug\cal.o
 .text.CpsToPwm
                0x000005f8       0x74 .\CortexM3\ARM_GCC_493\Debug\cal.o
 .text.ClearCalibrationStatusBit
                0x0000066c       0x2c .\CortexM3\ARM_GCC_493\Debug\cal.o
                0x0000066c                ClearCalibrationStatusBit
 .text.SetCalibrationStatusBit
                0x00000698       0x24 .\CortexM3\ARM_GCC_493\Debug\cal.o
                0x00000698                SetCalibrationStatusBit
 .text.Cal_PrintSamples
                0x000006bc       0x64 .\CortexM3\ARM_GCC_493\Debug\cal.o
                0x000006bc                Cal_PrintSamples
 .text.Cal_PrintGains
                0x00000720       0x48 .\CortexM3\ARM_GCC_493\Debug\cal.o
                0x00000720                Cal_PrintGains
 .text.ProcessSettingsCmd
                0x00000768      0x104 .\CortexM3\ARM_GCC_493\Debug\cal.o
 .text.Cal_Init
                0x0000086c       0x3c .\CortexM3\ARM_GCC_493\Debug\cal.o
                0x0000086c                Cal_Init
 .text.Cal_Start
                0x000008a8       0x14 .\CortexM3\ARM_GCC_493\Debug\cal.o
                0x000008a8                Cal_Start
 .text.Cal_Update
                0x000008bc       0xd4 .\CortexM3\ARM_GCC_493\Debug\cal.o
                0x000008bc                Cal_Update
 .text.Cal_ReadResponse
                0x00000990       0x48 .\CortexM3\ARM_GCC_493\Debug\cal.o
                0x00000990                Cal_ReadResponse
 .text.Cal_LeftGetPidGains
                0x000009d8        0xc .\CortexM3\ARM_GCC_493\Debug\cal.o
                0x000009d8                Cal_LeftGetPidGains
 .text.Cal_RightGetPidGains
                0x000009e4        0xc .\CortexM3\ARM_GCC_493\Debug\cal.o
                0x000009e4                Cal_RightGetPidGains
 .text.Cal_SetLeftRightVelocity
                0x000009f0        0xc .\CortexM3\ARM_GCC_493\Debug\cal.o
                0x000009f0                Cal_SetLeftRightVelocity
 .text.Cal_CpsToPwm
                0x000009fc       0x9c .\CortexM3\ARM_GCC_493\Debug\cal.o
                0x000009fc                Cal_CpsToPwm
 .text.Cal_Clear
                0x00000a98       0x10 .\CortexM3\ARM_GCC_493\Debug\cal.o
                0x00000a98                Cal_Clear
 .text.Cal_CalcTriangularProfile
                0x00000aa8      0x154 .\CortexM3\ARM_GCC_493\Debug\cal.o
                0x00000aa8                Cal_CalcTriangularProfile
 .text.Control_Init
                0x00000bfc       0x10 .\CortexM3\ARM_GCC_493\Debug\control.o
                0x00000bfc                Control_Init
 .text.Control_Start
                0x00000c0c        0x4 .\CortexM3\ARM_GCC_493\Debug\control.o
                0x00000c0c                Control_Start
 .text.Control_Update
                0x00000c10      0x188 .\CortexM3\ARM_GCC_493\Debug\control.o
                0x00000c10                Control_Update
 .text.Control_LeftGetCmdVelocity
                0x00000d98        0xc .\CortexM3\ARM_GCC_493\Debug\control.o
                0x00000d98                Control_LeftGetCmdVelocity
 .text.Control_RightGetCmdVelocity
                0x00000da4        0xc .\CortexM3\ARM_GCC_493\Debug\control.o
                0x00000da4                Control_RightGetCmdVelocity
 .text.Control_OverrideDebug
                0x00000db0        0xc .\CortexM3\ARM_GCC_493\Debug\control.o
                0x00000db0                Control_OverrideDebug
 .text.Debug_Init
                0x00000dbc       0x24 .\CortexM3\ARM_GCC_493\Debug\debug.o
                0x00000dbc                Debug_Init
 .text.Debug_Start
                0x00000de0        0x4 .\CortexM3\ARM_GCC_493\Debug\debug.o
                0x00000de0                Debug_Start
 .text.Diag_Init
                0x00000de4       0x18 .\CortexM3\ARM_GCC_493\Debug\diag.o
                0x00000de4                Diag_Init
 .text.Diag_Start
                0x00000dfc        0x4 .\CortexM3\ARM_GCC_493\Debug\diag.o
                0x00000dfc                Diag_Start
 .text.Diag_Update
                0x00000e00       0x38 .\CortexM3\ARM_GCC_493\Debug\diag.o
                0x00000e00                Diag_Update
 .text.Encoder_Sample
                0x00000e38       0xa8 .\CortexM3\ARM_GCC_493\Debug\encoder.o
 .text.DumpEncoder
                0x00000ee0       0x74 .\CortexM3\ARM_GCC_493\Debug\encoder.o
 .text.Encoder_Init
                0x00000f54       0x4c .\CortexM3\ARM_GCC_493\Debug\encoder.o
                0x00000f54                Encoder_Init
 .text.Encoder_Start
                0x00000fa0       0x20 .\CortexM3\ARM_GCC_493\Debug\encoder.o
                0x00000fa0                Encoder_Start
 .text.Encoder_Update
                0x00000fc0       0x84 .\CortexM3\ARM_GCC_493\Debug\encoder.o
                0x00000fc0                Encoder_Update
 .text.Encoder_LeftGetCntsPerSec
                0x00001044        0xc .\CortexM3\ARM_GCC_493\Debug\encoder.o
                0x00001044                Encoder_LeftGetCntsPerSec
 .text.Encoder_RightGetCntsPerSec
                0x00001050        0xc .\CortexM3\ARM_GCC_493\Debug\encoder.o
                0x00001050                Encoder_RightGetCntsPerSec
 .text.Encoder_LeftGetMeterPerSec
                0x0000105c        0xc .\CortexM3\ARM_GCC_493\Debug\encoder.o
                0x0000105c                Encoder_LeftGetMeterPerSec
 .text.Encoder_RightGetMeterPerSec
                0x00001068        0xc .\CortexM3\ARM_GCC_493\Debug\encoder.o
                0x00001068                Encoder_RightGetMeterPerSec
 .text.Encoder_LeftGetDist
                0x00001074        0xc .\CortexM3\ARM_GCC_493\Debug\encoder.o
                0x00001074                Encoder_LeftGetDist
 .text.Encoder_RightGetDist
                0x00001080        0xc .\CortexM3\ARM_GCC_493\Debug\encoder.o
                0x00001080                Encoder_RightGetDist
 .text.Encoder_Reset
                0x0000108c       0x68 .\CortexM3\ARM_GCC_493\Debug\encoder.o
                0x0000108c                Encoder_Reset
 .text.I2c_Init
                0x000010f4       0x24 .\CortexM3\ARM_GCC_493\Debug\i2c.o
                0x000010f4                I2c_Init
 .text.I2c_Start
                0x00001118       0x18 .\CortexM3\ARM_GCC_493\Debug\i2c.o
                0x00001118                I2c_Start
 .text.I2c_ReadDeviceControl
                0x00001130       0x2c .\CortexM3\ARM_GCC_493\Debug\i2c.o
                0x00001130                I2c_ReadDeviceControl
 .text.I2c_ReadDebugControl
                0x0000115c       0x94 .\CortexM3\ARM_GCC_493\Debug\i2c.o
                0x0000115c                I2c_ReadDebugControl
 .text.I2c_ReadCmdVelocity
                0x000011f0       0x9c .\CortexM3\ARM_GCC_493\Debug\i2c.o
                0x000011f0                I2c_ReadCmdVelocity
 .text.I2c_SetCalibrationStatusBit
                0x0000128c       0x38 .\CortexM3\ARM_GCC_493\Debug\i2c.o
                0x0000128c                I2c_SetCalibrationStatusBit
 .text.I2c_ClearCalibrationStatusBit
                0x000012c4       0x3c .\CortexM3\ARM_GCC_493\Debug\i2c.o
                0x000012c4                I2c_ClearCalibrationStatusBit
 .text.I2c_SetCalibrationStatus
                0x00001300       0x34 .\CortexM3\ARM_GCC_493\Debug\i2c.o
                0x00001300                I2c_SetCalibrationStatus
 .text.I2c_WriteOdom
                0x00001334       0x94 .\CortexM3\ARM_GCC_493\Debug\i2c.o
                0x00001334                I2c_WriteOdom
 .text.I2c_UpdateHeartbeat
                0x000013c8       0x2c .\CortexM3\ARM_GCC_493\Debug\i2c.o
                0x000013c8                I2c_UpdateHeartbeat
 .text.RampDown
                0x000013f4       0x78 .\CortexM3\ARM_GCC_493\Debug\motor.o
 .text.Motor_Init
                0x0000146c       0x18 .\CortexM3\ARM_GCC_493\Debug\motor.o
                0x0000146c                Motor_Init
 .text.Motor_Start
                0x00001484       0x30 .\CortexM3\ARM_GCC_493\Debug\motor.o
                0x00001484                Motor_Start
 .text.Motor_LeftSetPwm
                0x000014b4       0x2c .\CortexM3\ARM_GCC_493\Debug\motor.o
                0x000014b4                Motor_LeftSetPwm
 .text.Motor_RightSetPwm
                0x000014e0       0x2c .\CortexM3\ARM_GCC_493\Debug\motor.o
                0x000014e0                Motor_RightSetPwm
 .text.Motor_SetPwm
                0x0000150c       0x10 .\CortexM3\ARM_GCC_493\Debug\motor.o
                0x0000150c                Motor_SetPwm
 .text.Motor_LeftGetPwm
                0x0000151c       0x10 .\CortexM3\ARM_GCC_493\Debug\motor.o
                0x0000151c                Motor_LeftGetPwm
 .text.Motor_RightGetPwm
                0x0000152c       0x10 .\CortexM3\ARM_GCC_493\Debug\motor.o
                0x0000152c                Motor_RightGetPwm
 .text.Motor_Stop
                0x0000153c       0x30 .\CortexM3\ARM_GCC_493\Debug\motor.o
                0x0000153c                Motor_Stop
 .text.Motor_LeftRampDown
                0x0000156c       0x10 .\CortexM3\ARM_GCC_493\Debug\motor.o
                0x0000156c                Motor_LeftRampDown
 .text.Motor_RightRampDown
                0x0000157c       0x10 .\CortexM3\ARM_GCC_493\Debug\motor.o
                0x0000157c                Motor_RightRampDown
 *fill*         0x0000158c        0x4 
 .text.CalculateOdometry
                0x00001590       0x68 .\CortexM3\ARM_GCC_493\Debug\odom.o
 .text.DumpOdom
                0x000015f8       0x80 .\CortexM3\ARM_GCC_493\Debug\odom.o
 .text.Odom_Init
                0x00001678       0x14 .\CortexM3\ARM_GCC_493\Debug\odom.o
                0x00001678                Odom_Init
 .text.Odom_Start
                0x0000168c        0x4 .\CortexM3\ARM_GCC_493\Debug\odom.o
                0x0000168c                Odom_Start
 .text.Odom_Update
                0x00001690       0x64 .\CortexM3\ARM_GCC_493\Debug\odom.o
                0x00001690                Odom_Update
 .text.Odom_Reset
                0x000016f4       0x28 .\CortexM3\ARM_GCC_493\Debug\odom.o
                0x000016f4                Odom_Reset
 *fill*         0x0000171c        0x4 
 .text.ProcessPid
                0x00001720       0xb8 .\CortexM3\ARM_GCC_493\Debug\pid.o
 .text.Pid_Init
                0x000017d8       0x7c .\CortexM3\ARM_GCC_493\Debug\pid.o
                0x000017d8                Pid_Init
 .text.Pid_Start
                0x00001854       0x30 .\CortexM3\ARM_GCC_493\Debug\pid.o
                0x00001854                Pid_Start
 *fill*         0x00001884        0x4 
 .text.Pid_Update
                0x00001888       0xa0 .\CortexM3\ARM_GCC_493\Debug\pid.o
                0x00001888                Pid_Update
 .text.Pid_SetLeftRightTarget
                0x00001928       0x10 .\CortexM3\ARM_GCC_493\Debug\pid.o
                0x00001928                Pid_SetLeftRightTarget
 .text.Pid_RestoreLeftRightTarget
                0x00001938       0x1c .\CortexM3\ARM_GCC_493\Debug\pid.o
                0x00001938                Pid_RestoreLeftRightTarget
 .text.Pid_Reset
                0x00001954       0x24 .\CortexM3\ARM_GCC_493\Debug\pid.o
                0x00001954                Pid_Reset
 .text.Pid_Enable
                0x00001978       0x28 .\CortexM3\ARM_GCC_493\Debug\pid.o
                0x00001978                Pid_Enable
 .text.Pid_LeftSetGains
                0x000019a0       0x18 .\CortexM3\ARM_GCC_493\Debug\pid.o
                0x000019a0                Pid_LeftSetGains
 .text.Pid_RightSetGains
                0x000019b8       0x18 .\CortexM3\ARM_GCC_493\Debug\pid.o
                0x000019b8                Pid_RightSetGains
 .text.Pid_LeftGetGains
                0x000019d0       0x1c .\CortexM3\ARM_GCC_493\Debug\pid.o
                0x000019d0                Pid_LeftGetGains
 .text.Pid_RightGetGains
                0x000019ec       0x1c .\CortexM3\ARM_GCC_493\Debug\pid.o
                0x000019ec                Pid_RightGetGains
 .text.SysTickIsrHandler
                0x00001a08       0x10 .\CortexM3\ARM_GCC_493\Debug\time.o
 .text.Time_Init
                0x00001a18        0xc .\CortexM3\ARM_GCC_493\Debug\time.o
                0x00001a18                Time_Init
 .text.Time_Start
                0x00001a24       0x2c .\CortexM3\ARM_GCC_493\Debug\time.o
                0x00001a24                Time_Start
 .text.millis   0x00001a50        0xc .\CortexM3\ARM_GCC_493\Debug\time.o
                0x00001a50                millis
 .text.insert_zeros
                0x00001a5c       0x30 .\CortexM3\ARM_GCC_493\Debug\utils.o
 .text.MovingAverageFloat
                0x00001a8c       0x2c .\CortexM3\ARM_GCC_493\Debug\utils.o
                0x00001a8c                MovingAverageFloat
 .text.Uint16ToTwoBytes
                0x00001ab8        0x8 .\CortexM3\ARM_GCC_493\Debug\utils.o
                0x00001ab8                Uint16ToTwoBytes
 .text.FloatToFourBytes
                0x00001ac0       0x20 .\CortexM3\ARM_GCC_493\Debug\utils.o
                0x00001ac0                FloatToFourBytes
 .text.ftoa     0x00001ae0       0xa4 .\CortexM3\ARM_GCC_493\Debug\utils.o
                0x00001ae0                ftoa
 .text.BinaryRangeSearch
                0x00001b84       0x50 .\CortexM3\ARM_GCC_493\Debug\utils.o
                0x00001b84                BinaryRangeSearch
 .text.Interpolate
                0x00001bd4       0x3c .\CortexM3\ARM_GCC_493\Debug\utils.o
                0x00001bd4                Interpolate
 .text.PIDCompute
                0x00001c10       0xa4 .\CortexM3\ARM_GCC_493\Debug\pid_controller.o
                0x00001c10                PIDCompute
 .text.PIDModeSet
                0x00001cb4       0x40 .\CortexM3\ARM_GCC_493\Debug\pid_controller.o
                0x00001cb4                PIDModeSet
 .text.PIDOutputLimitsSet
                0x00001cf4       0x5c .\CortexM3\ARM_GCC_493\Debug\pid_controller.o
                0x00001cf4                PIDOutputLimitsSet
 .text.PIDTuningsSet
                0x00001d50       0x6c .\CortexM3\ARM_GCC_493\Debug\pid_controller.o
                0x00001d50                PIDTuningsSet
 .text.PIDInit  0x00001dbc       0x54 .\CortexM3\ARM_GCC_493\Debug\pid_controller.o
                0x00001dbc                PIDInit
 .text.PIDSetpointSet
                0x00001e10        0x4 .\CortexM3\ARM_GCC_493\Debug\pid_controller.o
                0x00001e10                PIDSetpointSet
 .text.PIDInputSet
                0x00001e14        0x4 .\CortexM3\ARM_GCC_493\Debug\pid_controller.o
                0x00001e14                PIDInputSet
 .text.Ser_Init
                0x00001e18        0x4 .\CortexM3\ARM_GCC_493\Debug\serial.o
                0x00001e18                Ser_Init
 .text.Ser_Start
                0x00001e1c       0x2c .\CortexM3\ARM_GCC_493\Debug\serial.o
                0x00001e1c                Ser_Start
 .text.Ser_Update
                0x00001e48       0x14 .\CortexM3\ARM_GCC_493\Debug\serial.o
                0x00001e48                Ser_Update
 .text.Ser_PutString
                0x00001e5c       0x20 .\CortexM3\ARM_GCC_493\Debug\serial.o
                0x00001e5c                Ser_PutString
 .text.Ser_ReadByte
                0x00001e7c       0x1c .\CortexM3\ARM_GCC_493\Debug\serial.o
                0x00001e7c                Ser_ReadByte
 .text.Ser_WriteByte
                0x00001e98       0x1c .\CortexM3\ARM_GCC_493\Debug\serial.o
                0x00001e98                Ser_WriteByte
 .text.Nvstore_Init
                0x00001eb4        0x4 .\CortexM3\ARM_GCC_493\Debug\nvstore.o
                0x00001eb4                Nvstore_Init
 .text.Nvstore_Start
                0x00001eb8        0x8 .\CortexM3\ARM_GCC_493\Debug\nvstore.o
                0x00001eb8                Nvstore_Start
 .text.Nvstore_WriteBytes
                0x00001ec0       0xc8 .\CortexM3\ARM_GCC_493\Debug\nvstore.o
                0x00001ec0                Nvstore_WriteBytes
 .text.Nvstore_WriteUint16
                0x00001f88       0x28 .\CortexM3\ARM_GCC_493\Debug\nvstore.o
                0x00001f88                Nvstore_WriteUint16
 .text.Nvstore_WriteFloat
                0x00001fb0       0x2c .\CortexM3\ARM_GCC_493\Debug\nvstore.o
                0x00001fb0                Nvstore_WriteFloat
 *fill*         0x00001fdc        0x4 
 .text.GetStepVelocity
                0x00001fe0      0x118 .\CortexM3\ARM_GCC_493\Debug\calpid.o
 .text.ResetPidValidationVelocity
                0x000020f8       0x10 .\CortexM3\ARM_GCC_493\Debug\calpid.o
 .text.GetNextValidationVelocity
                0x00002108       0x58 .\CortexM3\ARM_GCC_493\Debug\calpid.o
 .text.Results  0x00002160       0x64 .\CortexM3\ARM_GCC_493\Debug\calpid.o
 .text.StoreLeftGains
                0x000021c4       0x3c .\CortexM3\ARM_GCC_493\Debug\calpid.o
 .text.StoreRightGains
                0x00002200       0x3c .\CortexM3\ARM_GCC_493\Debug\calpid.o
 .text.Stop     0x0000223c       0x8c .\CortexM3\ARM_GCC_493\Debug\calpid.o
 .text.SetNextValidationVelocity
                0x000022c8       0x5c .\CortexM3\ARM_GCC_493\Debug\calpid.o
 .text.Update   0x00002324       0x58 .\CortexM3\ARM_GCC_493\Debug\calpid.o
 .text.Start    0x0000237c       0xe4 .\CortexM3\ARM_GCC_493\Debug\calpid.o
 .text.Init     0x00002460       0xd8 .\CortexM3\ARM_GCC_493\Debug\calpid.o
 .text.CalPid_Init
                0x00002538       0x2c .\CortexM3\ARM_GCC_493\Debug\calpid.o
                0x00002538                CalPid_Init
 .text.CalculatePwmSamples
                0x00002564       0x38 .\CortexM3\ARM_GCC_493\Debug\calmotor.o
 .text.AddSamplesToSum
                0x0000259c       0x24 .\CortexM3\ARM_GCC_493\Debug\calmotor.o
 .text.CalculateAvgCpsSamples
                0x000025c0       0x20 .\CortexM3\ARM_GCC_493\Debug\calmotor.o
 .text.CalculateMinMaxCpsSample
                0x000025e0       0x38 .\CortexM3\ARM_GCC_493\Debug\calmotor.o
 .text.GetNextCps
                0x00002618       0x48 .\CortexM3\ARM_GCC_493\Debug\calmotor.o
 .text.PrintAllMotorParams
                0x00002660       0x64 .\CortexM3\ARM_GCC_493\Debug\calmotor.o
 .text.Results  0x000026c4       0x28 .\CortexM3\ARM_GCC_493\Debug\calmotor.o
 *fill*         0x000026ec        0x4 
 .text.SetNextVelocity
                0x000026f0       0x40 .\CortexM3\ARM_GCC_493\Debug\calmotor.o
 .text.Start    0x00002730       0x2c .\CortexM3\ARM_GCC_493\Debug\calmotor.o
 .text.Stop     0x0000275c       0x38 .\CortexM3\ARM_GCC_493\Debug\calmotor.o
 .text.CalcCpsAvgAtPwm
                0x00002794       0x58 .\CortexM3\ARM_GCC_493\Debug\calmotor.o
 .text.CollectCpsSamples
                0x000027ec       0x5c .\CortexM3\ARM_GCC_493\Debug\calmotor.o
 .text.StoreWheelSpeedCalibration
                0x00002848       0x50 .\CortexM3\ARM_GCC_493\Debug\calmotor.o
 .text.CalibrateWheelSpeed
                0x00002898       0x98 .\CortexM3\ARM_GCC_493\Debug\calmotor.o
 .text.PrintWheelVelocity
                0x00002930       0x90 .\CortexM3\ARM_GCC_493\Debug\calmotor.o
 .text.ValidateMotorCalibration
                0x000029c0       0xc8 .\CortexM3\ARM_GCC_493\Debug\calmotor.o
 .text.Update   0x00002a88       0xd4 .\CortexM3\ARM_GCC_493\Debug\calmotor.o
 .text.Init     0x00002b5c       0x64 .\CortexM3\ARM_GCC_493\Debug\calmotor.o
 .text.CalMotor_Init
                0x00002bc0       0x40 .\CortexM3\ARM_GCC_493\Debug\calmotor.o
                0x00002bc0                CalMotor_Init
 .text.DumpPid  0x00002c00      0x104 .\CortexM3\ARM_GCC_493\Debug\pidutil.o
                0x00002c00                DumpPid
 .text.Results  0x00002d04       0x18 .\CortexM3\ARM_GCC_493\Debug\callin.o
 *fill*         0x00002d1c        0x4 
 .text.Stop     0x00002d20       0xe0 .\CortexM3\ARM_GCC_493\Debug\callin.o
 .text.Update   0x00002e00       0x94 .\CortexM3\ARM_GCC_493\Debug\callin.o
 .text.Start    0x00002e94       0x60 .\CortexM3\ARM_GCC_493\Debug\callin.o
 .text.Init     0x00002ef4       0x68 .\CortexM3\ARM_GCC_493\Debug\callin.o
 .text.CalLin_Init
                0x00002f5c       0x10 .\CortexM3\ARM_GCC_493\Debug\callin.o
                0x00002f5c                CalLin_Init
 .text.IntDefaultHandler
                0x00002f6c        0x4 .\CortexM3\ARM_GCC_493\Debug\Cm3Start.o
                0x00002f6c                IntDefaultHandler
 .text._exit    0x00002f70        0xc .\CortexM3\ARM_GCC_493\Debug\Cm3Start.o
                0x00002f70                _exit
 .text._sbrk    0x00002f7c       0x30 .\CortexM3\ARM_GCC_493\Debug\Cm3Start.o
                0x00002f7c                _sbrk
 .text.Start_c  0x00002fac       0x4c .\CortexM3\ARM_GCC_493\Debug\Cm3Start.o
                0x00002fac                Start_c
 .text.initialize_psoc
                0x00002ff8       0x74 .\CortexM3\ARM_GCC_493\Debug\Cm3Start.o
                0x00002ff8                initialize_psoc
 .text.cfg_write_bytes32
                0x0000306c       0x34 .\CortexM3\ARM_GCC_493\Debug\freesoc.a(cyfitter_cfg.o)
 .text.AnalogSetDefault
                0x000030a0       0x28 .\CortexM3\ARM_GCC_493\Debug\freesoc.a(cyfitter_cfg.o)
 .text.CYMEMZERO
                0x000030c8        0xc .\CortexM3\ARM_GCC_493\Debug\freesoc.a(cyfitter_cfg.o)
 .text.ClockSetup
                0x000030d4       0xd0 .\CortexM3\ARM_GCC_493\Debug\freesoc.a(cyfitter_cfg.o)
 .text.CYCONFIGCPY
                0x000031a4        0x8 .\CortexM3\ARM_GCC_493\Debug\freesoc.a(cyfitter_cfg.o)
 .text.cyfitter_cfg
                0x000031ac      0x130 .\CortexM3\ARM_GCC_493\Debug\freesoc.a(cyfitter_cfg.o)
                0x000031ac                cyfitter_cfg
 .text.Left_HB25_Enable_Pin_Write
                0x000032dc       0x18 .\CortexM3\ARM_GCC_493\Debug\freesoc.a(Left_HB25_Enable_Pin.o)
                0x000032dc                Left_HB25_Enable_Pin_Write
 .text.Left_HB25_PWM_Stop
                0x000032f4        0x4 .\CortexM3\ARM_GCC_493\Debug\freesoc.a(Left_HB25_PWM.o)
                0x000032f4                Left_HB25_PWM_Stop
 .text.Left_HB25_PWM_WriteCounter
                0x000032f8        0xc .\CortexM3\ARM_GCC_493\Debug\freesoc.a(Left_HB25_PWM.o)
                0x000032f8                Left_HB25_PWM_WriteCounter
 .text.Left_HB25_PWM_WritePeriod
                0x00003304        0xc .\CortexM3\ARM_GCC_493\Debug\freesoc.a(Left_HB25_PWM.o)
                0x00003304                Left_HB25_PWM_WritePeriod
 .text.Left_HB25_PWM_WriteCompare
                0x00003310        0xc .\CortexM3\ARM_GCC_493\Debug\freesoc.a(Left_HB25_PWM.o)
                0x00003310                Left_HB25_PWM_WriteCompare
 .text.Left_HB25_PWM_Init
                0x0000331c       0x34 .\CortexM3\ARM_GCC_493\Debug\freesoc.a(Left_HB25_PWM.o)
                0x0000331c                Left_HB25_PWM_Init
 .text.Left_HB25_PWM_Start
                0x00003350       0x18 .\CortexM3\ARM_GCC_493\Debug\freesoc.a(Left_HB25_PWM.o)
                0x00003350                Left_HB25_PWM_Start
 .text.Left_HB25_PWM_ReadCompare
                0x00003368        0xc .\CortexM3\ARM_GCC_493\Debug\freesoc.a(Left_HB25_PWM.o)
                0x00003368                Left_HB25_PWM_ReadCompare
 .text.Right_HB25_Enable_Pin_Write
                0x00003374       0x18 .\CortexM3\ARM_GCC_493\Debug\freesoc.a(Right_HB25_Enable_Pin.o)
                0x00003374                Right_HB25_Enable_Pin_Write
 .text.Right_HB25_PWM_Stop
                0x0000338c        0x4 .\CortexM3\ARM_GCC_493\Debug\freesoc.a(Right_HB25_PWM.o)
                0x0000338c                Right_HB25_PWM_Stop
 .text.Right_HB25_PWM_WriteCounter
                0x00003390        0xc .\CortexM3\ARM_GCC_493\Debug\freesoc.a(Right_HB25_PWM.o)
                0x00003390                Right_HB25_PWM_WriteCounter
 .text.Right_HB25_PWM_WritePeriod
                0x0000339c        0xc .\CortexM3\ARM_GCC_493\Debug\freesoc.a(Right_HB25_PWM.o)
                0x0000339c                Right_HB25_PWM_WritePeriod
 .text.Right_HB25_PWM_WriteCompare
                0x000033a8        0xc .\CortexM3\ARM_GCC_493\Debug\freesoc.a(Right_HB25_PWM.o)
                0x000033a8                Right_HB25_PWM_WriteCompare
 .text.Right_HB25_PWM_Init
                0x000033b4       0x34 .\CortexM3\ARM_GCC_493\Debug\freesoc.a(Right_HB25_PWM.o)
                0x000033b4                Right_HB25_PWM_Init
 .text.Right_HB25_PWM_Start
                0x000033e8       0x18 .\CortexM3\ARM_GCC_493\Debug\freesoc.a(Right_HB25_PWM.o)
                0x000033e8                Right_HB25_PWM_Start
 .text.Right_HB25_PWM_ReadCompare
                0x00003400        0xc .\CortexM3\ARM_GCC_493\Debug\freesoc.a(Right_HB25_PWM.o)
                0x00003400                Right_HB25_PWM_ReadCompare
 *fill*         0x0000340c        0x4 
 .text          0x00003410       0x20 .\CortexM3\ARM_GCC_493\Debug\freesoc.a(CyBootAsmGnu.o)
                0x00003410                CyDelayCycles
                0x00003420                CyEnterCriticalSection
                0x00003428                CyExitCriticalSection
 .text.CyHalt   0x00003430        0x4 .\CortexM3\ARM_GCC_493\Debug\freesoc.a(CyLib.o)
                0x00003430                CyHalt
 .text.CyDelay  0x00003434       0x2c .\CortexM3\ARM_GCC_493\Debug\freesoc.a(CyLib.o)
                0x00003434                CyDelay
 .text.CyDelayUs
                0x00003460       0x14 .\CortexM3\ARM_GCC_493\Debug\freesoc.a(CyLib.o)
                0x00003460                CyDelayUs
 .text.CyIntSetSysVector
                0x00003474       0x28 .\CortexM3\ARM_GCC_493\Debug\freesoc.a(CyLib.o)
                0x00003474                CyIntSetSysVector
 .text.CyIntSetVector
                0x0000349c       0x28 .\CortexM3\ARM_GCC_493\Debug\freesoc.a(CyLib.o)
                0x0000349c                CyIntSetVector
 .text.CyIntSetPriority
                0x000034c4       0x30 .\CortexM3\ARM_GCC_493\Debug\freesoc.a(CyLib.o)
                0x000034c4                CyIntSetPriority
 .text.CySysTickEnableInterrupt
                0x000034f4       0x10 .\CortexM3\ARM_GCC_493\Debug\freesoc.a(CyLib.o)
                0x000034f4                CySysTickEnableInterrupt
 .text.CySysTickEnable
                0x00003504       0x18 .\CortexM3\ARM_GCC_493\Debug\freesoc.a(CyLib.o)
                0x00003504                CySysTickEnable
 .text.CySysTickSetReload
                0x0000351c       0x10 .\CortexM3\ARM_GCC_493\Debug\freesoc.a(CyLib.o)
                0x0000351c                CySysTickSetReload
 .text.CySysTickSetClockSource
                0x0000352c       0x20 .\CortexM3\ARM_GCC_493\Debug\freesoc.a(CyLib.o)
                0x0000352c                CySysTickSetClockSource
 .text.CySysTickGetCountFlag
                0x0000354c       0x10 .\CortexM3\ARM_GCC_493\Debug\freesoc.a(CyLib.o)
                0x0000354c                CySysTickGetCountFlag
 .text.CySysTickServiceCallbacks
                0x0000355c       0x28 .\CortexM3\ARM_GCC_493\Debug\freesoc.a(CyLib.o)
 .text.CySysTickClear
                0x00003584        0xc .\CortexM3\ARM_GCC_493\Debug\freesoc.a(CyLib.o)
                0x00003584                CySysTickClear
 .text.CySysTickInit
                0x00003590       0x58 .\CortexM3\ARM_GCC_493\Debug\freesoc.a(CyLib.o)
                0x00003590                CySysTickInit
 .text.CySysTickStart
                0x000035e8       0x1c .\CortexM3\ARM_GCC_493\Debug\freesoc.a(CyLib.o)
                0x000035e8                CySysTickStart
 .text.CySysTickSetCallback
                0x00003604       0x10 .\CortexM3\ARM_GCC_493\Debug\freesoc.a(CyLib.o)
                0x00003604                CySysTickSetCallback
 .text.CySysTickGetCallback
                0x00003614       0x10 .\CortexM3\ARM_GCC_493\Debug\freesoc.a(CyLib.o)
                0x00003614                CySysTickGetCallback
 .text.CyGetUniqueId
                0x00003624       0x70 .\CortexM3\ARM_GCC_493\Debug\freesoc.a(CyLib.o)
                0x00003624                CyGetUniqueId
 .text.EZI2C_Slave_Init
                0x00003694       0x70 .\CortexM3\ARM_GCC_493\Debug\freesoc.a(EZI2C_Slave.o)
                0x00003694                EZI2C_Slave_Init
 .text.EZI2C_Slave_Enable
                0x00003704       0x30 .\CortexM3\ARM_GCC_493\Debug\freesoc.a(EZI2C_Slave.o)
                0x00003704                EZI2C_Slave_Enable
 .text.EZI2C_Slave_Start
                0x00003734       0x1c .\CortexM3\ARM_GCC_493\Debug\freesoc.a(EZI2C_Slave.o)
                0x00003734                EZI2C_Slave_Start
 .text.EZI2C_Slave_GetActivity
                0x00003750       0x28 .\CortexM3\ARM_GCC_493\Debug\freesoc.a(EZI2C_Slave.o)
                0x00003750                EZI2C_Slave_GetActivity
 .text.EZI2C_Slave_SetBuffer1
                0x00003778       0x50 .\CortexM3\ARM_GCC_493\Debug\freesoc.a(EZI2C_Slave.o)
                0x00003778                EZI2C_Slave_SetBuffer1
 .text.EZI2C_Slave_ISR
                0x000037c8      0x1c4 .\CortexM3\ARM_GCC_493\Debug\freesoc.a(EZI2C_Slave_INT.o)
                0x000037c8                EZI2C_Slave_ISR
 .text.Mainloop_Pin_Write
                0x0000398c       0x18 .\CortexM3\ARM_GCC_493\Debug\freesoc.a(Mainloop_Pin.o)
                0x0000398c                Mainloop_Pin_Write
 .text.EEPROM_Enable
                0x000039a4        0xc .\CortexM3\ARM_GCC_493\Debug\freesoc.a(EEPROM.o)
                0x000039a4                EEPROM_Enable
 .text.EEPROM_Start
                0x000039b0        0x8 .\CortexM3\ARM_GCC_493\Debug\freesoc.a(EEPROM.o)
                0x000039b0                EEPROM_Start
 .text.EEPROM_WriteByte
                0x000039b8       0xd4 .\CortexM3\ARM_GCC_493\Debug\freesoc.a(EEPROM.o)
                0x000039b8                EEPROM_WriteByte
 .text.EEPROM_Write
                0x00003a8c       0xb4 .\CortexM3\ARM_GCC_493\Debug\freesoc.a(EEPROM.o)
                0x00003a8c                EEPROM_Write
 .text.Right_QuadDec_Init
                0x00003b40       0x24 .\CortexM3\ARM_GCC_493\Debug\freesoc.a(Right_QuadDec.o)
                0x00003b40                Right_QuadDec_Init
 .text.Right_QuadDec_GetCounter
                0x00003b64       0x2c .\CortexM3\ARM_GCC_493\Debug\freesoc.a(Right_QuadDec.o)
                0x00003b64                Right_QuadDec_GetCounter
 .text.Right_QuadDec_SetCounter
                0x00003b90       0x28 .\CortexM3\ARM_GCC_493\Debug\freesoc.a(Right_QuadDec.o)
                0x00003b90                Right_QuadDec_SetCounter
 .text.Right_QuadDec_GetEvents
                0x00003bb8       0x10 .\CortexM3\ARM_GCC_493\Debug\freesoc.a(Right_QuadDec.o)
                0x00003bb8                Right_QuadDec_GetEvents
 .text.Right_QuadDec_SetInterruptMask
                0x00003bc8       0x10 .\CortexM3\ARM_GCC_493\Debug\freesoc.a(Right_QuadDec.o)
                0x00003bc8                Right_QuadDec_SetInterruptMask
 .text.Right_QuadDec_Enable
                0x00003bd8       0x30 .\CortexM3\ARM_GCC_493\Debug\freesoc.a(Right_QuadDec.o)
                0x00003bd8                Right_QuadDec_Enable
 .text.Right_QuadDec_Start
                0x00003c08       0x34 .\CortexM3\ARM_GCC_493\Debug\freesoc.a(Right_QuadDec.o)
                0x00003c08                Right_QuadDec_Start
 .text.Right_QuadDec_ISR
                0x00003c3c       0x40 .\CortexM3\ARM_GCC_493\Debug\freesoc.a(Right_QuadDec_INT.o)
                0x00003c3c                Right_QuadDec_ISR
 .text.Right_QuadDec_Cnt16_Enable
                0x00003c7c       0x10 .\CortexM3\ARM_GCC_493\Debug\freesoc.a(Right_QuadDec_Cnt16.o)
                0x00003c7c                Right_QuadDec_Cnt16_Enable
 .text.Right_QuadDec_Cnt16_SetInterruptMode
                0x00003c8c        0xc .\CortexM3\ARM_GCC_493\Debug\freesoc.a(Right_QuadDec_Cnt16.o)
                0x00003c8c                Right_QuadDec_Cnt16_SetInterruptMode
 .text.Right_QuadDec_Cnt16_ReadStatusRegister
                0x00003c98        0xc .\CortexM3\ARM_GCC_493\Debug\freesoc.a(Right_QuadDec_Cnt16.o)
                0x00003c98                Right_QuadDec_Cnt16_ReadStatusRegister
 .text.Right_QuadDec_Cnt16_WriteCounter
                0x00003ca4        0xc .\CortexM3\ARM_GCC_493\Debug\freesoc.a(Right_QuadDec_Cnt16.o)
                0x00003ca4                Right_QuadDec_Cnt16_WriteCounter
 .text.Right_QuadDec_Cnt16_ReadCounter
                0x00003cb0       0x14 .\CortexM3\ARM_GCC_493\Debug\freesoc.a(Right_QuadDec_Cnt16.o)
                0x00003cb0                Right_QuadDec_Cnt16_ReadCounter
 .text.Right_QuadDec_Cnt16_ReadCapture
                0x00003cc4        0xc .\CortexM3\ARM_GCC_493\Debug\freesoc.a(Right_QuadDec_Cnt16.o)
                0x00003cc4                Right_QuadDec_Cnt16_ReadCapture
 .text.Right_QuadDec_Cnt16_WritePeriod
                0x00003cd0        0xc .\CortexM3\ARM_GCC_493\Debug\freesoc.a(Right_QuadDec_Cnt16.o)
                0x00003cd0                Right_QuadDec_Cnt16_WritePeriod
 .text.Right_QuadDec_Cnt16_WriteCompare
                0x00003cdc        0xc .\CortexM3\ARM_GCC_493\Debug\freesoc.a(Right_QuadDec_Cnt16.o)
                0x00003cdc                Right_QuadDec_Cnt16_WriteCompare
 .text.Right_QuadDec_Cnt16_ClearFIFO
                0x00003ce8       0x14 .\CortexM3\ARM_GCC_493\Debug\freesoc.a(Right_QuadDec_Cnt16.o)
                0x00003ce8                Right_QuadDec_Cnt16_ClearFIFO
 .text.Right_QuadDec_Cnt16_Init
                0x00003cfc       0x58 .\CortexM3\ARM_GCC_493\Debug\freesoc.a(Right_QuadDec_Cnt16.o)
                0x00003cfc                Right_QuadDec_Cnt16_Init
 .text.Right_QuadDec_Cnt16_Start
                0x00003d54       0x1c .\CortexM3\ARM_GCC_493\Debug\freesoc.a(Right_QuadDec_Cnt16.o)
                0x00003d54                Right_QuadDec_Cnt16_Start
 .text.Left_QuadDec_Init
                0x00003d70       0x24 .\CortexM3\ARM_GCC_493\Debug\freesoc.a(Left_QuadDec.o)
                0x00003d70                Left_QuadDec_Init
 .text.Left_QuadDec_GetCounter
                0x00003d94       0x2c .\CortexM3\ARM_GCC_493\Debug\freesoc.a(Left_QuadDec.o)
                0x00003d94                Left_QuadDec_GetCounter
 .text.Left_QuadDec_SetCounter
                0x00003dc0       0x28 .\CortexM3\ARM_GCC_493\Debug\freesoc.a(Left_QuadDec.o)
                0x00003dc0                Left_QuadDec_SetCounter
 .text.Left_QuadDec_GetEvents
                0x00003de8       0x10 .\CortexM3\ARM_GCC_493\Debug\freesoc.a(Left_QuadDec.o)
                0x00003de8                Left_QuadDec_GetEvents
 .text.Left_QuadDec_SetInterruptMask
                0x00003df8       0x10 .\CortexM3\ARM_GCC_493\Debug\freesoc.a(Left_QuadDec.o)
                0x00003df8                Left_QuadDec_SetInterruptMask
 .text.Left_QuadDec_Enable
                0x00003e08       0x30 .\CortexM3\ARM_GCC_493\Debug\freesoc.a(Left_QuadDec.o)
                0x00003e08                Left_QuadDec_Enable
 .text.Left_QuadDec_Start
                0x00003e38       0x34 .\CortexM3\ARM_GCC_493\Debug\freesoc.a(Left_QuadDec.o)
                0x00003e38                Left_QuadDec_Start
 .text.Left_QuadDec_ISR
                0x00003e6c       0x40 .\CortexM3\ARM_GCC_493\Debug\freesoc.a(Left_QuadDec_INT.o)
                0x00003e6c                Left_QuadDec_ISR
 .text.Left_QuadDec_Cnt16_Enable
                0x00003eac       0x10 .\CortexM3\ARM_GCC_493\Debug\freesoc.a(Left_QuadDec_Cnt16.o)
                0x00003eac                Left_QuadDec_Cnt16_Enable
 .text.Left_QuadDec_Cnt16_SetInterruptMode
                0x00003ebc        0xc .\CortexM3\ARM_GCC_493\Debug\freesoc.a(Left_QuadDec_Cnt16.o)
                0x00003ebc                Left_QuadDec_Cnt16_SetInterruptMode
 .text.Left_QuadDec_Cnt16_ReadStatusRegister
                0x00003ec8        0xc .\CortexM3\ARM_GCC_493\Debug\freesoc.a(Left_QuadDec_Cnt16.o)
                0x00003ec8                Left_QuadDec_Cnt16_ReadStatusRegister
 .text.Left_QuadDec_Cnt16_WriteCounter
                0x00003ed4        0xc .\CortexM3\ARM_GCC_493\Debug\freesoc.a(Left_QuadDec_Cnt16.o)
                0x00003ed4                Left_QuadDec_Cnt16_WriteCounter
 .text.Left_QuadDec_Cnt16_ReadCounter
                0x00003ee0       0x14 .\CortexM3\ARM_GCC_493\Debug\freesoc.a(Left_QuadDec_Cnt16.o)
                0x00003ee0                Left_QuadDec_Cnt16_ReadCounter
 .text.Left_QuadDec_Cnt16_ReadCapture
                0x00003ef4        0xc .\CortexM3\ARM_GCC_493\Debug\freesoc.a(Left_QuadDec_Cnt16.o)
                0x00003ef4                Left_QuadDec_Cnt16_ReadCapture
 .text.Left_QuadDec_Cnt16_WritePeriod
                0x00003f00        0xc .\CortexM3\ARM_GCC_493\Debug\freesoc.a(Left_QuadDec_Cnt16.o)
                0x00003f00                Left_QuadDec_Cnt16_WritePeriod
 .text.Left_QuadDec_Cnt16_WriteCompare
                0x00003f0c        0xc .\CortexM3\ARM_GCC_493\Debug\freesoc.a(Left_QuadDec_Cnt16.o)
                0x00003f0c                Left_QuadDec_Cnt16_WriteCompare
 .text.Left_QuadDec_Cnt16_ClearFIFO
                0x00003f18       0x14 .\CortexM3\ARM_GCC_493\Debug\freesoc.a(Left_QuadDec_Cnt16.o)
                0x00003f18                Left_QuadDec_Cnt16_ClearFIFO
 .text.Left_QuadDec_Cnt16_Init
                0x00003f2c       0x58 .\CortexM3\ARM_GCC_493\Debug\freesoc.a(Left_QuadDec_Cnt16.o)
                0x00003f2c                Left_QuadDec_Cnt16_Init
 .text.Left_QuadDec_Cnt16_Start
                0x00003f84       0x1c .\CortexM3\ARM_GCC_493\Debug\freesoc.a(Left_QuadDec_Cnt16.o)
                0x00003f84                Left_QuadDec_Cnt16_Start
 .text.USBUART_Init
                0x00003fa0      0x140 .\CortexM3\ARM_GCC_493\Debug\freesoc.a(USBUART.o)
                0x00003fa0                USBUART_Init
 .text.USBUART_InitComponent
                0x000040e0       0xd0 .\CortexM3\ARM_GCC_493\Debug\freesoc.a(USBUART.o)
                0x000040e0                USBUART_InitComponent
 .text.USBUART_Start
                0x000041b0       0x24 .\CortexM3\ARM_GCC_493\Debug\freesoc.a(USBUART.o)
                0x000041b0                USBUART_Start
 .text.USBUART_ReInitComponent
                0x000041d4       0x64 .\CortexM3\ARM_GCC_493\Debug\freesoc.a(USBUART.o)
                0x000041d4                USBUART_ReInitComponent
 .text.USBUART_GetConfiguration
                0x00004238        0xc .\CortexM3\ARM_GCC_493\Debug\freesoc.a(USBUART.o)
                0x00004238                USBUART_GetConfiguration
 .text.USBUART_IsConfigurationChanged
                0x00004244       0x20 .\CortexM3\ARM_GCC_493\Debug\freesoc.a(USBUART.o)
                0x00004244                USBUART_IsConfigurationChanged
 .text.USBUART_GetEPState
                0x00004264       0x14 .\CortexM3\ARM_GCC_493\Debug\freesoc.a(USBUART.o)
                0x00004264                USBUART_GetEPState
 .text.USBUART_GetEPCount
                0x00004278       0x28 .\CortexM3\ARM_GCC_493\Debug\freesoc.a(USBUART.o)
                0x00004278                USBUART_GetEPCount
 .text.USBUART_LoadInEP
                0x000042a0       0x94 .\CortexM3\ARM_GCC_493\Debug\freesoc.a(USBUART.o)
                0x000042a0                USBUART_LoadInEP
 .text.USBUART_EnableOutEP
                0x00004334       0x2c .\CortexM3\ARM_GCC_493\Debug\freesoc.a(USBUART.o)
                0x00004334                USBUART_EnableOutEP
 .text.USBUART_ReadOutEP
                0x00004360       0x50 .\CortexM3\ARM_GCC_493\Debug\freesoc.a(USBUART.o)
                0x00004360                USBUART_ReadOutEP
 .text.USBUART_StrLen
                0x000043b0       0x14 .\CortexM3\ARM_GCC_493\Debug\freesoc.a(USBUART_cdc.o)
 .text.USBUART_GetInterfaceComPort
                0x000043c4       0x3c .\CortexM3\ARM_GCC_493\Debug\freesoc.a(USBUART_cdc.o)
                0x000043c4                USBUART_GetInterfaceComPort
 .text.USBUART_DispatchCDCClassRqst
                0x00004400       0x98 .\CortexM3\ARM_GCC_493\Debug\freesoc.a(USBUART_cdc.o)
                0x00004400                USBUART_DispatchCDCClassRqst
 .text.USBUART_CDC_Init
                0x00004498       0x98 .\CortexM3\ARM_GCC_493\Debug\freesoc.a(USBUART_cdc.o)
                0x00004498                USBUART_CDC_Init
 .text.USBUART_PutString
                0x00004530       0x9c .\CortexM3\ARM_GCC_493\Debug\freesoc.a(USBUART_cdc.o)
                0x00004530                USBUART_PutString
 .text.USBUART_PutChar
                0x000045cc       0x28 .\CortexM3\ARM_GCC_493\Debug\freesoc.a(USBUART_cdc.o)
                0x000045cc                USBUART_PutChar
 .text.USBUART_DataIsReady
                0x000045f4       0x18 .\CortexM3\ARM_GCC_493\Debug\freesoc.a(USBUART_cdc.o)
                0x000045f4                USBUART_DataIsReady
 .text.USBUART_CDCIsReady
                0x0000460c       0x18 .\CortexM3\ARM_GCC_493\Debug\freesoc.a(USBUART_cdc.o)
                0x0000460c                USBUART_CDCIsReady
 .text.USBUART_GetChar
                0x00004624       0x28 .\CortexM3\ARM_GCC_493\Debug\freesoc.a(USBUART_cdc.o)
                0x00004624                USBUART_GetChar
 .text.USBUART_Cdc_EpInit
                0x0000464c       0x50 .\CortexM3\ARM_GCC_493\Debug\freesoc.a(USBUART_cdc.o)
                0x0000464c                USBUART_Cdc_EpInit
 .text.USBUART_LoadEP0
                0x0000469c       0x94 .\CortexM3\ARM_GCC_493\Debug\freesoc.a(USBUART_drv.o)
                0x0000469c                USBUART_LoadEP0
 .text.USBUART_InitZeroLengthControlTransfer
                0x00004730       0x34 .\CortexM3\ARM_GCC_493\Debug\freesoc.a(USBUART_drv.o)
                0x00004730                USBUART_InitZeroLengthControlTransfer
 .text.USBUART_ControlReadDataStage
                0x00004764        0x8 .\CortexM3\ARM_GCC_493\Debug\freesoc.a(USBUART_drv.o)
                0x00004764                USBUART_ControlReadDataStage
 .text.USBUART_ControlWriteDataStage
                0x0000476c       0x80 .\CortexM3\ARM_GCC_493\Debug\freesoc.a(USBUART_drv.o)
                0x0000476c                USBUART_ControlWriteDataStage
 .text.USBUART_InitNoDataControlTransfer
                0x000047ec       0x2c .\CortexM3\ARM_GCC_493\Debug\freesoc.a(USBUART_drv.o)
                0x000047ec                USBUART_InitNoDataControlTransfer
 .text.USBUART_UpdateStatusBlock
                0x00004818       0x24 .\CortexM3\ARM_GCC_493\Debug\freesoc.a(USBUART_drv.o)
                0x00004818                USBUART_UpdateStatusBlock
 .text.USBUART_HandleSetup
                0x0000483c       0x5c .\CortexM3\ARM_GCC_493\Debug\freesoc.a(USBUART_drv.o)
                0x0000483c                USBUART_HandleSetup
 .text.USBUART_ControlReadStatusStage
                0x00004898       0x34 .\CortexM3\ARM_GCC_493\Debug\freesoc.a(USBUART_drv.o)
                0x00004898                USBUART_ControlReadStatusStage
 .text.USBUART_HandleOUT
                0x000048cc       0x38 .\CortexM3\ARM_GCC_493\Debug\freesoc.a(USBUART_drv.o)
                0x000048cc                USBUART_HandleOUT
 .text.USBUART_ControlWriteStatusStage
                0x00004904       0x20 .\CortexM3\ARM_GCC_493\Debug\freesoc.a(USBUART_drv.o)
                0x00004904                USBUART_ControlWriteStatusStage
 .text.USBUART_NoDataControlStatusStage
                0x00004924       0x40 .\CortexM3\ARM_GCC_493\Debug\freesoc.a(USBUART_drv.o)
                0x00004924                USBUART_NoDataControlStatusStage
 .text.USBUART_HandleIN
                0x00004964       0x2c .\CortexM3\ARM_GCC_493\Debug\freesoc.a(USBUART_drv.o)
                0x00004964                USBUART_HandleIN
 .text.USBUART_EP_0_ISR
                0x00004990       0xb8 .\CortexM3\ARM_GCC_493\Debug\freesoc.a(USBUART_drv.o)
                0x00004990                USBUART_EP_0_ISR
 .text.USBUART_InitializeStatusBlock
                0x00004a48       0x24 .\CortexM3\ARM_GCC_493\Debug\freesoc.a(USBUART_drv.o)
                0x00004a48                USBUART_InitializeStatusBlock
 .text.USBUART_InitControlRead
                0x00004a6c       0x50 .\CortexM3\ARM_GCC_493\Debug\freesoc.a(USBUART_drv.o)
                0x00004a6c                USBUART_InitControlRead
 .text.USBUART_InitControlWrite
                0x00004abc       0x48 .\CortexM3\ARM_GCC_493\Debug\freesoc.a(USBUART_drv.o)
                0x00004abc                USBUART_InitControlWrite
 .text.USBUART_EP_1_ISR
                0x00004b04       0x38 .\CortexM3\ARM_GCC_493\Debug\freesoc.a(USBUART_episr.o)
                0x00004b04                USBUART_EP_1_ISR
 .text.USBUART_EP_2_ISR
                0x00004b3c       0x3c .\CortexM3\ARM_GCC_493\Debug\freesoc.a(USBUART_episr.o)
                0x00004b3c                USBUART_EP_2_ISR
 .text.USBUART_EP_3_ISR
                0x00004b78       0x44 .\CortexM3\ARM_GCC_493\Debug\freesoc.a(USBUART_episr.o)
                0x00004b78                USBUART_EP_3_ISR
 .text.USBUART_SOF_ISR
                0x00004bbc        0x4 .\CortexM3\ARM_GCC_493\Debug\freesoc.a(USBUART_episr.o)
                0x00004bbc                USBUART_SOF_ISR
 .text.USBUART_BUS_RESET_ISR
                0x00004bc0        0x8 .\CortexM3\ARM_GCC_493\Debug\freesoc.a(USBUART_episr.o)
                0x00004bc0                USBUART_BUS_RESET_ISR
 .text.USBUART_FindHidClassDecriptor
                0x00004bc8       0x40 .\CortexM3\ARM_GCC_493\Debug\freesoc.a(USBUART_hid.o)
                0x00004bc8                USBUART_FindHidClassDecriptor
 .text.USBUART_FindReportDescriptor
                0x00004c08       0x48 .\CortexM3\ARM_GCC_493\Debug\freesoc.a(USBUART_hid.o)
                0x00004c08                USBUART_FindReportDescriptor
 .text.USBUART_FindReport
                0x00004c50       0x7c .\CortexM3\ARM_GCC_493\Debug\freesoc.a(USBUART_hid.o)
                0x00004c50                USBUART_FindReport
 .text.USBUART_DispatchHIDClassRqst
                0x00004ccc      0x184 .\CortexM3\ARM_GCC_493\Debug\freesoc.a(USBUART_hid.o)
                0x00004ccc                USBUART_DispatchHIDClassRqst
 .text.USBUART_DP_ISR
                0x00004e50        0x8 .\CortexM3\ARM_GCC_493\Debug\freesoc.a(USBUART_pm.o)
                0x00004e50                USBUART_DP_ISR
 .text.USBUART_ReadDieID
                0x00004e58       0x6c .\CortexM3\ARM_GCC_493\Debug\freesoc.a(USBUART_std.o)
                0x00004e58                USBUART_ReadDieID
 .text.USBUART_ConfigReg
                0x00004ec4       0xa4 .\CortexM3\ARM_GCC_493\Debug\freesoc.a(USBUART_std.o)
                0x00004ec4                USBUART_ConfigReg
 .text.USBUART_GetConfigTablePtr
                0x00004f68       0x28 .\CortexM3\ARM_GCC_493\Debug\freesoc.a(USBUART_std.o)
                0x00004f68                USBUART_GetConfigTablePtr
 .text.USBUART_ConfigAltChanged
                0x00004f90      0x11c .\CortexM3\ARM_GCC_493\Debug\freesoc.a(USBUART_std.o)
                0x00004f90                USBUART_ConfigAltChanged
 .text.USBUART_GetDeviceTablePtr
                0x000050ac       0x18 .\CortexM3\ARM_GCC_493\Debug\freesoc.a(USBUART_std.o)
                0x000050ac                USBUART_GetDeviceTablePtr
 .text.USBUART_GetInterfaceClassTablePtr
                0x000050c4       0x24 .\CortexM3\ARM_GCC_493\Debug\freesoc.a(USBUART_std.o)
                0x000050c4                USBUART_GetInterfaceClassTablePtr
 .text.USBUART_Config
                0x000050e8      0x1dc .\CortexM3\ARM_GCC_493\Debug\freesoc.a(USBUART_std.o)
                0x000050e8                USBUART_Config
 .text.USBUART_SetEndpointHalt
                0x000052c4       0x64 .\CortexM3\ARM_GCC_493\Debug\freesoc.a(USBUART_std.o)
                0x000052c4                USBUART_SetEndpointHalt
 .text.USBUART_ClearEndpointHalt
                0x00005328       0xa8 .\CortexM3\ARM_GCC_493\Debug\freesoc.a(USBUART_std.o)
                0x00005328                USBUART_ClearEndpointHalt
 .text.USBUART_ValidateAlternateSetting
                0x000053d0       0x4c .\CortexM3\ARM_GCC_493\Debug\freesoc.a(USBUART_std.o)
                0x000053d0                USBUART_ValidateAlternateSetting
 .text.USBUART_HandleStandardRqst
                0x0000541c      0x35c .\CortexM3\ARM_GCC_493\Debug\freesoc.a(USBUART_std.o)
                0x0000541c                USBUART_HandleStandardRqst
 .text.USBUART_HandleVendorRqst
                0x00005778       0x3c .\CortexM3\ARM_GCC_493\Debug\freesoc.a(USBUART_vnd.o)
                0x00005778                USBUART_HandleVendorRqst
 .text.USBUART_Dp_ClearInterrupt
                0x000057b4       0x10 .\CortexM3\ARM_GCC_493\Debug\freesoc.a(USBUART_Dp.o)
                0x000057b4                USBUART_Dp_ClearInterrupt
 .text.CyFlashGetSpcAlgorithm
                0x000057c4       0x4c .\CortexM3\ARM_GCC_493\Debug\freesoc.a(CyFlash.o)
 .text.CySetTempInt
                0x00005810       0x60 .\CortexM3\ARM_GCC_493\Debug\freesoc.a(CyFlash.o)
 .text.CySetTemp
                0x00005870       0x14 .\CortexM3\ARM_GCC_493\Debug\freesoc.a(CyFlash.o)
                0x00005870                CySetTemp
 .text.CyEEPROM_Start
                0x00005884       0x54 .\CortexM3\ARM_GCC_493\Debug\freesoc.a(CyFlash.o)
                0x00005884                CyEEPROM_Start
 .text.CySpcStart
                0x000058d8       0x24 .\CortexM3\ARM_GCC_493\Debug\freesoc.a(CySpc.o)
                0x000058d8                CySpcStart
 .text.CySpcReadData
                0x000058fc       0x34 .\CortexM3\ARM_GCC_493\Debug\freesoc.a(CySpc.o)
                0x000058fc                CySpcReadData
 .text.CySpcLoadMultiByte
                0x00005930       0x78 .\CortexM3\ARM_GCC_493\Debug\freesoc.a(CySpc.o)
                0x00005930                CySpcLoadMultiByte
 .text.CySpcLoadRow
                0x000059a8       0x54 .\CortexM3\ARM_GCC_493\Debug\freesoc.a(CySpc.o)
                0x000059a8                CySpcLoadRow
 .text.CySpcWriteRow
                0x000059fc       0x4c .\CortexM3\ARM_GCC_493\Debug\freesoc.a(CySpc.o)
                0x000059fc                CySpcWriteRow
 .text.CySpcGetTemp
                0x00005a48       0x3c .\CortexM3\ARM_GCC_493\Debug\freesoc.a(CySpc.o)
                0x00005a48                CySpcGetTemp
 .text.CySpcLock
                0x00005a84       0x4c .\CortexM3\ARM_GCC_493\Debug\freesoc.a(CySpc.o)
                0x00005a84                CySpcLock
 .text.CySpcUnlock
                0x00005ad0       0x38 .\CortexM3\ARM_GCC_493\Debug\freesoc.a(CySpc.o)
                0x00005ad0                CySpcUnlock
 .text.CySpcGetAlgorithm
                0x00005b08       0x28 .\CortexM3\ARM_GCC_493\Debug\freesoc.a(CySpc.o)
                0x00005b08                CySpcGetAlgorithm
 .text.USBUART_DispatchClassRqst
                0x00005b30       0x60 .\CortexM3\ARM_GCC_493\Debug\freesoc.a(USBUART_cls.o)
                0x00005b30                USBUART_DispatchClassRqst
 .text.__fpclassifyf
                0x00005b90       0x34 c:/program files (x86)/cypress/psoc creator/3.3/psoc creator/import/gnu/arm/4.9.3/bin/../lib/gcc/arm-none-eabi/4.9.3/../../../../arm-none-eabi/lib/armv7-m\libm.a(lib_a-sf_fpclassify.o)
                0x00005b90                __fpclassifyf
 .text.pow      0x00005bc4      0x2f0 c:/program files (x86)/cypress/psoc creator/3.3/psoc creator/import/gnu/arm/4.9.3/bin/../lib/gcc/arm-none-eabi/4.9.3/../../../../arm-none-eabi/lib/armv7-m\libm.a(lib_a-w_pow.o)
                0x00005bc4                pow
 *fill*         0x00005eb4        0x4 
 .text.__ieee754_pow
                0x00005eb8      0xaa0 c:/program files (x86)/cypress/psoc creator/3.3/psoc creator/import/gnu/arm/4.9.3/bin/../lib/gcc/arm-none-eabi/4.9.3/../../../../arm-none-eabi/lib/armv7-m\libm.a(lib_a-e_pow.o)
                0x00005eb8                __ieee754_pow
 .text.__ieee754_sqrt
                0x00006958      0x18c c:/program files (x86)/cypress/psoc creator/3.3/psoc creator/import/gnu/arm/4.9.3/bin/../lib/gcc/arm-none-eabi/4.9.3/../../../../arm-none-eabi/lib/armv7-m\libm.a(lib_a-e_sqrt.o)
                0x00006958                __ieee754_sqrt
 .text.fabs     0x00006ae4        0x8 c:/program files (x86)/cypress/psoc creator/3.3/psoc creator/import/gnu/arm/4.9.3/bin/../lib/gcc/arm-none-eabi/4.9.3/../../../../arm-none-eabi/lib/armv7-m\libm.a(lib_a-s_fabs.o)
                0x00006ae4                fabs
 .text.finite   0x00006aec        0xc c:/program files (x86)/cypress/psoc creator/3.3/psoc creator/import/gnu/arm/4.9.3/bin/../lib/gcc/arm-none-eabi/4.9.3/../../../../arm-none-eabi/lib/armv7-m\libm.a(lib_a-s_finite.o)
                0x00006aec                finite
 .text.__fpclassifyd
                0x00006af8       0x58 c:/program files (x86)/cypress/psoc creator/3.3/psoc creator/import/gnu/arm/4.9.3/bin/../lib/gcc/arm-none-eabi/4.9.3/../../../../arm-none-eabi/lib/armv7-m\libm.a(lib_a-s_fpclassify.o)
                0x00006af8                __fpclassifyd
 .text.matherr  0x00006b50        0x4 c:/program files (x86)/cypress/psoc creator/3.3/psoc creator/import/gnu/arm/4.9.3/bin/../lib/gcc/arm-none-eabi/4.9.3/../../../../arm-none-eabi/lib/armv7-m\libm.a(lib_a-s_matherr.o)
                0x00006b50                matherr
 .text.nan      0x00006b54        0xc c:/program files (x86)/cypress/psoc creator/3.3/psoc creator/import/gnu/arm/4.9.3/bin/../lib/gcc/arm-none-eabi/4.9.3/../../../../arm-none-eabi/lib/armv7-m\libm.a(lib_a-s_nan.o)
                0x00006b54                nan
 .text.rint     0x00006b60      0x11c c:/program files (x86)/cypress/psoc creator/3.3/psoc creator/import/gnu/arm/4.9.3/bin/../lib/gcc/arm-none-eabi/4.9.3/../../../../arm-none-eabi/lib/armv7-m\libm.a(lib_a-s_rint.o)
                0x00006b60                rint
 *fill*         0x00006c7c        0x4 
 .text.scalbn   0x00006c80       0xf0 c:/program files (x86)/cypress/psoc creator/3.3/psoc creator/import/gnu/arm/4.9.3/bin/../lib/gcc/arm-none-eabi/4.9.3/../../../../arm-none-eabi/lib/armv7-m\libm.a(lib_a-s_scalbn.o)
                0x00006c80                scalbn
 .text.copysign
                0x00006d70       0x10 c:/program files (x86)/cypress/psoc creator/3.3/psoc creator/import/gnu/arm/4.9.3/bin/../lib/gcc/arm-none-eabi/4.9.3/../../../../arm-none-eabi/lib/armv7-m\libm.a(lib_a-s_copysign.o)
                0x00006d70                copysign
 .text          0x00006d80      0x370 c:/program files (x86)/cypress/psoc creator/3.3/psoc creator/import/gnu/arm/4.9.3/bin/../lib/gcc/arm-none-eabi/4.9.3/armv7-m\libgcc.a(_arm_addsubdf3.o)
                0x00006d80                __aeabi_drsub
                0x00006d88                __aeabi_dsub
                0x00006d88                __subdf3
                0x00006d8c                __aeabi_dadd
                0x00006d8c                __adddf3
                0x00007004                __floatunsidf
                0x00007004                __aeabi_ui2d
                0x00007024                __floatsidf
                0x00007024                __aeabi_i2d
                0x00007048                __aeabi_f2d
                0x00007048                __extendsfdf2
                0x00007084                __floatundidf
                0x00007084                __aeabi_ul2d
                0x00007094                __floatdidf
                0x00007094                __aeabi_l2d
 .text          0x000070f0      0x424 c:/program files (x86)/cypress/psoc creator/3.3/psoc creator/import/gnu/arm/4.9.3/bin/../lib/gcc/arm-none-eabi/4.9.3/armv7-m\libgcc.a(_arm_muldivdf3.o)
                0x000070f0                __aeabi_dmul
                0x000070f0                __muldf3
                0x00007344                __divdf3
                0x00007344                __aeabi_ddiv
 .text          0x00007514      0x110 c:/program files (x86)/cypress/psoc creator/3.3/psoc creator/import/gnu/arm/4.9.3/bin/../lib/gcc/arm-none-eabi/4.9.3/armv7-m\libgcc.a(_arm_cmpdf2.o)
                0x00007514                __gtdf2
                0x00007514                __gedf2
                0x0000751c                __ltdf2
                0x0000751c                __ledf2
                0x00007524                __nedf2
                0x00007524                __eqdf2
                0x00007524                __cmpdf2
                0x000075a0                __aeabi_cdrcmple
                0x000075b0                __aeabi_cdcmpeq
                0x000075b0                __aeabi_cdcmple
                0x000075c0                __aeabi_dcmpeq
                0x000075d4                __aeabi_dcmplt
                0x000075e8                __aeabi_dcmple
                0x000075fc                __aeabi_dcmpge
                0x00007610                __aeabi_dcmpgt
 .text          0x00007624       0x50 c:/program files (x86)/cypress/psoc creator/3.3/psoc creator/import/gnu/arm/4.9.3/bin/../lib/gcc/arm-none-eabi/4.9.3/armv7-m\libgcc.a(_arm_fixdfsi.o)
                0x00007624                __aeabi_d2iz
                0x00007624                __fixdfsi
 .text          0x00007674       0xa0 c:/program files (x86)/cypress/psoc creator/3.3/psoc creator/import/gnu/arm/4.9.3/bin/../lib/gcc/arm-none-eabi/4.9.3/armv7-m\libgcc.a(_arm_truncdfsf2.o)
                0x00007674                __truncdfsf2
                0x00007674                __aeabi_d2f
 .text          0x00007714      0x21c c:/program files (x86)/cypress/psoc creator/3.3/psoc creator/import/gnu/arm/4.9.3/bin/../lib/gcc/arm-none-eabi/4.9.3/armv7-m\libgcc.a(_arm_addsubsf3.o)
                0x00007714                __aeabi_frsub
                0x0000771c                __subsf3
                0x0000771c                __aeabi_fsub
                0x00007720                __aeabi_fadd
                0x00007720                __addsf3
                0x00007880                __aeabi_ui2f
                0x00007880                __floatunsisf
                0x00007888                __aeabi_i2f
                0x00007888                __floatsisf
                0x000078a4                __aeabi_ul2f
                0x000078a4                __floatundisf
                0x000078b4                __aeabi_l2f
                0x000078b4                __floatdisf
 .text          0x00007930      0x2a0 c:/program files (x86)/cypress/psoc creator/3.3/psoc creator/import/gnu/arm/4.9.3/bin/../lib/gcc/arm-none-eabi/4.9.3/armv7-m\libgcc.a(_arm_muldivsf3.o)
                0x00007930                __mulsf3
                0x00007930                __aeabi_fmul
                0x00007a98                __aeabi_fdiv
                0x00007a98                __divsf3
 .text          0x00007bd0       0xec c:/program files (x86)/cypress/psoc creator/3.3/psoc creator/import/gnu/arm/4.9.3/bin/../lib/gcc/arm-none-eabi/4.9.3/armv7-m\libgcc.a(_arm_cmpsf2.o)
                0x00007bd0                __gesf2
                0x00007bd0                __gtsf2
                0x00007bd8                __lesf2
                0x00007bd8                __ltsf2
                0x00007be0                __nesf2
                0x00007be0                __eqsf2
                0x00007be0                __cmpsf2
                0x00007c40                __aeabi_cfrcmple
                0x00007c48                __aeabi_cfcmpeq
                0x00007c48                __aeabi_cfcmple
                0x00007c58                __aeabi_fcmpeq
                0x00007c6c                __aeabi_fcmplt
                0x00007c80                __aeabi_fcmple
                0x00007c94                __aeabi_fcmpge
                0x00007ca8                __aeabi_fcmpgt
 .text          0x00007cbc       0x4c c:/program files (x86)/cypress/psoc creator/3.3/psoc creator/import/gnu/arm/4.9.3/bin/../lib/gcc/arm-none-eabi/4.9.3/armv7-m\libgcc.a(_arm_fixsfsi.o)
                0x00007cbc                __aeabi_f2iz
                0x00007cbc                __fixsfsi
 .text.__assert_func
                0x00007d08       0x38 c:/program files (x86)/cypress/psoc creator/3.3/psoc creator/import/gnu/arm/4.9.3/bin/../lib/gcc/arm-none-eabi/4.9.3/../../../../arm-none-eabi/lib/armv7-m\libg_nano.a(lib_a-assert.o)
                0x00007d08                __assert_func
 .text.atof     0x00007d40        0x6 c:/program files (x86)/cypress/psoc creator/3.3/psoc creator/import/gnu/arm/4.9.3/bin/../lib/gcc/arm-none-eabi/4.9.3/../../../../arm-none-eabi/lib/armv7-m\libg_nano.a(lib_a-atof.o)
                0x00007d40                atof
 *fill*         0x00007d46        0x2 
 .text.__errno  0x00007d48        0xc c:/program files (x86)/cypress/psoc creator/3.3/psoc creator/import/gnu/arm/4.9.3/bin/../lib/gcc/arm-none-eabi/4.9.3/../../../../arm-none-eabi/lib/armv7-m\libg_nano.a(lib_a-errno.o)
                0x00007d48                __errno
 .text.fprintf  0x00007d54       0x24 c:/program files (x86)/cypress/psoc creator/3.3/psoc creator/import/gnu/arm/4.9.3/bin/../lib/gcc/arm-none-eabi/4.9.3/../../../../arm-none-eabi/lib/armv7-m\libg_nano.a(lib_a-fprintf.o)
                0x00007d54                fiprintf
                0x00007d54                fprintf
 .text.__libc_init_array
                0x00007d78       0x4c c:/program files (x86)/cypress/psoc creator/3.3/psoc creator/import/gnu/arm/4.9.3/bin/../lib/gcc/arm-none-eabi/4.9.3/../../../../arm-none-eabi/lib/armv7-m\libg_nano.a(lib_a-init.o)
                0x00007d78                __libc_init_array
 .text.__itoa   0x00007dc4       0x2e c:/program files (x86)/cypress/psoc creator/3.3/psoc creator/import/gnu/arm/4.9.3/bin/../lib/gcc/arm-none-eabi/4.9.3/../../../../arm-none-eabi/lib/armv7-m\libg_nano.a(lib_a-itoa.o)
                0x00007dc4                __itoa
 .text.itoa     0x00007df2        0x4 c:/program files (x86)/cypress/psoc creator/3.3/psoc creator/import/gnu/arm/4.9.3/bin/../lib/gcc/arm-none-eabi/4.9.3/../../../../arm-none-eabi/lib/armv7-m\libg_nano.a(lib_a-itoa.o)
                0x00007df2                itoa
 .text.memcpy   0x00007df6       0x16 c:/program files (x86)/cypress/psoc creator/3.3/psoc creator/import/gnu/arm/4.9.3/bin/../lib/gcc/arm-none-eabi/4.9.3/../../../../arm-none-eabi/lib/armv7-m\libg_nano.a(lib_a-memcpy.o)
                0x00007df6                memcpy
 .text.memset   0x00007e0c       0x10 c:/program files (x86)/cypress/psoc creator/3.3/psoc creator/import/gnu/arm/4.9.3/bin/../lib/gcc/arm-none-eabi/4.9.3/../../../../arm-none-eabi/lib/armv7-m\libg_nano.a(lib_a-memset.o)
                0x00007e0c                memset
 .text.__sfputc_r
                0x00007e1c       0x2c c:/program files (x86)/cypress/psoc creator/3.3/psoc creator/import/gnu/arm/4.9.3/bin/../lib/gcc/arm-none-eabi/4.9.3/../../../../arm-none-eabi/lib/armv7-m\libg_nano.a(lib_a-nano-vfprintf.o)
 .text.__sfputs_r
                0x00007e48       0x24 c:/program files (x86)/cypress/psoc creator/3.3/psoc creator/import/gnu/arm/4.9.3/bin/../lib/gcc/arm-none-eabi/4.9.3/../../../../arm-none-eabi/lib/armv7-m\libg_nano.a(lib_a-nano-vfprintf.o)
                0x00007e48                __sfputs_r
 .text._vfprintf_r
                0x00007e6c      0x210 c:/program files (x86)/cypress/psoc creator/3.3/psoc creator/import/gnu/arm/4.9.3/bin/../lib/gcc/arm-none-eabi/4.9.3/../../../../arm-none-eabi/lib/armv7-m\libg_nano.a(lib_a-nano-vfprintf.o)
                0x00007e6c                _vfprintf_r
                0x00007e6c                _vfiprintf_r
 .text.__cvt    0x0000807c       0xbc c:/program files (x86)/cypress/psoc creator/3.3/psoc creator/import/gnu/arm/4.9.3/bin/../lib/gcc/arm-none-eabi/4.9.3/../../../../arm-none-eabi/lib/armv7-m\libg_nano.a(lib_a-nano-vfprintf_float.o)
                0x0000807c                __cvt
 .text.__exponent
                0x00008138       0x62 c:/program files (x86)/cypress/psoc creator/3.3/psoc creator/import/gnu/arm/4.9.3/bin/../lib/gcc/arm-none-eabi/4.9.3/../../../../arm-none-eabi/lib/armv7-m\libg_nano.a(lib_a-nano-vfprintf_float.o)
                0x00008138                __exponent
 *fill*         0x0000819a        0x2 
 .text._printf_float
                0x0000819c      0x48c c:/program files (x86)/cypress/psoc creator/3.3/psoc creator/import/gnu/arm/4.9.3/bin/../lib/gcc/arm-none-eabi/4.9.3/../../../../arm-none-eabi/lib/armv7-m\libg_nano.a(lib_a-nano-vfprintf_float.o)
                0x0000819c                _printf_float
 .text._printf_common
                0x00008628       0xea c:/program files (x86)/cypress/psoc creator/3.3/psoc creator/import/gnu/arm/4.9.3/bin/../lib/gcc/arm-none-eabi/4.9.3/../../../../arm-none-eabi/lib/armv7-m\libg_nano.a(lib_a-nano-vfprintf_i.o)
                0x00008628                _printf_common
 *fill*         0x00008712        0x2 
 .text._printf_i
                0x00008714      0x240 c:/program files (x86)/cypress/psoc creator/3.3/psoc creator/import/gnu/arm/4.9.3/bin/../lib/gcc/arm-none-eabi/4.9.3/../../../../arm-none-eabi/lib/armv7-m\libg_nano.a(lib_a-nano-vfprintf_i.o)
                0x00008714                _printf_i
 .text.snprintf
                0x00008954       0x64 c:/program files (x86)/cypress/psoc creator/3.3/psoc creator/import/gnu/arm/4.9.3/bin/../lib/gcc/arm-none-eabi/4.9.3/../../../../arm-none-eabi/lib/armv7-m\libg_nano.a(lib_a-snprintf.o)
                0x00008954                sniprintf
                0x00008954                snprintf
 .text.sprintf  0x000089b8       0x48 c:/program files (x86)/cypress/psoc creator/3.3/psoc creator/import/gnu/arm/4.9.3/bin/../lib/gcc/arm-none-eabi/4.9.3/../../../../arm-none-eabi/lib/armv7-m\libg_nano.a(lib_a-sprintf.o)
                0x000089b8                siprintf
                0x000089b8                sprintf
 .text.strlen   0x00008a00       0x10 c:/program files (x86)/cypress/psoc creator/3.3/psoc creator/import/gnu/arm/4.9.3/bin/../lib/gcc/arm-none-eabi/4.9.3/../../../../arm-none-eabi/lib/armv7-m\libg_nano.a(lib_a-strlen.o)
                0x00008a00                strlen
 .text.match    0x00008a10       0x26 c:/program files (x86)/cypress/psoc creator/3.3/psoc creator/import/gnu/arm/4.9.3/bin/../lib/gcc/arm-none-eabi/4.9.3/../../../../arm-none-eabi/lib/armv7-m\libg_nano.a(lib_a-strtod.o)
 .text.sulp     0x00008a36       0x42 c:/program files (x86)/cypress/psoc creator/3.3/psoc creator/import/gnu/arm/4.9.3/bin/../lib/gcc/arm-none-eabi/4.9.3/../../../../arm-none-eabi/lib/armv7-m\libg_nano.a(lib_a-strtod.o)
 .text._strtod_r
                0x00008a78      0xc40 c:/program files (x86)/cypress/psoc creator/3.3/psoc creator/import/gnu/arm/4.9.3/bin/../lib/gcc/arm-none-eabi/4.9.3/../../../../arm-none-eabi/lib/armv7-m\libg_nano.a(lib_a-strtod.o)
                0x00008a78                _strtod_r
 .text.strtod   0x000096b8       0x14 c:/program files (x86)/cypress/psoc creator/3.3/psoc creator/import/gnu/arm/4.9.3/bin/../lib/gcc/arm-none-eabi/4.9.3/../../../../arm-none-eabi/lib/armv7-m\libg_nano.a(lib_a-strtod.o)
                0x000096b8                strtod
 .text.__utoa   0x000096cc       0x78 c:/program files (x86)/cypress/psoc creator/3.3/psoc creator/import/gnu/arm/4.9.3/bin/../lib/gcc/arm-none-eabi/4.9.3/../../../../arm-none-eabi/lib/armv7-m\libg_nano.a(lib_a-utoa.o)
                0x000096cc                __utoa
 .text.__swbuf_r
                0x00009744       0xa8 c:/program files (x86)/cypress/psoc creator/3.3/psoc creator/import/gnu/arm/4.9.3/bin/../lib/gcc/arm-none-eabi/4.9.3/../../../../arm-none-eabi/lib/armv7-m\libg_nano.a(lib_a-wbuf.o)
                0x00009744                __swbuf_r
 .text.__swsetup_r
                0x000097ec       0xd8 c:/program files (x86)/cypress/psoc creator/3.3/psoc creator/import/gnu/arm/4.9.3/bin/../lib/gcc/arm-none-eabi/4.9.3/../../../../arm-none-eabi/lib/armv7-m\libg_nano.a(lib_a-wsetup.o)
                0x000097ec                __swsetup_r
 .text.abort    0x000098c4        0xe c:/program files (x86)/cypress/psoc creator/3.3/psoc creator/import/gnu/arm/4.9.3/bin/../lib/gcc/arm-none-eabi/4.9.3/../../../../arm-none-eabi/lib/armv7-m\libg_nano.a(lib_a-abort.o)
                0x000098c4                abort
 .text.quorem   0x000098d2      0x114 c:/program files (x86)/cypress/psoc creator/3.3/psoc creator/import/gnu/arm/4.9.3/bin/../lib/gcc/arm-none-eabi/4.9.3/../../../../arm-none-eabi/lib/armv7-m\libg_nano.a(lib_a-dtoa.o)
 *fill*         0x000099e6        0x2 
 .text._dtoa_r  0x000099e8      0xb78 c:/program files (x86)/cypress/psoc creator/3.3/psoc creator/import/gnu/arm/4.9.3/bin/../lib/gcc/arm-none-eabi/4.9.3/../../../../arm-none-eabi/lib/armv7-m\libg_nano.a(lib_a-dtoa.o)
                0x000099e8                _dtoa_r
 .text.__sflush_r
                0x0000a560      0x106 c:/program files (x86)/cypress/psoc creator/3.3/psoc creator/import/gnu/arm/4.9.3/bin/../lib/gcc/arm-none-eabi/4.9.3/../../../../arm-none-eabi/lib/armv7-m\libg_nano.a(lib_a-fflush.o)
                0x0000a560                __sflush_r
 *fill*         0x0000a666        0x2 
 .text._fflush_r
                0x0000a668       0x54 c:/program files (x86)/cypress/psoc creator/3.3/psoc creator/import/gnu/arm/4.9.3/bin/../lib/gcc/arm-none-eabi/4.9.3/../../../../arm-none-eabi/lib/armv7-m\libg_nano.a(lib_a-fflush.o)
                0x0000a668                _fflush_r
 .text._cleanup_r
                0x0000a6bc        0xc c:/program files (x86)/cypress/psoc creator/3.3/psoc creator/import/gnu/arm/4.9.3/bin/../lib/gcc/arm-none-eabi/4.9.3/../../../../arm-none-eabi/lib/armv7-m\libg_nano.a(lib_a-findfp.o)
                0x0000a6bc                _cleanup_r
 .text.std.isra.0
                0x0000a6c8       0x48 c:/program files (x86)/cypress/psoc creator/3.3/psoc creator/import/gnu/arm/4.9.3/bin/../lib/gcc/arm-none-eabi/4.9.3/../../../../arm-none-eabi/lib/armv7-m\libg_nano.a(lib_a-findfp.o)
 .text.__sfmoreglue
                0x0000a710       0x2c c:/program files (x86)/cypress/psoc creator/3.3/psoc creator/import/gnu/arm/4.9.3/bin/../lib/gcc/arm-none-eabi/4.9.3/../../../../arm-none-eabi/lib/armv7-m\libg_nano.a(lib_a-findfp.o)
                0x0000a710                __sfmoreglue
 .text.__sinit  0x0000a73c       0x60 c:/program files (x86)/cypress/psoc creator/3.3/psoc creator/import/gnu/arm/4.9.3/bin/../lib/gcc/arm-none-eabi/4.9.3/../../../../arm-none-eabi/lib/armv7-m\libg_nano.a(lib_a-findfp.o)
                0x0000a73c                __sinit
 .text.__sfp    0x0000a79c       0x74 c:/program files (x86)/cypress/psoc creator/3.3/psoc creator/import/gnu/arm/4.9.3/bin/../lib/gcc/arm-none-eabi/4.9.3/../../../../arm-none-eabi/lib/armv7-m\libg_nano.a(lib_a-findfp.o)
                0x0000a79c                __sfp
 .text._fwalk_reent
                0x0000a810       0x3c c:/program files (x86)/cypress/psoc creator/3.3/psoc creator/import/gnu/arm/4.9.3/bin/../lib/gcc/arm-none-eabi/4.9.3/../../../../arm-none-eabi/lib/armv7-m\libg_nano.a(lib_a-fwalk.o)
                0x0000a810                _fwalk_reent
 .text.rshift   0x0000a84c       0x6c c:/program files (x86)/cypress/psoc creator/3.3/psoc creator/import/gnu/arm/4.9.3/bin/../lib/gcc/arm-none-eabi/4.9.3/../../../../arm-none-eabi/lib/armv7-m\libg_nano.a(lib_a-gdtoa-gethex.o)
 .text.__hexdig_fun
                0x0000a8b8       0x2a c:/program files (x86)/cypress/psoc creator/3.3/psoc creator/import/gnu/arm/4.9.3/bin/../lib/gcc/arm-none-eabi/4.9.3/../../../../arm-none-eabi/lib/armv7-m\libg_nano.a(lib_a-gdtoa-gethex.o)
                0x0000a8b8                __hexdig_fun
 .text.__gethex
                0x0000a8e2      0x44a c:/program files (x86)/cypress/psoc creator/3.3/psoc creator/import/gnu/arm/4.9.3/bin/../lib/gcc/arm-none-eabi/4.9.3/../../../../arm-none-eabi/lib/armv7-m\libg_nano.a(lib_a-gdtoa-gethex.o)
                0x0000a8e2                __gethex
 .text.L_shift  0x0000ad2c       0x24 c:/program files (x86)/cypress/psoc creator/3.3/psoc creator/import/gnu/arm/4.9.3/bin/../lib/gcc/arm-none-eabi/4.9.3/../../../../arm-none-eabi/lib/armv7-m\libg_nano.a(lib_a-gdtoa-hexnan.o)
 .text.__hexnan
                0x0000ad50      0x114 c:/program files (x86)/cypress/psoc creator/3.3/psoc creator/import/gnu/arm/4.9.3/bin/../lib/gcc/arm-none-eabi/4.9.3/../../../../arm-none-eabi/lib/armv7-m\libg_nano.a(lib_a-gdtoa-hexnan.o)
                0x0000ad50                __hexnan
 .text._localeconv_r
                0x0000ae64        0x8 c:/program files (x86)/cypress/psoc creator/3.3/psoc creator/import/gnu/arm/4.9.3/bin/../lib/gcc/arm-none-eabi/4.9.3/../../../../arm-none-eabi/lib/armv7-m\libg_nano.a(lib_a-locale.o)
                0x0000ae64                _localeconv_r
 .text.__smakebuf_r
                0x0000ae6c       0x98 c:/program files (x86)/cypress/psoc creator/3.3/psoc creator/import/gnu/arm/4.9.3/bin/../lib/gcc/arm-none-eabi/4.9.3/../../../../arm-none-eabi/lib/armv7-m\libg_nano.a(lib_a-makebuf.o)
                0x0000ae6c                __smakebuf_r
 .text.malloc   0x0000af04       0x10 c:/program files (x86)/cypress/psoc creator/3.3/psoc creator/import/gnu/arm/4.9.3/bin/../lib/gcc/arm-none-eabi/4.9.3/../../../../arm-none-eabi/lib/armv7-m\libg_nano.a(lib_a-malloc.o)
                0x0000af04                malloc
 .text.memchr   0x0000af14       0x1c c:/program files (x86)/cypress/psoc creator/3.3/psoc creator/import/gnu/arm/4.9.3/bin/../lib/gcc/arm-none-eabi/4.9.3/../../../../arm-none-eabi/lib/armv7-m\libg_nano.a(lib_a-memchr.o)
                0x0000af14                memchr
 .text.memmove  0x0000af30       0x36 c:/program files (x86)/cypress/psoc creator/3.3/psoc creator/import/gnu/arm/4.9.3/bin/../lib/gcc/arm-none-eabi/4.9.3/../../../../arm-none-eabi/lib/armv7-m\libg_nano.a(lib_a-memmove.o)
                0x0000af30                memmove
 .text._Balloc  0x0000af66       0x6a c:/program files (x86)/cypress/psoc creator/3.3/psoc creator/import/gnu/arm/4.9.3/bin/../lib/gcc/arm-none-eabi/4.9.3/../../../../arm-none-eabi/lib/armv7-m\libg_nano.a(lib_a-mprec.o)
                0x0000af66                _Balloc
 .text._Bfree   0x0000afd0       0x2e c:/program files (x86)/cypress/psoc creator/3.3/psoc creator/import/gnu/arm/4.9.3/bin/../lib/gcc/arm-none-eabi/4.9.3/../../../../arm-none-eabi/lib/armv7-m\libg_nano.a(lib_a-mprec.o)
                0x0000afd0                _Bfree
 .text.__multadd
                0x0000affe       0x7c c:/program files (x86)/cypress/psoc creator/3.3/psoc creator/import/gnu/arm/4.9.3/bin/../lib/gcc/arm-none-eabi/4.9.3/../../../../arm-none-eabi/lib/armv7-m\libg_nano.a(lib_a-mprec.o)
                0x0000affe                __multadd
 .text.__s2b    0x0000b07a       0x80 c:/program files (x86)/cypress/psoc creator/3.3/psoc creator/import/gnu/arm/4.9.3/bin/../lib/gcc/arm-none-eabi/4.9.3/../../../../arm-none-eabi/lib/armv7-m\libg_nano.a(lib_a-mprec.o)
                0x0000b07a                __s2b
 .text.__hi0bits
                0x0000b0fa       0x40 c:/program files (x86)/cypress/psoc creator/3.3/psoc creator/import/gnu/arm/4.9.3/bin/../lib/gcc/arm-none-eabi/4.9.3/../../../../arm-none-eabi/lib/armv7-m\libg_nano.a(lib_a-mprec.o)
                0x0000b0fa                __hi0bits
 .text.__lo0bits
                0x0000b13a       0x5a c:/program files (x86)/cypress/psoc creator/3.3/psoc creator/import/gnu/arm/4.9.3/bin/../lib/gcc/arm-none-eabi/4.9.3/../../../../arm-none-eabi/lib/armv7-m\libg_nano.a(lib_a-mprec.o)
                0x0000b13a                __lo0bits
 .text.__i2b    0x0000b194       0x12 c:/program files (x86)/cypress/psoc creator/3.3/psoc creator/import/gnu/arm/4.9.3/bin/../lib/gcc/arm-none-eabi/4.9.3/../../../../arm-none-eabi/lib/armv7-m\libg_nano.a(lib_a-mprec.o)
                0x0000b194                __i2b
 .text.__multiply
                0x0000b1a6      0x120 c:/program files (x86)/cypress/psoc creator/3.3/psoc creator/import/gnu/arm/4.9.3/bin/../lib/gcc/arm-none-eabi/4.9.3/../../../../arm-none-eabi/lib/armv7-m\libg_nano.a(lib_a-mprec.o)
                0x0000b1a6                __multiply
 *fill*         0x0000b2c6        0x2 
 .text.__pow5mult
                0x0000b2c8       0x9c c:/program files (x86)/cypress/psoc creator/3.3/psoc creator/import/gnu/arm/4.9.3/bin/../lib/gcc/arm-none-eabi/4.9.3/../../../../arm-none-eabi/lib/armv7-m\libg_nano.a(lib_a-mprec.o)
                0x0000b2c8                __pow5mult
 .text.__lshift
                0x0000b364       0xa6 c:/program files (x86)/cypress/psoc creator/3.3/psoc creator/import/gnu/arm/4.9.3/bin/../lib/gcc/arm-none-eabi/4.9.3/../../../../arm-none-eabi/lib/armv7-m\libg_nano.a(lib_a-mprec.o)
                0x0000b364                __lshift
 .text.__mcmp   0x0000b40a       0x38 c:/program files (x86)/cypress/psoc creator/3.3/psoc creator/import/gnu/arm/4.9.3/bin/../lib/gcc/arm-none-eabi/4.9.3/../../../../arm-none-eabi/lib/armv7-m\libg_nano.a(lib_a-mprec.o)
                0x0000b40a                __mcmp
 .text.__mdiff  0x0000b442       0xbe c:/program files (x86)/cypress/psoc creator/3.3/psoc creator/import/gnu/arm/4.9.3/bin/../lib/gcc/arm-none-eabi/4.9.3/../../../../arm-none-eabi/lib/armv7-m\libg_nano.a(lib_a-mprec.o)
                0x0000b442                __mdiff
 .text.__ulp    0x0000b500       0x48 c:/program files (x86)/cypress/psoc creator/3.3/psoc creator/import/gnu/arm/4.9.3/bin/../lib/gcc/arm-none-eabi/4.9.3/../../../../arm-none-eabi/lib/armv7-m\libg_nano.a(lib_a-mprec.o)
                0x0000b500                __ulp
 .text.__b2d    0x0000b548       0x9e c:/program files (x86)/cypress/psoc creator/3.3/psoc creator/import/gnu/arm/4.9.3/bin/../lib/gcc/arm-none-eabi/4.9.3/../../../../arm-none-eabi/lib/armv7-m\libg_nano.a(lib_a-mprec.o)
                0x0000b548                __b2d
 .text.__d2b    0x0000b5e6       0xa4 c:/program files (x86)/cypress/psoc creator/3.3/psoc creator/import/gnu/arm/4.9.3/bin/../lib/gcc/arm-none-eabi/4.9.3/../../../../arm-none-eabi/lib/armv7-m\libg_nano.a(lib_a-mprec.o)
                0x0000b5e6                __d2b
 .text.__ratio  0x0000b68a       0x50 c:/program files (x86)/cypress/psoc creator/3.3/psoc creator/import/gnu/arm/4.9.3/bin/../lib/gcc/arm-none-eabi/4.9.3/../../../../arm-none-eabi/lib/armv7-m\libg_nano.a(lib_a-mprec.o)
                0x0000b68a                __ratio
 .text.__copybits
                0x0000b6da       0x34 c:/program files (x86)/cypress/psoc creator/3.3/psoc creator/import/gnu/arm/4.9.3/bin/../lib/gcc/arm-none-eabi/4.9.3/../../../../arm-none-eabi/lib/armv7-m\libg_nano.a(lib_a-mprec.o)
                0x0000b6da                __copybits
 .text.__any_on
                0x0000b70e       0x44 c:/program files (x86)/cypress/psoc creator/3.3/psoc creator/import/gnu/arm/4.9.3/bin/../lib/gcc/arm-none-eabi/4.9.3/../../../../arm-none-eabi/lib/armv7-m\libg_nano.a(lib_a-mprec.o)
                0x0000b70e                __any_on
 .text._calloc_r
                0x0000b752       0x1c c:/program files (x86)/cypress/psoc creator/3.3/psoc creator/import/gnu/arm/4.9.3/bin/../lib/gcc/arm-none-eabi/4.9.3/../../../../arm-none-eabi/lib/armv7-m\libg_nano.a(lib_a-nano-callocr.o)
                0x0000b752                _calloc_r
 *fill*         0x0000b76e        0x2 
 .text._free_r  0x0000b770       0x88 c:/program files (x86)/cypress/psoc creator/3.3/psoc creator/import/gnu/arm/4.9.3/bin/../lib/gcc/arm-none-eabi/4.9.3/../../../../arm-none-eabi/lib/armv7-m\libg_nano.a(lib_a-nano-freer.o)
                0x0000b770                _free_r
 .text._malloc_r
                0x0000b7f8       0xac c:/program files (x86)/cypress/psoc creator/3.3/psoc creator/import/gnu/arm/4.9.3/bin/../lib/gcc/arm-none-eabi/4.9.3/../../../../arm-none-eabi/lib/armv7-m\libg_nano.a(lib_a-nano-mallocr.o)
                0x0000b7f8                _malloc_r
 .text._realloc_r
                0x0000b8a4       0x4c c:/program files (x86)/cypress/psoc creator/3.3/psoc creator/import/gnu/arm/4.9.3/bin/../lib/gcc/arm-none-eabi/4.9.3/../../../../arm-none-eabi/lib/armv7-m\libg_nano.a(lib_a-nano-reallocr.o)
                0x0000b8a4                _realloc_r
 .text.__ssputs_r
                0x0000b8f0       0xb2 c:/program files (x86)/cypress/psoc creator/3.3/psoc creator/import/gnu/arm/4.9.3/bin/../lib/gcc/arm-none-eabi/4.9.3/../../../../arm-none-eabi/lib/armv7-m\libg_nano.a(lib_a-nano-svfprintf.o)
                0x0000b8f0                __ssputs_r
 *fill*         0x0000b9a2        0x2 
 .text._svfprintf_r
                0x0000b9a4      0x1e4 c:/program files (x86)/cypress/psoc creator/3.3/psoc creator/import/gnu/arm/4.9.3/bin/../lib/gcc/arm-none-eabi/4.9.3/../../../../arm-none-eabi/lib/armv7-m\libg_nano.a(lib_a-nano-svfprintf.o)
                0x0000b9a4                _svfiprintf_r
                0x0000b9a4                _svfprintf_r
 .text._sbrk_r  0x0000bb88       0x20 c:/program files (x86)/cypress/psoc creator/3.3/psoc creator/import/gnu/arm/4.9.3/bin/../lib/gcc/arm-none-eabi/4.9.3/../../../../arm-none-eabi/lib/armv7-m\libg_nano.a(lib_a-sbrkr.o)
                0x0000bb88                _sbrk_r
 .text._raise_r
                0x0000bba8       0x50 c:/program files (x86)/cypress/psoc creator/3.3/psoc creator/import/gnu/arm/4.9.3/bin/../lib/gcc/arm-none-eabi/4.9.3/../../../../arm-none-eabi/lib/armv7-m\libg_nano.a(lib_a-signal.o)
                0x0000bba8                _raise_r
 .text.raise    0x0000bbf8       0x10 c:/program files (x86)/cypress/psoc creator/3.3/psoc creator/import/gnu/arm/4.9.3/bin/../lib/gcc/arm-none-eabi/4.9.3/../../../../arm-none-eabi/lib/armv7-m\libg_nano.a(lib_a-signal.o)
                0x0000bbf8                raise
 .text._kill_r  0x0000bc08       0x24 c:/program files (x86)/cypress/psoc creator/3.3/psoc creator/import/gnu/arm/4.9.3/bin/../lib/gcc/arm-none-eabi/4.9.3/../../../../arm-none-eabi/lib/armv7-m\libg_nano.a(lib_a-signalr.o)
                0x0000bc08                _kill_r
 .text._getpid_r
                0x0000bc2c        0x4 c:/program files (x86)/cypress/psoc creator/3.3/psoc creator/import/gnu/arm/4.9.3/bin/../lib/gcc/arm-none-eabi/4.9.3/../../../../arm-none-eabi/lib/armv7-m\libg_nano.a(lib_a-signalr.o)
                0x0000bc2c                _getpid_r
 .text.__sread  0x0000bc30       0x22 c:/program files (x86)/cypress/psoc creator/3.3/psoc creator/import/gnu/arm/4.9.3/bin/../lib/gcc/arm-none-eabi/4.9.3/../../../../arm-none-eabi/lib/armv7-m\libg_nano.a(lib_a-stdio.o)
                0x0000bc30                __sread
 .text.__swrite
                0x0000bc52       0x38 c:/program files (x86)/cypress/psoc creator/3.3/psoc creator/import/gnu/arm/4.9.3/bin/../lib/gcc/arm-none-eabi/4.9.3/../../../../arm-none-eabi/lib/armv7-m\libg_nano.a(lib_a-stdio.o)
                0x0000bc52                __swrite
 .text.__sseek  0x0000bc8a       0x24 c:/program files (x86)/cypress/psoc creator/3.3/psoc creator/import/gnu/arm/4.9.3/bin/../lib/gcc/arm-none-eabi/4.9.3/../../../../arm-none-eabi/lib/armv7-m\libg_nano.a(lib_a-stdio.o)
                0x0000bc8a                __sseek
 .text.__sclose
                0x0000bcae        0x8 c:/program files (x86)/cypress/psoc creator/3.3/psoc creator/import/gnu/arm/4.9.3/bin/../lib/gcc/arm-none-eabi/4.9.3/../../../../arm-none-eabi/lib/armv7-m\libg_nano.a(lib_a-stdio.o)
                0x0000bcae                __sclose
 .text.strncmp  0x0000bcb6       0x32 c:/program files (x86)/cypress/psoc creator/3.3/psoc creator/import/gnu/arm/4.9.3/bin/../lib/gcc/arm-none-eabi/4.9.3/../../../../arm-none-eabi/lib/armv7-m\libg_nano.a(lib_a-strncmp.o)
                0x0000bcb6                strncmp
 .text._write_r
                0x0000bce8       0x24 c:/program files (x86)/cypress/psoc creator/3.3/psoc creator/import/gnu/arm/4.9.3/bin/../lib/gcc/arm-none-eabi/4.9.3/../../../../arm-none-eabi/lib/armv7-m\libg_nano.a(lib_a-writer.o)
                0x0000bce8                _write_r
 .text._close_r
                0x0000bd0c       0x20 c:/program files (x86)/cypress/psoc creator/3.3/psoc creator/import/gnu/arm/4.9.3/bin/../lib/gcc/arm-none-eabi/4.9.3/../../../../arm-none-eabi/lib/armv7-m\libg_nano.a(lib_a-closer.o)
                0x0000bd0c                _close_r
 .text._fstat_r
                0x0000bd2c       0x24 c:/program files (x86)/cypress/psoc creator/3.3/psoc creator/import/gnu/arm/4.9.3/bin/../lib/gcc/arm-none-eabi/4.9.3/../../../../arm-none-eabi/lib/armv7-m\libg_nano.a(lib_a-fstatr.o)
                0x0000bd2c                _fstat_r
 .text._isatty_r
                0x0000bd50       0x20 c:/program files (x86)/cypress/psoc creator/3.3/psoc creator/import/gnu/arm/4.9.3/bin/../lib/gcc/arm-none-eabi/4.9.3/../../../../arm-none-eabi/lib/armv7-m\libg_nano.a(lib_a-isattyr.o)
                0x0000bd50                _isatty_r
 .text._lseek_r
                0x0000bd70       0x24 c:/program files (x86)/cypress/psoc creator/3.3/psoc creator/import/gnu/arm/4.9.3/bin/../lib/gcc/arm-none-eabi/4.9.3/../../../../arm-none-eabi/lib/armv7-m\libg_nano.a(lib_a-lseekr.o)
                0x0000bd70                _lseek_r
 .text._malloc_usable_size_r
                0x0000bd94       0x14 c:/program files (x86)/cypress/psoc creator/3.3/psoc creator/import/gnu/arm/4.9.3/bin/../lib/gcc/arm-none-eabi/4.9.3/../../../../arm-none-eabi/lib/armv7-m\libg_nano.a(lib_a-nano-msizer.o)
                0x0000bd94                _malloc_usable_size_r
 .text._read_r  0x0000bda8       0x24 c:/program files (x86)/cypress/psoc creator/3.3/psoc creator/import/gnu/arm/4.9.3/bin/../lib/gcc/arm-none-eabi/4.9.3/../../../../arm-none-eabi/lib/armv7-m\libg_nano.a(lib_a-readr.o)
                0x0000bda8                _read_r
 .text          0x0000bdcc       0x40 c:/program files (x86)/cypress/psoc creator/3.3/psoc creator/import/gnu/arm/4.9.3/bin/../lib/gcc/arm-none-eabi/4.9.3/armv7-m\libgcc.a(_arm_fixunsdfsi.o)
                0x0000bdcc                __aeabi_d2uiz
                0x0000bdcc                __fixunsdfsi