Archive member included because of file (symbol)

.\CortexM3\ARM_GCC_493\Debug\freesoc.a(cyfitter_cfg.o)
                              .\CortexM3\ARM_GCC_493\Debug\infrared.o (Front_AMuxSeq_DisconnectAll)
.\CortexM3\ARM_GCC_493\Debug\freesoc.a(Left_HB25_Enable_Pin.o)
                              .\CortexM3\ARM_GCC_493\Debug\motor.o (Left_HB25_Enable_Pin_Write)
.\CortexM3\ARM_GCC_493\Debug\freesoc.a(Left_HB25_PWM.o)
                              .\CortexM3\ARM_GCC_493\Debug\motor.o (Left_HB25_PWM_Stop)
.\CortexM3\ARM_GCC_493\Debug\freesoc.a(Right_HB25_Enable_Pin.o)
                              .\CortexM3\ARM_GCC_493\Debug\motor.o (Right_HB25_Enable_Pin_Write)
.\CortexM3\ARM_GCC_493\Debug\freesoc.a(Right_HB25_PWM.o)
                              .\CortexM3\ARM_GCC_493\Debug\motor.o (Right_HB25_PWM_Stop)
.\CortexM3\ARM_GCC_493\Debug\freesoc.a(CyBootAsmGnu.o)
                              .\CortexM3\ARM_GCC_493\Debug\freesoc.a(cyfitter_cfg.o) (CyDelayCycles)
.\CortexM3\ARM_GCC_493\Debug\freesoc.a(CyLib.o)
                              .\CortexM3\ARM_GCC_493\Debug\Cm3Start.o (CyHalt)
.\CortexM3\ARM_GCC_493\Debug\freesoc.a(cyPm.o)
                              .\CortexM3\ARM_GCC_493\Debug\freesoc.a(CyLib.o) (CyPmReadStatus)
.\CortexM3\ARM_GCC_493\Debug\freesoc.a(EZI2C_Slave.o)
                              .\CortexM3\ARM_GCC_493\Debug\i2c.o (EZI2C_Slave_Start)
.\CortexM3\ARM_GCC_493\Debug\freesoc.a(EZI2C_Slave_PM.o)
                              .\CortexM3\ARM_GCC_493\Debug\freesoc.a(EZI2C_Slave.o) (EZI2C_Slave_backup)
.\CortexM3\ARM_GCC_493\Debug\freesoc.a(EZI2C_Slave_INT.o)
                              .\CortexM3\ARM_GCC_493\Debug\freesoc.a(EZI2C_Slave.o) (EZI2C_Slave_ISR)
.\CortexM3\ARM_GCC_493\Debug\freesoc.a(Front_Echo_Intr.o)
                              .\CortexM3\ARM_GCC_493\Debug\ultrasonic.o (Front_Echo_Intr_StartEx)
.\CortexM3\ARM_GCC_493\Debug\freesoc.a(Front_Trigger_Reg.o)
                              .\CortexM3\ARM_GCC_493\Debug\ultrasonic.o (Front_Trigger_Reg_Write)
.\CortexM3\ARM_GCC_493\Debug\freesoc.a(Front_Trigger_Select_Reg.o)
                              .\CortexM3\ARM_GCC_493\Debug\ultrasonic.o (Front_Trigger_Select_Reg_Write)
.\CortexM3\ARM_GCC_493\Debug\freesoc.a(Front_Echo_Timer.o)
                              .\CortexM3\ARM_GCC_493\Debug\ultrasonic.o (Front_Echo_Timer_ReadCounter)
.\CortexM3\ARM_GCC_493\Debug\freesoc.a(Rear_Trigger_Reg.o)
                              .\CortexM3\ARM_GCC_493\Debug\ultrasonic.o (Rear_Trigger_Reg_Write)
.\CortexM3\ARM_GCC_493\Debug\freesoc.a(Rear_Trigger_Select_Reg.o)
                              .\CortexM3\ARM_GCC_493\Debug\ultrasonic.o (Rear_Trigger_Select_Reg_Write)
.\CortexM3\ARM_GCC_493\Debug\freesoc.a(Rear_Echo_Intr.o)
                              .\CortexM3\ARM_GCC_493\Debug\ultrasonic.o (Rear_Echo_Intr_StartEx)
.\CortexM3\ARM_GCC_493\Debug\freesoc.a(Rear_Echo_Timer.o)
                              .\CortexM3\ARM_GCC_493\Debug\ultrasonic.o (Rear_Echo_Timer_ReadCounter)
.\CortexM3\ARM_GCC_493\Debug\freesoc.a(Front_ADC_SAR.o)
                              .\CortexM3\ARM_GCC_493\Debug\infrared.o (Front_ADC_SAR_Start)
.\CortexM3\ARM_GCC_493\Debug\freesoc.a(Front_ADC_SAR_INT.o)
                              .\CortexM3\ARM_GCC_493\Debug\freesoc.a(Front_ADC_SAR.o) (Front_ADC_SAR_ISR)
.\CortexM3\ARM_GCC_493\Debug\freesoc.a(Front_AMuxSeq.o)
                              .\CortexM3\ARM_GCC_493\Debug\infrared.o (Front_AMuxSeq_Start)
.\CortexM3\ARM_GCC_493\Debug\freesoc.a(Rear_ADC_SAR.o)
                              .\CortexM3\ARM_GCC_493\Debug\infrared.o (Rear_ADC_SAR_Start)
.\CortexM3\ARM_GCC_493\Debug\freesoc.a(Rear_ADC_SAR_INT.o)
                              .\CortexM3\ARM_GCC_493\Debug\freesoc.a(Rear_ADC_SAR.o) (Rear_ADC_SAR_ISR)
.\CortexM3\ARM_GCC_493\Debug\freesoc.a(Rear_AMuxSeq.o)
                              .\CortexM3\ARM_GCC_493\Debug\infrared.o (Rear_AMuxSeq_Start)
.\CortexM3\ARM_GCC_493\Debug\freesoc.a(Front_ADC_SAR_IRQ.o)
                              .\CortexM3\ARM_GCC_493\Debug\infrared.o (Front_ADC_SAR_IRQ_StartEx)
.\CortexM3\ARM_GCC_493\Debug\freesoc.a(Front_ADC_SAR_theACLK.o)
                              .\CortexM3\ARM_GCC_493\Debug\freesoc.a(Front_ADC_SAR.o) (Front_ADC_SAR_theACLK_SetModeRegister)
.\CortexM3\ARM_GCC_493\Debug\freesoc.a(Rear_ADC_SAR_IRQ.o)
                              .\CortexM3\ARM_GCC_493\Debug\infrared.o (Rear_ADC_SAR_IRQ_StartEx)
.\CortexM3\ARM_GCC_493\Debug\freesoc.a(Rear_ADC_SAR_theACLK.o)
                              .\CortexM3\ARM_GCC_493\Debug\freesoc.a(Rear_ADC_SAR.o) (Rear_ADC_SAR_theACLK_SetModeRegister)
.\CortexM3\ARM_GCC_493\Debug\freesoc.a(Rear_EOS_Intr.o)
                              .\CortexM3\ARM_GCC_493\Debug\infrared.o (Rear_EOS_Intr_StartEx)
.\CortexM3\ARM_GCC_493\Debug\freesoc.a(Front_EOS_Intr.o)
                              .\CortexM3\ARM_GCC_493\Debug\infrared.o (Front_EOS_Intr_StartEx)
[...]
Memory Configuration

Name             Origin             Length             Attributes
rom              0x00000000         0x00040000         xr
ram              0x1fff8000         0x00010000         xrw
*default*        0x00000000         0xffffffff

Linker script and memory map

LOAD c:/program files (x86)/cypress/psoc creator/3.3/psoc creator/import/gnu/arm/4.9.3/bin/../lib/gcc/arm-none-eabi/4.9.3/armv7-m/crti.o
LOAD c:/program files (x86)/cypress/psoc creator/3.3/psoc creator/import/gnu/arm/4.9.3/bin/../lib/gcc/arm-none-eabi/4.9.3/armv7-m/crtbegin.o
LOAD c:/program files (x86)/cypress/psoc creator/3.3/psoc creator/import/gnu/arm/4.9.3/bin/../lib/gcc/arm-none-eabi/4.9.3/../../../../arm-none-eabi/lib/armv7-m/crt0.o
START GROUP
LOAD .\CortexM3\ARM_GCC_493\Debug\main.o
LOAD .\CortexM3\ARM_GCC_493\Debug\cal.o
LOAD .\CortexM3\ARM_GCC_493\Debug\control.o
LOAD .\CortexM3\ARM_GCC_493\Debug\debug.o
LOAD .\CortexM3\ARM_GCC_493\Debug\diag.o
LOAD .\CortexM3\ARM_GCC_493\Debug\encoder.o
LOAD .\CortexM3\ARM_GCC_493\Debug\i2c.o
LOAD .\CortexM3\ARM_GCC_493\Debug\motor.o
LOAD .\CortexM3\ARM_GCC_493\Debug\odom.o
LOAD .\CortexM3\ARM_GCC_493\Debug\pid.o
LOAD .\CortexM3\ARM_GCC_493\Debug\time.o
LOAD .\CortexM3\ARM_GCC_493\Debug\ultrasonic.o
LOAD .\CortexM3\ARM_GCC_493\Debug\utils.o
LOAD .\CortexM3\ARM_GCC_493\Debug\infrared.o
LOAD .\CortexM3\ARM_GCC_493\Debug\pid_controller.o
LOAD .\CortexM3\ARM_GCC_493\Debug\serial.o
LOAD .\CortexM3\ARM_GCC_493\Debug\nvstore.o
LOAD .\CortexM3\ARM_GCC_493\Debug\calpid.o
LOAD .\CortexM3\ARM_GCC_493\Debug\calang.o
LOAD .\CortexM3\ARM_GCC_493\Debug\callin.o
LOAD .\CortexM3\ARM_GCC_493\Debug\calmotor.o
LOAD .\CortexM3\ARM_GCC_493\Debug\cymetadata.o
LOAD .\CortexM3\ARM_GCC_493\Debug\Cm3Start.o
LOAD .\CortexM3\ARM_GCC_493\Debug\freesoc.a
LOAD C:\Program Files (x86)\Cypress\PSoC Creator\3.3\PSoC Creator\psoc\content\cycomponentlibrary\CyComponentLibrary.cylib\CortexM3\ARM_GCC_493\Debug\CyComponentLibrary.a
LOAD c:/program files (x86)/cypress/psoc creator/3.3/psoc creator/import/gnu/arm/4.9.3/bin/../lib/gcc/arm-none-eabi/4.9.3/../../../../arm-none-eabi/lib/armv7-m\libm.a
END GROUP
START GROUP
LOAD c:/program files (x86)/cypress/psoc creator/3.3/psoc creator/import/gnu/arm/4.9.3/bin/../lib/gcc/arm-none-eabi/4.9.3/armv7-m\libgcc.a
LOAD c:/program files (x86)/cypress/psoc creator/3.3/psoc creator/import/gnu/arm/4.9.3/bin/../lib/gcc/arm-none-eabi/4.9.3/../../../../arm-none-eabi/lib/armv7-m\libg_nano.a
LOAD c:/program files (x86)/cypress/psoc creator/3.3/psoc creator/import/gnu/arm/4.9.3/bin/../lib/gcc/arm-none-eabi/4.9.3/../../../../arm-none-eabi/lib/armv7-m\libc_nano.a
END GROUP
START GROUP
LOAD c:/program files (x86)/cypress/psoc creator/3.3/psoc creator/import/gnu/arm/4.9.3/bin/../lib/gcc/arm-none-eabi/4.9.3/armv7-m\libgcc.a
LOAD c:/program files (x86)/cypress/psoc creator/3.3/psoc creator/import/gnu/arm/4.9.3/bin/../lib/gcc/arm-none-eabi/4.9.3/../../../../arm-none-eabi/lib/armv7-m\libc_nano.a
END GROUP
LOAD c:/program files (x86)/cypress/psoc creator/3.3/psoc creator/import/gnu/arm/4.9.3/bin/../lib/gcc/arm-none-eabi/4.9.3/armv7-m/crtend.o
LOAD c:/program files (x86)/cypress/psoc creator/3.3/psoc creator/import/gnu/arm/4.9.3/bin/../lib/gcc/arm-none-eabi/4.9.3/armv7-m/crtn.o
START GROUP
LOAD c:/program files (x86)/cypress/psoc creator/3.3/psoc creator/import/gnu/arm/4.9.3/bin/../lib/gcc/arm-none-eabi/4.9.3/armv7-m\libgcc.a
LOAD c:/program files (x86)/cypress/psoc creator/3.3/psoc creator/import/gnu/arm/4.9.3/bin/../lib/gcc/arm-none-eabi/4.9.3/../../../../arm-none-eabi/lib/armv7-m\libc.a
LOAD c:/program files (x86)/cypress/psoc creator/3.3/psoc creator/import/gnu/arm/4.9.3/bin/../lib/gcc/arm-none-eabi/4.9.3/../../../../arm-none-eabi/lib/armv7-m\libnosys.a
END GROUP
                0x00000000                CY_APPL_ORIGIN = 0x0
                0x00000100                CY_FLASH_ROW_SIZE = 0x100
                0x00000020                CY_ECC_ROW_SIZE = 0x20
                0x00000000                CY_EE_IN_BTLDR = 0x0
                0x00000000                CY_APPL_LOADABLE = 0x0
                0x00000800                CY_EE_SIZE = 0x800
                0x00000001                CY_APPL_NUM = 0x1
                0x00000001                CY_APPL_MAX = 0x1
                0x00000040                CY_METADATA_SIZE = 0x40
                0x00000000                CY_APPL_LOADABLE = 0x0
                0x00000000                CY_CHECKSUM_EXCLUDE_SIZE = ALIGN (0x0, CY_FLASH_ROW_SIZE)
                0x1fff8b40                PROVIDE (__cy_heap_start, _end)
                0x00000001                PROVIDE (__cy_region_num, ((__cy_regions_end - __cy_regions) / 0x10))
                0x20008000                PROVIDE (__cy_stack, (ORIGIN (ram) + 0x10000))
                0x20007800                PROVIDE (__cy_heap_end, (__cy_stack - 0x800))

.cybootloader   0x00000000        0x0
 *(.cybootloader)
                0x00000000                appl1_start = CY_APPL_ORIGIN?CY_APPL_ORIGIN:ALIGN (CY_FLASH_ROW_SIZE)
                0x0001ff00                appl2_start = (appl1_start + ALIGN ((((0x40000 - appl1_start) - (0x2 * CY_FLASH_ROW_SIZE)) / 0x2), CY_FLASH_ROW_SIZE))
                0x00000000                appl_start = (CY_APPL_NUM == 0x1)?appl1_start:appl2_start
                0x00000000                ecc_offset = ((appl_start / CY_FLASH_ROW_SIZE) * CY_ECC_ROW_SIZE)
                0x00000000                ee_offset = (CY_APPL_LOADABLE && ! (CY_EE_IN_BTLDR))?((CY_EE_SIZE / CY_APPL_MAX) * (CY_APPL_NUM - 0x1)):0x0
                0x00000800                ee_size = (CY_APPL_LOADABLE && ! (CY_EE_IN_BTLDR))?(CY_EE_SIZE / CY_APPL_MAX):CY_EE_SIZE
                0x00000000                PROVIDE (CY_ECC_OFFSET, ecc_offset)

.text           0x00000000     0xd044
 CREATE_OBJECT_SYMBOLS
                0x00000000                PROVIDE (__cy_interrupt_vector, RomVectors)
 *(.romvectors)
 .romvectors    0x00000000       0x10 .\CortexM3\ARM_GCC_493\Debug\Cm3Start.o
                0x00000000                RomVectors
                0x00000001                ASSERT ((. != __cy_interrupt_vector), No interrupt vector)
                0x00000001                ASSERT (CY_APPL_ORIGIN?(SIZEOF (.cybootloader) <= CY_APPL_ORIGIN):0x1, Wrong image location)
                0x00000010                PROVIDE (__cy_reset, Reset)
 *(.text.Reset)
 .text.Reset    0x00000010       0x18 .\CortexM3\ARM_GCC_493\Debug\Cm3Start.o
                0x00000010                Reset
                0x00000001                ASSERT ((. != __cy_reset), No reset code)
 *(.dma_init)
                0x00000001                ASSERT ((((appl_start + .) <= 0x10000) || 0x1), DMA Init must be within the first 64k of flash)
 *(.text .text.* .gnu.linkonce.t.*)
 .text          0x00000028       0x5c c:/program files (x86)/cypress/psoc creator/3.3/psoc creator/import/gnu/arm/4.9.3/bin/../lib/gcc/arm-none-eabi/4.9.3/armv7-m/crtbegin.o
 .text.main     0x00000084      0x11c .\CortexM3\ARM_GCC_493\Debug\main.o
                0x00000084                main
 .text.GetCommand
                0x000001a0       0x40 .\CortexM3\ARM_GCC_493\Debug\cal.o
 .text.DisplayMenu
                0x000001e0       0xb8 .\CortexM3\ARM_GCC_493\Debug\cal.o
 .text.SetCalibrationStatusBit
                0x00000298       0x24 .\CortexM3\ARM_GCC_493\Debug\cal.o
 .text.ClearCalibrationStatusBit
                0x000002bc       0x2c .\CortexM3\ARM_GCC_493\Debug\cal.o
 .text.Cal_Init
                0x000002e8       0x10 .\CortexM3\ARM_GCC_493\Debug\cal.o
                0x000002e8                Cal_Init
 .text.Cal_Start
                0x000002f8       0x14 .\CortexM3\ARM_GCC_493\Debug\cal.o
                0x000002f8                Cal_Start
 .text.Cal_ReadResponse
                0x0000030c       0x48 .\CortexM3\ARM_GCC_493\Debug\cal.o
                0x0000030c                Cal_ReadResponse
 .text.Cal_DisplayBias
                0x00000354       0x2c .\CortexM3\ARM_GCC_493\Debug\cal.o
                0x00000354                Cal_DisplayBias
 .text.Cal_CheckRequest
                0x00000380      0x198 .\CortexM3\ARM_GCC_493\Debug\cal.o
                0x00000380                Cal_CheckRequest
 .text.Cal_LeftGetMotorCalData
                0x00000518       0x18 .\CortexM3\ARM_GCC_493\Debug\cal.o
                0x00000518                Cal_LeftGetMotorCalData
 .text.Cal_RightGetMotorCalData
                0x00000530       0x18 .\CortexM3\ARM_GCC_493\Debug\cal.o
                0x00000530                Cal_RightGetMotorCalData
 .text.Cal_LeftGetPidGains
                0x00000548        0xc .\CortexM3\ARM_GCC_493\Debug\cal.o
                0x00000548                Cal_LeftGetPidGains
 .text.Cal_RightGetPidGains
                0x00000554        0xc .\CortexM3\ARM_GCC_493\Debug\cal.o
                0x00000554                Cal_RightGetPidGains
 .text.CalculateLeftRightSpeed
                0x00000560       0x88 .\CortexM3\ARM_GCC_493\Debug\control.o
 .text.Control_Init
                0x000005e8        0x4 .\CortexM3\ARM_GCC_493\Debug\control.o
                0x000005e8                Control_Init
 .text.Control_Start
                0x000005ec       0x38 .\CortexM3\ARM_GCC_493\Debug\control.o
                0x000005ec                Control_Start
 .text.Control_Update
                0x00000624       0x2c .\CortexM3\ARM_GCC_493\Debug\control.o
                0x00000624                Control_Update
 .text.Control_LeftGetCmdVelocity
                0x00000650        0xc .\CortexM3\ARM_GCC_493\Debug\control.o
                0x00000650                Control_LeftGetCmdVelocity
 .text.Control_RightGetCmdVelocity
                0x0000065c        0xc .\CortexM3\ARM_GCC_493\Debug\control.o
                0x0000065c                Control_RightGetCmdVelocity
 .text.Debug_Init
                0x00000668       0x24 .\CortexM3\ARM_GCC_493\Debug\debug.o
                0x00000668                Debug_Init
 .text.Debug_Start
                0x0000068c        0x4 .\CortexM3\ARM_GCC_493\Debug\debug.o
                0x0000068c                Debug_Start
 .text.Diag_Init
                0x00000690       0x18 .\CortexM3\ARM_GCC_493\Debug\diag.o
                0x00000690                Diag_Init
 .text.Diag_Start
                0x000006a8        0x4 .\CortexM3\ARM_GCC_493\Debug\diag.o
                0x000006a8                Diag_Start
 .text.Diag_Update
                0x000006ac       0x38 .\CortexM3\ARM_GCC_493\Debug\diag.o
                0x000006ac                Diag_Update
 *fill*         0x000006e4        0x4 
 .text.Encoder_Sample
                0x000006e8       0x70 .\CortexM3\ARM_GCC_493\Debug\encoder.o
 .text.DumpEncoder
                0x00000758       0x64 .\CortexM3\ARM_GCC_493\Debug\encoder.o
 .text.Encoder_Init
                0x000007bc       0x48 .\CortexM3\ARM_GCC_493\Debug\encoder.o
                0x000007bc                Encoder_Init
 .text.Encoder_Start
                0x00000804       0x20 .\CortexM3\ARM_GCC_493\Debug\encoder.o
                0x00000804                Encoder_Start
 .text.Encoder_Update
                0x00000824       0x84 .\CortexM3\ARM_GCC_493\Debug\encoder.o
                0x00000824                Encoder_Update
 .text.Encoder_LeftGetCntsPerSec
                0x000008a8        0xc .\CortexM3\ARM_GCC_493\Debug\encoder.o
                0x000008a8                Encoder_LeftGetCntsPerSec
 .text.Encoder_RightGetCntsPerSec
                0x000008b4        0xc .\CortexM3\ARM_GCC_493\Debug\encoder.o
                0x000008b4                Encoder_RightGetCntsPerSec
 .text.Encoder_LeftGetMeterPerSec
                0x000008c0        0xc .\CortexM3\ARM_GCC_493\Debug\encoder.o
                0x000008c0                Encoder_LeftGetMeterPerSec
 .text.Encoder_RightGetMeterPerSec
                0x000008cc        0xc .\CortexM3\ARM_GCC_493\Debug\encoder.o
                0x000008cc                Encoder_RightGetMeterPerSec
 .text.Encoder_Reset
                0x000008d8       0x64 .\CortexM3\ARM_GCC_493\Debug\encoder.o
                0x000008d8                Encoder_Reset
 .text.I2c_Init
                0x0000093c       0x24 .\CortexM3\ARM_GCC_493\Debug\i2c.o
                0x0000093c                I2c_Init
 .text.I2c_Start
                0x00000960       0x24 .\CortexM3\ARM_GCC_493\Debug\i2c.o
                0x00000960                I2c_Start
 .text.I2c_ReadDeviceControl
                0x00000984       0x2c .\CortexM3\ARM_GCC_493\Debug\i2c.o
                0x00000984                I2c_ReadDeviceControl
 .text.I2c_ReadDebugControl
                0x000009b0       0x94 .\CortexM3\ARM_GCC_493\Debug\i2c.o
                0x000009b0                I2c_ReadDebugControl
 *fill*         0x00000a44        0x4 
 .text.I2c_ReadCmdVelocity
                0x00000a48      0x130 .\CortexM3\ARM_GCC_493\Debug\i2c.o
                0x00000a48                I2c_ReadCmdVelocity
 .text.I2c_SetCalibrationStatusBit
                0x00000b78       0x38 .\CortexM3\ARM_GCC_493\Debug\i2c.o
                0x00000b78                I2c_SetCalibrationStatusBit
 .text.I2c_ClearCalibrationStatusBit
                0x00000bb0       0x3c .\CortexM3\ARM_GCC_493\Debug\i2c.o
                0x00000bb0                I2c_ClearCalibrationStatusBit
 .text.I2c_WriteOdom
                0x00000bec       0x94 .\CortexM3\ARM_GCC_493\Debug\i2c.o
                0x00000bec                I2c_WriteOdom
 .text.I2c_UpdateHeartbeat
                0x00000c80       0x2c .\CortexM3\ARM_GCC_493\Debug\i2c.o
                0x00000c80                I2c_UpdateHeartbeat
 .text.Interpolate
                0x00000cac       0x3c .\CortexM3\ARM_GCC_493\Debug\motor.o
 .text.calculate_pwm
                0x00000ce8       0x74 .\CortexM3\ARM_GCC_493\Debug\motor.o
 .text.DumpMotor
                0x00000d5c       0x48 .\CortexM3\ARM_GCC_493\Debug\motor.o
 .text.calc_motor_output_from_cps
                0x00000da4       0xac .\CortexM3\ARM_GCC_493\Debug\motor.o
 .text.RampSpeed
                0x00000e50       0x44 .\CortexM3\ARM_GCC_493\Debug\motor.o
 .text.CollectCpsPwmSamples
                0x00000e94       0x58 .\CortexM3\ARM_GCC_493\Debug\motor.o
 .text.Motor_Init
                0x00000eec       0x18 .\CortexM3\ARM_GCC_493\Debug\motor.o
                0x00000eec                Motor_Init
 .text.Motor_Start
                0x00000f04       0x48 .\CortexM3\ARM_GCC_493\Debug\motor.o
                0x00000f04                Motor_Start
 .text.Motor_LeftSetCntsPerSec
                0x00000f4c       0x18 .\CortexM3\ARM_GCC_493\Debug\motor.o
                0x00000f4c                Motor_LeftSetCntsPerSec
 .text.Motor_RightSetCntsPerSec
                0x00000f64       0x18 .\CortexM3\ARM_GCC_493\Debug\motor.o
                0x00000f64                Motor_RightSetCntsPerSec
 .text.Motor_LeftGetPwm
                0x00000f7c        0xc .\CortexM3\ARM_GCC_493\Debug\motor.o
                0x00000f7c                Motor_LeftGetPwm
 .text.Motor_RightGetPwm
                0x00000f88        0xc .\CortexM3\ARM_GCC_493\Debug\motor.o
                0x00000f88                Motor_RightGetPwm
 .text.Motor_Stop
                0x00000f94       0x20 .\CortexM3\ARM_GCC_493\Debug\motor.o
                0x00000f94                Motor_Stop
 .text.Motor_CollectPwmCpsSamples
                0x00000fb4       0xb4 .\CortexM3\ARM_GCC_493\Debug\motor.o
                0x00000fb4                Motor_CollectPwmCpsSamples
 .text.Motor_LeftSetCalibration
                0x00001068        0xc .\CortexM3\ARM_GCC_493\Debug\motor.o
                0x00001068                Motor_LeftSetCalibration
 .text.Motor_RightSetCalibration
                0x00001074        0xc .\CortexM3\ARM_GCC_493\Debug\motor.o
                0x00001074                Motor_RightSetCalibration
 .text.DumpOdom
                0x00001080       0x80 .\CortexM3\ARM_GCC_493\Debug\odom.o
 .text.Odom_Init
                0x00001100       0x14 .\CortexM3\ARM_GCC_493\Debug\odom.o
                0x00001100                Odom_Init
 .text.Odom_Start
                0x00001114        0x4 .\CortexM3\ARM_GCC_493\Debug\odom.o
                0x00001114                Odom_Start
 .text.calc_odom
                0x00001118      0x298 .\CortexM3\ARM_GCC_493\Debug\odom.o
                0x00001118                calc_odom
 .text.Odom_Update
                0x000013b0       0x60 .\CortexM3\ARM_GCC_493\Debug\odom.o
                0x000013b0                Odom_Update
 .text.Odom_Reset
                0x00001410       0x28 .\CortexM3\ARM_GCC_493\Debug\odom.o
                0x00001410                Odom_Reset
 .text.Odom_GetPosition
                0x00001438       0x10 .\CortexM3\ARM_GCC_493\Debug\odom.o
                0x00001438                Odom_GetPosition
 .text.Odom_GetHeading
                0x00001448        0xc .\CortexM3\ARM_GCC_493\Debug\odom.o
                0x00001448                Odom_GetHeading
 .text.Odom_GetAngularVelocity
                0x00001454        0xc .\CortexM3\ARM_GCC_493\Debug\odom.o
                0x00001454                Odom_GetAngularVelocity
 .text.ProcessPid
                0x00001460       0xb0 .\CortexM3\ARM_GCC_493\Debug\pid.o
 .text.DumpPid  0x00001510       0x98 .\CortexM3\ARM_GCC_493\Debug\pid.o
 .text.Pid_Init
                0x000015a8       0x68 .\CortexM3\ARM_GCC_493\Debug\pid.o
                0x000015a8                Pid_Init
 .text.Pid_Start
                0x00001610       0x30 .\CortexM3\ARM_GCC_493\Debug\pid.o
                0x00001610                Pid_Start
 .text.Pid_Update
                0x00001640       0x7c .\CortexM3\ARM_GCC_493\Debug\pid.o
                0x00001640                Pid_Update
 .text.Pid_SetLeftRightTarget
                0x000016bc       0x10 .\CortexM3\ARM_GCC_493\Debug\pid.o
                0x000016bc                Pid_SetLeftRightTarget
 .text.Pid_Reset
                0x000016cc       0x24 .\CortexM3\ARM_GCC_493\Debug\pid.o
                0x000016cc                Pid_Reset
 .text.Pid_LeftSetGains
                0x000016f0       0x18 .\CortexM3\ARM_GCC_493\Debug\pid.o
                0x000016f0                Pid_LeftSetGains
 .text.Pid_RightSetGains
                0x00001708       0x18 .\CortexM3\ARM_GCC_493\Debug\pid.o
                0x00001708                Pid_RightSetGains
 .text.Pid_LeftGetGains
                0x00001720       0x1c .\CortexM3\ARM_GCC_493\Debug\pid.o
                0x00001720                Pid_LeftGetGains
 .text.Pid_RightGetGains
                0x0000173c       0x1c .\CortexM3\ARM_GCC_493\Debug\pid.o
                0x0000173c                Pid_RightGetGains
 .text.SysTickIsrHandler
                0x00001758       0x10 .\CortexM3\ARM_GCC_493\Debug\time.o
 .text.Time_Init
                0x00001768        0xc .\CortexM3\ARM_GCC_493\Debug\time.o
                0x00001768                Time_Init
 .text.Time_Start
                0x00001774       0x2c .\CortexM3\ARM_GCC_493\Debug\time.o
                0x00001774                Time_Start
 .text.millis   0x000017a0        0xc .\CortexM3\ARM_GCC_493\Debug\time.o
                0x000017a0                millis
 .text.Ultrasonic_Init
                0x000017ac        0x4 .\CortexM3\ARM_GCC_493\Debug\ultrasonic.o
                0x000017ac                Ultrasonic_Init
 .text.insert_zeros
                0x000017b0       0x30 .\CortexM3\ARM_GCC_493\Debug\utils.o
 .text.MovingAverageFloat
                0x000017e0       0x2c .\CortexM3\ARM_GCC_493\Debug\utils.o
                0x000017e0                MovingAverageFloat
 .text.Uint16ToTwoBytes
                0x0000180c        0x8 .\CortexM3\ARM_GCC_493\Debug\utils.o
                0x0000180c                Uint16ToTwoBytes
 .text.FloatToFourBytes
                0x00001814       0x20 .\CortexM3\ARM_GCC_493\Debug\utils.o
                0x00001814                FloatToFourBytes
 .text.ftoa     0x00001834       0xa4 .\CortexM3\ARM_GCC_493\Debug\utils.o
                0x00001834                ftoa
 .text.BinaryRangeSearch
                0x000018d8       0x50 .\CortexM3\ARM_GCC_493\Debug\utils.o
                0x000018d8                BinaryRangeSearch
 .text.ConvertLinearAngularToDifferential
                0x00001928       0x70 .\CortexM3\ARM_GCC_493\Debug\utils.o
                0x00001928                ConvertLinearAngularToDifferential
 .text.initializeQueue
                0x00001998       0x10 .\CortexM3\ARM_GCC_493\Debug\infrared.o
                0x00001998                initializeQueue
 .text.Infrared_Init
                0x000019a8       0x30 .\CortexM3\ARM_GCC_493\Debug\infrared.o
                0x000019a8                Infrared_Init
 .text.PIDCompute
                0x000019d8       0xa4 .\CortexM3\ARM_GCC_493\Debug\pid_controller.o
                0x000019d8                PIDCompute
 .text.PIDOutputLimitsSet
                0x00001a7c       0x5c .\CortexM3\ARM_GCC_493\Debug\pid_controller.o
                0x00001a7c                PIDOutputLimitsSet
 .text.PIDTuningsSet
                0x00001ad8       0x6c .\CortexM3\ARM_GCC_493\Debug\pid_controller.o
                0x00001ad8                PIDTuningsSet
 .text.PIDInit  0x00001b44       0x54 .\CortexM3\ARM_GCC_493\Debug\pid_controller.o
                0x00001b44                PIDInit
 .text.PIDSetpointSet
                0x00001b98        0x4 .\CortexM3\ARM_GCC_493\Debug\pid_controller.o
                0x00001b98                PIDSetpointSet
 .text.PIDInputSet
                0x00001b9c        0x4 .\CortexM3\ARM_GCC_493\Debug\pid_controller.o
                0x00001b9c                PIDInputSet
 .text.Ser_Init
                0x00001ba0        0x4 .\CortexM3\ARM_GCC_493\Debug\serial.o
                0x00001ba0                Ser_Init
 .text.Ser_Start
                0x00001ba4       0x2c .\CortexM3\ARM_GCC_493\Debug\serial.o
                0x00001ba4                Ser_Start
 .text.Ser_Update
                0x00001bd0       0x14 .\CortexM3\ARM_GCC_493\Debug\serial.o
                0x00001bd0                Ser_Update
 .text.Ser_PutString
                0x00001be4       0x20 .\CortexM3\ARM_GCC_493\Debug\serial.o
                0x00001be4                Ser_PutString
 .text.Ser_ReadByte
                0x00001c04       0x1c .\CortexM3\ARM_GCC_493\Debug\serial.o
                0x00001c04                Ser_ReadByte
 .text.Ser_WriteByte
                0x00001c20       0x1c .\CortexM3\ARM_GCC_493\Debug\serial.o
                0x00001c20                Ser_WriteByte
 .text.Nvstore_Init
                0x00001c3c        0x4 .\CortexM3\ARM_GCC_493\Debug\nvstore.o
                0x00001c3c                Nvstore_Init
 .text.Nvstore_Start
                0x00001c40        0x8 .\CortexM3\ARM_GCC_493\Debug\nvstore.o
                0x00001c40                Nvstore_Start
 .text.Nvstore_WriteBytes
                0x00001c48       0xc8 .\CortexM3\ARM_GCC_493\Debug\nvstore.o
                0x00001c48                Nvstore_WriteBytes
 .text.Nvstore_WriteUint16
                0x00001d10       0x28 .\CortexM3\ARM_GCC_493\Debug\nvstore.o
                0x00001d10                Nvstore_WriteUint16
 .text.Nvstore_WriteFloat
                0x00001d38       0x2c .\CortexM3\ARM_GCC_493\Debug\nvstore.o
                0x00001d38                Nvstore_WriteFloat
 .text.LeftTarget
                0x00001d64        0xc .\CortexM3\ARM_GCC_493\Debug\calpid.o
 .text.RightTarget
                0x00001d70        0xc .\CortexM3\ARM_GCC_493\Debug\calpid.o
 *fill*         0x00001d7c        0x4 
 .text.GetStepVelocity
                0x00001d80      0x110 .\CortexM3\ARM_GCC_493\Debug\calpid.o
 .text.StepImpulse
                0x00001e90       0x84 .\CortexM3\ARM_GCC_493\Debug\calpid.o
 .text.OutputGains
                0x00001f14       0x48 .\CortexM3\ARM_GCC_493\Debug\calpid.o
 .text.LeftStepInput
                0x00001f5c       0x5c .\CortexM3\ARM_GCC_493\Debug\calpid.o
 .text.DoLeftManual
                0x00001fb8       0x34 .\CortexM3\ARM_GCC_493\Debug\calpid.o
 .text.WriteSpeeds
                0x00001fec       0x44 .\CortexM3\ARM_GCC_493\Debug\calpid.o
 .text.StoreLeftGains
                0x00002030       0x3c .\CortexM3\ARM_GCC_493\Debug\calpid.o
 .text.StoreRightGains
                0x0000206c       0x3c .\CortexM3\ARM_GCC_493\Debug\calpid.o
 .text.RightStepInput
                0x000020a8       0x5c .\CortexM3\ARM_GCC_493\Debug\calpid.o
 .text.DoRightManual
                0x00002104       0x34 .\CortexM3\ARM_GCC_493\Debug\calpid.o
 .text.CalibrateLeftPid
                0x00002138       0x54 .\CortexM3\ARM_GCC_493\Debug\calpid.o
                0x00002138                CalibrateLeftPid
 .text.CalibrateRightPid
                0x0000218c       0x54 .\CortexM3\ARM_GCC_493\Debug\calpid.o
                0x0000218c                CalibrateRightPid
 .text.ValidatePid
                0x000021e0      0x174 .\CortexM3\ARM_GCC_493\Debug\calpid.o
                0x000021e0                ValidatePid
 .text.CalAngularLeftTarget
                0x00002354        0xc .\CortexM3\ARM_GCC_493\Debug\calang.o
 .text.CalAngularRightTarget
                0x00002360        0xc .\CortexM3\ARM_GCC_493\Debug\calang.o
 *fill*         0x0000236c        0x4 
 .text.UpdateVelocity
                0x00002370       0xd8 .\CortexM3\ARM_GCC_493\Debug\calang.o
 .text.DoAngularBiasMotion
                0x00002448      0x128 .\CortexM3\ARM_GCC_493\Debug\calang.o
                0x00002448                DoAngularBiasMotion
 .text.CalibrateAngularBias
                0x00002570       0x6c .\CortexM3\ARM_GCC_493\Debug\calang.o
                0x00002570                CalibrateAngularBias
 .text.ValidateAngularBias
                0x000025dc       0x1c .\CortexM3\ARM_GCC_493\Debug\calang.o
                0x000025dc                ValidateAngularBias
 .text.CalLinearLeftTarget
                0x000025f8        0xc .\CortexM3\ARM_GCC_493\Debug\callin.o
 .text.CalLinearRightTarget
                0x00002604        0xc .\CortexM3\ARM_GCC_493\Debug\callin.o
 .text.UpdateVelocity
                0x00002610       0xd0 .\CortexM3\ARM_GCC_493\Debug\callin.o
 .text.DoLinearBiasMotion
                0x000026e0      0x108 .\CortexM3\ARM_GCC_493\Debug\callin.o
                0x000026e0                DoLinearBiasMotion
 .text.CalibrateLinearBias
                0x000027e8       0x6c .\CortexM3\ARM_GCC_493\Debug\callin.o
                0x000027e8                CalibrateLinearBias
 .text.ValidateLinearBias
                0x00002854       0x1c .\CortexM3\ARM_GCC_493\Debug\callin.o
                0x00002854                ValidateLinearBias
 .text.Init     0x00002870       0x28 .\CortexM3\ARM_GCC_493\Debug\calmotor.o
 .text.CalculatePwmSamples
                0x00002898       0x64 .\CortexM3\ARM_GCC_493\Debug\calmotor.o
 .text.AddSamplesToSum
                0x000028fc       0x24 .\CortexM3\ARM_GCC_493\Debug\calmotor.o
 .text.CalculateAvgCpsSamples
                0x00002920       0x20 .\CortexM3\ARM_GCC_493\Debug\calmotor.o
 .text.CalculateMinMaxCpsSample
                0x00002940       0x38 .\CortexM3\ARM_GCC_493\Debug\calmotor.o
 .text.CalibrateWheelSpeed
                0x00002978       0x5c .\CortexM3\ARM_GCC_493\Debug\calmotor.o
 .text.StoreWheelSpeedSamples
                0x000029d4       0x5c .\CortexM3\ARM_GCC_493\Debug\calmotor.o
 .text.OutputSamples
                0x00002a30       0x64 .\CortexM3\ARM_GCC_493\Debug\calmotor.o
 .text.OutputVelocities
                0x00002a94       0x40 .\CortexM3\ARM_GCC_493\Debug\calmotor.o
 .text.DoVelocityValidation
                0x00002ad4       0x68 .\CortexM3\ARM_GCC_493\Debug\calmotor.o
 .text.CalibrateMotorVelocity
                0x00002b3c      0x134 .\CortexM3\ARM_GCC_493\Debug\calmotor.o
                0x00002b3c                CalibrateMotorVelocity
 .text.ValidateMotorVelocity
                0x00002c70       0xd0 .\CortexM3\ARM_GCC_493\Debug\calmotor.o
                0x00002c70                ValidateMotorVelocity
 .text.PrintMotorVelocity
                0x00002d40       0x64 .\CortexM3\ARM_GCC_493\Debug\calmotor.o
                0x00002d40                PrintMotorVelocity
 .text.IntDefaultHandler
                0x00002da4        0x4 .\CortexM3\ARM_GCC_493\Debug\Cm3Start.o
                0x00002da4                IntDefaultHandler
 .text._exit    0x00002da8        0xc .\CortexM3\ARM_GCC_493\Debug\Cm3Start.o
                0x00002da8                _exit
 .text._sbrk    0x00002db4       0x30 .\CortexM3\ARM_GCC_493\Debug\Cm3Start.o
                0x00002db4                _sbrk
 .text.Start_c  0x00002de4       0x4c .\CortexM3\ARM_GCC_493\Debug\Cm3Start.o
                0x00002de4                Start_c
 .text.initialize_psoc
                0x00002e30       0x74 .\CortexM3\ARM_GCC_493\Debug\Cm3Start.o
                0x00002e30                initialize_psoc
 .text.cfg_write_bytes32
                0x00002ea4       0x34 .\CortexM3\ARM_GCC_493\Debug\freesoc.a(cyfitter_cfg.o)
 .text.CYMEMZERO
                0x00002ed8        0xc .\CortexM3\ARM_GCC_493\Debug\freesoc.a(cyfitter_cfg.o)
 .text.ClockSetup
                0x00002ee4       0xe4 .\CortexM3\ARM_GCC_493\Debug\freesoc.a(cyfitter_cfg.o)
 .text.AnalogSetDefault
                0x00002fc8       0x80 .\CortexM3\ARM_GCC_493\Debug\freesoc.a(cyfitter_cfg.o)
 .text.CYCONFIGCPY
                0x00003048        0x8 .\CortexM3\ARM_GCC_493\Debug\freesoc.a(cyfitter_cfg.o)
 .text.Front_AMuxSeq_DisconnectAll
                0x00003050       0x18 .\CortexM3\ARM_GCC_493\Debug\freesoc.a(cyfitter_cfg.o)
                0x00003050                Front_AMuxSeq_DisconnectAll
 .text.Rear_AMuxSeq_DisconnectAll
                0x00003068       0x18 .\CortexM3\ARM_GCC_493\Debug\freesoc.a(cyfitter_cfg.o)
                0x00003068                Rear_AMuxSeq_DisconnectAll
 .text.cyfitter_cfg
                0x00003080      0x188 .\CortexM3\ARM_GCC_493\Debug\freesoc.a(cyfitter_cfg.o)
                0x00003080                cyfitter_cfg
 .text.Left_HB25_Enable_Pin_Write
                0x00003208       0x18 .\CortexM3\ARM_GCC_493\Debug\freesoc.a(Left_HB25_Enable_Pin.o)
                0x00003208                Left_HB25_Enable_Pin_Write
 .text.Left_HB25_PWM_Stop
                0x00003220        0x4 .\CortexM3\ARM_GCC_493\Debug\freesoc.a(Left_HB25_PWM.o)
                0x00003220                Left_HB25_PWM_Stop
 .text.Left_HB25_PWM_WriteCounter
                0x00003224        0xc .\CortexM3\ARM_GCC_493\Debug\freesoc.a(Left_HB25_PWM.o)
                0x00003224                Left_HB25_PWM_WriteCounter
 .text.Left_HB25_PWM_WritePeriod
                0x00003230        0xc .\CortexM3\ARM_GCC_493\Debug\freesoc.a(Left_HB25_PWM.o)
                0x00003230                Left_HB25_PWM_WritePeriod
 .text.Left_HB25_PWM_WriteCompare
                0x0000323c        0xc .\CortexM3\ARM_GCC_493\Debug\freesoc.a(Left_HB25_PWM.o)
                0x0000323c                Left_HB25_PWM_WriteCompare
 .text.Left_HB25_PWM_Init
                0x00003248       0x34 .\CortexM3\ARM_GCC_493\Debug\freesoc.a(Left_HB25_PWM.o)
                0x00003248                Left_HB25_PWM_Init
 .text.Left_HB25_PWM_Start
                0x0000327c       0x18 .\CortexM3\ARM_GCC_493\Debug\freesoc.a(Left_HB25_PWM.o)
                0x0000327c                Left_HB25_PWM_Start
 .text.Right_HB25_Enable_Pin_Write
                0x00003294       0x18 .\CortexM3\ARM_GCC_493\Debug\freesoc.a(Right_HB25_Enable_Pin.o)
                0x00003294                Right_HB25_Enable_Pin_Write
 .text.Right_HB25_PWM_Stop
                0x000032ac        0x4 .\CortexM3\ARM_GCC_493\Debug\freesoc.a(Right_HB25_PWM.o)
                0x000032ac                Right_HB25_PWM_Stop
 .text.Right_HB25_PWM_WriteCounter
                0x000032b0        0xc .\CortexM3\ARM_GCC_493\Debug\freesoc.a(Right_HB25_PWM.o)
                0x000032b0                Right_HB25_PWM_WriteCounter
 .text.Right_HB25_PWM_WritePeriod
                0x000032bc        0xc .\CortexM3\ARM_GCC_493\Debug\freesoc.a(Right_HB25_PWM.o)
                0x000032bc                Right_HB25_PWM_WritePeriod
 .text.Right_HB25_PWM_WriteCompare
                0x000032c8        0xc .\CortexM3\ARM_GCC_493\Debug\freesoc.a(Right_HB25_PWM.o)
                0x000032c8                Right_HB25_PWM_WriteCompare
 .text.Right_HB25_PWM_Init
                0x000032d4       0x34 .\CortexM3\ARM_GCC_493\Debug\freesoc.a(Right_HB25_PWM.o)
                0x000032d4                Right_HB25_PWM_Init
 .text.Right_HB25_PWM_Start
                0x00003308       0x18 .\CortexM3\ARM_GCC_493\Debug\freesoc.a(Right_HB25_PWM.o)
                0x00003308                Right_HB25_PWM_Start
 .text          0x00003320       0x20 .\CortexM3\ARM_GCC_493\Debug\freesoc.a(CyBootAsmGnu.o)
                0x00003320                CyDelayCycles
                0x00003330                CyEnterCriticalSection
                0x00003338                CyExitCriticalSection
 .text.CyHalt   0x00003340        0x4 .\CortexM3\ARM_GCC_493\Debug\freesoc.a(CyLib.o)
                0x00003340                CyHalt
 .text.CyDelay  0x00003344       0x2c .\CortexM3\ARM_GCC_493\Debug\freesoc.a(CyLib.o)
                0x00003344                CyDelay
 .text.CyDelayUs
                0x00003370       0x14 .\CortexM3\ARM_GCC_493\Debug\freesoc.a(CyLib.o)
                0x00003370                CyDelayUs
 .text.CyIntSetSysVector
                0x00003384       0x28 .\CortexM3\ARM_GCC_493\Debug\freesoc.a(CyLib.o)
                0x00003384                CyIntSetSysVector
 .text.CyIntSetVector
                0x000033ac       0x28 .\CortexM3\ARM_GCC_493\Debug\freesoc.a(CyLib.o)
                0x000033ac                CyIntSetVector
 .text.CyIntSetPriority
                0x000033d4       0x30 .\CortexM3\ARM_GCC_493\Debug\freesoc.a(CyLib.o)
                0x000033d4                CyIntSetPriority
 .text.CySysTickEnableInterrupt
                0x00003404       0x10 .\CortexM3\ARM_GCC_493\Debug\freesoc.a(CyLib.o)
                0x00003404                CySysTickEnableInterrupt
 .text.CySysTickEnable
                0x00003414       0x18 .\CortexM3\ARM_GCC_493\Debug\freesoc.a(CyLib.o)
                0x00003414                CySysTickEnable
 .text.CySysTickSetReload
                0x0000342c       0x10 .\CortexM3\ARM_GCC_493\Debug\freesoc.a(CyLib.o)
                0x0000342c                CySysTickSetReload
 .text.CySysTickSetClockSource
                0x0000343c       0x20 .\CortexM3\ARM_GCC_493\Debug\freesoc.a(CyLib.o)
                0x0000343c                CySysTickSetClockSource
 .text.CySysTickGetCountFlag
                0x0000345c       0x10 .\CortexM3\ARM_GCC_493\Debug\freesoc.a(CyLib.o)
                0x0000345c                CySysTickGetCountFlag
 .text.CySysTickServiceCallbacks
                0x0000346c       0x28 .\CortexM3\ARM_GCC_493\Debug\freesoc.a(CyLib.o)
 .text.CySysTickClear
                0x00003494        0xc .\CortexM3\ARM_GCC_493\Debug\freesoc.a(CyLib.o)
                0x00003494                CySysTickClear
 .text.CySysTickInit
                0x000034a0       0x58 .\CortexM3\ARM_GCC_493\Debug\freesoc.a(CyLib.o)
                0x000034a0                CySysTickInit
 .text.CySysTickStart
                0x000034f8       0x1c .\CortexM3\ARM_GCC_493\Debug\freesoc.a(CyLib.o)
                0x000034f8                CySysTickStart
 .text.CySysTickSetCallback
                0x00003514       0x10 .\CortexM3\ARM_GCC_493\Debug\freesoc.a(CyLib.o)
                0x00003514                CySysTickSetCallback
 .text.CySysTickGetCallback
                0x00003524       0x10 .\CortexM3\ARM_GCC_493\Debug\freesoc.a(CyLib.o)
                0x00003524                CySysTickGetCallback
 .text.CyGetUniqueId
                0x00003534       0x70 .\CortexM3\ARM_GCC_493\Debug\freesoc.a(CyLib.o)
                0x00003534                CyGetUniqueId
 .text.EZI2C_Slave_Init
                0x000035a4       0x70 .\CortexM3\ARM_GCC_493\Debug\freesoc.a(EZI2C_Slave.o)
                0x000035a4                EZI2C_Slave_Init
 .text.EZI2C_Slave_Enable
                0x00003614       0x30 .\CortexM3\ARM_GCC_493\Debug\freesoc.a(EZI2C_Slave.o)
                0x00003614                EZI2C_Slave_Enable
 .text.EZI2C_Slave_Start
                0x00003644       0x1c .\CortexM3\ARM_GCC_493\Debug\freesoc.a(EZI2C_Slave.o)
                0x00003644                EZI2C_Slave_Start
 .text.EZI2C_Slave_GetActivity
                0x00003660       0x28 .\CortexM3\ARM_GCC_493\Debug\freesoc.a(EZI2C_Slave.o)
                0x00003660                EZI2C_Slave_GetActivity
 .text.EZI2C_Slave_SetBuffer1
                0x00003688       0x50 .\CortexM3\ARM_GCC_493\Debug\freesoc.a(EZI2C_Slave.o)
                0x00003688                EZI2C_Slave_SetBuffer1
 .text.EZI2C_Slave_ISR
                0x000036d8      0x1c4 .\CortexM3\ARM_GCC_493\Debug\freesoc.a(EZI2C_Slave_INT.o)
                0x000036d8                EZI2C_Slave_ISR
 .text.Mainloop_Pin_Write
                0x0000389c       0x18 .\CortexM3\ARM_GCC_493\Debug\freesoc.a(Mainloop_Pin.o)
                0x0000389c                Mainloop_Pin_Write
 .text.EEPROM_Enable
                0x000038b4        0xc .\CortexM3\ARM_GCC_493\Debug\freesoc.a(EEPROM.o)
                0x000038b4                EEPROM_Enable
 .text.EEPROM_Start
                0x000038c0        0x8 .\CortexM3\ARM_GCC_493\Debug\freesoc.a(EEPROM.o)
                0x000038c0                EEPROM_Start
 .text.EEPROM_WriteByte
                0x000038c8       0xd4 .\CortexM3\ARM_GCC_493\Debug\freesoc.a(EEPROM.o)
                0x000038c8                EEPROM_WriteByte
 .text.EEPROM_Write
                0x0000399c       0xb4 .\CortexM3\ARM_GCC_493\Debug\freesoc.a(EEPROM.o)
                0x0000399c                EEPROM_Write
 .text.Right_QuadDec_Init
                0x00003a50       0x24 .\CortexM3\ARM_GCC_493\Debug\freesoc.a(Right_QuadDec.o)
                0x00003a50                Right_QuadDec_Init
 .text.Right_QuadDec_GetCounter
                0x00003a74       0x2c .\CortexM3\ARM_GCC_493\Debug\freesoc.a(Right_QuadDec.o)
                0x00003a74                Right_QuadDec_GetCounter
 .text.Right_QuadDec_SetCounter
                0x00003aa0       0x28 .\CortexM3\ARM_GCC_493\Debug\freesoc.a(Right_QuadDec.o)
                0x00003aa0                Right_QuadDec_SetCounter
 .text.Right_QuadDec_GetEvents
                0x00003ac8       0x10 .\CortexM3\ARM_GCC_493\Debug\freesoc.a(Right_QuadDec.o)
                0x00003ac8                Right_QuadDec_GetEvents
 .text.Right_QuadDec_SetInterruptMask
                0x00003ad8       0x10 .\CortexM3\ARM_GCC_493\Debug\freesoc.a(Right_QuadDec.o)
                0x00003ad8                Right_QuadDec_SetInterruptMask
 .text.Right_QuadDec_Enable
                0x00003ae8       0x30 .\CortexM3\ARM_GCC_493\Debug\freesoc.a(Right_QuadDec.o)
                0x00003ae8                Right_QuadDec_Enable
 .text.Right_QuadDec_Start
                0x00003b18       0x34 .\CortexM3\ARM_GCC_493\Debug\freesoc.a(Right_QuadDec.o)
                0x00003b18                Right_QuadDec_Start
 .text.Right_QuadDec_ISR
                0x00003b4c       0x40 .\CortexM3\ARM_GCC_493\Debug\freesoc.a(Right_QuadDec_INT.o)
                0x00003b4c                Right_QuadDec_ISR
 .text.Right_QuadDec_Cnt16_Enable
                0x00003b8c       0x10 .\CortexM3\ARM_GCC_493\Debug\freesoc.a(Right_QuadDec_Cnt16.o)
                0x00003b8c                Right_QuadDec_Cnt16_Enable
 .text.Right_QuadDec_Cnt16_SetInterruptMode
                0x00003b9c        0xc .\CortexM3\ARM_GCC_493\Debug\freesoc.a(Right_QuadDec_Cnt16.o)
                0x00003b9c                Right_QuadDec_Cnt16_SetInterruptMode
 .text.Right_QuadDec_Cnt16_ReadStatusRegister
                0x00003ba8        0xc .\CortexM3\ARM_GCC_493\Debug\freesoc.a(Right_QuadDec_Cnt16.o)
                0x00003ba8                Right_QuadDec_Cnt16_ReadStatusRegister
 .text.Right_QuadDec_Cnt16_WriteCounter
                0x00003bb4        0xc .\CortexM3\ARM_GCC_493\Debug\freesoc.a(Right_QuadDec_Cnt16.o)
                0x00003bb4                Right_QuadDec_Cnt16_WriteCounter
 .text.Right_QuadDec_Cnt16_ReadCounter
                0x00003bc0       0x14 .\CortexM3\ARM_GCC_493\Debug\freesoc.a(Right_QuadDec_Cnt16.o)
                0x00003bc0                Right_QuadDec_Cnt16_ReadCounter
 .text.Right_QuadDec_Cnt16_ReadCapture
                0x00003bd4        0xc .\CortexM3\ARM_GCC_493\Debug\freesoc.a(Right_QuadDec_Cnt16.o)
                0x00003bd4                Right_QuadDec_Cnt16_ReadCapture
 .text.Right_QuadDec_Cnt16_WritePeriod
                0x00003be0        0xc .\CortexM3\ARM_GCC_493\Debug\freesoc.a(Right_QuadDec_Cnt16.o)
                0x00003be0                Right_QuadDec_Cnt16_WritePeriod
 .text.Right_QuadDec_Cnt16_WriteCompare
                0x00003bec        0xc .\CortexM3\ARM_GCC_493\Debug\freesoc.a(Right_QuadDec_Cnt16.o)
                0x00003bec                Right_QuadDec_Cnt16_WriteCompare
 .text.Right_QuadDec_Cnt16_ClearFIFO
                0x00003bf8       0x14 .\CortexM3\ARM_GCC_493\Debug\freesoc.a(Right_QuadDec_Cnt16.o)
                0x00003bf8                Right_QuadDec_Cnt16_ClearFIFO
 .text.Right_QuadDec_Cnt16_Init
                0x00003c0c       0x58 .\CortexM3\ARM_GCC_493\Debug\freesoc.a(Right_QuadDec_Cnt16.o)
                0x00003c0c                Right_QuadDec_Cnt16_Init
 .text.Right_QuadDec_Cnt16_Start
                0x00003c64       0x1c .\CortexM3\ARM_GCC_493\Debug\freesoc.a(Right_QuadDec_Cnt16.o)
                0x00003c64                Right_QuadDec_Cnt16_Start
 .text.Left_QuadDec_Init
                0x00003c80       0x24 .\CortexM3\ARM_GCC_493\Debug\freesoc.a(Left_QuadDec.o)
                0x00003c80                Left_QuadDec_Init
 .text.Left_QuadDec_GetCounter
                0x00003ca4       0x2c .\CortexM3\ARM_GCC_493\Debug\freesoc.a(Left_QuadDec.o)
                0x00003ca4                Left_QuadDec_GetCounter
 .text.Left_QuadDec_SetCounter
                0x00003cd0       0x28 .\CortexM3\ARM_GCC_493\Debug\freesoc.a(Left_QuadDec.o)
                0x00003cd0                Left_QuadDec_SetCounter
 .text.Left_QuadDec_GetEvents
                0x00003cf8       0x10 .\CortexM3\ARM_GCC_493\Debug\freesoc.a(Left_QuadDec.o)
                0x00003cf8                Left_QuadDec_GetEvents
 .text.Left_QuadDec_SetInterruptMask
                0x00003d08       0x10 .\CortexM3\ARM_GCC_493\Debug\freesoc.a(Left_QuadDec.o)
                0x00003d08                Left_QuadDec_SetInterruptMask
 .text.Left_QuadDec_Enable
                0x00003d18       0x30 .\CortexM3\ARM_GCC_493\Debug\freesoc.a(Left_QuadDec.o)
                0x00003d18                Left_QuadDec_Enable
 .text.Left_QuadDec_Start
                0x00003d48       0x34 .\CortexM3\ARM_GCC_493\Debug\freesoc.a(Left_QuadDec.o)
                0x00003d48                Left_QuadDec_Start
 .text.Left_QuadDec_ISR
                0x00003d7c       0x40 .\CortexM3\ARM_GCC_493\Debug\freesoc.a(Left_QuadDec_INT.o)
                0x00003d7c                Left_QuadDec_ISR
 .text.Left_QuadDec_Cnt16_Enable
                0x00003dbc       0x10 .\CortexM3\ARM_GCC_493\Debug\freesoc.a(Left_QuadDec_Cnt16.o)
                0x00003dbc                Left_QuadDec_Cnt16_Enable
 .text.Left_QuadDec_Cnt16_SetInterruptMode
                0x00003dcc        0xc .\CortexM3\ARM_GCC_493\Debug\freesoc.a(Left_QuadDec_Cnt16.o)
                0x00003dcc                Left_QuadDec_Cnt16_SetInterruptMode
 .text.Left_QuadDec_Cnt16_ReadStatusRegister
                0x00003dd8        0xc .\CortexM3\ARM_GCC_493\Debug\freesoc.a(Left_QuadDec_Cnt16.o)
                0x00003dd8                Left_QuadDec_Cnt16_ReadStatusRegister
 .text.Left_QuadDec_Cnt16_WriteCounter
                0x00003de4        0xc .\CortexM3\ARM_GCC_493\Debug\freesoc.a(Left_QuadDec_Cnt16.o)
                0x00003de4                Left_QuadDec_Cnt16_WriteCounter
 .text.Left_QuadDec_Cnt16_ReadCounter
                0x00003df0       0x14 .\CortexM3\ARM_GCC_493\Debug\freesoc.a(Left_QuadDec_Cnt16.o)
                0x00003df0                Left_QuadDec_Cnt16_ReadCounter
 .text.Left_QuadDec_Cnt16_ReadCapture
                0x00003e04        0xc .\CortexM3\ARM_GCC_493\Debug\freesoc.a(Left_QuadDec_Cnt16.o)
                0x00003e04                Left_QuadDec_Cnt16_ReadCapture
 .text.Left_QuadDec_Cnt16_WritePeriod
                0x00003e10        0xc .\CortexM3\ARM_GCC_493\Debug\freesoc.a(Left_QuadDec_Cnt16.o)
                0x00003e10                Left_QuadDec_Cnt16_WritePeriod
 .text.Left_QuadDec_Cnt16_WriteCompare
                0x00003e1c        0xc .\CortexM3\ARM_GCC_493\Debug\freesoc.a(Left_QuadDec_Cnt16.o)
                0x00003e1c                Left_QuadDec_Cnt16_WriteCompare
 .text.Left_QuadDec_Cnt16_ClearFIFO
                0x00003e28       0x14 .\CortexM3\ARM_GCC_493\Debug\freesoc.a(Left_QuadDec_Cnt16.o)
                0x00003e28                Left_QuadDec_Cnt16_ClearFIFO
 .text.Left_QuadDec_Cnt16_Init
                0x00003e3c       0x58 .\CortexM3\ARM_GCC_493\Debug\freesoc.a(Left_QuadDec_Cnt16.o)
                0x00003e3c                Left_QuadDec_Cnt16_Init
 .text.Left_QuadDec_Cnt16_Start
                0x00003e94       0x1c .\CortexM3\ARM_GCC_493\Debug\freesoc.a(Left_QuadDec_Cnt16.o)
                0x00003e94                Left_QuadDec_Cnt16_Start
 .text.USBUART_Init
                0x00003eb0      0x140 .\CortexM3\ARM_GCC_493\Debug\freesoc.a(USBUART.o)
                0x00003eb0                USBUART_Init
 .text.USBUART_InitComponent
                0x00003ff0       0xd4 .\CortexM3\ARM_GCC_493\Debug\freesoc.a(USBUART.o)
                0x00003ff0                USBUART_InitComponent
 .text.USBUART_Start
                0x000040c4       0x24 .\CortexM3\ARM_GCC_493\Debug\freesoc.a(USBUART.o)
                0x000040c4                USBUART_Start
 .text.USBUART_ReInitComponent
                0x000040e8       0x64 .\CortexM3\ARM_GCC_493\Debug\freesoc.a(USBUART.o)
                0x000040e8                USBUART_ReInitComponent
 .text.USBUART_GetConfiguration
                0x0000414c        0xc .\CortexM3\ARM_GCC_493\Debug\freesoc.a(USBUART.o)
                0x0000414c                USBUART_GetConfiguration
 .text.USBUART_IsConfigurationChanged
                0x00004158       0x20 .\CortexM3\ARM_GCC_493\Debug\freesoc.a(USBUART.o)
                0x00004158                USBUART_IsConfigurationChanged
 .text.USBUART_GetEPState
                0x00004178       0x14 .\CortexM3\ARM_GCC_493\Debug\freesoc.a(USBUART.o)
                0x00004178                USBUART_GetEPState
 .text.USBUART_GetEPCount
                0x0000418c       0x28 .\CortexM3\ARM_GCC_493\Debug\freesoc.a(USBUART.o)
                0x0000418c                USBUART_GetEPCount
 .text.USBUART_LoadInEP
                0x000041b4       0x94 .\CortexM3\ARM_GCC_493\Debug\freesoc.a(USBUART.o)
                0x000041b4                USBUART_LoadInEP
 .text.USBUART_EnableOutEP
                0x00004248       0x2c .\CortexM3\ARM_GCC_493\Debug\freesoc.a(USBUART.o)
                0x00004248                USBUART_EnableOutEP
 .text.USBUART_ReadOutEP
                0x00004274       0x50 .\CortexM3\ARM_GCC_493\Debug\freesoc.a(USBUART.o)
                0x00004274                USBUART_ReadOutEP
 .text.USBUART_StrLen
                0x000042c4       0x14 .\CortexM3\ARM_GCC_493\Debug\freesoc.a(USBUART_cdc.o)
 .text.USBUART_GetInterfaceComPort
                0x000042d8       0x3c .\CortexM3\ARM_GCC_493\Debug\freesoc.a(USBUART_cdc.o)
                0x000042d8                USBUART_GetInterfaceComPort
 .text.USBUART_DispatchCDCClassRqst
                0x00004314       0x98 .\CortexM3\ARM_GCC_493\Debug\freesoc.a(USBUART_cdc.o)
                0x00004314                USBUART_DispatchCDCClassRqst
 .text.USBUART_CDC_Init
                0x000043ac       0x98 .\CortexM3\ARM_GCC_493\Debug\freesoc.a(USBUART_cdc.o)
                0x000043ac                USBUART_CDC_Init
 .text.USBUART_PutString
                0x00004444       0x9c .\CortexM3\ARM_GCC_493\Debug\freesoc.a(USBUART_cdc.o)
                0x00004444                USBUART_PutString
 .text.USBUART_PutChar
                0x000044e0       0x28 .\CortexM3\ARM_GCC_493\Debug\freesoc.a(USBUART_cdc.o)
                0x000044e0                USBUART_PutChar
 .text.USBUART_DataIsReady
                0x00004508       0x18 .\CortexM3\ARM_GCC_493\Debug\freesoc.a(USBUART_cdc.o)
                0x00004508                USBUART_DataIsReady
 .text.USBUART_CDCIsReady
                0x00004520       0x18 .\CortexM3\ARM_GCC_493\Debug\freesoc.a(USBUART_cdc.o)
                0x00004520                USBUART_CDCIsReady
 .text.USBUART_GetChar
                0x00004538       0x28 .\CortexM3\ARM_GCC_493\Debug\freesoc.a(USBUART_cdc.o)
                0x00004538                USBUART_GetChar
 .text.USBUART_Cdc_EpInit
                0x00004560       0x50 .\CortexM3\ARM_GCC_493\Debug\freesoc.a(USBUART_cdc.o)
                0x00004560                USBUART_Cdc_EpInit
 .text.USBUART_LoadEP0
                0x000045b0       0x94 .\CortexM3\ARM_GCC_493\Debug\freesoc.a(USBUART_drv.o)
                0x000045b0                USBUART_LoadEP0
 .text.USBUART_InitZeroLengthControlTransfer
                0x00004644       0x34 .\CortexM3\ARM_GCC_493\Debug\freesoc.a(USBUART_drv.o)
                0x00004644                USBUART_InitZeroLengthControlTransfer
 .text.USBUART_ControlReadDataStage
                0x00004678        0x8 .\CortexM3\ARM_GCC_493\Debug\freesoc.a(USBUART_drv.o)
                0x00004678                USBUART_ControlReadDataStage
 .text.USBUART_ControlWriteDataStage
                0x00004680       0x80 .\CortexM3\ARM_GCC_493\Debug\freesoc.a(USBUART_drv.o)
                0x00004680                USBUART_ControlWriteDataStage
 .text.USBUART_InitNoDataControlTransfer
                0x00004700       0x2c .\CortexM3\ARM_GCC_493\Debug\freesoc.a(USBUART_drv.o)
                0x00004700                USBUART_InitNoDataControlTransfer
 .text.USBUART_UpdateStatusBlock
                0x0000472c       0x24 .\CortexM3\ARM_GCC_493\Debug\freesoc.a(USBUART_drv.o)
                0x0000472c                USBUART_UpdateStatusBlock
 .text.USBUART_HandleSetup
                0x00004750       0x5c .\CortexM3\ARM_GCC_493\Debug\freesoc.a(USBUART_drv.o)
                0x00004750                USBUART_HandleSetup
 .text.USBUART_ControlReadStatusStage
                0x000047ac       0x34 .\CortexM3\ARM_GCC_493\Debug\freesoc.a(USBUART_drv.o)
                0x000047ac                USBUART_ControlReadStatusStage
 .text.USBUART_HandleOUT
                0x000047e0       0x38 .\CortexM3\ARM_GCC_493\Debug\freesoc.a(USBUART_drv.o)
                0x000047e0                USBUART_HandleOUT
 .text.USBUART_ControlWriteStatusStage
                0x00004818       0x20 .\CortexM3\ARM_GCC_493\Debug\freesoc.a(USBUART_drv.o)
                0x00004818                USBUART_ControlWriteStatusStage
 .text.USBUART_NoDataControlStatusStage
                0x00004838       0x40 .\CortexM3\ARM_GCC_493\Debug\freesoc.a(USBUART_drv.o)
                0x00004838                USBUART_NoDataControlStatusStage
 .text.USBUART_HandleIN
                0x00004878       0x2c .\CortexM3\ARM_GCC_493\Debug\freesoc.a(USBUART_drv.o)
                0x00004878                USBUART_HandleIN
 .text.USBUART_EP_0_ISR
                0x000048a4       0xb8 .\CortexM3\ARM_GCC_493\Debug\freesoc.a(USBUART_drv.o)
                0x000048a4                USBUART_EP_0_ISR
 .text.USBUART_InitializeStatusBlock
                0x0000495c       0x24 .\CortexM3\ARM_GCC_493\Debug\freesoc.a(USBUART_drv.o)
                0x0000495c                USBUART_InitializeStatusBlock
 .text.USBUART_InitControlRead
                0x00004980       0x50 .\CortexM3\ARM_GCC_493\Debug\freesoc.a(USBUART_drv.o)
                0x00004980                USBUART_InitControlRead
 .text.USBUART_InitControlWrite
                0x000049d0       0x48 .\CortexM3\ARM_GCC_493\Debug\freesoc.a(USBUART_drv.o)
                0x000049d0                USBUART_InitControlWrite
 .text.USBUART_EP_1_ISR
                0x00004a18       0x38 .\CortexM3\ARM_GCC_493\Debug\freesoc.a(USBUART_episr.o)
                0x00004a18                USBUART_EP_1_ISR
 .text.USBUART_EP_2_ISR
                0x00004a50       0x3c .\CortexM3\ARM_GCC_493\Debug\freesoc.a(USBUART_episr.o)
                0x00004a50                USBUART_EP_2_ISR
 .text.USBUART_EP_3_ISR
                0x00004a8c       0x44 .\CortexM3\ARM_GCC_493\Debug\freesoc.a(USBUART_episr.o)
                0x00004a8c                USBUART_EP_3_ISR
 .text.USBUART_SOF_ISR
                0x00004ad0        0x4 .\CortexM3\ARM_GCC_493\Debug\freesoc.a(USBUART_episr.o)
                0x00004ad0                USBUART_SOF_ISR
 .text.USBUART_BUS_RESET_ISR
                0x00004ad4        0x8 .\CortexM3\ARM_GCC_493\Debug\freesoc.a(USBUART_episr.o)
                0x00004ad4                USBUART_BUS_RESET_ISR
 .text.USBUART_FindHidClassDecriptor
                0x00004adc       0x40 .\CortexM3\ARM_GCC_493\Debug\freesoc.a(USBUART_hid.o)
                0x00004adc                USBUART_FindHidClassDecriptor
 .text.USBUART_FindReportDescriptor
                0x00004b1c       0x48 .\CortexM3\ARM_GCC_493\Debug\freesoc.a(USBUART_hid.o)
                0x00004b1c                USBUART_FindReportDescriptor
 .text.USBUART_FindReport
                0x00004b64       0x7c .\CortexM3\ARM_GCC_493\Debug\freesoc.a(USBUART_hid.o)
                0x00004b64                USBUART_FindReport
 .text.USBUART_DispatchHIDClassRqst
                0x00004be0      0x184 .\CortexM3\ARM_GCC_493\Debug\freesoc.a(USBUART_hid.o)
                0x00004be0                USBUART_DispatchHIDClassRqst
 .text.USBUART_DP_ISR
                0x00004d64        0x8 .\CortexM3\ARM_GCC_493\Debug\freesoc.a(USBUART_pm.o)
                0x00004d64                USBUART_DP_ISR
 .text.USBUART_ReadDieID
                0x00004d6c       0x6c .\CortexM3\ARM_GCC_493\Debug\freesoc.a(USBUART_std.o)
                0x00004d6c                USBUART_ReadDieID
 .text.USBUART_ConfigReg
                0x00004dd8       0xa4 .\CortexM3\ARM_GCC_493\Debug\freesoc.a(USBUART_std.o)
                0x00004dd8                USBUART_ConfigReg
 .text.USBUART_GetConfigTablePtr
                0x00004e7c       0x28 .\CortexM3\ARM_GCC_493\Debug\freesoc.a(USBUART_std.o)
                0x00004e7c                USBUART_GetConfigTablePtr
 .text.USBUART_ConfigAltChanged
                0x00004ea4      0x11c .\CortexM3\ARM_GCC_493\Debug\freesoc.a(USBUART_std.o)
                0x00004ea4                USBUART_ConfigAltChanged
 .text.USBUART_GetDeviceTablePtr
                0x00004fc0       0x18 .\CortexM3\ARM_GCC_493\Debug\freesoc.a(USBUART_std.o)
                0x00004fc0                USBUART_GetDeviceTablePtr
 .text.USBUART_GetInterfaceClassTablePtr
                0x00004fd8       0x24 .\CortexM3\ARM_GCC_493\Debug\freesoc.a(USBUART_std.o)
                0x00004fd8                USBUART_GetInterfaceClassTablePtr
 .text.USBUART_Config
                0x00004ffc      0x1dc .\CortexM3\ARM_GCC_493\Debug\freesoc.a(USBUART_std.o)
                0x00004ffc                USBUART_Config
 .text.USBUART_SetEndpointHalt
                0x000051d8       0x64 .\CortexM3\ARM_GCC_493\Debug\freesoc.a(USBUART_std.o)
                0x000051d8                USBUART_SetEndpointHalt
 .text.USBUART_ClearEndpointHalt
                0x0000523c       0xa8 .\CortexM3\ARM_GCC_493\Debug\freesoc.a(USBUART_std.o)
                0x0000523c                USBUART_ClearEndpointHalt
 .text.USBUART_ValidateAlternateSetting
                0x000052e4       0x4c .\CortexM3\ARM_GCC_493\Debug\freesoc.a(USBUART_std.o)
                0x000052e4                USBUART_ValidateAlternateSetting
 .text.USBUART_HandleStandardRqst
                0x00005330      0x35c .\CortexM3\ARM_GCC_493\Debug\freesoc.a(USBUART_std.o)
                0x00005330                USBUART_HandleStandardRqst
 .text.USBUART_HandleVendorRqst
                0x0000568c       0x3c .\CortexM3\ARM_GCC_493\Debug\freesoc.a(USBUART_vnd.o)
                0x0000568c                USBUART_HandleVendorRqst
 .text.USBUART_Dp_ClearInterrupt
                0x000056c8       0x10 .\CortexM3\ARM_GCC_493\Debug\freesoc.a(USBUART_Dp.o)
                0x000056c8                USBUART_Dp_ClearInterrupt
 .text.CyFlashGetSpcAlgorithm
                0x000056d8       0x4c .\CortexM3\ARM_GCC_493\Debug\freesoc.a(CyFlash.o)
 .text.CySetTempInt
                0x00005724       0x60 .\CortexM3\ARM_GCC_493\Debug\freesoc.a(CyFlash.o)
 .text.CySetTemp
                0x00005784       0x14 .\CortexM3\ARM_GCC_493\Debug\freesoc.a(CyFlash.o)
                0x00005784                CySetTemp
 .text.CyEEPROM_Start
                0x00005798       0x54 .\CortexM3\ARM_GCC_493\Debug\freesoc.a(CyFlash.o)
                0x00005798                CyEEPROM_Start
 .text.CySpcStart
                0x000057ec       0x24 .\CortexM3\ARM_GCC_493\Debug\freesoc.a(CySpc.o)
                0x000057ec                CySpcStart
 .text.CySpcReadData
                0x00005810       0x34 .\CortexM3\ARM_GCC_493\Debug\freesoc.a(CySpc.o)
                0x00005810                CySpcReadData
 .text.CySpcLoadMultiByte
                0x00005844       0x78 .\CortexM3\ARM_GCC_493\Debug\freesoc.a(CySpc.o)
                0x00005844                CySpcLoadMultiByte
 .text.CySpcLoadRow
                0x000058bc       0x54 .\CortexM3\ARM_GCC_493\Debug\freesoc.a(CySpc.o)
                0x000058bc                CySpcLoadRow
 .text.CySpcWriteRow
                0x00005910       0x4c .\CortexM3\ARM_GCC_493\Debug\freesoc.a(CySpc.o)
                0x00005910                CySpcWriteRow
 .text.CySpcGetTemp
                0x0000595c       0x3c .\CortexM3\ARM_GCC_493\Debug\freesoc.a(CySpc.o)
                0x0000595c                CySpcGetTemp
 .text.CySpcLock
                0x00005998       0x4c .\CortexM3\ARM_GCC_493\Debug\freesoc.a(CySpc.o)
                0x00005998                CySpcLock
 .text.CySpcUnlock
                0x000059e4       0x38 .\CortexM3\ARM_GCC_493\Debug\freesoc.a(CySpc.o)
                0x000059e4                CySpcUnlock
 .text.CySpcGetAlgorithm
                0x00005a1c       0x28 .\CortexM3\ARM_GCC_493\Debug\freesoc.a(CySpc.o)
                0x00005a1c                CySpcGetAlgorithm
 .text.USBUART_DispatchClassRqst
                0x00005a44       0x60 .\CortexM3\ARM_GCC_493\Debug\freesoc.a(USBUART_cls.o)
                0x00005a44                USBUART_DispatchClassRqst
 .text.cos      0x00005aa4       0x90 c:/program files (x86)/cypress/psoc creator/3.3/psoc creator/import/gnu/arm/4.9.3/bin/../lib/gcc/arm-none-eabi/4.9.3/../../../../arm-none-eabi/lib/armv7-m\libm.a(lib_a-s_cos.o)
                0x00005aa4                cos
 .text.sin      0x00005b34       0x94 c:/program files (x86)/cypress/psoc creator/3.3/psoc creator/import/gnu/arm/4.9.3/bin/../lib/gcc/arm-none-eabi/4.9.3/../../../../arm-none-eabi/lib/armv7-m\libm.a(lib_a-s_sin.o)
                0x00005b34                sin
 .text.pow      0x00005bc8      0x2f0 c:/program files (x86)/cypress/psoc creator/3.3/psoc creator/import/gnu/arm/4.9.3/bin/../lib/gcc/arm-none-eabi/4.9.3/../../../../arm-none-eabi/lib/armv7-m\libm.a(lib_a-w_pow.o)
                0x00005bc8                pow
 .text.sqrt     0x00005eb8       0xac c:/program files (x86)/cypress/psoc creator/3.3/psoc creator/import/gnu/arm/4.9.3/bin/../lib/gcc/arm-none-eabi/4.9.3/../../../../arm-none-eabi/lib/armv7-m\libm.a(lib_a-w_sqrt.o)
                0x00005eb8                sqrt
 *fill*         0x00005f64        0x4 
 .text.__ieee754_pow
                0x00005f68      0xaa0 c:/program files (x86)/cypress/psoc creator/3.3/psoc creator/import/gnu/arm/4.9.3/bin/../lib/gcc/arm-none-eabi/4.9.3/../../../../arm-none-eabi/lib/armv7-m\libm.a(lib_a-e_pow.o)
                0x00005f68                __ieee754_pow
 .text.__ieee754_rem_pio2
                0x00006a08      0x428 c:/program files (x86)/cypress/psoc creator/3.3/psoc creator/import/gnu/arm/4.9.3/bin/../lib/gcc/arm-none-eabi/4.9.3/../../../../arm-none-eabi/lib/armv7-m\libm.a(lib_a-e_rem_pio2.o)
                0x00006a08                __ieee754_rem_pio2
 .text.__ieee754_sqrt
                0x00006e30      0x18c c:/program files (x86)/cypress/psoc creator/3.3/psoc creator/import/gnu/arm/4.9.3/bin/../lib/gcc/arm-none-eabi/4.9.3/../../../../arm-none-eabi/lib/armv7-m\libm.a(lib_a-e_sqrt.o)
                0x00006e30                __ieee754_sqrt
 *fill*         0x00006fbc        0x4 
 .text.__kernel_cos
                0x00006fc0      0x248 c:/program files (x86)/cypress/psoc creator/3.3/psoc creator/import/gnu/arm/4.9.3/bin/../lib/gcc/arm-none-eabi/4.9.3/../../../../arm-none-eabi/lib/armv7-m\libm.a(lib_a-k_cos.o)
                0x00006fc0                __kernel_cos
 .text.__kernel_rem_pio2
                0x00007208      0x808 c:/program files (x86)/cypress/psoc creator/3.3/psoc creator/import/gnu/arm/4.9.3/bin/../lib/gcc/arm-none-eabi/4.9.3/../../../../arm-none-eabi/lib/armv7-m\libm.a(lib_a-k_rem_pio2.o)
                0x00007208                __kernel_rem_pio2
 .text.__kernel_sin
                0x00007a10      0x170 c:/program files (x86)/cypress/psoc creator/3.3/psoc creator/import/gnu/arm/4.9.3/bin/../lib/gcc/arm-none-eabi/4.9.3/../../../../arm-none-eabi/lib/armv7-m\libm.a(lib_a-k_sin.o)
                0x00007a10                __kernel_sin
 .text.fabs     0x00007b80        0x8 c:/program files (x86)/cypress/psoc creator/3.3/psoc creator/import/gnu/arm/4.9.3/bin/../lib/gcc/arm-none-eabi/4.9.3/../../../../arm-none-eabi/lib/armv7-m\libm.a(lib_a-s_fabs.o)
                0x00007b80                fabs
 .text.finite   0x00007b88        0xc c:/program files (x86)/cypress/psoc creator/3.3/psoc creator/import/gnu/arm/4.9.3/bin/../lib/gcc/arm-none-eabi/4.9.3/../../../../arm-none-eabi/lib/armv7-m\libm.a(lib_a-s_finite.o)
                0x00007b88                finite
 *fill*         0x00007b94        0x4 
 .text.floor    0x00007b98      0x118 c:/program files (x86)/cypress/psoc creator/3.3/psoc creator/import/gnu/arm/4.9.3/bin/../lib/gcc/arm-none-eabi/4.9.3/../../../../arm-none-eabi/lib/armv7-m\libm.a(lib_a-s_floor.o)
                0x00007b98                floor
 .text.__fpclassifyd
                0x00007cb0       0x58 c:/program files (x86)/cypress/psoc creator/3.3/psoc creator/import/gnu/arm/4.9.3/bin/../lib/gcc/arm-none-eabi/4.9.3/../../../../arm-none-eabi/lib/armv7-m\libm.a(lib_a-s_fpclassify.o)
                0x00007cb0                __fpclassifyd
 .text.matherr  0x00007d08        0x4 c:/program files (x86)/cypress/psoc creator/3.3/psoc creator/import/gnu/arm/4.9.3/bin/../lib/gcc/arm-none-eabi/4.9.3/../../../../arm-none-eabi/lib/armv7-m\libm.a(lib_a-s_matherr.o)
                0x00007d08                matherr
 .text.nan      0x00007d0c        0xc c:/program files (x86)/cypress/psoc creator/3.3/psoc creator/import/gnu/arm/4.9.3/bin/../lib/gcc/arm-none-eabi/4.9.3/../../../../arm-none-eabi/lib/armv7-m\libm.a(lib_a-s_nan.o)
                0x00007d0c                nan
 .text.rint     0x00007d18      0x11c c:/program files (x86)/cypress/psoc creator/3.3/psoc creator/import/gnu/arm/4.9.3/bin/../lib/gcc/arm-none-eabi/4.9.3/../../../../arm-none-eabi/lib/armv7-m\libm.a(lib_a-s_rint.o)
                0x00007d18                rint
 *fill*         0x00007e34        0x4 
 .text.scalbn   0x00007e38       0xf0 c:/program files (x86)/cypress/psoc creator/3.3/psoc creator/import/gnu/arm/4.9.3/bin/../lib/gcc/arm-none-eabi/4.9.3/../../../../arm-none-eabi/lib/armv7-m\libm.a(lib_a-s_scalbn.o)
                0x00007e38                scalbn
 .text.copysign
                0x00007f28       0x10 c:/program files (x86)/cypress/psoc creator/3.3/psoc creator/import/gnu/arm/4.9.3/bin/../lib/gcc/arm-none-eabi/4.9.3/../../../../arm-none-eabi/lib/armv7-m\libm.a(lib_a-s_copysign.o)
                0x00007f28                copysign
 .text          0x00007f38      0x370 c:/program files (x86)/cypress/psoc creator/3.3/psoc creator/import/gnu/arm/4.9.3/bin/../lib/gcc/arm-none-eabi/4.9.3/armv7-m\libgcc.a(_arm_addsubdf3.o)
                0x00007f38                __aeabi_drsub
                0x00007f40                __aeabi_dsub
                0x00007f40                __subdf3
                0x00007f44                __aeabi_dadd
                0x00007f44                __adddf3
                0x000081bc                __floatunsidf
                0x000081bc                __aeabi_ui2d
                0x000081dc                __floatsidf
                0x000081dc                __aeabi_i2d
                0x00008200                __aeabi_f2d
                0x00008200                __extendsfdf2
                0x0000823c                __floatundidf
                0x0000823c                __aeabi_ul2d
                0x0000824c                __floatdidf
                0x0000824c                __aeabi_l2d
 .text          0x000082a8      0x424 c:/program files (x86)/cypress/psoc creator/3.3/psoc creator/import/gnu/arm/4.9.3/bin/../lib/gcc/arm-none-eabi/4.9.3/armv7-m\libgcc.a(_arm_muldivdf3.o)
                0x000082a8                __aeabi_dmul
                0x000082a8                __muldf3
                0x000084fc                __divdf3
                0x000084fc                __aeabi_ddiv
 .text          0x000086cc      0x110 c:/program files (x86)/cypress/psoc creator/3.3/psoc creator/import/gnu/arm/4.9.3/bin/../lib/gcc/arm-none-eabi/4.9.3/armv7-m\libgcc.a(_arm_cmpdf2.o)
                0x000086cc                __gtdf2
                0x000086cc                __gedf2
                0x000086d4                __ltdf2
                0x000086d4                __ledf2
                0x000086dc                __nedf2
                0x000086dc                __eqdf2
                0x000086dc                __cmpdf2
                0x00008758                __aeabi_cdrcmple
                0x00008768                __aeabi_cdcmpeq
                0x00008768                __aeabi_cdcmple
                0x00008778                __aeabi_dcmpeq
                0x0000878c                __aeabi_dcmplt
                0x000087a0                __aeabi_dcmple
                0x000087b4                __aeabi_dcmpge
                0x000087c8                __aeabi_dcmpgt
 .text          0x000087dc       0x50 c:/program files (x86)/cypress/psoc creator/3.3/psoc creator/import/gnu/arm/4.9.3/bin/../lib/gcc/arm-none-eabi/4.9.3/armv7-m\libgcc.a(_arm_fixdfsi.o)
                0x000087dc                __aeabi_d2iz
                0x000087dc                __fixdfsi
 .text          0x0000882c       0x40 c:/program files (x86)/cypress/psoc creator/3.3/psoc creator/import/gnu/arm/4.9.3/bin/../lib/gcc/arm-none-eabi/4.9.3/armv7-m\libgcc.a(_arm_fixunsdfsi.o)
                0x0000882c                __aeabi_d2uiz
                0x0000882c                __fixunsdfsi
 .text          0x0000886c       0xa0 c:/program files (x86)/cypress/psoc creator/3.3/psoc creator/import/gnu/arm/4.9.3/bin/../lib/gcc/arm-none-eabi/4.9.3/armv7-m\libgcc.a(_arm_truncdfsf2.o)
                0x0000886c                __truncdfsf2
                0x0000886c                __aeabi_d2f
 .text          0x0000890c      0x21c c:/program files (x86)/cypress/psoc creator/3.3/psoc creator/import/gnu/arm/4.9.3/bin/../lib/gcc/arm-none-eabi/4.9.3/armv7-m\libgcc.a(_arm_addsubsf3.o)
                0x0000890c                __aeabi_frsub
                0x00008914                __subsf3
                0x00008914                __aeabi_fsub
                0x00008918                __aeabi_fadd
                0x00008918                __addsf3
                0x00008a78                __aeabi_ui2f
                0x00008a78                __floatunsisf
                0x00008a80                __aeabi_i2f
                0x00008a80                __floatsisf
                0x00008a9c                __aeabi_ul2f
                0x00008a9c                __floatundisf
                0x00008aac                __aeabi_l2f
                0x00008aac                __floatdisf
 .text          0x00008b28      0x2a0 c:/program files (x86)/cypress/psoc creator/3.3/psoc creator/import/gnu/arm/4.9.3/bin/../lib/gcc/arm-none-eabi/4.9.3/armv7-m\libgcc.a(_arm_muldivsf3.o)
                0x00008b28                __mulsf3
                0x00008b28                __aeabi_fmul
                0x00008c90                __aeabi_fdiv
                0x00008c90                __divsf3
 .text          0x00008dc8       0xec c:/program files (x86)/cypress/psoc creator/3.3/psoc creator/import/gnu/arm/4.9.3/bin/../lib/gcc/arm-none-eabi/4.9.3/armv7-m\libgcc.a(_arm_cmpsf2.o)
                0x00008dc8                __gesf2
                0x00008dc8                __gtsf2
                0x00008dd0                __lesf2
                0x00008dd0                __ltsf2
                0x00008dd8                __nesf2
                0x00008dd8                __eqsf2
                0x00008dd8                __cmpsf2
                0x00008e38                __aeabi_cfrcmple
                0x00008e40                __aeabi_cfcmpeq
                0x00008e40                __aeabi_cfcmple
                0x00008e50                __aeabi_fcmpeq
                0x00008e64                __aeabi_fcmplt
                0x00008e78                __aeabi_fcmple
                0x00008e8c                __aeabi_fcmpge
                0x00008ea0                __aeabi_fcmpgt
 .text          0x00008eb4       0x4c c:/program files (x86)/cypress/psoc creator/3.3/psoc creator/import/gnu/arm/4.9.3/bin/../lib/gcc/arm-none-eabi/4.9.3/armv7-m\libgcc.a(_arm_fixsfsi.o)
                0x00008eb4                __aeabi_f2iz
                0x00008eb4                __fixsfsi
 .text.__assert_func
                0x00008f00       0x38 c:/program files (x86)/cypress/psoc creator/3.3/psoc creator/import/gnu/arm/4.9.3/bin/../lib/gcc/arm-none-eabi/4.9.3/../../../../arm-none-eabi/lib/armv7-m\libg_nano.a(lib_a-assert.o)
                0x00008f00                __assert_func
 .text.atof     0x00008f38        0x6 c:/program files (x86)/cypress/psoc creator/3.3/psoc creator/import/gnu/arm/4.9.3/bin/../lib/gcc/arm-none-eabi/4.9.3/../../../../arm-none-eabi/lib/armv7-m\libg_nano.a(lib_a-atof.o)
                0x00008f38                atof
 *fill*         0x00008f3e        0x2 
 .text.__errno  0x00008f40        0xc c:/program files (x86)/cypress/psoc creator/3.3/psoc creator/import/gnu/arm/4.9.3/bin/../lib/gcc/arm-none-eabi/4.9.3/../../../../arm-none-eabi/lib/armv7-m\libg_nano.a(lib_a-errno.o)
                0x00008f40                __errno
 .text.fprintf  0x00008f4c       0x24 c:/program files (x86)/cypress/psoc creator/3.3/psoc creator/import/gnu/arm/4.9.3/bin/../lib/gcc/arm-none-eabi/4.9.3/../../../../arm-none-eabi/lib/armv7-m\libg_nano.a(lib_a-fprintf.o)
                0x00008f4c                fiprintf
                0x00008f4c                fprintf
 .text.__libc_init_array
                0x00008f70       0x4c c:/program files (x86)/cypress/psoc creator/3.3/psoc creator/import/gnu/arm/4.9.3/bin/../lib/gcc/arm-none-eabi/4.9.3/../../../../arm-none-eabi/lib/armv7-m\libg_nano.a(lib_a-init.o)
                0x00008f70                __libc_init_array
 .text.__itoa   0x00008fbc       0x2e c:/program files (x86)/cypress/psoc creator/3.3/psoc creator/import/gnu/arm/4.9.3/bin/../lib/gcc/arm-none-eabi/4.9.3/../../../../arm-none-eabi/lib/armv7-m\libg_nano.a(lib_a-itoa.o)
                0x00008fbc                __itoa
 .text.itoa     0x00008fea        0x4 c:/program files (x86)/cypress/psoc creator/3.3/psoc creator/import/gnu/arm/4.9.3/bin/../lib/gcc/arm-none-eabi/4.9.3/../../../../arm-none-eabi/lib/armv7-m\libg_nano.a(lib_a-itoa.o)
                0x00008fea                itoa
 .text.memcpy   0x00008fee       0x16 c:/program files (x86)/cypress/psoc creator/3.3/psoc creator/import/gnu/arm/4.9.3/bin/../lib/gcc/arm-none-eabi/4.9.3/../../../../arm-none-eabi/lib/armv7-m\libg_nano.a(lib_a-memcpy.o)
                0x00008fee                memcpy
 .text.memset   0x00009004       0x10 c:/program files (x86)/cypress/psoc creator/3.3/psoc creator/import/gnu/arm/4.9.3/bin/../lib/gcc/arm-none-eabi/4.9.3/../../../../arm-none-eabi/lib/armv7-m\libg_nano.a(lib_a-memset.o)
                0x00009004                memset
 .text.__sfputc_r
                0x00009014       0x2c c:/program files (x86)/cypress/psoc creator/3.3/psoc creator/import/gnu/arm/4.9.3/bin/../lib/gcc/arm-none-eabi/4.9.3/../../../../arm-none-eabi/lib/armv7-m\libg_nano.a(lib_a-nano-vfprintf.o)
 .text.__sfputs_r
                0x00009040       0x24 c:/program files (x86)/cypress/psoc creator/3.3/psoc creator/import/gnu/arm/4.9.3/bin/../lib/gcc/arm-none-eabi/4.9.3/../../../../arm-none-eabi/lib/armv7-m\libg_nano.a(lib_a-nano-vfprintf.o)
                0x00009040                __sfputs_r
 .text._vfprintf_r
                0x00009064      0x210 c:/program files (x86)/cypress/psoc creator/3.3/psoc creator/import/gnu/arm/4.9.3/bin/../lib/gcc/arm-none-eabi/4.9.3/../../../../arm-none-eabi/lib/armv7-m\libg_nano.a(lib_a-nano-vfprintf.o)
                0x00009064                _vfprintf_r
                0x00009064                _vfiprintf_r
 .text.__cvt    0x00009274       0xbc c:/program files (x86)/cypress/psoc creator/3.3/psoc creator/import/gnu/arm/4.9.3/bin/../lib/gcc/arm-none-eabi/4.9.3/../../../../arm-none-eabi/lib/armv7-m\libg_nano.a(lib_a-nano-vfprintf_float.o)
                0x00009274                __cvt
 .text.__exponent
                0x00009330       0x62 c:/program files (x86)/cypress/psoc creator/3.3/psoc creator/import/gnu/arm/4.9.3/bin/../lib/gcc/arm-none-eabi/4.9.3/../../../../arm-none-eabi/lib/armv7-m\libg_nano.a(lib_a-nano-vfprintf_float.o)
                0x00009330                __exponent
 *fill*         0x00009392        0x2 
 .text._printf_float
                0x00009394      0x48c c:/program files (x86)/cypress/psoc creator/3.3/psoc creator/import/gnu/arm/4.9.3/bin/../lib/gcc/arm-none-eabi/4.9.3/../../../../arm-none-eabi/lib/armv7-m\libg_nano.a(lib_a-nano-vfprintf_float.o)
                0x00009394                _printf_float
 .text._printf_common
                0x00009820       0xea c:/program files (x86)/cypress/psoc creator/3.3/psoc creator/import/gnu/arm/4.9.3/bin/../lib/gcc/arm-none-eabi/4.9.3/../../../../arm-none-eabi/lib/armv7-m\libg_nano.a(lib_a-nano-vfprintf_i.o)
                0x00009820                _printf_common
 *fill*         0x0000990a        0x2 
 .text._printf_i
                0x0000990c      0x240 c:/program files (x86)/cypress/psoc creator/3.3/psoc creator/import/gnu/arm/4.9.3/bin/../lib/gcc/arm-none-eabi/4.9.3/../../../../arm-none-eabi/lib/armv7-m\libg_nano.a(lib_a-nano-vfprintf_i.o)
                0x0000990c                _printf_i
 .text.snprintf
                0x00009b4c       0x64 c:/program files (x86)/cypress/psoc creator/3.3/psoc creator/import/gnu/arm/4.9.3/bin/../lib/gcc/arm-none-eabi/4.9.3/../../../../arm-none-eabi/lib/armv7-m\libg_nano.a(lib_a-snprintf.o)
                0x00009b4c                sniprintf
                0x00009b4c                snprintf
 .text.sprintf  0x00009bb0       0x48 c:/program files (x86)/cypress/psoc creator/3.3/psoc creator/import/gnu/arm/4.9.3/bin/../lib/gcc/arm-none-eabi/4.9.3/../../../../arm-none-eabi/lib/armv7-m\libg_nano.a(lib_a-sprintf.o)
                0x00009bb0                siprintf
                0x00009bb0                sprintf
 .text.strlen   0x00009bf8       0x10 c:/program files (x86)/cypress/psoc creator/3.3/psoc creator/import/gnu/arm/4.9.3/bin/../lib/gcc/arm-none-eabi/4.9.3/../../../../arm-none-eabi/lib/armv7-m\libg_nano.a(lib_a-strlen.o)
                0x00009bf8                strlen
 .text.match    0x00009c08       0x26 c:/program files (x86)/cypress/psoc creator/3.3/psoc creator/import/gnu/arm/4.9.3/bin/../lib/gcc/arm-none-eabi/4.9.3/../../../../arm-none-eabi/lib/armv7-m\libg_nano.a(lib_a-strtod.o)
 .text.sulp     0x00009c2e       0x42 c:/program files (x86)/cypress/psoc creator/3.3/psoc creator/import/gnu/arm/4.9.3/bin/../lib/gcc/arm-none-eabi/4.9.3/../../../../arm-none-eabi/lib/armv7-m\libg_nano.a(lib_a-strtod.o)
 .text._strtod_r
                0x00009c70      0xc40 c:/program files (x86)/cypress/psoc creator/3.3/psoc creator/import/gnu/arm/4.9.3/bin/../lib/gcc/arm-none-eabi/4.9.3/../../../../arm-none-eabi/lib/armv7-m\libg_nano.a(lib_a-strtod.o)
                0x00009c70                _strtod_r
 .text.strtod   0x0000a8b0       0x14 c:/program files (x86)/cypress/psoc creator/3.3/psoc creator/import/gnu/arm/4.9.3/bin/../lib/gcc/arm-none-eabi/4.9.3/../../../../arm-none-eabi/lib/armv7-m\libg_nano.a(lib_a-strtod.o)
                0x0000a8b0                strtod
 .text.__utoa   0x0000a8c4       0x78 c:/program files (x86)/cypress/psoc creator/3.3/psoc creator/import/gnu/arm/4.9.3/bin/../lib/gcc/arm-none-eabi/4.9.3/../../../../arm-none-eabi/lib/armv7-m\libg_nano.a(lib_a-utoa.o)
                0x0000a8c4                __utoa
 .text.__swbuf_r
                0x0000a93c       0xa8 c:/program files (x86)/cypress/psoc creator/3.3/psoc creator/import/gnu/arm/4.9.3/bin/../lib/gcc/arm-none-eabi/4.9.3/../../../../arm-none-eabi/lib/armv7-m\libg_nano.a(lib_a-wbuf.o)
                0x0000a93c                __swbuf_r
 .text.__swsetup_r
                0x0000a9e4       0xd8 c:/program files (x86)/cypress/psoc creator/3.3/psoc creator/import/gnu/arm/4.9.3/bin/../lib/gcc/arm-none-eabi/4.9.3/../../../../arm-none-eabi/lib/armv7-m\libg_nano.a(lib_a-wsetup.o)
                0x0000a9e4                __swsetup_r
 .text.abort    0x0000aabc        0xe c:/program files (x86)/cypress/psoc creator/3.3/psoc creator/import/gnu/arm/4.9.3/bin/../lib/gcc/arm-none-eabi/4.9.3/../../../../arm-none-eabi/lib/armv7-m\libg_nano.a(lib_a-abort.o)
                0x0000aabc                abort
 .text.quorem   0x0000aaca      0x114 c:/program files (x86)/cypress/psoc creator/3.3/psoc creator/import/gnu/arm/4.9.3/bin/../lib/gcc/arm-none-eabi/4.9.3/../../../../arm-none-eabi/lib/armv7-m\libg_nano.a(lib_a-dtoa.o)
 *fill*         0x0000abde        0x2 
 .text._dtoa_r  0x0000abe0      0xb78 c:/program files (x86)/cypress/psoc creator/3.3/psoc creator/import/gnu/arm/4.9.3/bin/../lib/gcc/arm-none-eabi/4.9.3/../../../../arm-none-eabi/lib/armv7-m\libg_nano.a(lib_a-dtoa.o)
                0x0000abe0                _dtoa_r
 .text.__sflush_r
                0x0000b758      0x106 c:/program files (x86)/cypress/psoc creator/3.3/psoc creator/import/gnu/arm/4.9.3/bin/../lib/gcc/arm-none-eabi/4.9.3/../../../../arm-none-eabi/lib/armv7-m\libg_nano.a(lib_a-fflush.o)
                0x0000b758                __sflush_r
 *fill*         0x0000b85e        0x2 
 .text._fflush_r
                0x0000b860       0x54 c:/program files (x86)/cypress/psoc creator/3.3/psoc creator/import/gnu/arm/4.9.3/bin/../lib/gcc/arm-none-eabi/4.9.3/../../../../arm-none-eabi/lib/armv7-m\libg_nano.a(lib_a-fflush.o)
                0x0000b860                _fflush_r
 .text._cleanup_r
                0x0000b8b4        0xc c:/program files (x86)/cypress/psoc creator/3.3/psoc creator/import/gnu/arm/4.9.3/bin/../lib/gcc/arm-none-eabi/4.9.3/../../../../arm-none-eabi/lib/armv7-m\libg_nano.a(lib_a-findfp.o)
                0x0000b8b4                _cleanup_r
 .text.std.isra.0
                0x0000b8c0       0x48 c:/program files (x86)/cypress/psoc creator/3.3/psoc creator/import/gnu/arm/4.9.3/bin/../lib/gcc/arm-none-eabi/4.9.3/../../../../arm-none-eabi/lib/armv7-m\libg_nano.a(lib_a-findfp.o)
 .text.__sfmoreglue
                0x0000b908       0x2c c:/program files (x86)/cypress/psoc creator/3.3/psoc creator/import/gnu/arm/4.9.3/bin/../lib/gcc/arm-none-eabi/4.9.3/../../../../arm-none-eabi/lib/armv7-m\libg_nano.a(lib_a-findfp.o)
                0x0000b908                __sfmoreglue
 .text.__sinit  0x0000b934       0x60 c:/program files (x86)/cypress/psoc creator/3.3/psoc creator/import/gnu/arm/4.9.3/bin/../lib/gcc/arm-none-eabi/4.9.3/../../../../arm-none-eabi/lib/armv7-m\libg_nano.a(lib_a-findfp.o)
                0x0000b934                __sinit
 .text.__sfp    0x0000b994       0x74 c:/program files (x86)/cypress/psoc creator/3.3/psoc creator/import/gnu/arm/4.9.3/bin/../lib/gcc/arm-none-eabi/4.9.3/../../../../arm-none-eabi/lib/armv7-m\libg_nano.a(lib_a-findfp.o)
                0x0000b994                __sfp
 .text._fwalk_reent
                0x0000ba08       0x3c c:/program files (x86)/cypress/psoc creator/3.3/psoc creator/import/gnu/arm/4.9.3/bin/../lib/gcc/arm-none-eabi/4.9.3/../../../../arm-none-eabi/lib/armv7-m\libg_nano.a(lib_a-fwalk.o)
                0x0000ba08                _fwalk_reent
 .text.rshift   0x0000ba44       0x6c c:/program files (x86)/cypress/psoc creator/3.3/psoc creator/import/gnu/arm/4.9.3/bin/../lib/gcc/arm-none-eabi/4.9.3/../../../../arm-none-eabi/lib/armv7-m\libg_nano.a(lib_a-gdtoa-gethex.o)
 .text.__hexdig_fun
                0x0000bab0       0x2a c:/program files (x86)/cypress/psoc creator/3.3/psoc creator/import/gnu/arm/4.9.3/bin/../lib/gcc/arm-none-eabi/4.9.3/../../../../arm-none-eabi/lib/armv7-m\libg_nano.a(lib_a-gdtoa-gethex.o)
                0x0000bab0                __hexdig_fun
 .text.__gethex
                0x0000bada      0x44a c:/program files (x86)/cypress/psoc creator/3.3/psoc creator/import/gnu/arm/4.9.3/bin/../lib/gcc/arm-none-eabi/4.9.3/../../../../arm-none-eabi/lib/armv7-m\libg_nano.a(lib_a-gdtoa-gethex.o)
                0x0000bada                __gethex
 .text.L_shift  0x0000bf24       0x24 c:/program files (x86)/cypress/psoc creator/3.3/psoc creator/import/gnu/arm/4.9.3/bin/../lib/gcc/arm-none-eabi/4.9.3/../../../../arm-none-eabi/lib/armv7-m\libg_nano.a(lib_a-gdtoa-hexnan.o)
 .text.__hexnan
                0x0000bf48      0x114 c:/program files (x86)/cypress/psoc creator/3.3/psoc creator/import/gnu/arm/4.9.3/bin/../lib/gcc/arm-none-eabi/4.9.3/../../../../arm-none-eabi/lib/armv7-m\libg_nano.a(lib_a-gdtoa-hexnan.o)
                0x0000bf48                __hexnan
 .text._localeconv_r
                0x0000c05c        0x8 c:/program files (x86)/cypress/psoc creator/3.3/psoc creator/import/gnu/arm/4.9.3/bin/../lib/gcc/arm-none-eabi/4.9.3/../../../../arm-none-eabi/lib/armv7-m\libg_nano.a(lib_a-locale.o)
                0x0000c05c                _localeconv_r
 .text.__smakebuf_r
                0x0000c064       0x98 c:/program files (x86)/cypress/psoc creator/3.3/psoc creator/import/gnu/arm/4.9.3/bin/../lib/gcc/arm-none-eabi/4.9.3/../../../../arm-none-eabi/lib/armv7-m\libg_nano.a(lib_a-makebuf.o)
                0x0000c064                __smakebuf_r
 .text.malloc   0x0000c0fc       0x10 c:/program files (x86)/cypress/psoc creator/3.3/psoc creator/import/gnu/arm/4.9.3/bin/../lib/gcc/arm-none-eabi/4.9.3/../../../../arm-none-eabi/lib/armv7-m\libg_nano.a(lib_a-malloc.o)
                0x0000c0fc                malloc
 .text.memchr   0x0000c10c       0x1c c:/program files (x86)/cypress/psoc creator/3.3/psoc creator/import/gnu/arm/4.9.3/bin/../lib/gcc/arm-none-eabi/4.9.3/../../../../arm-none-eabi/lib/armv7-m\libg_nano.a(lib_a-memchr.o)
                0x0000c10c                memchr
 .text.memmove  0x0000c128       0x36 c:/program files (x86)/cypress/psoc creator/3.3/psoc creator/import/gnu/arm/4.9.3/bin/../lib/gcc/arm-none-eabi/4.9.3/../../../../arm-none-eabi/lib/armv7-m\libg_nano.a(lib_a-memmove.o)
                0x0000c128                memmove
 .text._Balloc  0x0000c15e       0x6a c:/program files (x86)/cypress/psoc creator/3.3/psoc creator/import/gnu/arm/4.9.3/bin/../lib/gcc/arm-none-eabi/4.9.3/../../../../arm-none-eabi/lib/armv7-m\libg_nano.a(lib_a-mprec.o)
                0x0000c15e                _Balloc
 .text._Bfree   0x0000c1c8       0x2e c:/program files (x86)/cypress/psoc creator/3.3/psoc creator/import/gnu/arm/4.9.3/bin/../lib/gcc/arm-none-eabi/4.9.3/../../../../arm-none-eabi/lib/armv7-m\libg_nano.a(lib_a-mprec.o)
                0x0000c1c8                _Bfree
 .text.__multadd
                0x0000c1f6       0x7c c:/program files (x86)/cypress/psoc creator/3.3/psoc creator/import/gnu/arm/4.9.3/bin/../lib/gcc/arm-none-eabi/4.9.3/../../../../arm-none-eabi/lib/armv7-m\libg_nano.a(lib_a-mprec.o)
                0x0000c1f6                __multadd
 .text.__s2b    0x0000c272       0x80 c:/program files (x86)/cypress/psoc creator/3.3/psoc creator/import/gnu/arm/4.9.3/bin/../lib/gcc/arm-none-eabi/4.9.3/../../../../arm-none-eabi/lib/armv7-m\libg_nano.a(lib_a-mprec.o)
                0x0000c272                __s2b
 .text.__hi0bits
                0x0000c2f2       0x40 c:/program files (x86)/cypress/psoc creator/3.3/psoc creator/import/gnu/arm/4.9.3/bin/../lib/gcc/arm-none-eabi/4.9.3/../../../../arm-none-eabi/lib/armv7-m\libg_nano.a(lib_a-mprec.o)
                0x0000c2f2                __hi0bits
 .text.__lo0bits
                0x0000c332       0x5a c:/program files (x86)/cypress/psoc creator/3.3/psoc creator/import/gnu/arm/4.9.3/bin/../lib/gcc/arm-none-eabi/4.9.3/../../../../arm-none-eabi/lib/armv7-m\libg_nano.a(lib_a-mprec.o)
                0x0000c332                __lo0bits
 .text.__i2b    0x0000c38c       0x12 c:/program files (x86)/cypress/psoc creator/3.3/psoc creator/import/gnu/arm/4.9.3/bin/../lib/gcc/arm-none-eabi/4.9.3/../../../../arm-none-eabi/lib/armv7-m\libg_nano.a(lib_a-mprec.o)
                0x0000c38c                __i2b
 .text.__multiply
                0x0000c39e      0x120 c:/program files (x86)/cypress/psoc creator/3.3/psoc creator/import/gnu/arm/4.9.3/bin/../lib/gcc/arm-none-eabi/4.9.3/../../../../arm-none-eabi/lib/armv7-m\libg_nano.a(lib_a-mprec.o)
                0x0000c39e                __multiply
 *fill*         0x0000c4be        0x2 
 .text.__pow5mult
                0x0000c4c0       0x9c c:/program files (x86)/cypress/psoc creator/3.3/psoc creator/import/gnu/arm/4.9.3/bin/../lib/gcc/arm-none-eabi/4.9.3/../../../../arm-none-eabi/lib/armv7-m\libg_nano.a(lib_a-mprec.o)
                0x0000c4c0                __pow5mult
 .text.__lshift
                0x0000c55c       0xa6 c:/program files (x86)/cypress/psoc creator/3.3/psoc creator/import/gnu/arm/4.9.3/bin/../lib/gcc/arm-none-eabi/4.9.3/../../../../arm-none-eabi/lib/armv7-m\libg_nano.a(lib_a-mprec.o)
                0x0000c55c                __lshift
 .text.__mcmp   0x0000c602       0x38 c:/program files (x86)/cypress/psoc creator/3.3/psoc creator/import/gnu/arm/4.9.3/bin/../lib/gcc/arm-none-eabi/4.9.3/../../../../arm-none-eabi/lib/armv7-m\libg_nano.a(lib_a-mprec.o)
                0x0000c602                __mcmp
 .text.__mdiff  0x0000c63a       0xbe c:/program files (x86)/cypress/psoc creator/3.3/psoc creator/import/gnu/arm/4.9.3/bin/../lib/gcc/arm-none-eabi/4.9.3/../../../../arm-none-eabi/lib/armv7-m\libg_nano.a(lib_a-mprec.o)
                0x0000c63a                __mdiff
 .text.__ulp    0x0000c6f8       0x48 c:/program files (x86)/cypress/psoc creator/3.3/psoc creator/import/gnu/arm/4.9.3/bin/../lib/gcc/arm-none-eabi/4.9.3/../../../../arm-none-eabi/lib/armv7-m\libg_nano.a(lib_a-mprec.o)
                0x0000c6f8                __ulp
 .text.__b2d    0x0000c740       0x9e c:/program files (x86)/cypress/psoc creator/3.3/psoc creator/import/gnu/arm/4.9.3/bin/../lib/gcc/arm-none-eabi/4.9.3/../../../../arm-none-eabi/lib/armv7-m\libg_nano.a(lib_a-mprec.o)
                0x0000c740                __b2d
 .text.__d2b    0x0000c7de       0xa4 c:/program files (x86)/cypress/psoc creator/3.3/psoc creator/import/gnu/arm/4.9.3/bin/../lib/gcc/arm-none-eabi/4.9.3/../../../../arm-none-eabi/lib/armv7-m\libg_nano.a(lib_a-mprec.o)
                0x0000c7de                __d2b
 .text.__ratio  0x0000c882       0x50 c:/program files (x86)/cypress/psoc creator/3.3/psoc creator/import/gnu/arm/4.9.3/bin/../lib/gcc/arm-none-eabi/4.9.3/../../../../arm-none-eabi/lib/armv7-m\libg_nano.a(lib_a-mprec.o)
                0x0000c882                __ratio
 .text.__copybits
                0x0000c8d2       0x34 c:/program files (x86)/cypress/psoc creator/3.3/psoc creator/import/gnu/arm/4.9.3/bin/../lib/gcc/arm-none-eabi/4.9.3/../../../../arm-none-eabi/lib/armv7-m\libg_nano.a(lib_a-mprec.o)
                0x0000c8d2                __copybits
 .text.__any_on
                0x0000c906       0x44 c:/program files (x86)/cypress/psoc creator/3.3/psoc creator/import/gnu/arm/4.9.3/bin/../lib/gcc/arm-none-eabi/4.9.3/../../../../arm-none-eabi/lib/armv7-m\libg_nano.a(lib_a-mprec.o)
                0x0000c906                __any_on
 .text._calloc_r
                0x0000c94a       0x1c c:/program files (x86)/cypress/psoc creator/3.3/psoc creator/import/gnu/arm/4.9.3/bin/../lib/gcc/arm-none-eabi/4.9.3/../../../../arm-none-eabi/lib/armv7-m\libg_nano.a(lib_a-nano-callocr.o)
                0x0000c94a                _calloc_r
 *fill*         0x0000c966        0x2 
 .text._free_r  0x0000c968       0x88 c:/program files (x86)/cypress/psoc creator/3.3/psoc creator/import/gnu/arm/4.9.3/bin/../lib/gcc/arm-none-eabi/4.9.3/../../../../arm-none-eabi/lib/armv7-m\libg_nano.a(lib_a-nano-freer.o)
                0x0000c968                _free_r
 .text._malloc_r
                0x0000c9f0       0xac c:/program files (x86)/cypress/psoc creator/3.3/psoc creator/import/gnu/arm/4.9.3/bin/../lib/gcc/arm-none-eabi/4.9.3/../../../../arm-none-eabi/lib/armv7-m\libg_nano.a(lib_a-nano-mallocr.o)
                0x0000c9f0                _malloc_r
 .text._realloc_r
                0x0000ca9c       0x4c c:/program files (x86)/cypress/psoc creator/3.3/psoc creator/import/gnu/arm/4.9.3/bin/../lib/gcc/arm-none-eabi/4.9.3/../../../../arm-none-eabi/lib/armv7-m\libg_nano.a(lib_a-nano-reallocr.o)
                0x0000ca9c                _realloc_r
 .text.__ssputs_r
                0x0000cae8       0xb2 c:/program files (x86)/cypress/psoc creator/3.3/psoc creator/import/gnu/arm/4.9.3/bin/../lib/gcc/arm-none-eabi/4.9.3/../../../../arm-none-eabi/lib/armv7-m\libg_nano.a(lib_a-nano-svfprintf.o)
                0x0000cae8                __ssputs_r
 *fill*         0x0000cb9a        0x2 
 .text._svfprintf_r
                0x0000cb9c      0x1e4 c:/program files (x86)/cypress/psoc creator/3.3/psoc creator/import/gnu/arm/4.9.3/bin/../lib/gcc/arm-none-eabi/4.9.3/../../../../arm-none-eabi/lib/armv7-m\libg_nano.a(lib_a-nano-svfprintf.o)
                0x0000cb9c                _svfiprintf_r
                0x0000cb9c                _svfprintf_r
 .text._sbrk_r  0x0000cd80       0x20 c:/program files (x86)/cypress/psoc creator/3.3/psoc creator/import/gnu/arm/4.9.3/bin/../lib/gcc/arm-none-eabi/4.9.3/../../../../arm-none-eabi/lib/armv7-m\libg_nano.a(lib_a-sbrkr.o)
                0x0000cd80                _sbrk_r
 .text._raise_r
                0x0000cda0       0x50 c:/program files (x86)/cypress/psoc creator/3.3/psoc creator/import/gnu/arm/4.9.3/bin/../lib/gcc/arm-none-eabi/4.9.3/../../../../arm-none-eabi/lib/armv7-m\libg_nano.a(lib_a-signal.o)
                0x0000cda0                _raise_r
 .text.raise    0x0000cdf0       0x10 c:/program files (x86)/cypress/psoc creator/3.3/psoc creator/import/gnu/arm/4.9.3/bin/../lib/gcc/arm-none-eabi/4.9.3/../../../../arm-none-eabi/lib/armv7-m\libg_nano.a(lib_a-signal.o)
                0x0000cdf0                raise
 .text._kill_r  0x0000ce00       0x24 c:/program files (x86)/cypress/psoc creator/3.3/psoc creator/import/gnu/arm/4.9.3/bin/../lib/gcc/arm-none-eabi/4.9.3/../../../../arm-none-eabi/lib/armv7-m\libg_nano.a(lib_a-signalr.o)
                0x0000ce00                _kill_r
 .text._getpid_r
                0x0000ce24        0x4 c:/program files (x86)/cypress/psoc creator/3.3/psoc creator/import/gnu/arm/4.9.3/bin/../lib/gcc/arm-none-eabi/4.9.3/../../../../arm-none-eabi/lib/armv7-m\libg_nano.a(lib_a-signalr.o)
                0x0000ce24                _getpid_r
 .text.__sread  0x0000ce28       0x22 c:/program files (x86)/cypress/psoc creator/3.3/psoc creator/import/gnu/arm/4.9.3/bin/../lib/gcc/arm-none-eabi/4.9.3/../../../../arm-none-eabi/lib/armv7-m\libg_nano.a(lib_a-stdio.o)
                0x0000ce28                __sread
 .text.__swrite
                0x0000ce4a       0x38 c:/program files (x86)/cypress/psoc creator/3.3/psoc creator/import/gnu/arm/4.9.3/bin/../lib/gcc/arm-none-eabi/4.9.3/../../../../arm-none-eabi/lib/armv7-m\libg_nano.a(lib_a-stdio.o)
                0x0000ce4a                __swrite
 .text.__sseek  0x0000ce82       0x24 c:/program files (x86)/cypress/psoc creator/3.3/psoc creator/import/gnu/arm/4.9.3/bin/../lib/gcc/arm-none-eabi/4.9.3/../../../../arm-none-eabi/lib/armv7-m\libg_nano.a(lib_a-stdio.o)
                0x0000ce82                __sseek
 .text.__sclose
                0x0000cea6        0x8 c:/program files (x86)/cypress/psoc creator/3.3/psoc creator/import/gnu/arm/4.9.3/bin/../lib/gcc/arm-none-eabi/4.9.3/../../../../arm-none-eabi/lib/armv7-m\libg_nano.a(lib_a-stdio.o)
                0x0000cea6                __sclose
 .text.strncmp  0x0000ceae       0x32 c:/program files (x86)/cypress/psoc creator/3.3/psoc creator/import/gnu/arm/4.9.3/bin/../lib/gcc/arm-none-eabi/4.9.3/../../../../arm-none-eabi/lib/armv7-m\libg_nano.a(lib_a-strncmp.o)
                0x0000ceae                strncmp
 .text._write_r