Archive member included because of file (symbol)

.\CortexM3\ARM_GCC_493\Debug\freesoc.a(cyfitter_cfg.o)
                              .\CortexM3\ARM_GCC_493\Debug\infrared.o (Front_AMuxSeq_DisconnectAll)
.\CortexM3\ARM_GCC_493\Debug\freesoc.a(Left_HB25_Enable_Pin.o)
                              .\CortexM3\ARM_GCC_493\Debug\motor.o (Left_HB25_Enable_Pin_Write)
.\CortexM3\ARM_GCC_493\Debug\freesoc.a(Left_HB25_PWM.o)
                              .\CortexM3\ARM_GCC_493\Debug\motor.o (Left_HB25_PWM_Stop)
.\CortexM3\ARM_GCC_493\Debug\freesoc.a(Right_HB25_Enable_Pin.o)
                              .\CortexM3\ARM_GCC_493\Debug\motor.o (Right_HB25_Enable_Pin_Write)
.\CortexM3\ARM_GCC_493\Debug\freesoc.a(Right_HB25_PWM.o)
                              .\CortexM3\ARM_GCC_493\Debug\motor.o (Right_HB25_PWM_Stop)
.\CortexM3\ARM_GCC_493\Debug\freesoc.a(CyBootAsmGnu.o)
                              .\CortexM3\ARM_GCC_493\Debug\freesoc.a(cyfitter_cfg.o) (CyDelayCycles)
.\CortexM3\ARM_GCC_493\Debug\freesoc.a(CyLib.o)
                              .\CortexM3\ARM_GCC_493\Debug\Cm3Start.o (CyHalt)
.\CortexM3\ARM_GCC_493\Debug\freesoc.a(cyPm.o)
                              .\CortexM3\ARM_GCC_493\Debug\freesoc.a(CyLib.o) (CyPmReadStatus)
.\CortexM3\ARM_GCC_493\Debug\freesoc.a(EZI2C_Slave.o)
                              .\CortexM3\ARM_GCC_493\Debug\i2c.o (EZI2C_Slave_Start)
.\CortexM3\ARM_GCC_493\Debug\freesoc.a(EZI2C_Slave_PM.o)
                              .\CortexM3\ARM_GCC_493\Debug\freesoc.a(EZI2C_Slave.o) (EZI2C_Slave_backup)
.\CortexM3\ARM_GCC_493\Debug\freesoc.a(EZI2C_Slave_INT.o)
                              .\CortexM3\ARM_GCC_493\Debug\freesoc.a(EZI2C_Slave.o) (EZI2C_Slave_ISR)
.\CortexM3\ARM_GCC_493\Debug\freesoc.a(Front_Echo_Intr.o)
                              .\CortexM3\ARM_GCC_493\Debug\ultrasonic.o (Front_Echo_Intr_StartEx)
.\CortexM3\ARM_GCC_493\Debug\freesoc.a(Front_Trigger_Reg.o)
                              .\CortexM3\ARM_GCC_493\Debug\ultrasonic.o (Front_Trigger_Reg_Write)
.\CortexM3\ARM_GCC_493\Debug\freesoc.a(Front_Trigger_Select_Reg.o)
                              .\CortexM3\ARM_GCC_493\Debug\ultrasonic.o (Front_Trigger_Select_Reg_Write)
.\CortexM3\ARM_GCC_493\Debug\freesoc.a(Front_Echo_Timer.o)
                              .\CortexM3\ARM_GCC_493\Debug\ultrasonic.o (Front_Echo_Timer_ReadCounter)
.\CortexM3\ARM_GCC_493\Debug\freesoc.a(Rear_Trigger_Reg.o)
                              .\CortexM3\ARM_GCC_493\Debug\ultrasonic.o (Rear_Trigger_Reg_Write)
.\CortexM3\ARM_GCC_493\Debug\freesoc.a(Rear_Trigger_Select_Reg.o)
                              .\CortexM3\ARM_GCC_493\Debug\ultrasonic.o (Rear_Trigger_Select_Reg_Write)
.\CortexM3\ARM_GCC_493\Debug\freesoc.a(Rear_Echo_Intr.o)
                              .\CortexM3\ARM_GCC_493\Debug\ultrasonic.o (Rear_Echo_Intr_StartEx)
.\CortexM3\ARM_GCC_493\Debug\freesoc.a(Rear_Echo_Timer.o)
                              .\CortexM3\ARM_GCC_493\Debug\ultrasonic.o (Rear_Echo_Timer_ReadCounter)
.\CortexM3\ARM_GCC_493\Debug\freesoc.a(Front_ADC_SAR.o)
                              .\CortexM3\ARM_GCC_493\Debug\infrared.o (Front_ADC_SAR_Start)
.\CortexM3\ARM_GCC_493\Debug\freesoc.a(Front_ADC_SAR_INT.o)
                              .\CortexM3\ARM_GCC_493\Debug\freesoc.a(Front_ADC_SAR.o) (Front_ADC_SAR_ISR)
.\CortexM3\ARM_GCC_493\Debug\freesoc.a(Front_AMuxSeq.o)
                              .\CortexM3\ARM_GCC_493\Debug\infrared.o (Front_AMuxSeq_Start)
.\CortexM3\ARM_GCC_493\Debug\freesoc.a(Rear_ADC_SAR.o)
                              .\CortexM3\ARM_GCC_493\Debug\infrared.o (Rear_ADC_SAR_Start)
.\CortexM3\ARM_GCC_493\Debug\freesoc.a(Rear_ADC_SAR_INT.o)
                              .\CortexM3\ARM_GCC_493\Debug\freesoc.a(Rear_ADC_SAR.o) (Rear_ADC_SAR_ISR)
.\CortexM3\ARM_GCC_493\Debug\freesoc.a(Rear_AMuxSeq.o)
                              .\CortexM3\ARM_GCC_493\Debug\infrared.o (Rear_AMuxSeq_Start)
.\CortexM3\ARM_GCC_493\Debug\freesoc.a(Front_ADC_SAR_IRQ.o)
                              .\CortexM3\ARM_GCC_493\Debug\infrared.o (Front_ADC_SAR_IRQ_StartEx)
.\CortexM3\ARM_GCC_493\Debug\freesoc.a(Front_ADC_SAR_theACLK.o)
                              .\CortexM3\ARM_GCC_493\Debug\freesoc.a(Front_ADC_SAR.o) (Front_ADC_SAR_theACLK_SetModeRegister)
.\CortexM3\ARM_GCC_493\Debug\freesoc.a(Rear_ADC_SAR_IRQ.o)
                              .\CortexM3\ARM_GCC_493\Debug\infrared.o (Rear_ADC_SAR_IRQ_StartEx)
.\CortexM3\ARM_GCC_493\Debug\freesoc.a(Rear_ADC_SAR_theACLK.o)
                              .\CortexM3\ARM_GCC_493\Debug\freesoc.a(Rear_ADC_SAR.o) (Rear_ADC_SAR_theACLK_SetModeRegister)
.\CortexM3\ARM_GCC_493\Debug\freesoc.a(Rear_EOS_Intr.o)
                              .\CortexM3\ARM_GCC_493\Debug\infrared.o (Rear_EOS_Intr_StartEx)
.\CortexM3\ARM_GCC_493\Debug\freesoc.a(Front_EOS_Intr.o)
                              .\CortexM3\ARM_GCC_493\Debug\infrared.o (Front_EOS_Intr_StartEx)
[...]
Memory Configuration

Name             Origin             Length             Attributes
rom              0x00000000         0x00040000         xr
ram              0x1fff8000         0x00010000         xrw
*default*        0x00000000         0xffffffff

Linker script and memory map

LOAD c:/program files (x86)/cypress/psoc creator/3.3/psoc creator/import/gnu/arm/4.9.3/bin/../lib/gcc/arm-none-eabi/4.9.3/armv7-m/crti.o
LOAD c:/program files (x86)/cypress/psoc creator/3.3/psoc creator/import/gnu/arm/4.9.3/bin/../lib/gcc/arm-none-eabi/4.9.3/armv7-m/crtbegin.o
LOAD c:/program files (x86)/cypress/psoc creator/3.3/psoc creator/import/gnu/arm/4.9.3/bin/../lib/gcc/arm-none-eabi/4.9.3/../../../../arm-none-eabi/lib/armv7-m/crt0.o
START GROUP
LOAD .\CortexM3\ARM_GCC_493\Debug\main.o
LOAD .\CortexM3\ARM_GCC_493\Debug\cal.o
LOAD .\CortexM3\ARM_GCC_493\Debug\control.o
LOAD .\CortexM3\ARM_GCC_493\Debug\debug.o
LOAD .\CortexM3\ARM_GCC_493\Debug\diag.o
LOAD .\CortexM3\ARM_GCC_493\Debug\encoder.o
LOAD .\CortexM3\ARM_GCC_493\Debug\i2c.o
LOAD .\CortexM3\ARM_GCC_493\Debug\motor.o
LOAD .\CortexM3\ARM_GCC_493\Debug\odom.o
LOAD .\CortexM3\ARM_GCC_493\Debug\pid.o
LOAD .\CortexM3\ARM_GCC_493\Debug\time.o
LOAD .\CortexM3\ARM_GCC_493\Debug\ultrasonic.o
LOAD .\CortexM3\ARM_GCC_493\Debug\utils.o
LOAD .\CortexM3\ARM_GCC_493\Debug\infrared.o
LOAD .\CortexM3\ARM_GCC_493\Debug\pid_controller.o
LOAD .\CortexM3\ARM_GCC_493\Debug\serial.o
LOAD .\CortexM3\ARM_GCC_493\Debug\cymetadata.o
LOAD .\CortexM3\ARM_GCC_493\Debug\Cm3Start.o
LOAD .\CortexM3\ARM_GCC_493\Debug\freesoc.a
LOAD C:\Program Files (x86)\Cypress\PSoC Creator\3.3\PSoC Creator\psoc\content\cycomponentlibrary\CyComponentLibrary.cylib\CortexM3\ARM_GCC_493\Debug\CyComponentLibrary.a
LOAD c:/program files (x86)/cypress/psoc creator/3.3/psoc creator/import/gnu/arm/4.9.3/bin/../lib/gcc/arm-none-eabi/4.9.3/../../../../arm-none-eabi/lib/armv7-m\libm.a
END GROUP
START GROUP
LOAD c:/program files (x86)/cypress/psoc creator/3.3/psoc creator/import/gnu/arm/4.9.3/bin/../lib/gcc/arm-none-eabi/4.9.3/armv7-m\libgcc.a
LOAD c:/program files (x86)/cypress/psoc creator/3.3/psoc creator/import/gnu/arm/4.9.3/bin/../lib/gcc/arm-none-eabi/4.9.3/../../../../arm-none-eabi/lib/armv7-m\libg_nano.a
LOAD c:/program files (x86)/cypress/psoc creator/3.3/psoc creator/import/gnu/arm/4.9.3/bin/../lib/gcc/arm-none-eabi/4.9.3/../../../../arm-none-eabi/lib/armv7-m\libc_nano.a
END GROUP
START GROUP
LOAD c:/program files (x86)/cypress/psoc creator/3.3/psoc creator/import/gnu/arm/4.9.3/bin/../lib/gcc/arm-none-eabi/4.9.3/armv7-m\libgcc.a
LOAD c:/program files (x86)/cypress/psoc creator/3.3/psoc creator/import/gnu/arm/4.9.3/bin/../lib/gcc/arm-none-eabi/4.9.3/../../../../arm-none-eabi/lib/armv7-m\libc_nano.a
END GROUP
LOAD c:/program files (x86)/cypress/psoc creator/3.3/psoc creator/import/gnu/arm/4.9.3/bin/../lib/gcc/arm-none-eabi/4.9.3/armv7-m/crtend.o
LOAD c:/program files (x86)/cypress/psoc creator/3.3/psoc creator/import/gnu/arm/4.9.3/bin/../lib/gcc/arm-none-eabi/4.9.3/armv7-m/crtn.o
START GROUP
LOAD c:/program files (x86)/cypress/psoc creator/3.3/psoc creator/import/gnu/arm/4.9.3/bin/../lib/gcc/arm-none-eabi/4.9.3/armv7-m\libgcc.a
LOAD c:/program files (x86)/cypress/psoc creator/3.3/psoc creator/import/gnu/arm/4.9.3/bin/../lib/gcc/arm-none-eabi/4.9.3/../../../../arm-none-eabi/lib/armv7-m\libc.a
LOAD c:/program files (x86)/cypress/psoc creator/3.3/psoc creator/import/gnu/arm/4.9.3/bin/../lib/gcc/arm-none-eabi/4.9.3/../../../../arm-none-eabi/lib/armv7-m\libnosys.a
END GROUP
                0x00000000                CY_APPL_ORIGIN = 0x0
                0x00000100                CY_FLASH_ROW_SIZE = 0x100
                0x00000020                CY_ECC_ROW_SIZE = 0x20
                0x00000000                CY_EE_IN_BTLDR = 0x0
                0x00000000                CY_APPL_LOADABLE = 0x0
                0x00000800                CY_EE_SIZE = 0x800
                0x00000001                CY_APPL_NUM = 0x1
                0x00000001                CY_APPL_MAX = 0x1
                0x00000040                CY_METADATA_SIZE = 0x40
                0x00000000                CY_APPL_LOADABLE = 0x0
                0x00000000                CY_CHECKSUM_EXCLUDE_SIZE = ALIGN (0x0, CY_FLASH_ROW_SIZE)
                0x1ffff3a0                PROVIDE (__cy_heap_start, _end)
                0x00000001                PROVIDE (__cy_region_num, ((__cy_regions_end - __cy_regions) / 0x10))
                0x20008000                PROVIDE (__cy_stack, (ORIGIN (ram) + 0x10000))
                0x20007800                PROVIDE (__cy_heap_end, (__cy_stack - 0x800))

.cybootloader   0x00000000        0x0
 *(.cybootloader)
                0x00000000                appl1_start = CY_APPL_ORIGIN?CY_APPL_ORIGIN:ALIGN (CY_FLASH_ROW_SIZE)
                0x0001ff00                appl2_start = (appl1_start + ALIGN ((((0x40000 - appl1_start) - (0x2 * CY_FLASH_ROW_SIZE)) / 0x2), CY_FLASH_ROW_SIZE))
                0x00000000                appl_start = (CY_APPL_NUM == 0x1)?appl1_start:appl2_start
                0x00000000                ecc_offset = ((appl_start / CY_FLASH_ROW_SIZE) * CY_ECC_ROW_SIZE)
                0x00000000                ee_offset = (CY_APPL_LOADABLE && ! (CY_EE_IN_BTLDR))?((CY_EE_SIZE / CY_APPL_MAX) * (CY_APPL_NUM - 0x1)):0x0
                0x00000800                ee_size = (CY_APPL_LOADABLE && ! (CY_EE_IN_BTLDR))?(CY_EE_SIZE / CY_APPL_MAX):CY_EE_SIZE
                0x00000000                PROVIDE (CY_ECC_OFFSET, ecc_offset)

.text           0x00000000     0x99f6
 CREATE_OBJECT_SYMBOLS
                0x00000000                PROVIDE (__cy_interrupt_vector, RomVectors)
 *(.romvectors)
 .romvectors    0x00000000       0x10 .\CortexM3\ARM_GCC_493\Debug\Cm3Start.o
                0x00000000                RomVectors
                0x00000001                ASSERT ((. != __cy_interrupt_vector), No interrupt vector)
                0x00000001                ASSERT (CY_APPL_ORIGIN?(SIZEOF (.cybootloader) <= CY_APPL_ORIGIN):0x1, Wrong image location)
                0x00000010                PROVIDE (__cy_reset, Reset)
 *(.text.Reset)
 .text.Reset    0x00000010       0x18 .\CortexM3\ARM_GCC_493\Debug\Cm3Start.o
                0x00000010                Reset
                0x00000001                ASSERT ((. != __cy_reset), No reset code)
 *(.dma_init)
                0x00000001                ASSERT ((((appl_start + .) <= 0x10000) || 0x1), DMA Init must be within the first 64k of flash)
 *(.text .text.* .gnu.linkonce.t.*)
 .text          0x00000028       0x5c c:/program files (x86)/cypress/psoc creator/3.3/psoc creator/import/gnu/arm/4.9.3/bin/../lib/gcc/arm-none-eabi/4.9.3/armv7-m/crtbegin.o
 .text.main     0x00000084      0x110 .\CortexM3\ARM_GCC_493\Debug\main.o
                0x00000084                main
 .text.CalculatePwmSamples
                0x00000194       0x64 .\CortexM3\ARM_GCC_493\Debug\cal.o
 .text.AddSamplesToSum
                0x000001f8       0x24 .\CortexM3\ARM_GCC_493\Debug\cal.o
 .text.CalculateAvgCpsSamples
                0x0000021c       0x20 .\CortexM3\ARM_GCC_493\Debug\cal.o
 .text.CalculateMinMaxCpsSample
                0x0000023c       0x38 .\CortexM3\ARM_GCC_493\Debug\cal.o
 .text.StartCalibration
                0x00000274       0x24 .\CortexM3\ARM_GCC_493\Debug\cal.o
 .text.EndCalibration
                0x00000298       0x30 .\CortexM3\ARM_GCC_493\Debug\cal.o
 .text.CalibrateWheelSpeed
                0x000002c8       0x5c .\CortexM3\ARM_GCC_493\Debug\cal.o
 .text.StoreWheelSpeed
                0x00000324       0xb4 .\CortexM3\ARM_GCC_493\Debug\cal.o
 .text.Cal_Init
                0x000003d8       0x14 .\CortexM3\ARM_GCC_493\Debug\cal.o
                0x000003d8                Cal_Init
 .text.Cal_Start
                0x000003ec       0x2c .\CortexM3\ARM_GCC_493\Debug\cal.o
                0x000003ec                Cal_Start
 .text.Cal_Update
                0x00000418       0xa8 .\CortexM3\ARM_GCC_493\Debug\cal.o
                0x00000418                Cal_Update
 .text.Cal_LeftGetCalData
                0x000004c0       0x10 .\CortexM3\ARM_GCC_493\Debug\cal.o
                0x000004c0                Cal_LeftGetCalData
 .text.Cal_RightGetCalData
                0x000004d0       0x14 .\CortexM3\ARM_GCC_493\Debug\cal.o
                0x000004d0                Cal_RightGetCalData
 .text.Cal_Validate
                0x000004e4        0x4 .\CortexM3\ARM_GCC_493\Debug\cal.o
                0x000004e4                Cal_Validate
 .text.CalculateLeftRightSpeed
                0x000004e8       0x70 .\CortexM3\ARM_GCC_493\Debug\control.o
 .text.Control_Init
                0x00000558        0x4 .\CortexM3\ARM_GCC_493\Debug\control.o
                0x00000558                Control_Init
 .text.Control_Start
                0x0000055c        0x4 .\CortexM3\ARM_GCC_493\Debug\control.o
                0x0000055c                Control_Start
 .text.Control_Update
                0x00000560       0x3c .\CortexM3\ARM_GCC_493\Debug\control.o
                0x00000560                Control_Update
 .text.Control_LeftGetCmdVelocity
                0x0000059c        0xc .\CortexM3\ARM_GCC_493\Debug\control.o
                0x0000059c                Control_LeftGetCmdVelocity
 .text.Control_RightGetCmdVelocity
                0x000005a8        0xc .\CortexM3\ARM_GCC_493\Debug\control.o
                0x000005a8                Control_RightGetCmdVelocity
 .text.Debug_Init
                0x000005b4       0x14 .\CortexM3\ARM_GCC_493\Debug\debug.o
                0x000005b4                Debug_Init
 .text.Debug_Start
                0x000005c8        0x4 .\CortexM3\ARM_GCC_493\Debug\debug.o
                0x000005c8                Debug_Start
 .text.Diag_Init
                0x000005cc       0x18 .\CortexM3\ARM_GCC_493\Debug\diag.o
                0x000005cc                Diag_Init
 .text.Diag_Start
                0x000005e4        0x4 .\CortexM3\ARM_GCC_493\Debug\diag.o
                0x000005e4                Diag_Start
 .text.Diag_Update
                0x000005e8       0x38 .\CortexM3\ARM_GCC_493\Debug\diag.o
                0x000005e8                Diag_Update
 .text.Encoder_Sample
                0x00000620       0x70 .\CortexM3\ARM_GCC_493\Debug\encoder.o
 .text.Encoder_Init
                0x00000690       0x48 .\CortexM3\ARM_GCC_493\Debug\encoder.o
                0x00000690                Encoder_Init
 .text.Encoder_Start
                0x000006d8       0x20 .\CortexM3\ARM_GCC_493\Debug\encoder.o
                0x000006d8                Encoder_Start
 .text.Encoder_Update
                0x000006f8       0x58 .\CortexM3\ARM_GCC_493\Debug\encoder.o
                0x000006f8                Encoder_Update
 .text.Encoder_LeftGetCntsPerSec
                0x00000750        0xc .\CortexM3\ARM_GCC_493\Debug\encoder.o
                0x00000750                Encoder_LeftGetCntsPerSec
 .text.Encoder_RightGetCntsPerSec
                0x0000075c        0xc .\CortexM3\ARM_GCC_493\Debug\encoder.o
                0x0000075c                Encoder_RightGetCntsPerSec
 .text.Encoder_LeftGetMeterPerSec
                0x00000768        0xc .\CortexM3\ARM_GCC_493\Debug\encoder.o
                0x00000768                Encoder_LeftGetMeterPerSec
 .text.Encoder_RightGetMeterPerSec
                0x00000774        0xc .\CortexM3\ARM_GCC_493\Debug\encoder.o
                0x00000774                Encoder_RightGetMeterPerSec
 .text.Encoder_Reset
                0x00000780       0x3c .\CortexM3\ARM_GCC_493\Debug\encoder.o
                0x00000780                Encoder_Reset
 .text.I2c_Init
                0x000007bc       0x1c .\CortexM3\ARM_GCC_493\Debug\i2c.o
                0x000007bc                I2c_Init
 .text.I2c_Start
                0x000007d8       0x18 .\CortexM3\ARM_GCC_493\Debug\i2c.o
                0x000007d8                I2c_Start
 .text.I2c_ReadControl
                0x000007f0       0x2c .\CortexM3\ARM_GCC_493\Debug\i2c.o
                0x000007f0                I2c_ReadControl
 *fill*         0x0000081c        0x4 
 .text.I2c_ReadCmdVelocity
                0x00000820      0x130 .\CortexM3\ARM_GCC_493\Debug\i2c.o
                0x00000820                I2c_ReadCmdVelocity
 .text.I2c_SetStatusBit
                0x00000950       0x38 .\CortexM3\ARM_GCC_493\Debug\i2c.o
                0x00000950                I2c_SetStatusBit
 .text.I2c_ClearStatusBit
                0x00000988       0x3c .\CortexM3\ARM_GCC_493\Debug\i2c.o
                0x00000988                I2c_ClearStatusBit
 .text.I2c_WriteOdom
                0x000009c4       0x9c .\CortexM3\ARM_GCC_493\Debug\i2c.o
                0x000009c4                I2c_WriteOdom
 .text.I2c_UpdateHeartbeat
                0x00000a60       0x2c .\CortexM3\ARM_GCC_493\Debug\i2c.o
                0x00000a60                I2c_UpdateHeartbeat
 .text.Interpolate
                0x00000a8c       0x3c .\CortexM3\ARM_GCC_493\Debug\motor.o
 .text.calculate_pwm
                0x00000ac8       0x74 .\CortexM3\ARM_GCC_493\Debug\motor.o
 .text.calc_motor_output_from_cps
                0x00000b3c       0xa8 .\CortexM3\ARM_GCC_493\Debug\motor.o
 .text.RampSpeed
                0x00000be4       0x44 .\CortexM3\ARM_GCC_493\Debug\motor.o
 .text.CollectCpsPwmSamples
                0x00000c28       0x58 .\CortexM3\ARM_GCC_493\Debug\motor.o
 .text.PrintFormatDataInt32
                0x00000c80       0x8c .\CortexM3\ARM_GCC_493\Debug\motor.o
 .text.PrintFormatDataUint16
                0x00000d0c       0x8c .\CortexM3\ARM_GCC_493\Debug\motor.o
 .text.DumpMotorCal
                0x00000d98       0x4c .\CortexM3\ARM_GCC_493\Debug\motor.o
 .text.Motor_Init
                0x00000de4       0x18 .\CortexM3\ARM_GCC_493\Debug\motor.o
                0x00000de4                Motor_Init
 .text.Motor_Start
                0x00000dfc       0x48 .\CortexM3\ARM_GCC_493\Debug\motor.o
                0x00000dfc                Motor_Start
 .text.Motor_LeftSetCntsPerSec
                0x00000e44       0x18 .\CortexM3\ARM_GCC_493\Debug\motor.o
                0x00000e44                Motor_LeftSetCntsPerSec
 .text.Motor_RightSetCntsPerSec
                0x00000e5c       0x18 .\CortexM3\ARM_GCC_493\Debug\motor.o
                0x00000e5c                Motor_RightSetCntsPerSec
 .text.Motor_LeftGetPwm
                0x00000e74        0xc .\CortexM3\ARM_GCC_493\Debug\motor.o
                0x00000e74                Motor_LeftGetPwm
 .text.Motor_RightGetPwm
                0x00000e80        0xc .\CortexM3\ARM_GCC_493\Debug\motor.o
                0x00000e80                Motor_RightGetPwm
 .text.Motor_Stop
                0x00000e8c       0x20 .\CortexM3\ARM_GCC_493\Debug\motor.o
                0x00000e8c                Motor_Stop
 .text.Motor_CollectPwmCpsSamples
                0x00000eac       0xb4 .\CortexM3\ARM_GCC_493\Debug\motor.o
                0x00000eac                Motor_CollectPwmCpsSamples
 .text.Motor_LeftSetCalibration
                0x00000f60       0x1c .\CortexM3\ARM_GCC_493\Debug\motor.o
                0x00000f60                Motor_LeftSetCalibration
 .text.Motor_RightSetCalibration
                0x00000f7c       0x1c .\CortexM3\ARM_GCC_493\Debug\motor.o
                0x00000f7c                Motor_RightSetCalibration
 .text.DumpOdom
                0x00000f98       0x78 .\CortexM3\ARM_GCC_493\Debug\odom.o
 .text.Odom_Init
                0x00001010       0x14 .\CortexM3\ARM_GCC_493\Debug\odom.o
                0x00001010                Odom_Init
 .text.Odom_Start
                0x00001024        0x4 .\CortexM3\ARM_GCC_493\Debug\odom.o
                0x00001024                Odom_Start
 .text.calc_odom
                0x00001028      0x250 .\CortexM3\ARM_GCC_493\Debug\odom.o
                0x00001028                calc_odom
 .text.Odom_Update
                0x00001278       0x60 .\CortexM3\ARM_GCC_493\Debug\odom.o
                0x00001278                Odom_Update
 .text.Odom_Reset
                0x000012d8       0x28 .\CortexM3\ARM_GCC_493\Debug\odom.o
                0x000012d8                Odom_Reset
 .text.ProcessPid
                0x00001300       0xb0 .\CortexM3\ARM_GCC_493\Debug\pid.o
 .text.Pid_Init
                0x000013b0       0x84 .\CortexM3\ARM_GCC_493\Debug\pid.o
                0x000013b0                Pid_Init
 .text.Pid_Start
                0x00001434        0x4 .\CortexM3\ARM_GCC_493\Debug\pid.o
                0x00001434                Pid_Start
 .text.Pid_Update
                0x00001438       0x50 .\CortexM3\ARM_GCC_493\Debug\pid.o
                0x00001438                Pid_Update
 .text.SysTickIsrHandler
                0x00001488       0x10 .\CortexM3\ARM_GCC_493\Debug\time.o
 .text.Time_Init
                0x00001498        0xc .\CortexM3\ARM_GCC_493\Debug\time.o
                0x00001498                Time_Init
 .text.Time_Start
                0x000014a4       0x2c .\CortexM3\ARM_GCC_493\Debug\time.o
                0x000014a4                Time_Start
 .text.millis   0x000014d0        0xc .\CortexM3\ARM_GCC_493\Debug\time.o
                0x000014d0                millis
 .text.Ultrasonic_Init
                0x000014dc        0x4 .\CortexM3\ARM_GCC_493\Debug\ultrasonic.o
                0x000014dc                Ultrasonic_Init
 .text.insert_zeros
                0x000014e0       0x30 .\CortexM3\ARM_GCC_493\Debug\utils.o
 .text.MovingAverageFloat
                0x00001510       0x2c .\CortexM3\ARM_GCC_493\Debug\utils.o
                0x00001510                MovingAverageFloat
 .text.ftoa     0x0000153c       0xa4 .\CortexM3\ARM_GCC_493\Debug\utils.o
                0x0000153c                ftoa
 .text.BinaryRangeSearch
                0x000015e0       0x50 .\CortexM3\ARM_GCC_493\Debug\utils.o
                0x000015e0                BinaryRangeSearch
 .text.initializeQueue
                0x00001630       0x10 .\CortexM3\ARM_GCC_493\Debug\infrared.o
                0x00001630                initializeQueue
 .text.Infrared_Init
                0x00001640       0x30 .\CortexM3\ARM_GCC_493\Debug\infrared.o
                0x00001640                Infrared_Init
 .text.PIDCompute
                0x00001670       0xa4 .\CortexM3\ARM_GCC_493\Debug\pid_controller.o
                0x00001670                PIDCompute
 .text.PIDOutputLimitsSet
                0x00001714       0x5c .\CortexM3\ARM_GCC_493\Debug\pid_controller.o
                0x00001714                PIDOutputLimitsSet
 .text.PIDTuningsSet
                0x00001770       0x6c .\CortexM3\ARM_GCC_493\Debug\pid_controller.o
                0x00001770                PIDTuningsSet
 .text.PIDInit  0x000017dc       0x54 .\CortexM3\ARM_GCC_493\Debug\pid_controller.o
                0x000017dc                PIDInit
 .text.PIDSetpointSet
                0x00001830        0x4 .\CortexM3\ARM_GCC_493\Debug\pid_controller.o
                0x00001830                PIDSetpointSet
 .text.PIDInputSet
                0x00001834        0x4 .\CortexM3\ARM_GCC_493\Debug\pid_controller.o
                0x00001834                PIDInputSet
 .text.Ser_Init
                0x00001838       0x24 .\CortexM3\ARM_GCC_493\Debug\serial.o
                0x00001838                Ser_Init
 .text.Ser_Start
                0x0000185c       0x2c .\CortexM3\ARM_GCC_493\Debug\serial.o
                0x0000185c                Ser_Start
 .text.Ser_PutString
                0x00001888       0x18 .\CortexM3\ARM_GCC_493\Debug\serial.o
                0x00001888                Ser_PutString
 .text.IntDefaultHandler
                0x000018a0        0x4 .\CortexM3\ARM_GCC_493\Debug\Cm3Start.o
                0x000018a0                IntDefaultHandler
 .text._sbrk    0x000018a4       0x30 .\CortexM3\ARM_GCC_493\Debug\Cm3Start.o
                0x000018a4                _sbrk
 .text.Start_c  0x000018d4       0x4c .\CortexM3\ARM_GCC_493\Debug\Cm3Start.o
                0x000018d4                Start_c
 .text.initialize_psoc
                0x00001920       0x74 .\CortexM3\ARM_GCC_493\Debug\Cm3Start.o
                0x00001920                initialize_psoc
 .text.cfg_write_bytes32
                0x00001994       0x34 .\CortexM3\ARM_GCC_493\Debug\freesoc.a(cyfitter_cfg.o)
 .text.CYMEMZERO
                0x000019c8        0xc .\CortexM3\ARM_GCC_493\Debug\freesoc.a(cyfitter_cfg.o)
 .text.ClockSetup
                0x000019d4       0xe4 .\CortexM3\ARM_GCC_493\Debug\freesoc.a(cyfitter_cfg.o)
 .text.AnalogSetDefault
                0x00001ab8       0x80 .\CortexM3\ARM_GCC_493\Debug\freesoc.a(cyfitter_cfg.o)
 .text.CYCONFIGCPY
                0x00001b38        0x8 .\CortexM3\ARM_GCC_493\Debug\freesoc.a(cyfitter_cfg.o)
 .text.Front_AMuxSeq_DisconnectAll
                0x00001b40       0x18 .\CortexM3\ARM_GCC_493\Debug\freesoc.a(cyfitter_cfg.o)
                0x00001b40                Front_AMuxSeq_DisconnectAll
 .text.Rear_AMuxSeq_DisconnectAll
                0x00001b58       0x18 .\CortexM3\ARM_GCC_493\Debug\freesoc.a(cyfitter_cfg.o)
                0x00001b58                Rear_AMuxSeq_DisconnectAll
 .text.cyfitter_cfg
                0x00001b70      0x188 .\CortexM3\ARM_GCC_493\Debug\freesoc.a(cyfitter_cfg.o)
                0x00001b70                cyfitter_cfg
 .text.Left_HB25_Enable_Pin_Write
                0x00001cf8       0x18 .\CortexM3\ARM_GCC_493\Debug\freesoc.a(Left_HB25_Enable_Pin.o)
                0x00001cf8                Left_HB25_Enable_Pin_Write
 .text.Left_HB25_PWM_Stop
                0x00001d10        0x4 .\CortexM3\ARM_GCC_493\Debug\freesoc.a(Left_HB25_PWM.o)
                0x00001d10                Left_HB25_PWM_Stop
 .text.Left_HB25_PWM_WriteCounter
                0x00001d14        0xc .\CortexM3\ARM_GCC_493\Debug\freesoc.a(Left_HB25_PWM.o)
                0x00001d14                Left_HB25_PWM_WriteCounter
 .text.Left_HB25_PWM_WritePeriod
                0x00001d20        0xc .\CortexM3\ARM_GCC_493\Debug\freesoc.a(Left_HB25_PWM.o)
                0x00001d20                Left_HB25_PWM_WritePeriod
 .text.Left_HB25_PWM_WriteCompare
                0x00001d2c        0xc .\CortexM3\ARM_GCC_493\Debug\freesoc.a(Left_HB25_PWM.o)
                0x00001d2c                Left_HB25_PWM_WriteCompare
 .text.Left_HB25_PWM_Init
                0x00001d38       0x34 .\CortexM3\ARM_GCC_493\Debug\freesoc.a(Left_HB25_PWM.o)
                0x00001d38                Left_HB25_PWM_Init
 .text.Left_HB25_PWM_Start
                0x00001d6c       0x18 .\CortexM3\ARM_GCC_493\Debug\freesoc.a(Left_HB25_PWM.o)
                0x00001d6c                Left_HB25_PWM_Start
 .text.Right_HB25_Enable_Pin_Write
                0x00001d84       0x18 .\CortexM3\ARM_GCC_493\Debug\freesoc.a(Right_HB25_Enable_Pin.o)
                0x00001d84                Right_HB25_Enable_Pin_Write
 .text.Right_HB25_PWM_Stop
                0x00001d9c        0x4 .\CortexM3\ARM_GCC_493\Debug\freesoc.a(Right_HB25_PWM.o)
                0x00001d9c                Right_HB25_PWM_Stop
 .text.Right_HB25_PWM_WriteCounter
                0x00001da0        0xc .\CortexM3\ARM_GCC_493\Debug\freesoc.a(Right_HB25_PWM.o)
                0x00001da0                Right_HB25_PWM_WriteCounter
 .text.Right_HB25_PWM_WritePeriod
                0x00001dac        0xc .\CortexM3\ARM_GCC_493\Debug\freesoc.a(Right_HB25_PWM.o)
                0x00001dac                Right_HB25_PWM_WritePeriod
 .text.Right_HB25_PWM_WriteCompare
                0x00001db8        0xc .\CortexM3\ARM_GCC_493\Debug\freesoc.a(Right_HB25_PWM.o)
                0x00001db8                Right_HB25_PWM_WriteCompare
 .text.Right_HB25_PWM_Init
                0x00001dc4       0x34 .\CortexM3\ARM_GCC_493\Debug\freesoc.a(Right_HB25_PWM.o)
                0x00001dc4                Right_HB25_PWM_Init
 .text.Right_HB25_PWM_Start
                0x00001df8       0x18 .\CortexM3\ARM_GCC_493\Debug\freesoc.a(Right_HB25_PWM.o)
                0x00001df8                Right_HB25_PWM_Start
 .text          0x00001e10       0x20 .\CortexM3\ARM_GCC_493\Debug\freesoc.a(CyBootAsmGnu.o)
                0x00001e10                CyDelayCycles
                0x00001e20                CyEnterCriticalSection
                0x00001e28                CyExitCriticalSection
 .text.CyHalt   0x00001e30        0x4 .\CortexM3\ARM_GCC_493\Debug\freesoc.a(CyLib.o)
                0x00001e30                CyHalt
 .text.CyDelay  0x00001e34       0x2c .\CortexM3\ARM_GCC_493\Debug\freesoc.a(CyLib.o)
                0x00001e34                CyDelay
 .text.CyDelayUs
                0x00001e60       0x14 .\CortexM3\ARM_GCC_493\Debug\freesoc.a(CyLib.o)
                0x00001e60                CyDelayUs
 .text.CyIntSetSysVector
                0x00001e74       0x28 .\CortexM3\ARM_GCC_493\Debug\freesoc.a(CyLib.o)
                0x00001e74                CyIntSetSysVector
 .text.CyIntSetVector
                0x00001e9c       0x28 .\CortexM3\ARM_GCC_493\Debug\freesoc.a(CyLib.o)
                0x00001e9c                CyIntSetVector
 .text.CyIntSetPriority
                0x00001ec4       0x30 .\CortexM3\ARM_GCC_493\Debug\freesoc.a(CyLib.o)
                0x00001ec4                CyIntSetPriority
 .text.CySysTickEnableInterrupt
                0x00001ef4       0x10 .\CortexM3\ARM_GCC_493\Debug\freesoc.a(CyLib.o)
                0x00001ef4                CySysTickEnableInterrupt
 .text.CySysTickEnable
                0x00001f04       0x18 .\CortexM3\ARM_GCC_493\Debug\freesoc.a(CyLib.o)
                0x00001f04                CySysTickEnable
 .text.CySysTickSetReload
                0x00001f1c       0x10 .\CortexM3\ARM_GCC_493\Debug\freesoc.a(CyLib.o)
                0x00001f1c                CySysTickSetReload
 .text.CySysTickSetClockSource
                0x00001f2c       0x20 .\CortexM3\ARM_GCC_493\Debug\freesoc.a(CyLib.o)
                0x00001f2c                CySysTickSetClockSource
 .text.CySysTickGetCountFlag
                0x00001f4c       0x10 .\CortexM3\ARM_GCC_493\Debug\freesoc.a(CyLib.o)
                0x00001f4c                CySysTickGetCountFlag
 .text.CySysTickServiceCallbacks
                0x00001f5c       0x28 .\CortexM3\ARM_GCC_493\Debug\freesoc.a(CyLib.o)
 .text.CySysTickClear
                0x00001f84        0xc .\CortexM3\ARM_GCC_493\Debug\freesoc.a(CyLib.o)
                0x00001f84                CySysTickClear
 .text.CySysTickInit
                0x00001f90       0x58 .\CortexM3\ARM_GCC_493\Debug\freesoc.a(CyLib.o)
                0x00001f90                CySysTickInit
 .text.CySysTickStart
                0x00001fe8       0x1c .\CortexM3\ARM_GCC_493\Debug\freesoc.a(CyLib.o)
                0x00001fe8                CySysTickStart
 .text.CySysTickSetCallback
                0x00002004       0x10 .\CortexM3\ARM_GCC_493\Debug\freesoc.a(CyLib.o)
                0x00002004                CySysTickSetCallback
 .text.CySysTickGetCallback
                0x00002014       0x10 .\CortexM3\ARM_GCC_493\Debug\freesoc.a(CyLib.o)
                0x00002014                CySysTickGetCallback
 .text.CyGetUniqueId
                0x00002024       0x70 .\CortexM3\ARM_GCC_493\Debug\freesoc.a(CyLib.o)
                0x00002024                CyGetUniqueId
 .text.EZI2C_Slave_Init
                0x00002094       0x70 .\CortexM3\ARM_GCC_493\Debug\freesoc.a(EZI2C_Slave.o)
                0x00002094                EZI2C_Slave_Init
 .text.EZI2C_Slave_Enable
                0x00002104       0x30 .\CortexM3\ARM_GCC_493\Debug\freesoc.a(EZI2C_Slave.o)
                0x00002104                EZI2C_Slave_Enable
 .text.EZI2C_Slave_Start
                0x00002134       0x1c .\CortexM3\ARM_GCC_493\Debug\freesoc.a(EZI2C_Slave.o)
                0x00002134                EZI2C_Slave_Start
 .text.EZI2C_Slave_GetActivity
                0x00002150       0x28 .\CortexM3\ARM_GCC_493\Debug\freesoc.a(EZI2C_Slave.o)
                0x00002150                EZI2C_Slave_GetActivity
 .text.EZI2C_Slave_SetBuffer1
                0x00002178       0x50 .\CortexM3\ARM_GCC_493\Debug\freesoc.a(EZI2C_Slave.o)
                0x00002178                EZI2C_Slave_SetBuffer1
 .text.EZI2C_Slave_ISR
                0x000021c8      0x1c4 .\CortexM3\ARM_GCC_493\Debug\freesoc.a(EZI2C_Slave_INT.o)
                0x000021c8                EZI2C_Slave_ISR
 .text.Mainloop_Pin_Write
                0x0000238c       0x18 .\CortexM3\ARM_GCC_493\Debug\freesoc.a(Mainloop_Pin.o)
                0x0000238c                Mainloop_Pin_Write
 .text.EEPROM_Enable
                0x000023a4        0xc .\CortexM3\ARM_GCC_493\Debug\freesoc.a(EEPROM.o)
                0x000023a4                EEPROM_Enable
 .text.EEPROM_Start
                0x000023b0        0x8 .\CortexM3\ARM_GCC_493\Debug\freesoc.a(EEPROM.o)
                0x000023b0                EEPROM_Start
 .text.EEPROM_WriteByte
                0x000023b8       0xd4 .\CortexM3\ARM_GCC_493\Debug\freesoc.a(EEPROM.o)
                0x000023b8                EEPROM_WriteByte
 .text.EEPROM_Write
                0x0000248c       0xb4 .\CortexM3\ARM_GCC_493\Debug\freesoc.a(EEPROM.o)
                0x0000248c                EEPROM_Write
 .text.Right_QuadDec_Init
                0x00002540       0x24 .\CortexM3\ARM_GCC_493\Debug\freesoc.a(Right_QuadDec.o)
                0x00002540                Right_QuadDec_Init
 .text.Right_QuadDec_GetCounter
                0x00002564       0x2c .\CortexM3\ARM_GCC_493\Debug\freesoc.a(Right_QuadDec.o)
                0x00002564                Right_QuadDec_GetCounter
 .text.Right_QuadDec_SetCounter
                0x00002590       0x28 .\CortexM3\ARM_GCC_493\Debug\freesoc.a(Right_QuadDec.o)
                0x00002590                Right_QuadDec_SetCounter
 .text.Right_QuadDec_GetEvents
                0x000025b8       0x10 .\CortexM3\ARM_GCC_493\Debug\freesoc.a(Right_QuadDec.o)
                0x000025b8                Right_QuadDec_GetEvents
 .text.Right_QuadDec_SetInterruptMask
                0x000025c8       0x10 .\CortexM3\ARM_GCC_493\Debug\freesoc.a(Right_QuadDec.o)
                0x000025c8                Right_QuadDec_SetInterruptMask
 .text.Right_QuadDec_Enable
                0x000025d8       0x30 .\CortexM3\ARM_GCC_493\Debug\freesoc.a(Right_QuadDec.o)
                0x000025d8                Right_QuadDec_Enable
 .text.Right_QuadDec_Start
                0x00002608       0x34 .\CortexM3\ARM_GCC_493\Debug\freesoc.a(Right_QuadDec.o)
                0x00002608                Right_QuadDec_Start
 .text.Right_QuadDec_ISR
                0x0000263c       0x40 .\CortexM3\ARM_GCC_493\Debug\freesoc.a(Right_QuadDec_INT.o)
                0x0000263c                Right_QuadDec_ISR
 .text.Right_QuadDec_Cnt16_Enable
                0x0000267c       0x10 .\CortexM3\ARM_GCC_493\Debug\freesoc.a(Right_QuadDec_Cnt16.o)
                0x0000267c                Right_QuadDec_Cnt16_Enable
 .text.Right_QuadDec_Cnt16_SetInterruptMode
                0x0000268c        0xc .\CortexM3\ARM_GCC_493\Debug\freesoc.a(Right_QuadDec_Cnt16.o)
                0x0000268c                Right_QuadDec_Cnt16_SetInterruptMode
 .text.Right_QuadDec_Cnt16_ReadStatusRegister
                0x00002698        0xc .\CortexM3\ARM_GCC_493\Debug\freesoc.a(Right_QuadDec_Cnt16.o)
                0x00002698                Right_QuadDec_Cnt16_ReadStatusRegister
 .text.Right_QuadDec_Cnt16_WriteCounter
                0x000026a4        0xc .\CortexM3\ARM_GCC_493\Debug\freesoc.a(Right_QuadDec_Cnt16.o)
                0x000026a4                Right_QuadDec_Cnt16_WriteCounter
 .text.Right_QuadDec_Cnt16_ReadCounter
                0x000026b0       0x14 .\CortexM3\ARM_GCC_493\Debug\freesoc.a(Right_QuadDec_Cnt16.o)
                0x000026b0                Right_QuadDec_Cnt16_ReadCounter
 .text.Right_QuadDec_Cnt16_ReadCapture
                0x000026c4        0xc .\CortexM3\ARM_GCC_493\Debug\freesoc.a(Right_QuadDec_Cnt16.o)
                0x000026c4                Right_QuadDec_Cnt16_ReadCapture
 .text.Right_QuadDec_Cnt16_WritePeriod
                0x000026d0        0xc .\CortexM3\ARM_GCC_493\Debug\freesoc.a(Right_QuadDec_Cnt16.o)
                0x000026d0                Right_QuadDec_Cnt16_WritePeriod
 .text.Right_QuadDec_Cnt16_WriteCompare
                0x000026dc        0xc .\CortexM3\ARM_GCC_493\Debug\freesoc.a(Right_QuadDec_Cnt16.o)
                0x000026dc                Right_QuadDec_Cnt16_WriteCompare
 .text.Right_QuadDec_Cnt16_ClearFIFO
                0x000026e8       0x14 .\CortexM3\ARM_GCC_493\Debug\freesoc.a(Right_QuadDec_Cnt16.o)
                0x000026e8                Right_QuadDec_Cnt16_ClearFIFO
 .text.Right_QuadDec_Cnt16_Init
                0x000026fc       0x58 .\CortexM3\ARM_GCC_493\Debug\freesoc.a(Right_QuadDec_Cnt16.o)
                0x000026fc                Right_QuadDec_Cnt16_Init
 .text.Right_QuadDec_Cnt16_Start
                0x00002754       0x1c .\CortexM3\ARM_GCC_493\Debug\freesoc.a(Right_QuadDec_Cnt16.o)
                0x00002754                Right_QuadDec_Cnt16_Start
 .text.Left_QuadDec_Init
                0x00002770       0x24 .\CortexM3\ARM_GCC_493\Debug\freesoc.a(Left_QuadDec.o)
                0x00002770                Left_QuadDec_Init
 .text.Left_QuadDec_GetCounter
                0x00002794       0x2c .\CortexM3\ARM_GCC_493\Debug\freesoc.a(Left_QuadDec.o)
                0x00002794                Left_QuadDec_GetCounter
 .text.Left_QuadDec_SetCounter
                0x000027c0       0x28 .\CortexM3\ARM_GCC_493\Debug\freesoc.a(Left_QuadDec.o)
                0x000027c0                Left_QuadDec_SetCounter
 .text.Left_QuadDec_GetEvents
                0x000027e8       0x10 .\CortexM3\ARM_GCC_493\Debug\freesoc.a(Left_QuadDec.o)
                0x000027e8                Left_QuadDec_GetEvents
 .text.Left_QuadDec_SetInterruptMask
                0x000027f8       0x10 .\CortexM3\ARM_GCC_493\Debug\freesoc.a(Left_QuadDec.o)
                0x000027f8                Left_QuadDec_SetInterruptMask
 .text.Left_QuadDec_Enable
                0x00002808       0x30 .\CortexM3\ARM_GCC_493\Debug\freesoc.a(Left_QuadDec.o)
                0x00002808                Left_QuadDec_Enable
 .text.Left_QuadDec_Start
                0x00002838       0x34 .\CortexM3\ARM_GCC_493\Debug\freesoc.a(Left_QuadDec.o)
                0x00002838                Left_QuadDec_Start
 .text.Left_QuadDec_ISR
                0x0000286c       0x40 .\CortexM3\ARM_GCC_493\Debug\freesoc.a(Left_QuadDec_INT.o)
                0x0000286c                Left_QuadDec_ISR
 .text.Left_QuadDec_Cnt16_Enable
                0x000028ac       0x10 .\CortexM3\ARM_GCC_493\Debug\freesoc.a(Left_QuadDec_Cnt16.o)
                0x000028ac                Left_QuadDec_Cnt16_Enable
 .text.Left_QuadDec_Cnt16_SetInterruptMode
                0x000028bc        0xc .\CortexM3\ARM_GCC_493\Debug\freesoc.a(Left_QuadDec_Cnt16.o)
                0x000028bc                Left_QuadDec_Cnt16_SetInterruptMode
 .text.Left_QuadDec_Cnt16_ReadStatusRegister
                0x000028c8        0xc .\CortexM3\ARM_GCC_493\Debug\freesoc.a(Left_QuadDec_Cnt16.o)
                0x000028c8                Left_QuadDec_Cnt16_ReadStatusRegister
 .text.Left_QuadDec_Cnt16_WriteCounter
                0x000028d4        0xc .\CortexM3\ARM_GCC_493\Debug\freesoc.a(Left_QuadDec_Cnt16.o)
                0x000028d4                Left_QuadDec_Cnt16_WriteCounter
 .text.Left_QuadDec_Cnt16_ReadCounter
                0x000028e0       0x14 .\CortexM3\ARM_GCC_493\Debug\freesoc.a(Left_QuadDec_Cnt16.o)
                0x000028e0                Left_QuadDec_Cnt16_ReadCounter
 .text.Left_QuadDec_Cnt16_ReadCapture
                0x000028f4        0xc .\CortexM3\ARM_GCC_493\Debug\freesoc.a(Left_QuadDec_Cnt16.o)
                0x000028f4                Left_QuadDec_Cnt16_ReadCapture
 .text.Left_QuadDec_Cnt16_WritePeriod
                0x00002900        0xc .\CortexM3\ARM_GCC_493\Debug\freesoc.a(Left_QuadDec_Cnt16.o)
                0x00002900                Left_QuadDec_Cnt16_WritePeriod
 .text.Left_QuadDec_Cnt16_WriteCompare
                0x0000290c        0xc .\CortexM3\ARM_GCC_493\Debug\freesoc.a(Left_QuadDec_Cnt16.o)
                0x0000290c                Left_QuadDec_Cnt16_WriteCompare
 .text.Left_QuadDec_Cnt16_ClearFIFO
                0x00002918       0x14 .\CortexM3\ARM_GCC_493\Debug\freesoc.a(Left_QuadDec_Cnt16.o)
                0x00002918                Left_QuadDec_Cnt16_ClearFIFO
 .text.Left_QuadDec_Cnt16_Init
                0x0000292c       0x58 .\CortexM3\ARM_GCC_493\Debug\freesoc.a(Left_QuadDec_Cnt16.o)
                0x0000292c                Left_QuadDec_Cnt16_Init
 .text.Left_QuadDec_Cnt16_Start
                0x00002984       0x1c .\CortexM3\ARM_GCC_493\Debug\freesoc.a(Left_QuadDec_Cnt16.o)
                0x00002984                Left_QuadDec_Cnt16_Start
 .text.USBUART_Init
                0x000029a0      0x140 .\CortexM3\ARM_GCC_493\Debug\freesoc.a(USBUART.o)
                0x000029a0                USBUART_Init
 .text.USBUART_InitComponent
                0x00002ae0       0xd4 .\CortexM3\ARM_GCC_493\Debug\freesoc.a(USBUART.o)
                0x00002ae0                USBUART_InitComponent
 .text.USBUART_Start
                0x00002bb4       0x24 .\CortexM3\ARM_GCC_493\Debug\freesoc.a(USBUART.o)
                0x00002bb4                USBUART_Start
 .text.USBUART_ReInitComponent
                0x00002bd8       0x64 .\CortexM3\ARM_GCC_493\Debug\freesoc.a(USBUART.o)
                0x00002bd8                USBUART_ReInitComponent
 .text.USBUART_GetConfiguration
                0x00002c3c        0xc .\CortexM3\ARM_GCC_493\Debug\freesoc.a(USBUART.o)
                0x00002c3c                USBUART_GetConfiguration
 .text.USBUART_IsConfigurationChanged
                0x00002c48       0x20 .\CortexM3\ARM_GCC_493\Debug\freesoc.a(USBUART.o)
                0x00002c48                USBUART_IsConfigurationChanged
 .text.USBUART_GetEPState
                0x00002c68       0x14 .\CortexM3\ARM_GCC_493\Debug\freesoc.a(USBUART.o)
                0x00002c68                USBUART_GetEPState
 .text.USBUART_LoadInEP
                0x00002c7c       0x94 .\CortexM3\ARM_GCC_493\Debug\freesoc.a(USBUART.o)
                0x00002c7c                USBUART_LoadInEP
 .text.USBUART_EnableOutEP
                0x00002d10       0x2c .\CortexM3\ARM_GCC_493\Debug\freesoc.a(USBUART.o)
                0x00002d10                USBUART_EnableOutEP
 .text.USBUART_StrLen
                0x00002d3c       0x14 .\CortexM3\ARM_GCC_493\Debug\freesoc.a(USBUART_cdc.o)
 .text.USBUART_GetInterfaceComPort
                0x00002d50       0x3c .\CortexM3\ARM_GCC_493\Debug\freesoc.a(USBUART_cdc.o)
                0x00002d50                USBUART_GetInterfaceComPort
 .text.USBUART_DispatchCDCClassRqst
                0x00002d8c       0x98 .\CortexM3\ARM_GCC_493\Debug\freesoc.a(USBUART_cdc.o)
                0x00002d8c                USBUART_DispatchCDCClassRqst
 .text.USBUART_CDC_Init
                0x00002e24       0x98 .\CortexM3\ARM_GCC_493\Debug\freesoc.a(USBUART_cdc.o)
                0x00002e24                USBUART_CDC_Init
 .text.USBUART_PutString
                0x00002ebc       0x9c .\CortexM3\ARM_GCC_493\Debug\freesoc.a(USBUART_cdc.o)
                0x00002ebc                USBUART_PutString
 .text.USBUART_CDCIsReady
                0x00002f58       0x18 .\CortexM3\ARM_GCC_493\Debug\freesoc.a(USBUART_cdc.o)
                0x00002f58                USBUART_CDCIsReady
 .text.USBUART_Cdc_EpInit
                0x00002f70       0x50 .\CortexM3\ARM_GCC_493\Debug\freesoc.a(USBUART_cdc.o)
                0x00002f70                USBUART_Cdc_EpInit
 .text.USBUART_LoadEP0
                0x00002fc0       0x94 .\CortexM3\ARM_GCC_493\Debug\freesoc.a(USBUART_drv.o)
                0x00002fc0                USBUART_LoadEP0
 .text.USBUART_InitZeroLengthControlTransfer
                0x00003054       0x34 .\CortexM3\ARM_GCC_493\Debug\freesoc.a(USBUART_drv.o)
                0x00003054                USBUART_InitZeroLengthControlTransfer
 .text.USBUART_ControlReadDataStage
                0x00003088        0x8 .\CortexM3\ARM_GCC_493\Debug\freesoc.a(USBUART_drv.o)
                0x00003088                USBUART_ControlReadDataStage
 .text.USBUART_ControlWriteDataStage
                0x00003090       0x80 .\CortexM3\ARM_GCC_493\Debug\freesoc.a(USBUART_drv.o)
                0x00003090                USBUART_ControlWriteDataStage
 .text.USBUART_InitNoDataControlTransfer
                0x00003110       0x2c .\CortexM3\ARM_GCC_493\Debug\freesoc.a(USBUART_drv.o)
                0x00003110                USBUART_InitNoDataControlTransfer
 .text.USBUART_UpdateStatusBlock
                0x0000313c       0x24 .\CortexM3\ARM_GCC_493\Debug\freesoc.a(USBUART_drv.o)
                0x0000313c                USBUART_UpdateStatusBlock
 .text.USBUART_HandleSetup
                0x00003160       0x5c .\CortexM3\ARM_GCC_493\Debug\freesoc.a(USBUART_drv.o)
                0x00003160                USBUART_HandleSetup
 .text.USBUART_ControlReadStatusStage
                0x000031bc       0x34 .\CortexM3\ARM_GCC_493\Debug\freesoc.a(USBUART_drv.o)
                0x000031bc                USBUART_ControlReadStatusStage
 .text.USBUART_HandleOUT
                0x000031f0       0x38 .\CortexM3\ARM_GCC_493\Debug\freesoc.a(USBUART_drv.o)
                0x000031f0                USBUART_HandleOUT
 .text.USBUART_ControlWriteStatusStage
                0x00003228       0x20 .\CortexM3\ARM_GCC_493\Debug\freesoc.a(USBUART_drv.o)
                0x00003228                USBUART_ControlWriteStatusStage
 .text.USBUART_NoDataControlStatusStage
                0x00003248       0x40 .\CortexM3\ARM_GCC_493\Debug\freesoc.a(USBUART_drv.o)
                0x00003248                USBUART_NoDataControlStatusStage
 .text.USBUART_HandleIN
                0x00003288       0x2c .\CortexM3\ARM_GCC_493\Debug\freesoc.a(USBUART_drv.o)
                0x00003288                USBUART_HandleIN
 .text.USBUART_EP_0_ISR
                0x000032b4       0xb8 .\CortexM3\ARM_GCC_493\Debug\freesoc.a(USBUART_drv.o)
                0x000032b4                USBUART_EP_0_ISR
 .text.USBUART_InitializeStatusBlock
                0x0000336c       0x24 .\CortexM3\ARM_GCC_493\Debug\freesoc.a(USBUART_drv.o)
                0x0000336c                USBUART_InitializeStatusBlock
 .text.USBUART_InitControlRead
                0x00003390       0x50 .\CortexM3\ARM_GCC_493\Debug\freesoc.a(USBUART_drv.o)
                0x00003390                USBUART_InitControlRead
 .text.USBUART_InitControlWrite
                0x000033e0       0x48 .\CortexM3\ARM_GCC_493\Debug\freesoc.a(USBUART_drv.o)
                0x000033e0                USBUART_InitControlWrite
 .text.USBUART_EP_1_ISR
                0x00003428       0x38 .\CortexM3\ARM_GCC_493\Debug\freesoc.a(USBUART_episr.o)
                0x00003428                USBUART_EP_1_ISR
 .text.USBUART_EP_2_ISR
                0x00003460       0x3c .\CortexM3\ARM_GCC_493\Debug\freesoc.a(USBUART_episr.o)
                0x00003460                USBUART_EP_2_ISR
 .text.USBUART_EP_3_ISR
                0x0000349c       0x44 .\CortexM3\ARM_GCC_493\Debug\freesoc.a(USBUART_episr.o)
                0x0000349c                USBUART_EP_3_ISR
 .text.USBUART_SOF_ISR
                0x000034e0        0x4 .\CortexM3\ARM_GCC_493\Debug\freesoc.a(USBUART_episr.o)
                0x000034e0                USBUART_SOF_ISR
 .text.USBUART_BUS_RESET_ISR
                0x000034e4        0x8 .\CortexM3\ARM_GCC_493\Debug\freesoc.a(USBUART_episr.o)
                0x000034e4                USBUART_BUS_RESET_ISR
 .text.USBUART_FindHidClassDecriptor
                0x000034ec       0x40 .\CortexM3\ARM_GCC_493\Debug\freesoc.a(USBUART_hid.o)
                0x000034ec                USBUART_FindHidClassDecriptor
 .text.USBUART_FindReportDescriptor
                0x0000352c       0x48 .\CortexM3\ARM_GCC_493\Debug\freesoc.a(USBUART_hid.o)
                0x0000352c                USBUART_FindReportDescriptor
 .text.USBUART_FindReport
                0x00003574       0x7c .\CortexM3\ARM_GCC_493\Debug\freesoc.a(USBUART_hid.o)
                0x00003574                USBUART_FindReport
 .text.USBUART_DispatchHIDClassRqst
                0x000035f0      0x184 .\CortexM3\ARM_GCC_493\Debug\freesoc.a(USBUART_hid.o)
                0x000035f0                USBUART_DispatchHIDClassRqst
 .text.USBUART_DP_ISR
                0x00003774        0x8 .\CortexM3\ARM_GCC_493\Debug\freesoc.a(USBUART_pm.o)
                0x00003774                USBUART_DP_ISR
 .text.USBUART_ReadDieID
                0x0000377c       0x6c .\CortexM3\ARM_GCC_493\Debug\freesoc.a(USBUART_std.o)
                0x0000377c                USBUART_ReadDieID
 .text.USBUART_ConfigReg
                0x000037e8       0xa4 .\CortexM3\ARM_GCC_493\Debug\freesoc.a(USBUART_std.o)
                0x000037e8                USBUART_ConfigReg
 .text.USBUART_GetConfigTablePtr
                0x0000388c       0x28 .\CortexM3\ARM_GCC_493\Debug\freesoc.a(USBUART_std.o)
                0x0000388c                USBUART_GetConfigTablePtr
 .text.USBUART_ConfigAltChanged
                0x000038b4      0x11c .\CortexM3\ARM_GCC_493\Debug\freesoc.a(USBUART_std.o)
                0x000038b4                USBUART_ConfigAltChanged
 .text.USBUART_GetDeviceTablePtr
                0x000039d0       0x18 .\CortexM3\ARM_GCC_493\Debug\freesoc.a(USBUART_std.o)
                0x000039d0                USBUART_GetDeviceTablePtr
 .text.USBUART_GetInterfaceClassTablePtr
                0x000039e8       0x24 .\CortexM3\ARM_GCC_493\Debug\freesoc.a(USBUART_std.o)
                0x000039e8                USBUART_GetInterfaceClassTablePtr
 .text.USBUART_Config
                0x00003a0c      0x1dc .\CortexM3\ARM_GCC_493\Debug\freesoc.a(USBUART_std.o)
                0x00003a0c                USBUART_Config
 .text.USBUART_SetEndpointHalt
                0x00003be8       0x64 .\CortexM3\ARM_GCC_493\Debug\freesoc.a(USBUART_std.o)
                0x00003be8                USBUART_SetEndpointHalt
 .text.USBUART_ClearEndpointHalt
                0x00003c4c       0xa8 .\CortexM3\ARM_GCC_493\Debug\freesoc.a(USBUART_std.o)
                0x00003c4c                USBUART_ClearEndpointHalt
 .text.USBUART_ValidateAlternateSetting
                0x00003cf4       0x4c .\CortexM3\ARM_GCC_493\Debug\freesoc.a(USBUART_std.o)
                0x00003cf4                USBUART_ValidateAlternateSetting
 .text.USBUART_HandleStandardRqst
                0x00003d40      0x35c .\CortexM3\ARM_GCC_493\Debug\freesoc.a(USBUART_std.o)
                0x00003d40                USBUART_HandleStandardRqst
 .text.USBUART_HandleVendorRqst
                0x0000409c       0x3c .\CortexM3\ARM_GCC_493\Debug\freesoc.a(USBUART_vnd.o)
                0x0000409c                USBUART_HandleVendorRqst
 .text.USBUART_Dp_ClearInterrupt
                0x000040d8       0x10 .\CortexM3\ARM_GCC_493\Debug\freesoc.a(USBUART_Dp.o)
                0x000040d8                USBUART_Dp_ClearInterrupt
 .text.CyFlashGetSpcAlgorithm
                0x000040e8       0x4c .\CortexM3\ARM_GCC_493\Debug\freesoc.a(CyFlash.o)
 .text.CySetTempInt
                0x00004134       0x60 .\CortexM3\ARM_GCC_493\Debug\freesoc.a(CyFlash.o)
 .text.CySetTemp
                0x00004194       0x14 .\CortexM3\ARM_GCC_493\Debug\freesoc.a(CyFlash.o)
                0x00004194                CySetTemp
 .text.CyEEPROM_Start
                0x000041a8       0x54 .\CortexM3\ARM_GCC_493\Debug\freesoc.a(CyFlash.o)
                0x000041a8                CyEEPROM_Start
 .text.CySpcStart
                0x000041fc       0x24 .\CortexM3\ARM_GCC_493\Debug\freesoc.a(CySpc.o)
                0x000041fc                CySpcStart
 .text.CySpcReadData
                0x00004220       0x34 .\CortexM3\ARM_GCC_493\Debug\freesoc.a(CySpc.o)
                0x00004220                CySpcReadData
 .text.CySpcLoadMultiByte
                0x00004254       0x78 .\CortexM3\ARM_GCC_493\Debug\freesoc.a(CySpc.o)
                0x00004254                CySpcLoadMultiByte
 .text.CySpcLoadRow
                0x000042cc       0x54 .\CortexM3\ARM_GCC_493\Debug\freesoc.a(CySpc.o)
                0x000042cc                CySpcLoadRow
 .text.CySpcWriteRow
                0x00004320       0x4c .\CortexM3\ARM_GCC_493\Debug\freesoc.a(CySpc.o)
                0x00004320                CySpcWriteRow
 .text.CySpcGetTemp
                0x0000436c       0x3c .\CortexM3\ARM_GCC_493\Debug\freesoc.a(CySpc.o)
                0x0000436c                CySpcGetTemp
 .text.CySpcLock
                0x000043a8       0x4c .\CortexM3\ARM_GCC_493\Debug\freesoc.a(CySpc.o)
                0x000043a8                CySpcLock
 .text.CySpcUnlock
                0x000043f4       0x38 .\CortexM3\ARM_GCC_493\Debug\freesoc.a(CySpc.o)
                0x000043f4                CySpcUnlock
 .text.CySpcGetAlgorithm
                0x0000442c       0x28 .\CortexM3\ARM_GCC_493\Debug\freesoc.a(CySpc.o)
                0x0000442c                CySpcGetAlgorithm
 .text.USBUART_DispatchClassRqst
                0x00004454       0x60 .\CortexM3\ARM_GCC_493\Debug\freesoc.a(USBUART_cls.o)
                0x00004454                USBUART_DispatchClassRqst
 .text.cos      0x000044b4       0x90 c:/program files (x86)/cypress/psoc creator/3.3/psoc creator/import/gnu/arm/4.9.3/bin/../lib/gcc/arm-none-eabi/4.9.3/../../../../arm-none-eabi/lib/armv7-m\libm.a(lib_a-s_cos.o)
                0x000044b4                cos
 .text.sin      0x00004544       0x94 c:/program files (x86)/cypress/psoc creator/3.3/psoc creator/import/gnu/arm/4.9.3/bin/../lib/gcc/arm-none-eabi/4.9.3/../../../../arm-none-eabi/lib/armv7-m\libm.a(lib_a-s_sin.o)
                0x00004544                sin
 .text.pow      0x000045d8      0x2f0 c:/program files (x86)/cypress/psoc creator/3.3/psoc creator/import/gnu/arm/4.9.3/bin/../lib/gcc/arm-none-eabi/4.9.3/../../../../arm-none-eabi/lib/armv7-m\libm.a(lib_a-w_pow.o)
                0x000045d8                pow
 .text.__ieee754_pow
                0x000048c8      0xaa0 c:/program files (x86)/cypress/psoc creator/3.3/psoc creator/import/gnu/arm/4.9.3/bin/../lib/gcc/arm-none-eabi/4.9.3/../../../../arm-none-eabi/lib/armv7-m\libm.a(lib_a-e_pow.o)
                0x000048c8                __ieee754_pow
 .text.__ieee754_rem_pio2
                0x00005368      0x428 c:/program files (x86)/cypress/psoc creator/3.3/psoc creator/import/gnu/arm/4.9.3/bin/../lib/gcc/arm-none-eabi/4.9.3/../../../../arm-none-eabi/lib/armv7-m\libm.a(lib_a-e_rem_pio2.o)
                0x00005368                __ieee754_rem_pio2
 .text.__ieee754_sqrt
                0x00005790      0x18c c:/program files (x86)/cypress/psoc creator/3.3/psoc creator/import/gnu/arm/4.9.3/bin/../lib/gcc/arm-none-eabi/4.9.3/../../../../arm-none-eabi/lib/armv7-m\libm.a(lib_a-e_sqrt.o)
                0x00005790                __ieee754_sqrt
 *fill*         0x0000591c        0x4 
 .text.__kernel_cos
                0x00005920      0x248 c:/program files (x86)/cypress/psoc creator/3.3/psoc creator/import/gnu/arm/4.9.3/bin/../lib/gcc/arm-none-eabi/4.9.3/../../../../arm-none-eabi/lib/armv7-m\libm.a(lib_a-k_cos.o)
                0x00005920                __kernel_cos
 .text.__kernel_rem_pio2
                0x00005b68      0x808 c:/program files (x86)/cypress/psoc creator/3.3/psoc creator/import/gnu/arm/4.9.3/bin/../lib/gcc/arm-none-eabi/4.9.3/../../../../arm-none-eabi/lib/armv7-m\libm.a(lib_a-k_rem_pio2.o)
                0x00005b68                __kernel_rem_pio2
 .text.__kernel_sin
                0x00006370      0x170 c:/program files (x86)/cypress/psoc creator/3.3/psoc creator/import/gnu/arm/4.9.3/bin/../lib/gcc/arm-none-eabi/4.9.3/../../../../arm-none-eabi/lib/armv7-m\libm.a(lib_a-k_sin.o)
                0x00006370                __kernel_sin
 .text.fabs     0x000064e0        0x8 c:/program files (x86)/cypress/psoc creator/3.3/psoc creator/import/gnu/arm/4.9.3/bin/../lib/gcc/arm-none-eabi/4.9.3/../../../../arm-none-eabi/lib/armv7-m\libm.a(lib_a-s_fabs.o)
                0x000064e0                fabs
 .text.finite   0x000064e8        0xc c:/program files (x86)/cypress/psoc creator/3.3/psoc creator/import/gnu/arm/4.9.3/bin/../lib/gcc/arm-none-eabi/4.9.3/../../../../arm-none-eabi/lib/armv7-m\libm.a(lib_a-s_finite.o)
                0x000064e8                finite
 *fill*         0x000064f4        0x4 
 .text.floor    0x000064f8      0x118 c:/program files (x86)/cypress/psoc creator/3.3/psoc creator/import/gnu/arm/4.9.3/bin/../lib/gcc/arm-none-eabi/4.9.3/../../../../arm-none-eabi/lib/armv7-m\libm.a(lib_a-s_floor.o)
                0x000064f8                floor
 .text.__fpclassifyd
                0x00006610       0x58 c:/program files (x86)/cypress/psoc creator/3.3/psoc creator/import/gnu/arm/4.9.3/bin/../lib/gcc/arm-none-eabi/4.9.3/../../../../arm-none-eabi/lib/armv7-m\libm.a(lib_a-s_fpclassify.o)
                0x00006610                __fpclassifyd
 .text.matherr  0x00006668        0x4 c:/program files (x86)/cypress/psoc creator/3.3/psoc creator/import/gnu/arm/4.9.3/bin/../lib/gcc/arm-none-eabi/4.9.3/../../../../arm-none-eabi/lib/armv7-m\libm.a(lib_a-s_matherr.o)
                0x00006668                matherr
 .text.nan      0x0000666c        0xc c:/program files (x86)/cypress/psoc creator/3.3/psoc creator/import/gnu/arm/4.9.3/bin/../lib/gcc/arm-none-eabi/4.9.3/../../../../arm-none-eabi/lib/armv7-m\libm.a(lib_a-s_nan.o)
                0x0000666c                nan
 .text.rint     0x00006678      0x11c c:/program files (x86)/cypress/psoc creator/3.3/psoc creator/import/gnu/arm/4.9.3/bin/../lib/gcc/arm-none-eabi/4.9.3/../../../../arm-none-eabi/lib/armv7-m\libm.a(lib_a-s_rint.o)
                0x00006678                rint
 *fill*         0x00006794        0x4 
 .text.scalbn   0x00006798       0xf0 c:/program files (x86)/cypress/psoc creator/3.3/psoc creator/import/gnu/arm/4.9.3/bin/../lib/gcc/arm-none-eabi/4.9.3/../../../../arm-none-eabi/lib/armv7-m\libm.a(lib_a-s_scalbn.o)
                0x00006798                scalbn
 .text.copysign
                0x00006888       0x10 c:/program files (x86)/cypress/psoc creator/3.3/psoc creator/import/gnu/arm/4.9.3/bin/../lib/gcc/arm-none-eabi/4.9.3/../../../../arm-none-eabi/lib/armv7-m\libm.a(lib_a-s_copysign.o)
                0x00006888                copysign
 .text          0x00006898      0x370 c:/program files (x86)/cypress/psoc creator/3.3/psoc creator/import/gnu/arm/4.9.3/bin/../lib/gcc/arm-none-eabi/4.9.3/armv7-m\libgcc.a(_arm_addsubdf3.o)
                0x00006898                __aeabi_drsub
                0x000068a0                __aeabi_dsub
                0x000068a0                __subdf3
                0x000068a4                __aeabi_dadd
                0x000068a4                __adddf3
                0x00006b1c                __floatunsidf
                0x00006b1c                __aeabi_ui2d
                0x00006b3c                __floatsidf
                0x00006b3c                __aeabi_i2d
                0x00006b60                __aeabi_f2d
                0x00006b60                __extendsfdf2
                0x00006b9c                __floatundidf
                0x00006b9c                __aeabi_ul2d
                0x00006bac                __floatdidf
                0x00006bac                __aeabi_l2d
 .text          0x00006c08      0x424 c:/program files (x86)/cypress/psoc creator/3.3/psoc creator/import/gnu/arm/4.9.3/bin/../lib/gcc/arm-none-eabi/4.9.3/armv7-m\libgcc.a(_arm_muldivdf3.o)
                0x00006c08                __aeabi_dmul
                0x00006c08                __muldf3
                0x00006e5c                __divdf3
                0x00006e5c                __aeabi_ddiv
 .text          0x0000702c      0x110 c:/program files (x86)/cypress/psoc creator/3.3/psoc creator/import/gnu/arm/4.9.3/bin/../lib/gcc/arm-none-eabi/4.9.3/armv7-m\libgcc.a(_arm_cmpdf2.o)
                0x0000702c                __gtdf2
                0x0000702c                __gedf2
                0x00007034                __ltdf2
                0x00007034                __ledf2
                0x0000703c                __nedf2
                0x0000703c                __eqdf2
                0x0000703c                __cmpdf2
                0x000070b8                __aeabi_cdrcmple
                0x000070c8                __aeabi_cdcmpeq
                0x000070c8                __aeabi_cdcmple
                0x000070d8                __aeabi_dcmpeq
                0x000070ec                __aeabi_dcmplt
                0x00007100                __aeabi_dcmple
                0x00007114                __aeabi_dcmpge
                0x00007128                __aeabi_dcmpgt
 .text          0x0000713c       0x50 c:/program files (x86)/cypress/psoc creator/3.3/psoc creator/import/gnu/arm/4.9.3/bin/../lib/gcc/arm-none-eabi/4.9.3/armv7-m\libgcc.a(_arm_fixdfsi.o)
                0x0000713c                __aeabi_d2iz
                0x0000713c                __fixdfsi
 .text          0x0000718c       0xa0 c:/program files (x86)/cypress/psoc creator/3.3/psoc creator/import/gnu/arm/4.9.3/bin/../lib/gcc/arm-none-eabi/4.9.3/armv7-m\libgcc.a(_arm_truncdfsf2.o)
                0x0000718c                __truncdfsf2
                0x0000718c                __aeabi_d2f
 .text          0x0000722c      0x21c c:/program files (x86)/cypress/psoc creator/3.3/psoc creator/import/gnu/arm/4.9.3/bin/../lib/gcc/arm-none-eabi/4.9.3/armv7-m\libgcc.a(_arm_addsubsf3.o)
                0x0000722c                __aeabi_frsub
                0x00007234                __subsf3
                0x00007234                __aeabi_fsub
                0x00007238                __aeabi_fadd
                0x00007238                __addsf3
                0x00007398                __aeabi_ui2f
                0x00007398                __floatunsisf
                0x000073a0                __aeabi_i2f
                0x000073a0                __floatsisf
                0x000073bc                __aeabi_ul2f
                0x000073bc                __floatundisf
                0x000073cc                __aeabi_l2f
                0x000073cc                __floatdisf
 .text          0x00007448      0x2a0 c:/program files (x86)/cypress/psoc creator/3.3/psoc creator/import/gnu/arm/4.9.3/bin/../lib/gcc/arm-none-eabi/4.9.3/armv7-m\libgcc.a(_arm_muldivsf3.o)
                0x00007448                __mulsf3
                0x00007448                __aeabi_fmul
                0x000075b0                __aeabi_fdiv
                0x000075b0                __divsf3
 .text          0x000076e8       0xec c:/program files (x86)/cypress/psoc creator/3.3/psoc creator/import/gnu/arm/4.9.3/bin/../lib/gcc/arm-none-eabi/4.9.3/armv7-m\libgcc.a(_arm_cmpsf2.o)
                0x000076e8                __gesf2
                0x000076e8                __gtsf2
                0x000076f0                __lesf2
                0x000076f0                __ltsf2
                0x000076f8                __nesf2
                0x000076f8                __eqsf2
                0x000076f8                __cmpsf2
                0x00007758                __aeabi_cfrcmple
                0x00007760                __aeabi_cfcmpeq
                0x00007760                __aeabi_cfcmple
                0x00007770                __aeabi_fcmpeq
                0x00007784                __aeabi_fcmplt
                0x00007798                __aeabi_fcmple
                0x000077ac                __aeabi_fcmpge
                0x000077c0                __aeabi_fcmpgt
 .text          0x000077d4       0x4c c:/program files (x86)/cypress/psoc creator/3.3/psoc creator/import/gnu/arm/4.9.3/bin/../lib/gcc/arm-none-eabi/4.9.3/armv7-m\libgcc.a(_arm_fixsfsi.o)
                0x000077d4                __aeabi_f2iz
                0x000077d4                __fixsfsi
 .text.__errno  0x00007820        0xc c:/program files (x86)/cypress/psoc creator/3.3/psoc creator/import/gnu/arm/4.9.3/bin/../lib/gcc/arm-none-eabi/4.9.3/../../../../arm-none-eabi/lib/armv7-m\libg_nano.a(lib_a-errno.o)
                0x00007820                __errno
 .text.__libc_init_array
                0x0000782c       0x4c c:/program files (x86)/cypress/psoc creator/3.3/psoc creator/import/gnu/arm/4.9.3/bin/../lib/gcc/arm-none-eabi/4.9.3/../../../../arm-none-eabi/lib/armv7-m\libg_nano.a(lib_a-init.o)
                0x0000782c                __libc_init_array
 .text.__itoa   0x00007878       0x2e c:/program files (x86)/cypress/psoc creator/3.3/psoc creator/import/gnu/arm/4.9.3/bin/../lib/gcc/arm-none-eabi/4.9.3/../../../../arm-none-eabi/lib/armv7-m\libg_nano.a(lib_a-itoa.o)
                0x00007878                __itoa
 .text.itoa     0x000078a6        0x4 c:/program files (x86)/cypress/psoc creator/3.3/psoc creator/import/gnu/arm/4.9.3/bin/../lib/gcc/arm-none-eabi/4.9.3/../../../../arm-none-eabi/lib/armv7-m\libg_nano.a(lib_a-itoa.o)
                0x000078a6                itoa
 .text.memcpy   0x000078aa       0x16 c:/program files (x86)/cypress/psoc creator/3.3/psoc creator/import/gnu/arm/4.9.3/bin/../lib/gcc/arm-none-eabi/4.9.3/../../../../arm-none-eabi/lib/armv7-m\libg_nano.a(lib_a-memcpy.o)
                0x000078aa                memcpy
 .text.memset   0x000078c0       0x10 c:/program files (x86)/cypress/psoc creator/3.3/psoc creator/import/gnu/arm/4.9.3/bin/../lib/gcc/arm-none-eabi/4.9.3/../../../../arm-none-eabi/lib/armv7-m\libg_nano.a(lib_a-memset.o)
                0x000078c0                memset
 .text.__cvt    0x000078d0       0xbc c:/program files (x86)/cypress/psoc creator/3.3/psoc creator/import/gnu/arm/4.9.3/bin/../lib/gcc/arm-none-eabi/4.9.3/../../../../arm-none-eabi/lib/armv7-m\libg_nano.a(lib_a-nano-vfprintf_float.o)
                0x000078d0                __cvt
 .text.__exponent
                0x0000798c       0x62 c:/program files (x86)/cypress/psoc creator/3.3/psoc creator/import/gnu/arm/4.9.3/bin/../lib/gcc/arm-none-eabi/4.9.3/../../../../arm-none-eabi/lib/armv7-m\libg_nano.a(lib_a-nano-vfprintf_float.o)
                0x0000798c                __exponent
 *fill*         0x000079ee        0x2 
 .text._printf_float
                0x000079f0      0x48c c:/program files (x86)/cypress/psoc creator/3.3/psoc creator/import/gnu/arm/4.9.3/bin/../lib/gcc/arm-none-eabi/4.9.3/../../../../arm-none-eabi/lib/armv7-m\libg_nano.a(lib_a-nano-vfprintf_float.o)
                0x000079f0                _printf_float
 .text._printf_common
                0x00007e7c       0xea c:/program files (x86)/cypress/psoc creator/3.3/psoc creator/import/gnu/arm/4.9.3/bin/../lib/gcc/arm-none-eabi/4.9.3/../../../../arm-none-eabi/lib/armv7-m\libg_nano.a(lib_a-nano-vfprintf_i.o)
                0x00007e7c                _printf_common
 *fill*         0x00007f66        0x2 
 .text._printf_i
                0x00007f68      0x240 c:/program files (x86)/cypress/psoc creator/3.3/psoc creator/import/gnu/arm/4.9.3/bin/../lib/gcc/arm-none-eabi/4.9.3/../../../../arm-none-eabi/lib/armv7-m\libg_nano.a(lib_a-nano-vfprintf_i.o)
                0x00007f68                _printf_i
 .text.snprintf
                0x000081a8       0x64 c:/program files (x86)/cypress/psoc creator/3.3/psoc creator/import/gnu/arm/4.9.3/bin/../lib/gcc/arm-none-eabi/4.9.3/../../../../arm-none-eabi/lib/armv7-m\libg_nano.a(lib_a-snprintf.o)
                0x000081a8                sniprintf
                0x000081a8                snprintf
 .text.sprintf  0x0000820c       0x48 c:/program files (x86)/cypress/psoc creator/3.3/psoc creator/import/gnu/arm/4.9.3/bin/../lib/gcc/arm-none-eabi/4.9.3/../../../../arm-none-eabi/lib/armv7-m\libg_nano.a(lib_a-sprintf.o)
                0x0000820c                siprintf
                0x0000820c                sprintf
 .text.strlen   0x00008254       0x10 c:/program files (x86)/cypress/psoc creator/3.3/psoc creator/import/gnu/arm/4.9.3/bin/../lib/gcc/arm-none-eabi/4.9.3/../../../../arm-none-eabi/lib/armv7-m\libg_nano.a(lib_a-strlen.o)
                0x00008254                strlen
 .text.__utoa   0x00008264       0x78 c:/program files (x86)/cypress/psoc creator/3.3/psoc creator/import/gnu/arm/4.9.3/bin/../lib/gcc/arm-none-eabi/4.9.3/../../../../arm-none-eabi/lib/armv7-m\libg_nano.a(lib_a-utoa.o)
                0x00008264                __utoa
 .text.quorem   0x000082dc      0x114 c:/program files (x86)/cypress/psoc creator/3.3/psoc creator/import/gnu/arm/4.9.3/bin/../lib/gcc/arm-none-eabi/4.9.3/../../../../arm-none-eabi/lib/armv7-m\libg_nano.a(lib_a-dtoa.o)
 .text._dtoa_r  0x000083f0      0xb78 c:/program files (x86)/cypress/psoc creator/3.3/psoc creator/import/gnu/arm/4.9.3/bin/../lib/gcc/arm-none-eabi/4.9.3/../../../../arm-none-eabi/lib/armv7-m\libg_nano.a(lib_a-dtoa.o)
                0x000083f0                _dtoa_r
 .text._localeconv_r
                0x00008f68        0x8 c:/program files (x86)/cypress/psoc creator/3.3/psoc creator/import/gnu/arm/4.9.3/bin/../lib/gcc/arm-none-eabi/4.9.3/../../../../arm-none-eabi/lib/armv7-m\libg_nano.a(lib_a-locale.o)
                0x00008f68                _localeconv_r
 .text.malloc   0x00008f70       0x10 c:/program files (x86)/cypress/psoc creator/3.3/psoc creator/import/gnu/arm/4.9.3/bin/../lib/gcc/arm-none-eabi/4.9.3/../../../../arm-none-eabi/lib/armv7-m\libg_nano.a(lib_a-malloc.o)
                0x00008f70                malloc
 .text.memchr   0x00008f80       0x1c c:/program files (x86)/cypress/psoc creator/3.3/psoc creator/import/gnu/arm/4.9.3/bin/../lib/gcc/arm-none-eabi/4.9.3/../../../../arm-none-eabi/lib/armv7-m\libg_nano.a(lib_a-memchr.o)
                0x00008f80                memchr
 .text._Balloc  0x00008f9c       0x6a c:/program files (x86)/cypress/psoc creator/3.3/psoc creator/import/gnu/arm/4.9.3/bin/../lib/gcc/arm-none-eabi/4.9.3/../../../../arm-none-eabi/lib/armv7-m\libg_nano.a(lib_a-mprec.o)
                0x00008f9c                _Balloc
 .text._Bfree   0x00009006       0x2e c:/program files (x86)/cypress/psoc creator/3.3/psoc creator/import/gnu/arm/4.9.3/bin/../lib/gcc/arm-none-eabi/4.9.3/../../../../arm-none-eabi/lib/armv7-m\libg_nano.a(lib_a-mprec.o)
                0x00009006                _Bfree
 .text.__multadd
                0x00009034       0x7c c:/program files (x86)/cypress/psoc creator/3.3/psoc creator/import/gnu/arm/4.9.3/bin/../lib/gcc/arm-none-eabi/4.9.3/../../../../arm-none-eabi/lib/armv7-m\libg_nano.a(lib_a-mprec.o)
                0x00009034                __multadd
 .text.__hi0bits
                0x000090b0       0x40 c:/program files (x86)/cypress/psoc creator/3.3/psoc creator/import/gnu/arm/4.9.3/bin/../lib/gcc/arm-none-eabi/4.9.3/../../../../arm-none-eabi/lib/armv7-m\libg_nano.a(lib_a-mprec.o)
                0x000090b0                __hi0bits
 .text.__lo0bits
                0x000090f0       0x5a c:/program files (x86)/cypress/psoc creator/3.3/psoc creator/import/gnu/arm/4.9.3/bin/../lib/gcc/arm-none-eabi/4.9.3/../../../../arm-none-eabi/lib/armv7-m\libg_nano.a(lib_a-mprec.o)
                0x000090f0                __lo0bits
 .text.__i2b    0x0000914a       0x12 c:/program files (x86)/cypress/psoc creator/3.3/psoc creator/import/gnu/arm/4.9.3/bin/../lib/gcc/arm-none-eabi/4.9.3/../../../../arm-none-eabi/lib/armv7-m\libg_nano.a(lib_a-mprec.o)
                0x0000914a                __i2b
 .text.__multiply
                0x0000915c      0x120 c:/program files (x86)/cypress/psoc creator/3.3/psoc creator/import/gnu/arm/4.9.3/bin/../lib/gcc/arm-none-eabi/4.9.3/../../../../arm-none-eabi/lib/armv7-m\libg_nano.a(lib_a-mprec.o)
                0x0000915c                __multiply
 .text.__pow5mult
                0x0000927c       0x9c c:/program files (x86)/cypress/psoc creator/3.3/psoc creator/import/gnu/arm/4.9.3/bin/../lib/gcc/arm-none-eabi/4.9.3/../../../../arm-none-eabi/lib/armv7-m\libg_nano.a(lib_a-mprec.o)
                0x0000927c                __pow5mult
 .text.__lshift
                0x00009318       0xa6 c:/program files (x86)/cypress/psoc creator/3.3/psoc creator/import/gnu/arm/4.9.3/bin/../lib/gcc/arm-none-eabi/4.9.3/../../../../arm-none-eabi/lib/armv7-m\libg_nano.a(lib_a-mprec.o)
                0x00009318                __lshift
 .text.__mcmp   0x000093be       0x38 c:/program files (x86)/cypress/psoc creator/3.3/psoc creator/import/gnu/arm/4.9.3/bin/../lib/gcc/arm-none-eabi/4.9.3/../../../../arm-none-eabi/lib/armv7-m\libg_nano.a(lib_a-mprec.o)
                0x000093be                __mcmp
 .text.__mdiff  0x000093f6       0xbe c:/program files (x86)/cypress/psoc creator/3.3/psoc creator/import/gnu/arm/4.9.3/bin/../lib/gcc/arm-none-eabi/4.9.3/../../../../arm-none-eabi/lib/armv7-m\libg_nano.a(lib_a-mprec.o)
                0x000093f6                __mdiff
 .text.__d2b    0x000094b4       0xa4 c:/program files (x86)/cypress/psoc creator/3.3/psoc creator/import/gnu/arm/4.9.3/bin/../lib/gcc/arm-none-eabi/4.9.3/../../../../arm-none-eabi/lib/armv7-m\libg_nano.a(lib_a-mprec.o)
                0x000094b4                __d2b
 .text._calloc_r
                0x00009558       0x1c c:/program files (x86)/cypress/psoc creator/3.3/psoc creator/import/gnu/arm/4.9.3/bin/../lib/gcc/arm-none-eabi/4.9.3/../../../../arm-none-eabi/lib/armv7-m\libg_nano.a(lib_a-nano-callocr.o)
                0x00009558                _calloc_r
 .text._free_r  0x00009574       0x88 c:/program files (x86)/cypress/psoc creator/3.3/psoc creator/import/gnu/arm/4.9.3/bin/../lib/gcc/arm-none-eabi/4.9.3/../../../../arm-none-eabi/lib/armv7-m\libg_nano.a(lib_a-nano-freer.o)
                0x00009574                _free_r
 .text._malloc_r
                0x000095fc       0xac c:/program files (x86)/cypress/psoc creator/3.3/psoc creator/import/gnu/arm/4.9.3/bin/../lib/gcc/arm-none-eabi/4.9.3/../../../../arm-none-eabi/lib/armv7-m\libg_nano.a(lib_a-nano-mallocr.o)
                0x000095fc                _malloc_r
 .text.__ssputs_r
                0x000096a8       0xb2 c:/program files (x86)/cypress/psoc creator/3.3/psoc creator/import/gnu/arm/4.9.3/bin/../lib/gcc/arm-none-eabi/4.9.3/../../../../arm-none-eabi/lib/armv7-m\libg_nano.a(lib_a-nano-svfprintf.o)
                0x000096a8                __ssputs_r
 *fill*         0x0000975a        0x2 
 .text._svfprintf_r
                0x0000975c      0x1e4 c:/program files (x86)/cypress/psoc creator/3.3/psoc creator/import/gnu/arm/4.9.3/bin/../lib/gcc/arm-none-eabi/4.9.3/../../../../arm-none-eabi/lib/armv7-m\libg_nano.a(lib_a-nano-svfprintf.o)
                0x0000975c                _svfiprintf_r
                0x0000975c                _svfprintf_r
 .text._sbrk_r  0x00009940       0x20 c:/program files (x86)/cypress/psoc creator/3.3/psoc creator/import/gnu/arm/4.9.3/bin/../lib/gcc/arm-none-eabi/4.9.3/../../../../arm-none-eabi/lib/armv7-m\libg_nano.a(lib_a-sbrkr.o)
                0x00009940                _sbrk_r
 .text.memmove  0x00009960       0x36 c:/program files (x86)/cypress/psoc creator/3.3/psoc creator/import/gnu/arm/4.9.3/bin/../lib/gcc/arm-none-eabi/4.9.3/../../../../arm-none-eabi/lib/armv7-m\libg_nano.a(lib_a-memmove.o)
                0x00009960                memmove
 .text._realloc_r
                0x00009996       0x4c c:/program files (x86)/cypress/psoc creator/3.3/psoc creator/import/gnu/arm/4.9.3/bin/../lib/gcc/arm-none-eabi/4.9.3/../../../../arm-none-eabi/lib/armv7-m\libg_nano.a(lib_a-nano-reallocr.o)
                0x00009996                _realloc_r
 .text._malloc_usable_size_r
                0x000099e2       0x14 c:/program files (x86)/cypress/psoc creator/3.3/psoc creator/import/gnu/arm/4.9.3/bin/../lib/gcc/arm-none-eabi/4.9.3/../../../../arm-none-eabi/lib/armv7-m\libg_nano.a(lib_a-nano-msizer.o)
                0x000099e2                _malloc_usable_size_r
 *(.plt)
 *(.gnu.warning)
 *(.glue_7t)
 .glue_7t       0x00000000        0x0 linker stubs
 *(.glue_7)
 .glue_7        0x00000000        0x0 linker stubs
 *(.vfp11_veneer)
 .vfp11_veneer  0x00000000        0x0 linker stubs
 *(.bootloader)
 *(.ARM.extab* .gnu.linkonce.armextab.*)
 *(.gcc_except_table)

.v4_bx          0x000099f8        0x0
 .v4_bx         0x00000000        0x0 linker stubs

.iplt           0x000099f8        0x0
 .iplt          0x00000000        0x0 c:/program files (x86)/cypress/psoc creator/3.3/psoc creator/import/gnu/arm/4.9.3/bin/../lib/gcc/arm-none-eabi/4.9.3/armv7-m/crtbegin.o

.eh_frame_hdr
 *(.eh_frame_hdr)

.eh_frame       0x000099f8        0x4
 *(.eh_frame)
 .eh_frame      0x000099f8        0x0 c:/program files (x86)/cypress/psoc creator/3.3/psoc creator/import/gnu/arm/4.9.3/bin/../lib/gcc/arm-none-eabi/4.9.3/armv7-m/crtbegin.o
 .eh_frame      0x000099f8        0x0 c:/program files (x86)/cypress/psoc creator/3.3/psoc creator/import/gnu/arm/4.9.3/bin/../lib/gcc/arm-none-eabi/4.9.3/../../../../arm-none-eabi/lib/armv7-m\libg_nano.a(lib_a-strcmp.o)
                                 0x28 (size before relaxing)
 .eh_frame      0x000099f8        0x4 c:/program files (x86)/cypress/psoc creator/3.3/psoc creator/import/gnu/arm/4.9.3/bin/../lib/gcc/arm-none-eabi/4.9.3/armv7-m/crtend.o
                0x000099fc                PROVIDE (__exidx_start, .)

.ARM.exidx
 *(.ARM.exidx* .gnu.linkonce.armexidx.*)
                0x000099fc                __exidx_end = .

.rodata         0x00009a00      0x778
 *(.rodata .rodata.* .gnu.linkonce.r.*)
 .rodata.str1.4
                0x00009a00       0x69 .\CortexM3\ARM_GCC_493\Debug\main.o
                                 0x6c (size before relaxing)
 *fill*         0x00009a69        0x3 
 .rodata        0x00009a6c        0x8 .\CortexM3\ARM_GCC_493\Debug\cal.o
 .rodata.str1.4
                0x00009a74       0x4d .\CortexM3\ARM_GCC_493\Debug\cal.o
                                 0x50 (size before relaxing)
 *fill*         0x00009ac1        0x3 
 .rodata.str1.4
                0x00009ac4       0x80 .\CortexM3\ARM_GCC_493\Debug\motor.o
 .rodata.str1.4
                0x00009b44       0x24 .\CortexM3\ARM_GCC_493\Debug\odom.o
 .rodata.str1.4
                0x00009b68       0x1a .\CortexM3\ARM_GCC_493\Debug\serial.o
                                 0x1c (size before relaxing)
 *fill*         0x00009b82        0x2 
 .rodata        0x00009b84       0x38 .\CortexM3\ARM_GCC_493\Debug\freesoc.a(cyfitter_cfg.o)
 .rodata.str1.4
                0x00009bbc       0x11 .\CortexM3\ARM_GCC_493\Debug\freesoc.a(USBUART_std.o)
                                 0x14 (size before relaxing)
 *fill*         0x00009bcd        0x3 
 .rodata        0x00009bd0      0x1d4 .\CortexM3\ARM_GCC_493\Debug\freesoc.a(USBUART_descr.o)
                0x00009bd0                USBUART_MSOS_CONFIGURATION_DESCR
                0x00009bf8                USBUART_MSOS_DESCRIPTOR
                0x00009c0c                USBUART_TABLE
                0x00009c14                USBUART_DEVICE0_TABLE
                0x00009c2c                USBUART_DEVICE0_CONFIGURATION0_TABLE
                0x00009c54                USBUART_DEVICE0_CONFIGURATION0_INTERFACE_CLASS
                0x00009c58                USBUART_DEVICE0_CONFIGURATION0_EP_SETTINGS_TABLE
                0x00009c70                USBUART_HIDREPORT_DESCRIPTOR1
                0x00009ca8                USBUART_SN_STRING_DESCRIPTOR
                0x00009cac                USBUART_STRING_DESCRIPTORS
                0x00009d4c                USBUART_DEVICE0_CONFIGURATION0_DESCR
                0x00009d90                USBUART_DEVICE0_DESCR
 .rodata.str1.4
                0x00009da4        0x4 c:/program files (x86)/cypress/psoc creator/3.3/psoc creator/import/gnu/arm/4.9.3/bin/../lib/gcc/arm-none-eabi/4.9.3/../../../../arm-none-eabi/lib/armv7-m\libm.a(lib_a-w_pow.o)
 .rodata.dp_h   0x00009da8       0x10 c:/program files (x86)/cypress/psoc creator/3.3/psoc creator/import/gnu/arm/4.9.3/bin/../lib/gcc/arm-none-eabi/4.9.3/../../../../arm-none-eabi/lib/armv7-m\libm.a(lib_a-e_pow.o)
 .rodata.dp_l   0x00009db8       0x10 c:/program files (x86)/cypress/psoc creator/3.3/psoc creator/import/gnu/arm/4.9.3/bin/../lib/gcc/arm-none-eabi/4.9.3/../../../../arm-none-eabi/lib/armv7-m\libm.a(lib_a-e_pow.o)
 .rodata.bp     0x00009dc8       0x10 c:/program files (x86)/cypress/psoc creator/3.3/psoc creator/import/gnu/arm/4.9.3/bin/../lib/gcc/arm-none-eabi/4.9.3/../../../../arm-none-eabi/lib/armv7-m\libm.a(lib_a-e_pow.o)
 .rodata.str1.4
                0x00000000        0x4 c:/program files (x86)/cypress/psoc creator/3.3/psoc creator/import/gnu/arm/4.9.3/bin/../lib/gcc/arm-none-eabi/4.9.3/../../../../arm-none-eabi/lib/armv7-m\libm.a(lib_a-e_pow.o)
 .rodata.npio2_hw
                0x00009dd8       0x80 c:/program files (x86)/cypress/psoc creator/3.3/psoc creator/import/gnu/arm/4.9.3/bin/../lib/gcc/arm-none-eabi/4.9.3/../../../../arm-none-eabi/lib/armv7-m\libm.a(lib_a-e_rem_pio2.o)
 .rodata.two_over_pi
                0x00009e58      0x108 c:/program files (x86)/cypress/psoc creator/3.3/psoc creator/import/gnu/arm/4.9.3/bin/../lib/gcc/arm-none-eabi/4.9.3/../../../../arm-none-eabi/lib/armv7-m\libm.a(lib_a-e_rem_pio2.o)
 .rodata.init_jk
                0x00009f60       0x10 c:/program files (x86)/cypress/psoc creator/3.3/psoc creator/import/gnu/arm/4.9.3/bin/../lib/gcc/arm-none-eabi/4.9.3/../../../../arm-none-eabi/lib/armv7-m\libm.a(lib_a-k_rem_pio2.o)
 .rodata.PIo2   0x00009f70       0x40 c:/program files (x86)/cypress/psoc creator/3.3/psoc creator/import/gnu/arm/4.9.3/bin/../lib/gcc/arm-none-eabi/4.9.3/../../../../arm-none-eabi/lib/armv7-m\libm.a(lib_a-k_rem_pio2.o)
 .rodata.TWO52  0x00009fb0       0x10 c:/program files (x86)/cypress/psoc creator/3.3/psoc creator/import/gnu/arm/4.9.3/bin/../lib/gcc/arm-none-eabi/4.9.3/../../../../arm-none-eabi/lib/armv7-m\libm.a(lib_a-s_rint.o)
 .rodata.str1.1
                0x00009fc0        0x2 c:/program files (x86)/cypress/psoc creator/3.3/psoc creator/import/gnu/arm/4.9.3/bin/../lib/gcc/arm-none-eabi/4.9.3/../../../../arm-none-eabi/lib/armv7-m\libg_nano.a(lib_a-impure.o)
 .rodata.str1.1
                0x00009fc2       0x12 c:/program files (x86)/cypress/psoc creator/3.3/psoc creator/import/gnu/arm/4.9.3/bin/../lib/gcc/arm-none-eabi/4.9.3/../../../../arm-none-eabi/lib/armv7-m\libg_nano.a(lib_a-nano-vfprintf_float.o)
 .rodata.str1.1
                0x00009fd4       0x22 c:/program files (x86)/cypress/psoc creator/3.3/psoc creator/import/gnu/arm/4.9.3/bin/../lib/gcc/arm-none-eabi/4.9.3/../../../../arm-none-eabi/lib/armv7-m\libg_nano.a(lib_a-nano-vfprintf_i.o)
 .rodata.str1.1
                0x00009ff6       0x25 c:/program files (x86)/cypress/psoc creator/3.3/psoc creator/import/gnu/arm/4.9.3/bin/../lib/gcc/arm-none-eabi/4.9.3/../../../../arm-none-eabi/lib/armv7-m\libg_nano.a(lib_a-utoa.o)
 .rodata.str1.1
                0x0000a01b        0xd c:/program files (x86)/cypress/psoc creator/3.3/psoc creator/import/gnu/arm/4.9.3/bin/../lib/gcc/arm-none-eabi/4.9.3/../../../../arm-none-eabi/lib/armv7-m\libg_nano.a(lib_a-dtoa.o)
                                  0xf (size before relaxing)
 .rodata.str1.1
                0x0000a028        0x8 c:/program files (x86)/cypress/psoc creator/3.3/psoc creator/import/gnu/arm/4.9.3/bin/../lib/gcc/arm-none-eabi/4.9.3/../../../../arm-none-eabi/lib/armv7-m\libg_nano.a(lib_a-locale.o)
                                  0xb (size before relaxing)
 .rodata.__mprec_tens
                0x0000a030       0xc8 c:/program files (x86)/cypress/psoc creator/3.3/psoc creator/import/gnu/arm/4.9.3/bin/../lib/gcc/arm-none-eabi/4.9.3/../../../../arm-none-eabi/lib/armv7-m\libg_nano.a(lib_a-mprec.o)
                0x0000a030                __mprec_tens
 .rodata.__mprec_bigtens
                0x0000a0f8       0x28 c:/program files (x86)/cypress/psoc creator/3.3/psoc creator/import/gnu/arm/4.9.3/bin/../lib/gcc/arm-none-eabi/4.9.3/../../../../arm-none-eabi/lib/armv7-m\libg_nano.a(lib_a-mprec.o)
                0x0000a0f8                __mprec_bigtens
 .rodata.p05.5308
                0x0000a120        0xc c:/program files (x86)/cypress/psoc creator/3.3/psoc creator/import/gnu/arm/4.9.3/bin/../lib/gcc/arm-none-eabi/4.9.3/../../../../arm-none-eabi/lib/armv7-m\libg_nano.a(lib_a-mprec.o)
 .rodata.str1.1
                0x0000a12c       0x11 c:/program files (x86)/cypress/psoc creator/3.3/psoc creator/import/gnu/arm/4.9.3/bin/../lib/gcc/arm-none-eabi/4.9.3/../../../../arm-none-eabi/lib/armv7-m\libg_nano.a(lib_a-nano-svfprintf.o)
                0x0000a140                . = ALIGN (0x4)
 *fill*         0x0000a13d        0x3 
 *(.init)
 .init          0x0000a140        0x4 c:/program files (x86)/cypress/psoc creator/3.3/psoc creator/import/gnu/arm/4.9.3/bin/../lib/gcc/arm-none-eabi/4.9.3/armv7-m/crti.o
                0x0000a140                _init
 .init          0x0000a144        0x8 c:/program files (x86)/cypress/psoc creator/3.3/psoc creator/import/gnu/arm/4.9.3/bin/../lib/gcc/arm-none-eabi/4.9.3/armv7-m/crtn.o
                0x0000a14c                . = ALIGN (0x4)
                0x0000a14c                __preinit_array_start = .
 *(.preinit_array)
                0x0000a14c                __preinit_array_end = .
                0x0000a14c                . = ALIGN (0x4)
                0x0000a14c                __init_array_start = .
 *(SORT(.init_array.*))
 *(.init_array)
 .init_array    0x0000a14c        0x4 c:/program files (x86)/cypress/psoc creator/3.3/psoc creator/import/gnu/arm/4.9.3/bin/../lib/gcc/arm-none-eabi/4.9.3/armv7-m/crtbegin.o
 .init_array    0x0000a150        0x4 .\CortexM3\ARM_GCC_493\Debug\Cm3Start.o
                0x0000a154                __init_array_end = .
                0x0000a154                . = ALIGN (0x4)
 *(.fini)
 .fini          0x0000a154        0x4 c:/program files (x86)/cypress/psoc creator/3.3/psoc creator/import/gnu/arm/4.9.3/bin/../lib/gcc/arm-none-eabi/4.9.3/armv7-m/crti.o
                0x0000a154                _fini
 .fini          0x0000a158        0x8 c:/program files (x86)/cypress/psoc creator/3.3/psoc creator/import/gnu/arm/4.9.3/bin/../lib/gcc/arm-none-eabi/4.9.3/armv7-m/crtn.o
                0x0000a160                . = ALIGN (0x4)
                0x0000a160                __fini_array_start = .
 *(.fini_array)
 .fini_array    0x0000a160        0x4 c:/program files (x86)/cypress/psoc creator/3.3/psoc creator/import/gnu/arm/4.9.3/bin/../lib/gcc/arm-none-eabi/4.9.3/armv7-m/crtbegin.o
 *(SORT(.fini_array.*))
                0x0000a164                __fini_array_end = .
                0x0000a164                . = ALIGN (0x4)
 *crtbegin.o(.ctors)
 *(EXCLUDE_FILE(*crtend.o) .ctors)
 *(SORT(.ctors.*))
 *crtend.o(.ctors)
                0x0000a164                . = ALIGN (0x4)
 *crtbegin.o(.dtors)
 *(EXCLUDE_FILE(*crtend.o) .dtors)
 *(SORT(.dtors.*))
 *crtend.o(.dtors)
                0x0000a164                . = ALIGN (0x4)
                0x0000a164                __cy_regions = .
                0x0000a164        0x4 LONG 0xa178 __cy_region_init_ram
                0x0000a168        0x4 LONG 0x1fff8108 __cy_region_start_data
                0x0000a16c        0x4 LONG 0x738 __cy_region_init_size_ram
                0x0000a170        0x4 LONG 0x6b60 __cy_region_zero_size_ram
                0x0000a174                __cy_regions_end = .
                0x0000a178                . = ALIGN (0x8)
 *fill*         0x0000a174        0x4 
                0x0000a178                _etext = .

.cy_checksum_exclude
                0x0000a178        0x0
 *(.cy_checksum_exclude)

.ramvectors     0x1fff8000      0x100
                0x1fff8000                __cy_region_start_ram = .
 *(.ramvectors)
 .ramvectors    0x1fff8000      0x100 .\CortexM3\ARM_GCC_493\Debug\Cm3Start.o
                0x1fff8000                CyRamVectors

.noinit         0x1fff8100        0x5
 *(.noinit)
 .noinit        0x1fff8100        0x4 .\CortexM3\ARM_GCC_493\Debug\Cm3Start.o
 .noinit        0x1fff8104        0x1 .\CortexM3\ARM_GCC_493\Debug\freesoc.a(CyLib.o)
                0x1fff8104                CyResetStatus

.data           0x1fff8108      0x738 load address 0x0000a178
                0x1fff8108                __cy_region_start_data = .
 *(.jcr)
 .jcr           0x1fff8108        0x0 c:/program files (x86)/cypress/psoc creator/3.3/psoc creator/import/gnu/arm/4.9.3/bin/../lib/gcc/arm-none-eabi/4.9.3/armv7-m/crtbegin.o
 .jcr           0x1fff8108        0x4 c:/program files (x86)/cypress/psoc creator/3.3/psoc creator/import/gnu/arm/4.9.3/bin/../lib/gcc/arm-none-eabi/4.9.3/armv7-m/crtend.o
 *(.got.plt)
 *(.got)
 *(.shdata)
 *(.data .data.* .gnu.linkonce.d.*)
 .data          0x1fff810c      0x500 .\CortexM3\ARM_GCC_493\Debug\cal.o
 .data          0x1fff860c       0x70 .\CortexM3\ARM_GCC_493\Debug\encoder.o
 .data          0x1fff867c       0x48 .\CortexM3\ARM_GCC_493\Debug\motor.o
 .data          0x1fff86c4       0xa8 .\CortexM3\ARM_GCC_493\Debug\pid.o
 .data          0x1fff876c        0x4 .\CortexM3\ARM_GCC_493\Debug\Cm3Start.o
 .data          0x1fff8770        0x2 .\CortexM3\ARM_GCC_493\Debug\freesoc.a(cyfitter_cfg.o)
                0x1fff8770                Front_AMuxSeq_curChannel
                0x1fff8771                Rear_AMuxSeq_curChannel
 *fill*         0x1fff8772        0x2 
 .data          0x1fff8774       0x10 .\CortexM3\ARM_GCC_493\Debug\freesoc.a(CyLib.o)
                0x1fff8774                cydelay_32k_ms
                0x1fff8778                cydelay_freq_khz
                0x1fff877c                cydelay_freq_mhz
                0x1fff8780                cydelay_freq_hz
 .data          0x1fff8784       0x1c .\CortexM3\ARM_GCC_493\Debug\freesoc.a(USBUART_cdc.o)
                0x1fff8784                USBUART_linesCoding
 .data.__fdlib_version
                0x1fff87a0        0x1 c:/program files (x86)/cypress/psoc creator/3.3/psoc creator/import/gnu/arm/4.9.3/bin/../lib/gcc/arm-none-eabi/4.9.3/../../../../arm-none-eabi/lib/armv7-m\libm.a(lib_a-s_lib_ver.o)
                0x1fff87a0                __fdlib_version
 *fill*         0x1fff87a1        0x3 
 .data.impure_data
                0x1fff87a4       0x60 c:/program files (x86)/cypress/psoc creator/3.3/psoc creator/import/gnu/arm/4.9.3/bin/../lib/gcc/arm-none-eabi/4.9.3/../../../../arm-none-eabi/lib/armv7-m\libg_nano.a(lib_a-impure.o)
 .data._impure_ptr
                0x1fff8804        0x4 c:/program files (x86)/cypress/psoc creator/3.3/psoc creator/import/gnu/arm/4.9.3/bin/../lib/gcc/arm-none-eabi/4.9.3/../../../../arm-none-eabi/lib/armv7-m\libg_nano.a(lib_a-impure.o)
                0x1fff8804                _impure_ptr
 .data.lconv    0x1fff8808       0x38 c:/program files (x86)/cypress/psoc creator/3.3/psoc creator/import/gnu/arm/4.9.3/bin/../lib/gcc/arm-none-eabi/4.9.3/../../../../arm-none-eabi/lib/armv7-m\libg_nano.a(lib_a-locale.o)
                0x1fff8840                . = ALIGN (0x8)
 *(.ram)
                0x1fff8840                _edata = .

.igot.plt       0x1fff8840        0x0 load address 0x0000a8b0
 .igot.plt      0x00000000        0x0 c:/program files (x86)/cypress/psoc creator/3.3/psoc creator/import/gnu/arm/4.9.3/bin/../lib/gcc/arm-none-eabi/4.9.3/armv7-m/crtbegin.o

.bss            0x1fff8840     0x6b60 load address 0x0000a8b0
                0x1fff8840                PROVIDE (__bss_start__, .)
 *(.shbss)
 *(.bss .bss.* .gnu.linkonce.b.*)
 .bss           0x1fff8840       0x1c c:/program files (x86)/cypress/psoc creator/3.3/psoc creator/import/gnu/arm/4.9.3/bin/../lib/gcc/arm-none-eabi/4.9.3/armv7-m/crtbegin.o
 .bss           0x1fff885c      0x344 .\CortexM3\ARM_GCC_493\Debug\cal.o
 .bss           0x1fff8ba0        0x8 .\CortexM3\ARM_GCC_493\Debug\control.o
 .bss           0x1fff8ba8        0xc .\CortexM3\ARM_GCC_493\Debug\diag.o
 .bss           0x1fff8bb4        0xc .\CortexM3\ARM_GCC_493\Debug\encoder.o
 .bss           0x1fff8bc0       0x60 .\CortexM3\ARM_GCC_493\Debug\i2c.o
 .bss           0x1fff8c20       0x1c .\CortexM3\ARM_GCC_493\Debug\odom.o
 .bss           0x1fff8c3c        0x8 .\CortexM3\ARM_GCC_493\Debug\pid.o
 .bss           0x1fff8c44        0x4 .\CortexM3\ARM_GCC_493\Debug\time.o
 .bss           0x1fff8c48      0x10c .\CortexM3\ARM_GCC_493\Debug\infrared.o
 .bss           0x1fff8d54     0x6404 .\CortexM3\ARM_GCC_493\Debug\serial.o
 .bss           0x1ffff158        0x1 .\CortexM3\ARM_GCC_493\Debug\freesoc.a(Left_HB25_PWM.o)
                0x1ffff158                Left_HB25_PWM_initVar
 .bss           0x1ffff159        0x1 .\CortexM3\ARM_GCC_493\Debug\freesoc.a(Right_HB25_PWM.o)
                0x1ffff159                Right_HB25_PWM_initVar
 *fill*         0x1ffff15a        0x2 
 .bss           0x1ffff15c       0x1c .\CortexM3\ARM_GCC_493\Debug\freesoc.a(CyLib.o)
                0x1ffff174                CySysTickInitVar
 .bss           0x1ffff178        0x1 .\CortexM3\ARM_GCC_493\Debug\freesoc.a(EZI2C_Slave.o)
                0x1ffff178                EZI2C_Slave_initVar
 .bss           0x1ffff179        0x2 .\CortexM3\ARM_GCC_493\Debug\freesoc.a(EZI2C_Slave_INT.o)
 .bss           0x1ffff17b        0x1 .\CortexM3\ARM_GCC_493\Debug\freesoc.a(Right_QuadDec.o)
                0x1ffff17b                Right_QuadDec_initVar
 .bss           0x1ffff17c        0x4 .\CortexM3\ARM_GCC_493\Debug\freesoc.a(Right_QuadDec_INT.o)
                0x1ffff17c                Right_QuadDec_count32SoftPart
 .bss           0x1ffff180        0x1 .\CortexM3\ARM_GCC_493\Debug\freesoc.a(Right_QuadDec_Cnt16.o)
                0x1ffff180                Right_QuadDec_Cnt16_initVar
 .bss           0x1ffff181        0x1 .\CortexM3\ARM_GCC_493\Debug\freesoc.a(Left_QuadDec.o)
                0x1ffff181                Left_QuadDec_initVar
 *fill*         0x1ffff182        0x2 
 .bss           0x1ffff184        0x4 .\CortexM3\ARM_GCC_493\Debug\freesoc.a(Left_QuadDec_INT.o)
                0x1ffff184                Left_QuadDec_count32SoftPart
 .bss           0x1ffff188        0x1 .\CortexM3\ARM_GCC_493\Debug\freesoc.a(Left_QuadDec_Cnt16.o)
                0x1ffff188                Left_QuadDec_Cnt16_initVar
 .bss           0x1ffff189        0x1 .\CortexM3\ARM_GCC_493\Debug\freesoc.a(USBUART.o)
                0x1ffff189                USBUART_initVar
 .bss           0x1ffff18a        0x1 .\CortexM3\ARM_GCC_493\Debug\freesoc.a(USBUART_cdc.o)
 *fill*         0x1ffff18b        0x1 
 .bss           0x1ffff18c        0x4 .\CortexM3\ARM_GCC_493\Debug\freesoc.a(USBUART_std.o)
 .bss           0x1ffff190        0x8 .\CortexM3\ARM_GCC_493\Debug\freesoc.a(CySpc.o)
                0x1ffff190                SpcLockState
 .bss.__malloc_sbrk_start
                0x1ffff198        0x4 c:/program files (x86)/cypress/psoc creator/3.3/psoc creator/import/gnu/arm/4.9.3/bin/../lib/gcc/arm-none-eabi/4.9.3/../../../../arm-none-eabi/lib/armv7-m\libg_nano.a(lib_a-nano-mallocr.o)
                0x1ffff198                __malloc_sbrk_start
 .bss.__malloc_free_list
                0x1ffff19c        0x4 c:/program files (x86)/cypress/psoc creator/3.3/psoc creator/import/gnu/arm/4.9.3/bin/../lib/gcc/arm-none-eabi/4.9.3/../../../../arm-none-eabi/lib/armv7-m\libg_nano.a(lib_a-nano-mallocr.o)
                0x1ffff19c                __malloc_free_list
 *(COMMON)
 COMMON         0x1ffff1a0      0x100 .\CortexM3\ARM_GCC_493\Debug\main.o
                0x1ffff1a0                formatted_string
 COMMON         0x1ffff2a0        0xd .\CortexM3\ARM_GCC_493\Debug\freesoc.a(EZI2C_Slave.o)
                0x1ffff2a0                EZI2C_Slave_wrProtectS1
                0x1ffff2a2                EZI2C_Slave_curState
                0x1ffff2a3                EZI2C_Slave_rwOffsetS1
                0x1ffff2a4                EZI2C_Slave_dataPtrS1
                0x1ffff2a8                EZI2C_Slave_rwIndexS1
                0x1ffff2aa                EZI2C_Slave_bufSizeS1
                0x1ffff2ac                EZI2C_Slave_curStatus
 *fill*         0x1ffff2ad        0x3 
 COMMON         0x1ffff2b0       0x18 .\CortexM3\ARM_GCC_493\Debug\freesoc.a(USBUART_cdc.o)
                0x1ffff2b0                USBUART_linesChanged
                0x1ffff2b4                USBUART_cdcDataInEp
                0x1ffff2b8                USBUART_cdcCommInInterruptEp
                0x1ffff2bc                USBUART_cdcDataOutEp
                0x1ffff2c0                USBUART_serialStateBitmap
                0x1ffff2c4                USBUART_linesControlBitmap
 COMMON         0x1ffff2c8       0x9a .\CortexM3\ARM_GCC_493\Debug\freesoc.a(USBUART_drv.o)
                0x1ffff2c8                USBUART_lastPacketSize
                0x1ffff2c9                USBUART_device
                0x1ffff2ca                USBUART_transferByteCount
                0x1ffff2cc                USBUART_transferState
                0x1ffff2d0                USBUART_interfaceSettingLast
                0x1ffff2d4                USBUART_currentTD
                0x1ffff2e0                USBUART_interfaceNumber
                0x1ffff2e4                USBUART_interfaceClass
                0x1ffff2e8                USBUART_configurationChanged
                0x1ffff2e9                USBUART_ep0Mode
                0x1ffff2ea                USBUART_deviceAddress
                0x1ffff2eb                USBUART_configuration
                0x1ffff2ec                USBUART_ep0Count
                0x1ffff2ed                USBUART_deviceStatus
                0x1ffff2f0                USBUART_EP
                0x1ffff35c                USBUART_interfaceSetting
                0x1ffff35e                USBUART_ep0Toggle
                0x1ffff360                USBUART_interfaceStatus
 *fill*         0x1ffff362        0x2 
 COMMON         0x1ffff364        0xa .\CortexM3\ARM_GCC_493\Debug\freesoc.a(USBUART_hid.o)