Archive member included because of file (symbol)

.\CortexM3\ARM_GCC_493\Debug\freesoc.a(cyfitter_cfg.o)
                              .\CortexM3\ARM_GCC_493\Debug\infrared.o (Front_AMuxSeq_DisconnectAll)
.\CortexM3\ARM_GCC_493\Debug\freesoc.a(Left_HB25_Enable_Pin.o)
                              .\CortexM3\ARM_GCC_493\Debug\motor.o (Left_HB25_Enable_Pin_Write)
.\CortexM3\ARM_GCC_493\Debug\freesoc.a(Left_HB25_PWM.o)
                              .\CortexM3\ARM_GCC_493\Debug\motor.o (Left_HB25_PWM_Stop)
.\CortexM3\ARM_GCC_493\Debug\freesoc.a(Right_HB25_Enable_Pin.o)
                              .\CortexM3\ARM_GCC_493\Debug\motor.o (Right_HB25_Enable_Pin_Write)
.\CortexM3\ARM_GCC_493\Debug\freesoc.a(Right_HB25_PWM.o)
                              .\CortexM3\ARM_GCC_493\Debug\motor.o (Right_HB25_PWM_Stop)
.\CortexM3\ARM_GCC_493\Debug\freesoc.a(CyBootAsmGnu.o)
                              .\CortexM3\ARM_GCC_493\Debug\freesoc.a(cyfitter_cfg.o) (CyDelayCycles)
.\CortexM3\ARM_GCC_493\Debug\freesoc.a(CyLib.o)
                              .\CortexM3\ARM_GCC_493\Debug\Cm3Start.o (CyHalt)
.\CortexM3\ARM_GCC_493\Debug\freesoc.a(cyPm.o)
                              .\CortexM3\ARM_GCC_493\Debug\freesoc.a(CyLib.o) (CyPmReadStatus)
.\CortexM3\ARM_GCC_493\Debug\freesoc.a(EZI2C_Slave.o)
                              .\CortexM3\ARM_GCC_493\Debug\i2c.o (EZI2C_Slave_Start)
.\CortexM3\ARM_GCC_493\Debug\freesoc.a(EZI2C_Slave_PM.o)
                              .\CortexM3\ARM_GCC_493\Debug\freesoc.a(EZI2C_Slave.o) (EZI2C_Slave_backup)
.\CortexM3\ARM_GCC_493\Debug\freesoc.a(EZI2C_Slave_INT.o)
                              .\CortexM3\ARM_GCC_493\Debug\freesoc.a(EZI2C_Slave.o) (EZI2C_Slave_ISR)
.\CortexM3\ARM_GCC_493\Debug\freesoc.a(Front_Echo_Intr.o)
                              .\CortexM3\ARM_GCC_493\Debug\ultrasonic.o (Front_Echo_Intr_StartEx)
.\CortexM3\ARM_GCC_493\Debug\freesoc.a(Front_Trigger_Reg.o)
                              .\CortexM3\ARM_GCC_493\Debug\ultrasonic.o (Front_Trigger_Reg_Write)
.\CortexM3\ARM_GCC_493\Debug\freesoc.a(Front_Trigger_Select_Reg.o)
                              .\CortexM3\ARM_GCC_493\Debug\ultrasonic.o (Front_Trigger_Select_Reg_Write)
.\CortexM3\ARM_GCC_493\Debug\freesoc.a(Front_Echo_Timer.o)
                              .\CortexM3\ARM_GCC_493\Debug\ultrasonic.o (Front_Echo_Timer_ReadCounter)
.\CortexM3\ARM_GCC_493\Debug\freesoc.a(Rear_Trigger_Reg.o)
                              .\CortexM3\ARM_GCC_493\Debug\ultrasonic.o (Rear_Trigger_Reg_Write)
.\CortexM3\ARM_GCC_493\Debug\freesoc.a(Rear_Trigger_Select_Reg.o)
                              .\CortexM3\ARM_GCC_493\Debug\ultrasonic.o (Rear_Trigger_Select_Reg_Write)
.\CortexM3\ARM_GCC_493\Debug\freesoc.a(Rear_Echo_Intr.o)
                              .\CortexM3\ARM_GCC_493\Debug\ultrasonic.o (Rear_Echo_Intr_StartEx)
.\CortexM3\ARM_GCC_493\Debug\freesoc.a(Rear_Echo_Timer.o)
                              .\CortexM3\ARM_GCC_493\Debug\ultrasonic.o (Rear_Echo_Timer_ReadCounter)
.\CortexM3\ARM_GCC_493\Debug\freesoc.a(Front_ADC_SAR.o)
                              .\CortexM3\ARM_GCC_493\Debug\infrared.o (Front_ADC_SAR_Start)
.\CortexM3\ARM_GCC_493\Debug\freesoc.a(Front_ADC_SAR_INT.o)
                              .\CortexM3\ARM_GCC_493\Debug\freesoc.a(Front_ADC_SAR.o) (Front_ADC_SAR_ISR)
.\CortexM3\ARM_GCC_493\Debug\freesoc.a(Front_AMuxSeq.o)
                              .\CortexM3\ARM_GCC_493\Debug\infrared.o (Front_AMuxSeq_Start)
.\CortexM3\ARM_GCC_493\Debug\freesoc.a(Rear_ADC_SAR.o)
                              .\CortexM3\ARM_GCC_493\Debug\infrared.o (Rear_ADC_SAR_Start)
.\CortexM3\ARM_GCC_493\Debug\freesoc.a(Rear_ADC_SAR_INT.o)
                              .\CortexM3\ARM_GCC_493\Debug\freesoc.a(Rear_ADC_SAR.o) (Rear_ADC_SAR_ISR)
.\CortexM3\ARM_GCC_493\Debug\freesoc.a(Rear_AMuxSeq.o)
                              .\CortexM3\ARM_GCC_493\Debug\infrared.o (Rear_AMuxSeq_Start)
.\CortexM3\ARM_GCC_493\Debug\freesoc.a(Front_ADC_SAR_IRQ.o)
                              .\CortexM3\ARM_GCC_493\Debug\infrared.o (Front_ADC_SAR_IRQ_StartEx)
.\CortexM3\ARM_GCC_493\Debug\freesoc.a(Front_ADC_SAR_theACLK.o)
                              .\CortexM3\ARM_GCC_493\Debug\freesoc.a(Front_ADC_SAR.o) (Front_ADC_SAR_theACLK_SetModeRegister)
.\CortexM3\ARM_GCC_493\Debug\freesoc.a(Rear_ADC_SAR_IRQ.o)
                              .\CortexM3\ARM_GCC_493\Debug\infrared.o (Rear_ADC_SAR_IRQ_StartEx)
.\CortexM3\ARM_GCC_493\Debug\freesoc.a(Rear_ADC_SAR_theACLK.o)
                              .\CortexM3\ARM_GCC_493\Debug\freesoc.a(Rear_ADC_SAR.o) (Rear_ADC_SAR_theACLK_SetModeRegister)
.\CortexM3\ARM_GCC_493\Debug\freesoc.a(Rear_EOS_Intr.o)
                              .\CortexM3\ARM_GCC_493\Debug\infrared.o (Rear_EOS_Intr_StartEx)
.\CortexM3\ARM_GCC_493\Debug\freesoc.a(Front_EOS_Intr.o)
                              .\CortexM3\ARM_GCC_493\Debug\infrared.o (Front_EOS_Intr_StartEx)
[...]
Memory Configuration

Name             Origin             Length             Attributes
rom              0x00000000         0x00040000         xr
ram              0x1fff8000         0x00010000         xrw
*default*        0x00000000         0xffffffff

Linker script and memory map

LOAD c:/program files (x86)/cypress/psoc creator/3.3/psoc creator/import/gnu/arm/4.9.3/bin/../lib/gcc/arm-none-eabi/4.9.3/armv7-m/crti.o
LOAD c:/program files (x86)/cypress/psoc creator/3.3/psoc creator/import/gnu/arm/4.9.3/bin/../lib/gcc/arm-none-eabi/4.9.3/armv7-m/crtbegin.o
LOAD c:/program files (x86)/cypress/psoc creator/3.3/psoc creator/import/gnu/arm/4.9.3/bin/../lib/gcc/arm-none-eabi/4.9.3/../../../../arm-none-eabi/lib/armv7-m/crt0.o
START GROUP
LOAD .\CortexM3\ARM_GCC_493\Debug\main.o
LOAD .\CortexM3\ARM_GCC_493\Debug\cal.o
LOAD .\CortexM3\ARM_GCC_493\Debug\control.o
LOAD .\CortexM3\ARM_GCC_493\Debug\debug.o
LOAD .\CortexM3\ARM_GCC_493\Debug\diag.o
LOAD .\CortexM3\ARM_GCC_493\Debug\encoder.o
LOAD .\CortexM3\ARM_GCC_493\Debug\i2c.o
LOAD .\CortexM3\ARM_GCC_493\Debug\motor.o
LOAD .\CortexM3\ARM_GCC_493\Debug\odom.o
LOAD .\CortexM3\ARM_GCC_493\Debug\pid.o
LOAD .\CortexM3\ARM_GCC_493\Debug\time.o
LOAD .\CortexM3\ARM_GCC_493\Debug\ultrasonic.o
LOAD .\CortexM3\ARM_GCC_493\Debug\utils.o
LOAD .\CortexM3\ARM_GCC_493\Debug\infrared.o
LOAD .\CortexM3\ARM_GCC_493\Debug\pid_controller.o
LOAD .\CortexM3\ARM_GCC_493\Debug\serial.o
LOAD .\CortexM3\ARM_GCC_493\Debug\nvstore.o
LOAD .\CortexM3\ARM_GCC_493\Debug\calpid.o
LOAD .\CortexM3\ARM_GCC_493\Debug\calang.o
LOAD .\CortexM3\ARM_GCC_493\Debug\callin.o
LOAD .\CortexM3\ARM_GCC_493\Debug\calmotor.o
LOAD .\CortexM3\ARM_GCC_493\Debug\pidutil.o
LOAD .\CortexM3\ARM_GCC_493\Debug\cymetadata.o
LOAD .\CortexM3\ARM_GCC_493\Debug\Cm3Start.o
LOAD .\CortexM3\ARM_GCC_493\Debug\freesoc.a
LOAD C:\Program Files (x86)\Cypress\PSoC Creator\3.3\PSoC Creator\psoc\content\cycomponentlibrary\CyComponentLibrary.cylib\CortexM3\ARM_GCC_493\Debug\CyComponentLibrary.a
LOAD c:/program files (x86)/cypress/psoc creator/3.3/psoc creator/import/gnu/arm/4.9.3/bin/../lib/gcc/arm-none-eabi/4.9.3/../../../../arm-none-eabi/lib/armv7-m\libm.a
END GROUP
START GROUP
LOAD c:/program files (x86)/cypress/psoc creator/3.3/psoc creator/import/gnu/arm/4.9.3/bin/../lib/gcc/arm-none-eabi/4.9.3/armv7-m\libgcc.a
LOAD c:/program files (x86)/cypress/psoc creator/3.3/psoc creator/import/gnu/arm/4.9.3/bin/../lib/gcc/arm-none-eabi/4.9.3/../../../../arm-none-eabi/lib/armv7-m\libg_nano.a
LOAD c:/program files (x86)/cypress/psoc creator/3.3/psoc creator/import/gnu/arm/4.9.3/bin/../lib/gcc/arm-none-eabi/4.9.3/../../../../arm-none-eabi/lib/armv7-m\libc_nano.a
END GROUP
START GROUP
LOAD c:/program files (x86)/cypress/psoc creator/3.3/psoc creator/import/gnu/arm/4.9.3/bin/../lib/gcc/arm-none-eabi/4.9.3/armv7-m\libgcc.a
LOAD c:/program files (x86)/cypress/psoc creator/3.3/psoc creator/import/gnu/arm/4.9.3/bin/../lib/gcc/arm-none-eabi/4.9.3/../../../../arm-none-eabi/lib/armv7-m\libc_nano.a
END GROUP
LOAD c:/program files (x86)/cypress/psoc creator/3.3/psoc creator/import/gnu/arm/4.9.3/bin/../lib/gcc/arm-none-eabi/4.9.3/armv7-m/crtend.o
LOAD c:/program files (x86)/cypress/psoc creator/3.3/psoc creator/import/gnu/arm/4.9.3/bin/../lib/gcc/arm-none-eabi/4.9.3/armv7-m/crtn.o
START GROUP
LOAD c:/program files (x86)/cypress/psoc creator/3.3/psoc creator/import/gnu/arm/4.9.3/bin/../lib/gcc/arm-none-eabi/4.9.3/armv7-m\libgcc.a
LOAD c:/program files (x86)/cypress/psoc creator/3.3/psoc creator/import/gnu/arm/4.9.3/bin/../lib/gcc/arm-none-eabi/4.9.3/../../../../arm-none-eabi/lib/armv7-m\libc.a
LOAD c:/program files (x86)/cypress/psoc creator/3.3/psoc creator/import/gnu/arm/4.9.3/bin/../lib/gcc/arm-none-eabi/4.9.3/../../../../arm-none-eabi/lib/armv7-m\libnosys.a
END GROUP
                0x00000000                CY_APPL_ORIGIN = 0x0
                0x00000100                CY_FLASH_ROW_SIZE = 0x100
                0x00000020                CY_ECC_ROW_SIZE = 0x20
                0x00000000                CY_EE_IN_BTLDR = 0x0
                0x00000000                CY_APPL_LOADABLE = 0x0
                0x00000800                CY_EE_SIZE = 0x800
                0x00000001                CY_APPL_NUM = 0x1
                0x00000001                CY_APPL_MAX = 0x1
                0x00000040                CY_METADATA_SIZE = 0x40
                0x00000000                CY_APPL_LOADABLE = 0x0
                0x00000000                CY_CHECKSUM_EXCLUDE_SIZE = ALIGN (0x0, CY_FLASH_ROW_SIZE)
                0x1fff8be0                PROVIDE (__cy_heap_start, _end)
                0x00000001                PROVIDE (__cy_region_num, ((__cy_regions_end - __cy_regions) / 0x10))
                0x20008000                PROVIDE (__cy_stack, (ORIGIN (ram) + 0x10000))
                0x20007800                PROVIDE (__cy_heap_end, (__cy_stack - 0x800))

.cybootloader   0x00000000        0x0
 *(.cybootloader)
                0x00000000                appl1_start = CY_APPL_ORIGIN?CY_APPL_ORIGIN:ALIGN (CY_FLASH_ROW_SIZE)
                0x0001ff00                appl2_start = (appl1_start + ALIGN ((((0x40000 - appl1_start) - (0x2 * CY_FLASH_ROW_SIZE)) / 0x2), CY_FLASH_ROW_SIZE))
                0x00000000                appl_start = (CY_APPL_NUM == 0x1)?appl1_start:appl2_start
                0x00000000                ecc_offset = ((appl_start / CY_FLASH_ROW_SIZE) * CY_ECC_ROW_SIZE)
                0x00000000                ee_offset = (CY_APPL_LOADABLE && ! (CY_EE_IN_BTLDR))?((CY_EE_SIZE / CY_APPL_MAX) * (CY_APPL_NUM - 0x1)):0x0
                0x00000800                ee_size = (CY_APPL_LOADABLE && ! (CY_EE_IN_BTLDR))?(CY_EE_SIZE / CY_APPL_MAX):CY_EE_SIZE
                0x00000000                PROVIDE (CY_ECC_OFFSET, ecc_offset)

.text           0x00000000     0xb0fa
 CREATE_OBJECT_SYMBOLS
                0x00000000                PROVIDE (__cy_interrupt_vector, RomVectors)
 *(.romvectors)
 .romvectors    0x00000000       0x10 .\CortexM3\ARM_GCC_493\Debug\Cm3Start.o
                0x00000000                RomVectors
                0x00000001                ASSERT ((. != __cy_interrupt_vector), No interrupt vector)
                0x00000001                ASSERT (CY_APPL_ORIGIN?(SIZEOF (.cybootloader) <= CY_APPL_ORIGIN):0x1, Wrong image location)
                0x00000010                PROVIDE (__cy_reset, Reset)
 *(.text.Reset)
 .text.Reset    0x00000010       0x18 .\CortexM3\ARM_GCC_493\Debug\Cm3Start.o
                0x00000010                Reset
                0x00000001                ASSERT ((. != __cy_reset), No reset code)
 *(.dma_init)
                0x00000001                ASSERT ((((appl_start + .) <= 0x10000) || 0x1), DMA Init must be within the first 64k of flash)
 *(.text .text.* .gnu.linkonce.t.*)
 .text          0x00000028       0x5c c:/program files (x86)/cypress/psoc creator/3.3/psoc creator/import/gnu/arm/4.9.3/bin/../lib/gcc/arm-none-eabi/4.9.3/armv7-m/crtbegin.o
 .text.main     0x00000084      0x114 .\CortexM3\ARM_GCC_493\Debug\main.o
                0x00000084                main
 .text.ProcessCalibration
                0x00000198       0x68 .\CortexM3\ARM_GCC_493\Debug\cal.o
 .text.GetCalibration
                0x00000200       0x30 .\CortexM3\ARM_GCC_493\Debug\cal.o
 .text.DisplayMenu
                0x00000230       0xb8 .\CortexM3\ARM_GCC_493\Debug\cal.o
 .text.DisplayExit
                0x000002e8       0x10 .\CortexM3\ARM_GCC_493\Debug\cal.o
 .text.GetCommand
                0x000002f8       0x4c .\CortexM3\ARM_GCC_493\Debug\cal.o
 .text.Cal_Init
                0x00000344       0x10 .\CortexM3\ARM_GCC_493\Debug\cal.o
                0x00000344                Cal_Init
 .text.Cal_Start
                0x00000354       0x14 .\CortexM3\ARM_GCC_493\Debug\cal.o
                0x00000354                Cal_Start
 .text.Cal_ReadResponse
                0x00000368       0x48 .\CortexM3\ARM_GCC_493\Debug\cal.o
                0x00000368                Cal_ReadResponse
 .text.Cal_LeftGetMotorCalData
                0x000003b0       0x18 .\CortexM3\ARM_GCC_493\Debug\cal.o
                0x000003b0                Cal_LeftGetMotorCalData
 .text.Cal_RightGetMotorCalData
                0x000003c8       0x18 .\CortexM3\ARM_GCC_493\Debug\cal.o
                0x000003c8                Cal_RightGetMotorCalData
 .text.Cal_LeftGetPidGains
                0x000003e0        0xc .\CortexM3\ARM_GCC_493\Debug\cal.o
                0x000003e0                Cal_LeftGetPidGains
 .text.Cal_RightGetPidGains
                0x000003ec        0xc .\CortexM3\ARM_GCC_493\Debug\cal.o
                0x000003ec                Cal_RightGetPidGains
 .text.Cal_Update
                0x000003f8       0x2c .\CortexM3\ARM_GCC_493\Debug\cal.o
                0x000003f8                Cal_Update
 .text.ProcessPid
                0x00000424       0x64 .\CortexM3\ARM_GCC_493\Debug\control.o
 .text.UpdateSpeed
                0x00000488       0xa8 .\CortexM3\ARM_GCC_493\Debug\control.o
 .text.Control_Init
                0x00000530       0x10 .\CortexM3\ARM_GCC_493\Debug\control.o
                0x00000530                Control_Init
 .text.Control_Start
                0x00000540       0x68 .\CortexM3\ARM_GCC_493\Debug\control.o
                0x00000540                Control_Start
 .text.Control_Update
                0x000005a8       0x28 .\CortexM3\ARM_GCC_493\Debug\control.o
                0x000005a8                Control_Update
 .text.Control_LeftGetCmdVelocity
                0x000005d0        0xc .\CortexM3\ARM_GCC_493\Debug\control.o
                0x000005d0                Control_LeftGetCmdVelocity
 .text.Control_RightGetCmdVelocity
                0x000005dc        0xc .\CortexM3\ARM_GCC_493\Debug\control.o
                0x000005dc                Control_RightGetCmdVelocity
 .text.Debug_Init
                0x000005e8       0x28 .\CortexM3\ARM_GCC_493\Debug\debug.o
                0x000005e8                Debug_Init
 .text.Debug_Start
                0x00000610        0x4 .\CortexM3\ARM_GCC_493\Debug\debug.o
                0x00000610                Debug_Start
 .text.Diag_Init
                0x00000614       0x18 .\CortexM3\ARM_GCC_493\Debug\diag.o
                0x00000614                Diag_Init
 .text.Diag_Start
                0x0000062c        0x4 .\CortexM3\ARM_GCC_493\Debug\diag.o
                0x0000062c                Diag_Start
 .text.Diag_Update
                0x00000630       0x38 .\CortexM3\ARM_GCC_493\Debug\diag.o
                0x00000630                Diag_Update
 .text.Encoder_Sample
                0x00000668       0x70 .\CortexM3\ARM_GCC_493\Debug\encoder.o
 .text.DumpEncoder
                0x000006d8       0x64 .\CortexM3\ARM_GCC_493\Debug\encoder.o
 .text.Encoder_Init
                0x0000073c       0x48 .\CortexM3\ARM_GCC_493\Debug\encoder.o
                0x0000073c                Encoder_Init
 .text.Encoder_Start
                0x00000784       0x20 .\CortexM3\ARM_GCC_493\Debug\encoder.o
                0x00000784                Encoder_Start
 .text.Encoder_Update
                0x000007a4       0x84 .\CortexM3\ARM_GCC_493\Debug\encoder.o
                0x000007a4                Encoder_Update
 .text.Encoder_LeftGetCntsPerSec
                0x00000828        0xc .\CortexM3\ARM_GCC_493\Debug\encoder.o
                0x00000828                Encoder_LeftGetCntsPerSec
 .text.Encoder_RightGetCntsPerSec
                0x00000834        0xc .\CortexM3\ARM_GCC_493\Debug\encoder.o
                0x00000834                Encoder_RightGetCntsPerSec
 .text.Encoder_LeftGetMeterPerSec
                0x00000840        0xc .\CortexM3\ARM_GCC_493\Debug\encoder.o
                0x00000840                Encoder_LeftGetMeterPerSec
 .text.Encoder_RightGetMeterPerSec
                0x0000084c        0xc .\CortexM3\ARM_GCC_493\Debug\encoder.o
                0x0000084c                Encoder_RightGetMeterPerSec
 .text.I2c_Init
                0x00000858       0x24 .\CortexM3\ARM_GCC_493\Debug\i2c.o
                0x00000858                I2c_Init
 .text.I2c_Start
                0x0000087c       0x24 .\CortexM3\ARM_GCC_493\Debug\i2c.o
                0x0000087c                I2c_Start
 .text.I2c_ReadDeviceControl
                0x000008a0       0x2c .\CortexM3\ARM_GCC_493\Debug\i2c.o
                0x000008a0                I2c_ReadDeviceControl
 .text.I2c_ReadDebugControl
                0x000008cc       0x94 .\CortexM3\ARM_GCC_493\Debug\i2c.o
                0x000008cc                I2c_ReadDebugControl
 .text.I2c_ReadCmdVelocity
                0x00000960      0x130 .\CortexM3\ARM_GCC_493\Debug\i2c.o
                0x00000960                I2c_ReadCmdVelocity
 .text.I2c_SetCalibrationStatusBit
                0x00000a90       0x38 .\CortexM3\ARM_GCC_493\Debug\i2c.o
                0x00000a90                I2c_SetCalibrationStatusBit
 .text.I2c_WriteOdom
                0x00000ac8       0x94 .\CortexM3\ARM_GCC_493\Debug\i2c.o
                0x00000ac8                I2c_WriteOdom
 .text.I2c_UpdateHeartbeat
                0x00000b5c       0x2c .\CortexM3\ARM_GCC_493\Debug\i2c.o
                0x00000b5c                I2c_UpdateHeartbeat
 .text.Interpolate
                0x00000b88       0x3c .\CortexM3\ARM_GCC_493\Debug\motor.o
 .text.calculate_pwm
                0x00000bc4       0x74 .\CortexM3\ARM_GCC_493\Debug\motor.o
 .text.DumpMotor
                0x00000c38       0x48 .\CortexM3\ARM_GCC_493\Debug\motor.o
 .text.calc_motor_output_from_cps
                0x00000c80       0xac .\CortexM3\ARM_GCC_493\Debug\motor.o
 .text.Motor_Init
                0x00000d2c       0x18 .\CortexM3\ARM_GCC_493\Debug\motor.o
                0x00000d2c                Motor_Init
 .text.Motor_Start
                0x00000d44       0x48 .\CortexM3\ARM_GCC_493\Debug\motor.o
                0x00000d44                Motor_Start
 .text.Motor_LeftSetCntsPerSec
                0x00000d8c       0x18 .\CortexM3\ARM_GCC_493\Debug\motor.o
                0x00000d8c                Motor_LeftSetCntsPerSec
 .text.Motor_RightSetCntsPerSec
                0x00000da4       0x18 .\CortexM3\ARM_GCC_493\Debug\motor.o
                0x00000da4                Motor_RightSetCntsPerSec
 .text.Motor_LeftGetPwm
                0x00000dbc        0xc .\CortexM3\ARM_GCC_493\Debug\motor.o
                0x00000dbc                Motor_LeftGetPwm
 .text.Motor_RightGetPwm
                0x00000dc8        0xc .\CortexM3\ARM_GCC_493\Debug\motor.o
                0x00000dc8                Motor_RightGetPwm
 .text.Motor_Stop
                0x00000dd4       0x20 .\CortexM3\ARM_GCC_493\Debug\motor.o
                0x00000dd4                Motor_Stop
 .text.DumpOdom
                0x00000df4       0x80 .\CortexM3\ARM_GCC_493\Debug\odom.o
 .text.Odom_Init
                0x00000e74       0x14 .\CortexM3\ARM_GCC_493\Debug\odom.o
                0x00000e74                Odom_Init
 .text.Odom_Start
                0x00000e88        0x4 .\CortexM3\ARM_GCC_493\Debug\odom.o
                0x00000e88                Odom_Start
 *fill*         0x00000e8c        0x4 
 .text.calc_odom
                0x00000e90      0x298 .\CortexM3\ARM_GCC_493\Debug\odom.o
                0x00000e90                calc_odom
 .text.Odom_Update
                0x00001128       0x60 .\CortexM3\ARM_GCC_493\Debug\odom.o
                0x00001128                Odom_Update
 .text.Odom_Reset
                0x00001188       0x28 .\CortexM3\ARM_GCC_493\Debug\odom.o
                0x00001188                Odom_Reset
 .text.Odom_GetLinearVelocity
                0x000011b0        0xc .\CortexM3\ARM_GCC_493\Debug\odom.o
                0x000011b0                Odom_GetLinearVelocity
 .text.Odom_GetAngularVelocity
                0x000011bc        0xc .\CortexM3\ARM_GCC_493\Debug\odom.o
                0x000011bc                Odom_GetAngularVelocity
 .text.ProcessPid
                0x000011c8       0xb0 .\CortexM3\ARM_GCC_493\Debug\pid.o
 .text.Pid_Init
                0x00001278       0x7c .\CortexM3\ARM_GCC_493\Debug\pid.o
                0x00001278                Pid_Init
 .text.Pid_Start
                0x000012f4       0x30 .\CortexM3\ARM_GCC_493\Debug\pid.o
                0x000012f4                Pid_Start
 .text.Pid_Update
                0x00001324       0x8c .\CortexM3\ARM_GCC_493\Debug\pid.o
                0x00001324                Pid_Update
 .text.Pid_Reset
                0x000013b0       0x24 .\CortexM3\ARM_GCC_493\Debug\pid.o
                0x000013b0                Pid_Reset
 .text.Pid_Disable
                0x000013d4       0x1c .\CortexM3\ARM_GCC_493\Debug\pid.o
                0x000013d4                Pid_Disable
 .text.SysTickIsrHandler
                0x000013f0       0x10 .\CortexM3\ARM_GCC_493\Debug\time.o
 .text.Time_Init
                0x00001400        0xc .\CortexM3\ARM_GCC_493\Debug\time.o
                0x00001400                Time_Init
 .text.Time_Start
                0x0000140c       0x2c .\CortexM3\ARM_GCC_493\Debug\time.o
                0x0000140c                Time_Start
 .text.millis   0x00001438        0xc .\CortexM3\ARM_GCC_493\Debug\time.o
                0x00001438                millis
 .text.Ultrasonic_Init
                0x00001444        0x4 .\CortexM3\ARM_GCC_493\Debug\ultrasonic.o
                0x00001444                Ultrasonic_Init
 .text.insert_zeros
                0x00001448       0x30 .\CortexM3\ARM_GCC_493\Debug\utils.o
 .text.MovingAverageFloat
                0x00001478       0x2c .\CortexM3\ARM_GCC_493\Debug\utils.o
                0x00001478                MovingAverageFloat
 .text.ftoa     0x000014a4       0xa4 .\CortexM3\ARM_GCC_493\Debug\utils.o
                0x000014a4                ftoa
 .text.BinaryRangeSearch
                0x00001548       0x50 .\CortexM3\ARM_GCC_493\Debug\utils.o
                0x00001548                BinaryRangeSearch
 .text.ConvertLinearAngularToDifferential
                0x00001598       0x70 .\CortexM3\ARM_GCC_493\Debug\utils.o
                0x00001598                ConvertLinearAngularToDifferential
 .text.initializeQueue
                0x00001608       0x10 .\CortexM3\ARM_GCC_493\Debug\infrared.o
                0x00001608                initializeQueue
 .text.Infrared_Init
                0x00001618       0x30 .\CortexM3\ARM_GCC_493\Debug\infrared.o
                0x00001618                Infrared_Init
 .text.PIDCompute
                0x00001648       0xa4 .\CortexM3\ARM_GCC_493\Debug\pid_controller.o
                0x00001648                PIDCompute
 .text.PIDOutputLimitsSet
                0x000016ec       0x5c .\CortexM3\ARM_GCC_493\Debug\pid_controller.o
                0x000016ec                PIDOutputLimitsSet
 .text.PIDTuningsSet
                0x00001748       0x6c .\CortexM3\ARM_GCC_493\Debug\pid_controller.o
                0x00001748                PIDTuningsSet
 .text.PIDInit  0x000017b4       0x54 .\CortexM3\ARM_GCC_493\Debug\pid_controller.o
                0x000017b4                PIDInit
 .text.PIDSetpointSet
                0x00001808        0x4 .\CortexM3\ARM_GCC_493\Debug\pid_controller.o
                0x00001808                PIDSetpointSet
 .text.PIDInputSet
                0x0000180c        0x4 .\CortexM3\ARM_GCC_493\Debug\pid_controller.o
                0x0000180c                PIDInputSet
 .text.Ser_Init
                0x00001810        0x4 .\CortexM3\ARM_GCC_493\Debug\serial.o
                0x00001810                Ser_Init
 .text.Ser_Start
                0x00001814       0x2c .\CortexM3\ARM_GCC_493\Debug\serial.o
                0x00001814                Ser_Start
 .text.Ser_Update
                0x00001840       0x14 .\CortexM3\ARM_GCC_493\Debug\serial.o
                0x00001840                Ser_Update
 .text.Ser_PutString
                0x00001854       0x20 .\CortexM3\ARM_GCC_493\Debug\serial.o
                0x00001854                Ser_PutString
 .text.Ser_ReadByte
                0x00001874       0x1c .\CortexM3\ARM_GCC_493\Debug\serial.o
                0x00001874                Ser_ReadByte
 .text.Ser_WriteByte
                0x00001890       0x1c .\CortexM3\ARM_GCC_493\Debug\serial.o
                0x00001890                Ser_WriteByte
 .text.Nvstore_Init
                0x000018ac        0x4 .\CortexM3\ARM_GCC_493\Debug\nvstore.o
                0x000018ac                Nvstore_Init
 .text.Nvstore_Start
                0x000018b0        0x8 .\CortexM3\ARM_GCC_493\Debug\nvstore.o
                0x000018b0                Nvstore_Start
 .text.CalPid_Init
                0x000018b8       0x20 .\CortexM3\ARM_GCC_493\Debug\calpid.o
                0x000018b8                CalPid_Init
 .text.CalPid_Start
                0x000018d8       0x30 .\CortexM3\ARM_GCC_493\Debug\calpid.o
                0x000018d8                CalPid_Start
 .text.CalPid_Update
                0x00001908        0xc .\CortexM3\ARM_GCC_493\Debug\calpid.o
                0x00001908                CalPid_Update
 .text.CalPid_Stop
                0x00001914       0x10 .\CortexM3\ARM_GCC_493\Debug\calpid.o
                0x00001914                CalPid_Stop
 .text.CalPid_Results
                0x00001924       0x10 .\CortexM3\ARM_GCC_493\Debug\calpid.o
                0x00001924                CalPid_Results
 .text.OutputVelocities
                0x00001934       0x40 .\CortexM3\ARM_GCC_493\Debug\calmotor.o
 .text.DoVelocityValidation
                0x00001974       0x68 .\CortexM3\ARM_GCC_493\Debug\calmotor.o
 .text.CalMotor_Init
                0x000019dc       0x44 .\CortexM3\ARM_GCC_493\Debug\calmotor.o
                0x000019dc                CalMotor_Init
 .text.CalMotor_Start
                0x00001a20       0x24 .\CortexM3\ARM_GCC_493\Debug\calmotor.o
                0x00001a20                CalMotor_Start
 .text.CalMotor_Update
                0x00001a44       0xcc .\CortexM3\ARM_GCC_493\Debug\calmotor.o
                0x00001a44                CalMotor_Update
 .text.CalMotor_Stop
                0x00001b10       0x28 .\CortexM3\ARM_GCC_493\Debug\calmotor.o
                0x00001b10                CalMotor_Stop
 .text.CalMotor_Results
                0x00001b38       0x10 .\CortexM3\ARM_GCC_493\Debug\calmotor.o
                0x00001b38                CalMotor_Results
 .text.DumpPid  0x00001b48       0x94 .\CortexM3\ARM_GCC_493\Debug\pidutil.o
                0x00001b48                DumpPid
 .text.IntDefaultHandler
                0x00001bdc        0x4 .\CortexM3\ARM_GCC_493\Debug\Cm3Start.o
                0x00001bdc                IntDefaultHandler
 .text._sbrk    0x00001be0       0x30 .\CortexM3\ARM_GCC_493\Debug\Cm3Start.o
                0x00001be0                _sbrk
 .text.Start_c  0x00001c10       0x4c .\CortexM3\ARM_GCC_493\Debug\Cm3Start.o
                0x00001c10                Start_c
 .text.initialize_psoc
                0x00001c5c       0x74 .\CortexM3\ARM_GCC_493\Debug\Cm3Start.o
                0x00001c5c                initialize_psoc
 .text.cfg_write_bytes32
                0x00001cd0       0x34 .\CortexM3\ARM_GCC_493\Debug\freesoc.a(cyfitter_cfg.o)
 .text.CYMEMZERO
                0x00001d04        0xc .\CortexM3\ARM_GCC_493\Debug\freesoc.a(cyfitter_cfg.o)
 .text.ClockSetup
                0x00001d10       0xe4 .\CortexM3\ARM_GCC_493\Debug\freesoc.a(cyfitter_cfg.o)
 .text.AnalogSetDefault
                0x00001df4       0x80 .\CortexM3\ARM_GCC_493\Debug\freesoc.a(cyfitter_cfg.o)
 .text.CYCONFIGCPY
                0x00001e74        0x8 .\CortexM3\ARM_GCC_493\Debug\freesoc.a(cyfitter_cfg.o)
 .text.Front_AMuxSeq_DisconnectAll
                0x00001e7c       0x18 .\CortexM3\ARM_GCC_493\Debug\freesoc.a(cyfitter_cfg.o)
                0x00001e7c                Front_AMuxSeq_DisconnectAll
 .text.Rear_AMuxSeq_DisconnectAll
                0x00001e94       0x18 .\CortexM3\ARM_GCC_493\Debug\freesoc.a(cyfitter_cfg.o)
                0x00001e94                Rear_AMuxSeq_DisconnectAll
 .text.cyfitter_cfg
                0x00001eac      0x188 .\CortexM3\ARM_GCC_493\Debug\freesoc.a(cyfitter_cfg.o)
                0x00001eac                cyfitter_cfg
 .text.Left_HB25_Enable_Pin_Write
                0x00002034       0x18 .\CortexM3\ARM_GCC_493\Debug\freesoc.a(Left_HB25_Enable_Pin.o)
                0x00002034                Left_HB25_Enable_Pin_Write
 .text.Left_HB25_PWM_Stop
                0x0000204c        0x4 .\CortexM3\ARM_GCC_493\Debug\freesoc.a(Left_HB25_PWM.o)
                0x0000204c                Left_HB25_PWM_Stop
 .text.Left_HB25_PWM_WriteCounter
                0x00002050        0xc .\CortexM3\ARM_GCC_493\Debug\freesoc.a(Left_HB25_PWM.o)
                0x00002050                Left_HB25_PWM_WriteCounter
 .text.Left_HB25_PWM_WritePeriod
                0x0000205c        0xc .\CortexM3\ARM_GCC_493\Debug\freesoc.a(Left_HB25_PWM.o)
                0x0000205c                Left_HB25_PWM_WritePeriod
 .text.Left_HB25_PWM_WriteCompare
                0x00002068        0xc .\CortexM3\ARM_GCC_493\Debug\freesoc.a(Left_HB25_PWM.o)
                0x00002068                Left_HB25_PWM_WriteCompare
 .text.Left_HB25_PWM_Init
                0x00002074       0x34 .\CortexM3\ARM_GCC_493\Debug\freesoc.a(Left_HB25_PWM.o)
                0x00002074                Left_HB25_PWM_Init
 .text.Left_HB25_PWM_Start
                0x000020a8       0x18 .\CortexM3\ARM_GCC_493\Debug\freesoc.a(Left_HB25_PWM.o)
                0x000020a8                Left_HB25_PWM_Start
 .text.Right_HB25_Enable_Pin_Write
                0x000020c0       0x18 .\CortexM3\ARM_GCC_493\Debug\freesoc.a(Right_HB25_Enable_Pin.o)
                0x000020c0                Right_HB25_Enable_Pin_Write
 .text.Right_HB25_PWM_Stop
                0x000020d8        0x4 .\CortexM3\ARM_GCC_493\Debug\freesoc.a(Right_HB25_PWM.o)
                0x000020d8                Right_HB25_PWM_Stop
 .text.Right_HB25_PWM_WriteCounter
                0x000020dc        0xc .\CortexM3\ARM_GCC_493\Debug\freesoc.a(Right_HB25_PWM.o)
                0x000020dc                Right_HB25_PWM_WriteCounter
 .text.Right_HB25_PWM_WritePeriod
                0x000020e8        0xc .\CortexM3\ARM_GCC_493\Debug\freesoc.a(Right_HB25_PWM.o)
                0x000020e8                Right_HB25_PWM_WritePeriod
 .text.Right_HB25_PWM_WriteCompare
                0x000020f4        0xc .\CortexM3\ARM_GCC_493\Debug\freesoc.a(Right_HB25_PWM.o)
                0x000020f4                Right_HB25_PWM_WriteCompare
 .text.Right_HB25_PWM_Init
                0x00002100       0x34 .\CortexM3\ARM_GCC_493\Debug\freesoc.a(Right_HB25_PWM.o)
                0x00002100                Right_HB25_PWM_Init
 .text.Right_HB25_PWM_Start
                0x00002134       0x18 .\CortexM3\ARM_GCC_493\Debug\freesoc.a(Right_HB25_PWM.o)
                0x00002134                Right_HB25_PWM_Start
 *fill*         0x0000214c        0x4 
 .text          0x00002150       0x20 .\CortexM3\ARM_GCC_493\Debug\freesoc.a(CyBootAsmGnu.o)
                0x00002150                CyDelayCycles
                0x00002160                CyEnterCriticalSection
                0x00002168                CyExitCriticalSection
 .text.CyHalt   0x00002170        0x4 .\CortexM3\ARM_GCC_493\Debug\freesoc.a(CyLib.o)
                0x00002170                CyHalt
 .text.CyDelay  0x00002174       0x2c .\CortexM3\ARM_GCC_493\Debug\freesoc.a(CyLib.o)
                0x00002174                CyDelay
 .text.CyDelayUs
                0x000021a0       0x14 .\CortexM3\ARM_GCC_493\Debug\freesoc.a(CyLib.o)
                0x000021a0                CyDelayUs
 .text.CyIntSetSysVector
                0x000021b4       0x28 .\CortexM3\ARM_GCC_493\Debug\freesoc.a(CyLib.o)
                0x000021b4                CyIntSetSysVector
 .text.CyIntSetVector
                0x000021dc       0x28 .\CortexM3\ARM_GCC_493\Debug\freesoc.a(CyLib.o)
                0x000021dc                CyIntSetVector
 .text.CyIntSetPriority
                0x00002204       0x30 .\CortexM3\ARM_GCC_493\Debug\freesoc.a(CyLib.o)
                0x00002204                CyIntSetPriority
 .text.CySysTickEnableInterrupt
                0x00002234       0x10 .\CortexM3\ARM_GCC_493\Debug\freesoc.a(CyLib.o)
                0x00002234                CySysTickEnableInterrupt
 .text.CySysTickEnable
                0x00002244       0x18 .\CortexM3\ARM_GCC_493\Debug\freesoc.a(CyLib.o)
                0x00002244                CySysTickEnable
 .text.CySysTickSetReload
                0x0000225c       0x10 .\CortexM3\ARM_GCC_493\Debug\freesoc.a(CyLib.o)
                0x0000225c                CySysTickSetReload
 .text.CySysTickSetClockSource
                0x0000226c       0x20 .\CortexM3\ARM_GCC_493\Debug\freesoc.a(CyLib.o)
                0x0000226c                CySysTickSetClockSource
 .text.CySysTickGetCountFlag
                0x0000228c       0x10 .\CortexM3\ARM_GCC_493\Debug\freesoc.a(CyLib.o)
                0x0000228c                CySysTickGetCountFlag
 .text.CySysTickServiceCallbacks
                0x0000229c       0x28 .\CortexM3\ARM_GCC_493\Debug\freesoc.a(CyLib.o)
 .text.CySysTickClear
                0x000022c4        0xc .\CortexM3\ARM_GCC_493\Debug\freesoc.a(CyLib.o)
                0x000022c4                CySysTickClear
 .text.CySysTickInit
                0x000022d0       0x58 .\CortexM3\ARM_GCC_493\Debug\freesoc.a(CyLib.o)
                0x000022d0                CySysTickInit
 .text.CySysTickStart
                0x00002328       0x1c .\CortexM3\ARM_GCC_493\Debug\freesoc.a(CyLib.o)
                0x00002328                CySysTickStart
 .text.CySysTickSetCallback
                0x00002344       0x10 .\CortexM3\ARM_GCC_493\Debug\freesoc.a(CyLib.o)
                0x00002344                CySysTickSetCallback
 .text.CySysTickGetCallback
                0x00002354       0x10 .\CortexM3\ARM_GCC_493\Debug\freesoc.a(CyLib.o)
                0x00002354                CySysTickGetCallback
 .text.CyGetUniqueId
                0x00002364       0x70 .\CortexM3\ARM_GCC_493\Debug\freesoc.a(CyLib.o)
                0x00002364                CyGetUniqueId
 .text.EZI2C_Slave_Init
                0x000023d4       0x70 .\CortexM3\ARM_GCC_493\Debug\freesoc.a(EZI2C_Slave.o)
                0x000023d4                EZI2C_Slave_Init
 .text.EZI2C_Slave_Enable
                0x00002444       0x30 .\CortexM3\ARM_GCC_493\Debug\freesoc.a(EZI2C_Slave.o)
                0x00002444                EZI2C_Slave_Enable
 .text.EZI2C_Slave_Start
                0x00002474       0x1c .\CortexM3\ARM_GCC_493\Debug\freesoc.a(EZI2C_Slave.o)
                0x00002474                EZI2C_Slave_Start
 .text.EZI2C_Slave_GetActivity
                0x00002490       0x28 .\CortexM3\ARM_GCC_493\Debug\freesoc.a(EZI2C_Slave.o)
                0x00002490                EZI2C_Slave_GetActivity
 .text.EZI2C_Slave_SetBuffer1
                0x000024b8       0x50 .\CortexM3\ARM_GCC_493\Debug\freesoc.a(EZI2C_Slave.o)
                0x000024b8                EZI2C_Slave_SetBuffer1
 .text.EZI2C_Slave_ISR
                0x00002508      0x1c4 .\CortexM3\ARM_GCC_493\Debug\freesoc.a(EZI2C_Slave_INT.o)
                0x00002508                EZI2C_Slave_ISR
 .text.Mainloop_Pin_Write
                0x000026cc       0x18 .\CortexM3\ARM_GCC_493\Debug\freesoc.a(Mainloop_Pin.o)
                0x000026cc                Mainloop_Pin_Write
 .text.EEPROM_Enable
                0x000026e4        0xc .\CortexM3\ARM_GCC_493\Debug\freesoc.a(EEPROM.o)
                0x000026e4                EEPROM_Enable
 .text.EEPROM_Start
                0x000026f0        0x8 .\CortexM3\ARM_GCC_493\Debug\freesoc.a(EEPROM.o)
                0x000026f0                EEPROM_Start
 .text.Right_QuadDec_Init
                0x000026f8       0x24 .\CortexM3\ARM_GCC_493\Debug\freesoc.a(Right_QuadDec.o)
                0x000026f8                Right_QuadDec_Init
 .text.Right_QuadDec_GetCounter
                0x0000271c       0x2c .\CortexM3\ARM_GCC_493\Debug\freesoc.a(Right_QuadDec.o)
                0x0000271c                Right_QuadDec_GetCounter
 .text.Right_QuadDec_SetCounter
                0x00002748       0x28 .\CortexM3\ARM_GCC_493\Debug\freesoc.a(Right_QuadDec.o)
                0x00002748                Right_QuadDec_SetCounter
 .text.Right_QuadDec_GetEvents
                0x00002770       0x10 .\CortexM3\ARM_GCC_493\Debug\freesoc.a(Right_QuadDec.o)
                0x00002770                Right_QuadDec_GetEvents
 .text.Right_QuadDec_SetInterruptMask
                0x00002780       0x10 .\CortexM3\ARM_GCC_493\Debug\freesoc.a(Right_QuadDec.o)
                0x00002780                Right_QuadDec_SetInterruptMask
 .text.Right_QuadDec_Enable
                0x00002790       0x30 .\CortexM3\ARM_GCC_493\Debug\freesoc.a(Right_QuadDec.o)
                0x00002790                Right_QuadDec_Enable
 .text.Right_QuadDec_Start
                0x000027c0       0x34 .\CortexM3\ARM_GCC_493\Debug\freesoc.a(Right_QuadDec.o)
                0x000027c0                Right_QuadDec_Start
 .text.Right_QuadDec_ISR
                0x000027f4       0x40 .\CortexM3\ARM_GCC_493\Debug\freesoc.a(Right_QuadDec_INT.o)
                0x000027f4                Right_QuadDec_ISR
 .text.Right_QuadDec_Cnt16_Enable
                0x00002834       0x10 .\CortexM3\ARM_GCC_493\Debug\freesoc.a(Right_QuadDec_Cnt16.o)
                0x00002834                Right_QuadDec_Cnt16_Enable
 .text.Right_QuadDec_Cnt16_SetInterruptMode
                0x00002844        0xc .\CortexM3\ARM_GCC_493\Debug\freesoc.a(Right_QuadDec_Cnt16.o)
                0x00002844                Right_QuadDec_Cnt16_SetInterruptMode
 .text.Right_QuadDec_Cnt16_ReadStatusRegister
                0x00002850        0xc .\CortexM3\ARM_GCC_493\Debug\freesoc.a(Right_QuadDec_Cnt16.o)
                0x00002850                Right_QuadDec_Cnt16_ReadStatusRegister
 .text.Right_QuadDec_Cnt16_WriteCounter
                0x0000285c        0xc .\CortexM3\ARM_GCC_493\Debug\freesoc.a(Right_QuadDec_Cnt16.o)
                0x0000285c                Right_QuadDec_Cnt16_WriteCounter
 .text.Right_QuadDec_Cnt16_ReadCounter
                0x00002868       0x14 .\CortexM3\ARM_GCC_493\Debug\freesoc.a(Right_QuadDec_Cnt16.o)
                0x00002868                Right_QuadDec_Cnt16_ReadCounter
 .text.Right_QuadDec_Cnt16_ReadCapture
                0x0000287c        0xc .\CortexM3\ARM_GCC_493\Debug\freesoc.a(Right_QuadDec_Cnt16.o)
                0x0000287c                Right_QuadDec_Cnt16_ReadCapture
 .text.Right_QuadDec_Cnt16_WritePeriod
                0x00002888        0xc .\CortexM3\ARM_GCC_493\Debug\freesoc.a(Right_QuadDec_Cnt16.o)
                0x00002888                Right_QuadDec_Cnt16_WritePeriod
 .text.Right_QuadDec_Cnt16_WriteCompare
                0x00002894        0xc .\CortexM3\ARM_GCC_493\Debug\freesoc.a(Right_QuadDec_Cnt16.o)
                0x00002894                Right_QuadDec_Cnt16_WriteCompare
 .text.Right_QuadDec_Cnt16_ClearFIFO
                0x000028a0       0x14 .\CortexM3\ARM_GCC_493\Debug\freesoc.a(Right_QuadDec_Cnt16.o)
                0x000028a0                Right_QuadDec_Cnt16_ClearFIFO
 .text.Right_QuadDec_Cnt16_Init
                0x000028b4       0x58 .\CortexM3\ARM_GCC_493\Debug\freesoc.a(Right_QuadDec_Cnt16.o)
                0x000028b4                Right_QuadDec_Cnt16_Init
 .text.Right_QuadDec_Cnt16_Start
                0x0000290c       0x1c .\CortexM3\ARM_GCC_493\Debug\freesoc.a(Right_QuadDec_Cnt16.o)
                0x0000290c                Right_QuadDec_Cnt16_Start
 .text.Left_QuadDec_Init
                0x00002928       0x24 .\CortexM3\ARM_GCC_493\Debug\freesoc.a(Left_QuadDec.o)
                0x00002928                Left_QuadDec_Init
 .text.Left_QuadDec_GetCounter
                0x0000294c       0x2c .\CortexM3\ARM_GCC_493\Debug\freesoc.a(Left_QuadDec.o)
                0x0000294c                Left_QuadDec_GetCounter
 .text.Left_QuadDec_SetCounter
                0x00002978       0x28 .\CortexM3\ARM_GCC_493\Debug\freesoc.a(Left_QuadDec.o)
                0x00002978                Left_QuadDec_SetCounter
 .text.Left_QuadDec_GetEvents
                0x000029a0       0x10 .\CortexM3\ARM_GCC_493\Debug\freesoc.a(Left_QuadDec.o)
                0x000029a0                Left_QuadDec_GetEvents
 .text.Left_QuadDec_SetInterruptMask
                0x000029b0       0x10 .\CortexM3\ARM_GCC_493\Debug\freesoc.a(Left_QuadDec.o)
                0x000029b0                Left_QuadDec_SetInterruptMask
 .text.Left_QuadDec_Enable
                0x000029c0       0x30 .\CortexM3\ARM_GCC_493\Debug\freesoc.a(Left_QuadDec.o)
                0x000029c0                Left_QuadDec_Enable
 .text.Left_QuadDec_Start
                0x000029f0       0x34 .\CortexM3\ARM_GCC_493\Debug\freesoc.a(Left_QuadDec.o)
                0x000029f0                Left_QuadDec_Start
 .text.Left_QuadDec_ISR
                0x00002a24       0x40 .\CortexM3\ARM_GCC_493\Debug\freesoc.a(Left_QuadDec_INT.o)
                0x00002a24                Left_QuadDec_ISR
 .text.Left_QuadDec_Cnt16_Enable
                0x00002a64       0x10 .\CortexM3\ARM_GCC_493\Debug\freesoc.a(Left_QuadDec_Cnt16.o)
                0x00002a64                Left_QuadDec_Cnt16_Enable
 .text.Left_QuadDec_Cnt16_SetInterruptMode
                0x00002a74        0xc .\CortexM3\ARM_GCC_493\Debug\freesoc.a(Left_QuadDec_Cnt16.o)
                0x00002a74                Left_QuadDec_Cnt16_SetInterruptMode
 .text.Left_QuadDec_Cnt16_ReadStatusRegister
                0x00002a80        0xc .\CortexM3\ARM_GCC_493\Debug\freesoc.a(Left_QuadDec_Cnt16.o)
                0x00002a80                Left_QuadDec_Cnt16_ReadStatusRegister
 .text.Left_QuadDec_Cnt16_WriteCounter
                0x00002a8c        0xc .\CortexM3\ARM_GCC_493\Debug\freesoc.a(Left_QuadDec_Cnt16.o)
                0x00002a8c                Left_QuadDec_Cnt16_WriteCounter
 .text.Left_QuadDec_Cnt16_ReadCounter
                0x00002a98       0x14 .\CortexM3\ARM_GCC_493\Debug\freesoc.a(Left_QuadDec_Cnt16.o)
                0x00002a98                Left_QuadDec_Cnt16_ReadCounter
 .text.Left_QuadDec_Cnt16_ReadCapture
                0x00002aac        0xc .\CortexM3\ARM_GCC_493\Debug\freesoc.a(Left_QuadDec_Cnt16.o)
                0x00002aac                Left_QuadDec_Cnt16_ReadCapture
 .text.Left_QuadDec_Cnt16_WritePeriod
                0x00002ab8        0xc .\CortexM3\ARM_GCC_493\Debug\freesoc.a(Left_QuadDec_Cnt16.o)
                0x00002ab8                Left_QuadDec_Cnt16_WritePeriod
 .text.Left_QuadDec_Cnt16_WriteCompare
                0x00002ac4        0xc .\CortexM3\ARM_GCC_493\Debug\freesoc.a(Left_QuadDec_Cnt16.o)
                0x00002ac4                Left_QuadDec_Cnt16_WriteCompare
 .text.Left_QuadDec_Cnt16_ClearFIFO
                0x00002ad0       0x14 .\CortexM3\ARM_GCC_493\Debug\freesoc.a(Left_QuadDec_Cnt16.o)
                0x00002ad0                Left_QuadDec_Cnt16_ClearFIFO
 .text.Left_QuadDec_Cnt16_Init
                0x00002ae4       0x58 .\CortexM3\ARM_GCC_493\Debug\freesoc.a(Left_QuadDec_Cnt16.o)
                0x00002ae4                Left_QuadDec_Cnt16_Init
 .text.Left_QuadDec_Cnt16_Start
                0x00002b3c       0x1c .\CortexM3\ARM_GCC_493\Debug\freesoc.a(Left_QuadDec_Cnt16.o)
                0x00002b3c                Left_QuadDec_Cnt16_Start
 .text.USBUART_Init
                0x00002b58      0x140 .\CortexM3\ARM_GCC_493\Debug\freesoc.a(USBUART.o)
                0x00002b58                USBUART_Init
 .text.USBUART_InitComponent
                0x00002c98       0xd4 .\CortexM3\ARM_GCC_493\Debug\freesoc.a(USBUART.o)
                0x00002c98                USBUART_InitComponent
 .text.USBUART_Start
                0x00002d6c       0x24 .\CortexM3\ARM_GCC_493\Debug\freesoc.a(USBUART.o)
                0x00002d6c                USBUART_Start
 .text.USBUART_ReInitComponent
                0x00002d90       0x64 .\CortexM3\ARM_GCC_493\Debug\freesoc.a(USBUART.o)
                0x00002d90                USBUART_ReInitComponent
 .text.USBUART_GetConfiguration
                0x00002df4        0xc .\CortexM3\ARM_GCC_493\Debug\freesoc.a(USBUART.o)
                0x00002df4                USBUART_GetConfiguration
 .text.USBUART_IsConfigurationChanged
                0x00002e00       0x20 .\CortexM3\ARM_GCC_493\Debug\freesoc.a(USBUART.o)
                0x00002e00                USBUART_IsConfigurationChanged
 .text.USBUART_GetEPState
                0x00002e20       0x14 .\CortexM3\ARM_GCC_493\Debug\freesoc.a(USBUART.o)
                0x00002e20                USBUART_GetEPState
 .text.USBUART_GetEPCount
                0x00002e34       0x28 .\CortexM3\ARM_GCC_493\Debug\freesoc.a(USBUART.o)
                0x00002e34                USBUART_GetEPCount
 .text.USBUART_LoadInEP
                0x00002e5c       0x94 .\CortexM3\ARM_GCC_493\Debug\freesoc.a(USBUART.o)
                0x00002e5c                USBUART_LoadInEP
 .text.USBUART_EnableOutEP
                0x00002ef0       0x2c .\CortexM3\ARM_GCC_493\Debug\freesoc.a(USBUART.o)
                0x00002ef0                USBUART_EnableOutEP
 .text.USBUART_ReadOutEP
                0x00002f1c       0x50 .\CortexM3\ARM_GCC_493\Debug\freesoc.a(USBUART.o)
                0x00002f1c                USBUART_ReadOutEP
 .text.USBUART_StrLen
                0x00002f6c       0x14 .\CortexM3\ARM_GCC_493\Debug\freesoc.a(USBUART_cdc.o)
 .text.USBUART_GetInterfaceComPort
                0x00002f80       0x3c .\CortexM3\ARM_GCC_493\Debug\freesoc.a(USBUART_cdc.o)
                0x00002f80                USBUART_GetInterfaceComPort
 .text.USBUART_DispatchCDCClassRqst
                0x00002fbc       0x98 .\CortexM3\ARM_GCC_493\Debug\freesoc.a(USBUART_cdc.o)
                0x00002fbc                USBUART_DispatchCDCClassRqst
 .text.USBUART_CDC_Init
                0x00003054       0x98 .\CortexM3\ARM_GCC_493\Debug\freesoc.a(USBUART_cdc.o)
                0x00003054                USBUART_CDC_Init
 .text.USBUART_PutString
                0x000030ec       0x9c .\CortexM3\ARM_GCC_493\Debug\freesoc.a(USBUART_cdc.o)
                0x000030ec                USBUART_PutString
 .text.USBUART_PutChar
                0x00003188       0x28 .\CortexM3\ARM_GCC_493\Debug\freesoc.a(USBUART_cdc.o)
                0x00003188                USBUART_PutChar
 .text.USBUART_DataIsReady
                0x000031b0       0x18 .\CortexM3\ARM_GCC_493\Debug\freesoc.a(USBUART_cdc.o)
                0x000031b0                USBUART_DataIsReady
 .text.USBUART_CDCIsReady
                0x000031c8       0x18 .\CortexM3\ARM_GCC_493\Debug\freesoc.a(USBUART_cdc.o)
                0x000031c8                USBUART_CDCIsReady
 .text.USBUART_GetChar
                0x000031e0       0x28 .\CortexM3\ARM_GCC_493\Debug\freesoc.a(USBUART_cdc.o)
                0x000031e0                USBUART_GetChar
 .text.USBUART_Cdc_EpInit
                0x00003208       0x50 .\CortexM3\ARM_GCC_493\Debug\freesoc.a(USBUART_cdc.o)
                0x00003208                USBUART_Cdc_EpInit
 .text.USBUART_LoadEP0
                0x00003258       0x94 .\CortexM3\ARM_GCC_493\Debug\freesoc.a(USBUART_drv.o)
                0x00003258                USBUART_LoadEP0
 .text.USBUART_InitZeroLengthControlTransfer
                0x000032ec       0x34 .\CortexM3\ARM_GCC_493\Debug\freesoc.a(USBUART_drv.o)
                0x000032ec                USBUART_InitZeroLengthControlTransfer
 .text.USBUART_ControlReadDataStage
                0x00003320        0x8 .\CortexM3\ARM_GCC_493\Debug\freesoc.a(USBUART_drv.o)
                0x00003320                USBUART_ControlReadDataStage
 .text.USBUART_ControlWriteDataStage
                0x00003328       0x80 .\CortexM3\ARM_GCC_493\Debug\freesoc.a(USBUART_drv.o)
                0x00003328                USBUART_ControlWriteDataStage
 .text.USBUART_InitNoDataControlTransfer
                0x000033a8       0x2c .\CortexM3\ARM_GCC_493\Debug\freesoc.a(USBUART_drv.o)
                0x000033a8                USBUART_InitNoDataControlTransfer
 .text.USBUART_UpdateStatusBlock
                0x000033d4       0x24 .\CortexM3\ARM_GCC_493\Debug\freesoc.a(USBUART_drv.o)
                0x000033d4                USBUART_UpdateStatusBlock
 .text.USBUART_HandleSetup
                0x000033f8       0x5c .\CortexM3\ARM_GCC_493\Debug\freesoc.a(USBUART_drv.o)
                0x000033f8                USBUART_HandleSetup
 .text.USBUART_ControlReadStatusStage
                0x00003454       0x34 .\CortexM3\ARM_GCC_493\Debug\freesoc.a(USBUART_drv.o)
                0x00003454                USBUART_ControlReadStatusStage
 .text.USBUART_HandleOUT
                0x00003488       0x38 .\CortexM3\ARM_GCC_493\Debug\freesoc.a(USBUART_drv.o)
                0x00003488                USBUART_HandleOUT
 .text.USBUART_ControlWriteStatusStage
                0x000034c0       0x20 .\CortexM3\ARM_GCC_493\Debug\freesoc.a(USBUART_drv.o)
                0x000034c0                USBUART_ControlWriteStatusStage
 .text.USBUART_NoDataControlStatusStage
                0x000034e0       0x40 .\CortexM3\ARM_GCC_493\Debug\freesoc.a(USBUART_drv.o)
                0x000034e0                USBUART_NoDataControlStatusStage
 .text.USBUART_HandleIN
                0x00003520       0x2c .\CortexM3\ARM_GCC_493\Debug\freesoc.a(USBUART_drv.o)
                0x00003520                USBUART_HandleIN
 .text.USBUART_EP_0_ISR
                0x0000354c       0xb8 .\CortexM3\ARM_GCC_493\Debug\freesoc.a(USBUART_drv.o)
                0x0000354c                USBUART_EP_0_ISR
 .text.USBUART_InitializeStatusBlock
                0x00003604       0x24 .\CortexM3\ARM_GCC_493\Debug\freesoc.a(USBUART_drv.o)
                0x00003604                USBUART_InitializeStatusBlock
 .text.USBUART_InitControlRead
                0x00003628       0x50 .\CortexM3\ARM_GCC_493\Debug\freesoc.a(USBUART_drv.o)
                0x00003628                USBUART_InitControlRead
 .text.USBUART_InitControlWrite
                0x00003678       0x48 .\CortexM3\ARM_GCC_493\Debug\freesoc.a(USBUART_drv.o)
                0x00003678                USBUART_InitControlWrite
 .text.USBUART_EP_1_ISR
                0x000036c0       0x38 .\CortexM3\ARM_GCC_493\Debug\freesoc.a(USBUART_episr.o)
                0x000036c0                USBUART_EP_1_ISR
 .text.USBUART_EP_2_ISR
                0x000036f8       0x3c .\CortexM3\ARM_GCC_493\Debug\freesoc.a(USBUART_episr.o)
                0x000036f8                USBUART_EP_2_ISR
 .text.USBUART_EP_3_ISR
                0x00003734       0x44 .\CortexM3\ARM_GCC_493\Debug\freesoc.a(USBUART_episr.o)
                0x00003734                USBUART_EP_3_ISR
 .text.USBUART_SOF_ISR
                0x00003778        0x4 .\CortexM3\ARM_GCC_493\Debug\freesoc.a(USBUART_episr.o)
                0x00003778                USBUART_SOF_ISR
 .text.USBUART_BUS_RESET_ISR
                0x0000377c        0x8 .\CortexM3\ARM_GCC_493\Debug\freesoc.a(USBUART_episr.o)
                0x0000377c                USBUART_BUS_RESET_ISR
 .text.USBUART_FindHidClassDecriptor
                0x00003784       0x40 .\CortexM3\ARM_GCC_493\Debug\freesoc.a(USBUART_hid.o)
                0x00003784                USBUART_FindHidClassDecriptor
 .text.USBUART_FindReportDescriptor
                0x000037c4       0x48 .\CortexM3\ARM_GCC_493\Debug\freesoc.a(USBUART_hid.o)
                0x000037c4                USBUART_FindReportDescriptor
 .text.USBUART_FindReport
                0x0000380c       0x7c .\CortexM3\ARM_GCC_493\Debug\freesoc.a(USBUART_hid.o)
                0x0000380c                USBUART_FindReport
 .text.USBUART_DispatchHIDClassRqst
                0x00003888      0x184 .\CortexM3\ARM_GCC_493\Debug\freesoc.a(USBUART_hid.o)
                0x00003888                USBUART_DispatchHIDClassRqst
 .text.USBUART_DP_ISR
                0x00003a0c        0x8 .\CortexM3\ARM_GCC_493\Debug\freesoc.a(USBUART_pm.o)
                0x00003a0c                USBUART_DP_ISR
 .text.USBUART_ReadDieID
                0x00003a14       0x6c .\CortexM3\ARM_GCC_493\Debug\freesoc.a(USBUART_std.o)
                0x00003a14                USBUART_ReadDieID
 .text.USBUART_ConfigReg
                0x00003a80       0xa4 .\CortexM3\ARM_GCC_493\Debug\freesoc.a(USBUART_std.o)
                0x00003a80                USBUART_ConfigReg
 .text.USBUART_GetConfigTablePtr
                0x00003b24       0x28 .\CortexM3\ARM_GCC_493\Debug\freesoc.a(USBUART_std.o)
                0x00003b24                USBUART_GetConfigTablePtr
 .text.USBUART_ConfigAltChanged
                0x00003b4c      0x11c .\CortexM3\ARM_GCC_493\Debug\freesoc.a(USBUART_std.o)
                0x00003b4c                USBUART_ConfigAltChanged
 .text.USBUART_GetDeviceTablePtr
                0x00003c68       0x18 .\CortexM3\ARM_GCC_493\Debug\freesoc.a(USBUART_std.o)
                0x00003c68                USBUART_GetDeviceTablePtr
 .text.USBUART_GetInterfaceClassTablePtr
                0x00003c80       0x24 .\CortexM3\ARM_GCC_493\Debug\freesoc.a(USBUART_std.o)
                0x00003c80                USBUART_GetInterfaceClassTablePtr
 .text.USBUART_Config
                0x00003ca4      0x1dc .\CortexM3\ARM_GCC_493\Debug\freesoc.a(USBUART_std.o)
                0x00003ca4                USBUART_Config
 .text.USBUART_SetEndpointHalt
                0x00003e80       0x64 .\CortexM3\ARM_GCC_493\Debug\freesoc.a(USBUART_std.o)
                0x00003e80                USBUART_SetEndpointHalt
 .text.USBUART_ClearEndpointHalt
                0x00003ee4       0xa8 .\CortexM3\ARM_GCC_493\Debug\freesoc.a(USBUART_std.o)
                0x00003ee4                USBUART_ClearEndpointHalt
 .text.USBUART_ValidateAlternateSetting
                0x00003f8c       0x4c .\CortexM3\ARM_GCC_493\Debug\freesoc.a(USBUART_std.o)
                0x00003f8c                USBUART_ValidateAlternateSetting
 .text.USBUART_HandleStandardRqst
                0x00003fd8      0x35c .\CortexM3\ARM_GCC_493\Debug\freesoc.a(USBUART_std.o)
                0x00003fd8                USBUART_HandleStandardRqst
 .text.USBUART_HandleVendorRqst
                0x00004334       0x3c .\CortexM3\ARM_GCC_493\Debug\freesoc.a(USBUART_vnd.o)
                0x00004334                USBUART_HandleVendorRqst
 .text.USBUART_Dp_ClearInterrupt
                0x00004370       0x10 .\CortexM3\ARM_GCC_493\Debug\freesoc.a(USBUART_Dp.o)
                0x00004370                USBUART_Dp_ClearInterrupt
 .text.CyFlashGetSpcAlgorithm
                0x00004380       0x4c .\CortexM3\ARM_GCC_493\Debug\freesoc.a(CyFlash.o)
 .text.CySetTempInt
                0x000043cc       0x60 .\CortexM3\ARM_GCC_493\Debug\freesoc.a(CyFlash.o)
 .text.CySetTemp
                0x0000442c       0x14 .\CortexM3\ARM_GCC_493\Debug\freesoc.a(CyFlash.o)
                0x0000442c                CySetTemp
 .text.CyEEPROM_Start
                0x00004440       0x54 .\CortexM3\ARM_GCC_493\Debug\freesoc.a(CyFlash.o)
                0x00004440                CyEEPROM_Start
 .text.CySpcStart
                0x00004494       0x24 .\CortexM3\ARM_GCC_493\Debug\freesoc.a(CySpc.o)
                0x00004494                CySpcStart
 .text.CySpcReadData
                0x000044b8       0x34 .\CortexM3\ARM_GCC_493\Debug\freesoc.a(CySpc.o)
                0x000044b8                CySpcReadData
 .text.CySpcGetTemp
                0x000044ec       0x3c .\CortexM3\ARM_GCC_493\Debug\freesoc.a(CySpc.o)
                0x000044ec                CySpcGetTemp
 .text.CySpcLock
                0x00004528       0x4c .\CortexM3\ARM_GCC_493\Debug\freesoc.a(CySpc.o)
                0x00004528                CySpcLock
 .text.CySpcUnlock
                0x00004574       0x38 .\CortexM3\ARM_GCC_493\Debug\freesoc.a(CySpc.o)
                0x00004574                CySpcUnlock
 .text.CySpcGetAlgorithm
                0x000045ac       0x28 .\CortexM3\ARM_GCC_493\Debug\freesoc.a(CySpc.o)
                0x000045ac                CySpcGetAlgorithm
 .text.USBUART_DispatchClassRqst
                0x000045d4       0x60 .\CortexM3\ARM_GCC_493\Debug\freesoc.a(USBUART_cls.o)
                0x000045d4                USBUART_DispatchClassRqst
 .text.cos      0x00004634       0x90 c:/program files (x86)/cypress/psoc creator/3.3/psoc creator/import/gnu/arm/4.9.3/bin/../lib/gcc/arm-none-eabi/4.9.3/../../../../arm-none-eabi/lib/armv7-m\libm.a(lib_a-s_cos.o)
                0x00004634                cos
 .text.sin      0x000046c4       0x94 c:/program files (x86)/cypress/psoc creator/3.3/psoc creator/import/gnu/arm/4.9.3/bin/../lib/gcc/arm-none-eabi/4.9.3/../../../../arm-none-eabi/lib/armv7-m\libm.a(lib_a-s_sin.o)
                0x000046c4                sin
 .text.pow      0x00004758      0x2f0 c:/program files (x86)/cypress/psoc creator/3.3/psoc creator/import/gnu/arm/4.9.3/bin/../lib/gcc/arm-none-eabi/4.9.3/../../../../arm-none-eabi/lib/armv7-m\libm.a(lib_a-w_pow.o)
                0x00004758                pow
 .text.__ieee754_pow
                0x00004a48      0xaa0 c:/program files (x86)/cypress/psoc creator/3.3/psoc creator/import/gnu/arm/4.9.3/bin/../lib/gcc/arm-none-eabi/4.9.3/../../../../arm-none-eabi/lib/armv7-m\libm.a(lib_a-e_pow.o)
                0x00004a48                __ieee754_pow
 .text.__ieee754_rem_pio2
                0x000054e8      0x428 c:/program files (x86)/cypress/psoc creator/3.3/psoc creator/import/gnu/arm/4.9.3/bin/../lib/gcc/arm-none-eabi/4.9.3/../../../../arm-none-eabi/lib/armv7-m\libm.a(lib_a-e_rem_pio2.o)
                0x000054e8                __ieee754_rem_pio2
 .text.__ieee754_sqrt
                0x00005910      0x18c c:/program files (x86)/cypress/psoc creator/3.3/psoc creator/import/gnu/arm/4.9.3/bin/../lib/gcc/arm-none-eabi/4.9.3/../../../../arm-none-eabi/lib/armv7-m\libm.a(lib_a-e_sqrt.o)
                0x00005910                __ieee754_sqrt
 *fill*         0x00005a9c        0x4 
 .text.__kernel_cos
                0x00005aa0      0x248 c:/program files (x86)/cypress/psoc creator/3.3/psoc creator/import/gnu/arm/4.9.3/bin/../lib/gcc/arm-none-eabi/4.9.3/../../../../arm-none-eabi/lib/armv7-m\libm.a(lib_a-k_cos.o)
                0x00005aa0                __kernel_cos
 .text.__kernel_rem_pio2
                0x00005ce8      0x808 c:/program files (x86)/cypress/psoc creator/3.3/psoc creator/import/gnu/arm/4.9.3/bin/../lib/gcc/arm-none-eabi/4.9.3/../../../../arm-none-eabi/lib/armv7-m\libm.a(lib_a-k_rem_pio2.o)
                0x00005ce8                __kernel_rem_pio2
 .text.__kernel_sin
                0x000064f0      0x170 c:/program files (x86)/cypress/psoc creator/3.3/psoc creator/import/gnu/arm/4.9.3/bin/../lib/gcc/arm-none-eabi/4.9.3/../../../../arm-none-eabi/lib/armv7-m\libm.a(lib_a-k_sin.o)
                0x000064f0                __kernel_sin
 .text.fabs     0x00006660        0x8 c:/program files (x86)/cypress/psoc creator/3.3/psoc creator/import/gnu/arm/4.9.3/bin/../lib/gcc/arm-none-eabi/4.9.3/../../../../arm-none-eabi/lib/armv7-m\libm.a(lib_a-s_fabs.o)
                0x00006660                fabs
 .text.finite   0x00006668        0xc c:/program files (x86)/cypress/psoc creator/3.3/psoc creator/import/gnu/arm/4.9.3/bin/../lib/gcc/arm-none-eabi/4.9.3/../../../../arm-none-eabi/lib/armv7-m\libm.a(lib_a-s_finite.o)
                0x00006668                finite
 *fill*         0x00006674        0x4 
 .text.floor    0x00006678      0x118 c:/program files (x86)/cypress/psoc creator/3.3/psoc creator/import/gnu/arm/4.9.3/bin/../lib/gcc/arm-none-eabi/4.9.3/../../../../arm-none-eabi/lib/armv7-m\libm.a(lib_a-s_floor.o)
                0x00006678                floor
 .text.__fpclassifyd
                0x00006790       0x58 c:/program files (x86)/cypress/psoc creator/3.3/psoc creator/import/gnu/arm/4.9.3/bin/../lib/gcc/arm-none-eabi/4.9.3/../../../../arm-none-eabi/lib/armv7-m\libm.a(lib_a-s_fpclassify.o)
                0x00006790                __fpclassifyd
 .text.matherr  0x000067e8        0x4 c:/program files (x86)/cypress/psoc creator/3.3/psoc creator/import/gnu/arm/4.9.3/bin/../lib/gcc/arm-none-eabi/4.9.3/../../../../arm-none-eabi/lib/armv7-m\libm.a(lib_a-s_matherr.o)
                0x000067e8                matherr
 .text.nan      0x000067ec        0xc c:/program files (x86)/cypress/psoc creator/3.3/psoc creator/import/gnu/arm/4.9.3/bin/../lib/gcc/arm-none-eabi/4.9.3/../../../../arm-none-eabi/lib/armv7-m\libm.a(lib_a-s_nan.o)
                0x000067ec                nan
 .text.rint     0x000067f8      0x11c c:/program files (x86)/cypress/psoc creator/3.3/psoc creator/import/gnu/arm/4.9.3/bin/../lib/gcc/arm-none-eabi/4.9.3/../../../../arm-none-eabi/lib/armv7-m\libm.a(lib_a-s_rint.o)
                0x000067f8                rint
 *fill*         0x00006914        0x4 
 .text.scalbn   0x00006918       0xf0 c:/program files (x86)/cypress/psoc creator/3.3/psoc creator/import/gnu/arm/4.9.3/bin/../lib/gcc/arm-none-eabi/4.9.3/../../../../arm-none-eabi/lib/armv7-m\libm.a(lib_a-s_scalbn.o)
                0x00006918                scalbn
 .text.copysign
                0x00006a08       0x10 c:/program files (x86)/cypress/psoc creator/3.3/psoc creator/import/gnu/arm/4.9.3/bin/../lib/gcc/arm-none-eabi/4.9.3/../../../../arm-none-eabi/lib/armv7-m\libm.a(lib_a-s_copysign.o)
                0x00006a08                copysign
 .text          0x00006a18      0x370 c:/program files (x86)/cypress/psoc creator/3.3/psoc creator/import/gnu/arm/4.9.3/bin/../lib/gcc/arm-none-eabi/4.9.3/armv7-m\libgcc.a(_arm_addsubdf3.o)
                0x00006a18                __aeabi_drsub
                0x00006a20                __aeabi_dsub
                0x00006a20                __subdf3
                0x00006a24                __aeabi_dadd
                0x00006a24                __adddf3
                0x00006c9c                __floatunsidf
                0x00006c9c                __aeabi_ui2d
                0x00006cbc                __floatsidf
                0x00006cbc                __aeabi_i2d
                0x00006ce0                __aeabi_f2d
                0x00006ce0                __extendsfdf2
                0x00006d1c                __floatundidf
                0x00006d1c                __aeabi_ul2d
                0x00006d2c                __floatdidf
                0x00006d2c                __aeabi_l2d
 .text          0x00006d88      0x424 c:/program files (x86)/cypress/psoc creator/3.3/psoc creator/import/gnu/arm/4.9.3/bin/../lib/gcc/arm-none-eabi/4.9.3/armv7-m\libgcc.a(_arm_muldivdf3.o)
                0x00006d88                __aeabi_dmul
                0x00006d88                __muldf3
                0x00006fdc                __divdf3
                0x00006fdc                __aeabi_ddiv
 .text          0x000071ac      0x110 c:/program files (x86)/cypress/psoc creator/3.3/psoc creator/import/gnu/arm/4.9.3/bin/../lib/gcc/arm-none-eabi/4.9.3/armv7-m\libgcc.a(_arm_cmpdf2.o)
                0x000071ac                __gtdf2
                0x000071ac                __gedf2
                0x000071b4                __ltdf2
                0x000071b4                __ledf2
                0x000071bc                __nedf2
                0x000071bc                __eqdf2
                0x000071bc                __cmpdf2
                0x00007238                __aeabi_cdrcmple
                0x00007248                __aeabi_cdcmpeq
                0x00007248                __aeabi_cdcmple
                0x00007258                __aeabi_dcmpeq
                0x0000726c                __aeabi_dcmplt
                0x00007280                __aeabi_dcmple
                0x00007294                __aeabi_dcmpge
                0x000072a8                __aeabi_dcmpgt
 .text          0x000072bc       0x50 c:/program files (x86)/cypress/psoc creator/3.3/psoc creator/import/gnu/arm/4.9.3/bin/../lib/gcc/arm-none-eabi/4.9.3/armv7-m\libgcc.a(_arm_fixdfsi.o)
                0x000072bc                __aeabi_d2iz
                0x000072bc                __fixdfsi
 .text          0x0000730c       0x40 c:/program files (x86)/cypress/psoc creator/3.3/psoc creator/import/gnu/arm/4.9.3/bin/../lib/gcc/arm-none-eabi/4.9.3/armv7-m\libgcc.a(_arm_fixunsdfsi.o)
                0x0000730c                __aeabi_d2uiz
                0x0000730c                __fixunsdfsi
 .text          0x0000734c       0xa0 c:/program files (x86)/cypress/psoc creator/3.3/psoc creator/import/gnu/arm/4.9.3/bin/../lib/gcc/arm-none-eabi/4.9.3/armv7-m\libgcc.a(_arm_truncdfsf2.o)
                0x0000734c                __truncdfsf2
                0x0000734c                __aeabi_d2f
 .text          0x000073ec      0x21c c:/program files (x86)/cypress/psoc creator/3.3/psoc creator/import/gnu/arm/4.9.3/bin/../lib/gcc/arm-none-eabi/4.9.3/armv7-m\libgcc.a(_arm_addsubsf3.o)
                0x000073ec                __aeabi_frsub
                0x000073f4                __subsf3
                0x000073f4                __aeabi_fsub
                0x000073f8                __aeabi_fadd
                0x000073f8                __addsf3
                0x00007558                __aeabi_ui2f
                0x00007558                __floatunsisf
                0x00007560                __aeabi_i2f
                0x00007560                __floatsisf
                0x0000757c                __aeabi_ul2f
                0x0000757c                __floatundisf
                0x0000758c                __aeabi_l2f
                0x0000758c                __floatdisf
 .text          0x00007608      0x2a0 c:/program files (x86)/cypress/psoc creator/3.3/psoc creator/import/gnu/arm/4.9.3/bin/../lib/gcc/arm-none-eabi/4.9.3/armv7-m\libgcc.a(_arm_muldivsf3.o)
                0x00007608                __mulsf3
                0x00007608                __aeabi_fmul
                0x00007770                __aeabi_fdiv
                0x00007770                __divsf3
 .text          0x000078a8       0xec c:/program files (x86)/cypress/psoc creator/3.3/psoc creator/import/gnu/arm/4.9.3/bin/../lib/gcc/arm-none-eabi/4.9.3/armv7-m\libgcc.a(_arm_cmpsf2.o)
                0x000078a8                __gesf2
                0x000078a8                __gtsf2
                0x000078b0                __lesf2
                0x000078b0                __ltsf2
                0x000078b8                __nesf2
                0x000078b8                __eqsf2
                0x000078b8                __cmpsf2
                0x00007918                __aeabi_cfrcmple
                0x00007920                __aeabi_cfcmpeq
                0x00007920                __aeabi_cfcmple
                0x00007930                __aeabi_fcmpeq
                0x00007944                __aeabi_fcmplt
                0x00007958                __aeabi_fcmple
                0x0000796c                __aeabi_fcmpge
                0x00007980                __aeabi_fcmpgt
 .text          0x00007994       0x4c c:/program files (x86)/cypress/psoc creator/3.3/psoc creator/import/gnu/arm/4.9.3/bin/../lib/gcc/arm-none-eabi/4.9.3/armv7-m\libgcc.a(_arm_fixsfsi.o)
                0x00007994                __aeabi_f2iz
                0x00007994                __fixsfsi
 .text.atof     0x000079e0        0x6 c:/program files (x86)/cypress/psoc creator/3.3/psoc creator/import/gnu/arm/4.9.3/bin/../lib/gcc/arm-none-eabi/4.9.3/../../../../arm-none-eabi/lib/armv7-m\libg_nano.a(lib_a-atof.o)
                0x000079e0                atof
 *fill*         0x000079e6        0x2 
 .text.__errno  0x000079e8        0xc c:/program files (x86)/cypress/psoc creator/3.3/psoc creator/import/gnu/arm/4.9.3/bin/../lib/gcc/arm-none-eabi/4.9.3/../../../../arm-none-eabi/lib/armv7-m\libg_nano.a(lib_a-errno.o)
                0x000079e8                __errno
 .text.__libc_init_array
                0x000079f4       0x4c c:/program files (x86)/cypress/psoc creator/3.3/psoc creator/import/gnu/arm/4.9.3/bin/../lib/gcc/arm-none-eabi/4.9.3/../../../../arm-none-eabi/lib/armv7-m\libg_nano.a(lib_a-init.o)
                0x000079f4                __libc_init_array
 .text.__itoa   0x00007a40       0x2e c:/program files (x86)/cypress/psoc creator/3.3/psoc creator/import/gnu/arm/4.9.3/bin/../lib/gcc/arm-none-eabi/4.9.3/../../../../arm-none-eabi/lib/armv7-m\libg_nano.a(lib_a-itoa.o)
                0x00007a40                __itoa
 .text.itoa     0x00007a6e        0x4 c:/program files (x86)/cypress/psoc creator/3.3/psoc creator/import/gnu/arm/4.9.3/bin/../lib/gcc/arm-none-eabi/4.9.3/../../../../arm-none-eabi/lib/armv7-m\libg_nano.a(lib_a-itoa.o)
                0x00007a6e                itoa
 .text.memcpy   0x00007a72       0x16 c:/program files (x86)/cypress/psoc creator/3.3/psoc creator/import/gnu/arm/4.9.3/bin/../lib/gcc/arm-none-eabi/4.9.3/../../../../arm-none-eabi/lib/armv7-m\libg_nano.a(lib_a-memcpy.o)
                0x00007a72                memcpy
 .text.memset   0x00007a88       0x10 c:/program files (x86)/cypress/psoc creator/3.3/psoc creator/import/gnu/arm/4.9.3/bin/../lib/gcc/arm-none-eabi/4.9.3/../../../../arm-none-eabi/lib/armv7-m\libg_nano.a(lib_a-memset.o)
                0x00007a88                memset
 .text.__cvt    0x00007a98       0xbc c:/program files (x86)/cypress/psoc creator/3.3/psoc creator/import/gnu/arm/4.9.3/bin/../lib/gcc/arm-none-eabi/4.9.3/../../../../arm-none-eabi/lib/armv7-m\libg_nano.a(lib_a-nano-vfprintf_float.o)
                0x00007a98                __cvt
 .text.__exponent
                0x00007b54       0x62 c:/program files (x86)/cypress/psoc creator/3.3/psoc creator/import/gnu/arm/4.9.3/bin/../lib/gcc/arm-none-eabi/4.9.3/../../../../arm-none-eabi/lib/armv7-m\libg_nano.a(lib_a-nano-vfprintf_float.o)
                0x00007b54                __exponent
 *fill*         0x00007bb6        0x2 
 .text._printf_float
                0x00007bb8      0x48c c:/program files (x86)/cypress/psoc creator/3.3/psoc creator/import/gnu/arm/4.9.3/bin/../lib/gcc/arm-none-eabi/4.9.3/../../../../arm-none-eabi/lib/armv7-m\libg_nano.a(lib_a-nano-vfprintf_float.o)
                0x00007bb8                _printf_float
 .text._printf_common
                0x00008044       0xea c:/program files (x86)/cypress/psoc creator/3.3/psoc creator/import/gnu/arm/4.9.3/bin/../lib/gcc/arm-none-eabi/4.9.3/../../../../arm-none-eabi/lib/armv7-m\libg_nano.a(lib_a-nano-vfprintf_i.o)
                0x00008044                _printf_common
 *fill*         0x0000812e        0x2 
 .text._printf_i
                0x00008130      0x240 c:/program files (x86)/cypress/psoc creator/3.3/psoc creator/import/gnu/arm/4.9.3/bin/../lib/gcc/arm-none-eabi/4.9.3/../../../../arm-none-eabi/lib/armv7-m\libg_nano.a(lib_a-nano-vfprintf_i.o)
                0x00008130                _printf_i
 .text.snprintf
                0x00008370       0x64 c:/program files (x86)/cypress/psoc creator/3.3/psoc creator/import/gnu/arm/4.9.3/bin/../lib/gcc/arm-none-eabi/4.9.3/../../../../arm-none-eabi/lib/armv7-m\libg_nano.a(lib_a-snprintf.o)
                0x00008370                sniprintf
                0x00008370                snprintf
 .text.sprintf  0x000083d4       0x48 c:/program files (x86)/cypress/psoc creator/3.3/psoc creator/import/gnu/arm/4.9.3/bin/../lib/gcc/arm-none-eabi/4.9.3/../../../../arm-none-eabi/lib/armv7-m\libg_nano.a(lib_a-sprintf.o)
                0x000083d4                siprintf
                0x000083d4                sprintf
 .text.strlen   0x0000841c       0x10 c:/program files (x86)/cypress/psoc creator/3.3/psoc creator/import/gnu/arm/4.9.3/bin/../lib/gcc/arm-none-eabi/4.9.3/../../../../arm-none-eabi/lib/armv7-m\libg_nano.a(lib_a-strlen.o)
                0x0000841c                strlen
 .text.match    0x0000842c       0x26 c:/program files (x86)/cypress/psoc creator/3.3/psoc creator/import/gnu/arm/4.9.3/bin/../lib/gcc/arm-none-eabi/4.9.3/../../../../arm-none-eabi/lib/armv7-m\libg_nano.a(lib_a-strtod.o)
 .text.sulp     0x00008452       0x42 c:/program files (x86)/cypress/psoc creator/3.3/psoc creator/import/gnu/arm/4.9.3/bin/../lib/gcc/arm-none-eabi/4.9.3/../../../../arm-none-eabi/lib/armv7-m\libg_nano.a(lib_a-strtod.o)
 *fill*         0x00008494        0x4 
 .text._strtod_r
                0x00008498      0xc40 c:/program files (x86)/cypress/psoc creator/3.3/psoc creator/import/gnu/arm/4.9.3/bin/../lib/gcc/arm-none-eabi/4.9.3/../../../../arm-none-eabi/lib/armv7-m\libg_nano.a(lib_a-strtod.o)
                0x00008498                _strtod_r
 .text.strtod   0x000090d8       0x14 c:/program files (x86)/cypress/psoc creator/3.3/psoc creator/import/gnu/arm/4.9.3/bin/../lib/gcc/arm-none-eabi/4.9.3/../../../../arm-none-eabi/lib/armv7-m\libg_nano.a(lib_a-strtod.o)
                0x000090d8                strtod
 .text.__utoa   0x000090ec       0x78 c:/program files (x86)/cypress/psoc creator/3.3/psoc creator/import/gnu/arm/4.9.3/bin/../lib/gcc/arm-none-eabi/4.9.3/../../../../arm-none-eabi/lib/armv7-m\libg_nano.a(lib_a-utoa.o)
                0x000090ec                __utoa
 .text.quorem   0x00009164      0x114 c:/program files (x86)/cypress/psoc creator/3.3/psoc creator/import/gnu/arm/4.9.3/bin/../lib/gcc/arm-none-eabi/4.9.3/../../../../arm-none-eabi/lib/armv7-m\libg_nano.a(lib_a-dtoa.o)
 .text._dtoa_r  0x00009278      0xb78 c:/program files (x86)/cypress/psoc creator/3.3/psoc creator/import/gnu/arm/4.9.3/bin/../lib/gcc/arm-none-eabi/4.9.3/../../../../arm-none-eabi/lib/armv7-m\libg_nano.a(lib_a-dtoa.o)
                0x00009278                _dtoa_r
 .text.rshift   0x00009df0       0x6c c:/program files (x86)/cypress/psoc creator/3.3/psoc creator/import/gnu/arm/4.9.3/bin/../lib/gcc/arm-none-eabi/4.9.3/../../../../arm-none-eabi/lib/armv7-m\libg_nano.a(lib_a-gdtoa-gethex.o)
 .text.__hexdig_fun
                0x00009e5c       0x2a c:/program files (x86)/cypress/psoc creator/3.3/psoc creator/import/gnu/arm/4.9.3/bin/../lib/gcc/arm-none-eabi/4.9.3/../../../../arm-none-eabi/lib/armv7-m\libg_nano.a(lib_a-gdtoa-gethex.o)
                0x00009e5c                __hexdig_fun
 .text.__gethex
                0x00009e86      0x44a c:/program files (x86)/cypress/psoc creator/3.3/psoc creator/import/gnu/arm/4.9.3/bin/../lib/gcc/arm-none-eabi/4.9.3/../../../../arm-none-eabi/lib/armv7-m\libg_nano.a(lib_a-gdtoa-gethex.o)
                0x00009e86                __gethex
 .text.L_shift  0x0000a2d0       0x24 c:/program files (x86)/cypress/psoc creator/3.3/psoc creator/import/gnu/arm/4.9.3/bin/../lib/gcc/arm-none-eabi/4.9.3/../../../../arm-none-eabi/lib/armv7-m\libg_nano.a(lib_a-gdtoa-hexnan.o)
 .text.__hexnan
                0x0000a2f4      0x114 c:/program files (x86)/cypress/psoc creator/3.3/psoc creator/import/gnu/arm/4.9.3/bin/../lib/gcc/arm-none-eabi/4.9.3/../../../../arm-none-eabi/lib/armv7-m\libg_nano.a(lib_a-gdtoa-hexnan.o)
                0x0000a2f4                __hexnan
 .text._localeconv_r
                0x0000a408        0x8 c:/program files (x86)/cypress/psoc creator/3.3/psoc creator/import/gnu/arm/4.9.3/bin/../lib/gcc/arm-none-eabi/4.9.3/../../../../arm-none-eabi/lib/armv7-m\libg_nano.a(lib_a-locale.o)
                0x0000a408                _localeconv_r
 .text.malloc   0x0000a410       0x10 c:/program files (x86)/cypress/psoc creator/3.3/psoc creator/import/gnu/arm/4.9.3/bin/../lib/gcc/arm-none-eabi/4.9.3/../../../../arm-none-eabi/lib/armv7-m\libg_nano.a(lib_a-malloc.o)
                0x0000a410                malloc
 .text.memchr   0x0000a420       0x1c c:/program files (x86)/cypress/psoc creator/3.3/psoc creator/import/gnu/arm/4.9.3/bin/../lib/gcc/arm-none-eabi/4.9.3/../../../../arm-none-eabi/lib/armv7-m\libg_nano.a(lib_a-memchr.o)
                0x0000a420                memchr
 .text.memmove  0x0000a43c       0x36 c:/program files (x86)/cypress/psoc creator/3.3/psoc creator/import/gnu/arm/4.9.3/bin/../lib/gcc/arm-none-eabi/4.9.3/../../../../arm-none-eabi/lib/armv7-m\libg_nano.a(lib_a-memmove.o)
                0x0000a43c                memmove
 .text._Balloc  0x0000a472       0x6a c:/program files (x86)/cypress/psoc creator/3.3/psoc creator/import/gnu/arm/4.9.3/bin/../lib/gcc/arm-none-eabi/4.9.3/../../../../arm-none-eabi/lib/armv7-m\libg_nano.a(lib_a-mprec.o)
                0x0000a472                _Balloc
 .text._Bfree   0x0000a4dc       0x2e c:/program files (x86)/cypress/psoc creator/3.3/psoc creator/import/gnu/arm/4.9.3/bin/../lib/gcc/arm-none-eabi/4.9.3/../../../../arm-none-eabi/lib/armv7-m\libg_nano.a(lib_a-mprec.o)
                0x0000a4dc                _Bfree
 .text.__multadd
                0x0000a50a       0x7c c:/program files (x86)/cypress/psoc creator/3.3/psoc creator/import/gnu/arm/4.9.3/bin/../lib/gcc/arm-none-eabi/4.9.3/../../../../arm-none-eabi/lib/armv7-m\libg_nano.a(lib_a-mprec.o)
                0x0000a50a                __multadd
 .text.__s2b    0x0000a586       0x80 c:/program files (x86)/cypress/psoc creator/3.3/psoc creator/import/gnu/arm/4.9.3/bin/../lib/gcc/arm-none-eabi/4.9.3/../../../../arm-none-eabi/lib/armv7-m\libg_nano.a(lib_a-mprec.o)
                0x0000a586                __s2b
 .text.__hi0bits
                0x0000a606       0x40 c:/program files (x86)/cypress/psoc creator/3.3/psoc creator/import/gnu/arm/4.9.3/bin/../lib/gcc/arm-none-eabi/4.9.3/../../../../arm-none-eabi/lib/armv7-m\libg_nano.a(lib_a-mprec.o)
                0x0000a606                __hi0bits
 .text.__lo0bits
                0x0000a646       0x5a c:/program files (x86)/cypress/psoc creator/3.3/psoc creator/import/gnu/arm/4.9.3/bin/../lib/gcc/arm-none-eabi/4.9.3/../../../../arm-none-eabi/lib/armv7-m\libg_nano.a(lib_a-mprec.o)
                0x0000a646                __lo0bits
 .text.__i2b    0x0000a6a0       0x12 c:/program files (x86)/cypress/psoc creator/3.3/psoc creator/import/gnu/arm/4.9.3/bin/../lib/gcc/arm-none-eabi/4.9.3/../../../../arm-none-eabi/lib/armv7-m\libg_nano.a(lib_a-mprec.o)
                0x0000a6a0                __i2b
 .text.__multiply
                0x0000a6b2      0x120 c:/program files (x86)/cypress/psoc creator/3.3/psoc creator/import/gnu/arm/4.9.3/bin/../lib/gcc/arm-none-eabi/4.9.3/../../../../arm-none-eabi/lib/armv7-m\libg_nano.a(lib_a-mprec.o)
                0x0000a6b2                __multiply
 *fill*         0x0000a7d2        0x2 
 .text.__pow5mult
                0x0000a7d4       0x9c c:/program files (x86)/cypress/psoc creator/3.3/psoc creator/import/gnu/arm/4.9.3/bin/../lib/gcc/arm-none-eabi/4.9.3/../../../../arm-none-eabi/lib/armv7-m\libg_nano.a(lib_a-mprec.o)
                0x0000a7d4                __pow5mult
 .text.__lshift
                0x0000a870       0xa6 c:/program files (x86)/cypress/psoc creator/3.3/psoc creator/import/gnu/arm/4.9.3/bin/../lib/gcc/arm-none-eabi/4.9.3/../../../../arm-none-eabi/lib/armv7-m\libg_nano.a(lib_a-mprec.o)
                0x0000a870                __lshift
 .text.__mcmp   0x0000a916       0x38 c:/program files (x86)/cypress/psoc creator/3.3/psoc creator/import/gnu/arm/4.9.3/bin/../lib/gcc/arm-none-eabi/4.9.3/../../../../arm-none-eabi/lib/armv7-m\libg_nano.a(lib_a-mprec.o)
                0x0000a916                __mcmp
 .text.__mdiff  0x0000a94e       0xbe c:/program files (x86)/cypress/psoc creator/3.3/psoc creator/import/gnu/arm/4.9.3/bin/../lib/gcc/arm-none-eabi/4.9.3/../../../../arm-none-eabi/lib/armv7-m\libg_nano.a(lib_a-mprec.o)
                0x0000a94e                __mdiff
 .text.__ulp    0x0000aa0c       0x48 c:/program files (x86)/cypress/psoc creator/3.3/psoc creator/import/gnu/arm/4.9.3/bin/../lib/gcc/arm-none-eabi/4.9.3/../../../../arm-none-eabi/lib/armv7-m\libg_nano.a(lib_a-mprec.o)
                0x0000aa0c                __ulp
 .text.__b2d    0x0000aa54       0x9e c:/program files (x86)/cypress/psoc creator/3.3/psoc creator/import/gnu/arm/4.9.3/bin/../lib/gcc/arm-none-eabi/4.9.3/../../../../arm-none-eabi/lib/armv7-m\libg_nano.a(lib_a-mprec.o)
                0x0000aa54                __b2d
 .text.__d2b    0x0000aaf2       0xa4 c:/program files (x86)/cypress/psoc creator/3.3/psoc creator/import/gnu/arm/4.9.3/bin/../lib/gcc/arm-none-eabi/4.9.3/../../../../arm-none-eabi/lib/armv7-m\libg_nano.a(lib_a-mprec.o)
                0x0000aaf2                __d2b
 .text.__ratio  0x0000ab96       0x50 c:/program files (x86)/cypress/psoc creator/3.3/psoc creator/import/gnu/arm/4.9.3/bin/../lib/gcc/arm-none-eabi/4.9.3/../../../../arm-none-eabi/lib/armv7-m\libg_nano.a(lib_a-mprec.o)
                0x0000ab96                __ratio
 .text.__copybits
                0x0000abe6       0x34 c:/program files (x86)/cypress/psoc creator/3.3/psoc creator/import/gnu/arm/4.9.3/bin/../lib/gcc/arm-none-eabi/4.9.3/../../../../arm-none-eabi/lib/armv7-m\libg_nano.a(lib_a-mprec.o)
                0x0000abe6                __copybits
 .text.__any_on
                0x0000ac1a       0x44 c:/program files (x86)/cypress/psoc creator/3.3/psoc creator/import/gnu/arm/4.9.3/bin/../lib/gcc/arm-none-eabi/4.9.3/../../../../arm-none-eabi/lib/armv7-m\libg_nano.a(lib_a-mprec.o)
                0x0000ac1a                __any_on
 .text._calloc_r
                0x0000ac5e       0x1c c:/program files (x86)/cypress/psoc creator/3.3/psoc creator/import/gnu/arm/4.9.3/bin/../lib/gcc/arm-none-eabi/4.9.3/../../../../arm-none-eabi/lib/armv7-m\libg_nano.a(lib_a-nano-callocr.o)
                0x0000ac5e                _calloc_r
 *fill*         0x0000ac7a        0x2 
 .text._free_r  0x0000ac7c       0x88 c:/program files (x86)/cypress/psoc creator/3.3/psoc creator/import/gnu/arm/4.9.3/bin/../lib/gcc/arm-none-eabi/4.9.3/../../../../arm-none-eabi/lib/armv7-m\libg_nano.a(lib_a-nano-freer.o)
                0x0000ac7c                _free_r
 .text._malloc_r
                0x0000ad04       0xac c:/program files (x86)/cypress/psoc creator/3.3/psoc creator/import/gnu/arm/4.9.3/bin/../lib/gcc/arm-none-eabi/4.9.3/../../../../arm-none-eabi/lib/armv7-m\libg_nano.a(lib_a-nano-mallocr.o)
                0x0000ad04                _malloc_r
 .text._realloc_r
                0x0000adb0       0x4c c:/program files (x86)/cypress/psoc creator/3.3/psoc creator/import/gnu/arm/4.9.3/bin/../lib/gcc/arm-none-eabi/4.9.3/../../../../arm-none-eabi/lib/armv7-m\libg_nano.a(lib_a-nano-reallocr.o)
                0x0000adb0                _realloc_r
 .text.__ssputs_r
                0x0000adfc       0xb2 c:/program files (x86)/cypress/psoc creator/3.3/psoc creator/import/gnu/arm/4.9.3/bin/../lib/gcc/arm-none-eabi/4.9.3/../../../../arm-none-eabi/lib/armv7-m\libg_nano.a(lib_a-nano-svfprintf.o)
                0x0000adfc                __ssputs_r
 *fill*         0x0000aeae        0x2 
 .text._svfprintf_r
                0x0000aeb0      0x1e4 c:/program files (x86)/cypress/psoc creator/3.3/psoc creator/import/gnu/arm/4.9.3/bin/../lib/gcc/arm-none-eabi/4.9.3/../../../../arm-none-eabi/lib/armv7-m\libg_nano.a(lib_a-nano-svfprintf.o)
                0x0000aeb0                _svfiprintf_r
                0x0000aeb0                _svfprintf_r
 .text._sbrk_r  0x0000b094       0x20 c:/program files (x86)/cypress/psoc creator/3.3/psoc creator/import/gnu/arm/4.9.3/bin/../lib/gcc/arm-none-eabi/4.9.3/../../../../arm-none-eabi/lib/armv7-m\libg_nano.a(lib_a-sbrkr.o)
                0x0000b094                _sbrk_r
 .text.strncmp  0x0000b0b4       0x32 c:/program files (x86)/cypress/psoc creator/3.3/psoc creator/import/gnu/arm/4.9.3/bin/../lib/gcc/arm-none-eabi/4.9.3/../../../../arm-none-eabi/lib/armv7-m\libg_nano.a(lib_a-strncmp.o)
                0x0000b0b4                strncmp
 .text._malloc_usable_size_r
                0x0000b0e6       0x14 c:/program files (x86)/cypress/psoc creator/3.3/psoc creator/import/gnu/arm/4.9.3/bin/../lib/gcc/arm-none-eabi/4.9.3/../../../../arm-none-eabi/lib/armv7-m\libg_nano.a(lib_a-nano-msizer.o)
                0x0000b0e6                _malloc_usable_size_r
 *(.plt)
 *(.gnu.warning)
 *(.glue_7t)
 .glue_7t       0x00000000        0x0 linker stubs
 *(.glue_7)
 .glue_7        0x00000000        0x0 linker stubs
 *(.vfp11_veneer)
 .vfp11_veneer  0x00000000        0x0 linker stubs
 *(.bootloader)
 *(.ARM.extab* .gnu.linkonce.armextab.*)
 *(.gcc_except_table)

.v4_bx          0x0000b0fc        0x0
 .v4_bx         0x00000000        0x0 linker stubs

.iplt           0x0000b0fc        0x0
 .iplt          0x00000000        0x0 c:/program files (x86)/cypress/psoc creator/3.3/psoc creator/import/gnu/arm/4.9.3/bin/../lib/gcc/arm-none-eabi/4.9.3/armv7-m/crtbegin.o

.eh_frame_hdr
 *(.eh_frame_hdr)

.eh_frame       0x0000b0fc        0x4
 *(.eh_frame)
 .eh_frame      0x0000b0fc        0x0 c:/program files (x86)/cypress/psoc creator/3.3/psoc creator/import/gnu/arm/4.9.3/bin/../lib/gcc/arm-none-eabi/4.9.3/armv7-m/crtbegin.o
 .eh_frame      0x0000b0fc        0x0 c:/program files (x86)/cypress/psoc creator/3.3/psoc creator/import/gnu/arm/4.9.3/bin/../lib/gcc/arm-none-eabi/4.9.3/../../../../arm-none-eabi/lib/armv7-m\libg_nano.a(lib_a-strcmp.o)
                                 0x28 (size before relaxing)
 .eh_frame      0x0000b0fc        0x4 c:/program files (x86)/cypress/psoc creator/3.3/psoc creator/import/gnu/arm/4.9.3/bin/../lib/gcc/arm-none-eabi/4.9.3/armv7-m/crtend.o
                0x0000b100                PROVIDE (__exidx_start, .)

.ARM.exidx
 *(.ARM.exidx* .gnu.linkonce.armexidx.*)
                0x0000b100                __exidx_end = .

.rodata         0x0000b100     0x1058
 *(.rodata .rodata.* .gnu.linkonce.r.*)
 .rodata.str1.4
                0x0000b100       0x69 .\CortexM3\ARM_GCC_493\Debug\main.o
                                 0x6c (size before relaxing)
 *fill*         0x0000b169        0x3 
 .rodata.str1.4
                0x0000b16c      0x514 .\CortexM3\ARM_GCC_493\Debug\cal.o
                                0x518 (size before relaxing)
 .rodata.str1.4
                0x0000b680        0xd .\CortexM3\ARM_GCC_493\Debug\control.o
                                 0x10 (size before relaxing)
 *fill*         0x0000b68d        0x3 
 .rodata.str1.4
                0x0000b690       0x18 .\CortexM3\ARM_GCC_493\Debug\encoder.o
 .rodata.str1.4
                0x0000b6a8        0xd .\CortexM3\ARM_GCC_493\Debug\motor.o
                                 0x10 (size before relaxing)
 *fill*         0x0000b6b5        0x3 
 .rodata.str1.4
                0x0000b6b8       0x20 .\CortexM3\ARM_GCC_493\Debug\odom.o
 .rodata.str1.4
                0x0000b6d8       0x1a .\CortexM3\ARM_GCC_493\Debug\serial.o
                                 0x1c (size before relaxing)
 *fill*         0x0000b6f2        0x2 
 .rodata.str1.4
                0x0000b6f4      0x13d .\CortexM3\ARM_GCC_493\Debug\calpid.o
                                0x140 (size before relaxing)
 *fill*         0x0000b831        0x3 
 .rodata.str1.4
                0x0000b834      0x255 .\CortexM3\ARM_GCC_493\Debug\calmotor.o
                                0x25c (size before relaxing)
 *fill*         0x0000ba89        0x3 
 .rodata.str1.4
                0x0000ba8c       0x1c .\CortexM3\ARM_GCC_493\Debug\pidutil.o
 .rodata        0x0000baa8       0x38 .\CortexM3\ARM_GCC_493\Debug\freesoc.a(cyfitter_cfg.o)
 .rodata.str1.4
                0x0000bae0       0x11 .\CortexM3\ARM_GCC_493\Debug\freesoc.a(USBUART_std.o)
                                 0x14 (size before relaxing)
 *fill*         0x0000baf1        0x3 
 .rodata        0x0000baf4      0x1d4 .\CortexM3\ARM_GCC_493\Debug\freesoc.a(USBUART_descr.o)
                0x0000baf4                USBUART_MSOS_CONFIGURATION_DESCR
                0x0000bb1c                USBUART_MSOS_DESCRIPTOR
                0x0000bb30                USBUART_TABLE
                0x0000bb38                USBUART_DEVICE0_TABLE
                0x0000bb50                USBUART_DEVICE0_CONFIGURATION0_TABLE
                0x0000bb78                USBUART_DEVICE0_CONFIGURATION0_INTERFACE_CLASS
                0x0000bb7c                USBUART_DEVICE0_CONFIGURATION0_EP_SETTINGS_TABLE
                0x0000bb94                USBUART_HIDREPORT_DESCRIPTOR1
                0x0000bbcc                USBUART_SN_STRING_DESCRIPTOR
                0x0000bbd0                USBUART_STRING_DESCRIPTORS
                0x0000bc70                USBUART_DEVICE0_CONFIGURATION0_DESCR
                0x0000bcb4                USBUART_DEVICE0_DESCR
 .rodata.str1.4
                0x0000bcc8        0x4 c:/program files (x86)/cypress/psoc creator/3.3/psoc creator/import/gnu/arm/4.9.3/bin/../lib/gcc/arm-none-eabi/4.9.3/../../../../arm-none-eabi/lib/armv7-m\libm.a(lib_a-w_pow.o)
 *fill*         0x0000bccc        0x4 
 .rodata.dp_h   0x0000bcd0       0x10 c:/program files (x86)/cypress/psoc creator/3.3/psoc creator/import/gnu/arm/4.9.3/bin/../lib/gcc/arm-none-eabi/4.9.3/../../../../arm-none-eabi/lib/armv7-m\libm.a(lib_a-e_pow.o)
 .rodata.dp_l   0x0000bce0       0x10 c:/program files (x86)/cypress/psoc creator/3.3/psoc creator/import/gnu/arm/4.9.3/bin/../lib/gcc/arm-none-eabi/4.9.3/../../../../arm-none-eabi/lib/armv7-m\libm.a(lib_a-e_pow.o)
 .rodata.bp     0x0000bcf0       0x10 c:/program files (x86)/cypress/psoc creator/3.3/psoc creator/import/gnu/arm/4.9.3/bin/../lib/gcc/arm-none-eabi/4.9.3/../../../../arm-none-eabi/lib/armv7-m\libm.a(lib_a-e_pow.o)
 .rodata.str1.4
                0x00000000        0x4 c:/program files (x86)/cypress/psoc creator/3.3/psoc creator/import/gnu/arm/4.9.3/bin/../lib/gcc/arm-none-eabi/4.9.3/../../../../arm-none-eabi/lib/armv7-m\libm.a(lib_a-e_pow.o)
 .rodata.npio2_hw
                0x0000bd00       0x80 c:/program files (x86)/cypress/psoc creator/3.3/psoc creator/import/gnu/arm/4.9.3/bin/../lib/gcc/arm-none-eabi/4.9.3/../../../../arm-none-eabi/lib/armv7-m\libm.a(lib_a-e_rem_pio2.o)
 .rodata.two_over_pi
                0x0000bd80      0x108 c:/program files (x86)/cypress/psoc creator/3.3/psoc creator/import/gnu/arm/4.9.3/bin/../lib/gcc/arm-none-eabi/4.9.3/../../../../arm-none-eabi/lib/armv7-m\libm.a(lib_a-e_rem_pio2.o)
 .rodata.init_jk
                0x0000be88       0x10 c:/program files (x86)/cypress/psoc creator/3.3/psoc creator/import/gnu/arm/4.9.3/bin/../lib/gcc/arm-none-eabi/4.9.3/../../../../arm-none-eabi/lib/armv7-m\libm.a(lib_a-k_rem_pio2.o)
 .rodata.PIo2   0x0000be98       0x40 c:/program files (x86)/cypress/psoc creator/3.3/psoc creator/import/gnu/arm/4.9.3/bin/../lib/gcc/arm-none-eabi/4.9.3/../../../../arm-none-eabi/lib/armv7-m\libm.a(lib_a-k_rem_pio2.o)
 .rodata.TWO52  0x0000bed8       0x10 c:/program files (x86)/cypress/psoc creator/3.3/psoc creator/import/gnu/arm/4.9.3/bin/../lib/gcc/arm-none-eabi/4.9.3/../../../../arm-none-eabi/lib/armv7-m\libm.a(lib_a-s_rint.o)
 .rodata.str1.1
                0x0000bee8        0x2 c:/program files (x86)/cypress/psoc creator/3.3/psoc creator/import/gnu/arm/4.9.3/bin/../lib/gcc/arm-none-eabi/4.9.3/../../../../arm-none-eabi/lib/armv7-m\libg_nano.a(lib_a-impure.o)
 .rodata.str1.1
                0x0000beea       0x12 c:/program files (x86)/cypress/psoc creator/3.3/psoc creator/import/gnu/arm/4.9.3/bin/../lib/gcc/arm-none-eabi/4.9.3/../../../../arm-none-eabi/lib/armv7-m\libg_nano.a(lib_a-nano-vfprintf_float.o)
 .rodata.str1.1
                0x0000befc       0x22 c:/program files (x86)/cypress/psoc creator/3.3/psoc creator/import/gnu/arm/4.9.3/bin/../lib/gcc/arm-none-eabi/4.9.3/../../../../arm-none-eabi/lib/armv7-m\libg_nano.a(lib_a-nano-vfprintf_i.o)
 *fill*         0x0000bf1e        0x2 
 .rodata.fpinan.5309
                0x0000bf20       0x14 c:/program files (x86)/cypress/psoc creator/3.3/psoc creator/import/gnu/arm/4.9.3/bin/../lib/gcc/arm-none-eabi/4.9.3/../../../../arm-none-eabi/lib/armv7-m\libg_nano.a(lib_a-strtod.o)
 .rodata.str1.1
                0x00000000       0x22 c:/program files (x86)/cypress/psoc creator/3.3/psoc creator/import/gnu/arm/4.9.3/bin/../lib/gcc/arm-none-eabi/4.9.3/../../../../arm-none-eabi/lib/armv7-m\libg_nano.a(lib_a-strtod.o)
                                  0xc (size before relaxing)
 *fill*         0x0000bf34        0x4 
 .rodata.tinytens
                0x0000bf38       0x28 c:/program files (x86)/cypress/psoc creator/3.3/psoc creator/import/gnu/arm/4.9.3/bin/../lib/gcc/arm-none-eabi/4.9.3/../../../../arm-none-eabi/lib/armv7-m\libg_nano.a(lib_a-strtod.o)
 .rodata.fpi.5273
                0x0000bf60       0x14 c:/program files (x86)/cypress/psoc creator/3.3/psoc creator/import/gnu/arm/4.9.3/bin/../lib/gcc/arm-none-eabi/4.9.3/../../../../arm-none-eabi/lib/armv7-m\libg_nano.a(lib_a-strtod.o)
 .rodata.str1.1
                0x0000bf74       0x25 c:/program files (x86)/cypress/psoc creator/3.3/psoc creator/import/gnu/arm/4.9.3/bin/../lib/gcc/arm-none-eabi/4.9.3/../../../../arm-none-eabi/lib/armv7-m\libg_nano.a(lib_a-utoa.o)
 .rodata.str1.1
                0x0000bf99        0xd c:/program files (x86)/cypress/psoc creator/3.3/psoc creator/import/gnu/arm/4.9.3/bin/../lib/gcc/arm-none-eabi/4.9.3/../../../../arm-none-eabi/lib/armv7-m\libg_nano.a(lib_a-dtoa.o)
                                  0xf (size before relaxing)
 *fill*         0x0000bfa6        0x2 
 .rodata.__sf_fake_stdin
                0x0000bfa8       0x20 c:/program files (x86)/cypress/psoc creator/3.3/psoc creator/import/gnu/arm/4.9.3/bin/../lib/gcc/arm-none-eabi/4.9.3/../../../../arm-none-eabi/lib/armv7-m\libg_nano.a(lib_a-findfp.o)
                0x0000bfa8                __sf_fake_stdin
 .rodata.__sf_fake_stdout
                0x0000bfc8       0x20 c:/program files (x86)/cypress/psoc creator/3.3/psoc creator/import/gnu/arm/4.9.3/bin/../lib/gcc/arm-none-eabi/4.9.3/../../../../arm-none-eabi/lib/armv7-m\libg_nano.a(lib_a-findfp.o)
                0x0000bfc8                __sf_fake_stdout
 .rodata.__sf_fake_stderr
                0x0000bfe8       0x20 c:/program files (x86)/cypress/psoc creator/3.3/psoc creator/import/gnu/arm/4.9.3/bin/../lib/gcc/arm-none-eabi/4.9.3/../../../../arm-none-eabi/lib/armv7-m\libg_nano.a(lib_a-findfp.o)
                0x0000bfe8                __sf_fake_stderr
 .rodata.str1.1
                0x0000c008        0x8 c:/program files (x86)/cypress/psoc creator/3.3/psoc creator/import/gnu/arm/4.9.3/bin/../lib/gcc/arm-none-eabi/4.9.3/../../../../arm-none-eabi/lib/armv7-m\libg_nano.a(lib_a-locale.o)
                                  0xb (size before relaxing)
 .rodata.__mprec_tens
                0x0000c010       0xc8 c:/program files (x86)/cypress/psoc creator/3.3/psoc creator/import/gnu/arm/4.9.3/bin/../lib/gcc/arm-none-eabi/4.9.3/../../../../arm-none-eabi/lib/armv7-m\libg_nano.a(lib_a-mprec.o)
                0x0000c010                __mprec_tens
 .rodata.__mprec_bigtens
                0x0000c0d8       0x28 c:/program files (x86)/cypress/psoc creator/3.3/psoc creator/import/gnu/arm/4.9.3/bin/../lib/gcc/arm-none-eabi/4.9.3/../../../../arm-none-eabi/lib/armv7-m\libg_nano.a(lib_a-mprec.o)
                0x0000c0d8                __mprec_bigtens
 .rodata.p05.5308
                0x0000c100        0xc c:/program files (x86)/cypress/psoc creator/3.3/psoc creator/import/gnu/arm/4.9.3/bin/../lib/gcc/arm-none-eabi/4.9.3/../../../../arm-none-eabi/lib/armv7-m\libg_nano.a(lib_a-mprec.o)
 .rodata.str1.1
                0x0000c10c       0x11 c:/program files (x86)/cypress/psoc creator/3.3/psoc creator/import/gnu/arm/4.9.3/bin/../lib/gcc/arm-none-eabi/4.9.3/../../../../arm-none-eabi/lib/armv7-m\libg_nano.a(lib_a-nano-svfprintf.o)
                0x0000c120                . = ALIGN (0x4)
 *fill*         0x0000c11d        0x3 
 *(.init)
 .init          0x0000c120        0x4 c:/program files (x86)/cypress/psoc creator/3.3/psoc creator/import/gnu/arm/4.9.3/bin/../lib/gcc/arm-none-eabi/4.9.3/armv7-m/crti.o
                0x0000c120                _init
 .init          0x0000c124        0x8 c:/program files (x86)/cypress/psoc creator/3.3/psoc creator/import/gnu/arm/4.9.3/bin/../lib/gcc/arm-none-eabi/4.9.3/armv7-m/crtn.o
                0x0000c12c                . = ALIGN (0x4)
                0x0000c12c                __preinit_array_start = .
 *(.preinit_array)
                0x0000c12c                __preinit_array_end = .
                0x0000c12c                . = ALIGN (0x4)
                0x0000c12c                __init_array_start = .
 *(SORT(.init_array.*))
 *(.init_array)
 .init_array    0x0000c12c        0x4 c:/program files (x86)/cypress/psoc creator/3.3/psoc creator/import/gnu/arm/4.9.3/bin/../lib/gcc/arm-none-eabi/4.9.3/armv7-m/crtbegin.o
 .init_array    0x0000c130        0x4 .\CortexM3\ARM_GCC_493\Debug\Cm3Start.o
                0x0000c134                __init_array_end = .
                0x0000c134                . = ALIGN (0x4)
 *(.fini)
 .fini          0x0000c134        0x4 c:/program files (x86)/cypress/psoc creator/3.3/psoc creator/import/gnu/arm/4.9.3/bin/../lib/gcc/arm-none-eabi/4.9.3/armv7-m/crti.o
                0x0000c134                _fini
 .fini          0x0000c138        0x8 c:/program files (x86)/cypress/psoc creator/3.3/psoc creator/import/gnu/arm/4.9.3/bin/../lib/gcc/arm-none-eabi/4.9.3/armv7-m/crtn.o
                0x0000c140                . = ALIGN (0x4)
                0x0000c140                __fini_array_start = .
 *(.fini_array)
 .fini_array    0x0000c140        0x4 c:/program files (x86)/cypress/psoc creator/3.3/psoc creator/import/gnu/arm/4.9.3/bin/../lib/gcc/arm-none-eabi/4.9.3/armv7-m/crtbegin.o
 *(SORT(.fini_array.*))
                0x0000c144                __fini_array_end = .
                0x0000c144                . = ALIGN (0x4)
 *crtbegin.o(.ctors)
 *(EXCLUDE_FILE(*crtend.o) .ctors)
 *(SORT(.ctors.*))
 *crtend.o(.ctors)
                0x0000c144                . = ALIGN (0x4)
 *crtbegin.o(.dtors)
 *(EXCLUDE_FILE(*crtend.o) .dtors)
 *(SORT(.dtors.*))
 *crtend.o(.dtors)
                0x0000c144                . = ALIGN (0x4)
                0x0000c144                __cy_regions = .
                0x0000c144        0x4 LONG 0xc158 __cy_region_init_ram