ARM GAS  C:\Users\Tim\AppData\Local\Temp\ccUXgZbJ.s 			page 1


   1              		.syntax unified
   2              		.cpu cortex-m3
   3              		.fpu softvfp
   4              		.eabi_attribute 20, 1
   5              		.eabi_attribute 21, 1
   6              		.eabi_attribute 23, 3
   7              		.eabi_attribute 24, 1
   8              		.eabi_attribute 25, 1
   9              		.eabi_attribute 26, 1
  10              		.eabi_attribute 30, 1
  11              		.eabi_attribute 34, 1
  12              		.eabi_attribute 18, 4
  13              		.thumb
  14              		.file	"SPIM_INT.c"
  15              		.text
  16              	.Ltext0:
  17              		.cfi_sections	.debug_frame
  18              		.section	.text.SPIM_TX_ISR,"ax",%progbits
  19              		.align	2
  20              		.global	SPIM_TX_ISR
  21              		.thumb
  22              		.thumb_func
  23              		.type	SPIM_TX_ISR, %function
  24              	SPIM_TX_ISR:
  25              	.LFB0:
  26              		.file 1 ".\\Generated_Source\\PSoC5\\SPIM_INT.c"
   1:.\Generated_Source\PSoC5/SPIM_INT.c **** /*******************************************************************************
   2:.\Generated_Source\PSoC5/SPIM_INT.c **** * File Name: SPIM_INT.c
   3:.\Generated_Source\PSoC5/SPIM_INT.c **** * Version 2.50
   4:.\Generated_Source\PSoC5/SPIM_INT.c **** *
   5:.\Generated_Source\PSoC5/SPIM_INT.c **** * Description:
   6:.\Generated_Source\PSoC5/SPIM_INT.c **** *  This file provides all Interrupt Service Routine (ISR) for the SPI Master
   7:.\Generated_Source\PSoC5/SPIM_INT.c **** *  component.
   8:.\Generated_Source\PSoC5/SPIM_INT.c **** *
   9:.\Generated_Source\PSoC5/SPIM_INT.c **** * Note:
  10:.\Generated_Source\PSoC5/SPIM_INT.c **** *  None.
  11:.\Generated_Source\PSoC5/SPIM_INT.c **** *
  12:.\Generated_Source\PSoC5/SPIM_INT.c **** ********************************************************************************
  13:.\Generated_Source\PSoC5/SPIM_INT.c **** * Copyright 2008-2015, Cypress Semiconductor Corporation.  All rights reserved.
  14:.\Generated_Source\PSoC5/SPIM_INT.c **** * You may use this file only in accordance with the license, terms, conditions,
  15:.\Generated_Source\PSoC5/SPIM_INT.c **** * disclaimers, and limitations in the end user license agreement accompanying
  16:.\Generated_Source\PSoC5/SPIM_INT.c **** * the software package with which this file was provided.
  17:.\Generated_Source\PSoC5/SPIM_INT.c **** *******************************************************************************/
  18:.\Generated_Source\PSoC5/SPIM_INT.c **** 
  19:.\Generated_Source\PSoC5/SPIM_INT.c **** #include "SPIM_PVT.h"
  20:.\Generated_Source\PSoC5/SPIM_INT.c **** #include "cyapicallbacks.h"
  21:.\Generated_Source\PSoC5/SPIM_INT.c **** 
  22:.\Generated_Source\PSoC5/SPIM_INT.c **** /* User code required at start of ISR */
  23:.\Generated_Source\PSoC5/SPIM_INT.c **** /* `#START SPIM_ISR_START_DEF` */
  24:.\Generated_Source\PSoC5/SPIM_INT.c **** 
  25:.\Generated_Source\PSoC5/SPIM_INT.c **** /* `#END` */
  26:.\Generated_Source\PSoC5/SPIM_INT.c **** 
  27:.\Generated_Source\PSoC5/SPIM_INT.c **** 
  28:.\Generated_Source\PSoC5/SPIM_INT.c **** /*******************************************************************************
  29:.\Generated_Source\PSoC5/SPIM_INT.c **** * Function Name: SPIM_TX_ISR
  30:.\Generated_Source\PSoC5/SPIM_INT.c **** ********************************************************************************
  31:.\Generated_Source\PSoC5/SPIM_INT.c **** *
ARM GAS  C:\Users\Tim\AppData\Local\Temp\ccUXgZbJ.s 			page 2


  32:.\Generated_Source\PSoC5/SPIM_INT.c **** * Summary:
  33:.\Generated_Source\PSoC5/SPIM_INT.c **** *  Interrupt Service Routine for TX portion of the SPI Master.
  34:.\Generated_Source\PSoC5/SPIM_INT.c **** *
  35:.\Generated_Source\PSoC5/SPIM_INT.c **** * Parameters:
  36:.\Generated_Source\PSoC5/SPIM_INT.c **** *  None.
  37:.\Generated_Source\PSoC5/SPIM_INT.c **** *
  38:.\Generated_Source\PSoC5/SPIM_INT.c **** * Return:
  39:.\Generated_Source\PSoC5/SPIM_INT.c **** *  None.
  40:.\Generated_Source\PSoC5/SPIM_INT.c **** *
  41:.\Generated_Source\PSoC5/SPIM_INT.c **** * Global variables:
  42:.\Generated_Source\PSoC5/SPIM_INT.c **** *  SPIM_txBufferWrite - used for the account of the bytes which
  43:.\Generated_Source\PSoC5/SPIM_INT.c **** *  have been written down in the TX software buffer.
  44:.\Generated_Source\PSoC5/SPIM_INT.c **** *  SPIM_txBufferRead - used for the account of the bytes which
  45:.\Generated_Source\PSoC5/SPIM_INT.c **** *  have been read from the TX software buffer, modified when exist data to
  46:.\Generated_Source\PSoC5/SPIM_INT.c **** *  sending and FIFO Not Full.
  47:.\Generated_Source\PSoC5/SPIM_INT.c **** *  SPIM_txBuffer[SPIM_TX_BUFFER_SIZE] - used to store
  48:.\Generated_Source\PSoC5/SPIM_INT.c **** *  data to sending.
  49:.\Generated_Source\PSoC5/SPIM_INT.c **** *  All described above Global variables are used when Software Buffer is used.
  50:.\Generated_Source\PSoC5/SPIM_INT.c **** *
  51:.\Generated_Source\PSoC5/SPIM_INT.c **** *******************************************************************************/
  52:.\Generated_Source\PSoC5/SPIM_INT.c **** CY_ISR(SPIM_TX_ISR)
  53:.\Generated_Source\PSoC5/SPIM_INT.c **** {
  27              		.loc 1 53 0
  28              		.cfi_startproc
  29              		@ args = 0, pretend = 0, frame = 0
  30              		@ frame_needed = 0, uses_anonymous_args = 0
  31              		@ link register save eliminated.
  32 0000 7047     		bx	lr
  33              		.cfi_endproc
  34              	.LFE0:
  35              		.size	SPIM_TX_ISR, .-SPIM_TX_ISR
  36 0002 00BF     		.section	.text.SPIM_RX_ISR,"ax",%progbits
  37              		.align	2
  38              		.global	SPIM_RX_ISR
  39              		.thumb
  40              		.thumb_func
  41              		.type	SPIM_RX_ISR, %function
  42              	SPIM_RX_ISR:
  43              	.LFB1:
  54:.\Generated_Source\PSoC5/SPIM_INT.c ****     #if(SPIM_TX_SOFTWARE_BUF_ENABLED)
  55:.\Generated_Source\PSoC5/SPIM_INT.c ****         uint8 tmpStatus;
  56:.\Generated_Source\PSoC5/SPIM_INT.c ****     #endif /* (SPIM_TX_SOFTWARE_BUF_ENABLED) */
  57:.\Generated_Source\PSoC5/SPIM_INT.c **** 
  58:.\Generated_Source\PSoC5/SPIM_INT.c ****     #ifdef SPIM_TX_ISR_ENTRY_CALLBACK
  59:.\Generated_Source\PSoC5/SPIM_INT.c ****         SPIM_TX_ISR_EntryCallback();
  60:.\Generated_Source\PSoC5/SPIM_INT.c ****     #endif /* SPIM_TX_ISR_ENTRY_CALLBACK */
  61:.\Generated_Source\PSoC5/SPIM_INT.c **** 
  62:.\Generated_Source\PSoC5/SPIM_INT.c ****     /* User code required at start of ISR */
  63:.\Generated_Source\PSoC5/SPIM_INT.c ****     /* `#START SPIM_TX_ISR_START` */
  64:.\Generated_Source\PSoC5/SPIM_INT.c **** 
  65:.\Generated_Source\PSoC5/SPIM_INT.c ****     /* `#END` */
  66:.\Generated_Source\PSoC5/SPIM_INT.c ****     
  67:.\Generated_Source\PSoC5/SPIM_INT.c ****     #if(SPIM_TX_SOFTWARE_BUF_ENABLED)
  68:.\Generated_Source\PSoC5/SPIM_INT.c ****         /* Check if TX data buffer is not empty and there is space in TX FIFO */
  69:.\Generated_Source\PSoC5/SPIM_INT.c ****         while(SPIM_txBufferRead != SPIM_txBufferWrite)
  70:.\Generated_Source\PSoC5/SPIM_INT.c ****         {
  71:.\Generated_Source\PSoC5/SPIM_INT.c ****             tmpStatus = SPIM_GET_STATUS_TX(SPIM_swStatusTx);
ARM GAS  C:\Users\Tim\AppData\Local\Temp\ccUXgZbJ.s 			page 3


  72:.\Generated_Source\PSoC5/SPIM_INT.c ****             SPIM_swStatusTx = tmpStatus;
  73:.\Generated_Source\PSoC5/SPIM_INT.c **** 
  74:.\Generated_Source\PSoC5/SPIM_INT.c ****             if(0u != (SPIM_swStatusTx & SPIM_STS_TX_FIFO_NOT_FULL))
  75:.\Generated_Source\PSoC5/SPIM_INT.c ****             {
  76:.\Generated_Source\PSoC5/SPIM_INT.c ****                 if(0u == SPIM_txBufferFull)
  77:.\Generated_Source\PSoC5/SPIM_INT.c ****                 {
  78:.\Generated_Source\PSoC5/SPIM_INT.c ****                    SPIM_txBufferRead++;
  79:.\Generated_Source\PSoC5/SPIM_INT.c **** 
  80:.\Generated_Source\PSoC5/SPIM_INT.c ****                     if(SPIM_txBufferRead >= SPIM_TX_BUFFER_SIZE)
  81:.\Generated_Source\PSoC5/SPIM_INT.c ****                     {
  82:.\Generated_Source\PSoC5/SPIM_INT.c ****                         SPIM_txBufferRead = 0u;
  83:.\Generated_Source\PSoC5/SPIM_INT.c ****                     }
  84:.\Generated_Source\PSoC5/SPIM_INT.c ****                 }
  85:.\Generated_Source\PSoC5/SPIM_INT.c ****                 else
  86:.\Generated_Source\PSoC5/SPIM_INT.c ****                 {
  87:.\Generated_Source\PSoC5/SPIM_INT.c ****                     SPIM_txBufferFull = 0u;
  88:.\Generated_Source\PSoC5/SPIM_INT.c ****                 }
  89:.\Generated_Source\PSoC5/SPIM_INT.c **** 
  90:.\Generated_Source\PSoC5/SPIM_INT.c ****                 /* Put data element into the TX FIFO */
  91:.\Generated_Source\PSoC5/SPIM_INT.c ****                 CY_SET_REG8(SPIM_TXDATA_PTR, 
  92:.\Generated_Source\PSoC5/SPIM_INT.c ****                                              SPIM_txBuffer[SPIM_txBufferRead]);
  93:.\Generated_Source\PSoC5/SPIM_INT.c ****             }
  94:.\Generated_Source\PSoC5/SPIM_INT.c ****             else
  95:.\Generated_Source\PSoC5/SPIM_INT.c ****             {
  96:.\Generated_Source\PSoC5/SPIM_INT.c ****                 break;
  97:.\Generated_Source\PSoC5/SPIM_INT.c ****             }
  98:.\Generated_Source\PSoC5/SPIM_INT.c ****         }
  99:.\Generated_Source\PSoC5/SPIM_INT.c **** 
 100:.\Generated_Source\PSoC5/SPIM_INT.c ****         if(SPIM_txBufferRead == SPIM_txBufferWrite)
 101:.\Generated_Source\PSoC5/SPIM_INT.c ****         {
 102:.\Generated_Source\PSoC5/SPIM_INT.c ****             /* TX Buffer is EMPTY: disable interrupt on TX NOT FULL */
 103:.\Generated_Source\PSoC5/SPIM_INT.c ****             SPIM_TX_STATUS_MASK_REG &= ((uint8) ~SPIM_STS_TX_FIFO_NOT_FULL);
 104:.\Generated_Source\PSoC5/SPIM_INT.c ****         }
 105:.\Generated_Source\PSoC5/SPIM_INT.c **** 
 106:.\Generated_Source\PSoC5/SPIM_INT.c ****     #endif /* (SPIM_TX_SOFTWARE_BUF_ENABLED) */
 107:.\Generated_Source\PSoC5/SPIM_INT.c **** 
 108:.\Generated_Source\PSoC5/SPIM_INT.c ****     /* User code required at end of ISR (Optional) */
 109:.\Generated_Source\PSoC5/SPIM_INT.c ****     /* `#START SPIM_TX_ISR_END` */
 110:.\Generated_Source\PSoC5/SPIM_INT.c **** 
 111:.\Generated_Source\PSoC5/SPIM_INT.c ****     /* `#END` */
 112:.\Generated_Source\PSoC5/SPIM_INT.c ****     
 113:.\Generated_Source\PSoC5/SPIM_INT.c ****     #ifdef SPIM_TX_ISR_EXIT_CALLBACK
 114:.\Generated_Source\PSoC5/SPIM_INT.c ****         SPIM_TX_ISR_ExitCallback();
 115:.\Generated_Source\PSoC5/SPIM_INT.c ****     #endif /* SPIM_TX_ISR_EXIT_CALLBACK */
 116:.\Generated_Source\PSoC5/SPIM_INT.c **** }
 117:.\Generated_Source\PSoC5/SPIM_INT.c **** 
 118:.\Generated_Source\PSoC5/SPIM_INT.c **** 
 119:.\Generated_Source\PSoC5/SPIM_INT.c **** /*******************************************************************************
 120:.\Generated_Source\PSoC5/SPIM_INT.c **** * Function Name: SPIM_RX_ISR
 121:.\Generated_Source\PSoC5/SPIM_INT.c **** ********************************************************************************
 122:.\Generated_Source\PSoC5/SPIM_INT.c **** *
 123:.\Generated_Source\PSoC5/SPIM_INT.c **** * Summary:
 124:.\Generated_Source\PSoC5/SPIM_INT.c **** *  Interrupt Service Routine for RX portion of the SPI Master.
 125:.\Generated_Source\PSoC5/SPIM_INT.c **** *
 126:.\Generated_Source\PSoC5/SPIM_INT.c **** * Parameters:
 127:.\Generated_Source\PSoC5/SPIM_INT.c **** *  None.
 128:.\Generated_Source\PSoC5/SPIM_INT.c **** *
ARM GAS  C:\Users\Tim\AppData\Local\Temp\ccUXgZbJ.s 			page 4


 129:.\Generated_Source\PSoC5/SPIM_INT.c **** * Return:
 130:.\Generated_Source\PSoC5/SPIM_INT.c **** *  None.
 131:.\Generated_Source\PSoC5/SPIM_INT.c **** *
 132:.\Generated_Source\PSoC5/SPIM_INT.c **** * Global variables:
 133:.\Generated_Source\PSoC5/SPIM_INT.c **** *  SPIM_rxBufferWrite - used for the account of the bytes which
 134:.\Generated_Source\PSoC5/SPIM_INT.c **** *  have been written down in the RX software buffer modified when FIFO contains
 135:.\Generated_Source\PSoC5/SPIM_INT.c **** *  new data.
 136:.\Generated_Source\PSoC5/SPIM_INT.c **** *  SPIM_rxBufferRead - used for the account of the bytes which
 137:.\Generated_Source\PSoC5/SPIM_INT.c **** *  have been read from the RX software buffer, modified when overflow occurred.
 138:.\Generated_Source\PSoC5/SPIM_INT.c **** *  SPIM_rxBuffer[SPIM_RX_BUFFER_SIZE] - used to store
 139:.\Generated_Source\PSoC5/SPIM_INT.c **** *  received data, modified when FIFO contains new data.
 140:.\Generated_Source\PSoC5/SPIM_INT.c **** *  All described above Global variables are used when Software Buffer is used.
 141:.\Generated_Source\PSoC5/SPIM_INT.c **** *
 142:.\Generated_Source\PSoC5/SPIM_INT.c **** *******************************************************************************/
 143:.\Generated_Source\PSoC5/SPIM_INT.c **** CY_ISR(SPIM_RX_ISR)
 144:.\Generated_Source\PSoC5/SPIM_INT.c **** {
  44              		.loc 1 144 0
  45              		.cfi_startproc
  46              		@ args = 0, pretend = 0, frame = 0
  47              		@ frame_needed = 0, uses_anonymous_args = 0
  48              		@ link register save eliminated.
 145:.\Generated_Source\PSoC5/SPIM_INT.c ****     #if(SPIM_RX_SOFTWARE_BUF_ENABLED)
 146:.\Generated_Source\PSoC5/SPIM_INT.c ****         uint8 tmpStatus;
 147:.\Generated_Source\PSoC5/SPIM_INT.c ****         uint8 rxData;
 148:.\Generated_Source\PSoC5/SPIM_INT.c ****     #endif /* (SPIM_RX_SOFTWARE_BUF_ENABLED) */
 149:.\Generated_Source\PSoC5/SPIM_INT.c **** 
 150:.\Generated_Source\PSoC5/SPIM_INT.c ****     #ifdef SPIM_RX_ISR_ENTRY_CALLBACK
 151:.\Generated_Source\PSoC5/SPIM_INT.c ****         SPIM_RX_ISR_EntryCallback();
 152:.\Generated_Source\PSoC5/SPIM_INT.c ****     #endif /* SPIM_RX_ISR_ENTRY_CALLBACK */
 153:.\Generated_Source\PSoC5/SPIM_INT.c **** 
 154:.\Generated_Source\PSoC5/SPIM_INT.c ****     /* User code required at start of ISR */
 155:.\Generated_Source\PSoC5/SPIM_INT.c ****     /* `#START SPIM_RX_ISR_START` */
 156:.\Generated_Source\PSoC5/SPIM_INT.c **** 
 157:.\Generated_Source\PSoC5/SPIM_INT.c ****     /* `#END` */
 158:.\Generated_Source\PSoC5/SPIM_INT.c ****     
 159:.\Generated_Source\PSoC5/SPIM_INT.c ****     #if(SPIM_RX_SOFTWARE_BUF_ENABLED)
 160:.\Generated_Source\PSoC5/SPIM_INT.c **** 
 161:.\Generated_Source\PSoC5/SPIM_INT.c ****         tmpStatus = SPIM_GET_STATUS_RX(SPIM_swStatusRx);
  49              		.loc 1 161 0
  50 0000 204B     		ldr	r3, .L8
  51 0002 1A78     		ldrb	r2, [r3]	@ zero_extendqisi2
  52 0004 2049     		ldr	r1, .L8+4
  53 0006 0B78     		ldrb	r3, [r1]	@ zero_extendqisi2
  54 0008 03F04003 		and	r3, r3, #64
  55 000c 1343     		orrs	r3, r3, r2
  56              	.LVL0:
 162:.\Generated_Source\PSoC5/SPIM_INT.c ****         SPIM_swStatusRx = tmpStatus;
  57              		.loc 1 162 0
  58 000e 0B70     		strb	r3, [r1]
 163:.\Generated_Source\PSoC5/SPIM_INT.c **** 
 164:.\Generated_Source\PSoC5/SPIM_INT.c ****         /* Check if RX data FIFO has some data to be moved into the RX Buffer */
 165:.\Generated_Source\PSoC5/SPIM_INT.c ****         while(0u != (SPIM_swStatusRx & SPIM_STS_RX_FIFO_NOT_EMPTY))
  59              		.loc 1 165 0
  60 0010 31E0     		b	.L3
  61              	.LVL1:
  62              	.L7:
 166:.\Generated_Source\PSoC5/SPIM_INT.c ****         {
ARM GAS  C:\Users\Tim\AppData\Local\Temp\ccUXgZbJ.s 			page 5


 167:.\Generated_Source\PSoC5/SPIM_INT.c ****             rxData = CY_GET_REG8(SPIM_RXDATA_PTR);
  63              		.loc 1 167 0
  64 0012 1E4B     		ldr	r3, .L8+8
  65 0014 1A78     		ldrb	r2, [r3]	@ zero_extendqisi2
  66 0016 D2B2     		uxtb	r2, r2
  67              	.LVL2:
 168:.\Generated_Source\PSoC5/SPIM_INT.c **** 
 169:.\Generated_Source\PSoC5/SPIM_INT.c ****             /* Set next pointer. */
 170:.\Generated_Source\PSoC5/SPIM_INT.c ****             SPIM_rxBufferWrite++;
  68              		.loc 1 170 0
  69 0018 1D49     		ldr	r1, .L8+12
  70              	.LVL3:
  71 001a 0B78     		ldrb	r3, [r1]	@ zero_extendqisi2
  72 001c 0133     		adds	r3, r3, #1
  73 001e DBB2     		uxtb	r3, r3
  74 0020 0B70     		strb	r3, [r1]
  75              	.LVL4:
 171:.\Generated_Source\PSoC5/SPIM_INT.c ****             if(SPIM_rxBufferWrite >= SPIM_RX_BUFFER_SIZE)
  76              		.loc 1 171 0
  77 0022 0B78     		ldrb	r3, [r1]	@ zero_extendqisi2
  78 0024 DBB2     		uxtb	r3, r3
  79 0026 0F2B     		cmp	r3, #15
  80 0028 02D9     		bls	.L4
 172:.\Generated_Source\PSoC5/SPIM_INT.c ****             {
 173:.\Generated_Source\PSoC5/SPIM_INT.c ****                 SPIM_rxBufferWrite = 0u;
  81              		.loc 1 173 0
  82 002a 0021     		movs	r1, #0
  83 002c 184B     		ldr	r3, .L8+12
  84 002e 1970     		strb	r1, [r3]
  85              	.L4:
 174:.\Generated_Source\PSoC5/SPIM_INT.c ****             }
 175:.\Generated_Source\PSoC5/SPIM_INT.c **** 
 176:.\Generated_Source\PSoC5/SPIM_INT.c ****             if(SPIM_rxBufferWrite == SPIM_rxBufferRead)
  86              		.loc 1 176 0
  87 0030 174B     		ldr	r3, .L8+12
  88 0032 1B78     		ldrb	r3, [r3]	@ zero_extendqisi2
  89 0034 1749     		ldr	r1, .L8+16
  90 0036 0978     		ldrb	r1, [r1]	@ zero_extendqisi2
  91 0038 DBB2     		uxtb	r3, r3
  92 003a 8B42     		cmp	r3, r1
  93 003c 0ED1     		bne	.L5
 177:.\Generated_Source\PSoC5/SPIM_INT.c ****             {
 178:.\Generated_Source\PSoC5/SPIM_INT.c ****                 SPIM_rxBufferRead++;
  94              		.loc 1 178 0
  95 003e 1549     		ldr	r1, .L8+16
  96 0040 0B78     		ldrb	r3, [r1]	@ zero_extendqisi2
  97 0042 0133     		adds	r3, r3, #1
  98 0044 DBB2     		uxtb	r3, r3
  99 0046 0B70     		strb	r3, [r1]
 179:.\Generated_Source\PSoC5/SPIM_INT.c ****                 if(SPIM_rxBufferRead >= SPIM_RX_BUFFER_SIZE)
 100              		.loc 1 179 0
 101 0048 0B78     		ldrb	r3, [r1]	@ zero_extendqisi2
 102 004a DBB2     		uxtb	r3, r3
 103 004c 0F2B     		cmp	r3, #15
 104 004e 02D9     		bls	.L6
 180:.\Generated_Source\PSoC5/SPIM_INT.c ****                 {
 181:.\Generated_Source\PSoC5/SPIM_INT.c ****                     SPIM_rxBufferRead = 0u;
ARM GAS  C:\Users\Tim\AppData\Local\Temp\ccUXgZbJ.s 			page 6


 105              		.loc 1 181 0
 106 0050 0021     		movs	r1, #0
 107 0052 104B     		ldr	r3, .L8+16
 108 0054 1970     		strb	r1, [r3]
 109              	.L6:
 182:.\Generated_Source\PSoC5/SPIM_INT.c ****                 }
 183:.\Generated_Source\PSoC5/SPIM_INT.c **** 
 184:.\Generated_Source\PSoC5/SPIM_INT.c ****                 SPIM_rxBufferFull = 1u;
 110              		.loc 1 184 0
 111 0056 0121     		movs	r1, #1
 112 0058 0F4B     		ldr	r3, .L8+20
 113 005a 1970     		strb	r1, [r3]
 114              	.L5:
 185:.\Generated_Source\PSoC5/SPIM_INT.c ****             }
 186:.\Generated_Source\PSoC5/SPIM_INT.c **** 
 187:.\Generated_Source\PSoC5/SPIM_INT.c ****             /* Move data from the FIFO to the Buffer */
 188:.\Generated_Source\PSoC5/SPIM_INT.c ****             SPIM_rxBuffer[SPIM_rxBufferWrite] = rxData;
 115              		.loc 1 188 0
 116 005c 0C4B     		ldr	r3, .L8+12
 117 005e 1B78     		ldrb	r3, [r3]	@ zero_extendqisi2
 118 0060 DBB2     		uxtb	r3, r3
 119 0062 0E49     		ldr	r1, .L8+24
 120 0064 CA54     		strb	r2, [r1, r3]
 189:.\Generated_Source\PSoC5/SPIM_INT.c **** 
 190:.\Generated_Source\PSoC5/SPIM_INT.c ****             tmpStatus = SPIM_GET_STATUS_RX(SPIM_swStatusRx);
 121              		.loc 1 190 0
 122 0066 074B     		ldr	r3, .L8
 123 0068 1A78     		ldrb	r2, [r3]	@ zero_extendqisi2
 124              	.LVL5:
 125 006a 0749     		ldr	r1, .L8+4
 126 006c 0B78     		ldrb	r3, [r1]	@ zero_extendqisi2
 127 006e 03F04003 		and	r3, r3, #64
 128 0072 1343     		orrs	r3, r3, r2
 129              	.LVL6:
 191:.\Generated_Source\PSoC5/SPIM_INT.c ****             SPIM_swStatusRx = tmpStatus;
 130              		.loc 1 191 0
 131 0074 0B70     		strb	r3, [r1]
 132              	.L3:
 165:.\Generated_Source\PSoC5/SPIM_INT.c ****         {
 133              		.loc 1 165 0
 134 0076 044B     		ldr	r3, .L8+4
 135              	.LVL7:
 136 0078 1B78     		ldrb	r3, [r3]	@ zero_extendqisi2
 137 007a 13F0200F 		tst	r3, #32
 138 007e C8D1     		bne	.L7
 192:.\Generated_Source\PSoC5/SPIM_INT.c ****         }
 193:.\Generated_Source\PSoC5/SPIM_INT.c **** 
 194:.\Generated_Source\PSoC5/SPIM_INT.c ****     #endif /* (SPIM_RX_SOFTWARE_BUF_ENABLED) */
 195:.\Generated_Source\PSoC5/SPIM_INT.c **** 
 196:.\Generated_Source\PSoC5/SPIM_INT.c ****     /* User code required at end of ISR (Optional) */
 197:.\Generated_Source\PSoC5/SPIM_INT.c ****     /* `#START SPIM_RX_ISR_END` */
 198:.\Generated_Source\PSoC5/SPIM_INT.c **** 
 199:.\Generated_Source\PSoC5/SPIM_INT.c ****     /* `#END` */
 200:.\Generated_Source\PSoC5/SPIM_INT.c ****     
 201:.\Generated_Source\PSoC5/SPIM_INT.c ****     #ifdef SPIM_RX_ISR_EXIT_CALLBACK
 202:.\Generated_Source\PSoC5/SPIM_INT.c ****         SPIM_RX_ISR_ExitCallback();
 203:.\Generated_Source\PSoC5/SPIM_INT.c ****     #endif /* SPIM_RX_ISR_EXIT_CALLBACK */
ARM GAS  C:\Users\Tim\AppData\Local\Temp\ccUXgZbJ.s 			page 7


 204:.\Generated_Source\PSoC5/SPIM_INT.c **** }
 139              		.loc 1 204 0
 140 0080 7047     		bx	lr
 141              	.L9:
 142 0082 00BF     		.align	2
 143              	.L8:
 144 0084 64640040 		.word	1073767524
 145 0088 00000000 		.word	SPIM_swStatusRx
 146 008c 57650040 		.word	1073767767
 147 0090 00000000 		.word	SPIM_rxBufferWrite
 148 0094 00000000 		.word	SPIM_rxBufferRead
 149 0098 00000000 		.word	SPIM_rxBufferFull
 150 009c 00000000 		.word	SPIM_rxBuffer
 151              		.cfi_endproc
 152              	.LFE1:
 153              		.size	SPIM_RX_ISR, .-SPIM_RX_ISR
 154              		.text
 155              	.Letext0:
 156              		.file 2 ".\\Generated_Source\\PSoC5\\cytypes.h"
 157              		.file 3 ".\\Generated_Source\\PSoC5\\SPIM_PVT.h"
 158              		.section	.debug_info,"",%progbits
 159              	.Ldebug_info0:
 160 0000 32010000 		.4byte	0x132
 161 0004 0400     		.2byte	0x4
 162 0006 00000000 		.4byte	.Ldebug_abbrev0
 163 000a 04       		.byte	0x4
 164 000b 01       		.uleb128 0x1
 165 000c 69000000 		.4byte	.LASF22
 166 0010 01       		.byte	0x1
 167 0011 D8010000 		.4byte	.LASF23
 168 0015 98010000 		.4byte	.LASF24
 169 0019 00000000 		.4byte	.Ldebug_ranges0+0
 170 001d 00000000 		.4byte	0
 171 0021 00000000 		.4byte	.Ldebug_line0
 172 0025 02       		.uleb128 0x2
 173 0026 01       		.byte	0x1
 174 0027 06       		.byte	0x6
 175 0028 8C010000 		.4byte	.LASF0
 176 002c 02       		.uleb128 0x2
 177 002d 01       		.byte	0x1
 178 002e 08       		.byte	0x8
 179 002f 05010000 		.4byte	.LASF1
 180 0033 02       		.uleb128 0x2
 181 0034 02       		.byte	0x2
 182 0035 05       		.byte	0x5
 183 0036 FC010000 		.4byte	.LASF2
 184 003a 02       		.uleb128 0x2
 185 003b 02       		.byte	0x2
 186 003c 07       		.byte	0x7
 187 003d 79010000 		.4byte	.LASF3
 188 0041 02       		.uleb128 0x2
 189 0042 04       		.byte	0x4
 190 0043 05       		.byte	0x5
 191 0044 2A010000 		.4byte	.LASF4
 192 0048 02       		.uleb128 0x2
 193 0049 04       		.byte	0x4
 194 004a 07       		.byte	0x7
ARM GAS  C:\Users\Tim\AppData\Local\Temp\ccUXgZbJ.s 			page 8


 195 004b 40000000 		.4byte	.LASF5
 196 004f 02       		.uleb128 0x2
 197 0050 08       		.byte	0x8
 198 0051 05       		.byte	0x5
 199 0052 00000000 		.4byte	.LASF6
 200 0056 02       		.uleb128 0x2
 201 0057 08       		.byte	0x8
 202 0058 07       		.byte	0x7
 203 0059 52000000 		.4byte	.LASF7
 204 005d 03       		.uleb128 0x3
 205 005e 04       		.byte	0x4
 206 005f 05       		.byte	0x5
 207 0060 696E7400 		.ascii	"int\000"
 208 0064 02       		.uleb128 0x2
 209 0065 04       		.byte	0x4
 210 0066 07       		.byte	0x7
 211 0067 0E000000 		.4byte	.LASF8
 212 006b 04       		.uleb128 0x4
 213 006c 3A000000 		.4byte	.LASF12
 214 0070 02       		.byte	0x2
 215 0071 3801     		.2byte	0x138
 216 0073 2C000000 		.4byte	0x2c
 217 0077 02       		.uleb128 0x2
 218 0078 04       		.byte	0x4
 219 0079 04       		.byte	0x4
 220 007a D2010000 		.4byte	.LASF9
 221 007e 02       		.uleb128 0x2
 222 007f 08       		.byte	0x8
 223 0080 04       		.byte	0x4
 224 0081 43010000 		.4byte	.LASF10
 225 0085 02       		.uleb128 0x2
 226 0086 01       		.byte	0x1
 227 0087 08       		.byte	0x8
 228 0088 13010000 		.4byte	.LASF11
 229 008c 04       		.uleb128 0x4
 230 008d 06020000 		.4byte	.LASF13
 231 0091 02       		.byte	0x2
 232 0092 E201     		.2byte	0x1e2
 233 0094 98000000 		.4byte	0x98
 234 0098 05       		.uleb128 0x5
 235 0099 6B000000 		.4byte	0x6b
 236 009d 02       		.uleb128 0x2
 237 009e 04       		.byte	0x4
 238 009f 07       		.byte	0x7
 239 00a0 0B020000 		.4byte	.LASF14
 240 00a4 06       		.uleb128 0x6
 241 00a5 22000000 		.4byte	.LASF25
 242 00a9 01       		.byte	0x1
 243 00aa 34       		.byte	0x34
 244 00ab 00000000 		.4byte	.LFB0
 245 00af 02000000 		.4byte	.LFE0-.LFB0
 246 00b3 01       		.uleb128 0x1
 247 00b4 9C       		.byte	0x9c
 248 00b5 07       		.uleb128 0x7
 249 00b6 2E000000 		.4byte	.LASF26
 250 00ba 01       		.byte	0x1
 251 00bb 8F       		.byte	0x8f
ARM GAS  C:\Users\Tim\AppData\Local\Temp\ccUXgZbJ.s 			page 9


 252 00bc 00000000 		.4byte	.LFB1
 253 00c0 A0000000 		.4byte	.LFE1-.LFB1
 254 00c4 01       		.uleb128 0x1
 255 00c5 9C       		.byte	0x9c
 256 00c6 E9000000 		.4byte	0xe9
 257 00ca 08       		.uleb128 0x8
 258 00cb 5D010000 		.4byte	.LASF15
 259 00cf 01       		.byte	0x1
 260 00d0 92       		.byte	0x92
 261 00d1 6B000000 		.4byte	0x6b
 262 00d5 00000000 		.4byte	.LLST0
 263 00d9 08       		.uleb128 0x8
 264 00da 1B000000 		.4byte	.LASF16
 265 00de 01       		.byte	0x1
 266 00df 93       		.byte	0x93
 267 00e0 6B000000 		.4byte	0x6b
 268 00e4 36000000 		.4byte	.LLST1
 269 00e8 00       		.byte	0
 270 00e9 09       		.uleb128 0x9
 271 00ea 33010000 		.4byte	.LASF17
 272 00ee 03       		.byte	0x3
 273 00ef 22       		.byte	0x22
 274 00f0 98000000 		.4byte	0x98
 275 00f4 0A       		.uleb128 0xa
 276 00f5 6B000000 		.4byte	0x6b
 277 00f9 04010000 		.4byte	0x104
 278 00fd 0B       		.uleb128 0xb
 279 00fe 9D000000 		.4byte	0x9d
 280 0102 0F       		.byte	0xf
 281 0103 00       		.byte	0
 282 0104 09       		.uleb128 0x9
 283 0105 F7000000 		.4byte	.LASF18
 284 0109 03       		.byte	0x3
 285 010a 2C       		.byte	0x2c
 286 010b 0F010000 		.4byte	0x10f
 287 010f 05       		.uleb128 0x5
 288 0110 F4000000 		.4byte	0xf4
 289 0114 09       		.uleb128 0x9
 290 0115 18010000 		.4byte	.LASF19
 291 0119 03       		.byte	0x3
 292 011a 2D       		.byte	0x2d
 293 011b 98000000 		.4byte	0x98
 294 011f 09       		.uleb128 0x9
 295 0120 4A010000 		.4byte	.LASF20
 296 0124 03       		.byte	0x3
 297 0125 2E       		.byte	0x2e
 298 0126 98000000 		.4byte	0x98
 299 012a 09       		.uleb128 0x9
 300 012b 67010000 		.4byte	.LASF21
 301 012f 03       		.byte	0x3
 302 0130 2F       		.byte	0x2f
 303 0131 98000000 		.4byte	0x98
 304 0135 00       		.byte	0
 305              		.section	.debug_abbrev,"",%progbits
 306              	.Ldebug_abbrev0:
 307 0000 01       		.uleb128 0x1
 308 0001 11       		.uleb128 0x11
ARM GAS  C:\Users\Tim\AppData\Local\Temp\ccUXgZbJ.s 			page 10


 309 0002 01       		.byte	0x1
 310 0003 25       		.uleb128 0x25
 311 0004 0E       		.uleb128 0xe
 312 0005 13       		.uleb128 0x13
 313 0006 0B       		.uleb128 0xb
 314 0007 03       		.uleb128 0x3
 315 0008 0E       		.uleb128 0xe
 316 0009 1B       		.uleb128 0x1b
 317 000a 0E       		.uleb128 0xe
 318 000b 55       		.uleb128 0x55
 319 000c 17       		.uleb128 0x17
 320 000d 11       		.uleb128 0x11
 321 000e 01       		.uleb128 0x1
 322 000f 10       		.uleb128 0x10
 323 0010 17       		.uleb128 0x17
 324 0011 00       		.byte	0
 325 0012 00       		.byte	0
 326 0013 02       		.uleb128 0x2
 327 0014 24       		.uleb128 0x24
 328 0015 00       		.byte	0
 329 0016 0B       		.uleb128 0xb
 330 0017 0B       		.uleb128 0xb
 331 0018 3E       		.uleb128 0x3e
 332 0019 0B       		.uleb128 0xb
 333 001a 03       		.uleb128 0x3
 334 001b 0E       		.uleb128 0xe
 335 001c 00       		.byte	0
 336 001d 00       		.byte	0
 337 001e 03       		.uleb128 0x3
 338 001f 24       		.uleb128 0x24
 339 0020 00       		.byte	0
 340 0021 0B       		.uleb128 0xb
 341 0022 0B       		.uleb128 0xb
 342 0023 3E       		.uleb128 0x3e
 343 0024 0B       		.uleb128 0xb
 344 0025 03       		.uleb128 0x3
 345 0026 08       		.uleb128 0x8
 346 0027 00       		.byte	0
 347 0028 00       		.byte	0
 348 0029 04       		.uleb128 0x4
 349 002a 16       		.uleb128 0x16
 350 002b 00       		.byte	0
 351 002c 03       		.uleb128 0x3
 352 002d 0E       		.uleb128 0xe
 353 002e 3A       		.uleb128 0x3a
 354 002f 0B       		.uleb128 0xb
 355 0030 3B       		.uleb128 0x3b
 356 0031 05       		.uleb128 0x5
 357 0032 49       		.uleb128 0x49
 358 0033 13       		.uleb128 0x13
 359 0034 00       		.byte	0
 360 0035 00       		.byte	0
 361 0036 05       		.uleb128 0x5
 362 0037 35       		.uleb128 0x35
 363 0038 00       		.byte	0
 364 0039 49       		.uleb128 0x49
 365 003a 13       		.uleb128 0x13
ARM GAS  C:\Users\Tim\AppData\Local\Temp\ccUXgZbJ.s 			page 11


 366 003b 00       		.byte	0
 367 003c 00       		.byte	0
 368 003d 06       		.uleb128 0x6
 369 003e 2E       		.uleb128 0x2e
 370 003f 00       		.byte	0
 371 0040 3F       		.uleb128 0x3f
 372 0041 19       		.uleb128 0x19
 373 0042 03       		.uleb128 0x3
 374 0043 0E       		.uleb128 0xe
 375 0044 3A       		.uleb128 0x3a
 376 0045 0B       		.uleb128 0xb
 377 0046 3B       		.uleb128 0x3b
 378 0047 0B       		.uleb128 0xb
 379 0048 27       		.uleb128 0x27
 380 0049 19       		.uleb128 0x19
 381 004a 11       		.uleb128 0x11
 382 004b 01       		.uleb128 0x1
 383 004c 12       		.uleb128 0x12
 384 004d 06       		.uleb128 0x6
 385 004e 40       		.uleb128 0x40
 386 004f 18       		.uleb128 0x18
 387 0050 9742     		.uleb128 0x2117
 388 0052 19       		.uleb128 0x19
 389 0053 00       		.byte	0
 390 0054 00       		.byte	0
 391 0055 07       		.uleb128 0x7
 392 0056 2E       		.uleb128 0x2e
 393 0057 01       		.byte	0x1
 394 0058 3F       		.uleb128 0x3f
 395 0059 19       		.uleb128 0x19
 396 005a 03       		.uleb128 0x3
 397 005b 0E       		.uleb128 0xe
 398 005c 3A       		.uleb128 0x3a
 399 005d 0B       		.uleb128 0xb
 400 005e 3B       		.uleb128 0x3b
 401 005f 0B       		.uleb128 0xb
 402 0060 27       		.uleb128 0x27
 403 0061 19       		.uleb128 0x19
 404 0062 11       		.uleb128 0x11
 405 0063 01       		.uleb128 0x1
 406 0064 12       		.uleb128 0x12
 407 0065 06       		.uleb128 0x6
 408 0066 40       		.uleb128 0x40
 409 0067 18       		.uleb128 0x18
 410 0068 9742     		.uleb128 0x2117
 411 006a 19       		.uleb128 0x19
 412 006b 01       		.uleb128 0x1
 413 006c 13       		.uleb128 0x13
 414 006d 00       		.byte	0
 415 006e 00       		.byte	0
 416 006f 08       		.uleb128 0x8
 417 0070 34       		.uleb128 0x34
 418 0071 00       		.byte	0
 419 0072 03       		.uleb128 0x3
 420 0073 0E       		.uleb128 0xe
 421 0074 3A       		.uleb128 0x3a
 422 0075 0B       		.uleb128 0xb
ARM GAS  C:\Users\Tim\AppData\Local\Temp\ccUXgZbJ.s 			page 12


 423 0076 3B       		.uleb128 0x3b
 424 0077 0B       		.uleb128 0xb
 425 0078 49       		.uleb128 0x49
 426 0079 13       		.uleb128 0x13
 427 007a 02       		.uleb128 0x2
 428 007b 17       		.uleb128 0x17
 429 007c 00       		.byte	0
 430 007d 00       		.byte	0
 431 007e 09       		.uleb128 0x9
 432 007f 34       		.uleb128 0x34
 433 0080 00       		.byte	0
 434 0081 03       		.uleb128 0x3
 435 0082 0E       		.uleb128 0xe
 436 0083 3A       		.uleb128 0x3a
 437 0084 0B       		.uleb128 0xb
 438 0085 3B       		.uleb128 0x3b
 439 0086 0B       		.uleb128 0xb
 440 0087 49       		.uleb128 0x49
 441 0088 13       		.uleb128 0x13
 442 0089 3F       		.uleb128 0x3f
 443 008a 19       		.uleb128 0x19
 444 008b 3C       		.uleb128 0x3c
 445 008c 19       		.uleb128 0x19
 446 008d 00       		.byte	0
 447 008e 00       		.byte	0
 448 008f 0A       		.uleb128 0xa
 449 0090 01       		.uleb128 0x1
 450 0091 01       		.byte	0x1
 451 0092 49       		.uleb128 0x49
 452 0093 13       		.uleb128 0x13
 453 0094 01       		.uleb128 0x1
 454 0095 13       		.uleb128 0x13
 455 0096 00       		.byte	0
 456 0097 00       		.byte	0
 457 0098 0B       		.uleb128 0xb
 458 0099 21       		.uleb128 0x21
 459 009a 00       		.byte	0
 460 009b 49       		.uleb128 0x49
 461 009c 13       		.uleb128 0x13
 462 009d 2F       		.uleb128 0x2f
 463 009e 0B       		.uleb128 0xb
 464 009f 00       		.byte	0
 465 00a0 00       		.byte	0
 466 00a1 00       		.byte	0
 467              		.section	.debug_loc,"",%progbits
 468              	.Ldebug_loc0:
 469              	.LLST0:
 470 0000 0E000000 		.4byte	.LVL0
 471 0004 12000000 		.4byte	.LVL1
 472 0008 0100     		.2byte	0x1
 473 000a 53       		.byte	0x53
 474 000b 12000000 		.4byte	.LVL1
 475 000f 1A000000 		.4byte	.LVL3
 476 0013 0200     		.2byte	0x2
 477 0015 71       		.byte	0x71
 478 0016 00       		.sleb128 0
 479 0017 74000000 		.4byte	.LVL6
ARM GAS  C:\Users\Tim\AppData\Local\Temp\ccUXgZbJ.s 			page 13


 480 001b 78000000 		.4byte	.LVL7
 481 001f 0100     		.2byte	0x1
 482 0021 53       		.byte	0x53
 483 0022 78000000 		.4byte	.LVL7
 484 0026 A0000000 		.4byte	.LFE1
 485 002a 0200     		.2byte	0x2
 486 002c 71       		.byte	0x71
 487 002d 00       		.sleb128 0
 488 002e 00000000 		.4byte	0
 489 0032 00000000 		.4byte	0
 490              	.LLST1:
 491 0036 18000000 		.4byte	.LVL2
 492 003a 6A000000 		.4byte	.LVL5
 493 003e 0100     		.2byte	0x1
 494 0040 52       		.byte	0x52
 495 0041 00000000 		.4byte	0
 496 0045 00000000 		.4byte	0
 497              		.section	.debug_aranges,"",%progbits
 498 0000 24000000 		.4byte	0x24
 499 0004 0200     		.2byte	0x2
 500 0006 00000000 		.4byte	.Ldebug_info0
 501 000a 04       		.byte	0x4
 502 000b 00       		.byte	0
 503 000c 0000     		.2byte	0
 504 000e 0000     		.2byte	0
 505 0010 00000000 		.4byte	.LFB0
 506 0014 02000000 		.4byte	.LFE0-.LFB0
 507 0018 00000000 		.4byte	.LFB1
 508 001c A0000000 		.4byte	.LFE1-.LFB1
 509 0020 00000000 		.4byte	0
 510 0024 00000000 		.4byte	0
 511              		.section	.debug_ranges,"",%progbits
 512              	.Ldebug_ranges0:
 513 0000 00000000 		.4byte	.LFB0
 514 0004 02000000 		.4byte	.LFE0
 515 0008 00000000 		.4byte	.LFB1
 516 000c A0000000 		.4byte	.LFE1
 517 0010 00000000 		.4byte	0
 518 0014 00000000 		.4byte	0
 519              		.section	.debug_line,"",%progbits
 520              	.Ldebug_line0:
 521 0000 91000000 		.section	.debug_str,"MS",%progbits,1
 521      02005500 
 521      00000201 
 521      FB0E0D00 
 521      01010101 
 522              	.LASF6:
 523 0000 6C6F6E67 		.ascii	"long long int\000"
 523      206C6F6E 
 523      6720696E 
 523      7400
 524              	.LASF8:
 525 000e 756E7369 		.ascii	"unsigned int\000"
 525      676E6564 
 525      20696E74 
 525      00
 526              	.LASF16:
ARM GAS  C:\Users\Tim\AppData\Local\Temp\ccUXgZbJ.s 			page 14


 527 001b 72784461 		.ascii	"rxData\000"
 527      746100
 528              	.LASF25:
 529 0022 5350494D 		.ascii	"SPIM_TX_ISR\000"
 529      5F54585F 
 529      49535200 
 530              	.LASF26:
 531 002e 5350494D 		.ascii	"SPIM_RX_ISR\000"
 531      5F52585F 
 531      49535200 
 532              	.LASF12:
 533 003a 75696E74 		.ascii	"uint8\000"
 533      3800
 534              	.LASF5:
 535 0040 6C6F6E67 		.ascii	"long unsigned int\000"
 535      20756E73 
 535      69676E65 
 535      6420696E 
 535      7400
 536              	.LASF7:
 537 0052 6C6F6E67 		.ascii	"long long unsigned int\000"
 537      206C6F6E 
 537      6720756E 
 537      7369676E 
 537      65642069 
 538              	.LASF22:
 539 0069 474E5520 		.ascii	"GNU C 4.9.3 20150303 (release) [ARM/embedded-4_9-br"
 539      4320342E 
 539      392E3320 
 539      32303135 
 539      30333033 
 540 009c 616E6368 		.ascii	"anch revision 221220] -mcpu=cortex-m3 -mthumb -g -O"
 540      20726576 
 540      6973696F 
 540      6E203232 
 540      31323230 
 541 00cf 67202D66 		.ascii	"g -ffunction-sections -ffat-lto-objects\000"
 541      66756E63 
 541      74696F6E 
 541      2D736563 
 541      74696F6E 
 542              	.LASF18:
 543 00f7 5350494D 		.ascii	"SPIM_rxBuffer\000"
 543      5F727842 
 543      75666665 
 543      7200
 544              	.LASF1:
 545 0105 756E7369 		.ascii	"unsigned char\000"
 545      676E6564 
 545      20636861 
 545      7200
 546              	.LASF11:
 547 0113 63686172 		.ascii	"char\000"
 547      00
 548              	.LASF19:
 549 0118 5350494D 		.ascii	"SPIM_rxBufferRead\000"
 549      5F727842 
ARM GAS  C:\Users\Tim\AppData\Local\Temp\ccUXgZbJ.s 			page 15


 549      75666665 
 549      72526561 
 549      6400
 550              	.LASF4:
 551 012a 6C6F6E67 		.ascii	"long int\000"
 551      20696E74 
 551      00
 552              	.LASF17:
 553 0133 5350494D 		.ascii	"SPIM_swStatusRx\000"
 553      5F737753 
 553      74617475 
 553      73527800 
 554              	.LASF10:
 555 0143 646F7562 		.ascii	"double\000"
 555      6C6500
 556              	.LASF20:
 557 014a 5350494D 		.ascii	"SPIM_rxBufferWrite\000"
 557      5F727842 
 557      75666665 
 557      72577269 
 557      746500
 558              	.LASF15:
 559 015d 746D7053 		.ascii	"tmpStatus\000"
 559      74617475 
 559      7300
 560              	.LASF21:
 561 0167 5350494D 		.ascii	"SPIM_rxBufferFull\000"
 561      5F727842 
 561      75666665 
 561      7246756C 
 561      6C00
 562              	.LASF3:
 563 0179 73686F72 		.ascii	"short unsigned int\000"
 563      7420756E 
 563      7369676E 
 563      65642069 
 563      6E7400
 564              	.LASF0:
 565 018c 7369676E 		.ascii	"signed char\000"
 565      65642063 
 565      68617200 
 566              	.LASF24:
 567 0198 463A5C64 		.ascii	"F:\\d_drive\\projects\\ArloBot\\arlobot_freesoc\\fr"
 567      5F647269 
 567      76655C70 
 567      726F6A65 
 567      6374735C 
 568 01c6 6565736F 		.ascii	"eesoc.cydsn\000"
 568      632E6379 
 568      64736E00 
 569              	.LASF9:
 570 01d2 666C6F61 		.ascii	"float\000"
 570      7400
 571              	.LASF23:
 572 01d8 2E5C4765 		.ascii	".\\Generated_Source\\PSoC5\\SPIM_INT.c\000"
 572      6E657261 
 572      7465645F 
ARM GAS  C:\Users\Tim\AppData\Local\Temp\ccUXgZbJ.s 			page 16


 572      536F7572 
 572      63655C50 
 573              	.LASF2:
 574 01fc 73686F72 		.ascii	"short int\000"
 574      7420696E 
 574      7400
 575              	.LASF13:
 576 0206 72656738 		.ascii	"reg8\000"
 576      00
 577              	.LASF14:
 578 020b 73697A65 		.ascii	"sizetype\000"
 578      74797065 
 578      00
 579              		.ident	"GCC: (GNU Tools for ARM Embedded Processors) 4.9.3 20150303 (release) [ARM/embedded-4_9-br
