Archive member included because of file (symbol)

.\CortexM3\ARM_GCC_493\Debug\Test-I2C.a(cyfitter_cfg.o)
                              .\CortexM3\ARM_GCC_493\Debug\Cm3Start.o (cyfitter_cfg)
.\CortexM3\ARM_GCC_493\Debug\Test-I2C.a(EZI2C_Slave.o)
                              .\CortexM3\ARM_GCC_493\Debug\main.o (EZI2C_Slave_Start)
.\CortexM3\ARM_GCC_493\Debug\Test-I2C.a(EZI2C_Slave_PM.o)
                              .\CortexM3\ARM_GCC_493\Debug\Test-I2C.a(EZI2C_Slave.o) (EZI2C_Slave_backup)
.\CortexM3\ARM_GCC_493\Debug\Test-I2C.a(EZI2C_Slave_INT.o)
                              .\CortexM3\ARM_GCC_493\Debug\Test-I2C.a(EZI2C_Slave.o) (EZI2C_Slave_ISR)
.\CortexM3\ARM_GCC_493\Debug\Test-I2C.a(CyBootAsmGnu.o)
                              .\CortexM3\ARM_GCC_493\Debug\Test-I2C.a(cyfitter_cfg.o) (CyDelayCycles)
.\CortexM3\ARM_GCC_493\Debug\Test-I2C.a(CyLib.o)
                              .\CortexM3\ARM_GCC_493\Debug\Cm3Start.o (CyHalt)
.\CortexM3\ARM_GCC_493\Debug\Test-I2C.a(cyPm.o)
                              .\CortexM3\ARM_GCC_493\Debug\Test-I2C.a(CyLib.o) (CyPmReadStatus)
.\CortexM3\ARM_GCC_493\Debug\Test-I2C.a(CyFlash.o)
                              .\CortexM3\ARM_GCC_493\Debug\Test-I2C.a(cyPm.o) (CyFlash_SetWaitCycles)
.\CortexM3\ARM_GCC_493\Debug\Test-I2C.a(CySpc.o)
                              .\CortexM3\ARM_GCC_493\Debug\Test-I2C.a(CyFlash.o) (CySpcStart)
c:/program files (x86)/cypress/psoc creator/3.3/psoc creator/import/gnu/arm/4.9.3/bin/../lib/gcc/arm-none-eabi/4.9.3/../../../../arm-none-eabi/lib/armv7-m\libg_nano.a(lib_a-errno.o)
                              .\CortexM3\ARM_GCC_493\Debug\Cm3Start.o (__errno)
c:/program files (x86)/cypress/psoc creator/3.3/psoc creator/import/gnu/arm/4.9.3/bin/../lib/gcc/arm-none-eabi/4.9.3/../../../../arm-none-eabi/lib/armv7-m\libg_nano.a(lib_a-exit.o)
                              c:/program files (x86)/cypress/psoc creator/3.3/psoc creator/import/gnu/arm/4.9.3/bin/../lib/gcc/arm-none-eabi/4.9.3/../../../../arm-none-eabi/lib/armv7-m/crt0.o (exit)
c:/program files (x86)/cypress/psoc creator/3.3/psoc creator/import/gnu/arm/4.9.3/bin/../lib/gcc/arm-none-eabi/4.9.3/../../../../arm-none-eabi/lib/armv7-m\libg_nano.a(lib_a-impure.o)
                              c:/program files (x86)/cypress/psoc creator/3.3/psoc creator/import/gnu/arm/4.9.3/bin/../lib/gcc/arm-none-eabi/4.9.3/../../../../arm-none-eabi/lib/armv7-m\libg_nano.a(lib_a-exit.o) (_global_impure_ptr)
c:/program files (x86)/cypress/psoc creator/3.3/psoc creator/import/gnu/arm/4.9.3/bin/../lib/gcc/arm-none-eabi/4.9.3/../../../../arm-none-eabi/lib/armv7-m\libg_nano.a(lib_a-init.o)
                              c:/program files (x86)/cypress/psoc creator/3.3/psoc creator/import/gnu/arm/4.9.3/bin/../lib/gcc/arm-none-eabi/4.9.3/../../../../arm-none-eabi/lib/armv7-m/crt0.o (__libc_init_array)
c:/program files (x86)/cypress/psoc creator/3.3/psoc creator/import/gnu/arm/4.9.3/bin/../lib/gcc/arm-none-eabi/4.9.3/../../../../arm-none-eabi/lib/armv7-m\libg_nano.a(lib_a-memcpy.o)
                              .\CortexM3\ARM_GCC_493\Debug\Test-I2C.a(cyfitter_cfg.o) (memcpy)
c:/program files (x86)/cypress/psoc creator/3.3/psoc creator/import/gnu/arm/4.9.3/bin/../lib/gcc/arm-none-eabi/4.9.3/../../../../arm-none-eabi/lib/armv7-m\libg_nano.a(lib_a-memset.o)
                              c:/program files (x86)/cypress/psoc creator/3.3/psoc creator/import/gnu/arm/4.9.3/bin/../lib/gcc/arm-none-eabi/4.9.3/../../../../arm-none-eabi/lib/armv7-m/crt0.o (memset)

Allocating common symbols
Common symbol       size              file

EZI2C_Slave_wrProtectS1
                    0x2               .\CortexM3\ARM_GCC_493\Debug\Test-I2C.a(EZI2C_Slave.o)
EZI2C_Slave_curState
                    0x1               .\CortexM3\ARM_GCC_493\Debug\Test-I2C.a(EZI2C_Slave.o)
EZI2C_Slave_rwOffsetS1
                    0x1               .\CortexM3\ARM_GCC_493\Debug\Test-I2C.a(EZI2C_Slave.o)
EZI2C_Slave_dataPtrS1
                    0x4               .\CortexM3\ARM_GCC_493\Debug\Test-I2C.a(EZI2C_Slave.o)
dieTemperature      0x2               .\CortexM3\ARM_GCC_493\Debug\Test-I2C.a(CyFlash.o)
EZI2C_Slave_rwIndexS1
                    0x1               .\CortexM3\ARM_GCC_493\Debug\Test-I2C.a(EZI2C_Slave.o)
EZI2C_Slave_bufSizeS1
                    0x2               .\CortexM3\ARM_GCC_493\Debug\Test-I2C.a(EZI2C_Slave.o)
EZI2C_Slave_curStatus
                    0x1               .\CortexM3\ARM_GCC_493\Debug\Test-I2C.a(EZI2C_Slave.o)

Discarded input sections

 .text          0x00000000        0x0 c:/program files (x86)/cypress/psoc creator/3.3/psoc creator/import/gnu/arm/4.9.3/bin/../lib/gcc/arm-none-eabi/4.9.3/armv7-m/crti.o
 .data          0x00000000        0x0 c:/program files (x86)/cypress/psoc creator/3.3/psoc creator/import/gnu/arm/4.9.3/bin/../lib/gcc/arm-none-eabi/4.9.3/armv7-m/crti.o
 .bss           0x00000000        0x0 c:/program files (x86)/cypress/psoc creator/3.3/psoc creator/import/gnu/arm/4.9.3/bin/../lib/gcc/arm-none-eabi/4.9.3/armv7-m/crti.o
 .data          0x00000000        0x4 c:/program files (x86)/cypress/psoc creator/3.3/psoc creator/import/gnu/arm/4.9.3/bin/../lib/gcc/arm-none-eabi/4.9.3/armv7-m/crtbegin.o
 .text          0x00000000       0x74 c:/program files (x86)/cypress/psoc creator/3.3/psoc creator/import/gnu/arm/4.9.3/bin/../lib/gcc/arm-none-eabi/4.9.3/../../../../arm-none-eabi/lib/armv7-m/crt0.o
 .data          0x00000000        0x0 c:/program files (x86)/cypress/psoc creator/3.3/psoc creator/import/gnu/arm/4.9.3/bin/../lib/gcc/arm-none-eabi/4.9.3/../../../../arm-none-eabi/lib/armv7-m/crt0.o
 .bss           0x00000000        0x0 c:/program files (x86)/cypress/psoc creator/3.3/psoc creator/import/gnu/arm/4.9.3/bin/../lib/gcc/arm-none-eabi/4.9.3/../../../../arm-none-eabi/lib/armv7-m/crt0.o
 .ARM.extab     0x00000000        0x0 c:/program files (x86)/cypress/psoc creator/3.3/psoc creator/import/gnu/arm/4.9.3/bin/../lib/gcc/arm-none-eabi/4.9.3/../../../../arm-none-eabi/lib/armv7-m/crt0.o
 .ARM.exidx     0x00000000        0x8 c:/program files (x86)/cypress/psoc creator/3.3/psoc creator/import/gnu/arm/4.9.3/bin/../lib/gcc/arm-none-eabi/4.9.3/../../../../arm-none-eabi/lib/armv7-m/crt0.o
 .text          0x00000000        0x0 .\CortexM3\ARM_GCC_493\Debug\main.o
 .data          0x00000000        0x0 .\CortexM3\ARM_GCC_493\Debug\main.o
 .text          0x00000000        0x0 .\CortexM3\ARM_GCC_493\Debug\cymetadata.o
 .data          0x00000000        0x0 .\CortexM3\ARM_GCC_493\Debug\cymetadata.o
 .bss           0x00000000        0x0 .\CortexM3\ARM_GCC_493\Debug\cymetadata.o
 .text          0x00000000        0x0 .\CortexM3\ARM_GCC_493\Debug\Cm3Start.o
 .data          0x00000000        0x4 .\CortexM3\ARM_GCC_493\Debug\Cm3Start.o
 .bss           0x00000000        0x0 .\CortexM3\ARM_GCC_493\Debug\Cm3Start.o
 .text._exit    0x00000000        0xc .\CortexM3\ARM_GCC_493\Debug\Cm3Start.o
 .text._sbrk    0x00000000       0x30 .\CortexM3\ARM_GCC_493\Debug\Cm3Start.o
 .text          0x00000000        0x0 .\CortexM3\ARM_GCC_493\Debug\Test-I2C.a(cyfitter_cfg.o)
 .data          0x00000000        0x0 .\CortexM3\ARM_GCC_493\Debug\Test-I2C.a(cyfitter_cfg.o)
 .bss           0x00000000        0x0 .\CortexM3\ARM_GCC_493\Debug\Test-I2C.a(cyfitter_cfg.o)
 .text.SetAnalogRoutingPumps
                0x00000000       0x10 .\CortexM3\ARM_GCC_493\Debug\Test-I2C.a(cyfitter_cfg.o)
 .text          0x00000000        0x0 .\CortexM3\ARM_GCC_493\Debug\Test-I2C.a(EZI2C_Slave.o)
 .data          0x00000000        0x0 .\CortexM3\ARM_GCC_493\Debug\Test-I2C.a(EZI2C_Slave.o)
 .text.EZI2C_Slave_Stop
                0x00000000       0xb8 .\CortexM3\ARM_GCC_493\Debug\Test-I2C.a(EZI2C_Slave.o)
 .text.EZI2C_Slave_SetAddress1
                0x00000000       0x10 .\CortexM3\ARM_GCC_493\Debug\Test-I2C.a(EZI2C_Slave.o)
 .text.EZI2C_Slave_GetAddress1
                0x00000000        0xc .\CortexM3\ARM_GCC_493\Debug\Test-I2C.a(EZI2C_Slave.o)
 .text.EZI2C_Slave_GetActivity
                0x00000000       0x28 .\CortexM3\ARM_GCC_493\Debug\Test-I2C.a(EZI2C_Slave.o)
 .text          0x00000000        0x0 .\CortexM3\ARM_GCC_493\Debug\Test-I2C.a(EZI2C_Slave_PM.o)
 .data          0x00000000        0x8 .\CortexM3\ARM_GCC_493\Debug\Test-I2C.a(EZI2C_Slave_PM.o)
 .bss           0x00000000        0x0 .\CortexM3\ARM_GCC_493\Debug\Test-I2C.a(EZI2C_Slave_PM.o)
 .text.EZI2C_Slave_SaveConfig
                0x00000000       0x3c .\CortexM3\ARM_GCC_493\Debug\Test-I2C.a(EZI2C_Slave_PM.o)
 .text.EZI2C_Slave_RestoreConfig
                0x00000000       0x54 .\CortexM3\ARM_GCC_493\Debug\Test-I2C.a(EZI2C_Slave_PM.o)
 .text.EZI2C_Slave_Sleep
                0x00000000       0x24 .\CortexM3\ARM_GCC_493\Debug\Test-I2C.a(EZI2C_Slave_PM.o)
 .text.EZI2C_Slave_Wakeup
                0x00000000       0x18 .\CortexM3\ARM_GCC_493\Debug\Test-I2C.a(EZI2C_Slave_PM.o)
 .text          0x00000000        0x0 .\CortexM3\ARM_GCC_493\Debug\Test-I2C.a(EZI2C_Slave_INT.o)
 .data          0x00000000        0x0 .\CortexM3\ARM_GCC_493\Debug\Test-I2C.a(EZI2C_Slave_INT.o)
 .data          0x00000000        0x0 .\CortexM3\ARM_GCC_493\Debug\Test-I2C.a(CyBootAsmGnu.o)
 .bss           0x00000000        0x0 .\CortexM3\ARM_GCC_493\Debug\Test-I2C.a(CyBootAsmGnu.o)
 .text          0x00000000        0x0 .\CortexM3\ARM_GCC_493\Debug\Test-I2C.a(CyLib.o)
 .data          0x00000000       0x10 .\CortexM3\ARM_GCC_493\Debug\Test-I2C.a(CyLib.o)
 .bss           0x00000000       0x1c .\CortexM3\ARM_GCC_493\Debug\Test-I2C.a(CyLib.o)
 .text.CyUSB_PowerOnCheck
                0x00000000       0x48 .\CortexM3\ARM_GCC_493\Debug\Test-I2C.a(CyLib.o)
 .text.CyBusClk_Internal_SetDivider
                0x00000000       0x48 .\CortexM3\ARM_GCC_493\Debug\Test-I2C.a(CyLib.o)
 .text.CyPLL_OUT_Stop
                0x00000000       0x10 .\CortexM3\ARM_GCC_493\Debug\Test-I2C.a(CyLib.o)
 .text.CyIMO_Stop
                0x00000000       0x1c .\CortexM3\ARM_GCC_493\Debug\Test-I2C.a(CyLib.o)
 .text.CyIMO_EnableDoubler
                0x00000000       0x10 .\CortexM3\ARM_GCC_493\Debug\Test-I2C.a(CyLib.o)
 .text.CyIMO_DisableDoubler
                0x00000000       0x10 .\CortexM3\ARM_GCC_493\Debug\Test-I2C.a(CyLib.o)
 .text.CyMasterClk_SetSource
                0x00000000       0x18 .\CortexM3\ARM_GCC_493\Debug\Test-I2C.a(CyLib.o)
 .text.CyMasterClk_SetDivider
                0x00000000        0xc .\CortexM3\ARM_GCC_493\Debug\Test-I2C.a(CyLib.o)
 .text.CyBusClk_SetDivider
                0x00000000       0x70 .\CortexM3\ARM_GCC_493\Debug\Test-I2C.a(CyLib.o)
 .text.CyUsbClk_SetSource
                0x00000000       0x18 .\CortexM3\ARM_GCC_493\Debug\Test-I2C.a(CyLib.o)
 .text.CyILO_Start1K
                0x00000000       0x10 .\CortexM3\ARM_GCC_493\Debug\Test-I2C.a(CyLib.o)
 .text.CyILO_Stop1K
                0x00000000       0x10 .\CortexM3\ARM_GCC_493\Debug\Test-I2C.a(CyLib.o)
 .text.CyILO_Start100K
                0x00000000       0x10 .\CortexM3\ARM_GCC_493\Debug\Test-I2C.a(CyLib.o)
 .text.CyILO_Stop100K
                0x00000000       0x10 .\CortexM3\ARM_GCC_493\Debug\Test-I2C.a(CyLib.o)
 .text.CyPLL_OUT_Start
                0x00000000       0x78 .\CortexM3\ARM_GCC_493\Debug\Test-I2C.a(CyLib.o)
 .text.CyIMO_Start
                0x00000000       0x60 .\CortexM3\ARM_GCC_493\Debug\Test-I2C.a(CyLib.o)
 .text.CyILO_Enable33K
                0x00000000       0x10 .\CortexM3\ARM_GCC_493\Debug\Test-I2C.a(CyLib.o)
 .text.CyILO_Disable33K
                0x00000000       0x10 .\CortexM3\ARM_GCC_493\Debug\Test-I2C.a(CyLib.o)
 .text.CyILO_SetSource
                0x00000000       0x18 .\CortexM3\ARM_GCC_493\Debug\Test-I2C.a(CyLib.o)
 .text.CyILO_SetPowerMode
                0x00000000       0x24 .\CortexM3\ARM_GCC_493\Debug\Test-I2C.a(CyLib.o)
 .text.CyXTAL_32KHZ_Stop
                0x00000000       0x30 .\CortexM3\ARM_GCC_493\Debug\Test-I2C.a(CyLib.o)
 .text.CyXTAL_32KHZ_ReadStatus
                0x00000000       0x10 .\CortexM3\ARM_GCC_493\Debug\Test-I2C.a(CyLib.o)
 .text.CyXTAL_Start
                0x00000000       0xac .\CortexM3\ARM_GCC_493\Debug\Test-I2C.a(CyLib.o)
 .text.CyXTAL_Stop
                0x00000000       0x10 .\CortexM3\ARM_GCC_493\Debug\Test-I2C.a(CyLib.o)
 .text.CyXTAL_EnableErrStatus
                0x00000000       0x10 .\CortexM3\ARM_GCC_493\Debug\Test-I2C.a(CyLib.o)
 .text.CyXTAL_DisableErrStatus
                0x00000000       0x10 .\CortexM3\ARM_GCC_493\Debug\Test-I2C.a(CyLib.o)
 .text.CyXTAL_ReadStatus
                0x00000000       0x18 .\CortexM3\ARM_GCC_493\Debug\Test-I2C.a(CyLib.o)
 .text.CyXTAL_EnableFaultRecovery
                0x00000000       0x10 .\CortexM3\ARM_GCC_493\Debug\Test-I2C.a(CyLib.o)
 .text.CyXTAL_DisableFaultRecovery
                0x00000000       0x10 .\CortexM3\ARM_GCC_493\Debug\Test-I2C.a(CyLib.o)
 .text.CyXTAL_SetStartup
                0x00000000       0x18 .\CortexM3\ARM_GCC_493\Debug\Test-I2C.a(CyLib.o)
 .text.CyXTAL_SetFbVoltage
                0x00000000       0x18 .\CortexM3\ARM_GCC_493\Debug\Test-I2C.a(CyLib.o)
 .text.CyXTAL_SetWdVoltage
                0x00000000       0x18 .\CortexM3\ARM_GCC_493\Debug\Test-I2C.a(CyLib.o)
 .text.CyPLL_OUT_SetPQ
                0x00000000       0x60 .\CortexM3\ARM_GCC_493\Debug\Test-I2C.a(CyLib.o)
 .text.CyPLL_OUT_SetSource
                0x00000000       0x34 .\CortexM3\ARM_GCC_493\Debug\Test-I2C.a(CyLib.o)
 .text.CyIMO_SetTrimValue
                0x00000000       0xcc .\CortexM3\ARM_GCC_493\Debug\Test-I2C.a(CyLib.o)
 .text.CyIMO_SetFreq
                0x00000000       0xf4 .\CortexM3\ARM_GCC_493\Debug\Test-I2C.a(CyLib.o)
 .text.CyIMO_SetSource
                0x00000000       0x58 .\CortexM3\ARM_GCC_493\Debug\Test-I2C.a(CyLib.o)
 .text.CySoftwareReset
                0x00000000       0x10 .\CortexM3\ARM_GCC_493\Debug\Test-I2C.a(CyLib.o)
 .text.CyDelay  0x00000000       0x2c .\CortexM3\ARM_GCC_493\Debug\Test-I2C.a(CyLib.o)
 .text.CyDelayUs
                0x00000000       0x14 .\CortexM3\ARM_GCC_493\Debug\Test-I2C.a(CyLib.o)
 .text.CyXTAL_32KHZ_SetPowerMode
                0x00000000       0x84 .\CortexM3\ARM_GCC_493\Debug\Test-I2C.a(CyLib.o)
 .text.CyXTAL_32KHZ_Start
                0x00000000       0x70 .\CortexM3\ARM_GCC_493\Debug\Test-I2C.a(CyLib.o)
 .text.CyDelayFreq
                0x00000000       0x4c .\CortexM3\ARM_GCC_493\Debug\Test-I2C.a(CyLib.o)
 .text.CyWdtStart
                0x00000000       0x40 .\CortexM3\ARM_GCC_493\Debug\Test-I2C.a(CyLib.o)
 .text.CyWdtClear
                0x00000000        0xc .\CortexM3\ARM_GCC_493\Debug\Test-I2C.a(CyLib.o)
 .text.CyVdStickyStatus
                0x00000000       0x2c .\CortexM3\ARM_GCC_493\Debug\Test-I2C.a(CyLib.o)
 .text.CyVdLvDigitEnable
                0x00000000       0x84 .\CortexM3\ARM_GCC_493\Debug\Test-I2C.a(CyLib.o)
 .text.CyVdLvAnalogEnable
                0x00000000       0x80 .\CortexM3\ARM_GCC_493\Debug\Test-I2C.a(CyLib.o)
 .text.CyVdLvDigitDisable
                0x00000000       0x30 .\CortexM3\ARM_GCC_493\Debug\Test-I2C.a(CyLib.o)
 .text.CyVdLvAnalogDisable
                0x00000000       0x28 .\CortexM3\ARM_GCC_493\Debug\Test-I2C.a(CyLib.o)
 .text.CyVdHvAnalogEnable
                0x00000000       0x54 .\CortexM3\ARM_GCC_493\Debug\Test-I2C.a(CyLib.o)
 .text.CyVdHvAnalogDisable
                0x00000000       0x20 .\CortexM3\ARM_GCC_493\Debug\Test-I2C.a(CyLib.o)
 .text.CyVdRealTimeStatus
                0x00000000       0x1c .\CortexM3\ARM_GCC_493\Debug\Test-I2C.a(CyLib.o)
 .text.CyDisableInts
                0x00000000       0x1c .\CortexM3\ARM_GCC_493\Debug\Test-I2C.a(CyLib.o)
 .text.CyEnableInts
                0x00000000       0x18 .\CortexM3\ARM_GCC_493\Debug\Test-I2C.a(CyLib.o)
 .text.CyFlushCache
                0x00000000       0x44 .\CortexM3\ARM_GCC_493\Debug\Test-I2C.a(CyLib.o)
 .text.CyIntSetSysVector
                0x00000000       0x28 .\CortexM3\ARM_GCC_493\Debug\Test-I2C.a(CyLib.o)
 .text.CyIntGetSysVector
                0x00000000       0x20 .\CortexM3\ARM_GCC_493\Debug\Test-I2C.a(CyLib.o)
 .text.CyIntGetVector
                0x00000000       0x24 .\CortexM3\ARM_GCC_493\Debug\Test-I2C.a(CyLib.o)
 .text.CyIntGetPriority
                0x00000000       0x20 .\CortexM3\ARM_GCC_493\Debug\Test-I2C.a(CyLib.o)
 .text.CyIntGetState
                0x00000000       0x24 .\CortexM3\ARM_GCC_493\Debug\Test-I2C.a(CyLib.o)
 .text.CySysTickStop
                0x00000000       0x10 .\CortexM3\ARM_GCC_493\Debug\Test-I2C.a(CyLib.o)
 .text.CySysTickEnableInterrupt
                0x00000000       0x10 .\CortexM3\ARM_GCC_493\Debug\Test-I2C.a(CyLib.o)
 .text.CySysTickEnable
                0x00000000       0x18 .\CortexM3\ARM_GCC_493\Debug\Test-I2C.a(CyLib.o)
 .text.CySysTickDisableInterrupt
                0x00000000       0x10 .\CortexM3\ARM_GCC_493\Debug\Test-I2C.a(CyLib.o)
 .text.CySysTickSetReload
                0x00000000       0x10 .\CortexM3\ARM_GCC_493\Debug\Test-I2C.a(CyLib.o)
 .text.CySysTickGetReload
                0x00000000       0x10 .\CortexM3\ARM_GCC_493\Debug\Test-I2C.a(CyLib.o)
 .text.CySysTickGetValue
                0x00000000       0x10 .\CortexM3\ARM_GCC_493\Debug\Test-I2C.a(CyLib.o)
 .text.CySysTickSetClockSource
                0x00000000       0x20 .\CortexM3\ARM_GCC_493\Debug\Test-I2C.a(CyLib.o)
 .text.CySysTickGetCountFlag
                0x00000000       0x10 .\CortexM3\ARM_GCC_493\Debug\Test-I2C.a(CyLib.o)
 .text.CySysTickServiceCallbacks
                0x00000000       0x28 .\CortexM3\ARM_GCC_493\Debug\Test-I2C.a(CyLib.o)
 .text.CySysTickClear
                0x00000000        0xc .\CortexM3\ARM_GCC_493\Debug\Test-I2C.a(CyLib.o)
 .text.CySysTickInit
                0x00000000       0x58 .\CortexM3\ARM_GCC_493\Debug\Test-I2C.a(CyLib.o)
 .text.CySysTickStart
                0x00000000       0x1c .\CortexM3\ARM_GCC_493\Debug\Test-I2C.a(CyLib.o)
 .text.CySysTickSetCallback
                0x00000000       0x10 .\CortexM3\ARM_GCC_493\Debug\Test-I2C.a(CyLib.o)
 .text.CySysTickGetCallback
                0x00000000       0x10 .\CortexM3\ARM_GCC_493\Debug\Test-I2C.a(CyLib.o)
 .text.CyGetUniqueId
                0x00000000       0x70 .\CortexM3\ARM_GCC_493\Debug\Test-I2C.a(CyLib.o)
 .text          0x00000000        0x0 .\CortexM3\ARM_GCC_493\Debug\Test-I2C.a(cyPm.o)
 .data          0x00000000        0x0 .\CortexM3\ARM_GCC_493\Debug\Test-I2C.a(cyPm.o)
 .bss           0x00000000       0x44 .\CortexM3\ARM_GCC_493\Debug\Test-I2C.a(cyPm.o)
 .text.CyPmHibSlpSaveSet
                0x00000000      0x1dc .\CortexM3\ARM_GCC_493\Debug\Test-I2C.a(cyPm.o)
 .text.CyPmHibSlpRestore
                0x00000000       0xd4 .\CortexM3\ARM_GCC_493\Debug\Test-I2C.a(cyPm.o)
 .text.CyPmHviLviSaveDisable
                0x00000000       0xa0 .\CortexM3\ARM_GCC_493\Debug\Test-I2C.a(cyPm.o)
 .text.CyPmHibSaveSet
                0x00000000       0x8c .\CortexM3\ARM_GCC_493\Debug\Test-I2C.a(cyPm.o)
 .text.CyPmHviLviRestore
                0x00000000       0x48 .\CortexM3\ARM_GCC_493\Debug\Test-I2C.a(cyPm.o)
 .text.CyPmHibRestore
                0x00000000       0x58 .\CortexM3\ARM_GCC_493\Debug\Test-I2C.a(cyPm.o)
 .text.CyPmSaveClocks
                0x00000000      0x218 .\CortexM3\ARM_GCC_493\Debug\Test-I2C.a(cyPm.o)
 .text.CyPmRestoreClocks
                0x00000000      0x24c .\CortexM3\ARM_GCC_493\Debug\Test-I2C.a(cyPm.o)
 .text.CyPmAltAct
                0x00000000       0x6c .\CortexM3\ARM_GCC_493\Debug\Test-I2C.a(cyPm.o)
 .text.CyPmSleep
                0x00000000       0xf4 .\CortexM3\ARM_GCC_493\Debug\Test-I2C.a(cyPm.o)
 .text.CyPmHibernateEx
                0x00000000       0xf4 .\CortexM3\ARM_GCC_493\Debug\Test-I2C.a(cyPm.o)
 .text.CyPmHibernate
                0x00000000        0xc .\CortexM3\ARM_GCC_493\Debug\Test-I2C.a(cyPm.o)
 .text.CyPmReadStatus
                0x00000000       0x30 .\CortexM3\ARM_GCC_493\Debug\Test-I2C.a(cyPm.o)
 .text.CyPmCtwSetInterval
                0x00000000       0x5c .\CortexM3\ARM_GCC_493\Debug\Test-I2C.a(cyPm.o)
 .text.CyPmOppsSet
                0x00000000       0x2c .\CortexM3\ARM_GCC_493\Debug\Test-I2C.a(cyPm.o)
 .text.CyPmFtwSetInterval
                0x00000000       0x5c .\CortexM3\ARM_GCC_493\Debug\Test-I2C.a(cyPm.o)
 .rodata        0x00000000       0x10 .\CortexM3\ARM_GCC_493\Debug\Test-I2C.a(cyPm.o)
 .text          0x00000000        0x0 .\CortexM3\ARM_GCC_493\Debug\Test-I2C.a(CyFlash.o)
 .data          0x00000000        0x0 .\CortexM3\ARM_GCC_493\Debug\Test-I2C.a(CyFlash.o)
 .bss           0x00000000        0x4 .\CortexM3\ARM_GCC_493\Debug\Test-I2C.a(CyFlash.o)
 .text.CyFlashGetSpcAlgorithm
                0x00000000       0x4c .\CortexM3\ARM_GCC_493\Debug\Test-I2C.a(CyFlash.o)
 .text.CySetTempInt
                0x00000000       0x60 .\CortexM3\ARM_GCC_493\Debug\Test-I2C.a(CyFlash.o)
 .text.CyFlash_Start
                0x00000000       0x54 .\CortexM3\ARM_GCC_493\Debug\Test-I2C.a(CyFlash.o)
 .text.CyFlash_Stop
                0x00000000       0x24 .\CortexM3\ARM_GCC_493\Debug\Test-I2C.a(CyFlash.o)
 .text.CySetTemp
                0x00000000       0x14 .\CortexM3\ARM_GCC_493\Debug\Test-I2C.a(CyFlash.o)
 .text.CySetFlashEEBuffer
                0x00000000       0x28 .\CortexM3\ARM_GCC_493\Debug\Test-I2C.a(CyFlash.o)
 .text.CyWriteRowFull
                0x00000000       0xf8 .\CortexM3\ARM_GCC_493\Debug\Test-I2C.a(CyFlash.o)
 .text.CyWriteRowData
                0x00000000       0x14 .\CortexM3\ARM_GCC_493\Debug\Test-I2C.a(CyFlash.o)
 .text.CyFlash_SetWaitCycles
                0x00000000       0x7c .\CortexM3\ARM_GCC_493\Debug\Test-I2C.a(CyFlash.o)
 .text.CyEEPROM_Start
                0x00000000       0x54 .\CortexM3\ARM_GCC_493\Debug\Test-I2C.a(CyFlash.o)
 .text.CyEEPROM_Stop
                0x00000000       0x24 .\CortexM3\ARM_GCC_493\Debug\Test-I2C.a(CyFlash.o)
 .text.CyEEPROM_ReadReserve
                0x00000000       0x1c .\CortexM3\ARM_GCC_493\Debug\Test-I2C.a(CyFlash.o)
 .text.CyEEPROM_ReadRelease
                0x00000000       0x10 .\CortexM3\ARM_GCC_493\Debug\Test-I2C.a(CyFlash.o)
 COMMON         0x00000000        0x2 .\CortexM3\ARM_GCC_493\Debug\Test-I2C.a(CyFlash.o)
 .text          0x00000000        0x0 .\CortexM3\ARM_GCC_493\Debug\Test-I2C.a(CySpc.o)
 .data          0x00000000        0x0 .\CortexM3\ARM_GCC_493\Debug\Test-I2C.a(CySpc.o)
 .bss           0x00000000        0x8 .\CortexM3\ARM_GCC_493\Debug\Test-I2C.a(CySpc.o)
 .text.CySpcStart
                0x00000000       0x24 .\CortexM3\ARM_GCC_493\Debug\Test-I2C.a(CySpc.o)
 .text.CySpcStop
                0x00000000       0x24 .\CortexM3\ARM_GCC_493\Debug\Test-I2C.a(CySpc.o)
 .text.CySpcReadData
                0x00000000       0x34 .\CortexM3\ARM_GCC_493\Debug\Test-I2C.a(CySpc.o)
 .text.CySpcLoadMultiByte
                0x00000000       0x78 .\CortexM3\ARM_GCC_493\Debug\Test-I2C.a(CySpc.o)
 .text.CySpcLoadRow
                0x00000000       0x54 .\CortexM3\ARM_GCC_493\Debug\Test-I2C.a(CySpc.o)
 .text.CySpcLoadRowFull
                0x00000000       0x80 .\CortexM3\ARM_GCC_493\Debug\Test-I2C.a(CySpc.o)
 .text.CySpcWriteRow
                0x00000000       0x4c .\CortexM3\ARM_GCC_493\Debug\Test-I2C.a(CySpc.o)
 .text.CySpcEraseSector
                0x00000000       0x3c .\CortexM3\ARM_GCC_493\Debug\Test-I2C.a(CySpc.o)
 .text.CySpcGetTemp
                0x00000000       0x3c .\CortexM3\ARM_GCC_493\Debug\Test-I2C.a(CySpc.o)
 .text.CySpcLock
                0x00000000       0x4c .\CortexM3\ARM_GCC_493\Debug\Test-I2C.a(CySpc.o)
 .text.CySpcUnlock
                0x00000000       0x38 .\CortexM3\ARM_GCC_493\Debug\Test-I2C.a(CySpc.o)
 .text.CySpcGetAlgorithm
                0x00000000       0x28 .\CortexM3\ARM_GCC_493\Debug\Test-I2C.a(CySpc.o)
 .text          0x00000000        0x0 c:/program files (x86)/cypress/psoc creator/3.3/psoc creator/import/gnu/arm/4.9.3/bin/../lib/gcc/arm-none-eabi/4.9.3/../../../../arm-none-eabi/lib/armv7-m\libg_nano.a(lib_a-errno.o)
 .data          0x00000000        0x0 c:/program files (x86)/cypress/psoc creator/3.3/psoc creator/import/gnu/arm/4.9.3/bin/../lib/gcc/arm-none-eabi/4.9.3/../../../../arm-none-eabi/lib/armv7-m\libg_nano.a(lib_a-errno.o)
 .bss           0x00000000        0x0 c:/program files (x86)/cypress/psoc creator/3.3/psoc creator/import/gnu/arm/4.9.3/bin/../lib/gcc/arm-none-eabi/4.9.3/../../../../arm-none-eabi/lib/armv7-m\libg_nano.a(lib_a-errno.o)
 .text.__errno  0x00000000        0xc c:/program files (x86)/cypress/psoc creator/3.3/psoc creator/import/gnu/arm/4.9.3/bin/../lib/gcc/arm-none-eabi/4.9.3/../../../../arm-none-eabi/lib/armv7-m\libg_nano.a(lib_a-errno.o)
 .text          0x00000000        0x0 c:/program files (x86)/cypress/psoc creator/3.3/psoc creator/import/gnu/arm/4.9.3/bin/../lib/gcc/arm-none-eabi/4.9.3/../../../../arm-none-eabi/lib/armv7-m\libg_nano.a(lib_a-exit.o)
 .data          0x00000000        0x0 c:/program files (x86)/cypress/psoc creator/3.3/psoc creator/import/gnu/arm/4.9.3/bin/../lib/gcc/arm-none-eabi/4.9.3/../../../../arm-none-eabi/lib/armv7-m\libg_nano.a(lib_a-exit.o)
 .bss           0x00000000        0x0 c:/program files (x86)/cypress/psoc creator/3.3/psoc creator/import/gnu/arm/4.9.3/bin/../lib/gcc/arm-none-eabi/4.9.3/../../../../arm-none-eabi/lib/armv7-m\libg_nano.a(lib_a-exit.o)
 .text.exit     0x00000000       0x28 c:/program files (x86)/cypress/psoc creator/3.3/psoc creator/import/gnu/arm/4.9.3/bin/../lib/gcc/arm-none-eabi/4.9.3/../../../../arm-none-eabi/lib/armv7-m\libg_nano.a(lib_a-exit.o)
 .text          0x00000000        0x0 c:/program files (x86)/cypress/psoc creator/3.3/psoc creator/import/gnu/arm/4.9.3/bin/../lib/gcc/arm-none-eabi/4.9.3/../../../../arm-none-eabi/lib/armv7-m\libg_nano.a(lib_a-impure.o)
 .data          0x00000000        0x0 c:/program files (x86)/cypress/psoc creator/3.3/psoc creator/import/gnu/arm/4.9.3/bin/../lib/gcc/arm-none-eabi/4.9.3/../../../../arm-none-eabi/lib/armv7-m\libg_nano.a(lib_a-impure.o)
 .bss           0x00000000        0x0 c:/program files (x86)/cypress/psoc creator/3.3/psoc creator/import/gnu/arm/4.9.3/bin/../lib/gcc/arm-none-eabi/4.9.3/../../../../arm-none-eabi/lib/armv7-m\libg_nano.a(lib_a-impure.o)
 .data.impure_data
                0x00000000       0x60 c:/program files (x86)/cypress/psoc creator/3.3/psoc creator/import/gnu/arm/4.9.3/bin/../lib/gcc/arm-none-eabi/4.9.3/../../../../arm-none-eabi/lib/armv7-m\libg_nano.a(lib_a-impure.o)
 .data._impure_ptr
                0x00000000        0x4 c:/program files (x86)/cypress/psoc creator/3.3/psoc creator/import/gnu/arm/4.9.3/bin/../lib/gcc/arm-none-eabi/4.9.3/../../../../arm-none-eabi/lib/armv7-m\libg_nano.a(lib_a-impure.o)
 .rodata.str1.1
                0x00000000        0x2 c:/program files (x86)/cypress/psoc creator/3.3/psoc creator/import/gnu/arm/4.9.3/bin/../lib/gcc/arm-none-eabi/4.9.3/../../../../arm-none-eabi/lib/armv7-m\libg_nano.a(lib_a-impure.o)
 .rodata._global_impure_ptr
                0x00000000        0x4 c:/program files (x86)/cypress/psoc creator/3.3/psoc creator/import/gnu/arm/4.9.3/bin/../lib/gcc/arm-none-eabi/4.9.3/../../../../arm-none-eabi/lib/armv7-m\libg_nano.a(lib_a-impure.o)
 .text          0x00000000        0x0 c:/program files (x86)/cypress/psoc creator/3.3/psoc creator/import/gnu/arm/4.9.3/bin/../lib/gcc/arm-none-eabi/4.9.3/../../../../arm-none-eabi/lib/armv7-m\libg_nano.a(lib_a-init.o)
 .data          0x00000000        0x0 c:/program files (x86)/cypress/psoc creator/3.3/psoc creator/import/gnu/arm/4.9.3/bin/../lib/gcc/arm-none-eabi/4.9.3/../../../../arm-none-eabi/lib/armv7-m\libg_nano.a(lib_a-init.o)
 .bss           0x00000000        0x0 c:/program files (x86)/cypress/psoc creator/3.3/psoc creator/import/gnu/arm/4.9.3/bin/../lib/gcc/arm-none-eabi/4.9.3/../../../../arm-none-eabi/lib/armv7-m\libg_nano.a(lib_a-init.o)
 .text          0x00000000        0x0 c:/program files (x86)/cypress/psoc creator/3.3/psoc creator/import/gnu/arm/4.9.3/bin/../lib/gcc/arm-none-eabi/4.9.3/../../../../arm-none-eabi/lib/armv7-m\libg_nano.a(lib_a-memcpy.o)
 .data          0x00000000        0x0 c:/program files (x86)/cypress/psoc creator/3.3/psoc creator/import/gnu/arm/4.9.3/bin/../lib/gcc/arm-none-eabi/4.9.3/../../../../arm-none-eabi/lib/armv7-m\libg_nano.a(lib_a-memcpy.o)
 .bss           0x00000000        0x0 c:/program files (x86)/cypress/psoc creator/3.3/psoc creator/import/gnu/arm/4.9.3/bin/../lib/gcc/arm-none-eabi/4.9.3/../../../../arm-none-eabi/lib/armv7-m\libg_nano.a(lib_a-memcpy.o)
 .text          0x00000000        0x0 c:/program files (x86)/cypress/psoc creator/3.3/psoc creator/import/gnu/arm/4.9.3/bin/../lib/gcc/arm-none-eabi/4.9.3/../../../../arm-none-eabi/lib/armv7-m\libg_nano.a(lib_a-memset.o)
 .data          0x00000000        0x0 c:/program files (x86)/cypress/psoc creator/3.3/psoc creator/import/gnu/arm/4.9.3/bin/../lib/gcc/arm-none-eabi/4.9.3/../../../../arm-none-eabi/lib/armv7-m\libg_nano.a(lib_a-memset.o)
 .bss           0x00000000        0x0 c:/program files (x86)/cypress/psoc creator/3.3/psoc creator/import/gnu/arm/4.9.3/bin/../lib/gcc/arm-none-eabi/4.9.3/../../../../arm-none-eabi/lib/armv7-m\libg_nano.a(lib_a-memset.o)
 .text          0x00000000        0x0 c:/program files (x86)/cypress/psoc creator/3.3/psoc creator/import/gnu/arm/4.9.3/bin/../lib/gcc/arm-none-eabi/4.9.3/armv7-m/crtend.o
 .data          0x00000000        0x0 c:/program files (x86)/cypress/psoc creator/3.3/psoc creator/import/gnu/arm/4.9.3/bin/../lib/gcc/arm-none-eabi/4.9.3/armv7-m/crtend.o
 .bss           0x00000000        0x0 c:/program files (x86)/cypress/psoc creator/3.3/psoc creator/import/gnu/arm/4.9.3/bin/../lib/gcc/arm-none-eabi/4.9.3/armv7-m/crtend.o
 .text          0x00000000        0x0 c:/program files (x86)/cypress/psoc creator/3.3/psoc creator/import/gnu/arm/4.9.3/bin/../lib/gcc/arm-none-eabi/4.9.3/armv7-m/crtn.o
 .data          0x00000000        0x0 c:/program files (x86)/cypress/psoc creator/3.3/psoc creator/import/gnu/arm/4.9.3/bin/../lib/gcc/arm-none-eabi/4.9.3/armv7-m/crtn.o
 .bss           0x00000000        0x0 c:/program files (x86)/cypress/psoc creator/3.3/psoc creator/import/gnu/arm/4.9.3/bin/../lib/gcc/arm-none-eabi/4.9.3/armv7-m/crtn.o

Memory Configuration

Name             Origin             Length             Attributes
rom              0x00000000         0x00040000         xr
ram              0x1fff8000         0x00010000         xrw
*default*        0x00000000         0xffffffff

Linker script and memory map

LOAD c:/program files (x86)/cypress/psoc creator/3.3/psoc creator/import/gnu/arm/4.9.3/bin/../lib/gcc/arm-none-eabi/4.9.3/armv7-m/crti.o
LOAD c:/program files (x86)/cypress/psoc creator/3.3/psoc creator/import/gnu/arm/4.9.3/bin/../lib/gcc/arm-none-eabi/4.9.3/armv7-m/crtbegin.o
LOAD c:/program files (x86)/cypress/psoc creator/3.3/psoc creator/import/gnu/arm/4.9.3/bin/../lib/gcc/arm-none-eabi/4.9.3/../../../../arm-none-eabi/lib/armv7-m/crt0.o
START GROUP
LOAD .\CortexM3\ARM_GCC_493\Debug\main.o
LOAD .\CortexM3\ARM_GCC_493\Debug\cymetadata.o
LOAD .\CortexM3\ARM_GCC_493\Debug\Cm3Start.o
LOAD .\CortexM3\ARM_GCC_493\Debug\Test-I2C.a
LOAD C:\Program Files (x86)\Cypress\PSoC Creator\3.3\PSoC Creator\psoc\content\cycomponentlibrary\CyComponentLibrary.cylib\CortexM3\ARM_GCC_493\Debug\CyComponentLibrary.a
END GROUP
START GROUP
LOAD c:/program files (x86)/cypress/psoc creator/3.3/psoc creator/import/gnu/arm/4.9.3/bin/../lib/gcc/arm-none-eabi/4.9.3/armv7-m\libgcc.a
LOAD c:/program files (x86)/cypress/psoc creator/3.3/psoc creator/import/gnu/arm/4.9.3/bin/../lib/gcc/arm-none-eabi/4.9.3/../../../../arm-none-eabi/lib/armv7-m\libg_nano.a
LOAD c:/program files (x86)/cypress/psoc creator/3.3/psoc creator/import/gnu/arm/4.9.3/bin/../lib/gcc/arm-none-eabi/4.9.3/../../../../arm-none-eabi/lib/armv7-m\libc_nano.a
END GROUP
START GROUP
LOAD c:/program files (x86)/cypress/psoc creator/3.3/psoc creator/import/gnu/arm/4.9.3/bin/../lib/gcc/arm-none-eabi/4.9.3/armv7-m\libgcc.a
LOAD c:/program files (x86)/cypress/psoc creator/3.3/psoc creator/import/gnu/arm/4.9.3/bin/../lib/gcc/arm-none-eabi/4.9.3/../../../../arm-none-eabi/lib/armv7-m\libc_nano.a
END GROUP
LOAD c:/program files (x86)/cypress/psoc creator/3.3/psoc creator/import/gnu/arm/4.9.3/bin/../lib/gcc/arm-none-eabi/4.9.3/armv7-m/crtend.o
LOAD c:/program files (x86)/cypress/psoc creator/3.3/psoc creator/import/gnu/arm/4.9.3/bin/../lib/gcc/arm-none-eabi/4.9.3/armv7-m/crtn.o
START GROUP
LOAD c:/program files (x86)/cypress/psoc creator/3.3/psoc creator/import/gnu/arm/4.9.3/bin/../lib/gcc/arm-none-eabi/4.9.3/armv7-m\libgcc.a
LOAD c:/program files (x86)/cypress/psoc creator/3.3/psoc creator/import/gnu/arm/4.9.3/bin/../lib/gcc/arm-none-eabi/4.9.3/../../../../arm-none-eabi/lib/armv7-m\libc.a
LOAD c:/program files (x86)/cypress/psoc creator/3.3/psoc creator/import/gnu/arm/4.9.3/bin/../lib/gcc/arm-none-eabi/4.9.3/../../../../arm-none-eabi/lib/armv7-m\libnosys.a
END GROUP
                0x00000000                CY_APPL_ORIGIN = 0x0
                0x00000100                CY_FLASH_ROW_SIZE = 0x100
                0x00000020                CY_ECC_ROW_SIZE = 0x20
                0x00000000                CY_EE_IN_BTLDR = 0x0
                0x00000000                CY_APPL_LOADABLE = 0x0
                0x00000800                CY_EE_SIZE = 0x800
                0x00000001                CY_APPL_NUM = 0x1
                0x00000001                CY_APPL_MAX = 0x1
                0x00000040                CY_METADATA_SIZE = 0x40
                0x00000000                CY_APPL_LOADABLE = 0x0
                0x00000000                CY_CHECKSUM_EXCLUDE_SIZE = ALIGN (0x0, CY_FLASH_ROW_SIZE)
                0x1fff8158                PROVIDE (__cy_heap_start, _end)
                0x00000001                PROVIDE (__cy_region_num, ((__cy_regions_end - __cy_regions) / 0x10))
                0x20008000                PROVIDE (__cy_stack, (ORIGIN (ram) + 0x10000))
                0x20007800                PROVIDE (__cy_heap_end, (__cy_stack - 0x800))

.cybootloader   0x00000000        0x0
 *(.cybootloader)
                0x00000000                appl1_start = CY_APPL_ORIGIN?CY_APPL_ORIGIN:ALIGN (CY_FLASH_ROW_SIZE)
                0x0001ff00                appl2_start = (appl1_start + ALIGN ((((0x40000 - appl1_start) - (0x2 * CY_FLASH_ROW_SIZE)) / 0x2), CY_FLASH_ROW_SIZE))
                0x00000000                appl_start = (CY_APPL_NUM == 0x1)?appl1_start:appl2_start
                0x00000000                ecc_offset = ((appl_start / CY_FLASH_ROW_SIZE) * CY_ECC_ROW_SIZE)
                0x00000000                ee_offset = (CY_APPL_LOADABLE && ! (CY_EE_IN_BTLDR))?((CY_EE_SIZE / CY_APPL_MAX) * (CY_APPL_NUM - 0x1)):0x0
                0x00000800                ee_size = (CY_APPL_LOADABLE && ! (CY_EE_IN_BTLDR))?(CY_EE_SIZE / CY_APPL_MAX):CY_EE_SIZE
                0x00000000                PROVIDE (CY_ECC_OFFSET, ecc_offset)

.text           0x00000000      0x736
 CREATE_OBJECT_SYMBOLS
                0x00000000                PROVIDE (__cy_interrupt_vector, RomVectors)
 *(.romvectors)
 .romvectors    0x00000000       0x10 .\CortexM3\ARM_GCC_493\Debug\Cm3Start.o
                0x00000000                RomVectors
                0x00000001                ASSERT ((. != __cy_interrupt_vector), No interrupt vector)
                0x00000001                ASSERT (CY_APPL_ORIGIN?(SIZEOF (.cybootloader) <= CY_APPL_ORIGIN):0x1, Wrong image location)
                0x00000010                PROVIDE (__cy_reset, Reset)
 *(.text.Reset)
 .text.Reset    0x00000010       0x18 .\CortexM3\ARM_GCC_493\Debug\Cm3Start.o
                0x00000010                Reset
                0x00000001                ASSERT ((. != __cy_reset), No reset code)
 *(.dma_init)
                0x00000001                ASSERT ((((appl_start + .) <= 0x10000) || 0x1), DMA Init must be within the first 64k of flash)
 *(.text .text.* .gnu.linkonce.t.*)
 .text          0x00000028       0x5c c:/program files (x86)/cypress/psoc creator/3.3/psoc creator/import/gnu/arm/4.9.3/bin/../lib/gcc/arm-none-eabi/4.9.3/armv7-m/crtbegin.o
 .text.main     0x00000084       0x50 .\CortexM3\ARM_GCC_493\Debug\main.o
                0x00000084                main
 .text.IntDefaultHandler
                0x000000d4        0x4 .\CortexM3\ARM_GCC_493\Debug\Cm3Start.o
                0x000000d4                IntDefaultHandler
 .text.Start_c  0x000000d8       0x4c .\CortexM3\ARM_GCC_493\Debug\Cm3Start.o
                0x000000d8                Start_c
 .text.initialize_psoc
                0x00000124       0x74 .\CortexM3\ARM_GCC_493\Debug\Cm3Start.o
                0x00000124                initialize_psoc
 .text.CyClockStartupError
                0x00000198        0x4 .\CortexM3\ARM_GCC_493\Debug\Test-I2C.a(cyfitter_cfg.o)
 .text.cfg_write_bytes32
                0x0000019c       0x34 .\CortexM3\ARM_GCC_493\Debug\Test-I2C.a(cyfitter_cfg.o)
 .text.AnalogSetDefault
                0x000001d0       0x28 .\CortexM3\ARM_GCC_493\Debug\Test-I2C.a(cyfitter_cfg.o)
 .text.CYMEMZERO
                0x000001f8        0xc .\CortexM3\ARM_GCC_493\Debug\Test-I2C.a(cyfitter_cfg.o)
 .text.ClockSetup
                0x00000204       0x9c .\CortexM3\ARM_GCC_493\Debug\Test-I2C.a(cyfitter_cfg.o)
 .text.CYCONFIGCPY
                0x000002a0        0x8 .\CortexM3\ARM_GCC_493\Debug\Test-I2C.a(cyfitter_cfg.o)
 .text.cyfitter_cfg
                0x000002a8       0xcc .\CortexM3\ARM_GCC_493\Debug\Test-I2C.a(cyfitter_cfg.o)
                0x000002a8                cyfitter_cfg
 .text.EZI2C_Slave_Init
                0x00000374       0x70 .\CortexM3\ARM_GCC_493\Debug\Test-I2C.a(EZI2C_Slave.o)
                0x00000374                EZI2C_Slave_Init
 .text.EZI2C_Slave_Enable
                0x000003e4       0x30 .\CortexM3\ARM_GCC_493\Debug\Test-I2C.a(EZI2C_Slave.o)
                0x000003e4                EZI2C_Slave_Enable
 .text.EZI2C_Slave_Start
                0x00000414       0x1c .\CortexM3\ARM_GCC_493\Debug\Test-I2C.a(EZI2C_Slave.o)
                0x00000414                EZI2C_Slave_Start
 .text.EZI2C_Slave_SetBuffer1
                0x00000430       0x50 .\CortexM3\ARM_GCC_493\Debug\Test-I2C.a(EZI2C_Slave.o)
                0x00000430                EZI2C_Slave_SetBuffer1
 .text.EZI2C_Slave_ISR
                0x00000480      0x1c4 .\CortexM3\ARM_GCC_493\Debug\Test-I2C.a(EZI2C_Slave_INT.o)
                0x00000480                EZI2C_Slave_ISR
 *fill*         0x00000644        0x4 
 .text          0x00000648       0x20 .\CortexM3\ARM_GCC_493\Debug\Test-I2C.a(CyBootAsmGnu.o)
                0x00000648                CyDelayCycles
                0x00000658                CyEnterCriticalSection
                0x00000660                CyExitCriticalSection
 .text.CyHalt   0x00000668        0x4 .\CortexM3\ARM_GCC_493\Debug\Test-I2C.a(CyLib.o)
                0x00000668                CyHalt
 .text.CyIntSetVector
                0x0000066c       0x28 .\CortexM3\ARM_GCC_493\Debug\Test-I2C.a(CyLib.o)
                0x0000066c                CyIntSetVector
 .text.CyIntSetPriority
                0x00000694       0x30 .\CortexM3\ARM_GCC_493\Debug\Test-I2C.a(CyLib.o)
                0x00000694                CyIntSetPriority
 .text.__libc_init_array
                0x000006c4       0x4c c:/program files (x86)/cypress/psoc creator/3.3/psoc creator/import/gnu/arm/4.9.3/bin/../lib/gcc/arm-none-eabi/4.9.3/../../../../arm-none-eabi/lib/armv7-m\libg_nano.a(lib_a-init.o)
                0x000006c4                __libc_init_array
 .text.memcpy   0x00000710       0x16 c:/program files (x86)/cypress/psoc creator/3.3/psoc creator/import/gnu/arm/4.9.3/bin/../lib/gcc/arm-none-eabi/4.9.3/../../../../arm-none-eabi/lib/armv7-m\libg_nano.a(lib_a-memcpy.o)
                0x00000710                memcpy
 .text.memset   0x00000726       0x10 c:/program files (x86)/cypress/psoc creator/3.3/psoc creator/import/gnu/arm/4.9.3/bin/../lib/gcc/arm-none-eabi/4.9.3/../../../../arm-none-eabi/lib/armv7-m\libg_nano.a(lib_a-memset.o)
                0x00000726                memset
 *(.plt)
 *(.gnu.warning)
 *(.glue_7t)
 .glue_7t       0x00000000        0x0 linker stubs
 *(.glue_7)
 .glue_7        0x00000000        0x0 linker stubs
 *(.vfp11_veneer)
 .vfp11_veneer  0x00000000        0x0 linker stubs
 *(.bootloader)
 *(.ARM.extab* .gnu.linkonce.armextab.*)
 *(.gcc_except_table)

.v4_bx          0x00000738        0x0
 .v4_bx         0x00000000        0x0 linker stubs

.iplt           0x00000738        0x0
 .iplt          0x00000000        0x0 c:/program files (x86)/cypress/psoc creator/3.3/psoc creator/import/gnu/arm/4.9.3/bin/../lib/gcc/arm-none-eabi/4.9.3/armv7-m/crtbegin.o

.eh_frame_hdr
 *(.eh_frame_hdr)

.eh_frame       0x00000738        0x4
 *(.eh_frame)
 .eh_frame      0x00000738        0x0 c:/program files (x86)/cypress/psoc creator/3.3/psoc creator/import/gnu/arm/4.9.3/bin/../lib/gcc/arm-none-eabi/4.9.3/armv7-m/crtbegin.o
 .eh_frame      0x00000738        0x4 c:/program files (x86)/cypress/psoc creator/3.3/psoc creator/import/gnu/arm/4.9.3/bin/../lib/gcc/arm-none-eabi/4.9.3/armv7-m/crtend.o
                0x0000073c                PROVIDE (__exidx_start, .)

.ARM.exidx
 *(.ARM.exidx* .gnu.linkonce.armexidx.*)
                0x0000073c                __exidx_end = .

.rodata         0x0000073c       0x64
 *(.rodata .rodata.* .gnu.linkonce.r.*)
 .rodata        0x0000073c       0x30 .\CortexM3\ARM_GCC_493\Debug\Test-I2C.a(cyfitter_cfg.o)
                0x0000076c                . = ALIGN (0x4)
 *(.init)
 .init          0x0000076c        0x4 c:/program files (x86)/cypress/psoc creator/3.3/psoc creator/import/gnu/arm/4.9.3/bin/../lib/gcc/arm-none-eabi/4.9.3/armv7-m/crti.o
                0x0000076c                _init
 .init          0x00000770        0x8 c:/program files (x86)/cypress/psoc creator/3.3/psoc creator/import/gnu/arm/4.9.3/bin/../lib/gcc/arm-none-eabi/4.9.3/armv7-m/crtn.o
                0x00000778                . = ALIGN (0x4)
                0x00000778                __preinit_array_start = .
 *(.preinit_array)
                0x00000778                __preinit_array_end = .
                0x00000778                . = ALIGN (0x4)
                0x00000778                __init_array_start = .
 *(SORT(.init_array.*))
 *(.init_array)
 .init_array    0x00000778        0x4 c:/program files (x86)/cypress/psoc creator/3.3/psoc creator/import/gnu/arm/4.9.3/bin/../lib/gcc/arm-none-eabi/4.9.3/armv7-m/crtbegin.o
 .init_array    0x0000077c        0x4 .\CortexM3\ARM_GCC_493\Debug\Cm3Start.o
                0x00000780                __init_array_end = .
                0x00000780                . = ALIGN (0x4)
 *(.fini)
 .fini          0x00000780        0x4 c:/program files (x86)/cypress/psoc creator/3.3/psoc creator/import/gnu/arm/4.9.3/bin/../lib/gcc/arm-none-eabi/4.9.3/armv7-m/crti.o
                0x00000780                _fini
 .fini          0x00000784        0x8 c:/program files (x86)/cypress/psoc creator/3.3/psoc creator/import/gnu/arm/4.9.3/bin/../lib/gcc/arm-none-eabi/4.9.3/armv7-m/crtn.o
                0x0000078c                . = ALIGN (0x4)
                0x0000078c                __fini_array_start = .
 *(.fini_array)
 .fini_array    0x0000078c        0x4 c:/program files (x86)/cypress/psoc creator/3.3/psoc creator/import/gnu/arm/4.9.3/bin/../lib/gcc/arm-none-eabi/4.9.3/armv7-m/crtbegin.o
 *(SORT(.fini_array.*))
                0x00000790                __fini_array_end = .
                0x00000790                . = ALIGN (0x4)
 *crtbegin.o(.ctors)
 *(EXCLUDE_FILE(*crtend.o) .ctors)
 *(SORT(.ctors.*))
 *crtend.o(.ctors)
                0x00000790                . = ALIGN (0x4)
 *crtbegin.o(.dtors)
 *(EXCLUDE_FILE(*crtend.o) .dtors)
 *(SORT(.dtors.*))
 *crtend.o(.dtors)
                0x00000790                . = ALIGN (0x4)
                0x00000790                __cy_regions = .
                0x00000790        0x4 LONG 0x7a0 __cy_region_init_ram
                0x00000794        0x4 LONG 0x1fff8108 __cy_region_start_data
                0x00000798        0x4 LONG 0x8 __cy_region_init_size_ram
                0x0000079c        0x4 LONG 0x48 __cy_region_zero_size_ram
                0x000007a0                __cy_regions_end = .
                0x000007a0                . = ALIGN (0x8)
                0x000007a0                _etext = .

.cy_checksum_exclude
                0x000007a0        0x0
 *(.cy_checksum_exclude)

.ramvectors     0x1fff8000      0x100
                0x1fff8000                __cy_region_start_ram = .
 *(.ramvectors)
 .ramvectors    0x1fff8000      0x100 .\CortexM3\ARM_GCC_493\Debug\Cm3Start.o
                0x1fff8000                CyRamVectors

.noinit         0x1fff8100        0x5
 *(.noinit)
 .noinit        0x1fff8100        0x4 .\CortexM3\ARM_GCC_493\Debug\Cm3Start.o
 .noinit        0x1fff8104        0x1 .\CortexM3\ARM_GCC_493\Debug\Test-I2C.a(CyLib.o)
                0x1fff8104                CyResetStatus

.data           0x1fff8108        0x8 load address 0x000007a0
                0x1fff8108                __cy_region_start_data = .
 *(.jcr)
 .jcr           0x1fff8108        0x0 c:/program files (x86)/cypress/psoc creator/3.3/psoc creator/import/gnu/arm/4.9.3/bin/../lib/gcc/arm-none-eabi/4.9.3/armv7-m/crtbegin.o
 .jcr           0x1fff8108        0x4 c:/program files (x86)/cypress/psoc creator/3.3/psoc creator/import/gnu/arm/4.9.3/bin/../lib/gcc/arm-none-eabi/4.9.3/armv7-m/crtend.o
 *(.got.plt)
 *(.got)
 *(.shdata)
 *(.data .data.* .gnu.linkonce.d.*)
                0x1fff8110                . = ALIGN (0x8)
 *fill*         0x1fff810c        0x4 
 *(.ram)
                0x1fff8110                _edata = .

.igot.plt       0x1fff8110        0x0 load address 0x000007a8
 .igot.plt      0x00000000        0x0 c:/program files (x86)/cypress/psoc creator/3.3/psoc creator/import/gnu/arm/4.9.3/bin/../lib/gcc/arm-none-eabi/4.9.3/armv7-m/crtbegin.o

.bss            0x1fff8110       0x48 load address 0x000007a8
                0x1fff8110                PROVIDE (__bss_start__, .)
 *(.shbss)
 *(.bss .bss.* .gnu.linkonce.b.*)
 .bss           0x1fff8110       0x1c c:/program files (x86)/cypress/psoc creator/3.3/psoc creator/import/gnu/arm/4.9.3/bin/../lib/gcc/arm-none-eabi/4.9.3/armv7-m/crtbegin.o
 .bss           0x1fff812c       0x14 .\CortexM3\ARM_GCC_493\Debug\main.o
 .bss           0x1fff8140        0x1 .\CortexM3\ARM_GCC_493\Debug\Test-I2C.a(EZI2C_Slave.o)
                0x1fff8140                EZI2C_Slave_initVar
 .bss           0x1fff8141        0x2 .\CortexM3\ARM_GCC_493\Debug\Test-I2C.a(EZI2C_Slave_INT.o)
 *(COMMON)
 *fill*         0x1fff8143        0x1 
 COMMON         0x1fff8144        0xd .\CortexM3\ARM_GCC_493\Debug\Test-I2C.a(EZI2C_Slave.o)
                0x1fff8144                EZI2C_Slave_wrProtectS1
                0x1fff8146                EZI2C_Slave_curState
                0x1fff8147                EZI2C_Slave_rwOffsetS1
                0x1fff8148                EZI2C_Slave_dataPtrS1
                0x1fff814c                EZI2C_Slave_rwIndexS1
                0x1fff814e                EZI2C_Slave_bufSizeS1
                0x1fff8150                EZI2C_Slave_curStatus
                0x1fff8158                . = ALIGN (0x8)
 *fill*         0x1fff8151        0x7 
 *(.ram.b)
                0x1fff8158                _end = .
                0x1fff8158                __end = .
                0x1fff8158                PROVIDE (end, .)
                0x1fff8158                PROVIDE (__bss_end__, .)
                0x000007a0                __cy_region_init_ram = LOADADDR (.data)
                0x00000008                __cy_region_init_size_ram = (_edata - ADDR (.data))
                0x00000048                __cy_region_zero_size_ram = (_end - _edata)

.heap           0x1fff8158       0x80 load address 0x000007a8
                0x1fff8158                . = _end
                0x1fff81d8                . = (. + 0x80)
 *fill*         0x1fff8158       0x80 
                0x1fff81d8                __cy_heap_limit = .

.stack          0x20007800      0x800
                0x20007800                __cy_stack_limit = .
                0x20008000                . = (. + 0x800)
 *fill*         0x20007800      0x800 
                0x00000001                ASSERT ((__cy_stack_limit >= __cy_heap_limit), region RAM overflowed with stack)
                0x00000000                cy_checksum_exclude_size = (CY_APPL_LOADABLE == 0x1)?SIZEOF (.cy_checksum_exclude):0x0
                0x00000001                ASSERT ((cy_checksum_exclude_size <= CY_CHECKSUM_EXCLUDE_SIZE), CY_BOOT: Section .cy_checksum_exclude size exceedes specified limit.)

.cyloadermeta
 *(.cyloadermeta)

.cyloadablemeta
 *(.cyloadablemeta)

.cyconfigecc    0x80000000       0x90
 *(.cyconfigecc)
 .cyconfigecc   0x80000000       0x90 .\CortexM3\ARM_GCC_493\Debug\cymetadata.o
                0x80000000                cy_meta_configecc

.cycustnvl      0x90000000        0x4
 *(.cycustnvl)
 .cycustnvl     0x90000000        0x4 .\CortexM3\ARM_GCC_493\Debug\cymetadata.o
                0x90000000                cy_meta_custnvl

.cywolatch      0x90100000        0x4
 *(.cywolatch)
 .cywolatch     0x90100000        0x4 .\CortexM3\ARM_GCC_493\Debug\cymetadata.o
                0x90100000                cy_meta_wonvl

.cyeeprom       0x90200000        0x0
 *(.cyeeprom)
                0x00000001                ASSERT ((. <= ((0x90200000 + ee_offset) + ee_size)), .cyeeprom data will not fit in EEPROM)

.cyflashprotect
                0x90400000      0x100
 *(.cyflashprotect)
 .cyflashprotect
                0x90400000      0x100 .\CortexM3\ARM_GCC_493\Debug\cymetadata.o
                0x90400000                cy_meta_flashprotect

.cymeta         0x90500000        0xc
 *(.cymeta)
 .cymeta        0x90500000        0xc .\CortexM3\ARM_GCC_493\Debug\cymetadata.o
                0x90500000                cy_metadata

.rel.dyn        0x000007a8        0x0 load address 0x9050000c
 .rel.iplt      0x00000000        0x0 c:/program files (x86)/cypress/psoc creator/3.3/psoc creator/import/gnu/arm/4.9.3/bin/../lib/gcc/arm-none-eabi/4.9.3/armv7-m/crtbegin.o

.stab
 *(.stab)

.stabstr
 *(.stabstr)

.debug
 *(.debug)

.line
 *(.line)

.debug_srcinfo
 *(.debug_srcinfo)

.debug_sfnames
 *(.debug_sfnames)

.debug_aranges  0x00000000      0x5d0
 *(.debug_aranges)
 .debug_aranges
                0x00000000       0x20 .\CortexM3\ARM_GCC_493\Debug\main.o
 .debug_aranges
                0x00000020       0x18 .\CortexM3\ARM_GCC_493\Debug\cymetadata.o
 .debug_aranges
                0x00000038       0x48 .\CortexM3\ARM_GCC_493\Debug\Cm3Start.o
 .debug_aranges
                0x00000080       0x58 .\CortexM3\ARM_GCC_493\Debug\Test-I2C.a(cyfitter_cfg.o)
 .debug_aranges
                0x000000d8       0x58 .\CortexM3\ARM_GCC_493\Debug\Test-I2C.a(EZI2C_Slave.o)
 .debug_aranges
                0x00000130       0x38 .\CortexM3\ARM_GCC_493\Debug\Test-I2C.a(EZI2C_Slave_PM.o)
 .debug_aranges
                0x00000168       0x20 .\CortexM3\ARM_GCC_493\Debug\Test-I2C.a(EZI2C_Slave_INT.o)
 .debug_aranges
                0x00000188       0x20 .\CortexM3\ARM_GCC_493\Debug\Test-I2C.a(CyBootAsmGnu.o)
 .debug_aranges
                0x000001a8      0x298 .\CortexM3\ARM_GCC_493\Debug\Test-I2C.a(CyLib.o)
 .debug_aranges
                0x00000440       0x98 .\CortexM3\ARM_GCC_493\Debug\Test-I2C.a(cyPm.o)
 .debug_aranges
                0x000004d8       0x80 .\CortexM3\ARM_GCC_493\Debug\Test-I2C.a(CyFlash.o)
 .debug_aranges
                0x00000558       0x78 .\CortexM3\ARM_GCC_493\Debug\Test-I2C.a(CySpc.o)

.debug_pubnames
 *(.debug_pubnames)

.debug_info     0x00000000     0x3b76
 *(.debug_info .gnu.linkonce.wi.*)
 .debug_info    0x00000000      0x1d2 .\CortexM3\ARM_GCC_493\Debug\main.o
 .debug_info    0x000001d2      0x13a .\CortexM3\ARM_GCC_493\Debug\cymetadata.o
 .debug_info    0x0000030c      0x3a5 .\CortexM3\ARM_GCC_493\Debug\Cm3Start.o
 .debug_info    0x000006b1      0x487 .\CortexM3\ARM_GCC_493\Debug\Test-I2C.a(cyfitter_cfg.o)
 .debug_info    0x00000b38      0x3ca .\CortexM3\ARM_GCC_493\Debug\Test-I2C.a(EZI2C_Slave.o)
 .debug_info    0x00000f02      0x1ed .\CortexM3\ARM_GCC_493\Debug\Test-I2C.a(EZI2C_Slave_PM.o)
 .debug_info    0x000010ef      0x141 .\CortexM3\ARM_GCC_493\Debug\Test-I2C.a(EZI2C_Slave_INT.o)
 .debug_info    0x00001230       0x83 .\CortexM3\ARM_GCC_493\Debug\Test-I2C.a(CyBootAsmGnu.o)
 .debug_info    0x000012b3     0x1371 .\CortexM3\ARM_GCC_493\Debug\Test-I2C.a(CyLib.o)
 .debug_info    0x00002624      0xa58 .\CortexM3\ARM_GCC_493\Debug\Test-I2C.a(cyPm.o)
 .debug_info    0x0000307c      0x60a .\CortexM3\ARM_GCC_493\Debug\Test-I2C.a(CyFlash.o)
 .debug_info    0x00003686      0x4f0 .\CortexM3\ARM_GCC_493\Debug\Test-I2C.a(CySpc.o)

.debug_abbrev   0x00000000     0x10e6
 *(.debug_abbrev)
 .debug_abbrev  0x00000000       0xf9 .\CortexM3\ARM_GCC_493\Debug\main.o
 .debug_abbrev  0x000000f9       0x5d .\CortexM3\ARM_GCC_493\Debug\cymetadata.o
 .debug_abbrev  0x00000156      0x20f .\CortexM3\ARM_GCC_493\Debug\Cm3Start.o
 .debug_abbrev  0x00000365      0x1dc .\CortexM3\ARM_GCC_493\Debug\Test-I2C.a(cyfitter_cfg.o)
 .debug_abbrev  0x00000541      0x1d0 .\CortexM3\ARM_GCC_493\Debug\Test-I2C.a(EZI2C_Slave.o)
 .debug_abbrev  0x00000711      0x12b .\CortexM3\ARM_GCC_493\Debug\Test-I2C.a(EZI2C_Slave_PM.o)
 .debug_abbrev  0x0000083c       0x81 .\CortexM3\ARM_GCC_493\Debug\Test-I2C.a(EZI2C_Slave_INT.o)
 .debug_abbrev  0x000008bd       0x14 .\CortexM3\ARM_GCC_493\Debug\Test-I2C.a(CyBootAsmGnu.o)
 .debug_abbrev  0x000008d1      0x296 .\CortexM3\ARM_GCC_493\Debug\Test-I2C.a(CyLib.o)
 .debug_abbrev  0x00000b67      0x1ed .\CortexM3\ARM_GCC_493\Debug\Test-I2C.a(cyPm.o)
 .debug_abbrev  0x00000d54      0x1d1 .\CortexM3\ARM_GCC_493\Debug\Test-I2C.a(CyFlash.o)
 .debug_abbrev  0x00000f25      0x1c1 .\CortexM3\ARM_GCC_493\Debug\Test-I2C.a(CySpc.o)

.debug_line     0x00000000     0x18b8
 *(.debug_line)
 .debug_line    0x00000000      0x182 .\CortexM3\ARM_GCC_493\Debug\main.o
 .debug_line    0x00000182       0x53 .\CortexM3\ARM_GCC_493\Debug\cymetadata.o
 .debug_line    0x000001d5      0x249 .\CortexM3\ARM_GCC_493\Debug\Cm3Start.o
 .debug_line    0x0000041e      0x1d9 .\CortexM3\ARM_GCC_493\Debug\Test-I2C.a(cyfitter_cfg.o)
 .debug_line    0x000005f7      0x141 .\CortexM3\ARM_GCC_493\Debug\Test-I2C.a(EZI2C_Slave.o)
 .debug_line    0x00000738       0xc8 .\CortexM3\ARM_GCC_493\Debug\Test-I2C.a(EZI2C_Slave_PM.o)
 .debug_line    0x00000800       0xba .\CortexM3\ARM_GCC_493\Debug\Test-I2C.a(EZI2C_Slave_INT.o)
 .debug_line    0x000008ba       0x68 .\CortexM3\ARM_GCC_493\Debug\Test-I2C.a(CyBootAsmGnu.o)
 .debug_line    0x00000922      0x806 .\CortexM3\ARM_GCC_493\Debug\Test-I2C.a(CyLib.o)
 .debug_line    0x00001128      0x366 .\CortexM3\ARM_GCC_493\Debug\Test-I2C.a(cyPm.o)
 .debug_line    0x0000148e      0x1ec .\CortexM3\ARM_GCC_493\Debug\Test-I2C.a(CyFlash.o)
 .debug_line    0x0000167a      0x23e .\CortexM3\ARM_GCC_493\Debug\Test-I2C.a(CySpc.o)

.debug_frame    0x00000000      0xfe0
 *(.debug_frame)
 .debug_frame   0x00000000       0x2c .\CortexM3\ARM_GCC_493\Debug\main.o
 .debug_frame   0x0000002c       0xac .\CortexM3\ARM_GCC_493\Debug\Cm3Start.o
 .debug_frame   0x000000d8       0xe4 .\CortexM3\ARM_GCC_493\Debug\Test-I2C.a(cyfitter_cfg.o)
 .debug_frame   0x000001bc       0xe0 .\CortexM3\ARM_GCC_493\Debug\Test-I2C.a(EZI2C_Slave.o)
 .debug_frame   0x0000029c       0x74 .\CortexM3\ARM_GCC_493\Debug\Test-I2C.a(EZI2C_Slave_PM.o)
 .debug_frame   0x00000310       0x20 .\CortexM3\ARM_GCC_493\Debug\Test-I2C.a(EZI2C_Slave_INT.o)
 .debug_frame   0x00000330      0x728 .\CortexM3\ARM_GCC_493\Debug\Test-I2C.a(CyLib.o)
 .debug_frame   0x00000a58      0x1f8 .\CortexM3\ARM_GCC_493\Debug\Test-I2C.a(cyPm.o)
 .debug_frame   0x00000c50      0x174 .\CortexM3\ARM_GCC_493\Debug\Test-I2C.a(CyFlash.o)
 .debug_frame   0x00000dc4      0x160 .\CortexM3\ARM_GCC_493\Debug\Test-I2C.a(CySpc.o)
 .debug_frame   0x00000f24       0x20 c:/program files (x86)/cypress/psoc creator/3.3/psoc creator/import/gnu/arm/4.9.3/bin/../lib/gcc/arm-none-eabi/4.9.3/../../../../arm-none-eabi/lib/armv7-m\libg_nano.a(lib_a-errno.o)
 .debug_frame   0x00000f44       0x28 c:/program files (x86)/cypress/psoc creator/3.3/psoc creator/import/gnu/arm/4.9.3/bin/../lib/gcc/arm-none-eabi/4.9.3/../../../../arm-none-eabi/lib/armv7-m\libg_nano.a(lib_a-exit.o)
 .debug_frame   0x00000f6c       0x2c c:/program files (x86)/cypress/psoc creator/3.3/psoc creator/import/gnu/arm/4.9.3/bin/../lib/gcc/arm-none-eabi/4.9.3/../../../../arm-none-eabi/lib/armv7-m\libg_nano.a(lib_a-init.o)
 .debug_frame   0x00000f98       0x28 c:/program files (x86)/cypress/psoc creator/3.3/psoc creator/import/gnu/arm/4.9.3/bin/../lib/gcc/arm-none-eabi/4.9.3/../../../../arm-none-eabi/lib/armv7-m\libg_nano.a(lib_a-memcpy.o)
 .debug_frame   0x00000fc0       0x20 c:/program files (x86)/cypress/psoc creator/3.3/psoc creator/import/gnu/arm/4.9.3/bin/../lib/gcc/arm-none-eabi/4.9.3/../../../../arm-none-eabi/lib/armv7-m\libg_nano.a(lib_a-memset.o)

.debug_str      0x00000000     0x1573
 *(.debug_str)
 .debug_str     0x00000000      0x1ce .\CortexM3\ARM_GCC_493\Debug\main.o
                                0x229 (size before relaxing)
 .debug_str     0x000001ce       0x77 .\CortexM3\ARM_GCC_493\Debug\cymetadata.o
                                0x1dd (size before relaxing)
 .debug_str     0x00000245      0x165 .\CortexM3\ARM_GCC_493\Debug\Cm3Start.o
                                0x2f1 (size before relaxing)
 .debug_str     0x000003aa      0x156 .\CortexM3\ARM_GCC_493\Debug\Test-I2C.a(cyfitter_cfg.o)
                                0x2f6 (size before relaxing)
 .debug_str     0x00000500      0x22e .\CortexM3\ARM_GCC_493\Debug\Test-I2C.a(EZI2C_Slave.o)
                                0x3f9 (size before relaxing)
 .debug_str     0x0000072e       0x80 .\CortexM3\ARM_GCC_493\Debug\Test-I2C.a(EZI2C_Slave_PM.o)
                                0x2a1 (size before relaxing)
 .debug_str     0x000007ae       0x47 .\CortexM3\ARM_GCC_493\Debug\Test-I2C.a(EZI2C_Slave_INT.o)
                                0x255 (size before relaxing)
 .debug_str     0x000007f5      0x7de .\CortexM3\ARM_GCC_493\Debug\Test-I2C.a(CyLib.o)
                                0xa16 (size before relaxing)
 .debug_str     0x00000fd3      0x35b .\CortexM3\ARM_GCC_493\Debug\Test-I2C.a(cyPm.o)
                                0x70e (size before relaxing)
 .debug_str     0x0000132e      0x197 .\CortexM3\ARM_GCC_493\Debug\Test-I2C.a(CyFlash.o)
                                0x388 (size before relaxing)
 .debug_str     0x000014c5       0xae .\CortexM3\ARM_GCC_493\Debug\Test-I2C.a(CySpc.o)
                                0x311 (size before relaxing)

.debug_loc      0x00000000     0x1905
 *(.debug_loc)
 .debug_loc     0x00000000      0x144 .\CortexM3\ARM_GCC_493\Debug\Cm3Start.o
 .debug_loc     0x00000144      0x1d7 .\CortexM3\ARM_GCC_493\Debug\Test-I2C.a(cyfitter_cfg.o)
 .debug_loc     0x0000031b       0x95 .\CortexM3\ARM_GCC_493\Debug\Test-I2C.a(EZI2C_Slave.o)
 .debug_loc     0x000003b0       0x13 .\CortexM3\ARM_GCC_493\Debug\Test-I2C.a(EZI2C_Slave_PM.o)
 .debug_loc     0x000003c3      0xa11 .\CortexM3\ARM_GCC_493\Debug\Test-I2C.a(CyLib.o)
 .debug_loc     0x00000dd4      0x1e4 .\CortexM3\ARM_GCC_493\Debug\Test-I2C.a(cyPm.o)
 .debug_loc     0x00000fb8      0x300 .\CortexM3\ARM_GCC_493\Debug\Test-I2C.a(CyFlash.o)
 .debug_loc     0x000012b8      0x64d .\CortexM3\ARM_GCC_493\Debug\Test-I2C.a(CySpc.o)

.debug_macinfo
 *(.debug_macinfo)

.debug_ranges   0x00000000      0x4f8
 *(.debug_ranges)
 .debug_ranges  0x00000000       0x10 .\CortexM3\ARM_GCC_493\Debug\main.o
 .debug_ranges  0x00000010       0x38 .\CortexM3\ARM_GCC_493\Debug\Cm3Start.o
 .debug_ranges  0x00000048       0x48 .\CortexM3\ARM_GCC_493\Debug\Test-I2C.a(cyfitter_cfg.o)
 .debug_ranges  0x00000090       0x48 .\CortexM3\ARM_GCC_493\Debug\Test-I2C.a(EZI2C_Slave.o)
 .debug_ranges  0x000000d8       0x28 .\CortexM3\ARM_GCC_493\Debug\Test-I2C.a(EZI2C_Slave_PM.o)
 .debug_ranges  0x00000100       0x10 .\CortexM3\ARM_GCC_493\Debug\Test-I2C.a(EZI2C_Slave_INT.o)
 .debug_ranges  0x00000110      0x288 .\CortexM3\ARM_GCC_493\Debug\Test-I2C.a(CyLib.o)
 .debug_ranges  0x00000398       0x88 .\CortexM3\ARM_GCC_493\Debug\Test-I2C.a(cyPm.o)
 .debug_ranges  0x00000420       0x70 .\CortexM3\ARM_GCC_493\Debug\Test-I2C.a(CyFlash.o)
 .debug_ranges  0x00000490       0x68 .\CortexM3\ARM_GCC_493\Debug\Test-I2C.a(CySpc.o)

.comment        0x00000000       0x70
 .comment       0x00000000       0x70 .\CortexM3\ARM_GCC_493\Debug\main.o
                                 0x71 (size before relaxing)
 .comment       0x00000000       0x71 .\CortexM3\ARM_GCC_493\Debug\cymetadata.o
 .comment       0x00000000       0x71 .\CortexM3\ARM_GCC_493\Debug\Cm3Start.o
 .comment       0x00000000       0x71 .\CortexM3\ARM_GCC_493\Debug\Test-I2C.a(cyfitter_cfg.o)
 .comment       0x00000000       0x71 .\CortexM3\ARM_GCC_493\Debug\Test-I2C.a(EZI2C_Slave.o)
 .comment       0x00000000       0x71 .\CortexM3\ARM_GCC_493\Debug\Test-I2C.a(EZI2C_Slave_PM.o)
 .comment       0x00000000       0x71 .\CortexM3\ARM_GCC_493\Debug\Test-I2C.a(EZI2C_Slave_INT.o)
 .comment       0x00000000       0x71 .\CortexM3\ARM_GCC_493\Debug\Test-I2C.a(CyLib.o)
 .comment       0x00000000       0x71 .\CortexM3\ARM_GCC_493\Debug\Test-I2C.a(cyPm.o)
 .comment       0x00000000       0x71 .\CortexM3\ARM_GCC_493\Debug\Test-I2C.a(CyFlash.o)
 .comment       0x00000000       0x71 .\CortexM3\ARM_GCC_493\Debug\Test-I2C.a(CySpc.o)

.debug_weaknames
 *(.debug_weaknames)

.debug_funcnames
 *(.debug_funcnames)

.debug_typenames
 *(.debug_typenames)

.debug_varnames
 *(.debug_varnames)

.note.gnu.arm.ident
 *(.note.gnu.arm.ident)

.ARM.attributes
                0x00000000       0x29
 *(.ARM.attributes)
 .ARM.attributes
                0x00000000       0x1d c:/program files (x86)/cypress/psoc creator/3.3/psoc creator/import/gnu/arm/4.9.3/bin/../lib/gcc/arm-none-eabi/4.9.3/armv7-m/crti.o
 .ARM.attributes
                0x0000001d       0x2d c:/program files (x86)/cypress/psoc creator/3.3/psoc creator/import/gnu/arm/4.9.3/bin/../lib/gcc/arm-none-eabi/4.9.3/armv7-m/crtbegin.o
 .ARM.attributes
                0x0000004a       0x1b c:/program files (x86)/cypress/psoc creator/3.3/psoc creator/import/gnu/arm/4.9.3/bin/../lib/gcc/arm-none-eabi/4.9.3/../../../../arm-none-eabi/lib/armv7-m/crt0.o
 .ARM.attributes
                0x00000065       0x33 .\CortexM3\ARM_GCC_493\Debug\main.o
 .ARM.attributes
                0x00000098       0x33 .\CortexM3\ARM_GCC_493\Debug\cymetadata.o
 .ARM.attributes
                0x000000cb       0x33 .\CortexM3\ARM_GCC_493\Debug\Cm3Start.o
 .ARM.attributes
                0x000000fe       0x33 .\CortexM3\ARM_GCC_493\Debug\Test-I2C.a(cyfitter_cfg.o)
 .ARM.attributes
                0x00000131       0x33 .\CortexM3\ARM_GCC_493\Debug\Test-I2C.a(EZI2C_Slave.o)
 .ARM.attributes
                0x00000164       0x33 .\CortexM3\ARM_GCC_493\Debug\Test-I2C.a(EZI2C_Slave_PM.o)
 .ARM.attributes
                0x00000197       0x33 .\CortexM3\ARM_GCC_493\Debug\Test-I2C.a(EZI2C_Slave_INT.o)
 .ARM.attributes
                0x000001ca       0x21 .\CortexM3\ARM_GCC_493\Debug\Test-I2C.a(CyBootAsmGnu.o)
 .ARM.attributes
                0x000001eb       0x33 .\CortexM3\ARM_GCC_493\Debug\Test-I2C.a(CyLib.o)
 .ARM.attributes
                0x0000021e       0x33 .\CortexM3\ARM_GCC_493\Debug\Test-I2C.a(cyPm.o)
 .ARM.attributes
                0x00000251       0x33 .\CortexM3\ARM_GCC_493\Debug\Test-I2C.a(CyFlash.o)
 .ARM.attributes
                0x00000284       0x33 .\CortexM3\ARM_GCC_493\Debug\Test-I2C.a(CySpc.o)
 .ARM.attributes
                0x000002b7       0x2d c:/program files (x86)/cypress/psoc creator/3.3/psoc creator/import/gnu/arm/4.9.3/bin/../lib/gcc/arm-none-eabi/4.9.3/../../../../arm-none-eabi/lib/armv7-m\libg_nano.a(lib_a-errno.o)
 .ARM.attributes
                0x000002e4       0x2d c:/program files (x86)/cypress/psoc creator/3.3/psoc creator/import/gnu/arm/4.9.3/bin/../lib/gcc/arm-none-eabi/4.9.3/../../../../arm-none-eabi/lib/armv7-m\libg_nano.a(lib_a-exit.o)
 .ARM.attributes
                0x00000311       0x2d c:/program files (x86)/cypress/psoc creator/3.3/psoc creator/import/gnu/arm/4.9.3/bin/../lib/gcc/arm-none-eabi/4.9.3/../../../../arm-none-eabi/lib/armv7-m\libg_nano.a(lib_a-impure.o)
 .ARM.attributes
                0x0000033e       0x2d c:/program files (x86)/cypress/psoc creator/3.3/psoc creator/import/gnu/arm/4.9.3/bin/../lib/gcc/arm-none-eabi/4.9.3/../../../../arm-none-eabi/lib/armv7-m\libg_nano.a(lib_a-init.o)
 .ARM.attributes
                0x0000036b       0x2d c:/program files (x86)/cypress/psoc creator/3.3/psoc creator/import/gnu/arm/4.9.3/bin/../lib/gcc/arm-none-eabi/4.9.3/../../../../arm-none-eabi/lib/armv7-m\libg_nano.a(lib_a-memcpy.o)
 .ARM.attributes
                0x00000398       0x2d c:/program files (x86)/cypress/psoc creator/3.3/psoc creator/import/gnu/arm/4.9.3/bin/../lib/gcc/arm-none-eabi/4.9.3/../../../../arm-none-eabi/lib/armv7-m\libg_nano.a(lib_a-memset.o)
 .ARM.attributes
                0x000003c5       0x2d c:/program files (x86)/cypress/psoc creator/3.3/psoc creator/import/gnu/arm/4.9.3/bin/../lib/gcc/arm-none-eabi/4.9.3/armv7-m/crtend.o
 .ARM.attributes
                0x000003f2       0x1d c:/program files (x86)/cypress/psoc creator/3.3/psoc creator/import/gnu/arm/4.9.3/bin/../lib/gcc/arm-none-eabi/4.9.3/armv7-m/crtn.o

/DISCARD/
 *(.note.GNU-stack)
OUTPUT(.\CortexM3\ARM_GCC_493\Debug\Test-I2C.elf elf32-littlearm)
