Archive member included because of file (symbol)

.\CortexM3\ARM_GCC_493\Debug\Test-Hw.a(cyfitter_cfg.o)
                              .\CortexM3\ARM_GCC_493\Debug\Cm3Start.o (cyfitter_cfg)
.\CortexM3\ARM_GCC_493\Debug\Test-Hw.a(EZI2C_Slave.o)
                              .\CortexM3\ARM_GCC_493\Debug\i2ctest.o (EZI2C_Slave_Start)
.\CortexM3\ARM_GCC_493\Debug\Test-Hw.a(EZI2C_Slave_PM.o)
                              .\CortexM3\ARM_GCC_493\Debug\Test-Hw.a(EZI2C_Slave.o) (EZI2C_Slave_backup)
.\CortexM3\ARM_GCC_493\Debug\Test-Hw.a(EZI2C_Slave_INT.o)
                              .\CortexM3\ARM_GCC_493\Debug\Test-Hw.a(EZI2C_Slave.o) (EZI2C_Slave_ISR)
.\CortexM3\ARM_GCC_493\Debug\Test-Hw.a(CyBootAsmGnu.o)
                              .\CortexM3\ARM_GCC_493\Debug\Test-Hw.a(cyfitter_cfg.o) (CyDelayCycles)
.\CortexM3\ARM_GCC_493\Debug\Test-Hw.a(CyLib.o)
                              .\CortexM3\ARM_GCC_493\Debug\Cm3Start.o (CyHalt)
.\CortexM3\ARM_GCC_493\Debug\Test-Hw.a(cyPm.o)
                              .\CortexM3\ARM_GCC_493\Debug\Test-Hw.a(CyLib.o) (CyPmReadStatus)
.\CortexM3\ARM_GCC_493\Debug\Test-Hw.a(EEPROM.o)
                              .\CortexM3\ARM_GCC_493\Debug\nvstore.o (EEPROM_Start)
.\CortexM3\ARM_GCC_493\Debug\Test-Hw.a(USBUART.o)
                              .\CortexM3\ARM_GCC_493\Debug\serialtest.o (USBUART_Start)
.\CortexM3\ARM_GCC_493\Debug\Test-Hw.a(USBUART_cdc.o)
                              .\CortexM3\ARM_GCC_493\Debug\serialtest.o (USBUART_CDC_Init)
.\CortexM3\ARM_GCC_493\Debug\Test-Hw.a(USBUART_drv.o)
                              .\CortexM3\ARM_GCC_493\Debug\Test-Hw.a(USBUART.o) (USBUART_lastPacketSize)
.\CortexM3\ARM_GCC_493\Debug\Test-Hw.a(USBUART_episr.o)
                              .\CortexM3\ARM_GCC_493\Debug\Test-Hw.a(USBUART.o) (USBUART_EP_1_ISR)
.\CortexM3\ARM_GCC_493\Debug\Test-Hw.a(USBUART_pm.o)
                              .\CortexM3\ARM_GCC_493\Debug\Test-Hw.a(USBUART.o) (USBUART_DP_ISR)
.\CortexM3\ARM_GCC_493\Debug\Test-Hw.a(USBUART_std.o)
                              .\CortexM3\ARM_GCC_493\Debug\Test-Hw.a(USBUART_pm.o) (USBUART_ConfigReg)
.\CortexM3\ARM_GCC_493\Debug\Test-Hw.a(USBUART_vnd.o)
                              .\CortexM3\ARM_GCC_493\Debug\Test-Hw.a(USBUART_drv.o) (USBUART_HandleVendorRqst)
.\CortexM3\ARM_GCC_493\Debug\Test-Hw.a(USBUART_Dp.o)
                              .\CortexM3\ARM_GCC_493\Debug\Test-Hw.a(USBUART_pm.o) (USBUART_Dp_ClearInterrupt)
.\CortexM3\ARM_GCC_493\Debug\Test-Hw.a(CyFlash.o)
                              .\CortexM3\ARM_GCC_493\Debug\Test-Hw.a(EEPROM.o) (dieTemperature)
.\CortexM3\ARM_GCC_493\Debug\Test-Hw.a(CySpc.o)
                              .\CortexM3\ARM_GCC_493\Debug\Test-Hw.a(EEPROM.o) (CySpcStart)
.\CortexM3\ARM_GCC_493\Debug\Test-Hw.a(USBUART_cls.o)
                              .\CortexM3\ARM_GCC_493\Debug\Test-Hw.a(USBUART_drv.o) (USBUART_DispatchClassRqst)
.\CortexM3\ARM_GCC_493\Debug\Test-Hw.a(USBUART_descr.o)
                              .\CortexM3\ARM_GCC_493\Debug\Test-Hw.a(USBUART_std.o) (USBUART_idSerialNumberStringDescriptor)
c:/program files (x86)/cypress/psoc creator/3.3/psoc creator/import/gnu/arm/4.9.3/bin/../lib/gcc/arm-none-eabi/4.9.3/../../../../arm-none-eabi/lib/armv7-m\libm.a(lib_a-w_pow.o)
                              .\CortexM3\ARM_GCC_493\Debug\utils.o (pow)
c:/program files (x86)/cypress/psoc creator/3.3/psoc creator/import/gnu/arm/4.9.3/bin/../lib/gcc/arm-none-eabi/4.9.3/../../../../arm-none-eabi/lib/armv7-m\libm.a(lib_a-e_pow.o)
                              c:/program files (x86)/cypress/psoc creator/3.3/psoc creator/import/gnu/arm/4.9.3/bin/../lib/gcc/arm-none-eabi/4.9.3/../../../../arm-none-eabi/lib/armv7-m\libm.a(lib_a-w_pow.o) (__ieee754_pow)
c:/program files (x86)/cypress/psoc creator/3.3/psoc creator/import/gnu/arm/4.9.3/bin/../lib/gcc/arm-none-eabi/4.9.3/../../../../arm-none-eabi/lib/armv7-m\libm.a(lib_a-e_sqrt.o)
                              c:/program files (x86)/cypress/psoc creator/3.3/psoc creator/import/gnu/arm/4.9.3/bin/../lib/gcc/arm-none-eabi/4.9.3/../../../../arm-none-eabi/lib/armv7-m\libm.a(lib_a-e_pow.o) (__ieee754_sqrt)
c:/program files (x86)/cypress/psoc creator/3.3/psoc creator/import/gnu/arm/4.9.3/bin/../lib/gcc/arm-none-eabi/4.9.3/../../../../arm-none-eabi/lib/armv7-m\libm.a(lib_a-s_fabs.o)
                              c:/program files (x86)/cypress/psoc creator/3.3/psoc creator/import/gnu/arm/4.9.3/bin/../lib/gcc/arm-none-eabi/4.9.3/../../../../arm-none-eabi/lib/armv7-m\libm.a(lib_a-e_pow.o) (fabs)
c:/program files (x86)/cypress/psoc creator/3.3/psoc creator/import/gnu/arm/4.9.3/bin/../lib/gcc/arm-none-eabi/4.9.3/../../../../arm-none-eabi/lib/armv7-m\libm.a(lib_a-s_finite.o)
                              c:/program files (x86)/cypress/psoc creator/3.3/psoc creator/import/gnu/arm/4.9.3/bin/../lib/gcc/arm-none-eabi/4.9.3/../../../../arm-none-eabi/lib/armv7-m\libm.a(lib_a-w_pow.o) (finite)
[...]
Memory Configuration

Name             Origin             Length             Attributes
rom              0x00000000         0x00040000         xr
ram              0x1fff8000         0x00010000         xrw
*default*        0x00000000         0xffffffff

Linker script and memory map

LOAD c:/program files (x86)/cypress/psoc creator/3.3/psoc creator/import/gnu/arm/4.9.3/bin/../lib/gcc/arm-none-eabi/4.9.3/armv7-m/crti.o
LOAD c:/program files (x86)/cypress/psoc creator/3.3/psoc creator/import/gnu/arm/4.9.3/bin/../lib/gcc/arm-none-eabi/4.9.3/armv7-m/crtbegin.o
LOAD c:/program files (x86)/cypress/psoc creator/3.3/psoc creator/import/gnu/arm/4.9.3/bin/../lib/gcc/arm-none-eabi/4.9.3/../../../../arm-none-eabi/lib/armv7-m/crt0.o
START GROUP
LOAD .\CortexM3\ARM_GCC_493\Debug\main.o
LOAD .\CortexM3\ARM_GCC_493\Debug\utils.o
LOAD .\CortexM3\ARM_GCC_493\Debug\nvstore.o
LOAD .\CortexM3\ARM_GCC_493\Debug\i2ctest.o
LOAD .\CortexM3\ARM_GCC_493\Debug\eepromtest.o
LOAD .\CortexM3\ARM_GCC_493\Debug\serialtest.o
LOAD .\CortexM3\ARM_GCC_493\Debug\cymetadata.o
LOAD .\CortexM3\ARM_GCC_493\Debug\Cm3Start.o
LOAD .\CortexM3\ARM_GCC_493\Debug\Test-Hw.a
LOAD C:\Program Files (x86)\Cypress\PSoC Creator\3.3\PSoC Creator\psoc\content\cycomponentlibrary\CyComponentLibrary.cylib\CortexM3\ARM_GCC_493\Debug\CyComponentLibrary.a
LOAD c:/program files (x86)/cypress/psoc creator/3.3/psoc creator/import/gnu/arm/4.9.3/bin/../lib/gcc/arm-none-eabi/4.9.3/../../../../arm-none-eabi/lib/armv7-m\libm.a
END GROUP
START GROUP
LOAD c:/program files (x86)/cypress/psoc creator/3.3/psoc creator/import/gnu/arm/4.9.3/bin/../lib/gcc/arm-none-eabi/4.9.3/armv7-m\libgcc.a
LOAD c:/program files (x86)/cypress/psoc creator/3.3/psoc creator/import/gnu/arm/4.9.3/bin/../lib/gcc/arm-none-eabi/4.9.3/../../../../arm-none-eabi/lib/armv7-m\libg_nano.a
LOAD c:/program files (x86)/cypress/psoc creator/3.3/psoc creator/import/gnu/arm/4.9.3/bin/../lib/gcc/arm-none-eabi/4.9.3/../../../../arm-none-eabi/lib/armv7-m\libc_nano.a
END GROUP
START GROUP
LOAD c:/program files (x86)/cypress/psoc creator/3.3/psoc creator/import/gnu/arm/4.9.3/bin/../lib/gcc/arm-none-eabi/4.9.3/armv7-m\libgcc.a
LOAD c:/program files (x86)/cypress/psoc creator/3.3/psoc creator/import/gnu/arm/4.9.3/bin/../lib/gcc/arm-none-eabi/4.9.3/../../../../arm-none-eabi/lib/armv7-m\libc_nano.a
END GROUP
LOAD c:/program files (x86)/cypress/psoc creator/3.3/psoc creator/import/gnu/arm/4.9.3/bin/../lib/gcc/arm-none-eabi/4.9.3/armv7-m/crtend.o
LOAD c:/program files (x86)/cypress/psoc creator/3.3/psoc creator/import/gnu/arm/4.9.3/bin/../lib/gcc/arm-none-eabi/4.9.3/armv7-m/crtn.o
START GROUP
LOAD c:/program files (x86)/cypress/psoc creator/3.3/psoc creator/import/gnu/arm/4.9.3/bin/../lib/gcc/arm-none-eabi/4.9.3/armv7-m\libgcc.a
LOAD c:/program files (x86)/cypress/psoc creator/3.3/psoc creator/import/gnu/arm/4.9.3/bin/../lib/gcc/arm-none-eabi/4.9.3/../../../../arm-none-eabi/lib/armv7-m\libc.a
LOAD c:/program files (x86)/cypress/psoc creator/3.3/psoc creator/import/gnu/arm/4.9.3/bin/../lib/gcc/arm-none-eabi/4.9.3/../../../../arm-none-eabi/lib/armv7-m\libnosys.a
END GROUP
                0x00000000                CY_APPL_ORIGIN = 0x0
                0x00000100                CY_FLASH_ROW_SIZE = 0x100
                0x00000020                CY_ECC_ROW_SIZE = 0x20
                0x00000000                CY_EE_IN_BTLDR = 0x0
                0x00000000                CY_APPL_LOADABLE = 0x0
                0x00000800                CY_EE_SIZE = 0x800
                0x00000001                CY_APPL_NUM = 0x1
                0x00000001                CY_APPL_MAX = 0x1
                0x00000040                CY_METADATA_SIZE = 0x40
                0x00000000                CY_APPL_LOADABLE = 0x0
                0x00000000                CY_CHECKSUM_EXCLUDE_SIZE = ALIGN (0x0, CY_FLASH_ROW_SIZE)
                0x1fff82e8                PROVIDE (__cy_heap_start, _end)
                0x00000001                PROVIDE (__cy_region_num, ((__cy_regions_end - __cy_regions) / 0x10))
                0x20008000                PROVIDE (__cy_stack, (ORIGIN (ram) + 0x10000))
                0x20007800                PROVIDE (__cy_heap_end, (__cy_stack - 0x800))

.cybootloader   0x00000000        0x0
 *(.cybootloader)
                0x00000000                appl1_start = CY_APPL_ORIGIN?CY_APPL_ORIGIN:ALIGN (CY_FLASH_ROW_SIZE)
                0x0001ff00                appl2_start = (appl1_start + ALIGN ((((0x40000 - appl1_start) - (0x2 * CY_FLASH_ROW_SIZE)) / 0x2), CY_FLASH_ROW_SIZE))
                0x00000000                appl_start = (CY_APPL_NUM == 0x1)?appl1_start:appl2_start
                0x00000000                ecc_offset = ((appl_start / CY_FLASH_ROW_SIZE) * CY_ECC_ROW_SIZE)
                0x00000000                ee_offset = (CY_APPL_LOADABLE && ! (CY_EE_IN_BTLDR))?((CY_EE_SIZE / CY_APPL_MAX) * (CY_APPL_NUM - 0x1)):0x0
                0x00000800                ee_size = (CY_APPL_LOADABLE && ! (CY_EE_IN_BTLDR))?(CY_EE_SIZE / CY_APPL_MAX):CY_EE_SIZE
                0x00000000                PROVIDE (CY_ECC_OFFSET, ecc_offset)

.text           0x00000000     0x63f0
 CREATE_OBJECT_SYMBOLS
                0x00000000                PROVIDE (__cy_interrupt_vector, RomVectors)
 *(.romvectors)
 .romvectors    0x00000000       0x10 .\CortexM3\ARM_GCC_493\Debug\Cm3Start.o
                0x00000000                RomVectors
                0x00000001                ASSERT ((. != __cy_interrupt_vector), No interrupt vector)
                0x00000001                ASSERT (CY_APPL_ORIGIN?(SIZEOF (.cybootloader) <= CY_APPL_ORIGIN):0x1, Wrong image location)
                0x00000010                PROVIDE (__cy_reset, Reset)
 *(.text.Reset)
 .text.Reset    0x00000010       0x18 .\CortexM3\ARM_GCC_493\Debug\Cm3Start.o
                0x00000010                Reset
                0x00000001                ASSERT ((. != __cy_reset), No reset code)
 *(.dma_init)
                0x00000001                ASSERT ((((appl_start + .) <= 0x10000) || 0x1), DMA Init must be within the first 64k of flash)
 *(.text .text.* .gnu.linkonce.t.*)
 .text          0x00000028       0x5c c:/program files (x86)/cypress/psoc creator/3.3/psoc creator/import/gnu/arm/4.9.3/bin/../lib/gcc/arm-none-eabi/4.9.3/armv7-m/crtbegin.o
 .text.main     0x00000084        0xc .\CortexM3\ARM_GCC_493\Debug\main.o
                0x00000084                main
 .text.insert_zeros
                0x00000090       0x30 .\CortexM3\ARM_GCC_493\Debug\utils.o
 .text.ftoa     0x000000c0       0xa4 .\CortexM3\ARM_GCC_493\Debug\utils.o
                0x000000c0                ftoa
 .text.Ser_Update
                0x00000164       0x14 .\CortexM3\ARM_GCC_493\Debug\serialtest.o
 .text.Ser_ReadByte
                0x00000178       0x1c .\CortexM3\ARM_GCC_493\Debug\serialtest.o
 .text.Ser_WriteByte
                0x00000194       0x1c .\CortexM3\ARM_GCC_493\Debug\serialtest.o
 .text.GetCommand
                0x000001b0       0xa4 .\CortexM3\ARM_GCC_493\Debug\serialtest.o
 .text.ReadResponse
                0x00000254       0x48 .\CortexM3\ARM_GCC_493\Debug\serialtest.o
 .text.Ser_PutString
                0x0000029c       0x1c .\CortexM3\ARM_GCC_493\Debug\serialtest.o
 .text.DisplayBias
                0x000002b8       0x2c .\CortexM3\ARM_GCC_493\Debug\serialtest.o
 .text.DisplayMenu
                0x000002e4       0x54 .\CortexM3\ARM_GCC_493\Debug\serialtest.o
 .text.writeread
                0x00000338      0x100 .\CortexM3\ARM_GCC_493\Debug\serialtest.o
 .text.UsbuartTest
                0x00000438       0x10 .\CortexM3\ARM_GCC_493\Debug\serialtest.o
                0x00000438                UsbuartTest
 .text.IntDefaultHandler
                0x00000448        0x4 .\CortexM3\ARM_GCC_493\Debug\Cm3Start.o
                0x00000448                IntDefaultHandler
 .text._sbrk    0x0000044c       0x30 .\CortexM3\ARM_GCC_493\Debug\Cm3Start.o
                0x0000044c                _sbrk
 .text.Start_c  0x0000047c       0x4c .\CortexM3\ARM_GCC_493\Debug\Cm3Start.o
                0x0000047c                Start_c
 .text.initialize_psoc
                0x000004c8       0x74 .\CortexM3\ARM_GCC_493\Debug\Cm3Start.o
                0x000004c8                initialize_psoc
 .text.CyClockStartupError
                0x0000053c        0x4 .\CortexM3\ARM_GCC_493\Debug\Test-Hw.a(cyfitter_cfg.o)
 .text.cfg_write_bytes32
                0x00000540       0x34 .\CortexM3\ARM_GCC_493\Debug\Test-Hw.a(cyfitter_cfg.o)
 .text.AnalogSetDefault
                0x00000574       0x28 .\CortexM3\ARM_GCC_493\Debug\Test-Hw.a(cyfitter_cfg.o)
 .text.CYMEMZERO
                0x0000059c        0xc .\CortexM3\ARM_GCC_493\Debug\Test-Hw.a(cyfitter_cfg.o)
 .text.ClockSetup
                0x000005a8       0xa0 .\CortexM3\ARM_GCC_493\Debug\Test-Hw.a(cyfitter_cfg.o)
 .text.CYCONFIGCPY
                0x00000648        0x8 .\CortexM3\ARM_GCC_493\Debug\Test-Hw.a(cyfitter_cfg.o)
 .text.cyfitter_cfg
                0x00000650       0xd4 .\CortexM3\ARM_GCC_493\Debug\Test-Hw.a(cyfitter_cfg.o)
                0x00000650                cyfitter_cfg
 *fill*         0x00000724        0x4 
 .text          0x00000728       0x20 .\CortexM3\ARM_GCC_493\Debug\Test-Hw.a(CyBootAsmGnu.o)
                0x00000728                CyDelayCycles
                0x00000738                CyEnterCriticalSection
                0x00000740                CyExitCriticalSection
 .text.CyHalt   0x00000748        0x4 .\CortexM3\ARM_GCC_493\Debug\Test-Hw.a(CyLib.o)
                0x00000748                CyHalt
 .text.CyDelay  0x0000074c       0x2c .\CortexM3\ARM_GCC_493\Debug\Test-Hw.a(CyLib.o)
                0x0000074c                CyDelay
 .text.CyDelayUs
                0x00000778       0x14 .\CortexM3\ARM_GCC_493\Debug\Test-Hw.a(CyLib.o)
                0x00000778                CyDelayUs
 .text.CyIntSetVector
                0x0000078c       0x28 .\CortexM3\ARM_GCC_493\Debug\Test-Hw.a(CyLib.o)
                0x0000078c                CyIntSetVector
 .text.CyIntSetPriority
                0x000007b4       0x30 .\CortexM3\ARM_GCC_493\Debug\Test-Hw.a(CyLib.o)
                0x000007b4                CyIntSetPriority
 .text.CyGetUniqueId
                0x000007e4       0x70 .\CortexM3\ARM_GCC_493\Debug\Test-Hw.a(CyLib.o)
                0x000007e4                CyGetUniqueId
 .text.USBUART_Init
                0x00000854      0x140 .\CortexM3\ARM_GCC_493\Debug\Test-Hw.a(USBUART.o)
                0x00000854                USBUART_Init
 .text.USBUART_InitComponent
                0x00000994       0xb8 .\CortexM3\ARM_GCC_493\Debug\Test-Hw.a(USBUART.o)
                0x00000994                USBUART_InitComponent
 .text.USBUART_Start
                0x00000a4c       0x24 .\CortexM3\ARM_GCC_493\Debug\Test-Hw.a(USBUART.o)
                0x00000a4c                USBUART_Start
 .text.USBUART_ReInitComponent
                0x00000a70       0x4c .\CortexM3\ARM_GCC_493\Debug\Test-Hw.a(USBUART.o)
                0x00000a70                USBUART_ReInitComponent
 .text.USBUART_GetConfiguration
                0x00000abc        0xc .\CortexM3\ARM_GCC_493\Debug\Test-Hw.a(USBUART.o)
                0x00000abc                USBUART_GetConfiguration
 .text.USBUART_IsConfigurationChanged
                0x00000ac8       0x20 .\CortexM3\ARM_GCC_493\Debug\Test-Hw.a(USBUART.o)
                0x00000ac8                USBUART_IsConfigurationChanged
 .text.USBUART_GetEPState
                0x00000ae8       0x14 .\CortexM3\ARM_GCC_493\Debug\Test-Hw.a(USBUART.o)
                0x00000ae8                USBUART_GetEPState
 .text.USBUART_GetEPCount
                0x00000afc       0x28 .\CortexM3\ARM_GCC_493\Debug\Test-Hw.a(USBUART.o)
                0x00000afc                USBUART_GetEPCount
 .text.USBUART_LoadInEP
                0x00000b24       0x94 .\CortexM3\ARM_GCC_493\Debug\Test-Hw.a(USBUART.o)
                0x00000b24                USBUART_LoadInEP
 .text.USBUART_EnableOutEP
                0x00000bb8       0x2c .\CortexM3\ARM_GCC_493\Debug\Test-Hw.a(USBUART.o)
                0x00000bb8                USBUART_EnableOutEP
 .text.USBUART_ReadOutEP
                0x00000be4       0x50 .\CortexM3\ARM_GCC_493\Debug\Test-Hw.a(USBUART.o)
                0x00000be4                USBUART_ReadOutEP
 .text.USBUART_StrLen
                0x00000c34       0x14 .\CortexM3\ARM_GCC_493\Debug\Test-Hw.a(USBUART_cdc.o)
 .text.USBUART_GetInterfaceComPort
                0x00000c48       0x3c .\CortexM3\ARM_GCC_493\Debug\Test-Hw.a(USBUART_cdc.o)
                0x00000c48                USBUART_GetInterfaceComPort
 .text.USBUART_DispatchCDCClassRqst
                0x00000c84       0x98 .\CortexM3\ARM_GCC_493\Debug\Test-Hw.a(USBUART_cdc.o)
                0x00000c84                USBUART_DispatchCDCClassRqst
 .text.USBUART_CDC_Init
                0x00000d1c       0x98 .\CortexM3\ARM_GCC_493\Debug\Test-Hw.a(USBUART_cdc.o)
                0x00000d1c                USBUART_CDC_Init
 .text.USBUART_PutString
                0x00000db4       0x9c .\CortexM3\ARM_GCC_493\Debug\Test-Hw.a(USBUART_cdc.o)
                0x00000db4                USBUART_PutString
 .text.USBUART_PutChar
                0x00000e50       0x28 .\CortexM3\ARM_GCC_493\Debug\Test-Hw.a(USBUART_cdc.o)
                0x00000e50                USBUART_PutChar
 .text.USBUART_DataIsReady
                0x00000e78       0x18 .\CortexM3\ARM_GCC_493\Debug\Test-Hw.a(USBUART_cdc.o)
                0x00000e78                USBUART_DataIsReady
 .text.USBUART_CDCIsReady
                0x00000e90       0x18 .\CortexM3\ARM_GCC_493\Debug\Test-Hw.a(USBUART_cdc.o)
                0x00000e90                USBUART_CDCIsReady
 .text.USBUART_GetChar
                0x00000ea8       0x28 .\CortexM3\ARM_GCC_493\Debug\Test-Hw.a(USBUART_cdc.o)
                0x00000ea8                USBUART_GetChar
 .text.USBUART_Cdc_EpInit
                0x00000ed0       0x50 .\CortexM3\ARM_GCC_493\Debug\Test-Hw.a(USBUART_cdc.o)
                0x00000ed0                USBUART_Cdc_EpInit
 .text.USBUART_LoadEP0
                0x00000f20       0x94 .\CortexM3\ARM_GCC_493\Debug\Test-Hw.a(USBUART_drv.o)
                0x00000f20                USBUART_LoadEP0
 .text.USBUART_InitZeroLengthControlTransfer
                0x00000fb4       0x34 .\CortexM3\ARM_GCC_493\Debug\Test-Hw.a(USBUART_drv.o)
                0x00000fb4                USBUART_InitZeroLengthControlTransfer
 .text.USBUART_ControlReadDataStage
                0x00000fe8        0x8 .\CortexM3\ARM_GCC_493\Debug\Test-Hw.a(USBUART_drv.o)
                0x00000fe8                USBUART_ControlReadDataStage
 .text.USBUART_ControlWriteDataStage
                0x00000ff0       0x80 .\CortexM3\ARM_GCC_493\Debug\Test-Hw.a(USBUART_drv.o)
                0x00000ff0                USBUART_ControlWriteDataStage
 .text.USBUART_InitNoDataControlTransfer
                0x00001070       0x2c .\CortexM3\ARM_GCC_493\Debug\Test-Hw.a(USBUART_drv.o)
                0x00001070                USBUART_InitNoDataControlTransfer
 .text.USBUART_UpdateStatusBlock
                0x0000109c       0x24 .\CortexM3\ARM_GCC_493\Debug\Test-Hw.a(USBUART_drv.o)
                0x0000109c                USBUART_UpdateStatusBlock
 .text.USBUART_HandleSetup
                0x000010c0       0x5c .\CortexM3\ARM_GCC_493\Debug\Test-Hw.a(USBUART_drv.o)
                0x000010c0                USBUART_HandleSetup
 .text.USBUART_ControlReadStatusStage
                0x0000111c       0x34 .\CortexM3\ARM_GCC_493\Debug\Test-Hw.a(USBUART_drv.o)
                0x0000111c                USBUART_ControlReadStatusStage
 .text.USBUART_HandleOUT
                0x00001150       0x38 .\CortexM3\ARM_GCC_493\Debug\Test-Hw.a(USBUART_drv.o)
                0x00001150                USBUART_HandleOUT
 .text.USBUART_ControlWriteStatusStage
                0x00001188       0x20 .\CortexM3\ARM_GCC_493\Debug\Test-Hw.a(USBUART_drv.o)
                0x00001188                USBUART_ControlWriteStatusStage
 .text.USBUART_NoDataControlStatusStage
                0x000011a8       0x40 .\CortexM3\ARM_GCC_493\Debug\Test-Hw.a(USBUART_drv.o)
                0x000011a8                USBUART_NoDataControlStatusStage
 .text.USBUART_HandleIN
                0x000011e8       0x2c .\CortexM3\ARM_GCC_493\Debug\Test-Hw.a(USBUART_drv.o)
                0x000011e8                USBUART_HandleIN
 .text.USBUART_EP_0_ISR
                0x00001214       0xb8 .\CortexM3\ARM_GCC_493\Debug\Test-Hw.a(USBUART_drv.o)
                0x00001214                USBUART_EP_0_ISR
 .text.USBUART_InitializeStatusBlock
                0x000012cc       0x24 .\CortexM3\ARM_GCC_493\Debug\Test-Hw.a(USBUART_drv.o)
                0x000012cc                USBUART_InitializeStatusBlock
 .text.USBUART_InitControlRead
                0x000012f0       0x50 .\CortexM3\ARM_GCC_493\Debug\Test-Hw.a(USBUART_drv.o)
                0x000012f0                USBUART_InitControlRead
 .text.USBUART_InitControlWrite
                0x00001340       0x48 .\CortexM3\ARM_GCC_493\Debug\Test-Hw.a(USBUART_drv.o)
                0x00001340                USBUART_InitControlWrite
 .text.USBUART_EP_1_ISR
                0x00001388       0x38 .\CortexM3\ARM_GCC_493\Debug\Test-Hw.a(USBUART_episr.o)
                0x00001388                USBUART_EP_1_ISR
 .text.USBUART_EP_2_ISR
                0x000013c0       0x3c .\CortexM3\ARM_GCC_493\Debug\Test-Hw.a(USBUART_episr.o)
                0x000013c0                USBUART_EP_2_ISR
 .text.USBUART_EP_3_ISR
                0x000013fc       0x44 .\CortexM3\ARM_GCC_493\Debug\Test-Hw.a(USBUART_episr.o)
                0x000013fc                USBUART_EP_3_ISR
 .text.USBUART_SOF_ISR
                0x00001440        0x4 .\CortexM3\ARM_GCC_493\Debug\Test-Hw.a(USBUART_episr.o)
                0x00001440                USBUART_SOF_ISR
 .text.USBUART_BUS_RESET_ISR
                0x00001444        0x8 .\CortexM3\ARM_GCC_493\Debug\Test-Hw.a(USBUART_episr.o)
                0x00001444                USBUART_BUS_RESET_ISR
 .text.USBUART_DP_ISR
                0x0000144c        0x8 .\CortexM3\ARM_GCC_493\Debug\Test-Hw.a(USBUART_pm.o)
                0x0000144c                USBUART_DP_ISR
 .text.USBUART_ReadDieID
                0x00001454       0x6c .\CortexM3\ARM_GCC_493\Debug\Test-Hw.a(USBUART_std.o)
                0x00001454                USBUART_ReadDieID
 .text.USBUART_ConfigReg
                0x000014c0       0xa4 .\CortexM3\ARM_GCC_493\Debug\Test-Hw.a(USBUART_std.o)
                0x000014c0                USBUART_ConfigReg
 .text.USBUART_GetConfigTablePtr
                0x00001564       0x28 .\CortexM3\ARM_GCC_493\Debug\Test-Hw.a(USBUART_std.o)
                0x00001564                USBUART_GetConfigTablePtr
 .text.USBUART_ConfigAltChanged
                0x0000158c      0x11c .\CortexM3\ARM_GCC_493\Debug\Test-Hw.a(USBUART_std.o)
                0x0000158c                USBUART_ConfigAltChanged
 .text.USBUART_GetDeviceTablePtr
                0x000016a8       0x18 .\CortexM3\ARM_GCC_493\Debug\Test-Hw.a(USBUART_std.o)
                0x000016a8                USBUART_GetDeviceTablePtr
 .text.USBUART_GetInterfaceClassTablePtr
                0x000016c0       0x24 .\CortexM3\ARM_GCC_493\Debug\Test-Hw.a(USBUART_std.o)
                0x000016c0                USBUART_GetInterfaceClassTablePtr
 .text.USBUART_Config
                0x000016e4      0x1e4 .\CortexM3\ARM_GCC_493\Debug\Test-Hw.a(USBUART_std.o)
                0x000016e4                USBUART_Config
 .text.USBUART_SetEndpointHalt
                0x000018c8       0x64 .\CortexM3\ARM_GCC_493\Debug\Test-Hw.a(USBUART_std.o)
                0x000018c8                USBUART_SetEndpointHalt
 .text.USBUART_ClearEndpointHalt
                0x0000192c       0xa8 .\CortexM3\ARM_GCC_493\Debug\Test-Hw.a(USBUART_std.o)
                0x0000192c                USBUART_ClearEndpointHalt
 .text.USBUART_ValidateAlternateSetting
                0x000019d4       0x4c .\CortexM3\ARM_GCC_493\Debug\Test-Hw.a(USBUART_std.o)
                0x000019d4                USBUART_ValidateAlternateSetting
 .text.USBUART_HandleStandardRqst
                0x00001a20      0x350 .\CortexM3\ARM_GCC_493\Debug\Test-Hw.a(USBUART_std.o)
                0x00001a20                USBUART_HandleStandardRqst
 .text.USBUART_HandleVendorRqst
                0x00001d70       0x18 .\CortexM3\ARM_GCC_493\Debug\Test-Hw.a(USBUART_vnd.o)
                0x00001d70                USBUART_HandleVendorRqst
 .text.USBUART_Dp_ClearInterrupt
                0x00001d88       0x10 .\CortexM3\ARM_GCC_493\Debug\Test-Hw.a(USBUART_Dp.o)
                0x00001d88                USBUART_Dp_ClearInterrupt
 .text.USBUART_DispatchClassRqst
                0x00001d98       0x58 .\CortexM3\ARM_GCC_493\Debug\Test-Hw.a(USBUART_cls.o)
                0x00001d98                USBUART_DispatchClassRqst
 .text.pow      0x00001df0      0x2f0 c:/program files (x86)/cypress/psoc creator/3.3/psoc creator/import/gnu/arm/4.9.3/bin/../lib/gcc/arm-none-eabi/4.9.3/../../../../arm-none-eabi/lib/armv7-m\libm.a(lib_a-w_pow.o)
                0x00001df0                pow
 .text.__ieee754_pow
                0x000020e0      0xaa0 c:/program files (x86)/cypress/psoc creator/3.3/psoc creator/import/gnu/arm/4.9.3/bin/../lib/gcc/arm-none-eabi/4.9.3/../../../../arm-none-eabi/lib/armv7-m\libm.a(lib_a-e_pow.o)
                0x000020e0                __ieee754_pow
 .text.__ieee754_sqrt
                0x00002b80      0x18c c:/program files (x86)/cypress/psoc creator/3.3/psoc creator/import/gnu/arm/4.9.3/bin/../lib/gcc/arm-none-eabi/4.9.3/../../../../arm-none-eabi/lib/armv7-m\libm.a(lib_a-e_sqrt.o)
                0x00002b80                __ieee754_sqrt
 .text.fabs     0x00002d0c        0x8 c:/program files (x86)/cypress/psoc creator/3.3/psoc creator/import/gnu/arm/4.9.3/bin/../lib/gcc/arm-none-eabi/4.9.3/../../../../arm-none-eabi/lib/armv7-m\libm.a(lib_a-s_fabs.o)
                0x00002d0c                fabs
 .text.finite   0x00002d14        0xc c:/program files (x86)/cypress/psoc creator/3.3/psoc creator/import/gnu/arm/4.9.3/bin/../lib/gcc/arm-none-eabi/4.9.3/../../../../arm-none-eabi/lib/armv7-m\libm.a(lib_a-s_finite.o)
                0x00002d14                finite
 .text.__fpclassifyd
                0x00002d20       0x58 c:/program files (x86)/cypress/psoc creator/3.3/psoc creator/import/gnu/arm/4.9.3/bin/../lib/gcc/arm-none-eabi/4.9.3/../../../../arm-none-eabi/lib/armv7-m\libm.a(lib_a-s_fpclassify.o)
                0x00002d20                __fpclassifyd
 .text.matherr  0x00002d78        0x4 c:/program files (x86)/cypress/psoc creator/3.3/psoc creator/import/gnu/arm/4.9.3/bin/../lib/gcc/arm-none-eabi/4.9.3/../../../../arm-none-eabi/lib/armv7-m\libm.a(lib_a-s_matherr.o)
                0x00002d78                matherr
 .text.nan      0x00002d7c        0xc c:/program files (x86)/cypress/psoc creator/3.3/psoc creator/import/gnu/arm/4.9.3/bin/../lib/gcc/arm-none-eabi/4.9.3/../../../../arm-none-eabi/lib/armv7-m\libm.a(lib_a-s_nan.o)
                0x00002d7c                nan
 .text.rint     0x00002d88      0x11c c:/program files (x86)/cypress/psoc creator/3.3/psoc creator/import/gnu/arm/4.9.3/bin/../lib/gcc/arm-none-eabi/4.9.3/../../../../arm-none-eabi/lib/armv7-m\libm.a(lib_a-s_rint.o)
                0x00002d88                rint
 *fill*         0x00002ea4        0x4 
 .text.scalbn   0x00002ea8       0xf0 c:/program files (x86)/cypress/psoc creator/3.3/psoc creator/import/gnu/arm/4.9.3/bin/../lib/gcc/arm-none-eabi/4.9.3/../../../../arm-none-eabi/lib/armv7-m\libm.a(lib_a-s_scalbn.o)
                0x00002ea8                scalbn
 .text.copysign
                0x00002f98       0x10 c:/program files (x86)/cypress/psoc creator/3.3/psoc creator/import/gnu/arm/4.9.3/bin/../lib/gcc/arm-none-eabi/4.9.3/../../../../arm-none-eabi/lib/armv7-m\libm.a(lib_a-s_copysign.o)
                0x00002f98                copysign
 .text          0x00002fa8      0x370 c:/program files (x86)/cypress/psoc creator/3.3/psoc creator/import/gnu/arm/4.9.3/bin/../lib/gcc/arm-none-eabi/4.9.3/armv7-m\libgcc.a(_arm_addsubdf3.o)
                0x00002fa8                __aeabi_drsub
                0x00002fb0                __aeabi_dsub
                0x00002fb0                __subdf3
                0x00002fb4                __aeabi_dadd
                0x00002fb4                __adddf3
                0x0000322c                __floatunsidf
                0x0000322c                __aeabi_ui2d
                0x0000324c                __floatsidf
                0x0000324c                __aeabi_i2d
                0x00003270                __aeabi_f2d
                0x00003270                __extendsfdf2
                0x000032ac                __floatundidf
                0x000032ac                __aeabi_ul2d
                0x000032bc                __floatdidf
                0x000032bc                __aeabi_l2d
 .text          0x00003318      0x424 c:/program files (x86)/cypress/psoc creator/3.3/psoc creator/import/gnu/arm/4.9.3/bin/../lib/gcc/arm-none-eabi/4.9.3/armv7-m\libgcc.a(_arm_muldivdf3.o)
                0x00003318                __aeabi_dmul
                0x00003318                __muldf3
                0x0000356c                __divdf3
                0x0000356c                __aeabi_ddiv
 .text          0x0000373c      0x110 c:/program files (x86)/cypress/psoc creator/3.3/psoc creator/import/gnu/arm/4.9.3/bin/../lib/gcc/arm-none-eabi/4.9.3/armv7-m\libgcc.a(_arm_cmpdf2.o)
                0x0000373c                __gtdf2
                0x0000373c                __gedf2
                0x00003744                __ltdf2
                0x00003744                __ledf2
                0x0000374c                __nedf2
                0x0000374c                __eqdf2
                0x0000374c                __cmpdf2
                0x000037c8                __aeabi_cdrcmple
                0x000037d8                __aeabi_cdcmpeq
                0x000037d8                __aeabi_cdcmple
                0x000037e8                __aeabi_dcmpeq
                0x000037fc                __aeabi_dcmplt
                0x00003810                __aeabi_dcmple
                0x00003824                __aeabi_dcmpge
                0x00003838                __aeabi_dcmpgt
 .text          0x0000384c       0x50 c:/program files (x86)/cypress/psoc creator/3.3/psoc creator/import/gnu/arm/4.9.3/bin/../lib/gcc/arm-none-eabi/4.9.3/armv7-m\libgcc.a(_arm_fixdfsi.o)
                0x0000384c                __aeabi_d2iz
                0x0000384c                __fixdfsi
 .text          0x0000389c       0xa0 c:/program files (x86)/cypress/psoc creator/3.3/psoc creator/import/gnu/arm/4.9.3/bin/../lib/gcc/arm-none-eabi/4.9.3/armv7-m\libgcc.a(_arm_truncdfsf2.o)
                0x0000389c                __truncdfsf2
                0x0000389c                __aeabi_d2f
 .text          0x0000393c      0x21c c:/program files (x86)/cypress/psoc creator/3.3/psoc creator/import/gnu/arm/4.9.3/bin/../lib/gcc/arm-none-eabi/4.9.3/armv7-m\libgcc.a(_arm_addsubsf3.o)
                0x0000393c                __aeabi_frsub
                0x00003944                __subsf3
                0x00003944                __aeabi_fsub
                0x00003948                __aeabi_fadd
                0x00003948                __addsf3
                0x00003aa8                __aeabi_ui2f
                0x00003aa8                __floatunsisf
                0x00003ab0                __aeabi_i2f
                0x00003ab0                __floatsisf
                0x00003acc                __aeabi_ul2f
                0x00003acc                __floatundisf
                0x00003adc                __aeabi_l2f
                0x00003adc                __floatdisf
 .text          0x00003b58      0x2a0 c:/program files (x86)/cypress/psoc creator/3.3/psoc creator/import/gnu/arm/4.9.3/bin/../lib/gcc/arm-none-eabi/4.9.3/armv7-m\libgcc.a(_arm_muldivsf3.o)
                0x00003b58                __mulsf3
                0x00003b58                __aeabi_fmul
                0x00003cc0                __aeabi_fdiv
                0x00003cc0                __divsf3
 .text          0x00003df8       0xec c:/program files (x86)/cypress/psoc creator/3.3/psoc creator/import/gnu/arm/4.9.3/bin/../lib/gcc/arm-none-eabi/4.9.3/armv7-m\libgcc.a(_arm_cmpsf2.o)
                0x00003df8                __gesf2
                0x00003df8                __gtsf2
                0x00003e00                __lesf2
                0x00003e00                __ltsf2
                0x00003e08                __nesf2
                0x00003e08                __eqsf2
                0x00003e08                __cmpsf2
                0x00003e68                __aeabi_cfrcmple
                0x00003e70                __aeabi_cfcmpeq
                0x00003e70                __aeabi_cfcmple
                0x00003e80                __aeabi_fcmpeq
                0x00003e94                __aeabi_fcmplt
                0x00003ea8                __aeabi_fcmple
                0x00003ebc                __aeabi_fcmpge
                0x00003ed0                __aeabi_fcmpgt
 .text          0x00003ee4       0x4c c:/program files (x86)/cypress/psoc creator/3.3/psoc creator/import/gnu/arm/4.9.3/bin/../lib/gcc/arm-none-eabi/4.9.3/armv7-m\libgcc.a(_arm_fixsfsi.o)
                0x00003ee4                __aeabi_f2iz
                0x00003ee4                __fixsfsi
 .text.atof     0x00003f30        0x6 c:/program files (x86)/cypress/psoc creator/3.3/psoc creator/import/gnu/arm/4.9.3/bin/../lib/gcc/arm-none-eabi/4.9.3/../../../../arm-none-eabi/lib/armv7-m\libg_nano.a(lib_a-atof.o)
                0x00003f30                atof
 *fill*         0x00003f36        0x2 
 .text.__errno  0x00003f38        0xc c:/program files (x86)/cypress/psoc creator/3.3/psoc creator/import/gnu/arm/4.9.3/bin/../lib/gcc/arm-none-eabi/4.9.3/../../../../arm-none-eabi/lib/armv7-m\libg_nano.a(lib_a-errno.o)
                0x00003f38                __errno
 .text.__libc_init_array
                0x00003f44       0x4c c:/program files (x86)/cypress/psoc creator/3.3/psoc creator/import/gnu/arm/4.9.3/bin/../lib/gcc/arm-none-eabi/4.9.3/../../../../arm-none-eabi/lib/armv7-m\libg_nano.a(lib_a-init.o)
                0x00003f44                __libc_init_array
 .text.__itoa   0x00003f90       0x2e c:/program files (x86)/cypress/psoc creator/3.3/psoc creator/import/gnu/arm/4.9.3/bin/../lib/gcc/arm-none-eabi/4.9.3/../../../../arm-none-eabi/lib/armv7-m\libg_nano.a(lib_a-itoa.o)
                0x00003f90                __itoa
 .text.itoa     0x00003fbe        0x4 c:/program files (x86)/cypress/psoc creator/3.3/psoc creator/import/gnu/arm/4.9.3/bin/../lib/gcc/arm-none-eabi/4.9.3/../../../../arm-none-eabi/lib/armv7-m\libg_nano.a(lib_a-itoa.o)
                0x00003fbe                itoa
 .text.memcpy   0x00003fc2       0x16 c:/program files (x86)/cypress/psoc creator/3.3/psoc creator/import/gnu/arm/4.9.3/bin/../lib/gcc/arm-none-eabi/4.9.3/../../../../arm-none-eabi/lib/armv7-m\libg_nano.a(lib_a-memcpy.o)
                0x00003fc2                memcpy
 .text.memset   0x00003fd8       0x10 c:/program files (x86)/cypress/psoc creator/3.3/psoc creator/import/gnu/arm/4.9.3/bin/../lib/gcc/arm-none-eabi/4.9.3/../../../../arm-none-eabi/lib/armv7-m\libg_nano.a(lib_a-memset.o)
                0x00003fd8                memset
 .text._printf_common
                0x00003fe8       0xea c:/program files (x86)/cypress/psoc creator/3.3/psoc creator/import/gnu/arm/4.9.3/bin/../lib/gcc/arm-none-eabi/4.9.3/../../../../arm-none-eabi/lib/armv7-m\libg_nano.a(lib_a-nano-vfprintf_i.o)
                0x00003fe8                _printf_common
 *fill*         0x000040d2        0x2 
 .text._printf_i
                0x000040d4      0x240 c:/program files (x86)/cypress/psoc creator/3.3/psoc creator/import/gnu/arm/4.9.3/bin/../lib/gcc/arm-none-eabi/4.9.3/../../../../arm-none-eabi/lib/armv7-m\libg_nano.a(lib_a-nano-vfprintf_i.o)
                0x000040d4                _printf_i
 .text.sprintf  0x00004314       0x48 c:/program files (x86)/cypress/psoc creator/3.3/psoc creator/import/gnu/arm/4.9.3/bin/../lib/gcc/arm-none-eabi/4.9.3/../../../../arm-none-eabi/lib/armv7-m\libg_nano.a(lib_a-sprintf.o)
                0x00004314                siprintf
                0x00004314                sprintf
 .text.strlen   0x0000435c       0x10 c:/program files (x86)/cypress/psoc creator/3.3/psoc creator/import/gnu/arm/4.9.3/bin/../lib/gcc/arm-none-eabi/4.9.3/../../../../arm-none-eabi/lib/armv7-m\libg_nano.a(lib_a-strlen.o)
                0x0000435c                strlen
 .text.match    0x0000436c       0x26 c:/program files (x86)/cypress/psoc creator/3.3/psoc creator/import/gnu/arm/4.9.3/bin/../lib/gcc/arm-none-eabi/4.9.3/../../../../arm-none-eabi/lib/armv7-m\libg_nano.a(lib_a-strtod.o)
 .text.sulp     0x00004392       0x42 c:/program files (x86)/cypress/psoc creator/3.3/psoc creator/import/gnu/arm/4.9.3/bin/../lib/gcc/arm-none-eabi/4.9.3/../../../../arm-none-eabi/lib/armv7-m\libg_nano.a(lib_a-strtod.o)
 *fill*         0x000043d4        0x4 
 .text._strtod_r
                0x000043d8      0xc40 c:/program files (x86)/cypress/psoc creator/3.3/psoc creator/import/gnu/arm/4.9.3/bin/../lib/gcc/arm-none-eabi/4.9.3/../../../../arm-none-eabi/lib/armv7-m\libg_nano.a(lib_a-strtod.o)
                0x000043d8                _strtod_r
 .text.strtod   0x00005018       0x14 c:/program files (x86)/cypress/psoc creator/3.3/psoc creator/import/gnu/arm/4.9.3/bin/../lib/gcc/arm-none-eabi/4.9.3/../../../../arm-none-eabi/lib/armv7-m\libg_nano.a(lib_a-strtod.o)
                0x00005018                strtod
 .text.__utoa   0x0000502c       0x78 c:/program files (x86)/cypress/psoc creator/3.3/psoc creator/import/gnu/arm/4.9.3/bin/../lib/gcc/arm-none-eabi/4.9.3/../../../../arm-none-eabi/lib/armv7-m\libg_nano.a(lib_a-utoa.o)
                0x0000502c                __utoa
 .text.rshift   0x000050a4       0x6c c:/program files (x86)/cypress/psoc creator/3.3/psoc creator/import/gnu/arm/4.9.3/bin/../lib/gcc/arm-none-eabi/4.9.3/../../../../arm-none-eabi/lib/armv7-m\libg_nano.a(lib_a-gdtoa-gethex.o)
 .text.__hexdig_fun
                0x00005110       0x2a c:/program files (x86)/cypress/psoc creator/3.3/psoc creator/import/gnu/arm/4.9.3/bin/../lib/gcc/arm-none-eabi/4.9.3/../../../../arm-none-eabi/lib/armv7-m\libg_nano.a(lib_a-gdtoa-gethex.o)
                0x00005110                __hexdig_fun
 .text.__gethex
                0x0000513a      0x44a c:/program files (x86)/cypress/psoc creator/3.3/psoc creator/import/gnu/arm/4.9.3/bin/../lib/gcc/arm-none-eabi/4.9.3/../../../../arm-none-eabi/lib/armv7-m\libg_nano.a(lib_a-gdtoa-gethex.o)
                0x0000513a                __gethex
 .text.L_shift  0x00005584       0x24 c:/program files (x86)/cypress/psoc creator/3.3/psoc creator/import/gnu/arm/4.9.3/bin/../lib/gcc/arm-none-eabi/4.9.3/../../../../arm-none-eabi/lib/armv7-m\libg_nano.a(lib_a-gdtoa-hexnan.o)
 .text.__hexnan
                0x000055a8      0x114 c:/program files (x86)/cypress/psoc creator/3.3/psoc creator/import/gnu/arm/4.9.3/bin/../lib/gcc/arm-none-eabi/4.9.3/../../../../arm-none-eabi/lib/armv7-m\libg_nano.a(lib_a-gdtoa-hexnan.o)
                0x000055a8                __hexnan
 .text._localeconv_r
                0x000056bc        0x8 c:/program files (x86)/cypress/psoc creator/3.3/psoc creator/import/gnu/arm/4.9.3/bin/../lib/gcc/arm-none-eabi/4.9.3/../../../../arm-none-eabi/lib/armv7-m\libg_nano.a(lib_a-locale.o)
                0x000056bc                _localeconv_r
 .text.memchr   0x000056c4       0x1c c:/program files (x86)/cypress/psoc creator/3.3/psoc creator/import/gnu/arm/4.9.3/bin/../lib/gcc/arm-none-eabi/4.9.3/../../../../arm-none-eabi/lib/armv7-m\libg_nano.a(lib_a-memchr.o)
                0x000056c4                memchr
 .text.memmove  0x000056e0       0x36 c:/program files (x86)/cypress/psoc creator/3.3/psoc creator/import/gnu/arm/4.9.3/bin/../lib/gcc/arm-none-eabi/4.9.3/../../../../arm-none-eabi/lib/armv7-m\libg_nano.a(lib_a-memmove.o)
                0x000056e0                memmove
 .text._Balloc  0x00005716       0x6a c:/program files (x86)/cypress/psoc creator/3.3/psoc creator/import/gnu/arm/4.9.3/bin/../lib/gcc/arm-none-eabi/4.9.3/../../../../arm-none-eabi/lib/armv7-m\libg_nano.a(lib_a-mprec.o)
                0x00005716                _Balloc
 .text._Bfree   0x00005780       0x2e c:/program files (x86)/cypress/psoc creator/3.3/psoc creator/import/gnu/arm/4.9.3/bin/../lib/gcc/arm-none-eabi/4.9.3/../../../../arm-none-eabi/lib/armv7-m\libg_nano.a(lib_a-mprec.o)
                0x00005780                _Bfree
 .text.__multadd
                0x000057ae       0x7c c:/program files (x86)/cypress/psoc creator/3.3/psoc creator/import/gnu/arm/4.9.3/bin/../lib/gcc/arm-none-eabi/4.9.3/../../../../arm-none-eabi/lib/armv7-m\libg_nano.a(lib_a-mprec.o)
                0x000057ae                __multadd
 .text.__s2b    0x0000582a       0x80 c:/program files (x86)/cypress/psoc creator/3.3/psoc creator/import/gnu/arm/4.9.3/bin/../lib/gcc/arm-none-eabi/4.9.3/../../../../arm-none-eabi/lib/armv7-m\libg_nano.a(lib_a-mprec.o)
                0x0000582a                __s2b
 .text.__hi0bits
                0x000058aa       0x40 c:/program files (x86)/cypress/psoc creator/3.3/psoc creator/import/gnu/arm/4.9.3/bin/../lib/gcc/arm-none-eabi/4.9.3/../../../../arm-none-eabi/lib/armv7-m\libg_nano.a(lib_a-mprec.o)
                0x000058aa                __hi0bits
 .text.__lo0bits
                0x000058ea       0x5a c:/program files (x86)/cypress/psoc creator/3.3/psoc creator/import/gnu/arm/4.9.3/bin/../lib/gcc/arm-none-eabi/4.9.3/../../../../arm-none-eabi/lib/armv7-m\libg_nano.a(lib_a-mprec.o)
                0x000058ea                __lo0bits
 .text.__i2b    0x00005944       0x12 c:/program files (x86)/cypress/psoc creator/3.3/psoc creator/import/gnu/arm/4.9.3/bin/../lib/gcc/arm-none-eabi/4.9.3/../../../../arm-none-eabi/lib/armv7-m\libg_nano.a(lib_a-mprec.o)
                0x00005944                __i2b
 .text.__multiply
                0x00005956      0x120 c:/program files (x86)/cypress/psoc creator/3.3/psoc creator/import/gnu/arm/4.9.3/bin/../lib/gcc/arm-none-eabi/4.9.3/../../../../arm-none-eabi/lib/armv7-m\libg_nano.a(lib_a-mprec.o)
                0x00005956                __multiply
 *fill*         0x00005a76        0x2 
 .text.__pow5mult
                0x00005a78       0x9c c:/program files (x86)/cypress/psoc creator/3.3/psoc creator/import/gnu/arm/4.9.3/bin/../lib/gcc/arm-none-eabi/4.9.3/../../../../arm-none-eabi/lib/armv7-m\libg_nano.a(lib_a-mprec.o)
                0x00005a78                __pow5mult
 .text.__lshift
                0x00005b14       0xa6 c:/program files (x86)/cypress/psoc creator/3.3/psoc creator/import/gnu/arm/4.9.3/bin/../lib/gcc/arm-none-eabi/4.9.3/../../../../arm-none-eabi/lib/armv7-m\libg_nano.a(lib_a-mprec.o)
                0x00005b14                __lshift
 .text.__mcmp   0x00005bba       0x38 c:/program files (x86)/cypress/psoc creator/3.3/psoc creator/import/gnu/arm/4.9.3/bin/../lib/gcc/arm-none-eabi/4.9.3/../../../../arm-none-eabi/lib/armv7-m\libg_nano.a(lib_a-mprec.o)
                0x00005bba                __mcmp
 .text.__mdiff  0x00005bf2       0xbe c:/program files (x86)/cypress/psoc creator/3.3/psoc creator/import/gnu/arm/4.9.3/bin/../lib/gcc/arm-none-eabi/4.9.3/../../../../arm-none-eabi/lib/armv7-m\libg_nano.a(lib_a-mprec.o)
                0x00005bf2                __mdiff
 .text.__ulp    0x00005cb0       0x48 c:/program files (x86)/cypress/psoc creator/3.3/psoc creator/import/gnu/arm/4.9.3/bin/../lib/gcc/arm-none-eabi/4.9.3/../../../../arm-none-eabi/lib/armv7-m\libg_nano.a(lib_a-mprec.o)
                0x00005cb0                __ulp
 .text.__b2d    0x00005cf8       0x9e c:/program files (x86)/cypress/psoc creator/3.3/psoc creator/import/gnu/arm/4.9.3/bin/../lib/gcc/arm-none-eabi/4.9.3/../../../../arm-none-eabi/lib/armv7-m\libg_nano.a(lib_a-mprec.o)
                0x00005cf8                __b2d
 .text.__d2b    0x00005d96       0xa4 c:/program files (x86)/cypress/psoc creator/3.3/psoc creator/import/gnu/arm/4.9.3/bin/../lib/gcc/arm-none-eabi/4.9.3/../../../../arm-none-eabi/lib/armv7-m\libg_nano.a(lib_a-mprec.o)
                0x00005d96                __d2b
 .text.__ratio  0x00005e3a       0x50 c:/program files (x86)/cypress/psoc creator/3.3/psoc creator/import/gnu/arm/4.9.3/bin/../lib/gcc/arm-none-eabi/4.9.3/../../../../arm-none-eabi/lib/armv7-m\libg_nano.a(lib_a-mprec.o)
                0x00005e3a                __ratio
 .text.__copybits
                0x00005e8a       0x34 c:/program files (x86)/cypress/psoc creator/3.3/psoc creator/import/gnu/arm/4.9.3/bin/../lib/gcc/arm-none-eabi/4.9.3/../../../../arm-none-eabi/lib/armv7-m\libg_nano.a(lib_a-mprec.o)
                0x00005e8a                __copybits
 .text.__any_on
                0x00005ebe       0x44 c:/program files (x86)/cypress/psoc creator/3.3/psoc creator/import/gnu/arm/4.9.3/bin/../lib/gcc/arm-none-eabi/4.9.3/../../../../arm-none-eabi/lib/armv7-m\libg_nano.a(lib_a-mprec.o)
                0x00005ebe                __any_on
 .text._calloc_r
                0x00005f02       0x1c c:/program files (x86)/cypress/psoc creator/3.3/psoc creator/import/gnu/arm/4.9.3/bin/../lib/gcc/arm-none-eabi/4.9.3/../../../../arm-none-eabi/lib/armv7-m\libg_nano.a(lib_a-nano-callocr.o)
                0x00005f02                _calloc_r
 *fill*         0x00005f1e        0x2 
 .text._free_r  0x00005f20       0x88 c:/program files (x86)/cypress/psoc creator/3.3/psoc creator/import/gnu/arm/4.9.3/bin/../lib/gcc/arm-none-eabi/4.9.3/../../../../arm-none-eabi/lib/armv7-m\libg_nano.a(lib_a-nano-freer.o)
                0x00005f20                _free_r
 .text._malloc_r
                0x00005fa8       0xac c:/program files (x86)/cypress/psoc creator/3.3/psoc creator/import/gnu/arm/4.9.3/bin/../lib/gcc/arm-none-eabi/4.9.3/../../../../arm-none-eabi/lib/armv7-m\libg_nano.a(lib_a-nano-mallocr.o)
                0x00005fa8                _malloc_r
 .text._realloc_r
                0x00006054       0x4c c:/program files (x86)/cypress/psoc creator/3.3/psoc creator/import/gnu/arm/4.9.3/bin/../lib/gcc/arm-none-eabi/4.9.3/../../../../arm-none-eabi/lib/armv7-m\libg_nano.a(lib_a-nano-reallocr.o)
                0x00006054                _realloc_r
 .text.__ssputs_r
                0x000060a0       0xb2 c:/program files (x86)/cypress/psoc creator/3.3/psoc creator/import/gnu/arm/4.9.3/bin/../lib/gcc/arm-none-eabi/4.9.3/../../../../arm-none-eabi/lib/armv7-m\libg_nano.a(lib_a-nano-svfprintf.o)
                0x000060a0                __ssputs_r
 *fill*         0x00006152        0x2 
 .text._svfprintf_r
                0x00006154      0x1e4 c:/program files (x86)/cypress/psoc creator/3.3/psoc creator/import/gnu/arm/4.9.3/bin/../lib/gcc/arm-none-eabi/4.9.3/../../../../arm-none-eabi/lib/armv7-m\libg_nano.a(lib_a-nano-svfprintf.o)
                0x00006154                _svfiprintf_r
                0x00006154                _svfprintf_r
 .text._sbrk_r  0x00006338       0x20 c:/program files (x86)/cypress/psoc creator/3.3/psoc creator/import/gnu/arm/4.9.3/bin/../lib/gcc/arm-none-eabi/4.9.3/../../../../arm-none-eabi/lib/armv7-m\libg_nano.a(lib_a-sbrkr.o)
                0x00006338                _sbrk_r
 .text.strncmp  0x00006358       0x32 c:/program files (x86)/cypress/psoc creator/3.3/psoc creator/import/gnu/arm/4.9.3/bin/../lib/gcc/arm-none-eabi/4.9.3/../../../../arm-none-eabi/lib/armv7-m\libg_nano.a(lib_a-strncmp.o)
                0x00006358                strncmp
 *fill*         0x0000638a        0x2 
 .text.malloc   0x0000638c       0x10 c:/program files (x86)/cypress/psoc creator/3.3/psoc creator/import/gnu/arm/4.9.3/bin/../lib/gcc/arm-none-eabi/4.9.3/../../../../arm-none-eabi/lib/armv7-m\libg_nano.a(lib_a-malloc.o)
                0x0000638c                malloc
 .text._malloc_usable_size_r
                0x0000639c       0x14 c:/program files (x86)/cypress/psoc creator/3.3/psoc creator/import/gnu/arm/4.9.3/bin/../lib/gcc/arm-none-eabi/4.9.3/../../../../arm-none-eabi/lib/armv7-m\libg_nano.a(lib_a-nano-msizer.o)
                0x0000639c                _malloc_usable_size_r
 .text          0x000063b0       0x40 c:/program files (x86)/cypress/psoc creator/3.3/psoc creator/import/gnu/arm/4.9.3/bin/../lib/gcc/arm-none-eabi/4.9.3/armv7-m\libgcc.a(_arm_fixunsdfsi.o)
                0x000063b0                __aeabi_d2uiz
                0x000063b0                __fixunsdfsi
 *(.plt)
 *(.gnu.warning)
 *(.glue_7t)
 .glue_7t       0x00000000        0x0 linker stubs
 *(.glue_7)
 .glue_7        0x00000000        0x0 linker stubs
 *(.vfp11_veneer)
 .vfp11_veneer  0x00000000        0x0 linker stubs
 *(.bootloader)
 *(.ARM.extab* .gnu.linkonce.armextab.*)
 *(.gcc_except_table)

.v4_bx          0x000063f0        0x0
 .v4_bx         0x00000000        0x0 linker stubs

.iplt           0x000063f0        0x0
 .iplt          0x00000000        0x0 c:/program files (x86)/cypress/psoc creator/3.3/psoc creator/import/gnu/arm/4.9.3/bin/../lib/gcc/arm-none-eabi/4.9.3/armv7-m/crtbegin.o

.eh_frame_hdr
 *(.eh_frame_hdr)

.eh_frame       0x000063f0        0x4
 *(.eh_frame)
 .eh_frame      0x000063f0        0x0 c:/program files (x86)/cypress/psoc creator/3.3/psoc creator/import/gnu/arm/4.9.3/bin/../lib/gcc/arm-none-eabi/4.9.3/armv7-m/crtbegin.o
 .eh_frame      0x000063f0        0x0 c:/program files (x86)/cypress/psoc creator/3.3/psoc creator/import/gnu/arm/4.9.3/bin/../lib/gcc/arm-none-eabi/4.9.3/../../../../arm-none-eabi/lib/armv7-m\libg_nano.a(lib_a-strcmp.o)
                                 0x28 (size before relaxing)
 .eh_frame      0x000063f0        0x4 c:/program files (x86)/cypress/psoc creator/3.3/psoc creator/import/gnu/arm/4.9.3/bin/../lib/gcc/arm-none-eabi/4.9.3/armv7-m/crtend.o
                0x000063f4                PROVIDE (__exidx_start, .)

.ARM.exidx
 *(.ARM.exidx* .gnu.linkonce.armexidx.*)
                0x000063f4                __exidx_end = .

.rodata         0x000063f8      0x838
 *(.rodata .rodata.* .gnu.linkonce.r.*)
 .rodata.str1.4
                0x000063f8      0x3f0 .\CortexM3\ARM_GCC_493\Debug\serialtest.o
                                0x3f4 (size before relaxing)
 .rodata        0x000067e8       0x2c .\CortexM3\ARM_GCC_493\Debug\Test-Hw.a(cyfitter_cfg.o)
 .rodata.str1.4
                0x00006814       0x11 .\CortexM3\ARM_GCC_493\Debug\Test-Hw.a(USBUART_std.o)
                                 0x14 (size before relaxing)
 *fill*         0x00006825        0x3 
 .rodata        0x00006828      0x160 .\CortexM3\ARM_GCC_493\Debug\Test-Hw.a(USBUART_descr.o)
                0x00006828                USBUART_TABLE
                0x00006830                USBUART_DEVICE0_TABLE
                0x00006848                USBUART_DEVICE0_CONFIGURATION0_TABLE
                0x00006870                USBUART_DEVICE0_CONFIGURATION0_INTERFACE_CLASS
                0x00006874                USBUART_DEVICE0_CONFIGURATION0_EP_SETTINGS_TABLE
                0x0000688c                USBUART_SN_STRING_DESCRIPTOR
                0x00006890                USBUART_STRING_DESCRIPTORS
                0x00006930                USBUART_DEVICE0_CONFIGURATION0_DESCR
                0x00006974                USBUART_DEVICE0_DESCR
 .rodata.str1.4
                0x00006988        0x4 c:/program files (x86)/cypress/psoc creator/3.3/psoc creator/import/gnu/arm/4.9.3/bin/../lib/gcc/arm-none-eabi/4.9.3/../../../../arm-none-eabi/lib/armv7-m\libm.a(lib_a-w_pow.o)
 *fill*         0x0000698c        0x4 
 .rodata.dp_h   0x00006990       0x10 c:/program files (x86)/cypress/psoc creator/3.3/psoc creator/import/gnu/arm/4.9.3/bin/../lib/gcc/arm-none-eabi/4.9.3/../../../../arm-none-eabi/lib/armv7-m\libm.a(lib_a-e_pow.o)
 .rodata.dp_l   0x000069a0       0x10 c:/program files (x86)/cypress/psoc creator/3.3/psoc creator/import/gnu/arm/4.9.3/bin/../lib/gcc/arm-none-eabi/4.9.3/../../../../arm-none-eabi/lib/armv7-m\libm.a(lib_a-e_pow.o)
 .rodata.bp     0x000069b0       0x10 c:/program files (x86)/cypress/psoc creator/3.3/psoc creator/import/gnu/arm/4.9.3/bin/../lib/gcc/arm-none-eabi/4.9.3/../../../../arm-none-eabi/lib/armv7-m\libm.a(lib_a-e_pow.o)
 .rodata.str1.4
                0x00000000        0x4 c:/program files (x86)/cypress/psoc creator/3.3/psoc creator/import/gnu/arm/4.9.3/bin/../lib/gcc/arm-none-eabi/4.9.3/../../../../arm-none-eabi/lib/armv7-m\libm.a(lib_a-e_pow.o)
 .rodata.TWO52  0x000069c0       0x10 c:/program files (x86)/cypress/psoc creator/3.3/psoc creator/import/gnu/arm/4.9.3/bin/../lib/gcc/arm-none-eabi/4.9.3/../../../../arm-none-eabi/lib/armv7-m\libm.a(lib_a-s_rint.o)
 .rodata.str1.1
                0x000069d0        0x2 c:/program files (x86)/cypress/psoc creator/3.3/psoc creator/import/gnu/arm/4.9.3/bin/../lib/gcc/arm-none-eabi/4.9.3/../../../../arm-none-eabi/lib/armv7-m\libg_nano.a(lib_a-impure.o)
 .rodata.str1.1
                0x000069d2       0x22 c:/program files (x86)/cypress/psoc creator/3.3/psoc creator/import/gnu/arm/4.9.3/bin/../lib/gcc/arm-none-eabi/4.9.3/../../../../arm-none-eabi/lib/armv7-m\libg_nano.a(lib_a-nano-vfprintf_i.o)
 .rodata.fpinan.5309
                0x000069f4       0x14 c:/program files (x86)/cypress/psoc creator/3.3/psoc creator/import/gnu/arm/4.9.3/bin/../lib/gcc/arm-none-eabi/4.9.3/../../../../arm-none-eabi/lib/armv7-m\libg_nano.a(lib_a-strtod.o)
 .rodata.str1.1
                0x00006a08        0xc c:/program files (x86)/cypress/psoc creator/3.3/psoc creator/import/gnu/arm/4.9.3/bin/../lib/gcc/arm-none-eabi/4.9.3/../../../../arm-none-eabi/lib/armv7-m\libg_nano.a(lib_a-strtod.o)
 *fill*         0x00006a14        0x4 
 .rodata.tinytens
                0x00006a18       0x28 c:/program files (x86)/cypress/psoc creator/3.3/psoc creator/import/gnu/arm/4.9.3/bin/../lib/gcc/arm-none-eabi/4.9.3/../../../../arm-none-eabi/lib/armv7-m\libg_nano.a(lib_a-strtod.o)
 .rodata.fpi.5273
                0x00006a40       0x14 c:/program files (x86)/cypress/psoc creator/3.3/psoc creator/import/gnu/arm/4.9.3/bin/../lib/gcc/arm-none-eabi/4.9.3/../../../../arm-none-eabi/lib/armv7-m\libg_nano.a(lib_a-strtod.o)
 .rodata.str1.1
                0x00006a54       0x25 c:/program files (x86)/cypress/psoc creator/3.3/psoc creator/import/gnu/arm/4.9.3/bin/../lib/gcc/arm-none-eabi/4.9.3/../../../../arm-none-eabi/lib/armv7-m\libg_nano.a(lib_a-utoa.o)
 *fill*         0x00006a79        0x3 
 .rodata.__sf_fake_stdin
                0x00006a7c       0x20 c:/program files (x86)/cypress/psoc creator/3.3/psoc creator/import/gnu/arm/4.9.3/bin/../lib/gcc/arm-none-eabi/4.9.3/../../../../arm-none-eabi/lib/armv7-m\libg_nano.a(lib_a-findfp.o)
                0x00006a7c                __sf_fake_stdin
 .rodata.__sf_fake_stdout
                0x00006a9c       0x20 c:/program files (x86)/cypress/psoc creator/3.3/psoc creator/import/gnu/arm/4.9.3/bin/../lib/gcc/arm-none-eabi/4.9.3/../../../../arm-none-eabi/lib/armv7-m\libg_nano.a(lib_a-findfp.o)
                0x00006a9c                __sf_fake_stdout
 .rodata.__sf_fake_stderr
                0x00006abc       0x20 c:/program files (x86)/cypress/psoc creator/3.3/psoc creator/import/gnu/arm/4.9.3/bin/../lib/gcc/arm-none-eabi/4.9.3/../../../../arm-none-eabi/lib/armv7-m\libg_nano.a(lib_a-findfp.o)
                0x00006abc                __sf_fake_stderr
 .rodata.str1.1
                0x00006adc        0x8 c:/program files (x86)/cypress/psoc creator/3.3/psoc creator/import/gnu/arm/4.9.3/bin/../lib/gcc/arm-none-eabi/4.9.3/../../../../arm-none-eabi/lib/armv7-m\libg_nano.a(lib_a-locale.o)
                                  0xb (size before relaxing)
 *fill*         0x00006ae4        0x4 
 .rodata.__mprec_tens
                0x00006ae8       0xc8 c:/program files (x86)/cypress/psoc creator/3.3/psoc creator/import/gnu/arm/4.9.3/bin/../lib/gcc/arm-none-eabi/4.9.3/../../../../arm-none-eabi/lib/armv7-m\libg_nano.a(lib_a-mprec.o)
                0x00006ae8                __mprec_tens
 .rodata.__mprec_bigtens
                0x00006bb0       0x28 c:/program files (x86)/cypress/psoc creator/3.3/psoc creator/import/gnu/arm/4.9.3/bin/../lib/gcc/arm-none-eabi/4.9.3/../../../../arm-none-eabi/lib/armv7-m\libg_nano.a(lib_a-mprec.o)
                0x00006bb0                __mprec_bigtens
 .rodata.p05.5308
                0x00006bd8        0xc c:/program files (x86)/cypress/psoc creator/3.3/psoc creator/import/gnu/arm/4.9.3/bin/../lib/gcc/arm-none-eabi/4.9.3/../../../../arm-none-eabi/lib/armv7-m\libg_nano.a(lib_a-mprec.o)
 .rodata.str1.1
                0x00006be4       0x11 c:/program files (x86)/cypress/psoc creator/3.3/psoc creator/import/gnu/arm/4.9.3/bin/../lib/gcc/arm-none-eabi/4.9.3/../../../../arm-none-eabi/lib/armv7-m\libg_nano.a(lib_a-nano-svfprintf.o)
                0x00006bf8                . = ALIGN (0x4)
 *fill*         0x00006bf5        0x3 
 *(.init)
 .init          0x00006bf8        0x4 c:/program files (x86)/cypress/psoc creator/3.3/psoc creator/import/gnu/arm/4.9.3/bin/../lib/gcc/arm-none-eabi/4.9.3/armv7-m/crti.o
                0x00006bf8                _init
 .init          0x00006bfc        0x8 c:/program files (x86)/cypress/psoc creator/3.3/psoc creator/import/gnu/arm/4.9.3/bin/../lib/gcc/arm-none-eabi/4.9.3/armv7-m/crtn.o
                0x00006c04                . = ALIGN (0x4)
                0x00006c04                __preinit_array_start = .
 *(.preinit_array)
                0x00006c04                __preinit_array_end = .
                0x00006c04                . = ALIGN (0x4)
                0x00006c04                __init_array_start = .
 *(SORT(.init_array.*))
 *(.init_array)
 .init_array    0x00006c04        0x4 c:/program files (x86)/cypress/psoc creator/3.3/psoc creator/import/gnu/arm/4.9.3/bin/../lib/gcc/arm-none-eabi/4.9.3/armv7-m/crtbegin.o
 .init_array    0x00006c08        0x4 .\CortexM3\ARM_GCC_493\Debug\Cm3Start.o
                0x00006c0c                __init_array_end = .
                0x00006c0c                . = ALIGN (0x4)
 *(.fini)
 .fini          0x00006c0c        0x4 c:/program files (x86)/cypress/psoc creator/3.3/psoc creator/import/gnu/arm/4.9.3/bin/../lib/gcc/arm-none-eabi/4.9.3/armv7-m/crti.o
                0x00006c0c                _fini
 .fini          0x00006c10        0x8 c:/program files (x86)/cypress/psoc creator/3.3/psoc creator/import/gnu/arm/4.9.3/bin/../lib/gcc/arm-none-eabi/4.9.3/armv7-m/crtn.o
                0x00006c18                . = ALIGN (0x4)
                0x00006c18                __fini_array_start = .
 *(.fini_array)
 .fini_array    0x00006c18        0x4 c:/program files (x86)/cypress/psoc creator/3.3/psoc creator/import/gnu/arm/4.9.3/bin/../lib/gcc/arm-none-eabi/4.9.3/armv7-m/crtbegin.o
 *(SORT(.fini_array.*))
                0x00006c1c                __fini_array_end = .
                0x00006c1c                . = ALIGN (0x4)
 *crtbegin.o(.ctors)
 *(EXCLUDE_FILE(*crtend.o) .ctors)
 *(SORT(.ctors.*))
 *crtend.o(.ctors)
                0x00006c1c                . = ALIGN (0x4)
 *crtbegin.o(.dtors)
 *(EXCLUDE_FILE(*crtend.o) .dtors)
 *(SORT(.dtors.*))
 *crtend.o(.dtors)
                0x00006c1c                . = ALIGN (0x4)
                0x00006c1c                __cy_regions = .
                0x00006c1c        0x4 LONG 0x6c30 __cy_region_init_ram
                0x00006c20        0x4 LONG 0x1fff8108 __cy_region_start_data
                0x00006c24        0x4 LONG 0xd8 __cy_region_init_size_ram
                0x00006c28        0x4 LONG 0x108 __cy_region_zero_size_ram
                0x00006c2c                __cy_regions_end = .
                0x00006c30                . = ALIGN (0x8)
 *fill*         0x00006c2c        0x4 
                0x00006c30                _etext = .

.cy_checksum_exclude
                0x00006c30        0x0
 *(.cy_checksum_exclude)

.ramvectors     0x1fff8000      0x100
                0x1fff8000                __cy_region_start_ram = .
 *(.ramvectors)
 .ramvectors    0x1fff8000      0x100 .\CortexM3\ARM_GCC_493\Debug\Cm3Start.o
                0x1fff8000                CyRamVectors

.noinit         0x1fff8100        0x5
 *(.noinit)
 .noinit        0x1fff8100        0x4 .\CortexM3\ARM_GCC_493\Debug\Cm3Start.o
 .noinit        0x1fff8104        0x1 .\CortexM3\ARM_GCC_493\Debug\Test-Hw.a(CyLib.o)
                0x1fff8104                CyResetStatus

.data           0x1fff8108       0xd8 load address 0x00006c30
                0x1fff8108                __cy_region_start_data = .
 *(.jcr)
 .jcr           0x1fff8108        0x0 c:/program files (x86)/cypress/psoc creator/3.3/psoc creator/import/gnu/arm/4.9.3/bin/../lib/gcc/arm-none-eabi/4.9.3/armv7-m/crtbegin.o
 .jcr           0x1fff8108        0x4 c:/program files (x86)/cypress/psoc creator/3.3/psoc creator/import/gnu/arm/4.9.3/bin/../lib/gcc/arm-none-eabi/4.9.3/armv7-m/crtend.o
 *(.got.plt)
 *(.got)
 *(.shdata)
 *(.data .data.* .gnu.linkonce.d.*)
 .data          0x1fff810c        0x4 .\CortexM3\ARM_GCC_493\Debug\Cm3Start.o
 .data          0x1fff8110       0x10 .\CortexM3\ARM_GCC_493\Debug\Test-Hw.a(CyLib.o)
                0x1fff8110                cydelay_32k_ms
                0x1fff8114                cydelay_freq_khz
                0x1fff8118                cydelay_freq_mhz
                0x1fff811c                cydelay_freq_hz
 .data          0x1fff8120       0x1c .\CortexM3\ARM_GCC_493\Debug\Test-Hw.a(USBUART_cdc.o)
                0x1fff8120                USBUART_linesCoding
 .data.__fdlib_version
                0x1fff813c        0x1 c:/program files (x86)/cypress/psoc creator/3.3/psoc creator/import/gnu/arm/4.9.3/bin/../lib/gcc/arm-none-eabi/4.9.3/../../../../arm-none-eabi/lib/armv7-m\libm.a(lib_a-s_lib_ver.o)
                0x1fff813c                __fdlib_version
 *fill*         0x1fff813d        0x3 
 .data.impure_data
                0x1fff8140       0x60 c:/program files (x86)/cypress/psoc creator/3.3/psoc creator/import/gnu/arm/4.9.3/bin/../lib/gcc/arm-none-eabi/4.9.3/../../../../arm-none-eabi/lib/armv7-m\libg_nano.a(lib_a-impure.o)
 .data._impure_ptr
                0x1fff81a0        0x4 c:/program files (x86)/cypress/psoc creator/3.3/psoc creator/import/gnu/arm/4.9.3/bin/../lib/gcc/arm-none-eabi/4.9.3/../../../../arm-none-eabi/lib/armv7-m\libg_nano.a(lib_a-impure.o)
                0x1fff81a0                _impure_ptr
 .data.lconv    0x1fff81a4       0x38 c:/program files (x86)/cypress/psoc creator/3.3/psoc creator/import/gnu/arm/4.9.3/bin/../lib/gcc/arm-none-eabi/4.9.3/../../../../arm-none-eabi/lib/armv7-m\libg_nano.a(lib_a-locale.o)
                0x1fff81e0                . = ALIGN (0x8)
 *fill*         0x1fff81dc        0x4 
 *(.ram)
                0x1fff81e0                _edata = .

.igot.plt       0x1fff81e0        0x0 load address 0x00006d08
 .igot.plt      0x00000000        0x0 c:/program files (x86)/cypress/psoc creator/3.3/psoc creator/import/gnu/arm/4.9.3/bin/../lib/gcc/arm-none-eabi/4.9.3/armv7-m/crtbegin.o

.bss            0x1fff81e0      0x108 load address 0x00006d08
                0x1fff81e0                PROVIDE (__bss_start__, .)
 *(.shbss)
 *(.bss .bss.* .gnu.linkonce.b.*)
 .bss           0x1fff81e0       0x1c c:/program files (x86)/cypress/psoc creator/3.3/psoc creator/import/gnu/arm/4.9.3/bin/../lib/gcc/arm-none-eabi/4.9.3/armv7-m/crtbegin.o
 .bss           0x1fff81fc        0x1 .\CortexM3\ARM_GCC_493\Debug\serialtest.o
 .bss           0x1fff81fd        0x1 .\CortexM3\ARM_GCC_493\Debug\Test-Hw.a(USBUART.o)
                0x1fff81fd                USBUART_initVar
 .bss           0x1fff81fe        0x1 .\CortexM3\ARM_GCC_493\Debug\Test-Hw.a(USBUART_cdc.o)
 *fill*         0x1fff81ff        0x1 
 .bss           0x1fff8200        0x4 .\CortexM3\ARM_GCC_493\Debug\Test-Hw.a(USBUART_std.o)
 .bss.__malloc_sbrk_start
                0x1fff8204        0x4 c:/program files (x86)/cypress/psoc creator/3.3/psoc creator/import/gnu/arm/4.9.3/bin/../lib/gcc/arm-none-eabi/4.9.3/../../../../arm-none-eabi/lib/armv7-m\libg_nano.a(lib_a-nano-mallocr.o)
                0x1fff8204                __malloc_sbrk_start
 .bss.__malloc_free_list
                0x1fff8208        0x4 c:/program files (x86)/cypress/psoc creator/3.3/psoc creator/import/gnu/arm/4.9.3/bin/../lib/gcc/arm-none-eabi/4.9.3/../../../../arm-none-eabi/lib/armv7-m\libg_nano.a(lib_a-nano-mallocr.o)
                0x1fff8208                __malloc_free_list
 *(COMMON)
 COMMON         0x1fff820c       0x18 .\CortexM3\ARM_GCC_493\Debug\Test-Hw.a(USBUART_cdc.o)
                0x1fff820c                USBUART_linesChanged
                0x1fff8210                USBUART_cdcDataInEp
                0x1fff8214                USBUART_cdcCommInInterruptEp
                0x1fff8218                USBUART_cdcDataOutEp
                0x1fff821c                USBUART_serialStateBitmap
                0x1fff8220                USBUART_linesControlBitmap
 COMMON         0x1fff8224       0x9a .\CortexM3\ARM_GCC_493\Debug\Test-Hw.a(USBUART_drv.o)
                0x1fff8224                USBUART_lastPacketSize
                0x1fff8225                USBUART_device
                0x1fff8226                USBUART_transferByteCount
                0x1fff8228                USBUART_transferState
                0x1fff822c                USBUART_interfaceSettingLast
                0x1fff8230                USBUART_currentTD
                0x1fff823c                USBUART_interfaceNumber
                0x1fff8240                USBUART_interfaceClass
                0x1fff8244                USBUART_configurationChanged
                0x1fff8245                USBUART_ep0Mode
                0x1fff8246                USBUART_deviceAddress
                0x1fff8247                USBUART_configuration
                0x1fff8248                USBUART_ep0Count
                0x1fff8249                USBUART_deviceStatus
                0x1fff824c                USBUART_EP
                0x1fff82b8                USBUART_interfaceSetting
                0x1fff82ba                USBUART_ep0Toggle
                0x1fff82bc                USBUART_interfaceStatus
 *fill*         0x1fff82be        0x2 
 COMMON         0x1fff82c0       0x22 .\CortexM3\ARM_GCC_493\Debug\Test-Hw.a(USBUART_descr.o)
                0x1fff82c0                USBUART_idSerialNumberStringDescriptor
 *fill*         0x1fff82e2        0x2 
 COMMON         0x1fff82e4        0x4 c:/program files (x86)/cypress/psoc creator/3.3/psoc creator/import/gnu/arm/4.9.3/bin/../lib/gcc/arm-none-eabi/4.9.3/../../../../arm-none-eabi/lib/armv7-m\libg_nano.a(lib_a-reent.o)
                0x1fff82e4                errno
                0x1fff82e8                . = ALIGN (0x8)
 *(.ram.b)
                0x1fff82e8                _end = .
                0x1fff82e8                __end = .
                0x1fff82e8                PROVIDE (end, .)
                0x1fff82e8                PROVIDE (__bss_end__, .)
                0x00006c30                __cy_region_init_ram = LOADADDR (.data)
                0x000000d8                __cy_region_init_size_ram = (_edata - ADDR (.data))
                0x00000108                __cy_region_zero_size_ram = (_end - _edata)

.heap           0x1fff82e8       0x80 load address 0x00006d08
                0x1fff82e8                . = _end
                0x1fff8368                . = (. + 0x80)
 *fill*         0x1fff82e8       0x80 
                0x1fff8368                __cy_heap_limit = .

.stack          0x20007800      0x800
                0x20007800                __cy_stack_limit = .
                0x20008000                . = (. + 0x800)
 *fill*         0x20007800      0x800 
                0x00000001                ASSERT ((__cy_stack_limit >= __cy_heap_limit), region RAM overflowed with stack)
                0x00000000                cy_checksum_exclude_size = (CY_APPL_LOADABLE == 0x1)?SIZEOF (.cy_checksum_exclude):0x0
                0x00000001                ASSERT ((cy_checksum_exclude_size <= CY_CHECKSUM_EXCLUDE_SIZE), CY_BOOT: Section .cy_checksum_exclude size exceedes specified limit.)

.cyloadermeta
 *(.cyloadermeta)

.cyloadablemeta
 *(.cyloadablemeta)

.cyconfigecc    0x80000000       0xf0
 *(.cyconfigecc)
 .cyconfigecc   0x80000000       0xf0 .\CortexM3\ARM_GCC_493\Debug\cymetadata.o
                0x80000000                cy_meta_configecc

.cycustnvl      0x90000000        0x4
 *(.cycustnvl)
 .cycustnvl     0x90000000        0x4 .\CortexM3\ARM_GCC_493\Debug\cymetadata.o
                0x90000000                cy_meta_custnvl

.cywolatch      0x90100000        0x4
 *(.cywolatch)
 .cywolatch     0x90100000        0x4 .\CortexM3\ARM_GCC_493\Debug\cymetadata.o
                0x90100000                cy_meta_wonvl

.cyeeprom       0x90200000        0x0
 *(.cyeeprom)
                0x00000001                ASSERT ((. <= ((0x90200000 + ee_offset) + ee_size)), .cyeeprom data will not fit in EEPROM)

.cyflashprotect
                0x90400000      0x100
 *(.cyflashprotect)
 .cyflashprotect
                0x90400000      0x100 .\CortexM3\ARM_GCC_493\Debug\cymetadata.o
                0x90400000                cy_meta_flashprotect

.cymeta         0x90500000        0xc
 *(.cymeta)
 .cymeta        0x90500000        0xc .\CortexM3\ARM_GCC_493\Debug\cymetadata.o
                0x90500000                cy_metadata

.rel.dyn        0x00006d08        0x0 load address 0x9050000c
 .rel.iplt      0x00000000        0x0 c:/program files (x86)/cypress/psoc creator/3.3/psoc creator/import/gnu/arm/4.9.3/bin/../lib/gcc/arm-none-eabi/4.9.3/armv7-m/crtbegin.o

.stab           0x00000000       0xcc
 *(.stab)
 .stab          0x00000000       0x24 c:/program files (x86)/cypress/psoc creator/3.3/psoc creator/import/gnu/arm/4.9.3/bin/../lib/gcc/arm-none-eabi/4.9.3/../../../../arm-none-eabi/lib/armv7-m\libnosys.a(close.o)
 .stab          0x00000024       0x18 c:/program files (x86)/cypress/psoc creator/3.3/psoc creator/import/gnu/arm/4.9.3/bin/../lib/gcc/arm-none-eabi/4.9.3/../../../../arm-none-eabi/lib/armv7-m\libnosys.a(fstat.o)
                                 0x24 (size before relaxing)
 .stab          0x0000003c       0x18 c:/program files (x86)/cypress/psoc creator/3.3/psoc creator/import/gnu/arm/4.9.3/bin/../lib/gcc/arm-none-eabi/4.9.3/../../../../arm-none-eabi/lib/armv7-m\libnosys.a(getpid.o)
                                 0x24 (size before relaxing)
 .stab          0x00000054       0x18 c:/program files (x86)/cypress/psoc creator/3.3/psoc creator/import/gnu/arm/4.9.3/bin/../lib/gcc/arm-none-eabi/4.9.3/../../../../arm-none-eabi/lib/armv7-m\libnosys.a(isatty.o)
                                 0x24 (size before relaxing)
 .stab          0x0000006c       0x18 c:/program files (x86)/cypress/psoc creator/3.3/psoc creator/import/gnu/arm/4.9.3/bin/../lib/gcc/arm-none-eabi/4.9.3/../../../../arm-none-eabi/lib/armv7-m\libnosys.a(kill.o)
                                 0x24 (size before relaxing)
 .stab          0x00000084       0x18 c:/program files (x86)/cypress/psoc creator/3.3/psoc creator/import/gnu/arm/4.9.3/bin/../lib/gcc/arm-none-eabi/4.9.3/../../../../arm-none-eabi/lib/armv7-m\libnosys.a(lseek.o)
                                 0x24 (size before relaxing)
 .stab          0x0000009c       0x18 c:/program files (x86)/cypress/psoc creator/3.3/psoc creator/import/gnu/arm/4.9.3/bin/../lib/gcc/arm-none-eabi/4.9.3/../../../../arm-none-eabi/lib/armv7-m\libnosys.a(read.o)
                                 0x24 (size before relaxing)
 .stab          0x000000b4       0x18 c:/program files (x86)/cypress/psoc creator/3.3/psoc creator/import/gnu/arm/4.9.3/bin/../lib/gcc/arm-none-eabi/4.9.3/../../../../arm-none-eabi/lib/armv7-m\libnosys.a(write.o)
                                 0x24 (size before relaxing)

.stabstr        0x00000000      0x1b9
 *(.stabstr)
 .stabstr       0x00000000      0x1b9 c:/program files (x86)/cypress/psoc creator/3.3/psoc creator/import/gnu/arm/4.9.3/bin/../lib/gcc/arm-none-eabi/4.9.3/../../../../arm-none-eabi/lib/armv7-m\libnosys.a(close.o)

.debug
 *(.debug)

.line
 *(.line)

.debug_srcinfo
 *(.debug_srcinfo)

.debug_sfnames
 *(.debug_sfnames)

.debug_aranges  0x00000000      0xbb8
 *(.debug_aranges)
 .debug_aranges
                0x00000000       0x20 .\CortexM3\ARM_GCC_493\Debug\main.o
 .debug_aranges
                0x00000020       0xa0 .\CortexM3\ARM_GCC_493\Debug\utils.o
 .debug_aranges
                0x000000c0       0x40 .\CortexM3\ARM_GCC_493\Debug\nvstore.o
 .debug_aranges
                0x00000100       0x20 .\CortexM3\ARM_GCC_493\Debug\i2ctest.o
 .debug_aranges
                0x00000120       0x20 .\CortexM3\ARM_GCC_493\Debug\eepromtest.o
 .debug_aranges
                0x00000140       0x68 .\CortexM3\ARM_GCC_493\Debug\serialtest.o
 .debug_aranges
                0x000001a8       0x18 .\CortexM3\ARM_GCC_493\Debug\cymetadata.o
 .debug_aranges
                0x000001c0       0x48 .\CortexM3\ARM_GCC_493\Debug\Cm3Start.o
 .debug_aranges
                0x00000208       0x58 .\CortexM3\ARM_GCC_493\Debug\Test-Hw.a(cyfitter_cfg.o)
 .debug_aranges
                0x00000260       0x58 .\CortexM3\ARM_GCC_493\Debug\Test-Hw.a(EZI2C_Slave.o)
 .debug_aranges
                0x000002b8       0x38 .\CortexM3\ARM_GCC_493\Debug\Test-Hw.a(EZI2C_Slave_PM.o)
 .debug_aranges
                0x000002f0       0x20 .\CortexM3\ARM_GCC_493\Debug\Test-Hw.a(EZI2C_Slave_INT.o)
 .debug_aranges
                0x00000310       0x20 .\CortexM3\ARM_GCC_493\Debug\Test-Hw.a(CyBootAsmGnu.o)
 .debug_aranges
                0x00000330      0x298 .\CortexM3\ARM_GCC_493\Debug\Test-Hw.a(CyLib.o)
 .debug_aranges
                0x000005c8       0x98 .\CortexM3\ARM_GCC_493\Debug\Test-Hw.a(cyPm.o)
 .debug_aranges
                0x00000660       0x78 .\CortexM3\ARM_GCC_493\Debug\Test-Hw.a(EEPROM.o)
 .debug_aranges
                0x000006d8       0xc8 .\CortexM3\ARM_GCC_493\Debug\Test-Hw.a(USBUART.o)
 .debug_aranges
                0x000007a0       0xe8 .\CortexM3\ARM_GCC_493\Debug\Test-Hw.a(USBUART_cdc.o)
 .debug_aranges
                0x00000888       0x98 .\CortexM3\ARM_GCC_493\Debug\Test-Hw.a(USBUART_drv.o)
 .debug_aranges
                0x00000920       0x40 .\CortexM3\ARM_GCC_493\Debug\Test-Hw.a(USBUART_episr.o)
 .debug_aranges
                0x00000960       0x40 .\CortexM3\ARM_GCC_493\Debug\Test-Hw.a(USBUART_pm.o)
 .debug_aranges
                0x000009a0       0x80 .\CortexM3\ARM_GCC_493\Debug\Test-Hw.a(USBUART_std.o)
 .debug_aranges
                0x00000a20       0x20 .\CortexM3\ARM_GCC_493\Debug\Test-Hw.a(USBUART_vnd.o)
 .debug_aranges
                0x00000a40       0x48 .\CortexM3\ARM_GCC_493\Debug\Test-Hw.a(USBUART_Dp.o)
 .debug_aranges
                0x00000a88       0x80 .\CortexM3\ARM_GCC_493\Debug\Test-Hw.a(CyFlash.o)
 .debug_aranges
                0x00000b08       0x78 .\CortexM3\ARM_GCC_493\Debug\Test-Hw.a(CySpc.o)
 .debug_aranges
                0x00000b80       0x20 .\CortexM3\ARM_GCC_493\Debug\Test-Hw.a(USBUART_cls.o)
 .debug_aranges
                0x00000ba0       0x18 .\CortexM3\ARM_GCC_493\Debug\Test-Hw.a(USBUART_descr.o)

.debug_pubnames
 *(.debug_pubnames)

.debug_info     0x00000000     0x8bf1
 *(.debug_info .gnu.linkonce.wi.*)
 .debug_info    0x00000000       0xdb .\CortexM3\ARM_GCC_493\Debug\main.o
 .debug_info    0x000000db      0x73a .\CortexM3\ARM_GCC_493\Debug\utils.o
 .debug_info    0x00000815      0x43e .\CortexM3\ARM_GCC_493\Debug\nvstore.o
 .debug_info    0x00000c53      0x221 .\CortexM3\ARM_GCC_493\Debug\i2ctest.o
 .debug_info    0x00000e74      0x2fb .\CortexM3\ARM_GCC_493\Debug\eepromtest.o
 .debug_info    0x0000116f      0x821 .\CortexM3\ARM_GCC_493\Debug\serialtest.o
 .debug_info    0x00001990      0x13a .\CortexM3\ARM_GCC_493\Debug\cymetadata.o
 .debug_info    0x00001aca      0x3a5 .\CortexM3\ARM_GCC_493\Debug\Cm3Start.o
 .debug_info    0x00001e6f      0x4ad .\CortexM3\ARM_GCC_493\Debug\Test-Hw.a(cyfitter_cfg.o)
 .debug_info    0x0000231c      0x3ca .\CortexM3\ARM_GCC_493\Debug\Test-Hw.a(EZI2C_Slave.o)
 .debug_info    0x000026e6      0x1ed .\CortexM3\ARM_GCC_493\Debug\Test-Hw.a(EZI2C_Slave_PM.o)
 .debug_info    0x000028d3      0x141 .\CortexM3\ARM_GCC_493\Debug\Test-Hw.a(EZI2C_Slave_INT.o)
 .debug_info    0x00002a14       0x82 .\CortexM3\ARM_GCC_493\Debug\Test-Hw.a(CyBootAsmGnu.o)
 .debug_info    0x00002a96     0x1371 .\CortexM3\ARM_GCC_493\Debug\Test-Hw.a(CyLib.o)
 .debug_info    0x00003e07      0xa58 .\CortexM3\ARM_GCC_493\Debug\Test-Hw.a(cyPm.o)
 .debug_info    0x0000485f      0x668 .\CortexM3\ARM_GCC_493\Debug\Test-Hw.a(EEPROM.o)
 .debug_info    0x00004ec7      0x9b0 .\CortexM3\ARM_GCC_493\Debug\Test-Hw.a(USBUART.o)
 .debug_info    0x00005877      0xb16 .\CortexM3\ARM_GCC_493\Debug\Test-Hw.a(USBUART_cdc.o)
 .debug_info    0x0000638d      0x649 .\CortexM3\ARM_GCC_493\Debug\Test-Hw.a(USBUART_drv.o)
 .debug_info    0x000069d6      0x244 .\CortexM3\ARM_GCC_493\Debug\Test-Hw.a(USBUART_episr.o)
 .debug_info    0x00006c1a      0x2ef .\CortexM3\ARM_GCC_493\Debug\Test-Hw.a(USBUART_pm.o)
 .debug_info    0x00006f09      0xb35 .\CortexM3\ARM_GCC_493\Debug\Test-Hw.a(USBUART_std.o)
 .debug_info    0x00007a3e       0xe6 .\CortexM3\ARM_GCC_493\Debug\Test-Hw.a(USBUART_vnd.o)
 .debug_info    0x00007b24      0x174 .\CortexM3\ARM_GCC_493\Debug\Test-Hw.a(USBUART_Dp.o)
 .debug_info    0x00007c98      0x60a .\CortexM3\ARM_GCC_493\Debug\Test-Hw.a(CyFlash.o)
 .debug_info    0x000082a2      0x4f0 .\CortexM3\ARM_GCC_493\Debug\Test-Hw.a(CySpc.o)
 .debug_info    0x00008792      0x1d2 .\CortexM3\ARM_GCC_493\Debug\Test-Hw.a(USBUART_cls.o)
 .debug_info    0x00008964      0x28d .\CortexM3\ARM_GCC_493\Debug\Test-Hw.a(USBUART_descr.o)

.debug_abbrev   0x00000000     0x28a2
 *(.debug_abbrev)
 .debug_abbrev  0x00000000       0x88 .\CortexM3\ARM_GCC_493\Debug\main.o
 .debug_abbrev  0x00000088      0x240 .\CortexM3\ARM_GCC_493\Debug\utils.o
 .debug_abbrev  0x000002c8      0x1a3 .\CortexM3\ARM_GCC_493\Debug\nvstore.o
 .debug_abbrev  0x0000046b      0x128 .\CortexM3\ARM_GCC_493\Debug\i2ctest.o
 .debug_abbrev  0x00000593      0x12d .\CortexM3\ARM_GCC_493\Debug\eepromtest.o
 .debug_abbrev  0x000006c0      0x26f .\CortexM3\ARM_GCC_493\Debug\serialtest.o
 .debug_abbrev  0x0000092f       0x5d .\CortexM3\ARM_GCC_493\Debug\cymetadata.o
 .debug_abbrev  0x0000098c      0x20f .\CortexM3\ARM_GCC_493\Debug\Cm3Start.o
 .debug_abbrev  0x00000b9b      0x1eb .\CortexM3\ARM_GCC_493\Debug\Test-Hw.a(cyfitter_cfg.o)
 .debug_abbrev  0x00000d86      0x1d0 .\CortexM3\ARM_GCC_493\Debug\Test-Hw.a(EZI2C_Slave.o)
 .debug_abbrev  0x00000f56      0x12b .\CortexM3\ARM_GCC_493\Debug\Test-Hw.a(EZI2C_Slave_PM.o)
 .debug_abbrev  0x00001081       0x81 .\CortexM3\ARM_GCC_493\Debug\Test-Hw.a(EZI2C_Slave_INT.o)
 .debug_abbrev  0x00001102       0x14 .\CortexM3\ARM_GCC_493\Debug\Test-Hw.a(CyBootAsmGnu.o)
 .debug_abbrev  0x00001116      0x296 .\CortexM3\ARM_GCC_493\Debug\Test-Hw.a(CyLib.o)
 .debug_abbrev  0x000013ac      0x1ed .\CortexM3\ARM_GCC_493\Debug\Test-Hw.a(cyPm.o)
 .debug_abbrev  0x00001599      0x1a3 .\CortexM3\ARM_GCC_493\Debug\Test-Hw.a(EEPROM.o)
 .debug_abbrev  0x0000173c      0x25e .\CortexM3\ARM_GCC_493\Debug\Test-Hw.a(USBUART.o)
 .debug_abbrev  0x0000199a      0x28b .\CortexM3\ARM_GCC_493\Debug\Test-Hw.a(USBUART_cdc.o)
 .debug_abbrev  0x00001c25      0x18b .\CortexM3\ARM_GCC_493\Debug\Test-Hw.a(USBUART_drv.o)
 .debug_abbrev  0x00001db0      0x11b .\CortexM3\ARM_GCC_493\Debug\Test-Hw.a(USBUART_episr.o)
 .debug_abbrev  0x00001ecb      0x146 .\CortexM3\ARM_GCC_493\Debug\Test-Hw.a(USBUART_pm.o)
 .debug_abbrev  0x00002011      0x23d .\CortexM3\ARM_GCC_493\Debug\Test-Hw.a(USBUART_std.o)
 .debug_abbrev  0x0000224e       0x9b .\CortexM3\ARM_GCC_493\Debug\Test-Hw.a(USBUART_vnd.o)
 .debug_abbrev  0x000022e9       0x90 .\CortexM3\ARM_GCC_493\Debug\Test-Hw.a(USBUART_Dp.o)
 .debug_abbrev  0x00002379      0x1d1 .\CortexM3\ARM_GCC_493\Debug\Test-Hw.a(CyFlash.o)
 .debug_abbrev  0x0000254a      0x1c1 .\CortexM3\ARM_GCC_493\Debug\Test-Hw.a(CySpc.o)
 .debug_abbrev  0x0000270b       0xe3 .\CortexM3\ARM_GCC_493\Debug\Test-Hw.a(USBUART_cls.o)
 .debug_abbrev  0x000027ee       0xb4 .\CortexM3\ARM_GCC_493\Debug\Test-Hw.a(USBUART_descr.o)

.debug_line     0x00000000     0x36cc
 *(.debug_line)
 .debug_line    0x00000000      0x16a .\CortexM3\ARM_GCC_493\Debug\main.o
 .debug_line    0x0000016a      0x381 .\CortexM3\ARM_GCC_493\Debug\utils.o
 .debug_line    0x000004eb      0x25c .\CortexM3\ARM_GCC_493\Debug\nvstore.o
 .debug_line    0x00000747      0x195 .\CortexM3\ARM_GCC_493\Debug\i2ctest.o
 .debug_line    0x000008dc      0x1af .\CortexM3\ARM_GCC_493\Debug\eepromtest.o
 .debug_line    0x00000a8b      0x2bf .\CortexM3\ARM_GCC_493\Debug\serialtest.o
 .debug_line    0x00000d4a       0x53 .\CortexM3\ARM_GCC_493\Debug\cymetadata.o
 .debug_line    0x00000d9d      0x249 .\CortexM3\ARM_GCC_493\Debug\Cm3Start.o
 .debug_line    0x00000fe6      0x1d9 .\CortexM3\ARM_GCC_493\Debug\Test-Hw.a(cyfitter_cfg.o)
 .debug_line    0x000011bf      0x141 .\CortexM3\ARM_GCC_493\Debug\Test-Hw.a(EZI2C_Slave.o)
 .debug_line    0x00001300       0xc8 .\CortexM3\ARM_GCC_493\Debug\Test-Hw.a(EZI2C_Slave_PM.o)
 .debug_line    0x000013c8       0xba .\CortexM3\ARM_GCC_493\Debug\Test-Hw.a(EZI2C_Slave_INT.o)
 .debug_line    0x00001482       0x68 .\CortexM3\ARM_GCC_493\Debug\Test-Hw.a(CyBootAsmGnu.o)
 .debug_line    0x000014ea      0x806 .\CortexM3\ARM_GCC_493\Debug\Test-Hw.a(CyLib.o)
 .debug_line    0x00001cf0      0x366 .\CortexM3\ARM_GCC_493\Debug\Test-Hw.a(cyPm.o)
 .debug_line    0x00002056      0x266 .\CortexM3\ARM_GCC_493\Debug\Test-Hw.a(EEPROM.o)
 .debug_line    0x000022bc      0x2ca .\CortexM3\ARM_GCC_493\Debug\Test-Hw.a(USBUART.o)
 .debug_line    0x00002586      0x2f4 .\CortexM3\ARM_GCC_493\Debug\Test-Hw.a(USBUART_cdc.o)
 .debug_line    0x0000287a      0x223 .\CortexM3\ARM_GCC_493\Debug\Test-Hw.a(USBUART_drv.o)
 .debug_line    0x00002a9d       0xe8 .\CortexM3\ARM_GCC_493\Debug\Test-Hw.a(USBUART_episr.o)
 .debug_line    0x00002b85      0x110 .\CortexM3\ARM_GCC_493\Debug\Test-Hw.a(USBUART_pm.o)
 .debug_line    0x00002c95      0x3e4 .\CortexM3\ARM_GCC_493\Debug\Test-Hw.a(USBUART_std.o)
 .debug_line    0x00003079       0x75 .\CortexM3\ARM_GCC_493\Debug\Test-Hw.a(USBUART_vnd.o)
 .debug_line    0x000030ee       0xbd .\CortexM3\ARM_GCC_493\Debug\Test-Hw.a(USBUART_Dp.o)
 .debug_line    0x000031ab      0x1ec .\CortexM3\ARM_GCC_493\Debug\Test-Hw.a(CyFlash.o)
 .debug_line    0x00003397      0x23e .\CortexM3\ARM_GCC_493\Debug\Test-Hw.a(CySpc.o)
 .debug_line    0x000035d5       0x94 .\CortexM3\ARM_GCC_493\Debug\Test-Hw.a(USBUART_cls.o)
 .debug_line    0x00003669       0x63 .\CortexM3\ARM_GCC_493\Debug\Test-Hw.a(USBUART_descr.o)

.debug_frame    0x00000000     0x311c
 *(.debug_frame)
 .debug_frame   0x00000000       0x2c .\CortexM3\ARM_GCC_493\Debug\main.o
 .debug_frame   0x0000002c      0x1ec .\CortexM3\ARM_GCC_493\Debug\utils.o
 .debug_frame   0x00000218       0xac .\CortexM3\ARM_GCC_493\Debug\nvstore.o
 .debug_frame   0x000002c4       0x2c .\CortexM3\ARM_GCC_493\Debug\i2ctest.o
 .debug_frame   0x000002f0       0x30 .\CortexM3\ARM_GCC_493\Debug\eepromtest.o
 .debug_frame   0x00000320      0x134 .\CortexM3\ARM_GCC_493\Debug\serialtest.o
 .debug_frame   0x00000454       0xac .\CortexM3\ARM_GCC_493\Debug\Cm3Start.o
 .debug_frame   0x00000500       0xe4 .\CortexM3\ARM_GCC_493\Debug\Test-Hw.a(cyfitter_cfg.o)
 .debug_frame   0x000005e4       0xe0 .\CortexM3\ARM_GCC_493\Debug\Test-Hw.a(EZI2C_Slave.o)
 .debug_frame   0x000006c4       0x74 .\CortexM3\ARM_GCC_493\Debug\Test-Hw.a(EZI2C_Slave_PM.o)
 .debug_frame   0x00000738       0x20 .\CortexM3\ARM_GCC_493\Debug\Test-Hw.a(EZI2C_Slave_INT.o)
 .debug_frame   0x00000758      0x728 .\CortexM3\ARM_GCC_493\Debug\Test-Hw.a(CyLib.o)
 .debug_frame   0x00000e80      0x1f8 .\CortexM3\ARM_GCC_493\Debug\Test-Hw.a(cyPm.o)
 .debug_frame   0x00001078      0x17c .\CortexM3\ARM_GCC_493\Debug\Test-Hw.a(EEPROM.o)
 .debug_frame   0x000011f4      0x1dc .\CortexM3\ARM_GCC_493\Debug\Test-Hw.a(USBUART.o)
 .debug_frame   0x000013d0      0x278 .\CortexM3\ARM_GCC_493\Debug\Test-Hw.a(USBUART_cdc.o)
 .debug_frame   0x00001648      0x194 .\CortexM3\ARM_GCC_493\Debug\Test-Hw.a(USBUART_drv.o)
 .debug_frame   0x000017dc       0x6c .\CortexM3\ARM_GCC_493\Debug\Test-Hw.a(USBUART_episr.o)
 .debug_frame   0x00001848       0xa0 .\CortexM3\ARM_GCC_493\Debug\Test-Hw.a(USBUART_pm.o)
 .debug_frame   0x000018e8      0x17c .\CortexM3\ARM_GCC_493\Debug\Test-Hw.a(USBUART_std.o)
 .debug_frame   0x00001a64       0x20 .\CortexM3\ARM_GCC_493\Debug\Test-Hw.a(USBUART_vnd.o)
 .debug_frame   0x00001a84       0x70 .\CortexM3\ARM_GCC_493\Debug\Test-Hw.a(USBUART_Dp.o)
 .debug_frame   0x00001af4      0x174 .\CortexM3\ARM_GCC_493\Debug\Test-Hw.a(CyFlash.o)
 .debug_frame   0x00001c68      0x160 .\CortexM3\ARM_GCC_493\Debug\Test-Hw.a(CySpc.o)
 .debug_frame   0x00001dc8       0x2c .\CortexM3\ARM_GCC_493\Debug\Test-Hw.a(USBUART_cls.o)
 .debug_frame   0x00001df4       0x44 c:/program files (x86)/cypress/psoc creator/3.3/psoc creator/import/gnu/arm/4.9.3/bin/../lib/gcc/arm-none-eabi/4.9.3/../../../../arm-none-eabi/lib/armv7-m\libm.a(lib_a-w_pow.o)
 .debug_frame   0x00001e38       0x64 c:/program files (x86)/cypress/psoc creator/3.3/psoc creator/import/gnu/arm/4.9.3/bin/../lib/gcc/arm-none-eabi/4.9.3/../../../../arm-none-eabi/lib/armv7-m\libm.a(lib_a-e_pow.o)
 .debug_frame   0x00001e9c       0x30 c:/program files (x86)/cypress/psoc creator/3.3/psoc creator/import/gnu/arm/4.9.3/bin/../lib/gcc/arm-none-eabi/4.9.3/../../../../arm-none-eabi/lib/armv7-m\libm.a(lib_a-e_sqrt.o)
 .debug_frame   0x00001ecc       0x20 c:/program files (x86)/cypress/psoc creator/3.3/psoc creator/import/gnu/arm/4.9.3/bin/../lib/gcc/arm-none-eabi/4.9.3/../../../../arm-none-eabi/lib/armv7-m\libm.a(lib_a-s_fabs.o)
 .debug_frame   0x00001eec       0x20 c:/program files (x86)/cypress/psoc creator/3.3/psoc creator/import/gnu/arm/4.9.3/bin/../lib/gcc/arm-none-eabi/4.9.3/../../../../arm-none-eabi/lib/armv7-m\libm.a(lib_a-s_finite.o)
 .debug_frame   0x00001f0c       0x34 c:/program files (x86)/cypress/psoc creator/3.3/psoc creator/import/gnu/arm/4.9.3/bin/../lib/gcc/arm-none-eabi/4.9.3/../../../../arm-none-eabi/lib/armv7-m\libm.a(lib_a-s_fpclassify.o)
 .debug_frame   0x00001f40       0x20 c:/program files (x86)/cypress/psoc creator/3.3/psoc creator/import/gnu/arm/4.9.3/bin/../lib/gcc/arm-none-eabi/4.9.3/../../../../arm-none-eabi/lib/armv7-m\libm.a(lib_a-s_matherr.o)
 .debug_frame   0x00001f60       0x20 c:/program files (x86)/cypress/psoc creator/3.3/psoc creator/import/gnu/arm/4.9.3/bin/../lib/gcc/arm-none-eabi/4.9.3/../../../../arm-none-eabi/lib/armv7-m\libm.a(lib_a-s_nan.o)
 .debug_frame   0x00001f80       0x3c c:/program files (x86)/cypress/psoc creator/3.3/psoc creator/import/gnu/arm/4.9.3/bin/../lib/gcc/arm-none-eabi/4.9.3/../../../../arm-none-eabi/lib/armv7-m\libm.a(lib_a-s_rint.o)
 .debug_frame   0x00001fbc       0x30 c:/program files (x86)/cypress/psoc creator/3.3/psoc creator/import/gnu/arm/4.9.3/bin/../lib/gcc/arm-none-eabi/4.9.3/../../../../arm-none-eabi/lib/armv7-m\libm.a(lib_a-s_scalbn.o)
 .debug_frame   0x00001fec       0x20 c:/program files (x86)/cypress/psoc creator/3.3/psoc creator/import/gnu/arm/4.9.3/bin/../lib/gcc/arm-none-eabi/4.9.3/../../../../arm-none-eabi/lib/armv7-m\libm.a(lib_a-s_copysign.o)
 .debug_frame   0x0000200c       0x40 c:/program files (x86)/cypress/psoc creator/3.3/psoc creator/import/gnu/arm/4.9.3/bin/../lib/gcc/arm-none-eabi/4.9.3/../../../../arm-none-eabi/lib/armv7-m\libg_nano.a(lib_a-assert.o)
 .debug_frame   0x0000204c       0x20 c:/program files (x86)/cypress/psoc creator/3.3/psoc creator/import/gnu/arm/4.9.3/bin/../lib/gcc/arm-none-eabi/4.9.3/../../../../arm-none-eabi/lib/armv7-m\libg_nano.a(lib_a-atof.o)
 .debug_frame   0x0000206c       0x20 c:/program files (x86)/cypress/psoc creator/3.3/psoc creator/import/gnu/arm/4.9.3/bin/../lib/gcc/arm-none-eabi/4.9.3/../../../../arm-none-eabi/lib/armv7-m\libg_nano.a(lib_a-errno.o)
 .debug_frame   0x0000208c       0x28 c:/program files (x86)/cypress/psoc creator/3.3/psoc creator/import/gnu/arm/4.9.3/bin/../lib/gcc/arm-none-eabi/4.9.3/../../../../arm-none-eabi/lib/armv7-m\libg_nano.a(lib_a-exit.o)
 .debug_frame   0x000020b4       0x64 c:/program files (x86)/cypress/psoc creator/3.3/psoc creator/import/gnu/arm/4.9.3/bin/../lib/gcc/arm-none-eabi/4.9.3/../../../../arm-none-eabi/lib/armv7-m\libg_nano.a(lib_a-fprintf.o)
 .debug_frame   0x00002118       0x2c c:/program files (x86)/cypress/psoc creator/3.3/psoc creator/import/gnu/arm/4.9.3/bin/../lib/gcc/arm-none-eabi/4.9.3/../../../../arm-none-eabi/lib/armv7-m\libg_nano.a(lib_a-init.o)
 .debug_frame   0x00002144       0x38 c:/program files (x86)/cypress/psoc creator/3.3/psoc creator/import/gnu/arm/4.9.3/bin/../lib/gcc/arm-none-eabi/4.9.3/../../../../arm-none-eabi/lib/armv7-m\libg_nano.a(lib_a-itoa.o)
 .debug_frame   0x0000217c       0x28 c:/program files (x86)/cypress/psoc creator/3.3/psoc creator/import/gnu/arm/4.9.3/bin/../lib/gcc/arm-none-eabi/4.9.3/../../../../arm-none-eabi/lib/armv7-m\libg_nano.a(lib_a-memcpy.o)
 .debug_frame   0x000021a4       0x20 c:/program files (x86)/cypress/psoc creator/3.3/psoc creator/import/gnu/arm/4.9.3/bin/../lib/gcc/arm-none-eabi/4.9.3/../../../../arm-none-eabi/lib/armv7-m\libg_nano.a(lib_a-memset.o)
 .debug_frame   0x000021c4       0xb8 c:/program files (x86)/cypress/psoc creator/3.3/psoc creator/import/gnu/arm/4.9.3/bin/../lib/gcc/arm-none-eabi/4.9.3/../../../../arm-none-eabi/lib/armv7-m\libg_nano.a(lib_a-nano-vfprintf.o)
 .debug_frame   0x0000227c       0x58 c:/program files (x86)/cypress/psoc creator/3.3/psoc creator/import/gnu/arm/4.9.3/bin/../lib/gcc/arm-none-eabi/4.9.3/../../../../arm-none-eabi/lib/armv7-m\libg_nano.a(lib_a-nano-vfprintf_i.o)
 .debug_frame   0x000022d4       0x70 c:/program files (x86)/cypress/psoc creator/3.3/psoc creator/import/gnu/arm/4.9.3/bin/../lib/gcc/arm-none-eabi/4.9.3/../../../../arm-none-eabi/lib/armv7-m\libg_nano.a(lib_a-sprintf.o)
 .debug_frame   0x00002344       0x20 c:/program files (x86)/cypress/psoc creator/3.3/psoc creator/import/gnu/arm/4.9.3/bin/../lib/gcc/arm-none-eabi/4.9.3/../../../../arm-none-eabi/lib/armv7-m\libg_nano.a(lib_a-strlen.o)
 .debug_frame   0x00002364       0xb4 c:/program files (x86)/cypress/psoc creator/3.3/psoc creator/import/gnu/arm/4.9.3/bin/../lib/gcc/arm-none-eabi/4.9.3/../../../../arm-none-eabi/lib/armv7-m\libg_nano.a(lib_a-strtod.o)
 .debug_frame   0x00002418       0x44 c:/program files (x86)/cypress/psoc creator/3.3/psoc creator/import/gnu/arm/4.9.3/bin/../lib/gcc/arm-none-eabi/4.9.3/../../../../arm-none-eabi/lib/armv7-m\libg_nano.a(lib_a-utoa.o)
 .debug_frame   0x0000245c       0x3c c:/program files (x86)/cypress/psoc creator/3.3/psoc creator/import/gnu/arm/4.9.3/bin/../lib/gcc/arm-none-eabi/4.9.3/../../../../arm-none-eabi/lib/armv7-m\libg_nano.a(lib_a-wbuf.o)
 .debug_frame   0x00002498       0x2c c:/program files (x86)/cypress/psoc creator/3.3/psoc creator/import/gnu/arm/4.9.3/bin/../lib/gcc/arm-none-eabi/4.9.3/../../../../arm-none-eabi/lib/armv7-m\libg_nano.a(lib_a-wsetup.o)
 .debug_frame   0x000024c4       0x28 c:/program files (x86)/cypress/psoc creator/3.3/psoc creator/import/gnu/arm/4.9.3/bin/../lib/gcc/arm-none-eabi/4.9.3/../../../../arm-none-eabi/lib/armv7-m\libg_nano.a(lib_a-abort.o)
 .debug_frame   0x000024ec       0x68 c:/program files (x86)/cypress/psoc creator/3.3/psoc creator/import/gnu/arm/4.9.3/bin/../lib/gcc/arm-none-eabi/4.9.3/../../../../arm-none-eabi/lib/armv7-m\libg_nano.a(lib_a-fflush.o)
 .debug_frame   0x00002554      0x11c c:/program files (x86)/cypress/psoc creator/3.3/psoc creator/import/gnu/arm/4.9.3/bin/../lib/gcc/arm-none-eabi/4.9.3/../../../../arm-none-eabi/lib/armv7-m\libg_nano.a(lib_a-findfp.o)
 .debug_frame   0x00002670       0x3c c:/program files (x86)/cypress/psoc creator/3.3/psoc creator/import/gnu/arm/4.9.3/bin/../lib/gcc/arm-none-eabi/4.9.3/../../../../arm-none-eabi/lib/armv7-m\libg_nano.a(lib_a-fvwrite.o)
 .debug_frame   0x000026ac       0x54 c:/program files (x86)/cypress/psoc creator/3.3/psoc creator/import/gnu/arm/4.9.3/bin/../lib/gcc/arm-none-eabi/4.9.3/../../../../arm-none-eabi/lib/armv7-m\libg_nano.a(lib_a-fwalk.o)
 .debug_frame   0x00002700       0x70 c:/program files (x86)/cypress/psoc creator/3.3/psoc creator/import/gnu/arm/4.9.3/bin/../lib/gcc/arm-none-eabi/4.9.3/../../../../arm-none-eabi/lib/armv7-m\libg_nano.a(lib_a-gdtoa-gethex.o)
 .debug_frame   0x00002770       0x58 c:/program files (x86)/cypress/psoc creator/3.3/psoc creator/import/gnu/arm/4.9.3/bin/../lib/gcc/arm-none-eabi/4.9.3/../../../../arm-none-eabi/lib/armv7-m\libg_nano.a(lib_a-gdtoa-hexnan.o)
 .debug_frame   0x000027c8       0x98 c:/program files (x86)/cypress/psoc creator/3.3/psoc creator/import/gnu/arm/4.9.3/bin/../lib/gcc/arm-none-eabi/4.9.3/../../../../arm-none-eabi/lib/armv7-m\libg_nano.a(lib_a-locale.o)
 .debug_frame   0x00002860       0x34 c:/program files (x86)/cypress/psoc creator/3.3/psoc creator/import/gnu/arm/4.9.3/bin/../lib/gcc/arm-none-eabi/4.9.3/../../../../arm-none-eabi/lib/armv7-m\libg_nano.a(lib_a-makebuf.o)
 .debug_frame   0x00002894       0x28 c:/program files (x86)/cypress/psoc creator/3.3/psoc creator/import/gnu/arm/4.9.3/bin/../lib/gcc/arm-none-eabi/4.9.3/../../../../arm-none-eabi/lib/armv7-m\libg_nano.a(lib_a-memchr.o)
 .debug_frame   0x000028bc       0x28 c:/program files (x86)/cypress/psoc creator/3.3/psoc creator/import/gnu/arm/4.9.3/bin/../lib/gcc/arm-none-eabi/4.9.3/../../../../arm-none-eabi/lib/armv7-m\libg_nano.a(lib_a-memmove.o)
 .debug_frame   0x000028e4      0x230 c:/program files (x86)/cypress/psoc creator/3.3/psoc creator/import/gnu/arm/4.9.3/bin/../lib/gcc/arm-none-eabi/4.9.3/../../../../arm-none-eabi/lib/armv7-m\libg_nano.a(lib_a-mprec.o)
 .debug_frame   0x00002b14       0x2c c:/program files (x86)/cypress/psoc creator/3.3/psoc creator/import/gnu/arm/4.9.3/bin/../lib/gcc/arm-none-eabi/4.9.3/../../../../arm-none-eabi/lib/armv7-m\libg_nano.a(lib_a-nano-callocr.o)
 .debug_frame   0x00002b40       0x2c c:/program files (x86)/cypress/psoc creator/3.3/psoc creator/import/gnu/arm/4.9.3/bin/../lib/gcc/arm-none-eabi/4.9.3/../../../../arm-none-eabi/lib/armv7-m\libg_nano.a(lib_a-nano-freer.o)
 .debug_frame   0x00002b6c       0x2c c:/program files (x86)/cypress/psoc creator/3.3/psoc creator/import/gnu/arm/4.9.3/bin/../lib/gcc/arm-none-eabi/4.9.3/../../../../arm-none-eabi/lib/armv7-m\libg_nano.a(lib_a-nano-mallocr.o)
 .debug_frame   0x00002b98       0x3c c:/program files (x86)/cypress/psoc creator/3.3/psoc creator/import/gnu/arm/4.9.3/bin/../lib/gcc/arm-none-eabi/4.9.3/../../../../arm-none-eabi/lib/armv7-m\libg_nano.a(lib_a-nano-reallocr.o)
 .debug_frame   0x00002bd4       0x8c c:/program files (x86)/cypress/psoc creator/3.3/psoc creator/import/gnu/arm/4.9.3/bin/../lib/gcc/arm-none-eabi/4.9.3/../../../../arm-none-eabi/lib/armv7-m\libg_nano.a(lib_a-nano-svfprintf.o)
 .debug_frame   0x00002c60       0x2c c:/program files (x86)/cypress/psoc creator/3.3/psoc creator/import/gnu/arm/4.9.3/bin/../lib/gcc/arm-none-eabi/4.9.3/../../../../arm-none-eabi/lib/armv7-m\libg_nano.a(lib_a-sbrkr.o)
 .debug_frame   0x00002c8c       0x20 c:/program files (x86)/cypress/psoc creator/3.3/psoc creator/import/gnu/arm/4.9.3/bin/../lib/gcc/arm-none-eabi/4.9.3/../../../../arm-none-eabi/lib/armv7-m\libg_nano.a(lib_a-sf_nan.o)
 .debug_frame   0x00002cac       0xcc c:/program files (x86)/cypress/psoc creator/3.3/psoc creator/import/gnu/arm/4.9.3/bin/../lib/gcc/arm-none-eabi/4.9.3/../../../../arm-none-eabi/lib/armv7-m\libg_nano.a(lib_a-signal.o)
 .debug_frame   0x00002d78       0x3c c:/program files (x86)/cypress/psoc creator/3.3/psoc creator/import/gnu/arm/4.9.3/bin/../lib/gcc/arm-none-eabi/4.9.3/../../../../arm-none-eabi/lib/armv7-m\libg_nano.a(lib_a-signalr.o)
 .debug_frame   0x00002db4       0x88 c:/program files (x86)/cypress/psoc creator/3.3/psoc creator/import/gnu/arm/4.9.3/bin/../lib/gcc/arm-none-eabi/4.9.3/../../../../arm-none-eabi/lib/armv7-m\libg_nano.a(lib_a-stdio.o)
 .debug_frame   0x00002e3c       0x2c c:/program files (x86)/cypress/psoc creator/3.3/psoc creator/import/gnu/arm/4.9.3/bin/../lib/gcc/arm-none-eabi/4.9.3/../../../../arm-none-eabi/lib/armv7-m\libg_nano.a(lib_a-strncmp.o)
 .debug_frame   0x00002e68       0x2c c:/program files (x86)/cypress/psoc creator/3.3/psoc creator/import/gnu/arm/4.9.3/bin/../lib/gcc/arm-none-eabi/4.9.3/../../../../arm-none-eabi/lib/armv7-m\libg_nano.a(lib_a-writer.o)
 .debug_frame   0x00002e94       0x2c c:/program files (x86)/cypress/psoc creator/3.3/psoc creator/import/gnu/arm/4.9.3/bin/../lib/gcc/arm-none-eabi/4.9.3/../../../../arm-none-eabi/lib/armv7-m\libg_nano.a(lib_a-closer.o)
 .debug_frame   0x00002ec0       0x2c c:/program files (x86)/cypress/psoc creator/3.3/psoc creator/import/gnu/arm/4.9.3/bin/../lib/gcc/arm-none-eabi/4.9.3/../../../../arm-none-eabi/lib/armv7-m\libg_nano.a(lib_a-fstatr.o)
 .debug_frame   0x00002eec       0x2c c:/program files (x86)/cypress/psoc creator/3.3/psoc creator/import/gnu/arm/4.9.3/bin/../lib/gcc/arm-none-eabi/4.9.3/../../../../arm-none-eabi/lib/armv7-m\libg_nano.a(lib_a-isattyr.o)
 .debug_frame   0x00002f18       0x2c c:/program files (x86)/cypress/psoc creator/3.3/psoc creator/import/gnu/arm/4.9.3/bin/../lib/gcc/arm-none-eabi/4.9.3/../../../../arm-none-eabi/lib/armv7-m\libg_nano.a(lib_a-lseekr.o)
 .debug_frame   0x00002f44       0x30 c:/program files (x86)/cypress/psoc creator/3.3/psoc creator/import/gnu/arm/4.9.3/bin/../lib/gcc/arm-none-eabi/4.9.3/../../../../arm-none-eabi/lib/armv7-m\libg_nano.a(lib_a-malloc.o)
 .debug_frame   0x00002f74       0x20 c:/program files (x86)/cypress/psoc creator/3.3/psoc creator/import/gnu/arm/4.9.3/bin/../lib/gcc/arm-none-eabi/4.9.3/../../../../arm-none-eabi/lib/armv7-m\libg_nano.a(lib_a-nano-msizer.o)